-1.92e+02,-9.71e+01,3.10e+01,1.80e+01
-1.95e+02,-8.25e+01,3.10e+01,1.80e+01
-2.02e+02,-9.78e+01,3.20e+01,1.90e+01
-2.53e+02,-1.11e+02,3.20e+01,1.90e+01
-2.09e+02,-1.07e+02,2.80e+01,1.60e+01
-2.07e+02,-1.15e+02,3.00e+01,1.80e+01
-2.15e+02,-1.00e+02,3.20e+01,1.80e+01
-1.91e+02,-8.82e+01,3.20e+01,1.90e+01
-2.93e+02,-9.66e+01,2.70e+01,1.50e+01
-2.07e+02,-1.03e+02,3.00e+01,1.80e+01
-1.94e+02,-1.10e+02,3.10e+01,1.80e+01
-2.12e+02,-8.93e+01,2.90e+01,1.60e+01
-2.22e+02,-1.10e+02,3.10e+01,1.80e+01
-2.08e+02,-1.16e+02,3.20e+01,1.90e+01
-2.16e+02,-1.22e+02,3.20e+01,1.90e+01
-2.20e+02,-1.08e+02,3.40e+01,1.80e+01
-2.16e+02,-8.76e+01,3.30e+01,1.80e+01
-2.48e+02,-1.15e+02,3.10e+01,1.80e+01
-2.10e+02,-1.21e+02,2.70e+01,1.50e+01
-2.15e+02,-1.02e+02,3.10e+01,1.80e+01
-3.34e+02,-1.21e+02,2.70e+01,1.50e+01
-3.10e+02,-1.36e+02,3.30e+01,2.00e+01
-1.95e+02,-9.14e+01,3.10e+01,1.80e+01
-2.87e+02,-1.13e+02,2.70e+01,1.50e+01
-2.51e+02,-1.07e+02,3.20e+01,1.90e+01
-2.35e+02,-9.80e+01,3.20e+01,1.90e+01
-4.42e+02,-1.51e+02,3.20e+01,1.90e+01
-3.32e+02,-1.09e+02,3.20e+01,1.90e+01
-2.61e+02,-1.00e+02,3.20e+01,1.90e+01
-3.24e+02,-1.18e+02,3.00e+01,1.80e+01
-2.48e+02,-8.87e+01,2.90e+01,1.60e+01
-2.36e+02,-1.12e+02,3.00e+01,1.80e+01
-2.46e+02,-1.15e+02,3.20e+01,1.80e+01
-4.67e+02,-3.69e+02,3.10e+01,1.80e+01
-2.53e+02,-1.10e+02,2.80e+01,1.60e+01
-5.00e+02,-5.00e+02,3.10e+01,1.80e+01
-2.09e+02,-1.08e+02,3.20e+01,1.90e+01
-5.00e+02,-5.00e+02,3.20e+01,1.90e+01
-3.55e+02,-9.54e+01,3.20e+01,1.80e+01
-3.04e+02,-9.32e+01,2.90e+01,1.60e+01
-2.06e+02,-1.23e+02,3.20e+01,1.90e+01
-2.62e+02,-1.01e+02,3.20e+01,1.90e+01
-2.05e+02,-9.96e+01,2.90e+01,1.60e+01
-2.08e+02,-1.03e+02,3.40e+01,1.90e+01
-2.56e+02,-8.58e+01,3.20e+01,1.90e+01
-2.43e+02,-9.82e+01,3.30e+01,1.90e+01
-1.94e+02,-9.20e+01,3.10e+01,1.80e+01
-2.08e+02,-1.06e+02,3.10e+01,1.80e+01
-3.82e+02,-1.46e+02,3.20e+01,1.90e+01
-2.15e+02,-1.14e+02,3.10e+01,1.80e+01
-3.05e+02,-1.11e+02,2.90e+01,1.60e+01
-1.89e+02,-9.45e+01,3.20e+01,1.80e+01
-2.05e+02,-7.82e+01,3.20e+01,1.80e+01
-2.04e+02,-1.15e+02,3.20e+01,1.80e+01
-2.47e+02,-1.02e+02,3.20e+01,1.90e+01
-2.66e+02,-1.18e+02,3.20e+01,1.90e+01
-2.37e+02,-7.69e+01,3.20e+01,1.90e+01
-2.11e+02,-9.73e+01,3.30e+01,1.80e+01
-2.19e+02,-1.05e+02,2.80e+01,1.60e+01
-3.78e+02,-1.35e+02,3.20e+01,1.90e+01
-2.09e+02,-1.18e+02,3.20e+01,1.90e+01
-2.05e+02,-1.03e+02,3.10e+01,1.80e+01
-2.27e+02,-9.21e+01,3.20e+01,1.80e+01
-4.61e+02,-2.69e+02,3.20e+01,1.90e+01
-2.56e+02,-1.06e+02,3.20e+01,1.80e+01
-2.79e+02,-1.23e+02,3.20e+01,1.90e+01
-2.11e+02,-1.17e+02,3.10e+01,1.80e+01
-2.57e+02,-1.10e+02,2.90e+01,1.70e+01
-2.20e+02,-9.52e+01,3.10e+01,1.80e+01
-5.00e+02,-5.00e+02,3.10e+01,1.80e+01
-2.61e+02,-9.75e+01,2.80e+01,1.60e+01
-2.17e+02,-1.09e+02,3.20e+01,1.90e+01
-5.00e+02,-5.00e+02,3.20e+01,1.90e+01
-2.14e+02,-1.15e+02,3.20e+01,1.80e+01
-3.16e+02,-1.26e+02,3.20e+01,1.90e+01
-2.05e+02,-9.40e+01,3.20e+01,1.80e+01
-3.14e+02,-9.77e+01,2.80e+01,1.60e+01
-2.20e+02,-1.19e+02,3.20e+01,1.90e+01
-2.22e+02,-1.17e+02,3.00e+01,1.80e+01
-2.20e+02,-1.05e+02,3.30e+01,2.00e+01
-2.45e+02,-1.04e+02,3.30e+01,1.90e+01
-2.02e+02,-1.08e+02,3.20e+01,1.90e+01
-2.28e+02,-1.07e+02,3.20e+01,1.80e+01
-2.12e+02,-1.02e+02,3.00e+01,1.80e+01
-2.79e+02,-9.69e+01,3.20e+01,1.90e+01
-2.08e+02,-1.01e+02,2.80e+01,1.60e+01
-2.26e+02,-1.06e+02,3.20e+01,1.90e+01
-2.06e+02,-1.09e+02,3.20e+01,1.90e+01
-1.94e+02,-1.05e+02,3.10e+01,1.80e+01
-2.20e+02,-1.24e+02,3.30e+01,1.90e+01
-4.14e+02,-2.19e+02,2.80e+01,1.60e+01
-2.27e+02,-1.13e+02,3.20e+01,1.90e+01
-4.12e+02,-1.76e+02,3.20e+01,1.90e+01
-2.03e+02,-1.01e+02,3.20e+01,1.80e+01
-2.26e+02,-1.02e+02,3.10e+01,1.80e+01
-2.07e+02,-1.00e+02,3.10e+01,1.80e+01
