-2.54e+02,-9.48e+01,2.00e+01,1.10e+01
-2.34e+02,-1.12e+02,2.40e+01,1.30e+01
-2.35e+02,-9.48e+01,2.10e+01,1.20e+01
-2.50e+02,-8.97e+01,2.30e+01,1.30e+01
-2.54e+02,-1.21e+02,2.00e+01,1.10e+01
-2.16e+02,-9.20e+01,2.50e+01,1.40e+01
-2.76e+02,-1.12e+02,2.10e+01,1.10e+01
-2.19e+02,-1.07e+02,2.20e+01,1.30e+01
-2.32e+02,-1.42e+02,2.30e+01,1.20e+01
-2.16e+02,-1.22e+02,2.30e+01,1.30e+01
-3.09e+02,-1.07e+02,2.00e+01,1.10e+01
-2.51e+02,-8.93e+01,2.10e+01,1.10e+01
-2.57e+02,-9.79e+01,2.20e+01,1.20e+01
-2.25e+02,-1.17e+02,2.30e+01,1.20e+01
-3.78e+02,-2.29e+02,2.00e+01,1.10e+01
-3.73e+02,-1.55e+02,2.40e+01,1.40e+01
-2.84e+02,-1.22e+02,2.00e+01,1.10e+01
-3.68e+02,-1.89e+02,2.20e+01,1.20e+01
-2.99e+02,-1.62e+02,2.40e+01,1.30e+01
-2.54e+02,-1.13e+02,2.30e+01,1.30e+01
-2.38e+02,-1.02e+02,2.40e+01,1.30e+01
-2.27e+02,-1.25e+02,2.40e+01,1.40e+01
-4.44e+02,-1.84e+02,2.10e+01,1.20e+01
-5.00e+02,-5.00e+02,2.10e+01,1.10e+01
-2.47e+02,-1.31e+02,2.00e+01,1.10e+01
-2.13e+02,-1.19e+02,2.20e+01,1.30e+01
-4.45e+02,-1.72e+02,2.20e+01,1.20e+01
-5.00e+02,-4.99e+02,2.40e+01,1.20e+01
-2.79e+02,-1.09e+02,2.10e+01,1.20e+01
-2.45e+02,-1.16e+02,2.10e+01,1.10e+01
-5.00e+02,-5.00e+02,2.20e+01,1.30e+01
-4.20e+02,-2.82e+02,2.40e+01,1.20e+01
-2.58e+02,-9.20e+01,2.20e+01,1.30e+01
-2.65e+02,-1.04e+02,2.30e+01,1.20e+01
-3.12e+02,-1.28e+02,2.20e+01,1.30e+01
-2.49e+02,-1.27e+02,2.50e+01,1.40e+01
-3.26e+02,-1.73e+02,2.20e+01,1.20e+01
-2.58e+02,-1.23e+02,2.10e+01,1.10e+01
-2.76e+02,-8.22e+01,2.00e+01,1.10e+01
-3.01e+02,-9.45e+01,2.10e+01,1.10e+01
-3.10e+02,-1.25e+02,2.30e+01,1.20e+01
-2.41e+02,-1.02e+02,2.30e+01,1.20e+01
-5.00e+02,-4.99e+02,2.50e+01,1.40e+01
-2.32e+02,-9.51e+01,2.50e+01,1.30e+01
-2.99e+02,-1.20e+02,2.10e+01,1.10e+01
-5.00e+02,-5.00e+02,2.10e+01,1.10e+01
-2.32e+02,-8.40e+01,2.30e+01,1.20e+01
-2.42e+02,-1.07e+02,2.40e+01,1.30e+01
-2.34e+02,-1.02e+02,2.40e+01,1.30e+01
-2.79e+02,-1.24e+02,2.20e+01,1.10e+01
-2.58e+02,-1.41e+02,2.30e+01,1.30e+01
-2.66e+02,-1.09e+02,2.40e+01,1.20e+01
-4.30e+02,-2.36e+02,2.10e+01,1.20e+01
-2.76e+02,-1.47e+02,2.20e+01,1.10e+01
-5.00e+02,-4.99e+02,2.20e+01,1.20e+01
-2.27e+02,-1.00e+02,2.60e+01,1.50e+01
-2.55e+02,-1.02e+02,2.20e+01,1.20e+01
-3.04e+02,-1.43e+02,2.40e+01,1.30e+01
-2.30e+02,-1.05e+02,2.40e+01,1.20e+01
-3.18e+02,-1.56e+02,2.10e+01,1.10e+01
-2.67e+02,-1.69e+02,2.10e+01,1.20e+01
-4.56e+02,-2.35e+02,2.00e+01,1.10e+01
-2.41e+02,-1.09e+02,2.30e+01,1.40e+01
-5.00e+02,-5.00e+02,2.50e+01,1.40e+01
-2.83e+02,-1.01e+02,2.10e+01,1.10e+01
-2.63e+02,-1.13e+02,2.10e+01,1.10e+01
-2.41e+02,-1.23e+02,2.40e+01,1.40e+01
-2.69e+02,-1.19e+02,2.10e+01,1.10e+01
-2.23e+02,-1.04e+02,2.20e+01,1.30e+01
-5.00e+02,-5.00e+02,2.20e+01,1.30e+01
-2.30e+02,-1.46e+02,2.10e+01,1.20e+01
-2.57e+02,-1.17e+02,2.30e+01,1.20e+01
-2.28e+02,-1.17e+02,2.20e+01,1.30e+01
-4.52e+02,-3.15e+02,2.20e+01,1.30e+01
-2.35e+02,-1.12e+02,2.10e+01,1.10e+01
-2.26e+02,-7.87e+01,2.40e+01,1.50e+01
-2.46e+02,-1.06e+02,2.40e+01,1.30e+01
-2.32e+02,-1.11e+02,2.30e+01,1.30e+01
-4.08e+02,-1.29e+02,2.20e+01,1.20e+01
-4.10e+02,-2.46e+02,2.20e+01,1.10e+01
-2.69e+02,-1.36e+02,2.20e+01,1.20e+01
-2.75e+02,-1.40e+02,2.30e+01,1.30e+01
-3.88e+02,-1.77e+02,2.20e+01,1.20e+01
-2.37e+02,-1.25e+02,2.10e+01,1.20e+01
-2.24e+02,-1.28e+02,2.40e+01,1.30e+01
-2.62e+02,-9.95e+01,2.10e+01,1.20e+01
-3.41e+02,-1.27e+02,2.00e+01,1.10e+01
-4.01e+02,-2.56e+02,2.20e+01,1.10e+01
-2.40e+02,-9.55e+01,2.10e+01,1.20e+01
-4.42e+02,-1.53e+02,2.10e+01,1.20e+01
-2.64e+02,-9.61e+01,2.10e+01,1.10e+01
-4.85e+02,-4.70e+02,2.30e+01,1.20e+01
-2.18e+02,-1.07e+02,2.20e+01,1.20e+01
-3.20e+02,-1.78e+02,2.20e+01,1.20e+01
-2.28e+02,-9.75e+01,2.40e+01,1.40e+01
-4.98e+02,-4.88e+02,2.50e+01,1.50e+01
