-2.24e+02,-6.54e+01,2.90e+01,2.00e+01
-2.19e+02,-6.18e+01,2.70e+01,1.90e+01
-2.18e+02,-6.13e+01,2.80e+01,2.00e+01
-2.26e+02,-7.14e+01,3.30e+01,2.10e+01
-2.15e+02,-5.11e+01,2.70e+01,1.90e+01
-2.19e+02,-5.58e+01,2.80e+01,1.90e+01
-2.24e+02,-5.56e+01,2.90e+01,2.00e+01
-2.17e+02,-5.88e+01,3.00e+01,2.00e+01
-2.21e+02,-7.04e+01,3.20e+01,2.10e+01
-2.20e+02,-6.98e+01,2.70e+01,1.90e+01
-2.24e+02,-7.27e+01,2.90e+01,2.00e+01
-2.23e+02,-7.21e+01,2.80e+01,2.00e+01
-2.18e+02,-6.32e+01,2.90e+01,2.00e+01
-2.24e+02,-8.06e+01,2.70e+01,1.90e+01
-2.28e+02,-6.50e+01,2.80e+01,1.90e+01
-2.22e+02,-6.90e+01,3.10e+01,2.00e+01
-2.16e+02,-5.83e+01,2.70e+01,1.90e+01
-2.22e+02,-7.25e+01,2.80e+01,1.90e+01
-2.30e+02,-8.36e+01,2.90e+01,2.00e+01
-2.19e+02,-5.72e+01,3.20e+01,2.00e+01
-2.21e+02,-6.13e+01,2.70e+01,1.90e+01
-2.22e+02,-6.89e+01,2.90e+01,2.00e+01
-2.29e+02,-7.07e+01,2.80e+01,1.90e+01
-2.22e+02,-6.19e+01,3.10e+01,2.10e+01
-2.21e+02,-6.69e+01,2.70e+01,1.90e+01
-2.27e+02,-5.97e+01,2.80e+01,1.90e+01
-4.51e+02,-2.04e+02,3.40e+01,2.10e+01
-2.26e+02,-6.78e+01,3.20e+01,2.10e+01
-2.19e+02,-6.35e+01,3.00e+01,2.00e+01
-5.00e+02,-5.00e+02,2.80e+01,1.90e+01
-2.19e+02,-7.31e+01,3.40e+01,2.10e+01
-2.22e+02,-7.71e+01,2.90e+01,2.00e+01
-2.23e+02,-7.80e+01,3.30e+01,2.10e+01
-2.19e+02,-6.97e+01,3.00e+01,2.00e+01
-2.22e+02,-6.57e+01,2.90e+01,2.00e+01
-2.11e+02,-5.93e+01,2.70e+01,1.90e+01
-2.23e+02,-6.34e+01,2.90e+01,2.00e+01
-2.23e+02,-8.22e+01,3.30e+01,2.10e+01
-2.20e+02,-6.57e+01,2.80e+01,1.90e+01
-2.22e+02,-6.48e+01,2.90e+01,2.00e+01
-2.20e+02,-6.90e+01,2.90e+01,2.00e+01
-2.22e+02,-5.76e+01,3.40e+01,2.20e+01
-2.22e+02,-6.70e+01,3.10e+01,2.10e+01
-2.19e+02,-7.18e+01,2.80e+01,2.00e+01
-2.23e+02,-7.26e+01,3.00e+01,2.00e+01
-2.23e+02,-7.49e+01,2.70e+01,1.90e+01
-2.24e+02,-7.14e+01,2.80e+01,2.00e+01
-2.33e+02,-6.57e+01,3.00e+01,2.00e+01
-5.00e+02,-4.99e+02,2.90e+01,2.00e+01
-2.23e+02,-6.22e+01,3.00e+01,2.00e+01
-5.00e+02,-5.00e+02,2.80e+01,1.90e+01
-2.21e+02,-5.44e+01,2.90e+01,1.90e+01
-2.18e+02,-5.84e+01,2.90e+01,2.00e+01
-2.19e+02,-6.68e+01,2.90e+01,2.00e+01
-2.60e+02,-9.16e+01,2.90e+01,2.00e+01
-2.23e+02,-7.10e+01,2.90e+01,2.00e+01
-5.00e+02,-5.00e+02,2.90e+01,2.00e+01
-2.23e+02,-6.32e+01,2.90e+01,2.00e+01
-2.27e+02,-6.45e+01,3.20e+01,2.10e+01
-2.24e+02,-6.25e+01,2.90e+01,2.00e+01
-2.23e+02,-7.27e+01,3.00e+01,2.00e+01
-5.00e+02,-5.00e+02,2.90e+01,2.00e+01
-3.11e+02,-1.79e+02,2.80e+01,1.90e+01
-3.87e+02,-1.37e+02,2.70e+01,1.90e+01
-5.00e+02,-5.00e+02,2.80e+01,1.90e+01
-2.19e+02,-7.03e+01,2.90e+01,2.00e+01
-2.26e+02,-6.16e+01,3.40e+01,2.10e+01
-2.37e+02,-7.63e+01,2.90e+01,2.00e+01
-2.20e+02,-7.13e+01,2.80e+01,2.00e+01
-2.24e+02,-7.02e+01,2.80e+01,1.90e+01
-2.27e+02,-7.81e+01,3.30e+01,2.20e+01
-2.21e+02,-6.41e+01,2.90e+01,2.10e+01
-4.83e+02,-4.00e+02,2.70e+01,1.90e+01
-4.91e+02,-4.65e+02,2.80e+01,1.90e+01
-2.25e+02,-7.50e+01,3.30e+01,2.20e+01
-3.08e+02,-1.48e+02,3.40e+01,2.10e+01
-2.18e+02,-7.10e+01,2.90e+01,2.00e+01
-2.20e+02,-6.15e+01,3.40e+01,2.10e+01
-2.17e+02,-6.50e+01,2.90e+01,2.10e+01
-5.00e+02,-5.00e+02,3.00e+01,2.00e+01
-2.19e+02,-6.58e+01,3.00e+01,2.00e+01
-2.28e+02,-5.93e+01,2.90e+01,2.00e+01
-2.16e+02,-6.50e+01,3.10e+01,2.00e+01
-2.25e+02,-7.52e+01,2.80e+01,2.00e+01
-2.33e+02,-6.85e+01,2.70e+01,1.90e+01
-2.91e+02,-1.33e+02,2.80e+01,1.90e+01
-2.13e+02,-6.16e+01,2.70e+01,1.90e+01
-2.20e+02,-6.85e+01,2.90e+01,2.00e+01
-5.00e+02,-5.00e+02,2.80e+01,1.90e+01
-2.17e+02,-6.29e+01,2.70e+01,1.90e+01
-2.18e+02,-5.20e+01,3.40e+01,2.10e+01
-2.17e+02,-6.27e+01,3.00e+01,2.00e+01
-4.95e+02,-4.72e+02,2.80e+01,1.90e+01
-2.21e+02,-5.72e+01,2.90e+01,2.00e+01
-2.24e+02,-5.94e+01,2.80e+01,2.00e+01
-5.00e+02,-5.00e+02,2.90e+01,2.00e+01
-2.88e+02,-1.24e+02,2.90e+01,2.10e+01
-2.36e+02,-6.85e+01,3.00e+01,2.00e+01
-2.24e+02,-7.03e+01,2.90e+01,2.00e+01
-4.93e+02,-4.59e+02,2.80e+01,2.00e+01
-2.91e+02,-1.59e+02,2.80e+01,1.90e+01
-2.34e+02,-8.36e+01,2.90e+01,2.00e+01
-2.21e+02,-6.94e+01,2.70e+01,1.90e+01
-2.26e+02,-6.59e+01,3.00e+01,2.10e+01
-5.00e+02,-5.00e+02,3.00e+01,2.00e+01
-4.99e+02,-4.98e+02,2.90e+01,2.00e+01
-2.19e+02,-5.63e+01,2.80e+01,1.90e+01
-4.17e+02,-1.35e+02,2.80e+01,2.00e+01
-2.19e+02,-7.11e+01,3.00e+01,2.00e+01
-4.80e+02,-3.80e+02,2.90e+01,2.00e+01
-2.20e+02,-5.50e+01,3.10e+01,2.10e+01
-2.33e+02,-6.14e+01,2.90e+01,2.00e+01
-4.24e+02,-1.53e+02,2.80e+01,1.90e+01
-2.22e+02,-6.25e+01,2.70e+01,1.90e+01
-2.31e+02,-8.20e+01,2.70e+01,1.90e+01
-5.00e+02,-5.00e+02,3.10e+01,2.00e+01
-2.16e+02,-6.48e+01,3.10e+01,2.10e+01
-4.88e+02,-4.29e+02,2.80e+01,2.00e+01
-4.63e+02,-2.79e+02,3.00e+01,2.00e+01
-2.24e+02,-7.42e+01,2.90e+01,2.00e+01
-2.22e+02,-6.69e+01,3.10e+01,2.00e+01
-2.17e+02,-6.34e+01,2.70e+01,1.90e+01
-2.24e+02,-6.75e+01,2.90e+01,2.00e+01
-2.31e+02,-8.63e+01,2.80e+01,1.90e+01
-4.80e+02,-3.80e+02,2.90e+01,2.10e+01
-5.00e+02,-5.00e+02,2.80e+01,1.90e+01
-2.41e+02,-6.63e+01,2.80e+01,1.90e+01
-2.19e+02,-6.41e+01,3.00e+01,2.00e+01
-2.32e+02,-9.11e+01,3.20e+01,2.00e+01
-2.24e+02,-6.38e+01,3.00e+01,2.10e+01
-2.18e+02,-6.20e+01,3.00e+01,2.00e+01
-2.13e+02,-5.98e+01,3.00e+01,2.00e+01
-2.24e+02,-6.54e+01,3.00e+01,2.00e+01
-2.39e+02,-8.39e+01,2.90e+01,2.00e+01
-2.15e+02,-6.43e+01,2.90e+01,2.10e+01
-2.23e+02,-5.89e+01,2.90e+01,2.00e+01
-4.54e+02,-2.24e+02,3.00e+01,2.00e+01
-5.00e+02,-4.98e+02,3.30e+01,2.10e+01
-5.00e+02,-5.00e+02,3.10e+01,2.00e+01
-2.22e+02,-6.28e+01,3.00e+01,2.00e+01
-2.27e+02,-8.04e+01,2.90e+01,2.10e+01
-2.45e+02,-1.05e+02,3.10e+01,2.00e+01
-2.25e+02,-7.49e+01,2.90e+01,2.00e+01
-4.47e+02,-1.80e+02,2.80e+01,1.90e+01
-2.90e+02,-1.63e+02,2.80e+01,1.90e+01
-2.15e+02,-6.21e+01,2.80e+01,1.90e+01
-2.22e+02,-6.06e+01,2.90e+01,2.00e+01
-2.22e+02,-6.60e+01,2.90e+01,1.90e+01
-4.44e+02,-1.67e+02,3.00e+01,2.00e+01
-2.16e+02,-6.85e+01,2.70e+01,1.90e+01
-2.18e+02,-6.40e+01,3.00e+01,2.00e+01
-2.53e+02,-9.96e+01,3.00e+01,2.00e+01
-2.24e+02,-7.20e+01,3.30e+01,2.10e+01
-2.18e+02,-6.66e+01,3.40e+01,2.10e+01
-4.05e+02,-1.91e+02,2.90e+01,2.00e+01
-4.79e+02,-3.74e+02,3.10e+01,2.00e+01
-2.24e+02,-6.81e+01,3.40e+01,2.10e+01
-5.00e+02,-5.00e+02,3.00e+01,2.00e+01
-4.48e+02,-1.90e+02,2.70e+01,1.90e+01
-2.18e+02,-5.73e+01,2.70e+01,1.90e+01
-2.29e+02,-6.44e+01,2.90e+01,2.00e+01
-2.17e+02,-5.58e+01,2.90e+01,2.00e+01
-2.24e+02,-5.46e+01,3.00e+01,2.00e+01
-3.99e+02,-9.36e+01,2.90e+01,2.00e+01
-2.20e+02,-5.28e+01,2.80e+01,1.90e+01
-2.27e+02,-8.23e+01,3.40e+01,2.10e+01
-2.19e+02,-6.86e+01,2.90e+01,2.00e+01
-2.25e+02,-7.55e+01,2.80e+01,2.00e+01
-2.35e+02,-7.16e+01,2.80e+01,1.90e+01
-2.23e+02,-6.08e+01,2.90e+01,2.00e+01
-2.20e+02,-5.56e+01,2.70e+01,1.90e+01
-2.42e+02,-9.30e+01,2.80e+01,1.90e+01
-2.34e+02,-6.89e+01,2.80e+01,2.00e+01
-5.00e+02,-5.00e+02,3.20e+01,2.00e+01
-2.25e+02,-5.63e+01,2.90e+01,2.00e+01
-2.24e+02,-5.55e+01,3.00e+01,2.00e+01
-2.27e+02,-6.73e+01,2.70e+01,1.90e+01
-5.00e+02,-5.00e+02,3.00e+01,2.00e+01
-2.16e+02,-6.23e+01,3.00e+01,2.00e+01
-4.84e+02,-4.06e+02,3.30e+01,2.20e+01
-2.24e+02,-7.98e+01,3.10e+01,2.10e+01
-2.25e+02,-6.95e+01,3.00e+01,2.00e+01
-2.25e+02,-7.27e+01,2.70e+01,1.90e+01
-2.20e+02,-7.24e+01,2.90e+01,2.00e+01
-5.00e+02,-5.00e+02,3.10e+01,2.00e+01
-2.22e+02,-6.96e+01,2.80e+01,1.90e+01
-2.24e+02,-6.74e+01,2.80e+01,2.00e+01
-5.00e+02,-5.00e+02,3.20e+01,2.10e+01
-2.31e+02,-6.97e+01,3.00e+01,2.00e+01
-2.24e+02,-6.60e+01,2.90e+01,2.00e+01
-2.20e+02,-7.13e+01,2.80e+01,1.90e+01
-2.23e+02,-6.08e+01,2.80e+01,1.90e+01
