-2.18e+02,-6.90e+01,8.80e+01,3.80e+01
-2.26e+02,-5.78e+01,9.20e+01,4.00e+01
-2.19e+02,-5.74e+01,8.90e+01,3.80e+01
-2.14e+02,-5.92e+01,8.80e+01,3.80e+01
-2.20e+02,-6.81e+01,9.00e+01,3.90e+01
-2.31e+02,-6.95e+01,8.90e+01,3.80e+01
-2.24e+02,-6.00e+01,8.80e+01,3.80e+01
-2.25e+02,-8.47e+01,9.00e+01,3.90e+01
-2.20e+02,-6.36e+01,8.90e+01,3.80e+01
-2.16e+02,-6.31e+01,8.80e+01,3.80e+01
-2.23e+02,-7.49e+01,9.20e+01,3.90e+01
-2.19e+02,-6.96e+01,8.90e+01,3.80e+01
-2.18e+02,-5.83e+01,9.00e+01,3.80e+01
-2.21e+02,-7.58e+01,9.10e+01,3.90e+01
-2.16e+02,-6.24e+01,8.80e+01,3.80e+01
-2.22e+02,-6.56e+01,9.20e+01,4.00e+01
-2.28e+02,-6.60e+01,8.90e+01,3.80e+01
-2.17e+02,-5.99e+01,9.10e+01,3.90e+01
-2.16e+02,-6.12e+01,8.80e+01,3.80e+01
-2.11e+02,-4.77e+01,9.10e+01,3.90e+01
-2.14e+02,-5.38e+01,8.90e+01,3.80e+01
-2.13e+02,-5.80e+01,8.80e+01,3.80e+01
-2.18e+02,-5.49e+01,9.10e+01,3.90e+01
-2.20e+02,-5.70e+01,9.00e+01,3.90e+01
-2.18e+02,-7.44e+01,8.90e+01,3.80e+01
-2.19e+02,-7.00e+01,8.80e+01,3.80e+01
-2.17e+02,-6.34e+01,9.30e+01,3.90e+01
-2.25e+02,-7.15e+01,9.00e+01,3.80e+01
-2.25e+02,-6.43e+01,9.20e+01,4.00e+01
-2.23e+02,-6.90e+01,9.00e+01,3.80e+01
-2.21e+02,-6.25e+01,9.00e+01,3.80e+01
-2.14e+02,-5.45e+01,9.00e+01,3.90e+01
-2.22e+02,-7.56e+01,8.90e+01,3.80e+01
-2.18e+02,-5.51e+01,8.80e+01,3.80e+01
-2.25e+02,-6.63e+01,9.00e+01,3.90e+01
-2.53e+02,-9.82e+01,8.90e+01,3.80e+01
-2.39e+02,-6.49e+01,9.00e+01,3.80e+01
-5.00e+02,-5.00e+02,9.00e+01,3.80e+01
-4.24e+02,-1.71e+02,8.90e+01,3.80e+01
-5.00e+02,-4.99e+02,8.90e+01,3.80e+01
-2.18e+02,-5.97e+01,9.00e+01,3.90e+01
-2.21e+02,-7.41e+01,8.90e+01,3.80e+01
-2.54e+02,-1.16e+02,9.30e+01,4.00e+01
-2.17e+02,-5.77e+01,9.40e+01,4.00e+01
-4.82e+02,-3.95e+02,9.10e+01,4.00e+01
-2.16e+02,-6.65e+01,8.80e+01,3.80e+01
-2.20e+02,-6.41e+01,9.30e+01,4.00e+01
-2.17e+02,-6.10e+01,9.20e+01,4.00e+01
-2.40e+02,-1.03e+02,9.30e+01,4.00e+01
-4.39e+02,-1.32e+02,8.90e+01,3.80e+01
-2.18e+02,-6.94e+01,9.00e+01,3.80e+01
-2.21e+02,-6.06e+01,8.80e+01,3.80e+01
-5.00e+02,-5.00e+02,8.90e+01,3.80e+01
-2.40e+02,-9.37e+01,9.10e+01,3.90e+01
-2.19e+02,-5.81e+01,8.80e+01,3.80e+01
-2.23e+02,-5.15e+01,9.00e+01,3.90e+01
-2.18e+02,-7.16e+01,9.00e+01,3.80e+01
-5.00e+02,-5.00e+02,8.90e+01,3.80e+01
-2.19e+02,-7.14e+01,9.10e+01,3.90e+01
-2.21e+02,-5.53e+01,8.80e+01,3.80e+01
-2.24e+02,-5.44e+01,8.90e+01,3.80e+01
-2.26e+02,-6.39e+01,8.90e+01,3.80e+01
-2.17e+02,-5.88e+01,8.80e+01,3.80e+01
-2.18e+02,-6.01e+01,9.30e+01,4.00e+01
-4.80e+02,-3.78e+02,8.90e+01,3.90e+01
-2.17e+02,-5.64e+01,8.80e+01,3.80e+01
-5.00e+02,-5.00e+02,9.00e+01,3.80e+01
-2.19e+02,-6.18e+01,8.80e+01,3.80e+01
-4.06e+02,-1.19e+02,9.30e+01,3.90e+01
-2.27e+02,-5.65e+01,9.20e+01,4.00e+01
-2.21e+02,-6.57e+01,9.10e+01,3.90e+01
-5.00e+02,-5.00e+02,9.00e+01,3.80e+01
-2.19e+02,-6.47e+01,8.90e+01,3.80e+01
-2.19e+02,-6.01e+01,9.20e+01,3.90e+01
-2.20e+02,-7.13e+01,9.10e+01,4.00e+01
-2.20e+02,-6.50e+01,8.90e+01,3.80e+01
-2.20e+02,-7.23e+01,8.80e+01,3.80e+01
-2.19e+02,-5.95e+01,9.40e+01,4.10e+01
-2.29e+02,-5.40e+01,9.00e+01,3.90e+01
-2.19e+02,-6.55e+01,9.00e+01,3.90e+01
-2.17e+02,-6.20e+01,8.90e+01,3.90e+01
-4.39e+02,-1.32e+02,9.00e+01,3.80e+01
-2.21e+02,-5.64e+01,9.30e+01,4.10e+01
-2.12e+02,-5.28e+01,8.90e+01,3.80e+01
-2.20e+02,-6.26e+01,9.10e+01,3.90e+01
-2.24e+02,-7.92e+01,9.00e+01,3.80e+01
-2.30e+02,-6.13e+01,9.10e+01,3.90e+01
-2.13e+02,-6.33e+01,9.20e+01,4.00e+01
-2.20e+02,-7.55e+01,9.00e+01,3.90e+01
-2.23e+02,-6.06e+01,8.80e+01,3.80e+01
-2.24e+02,-7.68e+01,9.30e+01,4.10e+01
-4.33e+02,-1.38e+02,9.00e+01,3.80e+01
-2.18e+02,-7.25e+01,8.90e+01,3.80e+01
-2.17e+02,-5.54e+01,8.80e+01,3.80e+01
-2.28e+02,-6.39e+01,8.90e+01,3.90e+01
-2.21e+02,-6.49e+01,8.90e+01,3.80e+01
-2.43e+02,-9.47e+01,8.90e+01,3.80e+01
-2.19e+02,-6.34e+01,9.40e+01,4.00e+01
-2.18e+02,-6.70e+01,8.90e+01,3.80e+01
-2.23e+02,-5.36e+01,9.30e+01,4.10e+01
-2.14e+02,-5.39e+01,9.00e+01,3.80e+01
-5.00e+02,-5.00e+02,9.00e+01,3.80e+01
-2.20e+02,-6.69e+01,9.20e+01,4.00e+01
-2.15e+02,-6.48e+01,9.00e+01,3.90e+01
-2.15e+02,-6.20e+01,9.10e+01,3.90e+01
-2.14e+02,-6.12e+01,8.90e+01,3.80e+01
-5.00e+02,-5.00e+02,8.80e+01,3.80e+01
-2.42e+02,-9.44e+01,9.00e+01,3.80e+01
-2.18e+02,-5.92e+01,8.80e+01,3.80e+01
-2.19e+02,-5.64e+01,9.20e+01,4.00e+01
-2.12e+02,-5.89e+01,9.40e+01,4.10e+01
-2.15e+02,-6.63e+01,8.90e+01,3.80e+01
-2.29e+02,-7.38e+01,9.40e+01,4.10e+01
-2.19e+02,-6.62e+01,8.90e+01,3.80e+01
-2.26e+02,-6.17e+01,8.90e+01,3.80e+01
-2.16e+02,-6.08e+01,9.40e+01,4.10e+01
-5.00e+02,-5.00e+02,8.90e+01,3.80e+01
-2.18e+02,-6.50e+01,8.80e+01,3.80e+01
-4.37e+02,-1.24e+02,9.00e+01,3.80e+01
-2.16e+02,-5.65e+01,9.00e+01,3.80e+01
-2.57e+02,-1.25e+02,9.20e+01,3.90e+01
-2.27e+02,-6.41e+01,9.00e+01,3.90e+01
-2.25e+02,-6.81e+01,9.00e+01,3.80e+01
-5.00e+02,-5.00e+02,8.90e+01,3.80e+01
-2.16e+02,-5.47e+01,9.30e+01,4.10e+01
-2.17e+02,-5.31e+01,9.20e+01,4.00e+01
-2.09e+02,-5.59e+01,8.90e+01,3.80e+01
-4.17e+02,-1.09e+02,8.90e+01,3.80e+01
-2.18e+02,-6.01e+01,9.00e+01,3.90e+01
-2.20e+02,-6.45e+01,9.10e+01,3.90e+01
-2.41e+02,-7.44e+01,9.20e+01,3.90e+01
-2.25e+02,-5.80e+01,9.10e+01,3.90e+01
-2.12e+02,-4.95e+01,9.00e+01,3.90e+01
-2.14e+02,-5.84e+01,9.20e+01,4.00e+01
-2.31e+02,-5.44e+01,8.80e+01,3.80e+01
-2.27e+02,-7.53e+01,8.90e+01,3.80e+01
-2.19e+02,-6.60e+01,8.90e+01,3.80e+01
-2.23e+02,-6.01e+01,9.10e+01,4.00e+01
-2.23e+02,-7.24e+01,9.00e+01,3.90e+01
-2.17e+02,-6.86e+01,8.90e+01,3.80e+01
-5.00e+02,-5.00e+02,8.90e+01,3.80e+01
-2.25e+02,-6.99e+01,9.10e+01,3.90e+01
-5.00e+02,-5.00e+02,9.10e+01,3.80e+01
-2.18e+02,-6.71e+01,9.00e+01,3.90e+01
-2.19e+02,-6.34e+01,8.90e+01,3.90e+01
-4.38e+02,-1.28e+02,9.00e+01,3.80e+01
-4.39e+02,-1.38e+02,9.10e+01,3.90e+01
-2.25e+02,-6.85e+01,8.90e+01,3.90e+01
-2.17e+02,-6.63e+01,8.90e+01,3.80e+01
-2.16e+02,-5.85e+01,9.30e+01,4.00e+01
-2.27e+02,-8.69e+01,8.80e+01,3.80e+01
-2.20e+02,-6.43e+01,8.80e+01,3.80e+01
-2.19e+02,-6.26e+01,9.10e+01,3.90e+01
-2.19e+02,-6.33e+01,9.00e+01,3.80e+01
-2.21e+02,-5.99e+01,9.20e+01,3.90e+01
-2.23e+02,-6.17e+01,8.90e+01,3.80e+01
-2.17e+02,-5.73e+01,9.00e+01,3.90e+01
-2.19e+02,-6.84e+01,9.20e+01,3.90e+01
-5.00e+02,-5.00e+02,9.00e+01,3.80e+01
-2.61e+02,-1.31e+02,9.30e+01,3.90e+01
-2.29e+02,-8.08e+01,9.00e+01,3.90e+01
-2.16e+02,-5.30e+01,9.10e+01,3.90e+01
-2.23e+02,-6.01e+01,8.90e+01,3.80e+01
-5.00e+02,-5.00e+02,8.90e+01,3.80e+01
-2.21e+02,-6.05e+01,9.20e+01,4.00e+01
-2.26e+02,-8.13e+01,9.00e+01,3.80e+01
-2.13e+02,-5.87e+01,9.40e+01,4.10e+01
-2.25e+02,-6.82e+01,9.00e+01,3.90e+01
-2.26e+02,-8.29e+01,9.00e+01,3.80e+01
-2.20e+02,-6.03e+01,9.20e+01,4.00e+01
-2.17e+02,-6.61e+01,8.90e+01,3.80e+01
-2.22e+02,-5.45e+01,9.10e+01,4.00e+01
-2.22e+02,-5.96e+01,9.30e+01,4.00e+01
-2.26e+02,-6.98e+01,8.80e+01,3.80e+01
-2.22e+02,-6.92e+01,9.00e+01,3.80e+01
-2.66e+02,-8.61e+01,8.90e+01,3.80e+01
-2.15e+02,-6.27e+01,9.10e+01,3.90e+01
-2.19e+02,-6.04e+01,9.30e+01,4.00e+01
-2.51e+02,-9.69e+01,9.30e+01,4.00e+01
-2.27e+02,-7.01e+01,9.00e+01,3.80e+01
-2.16e+02,-6.45e+01,8.90e+01,3.80e+01
-5.00e+02,-5.00e+02,8.90e+01,3.80e+01
-3.97e+02,-1.62e+02,8.90e+01,3.80e+01
-2.23e+02,-6.17e+01,9.00e+01,3.90e+01
-2.17e+02,-5.92e+01,8.90e+01,3.80e+01
-2.21e+02,-6.80e+01,9.00e+01,3.80e+01
-4.39e+02,-1.37e+02,9.00e+01,3.80e+01
-4.41e+02,-1.50e+02,8.90e+01,3.80e+01
-2.19e+02,-6.04e+01,8.80e+01,3.80e+01
-2.28e+02,-7.59e+01,9.10e+01,3.90e+01
-2.22e+02,-6.57e+01,8.90e+01,3.80e+01
-2.16e+02,-6.50e+01,9.20e+01,4.00e+01
