-2.20e+02,-5.60e+01,9.60e+01,4.00e+01
-2.18e+02,-5.76e+01,9.60e+01,4.00e+01
-2.18e+02,-5.93e+01,9.80e+01,4.00e+01
-2.29e+02,-7.57e+01,9.70e+01,4.00e+01
-2.19e+02,-6.27e+01,9.50e+01,3.80e+01
-2.27e+02,-7.37e+01,9.40e+01,3.80e+01
-2.19e+02,-5.98e+01,9.80e+01,4.00e+01
-2.19e+02,-5.70e+01,9.70e+01,4.00e+01
-2.18e+02,-6.19e+01,9.40e+01,3.80e+01
-2.15e+02,-6.25e+01,9.40e+01,3.80e+01
-2.15e+02,-6.69e+01,9.80e+01,4.00e+01
-2.16e+02,-5.61e+01,9.80e+01,4.00e+01
-2.28e+02,-6.94e+01,9.70e+01,4.00e+01
-2.14e+02,-5.68e+01,9.30e+01,3.80e+01
-2.22e+02,-6.48e+01,9.60e+01,3.90e+01
-2.26e+02,-6.88e+01,9.80e+01,4.10e+01
-2.20e+02,-6.50e+01,9.90e+01,4.10e+01
-2.17e+02,-6.19e+01,9.60e+01,3.90e+01
-2.24e+02,-5.99e+01,9.80e+01,4.10e+01
-2.24e+02,-6.91e+01,9.90e+01,4.10e+01
-2.30e+02,-8.04e+01,9.60e+01,3.90e+01
-2.19e+02,-6.32e+01,9.50e+01,4.00e+01
-2.20e+02,-7.72e+01,9.30e+01,4.00e+01
-2.22e+02,-6.11e+01,9.80e+01,4.00e+01
-2.15e+02,-6.32e+01,9.70e+01,4.10e+01
-2.20e+02,-5.95e+01,9.40e+01,3.80e+01
-5.00e+02,-5.00e+02,9.60e+01,3.80e+01
-2.15e+02,-6.01e+01,9.70e+01,4.10e+01
-2.22e+02,-6.52e+01,9.50e+01,3.80e+01
-2.45e+02,-8.84e+01,9.60e+01,3.90e+01
-2.93e+02,-6.71e+01,9.90e+01,4.00e+01
-2.25e+02,-5.89e+01,9.90e+01,4.00e+01
-2.15e+02,-6.24e+01,9.60e+01,4.00e+01
-2.20e+02,-5.95e+01,9.40e+01,3.80e+01
-2.18e+02,-6.18e+01,9.90e+01,4.00e+01
-2.47e+02,-1.01e+02,9.70e+01,3.90e+01
-2.19e+02,-5.47e+01,9.70e+01,4.00e+01
-2.19e+02,-6.16e+01,9.90e+01,4.00e+01
-2.17e+02,-5.87e+01,9.80e+01,4.00e+01
-2.14e+02,-4.70e+01,9.80e+01,4.00e+01
-2.30e+02,-7.26e+01,9.90e+01,4.10e+01
-2.19e+02,-6.15e+01,9.80e+01,4.10e+01
-2.20e+02,-6.63e+01,9.80e+01,4.10e+01
-2.19e+02,-6.49e+01,9.50e+01,3.80e+01
-2.27e+02,-6.44e+01,9.50e+01,3.80e+01
-2.16e+02,-5.74e+01,9.70e+01,4.00e+01
-2.19e+02,-6.66e+01,9.50e+01,3.80e+01
-2.19e+02,-6.99e+01,9.80e+01,4.00e+01
-2.30e+02,-6.11e+01,9.80e+01,4.00e+01
-2.19e+02,-5.70e+01,9.60e+01,3.90e+01
-2.21e+02,-7.50e+01,9.60e+01,4.00e+01
-2.19e+02,-6.56e+01,9.60e+01,3.80e+01
-2.37e+02,-7.30e+01,9.90e+01,4.00e+01
-5.00e+02,-5.00e+02,9.80e+01,4.00e+01
-2.18e+02,-6.70e+01,9.80e+01,4.00e+01
-2.20e+02,-7.11e+01,9.80e+01,4.00e+01
-2.21e+02,-6.53e+01,9.80e+01,4.00e+01
-2.25e+02,-7.68e+01,9.70e+01,4.10e+01
-2.22e+02,-7.07e+01,9.60e+01,4.00e+01
-2.31e+02,-7.78e+01,9.70e+01,4.00e+01
-4.40e+02,-1.42e+02,9.60e+01,3.80e+01
-2.21e+02,-6.33e+01,9.50e+01,3.80e+01
-2.17e+02,-5.50e+01,9.70e+01,4.10e+01
-2.17e+02,-7.06e+01,9.90e+01,4.10e+01
-2.18e+02,-5.76e+01,9.80e+01,4.10e+01
-2.16e+02,-6.52e+01,9.80e+01,4.00e+01
-2.27e+02,-6.46e+01,9.50e+01,3.80e+01
-2.14e+02,-6.23e+01,9.80e+01,4.10e+01
-2.19e+02,-6.76e+01,9.80e+01,4.00e+01
-2.22e+02,-6.82e+01,9.80e+01,4.10e+01
-2.28e+02,-7.23e+01,9.90e+01,4.00e+01
-2.24e+02,-6.82e+01,9.70e+01,4.00e+01
-2.19e+02,-5.87e+01,9.60e+01,3.90e+01
-4.80e+02,-3.82e+02,9.60e+01,4.00e+01
-2.20e+02,-6.83e+01,9.80e+01,4.00e+01
-2.19e+02,-5.87e+01,9.60e+01,3.90e+01
-2.21e+02,-5.70e+01,9.90e+01,4.10e+01
-2.21e+02,-6.71e+01,9.50e+01,3.90e+01
-5.00e+02,-5.00e+02,9.70e+01,4.00e+01
-2.21e+02,-5.54e+01,9.60e+01,4.00e+01
-2.17e+02,-6.76e+01,9.70e+01,4.00e+01
-2.19e+02,-6.31e+01,9.60e+01,4.00e+01
-2.34e+02,-9.14e+01,9.70e+01,4.10e+01
-2.20e+02,-7.36e+01,9.40e+01,3.80e+01
-2.19e+02,-7.14e+01,9.60e+01,3.90e+01
-2.18e+02,-6.02e+01,9.70e+01,4.00e+01
-2.19e+02,-5.50e+01,9.60e+01,4.00e+01
-2.15e+02,-6.22e+01,9.70e+01,4.00e+01
-2.17e+02,-6.58e+01,9.40e+01,3.80e+01
-2.48e+02,-1.11e+02,9.60e+01,3.80e+01
-2.51e+02,-9.74e+01,9.50e+01,3.80e+01
-5.00e+02,-5.00e+02,9.60e+01,4.00e+01
-2.82e+02,-5.57e+01,9.60e+01,4.00e+01
-2.35e+02,-6.57e+01,9.90e+01,4.10e+01
-2.24e+02,-5.56e+01,9.70e+01,4.10e+01
-5.00e+02,-5.00e+02,9.70e+01,4.00e+01
-2.19e+02,-6.43e+01,9.70e+01,4.00e+01
-2.21e+02,-7.72e+01,9.70e+01,4.00e+01
-2.24e+02,-6.27e+01,9.60e+01,3.90e+01
-2.22e+02,-6.78e+01,9.40e+01,3.80e+01
-2.11e+02,-5.93e+01,9.60e+01,4.00e+01
-2.24e+02,-7.63e+01,9.90e+01,4.20e+01
-4.24e+02,-1.34e+02,9.60e+01,3.90e+01
-2.92e+02,-7.08e+01,9.90e+01,4.00e+01
-2.17e+02,-5.93e+01,9.80e+01,4.00e+01
-4.93e+02,-4.60e+02,9.70e+01,4.10e+01
-5.00e+02,-5.00e+02,9.80e+01,4.00e+01
-2.29e+02,-7.06e+01,9.90e+01,4.10e+01
-2.31e+02,-6.13e+01,9.60e+01,3.90e+01
-2.21e+02,-7.15e+01,9.80e+01,4.10e+01
-2.65e+02,-1.16e+02,9.60e+01,4.00e+01
-2.24e+02,-5.79e+01,9.50e+01,3.90e+01
-2.22e+02,-7.47e+01,9.50e+01,3.90e+01
-5.00e+02,-5.00e+02,9.50e+01,3.80e+01
-2.21e+02,-8.01e+01,9.90e+01,4.00e+01
-2.14e+02,-6.21e+01,9.80e+01,4.00e+01
-2.12e+02,-5.30e+01,9.80e+01,4.00e+01
-2.14e+02,-6.28e+01,9.60e+01,3.90e+01
-2.19e+02,-5.88e+01,9.70e+01,4.10e+01
-3.67e+02,-9.00e+01,9.60e+01,4.00e+01
-2.19e+02,-7.43e+01,9.80e+01,4.00e+01
-5.00e+02,-5.00e+02,9.80e+01,4.00e+01
-2.31e+02,-6.45e+01,9.80e+01,4.10e+01
-2.43e+02,-9.97e+01,9.50e+01,3.80e+01
-2.30e+02,-6.22e+01,9.60e+01,3.80e+01
-2.23e+02,-4.87e+01,9.80e+01,4.10e+01
-2.29e+02,-6.82e+01,9.80e+01,4.10e+01
-2.21e+02,-6.61e+01,9.80e+01,4.00e+01
-2.18e+02,-6.55e+01,9.80e+01,4.00e+01
-5.00e+02,-5.00e+02,9.80e+01,4.00e+01
-2.19e+02,-6.57e+01,1.00e+02,4.10e+01
-2.32e+02,-9.54e+01,9.70e+01,3.90e+01
-2.18e+02,-5.75e+01,9.70e+01,4.00e+01
-2.23e+02,-6.35e+01,9.60e+01,4.00e+01
-2.20e+02,-6.23e+01,9.80e+01,4.00e+01
-2.23e+02,-7.00e+01,9.70e+01,4.10e+01
-2.23e+02,-6.06e+01,9.70e+01,4.00e+01
-2.15e+02,-5.85e+01,9.80e+01,4.10e+01
-2.28e+02,-7.58e+01,9.70e+01,4.00e+01
-2.15e+02,-5.77e+01,9.60e+01,3.90e+01
-2.17e+02,-6.24e+01,9.40e+01,3.80e+01
-2.25e+02,-6.37e+01,9.80e+01,4.00e+01
-2.17e+02,-5.78e+01,9.50e+01,3.80e+01
-2.17e+02,-6.11e+01,9.90e+01,4.00e+01
-2.19e+02,-5.96e+01,9.80e+01,4.00e+01
-2.21e+02,-6.67e+01,9.90e+01,4.00e+01
-2.18e+02,-6.82e+01,9.60e+01,3.80e+01
-2.14e+02,-6.02e+01,9.60e+01,3.80e+01
-2.20e+02,-6.19e+01,9.90e+01,4.00e+01
-2.17e+02,-6.42e+01,9.80e+01,4.00e+01
-4.41e+02,-1.48e+02,9.90e+01,4.00e+01
-2.27e+02,-8.02e+01,9.90e+01,4.10e+01
-2.38e+02,-8.02e+01,9.70e+01,4.10e+01
-2.18e+02,-6.20e+01,9.60e+01,3.80e+01
-2.13e+02,-5.93e+01,9.50e+01,3.80e+01
-2.30e+02,-6.97e+01,9.70e+01,4.00e+01
-2.24e+02,-6.17e+01,9.80e+01,4.00e+01
-2.20e+02,-6.10e+01,9.60e+01,3.80e+01
-2.21e+02,-6.84e+01,9.50e+01,3.80e+01
-2.20e+02,-6.83e+01,9.70e+01,4.00e+01
-2.22e+02,-5.49e+01,9.60e+01,4.00e+01
-2.23e+02,-7.77e+01,9.40e+01,3.80e+01
-2.19e+02,-6.43e+01,9.90e+01,4.10e+01
-2.16e+02,-5.93e+01,9.70e+01,4.00e+01
-2.16e+02,-5.91e+01,9.50e+01,3.80e+01
-2.37e+02,-8.11e+01,9.50e+01,3.80e+01
-2.20e+02,-6.75e+01,9.70e+01,4.00e+01
-2.59e+02,-1.18e+02,9.60e+01,4.00e+01
-2.19e+02,-6.25e+01,9.60e+01,3.90e+01
-2.27e+02,-7.53e+01,9.40e+01,3.80e+01
-2.17e+02,-5.92e+01,9.50e+01,3.90e+01
-2.14e+02,-5.19e+01,9.60e+01,3.90e+01
-2.13e+02,-5.13e+01,9.90e+01,4.00e+01
-2.26e+02,-5.75e+01,9.60e+01,3.90e+01
-2.19e+02,-7.02e+01,9.70e+01,4.00e+01
-2.20e+02,-6.28e+01,9.80e+01,4.10e+01
-4.92e+02,-4.51e+02,9.80e+01,4.00e+01
-2.17e+02,-6.70e+01,9.90e+01,4.10e+01
-2.46e+02,-1.15e+02,9.60e+01,3.80e+01
-2.25e+02,-7.79e+01,9.70e+01,4.10e+01
-2.27e+02,-7.76e+01,9.40e+01,4.00e+01
-4.85e+02,-4.10e+02,9.60e+01,3.90e+01
-2.22e+02,-5.61e+01,9.70e+01,4.00e+01
-2.20e+02,-5.94e+01,9.50e+01,3.90e+01
-2.24e+02,-5.77e+01,9.80e+01,4.10e+01
-2.23e+02,-5.57e+01,9.70e+01,4.00e+01
-5.00e+02,-5.00e+02,9.40e+01,3.80e+01
-2.25e+02,-5.52e+01,1.00e+02,4.10e+01
-2.20e+02,-6.66e+01,9.90e+01,4.00e+01
-2.25e+02,-6.13e+01,9.70e+01,4.00e+01
-2.22e+02,-6.98e+01,9.70e+01,3.90e+01
-2.21e+02,-5.72e+01,9.50e+01,3.80e+01
