-2.20e+02,-6.16e+01,1.13e+02,4.30e+01
-2.29e+02,-7.09e+01,1.09e+02,4.10e+01
-2.16e+02,-6.09e+01,1.09e+02,4.10e+01
-2.22e+02,-6.25e+01,1.12e+02,4.30e+01
-2.15e+02,-6.52e+01,1.10e+02,4.10e+01
-2.20e+02,-5.93e+01,1.10e+02,4.10e+01
-2.12e+02,-5.16e+01,1.09e+02,4.20e+01
-2.21e+02,-6.05e+01,1.09e+02,4.10e+01
-2.20e+02,-6.97e+01,1.08e+02,4.10e+01
-2.18e+02,-6.80e+01,1.09e+02,4.10e+01
-2.22e+02,-6.54e+01,1.10e+02,4.20e+01
-2.19e+02,-6.81e+01,1.09e+02,4.10e+01
-2.16e+02,-5.99e+01,1.08e+02,4.10e+01
-2.31e+02,-6.89e+01,1.10e+02,4.20e+01
-2.15e+02,-6.08e+01,1.09e+02,4.10e+01
-2.28e+02,-7.69e+01,1.11e+02,4.30e+01
-2.17e+02,-6.54e+01,1.08e+02,4.10e+01
-2.20e+02,-6.44e+01,1.09e+02,4.10e+01
-2.19e+02,-5.82e+01,1.09e+02,4.10e+01
-2.17e+02,-6.26e+01,1.10e+02,4.10e+01
-2.16e+02,-6.72e+01,1.09e+02,4.10e+01
-2.24e+02,-6.83e+01,1.11e+02,4.10e+01
-2.18e+02,-6.46e+01,1.10e+02,4.20e+01
-2.15e+02,-5.58e+01,1.08e+02,4.10e+01
-2.12e+02,-5.46e+01,1.08e+02,4.10e+01
-2.25e+02,-7.23e+01,1.09e+02,4.10e+01
-2.16e+02,-5.98e+01,1.10e+02,4.20e+01
-2.19e+02,-6.80e+01,1.10e+02,4.20e+01
-4.28e+02,-2.76e+02,1.14e+02,4.40e+01
-2.15e+02,-5.89e+01,1.10e+02,4.10e+01
-2.21e+02,-6.02e+01,1.10e+02,4.20e+01
-2.22e+02,-6.89e+01,1.10e+02,4.10e+01
-2.17e+02,-5.56e+01,1.09e+02,4.10e+01
-2.20e+02,-7.07e+01,1.09e+02,4.10e+01
-2.42e+02,-9.09e+01,1.10e+02,4.20e+01
-2.16e+02,-6.79e+01,1.12e+02,4.30e+01
-2.31e+02,-7.82e+01,1.09e+02,4.10e+01
-5.00e+02,-5.00e+02,1.11e+02,4.20e+01
-2.16e+02,-6.06e+01,1.10e+02,4.10e+01
-2.22e+02,-7.10e+01,1.11e+02,4.20e+01
-2.16e+02,-6.59e+01,1.09e+02,4.10e+01
-2.17e+02,-6.56e+01,1.11e+02,4.20e+01
-5.00e+02,-5.00e+02,1.10e+02,4.10e+01
-2.19e+02,-5.54e+01,1.09e+02,4.20e+01
-2.26e+02,-6.30e+01,1.09e+02,4.10e+01
-2.20e+02,-6.06e+01,1.11e+02,4.10e+01
-2.14e+02,-5.65e+01,1.10e+02,4.10e+01
-2.22e+02,-6.50e+01,1.10e+02,4.20e+01
-2.23e+02,-5.94e+01,1.11e+02,4.20e+01
-2.18e+02,-6.23e+01,1.10e+02,4.10e+01
-2.20e+02,-5.56e+01,1.10e+02,4.10e+01
-2.19e+02,-6.84e+01,1.10e+02,4.30e+01
-2.13e+02,-5.60e+01,1.09e+02,4.20e+01
-2.24e+02,-7.56e+01,1.09e+02,4.20e+01
-2.20e+02,-6.43e+01,1.15e+02,4.40e+01
-5.00e+02,-5.00e+02,1.10e+02,4.10e+01
-2.22e+02,-5.86e+01,1.15e+02,4.40e+01
-2.26e+02,-6.49e+01,1.10e+02,4.20e+01
-2.12e+02,-5.97e+01,1.11e+02,4.20e+01
-2.20e+02,-5.86e+01,1.09e+02,4.10e+01
-2.23e+02,-6.03e+01,1.11e+02,4.10e+01
-2.14e+02,-6.08e+01,1.14e+02,4.40e+01
-2.25e+02,-7.79e+01,1.10e+02,4.10e+01
-4.91e+02,-4.46e+02,1.10e+02,4.20e+01
-2.18e+02,-5.71e+01,1.09e+02,4.10e+01
-2.25e+02,-5.16e+01,1.15e+02,4.40e+01
-2.23e+02,-7.18e+01,1.10e+02,4.10e+01
-2.28e+02,-8.34e+01,1.09e+02,4.10e+01
-5.00e+02,-5.00e+02,1.11e+02,4.10e+01
-2.11e+02,-5.47e+01,1.11e+02,4.20e+01
-2.12e+02,-6.07e+01,1.10e+02,4.10e+01
-2.19e+02,-6.18e+01,1.10e+02,4.20e+01
-2.12e+02,-5.51e+01,1.10e+02,4.10e+01
-4.84e+02,-4.07e+02,1.13e+02,4.40e+01
-2.25e+02,-7.82e+01,1.09e+02,4.10e+01
-2.17e+02,-5.92e+01,1.11e+02,4.20e+01
-4.43e+02,-1.56e+02,1.10e+02,4.20e+01
-2.25e+02,-7.03e+01,1.10e+02,4.20e+01
-2.18e+02,-5.60e+01,1.11e+02,4.20e+01
-4.87e+02,-4.22e+02,1.10e+02,4.20e+01
-2.19e+02,-6.33e+01,1.10e+02,4.10e+01
-2.18e+02,-6.16e+01,1.10e+02,4.20e+01
-2.38e+02,-6.39e+01,1.11e+02,4.10e+01
-2.16e+02,-5.65e+01,1.10e+02,4.10e+01
-4.18e+02,-1.11e+02,1.10e+02,4.10e+01
-2.17e+02,-6.45e+01,1.10e+02,4.10e+01
-2.18e+02,-5.35e+01,1.11e+02,4.20e+01
-2.17e+02,-5.87e+01,1.11e+02,4.10e+01
-2.32e+02,-5.44e+01,1.13e+02,4.30e+01
-4.10e+02,-9.38e+01,1.11e+02,4.20e+01
-5.00e+02,-5.00e+02,1.13e+02,4.30e+01
-2.22e+02,-6.69e+01,1.11e+02,4.10e+01
-2.20e+02,-6.45e+01,1.10e+02,4.20e+01
-4.39e+02,-1.33e+02,1.14e+02,4.30e+01
-2.19e+02,-5.93e+01,1.11e+02,4.20e+01
-5.00e+02,-5.00e+02,1.11e+02,4.10e+01
-2.24e+02,-6.94e+01,1.09e+02,4.10e+01
-2.31e+02,-7.47e+01,1.13e+02,4.40e+01
-2.15e+02,-5.42e+01,1.10e+02,4.10e+01
-2.28e+02,-8.22e+01,1.10e+02,4.10e+01
-2.13e+02,-5.44e+01,1.10e+02,4.20e+01
-2.21e+02,-6.54e+01,1.09e+02,4.20e+01
-2.21e+02,-5.67e+01,1.10e+02,4.10e+01
-2.16e+02,-6.55e+01,1.13e+02,4.30e+01
-2.24e+02,-6.20e+01,1.11e+02,4.20e+01
-2.14e+02,-5.82e+01,1.10e+02,4.10e+01
-2.16e+02,-6.20e+01,1.11e+02,4.30e+01
-2.23e+02,-6.82e+01,1.11e+02,4.20e+01
-2.19e+02,-5.52e+01,1.09e+02,4.10e+01
-2.15e+02,-6.52e+01,1.11e+02,4.30e+01
-2.24e+02,-7.92e+01,1.10e+02,4.20e+01
-2.19e+02,-6.31e+01,1.09e+02,4.20e+01
-2.14e+02,-5.43e+01,1.11e+02,4.20e+01
-2.27e+02,-5.66e+01,1.09e+02,4.10e+01
-2.21e+02,-5.63e+01,1.10e+02,4.20e+01
-2.22e+02,-5.89e+01,1.11e+02,4.20e+01
-2.15e+02,-5.62e+01,1.10e+02,4.20e+01
-2.18e+02,-6.70e+01,1.12e+02,4.30e+01
-2.16e+02,-5.87e+01,1.09e+02,4.10e+01
-2.16e+02,-6.68e+01,1.10e+02,4.10e+01
-2.20e+02,-6.26e+01,1.11e+02,4.10e+01
-2.26e+02,-5.84e+01,1.10e+02,4.20e+01
-2.33e+02,-8.42e+01,1.11e+02,4.10e+01
-2.27e+02,-6.09e+01,1.09e+02,4.10e+01
-2.22e+02,-6.88e+01,1.13e+02,4.30e+01
-2.20e+02,-6.93e+01,1.12e+02,4.20e+01
-2.16e+02,-6.36e+01,1.10e+02,4.10e+01
-2.15e+02,-5.51e+01,1.14e+02,4.30e+01
-2.21e+02,-6.37e+01,1.10e+02,4.20e+01
-2.21e+02,-6.36e+01,1.11e+02,4.20e+01
-2.29e+02,-5.94e+01,1.12e+02,4.20e+01
-2.30e+02,-6.90e+01,1.10e+02,4.20e+01
-2.18e+02,-6.97e+01,1.10e+02,4.10e+01
-5.00e+02,-5.00e+02,1.10e+02,4.10e+01
-4.02e+02,-1.17e+02,1.14e+02,4.30e+01
-4.42e+02,-1.50e+02,1.13e+02,4.30e+01
-2.19e+02,-6.49e+01,1.10e+02,4.10e+01
-2.23e+02,-5.60e+01,1.12e+02,4.20e+01
-2.22e+02,-6.25e+01,1.12e+02,4.20e+01
-2.16e+02,-6.83e+01,1.11e+02,4.20e+01
-2.17e+02,-6.29e+01,1.10e+02,4.20e+01
-2.23e+02,-6.87e+01,1.10e+02,4.20e+01
-2.16e+02,-6.29e+01,1.11e+02,4.20e+01
-4.32e+02,-1.74e+02,1.09e+02,4.10e+01
-5.00e+02,-5.00e+02,1.14e+02,4.30e+01
-2.17e+02,-6.22e+01,1.11e+02,4.20e+01
-2.12e+02,-5.07e+01,1.15e+02,4.40e+01
-2.26e+02,-7.34e+01,1.14e+02,4.40e+01
-2.29e+02,-7.45e+01,1.10e+02,4.10e+01
-2.24e+02,-6.35e+01,1.09e+02,4.10e+01
-2.24e+02,-5.08e+01,1.11e+02,4.20e+01
-2.17e+02,-6.31e+01,1.14e+02,4.30e+01
-2.20e+02,-6.73e+01,1.10e+02,4.20e+01
-2.24e+02,-6.47e+01,1.11e+02,4.20e+01
-2.16e+02,-5.81e+01,1.09e+02,4.10e+01
-2.18e+02,-5.52e+01,1.11e+02,4.10e+01
-2.26e+02,-8.32e+01,1.13e+02,4.30e+01
-2.17e+02,-5.31e+01,1.13e+02,4.30e+01
-2.12e+02,-5.47e+01,1.14e+02,4.30e+01
-2.26e+02,-5.17e+01,1.10e+02,4.30e+01
-2.22e+02,-6.55e+01,1.11e+02,4.10e+01
-2.30e+02,-8.76e+01,1.10e+02,4.10e+01
-2.17e+02,-6.00e+01,1.14e+02,4.40e+01
-2.24e+02,-5.38e+01,1.13e+02,4.30e+01
-2.16e+02,-6.66e+01,1.10e+02,4.20e+01
-2.19e+02,-5.99e+01,1.10e+02,4.10e+01
-2.17e+02,-6.14e+01,1.10e+02,4.20e+01
-2.19e+02,-6.59e+01,1.11e+02,4.10e+01
-2.26e+02,-7.20e+01,1.09e+02,4.10e+01
-2.18e+02,-6.49e+01,1.09e+02,4.20e+01
-2.25e+02,-7.41e+01,1.09e+02,4.10e+01
-2.18e+02,-6.14e+01,1.10e+02,4.10e+01
-2.28e+02,-7.39e+01,1.14e+02,4.30e+01
-4.97e+02,-4.86e+02,1.14e+02,4.30e+01
-2.20e+02,-7.57e+01,1.14e+02,4.40e+01
-2.41e+02,-7.76e+01,1.10e+02,4.10e+01
-2.38e+02,-8.47e+01,1.10e+02,4.10e+01
-5.00e+02,-5.00e+02,1.10e+02,4.10e+01
-2.18e+02,-6.61e+01,1.10e+02,4.20e+01
-2.21e+02,-5.28e+01,1.15e+02,4.40e+01
-2.19e+02,-5.51e+01,1.12e+02,4.20e+01
-2.16e+02,-5.76e+01,1.14e+02,4.30e+01
-2.35e+02,-6.32e+01,1.10e+02,4.10e+01
-2.25e+02,-7.44e+01,1.13e+02,4.30e+01
-2.22e+02,-6.34e+01,1.09e+02,4.10e+01
-2.23e+02,-6.93e+01,1.15e+02,4.40e+01
-2.20e+02,-6.60e+01,1.10e+02,4.10e+01
-2.19e+02,-5.88e+01,1.10e+02,4.20e+01
-2.18e+02,-6.81e+01,1.10e+02,4.20e+01
-2.14e+02,-6.43e+01,1.13e+02,4.30e+01
-2.23e+02,-7.05e+01,1.10e+02,4.20e+01
-2.17e+02,-6.15e+01,1.10e+02,4.20e+01
