-2.14e+02,-6.79e+01,1.71e+02,5.90e+01
-2.22e+02,-5.80e+01,1.58e+02,5.40e+01
-2.20e+02,-6.85e+01,1.76e+02,6.00e+01
-2.13e+02,-5.44e+01,1.73e+02,5.90e+01
-2.15e+02,-5.93e+01,1.74e+02,5.90e+01
-2.23e+02,-7.09e+01,1.52e+02,5.30e+01
-2.19e+02,-6.34e+01,1.70e+02,5.90e+01
-2.12e+02,-5.85e+01,1.75e+02,6.00e+01
-2.20e+02,-7.05e+01,1.74e+02,5.90e+01
-2.15e+02,-5.90e+01,1.54e+02,5.40e+01
-2.16e+02,-6.79e+01,1.72e+02,5.90e+01
-2.15e+02,-5.35e+01,1.73e+02,5.90e+01
-2.22e+02,-5.86e+01,1.73e+02,5.90e+01
-2.19e+02,-5.12e+01,1.71e+02,5.90e+01
-2.13e+02,-5.16e+01,1.74e+02,5.90e+01
-2.16e+02,-5.99e+01,1.77e+02,6.10e+01
-2.17e+02,-6.50e+01,1.71e+02,6.00e+01
-2.16e+02,-6.30e+01,1.72e+02,6.00e+01
-2.16e+02,-6.00e+01,1.73e+02,5.90e+01
-2.17e+02,-5.28e+01,1.73e+02,6.00e+01
-2.17e+02,-6.34e+01,1.72e+02,5.90e+01
-2.14e+02,-6.37e+01,1.72e+02,5.90e+01
-2.23e+02,-7.15e+01,1.73e+02,6.00e+01
-2.20e+02,-6.67e+01,1.70e+02,5.90e+01
-2.22e+02,-6.56e+01,1.71e+02,5.90e+01
-2.29e+02,-6.59e+01,1.54e+02,5.30e+01
-2.16e+02,-5.87e+01,1.74e+02,5.90e+01
-2.30e+02,-6.14e+01,1.74e+02,5.90e+01
-2.24e+02,-6.44e+01,1.52e+02,5.30e+01
-2.24e+02,-5.90e+01,1.76e+02,6.00e+01
-2.11e+02,-6.38e+01,1.72e+02,5.90e+01
-2.19e+02,-6.15e+01,1.58e+02,5.40e+01
-2.21e+02,-6.74e+01,1.71e+02,5.90e+01
-2.18e+02,-6.68e+01,1.76e+02,6.00e+01
-2.33e+02,-6.44e+01,1.76e+02,6.00e+01
-2.20e+02,-7.38e+01,1.75e+02,6.00e+01
-2.26e+02,-7.30e+01,1.72e+02,5.90e+01
-2.18e+02,-5.99e+01,1.58e+02,5.40e+01
-2.16e+02,-6.77e+01,1.75e+02,5.90e+01
-2.12e+02,-6.15e+01,1.72e+02,6.00e+01
-2.14e+02,-6.59e+01,1.74e+02,5.90e+01
-2.15e+02,-5.68e+01,1.75e+02,5.90e+01
-2.20e+02,-7.38e+01,1.75e+02,6.00e+01
-2.25e+02,-5.99e+01,1.72e+02,5.90e+01
-2.17e+02,-6.16e+01,1.72e+02,6.00e+01
-2.23e+02,-5.87e+01,1.72e+02,6.00e+01
-2.25e+02,-7.20e+01,1.53e+02,5.40e+01
-2.15e+02,-5.38e+01,1.75e+02,5.90e+01
-2.27e+02,-8.75e+01,1.58e+02,5.40e+01
-2.15e+02,-6.15e+01,1.72e+02,6.00e+01
-2.11e+02,-5.36e+01,1.73e+02,5.90e+01
-2.17e+02,-6.92e+01,1.72e+02,5.90e+01
-2.19e+02,-6.04e+01,1.71e+02,5.90e+01
-2.19e+02,-6.72e+01,1.75e+02,5.90e+01
-2.15e+02,-5.86e+01,1.78e+02,6.10e+01
-2.18e+02,-6.12e+01,1.71e+02,5.90e+01
-4.38e+02,-1.32e+02,1.55e+02,5.40e+01
-2.15e+02,-6.57e+01,1.75e+02,6.00e+01
-2.14e+02,-6.57e+01,1.78e+02,6.10e+01
-2.24e+02,-6.90e+01,1.60e+02,5.50e+01
-2.20e+02,-5.75e+01,1.74e+02,6.00e+01
-2.18e+02,-6.91e+01,1.60e+02,5.50e+01
-2.24e+02,-6.86e+01,1.58e+02,5.40e+01
-2.16e+02,-6.99e+01,1.73e+02,6.00e+01
-2.21e+02,-5.96e+01,1.75e+02,6.00e+01
-2.11e+02,-5.39e+01,1.75e+02,6.00e+01
-4.41e+02,-1.48e+02,1.75e+02,5.90e+01
-2.18e+02,-6.79e+01,1.73e+02,6.00e+01
-2.20e+02,-6.80e+01,1.75e+02,6.00e+01
-2.17e+02,-4.95e+01,1.58e+02,5.40e+01
-4.44e+02,-1.65e+02,1.77e+02,6.00e+01
-2.17e+02,-6.11e+01,1.74e+02,5.90e+01
-4.41e+02,-1.47e+02,1.71e+02,5.90e+01
-2.23e+02,-7.58e+01,1.53e+02,5.40e+01
-4.38e+02,-1.30e+02,1.71e+02,5.90e+01
-2.18e+02,-6.13e+01,1.71e+02,5.90e+01
-2.19e+02,-7.12e+01,1.75e+02,6.00e+01
-2.22e+02,-7.49e+01,1.71e+02,5.90e+01
-2.19e+02,-6.60e+01,1.74e+02,5.90e+01
-2.18e+02,-7.03e+01,1.72e+02,5.90e+01
-2.18e+02,-5.63e+01,1.76e+02,6.00e+01
-2.26e+02,-6.06e+01,1.72e+02,6.00e+01
-2.17e+02,-4.81e+01,1.72e+02,5.90e+01
-2.23e+02,-6.94e+01,1.71e+02,5.90e+01
-4.39e+02,-1.35e+02,1.77e+02,6.00e+01
-2.22e+02,-7.71e+01,1.77e+02,6.00e+01
-2.16e+02,-6.51e+01,1.71e+02,5.90e+01
-2.24e+02,-7.10e+01,1.73e+02,5.90e+01
-2.20e+02,-5.68e+01,1.77e+02,6.00e+01
-2.18e+02,-6.66e+01,1.76e+02,6.00e+01
-2.13e+02,-6.06e+01,1.59e+02,5.50e+01
-2.13e+02,-6.26e+01,1.73e+02,6.00e+01
-2.15e+02,-5.90e+01,1.74e+02,5.90e+01
-2.19e+02,-6.13e+01,1.73e+02,5.90e+01
-2.09e+02,-5.22e+01,1.74e+02,5.90e+01
-2.29e+02,-7.37e+01,1.71e+02,5.90e+01
-2.11e+02,-5.98e+01,1.76e+02,6.00e+01
-2.21e+02,-6.84e+01,1.59e+02,5.40e+01
-2.17e+02,-5.42e+01,1.55e+02,5.40e+01
-2.14e+02,-5.86e+01,1.78e+02,6.20e+01
-2.14e+02,-6.43e+01,1.74e+02,5.90e+01
-2.22e+02,-7.54e+01,1.75e+02,5.90e+01
-2.23e+02,-7.80e+01,1.70e+02,5.90e+01
-2.23e+02,-6.40e+01,1.53e+02,5.30e+01
-2.14e+02,-6.58e+01,1.73e+02,6.00e+01
-2.20e+02,-6.06e+01,1.74e+02,5.90e+01
-2.20e+02,-6.35e+01,1.74e+02,6.00e+01
-2.20e+02,-5.97e+01,1.71e+02,5.90e+01
-2.24e+02,-7.32e+01,1.71e+02,5.90e+01
-2.33e+02,-6.90e+01,1.72e+02,5.90e+01
-2.17e+02,-5.69e+01,1.73e+02,5.90e+01
-2.19e+02,-6.30e+01,1.59e+02,5.40e+01
-2.13e+02,-6.42e+01,1.74e+02,5.90e+01
-2.14e+02,-5.02e+01,1.76e+02,6.00e+01
-2.21e+02,-6.39e+01,1.54e+02,5.40e+01
-2.17e+02,-6.40e+01,1.74e+02,5.90e+01
-2.17e+02,-6.09e+01,1.74e+02,5.90e+01
-2.12e+02,-6.41e+01,1.77e+02,6.00e+01
-2.14e+02,-6.62e+01,1.71e+02,5.90e+01
-2.12e+02,-5.88e+01,1.74e+02,5.90e+01
-2.19e+02,-6.18e+01,1.73e+02,5.90e+01
-2.27e+02,-7.84e+01,1.73e+02,5.90e+01
-5.00e+02,-5.00e+02,1.72e+02,5.90e+01
-2.16e+02,-5.71e+01,1.59e+02,5.40e+01
-2.16e+02,-7.04e+01,1.72e+02,5.90e+01
-2.16e+02,-6.08e+01,1.76e+02,6.00e+01
-2.20e+02,-6.64e+01,1.74e+02,5.90e+01
-4.88e+02,-4.34e+02,1.59e+02,5.50e+01
-2.10e+02,-5.20e+01,1.74e+02,5.90e+01
-2.18e+02,-7.42e+01,1.58e+02,5.40e+01
-2.19e+02,-5.76e+01,1.53e+02,5.30e+01
-2.19e+02,-7.41e+01,1.73e+02,6.00e+01
-2.14e+02,-5.01e+01,1.74e+02,5.90e+01
-2.27e+02,-6.86e+01,1.52e+02,5.30e+01
-2.16e+02,-6.27e+01,1.74e+02,5.90e+01
-2.13e+02,-5.08e+01,1.71e+02,5.90e+01
-2.25e+02,-5.97e+01,1.74e+02,5.90e+01
-2.20e+02,-6.84e+01,1.76e+02,6.00e+01
-2.21e+02,-6.74e+01,1.60e+02,5.50e+01
-2.71e+02,-1.36e+02,1.71e+02,5.90e+01
-2.18e+02,-6.42e+01,1.74e+02,5.90e+01
-2.15e+02,-6.49e+01,1.75e+02,6.00e+01
-2.15e+02,-6.30e+01,1.74e+02,6.00e+01
-2.21e+02,-6.50e+01,1.75e+02,5.90e+01
-2.18e+02,-5.41e+01,1.71e+02,5.90e+01
-2.18e+02,-7.17e+01,1.54e+02,5.40e+01
-2.12e+02,-6.38e+01,1.77e+02,6.00e+01
-4.41e+02,-1.49e+02,1.76e+02,6.00e+01
-2.21e+02,-5.63e+01,1.71e+02,5.90e+01
-2.16e+02,-6.41e+01,1.76e+02,6.00e+01
-2.14e+02,-6.01e+01,1.74e+02,5.90e+01
-2.18e+02,-6.22e+01,1.76e+02,6.00e+01
-2.18e+02,-7.24e+01,1.75e+02,6.00e+01
-2.24e+02,-7.96e+01,1.53e+02,5.30e+01
-4.87e+02,-4.21e+02,1.74e+02,6.00e+01
-2.24e+02,-6.71e+01,1.74e+02,5.90e+01
-2.14e+02,-6.58e+01,1.78e+02,6.10e+01
-2.12e+02,-5.33e+01,1.77e+02,6.00e+01
-2.17e+02,-6.87e+01,1.75e+02,5.90e+01
-2.24e+02,-7.56e+01,1.72e+02,5.90e+01
-2.16e+02,-6.71e+01,1.52e+02,5.30e+01
-2.17e+02,-5.75e+01,1.72e+02,6.00e+01
-2.15e+02,-6.29e+01,1.72e+02,6.00e+01
-2.26e+02,-7.14e+01,1.75e+02,6.00e+01
-2.10e+02,-5.55e+01,1.74e+02,5.90e+01
-2.39e+02,-7.66e+01,1.71e+02,5.90e+01
-2.18e+02,-6.41e+01,1.59e+02,5.40e+01
-2.34e+02,-7.64e+01,1.55e+02,5.40e+01
-2.17e+02,-6.31e+01,1.72e+02,6.00e+01
-2.17e+02,-6.72e+01,1.72e+02,5.90e+01
-2.14e+02,-6.40e+01,1.74e+02,5.90e+01
-2.24e+02,-6.84e+01,1.72e+02,6.00e+01
-2.22e+02,-7.12e+01,1.53e+02,5.30e+01
-2.24e+02,-6.76e+01,1.74e+02,5.90e+01
-2.16e+02,-6.58e+01,1.75e+02,6.00e+01
-2.16e+02,-6.15e+01,1.74e+02,6.00e+01
-2.26e+02,-6.43e+01,1.76e+02,6.00e+01
-2.25e+02,-7.05e+01,1.74e+02,6.00e+01
-2.13e+02,-5.63e+01,1.75e+02,5.90e+01
-2.14e+02,-5.82e+01,1.59e+02,5.50e+01
-2.17e+02,-5.58e+01,1.59e+02,5.50e+01
-2.18e+02,-6.35e+01,1.76e+02,6.00e+01
-2.21e+02,-7.48e+01,1.73e+02,5.90e+01
-2.24e+02,-7.05e+01,1.72e+02,5.90e+01
-2.14e+02,-5.65e+01,1.75e+02,6.00e+01
-2.17e+02,-6.07e+01,1.77e+02,6.00e+01
-2.12e+02,-6.57e+01,1.77e+02,6.00e+01
-2.16e+02,-5.31e+01,1.76e+02,6.00e+01
-2.16e+02,-6.49e+01,1.76e+02,6.00e+01
-2.21e+02,-7.22e+01,1.52e+02,5.30e+01
-2.19e+02,-7.04e+01,1.74e+02,5.90e+01
-2.11e+02,-5.46e+01,1.77e+02,6.10e+01
