-1.16e+02,-9.33e+01,1.10e+01,1.00e+01
-1.16e+02,-9.56e+01,1.90e+01,1.40e+01
-1.12e+02,-7.39e+01,1.80e+01,1.20e+01
-1.14e+02,-9.04e+01,1.10e+01,1.00e+01
-1.15e+02,-8.98e+01,1.90e+01,1.30e+01
-1.18e+02,-9.23e+01,1.40e+01,1.20e+01
-1.14e+02,-9.40e+01,1.30e+01,1.20e+01
-1.16e+02,-9.50e+01,1.20e+01,1.10e+01
-1.12e+02,-8.51e+01,1.10e+01,1.00e+01
-1.17e+02,-9.28e+01,1.60e+01,1.20e+01
-1.23e+02,-9.31e+01,1.50e+01,1.20e+01
-1.16e+02,-9.31e+01,1.40e+01,1.20e+01
-1.14e+02,-9.36e+01,1.20e+01,1.00e+01
-1.13e+02,-7.94e+01,1.30e+01,1.20e+01
-1.12e+02,-8.78e+01,1.10e+01,1.00e+01
-1.10e+02,-8.51e+01,2.10e+01,1.40e+01
-1.15e+02,-8.97e+01,1.50e+01,1.20e+01
-1.17e+02,-9.50e+01,1.30e+01,1.10e+01
-1.17e+02,-8.94e+01,1.40e+01,1.20e+01
-1.17e+02,-9.20e+01,1.10e+01,1.00e+01
-1.21e+02,-9.55e+01,1.60e+01,1.20e+01
-1.17e+02,-9.46e+01,1.30e+01,1.10e+01
-1.10e+02,-8.49e+01,1.40e+01,1.20e+01
-1.17e+02,-8.40e+01,1.50e+01,1.20e+01
-1.18e+02,-9.51e+01,1.10e+01,1.00e+01
-1.21e+02,-8.81e+01,1.70e+01,1.30e+01
-1.19e+02,-9.33e+01,1.30e+01,1.20e+01
-1.20e+02,-9.18e+01,1.40e+01,1.20e+01
-1.22e+02,-9.12e+01,1.10e+01,1.00e+01
-1.17e+02,-9.30e+01,1.70e+01,1.30e+01
-1.15e+02,-8.49e+01,1.30e+01,1.10e+01
-1.23e+02,-9.12e+01,1.40e+01,1.20e+01
-1.19e+02,-9.36e+01,1.10e+01,1.00e+01
-1.11e+02,-8.24e+01,1.50e+01,1.20e+01
-1.21e+02,-9.34e+01,1.30e+01,1.20e+01
-1.13e+02,-7.85e+01,1.40e+01,1.20e+01
-1.16e+02,-8.77e+01,1.10e+01,1.00e+01
-1.12e+02,-9.28e+01,1.70e+01,1.30e+01
-1.18e+02,-8.37e+01,1.30e+01,1.10e+01
-1.14e+02,-8.76e+01,1.40e+01,1.20e+01
-1.13e+02,-8.72e+01,1.20e+01,1.10e+01
-1.10e+02,-8.39e+01,1.50e+01,1.20e+01
-1.16e+02,-7.52e+01,1.60e+01,1.20e+01
-1.19e+02,-9.53e+01,1.10e+01,1.00e+01
-1.14e+02,-8.67e+01,1.80e+01,1.20e+01
-1.14e+02,-8.39e+01,1.40e+01,1.20e+01
-1.85e+02,-1.30e+02,2.00e+01,1.40e+01
-1.31e+02,-8.49e+01,2.00e+01,1.40e+01
-1.38e+02,-8.59e+01,1.10e+01,1.00e+01
-1.97e+02,-1.97e+02,1.20e+01,1.00e+01
-1.96e+02,-1.95e+02,1.90e+01,1.30e+01
-1.16e+02,-8.60e+01,2.10e+01,1.40e+01
-1.21e+02,-9.45e+01,1.20e+01,1.10e+01
-1.24e+02,-9.12e+01,1.70e+01,1.30e+01
-1.15e+02,-9.06e+01,1.50e+01,1.20e+01
-1.44e+02,-1.06e+02,1.40e+01,1.20e+01
-1.72e+02,-1.25e+02,1.10e+01,1.00e+01
-1.12e+02,-8.40e+01,1.20e+01,1.00e+01
-1.17e+02,-9.28e+01,1.20e+01,1.10e+01
-1.21e+02,-9.56e+01,1.30e+01,1.20e+01
-1.19e+02,-7.74e+01,1.10e+01,1.00e+01
-1.94e+02,-1.85e+02,1.90e+01,1.30e+01
-1.41e+02,-8.64e+01,1.10e+01,1.00e+01
-1.31e+02,-1.08e+02,1.20e+01,1.10e+01
-1.21e+02,-8.80e+01,1.90e+01,1.40e+01
-1.16e+02,-8.59e+01,1.50e+01,1.20e+01
-1.40e+02,-1.00e+02,1.90e+01,1.30e+01
-1.11e+02,-9.11e+01,1.30e+01,1.10e+01
-1.15e+02,-9.39e+01,1.10e+01,1.00e+01
-1.22e+02,-7.96e+01,1.80e+01,1.20e+01
-1.29e+02,-9.18e+01,1.60e+01,1.20e+01
-1.18e+02,-8.52e+01,1.30e+01,1.20e+01
-1.16e+02,-9.15e+01,1.40e+01,1.20e+01
-1.96e+02,-1.95e+02,1.90e+01,1.40e+01
-1.21e+02,-9.53e+01,1.90e+01,1.40e+01
-1.16e+02,-9.28e+01,1.90e+01,1.40e+01
-1.16e+02,-9.35e+01,2.10e+01,1.40e+01
-1.22e+02,-8.27e+01,1.40e+01,1.20e+01
-1.16e+02,-9.03e+01,1.70e+01,1.30e+01
-1.17e+02,-9.38e+01,2.00e+01,1.30e+01
-1.96e+02,-1.95e+02,1.90e+01,1.40e+01
-1.51e+02,-9.28e+01,1.10e+01,1.00e+01
-1.19e+02,-8.69e+01,1.40e+01,1.20e+01
-1.12e+02,-8.51e+01,1.90e+01,1.40e+01
-1.12e+02,-7.92e+01,2.10e+01,1.40e+01
-1.21e+02,-9.58e+01,1.50e+01,1.20e+01
-1.17e+02,-9.33e+01,1.30e+01,1.20e+01
-1.96e+02,-1.95e+02,1.50e+01,1.20e+01
-1.95e+02,-1.89e+02,1.10e+01,1.00e+01
-1.19e+02,-9.17e+01,2.00e+01,1.40e+01
-1.13e+02,-8.67e+01,1.30e+01,1.00e+01
-1.40e+02,-9.28e+01,1.50e+01,1.20e+01
-1.28e+02,-8.01e+01,1.10e+01,1.00e+01
-1.14e+02,-8.81e+01,2.00e+01,1.40e+01
-1.15e+02,-9.04e+01,1.90e+01,1.30e+01
-1.12e+02,-8.23e+01,1.90e+01,1.30e+01
-1.26e+02,-1.07e+02,2.00e+01,1.40e+01
-1.44e+02,-9.49e+01,1.10e+01,1.00e+01
-1.97e+02,-1.96e+02,1.40e+01,1.20e+01
-1.18e+02,-9.49e+01,1.20e+01,1.00e+01
-1.82e+02,-1.10e+02,1.10e+01,1.00e+01
-1.21e+02,-9.35e+01,1.20e+01,1.00e+01
-1.21e+02,-9.36e+01,1.10e+01,1.00e+01
-1.22e+02,-9.18e+01,1.60e+01,1.30e+01
-1.30e+02,-9.50e+01,2.10e+01,1.40e+01
-1.61e+02,-9.57e+01,1.30e+01,1.20e+01
-1.14e+02,-8.32e+01,1.90e+01,1.20e+01
-1.16e+02,-8.69e+01,1.30e+01,1.20e+01
-1.18e+02,-9.37e+01,1.30e+01,1.20e+01
-1.49e+02,-9.50e+01,1.90e+01,1.30e+01
-1.29e+02,-9.49e+01,1.30e+01,1.20e+01
-1.26e+02,-9.23e+01,1.40e+01,1.20e+01
-1.46e+02,-1.21e+02,1.30e+01,1.20e+01
-1.20e+02,-8.44e+01,1.60e+01,1.30e+01
-1.19e+02,-9.37e+01,1.10e+01,1.00e+01
-1.28e+02,-9.21e+01,2.00e+01,1.50e+01
-1.79e+02,-9.66e+01,1.30e+01,1.20e+01
-1.30e+02,-1.08e+02,1.20e+01,1.10e+01
-1.16e+02,-8.73e+01,2.00e+01,1.40e+01
-1.18e+02,-8.43e+01,1.60e+01,1.30e+01
-1.66e+02,-9.35e+01,1.20e+01,1.10e+01
-1.40e+02,-9.74e+01,2.00e+01,1.40e+01
-1.16e+02,-9.30e+01,1.90e+01,1.30e+01
-1.35e+02,-8.99e+01,1.10e+01,1.00e+01
-1.20e+02,-8.76e+01,1.90e+01,1.40e+01
-1.12e+02,-8.74e+01,1.90e+01,1.30e+01
-1.15e+02,-9.23e+01,1.20e+01,1.10e+01
-1.43e+02,-1.08e+02,1.90e+01,1.30e+01
-1.15e+02,-7.41e+01,1.40e+01,1.20e+01
-1.97e+02,-1.97e+02,2.00e+01,1.40e+01
-1.47e+02,-9.75e+01,1.10e+01,1.00e+01
-1.79e+02,-1.56e+02,1.10e+01,1.00e+01
-1.97e+02,-1.97e+02,1.20e+01,1.00e+01
-1.32e+02,-9.24e+01,1.20e+01,1.00e+01
-1.24e+02,-9.11e+01,1.20e+01,1.10e+01
-1.92e+02,-1.72e+02,1.40e+01,1.30e+01
-1.67e+02,-9.80e+01,1.10e+01,1.00e+01
-1.20e+02,-9.26e+01,1.80e+01,1.20e+01
-1.50e+02,-9.64e+01,1.30e+01,1.10e+01
-1.14e+02,-9.16e+01,2.10e+01,1.50e+01
-1.16e+02,-9.25e+01,1.40e+01,1.20e+01
-1.18e+02,-9.15e+01,1.50e+01,1.30e+01
-1.28e+02,-8.21e+01,1.20e+01,1.00e+01
-1.18e+02,-8.06e+01,1.40e+01,1.20e+01
-1.47e+02,-8.67e+01,1.90e+01,1.30e+01
-1.20e+02,-9.50e+01,1.80e+01,1.20e+01
-1.19e+02,-9.32e+01,2.00e+01,1.40e+01
-1.75e+02,-1.51e+02,1.90e+01,1.30e+01
-1.18e+02,-9.45e+01,2.00e+01,1.40e+01
-1.84e+02,-1.22e+02,1.50e+01,1.20e+01
-1.61e+02,-1.09e+02,1.50e+01,1.30e+01
-1.38e+02,-8.90e+01,1.10e+01,1.00e+01
-1.15e+02,-8.07e+01,1.30e+01,1.20e+01
-1.49e+02,-1.21e+02,1.40e+01,1.20e+01
-1.90e+02,-1.56e+02,2.00e+01,1.50e+01
-1.13e+02,-9.20e+01,1.20e+01,1.00e+01
-1.13e+02,-9.18e+01,2.00e+01,1.40e+01
-1.16e+02,-9.12e+01,1.90e+01,1.40e+01
-1.98e+02,-1.97e+02,1.90e+01,1.20e+01
-1.19e+02,-8.71e+01,1.90e+01,1.20e+01
-1.23e+02,-9.03e+01,1.80e+01,1.20e+01
-1.16e+02,-8.47e+01,1.80e+01,1.20e+01
-1.15e+02,-9.06e+01,2.00e+01,1.30e+01
-1.24e+02,-9.37e+01,1.70e+01,1.30e+01
-1.11e+02,-8.84e+01,1.40e+01,1.20e+01
-1.10e+02,-8.26e+01,1.70e+01,1.20e+01
-1.18e+02,-9.19e+01,2.00e+01,1.50e+01
-1.25e+02,-9.46e+01,1.50e+01,1.30e+01
-1.30e+02,-1.06e+02,1.20e+01,1.10e+01
-1.76e+02,-7.54e+01,1.10e+01,1.00e+01
-1.80e+02,-1.01e+02,2.00e+01,1.40e+01
-1.96e+02,-1.95e+02,1.90e+01,1.40e+01
-1.17e+02,-8.97e+01,1.10e+01,1.00e+01
-1.13e+02,-8.56e+01,1.10e+01,1.00e+01
-1.16e+02,-9.30e+01,1.50e+01,1.20e+01
-1.20e+02,-8.40e+01,1.30e+01,1.20e+01
-1.15e+02,-9.14e+01,1.30e+01,1.20e+01
-1.11e+02,-9.54e+01,1.80e+01,1.20e+01
-1.16e+02,-9.09e+01,1.50e+01,1.20e+01
-1.89e+02,-1.54e+02,1.20e+01,1.10e+01
-1.19e+02,-9.13e+01,1.80e+01,1.20e+01
-1.97e+02,-1.95e+02,1.10e+01,1.00e+01
-1.20e+02,-8.29e+01,1.80e+01,1.20e+01
-1.12e+02,-8.28e+01,2.10e+01,1.50e+01
-1.15e+02,-9.20e+01,1.90e+01,1.30e+01
-1.39e+02,-1.08e+02,1.90e+01,1.30e+01
-1.97e+02,-1.96e+02,1.90e+01,1.30e+01
-1.14e+02,-8.05e+01,1.90e+01,1.40e+01
-1.96e+02,-1.96e+02,1.30e+01,1.20e+01
-1.14e+02,-8.35e+01,1.90e+01,1.30e+01
-1.84e+02,-1.30e+02,2.00e+01,1.30e+01
-1.40e+02,-9.21e+01,1.30e+01,1.20e+01
