-7.36e+01,-4.21e+01,5.40e+01,3.00e+01
-8.76e+01,-5.15e+01,6.20e+01,3.10e+01
-7.85e+01,-5.08e+01,5.70e+01,3.10e+01
-8.24e+01,-5.10e+01,5.90e+01,3.10e+01
-8.96e+01,-4.65e+01,5.50e+01,3.00e+01
-7.46e+01,-5.34e+01,6.00e+01,3.10e+01
-8.46e+01,-4.98e+01,5.40e+01,3.00e+01
-7.63e+01,-4.49e+01,6.50e+01,3.30e+01
-7.88e+01,-4.94e+01,5.90e+01,3.10e+01
-8.71e+01,-5.32e+01,6.00e+01,3.10e+01
-8.84e+01,-4.71e+01,5.50e+01,3.00e+01
-8.86e+01,-5.27e+01,5.40e+01,3.00e+01
-8.20e+01,-4.70e+01,6.00e+01,3.10e+01
-7.61e+01,-4.91e+01,5.90e+01,3.10e+01
-7.75e+01,-5.16e+01,5.50e+01,3.10e+01
-8.59e+01,-5.20e+01,5.40e+01,3.00e+01
-7.74e+01,-5.46e+01,6.10e+01,3.20e+01
-8.29e+01,-5.09e+01,5.90e+01,3.10e+01
-8.59e+01,-5.59e+01,5.70e+01,3.10e+01
-8.20e+01,-4.04e+01,5.50e+01,3.00e+01
-8.60e+01,-5.65e+01,5.40e+01,3.00e+01
-8.57e+01,-4.59e+01,6.20e+01,3.20e+01
-8.22e+01,-5.09e+01,5.70e+01,3.00e+01
-8.23e+01,-4.55e+01,5.90e+01,3.10e+01
-7.79e+01,-5.20e+01,6.10e+01,3.20e+01
-8.20e+01,-5.78e+01,5.40e+01,3.00e+01
-8.11e+01,-4.95e+01,6.20e+01,3.20e+01
-9.08e+01,-5.64e+01,5.70e+01,3.00e+01
-7.68e+01,-4.74e+01,5.90e+01,3.10e+01
-8.23e+01,-4.84e+01,6.10e+01,3.20e+01
-8.61e+01,-4.64e+01,6.00e+01,3.10e+01
-8.62e+01,-5.25e+01,5.40e+01,3.00e+01
-7.35e+01,-4.71e+01,6.40e+01,3.20e+01
-8.21e+01,-5.14e+01,5.90e+01,3.10e+01
-9.62e+01,-5.66e+01,5.70e+01,3.00e+01
-8.13e+01,-5.35e+01,6.10e+01,3.20e+01
-8.34e+01,-4.77e+01,5.50e+01,3.00e+01
-7.82e+01,-4.93e+01,6.30e+01,3.30e+01
-8.41e+01,-5.26e+01,5.40e+01,3.00e+01
-7.40e+01,-4.99e+01,6.40e+01,3.30e+01
-7.87e+01,-4.61e+01,5.90e+01,3.10e+01
-8.01e+01,-4.57e+01,5.60e+01,3.00e+01
-7.68e+01,-5.19e+01,6.00e+01,3.10e+01
-7.95e+01,-5.61e+01,6.10e+01,3.20e+01
-9.66e+01,-4.21e+01,5.50e+01,3.10e+01
-8.13e+01,-5.21e+01,6.00e+01,3.10e+01
-7.67e+01,-4.36e+01,5.80e+01,3.10e+01
-7.24e+01,-4.65e+01,6.00e+01,3.10e+01
-1.59e+02,-8.06e+01,5.60e+01,3.00e+01
-8.40e+01,-4.67e+01,6.00e+01,3.10e+01
-8.17e+01,-5.46e+01,6.00e+01,3.20e+01
-8.83e+01,-4.62e+01,5.60e+01,3.00e+01
-8.28e+01,-4.19e+01,5.90e+01,3.10e+01
-7.86e+01,-4.77e+01,6.20e+01,3.20e+01
-8.07e+01,-4.48e+01,5.80e+01,3.20e+01
-7.61e+01,-4.39e+01,6.00e+01,3.10e+01
-8.21e+01,-5.99e+01,5.70e+01,3.10e+01
-8.91e+01,-5.19e+01,5.50e+01,3.00e+01
-7.70e+01,-4.95e+01,5.50e+01,3.00e+01
-7.98e+01,-4.80e+01,6.10e+01,3.10e+01
-8.29e+01,-4.89e+01,5.70e+01,3.10e+01
-7.48e+01,-4.27e+01,6.30e+01,3.20e+01
-8.57e+01,-4.51e+01,6.20e+01,3.10e+01
-7.72e+01,-5.25e+01,6.00e+01,3.10e+01
-7.25e+01,-5.04e+01,6.00e+01,3.10e+01
-7.67e+01,-4.32e+01,5.50e+01,3.00e+01
-4.40e+02,-1.40e+02,5.40e+01,3.00e+01
-7.60e+01,-4.81e+01,6.30e+01,3.10e+01
-7.43e+01,-4.36e+01,6.00e+01,3.10e+01
-7.18e+01,-4.37e+01,6.20e+01,3.10e+01
-8.40e+01,-5.20e+01,5.50e+01,3.00e+01
-2.54e+02,-1.08e+02,5.60e+01,3.10e+01
-7.83e+01,-6.53e+01,5.50e+01,3.00e+01
-8.20e+01,-5.06e+01,5.50e+01,3.00e+01
-8.30e+01,-5.92e+01,6.30e+01,3.20e+01
-1.08e+02,-3.50e+01,5.50e+01,3.00e+01
-8.13e+01,-5.56e+01,5.90e+01,3.10e+01
-7.11e+01,-4.33e+01,5.50e+01,3.00e+01
-8.55e+01,-4.40e+01,5.90e+01,3.10e+01
-1.26e+02,-4.52e+01,5.40e+01,3.00e+01
-8.47e+01,-4.13e+01,5.50e+01,3.00e+01
-7.76e+01,-5.63e+01,5.50e+01,3.00e+01
-9.36e+01,-5.97e+01,5.50e+01,3.00e+01
-7.60e+01,-4.54e+01,6.40e+01,3.20e+01
-8.11e+01,-5.43e+01,5.60e+01,3.00e+01
-9.55e+01,-4.25e+01,5.50e+01,3.10e+01
-7.37e+01,-4.56e+01,6.00e+01,3.10e+01
-7.74e+01,-4.96e+01,6.10e+01,3.10e+01
-7.36e+01,-5.63e+01,5.50e+01,3.00e+01
-5.00e+02,-5.00e+02,5.50e+01,3.10e+01
-8.16e+01,-4.57e+01,5.40e+01,3.00e+01
-9.57e+01,-6.86e+01,6.30e+01,3.20e+01
-8.97e+01,-4.86e+01,5.40e+01,3.00e+01
-8.03e+01,-5.92e+01,5.50e+01,3.10e+01
-7.79e+01,-5.28e+01,6.00e+01,3.10e+01
-2.28e+02,-4.52e+01,5.90e+01,3.10e+01
-8.70e+01,-5.18e+01,6.00e+01,3.10e+01
-2.96e+02,-6.61e+01,5.50e+01,3.00e+01
-1.30e+02,-4.32e+01,5.40e+01,3.00e+01
-7.30e+01,-4.74e+01,6.10e+01,3.10e+01
-7.71e+01,-5.12e+01,6.10e+01,3.10e+01
-9.77e+01,-5.17e+01,5.50e+01,3.00e+01
-8.97e+01,-5.06e+01,5.90e+01,3.10e+01
-7.15e+01,-4.49e+01,6.30e+01,3.10e+01
-8.83e+01,-6.23e+01,5.60e+01,3.00e+01
-7.64e+01,-4.40e+01,5.50e+01,3.00e+01
-1.08e+02,-4.37e+01,5.60e+01,3.00e+01
-7.42e+01,-4.60e+01,5.60e+01,3.00e+01
-1.35e+02,-4.85e+01,6.00e+01,3.10e+01
-8.29e+01,-5.19e+01,5.90e+01,3.10e+01
-7.85e+01,-4.93e+01,6.30e+01,3.20e+01
-8.59e+01,-5.10e+01,5.50e+01,3.00e+01
-8.65e+01,-6.48e+01,5.60e+01,3.00e+01
-1.00e+02,-4.24e+01,5.40e+01,3.00e+01
-7.88e+01,-4.70e+01,5.50e+01,3.00e+01
-7.65e+01,-3.80e+01,5.50e+01,3.00e+01
-7.99e+01,-4.91e+01,6.30e+01,3.10e+01
-7.51e+01,-4.90e+01,6.10e+01,3.10e+01
-7.53e+01,-4.60e+01,6.20e+01,3.10e+01
-7.89e+01,-4.73e+01,5.90e+01,3.10e+01
-8.85e+01,-4.50e+01,5.40e+01,3.00e+01
-8.93e+01,-5.30e+01,5.90e+01,3.20e+01
-8.82e+01,-4.82e+01,6.00e+01,3.10e+01
-5.00e+02,-5.00e+02,5.50e+01,3.10e+01
-8.36e+01,-5.53e+01,5.50e+01,3.00e+01
-7.53e+01,-4.70e+01,6.00e+01,3.10e+01
-7.86e+01,-5.00e+01,5.90e+01,3.10e+01
-7.59e+01,-4.69e+01,6.30e+01,3.10e+01
-7.74e+01,-5.01e+01,6.00e+01,3.10e+01
-8.81e+01,-6.12e+01,5.40e+01,3.00e+01
-9.11e+01,-4.84e+01,5.40e+01,3.00e+01
-8.94e+01,-5.86e+01,5.40e+01,3.00e+01
-8.03e+01,-4.35e+01,5.50e+01,3.00e+01
-7.90e+01,-5.24e+01,5.90e+01,3.10e+01
-7.31e+01,-4.37e+01,6.70e+01,3.40e+01
-7.46e+01,-5.16e+01,5.90e+01,3.10e+01
-1.07e+02,-6.33e+01,6.10e+01,3.20e+01
-1.08e+02,-5.75e+01,5.50e+01,3.00e+01
-8.26e+01,-4.97e+01,6.20e+01,3.10e+01
-1.28e+02,-4.52e+01,5.90e+01,3.10e+01
-8.04e+01,-4.92e+01,6.50e+01,3.30e+01
-8.09e+01,-4.21e+01,5.50e+01,3.00e+01
-7.76e+01,-5.63e+01,6.30e+01,3.10e+01
-9.83e+01,-4.62e+01,5.90e+01,3.10e+01
-7.87e+01,-4.13e+01,5.40e+01,3.00e+01
-7.25e+01,-4.17e+01,6.00e+01,3.20e+01
-1.64e+02,-5.34e+01,5.40e+01,3.00e+01
-8.06e+01,-5.34e+01,6.50e+01,3.30e+01
-8.01e+01,-4.84e+01,5.50e+01,3.00e+01
-8.06e+01,-5.59e+01,6.50e+01,3.30e+01
-7.53e+01,-4.32e+01,5.50e+01,3.10e+01
-9.55e+01,-5.88e+01,5.50e+01,3.00e+01
-7.75e+01,-4.74e+01,5.40e+01,3.00e+01
-1.57e+02,-5.08e+01,5.50e+01,3.00e+01
-7.06e+01,-4.44e+01,6.00e+01,3.10e+01
-7.69e+01,-4.84e+01,6.30e+01,3.10e+01
-8.47e+01,-5.54e+01,5.80e+01,3.10e+01
-8.09e+01,-4.31e+01,5.50e+01,3.00e+01
-7.59e+01,-4.50e+01,5.40e+01,3.00e+01
-1.41e+02,-4.21e+01,5.70e+01,3.10e+01
-7.67e+01,-4.78e+01,6.00e+01,3.10e+01
-8.72e+01,-4.69e+01,5.60e+01,3.00e+01
-8.02e+01,-5.10e+01,5.70e+01,3.10e+01
-7.99e+01,-4.90e+01,6.00e+01,3.20e+01
-8.75e+01,-5.03e+01,6.10e+01,3.10e+01
-8.50e+01,-6.07e+01,6.00e+01,3.10e+01
-1.41e+02,-4.08e+01,5.40e+01,3.00e+01
-8.33e+01,-5.55e+01,5.50e+01,3.00e+01
-7.98e+01,-4.81e+01,5.40e+01,3.00e+01
-9.03e+01,-6.86e+01,5.40e+01,3.00e+01
-7.52e+01,-4.54e+01,5.90e+01,3.10e+01
-7.55e+01,-5.11e+01,6.00e+01,3.10e+01
-7.81e+01,-4.33e+01,6.30e+01,3.20e+01
-7.72e+01,-4.06e+01,5.50e+01,3.00e+01
-7.64e+01,-4.13e+01,6.30e+01,3.10e+01
-8.62e+01,-5.41e+01,5.50e+01,3.00e+01
-7.07e+01,-4.54e+01,6.20e+01,3.30e+01
-9.22e+01,-5.12e+01,5.50e+01,3.00e+01
-7.84e+01,-4.57e+01,6.60e+01,3.30e+01
-7.77e+01,-5.32e+01,6.20e+01,3.10e+01
-8.22e+01,-5.34e+01,6.10e+01,3.10e+01
-1.28e+02,-4.01e+01,5.40e+01,3.00e+01
-7.60e+01,-4.99e+01,6.10e+01,3.10e+01
-8.38e+01,-5.72e+01,5.80e+01,3.10e+01
-5.00e+02,-5.00e+02,5.50e+01,3.00e+01
-8.20e+01,-4.51e+01,5.60e+01,3.00e+01
-8.93e+01,-5.04e+01,5.50e+01,3.00e+01
-3.71e+02,-8.29e+01,6.30e+01,3.30e+01
-8.59e+01,-5.93e+01,5.80e+01,3.10e+01
-7.84e+01,-4.52e+01,6.00e+01,3.10e+01
-1.06e+02,-4.97e+01,5.40e+01,3.00e+01
-8.52e+01,-4.60e+01,6.50e+01,3.30e+01
