-2.38e+02,-9.69e+01,1.70e+01,1.30e+01
-2.44e+02,-6.90e+01,1.10e+01,1.10e+01
-2.31e+02,-8.54e+01,1.60e+01,1.20e+01
-2.35e+02,-7.56e+01,1.50e+01,1.10e+01
-2.28e+02,-8.46e+01,1.70e+01,1.30e+01
-2.34e+02,-8.25e+01,9.00e+00,1.00e+01
-2.33e+02,-8.06e+01,1.00e+01,1.10e+01
-3.66e+02,-8.11e+01,1.60e+01,1.20e+01
-3.01e+02,-7.13e+01,1.10e+01,1.10e+01
-2.59e+02,-8.07e+01,1.00e+01,1.10e+01
-2.29e+02,-7.78e+01,9.00e+00,1.00e+01
-2.37e+02,-7.88e+01,1.60e+01,1.20e+01
-2.42e+02,-8.65e+01,1.00e+01,1.00e+01
-2.33e+02,-8.46e+01,1.50e+01,1.10e+01
-2.24e+02,-8.37e+01,9.00e+00,1.00e+01
-2.27e+02,-8.16e+01,1.70e+01,1.20e+01
-4.42e+02,-1.53e+02,9.00e+00,1.00e+01
-2.41e+02,-8.36e+01,9.00e+00,1.00e+01
-2.41e+02,-9.53e+01,1.60e+01,1.20e+01
-2.35e+02,-8.82e+01,1.60e+01,1.20e+01
-2.32e+02,-8.16e+01,9.00e+00,1.00e+01
-2.54e+02,-9.88e+01,1.60e+01,1.20e+01
-2.35e+02,-9.59e+01,1.70e+01,1.20e+01
-2.29e+02,-6.64e+01,1.70e+01,1.20e+01
-2.33e+02,-9.09e+01,1.80e+01,1.30e+01
-2.39e+02,-9.19e+01,1.80e+01,1.30e+01
-3.08e+02,-7.81e+01,1.70e+01,1.20e+01
-3.90e+02,-1.57e+02,1.10e+01,1.10e+01
-2.31e+02,-7.68e+01,1.70e+01,1.30e+01
-2.31e+02,-8.13e+01,9.00e+00,1.00e+01
-2.45e+02,-8.02e+01,1.10e+01,1.10e+01
-4.32e+02,-9.10e+01,1.00e+01,1.10e+01
-3.02e+02,-8.70e+01,1.00e+01,1.00e+01
-4.05e+02,-1.72e+02,1.70e+01,1.20e+01
-2.33e+02,-7.49e+01,1.50e+01,1.10e+01
-2.25e+02,-7.08e+01,1.60e+01,1.20e+01
-2.37e+02,-9.29e+01,1.60e+01,1.10e+01
-3.01e+02,-7.93e+01,1.60e+01,1.10e+01
-2.47e+02,-8.65e+01,1.20e+01,1.10e+01
-2.36e+02,-9.32e+01,9.00e+00,1.00e+01
-3.00e+02,-8.05e+01,1.60e+01,1.10e+01
-4.40e+02,-1.41e+02,1.60e+01,1.20e+01
-2.34e+02,-8.81e+01,1.60e+01,1.10e+01
-2.29e+02,-6.52e+01,1.80e+01,1.30e+01
-2.96e+02,-7.25e+01,1.60e+01,1.10e+01
-4.13e+02,-1.82e+02,1.20e+01,1.10e+01
-4.34e+02,-1.03e+02,9.00e+00,1.00e+01
-3.08e+02,-6.35e+01,1.20e+01,1.20e+01
-2.46e+02,-8.72e+01,9.00e+00,1.00e+01
-4.34e+02,-1.04e+02,1.00e+01,1.10e+01
-2.30e+02,-8.46e+01,1.60e+01,1.20e+01
-3.67e+02,-1.68e+02,9.00e+00,1.00e+01
-3.72e+02,-1.00e+02,1.70e+01,1.20e+01
-2.44e+02,-9.53e+01,9.00e+00,1.00e+01
-4.31e+02,-8.83e+01,1.00e+01,1.10e+01
-2.30e+02,-7.67e+01,1.80e+01,1.30e+01
-2.33e+02,-7.41e+01,1.70e+01,1.30e+01
-3.70e+02,-9.25e+01,1.10e+01,1.20e+01
-3.31e+02,-1.14e+02,1.00e+01,1.10e+01
-2.28e+02,-8.66e+01,1.70e+01,1.30e+01
-2.33e+02,-8.76e+01,1.10e+01,1.20e+01
-3.03e+02,-9.62e+01,1.60e+01,1.10e+01
-2.49e+02,-1.18e+02,1.50e+01,1.10e+01
-2.63e+02,-8.67e+01,1.20e+01,1.10e+01
-2.47e+02,-9.43e+01,1.20e+01,1.20e+01
-2.31e+02,-9.07e+01,9.00e+00,1.00e+01
-3.17e+02,-9.88e+01,1.10e+01,1.10e+01
-3.66e+02,-7.70e+01,1.20e+01,1.20e+01
-2.44e+02,-8.80e+01,1.20e+01,1.10e+01
-2.44e+02,-9.00e+01,1.70e+01,1.30e+01
-2.95e+02,-8.64e+01,1.70e+01,1.20e+01
-2.31e+02,-8.27e+01,1.20e+01,1.10e+01
-2.98e+02,-8.17e+01,1.60e+01,1.10e+01
-2.36e+02,-9.56e+01,1.60e+01,1.20e+01
-5.00e+02,-5.00e+02,1.10e+01,1.10e+01
-3.05e+02,-9.73e+01,9.00e+00,1.00e+01
-2.40e+02,-8.47e+01,1.70e+01,1.30e+01
-5.00e+02,-5.00e+02,1.60e+01,1.20e+01
-2.53e+02,-8.58e+01,1.10e+01,1.10e+01
-3.64e+02,-1.50e+02,9.00e+00,1.00e+01
-3.93e+02,-1.31e+02,1.80e+01,1.30e+01
-2.54e+02,-1.05e+02,1.80e+01,1.30e+01
-3.28e+02,-9.87e+01,1.70e+01,1.20e+01
-2.53e+02,-1.11e+02,9.00e+00,1.00e+01
-2.33e+02,-7.96e+01,1.00e+01,1.00e+01
-3.68e+02,-7.30e+01,1.20e+01,1.20e+01
-2.33e+02,-9.00e+01,9.00e+00,1.00e+01
-2.97e+02,-8.29e+01,1.60e+01,1.10e+01
-4.33e+02,-1.01e+02,1.00e+01,1.10e+01
-3.06e+02,-6.84e+01,1.20e+01,1.10e+01
-2.34e+02,-7.47e+01,1.60e+01,1.20e+01
-2.47e+02,-9.06e+01,1.00e+01,1.00e+01
-2.34e+02,-8.71e+01,1.80e+01,1.30e+01
-2.28e+02,-7.44e+01,1.70e+01,1.20e+01
-3.00e+02,-9.08e+01,1.10e+01,1.10e+01
-3.48e+02,-1.53e+02,9.00e+00,1.00e+01
-2.67e+02,-1.06e+02,1.80e+01,1.40e+01
-2.69e+02,-9.40e+01,1.80e+01,1.30e+01
-4.36e+02,-1.19e+02,9.00e+00,1.00e+01
-2.34e+02,-9.06e+01,1.70e+01,1.20e+01
-4.35e+02,-1.12e+02,9.00e+00,1.00e+01
-2.98e+02,-7.89e+01,1.70e+01,1.20e+01
-5.00e+02,-5.00e+02,1.60e+01,1.20e+01
-3.03e+02,-7.63e+01,1.20e+01,1.10e+01
-2.34e+02,-8.06e+01,1.90e+01,1.30e+01
-3.19e+02,-1.11e+02,1.60e+01,1.10e+01
-3.61e+02,-8.32e+01,9.00e+00,1.00e+01
-2.51e+02,-9.21e+01,1.00e+01,1.00e+01
-2.41e+02,-9.94e+01,1.70e+01,1.30e+01
-2.38e+02,-9.02e+01,9.00e+00,1.00e+01
-2.58e+02,-6.08e+01,1.10e+01,1.10e+01
-5.00e+02,-5.00e+02,1.70e+01,1.30e+01
-3.89e+02,-2.16e+02,1.50e+01,1.10e+01
-2.33e+02,-8.83e+01,1.70e+01,1.20e+01
-3.02e+02,-8.83e+01,1.60e+01,1.10e+01
-2.44e+02,-9.04e+01,1.10e+01,1.10e+01
-2.71e+02,-1.30e+02,1.20e+01,1.10e+01
-2.36e+02,-9.27e+01,9.00e+00,1.00e+01
-3.41e+02,-7.48e+01,1.70e+01,1.30e+01
-2.36e+02,-8.47e+01,1.80e+01,1.30e+01
-2.38e+02,-7.27e+01,1.20e+01,1.10e+01
-2.31e+02,-8.58e+01,1.70e+01,1.20e+01
-2.57e+02,-7.67e+01,1.20e+01,1.10e+01
-3.46e+02,-1.30e+02,1.10e+01,1.20e+01
-2.45e+02,-7.97e+01,9.00e+00,1.00e+01
-3.17e+02,-1.13e+02,1.70e+01,1.20e+01
-2.33e+02,-8.09e+01,9.00e+00,1.00e+01
-2.35e+02,-9.83e+01,9.00e+00,1.00e+01
-3.03e+02,-9.96e+01,1.60e+01,1.10e+01
-4.35e+02,-1.09e+02,1.50e+01,1.10e+01
-2.45e+02,-7.62e+01,1.70e+01,1.20e+01
-2.30e+02,-8.43e+01,9.00e+00,1.00e+01
-5.00e+02,-5.00e+02,1.10e+01,1.10e+01
-2.25e+02,-8.40e+01,1.70e+01,1.20e+01
-2.32e+02,-7.90e+01,1.00e+01,1.10e+01
-2.46e+02,-9.28e+01,1.60e+01,1.20e+01
-3.08e+02,-1.02e+02,1.00e+01,1.00e+01
-2.35e+02,-9.37e+01,1.70e+01,1.20e+01
-5.00e+02,-5.00e+02,1.50e+01,1.10e+01
-3.01e+02,-8.84e+01,1.80e+01,1.40e+01
-2.86e+02,-1.02e+02,1.60e+01,1.20e+01
-2.48e+02,-9.48e+01,9.00e+00,1.00e+01
-4.30e+02,-8.26e+01,9.00e+00,1.00e+01
-2.37e+02,-8.38e+01,9.00e+00,1.00e+01
-2.36e+02,-8.22e+01,1.80e+01,1.20e+01
-2.31e+02,-8.33e+01,1.70e+01,1.20e+01
-3.17e+02,-1.07e+02,1.20e+01,1.10e+01
-2.34e+02,-7.35e+01,1.80e+01,1.40e+01
-2.32e+02,-8.99e+01,1.60e+01,1.20e+01
-2.28e+02,-7.15e+01,1.80e+01,1.20e+01
-2.28e+02,-7.89e+01,1.80e+01,1.30e+01
-2.44e+02,-9.15e+01,1.80e+01,1.30e+01
-2.35e+02,-9.11e+01,1.70e+01,1.30e+01
-2.48e+02,-9.70e+01,1.60e+01,1.20e+01
-3.21e+02,-1.21e+02,1.70e+01,1.20e+01
-2.43e+02,-7.60e+01,1.00e+01,1.10e+01
-2.81e+02,-9.28e+01,1.70e+01,1.30e+01
-5.00e+02,-5.00e+02,1.50e+01,1.10e+01
-2.30e+02,-8.13e+01,1.70e+01,1.30e+01
-2.48e+02,-7.21e+01,1.10e+01,1.10e+01
-3.08e+02,-1.06e+02,1.10e+01,1.10e+01
-2.40e+02,-7.95e+01,1.60e+01,1.20e+01
-2.70e+02,-7.01e+01,1.10e+01,1.10e+01
-4.08e+02,-1.98e+02,1.60e+01,1.20e+01
-2.33e+02,-9.07e+01,1.80e+01,1.30e+01
-2.93e+02,-7.49e+01,1.70e+01,1.20e+01
-2.32e+02,-8.35e+01,1.80e+01,1.30e+01
-2.27e+02,-7.20e+01,1.70e+01,1.30e+01
-2.40e+02,-8.70e+01,1.50e+01,1.10e+01
-5.00e+02,-5.00e+02,1.60e+01,1.20e+01
-2.84e+02,-1.14e+02,1.00e+01,1.00e+01
-2.33e+02,-8.60e+01,9.00e+00,1.00e+01
-2.26e+02,-7.84e+01,9.00e+00,1.00e+01
-2.40e+02,-8.74e+01,9.00e+00,1.00e+01
-3.60e+02,-6.98e+01,1.60e+01,1.20e+01
-2.35e+02,-8.32e+01,1.70e+01,1.20e+01
-3.34e+02,-1.13e+02,1.20e+01,1.20e+01
-2.38e+02,-9.70e+01,1.80e+01,1.30e+01
-2.37e+02,-9.06e+01,1.00e+01,1.10e+01
-4.14e+02,-2.71e+02,1.60e+01,1.20e+01
-2.30e+02,-8.78e+01,1.70e+01,1.30e+01
-4.57e+02,-2.45e+02,9.00e+00,1.00e+01
-2.95e+02,-8.47e+01,9.00e+00,1.00e+01
-2.49e+02,-7.66e+01,1.10e+01,1.10e+01
-2.38e+02,-8.19e+01,1.70e+01,1.30e+01
-2.34e+02,-7.79e+01,1.80e+01,1.40e+01
-4.52e+02,-2.13e+02,1.70e+01,1.30e+01
-3.10e+02,-6.34e+01,1.10e+01,1.10e+01
-2.57e+02,-8.00e+01,1.00e+01,1.10e+01
-2.36e+02,-6.76e+01,1.60e+01,1.20e+01
-3.66e+02,-8.90e+01,1.00e+01,1.10e+01
-2.46e+02,-8.85e+01,1.20e+01,1.10e+01
