-1.69e+02,-6.91e+01,1.16e+02,3.20e+01
-2.15e+02,-6.81e+01,9.10e+01,3.10e+01
-1.61e+02,-7.11e+01,1.13e+02,3.20e+01
-2.12e+02,-5.99e+01,9.30e+01,3.20e+01
-1.71e+02,-7.01e+01,1.15e+02,3.10e+01
-1.72e+02,-6.21e+01,1.14e+02,3.10e+01
-2.12e+02,-6.02e+01,9.20e+01,3.10e+01
-1.71e+02,-6.86e+01,1.16e+02,3.20e+01
-2.13e+02,-6.05e+01,9.10e+01,3.10e+01
-2.08e+02,-5.10e+01,9.60e+01,3.30e+01
-1.73e+02,-7.04e+01,1.13e+02,3.10e+01
-2.10e+02,-4.87e+01,9.30e+01,3.20e+01
-1.70e+02,-8.26e+01,1.15e+02,3.20e+01
-1.63e+02,-7.18e+01,1.14e+02,3.10e+01
-2.15e+02,-6.36e+01,9.40e+01,3.20e+01
-1.79e+02,-6.38e+01,1.16e+02,3.20e+01
-2.23e+02,-5.78e+01,9.10e+01,3.10e+01
-1.74e+02,-7.95e+01,1.13e+02,3.10e+01
-2.08e+02,-5.01e+01,9.50e+01,3.30e+01
-2.09e+02,-5.02e+01,9.30e+01,3.20e+01
-1.76e+02,-7.18e+01,1.14e+02,3.10e+01
-1.74e+02,-8.24e+01,1.15e+02,3.20e+01
-1.67e+02,-8.69e+01,1.16e+02,3.10e+01
-2.08e+02,-5.53e+01,9.10e+01,3.10e+01
-1.92e+02,-9.96e+01,1.13e+02,3.20e+01
-2.14e+02,-6.02e+01,9.40e+01,3.20e+01
-1.69e+02,-6.93e+01,1.14e+02,3.10e+01
-1.78e+02,-6.88e+01,1.15e+02,3.20e+01
-2.12e+02,-5.81e+01,9.20e+01,3.10e+01
-1.81e+02,-9.78e+01,1.13e+02,3.10e+01
-1.66e+02,-8.49e+01,1.15e+02,3.10e+01
-2.12e+02,-6.12e+01,9.10e+01,3.10e+01
-2.36e+02,-9.03e+01,1.14e+02,3.10e+01
-2.41e+02,-8.38e+01,1.15e+02,3.10e+01
-1.61e+02,-6.70e+01,1.14e+02,3.10e+01
-2.68e+02,-1.16e+02,1.16e+02,3.10e+01
-2.15e+02,-5.83e+01,1.14e+02,3.10e+01
-1.84e+02,-8.26e+01,1.17e+02,3.20e+01
-2.12e+02,-5.57e+01,9.50e+01,3.20e+01
-2.12e+02,-5.83e+01,9.30e+01,3.20e+01
-1.74e+02,-7.55e+01,1.15e+02,3.20e+01
-1.85e+02,-8.30e+01,1.14e+02,3.10e+01
-2.16e+02,-6.27e+01,9.10e+01,3.10e+01
-2.10e+02,-5.04e+01,9.10e+01,3.10e+01
-3.54e+02,-6.03e+01,9.10e+01,3.10e+01
-2.08e+02,-5.25e+01,9.50e+01,3.30e+01
-1.75e+02,-8.40e+01,1.17e+02,3.20e+01
-1.75e+02,-7.65e+01,1.14e+02,3.10e+01
-1.85e+02,-8.51e+01,1.14e+02,3.20e+01
-2.10e+02,-4.71e+01,9.70e+01,3.30e+01
-2.09e+02,-5.40e+01,9.40e+01,3.20e+01
-3.15e+02,-7.79e+01,1.17e+02,3.20e+01
-1.66e+02,-8.54e+01,1.14e+02,3.10e+01
-2.83e+02,-5.29e+01,9.30e+01,3.10e+01
-1.76e+02,-7.68e+01,1.13e+02,3.20e+01
-2.12e+02,-5.27e+01,9.80e+01,3.40e+01
-2.25e+02,-5.48e+01,9.30e+01,3.20e+01
-1.71e+02,-6.71e+01,1.14e+02,3.10e+01
-2.85e+02,-5.63e+01,9.30e+01,3.20e+01
-2.10e+02,-5.13e+01,9.50e+01,3.20e+01
-1.71e+02,-8.88e+01,1.13e+02,3.10e+01
-2.83e+02,-5.57e+01,9.40e+01,3.20e+01
-2.15e+02,-5.14e+01,9.30e+01,3.20e+01
-1.74e+02,-8.24e+01,1.17e+02,3.20e+01
-2.09e+02,-1.11e+02,1.13e+02,3.20e+01
-1.60e+02,-7.50e+01,1.17e+02,3.20e+01
-1.72e+02,-6.92e+01,1.17e+02,3.20e+01
-1.89e+02,-7.57e+01,1.14e+02,3.10e+01
-2.12e+02,-5.68e+01,9.20e+01,3.10e+01
-1.69e+02,-7.11e+01,1.16e+02,3.20e+01
-2.18e+02,-6.88e+01,9.40e+01,3.20e+01
-2.08e+02,-5.11e+01,9.40e+01,3.30e+01
-2.15e+02,-6.33e+01,9.50e+01,3.20e+01
-1.94e+02,-8.70e+01,1.14e+02,3.10e+01
-2.14e+02,-5.31e+01,9.60e+01,3.30e+01
-2.07e+02,-5.91e+01,9.10e+01,3.10e+01
-1.79e+02,-7.86e+01,1.17e+02,3.20e+01
-1.68e+02,-6.62e+01,1.16e+02,3.20e+01
-2.06e+02,-5.56e+01,9.40e+01,3.20e+01
-2.36e+02,-7.42e+01,1.15e+02,3.20e+01
-2.16e+02,-8.44e+01,1.14e+02,3.10e+01
-1.74e+02,-7.85e+01,1.14e+02,3.20e+01
-1.72e+02,-7.42e+01,1.13e+02,3.10e+01
-2.38e+02,-5.84e+01,9.20e+01,3.10e+01
-2.09e+02,-5.43e+01,9.30e+01,3.20e+01
-1.69e+02,-6.97e+01,1.18e+02,3.30e+01
-2.21e+02,-5.72e+01,9.40e+01,3.20e+01
-2.03e+02,-8.59e+01,1.13e+02,3.10e+01
-1.85e+02,-9.63e+01,1.13e+02,3.20e+01
-1.78e+02,-6.41e+01,1.17e+02,3.30e+01
-2.01e+02,-7.18e+01,1.17e+02,3.20e+01
-2.10e+02,-5.32e+01,9.20e+01,3.10e+01
-1.73e+02,-6.83e+01,1.14e+02,3.10e+01
-2.60e+02,-6.33e+01,9.10e+01,3.10e+01
-2.53e+02,-9.65e+01,1.17e+02,3.20e+01
-2.29e+02,-8.88e+01,1.15e+02,3.20e+01
-1.69e+02,-7.88e+01,1.17e+02,3.30e+01
-1.71e+02,-8.04e+01,1.15e+02,3.10e+01
-2.94e+02,-6.94e+01,9.20e+01,3.10e+01
-1.72e+02,-6.43e+01,1.14e+02,3.10e+01
-1.69e+02,-8.47e+01,1.13e+02,3.20e+01
-1.72e+02,-7.62e+01,1.15e+02,3.10e+01
-2.13e+02,-5.67e+01,9.20e+01,3.10e+01
-1.88e+02,-7.85e+01,1.14e+02,3.10e+01
-1.79e+02,-1.01e+02,1.16e+02,3.20e+01
-1.84e+02,-7.85e+01,1.15e+02,3.10e+01
-1.75e+02,-6.47e+01,1.15e+02,3.10e+01
-1.66e+02,-5.91e+01,1.15e+02,3.10e+01
-1.75e+02,-8.08e+01,1.16e+02,3.20e+01
-2.16e+02,-6.79e+01,9.30e+01,3.20e+01
-2.10e+02,-5.57e+01,9.30e+01,3.20e+01
-2.17e+02,-5.44e+01,9.50e+01,3.20e+01
-1.65e+02,-8.16e+01,1.17e+02,3.20e+01
-1.83e+02,-7.44e+01,1.15e+02,3.10e+01
-1.65e+02,-6.99e+01,1.13e+02,3.20e+01
-2.92e+02,-7.40e+01,9.30e+01,3.20e+01
-2.23e+02,-6.41e+01,9.10e+01,3.10e+01
-2.54e+02,-1.29e+02,1.16e+02,3.10e+01
-1.65e+02,-7.99e+01,1.16e+02,3.10e+01
-1.71e+02,-7.53e+01,1.13e+02,3.20e+01
-2.20e+02,-5.97e+01,9.10e+01,3.10e+01
-1.69e+02,-8.11e+01,1.15e+02,3.20e+01
-2.14e+02,-5.65e+01,9.10e+01,3.10e+01
-2.99e+02,-1.69e+02,1.15e+02,3.10e+01
-1.68e+02,-6.82e+01,1.17e+02,3.20e+01
-2.20e+02,-5.55e+01,9.30e+01,3.20e+01
-2.21e+02,-6.33e+01,9.40e+01,3.30e+01
-1.69e+02,-7.06e+01,1.15e+02,3.10e+01
-1.73e+02,-6.27e+01,1.15e+02,3.10e+01
-1.77e+02,-9.32e+01,1.16e+02,3.20e+01
-1.69e+02,-6.96e+01,1.16e+02,3.20e+01
-3.61e+02,-7.97e+01,9.40e+01,3.20e+01
-2.10e+02,-5.49e+01,9.10e+01,3.10e+01
-1.68e+02,-6.93e+01,1.15e+02,3.10e+01
-1.67e+02,-6.62e+01,1.16e+02,3.10e+01
-2.08e+02,-5.84e+01,9.30e+01,3.20e+01
-1.64e+02,-7.03e+01,1.18e+02,3.30e+01
-1.82e+02,-7.86e+01,1.17e+02,3.20e+01
-1.80e+02,-8.15e+01,1.13e+02,3.10e+01
-2.15e+02,-5.48e+01,9.20e+01,3.10e+01
-1.66e+02,-6.91e+01,1.13e+02,3.20e+01
-2.15e+02,-5.83e+01,9.50e+01,3.30e+01
-2.30e+02,-1.03e+02,1.16e+02,3.10e+01
-2.70e+02,-6.62e+01,9.20e+01,3.10e+01
-1.66e+02,-6.88e+01,1.16e+02,3.20e+01
-2.42e+02,-9.22e+01,1.16e+02,3.20e+01
-2.46e+02,-9.28e+01,1.17e+02,3.30e+01
-1.91e+02,-8.12e+01,1.13e+02,3.20e+01
-2.51e+02,-4.86e+01,9.20e+01,3.10e+01
-2.09e+02,-5.56e+01,9.60e+01,3.30e+01
-2.11e+02,-5.98e+01,9.20e+01,3.10e+01
-2.18e+02,-5.34e+01,9.20e+01,3.10e+01
-2.11e+02,-5.67e+01,9.10e+01,3.10e+01
-2.10e+02,-5.79e+01,9.20e+01,3.20e+01
-1.81e+02,-7.74e+01,1.14e+02,3.10e+01
-1.70e+02,-7.20e+01,1.13e+02,3.10e+01
-2.14e+02,-5.99e+01,9.30e+01,3.20e+01
-2.39e+02,-5.60e+01,9.30e+01,3.20e+01
-2.36e+02,-6.71e+01,1.16e+02,3.20e+01
-3.36e+02,-5.34e+01,9.30e+01,3.20e+01
-1.72e+02,-7.60e+01,1.14e+02,3.10e+01
-1.80e+02,-6.94e+01,1.14e+02,3.20e+01
-1.74e+02,-7.66e+01,1.15e+02,3.10e+01
-3.62e+02,-2.00e+02,1.16e+02,3.20e+01
-2.99e+02,-7.75e+01,9.40e+01,3.30e+01
-2.16e+02,-5.81e+01,9.20e+01,3.10e+01
-2.08e+02,-4.81e+01,9.70e+01,3.30e+01
-2.09e+02,-5.15e+01,9.40e+01,3.30e+01
-1.85e+02,-7.65e+01,1.15e+02,3.10e+01
-1.76e+02,-6.89e+01,1.14e+02,3.10e+01
-2.09e+02,-5.50e+01,9.30e+01,3.20e+01
-2.10e+02,-5.13e+01,9.60e+01,3.30e+01
-2.11e+02,-6.09e+01,9.30e+01,3.20e+01
-3.64e+02,-6.06e+01,9.20e+01,3.10e+01
-1.97e+02,-1.04e+02,1.15e+02,3.10e+01
-2.11e+02,-5.54e+01,9.20e+01,3.10e+01
-2.93e+02,-6.91e+01,9.20e+01,3.10e+01
-1.74e+02,-8.15e+01,1.15e+02,3.10e+01
-2.37e+02,-8.02e+01,1.17e+02,3.20e+01
-1.86e+02,-6.86e+01,1.15e+02,3.20e+01
-1.76e+02,-8.46e+01,1.15e+02,3.10e+01
-1.80e+02,-7.43e+01,1.14e+02,3.20e+01
-1.63e+02,-7.90e+01,1.14e+02,3.10e+01
-1.72e+02,-7.95e+01,1.17e+02,3.20e+01
-2.17e+02,-5.90e+01,9.30e+01,3.20e+01
-1.80e+02,-6.98e+01,1.13e+02,3.20e+01
-2.84e+02,-5.10e+01,9.60e+01,3.30e+01
-1.67e+02,-7.82e+01,1.15e+02,3.10e+01
-2.15e+02,-5.07e+01,9.20e+01,3.10e+01
-1.74e+02,-7.30e+01,1.15e+02,3.10e+01
-2.86e+02,-5.48e+01,9.20e+01,3.10e+01
-2.08e+02,-5.04e+01,9.40e+01,3.20e+01
