-2.11e+02,-5.31e+01,1.33e+02,4.40e+01
-1.60e+02,-6.52e+01,1.68e+02,4.30e+01
-2.06e+02,-4.79e+01,1.34e+02,4.40e+01
-2.07e+02,-4.38e+01,1.33e+02,4.40e+01
-1.70e+02,-8.22e+01,1.70e+02,4.40e+01
-2.08e+02,-5.30e+01,1.35e+02,4.50e+01
-1.59e+02,-7.12e+01,1.68e+02,4.30e+01
-2.13e+02,-5.18e+01,1.34e+02,4.50e+01
-1.75e+02,-7.62e+01,1.69e+02,4.30e+01
-2.12e+02,-5.58e+01,1.33e+02,4.40e+01
-1.65e+02,-6.76e+01,1.72e+02,4.50e+01
-2.17e+02,-4.83e+01,1.35e+02,4.50e+01
-1.66e+02,-7.63e+01,1.68e+02,4.30e+01
-1.58e+02,-7.03e+01,1.69e+02,4.40e+01
-2.05e+02,-4.63e+01,1.34e+02,4.50e+01
-2.08e+02,-4.81e+01,1.33e+02,4.40e+01
-1.59e+02,-8.51e+01,1.73e+02,4.50e+01
-2.13e+02,-4.43e+01,1.43e+02,4.60e+01
-1.59e+02,-6.98e+01,1.68e+02,4.40e+01
-2.15e+02,-6.15e+01,1.35e+02,4.50e+01
-1.56e+02,-7.50e+01,1.69e+02,4.40e+01
-1.53e+02,-6.74e+01,1.72e+02,4.50e+01
-2.11e+02,-5.13e+01,1.34e+02,4.50e+01
-2.17e+02,-5.38e+01,1.33e+02,4.40e+01
-1.66e+02,-6.74e+01,1.73e+02,4.50e+01
-2.11e+02,-4.66e+01,1.42e+02,4.60e+01
-1.54e+02,-7.86e+01,1.68e+02,4.30e+01
-2.08e+02,-4.67e+01,1.43e+02,4.60e+01
-2.15e+02,-5.17e+01,1.35e+02,4.50e+01
-2.09e+02,-4.63e+01,1.34e+02,4.50e+01
-2.08e+02,-4.52e+01,1.45e+02,4.70e+01
-2.13e+02,-5.54e+01,1.33e+02,4.40e+01
-1.58e+02,-6.27e+01,1.69e+02,4.30e+01
-2.16e+02,-5.77e+01,1.33e+02,4.40e+01
-2.10e+02,-5.28e+01,1.33e+02,4.40e+01
-2.07e+02,-8.30e+01,1.68e+02,4.30e+01
-2.13e+02,-5.21e+01,1.34e+02,4.50e+01
-2.20e+02,-4.81e+01,1.33e+02,4.40e+01
-2.13e+02,-5.94e+01,1.33e+02,4.40e+01
-2.07e+02,-4.36e+01,1.34e+02,4.40e+01
-1.63e+02,-6.29e+01,1.70e+02,4.40e+01
-2.22e+02,-4.77e+01,1.33e+02,4.40e+01
-1.71e+02,-7.63e+01,1.72e+02,4.50e+01
-2.07e+02,-4.99e+01,1.34e+02,4.40e+01
-2.29e+02,-6.69e+01,1.73e+02,4.50e+01
-2.08e+02,-4.80e+01,1.36e+02,4.50e+01
-2.11e+02,-5.98e+01,1.34e+02,4.40e+01
-2.12e+02,-5.62e+01,1.34e+02,4.40e+01
-2.11e+02,-4.95e+01,1.35e+02,4.40e+01
-2.10e+02,-5.19e+01,1.35e+02,4.50e+01
-1.49e+02,-8.15e+01,1.73e+02,4.50e+01
-2.08e+02,-4.81e+01,1.34e+02,4.50e+01
-2.12e+02,-4.96e+01,1.36e+02,4.50e+01
-1.66e+02,-7.76e+01,1.70e+02,4.40e+01
-2.87e+02,-7.28e+01,1.34e+02,4.40e+01
-2.14e+02,-4.78e+01,1.36e+02,4.50e+01
-1.73e+02,-6.97e+01,1.73e+02,4.60e+01
-2.15e+02,-5.79e+01,1.35e+02,4.50e+01
-1.77e+02,-7.17e+01,1.72e+02,4.50e+01
-2.12e+02,-4.95e+01,1.33e+02,4.40e+01
-1.72e+02,-1.04e+02,1.68e+02,4.30e+01
-1.78e+02,-9.90e+01,1.72e+02,4.50e+01
-2.07e+02,-4.34e+01,1.36e+02,4.60e+01
-2.24e+02,-5.91e+01,1.36e+02,4.50e+01
-2.15e+02,-5.48e+01,1.34e+02,4.40e+01
-2.08e+02,-4.45e+01,1.37e+02,4.60e+01
-1.57e+02,-6.60e+01,1.70e+02,4.40e+01
-2.14e+02,-4.91e+01,1.36e+02,4.50e+01
-1.67e+02,-6.08e+01,1.73e+02,4.50e+01
-2.15e+02,-5.56e+01,1.44e+02,4.60e+01
-2.18e+02,-5.62e+01,1.33e+02,4.40e+01
-5.00e+02,-5.00e+02,1.70e+02,4.40e+01
-1.64e+02,-6.68e+01,1.68e+02,4.30e+01
-1.65e+02,-7.88e+01,1.69e+02,4.30e+01
-2.14e+02,-4.83e+01,1.36e+02,4.50e+01
-1.93e+02,-7.94e+01,1.72e+02,4.50e+01
-2.38e+02,-1.40e+02,1.68e+02,4.30e+01
-3.66e+02,-8.66e+01,1.34e+02,4.40e+01
-1.56e+02,-6.48e+01,1.69e+02,4.30e+01
-2.10e+02,-5.00e+01,1.35e+02,4.50e+01
-1.64e+02,-7.09e+01,1.74e+02,4.50e+01
-2.17e+02,-4.72e+01,1.34e+02,4.40e+01
-2.07e+02,-5.23e+01,1.34e+02,4.40e+01
-1.44e+02,-6.23e+01,1.68e+02,4.30e+01
-1.65e+02,-8.33e+01,1.72e+02,4.50e+01
-2.16e+02,-4.49e+01,1.35e+02,4.50e+01
-2.16e+02,-5.17e+01,1.35e+02,4.60e+01
-2.82e+02,-5.19e+01,1.33e+02,4.40e+01
-2.13e+02,-5.14e+01,1.35e+02,4.40e+01
-2.12e+02,-5.30e+01,1.33e+02,4.40e+01
-2.15e+02,-4.95e+01,1.34e+02,4.40e+01
-3.82e+02,-9.42e+01,1.34e+02,4.40e+01
-1.67e+02,-7.12e+01,1.68e+02,4.30e+01
-2.26e+02,-4.78e+01,1.34e+02,4.50e+01
-1.78e+02,-6.38e+01,1.68e+02,4.30e+01
-2.10e+02,-4.94e+01,1.35e+02,4.40e+01
-1.71e+02,-8.09e+01,1.70e+02,4.40e+01
-2.11e+02,-5.83e+01,1.34e+02,4.40e+01
-2.83e+02,-5.11e+01,1.36e+02,4.50e+01
-2.08e+02,-4.97e+01,1.34e+02,4.40e+01
-2.14e+02,-4.53e+01,1.33e+02,4.40e+01
-1.55e+02,-7.00e+01,1.68e+02,4.30e+01
-1.56e+02,-6.90e+01,1.72e+02,4.50e+01
-2.72e+02,-6.18e+01,1.36e+02,4.50e+01
-2.12e+02,-4.49e+01,1.34e+02,4.40e+01
-1.65e+02,-9.51e+01,1.71e+02,4.40e+01
-2.08e+02,-4.82e+01,1.34e+02,4.40e+01
-1.53e+02,-7.55e+01,1.74e+02,4.50e+01
-1.60e+02,-6.76e+01,1.68e+02,4.30e+01
-1.52e+02,-6.15e+01,1.71e+02,4.40e+01
-2.07e+02,-5.01e+01,1.42e+02,4.60e+01
-1.50e+02,-6.20e+01,1.68e+02,4.30e+01
-2.16e+02,-4.47e+01,1.33e+02,4.40e+01
-1.57e+02,-7.99e+01,1.68e+02,4.30e+01
-2.15e+02,-5.48e+01,1.43e+02,4.60e+01
-2.14e+02,-5.06e+01,1.36e+02,4.60e+01
-1.53e+02,-6.76e+01,1.70e+02,4.30e+01
-1.65e+02,-7.02e+01,1.70e+02,4.50e+01
-2.75e+02,-5.84e+01,1.34e+02,4.40e+01
-2.18e+02,-6.43e+01,1.35e+02,4.40e+01
-1.63e+02,-6.80e+01,1.70e+02,4.30e+01
-1.58e+02,-6.93e+01,1.70e+02,4.40e+01
-2.05e+02,-4.62e+01,1.33e+02,4.40e+01
-2.10e+02,-4.99e+01,1.34e+02,4.40e+01
-1.66e+02,-7.20e+01,1.72e+02,4.50e+01
-1.58e+02,-6.23e+01,1.73e+02,4.50e+01
-2.09e+02,-4.34e+01,1.35e+02,4.50e+01
-2.13e+02,-5.26e+01,1.36e+02,4.50e+01
-2.49e+02,-4.90e+01,1.33e+02,4.40e+01
-1.63e+02,-6.60e+01,1.72e+02,4.50e+01
-1.56e+02,-6.85e+01,1.69e+02,4.40e+01
-1.53e+02,-7.93e+01,1.70e+02,4.40e+01
-2.13e+02,-5.26e+01,1.35e+02,4.50e+01
-2.16e+02,-4.24e+01,1.35e+02,4.50e+01
-2.10e+02,-5.06e+01,1.34e+02,4.40e+01
-2.11e+02,-4.49e+01,1.34e+02,4.40e+01
-1.80e+02,-6.75e+01,1.69e+02,4.40e+01
-2.09e+02,-4.76e+01,1.33e+02,4.40e+01
-1.68e+02,-7.93e+01,1.68e+02,4.40e+01
-2.10e+02,-4.89e+01,1.34e+02,4.40e+01
-5.00e+02,-5.00e+02,1.33e+02,4.40e+01
-2.15e+02,-4.87e+01,1.33e+02,4.40e+01
-1.60e+02,-7.05e+01,1.69e+02,4.40e+01
-1.66e+02,-7.55e+01,1.71e+02,4.40e+01
-2.17e+02,-5.03e+01,1.33e+02,4.40e+01
-1.56e+02,-6.23e+01,1.70e+02,4.40e+01
-1.67e+02,-9.38e+01,1.68e+02,4.40e+01
-2.15e+02,-5.12e+01,1.35e+02,4.50e+01
-1.64e+02,-8.35e+01,1.70e+02,4.30e+01
-2.89e+02,-6.76e+01,1.36e+02,4.50e+01
-2.16e+02,-6.39e+01,1.34e+02,4.40e+01
-2.10e+02,-4.86e+01,1.33e+02,4.40e+01
-1.65e+02,-6.35e+01,1.73e+02,4.50e+01
-2.14e+02,-5.38e+01,1.36e+02,4.50e+01
-2.13e+02,-4.62e+01,1.34e+02,4.50e+01
-1.79e+02,-7.65e+01,1.70e+02,4.40e+01
-2.08e+02,-5.00e+01,1.34e+02,4.40e+01
-2.09e+02,-4.41e+01,1.35e+02,4.50e+01
-1.67e+02,-8.07e+01,1.70e+02,4.40e+01
-1.60e+02,-6.32e+01,1.70e+02,4.40e+01
-2.10e+02,-4.33e+01,1.33e+02,4.40e+01
-2.79e+02,-7.30e+01,1.44e+02,4.60e+01
-1.59e+02,-5.84e+01,1.69e+02,4.40e+01
-2.11e+02,-5.26e+01,1.34e+02,4.40e+01
-2.10e+02,-5.94e+01,1.33e+02,4.40e+01
-1.53e+02,-7.01e+01,1.68e+02,4.30e+01
-1.62e+02,-6.27e+01,1.70e+02,4.40e+01
-2.15e+02,-4.54e+01,1.35e+02,4.50e+01
-1.63e+02,-7.57e+01,1.69e+02,4.30e+01
-2.15e+02,-4.65e+01,1.34e+02,4.50e+01
-1.74e+02,-8.99e+01,1.70e+02,4.40e+01
-2.21e+02,-6.05e+01,1.34e+02,4.40e+01
-2.16e+02,-6.12e+01,1.34e+02,4.40e+01
-1.61e+02,-7.12e+01,1.68e+02,4.30e+01
-2.10e+02,-5.29e+01,1.34e+02,4.40e+01
-1.57e+02,-7.40e+01,1.70e+02,4.40e+01
-2.13e+02,-5.11e+01,1.34e+02,4.40e+01
-1.67e+02,-7.36e+01,1.69e+02,4.30e+01
-1.66e+02,-7.22e+01,1.70e+02,4.50e+01
-1.72e+02,-6.53e+01,1.69e+02,4.30e+01
-1.61e+02,-6.63e+01,1.70e+02,4.50e+01
-2.18e+02,-4.75e+01,1.34e+02,4.50e+01
-4.34e+02,-1.06e+02,1.34e+02,4.50e+01
-2.37e+02,-8.36e+01,1.33e+02,4.40e+01
-2.22e+02,-5.29e+01,1.33e+02,4.40e+01
-2.13e+02,-4.39e+01,1.33e+02,4.40e+01
-2.27e+02,-5.40e+01,1.35e+02,4.60e+01
-1.64e+02,-6.36e+01,1.68e+02,4.30e+01
-2.12e+02,-4.80e+01,1.35e+02,4.50e+01
-3.02e+02,-6.86e+01,1.74e+02,4.50e+01
-2.10e+02,-4.81e+01,1.42e+02,4.60e+01
-1.61e+02,-6.26e+01,1.70e+02,4.30e+01
