1.06e+03,1.28e+03,3.30e+01,2.70e+01
1.21e+03,1.37e+03,3.30e+01,2.80e+01
1.16e+03,1.39e+03,3.30e+01,2.70e+01
1.09e+03,1.32e+03,2.70e+01,2.60e+01
1.02e+03,1.23e+03,3.50e+01,2.80e+01
1.17e+03,1.37e+03,3.50e+01,2.80e+01
1.06e+03,1.23e+03,3.30e+01,2.80e+01
1.09e+03,1.27e+03,2.70e+01,2.70e+01
1.08e+03,1.27e+03,3.20e+01,2.70e+01
1.06e+03,1.28e+03,3.50e+01,2.80e+01
1.17e+03,1.32e+03,3.10e+01,2.70e+01
1.06e+03,1.32e+03,3.40e+01,2.70e+01
1.05e+03,1.16e+03,2.50e+01,2.40e+01
1.06e+03,1.27e+03,3.30e+01,2.80e+01
1.01e+03,1.24e+03,3.50e+01,2.70e+01
1.01e+03,1.26e+03,2.80e+01,2.40e+01
1.09e+03,1.25e+03,3.30e+01,2.70e+01
1.11e+03,1.31e+03,3.30e+01,2.80e+01
1.15e+03,1.27e+03,3.10e+01,2.60e+01
1.18e+03,1.35e+03,3.30e+01,2.80e+01
1.05e+03,1.18e+03,2.40e+01,2.40e+01
1.15e+03,1.30e+03,3.20e+01,2.70e+01
1.05e+03,1.18e+03,3.40e+01,2.70e+01
9.89e+02,1.19e+03,3.40e+01,2.90e+01
1.10e+03,1.26e+03,2.80e+01,2.40e+01
1.16e+03,1.36e+03,3.50e+01,2.80e+01
1.19e+03,1.41e+03,3.40e+01,2.80e+01
1.08e+03,1.28e+03,3.40e+01,2.80e+01
1.11e+03,1.28e+03,3.30e+01,2.80e+01
1.10e+03,1.33e+03,3.40e+01,2.80e+01
1.07e+03,1.33e+03,3.60e+01,2.90e+01
1.06e+03,1.29e+03,3.50e+01,2.90e+01
1.08e+03,1.30e+03,3.40e+01,2.70e+01
1.15e+03,1.34e+03,3.50e+01,2.80e+01
1.02e+03,1.30e+03,2.60e+01,2.50e+01
1.12e+03,1.19e+03,3.30e+01,2.80e+01
1.08e+03,1.24e+03,2.90e+01,2.40e+01
1.07e+03,1.21e+03,3.40e+01,2.80e+01
1.05e+03,1.34e+03,2.80e+01,2.70e+01
1.07e+03,1.25e+03,3.10e+01,2.70e+01
1.04e+03,1.19e+03,2.70e+01,2.60e+01
7.32e+02,1.20e+03,3.50e+01,2.80e+01
1.14e+03,1.34e+03,2.70e+01,2.70e+01
1.04e+03,1.37e+03,2.90e+01,2.40e+01
9.69e+02,1.29e+03,2.70e+01,2.70e+01
1.09e+03,1.22e+03,3.70e+01,2.90e+01
9.06e+02,1.06e+03,3.00e+01,2.40e+01
1.08e+03,1.32e+03,2.60e+01,2.40e+01
1.02e+03,1.30e+03,3.50e+01,2.70e+01
1.17e+03,1.36e+03,3.60e+01,2.80e+01
1.10e+03,1.39e+03,3.30e+01,2.80e+01
1.14e+03,1.32e+03,2.60e+01,2.40e+01
1.09e+03,1.30e+03,3.50e+01,2.90e+01
1.06e+03,1.32e+03,3.40e+01,2.90e+01
1.15e+03,1.30e+03,3.30e+01,2.80e+01
9.91e+02,1.28e+03,3.30e+01,2.80e+01
1.02e+03,1.31e+03,3.40e+01,2.80e+01
6.23e+02,1.04e+03,3.40e+01,2.80e+01
1.09e+03,1.36e+03,3.60e+01,2.80e+01
5.02e+02,8.96e+02,3.60e+01,2.90e+01
-3.93e+01,2.37e+01,3.30e+01,2.70e+01
1.02e+03,1.24e+03,3.40e+01,2.80e+01
4.56e+02,6.27e+02,3.50e+01,2.80e+01
1.03e+03,1.36e+03,3.50e+01,2.80e+01
1.05e+03,1.28e+03,3.50e+01,2.70e+01
1.03e+03,1.22e+03,3.40e+01,2.80e+01
2.28e+02,3.68e+02,3.30e+01,2.70e+01
1.20e+03,1.36e+03,3.20e+01,2.80e+01
1.13e+03,1.19e+03,3.70e+01,2.90e+01
1.08e+03,1.35e+03,3.30e+01,2.80e+01
1.05e+03,1.30e+03,3.40e+01,2.70e+01
8.46e+02,9.71e+02,3.40e+01,2.90e+01
1.07e+03,1.31e+03,2.70e+01,2.60e+01
1.03e+03,1.27e+03,3.40e+01,2.70e+01
1.06e+03,1.15e+03,3.70e+01,2.90e+01
8.99e+02,1.13e+03,3.50e+01,2.80e+01
1.07e+03,1.34e+03,3.60e+01,2.80e+01
1.01e+03,1.19e+03,3.20e+01,2.80e+01
1.03e+03,1.22e+03,3.30e+01,2.80e+01
1.16e+03,1.30e+03,3.30e+01,2.70e+01
1.07e+02,1.96e+02,3.50e+01,2.80e+01
1.05e+03,1.29e+03,3.40e+01,2.90e+01
1.03e+03,1.23e+03,3.40e+01,2.90e+01
1.17e+03,1.34e+03,3.50e+01,2.90e+01
6.14e+02,8.34e+02,3.10e+01,2.70e+01
1.12e+03,1.30e+03,3.40e+01,2.70e+01
1.12e+03,1.29e+03,3.40e+01,2.90e+01
1.14e+03,1.29e+03,2.80e+01,2.70e+01
1.08e+03,1.31e+03,2.50e+01,2.40e+01
1.07e+03,1.17e+03,3.30e+01,2.70e+01
5.40e+02,8.52e+02,3.40e+01,2.80e+01
1.15e+03,1.32e+03,3.40e+01,2.80e+01
1.16e+03,1.29e+03,3.40e+01,2.70e+01
1.04e+03,1.29e+03,3.50e+01,2.90e+01
1.66e+02,2.65e+02,3.40e+01,2.80e+01
1.47e+02,1.88e+02,3.60e+01,2.80e+01
1.04e+03,1.17e+03,3.30e+01,2.70e+01
1.02e+03,1.20e+03,2.80e+01,2.70e+01
9.95e+02,1.23e+03,3.50e+01,2.80e+01
1.09e+03,1.22e+03,3.30e+01,2.70e+01
1.13e+03,1.33e+03,3.50e+01,2.90e+01
1.04e+03,1.22e+03,3.50e+01,2.80e+01
1.04e+03,1.23e+03,3.50e+01,2.80e+01
9.18e+02,1.25e+03,3.20e+01,2.70e+01
1.16e+03,1.32e+03,3.40e+01,2.80e+01
1.02e+03,1.28e+03,3.20e+01,2.70e+01
9.58e+02,1.20e+03,3.20e+01,2.70e+01
1.01e+03,1.19e+03,3.30e+01,2.70e+01
9.33e+02,1.34e+03,3.00e+01,2.60e+01
7.70e+02,1.14e+03,3.30e+01,2.80e+01
1.11e+03,1.30e+03,3.50e+01,2.70e+01
1.15e+03,1.36e+03,3.50e+01,2.70e+01
1.03e+03,1.39e+03,2.80e+01,2.40e+01
1.10e+03,1.38e+03,3.30e+01,2.80e+01
1.09e+03,1.26e+03,3.10e+01,2.70e+01
1.18e+03,1.36e+03,3.20e+01,2.70e+01
1.10e+03,1.23e+03,3.30e+01,2.80e+01
9.82e+02,1.24e+03,3.40e+01,2.70e+01
1.01e+03,1.23e+03,3.60e+01,2.80e+01
1.12e+03,1.30e+03,3.50e+01,2.80e+01
1.11e+03,1.25e+03,3.40e+01,2.80e+01
1.10e+03,1.33e+03,3.50e+01,2.80e+01
9.82e+02,1.23e+03,3.40e+01,2.80e+01
1.01e+03,1.26e+03,2.90e+01,2.50e+01
1.00e+03,1.17e+03,3.50e+01,2.90e+01
1.11e+03,1.36e+03,3.20e+01,2.70e+01
1.11e+03,1.39e+03,3.70e+01,3.00e+01
1.13e+03,1.27e+03,3.50e+01,2.70e+01
1.06e+03,1.19e+03,3.40e+01,2.80e+01
9.58e+02,1.21e+03,3.50e+01,2.90e+01
1.09e+03,1.39e+03,3.70e+01,2.90e+01
1.10e+03,1.24e+03,3.40e+01,2.80e+01
1.08e+03,1.28e+03,3.60e+01,2.80e+01
1.16e+03,1.28e+03,2.90e+01,2.80e+01
1.05e+03,1.16e+03,2.90e+01,2.40e+01
1.21e+03,1.37e+03,3.30e+01,2.80e+01
1.06e+03,1.34e+03,3.40e+01,2.80e+01
1.02e+03,1.17e+03,3.60e+01,2.90e+01
9.31e+02,1.09e+03,3.40e+01,2.70e+01
9.81e+02,1.16e+03,2.80e+01,2.80e+01
9.85e+02,1.04e+03,2.80e+01,2.40e+01
1.06e+03,1.24e+03,3.30e+01,2.70e+01
1.14e+03,1.36e+03,3.50e+01,2.80e+01
1.09e+03,1.32e+03,3.50e+01,2.80e+01
9.95e+02,1.17e+03,2.80e+01,2.60e+01
1.01e+03,1.17e+03,3.70e+01,2.90e+01
1.14e+03,1.22e+03,3.40e+01,2.80e+01
1.15e+03,1.32e+03,3.40e+01,2.80e+01
1.04e+03,1.25e+03,3.60e+01,2.80e+01
1.07e+03,1.20e+03,3.30e+01,2.70e+01
1.08e+03,1.18e+03,3.10e+01,2.70e+01
1.14e+03,1.22e+03,3.60e+01,2.80e+01
1.05e+03,1.23e+03,3.60e+01,2.80e+01
9.62e+02,1.14e+03,3.50e+01,2.80e+01
1.08e+03,1.35e+03,3.50e+01,2.80e+01
1.10e+03,1.35e+03,3.50e+01,2.80e+01
4.35e+02,7.38e+02,2.90e+01,2.50e+01
1.08e+03,1.33e+03,3.60e+01,2.80e+01
1.03e+03,1.24e+03,3.30e+01,2.70e+01
1.13e+03,1.35e+03,3.50e+01,3.00e+01
1.08e+03,1.28e+03,3.30e+01,2.80e+01
1.09e+03,1.33e+03,3.40e+01,2.80e+01
1.13e+03,1.35e+03,3.30e+01,2.80e+01
1.11e+03,1.29e+03,2.60e+01,2.40e+01
1.03e+03,1.38e+03,3.50e+01,2.80e+01
1.18e+03,1.36e+03,2.60e+01,2.50e+01
1.00e+03,1.23e+03,3.50e+01,2.90e+01
1.13e+03,1.24e+03,3.40e+01,2.70e+01
2.21e+02,3.02e+02,3.30e+01,2.70e+01
1.10e+03,1.38e+03,3.50e+01,2.80e+01
1.11e+03,1.26e+03,3.50e+01,2.80e+01
2.18e+02,2.69e+02,3.50e+01,2.90e+01
1.04e+03,1.26e+03,3.50e+01,2.80e+01
1.05e+03,1.19e+03,3.30e+01,2.70e+01
7.66e+02,9.27e+02,2.80e+01,2.70e+01
1.03e+03,1.14e+03,3.40e+01,2.90e+01
8.84e+02,1.18e+03,3.40e+01,2.70e+01
1.15e+03,1.37e+03,3.50e+01,2.70e+01
1.06e+03,1.23e+03,3.10e+01,2.70e+01
2.34e+02,2.81e+02,2.60e+01,2.50e+01
9.89e+02,1.26e+03,3.40e+01,2.80e+01
1.04e+03,1.23e+03,3.40e+01,2.70e+01
1.13e+03,1.40e+03,3.30e+01,2.80e+01
9.56e+02,1.21e+03,3.50e+01,2.70e+01
1.10e+03,1.35e+03,3.30e+01,2.70e+01
1.10e+03,1.23e+03,3.40e+01,2.70e+01
1.09e+03,1.18e+03,3.30e+01,2.80e+01
1.04e+03,1.34e+03,3.30e+01,2.80e+01
1.11e+03,1.23e+03,3.30e+01,2.80e+01
1.14e+03,1.38e+03,3.50e+01,2.90e+01
1.11e+03,1.35e+03,3.60e+01,2.80e+01
1.06e+03,1.31e+03,2.80e+01,2.70e+01
1.10e+03,1.34e+03,3.30e+01,2.70e+01
1.11e+03,1.22e+03,3.30e+01,2.70e+01
1.10e+03,1.35e+03,3.50e+01,2.80e+01
1.12e+03,1.26e+03,2.70e+01,2.70e+01
1.11e+03,1.32e+03,3.40e+01,2.90e+01
8.33e+02,1.31e+03,3.40e+01,2.80e+01
1.13e+03,1.33e+03,3.30e+01,2.80e+01
1.13e+03,1.27e+03,2.90e+01,2.50e+01
-1.67e+01,1.13e+02,3.30e+01,2.80e+01
1.10e+03,1.29e+03,2.40e+01,2.40e+01
1.07e+03,1.27e+03,3.30e+01,2.80e+01
1.02e+03,1.27e+03,3.60e+01,2.90e+01
1.01e+03,1.28e+03,3.20e+01,2.70e+01
1.16e+03,1.35e+03,3.30e+01,2.80e+01
1.10e+03,1.36e+03,3.50e+01,2.80e+01
1.07e+03,1.24e+03,3.20e+01,2.70e+01
1.09e+03,1.25e+03,3.30e+01,2.80e+01
1.07e+03,1.34e+03,3.30e+01,2.80e+01
2.11e+02,2.79e+02,3.40e+01,2.70e+01
1.11e+03,1.27e+03,3.40e+01,2.80e+01
1.12e+03,1.41e+03,3.30e+01,2.80e+01
1.10e+03,1.22e+03,3.30e+01,2.70e+01
7.31e+02,1.15e+03,2.50e+01,2.40e+01
1.03e+03,1.33e+03,3.10e+01,2.70e+01
1.12e+03,1.32e+03,3.30e+01,2.80e+01
1.04e+03,1.25e+03,3.50e+01,2.70e+01
1.08e+03,1.34e+03,3.40e+01,2.90e+01
1.02e+03,1.35e+03,3.50e+01,2.70e+01
1.10e+03,1.19e+03,3.50e+01,2.70e+01
1.05e+03,1.19e+03,2.70e+01,2.60e+01
1.16e+03,1.34e+03,2.60e+01,2.50e+01
1.09e+03,1.29e+03,2.70e+01,2.70e+01
8.59e+02,1.35e+03,3.40e+01,2.70e+01
1.11e+03,1.27e+03,2.90e+01,2.50e+01
1.03e+03,1.23e+03,3.50e+01,2.80e+01
1.08e+03,1.36e+03,3.70e+01,3.00e+01
1.04e+03,1.29e+03,3.10e+01,2.70e+01
1.07e+03,1.22e+03,3.30e+01,2.70e+01
1.07e+03,1.29e+03,3.50e+01,2.80e+01
1.02e+03,1.25e+03,2.40e+01,2.40e+01
1.20e+03,1.40e+03,3.30e+01,2.80e+01
1.09e+03,1.30e+03,3.50e+01,2.90e+01
1.02e+03,1.18e+03,3.60e+01,2.80e+01
9.97e+02,1.19e+03,3.40e+01,2.90e+01
1.08e+03,1.25e+03,3.60e+01,2.90e+01
1.05e+03,1.28e+03,3.50e+01,2.80e+01
1.17e+03,1.37e+03,2.80e+01,2.70e+01
1.09e+03,1.32e+03,3.40e+01,2.90e+01
1.07e+03,1.24e+03,3.50e+01,2.80e+01
1.08e+03,1.29e+03,3.60e+01,3.00e+01
7.05e+02,1.05e+03,3.40e+01,2.80e+01
4.63e+01,6.36e+01,3.30e+01,2.70e+01
1.16e+03,1.28e+03,3.50e+01,2.80e+01
1.07e+03,1.30e+03,3.40e+01,2.80e+01
1.02e+03,1.37e+03,3.40e+01,2.80e+01
1.04e+03,1.29e+03,3.50e+01,2.80e+01
1.03e+03,1.37e+03,3.40e+01,2.90e+01
1.11e+03,1.35e+03,2.70e+01,2.70e+01
7.04e+02,1.28e+03,3.30e+01,2.70e+01
1.04e+03,1.22e+03,3.40e+01,2.90e+01
1.15e+03,1.33e+03,3.30e+01,2.80e+01
1.08e+03,1.22e+03,2.70e+01,2.60e+01
1.09e+03,1.29e+03,3.30e+01,2.80e+01
1.22e+03,1.28e+03,2.90e+01,2.80e+01
1.13e+03,1.32e+03,2.70e+01,2.70e+01
1.08e+03,1.33e+03,3.30e+01,2.80e+01
1.03e+03,1.26e+03,3.50e+01,2.90e+01
1.12e+03,1.26e+03,3.30e+01,2.70e+01
1.10e+03,1.37e+03,3.50e+01,2.80e+01
1.01e+03,1.21e+03,3.50e+01,2.90e+01
1.03e+03,1.29e+03,3.50e+01,2.80e+01
1.06e+03,1.29e+03,3.40e+01,2.80e+01
1.04e+03,1.32e+03,3.40e+01,2.80e+01
1.15e+03,1.33e+03,3.40e+01,2.70e+01
1.04e+03,1.15e+03,3.30e+01,2.80e+01
1.08e+03,1.38e+03,3.30e+01,2.70e+01
9.96e+02,1.23e+03,3.50e+01,3.00e+01
1.11e+03,1.34e+03,3.40e+01,2.80e+01
3.68e+02,4.94e+02,3.30e+01,2.70e+01
1.11e+03,1.30e+03,2.90e+01,2.80e+01
1.10e+03,1.21e+03,3.40e+01,2.80e+01
1.01e+03,1.19e+03,2.80e+01,2.70e+01
1.16e+03,1.32e+03,2.80e+01,2.70e+01
1.16e+03,1.34e+03,3.40e+01,2.80e+01
2.97e+02,4.39e+02,3.50e+01,2.80e+01
1.15e+03,1.34e+03,3.20e+01,2.80e+01
4.20e+02,5.99e+02,3.30e+01,2.70e+01
1.07e+03,1.33e+03,3.30e+01,2.80e+01
4.33e+02,8.83e+02,3.60e+01,2.80e+01
1.14e+03,1.36e+03,3.40e+01,2.80e+01
1.46e+02,2.87e+02,2.70e+01,2.70e+01
6.47e+02,1.03e+03,3.20e+01,2.70e+01
1.18e+03,1.31e+03,2.70e+01,2.60e+01
9.96e+02,1.22e+03,3.50e+01,2.90e+01
1.15e+03,1.32e+03,3.30e+01,2.70e+01
1.04e+03,1.33e+03,3.30e+01,2.80e+01
9.00e+02,1.06e+03,3.70e+01,2.90e+01
1.04e+03,1.31e+03,3.50e+01,2.70e+01
3.38e+02,6.83e+02,3.60e+01,2.90e+01
1.16e+03,1.25e+03,3.50e+01,2.80e+01
1.00e+03,1.32e+03,3.00e+01,2.50e+01
1.10e+03,1.20e+03,2.60e+01,2.50e+01
1.11e+03,1.35e+03,3.40e+01,2.80e+01
1.11e+03,1.27e+03,3.20e+01,2.70e+01
6.97e+02,9.81e+02,3.60e+01,2.70e+01
5.32e+02,1.07e+03,3.40e+01,2.70e+01
1.10e+03,1.23e+03,2.70e+01,2.60e+01
8.15e+02,9.95e+02,3.60e+01,2.90e+01
1.10e+03,1.22e+03,3.50e+01,3.00e+01
4.40e+02,9.58e+02,3.40e+01,2.80e+01
9.95e+02,1.31e+03,3.30e+01,2.70e+01
4.79e+02,9.06e+02,3.40e+01,2.90e+01
1.10e+03,1.21e+03,3.60e+01,2.80e+01
1.14e+03,1.41e+03,3.40e+01,2.80e+01
1.08e+03,1.34e+03,3.60e+01,2.80e+01
1.10e+03,1.24e+03,3.40e+01,2.90e+01
1.06e+03,1.19e+03,2.80e+01,2.80e+01
8.24e+02,1.32e+03,3.60e+01,2.80e+01
1.04e+03,1.28e+03,2.80e+01,2.40e+01
9.91e+02,1.27e+03,3.60e+01,2.90e+01
1.09e+03,1.32e+03,3.40e+01,2.70e+01
1.02e+03,1.14e+03,3.30e+01,2.80e+01
9.42e+02,1.11e+03,3.40e+01,2.90e+01
1.11e+03,1.23e+03,3.20e+01,2.70e+01
1.08e+03,1.32e+03,3.50e+01,2.80e+01
1.03e+03,1.11e+03,3.60e+01,2.80e+01
9.98e+02,1.25e+03,2.80e+01,2.70e+01
9.89e+02,1.19e+03,3.40e+01,2.80e+01
1.04e+03,1.26e+03,3.50e+01,2.80e+01
1.03e+03,1.19e+03,3.50e+01,2.80e+01
9.95e+02,1.18e+03,2.50e+01,2.40e+01
1.11e+03,1.21e+03,3.30e+01,2.80e+01
1.07e+03,1.36e+03,3.30e+01,2.80e+01
1.14e+03,1.35e+03,3.20e+01,2.70e+01
1.09e+03,1.34e+03,3.50e+01,2.80e+01
1.07e+03,1.25e+03,3.60e+01,2.90e+01
1.02e+03,1.24e+03,3.50e+01,2.80e+01
4.91e+02,8.24e+02,3.60e+01,2.90e+01
1.16e+03,1.38e+03,3.50e+01,2.80e+01
1.05e+03,1.32e+03,3.40e+01,2.80e+01
1.07e+03,1.28e+03,3.30e+01,2.80e+01
1.09e+03,1.41e+03,3.40e+01,2.90e+01
-5.54e+01,-4.48e+01,3.50e+01,2.70e+01
2.35e+02,2.75e+02,3.40e+01,2.80e+01
1.10e+03,1.25e+03,3.20e+01,2.60e+01
1.09e+03,1.21e+03,3.20e+01,2.70e+01
1.10e+03,1.38e+03,3.40e+01,2.90e+01
1.18e+03,1.30e+03,2.60e+01,2.50e+01
1.11e+03,1.30e+03,3.20e+01,2.70e+01
1.09e+03,1.28e+03,3.40e+01,2.80e+01
2.43e+02,2.91e+02,3.40e+01,2.70e+01
1.12e+03,1.29e+03,3.30e+01,2.70e+01
1.41e+02,2.67e+02,3.10e+01,2.60e+01
1.32e+02,3.38e+02,3.40e+01,2.70e+01
1.10e+03,1.31e+03,3.60e+01,2.80e+01
1.04e+03,1.30e+03,3.30e+01,2.70e+01
1.03e+03,1.24e+03,2.80e+01,2.70e+01
1.04e+03,1.26e+03,3.30e+01,2.70e+01
9.72e+02,1.34e+03,3.30e+01,2.70e+01
1.20e+03,1.41e+03,2.70e+01,2.60e+01
1.05e+03,1.29e+03,3.30e+01,2.70e+01
9.45e+02,1.18e+03,2.70e+01,2.60e+01
1.08e+03,1.17e+03,3.30e+01,2.70e+01
1.11e+03,1.29e+03,3.70e+01,3.00e+01
-3.22e+01,-5.61e+00,3.10e+01,2.60e+01
1.05e+03,1.32e+03,3.50e+01,2.80e+01
1.02e+03,1.16e+03,3.40e+01,2.80e+01
1.05e+03,1.17e+03,3.60e+01,2.80e+01
9.84e+02,1.13e+03,3.30e+01,2.70e+01
1.10e+03,1.27e+03,3.60e+01,2.80e+01
1.17e+03,1.35e+03,3.40e+01,2.80e+01
9.88e+02,1.14e+03,3.20e+01,2.70e+01
1.09e+03,1.30e+03,3.40e+01,2.80e+01
1.06e+03,1.31e+03,3.20e+01,2.70e+01
1.13e+03,1.31e+03,3.10e+01,2.70e+01
9.84e+02,1.32e+03,3.10e+01,2.70e+01
1.10e+03,1.37e+03,3.30e+01,2.80e+01
1.16e+03,1.35e+03,2.80e+01,2.80e+01
9.65e+02,1.23e+03,3.10e+01,2.70e+01
1.03e+03,1.39e+03,3.30e+01,2.80e+01
1.03e+03,1.22e+03,3.30e+01,2.80e+01
1.12e+03,1.37e+03,3.30e+01,2.80e+01
1.01e+03,1.28e+03,3.50e+01,2.70e+01
1.19e+03,1.34e+03,3.30e+01,2.80e+01
1.10e+03,1.37e+03,3.50e+01,2.80e+01
9.44e+02,1.18e+03,3.50e+01,2.80e+01
1.10e+03,1.32e+03,2.70e+01,2.60e+01
1.08e+03,1.21e+03,3.30e+01,2.70e+01
1.07e+03,1.23e+03,3.20e+01,2.70e+01
1.11e+03,1.34e+03,3.30e+01,2.70e+01
1.13e+03,1.23e+03,3.00e+01,2.50e+01
1.13e+03,1.35e+03,3.50e+01,2.90e+01
1.13e+03,1.25e+03,3.70e+01,3.00e+01
1.08e+03,1.17e+03,2.80e+01,2.70e+01
9.40e+02,1.29e+03,3.40e+01,2.70e+01
1.17e+03,1.34e+03,3.30e+01,2.70e+01
1.10e+03,1.28e+03,2.70e+01,2.70e+01
1.02e+03,1.19e+03,2.50e+01,2.40e+01
1.08e+03,1.21e+03,3.50e+01,2.80e+01
1.05e+03,1.24e+03,3.40e+01,2.80e+01
1.07e+03,1.34e+03,3.40e+01,2.80e+01
1.06e+03,1.22e+03,3.50e+01,2.80e+01
1.04e+03,1.25e+03,3.40e+01,2.80e+01
1.09e+03,1.40e+03,3.50e+01,2.80e+01
9.49e+02,1.09e+03,3.50e+01,2.90e+01
1.18e+03,1.29e+03,3.10e+01,2.70e+01
1.13e+03,1.31e+03,2.50e+01,2.50e+01
1.10e+03,1.35e+03,3.30e+01,2.70e+01
1.02e+03,1.22e+03,3.60e+01,2.90e+01
8.18e+02,1.01e+03,3.60e+01,2.90e+01
-5.60e+01,-3.97e+01,3.50e+01,2.80e+01
5.99e+02,1.06e+03,3.60e+01,2.80e+01
1.15e+03,1.30e+03,3.40e+01,2.80e+01
1.47e+02,5.70e+02,3.40e+01,2.70e+01
1.10e+03,1.25e+03,2.90e+01,2.40e+01
1.08e+03,1.23e+03,3.30e+01,2.80e+01
1.12e+03,1.33e+03,2.90e+01,2.40e+01
1.08e+03,1.26e+03,3.60e+01,3.00e+01
1.11e+03,1.36e+03,3.60e+01,2.70e+01
1.18e+03,1.33e+03,3.30e+01,2.70e+01
1.05e+03,1.31e+03,3.50e+01,2.70e+01
4.72e+02,1.07e+03,3.40e+01,2.80e+01
9.77e+02,1.14e+03,3.50e+01,2.80e+01
1.01e+03,1.13e+03,3.70e+01,2.90e+01
1.16e+03,1.30e+03,2.80e+01,2.70e+01
1.04e+03,1.18e+03,3.60e+01,2.80e+01
1.08e+03,1.29e+03,3.00e+01,2.50e+01
1.15e+03,1.25e+03,3.40e+01,2.90e+01
1.05e+03,1.31e+03,2.70e+01,2.70e+01
1.18e+03,1.39e+03,3.30e+01,2.80e+01
1.07e+03,1.22e+03,3.50e+01,2.80e+01
5.78e+02,9.14e+02,3.40e+01,2.90e+01
9.85e+02,1.22e+03,3.40e+01,2.80e+01
1.06e+03,1.31e+03,3.40e+01,2.90e+01
1.05e+03,1.21e+03,3.30e+01,2.80e+01
9.68e+02,1.21e+03,3.50e+01,2.80e+01
1.10e+03,1.34e+03,3.20e+01,2.70e+01
1.14e+03,1.37e+03,3.40e+01,2.90e+01
1.06e+03,1.28e+03,3.30e+01,2.70e+01
1.10e+03,1.38e+03,3.60e+01,2.80e+01
1.00e+03,1.22e+03,3.30e+01,2.80e+01
1.10e+03,1.24e+03,2.80e+01,2.70e+01
1.13e+03,1.36e+03,3.30e+01,2.80e+01
1.10e+03,1.33e+03,3.30e+01,2.80e+01
9.21e+02,1.15e+03,2.50e+01,2.40e+01
1.11e+03,1.36e+03,3.50e+01,2.80e+01
1.13e+03,1.32e+03,3.50e+01,2.70e+01
1.19e+03,1.35e+03,3.30e+01,2.80e+01
1.11e+03,1.21e+03,3.50e+01,3.00e+01
7.06e+02,9.64e+02,3.20e+01,2.70e+01
1.11e+03,1.32e+03,3.10e+01,2.60e+01
1.09e+03,1.39e+03,3.20e+01,2.70e+01
5.49e+02,7.08e+02,3.30e+01,2.70e+01
8.02e+02,9.64e+02,3.60e+01,3.10e+01
1.05e+03,1.32e+03,3.60e+01,2.90e+01
1.15e+03,1.25e+03,3.40e+01,2.80e+01
9.70e+02,1.20e+03,3.40e+01,2.90e+01
1.13e+03,1.34e+03,3.40e+01,2.80e+01
1.19e+03,1.37e+03,3.30e+01,2.80e+01
1.04e+03,1.32e+03,3.50e+01,2.90e+01
4.11e+02,5.24e+02,3.30e+01,2.80e+01
1.10e+03,1.25e+03,3.10e+01,2.70e+01
1.13e+03,1.36e+03,3.30e+01,2.80e+01
1.16e+03,1.34e+03,3.30e+01,2.80e+01
1.03e+03,1.34e+03,2.70e+01,2.60e+01
1.03e+03,1.28e+03,3.40e+01,2.70e+01
1.06e+03,1.21e+03,2.60e+01,2.40e+01
1.11e+03,1.38e+03,2.70e+01,2.70e+01
1.11e+03,1.20e+03,3.40e+01,2.80e+01
1.15e+03,1.33e+03,3.40e+01,2.80e+01
1.06e+03,1.37e+03,3.30e+01,2.70e+01
1.10e+03,1.33e+03,3.40e+01,2.80e+01
1.05e+03,1.30e+03,3.40e+01,2.80e+01
1.24e+03,1.35e+03,3.70e+01,3.00e+01
1.21e+03,1.40e+03,2.40e+01,2.40e+01
2.22e+02,2.45e+02,2.80e+01,2.80e+01
1.07e+03,1.23e+03,3.10e+01,2.60e+01
1.02e+03,1.09e+03,3.50e+01,2.80e+01
1.16e+03,1.36e+03,2.80e+01,2.40e+01
1.16e+03,1.28e+03,3.20e+01,2.70e+01
1.12e+03,1.34e+03,3.30e+01,2.80e+01
8.96e+02,1.15e+03,3.60e+01,2.80e+01
1.15e+03,1.33e+03,3.30e+01,2.70e+01
1.05e+03,1.36e+03,3.50e+01,2.80e+01
9.59e+02,1.16e+03,3.30e+01,2.80e+01
1.12e+03,1.24e+03,3.10e+01,2.70e+01
1.04e+03,1.31e+03,3.60e+01,2.90e+01
9.84e+02,1.27e+03,3.60e+01,2.80e+01
