1.04e+03,1.21e+03,4.40e+01,3.20e+01
1.08e+03,1.20e+03,5.70e+01,3.90e+01
1.20e+03,1.34e+03,5.00e+01,3.50e+01
1.08e+03,1.32e+03,4.80e+01,3.40e+01
1.13e+03,1.32e+03,4.90e+01,3.40e+01
1.06e+03,1.40e+03,4.40e+01,3.20e+01
1.21e+03,1.29e+03,5.70e+01,3.90e+01
1.18e+03,1.32e+03,5.00e+01,3.60e+01
1.04e+03,1.22e+03,4.80e+01,3.40e+01
1.07e+03,1.27e+03,4.70e+01,3.30e+01
1.10e+03,1.18e+03,4.50e+01,3.30e+01
1.18e+03,1.29e+03,5.20e+01,3.60e+01
1.02e+03,1.28e+03,4.40e+01,3.20e+01
1.11e+03,1.26e+03,4.70e+01,3.30e+01
1.24e+03,1.31e+03,5.00e+01,3.60e+01
1.11e+03,1.29e+03,4.60e+01,3.20e+01
1.18e+03,1.32e+03,4.80e+01,3.40e+01
1.09e+03,1.23e+03,4.90e+01,3.40e+01
1.14e+03,1.24e+03,5.80e+01,4.00e+01
1.06e+03,1.31e+03,4.40e+01,3.20e+01
1.11e+03,1.37e+03,4.70e+01,3.30e+01
1.20e+03,1.30e+03,5.00e+01,3.60e+01
1.15e+03,1.35e+03,4.50e+01,3.30e+01
1.08e+03,1.28e+03,5.30e+01,3.60e+01
1.18e+03,1.38e+03,4.80e+01,3.40e+01
1.10e+03,1.32e+03,4.90e+01,3.40e+01
1.13e+03,1.31e+03,5.30e+01,3.70e+01
1.12e+03,1.34e+03,4.40e+01,3.20e+01
1.16e+03,1.26e+03,5.00e+01,3.60e+01
1.19e+03,1.34e+03,4.90e+01,3.50e+01
1.13e+03,1.33e+03,4.70e+01,3.40e+01
1.04e+03,1.20e+03,4.60e+01,3.20e+01
1.11e+03,1.32e+03,4.80e+01,3.40e+01
1.09e+03,1.25e+03,4.70e+01,3.30e+01
1.20e+03,1.34e+03,5.00e+01,3.40e+01
1.08e+03,1.33e+03,5.30e+01,3.60e+01
1.05e+03,1.39e+03,4.70e+01,3.30e+01
1.08e+03,1.27e+03,4.90e+01,3.40e+01
9.53e+02,1.36e+03,5.10e+01,3.70e+01
1.24e+03,1.33e+03,5.00e+01,3.50e+01
1.17e+03,1.27e+03,5.10e+01,3.50e+01
6.42e+02,9.96e+02,5.10e+01,3.60e+01
1.09e+03,1.28e+03,5.20e+01,3.60e+01
1.05e+03,1.21e+03,5.80e+01,4.00e+01
9.88e+02,1.15e+03,4.40e+01,3.20e+01
9.84e+02,1.22e+03,4.80e+01,3.30e+01
1.25e+03,1.30e+03,5.00e+01,3.50e+01
1.09e+03,1.28e+03,4.40e+01,3.20e+01
9.46e+02,1.18e+03,4.80e+01,3.40e+01
1.14e+03,1.34e+03,5.00e+01,3.50e+01
1.12e+03,1.22e+03,4.90e+01,3.40e+01
9.60e+02,1.14e+03,4.50e+01,3.30e+01
1.15e+03,1.35e+03,5.00e+01,3.50e+01
5.10e+02,7.03e+02,5.10e+01,3.60e+01
1.14e+03,1.26e+03,5.00e+01,3.60e+01
1.05e+03,1.20e+03,5.80e+01,3.90e+01
1.10e+03,1.36e+03,4.40e+01,3.20e+01
1.15e+03,1.28e+03,4.90e+01,3.50e+01
1.13e+03,1.24e+03,6.00e+01,4.10e+01
1.14e+03,1.30e+03,4.90e+01,3.40e+01
1.10e+03,1.24e+03,5.20e+01,3.60e+01
1.08e+03,1.19e+03,5.00e+01,3.60e+01
1.11e+03,1.33e+03,4.40e+01,3.20e+01
1.04e+03,1.28e+03,4.70e+01,3.30e+01
1.06e+03,1.29e+03,4.60e+01,3.30e+01
1.05e+03,1.33e+03,5.10e+01,3.60e+01
9.87e+02,1.10e+03,4.90e+01,3.40e+01
1.14e+03,1.32e+03,5.90e+01,4.00e+01
1.06e+03,1.35e+03,4.50e+01,3.30e+01
9.82e+02,1.18e+03,4.80e+01,3.40e+01
1.14e+03,1.31e+03,5.00e+01,3.50e+01
1.10e+03,1.39e+03,4.40e+01,3.20e+01
1.09e+03,1.22e+03,4.80e+01,3.40e+01
1.19e+03,1.34e+03,5.00e+01,3.50e+01
1.01e+03,1.30e+03,4.50e+01,3.30e+01
1.08e+03,1.25e+03,4.40e+01,3.20e+01
1.09e+03,1.38e+03,4.60e+01,3.30e+01
1.13e+03,1.31e+03,4.80e+01,3.40e+01
1.16e+03,1.30e+03,5.80e+01,4.00e+01
1.13e+03,1.32e+03,5.30e+01,3.60e+01
1.08e+03,1.21e+03,4.80e+01,3.40e+01
1.03e+03,1.31e+03,4.60e+01,3.30e+01
1.15e+03,1.35e+03,5.20e+01,3.70e+01
1.05e+03,1.15e+03,4.50e+01,3.30e+01
1.18e+03,1.31e+03,5.00e+01,3.50e+01
1.12e+03,1.27e+03,5.10e+01,3.60e+01
1.07e+03,1.25e+03,4.50e+01,3.20e+01
1.15e+03,1.25e+03,5.90e+01,4.00e+01
1.21e+03,1.32e+03,5.10e+01,3.50e+01
1.19e+03,1.34e+03,5.10e+01,3.70e+01
9.37e+02,1.17e+03,4.50e+01,3.20e+01
9.51e+02,1.20e+03,4.50e+01,3.30e+01
1.07e+03,1.19e+03,4.60e+01,3.20e+01
1.09e+03,1.35e+03,4.90e+01,3.40e+01
1.05e+03,1.21e+03,4.80e+01,3.40e+01
1.19e+03,1.27e+03,5.80e+01,3.90e+01
1.04e+03,1.28e+03,4.50e+01,3.20e+01
1.06e+03,1.32e+03,4.60e+01,3.30e+01
-4.61e+01,2.08e+01,4.40e+01,3.20e+01
1.10e+03,1.26e+03,5.40e+01,3.60e+01
1.18e+03,1.31e+03,4.40e+01,3.20e+01
1.08e+03,1.25e+03,4.60e+01,3.40e+01
1.12e+03,1.29e+03,4.80e+01,3.40e+01
1.09e+03,1.22e+03,4.80e+01,3.40e+01
9.86e+02,1.20e+03,5.00e+01,3.60e+01
8.90e+02,1.07e+03,5.30e+01,3.60e+01
1.10e+03,1.36e+03,4.90e+01,3.40e+01
1.09e+03,1.33e+03,5.20e+01,3.60e+01
1.20e+03,1.32e+03,5.90e+01,4.00e+01
1.18e+03,1.31e+03,5.90e+01,4.00e+01
1.17e+03,1.27e+03,5.00e+01,3.60e+01
1.18e+03,1.32e+03,5.10e+01,3.70e+01
1.12e+03,1.34e+03,4.90e+01,3.40e+01
1.06e+03,1.16e+03,4.60e+01,3.20e+01
9.40e+02,1.16e+03,4.50e+01,3.30e+01
9.50e+02,1.24e+03,4.40e+01,3.20e+01
1.11e+03,1.39e+03,4.70e+01,3.30e+01
1.16e+03,1.33e+03,5.00e+01,3.50e+01
1.06e+03,1.32e+03,5.80e+01,4.00e+01
9.94e+02,1.15e+03,4.80e+01,3.40e+01
1.02e+03,1.25e+03,4.70e+01,3.30e+01
1.03e+03,1.27e+03,4.50e+01,3.30e+01
1.14e+03,1.30e+03,4.40e+01,3.20e+01
1.05e+03,1.25e+03,5.90e+01,4.00e+01
1.03e+03,1.34e+03,4.70e+01,3.30e+01
1.15e+03,1.40e+03,4.50e+01,3.20e+01
1.20e+03,1.30e+03,5.20e+01,3.70e+01
9.94e+02,1.26e+03,4.80e+01,3.40e+01
1.19e+03,1.35e+03,5.20e+01,3.70e+01
1.06e+03,1.29e+03,4.90e+01,3.50e+01
1.10e+03,1.33e+03,5.70e+01,3.90e+01
1.11e+03,1.30e+03,6.00e+01,4.10e+01
1.20e+03,1.29e+03,5.00e+01,3.50e+01
1.09e+03,1.29e+03,4.60e+01,3.20e+01
1.11e+03,1.27e+03,5.00e+01,3.40e+01
8.98e+02,1.08e+03,5.80e+01,4.00e+01
1.08e+03,1.24e+03,5.00e+01,3.60e+01
1.05e+03,1.26e+03,4.40e+01,3.20e+01
1.02e+03,1.14e+03,4.70e+01,3.30e+01
1.12e+03,1.22e+03,5.10e+01,3.50e+01
1.06e+03,1.29e+03,4.50e+01,3.20e+01
1.10e+03,1.31e+03,5.70e+01,3.90e+01
1.15e+03,1.30e+03,5.00e+01,3.50e+01
1.15e+03,1.34e+03,5.90e+01,4.00e+01
9.77e+02,1.31e+03,4.80e+01,3.40e+01
1.21e+03,1.32e+03,4.90e+01,3.40e+01
1.16e+03,1.27e+03,5.70e+01,3.90e+01
1.17e+03,1.35e+03,4.60e+01,3.20e+01
1.17e+03,1.32e+03,4.60e+01,3.40e+01
1.10e+03,1.35e+03,5.80e+01,4.00e+01
3.28e+02,6.61e+02,5.20e+01,3.60e+01
1.04e+03,1.37e+03,4.70e+01,3.30e+01
1.11e+03,1.33e+03,5.10e+01,3.70e+01
1.18e+03,1.27e+03,4.90e+01,3.50e+01
1.04e+03,1.30e+03,4.90e+01,3.40e+01
1.04e+03,1.23e+03,4.50e+01,3.30e+01
1.03e+03,1.19e+03,4.70e+01,3.40e+01
1.08e+03,1.33e+03,4.50e+01,3.30e+01
1.06e+03,1.27e+03,4.60e+01,3.20e+01
1.09e+03,1.28e+03,4.90e+01,3.40e+01
9.86e+02,1.17e+03,4.50e+01,3.30e+01
1.13e+03,1.39e+03,4.50e+01,3.30e+01
4.20e+02,6.14e+02,5.20e+01,3.60e+01
1.14e+03,1.33e+03,5.10e+01,3.60e+01
1.11e+03,1.24e+03,5.30e+01,3.60e+01
1.13e+03,1.31e+03,5.20e+01,3.60e+01
1.22e+03,1.35e+03,5.20e+01,3.70e+01
1.08e+03,1.26e+03,5.00e+01,3.50e+01
1.09e+03,1.32e+03,5.30e+01,3.60e+01
1.07e+03,1.24e+03,4.40e+01,3.20e+01
1.19e+03,1.32e+03,5.20e+01,3.60e+01
1.15e+03,1.22e+03,5.00e+01,3.50e+01
5.55e+02,6.74e+02,4.60e+01,3.30e+01
1.09e+03,1.33e+03,4.50e+01,3.20e+01
1.18e+03,1.24e+03,5.20e+01,3.70e+01
1.19e+03,1.32e+03,5.00e+01,3.50e+01
1.16e+03,1.32e+03,5.80e+01,4.00e+01
1.06e+03,1.39e+03,4.70e+01,3.30e+01
1.04e+03,1.21e+03,5.80e+01,4.00e+01
1.11e+03,1.28e+03,5.70e+01,3.90e+01
1.01e+03,1.23e+03,4.80e+01,3.40e+01
1.03e+03,1.33e+03,4.80e+01,3.30e+01
-5.18e+01,-3.28e+01,5.00e+01,3.60e+01
2.34e+02,2.66e+02,4.50e+01,3.30e+01
1.14e+03,1.31e+03,5.70e+01,3.90e+01
1.06e+03,1.31e+03,4.60e+01,3.30e+01
1.19e+03,1.35e+03,4.50e+01,3.20e+01
1.14e+03,1.31e+03,5.00e+01,3.60e+01
1.20e+03,1.29e+03,5.00e+01,3.50e+01
1.04e+03,1.15e+03,5.10e+01,3.50e+01
1.22e+03,1.31e+03,5.90e+01,4.00e+01
9.88e+02,1.20e+03,4.50e+01,3.20e+01
1.19e+03,1.38e+03,4.50e+01,3.20e+01
1.25e+03,1.34e+03,4.90e+01,3.40e+01
1.20e+03,1.32e+03,5.30e+01,3.60e+01
9.72e+02,1.16e+03,4.50e+01,3.30e+01
1.12e+03,1.21e+03,5.30e+01,3.60e+01
1.12e+03,1.31e+03,4.50e+01,3.30e+01
1.20e+03,1.35e+03,5.90e+01,4.00e+01
1.08e+03,1.40e+03,4.80e+01,3.40e+01
1.06e+03,1.32e+03,4.70e+01,3.30e+01
1.14e+03,1.24e+03,5.80e+01,4.00e+01
1.06e+03,1.39e+03,4.50e+01,3.20e+01
9.79e+02,1.31e+03,4.50e+01,3.30e+01
1.23e+02,2.33e+02,4.80e+01,3.40e+01
1.21e+03,1.38e+03,5.00e+01,3.50e+01
1.02e+03,1.35e+03,4.40e+01,3.20e+01
1.05e+03,1.22e+03,5.00e+01,3.60e+01
1.03e+03,1.34e+03,4.70e+01,3.20e+01
1.14e+03,1.40e+03,4.50e+01,3.30e+01
9.49e+02,1.24e+03,4.80e+01,3.40e+01
1.22e+03,1.31e+03,4.80e+01,3.40e+01
1.07e+03,1.17e+03,4.80e+01,3.30e+01
1.07e+03,1.20e+03,5.20e+01,3.60e+01
1.14e+03,1.34e+03,4.40e+01,3.20e+01
1.20e+03,1.30e+03,4.50e+01,3.30e+01
1.07e+03,1.21e+03,4.60e+01,3.40e+01
1.14e+03,1.29e+03,5.00e+01,3.60e+01
1.02e+03,1.30e+03,4.60e+01,3.20e+01
1.11e+03,1.32e+03,5.80e+01,3.90e+01
1.13e+03,1.35e+03,5.10e+01,3.50e+01
1.13e+03,1.24e+03,4.90e+01,3.50e+01
9.93e+02,1.32e+03,4.50e+01,3.20e+01
1.16e+03,1.31e+03,4.80e+01,3.40e+01
1.16e+03,1.30e+03,4.80e+01,3.40e+01
1.07e+03,1.28e+03,4.80e+01,3.40e+01
1.17e+03,1.34e+03,4.80e+01,3.40e+01
1.10e+03,1.22e+03,5.00e+01,3.60e+01
1.03e+03,1.25e+03,4.90e+01,3.40e+01
1.12e+03,1.18e+03,5.10e+01,3.50e+01
4.48e+02,8.06e+02,4.90e+01,3.50e+01
1.11e+03,1.32e+03,4.90e+01,3.40e+01
1.18e+03,1.36e+03,4.50e+01,3.20e+01
1.11e+03,1.32e+03,5.30e+01,3.60e+01
1.09e+03,1.28e+03,5.00e+01,3.50e+01
1.05e+03,1.28e+03,4.40e+01,3.20e+01
1.12e+03,1.26e+03,5.00e+01,3.50e+01
1.18e+03,1.31e+03,5.80e+01,3.90e+01
1.15e+03,1.35e+03,4.90e+01,3.40e+01
1.19e+03,1.30e+03,5.00e+01,3.50e+01
1.11e+03,1.30e+03,4.70e+01,3.30e+01
1.11e+03,1.18e+03,5.10e+01,3.50e+01
1.12e+03,1.31e+03,5.70e+01,3.90e+01
1.19e+03,1.33e+03,4.80e+01,3.40e+01
9.10e+02,1.11e+03,4.50e+01,3.20e+01
8.58e+02,9.72e+02,5.10e+01,3.60e+01
1.14e+03,1.37e+03,4.40e+01,3.20e+01
1.10e+03,1.27e+03,4.60e+01,3.40e+01
1.23e+03,1.35e+03,5.00e+01,3.60e+01
1.12e+03,1.29e+03,5.10e+01,3.50e+01
1.17e+03,1.35e+03,5.40e+01,3.70e+01
1.00e+03,1.15e+03,4.60e+01,3.30e+01
1.12e+03,1.34e+03,5.80e+01,4.00e+01
1.06e+03,1.31e+03,4.90e+01,3.50e+01
1.18e+03,1.26e+03,4.60e+01,3.30e+01
5.54e+02,8.89e+02,4.90e+01,3.40e+01
1.10e+03,1.35e+03,4.90e+01,3.40e+01
1.03e+03,1.25e+03,4.80e+01,3.40e+01
1.08e+03,1.40e+03,4.40e+01,3.20e+01
1.09e+03,1.29e+03,4.80e+01,3.40e+01
1.14e+03,1.34e+03,5.30e+01,3.70e+01
1.14e+03,1.38e+03,4.90e+01,3.50e+01
9.85e+02,1.24e+03,4.60e+01,3.20e+01
1.10e+03,1.20e+03,5.10e+01,3.60e+01
1.18e+03,1.31e+03,4.90e+01,3.40e+01
1.08e+03,1.30e+03,5.00e+01,3.50e+01
1.20e+03,1.31e+03,5.00e+01,3.60e+01
1.12e+03,1.28e+03,4.40e+01,3.20e+01
-5.58e+01,-2.47e+01,4.80e+01,3.40e+01
1.23e+03,1.37e+03,4.90e+01,3.40e+01
1.10e+03,1.32e+03,5.00e+01,3.60e+01
1.14e+03,1.37e+03,4.50e+01,3.20e+01
1.13e+03,1.24e+03,5.30e+01,3.60e+01
1.08e+03,1.33e+03,5.10e+01,3.60e+01
5.49e+02,8.37e+02,5.10e+01,3.70e+01
1.13e+03,1.28e+03,4.80e+01,3.30e+01
1.06e+03,1.25e+03,4.70e+01,3.30e+01
5.64e+02,8.04e+02,5.10e+01,3.60e+01
1.11e+03,1.33e+03,5.00e+01,3.50e+01
1.08e+03,1.35e+03,5.00e+01,3.50e+01
1.13e+03,1.30e+03,5.80e+01,3.90e+01
1.05e+03,1.37e+03,4.50e+01,3.30e+01
1.13e+03,1.27e+03,4.70e+01,3.40e+01
1.05e+03,1.23e+03,5.70e+01,3.90e+01
1.05e+03,1.32e+03,5.80e+01,3.90e+01
9.53e+02,1.08e+03,4.80e+01,3.40e+01
1.05e+03,1.27e+03,4.60e+01,3.30e+01
1.12e+03,1.32e+03,5.20e+01,3.60e+01
1.13e+03,1.37e+03,4.80e+01,3.40e+01
1.03e+03,1.40e+03,4.80e+01,3.30e+01
1.02e+03,1.17e+03,4.40e+01,3.20e+01
1.10e+03,1.28e+03,4.80e+01,3.40e+01
1.17e+03,1.35e+03,5.20e+01,3.70e+01
1.18e+03,1.31e+03,5.80e+01,4.00e+01
1.18e+03,1.29e+03,5.00e+01,3.50e+01
1.07e+03,1.37e+03,4.50e+01,3.20e+01
1.10e+03,1.25e+03,4.40e+01,3.20e+01
4.02e+02,6.44e+02,5.80e+01,4.00e+01
3.81e+02,5.22e+02,4.50e+01,3.20e+01
1.13e+03,1.31e+03,5.80e+01,4.00e+01
1.19e+03,1.33e+03,5.80e+01,3.90e+01
1.10e+03,1.23e+03,4.40e+01,3.20e+01
1.15e+03,1.32e+03,4.80e+01,3.30e+01
1.07e+03,1.19e+03,4.50e+01,3.30e+01
1.15e+03,1.39e+03,4.40e+01,3.20e+01
1.09e+03,1.27e+03,5.00e+01,3.60e+01
1.01e+03,1.27e+03,4.90e+01,3.40e+01
1.16e+03,1.27e+03,5.70e+01,3.90e+01
1.17e+03,1.29e+03,4.90e+01,3.40e+01
1.16e+03,1.29e+03,5.70e+01,3.90e+01
1.16e+03,1.34e+03,4.80e+01,3.40e+01
1.09e+03,1.27e+03,5.70e+01,3.90e+01
1.21e+03,1.33e+03,5.00e+01,3.40e+01
1.07e+03,1.33e+03,4.50e+01,3.30e+01
1.17e+03,1.36e+03,4.50e+01,3.20e+01
1.07e+03,1.39e+03,4.60e+01,3.30e+01
9.88e+02,1.16e+03,4.50e+01,3.20e+01
1.07e+03,1.20e+03,5.70e+01,3.90e+01
1.10e+03,1.21e+03,5.00e+01,3.50e+01
1.14e+03,1.30e+03,4.90e+01,3.40e+01
3.75e+02,7.83e+02,5.70e+01,3.90e+01
1.10e+03,1.24e+03,4.80e+01,3.40e+01
1.10e+03,1.30e+03,4.50e+01,3.30e+01
1.13e+03,1.30e+03,4.50e+01,3.20e+01
1.24e+03,1.35e+03,5.30e+01,3.70e+01
8.37e+02,1.13e+03,5.20e+01,3.60e+01
1.16e+03,1.34e+03,4.90e+01,3.50e+01
1.08e+03,1.16e+03,5.90e+01,4.00e+01
1.16e+03,1.25e+03,5.30e+01,3.70e+01
1.14e+03,1.33e+03,4.90e+01,3.40e+01
1.15e+03,1.30e+03,4.80e+01,3.40e+01
1.09e+03,1.27e+03,4.40e+01,3.20e+01
8.85e+01,2.36e+02,5.00e+01,3.50e+01
1.21e+03,1.31e+03,4.90e+01,3.40e+01
9.48e+02,1.16e+03,5.00e+01,3.50e+01
1.08e+03,1.32e+03,4.90e+01,3.40e+01
7.38e+02,1.25e+03,4.90e+01,3.40e+01
5.95e+02,1.00e+03,4.50e+01,3.20e+01
1.06e+03,1.38e+03,4.70e+01,3.30e+01
1.07e+03,1.33e+03,4.50e+01,3.30e+01
1.23e+03,1.33e+03,5.00e+01,3.50e+01
1.06e+03,1.25e+03,5.20e+01,3.60e+01
1.12e+03,1.39e+03,4.50e+01,3.30e+01
1.17e+03,1.35e+03,4.40e+01,3.20e+01
1.05e+03,1.34e+03,4.80e+01,3.40e+01
1.08e+03,1.26e+03,4.80e+01,3.40e+01
1.13e+03,1.36e+03,5.70e+01,3.90e+01
5.87e+02,8.73e+02,4.60e+01,3.40e+01
1.04e+03,1.25e+03,4.40e+01,3.20e+01
1.19e+03,1.25e+03,5.20e+01,3.70e+01
1.20e+03,1.29e+03,5.80e+01,4.00e+01
1.03e+03,1.31e+03,4.50e+01,3.30e+01
4.13e+02,9.23e+02,4.90e+01,3.50e+01
3.55e+02,6.68e+02,5.30e+01,3.70e+01
8.92e+02,1.07e+03,5.30e+01,3.70e+01
1.07e+03,1.22e+03,4.60e+01,3.30e+01
1.17e+03,1.26e+03,5.00e+01,3.40e+01
9.97e+02,1.34e+03,4.70e+01,3.30e+01
1.02e+03,1.12e+03,4.50e+01,3.20e+01
1.12e+03,1.30e+03,5.10e+01,3.50e+01
1.14e+03,1.31e+03,5.10e+01,3.60e+01
1.09e+03,1.16e+03,4.60e+01,3.30e+01
1.17e+03,1.33e+03,5.10e+01,3.50e+01
1.09e+03,1.36e+03,4.50e+01,3.20e+01
1.17e+03,1.35e+03,4.80e+01,3.40e+01
1.09e+03,1.15e+03,5.70e+01,3.90e+01
1.19e+03,1.28e+03,5.10e+01,3.50e+01
1.18e+03,1.37e+03,4.70e+01,3.30e+01
1.17e+03,1.34e+03,4.80e+01,3.40e+01
1.06e+03,1.29e+03,4.90e+01,3.50e+01
1.00e+03,1.10e+03,4.80e+01,3.40e+01
1.02e+03,1.29e+03,4.90e+01,3.40e+01
1.15e+03,1.35e+03,4.90e+01,3.40e+01
1.06e+02,2.07e+02,4.90e+01,3.40e+01
1.05e+03,1.33e+03,5.70e+01,3.90e+01
1.14e+03,1.30e+03,5.00e+01,3.50e+01
7.07e+02,1.05e+03,5.70e+01,3.90e+01
1.08e+03,1.24e+03,5.00e+01,3.60e+01
1.18e+03,1.33e+03,5.40e+01,3.70e+01
1.10e+03,1.31e+03,5.00e+01,3.50e+01
1.12e+03,1.24e+03,5.00e+01,3.40e+01
1.15e+03,1.25e+03,5.00e+01,3.50e+01
1.11e+03,1.25e+03,5.00e+01,3.50e+01
1.20e+03,1.34e+03,4.90e+01,3.40e+01
1.14e+03,1.23e+03,5.70e+01,3.90e+01
1.09e+03,1.25e+03,5.00e+01,3.40e+01
1.15e+03,1.33e+03,5.00e+01,3.50e+01
1.07e+03,1.32e+03,4.60e+01,3.20e+01
1.11e+03,1.25e+03,5.80e+01,4.00e+01
1.03e+03,1.19e+03,5.10e+01,3.60e+01
9.33e+02,1.02e+03,4.50e+01,3.30e+01
1.17e+03,1.34e+03,5.70e+01,3.90e+01
1.20e+03,1.31e+03,5.70e+01,3.90e+01
1.13e+03,1.34e+03,5.00e+01,3.50e+01
1.19e+03,1.35e+03,5.70e+01,3.90e+01
1.20e+03,1.30e+03,5.00e+01,3.50e+01
1.16e+03,1.33e+03,5.80e+01,3.90e+01
1.13e+03,1.25e+03,4.90e+01,3.40e+01
1.04e+03,1.27e+03,4.40e+01,3.20e+01
1.04e+03,1.27e+03,4.80e+01,3.40e+01
1.15e+03,1.41e+03,5.00e+01,3.50e+01
1.07e+03,1.23e+03,4.80e+01,3.40e+01
1.01e+03,1.26e+03,4.50e+01,3.30e+01
1.11e+03,1.26e+03,5.80e+01,4.00e+01
8.19e+02,1.16e+03,4.90e+01,3.40e+01
1.18e+03,1.34e+03,4.50e+01,3.30e+01
1.02e+03,1.19e+03,4.80e+01,3.40e+01
1.10e+03,1.30e+03,5.80e+01,3.90e+01
1.08e+03,1.14e+03,5.20e+01,3.70e+01
1.10e+03,1.29e+03,5.80e+01,4.00e+01
1.02e+03,1.18e+03,4.80e+01,3.40e+01
1.00e+03,1.22e+03,4.90e+01,3.50e+01
1.06e+03,1.26e+03,4.80e+01,3.40e+01
5.34e+02,1.01e+03,5.80e+01,4.00e+01
1.12e+03,1.25e+03,4.60e+01,3.30e+01
1.09e+03,1.22e+03,4.70e+01,3.30e+01
1.03e+03,1.37e+03,4.50e+01,3.30e+01
1.06e+03,1.38e+03,4.80e+01,3.40e+01
1.15e+03,1.32e+03,5.20e+01,3.70e+01
3.69e+01,1.75e+02,4.40e+01,3.20e+01
1.08e+03,1.33e+03,4.40e+01,3.20e+01
6.94e+02,9.07e+02,5.10e+01,3.70e+01
1.10e+03,1.25e+03,4.90e+01,3.40e+01
1.15e+03,1.35e+03,4.70e+01,3.30e+01
9.56e+02,1.24e+03,4.90e+01,3.40e+01
1.16e+03,1.34e+03,4.80e+01,3.40e+01
1.06e+03,1.25e+03,4.40e+01,3.20e+01
1.24e+03,1.30e+03,5.00e+01,3.60e+01
1.11e+03,1.31e+03,4.80e+01,3.30e+01
9.05e+02,1.07e+03,4.60e+01,3.20e+01
1.19e+03,1.35e+03,5.80e+01,4.00e+01
1.09e+03,1.23e+03,4.50e+01,3.20e+01
1.04e+03,1.24e+03,4.70e+01,3.30e+01
1.20e+03,1.32e+03,5.70e+01,3.90e+01
1.08e+03,1.31e+03,4.80e+01,3.40e+01
1.14e+03,1.23e+03,4.90e+01,3.40e+01
1.10e+03,1.33e+03,4.70e+01,3.20e+01
1.06e+03,1.18e+03,4.90e+01,3.50e+01
1.11e+03,1.27e+03,4.90e+01,3.50e+01
1.15e+03,1.29e+03,6.00e+01,4.10e+01
6.30e+02,7.97e+02,4.50e+01,3.30e+01
1.17e+03,1.25e+03,5.10e+01,3.50e+01
1.18e+03,1.35e+03,5.70e+01,3.90e+01
1.14e+03,1.40e+03,4.70e+01,3.30e+01
1.10e+03,1.32e+03,4.50e+01,3.30e+01
9.43e+02,1.30e+03,4.50e+01,3.20e+01
5.68e+02,1.16e+03,4.80e+01,3.30e+01
1.12e+03,1.36e+03,5.80e+01,3.90e+01
1.17e+03,1.29e+03,5.00e+01,3.50e+01
-1.56e+01,1.19e+02,4.40e+01,3.20e+01
1.09e+03,1.36e+03,4.60e+01,3.20e+01
1.15e+03,1.31e+03,5.10e+01,3.70e+01
1.21e+03,1.34e+03,5.10e+01,3.60e+01
1.16e+03,1.25e+03,5.00e+01,3.40e+01
9.78e+02,1.26e+03,5.40e+01,3.70e+01
1.06e+03,1.28e+03,5.00e+01,3.50e+01
1.01e+03,1.22e+03,4.60e+01,3.20e+01
1.03e+03,1.34e+03,4.40e+01,3.20e+01
9.95e+02,1.18e+03,4.80e+01,3.40e+01
1.09e+03,1.21e+03,5.20e+01,3.60e+01
1.18e+03,1.34e+03,4.90e+01,3.40e+01
1.07e+03,1.24e+03,5.10e+01,3.60e+01
1.11e+03,1.33e+03,4.90e+01,3.40e+01
1.03e+03,1.18e+03,4.70e+01,3.30e+01
1.12e+03,1.26e+03,5.00e+01,3.60e+01
1.02e+03,1.17e+03,4.80e+01,3.40e+01
9.29e+02,1.10e+03,4.40e+01,3.20e+01
1.15e+03,1.29e+03,4.50e+01,3.20e+01
1.10e+03,1.30e+03,5.20e+01,3.60e+01
1.11e+03,1.26e+03,5.00e+01,3.40e+01
1.08e+03,1.32e+03,4.90e+01,3.40e+01
1.02e+03,1.27e+03,4.90e+01,3.40e+01
1.17e+03,1.32e+03,5.80e+01,3.90e+01
1.13e+03,1.31e+03,4.90e+01,3.40e+01
1.15e+03,1.30e+03,5.70e+01,3.90e+01
1.18e+03,1.31e+03,4.90e+01,3.40e+01
1.18e+03,1.36e+03,5.70e+01,3.90e+01
1.18e+03,1.31e+03,4.50e+01,3.20e+01
1.16e+03,1.30e+03,5.80e+01,4.00e+01
1.01e+03,1.20e+03,4.50e+01,3.30e+01
