-1.47e+01,4.80e+01,1.00e+01,1.20e+01
-1.74e+01,3.33e+01,1.00e+01,1.20e+01
1.28e+01,1.02e+02,1.20e+01,1.20e+01
-9.17e+00,3.59e+01,1.20e+01,1.20e+01
-5.05e+01,6.47e+01,1.10e+01,1.20e+01
-2.08e+01,4.27e+01,1.20e+01,1.20e+01
-1.20e+01,7.26e+01,1.40e+01,1.20e+01
-2.65e+00,6.51e+01,1.70e+01,1.20e+01
-4.21e+01,2.12e+01,7.00e+00,1.20e+01
-1.55e+01,4.53e+01,1.30e+01,1.20e+01
-4.79e+00,2.69e+01,1.50e+01,1.20e+01
-3.49e+01,4.21e+01,8.00e+00,1.20e+01
-2.58e+01,2.39e+01,1.50e+01,1.20e+01
1.74e+01,1.01e+02,1.30e+01,1.20e+01
9.03e+00,1.41e+02,1.00e+01,1.20e+01
-4.47e+00,4.09e+01,1.20e+01,1.20e+01
-1.59e+01,3.94e+01,1.00e+01,1.20e+01
-2.32e+00,5.30e+01,1.50e+01,1.20e+01
-2.13e+01,4.19e+01,1.00e+01,1.20e+01
5.76e-01,8.47e+01,1.60e+01,1.20e+01
1.51e+01,9.24e+01,1.60e+01,1.20e+01
-6.48e+01,1.42e+01,1.30e+01,1.20e+01
6.05e+00,1.16e+02,1.40e+01,1.20e+01
9.55e+00,8.56e+01,1.40e+01,1.20e+01
-2.33e+01,8.88e+00,1.40e+01,1.20e+01
-3.62e+01,5.15e+01,1.20e+01,1.20e+01
9.43e-01,5.93e+01,1.10e+01,1.20e+01
-2.30e+00,8.05e+01,1.20e+01,1.20e+01
2.50e+01,8.86e+01,1.40e+01,1.20e+01
4.67e+01,2.64e+02,1.10e+01,1.20e+01
-2.28e+01,3.47e+01,1.30e+01,1.20e+01
-4.85e+01,4.33e+00,1.00e+01,1.20e+01
2.77e+00,8.74e+01,1.50e+01,1.20e+01
4.44e+00,7.72e+01,8.00e+00,1.20e+01
1.00e+01,8.69e+01,1.50e+01,1.20e+01
-9.84e+00,5.03e+01,1.00e+01,1.20e+01
-2.74e+01,-2.98e+00,1.00e+01,1.20e+01
1.62e-01,5.73e+01,1.10e+01,1.20e+01
-1.34e+01,8.01e+01,1.30e+01,1.20e+01
-1.82e+01,5.48e+01,1.40e+01,1.20e+01
-4.20e+01,-2.36e+01,8.00e+00,1.20e+01
-1.33e+01,3.88e+01,1.20e+01,1.20e+01
-3.71e+00,4.67e+01,9.00e+00,1.20e+01
-1.50e+01,4.89e+01,6.00e+00,1.20e+01
-5.41e+01,-5.29e+00,1.20e+01,1.20e+01
-2.92e+00,4.60e+01,1.20e+01,1.20e+01
-1.96e+01,4.09e+01,1.10e+01,1.20e+01
-3.24e+01,9.93e+01,7.00e+00,1.20e+01
-6.12e+00,8.85e+01,1.10e+01,1.20e+01
-1.43e+01,7.35e+01,1.20e+01,1.20e+01
2.37e+00,5.77e+01,1.00e+01,1.20e+01
-3.25e+00,7.70e+01,1.20e+01,1.20e+01
-1.25e+01,2.77e+01,1.10e+01,1.20e+01
-1.04e+01,2.62e+01,1.00e+01,1.20e+01
1.72e+01,9.51e+01,1.30e+01,1.20e+01
-4.01e+01,5.49e+01,6.00e+00,1.20e+01
-1.48e+01,4.25e+01,9.00e+00,1.20e+01
-1.34e+01,5.19e+01,1.00e+01,1.20e+01
-2.28e+01,7.78e+01,1.10e+01,1.20e+01
-2.12e+01,5.43e+01,1.20e+01,1.20e+01
-1.25e+01,5.27e+01,1.20e+01,1.20e+01
-6.78e+00,7.02e+01,1.30e+01,1.20e+01
-1.77e+01,4.28e+01,8.00e+00,1.20e+01
-3.19e+01,5.12e+01,1.10e+01,1.20e+01
-4.74e+01,-3.44e+01,8.00e+00,1.20e+01
-2.47e+01,2.27e+01,8.00e+00,1.20e+01
-9.93e+00,4.19e+01,8.00e+00,1.20e+01
-1.56e+01,8.99e+01,1.20e+01,1.20e+01
-2.54e+01,4.47e+01,1.20e+01,1.20e+01
6.42e+00,7.75e+01,1.30e+01,1.20e+01
2.09e+01,9.01e+01,1.10e+01,1.20e+01
-5.08e+01,1.12e+01,1.40e+01,1.20e+01
1.39e+01,1.24e+02,1.00e+01,1.20e+01
-1.32e+01,4.44e+01,1.30e+01,1.20e+01
-2.58e+01,5.47e+01,1.30e+01,1.20e+01
-8.24e+00,3.36e+01,1.30e+01,1.20e+01
-1.50e+00,6.99e+01,1.30e+01,1.20e+01
-1.14e+01,3.26e+01,1.00e+01,1.20e+01
-1.91e+01,5.31e+01,1.10e+01,1.20e+01
-4.55e+00,5.29e+01,1.10e+01,1.20e+01
9.53e-01,5.13e+01,1.30e+01,1.20e+01
-1.98e+01,6.00e+01,1.30e+01,1.20e+01
-3.83e+01,8.21e+00,1.20e+01,1.20e+01
-2.53e+01,3.42e+01,8.00e+00,1.20e+01
-3.98e+00,8.56e+01,9.00e+00,1.20e+01
4.75e+00,6.51e+01,1.20e+01,1.20e+01
-1.41e+01,7.97e+01,1.30e+01,1.20e+01
-1.17e+01,5.76e+01,1.60e+01,1.20e+01
-5.20e+01,-1.09e+01,1.20e+01,1.20e+01
2.11e+00,4.25e+01,1.40e+01,1.20e+01
-1.48e+01,5.63e+01,1.40e+01,1.20e+01
-1.85e+01,2.26e+01,1.30e+01,1.20e+01
4.28e+00,6.35e+01,1.20e+01,1.20e+01
-4.70e+01,1.17e+01,1.10e+01,1.20e+01
-2.23e+01,4.94e+00,1.10e+01,1.20e+01
1.02e+01,4.59e+01,1.10e+01,1.20e+01
-8.34e+00,7.49e+01,1.20e+01,1.20e+01
-2.35e+01,2.22e+01,1.10e+01,1.20e+01
-6.93e+00,1.13e+02,1.30e+01,1.20e+01
-3.29e+01,5.07e+01,9.00e+00,1.20e+01
-2.86e+01,4.44e+01,1.00e+01,1.20e+01
-2.81e+01,-2.62e+00,1.10e+01,1.20e+01
-1.41e+01,4.12e+01,1.20e+01,1.20e+01
-5.66e+00,6.37e+01,1.20e+01,1.20e+01
9.02e-01,8.19e+01,1.10e+01,1.20e+01
1.50e+01,6.66e+01,9.00e+00,1.20e+01
-1.25e+01,3.84e+01,1.20e+01,1.20e+01
-7.38e-01,5.65e+01,1.20e+01,1.20e+01
-4.66e+01,2.75e+01,1.10e+01,1.20e+01
-3.80e+01,6.46e+01,1.00e+01,1.20e+01
-2.96e+01,6.32e+01,1.30e+01,1.20e+01
-3.69e+00,5.20e+01,1.00e+01,1.20e+01
-3.84e+01,-1.31e+01,8.00e+00,1.20e+01
-3.86e+01,5.02e+01,1.30e+01,1.20e+01
-1.34e+01,7.36e+01,1.30e+01,1.20e+01
-4.21e+01,2.43e+01,8.00e+00,1.20e+01
6.66e+00,1.92e+02,1.10e+01,1.20e+01
3.17e+00,6.35e+01,1.30e+01,1.20e+01
-2.31e+01,4.68e+01,1.30e+01,1.20e+01
1.57e+00,1.02e+02,1.00e+01,1.20e+01
-9.31e+00,5.60e+01,1.20e+01,1.20e+01
-1.41e+01,4.16e+01,1.20e+01,1.20e+01
-3.72e+01,7.13e+01,8.00e+00,1.20e+01
-8.06e+00,6.38e+01,1.00e+01,1.20e+01
-2.55e+01,3.06e+01,9.00e+00,1.20e+01
3.01e+00,7.15e+01,1.30e+01,1.20e+01
-2.89e+01,1.12e+01,9.00e+00,1.20e+01
-1.18e+01,7.65e+01,1.20e+01,1.20e+01
