-7.74e+01,-5.14e+01,3.60e+01,2.70e+01
-1.28e+02,-4.39e+01,2.20e+01,2.10e+01
-8.08e+01,-4.83e+01,3.20e+01,2.70e+01
-1.24e+02,-4.17e+01,2.50e+01,2.20e+01
-1.25e+02,-4.03e+01,2.40e+01,2.20e+01
-8.18e+01,-5.03e+01,3.30e+01,2.70e+01
-8.00e+01,-5.30e+01,3.40e+01,2.80e+01
-8.98e+01,-5.14e+01,3.50e+01,2.70e+01
-8.29e+01,-4.60e+01,3.70e+01,2.80e+01
-1.25e+02,-3.52e+01,2.20e+01,2.10e+01
-1.26e+02,-4.16e+01,2.40e+01,2.20e+01
-8.59e+01,-4.92e+01,3.20e+01,2.70e+01
-8.41e+01,-4.66e+01,3.40e+01,2.80e+01
-1.43e+02,-4.05e+01,2.30e+01,2.10e+01
-8.34e+01,-4.72e+01,3.30e+01,2.70e+01
-8.97e+01,-4.69e+01,3.50e+01,2.70e+01
-8.22e+01,-4.82e+01,3.60e+01,2.70e+01
-8.47e+01,-4.77e+01,3.60e+01,2.70e+01
-1.22e+02,-4.25e+01,2.20e+01,2.10e+01
-1.33e+02,-4.13e+01,2.50e+01,2.20e+01
-9.17e+01,-6.83e+01,3.30e+01,2.70e+01
-1.37e+02,-3.99e+01,2.30e+01,2.20e+01
-8.20e+01,-5.01e+01,3.40e+01,2.80e+01
-8.07e+01,-5.17e+01,3.50e+01,2.70e+01
-8.10e+01,-4.68e+01,3.70e+01,2.80e+01
-1.23e+02,-4.34e+01,2.20e+01,2.10e+01
-1.24e+02,-3.85e+01,2.60e+01,2.20e+01
-7.83e+01,-5.57e+01,3.40e+01,2.70e+01
-1.23e+02,-4.05e+01,2.30e+01,2.20e+01
-1.27e+02,-4.48e+01,2.50e+01,2.10e+01
-1.21e+02,-4.01e+01,2.40e+01,2.20e+01
-7.61e+01,-4.87e+01,3.50e+01,2.70e+01
-9.89e+01,-4.99e+01,3.60e+01,2.70e+01
-8.03e+01,-4.56e+01,3.70e+01,2.80e+01
-1.26e+02,-4.06e+01,2.20e+01,2.10e+01
-1.27e+02,-4.66e+01,2.90e+01,2.30e+01
-8.22e+01,-5.21e+01,3.40e+01,2.70e+01
-1.32e+02,-4.05e+01,2.60e+01,2.10e+01
-9.20e+01,-6.04e+01,3.60e+01,2.70e+01
-7.48e+01,-5.08e+01,3.60e+01,2.70e+01
-1.25e+02,-4.20e+01,2.20e+01,2.10e+01
-4.27e+02,-6.06e+01,2.60e+01,2.20e+01
-1.37e+02,-4.45e+01,2.40e+01,2.20e+01
-8.93e+01,-5.47e+01,3.30e+01,2.70e+01
-1.35e+02,-4.14e+01,2.20e+01,2.10e+01
-1.25e+02,-4.67e+01,2.40e+01,2.20e+01
-9.11e+01,-5.43e+01,3.90e+01,2.90e+01
-4.29e+02,-7.56e+01,2.60e+01,2.30e+01
-1.41e+02,-4.49e+01,3.60e+01,2.70e+01
-3.10e+02,-5.19e+01,3.30e+01,2.80e+01
-1.28e+02,-5.20e+01,3.60e+01,2.70e+01
-8.34e+01,-5.30e+01,3.40e+01,2.70e+01
-3.55e+02,-5.33e+01,3.20e+01,2.70e+01
-8.16e+01,-4.51e+01,3.20e+01,2.70e+01
-1.32e+02,-4.21e+01,2.60e+01,2.20e+01
-2.31e+02,-4.50e+01,3.40e+01,2.80e+01
-1.03e+02,-7.33e+01,2.50e+01,2.20e+01
-9.51e+01,-6.36e+01,3.30e+01,2.70e+01
-1.28e+02,-4.64e+01,3.40e+01,2.80e+01
-9.47e+01,-6.11e+01,3.60e+01,2.70e+01
-7.79e+01,-4.69e+01,3.80e+01,2.90e+01
-8.09e+01,-5.19e+01,3.20e+01,2.70e+01
-1.32e+02,-3.87e+01,2.30e+01,2.10e+01
-8.96e+01,-4.90e+01,3.70e+01,2.80e+01
-1.21e+02,-3.86e+01,2.30e+01,2.10e+01
-1.32e+02,-4.75e+01,3.50e+01,2.70e+01
-1.25e+02,-3.75e+01,2.40e+01,2.20e+01
-8.49e+01,-5.00e+01,3.70e+01,2.70e+01
-9.60e+01,-5.40e+01,3.50e+01,2.70e+01
-1.25e+02,-4.28e+01,2.50e+01,2.20e+01
-1.36e+02,-4.34e+01,2.30e+01,2.10e+01
-9.08e+01,-5.29e+01,3.20e+01,2.70e+01
-9.27e+01,-5.37e+01,3.50e+01,2.80e+01
-8.55e+01,-4.34e+01,3.60e+01,2.70e+01
-8.89e+01,-5.44e+01,3.40e+01,2.70e+01
-1.25e+02,-4.41e+01,2.50e+01,2.30e+01
-8.59e+01,-4.89e+01,3.30e+01,2.70e+01
-2.06e+02,-4.42e+01,2.30e+01,2.20e+01
-9.67e+01,-5.22e+01,3.30e+01,2.70e+01
-1.26e+02,-4.39e+01,2.50e+01,2.20e+01
-1.32e+02,-4.64e+01,2.50e+01,2.20e+01
-7.96e+01,-5.53e+01,3.40e+01,2.80e+01
-8.07e+01,-5.24e+01,3.30e+01,2.70e+01
-1.26e+02,-4.52e+01,2.40e+01,2.20e+01
-9.55e+01,-5.72e+01,3.30e+01,2.70e+01
-1.33e+02,-4.63e+01,3.70e+01,2.80e+01
-5.00e+02,-5.00e+02,2.20e+01,2.10e+01
-2.03e+02,-4.77e+01,2.30e+01,2.10e+01
-1.24e+02,-4.14e+01,2.30e+01,2.10e+01
-8.36e+01,-5.22e+01,3.20e+01,2.70e+01
-1.28e+02,-4.71e+01,2.40e+01,2.10e+01
-8.15e+01,-4.67e+01,3.80e+01,2.80e+01
-7.62e+01,-4.50e+01,3.70e+01,2.80e+01
-8.05e+01,-5.03e+01,3.70e+01,2.80e+01
-1.24e+02,-3.79e+01,2.20e+01,2.10e+01
-1.41e+02,-5.54e+01,3.30e+01,2.80e+01
-9.58e+01,-6.14e+01,3.30e+01,2.80e+01
-1.25e+02,-4.83e+01,2.20e+01,2.10e+01
-1.54e+02,-4.55e+01,2.30e+01,2.10e+01
-8.19e+01,-4.26e+01,3.30e+01,2.70e+01
-8.63e+01,-5.03e+01,3.40e+01,2.70e+01
-8.27e+01,-5.09e+01,3.40e+01,2.80e+01
-8.65e+01,-4.49e+01,3.90e+01,2.90e+01
-8.46e+01,-5.10e+01,3.30e+01,2.70e+01
-8.70e+01,-4.75e+01,3.50e+01,2.70e+01
-1.27e+02,-4.38e+01,2.50e+01,2.20e+01
-9.52e+01,-5.93e+01,3.40e+01,2.80e+01
-8.92e+01,-5.47e+01,3.40e+01,2.80e+01
-1.24e+02,-4.40e+01,2.50e+01,2.20e+01
-1.27e+02,-4.27e+01,2.40e+01,2.20e+01
-8.45e+01,-5.02e+01,3.30e+01,2.70e+01
-7.91e+01,-4.54e+01,3.30e+01,2.70e+01
-4.32e+02,-9.13e+01,3.80e+01,2.80e+01
-1.23e+02,-4.18e+01,2.40e+01,2.20e+01
-7.90e+01,-4.28e+01,3.60e+01,2.70e+01
-8.56e+01,-4.88e+01,3.50e+01,2.80e+01
-1.25e+02,-4.19e+01,2.40e+01,2.20e+01
-8.95e+01,-5.06e+01,3.70e+01,2.70e+01
-1.48e+02,-5.84e+01,3.20e+01,2.70e+01
-5.00e+02,-5.00e+02,2.30e+01,2.20e+01
-8.22e+01,-5.09e+01,3.70e+01,2.70e+01
-1.22e+02,-3.89e+01,2.50e+01,2.20e+01
-1.08e+02,-8.55e+01,3.50e+01,2.70e+01
-1.29e+02,-4.78e+01,2.30e+01,2.10e+01
-7.34e+01,-4.74e+01,3.60e+01,2.70e+01
-8.37e+01,-4.86e+01,3.30e+01,2.70e+01
-1.27e+02,-4.13e+01,2.50e+01,2.10e+01
-1.28e+02,-4.33e+01,2.30e+01,2.10e+01
-8.78e+01,-5.18e+01,3.40e+01,2.70e+01
-1.23e+02,-4.15e+01,2.20e+01,2.10e+01
-1.61e+02,-4.47e+01,2.40e+01,2.20e+01
-1.26e+02,-3.61e+01,2.20e+01,2.10e+01
-2.00e+02,-3.96e+01,2.30e+01,2.10e+01
-8.52e+01,-4.97e+01,3.40e+01,2.70e+01
-8.25e+01,-6.12e+01,3.30e+01,2.70e+01
-8.22e+01,-5.22e+01,3.50e+01,2.70e+01
-1.22e+02,-3.84e+01,2.50e+01,2.20e+01
-1.31e+02,-5.01e+01,2.50e+01,2.20e+01
-1.29e+02,-4.32e+01,2.20e+01,2.10e+01
-1.30e+02,-4.42e+01,2.30e+01,2.10e+01
-1.01e+02,-5.25e+01,3.30e+01,2.70e+01
-8.51e+01,-5.06e+01,3.70e+01,2.80e+01
-1.28e+02,-4.19e+01,2.20e+01,2.10e+01
-1.27e+02,-4.09e+01,2.60e+01,2.20e+01
-4.31e+02,-8.80e+01,2.40e+01,2.20e+01
-1.16e+02,-4.79e+01,3.60e+01,2.70e+01
-7.72e+01,-4.67e+01,3.60e+01,2.70e+01
-2.05e+02,-5.65e+01,2.20e+01,2.10e+01
-9.84e+01,-5.10e+01,3.60e+01,2.70e+01
-8.38e+01,-5.18e+01,3.40e+01,2.70e+01
-1.31e+02,-5.46e+01,2.20e+01,2.10e+01
-1.25e+02,-4.54e+01,2.30e+01,2.10e+01
-8.05e+01,-5.54e+01,3.70e+01,2.80e+01
-1.37e+02,-4.55e+01,3.40e+01,2.80e+01
-9.34e+01,-4.83e+01,3.40e+01,2.80e+01
-9.21e+01,-5.07e+01,3.40e+01,2.80e+01
-3.71e+02,-1.07e+02,3.60e+01,2.70e+01
-7.87e+01,-5.08e+01,3.40e+01,2.80e+01
-8.66e+01,-4.56e+01,3.60e+01,2.90e+01
-1.29e+02,-4.03e+01,2.50e+01,2.10e+01
-8.46e+01,-4.89e+01,3.30e+01,2.70e+01
-1.27e+02,-4.50e+01,2.30e+01,2.10e+01
-1.23e+02,-4.35e+01,2.20e+01,2.10e+01
-8.03e+01,-5.42e+01,3.30e+01,2.70e+01
-8.69e+01,-4.87e+01,3.60e+01,2.70e+01
-8.82e+01,-5.12e+01,3.20e+01,2.70e+01
-1.32e+02,-4.23e+01,2.30e+01,2.10e+01
-1.29e+02,-4.90e+01,2.70e+01,2.20e+01
-1.37e+02,-4.26e+01,2.60e+01,2.20e+01
-9.15e+01,-4.81e+01,3.40e+01,2.70e+01
-4.25e+02,-4.95e+01,2.40e+01,2.20e+01
-8.24e+01,-4.95e+01,3.70e+01,2.80e+01
-1.90e+02,-7.29e+01,3.70e+01,2.70e+01
-1.29e+02,-4.34e+01,2.60e+01,2.30e+01
-1.24e+02,-4.55e+01,2.70e+01,2.30e+01
-8.00e+01,-5.23e+01,3.50e+01,2.70e+01
-1.28e+02,-4.17e+01,2.20e+01,2.10e+01
-8.20e+01,-4.78e+01,3.40e+01,2.80e+01
-8.56e+01,-4.99e+01,3.40e+01,2.80e+01
-8.61e+01,-6.43e+01,3.30e+01,2.70e+01
-1.31e+02,-4.36e+01,3.30e+01,2.80e+01
-8.13e+01,-4.25e+01,3.30e+01,2.70e+01
-8.37e+01,-4.96e+01,3.70e+01,2.80e+01
-1.00e+02,-6.26e+01,3.20e+01,2.70e+01
-1.25e+02,-4.14e+01,2.60e+01,2.30e+01
-1.40e+02,-4.99e+01,2.60e+01,2.10e+01
-3.50e+02,-5.11e+01,2.50e+01,2.20e+01
-9.11e+01,-6.62e+01,3.40e+01,2.70e+01
-1.25e+02,-4.10e+01,2.20e+01,2.10e+01
-9.02e+01,-5.07e+01,3.20e+01,2.70e+01
-1.55e+02,-5.15e+01,2.50e+01,2.20e+01
-8.72e+01,-4.97e+01,3.30e+01,2.70e+01
