-1.24e+02,-3.95e+01,1.01e+02,4.00e+01
-7.87e+01,-4.70e+01,1.12e+02,5.20e+01
-1.21e+02,-4.17e+01,1.04e+02,4.20e+01
-8.57e+01,-6.16e+01,1.11e+02,5.20e+01
-1.21e+02,-4.20e+01,1.01e+02,4.00e+01
-7.48e+01,-4.18e+01,1.13e+02,5.20e+01
-7.66e+01,-4.52e+01,1.11e+02,5.20e+01
-1.24e+02,-4.06e+01,1.02e+02,4.00e+01
-7.59e+01,-4.95e+01,1.12e+02,5.20e+01
-1.24e+02,-4.21e+01,1.01e+02,4.00e+01
-7.37e+01,-5.49e+01,1.14e+02,5.20e+01
-8.74e+01,-5.91e+01,1.11e+02,5.20e+01
-1.23e+02,-3.98e+01,1.02e+02,4.00e+01
-7.70e+01,-5.13e+01,1.12e+02,5.20e+01
-8.06e+01,-4.95e+01,1.13e+02,5.20e+01
-1.29e+02,-4.32e+01,1.01e+02,4.00e+01
-7.38e+01,-4.31e+01,1.14e+02,5.30e+01
-7.34e+01,-5.70e+01,1.11e+02,5.20e+01
-8.71e+01,-4.70e+01,1.12e+02,5.20e+01
-8.32e+01,-4.58e+01,1.13e+02,5.20e+01
-1.26e+02,-4.71e+01,1.01e+02,4.00e+01
-8.32e+01,-5.42e+01,1.14e+02,5.20e+01
-7.30e+01,-5.12e+01,1.11e+02,5.20e+01
-1.23e+02,-4.35e+01,1.03e+02,4.00e+01
-8.38e+01,-4.57e+01,1.12e+02,5.20e+01
-1.23e+02,-4.39e+01,1.02e+02,4.00e+01
-7.97e+01,-4.70e+01,1.13e+02,5.20e+01
-1.29e+02,-4.42e+01,1.01e+02,4.00e+01
-7.75e+01,-4.88e+01,1.15e+02,5.20e+01
-8.64e+01,-4.90e+01,1.11e+02,5.20e+01
-1.25e+02,-4.66e+01,1.03e+02,4.10e+01
-7.87e+01,-4.90e+01,1.12e+02,5.20e+01
-1.23e+02,-3.91e+01,1.02e+02,4.00e+01
-7.84e+01,-5.39e+01,1.13e+02,5.20e+01
-7.49e+01,-4.97e+01,1.14e+02,5.30e+01
-1.24e+02,-4.24e+01,1.01e+02,4.00e+01
-7.74e+01,-4.76e+01,1.15e+02,5.30e+01
-7.96e+01,-4.73e+01,1.11e+02,5.20e+01
-1.30e+02,-5.28e+01,1.03e+02,4.10e+01
-1.23e+02,-4.35e+01,1.02e+02,4.10e+01
-7.26e+01,-4.48e+01,1.12e+02,5.30e+01
-7.79e+01,-4.78e+01,1.14e+02,5.30e+01
-7.24e+01,-3.85e+01,1.11e+02,5.20e+01
-8.10e+01,-4.50e+01,1.13e+02,5.20e+01
-1.23e+02,-4.50e+01,1.03e+02,4.00e+01
-7.74e+01,-4.47e+01,1.12e+02,5.20e+01
-1.21e+02,-3.78e+01,1.02e+02,4.00e+01
-8.34e+01,-4.98e+01,1.11e+02,5.20e+01
-1.26e+02,-4.20e+01,1.01e+02,4.00e+01
-7.95e+01,-4.90e+01,1.11e+02,5.20e+01
-1.27e+02,-4.49e+01,1.11e+02,5.20e+01
-7.91e+01,-4.04e+01,1.14e+02,5.20e+01
-7.22e+01,-4.08e+01,1.12e+02,5.20e+01
-1.22e+02,-3.80e+01,1.03e+02,4.00e+01
-4.32e+02,-9.34e+01,1.12e+02,5.20e+01
-7.31e+01,-3.97e+01,1.12e+02,5.20e+01
-1.22e+02,-3.95e+01,1.02e+02,4.00e+01
-1.22e+02,-4.06e+01,1.04e+02,4.20e+01
-1.24e+02,-4.22e+01,1.01e+02,4.00e+01
-8.47e+01,-5.68e+01,1.12e+02,5.20e+01
-1.37e+02,-4.47e+01,1.13e+02,5.20e+01
-1.27e+02,-4.23e+01,1.01e+02,4.00e+01
-8.54e+01,-4.77e+01,1.12e+02,5.20e+01
-1.22e+02,-4.35e+01,1.01e+02,4.00e+01
-7.63e+01,-4.31e+01,1.13e+02,5.20e+01
-8.98e+01,-5.47e+01,1.12e+02,5.20e+01
-7.90e+01,-4.65e+01,1.12e+02,5.30e+01
-7.39e+01,-3.87e+01,1.13e+02,5.20e+01
-1.29e+02,-4.52e+01,1.02e+02,4.00e+01
-8.19e+01,-4.98e+01,1.11e+02,5.20e+01
-1.24e+02,-4.47e+01,1.04e+02,4.20e+01
-2.98e+02,-1.05e+02,1.11e+02,5.20e+01
-8.03e+01,-5.56e+01,1.13e+02,5.30e+01
-7.69e+01,-4.88e+01,1.14e+02,5.30e+01
-7.88e+01,-4.96e+01,1.13e+02,5.20e+01
-1.24e+02,-3.81e+01,1.01e+02,4.00e+01
-1.27e+02,-4.75e+01,1.02e+02,4.10e+01
-1.33e+02,-4.55e+01,1.04e+02,4.10e+01
-7.43e+01,-4.33e+01,1.13e+02,5.30e+01
-1.21e+02,-4.07e+01,1.02e+02,4.00e+01
-8.04e+01,-4.55e+01,1.11e+02,5.20e+01
-1.31e+02,-5.29e+01,1.01e+02,4.00e+01
-7.70e+01,-4.60e+01,1.13e+02,5.30e+01
-7.79e+01,-4.19e+01,1.12e+02,5.20e+01
-7.98e+01,-4.11e+01,1.12e+02,5.20e+01
-7.25e+01,-4.40e+01,1.12e+02,5.20e+01
-1.25e+02,-4.08e+01,1.01e+02,4.00e+01
-1.31e+02,-4.32e+01,1.02e+02,4.00e+01
-1.22e+02,-3.80e+01,1.03e+02,4.00e+01
-1.27e+02,-4.47e+01,1.04e+02,4.20e+01
-4.23e+02,-4.19e+01,1.01e+02,4.00e+01
-1.22e+02,-4.09e+01,1.06e+02,4.30e+01
-8.07e+01,-4.80e+01,1.12e+02,5.20e+01
-7.54e+01,-4.69e+01,1.12e+02,5.20e+01
-7.37e+01,-5.26e+01,1.12e+02,5.20e+01
-7.86e+01,-5.52e+01,1.13e+02,5.30e+01
-7.44e+01,-4.08e+01,1.12e+02,5.30e+01
-7.35e+01,-4.81e+01,1.14e+02,5.20e+01
-8.17e+01,-4.32e+01,1.15e+02,5.20e+01
-1.23e+02,-4.11e+01,1.02e+02,4.00e+01
-1.25e+02,-4.65e+01,1.02e+02,4.00e+01
-7.92e+01,-4.13e+01,1.15e+02,5.20e+01
-7.94e+01,-4.43e+01,1.11e+02,5.20e+01
-2.03e+02,-4.94e+01,1.02e+02,4.00e+01
-9.20e+01,-4.89e+01,1.12e+02,5.20e+01
-1.34e+02,-4.61e+01,1.02e+02,4.00e+01
-1.23e+02,-3.98e+01,1.02e+02,4.00e+01
-1.29e+02,-4.14e+01,1.02e+02,4.00e+01
-7.82e+01,-5.08e+01,1.12e+02,5.20e+01
-7.14e+01,-4.91e+01,1.12e+02,5.20e+01
-1.25e+02,-4.88e+01,1.05e+02,4.20e+01
-7.94e+01,-4.71e+01,1.12e+02,5.20e+01
-8.58e+01,-5.01e+01,1.12e+02,5.20e+01
-8.30e+01,-4.93e+01,1.13e+02,5.20e+01
-3.75e+02,-4.56e+01,1.01e+02,4.00e+01
-1.25e+02,-4.27e+01,1.02e+02,4.10e+01
-1.28e+02,-4.79e+01,1.04e+02,4.20e+01
-7.27e+01,-4.95e+01,1.12e+02,5.20e+01
-8.01e+01,-4.59e+01,1.11e+02,5.20e+01
-7.99e+01,-5.04e+01,1.12e+02,5.20e+01
-7.90e+01,-4.41e+01,1.14e+02,5.20e+01
-8.20e+01,-4.94e+01,1.16e+02,5.30e+01
-7.80e+01,-4.64e+01,1.13e+02,5.20e+01
-1.21e+02,-3.91e+01,1.01e+02,4.00e+01
-9.57e+01,-4.78e+01,1.12e+02,5.20e+01
-1.26e+02,-4.29e+01,1.01e+02,4.00e+01
-1.29e+02,-4.58e+01,1.03e+02,4.00e+01
-7.41e+01,-4.60e+01,1.13e+02,5.20e+01
-1.23e+02,-4.25e+01,1.02e+02,4.00e+01
-8.06e+01,-5.00e+01,1.11e+02,5.20e+01
-1.39e+02,-4.22e+01,1.14e+02,5.30e+01
-1.24e+02,-4.53e+01,1.02e+02,4.00e+01
-1.27e+02,-4.70e+01,1.04e+02,4.20e+01
-7.86e+01,-4.79e+01,1.13e+02,5.20e+01
-1.27e+02,-4.43e+01,1.02e+02,4.00e+01
-8.15e+01,-6.20e+01,1.13e+02,5.20e+01
-9.13e+01,-4.57e+01,1.14e+02,5.30e+01
-1.23e+02,-4.17e+01,1.04e+02,4.20e+01
-1.26e+02,-4.19e+01,1.03e+02,4.00e+01
-1.42e+02,-5.10e+01,1.01e+02,4.00e+01
-2.01e+02,-4.13e+01,1.05e+02,4.20e+01
-1.26e+02,-3.84e+01,1.02e+02,4.00e+01
-7.69e+01,-4.47e+01,1.11e+02,5.20e+01
-7.93e+01,-5.21e+01,1.11e+02,5.20e+01
-8.55e+01,-4.65e+01,1.13e+02,5.20e+01
-1.25e+02,-4.19e+01,1.01e+02,4.00e+01
-7.32e+01,-4.81e+01,1.14e+02,5.30e+01
-8.34e+01,-6.09e+01,1.12e+02,5.20e+01
-7.83e+01,-4.18e+01,1.12e+02,5.20e+01
-8.00e+01,-5.07e+01,1.12e+02,5.30e+01
-7.71e+01,-4.84e+01,1.13e+02,5.20e+01
-4.23e+02,-3.88e+01,1.02e+02,4.10e+01
-1.24e+02,-3.90e+01,1.01e+02,4.00e+01
-4.22e+02,-3.61e+01,1.02e+02,4.00e+01
-1.24e+02,-3.89e+01,1.01e+02,4.00e+01
-1.21e+02,-4.15e+01,1.05e+02,4.30e+01
-7.40e+01,-5.49e+01,1.15e+02,5.20e+01
-1.25e+02,-4.22e+01,1.03e+02,4.00e+01
-7.63e+01,-4.21e+01,1.13e+02,5.20e+01
-1.25e+02,-3.80e+01,1.01e+02,4.00e+01
-1.26e+02,-4.34e+01,1.05e+02,4.20e+01
-8.41e+01,-4.12e+01,1.12e+02,5.20e+01
-1.21e+02,-3.79e+01,1.02e+02,4.00e+01
-1.22e+02,-4.00e+01,1.05e+02,4.30e+01
-7.53e+01,-4.95e+01,1.12e+02,5.20e+01
-7.55e+01,-4.23e+01,1.11e+02,5.20e+01
-8.11e+01,-4.40e+01,1.14e+02,5.30e+01
-9.18e+01,-6.14e+01,1.11e+02,5.20e+01
-8.02e+01,-4.47e+01,1.11e+02,5.20e+01
-7.90e+01,-4.84e+01,1.15e+02,5.30e+01
-1.23e+02,-3.71e+01,1.03e+02,4.10e+01
-7.84e+01,-4.78e+01,1.11e+02,5.20e+01
-7.47e+01,-4.02e+01,1.14e+02,5.20e+01
-8.37e+01,-4.86e+01,1.12e+02,5.20e+01
-7.47e+01,-4.37e+01,1.14e+02,5.20e+01
-7.49e+01,-4.34e+01,1.13e+02,5.20e+01
-1.27e+02,-4.09e+01,1.02e+02,4.00e+01
-7.92e+01,-4.84e+01,1.12e+02,5.20e+01
-7.32e+01,-3.78e+01,1.13e+02,5.20e+01
-7.97e+01,-4.85e+01,1.12e+02,5.30e+01
-8.42e+01,-4.26e+01,1.15e+02,5.20e+01
-1.24e+02,-4.04e+01,1.01e+02,4.00e+01
-3.80e+02,-1.34e+02,1.14e+02,5.30e+01
-1.22e+02,-3.99e+01,1.02e+02,4.00e+01
-7.71e+01,-4.52e+01,1.14e+02,5.20e+01
-8.28e+01,-4.78e+01,1.12e+02,5.20e+01
-7.93e+01,-4.46e+01,1.14e+02,5.30e+01
-1.42e+02,-3.95e+01,1.01e+02,4.00e+01
-8.30e+01,-5.81e+01,1.11e+02,5.20e+01
-8.18e+01,-4.71e+01,1.17e+02,5.30e+01
-1.24e+02,-4.65e+01,1.01e+02,4.00e+01
-8.44e+01,-5.97e+01,1.15e+02,5.20e+01
