-1.80e+02,-9.21e+01,2.50e+01,2.10e+01
-1.86e+02,-1.30e+02,2.10e+01,1.90e+01
-1.80e+02,-9.63e+01,2.10e+01,1.80e+01
-1.80e+02,-9.59e+01,2.50e+01,1.90e+01
-1.82e+02,-1.07e+02,2.60e+01,1.90e+01
-1.82e+02,-1.11e+02,2.10e+01,1.80e+01
-1.79e+02,-9.18e+01,2.30e+01,2.00e+01
-1.84e+02,-1.15e+02,2.30e+01,1.90e+01
-1.81e+02,-1.05e+02,2.30e+01,2.00e+01
-1.80e+02,-9.75e+01,2.10e+01,1.80e+01
-1.83e+02,-1.11e+02,3.10e+01,2.40e+01
-1.78e+02,-8.04e+01,2.60e+01,1.90e+01
-1.84e+02,-1.19e+02,2.20e+01,2.00e+01
-1.84e+02,-1.18e+02,2.00e+01,1.70e+01
-1.80e+02,-9.40e+01,2.20e+01,1.90e+01
-1.88e+02,-1.43e+02,2.30e+01,2.00e+01
-1.93e+02,-1.75e+02,2.20e+01,2.00e+01
-1.83e+02,-1.14e+02,2.30e+01,1.90e+01
-1.78e+02,-8.28e+01,2.10e+01,1.80e+01
-1.81e+02,-1.01e+02,2.40e+01,2.10e+01
-1.78e+02,-8.39e+01,2.40e+01,2.00e+01
-1.92e+02,-1.68e+02,2.00e+01,1.80e+01
-1.79e+02,-8.74e+01,2.00e+01,1.70e+01
-1.80e+02,-9.61e+01,2.40e+01,2.00e+01
-1.83e+02,-1.15e+02,2.10e+01,1.90e+01
-1.84e+02,-1.22e+02,2.30e+01,1.90e+01
-1.81e+02,-9.72e+01,2.30e+01,1.90e+01
-1.82e+02,-1.11e+02,2.20e+01,1.90e+01
-1.82e+02,-1.07e+02,2.20e+01,1.90e+01
-1.78e+02,-8.18e+01,2.10e+01,1.80e+01
-1.84e+02,-1.19e+02,2.20e+01,1.80e+01
-1.79e+02,-9.31e+01,2.40e+01,2.00e+01
-1.78e+02,-8.11e+01,2.30e+01,2.00e+01
-1.86e+02,-1.27e+02,2.20e+01,2.00e+01
-1.83e+02,-1.09e+02,2.50e+01,1.90e+01
-1.85e+02,-1.28e+02,2.20e+01,1.90e+01
-1.82e+02,-1.08e+02,2.50e+01,2.00e+01
-1.77e+02,-7.90e+01,2.10e+01,1.80e+01
-1.95e+02,-1.86e+02,2.50e+01,2.10e+01
-1.76e+02,-7.36e+01,2.10e+01,1.80e+01
-1.83e+02,-1.11e+02,2.50e+01,2.10e+01
-1.85e+02,-1.22e+02,2.60e+01,1.90e+01
-1.84e+02,-1.14e+02,2.40e+01,2.00e+01
-1.81e+02,-9.73e+01,2.20e+01,1.90e+01
-1.84e+02,-1.16e+02,2.40e+01,2.00e+01
-1.83e+02,-1.16e+02,2.10e+01,1.90e+01
-1.84e+02,-1.18e+02,2.80e+01,2.00e+01
-1.78e+02,-8.16e+01,2.50e+01,2.20e+01
-1.83e+02,-1.09e+02,2.10e+01,1.80e+01
-1.79e+02,-8.64e+01,2.20e+01,1.90e+01
-1.81e+02,-1.00e+02,2.40e+01,2.10e+01
-1.84e+02,-1.19e+02,3.00e+01,2.40e+01
-1.96e+02,-1.89e+02,2.10e+01,1.90e+01
-1.79e+02,-9.01e+01,2.10e+01,1.80e+01
-1.79e+02,-8.98e+01,2.10e+01,1.80e+01
-1.84e+02,-1.19e+02,2.30e+01,2.00e+01
-1.85e+02,-1.20e+02,2.70e+01,2.00e+01
-1.82e+02,-1.07e+02,2.00e+01,1.70e+01
-1.93e+02,-1.68e+02,2.40e+01,2.00e+01
-1.93e+02,-1.73e+02,2.30e+01,1.90e+01
-1.83e+02,-1.13e+02,2.30e+01,2.00e+01
-1.80e+02,-9.70e+01,2.30e+01,2.00e+01
-1.83e+02,-1.14e+02,2.30e+01,2.00e+01
-1.83e+02,-1.10e+02,2.60e+01,1.90e+01
-1.80e+02,-9.44e+01,2.10e+01,1.80e+01
-1.80e+02,-9.15e+01,2.10e+01,1.80e+01
-1.83e+02,-1.14e+02,2.10e+01,1.80e+01
-1.80e+02,-9.32e+01,2.10e+01,1.80e+01
-1.84e+02,-1.21e+02,2.20e+01,1.80e+01
-1.81e+02,-9.77e+01,2.10e+01,1.80e+01
-1.81e+02,-1.02e+02,2.50e+01,2.00e+01
-1.78e+02,-8.63e+01,2.20e+01,1.80e+01
-1.82e+02,-1.09e+02,2.20e+01,1.90e+01
-1.80e+02,-9.40e+01,2.00e+01,1.80e+01
-1.80e+02,-9.36e+01,2.20e+01,1.90e+01
-1.97e+02,-1.96e+02,2.10e+01,1.80e+01
-1.79e+02,-8.90e+01,2.20e+01,1.80e+01
-1.86e+02,-1.30e+02,2.50e+01,2.10e+01
-1.82e+02,-1.07e+02,2.20e+01,1.80e+01
-1.82e+02,-1.06e+02,2.10e+01,1.90e+01
-1.81e+02,-9.72e+01,2.00e+01,1.80e+01
-1.92e+02,-1.66e+02,2.10e+01,1.90e+01
-1.83e+02,-1.16e+02,2.20e+01,1.90e+01
-1.88e+02,-1.43e+02,2.70e+01,2.00e+01
-1.95e+02,-1.86e+02,2.10e+01,1.80e+01
-1.82e+02,-1.10e+02,2.30e+01,2.00e+01
-1.83e+02,-1.13e+02,2.30e+01,1.90e+01
-1.78e+02,-8.36e+01,2.40e+01,2.00e+01
-1.85e+02,-1.23e+02,2.50e+01,2.10e+01
-1.90e+02,-1.48e+02,2.00e+01,1.80e+01
-1.83e+02,-1.13e+02,2.20e+01,1.80e+01
-1.85e+02,-1.23e+02,2.10e+01,1.80e+01
-1.81e+02,-9.86e+01,2.40e+01,2.10e+01
-1.83e+02,-1.11e+02,3.10e+01,2.40e+01
-1.83e+02,-1.14e+02,2.30e+01,2.00e+01
-1.81e+02,-1.00e+02,2.10e+01,1.80e+01
-1.95e+02,-1.86e+02,2.30e+01,2.00e+01
-1.84e+02,-1.16e+02,2.70e+01,2.00e+01
-1.81e+02,-1.04e+02,2.10e+01,1.80e+01
-1.81e+02,-9.90e+01,2.40e+01,1.90e+01
-1.84e+02,-1.17e+02,2.10e+01,1.80e+01
-1.82e+02,-1.04e+02,2.60e+01,1.90e+01
-1.95e+02,-1.86e+02,2.20e+01,1.80e+01
-1.78e+02,-8.13e+01,3.10e+01,2.40e+01
-1.81e+02,-1.00e+02,2.20e+01,1.80e+01
-1.83e+02,-1.10e+02,2.30e+01,1.90e+01
-1.83e+02,-1.15e+02,2.10e+01,1.90e+01
-1.98e+02,-1.97e+02,2.30e+01,2.00e+01
-1.84e+02,-1.19e+02,2.40e+01,2.10e+01
-1.80e+02,-9.55e+01,2.10e+01,1.80e+01
-1.78e+02,-8.23e+01,2.00e+01,1.70e+01
-1.95e+02,-1.86e+02,2.40e+01,2.10e+01
-1.81e+02,-1.01e+02,2.00e+01,1.70e+01
-1.83e+02,-1.14e+02,2.40e+01,2.00e+01
-1.87e+02,-1.34e+02,2.00e+01,1.80e+01
-1.81e+02,-1.02e+02,2.50e+01,2.10e+01
-1.96e+02,-1.88e+02,2.60e+01,2.20e+01
-1.95e+02,-1.87e+02,2.10e+01,1.80e+01
-1.79e+02,-8.77e+01,2.50e+01,2.10e+01
-1.82e+02,-1.03e+02,2.40e+01,2.10e+01
-1.77e+02,-7.55e+01,2.60e+01,1.90e+01
-1.95e+02,-1.86e+02,2.30e+01,1.90e+01
-1.80e+02,-9.63e+01,2.20e+01,1.80e+01
-1.83e+02,-1.13e+02,2.20e+01,1.90e+01
-1.96e+02,-1.95e+02,2.50e+01,1.90e+01
-1.82e+02,-1.03e+02,2.20e+01,1.90e+01
-1.96e+02,-1.89e+02,3.10e+01,2.40e+01
-1.84e+02,-1.18e+02,2.30e+01,2.00e+01
-1.83e+02,-1.11e+02,2.50e+01,1.90e+01
-1.82e+02,-1.09e+02,2.20e+01,1.90e+01
-1.87e+02,-1.33e+02,2.10e+01,1.80e+01
-1.81e+02,-9.96e+01,2.30e+01,1.80e+01
-1.84e+02,-1.20e+02,2.40e+01,2.10e+01
-1.83e+02,-1.10e+02,3.10e+01,2.40e+01
-1.82e+02,-1.06e+02,2.40e+01,2.10e+01
-1.85e+02,-1.23e+02,2.10e+01,1.80e+01
-1.85e+02,-1.23e+02,2.20e+01,1.90e+01
-1.84e+02,-1.13e+02,2.10e+01,1.90e+01
-1.80e+02,-9.13e+01,2.30e+01,2.00e+01
-1.83e+02,-1.13e+02,2.10e+01,1.80e+01
-1.83e+02,-1.14e+02,2.10e+01,1.80e+01
-1.79e+02,-9.08e+01,2.50e+01,2.10e+01
-1.95e+02,-1.86e+02,2.10e+01,1.80e+01
-1.95e+02,-1.87e+02,3.10e+01,2.40e+01
-1.91e+02,-1.58e+02,2.90e+01,2.30e+01
-1.88e+02,-1.43e+02,2.20e+01,1.90e+01
-1.95e+02,-1.86e+02,2.20e+01,2.00e+01
-1.82e+02,-1.06e+02,2.20e+01,1.80e+01
-1.80e+02,-9.19e+01,2.50e+01,2.10e+01
-1.89e+02,-1.49e+02,2.40e+01,2.10e+01
-1.95e+02,-1.84e+02,2.30e+01,1.90e+01
-1.83e+02,-1.11e+02,2.30e+01,1.90e+01
-1.88e+02,-1.45e+02,2.10e+01,1.80e+01
-1.80e+02,-9.07e+01,2.30e+01,1.90e+01
-1.82e+02,-1.03e+02,2.60e+01,2.00e+01
-1.85e+02,-1.23e+02,2.40e+01,2.10e+01
-1.83e+02,-1.13e+02,2.10e+01,1.80e+01
-1.81e+02,-9.68e+01,2.40e+01,1.90e+01
-1.82e+02,-1.09e+02,3.10e+01,2.40e+01
-1.95e+02,-1.86e+02,2.30e+01,2.00e+01
-1.82e+02,-1.08e+02,2.50e+01,2.10e+01
-1.83e+02,-1.12e+02,2.50e+01,2.00e+01
-1.77e+02,-7.36e+01,2.10e+01,1.80e+01
-1.89e+02,-1.46e+02,2.00e+01,1.80e+01
-1.78e+02,-8.51e+01,2.30e+01,2.00e+01
-1.98e+02,-1.97e+02,2.50e+01,2.10e+01
-1.79e+02,-8.54e+01,2.20e+01,1.80e+01
-1.79e+02,-8.56e+01,2.50e+01,1.90e+01
-1.81e+02,-1.02e+02,2.10e+01,1.90e+01
-1.98e+02,-1.97e+02,2.30e+01,2.00e+01
-1.82e+02,-1.07e+02,2.30e+01,1.90e+01
-1.85e+02,-1.23e+02,2.30e+01,1.90e+01
-1.86e+02,-1.31e+02,2.60e+01,1.90e+01
-1.80e+02,-9.06e+01,2.40e+01,2.00e+01
-1.83e+02,-1.10e+02,2.60e+01,2.20e+01
-1.85e+02,-1.21e+02,2.40e+01,2.10e+01
-1.77e+02,-7.65e+01,2.20e+01,1.90e+01
-1.82e+02,-1.05e+02,2.20e+01,1.90e+01
-1.80e+02,-9.27e+01,2.30e+01,2.00e+01
-1.79e+02,-8.65e+01,2.40e+01,2.00e+01
-1.82e+02,-1.07e+02,2.20e+01,1.80e+01
-1.97e+02,-1.97e+02,3.20e+01,2.50e+01
-1.81e+02,-9.83e+01,2.40e+01,2.10e+01
-1.96e+02,-1.95e+02,2.20e+01,1.90e+01
-1.85e+02,-1.22e+02,2.50e+01,2.00e+01
-1.82e+02,-1.05e+02,2.30e+01,1.90e+01
-1.79e+02,-8.95e+01,2.60e+01,1.90e+01
-1.80e+02,-9.42e+01,2.50e+01,2.10e+01
-1.93e+02,-1.70e+02,2.10e+01,1.80e+01
-1.80e+02,-9.06e+01,2.10e+01,1.80e+01
-1.78e+02,-8.18e+01,2.20e+01,1.80e+01
-1.81e+02,-9.61e+01,2.10e+01,1.80e+01
