1.08e+02,6.05e+02,3.30e+01,2.00e+01
1.19e+02,2.74e+02,4.30e+01,2.20e+01
1.19e+02,2.74e+02,4.40e+01,2.20e+01
1.08e+02,6.05e+02,3.60e+01,2.10e+01
1.19e+02,2.74e+02,4.20e+01,2.40e+01
1.19e+02,2.74e+02,3.90e+01,2.30e+01
1.08e+02,6.05e+02,3.40e+01,2.00e+01
1.19e+02,2.74e+02,4.40e+01,2.20e+01
1.19e+02,2.74e+02,4.00e+01,2.40e+01
1.19e+02,2.74e+02,4.40e+01,2.30e+01
1.19e+02,2.74e+02,3.90e+01,2.30e+01
1.19e+02,2.74e+02,4.40e+01,2.20e+01
1.19e+02,2.74e+02,4.60e+01,2.30e+01
1.19e+02,2.74e+02,4.40e+01,2.20e+01
1.19e+02,2.74e+02,4.30e+01,2.20e+01
1.19e+02,2.74e+02,4.50e+01,2.30e+01
1.19e+02,2.74e+02,3.90e+01,2.30e+01
1.19e+02,2.74e+02,4.60e+01,2.30e+01
1.19e+02,2.74e+02,4.30e+01,2.40e+01
1.08e+02,6.05e+02,3.70e+01,2.10e+01
1.08e+02,6.05e+02,3.60e+01,2.10e+01
1.15e+02,2.66e+02,4.30e+01,2.20e+01
1.19e+02,2.74e+02,4.30e+01,2.20e+01
2.76e+01,1.28e+02,4.50e+01,2.30e+01
1.19e+02,2.74e+02,4.00e+01,2.40e+01
1.08e+02,6.05e+02,3.40e+01,2.00e+01
1.19e+02,2.74e+02,4.40e+01,2.20e+01
9.20e+01,2.33e+02,4.20e+01,2.40e+01
9.93e+01,2.35e+02,4.70e+01,2.40e+01
4.74e-01,2.37e+02,3.50e+01,2.10e+01
1.18e+02,2.72e+02,4.60e+01,2.30e+01
9.94e+01,2.32e+02,4.40e+01,2.30e+01
1.07e+02,6.00e+02,3.50e+01,2.00e+01
1.05e+02,2.38e+02,4.50e+01,2.40e+01
1.08e+02,6.05e+02,3.70e+01,2.20e+01
1.19e+02,2.74e+02,4.50e+01,2.20e+01
1.19e+02,2.74e+02,3.90e+01,2.30e+01
1.08e+02,6.05e+02,3.40e+01,2.10e+01
1.19e+02,2.74e+02,4.50e+01,2.20e+01
1.14e+02,1.97e+02,4.50e+01,2.30e+01
1.03e+02,6.05e+02,3.30e+01,2.00e+01
1.17e+02,2.72e+02,4.60e+01,2.40e+01
1.14e+02,2.66e+02,4.60e+01,2.30e+01
1.19e+02,2.74e+02,4.40e+01,2.20e+01
1.17e+02,2.67e+02,4.60e+01,2.30e+01
1.19e+02,2.73e+02,4.10e+01,2.40e+01
9.40e+00,1.56e+02,3.60e+01,2.10e+01
7.18e+01,1.76e+02,4.50e+01,2.20e+01
1.19e+02,2.74e+02,3.90e+01,2.30e+01
1.08e+02,6.05e+02,3.50e+01,2.00e+01
1.19e+02,2.74e+02,4.40e+01,2.20e+01
1.19e+02,2.74e+02,3.90e+01,2.30e+01
1.09e+02,2.67e+02,4.40e+01,2.30e+01
1.18e+02,2.79e+02,4.30e+01,2.20e+01
9.62e+01,1.90e+02,4.40e+01,2.20e+01
1.08e+02,6.05e+02,3.70e+01,2.20e+01
1.19e+02,2.74e+02,4.50e+01,2.30e+01
1.19e+02,2.74e+02,4.40e+01,2.20e+01
1.19e+02,2.74e+02,4.20e+01,2.50e+01
1.16e+02,2.67e+02,4.60e+01,2.40e+01
1.43e+01,2.56e+02,3.80e+01,2.20e+01
1.19e+02,2.74e+02,4.50e+01,2.20e+01
1.07e+02,6.01e+02,3.50e+01,2.10e+01
1.19e+02,2.74e+02,3.90e+01,2.30e+01
9.67e+01,2.40e+02,4.40e+01,2.20e+01
1.09e+02,2.73e+02,4.40e+01,2.20e+01
1.19e+02,2.74e+02,4.40e+01,2.20e+01
1.19e+02,2.74e+02,4.50e+01,2.40e+01
1.08e+02,2.37e+02,4.50e+01,2.30e+01
1.55e+00,1.01e+02,3.30e+01,2.00e+01
1.18e+02,2.69e+02,4.40e+01,2.30e+01
1.19e+02,2.74e+02,4.50e+01,2.30e+01
1.18e+02,2.68e+02,4.50e+01,2.20e+01
1.08e+02,6.05e+02,3.70e+01,2.10e+01
1.08e+02,6.05e+02,3.40e+01,2.00e+01
1.19e+02,2.74e+02,4.70e+01,2.30e+01
1.19e+02,2.74e+02,4.70e+01,2.40e+01
1.19e+02,2.74e+02,4.50e+01,2.30e+01
1.05e+02,5.89e+02,3.30e+01,2.00e+01
1.19e+02,2.74e+02,4.50e+01,2.30e+01
1.08e+02,6.05e+02,3.50e+01,2.10e+01
1.19e+02,2.74e+02,4.50e+01,2.20e+01
1.19e+02,2.74e+02,4.40e+01,2.20e+01
1.14e+02,2.74e+02,4.30e+01,2.20e+01
1.17e+02,2.73e+02,4.40e+01,2.20e+01
1.08e+02,6.05e+02,3.60e+01,2.10e+01
4.24e+01,2.35e+02,4.30e+01,2.20e+01
1.19e+02,2.74e+02,4.40e+01,2.20e+01
1.19e+02,2.74e+02,4.40e+01,2.20e+01
1.08e+02,6.05e+02,3.50e+01,2.00e+01
1.19e+02,2.74e+02,4.60e+01,2.30e+01
1.19e+02,2.74e+02,4.00e+01,2.30e+01
1.19e+02,2.74e+02,4.40e+01,2.20e+01
9.22e+01,1.77e+02,4.40e+01,2.20e+01
1.17e+02,2.74e+02,4.40e+01,2.30e+01
1.17e+02,2.67e+02,4.00e+01,2.40e+01
1.19e+02,2.74e+02,4.40e+01,2.20e+01
1.19e+02,2.74e+02,4.40e+01,2.20e+01
1.18e+02,2.73e+02,4.00e+01,2.40e+01
8.55e+01,1.92e+02,4.00e+01,2.40e+01
1.08e+02,6.05e+02,3.40e+01,2.00e+01
-2.05e+01,1.27e+02,4.40e+01,2.20e+01
7.55e+01,1.64e+02,3.90e+01,2.30e+01
1.08e+02,6.05e+02,3.50e+01,2.00e+01
1.19e+02,2.74e+02,4.40e+01,2.20e+01
1.04e+02,2.33e+02,4.00e+01,2.40e+01
-3.08e+01,1.24e+02,4.40e+01,2.20e+01
1.19e+02,2.74e+02,4.40e+01,2.20e+01
1.08e+02,6.05e+02,3.40e+01,2.00e+01
1.08e+02,6.05e+02,3.70e+01,2.10e+01
1.19e+02,2.74e+02,4.50e+01,2.30e+01
1.19e+02,2.74e+02,4.30e+01,2.20e+01
1.17e+02,2.74e+02,4.30e+01,2.20e+01
1.19e+02,2.74e+02,4.70e+01,2.40e+01
1.19e+02,2.74e+02,4.30e+01,2.20e+01
1.08e+02,6.05e+02,3.50e+01,2.00e+01
1.19e+02,2.74e+02,4.30e+01,2.40e+01
-3.12e+01,1.26e+02,4.20e+01,2.40e+01
8.03e+01,1.75e+02,4.40e+01,2.20e+01
1.14e+02,1.97e+02,4.40e+01,2.30e+01
5.15e+01,2.86e+02,3.60e+01,2.10e+01
1.19e+02,2.74e+02,4.30e+01,2.20e+01
1.08e+02,6.05e+02,3.60e+01,2.10e+01
1.16e+02,2.67e+02,3.90e+01,2.30e+01
5.12e+01,2.86e+02,3.40e+01,2.00e+01
1.14e+02,1.97e+02,4.30e+01,2.50e+01
1.08e+02,6.05e+02,3.50e+01,2.00e+01
1.19e+02,2.74e+02,4.60e+01,2.40e+01
