1.34e+01,2.99e+02,1.59e+02,6.70e+01
1.17e+01,2.99e+02,1.48e+02,6.70e+01
1.34e+01,2.99e+02,1.59e+02,6.70e+01
1.28e+01,2.99e+02,1.50e+02,6.40e+01
1.34e+01,2.99e+02,1.50e+02,6.50e+01
1.17e+01,2.99e+02,1.49e+02,6.70e+01
1.28e+01,2.99e+02,1.48e+02,6.40e+01
1.28e+01,2.99e+02,1.50e+02,6.70e+01
1.34e+01,2.99e+02,1.50e+02,6.50e+01
1.28e+01,2.99e+02,1.51e+02,6.80e+01
1.17e+01,2.99e+02,1.50e+02,6.80e+01
1.28e+01,2.99e+02,1.50e+02,6.50e+01
1.28e+01,2.99e+02,1.52e+02,6.80e+01
1.28e+01,2.99e+02,1.52e+02,6.60e+01
1.34e+01,2.99e+02,1.53e+02,6.60e+01
1.28e+01,2.99e+02,1.51e+02,6.60e+01
1.34e+01,2.99e+02,1.51e+02,6.60e+01
1.34e+01,2.99e+02,1.58e+02,6.70e+01
1.28e+01,2.99e+02,1.54e+02,6.90e+01
1.34e+01,2.99e+02,1.52e+02,6.60e+01
1.28e+01,2.99e+02,1.48e+02,6.40e+01
1.34e+01,2.99e+02,1.52e+02,6.60e+01
1.28e+01,2.99e+02,1.52e+02,6.80e+01
1.34e+01,2.99e+02,1.50e+02,6.50e+01
1.34e+01,2.99e+02,1.60e+02,6.70e+01
1.28e+01,2.99e+02,1.50e+02,6.50e+01
1.28e+01,2.99e+02,1.52e+02,6.60e+01
1.34e+01,2.99e+02,1.61e+02,6.80e+01
1.28e+01,2.99e+02,1.49e+02,6.40e+01
1.28e+01,2.99e+02,1.51e+02,6.50e+01
5.36e+00,2.56e+02,1.52e+02,6.50e+01
1.28e+01,2.99e+02,1.49e+02,6.40e+01
1.28e+01,2.99e+02,1.48e+02,6.40e+01
1.28e+01,2.99e+02,1.48e+02,6.40e+01
1.34e+01,2.99e+02,1.51e+02,6.60e+01
1.17e+01,2.99e+02,1.49e+02,6.70e+01
1.28e+01,2.99e+02,1.52e+02,6.80e+01
9.84e+00,2.88e+02,1.50e+02,6.60e+01
1.34e+01,2.99e+02,1.51e+02,6.60e+01
1.28e+01,2.99e+02,1.48e+02,6.40e+01
1.34e+01,2.99e+02,1.49e+02,6.50e+01
1.28e+01,2.99e+02,1.50e+02,6.40e+01
1.28e+01,2.99e+02,1.51e+02,6.70e+01
1.17e+01,2.99e+02,1.51e+02,6.80e+01
1.34e+01,2.99e+02,1.62e+02,6.90e+01
1.28e+01,2.99e+02,1.51e+02,6.70e+01
1.33e+01,2.99e+02,1.60e+02,6.70e+01
1.28e+01,2.99e+02,1.49e+02,6.40e+01
1.26e+01,2.99e+02,1.50e+02,6.50e+01
1.32e+01,2.98e+02,1.59e+02,6.70e+01
1.26e+01,2.99e+02,1.52e+02,6.60e+01
1.26e+01,2.99e+02,1.52e+02,6.60e+01
1.28e+01,2.99e+02,1.50e+02,6.50e+01
1.28e+01,2.99e+02,1.48e+02,6.40e+01
1.34e+01,2.99e+02,1.54e+02,6.70e+01
1.34e+01,2.99e+02,1.51e+02,6.50e+01
1.34e+01,2.99e+02,1.53e+02,6.60e+01
1.21e+01,2.92e+02,1.50e+02,6.50e+01
1.28e+01,2.99e+02,1.51e+02,6.70e+01
1.28e+01,2.99e+02,1.51e+02,6.80e+01
1.33e+01,2.98e+02,1.58e+02,6.70e+01
1.34e+01,2.99e+02,1.60e+02,6.70e+01
1.34e+01,2.99e+02,1.58e+02,6.70e+01
1.34e+01,2.99e+02,1.50e+02,6.50e+01
1.34e+01,2.99e+02,1.50e+02,6.50e+01
1.34e+01,2.99e+02,1.55e+02,6.60e+01
1.25e+01,2.99e+02,1.52e+02,6.60e+01
1.28e+01,2.99e+02,1.51e+02,6.50e+01
1.28e+01,2.99e+02,1.52e+02,6.80e+01
1.28e+01,2.99e+02,1.52e+02,6.60e+01
1.17e+01,2.99e+02,1.49e+02,6.70e+01
1.17e+01,2.99e+02,1.50e+02,6.80e+01
-8.34e+00,1.73e+02,1.53e+02,6.70e+01
-4.07e+00,1.95e+02,1.51e+02,6.50e+01
1.06e+01,2.87e+02,1.52e+02,6.80e+01
-4.53e+00,1.96e+02,1.50e+02,6.50e+01
1.28e+01,2.99e+02,1.51e+02,6.40e+01
1.26e+01,2.99e+02,1.51e+02,6.60e+01
1.34e+01,2.99e+02,1.54e+02,6.70e+01
1.28e+01,2.99e+02,1.52e+02,6.80e+01
1.34e+01,2.99e+02,1.59e+02,6.70e+01
-6.04e+01,0.00e+00,1.50e+02,6.50e+01
1.17e+01,2.99e+02,1.51e+02,6.80e+01
1.34e+01,2.99e+02,1.55e+02,6.70e+01
1.28e+01,2.99e+02,1.50e+02,6.70e+01
-1.48e+01,1.31e+02,1.49e+02,6.40e+01
1.33e+01,2.99e+02,1.51e+02,6.50e+01
-2.25e+00,2.10e+02,1.48e+02,6.40e+01
1.34e+01,2.99e+02,1.54e+02,6.70e+01
1.28e+01,2.99e+02,1.51e+02,6.50e+01
1.28e+01,2.99e+02,1.50e+02,6.70e+01
1.34e+01,2.99e+02,1.51e+02,6.60e+01
1.28e+01,2.99e+02,1.51e+02,6.70e+01
1.22e+00,2.37e+02,1.52e+02,6.70e+01
1.17e+01,2.99e+02,1.51e+02,6.80e+01
1.28e+01,2.99e+02,1.52e+02,6.60e+01
1.28e+01,2.99e+02,1.48e+02,6.40e+01
1.33e+01,2.99e+02,1.51e+02,6.60e+01
1.28e+01,2.99e+02,1.52e+02,6.60e+01
1.28e+01,2.99e+02,1.50e+02,6.40e+01
1.28e+01,2.99e+02,1.51e+02,6.70e+01
1.28e+01,2.99e+02,1.52e+02,6.50e+01
1.28e+01,2.99e+02,1.51e+02,6.70e+01
1.28e+01,2.99e+02,1.53e+02,6.80e+01
1.33e+01,2.99e+02,1.50e+02,6.50e+01
1.17e+01,2.99e+02,1.48e+02,6.70e+01
1.28e+01,2.99e+02,1.48e+02,6.40e+01
-4.53e+00,1.96e+02,1.52e+02,6.70e+01
1.34e+01,2.99e+02,1.50e+02,6.50e+01
1.07e+01,2.87e+02,1.53e+02,6.60e+01
1.28e+01,2.99e+02,1.50e+02,6.70e+01
1.29e+01,2.96e+02,1.60e+02,6.80e+01
5.97e+00,2.59e+02,1.50e+02,6.40e+01
1.34e+01,2.99e+02,1.60e+02,6.70e+01
1.33e+01,2.98e+02,1.59e+02,6.80e+01
1.26e+01,2.99e+02,1.54e+02,6.90e+01
1.28e+01,2.99e+02,1.48e+02,6.40e+01
1.20e+01,2.95e+02,1.52e+02,6.80e+01
1.08e+01,2.88e+02,1.50e+02,6.50e+01
1.34e+01,2.99e+02,1.62e+02,6.80e+01
1.34e+01,2.99e+02,1.50e+02,6.50e+01
1.34e+01,2.99e+02,1.50e+02,6.50e+01
1.26e+01,2.99e+02,1.50e+02,6.40e+01
1.07e+01,2.87e+02,1.63e+02,7.00e+01
1.32e+01,2.97e+02,1.52e+02,6.60e+01
1.28e+01,2.99e+02,1.50e+02,6.50e+01
-6.89e+01,-1.65e+01,1.51e+02,6.90e+01
1.34e+01,2.99e+02,1.50e+02,6.50e+01
