1.63e+02,4.09e+02,2.90e+01,2.30e+01
4.86e+02,9.44e+02,3.20e+01,2.30e+01
2.61e+02,8.50e+02,3.40e+01,2.60e+01
1.50e+02,3.42e+02,2.80e+01,2.30e+01
1.71e+02,8.46e+02,3.10e+01,2.40e+01
1.68e+02,7.98e+02,2.90e+01,2.40e+01
2.71e+02,8.52e+02,2.90e+01,2.40e+01
2.51e+02,5.99e+02,3.50e+01,2.60e+01
8.51e+01,1.34e+02,3.30e+01,2.50e+01
1.74e+02,4.46e+02,3.10e+01,2.40e+01
2.01e+02,4.64e+02,3.00e+01,2.40e+01
2.95e+02,9.10e+02,2.90e+01,2.40e+01
9.04e+01,2.42e+02,3.10e+01,2.40e+01
2.63e+02,8.38e+02,3.40e+01,2.60e+01
8.85e+01,4.79e+02,3.10e+01,2.50e+01
1.76e+02,8.71e+02,2.90e+01,2.30e+01
1.78e+02,7.34e+02,3.60e+01,2.70e+01
3.82e+02,8.70e+02,2.90e+01,2.40e+01
3.09e+02,1.29e+03,3.10e+01,2.40e+01
6.31e+01,2.29e+02,3.40e+01,2.60e+01
1.94e+02,9.40e+02,2.80e+01,2.30e+01
2.07e+02,7.38e+02,3.10e+01,2.30e+01
1.62e+02,5.78e+02,3.30e+01,2.50e+01
2.96e+02,9.32e+02,3.20e+01,2.30e+01
1.10e+02,2.82e+02,3.00e+01,2.40e+01
4.04e+02,1.31e+03,3.20e+01,2.30e+01
1.34e+02,5.41e+02,3.30e+01,2.50e+01
2.77e+02,6.32e+02,3.00e+01,2.30e+01
2.30e+02,5.63e+02,3.20e+01,2.40e+01
2.03e+02,4.97e+02,3.40e+01,2.60e+01
2.72e+02,8.38e+02,2.90e+01,2.40e+01
1.36e+02,4.50e+02,2.90e+01,2.40e+01
2.28e+02,7.66e+02,3.00e+01,2.40e+01
2.15e+02,5.09e+02,3.20e+01,2.30e+01
1.47e+02,5.76e+02,2.90e+01,2.40e+01
2.58e+02,9.08e+02,3.40e+01,2.60e+01
3.95e+02,1.23e+03,3.50e+01,2.70e+01
1.83e+02,9.30e+02,2.90e+01,2.30e+01
2.45e+02,5.68e+02,3.60e+01,2.70e+01
6.05e+01,1.77e+02,2.80e+01,2.30e+01
1.78e+02,9.77e+02,3.20e+01,2.30e+01
9.29e+01,2.71e+02,3.00e+01,2.40e+01
4.99e+01,4.91e+02,2.90e+01,2.40e+01
1.03e+02,4.18e+02,2.90e+01,2.30e+01
2.38e+01,7.40e+01,2.90e+01,2.40e+01
2.32e+02,9.32e+02,3.30e+01,2.40e+01
2.58e+02,9.43e+02,3.00e+01,2.40e+01
2.56e+02,9.11e+02,3.40e+01,2.60e+01
1.67e+02,4.46e+02,2.90e+01,2.30e+01
1.53e+02,5.43e+02,2.90e+01,2.30e+01
1.88e+02,5.48e+02,2.80e+01,2.30e+01
2.22e+01,1.36e+02,2.90e+01,2.40e+01
1.34e+02,8.12e+02,3.00e+01,2.30e+01
1.49e+02,4.70e+02,2.90e+01,2.40e+01
2.00e+02,5.05e+02,3.00e+01,2.30e+01
2.71e+02,8.50e+02,2.80e+01,2.30e+01
2.65e+01,2.85e+02,2.90e+01,2.30e+01
2.56e+02,5.67e+02,3.50e+01,2.60e+01
6.27e+01,1.78e+02,3.20e+01,2.30e+01
1.82e+02,5.20e+02,2.90e+01,2.30e+01
2.69e+02,9.29e+02,2.90e+01,2.30e+01
5.19e+01,1.93e+02,3.30e+01,2.40e+01
2.61e+01,1.33e+02,3.40e+01,2.60e+01
3.88e+02,9.04e+02,3.40e+01,2.60e+01
8.66e+00,4.91e+01,3.00e+01,2.40e+01
2.89e+02,5.69e+02,3.00e+01,2.30e+01
2.35e+02,5.79e+02,3.40e+01,2.60e+01
1.02e+02,1.99e+02,3.20e+01,2.30e+01
2.65e+02,5.03e+02,3.10e+01,2.50e+01
2.31e+02,5.44e+02,3.60e+01,2.70e+01
1.88e+02,5.09e+02,3.20e+01,2.30e+01
1.67e+02,4.85e+02,3.00e+01,2.30e+01
4.91e+01,2.64e+02,3.40e+01,2.60e+01
5.34e+01,1.35e+02,2.80e+01,2.30e+01
2.54e+02,6.20e+02,3.10e+01,2.40e+01
1.22e+02,2.80e+02,3.00e+01,2.30e+01
3.61e+02,1.30e+03,3.60e+01,2.70e+01
2.30e+02,7.89e+02,3.30e+01,2.50e+01
3.96e+02,9.42e+02,3.10e+01,2.40e+01
1.63e+02,4.85e+02,3.00e+01,2.40e+01
1.42e+02,4.95e+02,3.10e+01,2.40e+01
1.54e+02,4.80e+02,3.20e+01,2.30e+01
2.31e+02,8.51e+02,3.40e+01,2.60e+01
6.36e+01,2.40e+02,3.20e+01,2.30e+01
2.72e+02,9.87e+02,3.20e+01,2.30e+01
2.53e+02,9.18e+02,2.90e+01,2.40e+01
2.12e+02,4.38e+02,2.90e+01,2.30e+01
3.66e+02,8.87e+02,3.50e+01,2.60e+01
1.59e+02,5.66e+02,2.80e+01,2.30e+01
1.26e+02,4.23e+02,2.90e+01,2.40e+01
2.91e+02,1.02e+03,3.20e+01,2.30e+01
3.65e+02,1.28e+03,2.90e+01,2.30e+01
2.59e+02,7.82e+02,3.00e+01,2.40e+01
2.61e+02,5.82e+02,2.80e+01,2.30e+01
3.32e+02,1.19e+03,3.00e+01,2.30e+01
2.00e+02,4.35e+02,3.40e+01,2.40e+01
1.32e+02,2.94e+02,3.40e+01,2.60e+01
2.14e+02,1.02e+03,3.20e+01,2.30e+01
2.21e+01,9.92e+01,3.30e+01,2.30e+01
2.45e+02,5.70e+02,3.40e+01,2.60e+01
-3.82e+01,1.93e+01,3.20e+01,2.30e+01
1.77e+02,7.88e+02,2.90e+01,2.30e+01
4.98e+01,2.03e+02,3.50e+01,2.60e+01
7.71e+01,2.98e+02,2.90e+01,2.30e+01
1.54e+02,5.22e+02,3.10e+01,2.40e+01
-1.10e+01,8.18e+01,2.90e+01,2.40e+01
1.59e+02,4.80e+02,2.90e+01,2.40e+01
2.53e+01,1.43e+02,3.50e+01,2.60e+01
4.16e+02,9.90e+02,3.20e+01,2.30e+01
-3.70e+01,4.10e+01,2.90e+01,2.30e+01
4.03e+02,1.42e+03,3.40e+01,2.40e+01
4.45e+01,1.37e+02,2.90e+01,2.30e+01
1.58e+02,8.62e+02,2.90e+01,2.40e+01
2.75e+02,8.43e+02,2.90e+01,2.40e+01
3.05e+02,8.73e+02,2.80e+01,2.30e+01
1.01e+02,4.89e+02,3.30e+01,2.30e+01
8.38e+01,4.62e+02,3.10e+01,2.40e+01
2.64e+02,8.72e+02,3.40e+01,2.60e+01
2.84e+02,7.91e+02,3.10e+01,2.40e+01
3.71e+01,2.56e+02,2.90e+01,2.30e+01
4.38e+01,1.69e+02,3.40e+01,2.60e+01
1.88e+02,4.60e+02,2.90e+01,2.40e+01
2.53e+02,5.50e+02,3.20e+01,2.40e+01
8.02e+01,3.63e+02,3.00e+01,2.40e+01
1.17e+02,5.12e+02,3.00e+01,2.30e+01
2.84e+02,1.18e+03,2.90e+01,2.30e+01
2.63e+02,5.66e+02,3.20e+01,2.30e+01
2.39e+02,8.12e+02,3.00e+01,2.40e+01
