1.45e+02,2.60e+02,6.60e+01,3.00e+01
1.46e+02,2.59e+02,7.70e+01,3.50e+01
1.45e+02,2.59e+02,7.60e+01,3.50e+01
1.45e+02,2.60e+02,7.10e+01,3.10e+01
1.45e+02,2.59e+02,7.60e+01,3.50e+01
1.45e+02,2.60e+02,7.10e+01,3.20e+01
1.45e+02,2.60e+02,7.00e+01,3.10e+01
-3.84e+01,2.96e+01,6.90e+01,3.10e+01
1.41e+02,2.59e+02,7.60e+01,3.50e+01
1.42e+02,2.59e+02,7.90e+01,3.60e+01
1.41e+02,2.59e+02,6.70e+01,3.10e+01
1.11e+02,2.26e+02,7.80e+01,3.60e+01
1.40e+02,2.60e+02,7.60e+01,3.50e+01
1.20e+02,2.59e+02,7.60e+01,3.50e+01
1.38e+02,2.60e+02,6.80e+01,3.00e+01
-2.98e+01,4.90e+01,7.70e+01,3.50e+01
1.45e+02,2.60e+02,6.80e+01,3.10e+01
1.40e+02,2.59e+02,7.60e+01,3.50e+01
1.28e+02,2.27e+02,7.70e+01,3.60e+01
1.25e+02,2.30e+02,7.10e+01,3.20e+01
1.45e+02,2.59e+02,7.60e+01,3.40e+01
1.45e+02,2.60e+02,7.10e+01,3.10e+01
1.42e+02,2.59e+02,7.80e+01,3.70e+01
1.45e+02,2.60e+02,6.70e+01,3.00e+01
1.39e+02,2.60e+02,7.20e+01,3.10e+01
1.45e+02,2.60e+02,7.10e+01,3.20e+01
9.78e+01,1.96e+02,7.80e+01,3.60e+01
1.46e+02,2.59e+02,7.70e+01,3.60e+01
1.46e+02,2.59e+02,7.80e+01,3.60e+01
1.28e+02,2.27e+02,7.70e+01,3.60e+01
1.02e+02,1.92e+02,7.20e+01,3.30e+01
1.21e+02,2.59e+02,7.70e+01,3.60e+01
1.45e+02,2.59e+02,7.70e+01,3.50e+01
1.45e+02,2.59e+02,7.30e+01,3.30e+01
1.38e+02,2.59e+02,6.90e+01,3.10e+01
1.41e+02,2.58e+02,7.10e+01,3.20e+01
1.40e+02,2.29e+02,6.70e+01,3.00e+01
1.41e+02,2.60e+02,6.80e+01,3.10e+01
1.45e+02,2.60e+02,6.90e+01,3.10e+01
1.45e+02,2.60e+02,7.00e+01,3.10e+01
1.11e+02,2.25e+02,7.60e+01,3.50e+01
1.30e+02,2.27e+02,7.80e+01,3.60e+01
4.02e+01,1.49e+02,7.20e+01,3.20e+01
1.45e+02,2.60e+02,7.20e+01,3.20e+01
9.91e+01,1.93e+02,6.70e+01,3.10e+01
1.45e+02,2.60e+02,6.90e+01,3.10e+01
1.17e+02,2.00e+02,6.70e+01,3.10e+01
1.29e+02,2.29e+02,7.60e+01,3.50e+01
1.34e+02,2.60e+02,7.00e+01,3.20e+01
1.41e+02,2.59e+02,7.70e+01,3.50e+01
1.25e+02,2.04e+02,7.10e+01,3.10e+01
1.45e+02,2.60e+02,6.90e+01,3.20e+01
1.45e+02,2.59e+02,7.10e+01,3.10e+01
1.38e+02,2.59e+02,7.60e+01,3.50e+01
1.45e+02,2.60e+02,7.10e+01,3.20e+01
1.45e+02,2.60e+02,7.00e+01,3.20e+01
1.45e+02,2.60e+02,7.10e+01,3.20e+01
1.45e+02,2.60e+02,6.60e+01,3.00e+01
1.21e+02,2.27e+02,7.60e+01,3.50e+01
1.45e+02,2.60e+02,6.70e+01,3.10e+01
1.45e+02,2.59e+02,7.70e+01,3.50e+01
1.45e+02,2.60e+02,7.10e+01,3.20e+01
1.35e+02,2.60e+02,7.00e+01,3.20e+01
1.45e+02,2.59e+02,7.60e+01,3.50e+01
1.25e+02,2.35e+02,6.70e+01,3.00e+01
1.04e+02,1.93e+02,6.60e+01,3.00e+01
1.44e+02,2.50e+02,7.10e+01,3.10e+01
1.37e+02,2.60e+02,6.70e+01,3.00e+01
1.45e+02,2.60e+02,6.70e+01,3.00e+01
1.45e+02,2.60e+02,6.70e+01,3.00e+01
1.45e+02,2.60e+02,7.00e+01,3.10e+01
1.41e+02,2.59e+02,7.60e+01,3.50e+01
1.46e+02,2.59e+02,7.60e+01,3.50e+01
1.45e+02,2.59e+02,7.70e+01,3.50e+01
1.45e+02,2.59e+02,7.10e+01,3.20e+01
1.45e+02,2.60e+02,7.20e+01,3.20e+01
1.45e+02,2.59e+02,7.80e+01,3.60e+01
6.11e+01,1.64e+02,6.80e+01,3.10e+01
1.46e+02,2.59e+02,7.90e+01,3.60e+01
1.39e+02,2.27e+02,7.20e+01,3.30e+01
1.30e+02,2.27e+02,7.70e+01,3.60e+01
1.45e+02,2.59e+02,7.70e+01,3.60e+01
1.45e+02,2.59e+02,7.80e+01,3.60e+01
1.41e+02,2.60e+02,6.80e+01,3.00e+01
1.34e+02,2.59e+02,7.70e+01,3.60e+01
1.00e+02,1.97e+02,7.70e+01,3.60e+01
1.45e+02,2.60e+02,7.00e+01,3.10e+01
1.45e+02,2.58e+02,6.70e+01,3.10e+01
1.45e+02,2.59e+02,7.80e+01,3.60e+01
1.45e+02,2.59e+02,7.80e+01,3.50e+01
6.57e+01,1.33e+02,7.60e+01,3.50e+01
1.39e+02,2.60e+02,7.10e+01,3.20e+01
1.39e+02,2.59e+02,7.70e+01,3.50e+01
1.45e+02,2.59e+02,7.70e+01,3.60e+01
1.20e+02,2.59e+02,7.70e+01,3.50e+01
1.40e+02,2.59e+02,7.60e+01,3.50e+01
1.45e+02,2.60e+02,7.30e+01,3.30e+01
1.34e+02,2.60e+02,6.80e+01,3.10e+01
6.77e+01,2.04e+02,7.70e+01,3.60e+01
1.45e+02,2.60e+02,7.10e+01,3.20e+01
1.45e+02,2.60e+02,6.70e+01,3.00e+01
1.30e+02,2.37e+02,6.70e+01,3.00e+01
1.30e+02,2.27e+02,7.00e+01,3.10e+01
1.11e+02,2.25e+02,7.70e+01,3.50e+01
9.79e+01,2.27e+02,6.60e+01,3.00e+01
1.45e+02,2.59e+02,7.80e+01,3.70e+01
1.45e+02,2.60e+02,6.90e+01,3.20e+01
-2.22e+01,5.93e+01,7.60e+01,3.50e+01
1.30e+02,2.26e+02,7.60e+01,3.50e+01
1.45e+02,2.60e+02,6.80e+01,3.10e+01
1.45e+02,2.60e+02,6.60e+01,3.00e+01
3.87e+01,8.22e+01,7.60e+01,3.50e+01
4.74e+01,8.16e+01,7.50e+01,3.40e+01
1.45e+02,2.59e+02,7.30e+01,3.30e+01
1.41e+02,2.60e+02,7.20e+01,3.20e+01
1.41e+02,2.60e+02,6.60e+01,3.00e+01
1.42e+02,2.59e+02,7.90e+01,3.60e+01
1.45e+02,2.60e+02,6.80e+01,3.20e+01
1.45e+02,2.60e+02,7.00e+01,3.10e+01
1.41e+02,2.59e+02,7.80e+01,3.60e+01
1.38e+02,2.28e+02,7.00e+01,3.10e+01
1.45e+02,2.60e+02,6.70e+01,3.10e+01
1.45e+02,2.59e+02,7.80e+01,3.60e+01
1.41e+02,2.60e+02,7.10e+01,3.20e+01
1.45e+02,2.60e+02,7.10e+01,3.10e+01
1.29e+02,2.59e+02,7.60e+01,3.50e+01
1.27e+02,2.25e+02,7.10e+01,3.20e+01
1.45e+02,2.60e+02,6.60e+01,3.00e+01
