-1.34e+02,-9.14e+01,1.80e+01,1.10e+01
-1.34e+02,-9.20e+01,1.80e+01,1.10e+01
-1.29e+02,-7.93e+01,2.00e+01,1.30e+01
-1.35e+02,-9.66e+01,1.90e+01,1.10e+01
-1.26e+02,-8.03e+01,1.80e+01,1.10e+01
-1.36e+02,-9.11e+01,2.00e+01,1.20e+01
-1.34e+02,-7.95e+01,1.90e+01,1.10e+01
-1.36e+02,-7.80e+01,1.80e+01,1.10e+01
-1.30e+02,-7.81e+01,2.00e+01,1.20e+01
-1.34e+02,-8.82e+01,1.90e+01,1.10e+01
-1.35e+02,-8.56e+01,1.80e+01,1.10e+01
-1.40e+02,-9.26e+01,2.00e+01,1.20e+01
-1.39e+02,-8.43e+01,1.90e+01,1.10e+01
-1.43e+02,-1.07e+02,1.80e+01,1.10e+01
-1.31e+02,-9.36e+01,1.90e+01,1.10e+01
-1.32e+02,-8.65e+01,1.80e+01,1.10e+01
-1.30e+02,-8.95e+01,2.00e+01,1.20e+01
-1.35e+02,-9.86e+01,1.80e+01,1.10e+01
-1.36e+02,-8.03e+01,2.10e+01,1.10e+01
-1.34e+02,-8.14e+01,2.00e+01,1.10e+01
-1.29e+02,-8.21e+01,1.90e+01,1.10e+01
-1.36e+02,-1.01e+02,1.80e+01,1.10e+01
-1.37e+02,-9.71e+01,2.20e+01,1.20e+01
-1.37e+02,-8.27e+01,1.90e+01,1.10e+01
-1.37e+02,-8.46e+01,1.80e+01,1.10e+01
-1.35e+02,-8.56e+01,2.00e+01,1.10e+01
-1.31e+02,-8.87e+01,1.90e+01,1.10e+01
-1.33e+02,-8.59e+01,1.80e+01,1.10e+01
-1.34e+02,-8.48e+01,1.90e+01,1.10e+01
-1.30e+02,-8.35e+01,1.80e+01,1.10e+01
-1.32e+02,-8.74e+01,2.00e+01,1.20e+01
-1.32e+02,-8.45e+01,1.90e+01,1.10e+01
-1.33e+02,-9.45e+01,1.80e+01,1.10e+01
-1.37e+02,-9.45e+01,2.00e+01,1.10e+01
-1.34e+02,-8.29e+01,1.90e+01,1.10e+01
-1.29e+02,-8.55e+01,1.80e+01,1.10e+01
-1.34e+02,-8.08e+01,2.10e+01,1.30e+01
-1.36e+02,-9.42e+01,1.90e+01,1.10e+01
-1.32e+02,-8.19e+01,1.80e+01,1.10e+01
-1.33e+02,-9.19e+01,2.10e+01,1.10e+01
-1.33e+02,-9.20e+01,1.90e+01,1.10e+01
-1.39e+02,-8.09e+01,1.80e+01,1.10e+01
-1.47e+02,-9.32e+01,2.00e+01,1.20e+01
-1.31e+02,-8.06e+01,2.00e+01,1.20e+01
-1.87e+02,-1.35e+02,1.80e+01,1.10e+01
-1.36e+02,-8.94e+01,2.00e+01,1.20e+01
-1.38e+02,-9.13e+01,1.90e+01,1.10e+01
-1.31e+02,-8.93e+01,1.80e+01,1.10e+01
-1.86e+02,-1.32e+02,1.80e+01,1.10e+01
-1.36e+02,-9.51e+01,1.80e+01,1.10e+01
-1.84e+02,-1.52e+02,1.80e+01,1.10e+01
-1.87e+02,-1.35e+02,1.80e+01,1.10e+01
-1.29e+02,-8.64e+01,1.80e+01,1.10e+01
-1.34e+02,-9.13e+01,2.00e+01,1.20e+01
-1.31e+02,-8.69e+01,2.00e+01,1.20e+01
-1.38e+02,-9.97e+01,1.90e+01,1.10e+01
-1.32e+02,-8.18e+01,1.90e+01,1.10e+01
-1.95e+02,-1.92e+02,1.80e+01,1.10e+01
-1.95e+02,-1.89e+02,1.80e+01,1.10e+01
-1.40e+02,-8.90e+01,1.80e+01,1.10e+01
-1.32e+02,-8.97e+01,1.80e+01,1.10e+01
-1.39e+02,-9.12e+01,1.80e+01,1.10e+01
-1.50e+02,-9.82e+01,1.90e+01,1.10e+01
-1.30e+02,-7.11e+01,1.90e+01,1.10e+01
-1.31e+02,-9.54e+01,1.90e+01,1.10e+01
-1.37e+02,-9.98e+01,1.80e+01,1.10e+01
-1.66e+02,-9.36e+01,1.90e+01,1.10e+01
-1.31e+02,-9.25e+01,1.80e+01,1.10e+01
-1.51e+02,-9.85e+01,1.90e+01,1.10e+01
-1.34e+02,-8.03e+01,1.90e+01,1.10e+01
-1.31e+02,-8.98e+01,1.90e+01,1.10e+01
-1.36e+02,-7.81e+01,2.00e+01,1.10e+01
-1.41e+02,-8.69e+01,1.80e+01,1.10e+01
-1.64e+02,-9.89e+01,2.00e+01,1.10e+01
-1.98e+02,-1.97e+02,1.90e+01,1.10e+01
-1.96e+02,-1.94e+02,1.90e+01,1.10e+01
-1.86e+02,-1.27e+02,1.80e+01,1.10e+01
-1.97e+02,-1.95e+02,1.80e+01,1.10e+01
-1.32e+02,-8.83e+01,2.00e+01,1.20e+01
-1.65e+02,-9.94e+01,2.00e+01,1.10e+01
-1.58e+02,-1.01e+02,1.80e+01,1.10e+01
-1.72e+02,-1.16e+02,1.90e+01,1.10e+01
-1.82e+02,-1.03e+02,2.00e+01,1.30e+01
-1.34e+02,-8.57e+01,1.80e+01,1.10e+01
-1.96e+02,-1.95e+02,1.90e+01,1.10e+01
-1.32e+02,-7.38e+01,1.80e+01,1.10e+01
-1.95e+02,-1.93e+02,2.00e+01,1.20e+01
-1.96e+02,-1.91e+02,1.90e+01,1.10e+01
-1.68e+02,-1.08e+02,1.90e+01,1.10e+01
-1.32e+02,-9.05e+01,1.90e+01,1.10e+01
-1.34e+02,-8.49e+01,2.10e+01,1.30e+01
-1.32e+02,-8.75e+01,1.80e+01,1.10e+01
-1.44e+02,-9.06e+01,1.90e+01,1.10e+01
-1.29e+02,-9.19e+01,2.00e+01,1.20e+01
-1.94e+02,-1.89e+02,1.80e+01,1.10e+01
-1.63e+02,-1.16e+02,1.80e+01,1.10e+01
-1.35e+02,-7.91e+01,1.80e+01,1.10e+01
-1.96e+02,-1.95e+02,2.10e+01,1.40e+01
-1.37e+02,-9.53e+01,2.00e+01,1.30e+01
-1.35e+02,-9.20e+01,1.80e+01,1.10e+01
-1.86e+02,-1.29e+02,1.80e+01,1.10e+01
-1.37e+02,-9.32e+01,2.00e+01,1.20e+01
-1.66e+02,-1.04e+02,1.90e+01,1.10e+01
-1.40e+02,-9.97e+01,1.90e+01,1.10e+01
-1.34e+02,-7.85e+01,2.10e+01,1.30e+01
-1.52e+02,-9.40e+01,2.00e+01,1.20e+01
-1.35e+02,-8.72e+01,1.90e+01,1.10e+01
-1.28e+02,-8.65e+01,2.00e+01,1.20e+01
-1.97e+02,-1.96e+02,2.00e+01,1.30e+01
-1.70e+02,-1.04e+02,2.00e+01,1.10e+01
-1.50e+02,-9.97e+01,1.90e+01,1.10e+01
-1.31e+02,-9.39e+01,1.80e+01,1.10e+01
-1.50e+02,-8.73e+01,1.80e+01,1.10e+01
-1.35e+02,-9.76e+01,1.90e+01,1.20e+01
-1.36e+02,-9.99e+01,2.00e+01,1.10e+01
-1.39e+02,-9.48e+01,2.00e+01,1.20e+01
-1.43e+02,-1.01e+02,1.80e+01,1.10e+01
-1.36e+02,-9.03e+01,2.00e+01,1.20e+01
-1.32e+02,-9.47e+01,1.90e+01,1.10e+01
-1.53e+02,-1.05e+02,2.00e+01,1.30e+01
-1.33e+02,-8.88e+01,1.80e+01,1.10e+01
-1.35e+02,-8.95e+01,2.00e+01,1.10e+01
-1.32e+02,-8.69e+01,1.80e+01,1.10e+01
-1.31e+02,-8.92e+01,2.00e+01,1.10e+01
-1.38e+02,-8.44e+01,2.00e+01,1.30e+01
-1.35e+02,-9.57e+01,1.80e+01,1.10e+01
-1.42e+02,-9.81e+01,2.00e+01,1.10e+01
-1.83e+02,-1.14e+02,1.80e+01,1.10e+01
-1.36e+02,-9.46e+01,1.90e+01,1.10e+01
-1.50e+02,-9.33e+01,1.80e+01,1.10e+01
-1.30e+02,-9.12e+01,2.00e+01,1.30e+01
-1.39e+02,-8.29e+01,2.00e+01,1.20e+01
-1.98e+02,-1.97e+02,1.80e+01,1.10e+01
-1.36e+02,-9.05e+01,1.80e+01,1.10e+01
-1.81e+02,-9.98e+01,2.00e+01,1.10e+01
-1.65e+02,-8.51e+01,2.00e+01,1.10e+01
-1.81e+02,-1.02e+02,1.90e+01,1.10e+01
-1.50e+02,-8.96e+01,1.90e+01,1.10e+01
-1.32e+02,-9.66e+01,1.90e+01,1.10e+01
-1.98e+02,-1.96e+02,1.90e+01,1.10e+01
-1.52e+02,-9.48e+01,1.90e+01,1.10e+01
-1.79e+02,-9.26e+01,1.90e+01,1.10e+01
-1.58e+02,-1.04e+02,1.80e+01,1.10e+01
-1.79e+02,-9.82e+01,2.10e+01,1.20e+01
-1.69e+02,-9.21e+01,1.80e+01,1.10e+01
-1.92e+02,-1.75e+02,1.80e+01,1.10e+01
-1.47e+02,-8.54e+01,1.80e+01,1.10e+01
-1.42e+02,-9.66e+01,1.90e+01,1.10e+01
-1.34e+02,-8.91e+01,2.00e+01,1.10e+01
-1.28e+02,-8.62e+01,1.80e+01,1.10e+01
-1.48e+02,-8.97e+01,2.00e+01,1.30e+01
-1.51e+02,-1.16e+02,1.80e+01,1.10e+01
-1.29e+02,-8.40e+01,1.80e+01,1.10e+01
-1.53e+02,-1.03e+02,1.80e+01,1.10e+01
-1.57e+02,-9.72e+01,2.00e+01,1.20e+01
-1.72e+02,-1.13e+02,1.80e+01,1.10e+01
-1.33e+02,-8.25e+01,1.80e+01,1.10e+01
-1.73e+02,-9.47e+01,1.80e+01,1.10e+01
-1.47e+02,-8.57e+01,1.80e+01,1.10e+01
-1.33e+02,-8.13e+01,2.20e+01,1.10e+01
-1.28e+02,-8.25e+01,1.90e+01,1.10e+01
-1.34e+02,-8.52e+01,1.90e+01,1.10e+01
-1.56e+02,-1.15e+02,2.00e+01,1.10e+01
-1.81e+02,-9.82e+01,2.10e+01,1.30e+01
-1.52e+02,-9.12e+01,2.00e+01,1.20e+01
-1.70e+02,-9.90e+01,1.80e+01,1.10e+01
-1.65e+02,-9.96e+01,1.90e+01,1.10e+01
-1.97e+02,-1.96e+02,1.90e+01,1.20e+01
-1.33e+02,-8.72e+01,1.90e+01,1.10e+01
-1.48e+02,-8.93e+01,2.00e+01,1.20e+01
-1.31e+02,-8.49e+01,1.90e+01,1.10e+01
-1.34e+02,-8.56e+01,1.90e+01,1.10e+01
-1.36e+02,-8.54e+01,1.90e+01,1.10e+01
-1.30e+02,-8.64e+01,1.80e+01,1.10e+01
-1.87e+02,-1.36e+02,1.80e+01,1.10e+01
-1.29e+02,-7.94e+01,2.00e+01,1.20e+01
-1.32e+02,-8.93e+01,1.80e+01,1.10e+01
-1.34e+02,-9.36e+01,1.80e+01,1.10e+01
-1.52e+02,-9.53e+01,1.80e+01,1.10e+01
-1.30e+02,-8.64e+01,2.00e+01,1.30e+01
-1.32e+02,-9.52e+01,2.00e+01,1.30e+01
-1.33e+02,-8.31e+01,2.00e+01,1.10e+01
-1.30e+02,-7.53e+01,2.10e+01,1.30e+01
-1.35e+02,-9.31e+01,2.00e+01,1.20e+01
-1.85e+02,-1.55e+02,1.80e+01,1.10e+01
-1.39e+02,-9.17e+01,1.80e+01,1.10e+01
-1.87e+02,-1.33e+02,1.80e+01,1.10e+01
-1.32e+02,-8.30e+01,1.90e+01,1.10e+01
-1.35e+02,-9.33e+01,2.00e+01,1.20e+01
-1.96e+02,-1.95e+02,2.00e+01,1.30e+01
-1.43e+02,-1.01e+02,2.00e+01,1.10e+01
-1.95e+02,-1.91e+02,1.80e+01,1.10e+01
