-4.69e+02,-3.17e+02,2.00e+01,1.40e+01
-4.73e+02,-3.40e+02,2.20e+01,1.50e+01
-4.64e+02,-2.89e+02,2.30e+01,1.40e+01
-4.78e+02,-3.72e+02,2.40e+01,1.50e+01
-4.68e+02,-3.15e+02,2.30e+01,1.50e+01
-4.70e+02,-3.18e+02,2.10e+01,1.30e+01
-4.66e+02,-3.04e+02,2.00e+01,1.30e+01
-4.66e+02,-2.99e+02,2.30e+01,1.50e+01
-4.76e+02,-3.60e+02,2.20e+01,1.40e+01
-4.71e+02,-3.26e+02,2.30e+01,1.50e+01
-4.65e+02,-2.99e+02,2.20e+01,1.30e+01
-4.70e+02,-3.23e+02,2.20e+01,1.40e+01
-4.67e+02,-3.08e+02,2.00e+01,1.30e+01
-4.69e+02,-3.16e+02,2.40e+01,1.60e+01
-4.73e+02,-3.39e+02,2.30e+01,1.40e+01
-4.68e+02,-3.13e+02,2.30e+01,1.40e+01
-4.68e+02,-3.18e+02,2.50e+01,1.60e+01
-4.65e+02,-2.94e+02,2.20e+01,1.40e+01
-4.74e+02,-3.46e+02,2.20e+01,1.50e+01
-4.62e+02,-2.78e+02,2.30e+01,1.60e+01
-4.75e+02,-3.55e+02,2.20e+01,1.40e+01
-4.69e+02,-3.18e+02,2.30e+01,1.50e+01
-4.66e+02,-3.02e+02,2.10e+01,1.40e+01
-4.67e+02,-3.09e+02,2.30e+01,1.50e+01
-4.65e+02,-2.93e+02,2.10e+01,1.20e+01
-4.81e+02,-3.89e+02,2.40e+01,1.70e+01
-4.71e+02,-3.31e+02,2.40e+01,1.60e+01
-4.71e+02,-3.28e+02,2.10e+01,1.20e+01
-5.00e+02,-5.00e+02,2.30e+01,1.60e+01
-4.67e+02,-3.07e+02,2.10e+01,1.30e+01
-4.63e+02,-2.87e+02,2.10e+01,1.30e+01
-4.61e+02,-2.66e+02,2.00e+01,1.40e+01
-4.66e+02,-3.00e+02,2.30e+01,1.50e+01
-4.68e+02,-3.16e+02,2.30e+01,1.40e+01
-4.66e+02,-3.03e+02,2.30e+01,1.50e+01
-4.62e+02,-2.81e+02,2.60e+01,1.70e+01
-4.99e+02,-4.96e+02,2.10e+01,1.30e+01
-4.63e+02,-2.81e+02,2.50e+01,1.50e+01
-4.70e+02,-3.25e+02,2.40e+01,1.50e+01
-4.65e+02,-2.96e+02,2.40e+01,1.60e+01
-4.77e+02,-3.67e+02,2.40e+01,1.50e+01
-4.66e+02,-3.06e+02,2.00e+01,1.40e+01
-4.70e+02,-3.29e+02,2.10e+01,1.40e+01
-4.62e+02,-2.75e+02,2.30e+01,1.50e+01
-4.70e+02,-3.24e+02,2.40e+01,1.40e+01
-4.84e+02,-4.06e+02,2.30e+01,1.30e+01
-4.69e+02,-3.16e+02,2.40e+01,1.40e+01
-4.70e+02,-3.22e+02,2.40e+01,1.50e+01
-4.66e+02,-3.01e+02,2.40e+01,1.50e+01
-4.70e+02,-3.27e+02,2.50e+01,1.70e+01
-5.00e+02,-4.98e+02,2.20e+01,1.40e+01
-4.72e+02,-3.39e+02,2.00e+01,1.30e+01
-5.00e+02,-5.00e+02,2.20e+01,1.40e+01
-4.67e+02,-3.08e+02,2.30e+01,1.30e+01
-4.77e+02,-3.70e+02,2.20e+01,1.50e+01
-4.77e+02,-3.66e+02,2.20e+01,1.30e+01
-4.71e+02,-3.31e+02,2.30e+01,1.60e+01
-5.00e+02,-4.98e+02,2.10e+01,1.40e+01
-4.68e+02,-3.10e+02,2.10e+01,1.50e+01
-4.81e+02,-3.87e+02,2.40e+01,1.50e+01
-4.70e+02,-3.23e+02,2.20e+01,1.50e+01
-4.78e+02,-3.78e+02,2.40e+01,1.50e+01
-4.73e+02,-3.46e+02,2.00e+01,1.30e+01
-4.73e+02,-3.41e+02,2.00e+01,1.30e+01
-4.69e+02,-3.18e+02,2.20e+01,1.40e+01
-4.69e+02,-3.20e+02,2.10e+01,1.50e+01
-5.00e+02,-5.00e+02,2.20e+01,1.50e+01
-4.69e+02,-3.21e+02,2.20e+01,1.40e+01
-4.67e+02,-3.08e+02,2.40e+01,1.40e+01
-4.83e+02,-3.98e+02,2.40e+01,1.60e+01
-4.72e+02,-3.36e+02,2.30e+01,1.50e+01
-4.62e+02,-2.78e+02,2.10e+01,1.40e+01
-4.72e+02,-3.37e+02,2.40e+01,1.40e+01
-4.73e+02,-3.45e+02,2.40e+01,1.60e+01
-4.74e+02,-3.46e+02,2.30e+01,1.50e+01
-4.71e+02,-3.27e+02,2.30e+01,1.60e+01
-4.63e+02,-2.82e+02,2.30e+01,1.50e+01
-4.77e+02,-3.65e+02,2.40e+01,1.50e+01
-4.99e+02,-4.96e+02,2.40e+01,1.50e+01
-4.64e+02,-2.89e+02,2.10e+01,1.40e+01
-4.72e+02,-3.36e+02,2.30e+01,1.50e+01
-4.70e+02,-3.25e+02,2.50e+01,1.60e+01
-4.71e+02,-3.30e+02,2.30e+01,1.60e+01
-4.69e+02,-3.20e+02,2.40e+01,1.60e+01
-4.67e+02,-3.09e+02,2.40e+01,1.50e+01
-4.82e+02,-3.97e+02,2.40e+01,1.40e+01
-4.67e+02,-3.09e+02,2.10e+01,1.50e+01
-4.66e+02,-2.97e+02,2.30e+01,1.40e+01
-4.70e+02,-3.24e+02,2.10e+01,1.40e+01
-4.75e+02,-3.53e+02,2.40e+01,1.50e+01
-5.00e+02,-4.99e+02,2.40e+01,1.40e+01
-4.69e+02,-3.15e+02,2.20e+01,1.40e+01
-5.00e+02,-5.00e+02,2.10e+01,1.40e+01
-4.65e+02,-2.97e+02,2.30e+01,1.60e+01
-4.66e+02,-3.03e+02,2.10e+01,1.30e+01
-4.68e+02,-3.10e+02,2.00e+01,1.40e+01
