-2.94e+02,-7.77e+01,1.90e+01,1.20e+01
-1.88e+02,-8.36e+01,2.10e+01,1.20e+01
-1.87e+02,-8.22e+01,2.60e+01,1.40e+01
-1.98e+02,-8.70e+01,2.40e+01,1.30e+01
-1.87e+02,-7.79e+01,2.40e+01,1.50e+01
-1.80e+02,-7.96e+01,2.20e+01,1.20e+01
-1.92e+02,-9.75e+01,2.00e+01,1.20e+01
-1.97e+02,-9.37e+01,2.20e+01,1.30e+01
-2.55e+02,-8.50e+01,2.10e+01,1.20e+01
-1.98e+02,-9.13e+01,2.20e+01,1.30e+01
-1.78e+02,-7.51e+01,2.50e+01,1.30e+01
-1.94e+02,-7.40e+01,2.10e+01,1.30e+01
-1.78e+02,-6.74e+01,2.40e+01,1.40e+01
-1.79e+02,-7.11e+01,2.30e+01,1.30e+01
-1.91e+02,-8.16e+01,2.10e+01,1.20e+01
-1.89e+02,-9.05e+01,2.20e+01,1.20e+01
-1.98e+02,-8.27e+01,2.20e+01,1.20e+01
-1.90e+02,-9.00e+01,2.10e+01,1.20e+01
-1.96e+02,-1.07e+02,2.30e+01,1.40e+01
-1.92e+02,-9.11e+01,2.00e+01,1.20e+01
-1.94e+02,-9.11e+01,2.30e+01,1.40e+01
-1.94e+02,-8.70e+01,2.40e+01,1.40e+01
-2.04e+02,-1.01e+02,2.40e+01,1.30e+01
-1.92e+02,-8.62e+01,2.00e+01,1.20e+01
-1.82e+02,-6.55e+01,2.60e+01,1.40e+01
-1.88e+02,-1.06e+02,2.50e+01,1.40e+01
-1.84e+02,-8.10e+01,2.40e+01,1.30e+01
-5.00e+02,-5.00e+02,2.00e+01,1.20e+01
-2.57e+02,-8.42e+01,2.60e+01,1.40e+01
-1.97e+02,-6.12e+01,2.10e+01,1.20e+01
-1.87e+02,-8.52e+01,2.70e+01,1.40e+01
-3.83e+02,-1.91e+02,2.20e+01,1.20e+01
-5.00e+02,-5.00e+02,2.00e+01,1.20e+01
-1.87e+02,-8.15e+01,2.40e+01,1.50e+01
-2.17e+02,-7.55e+01,2.50e+01,1.40e+01
-1.97e+02,-8.40e+01,2.10e+01,1.20e+01
-2.35e+02,-9.54e+01,2.20e+01,1.20e+01
-1.90e+02,-8.30e+01,2.30e+01,1.40e+01
-1.97e+02,-1.13e+02,2.60e+01,1.30e+01
-2.49e+02,-9.73e+01,2.50e+01,1.30e+01
-1.92e+02,-1.03e+02,2.50e+01,1.30e+01
-1.75e+02,-6.70e+01,2.20e+01,1.30e+01
-3.02e+02,-6.37e+01,2.00e+01,1.30e+01
-2.18e+02,-9.04e+01,2.40e+01,1.30e+01
-2.56e+02,-1.06e+02,2.20e+01,1.20e+01
-1.89e+02,-8.26e+01,2.60e+01,1.40e+01
-2.70e+02,-9.40e+01,2.10e+01,1.30e+01
-3.22e+02,-8.93e+01,1.90e+01,1.20e+01
-1.88e+02,-8.02e+01,2.40e+01,1.50e+01
-2.49e+02,-8.90e+01,2.20e+01,1.20e+01
-3.66e+02,-9.62e+01,2.00e+01,1.20e+01
-2.34e+02,-9.92e+01,2.10e+01,1.30e+01
-3.03e+02,-1.40e+02,2.20e+01,1.20e+01
-1.87e+02,-7.72e+01,2.50e+01,1.40e+01
-1.79e+02,-9.06e+01,2.30e+01,1.30e+01
-2.86e+02,-6.29e+01,2.00e+01,1.20e+01
-1.85e+02,-8.63e+01,2.10e+01,1.30e+01
-3.06e+02,-7.32e+01,2.00e+01,1.20e+01
-1.88e+02,-7.66e+01,2.10e+01,1.20e+01
-2.04e+02,-9.56e+01,2.20e+01,1.30e+01
-4.33e+02,-1.01e+02,2.40e+01,1.40e+01
-1.78e+02,-8.27e+01,2.20e+01,1.20e+01
-5.00e+02,-5.00e+02,2.10e+01,1.20e+01
-2.43e+02,-6.85e+01,2.20e+01,1.20e+01
-1.81e+02,-8.02e+01,2.60e+01,1.40e+01
-1.81e+02,-7.18e+01,2.30e+01,1.20e+01
-2.51e+02,-1.04e+02,2.20e+01,1.30e+01
-1.88e+02,-7.88e+01,2.30e+01,1.20e+01
-1.85e+02,-7.55e+01,2.60e+01,1.40e+01
-1.88e+02,-1.02e+02,2.50e+01,1.40e+01
-3.08e+02,-7.67e+01,2.00e+01,1.20e+01
-1.87e+02,-8.56e+01,2.40e+01,1.30e+01
-2.50e+02,-1.05e+02,2.20e+01,1.20e+01
-1.89e+02,-7.33e+01,2.30e+01,1.30e+01
-2.74e+02,-1.30e+02,2.60e+01,1.30e+01
-2.53e+02,-8.79e+01,2.40e+01,1.40e+01
-1.84e+02,-8.68e+01,2.20e+01,1.20e+01
-2.41e+02,-7.93e+01,2.10e+01,1.20e+01
-4.09e+02,-1.35e+02,2.10e+01,1.20e+01
-1.91e+02,-8.69e+01,2.60e+01,1.30e+01
-2.57e+02,-9.16e+01,2.10e+01,1.20e+01
-3.91e+02,-1.89e+02,2.40e+01,1.50e+01
-2.00e+02,-9.55e+01,2.10e+01,1.20e+01
-2.85e+02,-7.35e+01,1.90e+01,1.20e+01
-3.38e+02,-7.60e+01,2.20e+01,1.30e+01
-2.48e+02,-8.06e+01,2.60e+01,1.40e+01
-1.79e+02,-6.84e+01,2.40e+01,1.30e+01
-2.62e+02,-9.40e+01,2.10e+01,1.20e+01
-1.83e+02,-7.76e+01,2.20e+01,1.30e+01
-2.62e+02,-1.37e+02,2.70e+01,1.40e+01
-1.88e+02,-8.86e+01,2.30e+01,1.20e+01
-2.52e+02,-1.05e+02,2.20e+01,1.30e+01
-1.82e+02,-7.94e+01,2.30e+01,1.30e+01
-1.97e+02,-1.10e+02,2.20e+01,1.30e+01
-2.10e+02,-9.22e+01,2.20e+01,1.30e+01
-2.64e+02,-9.39e+01,2.40e+01,1.30e+01
-2.59e+02,-1.27e+02,2.20e+01,1.30e+01
-3.33e+02,-1.26e+02,1.90e+01,1.20e+01
-2.01e+02,-7.23e+01,2.10e+01,1.20e+01
-2.00e+02,-9.42e+01,2.20e+01,1.20e+01
-2.01e+02,-9.93e+01,2.40e+01,1.40e+01
-2.44e+02,-1.11e+02,2.30e+01,1.20e+01
-4.34e+02,-1.05e+02,2.20e+01,1.30e+01
-2.59e+02,-1.13e+02,2.20e+01,1.20e+01
-1.77e+02,-8.26e+01,2.30e+01,1.20e+01
-1.95e+02,-1.12e+02,2.40e+01,1.40e+01
-3.06e+02,-8.37e+01,2.00e+01,1.20e+01
-2.25e+02,-9.29e+01,2.20e+01,1.20e+01
-1.81e+02,-7.87e+01,2.60e+01,1.40e+01
-1.92e+02,-7.67e+01,2.50e+01,1.30e+01
-2.03e+02,-7.81e+01,2.50e+01,1.30e+01
-2.56e+02,-8.44e+01,2.20e+01,1.20e+01
-2.52e+02,-9.40e+01,2.20e+01,1.30e+01
-2.10e+02,-8.74e+01,2.10e+01,1.20e+01
-1.88e+02,-8.74e+01,2.40e+01,1.40e+01
-1.99e+02,-9.13e+01,2.40e+01,1.40e+01
-2.48e+02,-1.01e+02,2.10e+01,1.30e+01
-2.49e+02,-1.18e+02,2.30e+01,1.20e+01
-1.81e+02,-6.97e+01,2.70e+01,1.40e+01
-1.91e+02,-8.61e+01,2.30e+01,1.30e+01
-3.86e+02,-1.55e+02,2.10e+01,1.20e+01
-2.02e+02,-8.95e+01,2.10e+01,1.30e+01
-1.91e+02,-9.31e+01,2.20e+01,1.30e+01
-1.96e+02,-8.45e+01,2.30e+01,1.20e+01
-2.22e+02,-9.78e+01,2.30e+01,1.20e+01
-1.96e+02,-8.38e+01,2.20e+01,1.30e+01
-2.90e+02,-7.84e+01,2.10e+01,1.20e+01
-3.02e+02,-1.07e+02,2.50e+01,1.30e+01
-3.11e+02,-7.67e+01,2.00e+01,1.20e+01
-1.88e+02,-9.27e+01,2.10e+01,1.20e+01
-1.82e+02,-8.84e+01,2.10e+01,1.20e+01
-2.31e+02,-8.88e+01,2.30e+01,1.20e+01
-2.44e+02,-9.22e+01,2.10e+01,1.20e+01
-1.86e+02,-9.05e+01,2.40e+01,1.40e+01
-4.12e+02,-1.96e+02,2.40e+01,1.30e+01
-1.88e+02,-9.27e+01,2.60e+01,1.40e+01
-2.35e+02,-9.48e+01,2.50e+01,1.30e+01
-3.07e+02,-9.49e+01,2.50e+01,1.40e+01
-1.88e+02,-7.32e+01,2.50e+01,1.30e+01
-1.79e+02,-7.63e+01,2.50e+01,1.50e+01
-1.90e+02,-9.91e+01,2.50e+01,1.30e+01
-2.94e+02,-1.18e+02,2.10e+01,1.30e+01
-1.82e+02,-9.35e+01,2.60e+01,1.40e+01
-2.86e+02,-1.37e+02,2.50e+01,1.30e+01
-2.49e+02,-1.12e+02,2.30e+01,1.30e+01
-1.92e+02,-6.86e+01,2.10e+01,1.20e+01
-1.81e+02,-8.79e+01,2.50e+01,1.60e+01
-1.92e+02,-8.66e+01,2.50e+01,1.30e+01
-2.61e+02,-8.85e+01,2.20e+01,1.20e+01
-1.94e+02,-8.72e+01,2.00e+01,1.20e+01
-2.05e+02,-7.90e+01,2.50e+01,1.30e+01
-1.95e+02,-9.13e+01,2.40e+01,1.50e+01
-1.92e+02,-9.28e+01,2.20e+01,1.20e+01
-3.23e+02,-1.33e+02,2.60e+01,1.40e+01
-2.58e+02,-1.06e+02,2.50e+01,1.40e+01
-1.81e+02,-7.92e+01,2.10e+01,1.20e+01
-1.83e+02,-7.97e+01,2.50e+01,1.40e+01
-1.80e+02,-7.74e+01,2.60e+01,1.40e+01
-1.83e+02,-8.12e+01,2.10e+01,1.20e+01
-3.21e+02,-9.77e+01,2.00e+01,1.20e+01
-2.54e+02,-9.23e+01,2.60e+01,1.40e+01
-3.14e+02,-1.40e+02,2.20e+01,1.30e+01
-3.02e+02,-1.27e+02,2.10e+01,1.20e+01
-2.97e+02,-8.22e+01,2.00e+01,1.30e+01
-3.67e+02,-1.03e+02,2.20e+01,1.20e+01
-3.13e+02,-1.50e+02,2.00e+01,1.20e+01
-1.88e+02,-7.52e+01,2.30e+01,1.40e+01
-3.21e+02,-1.28e+02,2.70e+01,1.40e+01
-2.32e+02,-9.32e+01,2.00e+01,1.20e+01
-3.45e+02,-1.80e+02,1.90e+01,1.20e+01
-1.93e+02,-9.51e+01,2.10e+01,1.20e+01
-1.86e+02,-8.65e+01,2.40e+01,1.50e+01
-2.95e+02,-1.20e+02,2.70e+01,1.40e+01
-1.96e+02,-7.65e+01,2.50e+01,1.30e+01
-5.00e+02,-5.00e+02,1.90e+01,1.20e+01
-2.66e+02,-1.19e+02,2.20e+01,1.20e+01
-3.16e+02,-1.27e+02,2.30e+01,1.20e+01
-3.05e+02,-1.34e+02,2.10e+01,1.20e+01
-3.08e+02,-8.29e+01,1.90e+01,1.20e+01
-1.89e+02,-8.67e+01,2.60e+01,1.40e+01
-2.01e+02,-9.36e+01,2.10e+01,1.20e+01
-1.96e+02,-9.95e+01,2.20e+01,1.30e+01
-1.97e+02,-1.05e+02,2.70e+01,1.40e+01
-3.48e+02,-8.99e+01,2.40e+01,1.30e+01
-4.20e+02,-1.27e+02,2.40e+01,1.50e+01
-2.35e+02,-9.01e+01,2.50e+01,1.40e+01
-2.56e+02,-1.29e+02,2.10e+01,1.20e+01
-2.02e+02,-9.45e+01,2.70e+01,1.40e+01
-2.52e+02,-9.48e+01,2.10e+01,1.20e+01
-4.42e+02,-1.52e+02,2.20e+01,1.30e+01
-5.00e+02,-5.00e+02,2.10e+01,1.20e+01
-4.07e+02,-1.72e+02,2.30e+01,1.40e+01
