-2.47e+02,-7.94e+01,2.90e+01,1.40e+01
-1.80e+02,-8.41e+01,2.90e+01,1.40e+01
-1.77e+02,-6.36e+01,3.00e+01,1.50e+01
-1.91e+02,-8.20e+01,2.80e+01,1.40e+01
-1.82e+02,-8.00e+01,2.70e+01,1.40e+01
-1.89e+02,-8.33e+01,3.00e+01,1.50e+01
-1.77e+02,-7.77e+01,3.00e+01,1.40e+01
-1.83e+02,-8.11e+01,3.10e+01,1.50e+01
-1.76e+02,-6.68e+01,3.00e+01,1.50e+01
-1.81e+02,-6.99e+01,3.00e+01,1.50e+01
-1.83e+02,-8.57e+01,3.10e+01,1.50e+01
-1.79e+02,-7.79e+01,3.40e+01,1.60e+01
-1.77e+02,-7.71e+01,2.90e+01,1.50e+01
-1.82e+02,-6.37e+01,2.90e+01,1.50e+01
-1.88e+02,-8.99e+01,3.10e+01,1.50e+01
-1.81e+02,-7.63e+01,3.10e+01,1.50e+01
-1.79e+02,-9.76e+01,3.00e+01,1.60e+01
-1.88e+02,-6.74e+01,2.90e+01,1.50e+01
-1.75e+02,-8.18e+01,3.00e+01,1.50e+01
-1.83e+02,-6.55e+01,3.10e+01,1.60e+01
-1.86e+02,-8.77e+01,3.00e+01,1.50e+01
-1.87e+02,-9.93e+01,3.00e+01,1.50e+01
-1.89e+02,-7.33e+01,2.90e+01,1.40e+01
-1.75e+02,-7.23e+01,3.00e+01,1.50e+01
-1.80e+02,-8.16e+01,2.90e+01,1.40e+01
-1.84e+02,-7.78e+01,2.90e+01,1.40e+01
-1.77e+02,-6.93e+01,3.00e+01,1.40e+01
-2.51e+02,-9.22e+01,3.00e+01,1.50e+01
-2.24e+02,-7.76e+01,2.80e+01,1.40e+01
-1.83e+02,-8.15e+01,3.10e+01,1.50e+01
-1.79e+02,-9.38e+01,3.10e+01,1.50e+01
-1.76e+02,-7.60e+01,2.80e+01,1.40e+01
-1.82e+02,-7.40e+01,2.90e+01,1.40e+01
-2.21e+02,-8.12e+01,3.20e+01,1.50e+01
-1.74e+02,-6.67e+01,3.10e+01,1.50e+01
-1.81e+02,-8.18e+01,3.10e+01,1.60e+01
-2.04e+02,-8.46e+01,3.00e+01,1.50e+01
-1.82e+02,-8.75e+01,3.00e+01,1.40e+01
-2.49e+02,-1.15e+02,2.90e+01,1.40e+01
-3.16e+02,-1.10e+02,2.90e+01,1.50e+01
-2.93e+02,-9.49e+01,3.20e+01,1.60e+01
-1.80e+02,-7.50e+01,3.10e+01,1.60e+01
-3.03e+02,-9.42e+01,3.10e+01,1.60e+01
-1.90e+02,-8.76e+01,3.10e+01,1.50e+01
-1.73e+02,-6.03e+01,3.00e+01,1.50e+01
-2.46e+02,-8.44e+01,3.00e+01,1.50e+01
-2.50e+02,-9.32e+01,3.00e+01,1.40e+01
-3.32e+02,-1.14e+02,3.10e+01,1.50e+01
-2.00e+02,-1.01e+02,3.00e+01,1.40e+01
-4.96e+02,-4.75e+02,2.90e+01,1.40e+01
-2.24e+02,-1.08e+02,3.00e+01,1.40e+01
-4.30e+02,-2.32e+02,3.10e+01,1.50e+01
-1.73e+02,-7.94e+01,3.00e+01,1.40e+01
-3.02e+02,-1.33e+02,3.00e+01,1.50e+01
-1.79e+02,-7.00e+01,3.00e+01,1.40e+01
-3.48e+02,-1.40e+02,2.80e+01,1.40e+01
-1.83e+02,-6.97e+01,2.80e+01,1.40e+01
-2.95e+02,-8.64e+01,2.90e+01,1.40e+01
-4.22e+02,-9.58e+01,3.00e+01,1.50e+01
-3.80e+02,-1.38e+02,3.50e+01,1.70e+01
-1.81e+02,-7.16e+01,3.10e+01,1.50e+01
-5.00e+02,-5.00e+02,3.00e+01,1.50e+01
-1.85e+02,-8.28e+01,3.10e+01,1.50e+01
-2.21e+02,-9.02e+01,2.80e+01,1.40e+01
-3.89e+02,-1.62e+02,3.00e+01,1.50e+01
-1.82e+02,-8.55e+01,3.00e+01,1.60e+01
-1.92e+02,-1.03e+02,3.00e+01,1.40e+01
-1.73e+02,-7.96e+01,3.50e+01,1.70e+01
-1.76e+02,-7.02e+01,2.90e+01,1.40e+01
-1.83e+02,-8.32e+01,3.10e+01,1.60e+01
-2.50e+02,-1.08e+02,2.70e+01,1.40e+01
-1.98e+02,-9.21e+01,3.00e+01,1.40e+01
-2.58e+02,-8.38e+01,2.80e+01,1.40e+01
-1.82e+02,-8.85e+01,3.10e+01,1.50e+01
-3.77e+02,-1.39e+02,3.00e+01,1.40e+01
-2.27e+02,-1.13e+02,3.00e+01,1.40e+01
-1.86e+02,-9.30e+01,3.00e+01,1.50e+01
-1.82e+02,-7.48e+01,3.00e+01,1.50e+01
-1.81e+02,-7.88e+01,3.10e+01,1.50e+01
-1.70e+02,-7.37e+01,3.10e+01,1.50e+01
-3.73e+02,-1.09e+02,3.00e+01,1.50e+01
-1.77e+02,-7.68e+01,3.50e+01,1.60e+01
-1.77e+02,-7.38e+01,3.10e+01,1.60e+01
-1.74e+02,-7.41e+01,3.00e+01,1.50e+01
-3.09e+02,-1.08e+02,3.10e+01,1.70e+01
-1.82e+02,-8.91e+01,2.80e+01,1.40e+01
-2.84e+02,-1.28e+02,3.00e+01,1.50e+01
-5.00e+02,-5.00e+02,2.80e+01,1.40e+01
-1.75e+02,-6.78e+01,3.00e+01,1.50e+01
-1.84e+02,-7.33e+01,3.10e+01,1.50e+01
-2.02e+02,-1.07e+02,3.20e+01,1.50e+01
-1.74e+02,-7.28e+01,3.20e+01,1.50e+01
-5.00e+02,-5.00e+02,3.40e+01,1.60e+01
-2.40e+02,-7.76e+01,3.00e+01,1.40e+01
-1.92e+02,-8.26e+01,3.10e+01,1.60e+01
-1.77e+02,-7.83e+01,2.90e+01,1.40e+01
-1.80e+02,-7.60e+01,2.70e+01,1.40e+01
-1.78e+02,-8.62e+01,2.90e+01,1.40e+01
-2.82e+02,-1.32e+02,2.80e+01,1.40e+01
-2.89e+02,-1.08e+02,2.80e+01,1.40e+01
-3.30e+02,-8.51e+01,3.00e+01,1.40e+01
-1.70e+02,-6.78e+01,3.00e+01,1.50e+01
-3.18e+02,-1.15e+02,2.90e+01,1.50e+01
-1.84e+02,-8.28e+01,3.50e+01,1.60e+01
-1.77e+02,-7.64e+01,3.10e+01,1.50e+01
-3.74e+02,-1.51e+02,3.00e+01,1.50e+01
-1.82e+02,-8.31e+01,2.80e+01,1.40e+01
-3.08e+02,-8.75e+01,3.10e+01,1.60e+01
-1.72e+02,-6.70e+01,3.10e+01,1.50e+01
-1.77e+02,-8.38e+01,3.20e+01,1.50e+01
-1.81e+02,-7.86e+01,3.10e+01,1.40e+01
-1.89e+02,-7.07e+01,3.50e+01,1.70e+01
-2.80e+02,-9.75e+01,3.00e+01,1.50e+01
-1.77e+02,-6.71e+01,3.10e+01,1.40e+01
-1.90e+02,-7.59e+01,2.90e+01,1.40e+01
-3.84e+02,-1.46e+02,3.00e+01,1.50e+01
-2.36e+02,-1.05e+02,2.90e+01,1.40e+01
-4.36e+02,-1.18e+02,3.00e+01,1.50e+01
-5.00e+02,-5.00e+02,3.00e+01,1.60e+01
-1.74e+02,-7.79e+01,3.10e+01,1.50e+01
-1.91e+02,-7.63e+01,3.40e+01,1.60e+01
-1.84e+02,-7.61e+01,2.80e+01,1.40e+01
-1.82e+02,-7.61e+01,3.00e+01,1.50e+01
-2.55e+02,-7.45e+01,3.00e+01,1.40e+01
-4.13e+02,-9.87e+01,2.90e+01,1.50e+01
-3.26e+02,-1.15e+02,3.10e+01,1.40e+01
-2.34e+02,-1.34e+02,3.00e+01,1.40e+01
-1.87e+02,-9.93e+01,3.10e+01,1.40e+01
-1.80e+02,-8.11e+01,2.90e+01,1.50e+01
-2.57e+02,-1.24e+02,3.20e+01,1.60e+01
-1.81e+02,-9.03e+01,2.80e+01,1.40e+01
-1.81e+02,-7.52e+01,3.10e+01,1.50e+01
-1.80e+02,-7.91e+01,3.00e+01,1.50e+01
-1.80e+02,-7.98e+01,3.00e+01,1.50e+01
-1.80e+02,-7.31e+01,3.20e+01,1.60e+01
-2.43e+02,-7.06e+01,3.00e+01,1.40e+01
-1.86e+02,-8.09e+01,3.10e+01,1.50e+01
-3.00e+02,-1.07e+02,2.90e+01,1.40e+01
-1.78e+02,-6.99e+01,2.90e+01,1.40e+01
-1.76e+02,-7.00e+01,3.00e+01,1.50e+01
-3.37e+02,-1.11e+02,3.10e+01,1.50e+01
-2.21e+02,-8.45e+01,3.00e+01,1.40e+01
-3.73e+02,-1.28e+02,3.00e+01,1.40e+01
-1.81e+02,-7.62e+01,3.00e+01,1.50e+01
-1.80e+02,-8.32e+01,2.90e+01,1.50e+01
-1.79e+02,-8.36e+01,3.20e+01,1.50e+01
-1.82e+02,-7.28e+01,3.10e+01,1.50e+01
-2.45e+02,-8.74e+01,3.00e+01,1.50e+01
-1.88e+02,-1.07e+02,3.10e+01,1.50e+01
-1.86e+02,-7.35e+01,3.10e+01,1.50e+01
-3.29e+02,-1.01e+02,3.00e+01,1.40e+01
-2.46e+02,-7.98e+01,3.00e+01,1.50e+01
-2.60e+02,-1.13e+02,3.00e+01,1.40e+01
-1.92e+02,-8.76e+01,3.20e+01,1.50e+01
-1.73e+02,-7.39e+01,3.00e+01,1.60e+01
-2.39e+02,-8.41e+01,3.00e+01,1.60e+01
-5.00e+02,-5.00e+02,3.10e+01,1.50e+01
-1.78e+02,-7.94e+01,3.20e+01,1.50e+01
-1.81e+02,-7.42e+01,3.00e+01,1.50e+01
-3.58e+02,-1.40e+02,3.00e+01,1.50e+01
-1.81e+02,-7.07e+01,3.00e+01,1.50e+01
-2.44e+02,-7.67e+01,2.80e+01,1.40e+01
-1.85e+02,-7.79e+01,3.00e+01,1.50e+01
-4.05e+02,-1.01e+02,3.00e+01,1.50e+01
-1.79e+02,-9.34e+01,2.80e+01,1.40e+01
-5.00e+02,-5.00e+02,3.00e+01,1.50e+01
-1.81e+02,-8.57e+01,3.10e+01,1.40e+01
-2.43e+02,-8.08e+01,3.00e+01,1.40e+01
-2.39e+02,-8.70e+01,3.00e+01,1.40e+01
-3.30e+02,-9.94e+01,2.90e+01,1.40e+01
-1.80e+02,-8.69e+01,3.00e+01,1.40e+01
-3.64e+02,-8.23e+01,2.90e+01,1.50e+01
-1.77e+02,-7.16e+01,3.20e+01,1.50e+01
-1.84e+02,-7.17e+01,3.00e+01,1.50e+01
-5.00e+02,-5.00e+02,2.90e+01,1.50e+01
-1.87e+02,-8.61e+01,3.30e+01,1.60e+01
-1.71e+02,-6.24e+01,3.10e+01,1.50e+01
-1.82e+02,-9.85e+01,3.40e+01,1.60e+01
-2.88e+02,-8.71e+01,2.90e+01,1.40e+01
-1.82e+02,-8.37e+01,3.10e+01,1.40e+01
-1.74e+02,-8.15e+01,2.80e+01,1.50e+01
-1.79e+02,-6.85e+01,2.70e+01,1.40e+01
-1.74e+02,-7.57e+01,3.00e+01,1.40e+01
-2.46e+02,-1.12e+02,2.70e+01,1.40e+01
-1.75e+02,-8.44e+01,3.10e+01,1.40e+01
-2.21e+02,-1.19e+02,3.10e+01,1.50e+01
-1.95e+02,-9.25e+01,3.10e+01,1.50e+01
-2.45e+02,-8.08e+01,3.00e+01,1.40e+01
-2.49e+02,-8.93e+01,2.90e+01,1.40e+01
-3.74e+02,-9.08e+01,3.10e+01,1.50e+01
-3.86e+02,-1.47e+02,3.00e+01,1.40e+01
-1.85e+02,-8.22e+01,2.90e+01,1.50e+01
