-1.56e+02,-7.74e+01,1.26e+02,4.10e+01
-1.54e+02,-5.89e+01,1.24e+02,4.10e+01
-1.62e+02,-6.21e+01,1.27e+02,4.10e+01
-1.58e+02,-6.69e+01,1.25e+02,4.10e+01
-1.52e+02,-5.98e+01,1.26e+02,4.10e+01
-1.54e+02,-8.01e+01,1.26e+02,4.10e+01
-1.56e+02,-7.54e+01,1.26e+02,4.10e+01
-1.53e+02,-6.86e+01,1.26e+02,4.10e+01
-1.60e+02,-6.95e+01,1.26e+02,4.10e+01
-1.49e+02,-5.66e+01,1.27e+02,4.10e+01
-1.53e+02,-7.16e+01,1.25e+02,4.10e+01
-1.60e+02,-8.96e+01,1.25e+02,4.10e+01
-1.52e+02,-7.07e+01,1.26e+02,4.10e+01
-1.59e+02,-7.61e+01,1.24e+02,4.10e+01
-1.55e+02,-5.68e+01,1.26e+02,4.20e+01
-1.96e+02,-4.96e+01,1.25e+02,4.10e+01
-1.65e+02,-6.78e+01,1.25e+02,4.10e+01
-1.65e+02,-9.12e+01,1.26e+02,4.20e+01
-1.69e+02,-5.93e+01,1.24e+02,4.10e+01
-1.54e+02,-6.45e+01,1.25e+02,4.10e+01
-1.57e+02,-6.10e+01,1.27e+02,4.10e+01
-1.55e+02,-8.41e+01,1.25e+02,4.10e+01
-2.91e+02,-5.45e+01,1.25e+02,4.20e+01
-1.65e+02,-7.80e+01,1.25e+02,4.10e+01
-1.55e+02,-7.23e+01,1.26e+02,4.10e+01
-1.57e+02,-6.43e+01,1.25e+02,4.10e+01
-1.65e+02,-8.21e+01,1.26e+02,4.10e+01
-1.54e+02,-6.97e+01,1.26e+02,4.10e+01
-1.62e+02,-7.33e+01,1.28e+02,4.30e+01
-1.61e+02,-6.23e+01,1.27e+02,4.10e+01
-1.53e+02,-6.46e+01,1.27e+02,4.10e+01
-1.62e+02,-8.46e+01,1.26e+02,4.10e+01
-1.57e+02,-7.09e+01,1.26e+02,4.10e+01
-1.60e+02,-7.05e+01,1.26e+02,4.10e+01
-1.57e+02,-6.02e+01,1.26e+02,4.10e+01
-1.55e+02,-7.08e+01,1.26e+02,4.10e+01
-1.77e+02,-7.02e+01,1.27e+02,4.20e+01
-1.62e+02,-6.76e+01,1.26e+02,4.10e+01
-1.63e+02,-7.44e+01,1.27e+02,4.10e+01
-1.81e+02,-8.72e+01,1.26e+02,4.10e+01
-1.59e+02,-5.86e+01,1.26e+02,4.10e+01
-1.59e+02,-6.44e+01,1.27e+02,4.20e+01
-1.73e+02,-9.05e+01,1.26e+02,4.10e+01
-1.59e+02,-6.53e+01,1.26e+02,4.10e+01
-1.67e+02,-8.23e+01,1.27e+02,4.10e+01
-1.51e+02,-6.28e+01,1.25e+02,4.10e+01
-1.68e+02,-7.03e+01,1.28e+02,4.10e+01
-2.97e+02,-6.89e+01,1.26e+02,4.10e+01
-1.57e+02,-7.13e+01,1.25e+02,4.10e+01
-1.51e+02,-5.62e+01,1.26e+02,4.10e+01
-1.67e+02,-6.45e+01,1.26e+02,4.10e+01
-1.54e+02,-6.71e+01,1.26e+02,4.20e+01
-1.63e+02,-6.39e+01,1.27e+02,4.10e+01
-1.56e+02,-7.14e+01,1.24e+02,4.10e+01
-1.66e+02,-8.09e+01,1.27e+02,4.20e+01
-1.52e+02,-5.97e+01,1.27e+02,4.20e+01
-1.63e+02,-8.31e+01,1.26e+02,4.10e+01
-1.56e+02,-7.39e+01,1.25e+02,4.10e+01
-1.53e+02,-6.04e+01,1.28e+02,4.20e+01
-1.63e+02,-5.92e+01,1.26e+02,4.10e+01
-1.56e+02,-6.61e+01,1.27e+02,4.10e+01
-1.63e+02,-5.34e+01,1.27e+02,4.10e+01
-1.53e+02,-6.59e+01,1.26e+02,4.10e+01
-1.59e+02,-6.25e+01,1.25e+02,4.10e+01
-1.59e+02,-6.29e+01,1.25e+02,4.10e+01
-1.51e+02,-6.38e+01,1.25e+02,4.10e+01
-1.61e+02,-8.79e+01,1.26e+02,4.10e+01
-3.00e+02,-8.87e+01,1.25e+02,4.20e+01
-2.72e+02,-8.45e+01,1.26e+02,4.10e+01
-1.53e+02,-6.86e+01,1.25e+02,4.10e+01
-1.59e+02,-6.95e+01,1.27e+02,4.20e+01
-1.57e+02,-8.17e+01,1.25e+02,4.10e+01
-1.55e+02,-6.64e+01,1.26e+02,4.10e+01
-1.69e+02,-6.44e+01,1.26e+02,4.10e+01
-1.60e+02,-8.63e+01,1.27e+02,4.10e+01
-1.55e+02,-6.77e+01,1.26e+02,4.10e+01
-4.18e+02,-1.34e+02,1.26e+02,4.10e+01
-1.58e+02,-7.49e+01,1.26e+02,4.10e+01
-1.61e+02,-7.47e+01,1.27e+02,4.10e+01
-1.52e+02,-6.24e+01,1.27e+02,4.10e+01
-1.55e+02,-7.16e+01,1.26e+02,4.20e+01
-2.22e+02,-8.29e+01,1.25e+02,4.10e+01
-1.56e+02,-6.29e+01,1.26e+02,4.10e+01
-1.63e+02,-6.78e+01,1.26e+02,4.10e+01
-1.64e+02,-7.00e+01,1.29e+02,4.20e+01
-1.62e+02,-6.55e+01,1.25e+02,4.10e+01
-2.92e+02,-7.80e+01,1.25e+02,4.10e+01
-1.63e+02,-7.00e+01,1.27e+02,4.20e+01
-1.89e+02,-6.20e+01,1.26e+02,4.10e+01
-1.70e+02,-8.36e+01,1.27e+02,4.10e+01
-1.55e+02,-6.01e+01,1.27e+02,4.20e+01
-1.58e+02,-7.44e+01,1.26e+02,4.10e+01
-2.41e+02,-7.86e+01,1.26e+02,4.20e+01
-2.23e+02,-6.74e+01,1.26e+02,4.10e+01
-1.61e+02,-6.49e+01,1.26e+02,4.20e+01
-1.54e+02,-6.22e+01,1.26e+02,4.10e+01
-1.55e+02,-6.51e+01,1.26e+02,4.10e+01
-1.50e+02,-6.13e+01,1.26e+02,4.10e+01
-1.58e+02,-7.62e+01,1.27e+02,4.10e+01
-1.61e+02,-6.00e+01,1.26e+02,4.10e+01
-1.53e+02,-5.08e+01,1.25e+02,4.10e+01
-1.50e+02,-7.27e+01,1.26e+02,4.20e+01
-1.59e+02,-7.97e+01,1.26e+02,4.10e+01
-1.56e+02,-7.44e+01,1.25e+02,4.10e+01
-1.57e+02,-5.46e+01,1.27e+02,4.20e+01
-2.16e+02,-7.90e+01,1.26e+02,4.10e+01
-2.30e+02,-8.35e+01,1.25e+02,4.10e+01
-1.46e+02,-6.51e+01,1.26e+02,4.10e+01
-1.77e+02,-6.36e+01,1.27e+02,4.10e+01
-1.69e+02,-6.68e+01,1.25e+02,4.10e+01
-3.15e+02,-1.04e+02,1.28e+02,4.10e+01
-1.54e+02,-6.77e+01,1.27e+02,4.20e+01
-1.56e+02,-5.65e+01,1.28e+02,4.20e+01
-2.95e+02,-6.42e+01,1.26e+02,4.20e+01
-1.53e+02,-5.63e+01,1.25e+02,4.10e+01
-1.57e+02,-7.07e+01,1.25e+02,4.10e+01
-1.70e+02,-6.48e+01,1.25e+02,4.10e+01
-1.59e+02,-6.00e+01,1.28e+02,4.10e+01
-1.64e+02,-7.99e+01,1.25e+02,4.10e+01
-1.56e+02,-7.36e+01,1.26e+02,4.20e+01
-1.65e+02,-8.11e+01,1.27e+02,4.20e+01
-1.50e+02,-6.40e+01,1.27e+02,4.10e+01
-1.65e+02,-6.29e+01,1.24e+02,4.10e+01
-1.66e+02,-7.22e+01,1.27e+02,4.10e+01
-1.60e+02,-6.01e+01,1.25e+02,4.10e+01
-1.58e+02,-6.18e+01,1.26e+02,4.20e+01
-1.55e+02,-6.85e+01,1.27e+02,4.20e+01
-1.58e+02,-5.93e+01,1.27e+02,4.10e+01
-1.63e+02,-7.55e+01,1.26e+02,4.20e+01
-1.60e+02,-5.92e+01,1.26e+02,4.10e+01
-1.51e+02,-7.00e+01,1.28e+02,4.10e+01
-1.52e+02,-6.12e+01,1.26e+02,4.10e+01
-1.56e+02,-6.75e+01,1.26e+02,4.10e+01
-1.74e+02,-8.01e+01,1.28e+02,4.10e+01
-1.65e+02,-8.23e+01,1.25e+02,4.10e+01
-1.55e+02,-6.82e+01,1.26e+02,4.10e+01
-1.57e+02,-6.93e+01,1.25e+02,4.10e+01
-2.65e+02,-8.47e+01,1.27e+02,4.10e+01
-2.44e+02,-9.41e+01,1.25e+02,4.10e+01
-1.62e+02,-7.87e+01,1.27e+02,4.10e+01
-1.60e+02,-6.18e+01,1.27e+02,4.10e+01
-1.65e+02,-8.41e+01,1.26e+02,4.10e+01
-1.60e+02,-8.21e+01,1.26e+02,4.10e+01
-1.61e+02,-8.21e+01,1.26e+02,4.20e+01
-1.57e+02,-6.49e+01,1.27e+02,4.10e+01
-3.13e+02,-9.66e+01,1.26e+02,4.10e+01
-1.56e+02,-5.45e+01,1.27e+02,4.10e+01
-2.98e+02,-9.24e+01,1.27e+02,4.10e+01
-1.65e+02,-6.25e+01,1.25e+02,4.10e+01
-1.58e+02,-6.44e+01,1.25e+02,4.10e+01
-1.61e+02,-5.93e+01,1.26e+02,4.10e+01
-1.46e+02,-6.06e+01,1.25e+02,4.10e+01
-1.98e+02,-5.35e+01,1.26e+02,4.10e+01
-1.66e+02,-7.48e+01,1.25e+02,4.10e+01
-1.58e+02,-6.41e+01,1.26e+02,4.10e+01
-3.92e+02,-1.03e+02,1.25e+02,4.10e+01
-1.82e+02,-8.09e+01,1.26e+02,4.10e+01
-1.55e+02,-6.23e+01,1.24e+02,4.10e+01
-1.53e+02,-7.55e+01,1.28e+02,4.20e+01
-2.92e+02,-6.94e+01,1.26e+02,4.10e+01
-1.64e+02,-7.94e+01,1.27e+02,4.10e+01
-2.44e+02,-8.78e+01,1.27e+02,4.10e+01
-1.74e+02,-8.78e+01,1.26e+02,4.10e+01
-2.23e+02,-6.93e+01,1.27e+02,4.10e+01
-1.65e+02,-8.42e+01,1.26e+02,4.10e+01
-2.03e+02,-6.63e+01,1.25e+02,4.10e+01
-1.60e+02,-6.38e+01,1.26e+02,4.10e+01
-2.32e+02,-9.58e+01,1.26e+02,4.10e+01
-1.57e+02,-6.46e+01,1.28e+02,4.20e+01
-1.63e+02,-8.59e+01,1.27e+02,4.10e+01
-1.55e+02,-6.09e+01,1.26e+02,4.10e+01
-1.55e+02,-6.29e+01,1.26e+02,4.10e+01
-1.70e+02,-6.15e+01,1.25e+02,4.10e+01
-1.60e+02,-7.45e+01,1.26e+02,4.10e+01
-1.59e+02,-7.91e+01,1.26e+02,4.10e+01
-1.55e+02,-7.21e+01,1.25e+02,4.10e+01
-1.62e+02,-5.57e+01,1.26e+02,4.10e+01
-1.67e+02,-6.80e+01,1.26e+02,4.10e+01
-1.57e+02,-7.17e+01,1.26e+02,4.10e+01
-1.52e+02,-6.55e+01,1.27e+02,4.20e+01
-1.53e+02,-6.20e+01,1.27e+02,4.10e+01
-1.57e+02,-6.01e+01,1.28e+02,4.10e+01
-1.77e+02,-7.34e+01,1.25e+02,4.10e+01
-1.59e+02,-5.94e+01,1.26e+02,4.10e+01
-1.66e+02,-8.42e+01,1.28e+02,4.20e+01
-1.53e+02,-6.25e+01,1.28e+02,4.20e+01
-1.54e+02,-6.80e+01,1.27e+02,4.10e+01
-1.59e+02,-6.06e+01,1.29e+02,4.30e+01
-1.58e+02,-5.94e+01,1.26e+02,4.10e+01
-2.62e+02,-8.13e+01,1.27e+02,4.10e+01
-1.54e+02,-7.01e+01,1.27e+02,4.10e+01
-1.51e+02,-6.42e+01,1.25e+02,4.10e+01
