-1.58e+02,-7.27e+01,1.58e+02,4.60e+01
-1.61e+02,-7.60e+01,1.59e+02,4.60e+01
-1.62e+02,-7.80e+01,1.60e+02,4.60e+01
-1.59e+02,-6.61e+01,1.60e+02,4.60e+01
-1.60e+02,-8.21e+01,1.59e+02,4.60e+01
-1.55e+02,-5.93e+01,1.60e+02,4.60e+01
-1.51e+02,-5.92e+01,1.59e+02,4.60e+01
-1.57e+02,-6.91e+01,1.60e+02,4.70e+01
-1.56e+02,-6.90e+01,1.59e+02,4.60e+01
-1.57e+02,-7.50e+01,1.59e+02,4.60e+01
-1.59e+02,-5.18e+01,1.63e+02,4.80e+01
-1.58e+02,-7.46e+01,1.60e+02,4.60e+01
-1.58e+02,-6.53e+01,1.61e+02,4.60e+01
-1.66e+02,-8.91e+01,1.58e+02,4.60e+01
-1.57e+02,-6.47e+01,1.60e+02,4.60e+01
-1.53e+02,-7.73e+01,1.62e+02,4.80e+01
-1.61e+02,-6.81e+01,1.60e+02,4.70e+01
-1.62e+02,-6.33e+01,1.59e+02,4.60e+01
-1.57e+02,-8.28e+01,1.59e+02,4.60e+01
-1.55e+02,-5.89e+01,1.59e+02,4.60e+01
-1.59e+02,-6.51e+01,1.59e+02,4.60e+01
-1.55e+02,-6.49e+01,1.60e+02,4.60e+01
-1.55e+02,-6.50e+01,1.59e+02,4.60e+01
-1.50e+02,-6.10e+01,1.71e+02,5.00e+01
-1.57e+02,-5.68e+01,1.71e+02,5.00e+01
-1.74e+02,-8.09e+01,1.60e+02,4.60e+01
-1.51e+02,-5.72e+01,1.60e+02,4.60e+01
-2.64e+02,-7.74e+01,1.61e+02,4.80e+01
-1.53e+02,-6.20e+01,1.60e+02,4.60e+01
-1.61e+02,-7.36e+01,1.61e+02,4.60e+01
-1.59e+02,-6.09e+01,1.59e+02,4.60e+01
-1.60e+02,-8.19e+01,1.63e+02,4.70e+01
-4.16e+02,-1.73e+02,1.58e+02,4.60e+01
-1.52e+02,-5.86e+01,1.59e+02,4.60e+01
-1.59e+02,-8.38e+01,1.61e+02,4.70e+01
-1.67e+02,-8.57e+01,1.60e+02,4.70e+01
-1.87e+02,-6.28e+01,1.59e+02,4.60e+01
-1.52e+02,-5.85e+01,1.59e+02,4.60e+01
-1.57e+02,-6.60e+01,1.60e+02,4.60e+01
-1.55e+02,-6.49e+01,1.59e+02,4.60e+01
-1.55e+02,-6.64e+01,1.60e+02,4.70e+01
-1.52e+02,-5.75e+01,1.60e+02,4.60e+01
-5.00e+02,-5.00e+02,1.59e+02,4.60e+01
-1.57e+02,-7.50e+01,1.61e+02,4.60e+01
-2.42e+02,-8.41e+01,1.60e+02,4.60e+01
-1.56e+02,-6.63e+01,1.61e+02,4.70e+01
-1.66e+02,-7.27e+01,1.61e+02,4.60e+01
-1.53e+02,-5.39e+01,1.59e+02,4.60e+01
-1.67e+02,-8.34e+01,1.61e+02,4.70e+01
-1.61e+02,-8.02e+01,1.63e+02,4.70e+01
-1.63e+02,-8.46e+01,1.61e+02,4.70e+01
-1.68e+02,-5.50e+01,1.58e+02,4.60e+01
-1.52e+02,-6.82e+01,1.59e+02,4.60e+01
-1.66e+02,-7.46e+01,1.60e+02,4.60e+01
-1.63e+02,-7.16e+01,1.60e+02,4.60e+01
-1.60e+02,-7.57e+01,1.61e+02,4.70e+01
-2.63e+02,-8.63e+01,1.59e+02,4.60e+01
-1.66e+02,-6.44e+01,1.59e+02,4.60e+01
-1.55e+02,-6.36e+01,1.60e+02,4.60e+01
-1.64e+02,-6.27e+01,1.61e+02,4.60e+01
-2.10e+02,-7.25e+01,1.59e+02,4.60e+01
-1.56e+02,-6.15e+01,1.62e+02,4.70e+01
-1.56e+02,-6.12e+01,1.59e+02,4.60e+01
-5.00e+02,-5.00e+02,1.62e+02,4.80e+01
-1.54e+02,-6.84e+01,1.60e+02,4.70e+01
-1.62e+02,-5.87e+01,1.60e+02,4.60e+01
-1.62e+02,-8.23e+01,1.58e+02,4.60e+01
-2.34e+02,-7.41e+01,1.58e+02,4.60e+01
-1.63e+02,-8.49e+01,1.60e+02,4.60e+01
-1.52e+02,-5.68e+01,1.60e+02,4.60e+01
-2.99e+02,-8.95e+01,1.64e+02,4.80e+01
-1.68e+02,-6.12e+01,1.60e+02,4.70e+01
-1.60e+02,-6.30e+01,1.73e+02,5.10e+01
-1.59e+02,-6.82e+01,1.60e+02,4.60e+01
-2.90e+02,-7.22e+01,1.59e+02,4.60e+01
-1.53e+02,-6.58e+01,1.58e+02,4.60e+01
-1.56e+02,-7.02e+01,1.61e+02,4.70e+01
-1.56e+02,-5.69e+01,1.60e+02,4.60e+01
-1.53e+02,-6.25e+01,1.59e+02,4.60e+01
-1.50e+02,-6.03e+01,1.60e+02,4.60e+01
-1.48e+02,-5.57e+01,1.60e+02,4.70e+01
-1.73e+02,-7.58e+01,1.60e+02,4.70e+01
-1.54e+02,-6.20e+01,1.61e+02,4.60e+01
-1.55e+02,-5.93e+01,1.62e+02,4.80e+01
-1.53e+02,-5.61e+01,1.60e+02,4.70e+01
-1.52e+02,-6.20e+01,1.60e+02,4.60e+01
-1.72e+02,-7.09e+01,1.59e+02,4.60e+01
-1.58e+02,-7.81e+01,1.61e+02,4.60e+01
-1.56e+02,-6.00e+01,1.60e+02,4.60e+01
-1.58e+02,-7.16e+01,1.60e+02,4.60e+01
-1.55e+02,-6.87e+01,1.63e+02,4.80e+01
-1.46e+02,-5.59e+01,1.60e+02,4.60e+01
-1.53e+02,-6.39e+01,1.59e+02,4.60e+01
-1.67e+02,-7.52e+01,1.59e+02,4.60e+01
-1.53e+02,-6.92e+01,1.61e+02,4.60e+01
-3.05e+02,-8.60e+01,1.61e+02,4.60e+01
-1.66e+02,-7.57e+01,1.60e+02,4.60e+01
-1.51e+02,-5.30e+01,1.60e+02,4.60e+01
-1.55e+02,-6.41e+01,1.61e+02,4.70e+01
-1.66e+02,-6.93e+01,1.62e+02,4.80e+01
-1.66e+02,-6.32e+01,1.59e+02,4.60e+01
-1.60e+02,-8.00e+01,1.60e+02,4.60e+01
-1.64e+02,-5.91e+01,1.59e+02,4.60e+01
-3.01e+02,-9.84e+01,1.60e+02,4.60e+01
-1.56e+02,-7.40e+01,1.59e+02,4.60e+01
-1.52e+02,-6.26e+01,1.62e+02,4.70e+01
-1.51e+02,-5.27e+01,1.58e+02,4.60e+01
-1.55e+02,-5.66e+01,1.60e+02,4.60e+01
-1.53e+02,-6.11e+01,1.71e+02,5.00e+01
-1.56e+02,-7.55e+01,1.59e+02,4.60e+01
-1.55e+02,-7.15e+01,1.60e+02,4.60e+01
-1.53e+02,-4.62e+01,1.59e+02,4.60e+01
-1.60e+02,-7.50e+01,1.61e+02,4.70e+01
-1.45e+02,-5.16e+01,1.60e+02,4.70e+01
-1.59e+02,-7.37e+01,1.61e+02,4.60e+01
-1.67e+02,-5.46e+01,1.60e+02,4.60e+01
-1.58e+02,-7.84e+01,1.58e+02,4.60e+01
-1.56e+02,-6.13e+01,1.61e+02,4.60e+01
-1.65e+02,-7.76e+01,1.60e+02,4.60e+01
-1.64e+02,-6.53e+01,1.61e+02,4.60e+01
-1.61e+02,-7.13e+01,1.61e+02,4.60e+01
-1.56e+02,-7.65e+01,1.60e+02,4.60e+01
-1.58e+02,-6.60e+01,1.59e+02,4.60e+01
-1.67e+02,-7.26e+01,1.61e+02,4.60e+01
-1.65e+02,-6.03e+01,1.59e+02,4.60e+01
-1.58e+02,-8.49e+01,1.62e+02,4.70e+01
-1.56e+02,-7.28e+01,1.61e+02,4.60e+01
-1.69e+02,-6.90e+01,1.61e+02,4.60e+01
-1.57e+02,-7.94e+01,1.61e+02,4.70e+01
-1.50e+02,-6.23e+01,1.62e+02,4.70e+01
-1.57e+02,-5.84e+01,1.61e+02,4.80e+01
-1.65e+02,-6.73e+01,1.60e+02,4.60e+01
-1.69e+02,-5.87e+01,1.60e+02,4.70e+01
-1.63e+02,-7.46e+01,1.59e+02,4.60e+01
-1.60e+02,-8.05e+01,1.58e+02,4.60e+01
-1.58e+02,-5.69e+01,1.61e+02,4.70e+01
-2.42e+02,-6.14e+01,1.58e+02,4.60e+01
-1.51e+02,-5.55e+01,1.59e+02,4.60e+01
-1.62e+02,-6.51e+01,1.60e+02,4.60e+01
-1.52e+02,-5.98e+01,1.59e+02,4.60e+01
-1.54e+02,-6.55e+01,1.60e+02,4.60e+01
-1.61e+02,-8.01e+01,1.62e+02,4.70e+01
-1.64e+02,-8.16e+01,1.63e+02,4.80e+01
-1.57e+02,-7.82e+01,1.59e+02,4.60e+01
-1.53e+02,-6.15e+01,1.60e+02,4.70e+01
-1.56e+02,-6.81e+01,1.60e+02,4.60e+01
-2.24e+02,-7.32e+01,1.59e+02,4.60e+01
-1.59e+02,-6.03e+01,1.59e+02,4.60e+01
-1.83e+02,-7.07e+01,1.64e+02,4.80e+01
-1.51e+02,-7.47e+01,1.60e+02,4.70e+01
-1.67e+02,-8.76e+01,1.61e+02,4.60e+01
-1.82e+02,-8.53e+01,1.59e+02,4.60e+01
-1.60e+02,-5.24e+01,1.60e+02,4.60e+01
-1.57e+02,-7.75e+01,1.61e+02,4.70e+01
-1.59e+02,-7.53e+01,1.59e+02,4.60e+01
-1.60e+02,-8.21e+01,1.59e+02,4.70e+01
-1.51e+02,-7.17e+01,1.60e+02,4.60e+01
-2.22e+02,-6.35e+01,1.58e+02,4.60e+01
-1.62e+02,-9.05e+01,1.62e+02,4.80e+01
-1.67e+02,-7.97e+01,1.61e+02,4.70e+01
-1.54e+02,-6.31e+01,1.62e+02,4.70e+01
-3.64e+02,-9.25e+01,1.60e+02,4.60e+01
-1.54e+02,-5.76e+01,1.60e+02,4.60e+01
-1.67e+02,-6.93e+01,1.60e+02,4.60e+01
-1.58e+02,-5.86e+01,1.60e+02,4.60e+01
-1.54e+02,-5.75e+01,1.60e+02,4.60e+01
-1.63e+02,-7.20e+01,1.63e+02,4.80e+01
-3.11e+02,-9.16e+01,1.59e+02,4.60e+01
-2.10e+02,-6.58e+01,1.59e+02,4.60e+01
-3.08e+02,-1.11e+02,1.60e+02,4.60e+01
-1.61e+02,-6.71e+01,1.59e+02,4.60e+01
-1.66e+02,-8.80e+01,1.60e+02,4.60e+01
-1.51e+02,-4.84e+01,1.58e+02,4.60e+01
-1.54e+02,-5.81e+01,1.61e+02,4.70e+01
-1.57e+02,-7.66e+01,1.60e+02,4.70e+01
-1.60e+02,-7.63e+01,1.60e+02,4.60e+01
-1.58e+02,-6.32e+01,1.63e+02,4.80e+01
-1.55e+02,-7.35e+01,1.58e+02,4.60e+01
-1.56e+02,-6.99e+01,1.59e+02,4.60e+01
-1.62e+02,-5.53e+01,1.61e+02,4.60e+01
-2.91e+02,-7.27e+01,1.60e+02,4.60e+01
-1.52e+02,-6.80e+01,1.61e+02,4.70e+01
-1.53e+02,-6.22e+01,1.61e+02,4.70e+01
-3.13e+02,-1.14e+02,1.60e+02,4.60e+01
-1.59e+02,-7.29e+01,1.63e+02,4.80e+01
-1.62e+02,-7.25e+01,1.61e+02,4.60e+01
-1.53e+02,-5.50e+01,1.58e+02,4.60e+01
-1.61e+02,-7.43e+01,1.60e+02,4.60e+01
-2.61e+02,-8.06e+01,1.60e+02,4.60e+01
-1.56e+02,-7.77e+01,1.61e+02,4.70e+01
-1.58e+02,-6.75e+01,1.59e+02,4.60e+01
-1.72e+02,-7.33e+01,1.59e+02,4.60e+01
