1.78e+02,5.56e+02,9.60e+01,3.50e+01
2.97e+02,5.23e+02,1.02e+02,4.30e+01
2.97e+02,5.23e+02,1.04e+02,4.30e+01
2.64e+02,5.37e+02,9.90e+01,4.30e+01
2.30e+02,5.55e+02,1.00e+02,3.70e+01
2.75e+02,5.30e+02,1.00e+02,4.20e+01
2.11e+02,5.56e+02,9.60e+01,3.60e+01
2.65e+02,5.36e+02,9.70e+01,4.10e+01
2.30e+02,5.55e+02,1.00e+02,3.70e+01
2.64e+02,5.37e+02,9.90e+01,4.30e+01
2.39e+02,5.36e+02,9.90e+01,4.30e+01
1.39e+02,4.33e+02,9.60e+01,3.50e+01
1.91e+02,5.56e+02,9.70e+01,3.60e+01
2.61e+02,4.41e+02,1.00e+02,4.20e+01
2.46e+02,4.33e+02,1.00e+02,4.40e+01
2.64e+02,5.37e+02,1.00e+02,4.30e+01
2.97e+02,5.24e+02,1.02e+02,4.30e+01
2.68e+02,5.16e+02,1.04e+02,4.30e+01
2.97e+02,5.23e+02,1.02e+02,4.30e+01
2.30e+02,5.55e+02,1.00e+02,3.70e+01
2.64e+02,5.37e+02,9.90e+01,4.30e+01
1.61e+02,4.49e+02,9.70e+01,3.50e+01
1.78e+02,5.55e+02,9.70e+01,3.50e+01
2.64e+02,5.37e+02,9.90e+01,4.30e+01
2.70e+02,5.23e+02,1.02e+02,4.30e+01
2.51e+02,4.23e+02,1.02e+02,4.30e+01
1.39e+02,4.33e+02,9.60e+01,3.50e+01
2.64e+02,5.37e+02,9.90e+01,4.30e+01
2.86e+02,5.23e+02,1.02e+02,4.30e+01
2.79e+02,5.16e+02,1.02e+02,4.30e+01
2.93e+02,5.23e+02,1.05e+02,4.40e+01
2.97e+02,5.23e+02,1.06e+02,4.40e+01
2.51e+02,5.23e+02,1.02e+02,4.30e+01
1.78e+02,5.56e+02,9.60e+01,3.50e+01
1.56e+02,4.05e+02,1.00e+02,3.70e+01
1.40e+02,4.27e+02,9.70e+01,3.60e+01
3.86e+01,1.94e+02,1.00e+02,3.70e+01
1.39e+02,4.28e+02,9.70e+01,3.60e+01
2.80e+02,5.20e+02,1.04e+02,4.30e+01
2.97e+02,5.23e+02,1.05e+02,4.30e+01
1.78e+02,5.56e+02,9.70e+01,3.50e+01
2.28e+02,5.37e+02,9.90e+01,4.30e+01
2.74e+02,5.26e+02,1.02e+02,4.30e+01
1.77e+02,4.22e+02,9.60e+01,3.60e+01
2.97e+02,5.23e+02,1.02e+02,4.30e+01
5.96e+01,1.73e+02,9.60e+01,3.60e+01
1.78e+02,5.56e+02,9.60e+01,3.50e+01
-1.14e+01,1.96e+02,1.04e+02,4.30e+01
7.32e+01,1.72e+02,1.01e+02,3.80e+01
9.72e+01,2.95e+02,9.70e+01,3.50e+01
1.38e+02,4.25e+02,9.60e+01,3.50e+01
2.64e+02,5.37e+02,9.90e+01,4.30e+01
2.50e+02,4.20e+02,1.04e+02,4.30e+01
2.65e+02,5.36e+02,9.70e+01,4.10e+01
2.65e+02,5.36e+02,9.80e+01,4.10e+01
2.65e+02,5.36e+02,9.70e+01,4.10e+01
1.43e+02,4.32e+02,1.00e+02,3.70e+01
2.97e+02,5.23e+02,1.04e+02,4.30e+01
1.28e+02,2.49e+02,9.60e+01,3.50e+01
1.78e+02,5.56e+02,9.60e+01,3.50e+01
1.42e+02,3.95e+02,1.02e+02,4.30e+01
2.49e+02,4.02e+02,1.04e+02,4.30e+01
1.99e+02,5.56e+02,9.70e+01,3.50e+01
1.49e+02,4.25e+02,9.90e+01,3.70e+01
2.97e+02,5.23e+02,1.02e+02,4.30e+01
1.29e+02,2.51e+02,9.60e+01,3.50e+01
2.64e+02,5.37e+02,9.90e+01,4.30e+01
2.30e+02,5.55e+02,1.01e+02,3.70e+01
2.97e+02,5.23e+02,1.05e+02,4.30e+01
2.80e+02,5.20e+02,1.02e+02,4.30e+01
2.78e+02,5.23e+02,1.04e+02,4.30e+01
2.96e+02,5.23e+02,1.03e+02,4.40e+01
1.56e+02,4.30e+02,9.70e+01,3.60e+01
2.32e+02,3.30e+02,1.03e+02,4.40e+01
1.78e+02,5.56e+02,9.70e+01,3.50e+01
1.66e+02,4.18e+02,9.60e+01,3.60e+01
1.78e+02,5.56e+02,9.60e+01,3.50e+01
2.40e+02,4.21e+02,1.02e+02,4.30e+01
2.64e+02,5.37e+02,1.00e+02,4.30e+01
2.95e+02,5.23e+02,1.03e+02,4.30e+01
1.33e+02,3.79e+02,1.01e+02,3.80e+01
1.74e+02,4.25e+02,9.60e+01,3.50e+01
2.12e+02,5.55e+02,1.00e+02,3.70e+01
1.53e+01,8.03e+01,9.60e+01,3.60e+01
1.74e+02,5.35e+02,9.60e+01,3.50e+01
2.63e+02,4.41e+02,1.04e+02,4.30e+01
2.64e+02,5.37e+02,9.90e+01,4.30e+01
2.97e+02,5.23e+02,1.02e+02,4.30e+01
1.78e+02,5.56e+02,9.70e+01,3.50e+01
2.97e+02,5.23e+02,1.02e+02,4.30e+01
2.94e+02,5.22e+02,1.02e+02,4.30e+01
2.97e+02,5.23e+02,1.05e+02,4.30e+01
2.64e+02,5.37e+02,9.90e+01,4.30e+01
1.84e+02,4.16e+02,1.00e+02,3.70e+01
1.87e+02,5.30e+02,9.60e+01,3.50e+01
2.13e+02,4.42e+02,1.02e+02,4.30e+01
2.76e+02,5.30e+02,1.00e+02,4.20e+01
8.15e+01,2.95e+02,1.00e+02,3.70e+01
1.18e+02,3.82e+02,9.60e+01,3.50e+01
2.53e+02,5.37e+02,9.90e+01,4.30e+01
2.81e+02,4.33e+02,1.04e+02,4.30e+01
2.93e+02,5.23e+02,1.02e+02,4.30e+01
1.34e+02,3.99e+02,1.00e+02,3.70e+01
1.78e+02,5.56e+02,9.60e+01,3.50e+01
1.39e+02,4.07e+02,9.60e+01,3.50e+01
2.27e+02,3.57e+02,9.90e+01,4.30e+01
1.62e+02,4.15e+02,1.00e+02,3.70e+01
2.63e+02,5.37e+02,9.90e+01,4.30e+01
2.11e+02,5.56e+02,9.60e+01,3.60e+01
2.83e+02,4.42e+02,1.02e+02,4.30e+01
2.68e+02,5.16e+02,1.02e+02,4.30e+01
1.21e+02,3.48e+02,9.60e+01,3.50e+01
2.97e+02,5.23e+02,1.04e+02,4.30e+01
2.79e+02,5.13e+02,1.04e+02,4.30e+01
2.39e+02,5.36e+02,9.90e+01,4.30e+01
2.67e+02,5.17e+02,1.02e+02,4.30e+01
1.76e+02,5.53e+02,9.60e+01,3.50e+01
2.75e+02,5.30e+02,1.00e+02,4.20e+01
1.47e+02,3.65e+02,1.01e+02,3.70e+01
1.39e+02,4.33e+02,9.60e+01,3.50e+01
2.65e+02,5.30e+02,1.00e+02,4.20e+01
2.26e+02,3.61e+02,1.00e+02,4.20e+01
1.54e+02,4.17e+02,9.60e+01,3.50e+01
2.04e+02,4.05e+02,1.00e+02,3.70e+01
2.75e+02,5.30e+02,1.00e+02,4.20e+01
2.64e+02,5.37e+02,9.90e+01,4.30e+01
2.09e+02,3.55e+02,1.00e+02,4.40e+01
2.97e+02,5.23e+02,1.03e+02,4.30e+01
