-1.56e+02,-5.82e+01,8.40e+01,2.80e+01
-1.52e+02,-6.65e+01,8.30e+01,2.80e+01
-1.54e+02,-6.10e+01,8.50e+01,2.80e+01
-1.57e+02,-5.91e+01,8.30e+01,2.80e+01
-1.61e+02,-6.54e+01,8.40e+01,2.80e+01
-1.53e+02,-6.27e+01,8.40e+01,2.80e+01
-1.57e+02,-7.07e+01,8.30e+01,2.80e+01
-1.57e+02,-6.99e+01,8.70e+01,3.00e+01
-1.63e+02,-6.58e+01,8.30e+01,2.80e+01
-1.63e+02,-6.99e+01,8.40e+01,2.80e+01
-1.60e+02,-6.27e+01,8.70e+01,3.10e+01
-1.63e+02,-6.83e+01,8.30e+01,2.80e+01
-1.61e+02,-6.06e+01,8.40e+01,2.90e+01
-1.54e+02,-6.70e+01,8.50e+01,2.80e+01
-1.59e+02,-7.36e+01,8.50e+01,2.90e+01
-1.59e+02,-6.49e+01,8.30e+01,2.80e+01
-1.56e+02,-6.82e+01,8.40e+01,2.80e+01
-1.68e+02,-5.88e+01,8.40e+01,2.80e+01
-1.61e+02,-6.66e+01,8.30e+01,2.80e+01
-1.58e+02,-6.30e+01,8.40e+01,2.80e+01
-1.54e+02,-6.36e+01,8.30e+01,2.80e+01
-1.61e+02,-7.31e+01,8.60e+01,3.00e+01
-1.58e+02,-6.64e+01,8.30e+01,2.80e+01
-1.54e+02,-5.18e+01,8.40e+01,2.80e+01
-1.51e+02,-6.36e+01,8.70e+01,3.00e+01
-1.65e+02,-7.03e+01,8.30e+01,2.80e+01
-1.56e+02,-6.18e+01,8.40e+01,2.80e+01
-1.54e+02,-6.21e+01,8.40e+01,2.80e+01
-1.65e+02,-6.56e+01,8.30e+01,2.80e+01
-1.54e+02,-6.57e+01,8.50e+01,2.80e+01
-1.55e+02,-6.73e+01,8.50e+01,2.80e+01
-1.57e+02,-7.19e+01,8.70e+01,2.90e+01
-1.61e+02,-6.08e+01,8.80e+01,3.00e+01
-1.57e+02,-6.51e+01,8.50e+01,2.90e+01
-1.57e+02,-6.66e+01,8.40e+01,2.80e+01
-3.53e+02,-1.77e+02,8.40e+01,2.80e+01
-1.53e+02,-6.37e+01,8.80e+01,3.10e+01
-1.61e+02,-6.30e+01,8.70e+01,3.10e+01
-1.55e+02,-6.73e+01,8.40e+01,2.90e+01
-1.67e+02,-6.38e+01,8.30e+01,2.80e+01
-1.60e+02,-6.67e+01,8.80e+01,3.00e+01
-1.56e+02,-6.16e+01,8.40e+01,2.80e+01
-2.39e+02,-1.03e+02,8.40e+01,2.80e+01
-2.16e+02,-6.71e+01,8.30e+01,2.80e+01
-1.60e+02,-7.06e+01,8.50e+01,2.80e+01
-1.76e+02,-7.12e+01,8.50e+01,2.80e+01
-1.77e+02,-6.10e+01,8.50e+01,2.80e+01
-1.50e+02,-6.24e+01,8.60e+01,2.80e+01
-1.56e+02,-6.86e+01,8.40e+01,2.80e+01
-1.55e+02,-6.82e+01,8.50e+01,2.80e+01
-1.60e+02,-7.01e+01,8.30e+01,2.80e+01
-1.60e+02,-6.09e+01,8.60e+01,2.80e+01
-1.63e+02,-6.41e+01,8.50e+01,2.80e+01
-1.53e+02,-6.74e+01,8.60e+01,2.80e+01
-1.56e+02,-6.75e+01,8.50e+01,2.80e+01
-2.22e+02,-6.88e+01,8.40e+01,2.80e+01
-2.18e+02,-7.34e+01,8.40e+01,2.80e+01
-1.57e+02,-7.44e+01,8.30e+01,2.80e+01
-1.60e+02,-5.89e+01,8.50e+01,2.80e+01
-3.82e+02,-1.10e+02,8.40e+01,2.80e+01
-2.04e+02,-7.93e+01,8.40e+01,2.80e+01
-1.56e+02,-6.88e+01,8.40e+01,2.80e+01
-1.70e+02,-5.79e+01,8.30e+01,2.80e+01
-1.53e+02,-5.77e+01,8.50e+01,2.90e+01
-1.59e+02,-7.17e+01,8.70e+01,2.90e+01
-1.65e+02,-6.64e+01,8.40e+01,2.80e+01
-3.75e+02,-8.31e+01,8.50e+01,2.80e+01
-1.60e+02,-6.71e+01,8.50e+01,2.80e+01
-1.56e+02,-5.95e+01,8.40e+01,2.80e+01
-1.67e+02,-6.81e+01,8.40e+01,2.80e+01
-1.58e+02,-7.35e+01,8.30e+01,2.80e+01
-1.59e+02,-6.49e+01,8.40e+01,2.80e+01
-3.12e+02,-8.15e+01,8.30e+01,2.80e+01
-1.53e+02,-6.20e+01,8.50e+01,2.90e+01
-1.60e+02,-6.70e+01,8.40e+01,2.80e+01
-1.52e+02,-6.04e+01,8.50e+01,2.90e+01
-4.30e+02,-3.38e+02,8.40e+01,2.80e+01
-1.58e+02,-6.86e+01,8.40e+01,2.90e+01
-2.15e+02,-1.09e+02,8.50e+01,2.80e+01
-4.44e+02,-1.67e+02,8.50e+01,2.90e+01
-1.51e+02,-5.66e+01,8.50e+01,2.80e+01
-1.57e+02,-6.41e+01,8.70e+01,3.00e+01
-1.57e+02,-6.91e+01,8.30e+01,2.80e+01
-1.51e+02,-6.19e+01,8.50e+01,2.80e+01
-1.62e+02,-6.45e+01,8.40e+01,2.80e+01
-1.57e+02,-5.84e+01,8.50e+01,2.80e+01
-3.39e+02,-1.73e+02,8.40e+01,2.80e+01
-1.67e+02,-7.06e+01,8.60e+01,2.80e+01
-1.54e+02,-6.24e+01,8.40e+01,2.80e+01
-2.17e+02,-9.12e+01,8.40e+01,2.90e+01
-1.60e+02,-6.40e+01,8.40e+01,2.80e+01
-1.52e+02,-5.86e+01,8.80e+01,3.10e+01
-1.58e+02,-5.98e+01,8.70e+01,3.10e+01
-1.53e+02,-6.56e+01,8.30e+01,2.80e+01
-1.59e+02,-6.92e+01,8.70e+01,3.00e+01
-5.00e+02,-5.00e+02,8.30e+01,2.80e+01
-1.62e+02,-6.65e+01,8.70e+01,3.10e+01
-1.54e+02,-6.62e+01,8.50e+01,2.90e+01
-2.95e+02,-7.90e+01,8.40e+01,2.80e+01
-1.77e+02,-7.24e+01,8.30e+01,2.80e+01
-1.63e+02,-7.32e+01,8.70e+01,3.00e+01
-1.74e+02,-6.10e+01,8.30e+01,2.80e+01
-1.60e+02,-7.34e+01,8.40e+01,2.80e+01
-1.63e+02,-6.83e+01,8.40e+01,2.80e+01
-1.61e+02,-6.53e+01,8.40e+01,2.80e+01
-2.23e+02,-6.67e+01,8.30e+01,2.80e+01
-1.58e+02,-6.27e+01,8.40e+01,2.80e+01
-1.67e+02,-6.85e+01,8.50e+01,2.80e+01
-1.56e+02,-6.27e+01,8.50e+01,2.80e+01
-1.69e+02,-7.44e+01,8.40e+01,2.80e+01
-1.60e+02,-6.54e+01,8.30e+01,2.80e+01
-1.62e+02,-6.47e+01,8.40e+01,2.90e+01
-1.67e+02,-6.45e+01,8.50e+01,2.80e+01
-1.63e+02,-6.70e+01,8.50e+01,2.90e+01
-1.64e+02,-6.63e+01,8.50e+01,2.80e+01
-1.61e+02,-6.77e+01,8.50e+01,2.80e+01
-1.96e+02,-1.02e+02,8.80e+01,3.10e+01
-1.56e+02,-5.95e+01,8.40e+01,2.80e+01
-2.00e+02,-7.56e+01,8.40e+01,2.80e+01
-1.62e+02,-6.96e+01,8.40e+01,2.80e+01
-1.71e+02,-8.17e+01,8.40e+01,2.80e+01
-1.60e+02,-6.48e+01,8.50e+01,2.80e+01
-1.70e+02,-6.82e+01,8.40e+01,2.80e+01
-1.55e+02,-6.50e+01,8.50e+01,2.80e+01
-1.54e+02,-6.55e+01,8.50e+01,2.80e+01
-2.14e+02,-1.16e+02,8.50e+01,2.80e+01
-4.55e+02,-2.34e+02,8.40e+01,2.80e+01
-1.60e+02,-7.42e+01,8.30e+01,2.80e+01
-1.65e+02,-7.86e+01,8.60e+01,2.90e+01
-3.77e+02,-1.07e+02,8.40e+01,2.80e+01
-1.53e+02,-6.48e+01,8.40e+01,2.80e+01
-1.72e+02,-7.60e+01,8.40e+01,2.80e+01
-1.62e+02,-6.59e+01,8.40e+01,2.80e+01
-2.25e+02,-8.72e+01,8.40e+01,2.80e+01
-1.58e+02,-6.37e+01,8.50e+01,2.80e+01
-1.55e+02,-6.63e+01,8.50e+01,2.80e+01
-1.51e+02,-6.14e+01,8.30e+01,2.80e+01
-2.03e+02,-8.49e+01,8.40e+01,2.80e+01
-1.61e+02,-7.40e+01,8.40e+01,2.80e+01
-1.61e+02,-6.91e+01,8.30e+01,2.80e+01
-5.00e+02,-5.00e+02,8.50e+01,2.80e+01
-1.63e+02,-5.69e+01,8.60e+01,2.80e+01
-1.58e+02,-6.29e+01,8.30e+01,2.80e+01
-1.56e+02,-7.14e+01,8.30e+01,2.80e+01
-3.80e+02,-1.29e+02,8.80e+01,3.00e+01
-1.54e+02,-6.11e+01,8.40e+01,2.80e+01
-1.52e+02,-6.41e+01,8.40e+01,2.80e+01
-1.61e+02,-6.74e+01,8.50e+01,2.90e+01
-1.56e+02,-6.08e+01,8.50e+01,2.80e+01
-1.63e+02,-6.52e+01,8.60e+01,2.80e+01
-2.30e+02,-8.63e+01,8.30e+01,2.80e+01
-1.52e+02,-5.96e+01,8.40e+01,2.80e+01
-1.63e+02,-5.77e+01,8.50e+01,2.80e+01
-4.56e+02,-2.36e+02,8.60e+01,2.80e+01
-1.56e+02,-6.42e+01,8.30e+01,2.80e+01
-1.54e+02,-6.35e+01,8.80e+01,3.10e+01
-1.70e+02,-6.56e+01,8.50e+01,2.80e+01
-1.59e+02,-6.21e+01,8.60e+01,2.80e+01
-1.54e+02,-6.75e+01,8.60e+01,2.80e+01
-1.58e+02,-6.57e+01,8.50e+01,2.80e+01
-1.69e+02,-6.91e+01,8.50e+01,2.80e+01
-1.71e+02,-6.81e+01,8.40e+01,2.80e+01
-2.98e+02,-6.81e+01,8.60e+01,2.80e+01
-1.51e+02,-5.94e+01,8.40e+01,2.80e+01
-1.58e+02,-6.96e+01,8.30e+01,2.80e+01
-2.12e+02,-9.75e+01,8.50e+01,2.80e+01
-4.62e+02,-2.74e+02,8.30e+01,2.80e+01
-1.56e+02,-6.40e+01,8.30e+01,2.80e+01
-1.57e+02,-6.70e+01,8.40e+01,2.80e+01
-1.58e+02,-6.80e+01,8.40e+01,2.80e+01
-4.59e+02,-3.32e+02,8.40e+01,2.80e+01
-1.56e+02,-6.92e+01,8.50e+01,2.90e+01
-2.21e+02,-6.36e+01,8.50e+01,2.80e+01
-1.55e+02,-6.59e+01,8.40e+01,2.90e+01
-2.23e+02,-7.49e+01,8.40e+01,2.80e+01
-2.31e+02,-8.29e+01,8.40e+01,2.80e+01
-1.61e+02,-7.46e+01,8.70e+01,3.00e+01
-1.70e+02,-6.96e+01,8.50e+01,2.80e+01
-4.54e+02,-2.23e+02,8.60e+01,2.80e+01
-1.71e+02,-7.31e+01,8.50e+01,2.80e+01
-2.19e+02,-8.87e+01,8.40e+01,2.80e+01
-1.56e+02,-6.38e+01,8.50e+01,2.80e+01
-1.71e+02,-5.39e+01,8.40e+01,2.90e+01
-1.57e+02,-6.40e+01,8.40e+01,2.90e+01
-1.59e+02,-6.42e+01,8.50e+01,2.80e+01
-2.21e+02,-7.27e+01,8.30e+01,2.80e+01
-1.55e+02,-7.06e+01,8.30e+01,2.80e+01
-1.57e+02,-6.67e+01,8.60e+01,2.90e+01
-1.54e+02,-5.96e+01,8.40e+01,2.80e+01
-4.58e+02,-2.49e+02,8.40e+01,2.80e+01
-1.55e+02,-5.83e+01,8.40e+01,2.80e+01
-1.57e+02,-6.28e+01,8.40e+01,2.80e+01
