-1.57e+02,-6.29e+01,1.00e+02,3.20e+01
-1.63e+02,-6.85e+01,9.50e+01,3.00e+01
-1.56e+02,-6.48e+01,9.50e+01,3.10e+01
-1.55e+02,-6.59e+01,9.80e+01,3.00e+01
-1.58e+02,-5.99e+01,9.90e+01,3.10e+01
-1.56e+02,-6.41e+01,1.00e+02,3.10e+01
-1.57e+02,-6.87e+01,9.60e+01,3.00e+01
-1.51e+02,-5.88e+01,9.60e+01,3.00e+01
-1.54e+02,-6.53e+01,9.50e+01,3.00e+01
-1.70e+02,-6.14e+01,9.60e+01,3.10e+01
-1.63e+02,-6.62e+01,9.60e+01,3.00e+01
-1.58e+02,-6.48e+01,9.60e+01,3.00e+01
-1.58e+02,-7.08e+01,9.80e+01,3.10e+01
-1.56e+02,-5.94e+01,9.80e+01,3.00e+01
-1.65e+02,-5.88e+01,9.70e+01,3.00e+01
-1.60e+02,-6.84e+01,9.90e+01,3.10e+01
-1.65e+02,-6.56e+01,9.70e+01,3.00e+01
-1.67e+02,-6.26e+01,9.60e+01,3.00e+01
-2.15e+02,-6.22e+01,9.70e+01,3.00e+01
-1.54e+02,-6.97e+01,9.60e+01,3.00e+01
-2.15e+02,-6.04e+01,9.50e+01,3.00e+01
-1.76e+02,-7.18e+01,9.60e+01,3.00e+01
-1.56e+02,-6.20e+01,9.50e+01,3.00e+01
-1.53e+02,-6.21e+01,9.60e+01,3.00e+01
-1.61e+02,-7.63e+01,9.80e+01,3.00e+01
-1.61e+02,-7.23e+01,9.50e+01,3.00e+01
-1.64e+02,-6.12e+01,9.80e+01,3.00e+01
-2.16e+02,-7.00e+01,9.40e+01,3.00e+01
-1.64e+02,-5.78e+01,9.60e+01,3.10e+01
-1.55e+02,-6.32e+01,9.60e+01,3.00e+01
-2.27e+02,-7.29e+01,9.50e+01,3.10e+01
-1.55e+02,-6.63e+01,9.60e+01,3.00e+01
-1.60e+02,-6.33e+01,1.01e+02,3.10e+01
-1.57e+02,-6.06e+01,9.70e+01,3.00e+01
-5.00e+02,-5.00e+02,9.70e+01,3.10e+01
-1.70e+02,-6.93e+01,9.50e+01,3.00e+01
-1.68e+02,-7.61e+01,9.60e+01,3.10e+01
-1.79e+02,-6.84e+01,9.50e+01,3.10e+01
-2.30e+02,-1.00e+02,9.50e+01,3.00e+01
-3.85e+02,-1.10e+02,9.80e+01,3.00e+01
-1.56e+02,-6.18e+01,9.60e+01,3.10e+01
-4.61e+02,-2.68e+02,9.60e+01,3.00e+01
-1.61e+02,-6.51e+01,1.00e+02,3.20e+01
-1.53e+02,-6.33e+01,9.90e+01,3.00e+01
-1.86e+02,-6.24e+01,9.60e+01,3.00e+01
-5.00e+02,-5.00e+02,9.90e+01,3.00e+01
-1.65e+02,-6.51e+01,9.90e+01,3.00e+01
-1.62e+02,-7.03e+01,9.60e+01,3.10e+01
-1.56e+02,-6.82e+01,9.70e+01,3.00e+01
-1.55e+02,-6.30e+01,9.60e+01,3.00e+01
-1.61e+02,-6.49e+01,9.90e+01,3.10e+01
-2.38e+02,-7.90e+01,1.00e+02,3.20e+01
-1.61e+02,-6.87e+01,9.60e+01,3.00e+01
-1.52e+02,-6.74e+01,1.00e+02,3.20e+01
-2.16e+02,-6.22e+01,9.80e+01,3.00e+01
-1.66e+02,-6.44e+01,9.60e+01,3.10e+01
-1.64e+02,-6.95e+01,9.50e+01,3.00e+01
-1.56e+02,-6.43e+01,9.50e+01,3.10e+01
-1.55e+02,-6.50e+01,9.80e+01,3.00e+01
-1.51e+02,-5.89e+01,9.70e+01,3.00e+01
-2.21e+02,-8.43e+01,9.60e+01,3.00e+01
-2.13e+02,-6.04e+01,9.50e+01,3.00e+01
-1.55e+02,-5.64e+01,9.60e+01,3.00e+01
-1.57e+02,-6.36e+01,9.60e+01,3.00e+01
-5.00e+02,-5.00e+02,9.60e+01,3.10e+01
-1.51e+02,-6.01e+01,9.50e+01,3.10e+01
-1.55e+02,-6.59e+01,1.00e+02,3.20e+01
-1.61e+02,-7.38e+01,9.60e+01,3.10e+01
-1.51e+02,-5.86e+01,1.00e+02,3.20e+01
-1.61e+02,-6.50e+01,9.50e+01,3.00e+01
-1.58e+02,-6.95e+01,1.00e+02,3.10e+01
-1.59e+02,-7.11e+01,9.90e+01,3.00e+01
-5.00e+02,-5.00e+02,9.50e+01,3.00e+01
-1.57e+02,-6.78e+01,9.80e+01,3.00e+01
-1.58e+02,-7.07e+01,9.60e+01,3.00e+01
-1.59e+02,-7.23e+01,9.50e+01,3.10e+01
-1.53e+02,-6.44e+01,9.80e+01,3.00e+01
-1.60e+02,-7.62e+01,9.70e+01,3.10e+01
-4.41e+02,-3.69e+02,9.70e+01,3.00e+01
-1.69e+02,-6.77e+01,1.01e+02,3.10e+01
-1.55e+02,-6.40e+01,9.60e+01,3.00e+01
-1.51e+02,-6.70e+01,9.60e+01,3.10e+01
-1.53e+02,-6.01e+01,1.01e+02,3.20e+01
-1.57e+02,-5.89e+01,1.01e+02,3.30e+01
-1.55e+02,-6.03e+01,9.80e+01,3.10e+01
-5.00e+02,-5.00e+02,9.90e+01,3.10e+01
-1.87e+02,-6.37e+01,9.60e+01,3.10e+01
-1.58e+02,-6.54e+01,1.00e+02,3.20e+01
-1.58e+02,-6.60e+01,1.00e+02,3.10e+01
-1.59e+02,-6.80e+01,1.00e+02,3.20e+01
-1.54e+02,-6.21e+01,9.60e+01,3.00e+01
-1.66e+02,-6.58e+01,9.60e+01,3.00e+01
-1.52e+02,-6.39e+01,1.00e+02,3.20e+01
-1.61e+02,-6.92e+01,9.80e+01,3.00e+01
-1.55e+02,-5.66e+01,1.01e+02,3.20e+01
-4.72e+02,-3.75e+02,9.80e+01,3.00e+01
-1.53e+02,-6.38e+01,9.50e+01,3.00e+01
-1.54e+02,-6.43e+01,9.60e+01,3.00e+01
-1.52e+02,-6.52e+01,9.60e+01,3.00e+01
-1.57e+02,-6.33e+01,9.50e+01,3.10e+01
-1.59e+02,-6.32e+01,1.01e+02,3.20e+01
-1.61e+02,-7.07e+01,9.90e+01,3.10e+01
-1.53e+02,-6.50e+01,9.60e+01,3.10e+01
-1.56e+02,-6.59e+01,9.90e+01,3.10e+01
-1.53e+02,-6.51e+01,9.70e+01,3.00e+01
-1.54e+02,-6.76e+01,9.60e+01,3.00e+01
-1.62e+02,-6.46e+01,9.50e+01,3.00e+01
-1.70e+02,-7.58e+01,9.60e+01,3.00e+01
-4.40e+02,-2.95e+02,9.60e+01,3.00e+01
-1.66e+02,-5.99e+01,9.60e+01,3.00e+01
-5.00e+02,-5.00e+02,9.50e+01,3.00e+01
-1.53e+02,-6.02e+01,9.60e+01,3.00e+01
-1.65e+02,-6.66e+01,9.70e+01,3.00e+01
-1.55e+02,-6.09e+01,9.70e+01,3.00e+01
-1.54e+02,-6.52e+01,9.50e+01,3.00e+01
-1.61e+02,-6.35e+01,9.50e+01,3.10e+01
-1.66e+02,-7.32e+01,9.60e+01,3.10e+01
-1.54e+02,-6.36e+01,9.50e+01,3.10e+01
-2.06e+02,-7.70e+01,9.60e+01,3.00e+01
-1.51e+02,-6.35e+01,1.00e+02,3.20e+01
-1.55e+02,-6.16e+01,9.90e+01,3.10e+01
-2.38e+02,-8.43e+01,1.00e+02,3.20e+01
-4.89e+02,-4.37e+02,9.60e+01,3.00e+01
-1.56e+02,-7.43e+01,9.60e+01,3.00e+01
-1.65e+02,-6.99e+01,9.60e+01,3.10e+01
-1.58e+02,-6.79e+01,1.00e+02,3.20e+01
-1.67e+02,-6.20e+01,9.60e+01,3.10e+01
-1.65e+02,-6.40e+01,9.60e+01,3.00e+01
-5.00e+02,-5.00e+02,9.60e+01,3.00e+01
-1.57e+02,-6.35e+01,9.60e+01,3.00e+01
-1.55e+02,-6.12e+01,9.70e+01,3.00e+01
-3.19e+02,-1.00e+02,9.60e+01,3.00e+01
-1.53e+02,-6.32e+01,9.80e+01,3.00e+01
-2.29e+02,-9.19e+01,9.90e+01,3.10e+01
-1.50e+02,-6.04e+01,9.60e+01,3.10e+01
-3.49e+02,-1.67e+02,9.60e+01,3.10e+01
-1.58e+02,-7.24e+01,9.80e+01,3.00e+01
-1.54e+02,-6.56e+01,9.70e+01,3.00e+01
-1.51e+02,-6.71e+01,1.01e+02,3.20e+01
-1.56e+02,-6.65e+01,9.60e+01,3.00e+01
-1.94e+02,-7.57e+01,9.60e+01,3.00e+01
-1.55e+02,-6.33e+01,1.00e+02,3.20e+01
-1.54e+02,-6.24e+01,9.70e+01,3.00e+01
-4.44e+02,-2.87e+02,9.50e+01,3.00e+01
-1.52e+02,-6.49e+01,1.01e+02,3.20e+01
-1.52e+02,-6.07e+01,1.01e+02,3.20e+01
-5.00e+02,-5.00e+02,9.60e+01,3.10e+01
-5.00e+02,-5.00e+02,1.01e+02,3.10e+01
-1.50e+02,-6.56e+01,9.50e+01,3.00e+01
-2.80e+02,-7.52e+01,9.60e+01,3.20e+01
-1.78e+02,-5.96e+01,1.00e+02,3.10e+01
-1.65e+02,-6.54e+01,9.60e+01,3.00e+01
-2.30e+02,-6.56e+01,9.70e+01,3.00e+01
-1.83e+02,-7.42e+01,9.50e+01,3.00e+01
-1.75e+02,-8.00e+01,9.60e+01,3.00e+01
-1.70e+02,-6.33e+01,9.60e+01,3.10e+01
-1.52e+02,-6.73e+01,1.00e+02,3.20e+01
-4.46e+02,-3.19e+02,9.70e+01,3.00e+01
-1.51e+02,-6.65e+01,9.50e+01,3.10e+01
-1.71e+02,-7.30e+01,1.00e+02,3.20e+01
-1.76e+02,-6.45e+01,1.00e+02,3.20e+01
-1.78e+02,-6.56e+01,9.60e+01,3.00e+01
-2.46e+02,-8.72e+01,9.60e+01,3.10e+01
-1.57e+02,-5.93e+01,1.00e+02,3.10e+01
-4.55e+02,-2.32e+02,1.01e+02,3.20e+01
-1.56e+02,-6.48e+01,9.80e+01,3.00e+01
-1.76e+02,-7.87e+01,9.80e+01,3.20e+01
-1.54e+02,-6.57e+01,1.00e+02,3.10e+01
-1.57e+02,-6.34e+01,9.60e+01,3.00e+01
-1.61e+02,-6.72e+01,9.80e+01,3.00e+01
-1.76e+02,-7.03e+01,9.70e+01,3.20e+01
-1.54e+02,-6.48e+01,9.50e+01,3.00e+01
-1.77e+02,-7.19e+01,9.50e+01,3.10e+01
-1.78e+02,-6.53e+01,9.60e+01,3.10e+01
-1.58e+02,-6.64e+01,9.90e+01,3.00e+01
-1.69e+02,-6.84e+01,9.70e+01,3.00e+01
-1.58e+02,-6.32e+01,9.60e+01,3.10e+01
-1.58e+02,-6.03e+01,9.50e+01,3.00e+01
-1.76e+02,-6.22e+01,9.80e+01,3.00e+01
-3.16e+02,-8.22e+01,9.60e+01,3.00e+01
-1.55e+02,-6.36e+01,9.90e+01,3.00e+01
-1.57e+02,-6.62e+01,1.01e+02,3.20e+01
-1.67e+02,-6.19e+01,9.70e+01,3.10e+01
-1.86e+02,-6.47e+01,1.00e+02,3.20e+01
-1.76e+02,-7.00e+01,9.60e+01,3.10e+01
-1.54e+02,-6.16e+01,9.70e+01,3.00e+01
-1.69e+02,-7.37e+01,9.60e+01,3.20e+01
-1.57e+02,-6.36e+01,9.60e+01,3.10e+01
-4.81e+02,-3.87e+02,9.60e+01,3.10e+01
-2.76e+02,-9.92e+01,1.00e+02,3.10e+01
-1.62e+02,-6.74e+01,9.50e+01,3.10e+01
-1.54e+02,-6.51e+01,9.60e+01,3.00e+01
