1.25e+02,7.76e+02,3.60e+01,2.50e+01
5.42e+01,6.23e+02,3.60e+01,2.40e+01
3.58e+01,3.90e+02,3.70e+01,2.50e+01
8.82e+01,7.30e+02,3.90e+01,2.70e+01
1.41e+02,9.28e+02,3.50e+01,2.40e+01
-2.53e+01,1.06e+02,3.60e+01,2.40e+01
4.95e+01,4.64e+02,3.60e+01,2.40e+01
9.19e+01,7.19e+02,3.80e+01,2.60e+01
2.31e+01,3.89e+02,3.80e+01,2.60e+01
4.68e+01,4.51e+02,3.90e+01,2.60e+01
-1.13e+00,1.32e+02,3.50e+01,2.40e+01
1.00e+01,2.29e+02,3.90e+01,2.70e+01
5.02e+01,4.22e+02,3.60e+01,2.40e+01
5.04e+01,3.78e+02,3.60e+01,2.50e+01
2.08e+01,2.33e+02,3.60e+01,2.40e+01
1.24e+02,7.54e+02,3.50e+01,2.40e+01
7.86e+00,1.68e+02,3.60e+01,2.40e+01
1.01e+01,8.75e+01,3.90e+01,2.60e+01
8.17e+01,7.40e+02,3.60e+01,2.50e+01
-2.27e+00,1.55e+02,3.50e+01,2.40e+01
2.93e+01,4.28e+02,3.50e+01,2.40e+01
4.64e+01,3.65e+02,3.70e+01,2.50e+01
2.59e+01,3.36e+02,3.70e+01,2.40e+01
6.66e+01,4.67e+02,4.00e+01,2.70e+01
4.17e+01,4.06e+02,3.80e+01,2.50e+01
3.63e+00,1.18e+02,3.80e+01,2.50e+01
1.16e+02,8.17e+02,3.80e+01,2.60e+01
8.53e+00,1.65e+02,3.80e+01,2.60e+01
1.44e+02,1.03e+03,3.90e+01,2.60e+01
4.30e+01,3.77e+02,3.60e+01,2.50e+01
3.94e+01,3.97e+02,3.60e+01,2.40e+01
-5.47e+00,2.49e+02,3.90e+01,2.60e+01
5.31e+00,1.19e+02,3.90e+01,2.70e+01
7.17e+01,6.39e+02,3.70e+01,2.40e+01
4.89e+01,4.67e+02,3.80e+01,2.60e+01
1.08e+02,7.00e+02,3.60e+01,2.50e+01
-5.06e+00,1.64e+02,3.60e+01,2.50e+01
3.81e+00,4.10e+02,3.60e+01,2.50e+01
6.84e+01,5.02e+02,3.70e+01,2.50e+01
-1.39e+01,6.24e+01,3.60e+01,2.40e+01
1.00e+02,6.80e+02,3.60e+01,2.40e+01
3.83e+01,5.00e+02,3.70e+01,2.50e+01
-4.53e+01,5.26e+01,3.70e+01,2.40e+01
1.89e+01,1.68e+02,3.60e+01,2.40e+01
9.91e+01,7.86e+02,3.80e+01,2.60e+01
8.96e+01,7.03e+02,3.60e+01,2.40e+01
2.49e+01,4.42e+02,3.90e+01,2.60e+01
8.60e+01,7.53e+02,3.60e+01,2.40e+01
4.07e+01,4.65e+02,3.60e+01,2.50e+01
-1.35e+01,1.13e+02,3.70e+01,2.50e+01
1.37e+01,3.33e+02,3.60e+01,2.40e+01
5.05e+01,3.58e+02,3.70e+01,2.40e+01
4.16e+01,4.35e+02,3.70e+01,2.50e+01
1.39e+02,1.03e+03,3.50e+01,2.40e+01
-3.91e+00,2.28e+02,3.60e+01,2.40e+01
6.83e+01,4.66e+02,3.60e+01,2.40e+01
1.14e+01,1.50e+02,3.70e+01,2.40e+01
-5.55e+01,-2.94e+01,3.70e+01,2.50e+01
9.88e+01,7.36e+02,3.70e+01,2.60e+01
1.17e+02,8.07e+02,3.60e+01,2.50e+01
-1.18e+01,1.50e+02,3.90e+01,2.70e+01
4.51e+01,3.77e+02,3.80e+01,2.60e+01
2.63e+01,2.96e+02,3.60e+01,2.40e+01
-7.23e+01,-4.39e+01,3.70e+01,2.60e+01
1.07e+02,7.59e+02,3.60e+01,2.50e+01
1.18e+02,7.24e+02,3.60e+01,2.50e+01
4.61e+01,4.88e+02,3.60e+01,2.40e+01
3.00e+01,2.85e+02,3.70e+01,2.40e+01
9.53e+00,1.35e+02,3.60e+01,2.50e+01
1.54e+02,1.06e+03,3.70e+01,2.50e+01
5.38e+01,5.35e+02,3.60e+01,2.40e+01
1.38e+02,1.05e+03,3.50e+01,2.40e+01
9.58e+01,7.41e+02,3.70e+01,2.50e+01
9.99e+01,7.73e+02,3.60e+01,2.50e+01
6.36e+01,4.04e+02,3.90e+01,2.60e+01
3.62e+01,4.16e+02,3.60e+01,2.40e+01
-1.87e+00,1.43e+02,3.70e+01,2.50e+01
7.81e+01,4.86e+02,3.60e+01,2.40e+01
4.78e+01,4.83e+02,3.60e+01,2.40e+01
1.24e+02,7.97e+02,3.70e+01,2.50e+01
9.27e+01,7.48e+02,3.70e+01,2.50e+01
1.12e+02,7.77e+02,3.90e+01,2.70e+01
3.76e+01,4.18e+02,3.70e+01,2.50e+01
-1.74e+01,1.67e+02,3.90e+01,2.70e+01
1.16e+02,8.35e+02,3.70e+01,2.60e+01
7.60e+01,5.21e+02,3.80e+01,2.50e+01
3.27e+01,3.64e+02,3.60e+01,2.40e+01
4.30e+01,3.86e+02,3.80e+01,2.60e+01
9.32e+01,7.03e+02,3.60e+01,2.40e+01
8.19e+01,4.44e+02,3.70e+01,2.50e+01
4.30e+01,4.03e+02,3.80e+01,2.60e+01
5.85e+01,5.39e+02,3.60e+01,2.40e+01
1.45e+02,1.09e+03,3.60e+01,2.50e+01
8.30e+01,5.88e+02,3.60e+01,2.40e+01
2.80e+01,1.81e+02,3.70e+01,2.50e+01
2.91e+01,3.12e+02,3.80e+01,2.50e+01
1.38e+01,2.35e+02,3.70e+01,2.50e+01
5.97e+01,5.75e+02,3.60e+01,2.40e+01
4.86e-02,1.39e+02,3.70e+01,2.60e+01
2.55e+01,1.99e+02,3.70e+01,2.60e+01
-4.17e+00,1.12e+02,3.60e+01,2.50e+01
3.61e+01,4.81e+02,3.60e+01,2.50e+01
9.06e+01,8.16e+02,3.60e+01,2.50e+01
1.65e+02,1.07e+03,3.60e+01,2.40e+01
4.81e+01,3.60e+02,3.70e+01,2.50e+01
-6.52e+00,1.98e+02,3.70e+01,2.50e+01
1.16e+02,7.35e+02,3.80e+01,2.60e+01
2.70e+00,1.63e+02,4.00e+01,2.70e+01
4.43e+01,3.53e+02,3.70e+01,2.50e+01
7.72e+00,7.98e+01,3.70e+01,2.50e+01
-1.25e+01,6.80e+01,3.70e+01,2.60e+01
2.50e+01,4.01e+02,3.80e+01,2.50e+01
1.28e+01,1.84e+02,3.70e+01,2.50e+01
9.76e+01,8.04e+02,3.80e+01,2.50e+01
8.00e+01,7.71e+02,3.80e+01,2.60e+01
5.13e+01,3.72e+02,3.70e+01,2.50e+01
4.33e+01,4.19e+02,3.60e+01,2.50e+01
-2.25e+00,1.78e+02,3.80e+01,2.50e+01
3.57e+01,4.77e+02,3.80e+01,2.60e+01
7.59e+01,7.14e+02,4.00e+01,2.70e+01
7.69e+00,1.09e+02,3.80e+01,2.60e+01
8.80e+01,6.35e+02,3.70e+01,2.40e+01
1.12e+02,7.72e+02,3.70e+01,2.50e+01
1.08e+02,7.90e+02,3.60e+01,2.40e+01
5.43e+01,5.60e+02,3.60e+01,2.50e+01
4.50e+01,3.92e+02,3.50e+01,2.40e+01
1.19e+02,7.96e+02,3.60e+01,2.50e+01
8.82e+01,7.19e+02,4.00e+01,2.60e+01
