-2.48e+02,-1.05e+02,9.00e+00,1.00e+01
-2.59e+02,-1.21e+02,9.00e+00,1.00e+01
-2.70e+02,-1.29e+02,1.00e+01,1.10e+01
-2.56e+02,-1.04e+02,9.00e+00,1.00e+01
-2.56e+02,-1.32e+02,1.00e+01,1.10e+01
-2.62e+02,-1.22e+02,9.00e+00,1.00e+01
-2.57e+02,-1.04e+02,9.00e+00,1.00e+01
-2.63e+02,-1.02e+02,9.00e+00,1.00e+01
-2.53e+02,-1.17e+02,9.00e+00,1.00e+01
-2.51e+02,-1.01e+02,9.00e+00,1.00e+01
-2.57e+02,-1.32e+02,9.00e+00,1.00e+01
-2.54e+02,-9.49e+01,9.00e+00,1.00e+01
-2.60e+02,-1.10e+02,1.00e+01,1.10e+01
-2.53e+02,-1.11e+02,9.00e+00,1.00e+01
-2.71e+02,-1.43e+02,9.00e+00,1.00e+01
-2.62e+02,-1.32e+02,9.00e+00,1.00e+01
-2.55e+02,-1.21e+02,9.00e+00,1.00e+01
-2.59e+02,-1.06e+02,9.00e+00,1.00e+01
-2.61e+02,-1.19e+02,1.00e+01,1.10e+01
-2.68e+02,-1.20e+02,9.00e+00,1.00e+01
-2.50e+02,-1.11e+02,9.00e+00,1.00e+01
-2.60e+02,-1.16e+02,1.00e+01,1.10e+01
-2.64e+02,-1.23e+02,9.00e+00,1.00e+01
-2.54e+02,-9.62e+01,9.00e+00,1.00e+01
-2.51e+02,-1.02e+02,9.00e+00,1.00e+01
-2.55e+02,-1.07e+02,1.00e+01,1.00e+01
-2.59e+02,-1.06e+02,9.00e+00,1.00e+01
-2.58e+02,-1.07e+02,1.00e+01,1.00e+01
-2.53e+02,-1.05e+02,9.00e+00,1.00e+01
-2.57e+02,-1.16e+02,9.00e+00,1.00e+01
-2.76e+02,-1.16e+02,1.00e+01,1.10e+01
-2.62e+02,-1.18e+02,9.00e+00,1.00e+01
-2.60e+02,-1.15e+02,1.00e+01,1.10e+01
-2.49e+02,-1.00e+02,9.00e+00,1.00e+01
-2.56e+02,-1.24e+02,1.00e+01,1.00e+01
-2.55e+02,-1.07e+02,9.00e+00,1.00e+01
-2.63e+02,-1.33e+02,1.00e+01,1.10e+01
-2.54e+02,-9.06e+01,9.00e+00,1.00e+01
-2.70e+02,-1.10e+02,1.00e+01,1.10e+01
-2.59e+02,-1.22e+02,9.00e+00,1.00e+01
-2.54e+02,-1.17e+02,1.00e+01,1.10e+01
-2.99e+02,-1.32e+02,9.00e+00,1.00e+01
-3.65e+02,-1.04e+02,1.00e+01,1.00e+01
-3.84e+02,-1.27e+02,9.00e+00,1.00e+01
-3.37e+02,-1.34e+02,9.00e+00,1.00e+01
-3.10e+02,-1.06e+02,9.00e+00,1.00e+01
-2.61e+02,-1.33e+02,9.00e+00,1.00e+01
-5.00e+02,-5.00e+02,9.00e+00,1.00e+01
-3.77e+02,-1.22e+02,1.00e+01,1.10e+01
-2.56e+02,-1.00e+02,1.00e+01,1.10e+01
-3.18e+02,-1.26e+02,9.00e+00,1.00e+01
-2.76e+02,-1.23e+02,9.00e+00,1.00e+01
-2.59e+02,-1.19e+02,1.00e+01,1.10e+01
-3.28e+02,-1.28e+02,1.00e+01,1.10e+01
-3.34e+02,-1.26e+02,1.10e+01,1.20e+01
-4.71e+02,-3.25e+02,1.10e+01,1.10e+01
-2.68e+02,-1.10e+02,1.00e+01,1.10e+01
-3.51e+02,-1.39e+02,9.00e+00,1.00e+01
-4.82e+02,-4.00e+02,9.00e+00,1.00e+01
-5.00e+02,-5.00e+02,1.00e+01,1.00e+01
-2.55e+02,-9.93e+01,9.00e+00,1.00e+01
-5.00e+02,-5.00e+02,9.00e+00,1.00e+01
-3.68e+02,-1.12e+02,1.10e+01,1.10e+01
-2.70e+02,-1.40e+02,1.00e+01,1.10e+01
-2.55e+02,-1.19e+02,9.00e+00,1.00e+01
-3.77e+02,-1.02e+02,9.00e+00,1.00e+01
-3.77e+02,-1.26e+02,9.00e+00,1.00e+01
-2.60e+02,-1.22e+02,9.00e+00,1.00e+01
-3.10e+02,-1.02e+02,9.00e+00,1.00e+01
-4.43e+02,-1.60e+02,9.00e+00,1.00e+01
-2.59e+02,-1.26e+02,9.00e+00,1.00e+01
-4.71e+02,-3.33e+02,9.00e+00,1.00e+01
-5.00e+02,-5.00e+02,9.00e+00,1.00e+01
-3.22e+02,-1.33e+02,1.00e+01,1.00e+01
-3.23e+02,-1.21e+02,1.00e+01,1.10e+01
-3.67e+02,-8.38e+01,9.00e+00,1.00e+01
-2.56e+02,-1.18e+02,9.00e+00,1.00e+01
-3.10e+02,-1.17e+02,9.00e+00,1.00e+01
-3.06e+02,-1.09e+02,9.00e+00,1.00e+01
-3.20e+02,-1.06e+02,9.00e+00,1.00e+01
-3.19e+02,-1.23e+02,1.10e+01,1.20e+01
-4.02e+02,-8.41e+01,1.00e+01,1.00e+01
-2.56e+02,-1.15e+02,1.00e+01,1.10e+01
-3.17e+02,-1.04e+02,1.10e+01,1.10e+01
-2.67e+02,-1.07e+02,9.00e+00,1.00e+01
-5.00e+02,-5.00e+02,9.00e+00,1.00e+01
-3.19e+02,-1.16e+02,1.00e+01,1.10e+01
-3.71e+02,-1.03e+02,9.00e+00,1.00e+01
-5.00e+02,-5.00e+02,9.00e+00,1.00e+01
-2.57e+02,-1.01e+02,9.00e+00,1.00e+01
-3.14e+02,-1.22e+02,9.00e+00,1.00e+01
-2.55e+02,-1.22e+02,1.00e+01,1.10e+01
-4.33e+02,-1.02e+02,1.00e+01,1.00e+01
-3.75e+02,-1.42e+02,9.00e+00,1.00e+01
-3.26e+02,-1.43e+02,1.00e+01,1.10e+01
-2.74e+02,-1.08e+02,9.00e+00,1.00e+01
-2.57e+02,-1.05e+02,9.00e+00,1.00e+01
-2.58e+02,-1.22e+02,9.00e+00,1.00e+01
-3.24e+02,-1.42e+02,9.00e+00,1.00e+01
-3.21e+02,-1.27e+02,1.00e+01,1.10e+01
-2.60e+02,-1.10e+02,1.00e+01,1.10e+01
-2.59e+02,-1.15e+02,1.00e+01,1.10e+01
-2.61e+02,-1.22e+02,9.00e+00,1.00e+01
-2.57e+02,-1.20e+02,9.00e+00,1.00e+01
-2.64e+02,-1.35e+02,1.00e+01,1.00e+01
-3.68e+02,-1.33e+02,1.00e+01,1.00e+01
-5.00e+02,-5.00e+02,1.00e+01,1.10e+01
-3.70e+02,-1.04e+02,9.00e+00,1.00e+01
-3.65e+02,-1.08e+02,1.00e+01,1.00e+01
-3.06e+02,-1.03e+02,1.00e+01,1.10e+01
-3.03e+02,-1.32e+02,9.00e+00,1.00e+01
-3.20e+02,-1.29e+02,9.00e+00,1.00e+01
-4.36e+02,-1.18e+02,1.00e+01,1.10e+01
-2.54e+02,-1.03e+02,9.00e+00,1.00e+01
-5.00e+02,-5.00e+02,1.00e+01,1.10e+01
-3.08e+02,-1.00e+02,9.00e+00,1.00e+01
-5.00e+02,-5.00e+02,1.00e+01,1.00e+01
-2.68e+02,-1.03e+02,9.00e+00,1.00e+01
-2.70e+02,-1.30e+02,9.00e+00,1.00e+01
-4.35e+02,-1.09e+02,9.00e+00,1.00e+01
-2.88e+02,-1.09e+02,1.00e+01,1.00e+01
-3.29e+02,-1.26e+02,1.00e+01,1.00e+01
-2.56e+02,-1.05e+02,1.10e+01,1.10e+01
-2.56e+02,-1.18e+02,9.00e+00,1.00e+01
-3.88e+02,-1.28e+02,9.00e+00,1.00e+01
-3.69e+02,-9.58e+01,1.00e+01,1.10e+01
-3.05e+02,-9.68e+01,9.00e+00,1.00e+01
-3.84e+02,-1.41e+02,1.00e+01,1.00e+01
-2.60e+02,-1.22e+02,9.00e+00,1.00e+01
-2.80e+02,-1.15e+02,9.00e+00,1.00e+01
-2.48e+02,-8.72e+01,9.00e+00,1.00e+01
-2.53e+02,-1.02e+02,1.00e+01,1.10e+01
-2.55e+02,-1.11e+02,9.00e+00,1.00e+01
-4.45e+02,-1.74e+02,9.00e+00,1.00e+01
-2.61e+02,-1.25e+02,1.00e+01,1.10e+01
-2.56e+02,-1.23e+02,9.00e+00,1.00e+01
-2.57e+02,-1.20e+02,9.00e+00,1.00e+01
-2.70e+02,-1.44e+02,9.00e+00,1.00e+01
-2.58e+02,-1.19e+02,9.00e+00,1.00e+01
-2.63e+02,-1.28e+02,9.00e+00,1.00e+01
-2.56e+02,-1.12e+02,9.00e+00,1.00e+01
-5.00e+02,-5.00e+02,9.00e+00,1.00e+01
-2.55e+02,-1.12e+02,9.00e+00,1.00e+01
-3.70e+02,-1.02e+02,1.00e+01,1.10e+01
-3.73e+02,-1.13e+02,9.00e+00,1.00e+01
-3.62e+02,-1.08e+02,1.00e+01,1.00e+01
-2.62e+02,-1.24e+02,9.00e+00,1.00e+01
-2.55e+02,-9.09e+01,9.00e+00,1.00e+01
-2.56e+02,-9.95e+01,9.00e+00,1.00e+01
-2.55e+02,-1.19e+02,9.00e+00,1.00e+01
-5.00e+02,-5.00e+02,9.00e+00,1.00e+01
-3.23e+02,-1.36e+02,1.00e+01,1.00e+01
-3.73e+02,-1.41e+02,1.00e+01,1.00e+01
-2.61e+02,-1.14e+02,1.00e+01,1.00e+01
-3.97e+02,-1.70e+02,9.00e+00,1.00e+01
-2.55e+02,-1.16e+02,9.00e+00,1.00e+01
-3.50e+02,-1.30e+02,9.00e+00,1.00e+01
-3.20e+02,-1.15e+02,1.00e+01,1.00e+01
-2.58e+02,-1.10e+02,9.00e+00,1.00e+01
-3.24e+02,-1.42e+02,1.10e+01,1.20e+01
-3.19e+02,-1.35e+02,9.00e+00,1.00e+01
-2.56e+02,-1.19e+02,1.00e+01,1.00e+01
-4.38e+02,-1.30e+02,1.00e+01,1.10e+01
-2.59e+02,-1.02e+02,1.00e+01,1.10e+01
-2.64e+02,-1.14e+02,9.00e+00,1.00e+01
-3.17e+02,-1.36e+02,1.00e+01,1.10e+01
-3.52e+02,-1.13e+02,9.00e+00,1.00e+01
-2.54e+02,-1.10e+02,9.00e+00,1.00e+01
-3.72e+02,-9.47e+01,9.00e+00,1.00e+01
-2.60e+02,-1.16e+02,1.00e+01,1.10e+01
-3.78e+02,-1.11e+02,9.00e+00,1.00e+01
-3.31e+02,-1.20e+02,9.00e+00,1.00e+01
-2.61e+02,-1.13e+02,1.00e+01,1.10e+01
-3.41e+02,-1.11e+02,1.00e+01,1.00e+01
-2.72e+02,-1.31e+02,9.00e+00,1.00e+01
-5.00e+02,-5.00e+02,9.00e+00,1.00e+01
-3.59e+02,-1.13e+02,1.00e+01,1.00e+01
-3.16e+02,-1.23e+02,9.00e+00,1.00e+01
-3.23e+02,-1.19e+02,1.00e+01,1.10e+01
-2.66e+02,-1.14e+02,1.00e+01,1.10e+01
-5.00e+02,-5.00e+02,9.00e+00,1.00e+01
-3.23e+02,-1.15e+02,1.10e+01,1.20e+01
-3.02e+02,-1.23e+02,9.00e+00,1.00e+01
-2.53e+02,-9.38e+01,1.00e+01,1.10e+01
-2.61e+02,-1.13e+02,9.00e+00,1.00e+01
-2.57e+02,-1.18e+02,9.00e+00,1.00e+01
-2.69e+02,-1.33e+02,9.00e+00,1.00e+01
-4.11e+02,-2.21e+02,9.00e+00,1.00e+01
-2.59e+02,-1.17e+02,9.00e+00,1.00e+01
-2.56e+02,-1.09e+02,9.00e+00,1.00e+01
-2.54e+02,-1.14e+02,1.10e+01,1.20e+01
-2.67e+02,-1.11e+02,1.00e+01,1.10e+01
