-2.90e+02,-5.00e+01,1.10e+01,1.20e+01
-2.39e+02,-6.67e+01,1.60e+01,1.50e+01
-2.47e+02,-6.25e+01,1.40e+01,1.30e+01
-2.34e+02,-7.02e+01,1.50e+01,1.40e+01
-2.93e+02,-4.95e+01,1.10e+01,1.20e+01
-2.35e+02,-6.26e+01,2.30e+01,1.80e+01
-2.37e+02,-6.29e+01,1.50e+01,1.40e+01
-2.33e+02,-6.73e+01,1.70e+01,1.60e+01
-2.36e+02,-6.79e+01,2.00e+01,1.80e+01
-2.38e+02,-7.08e+01,2.10e+01,1.80e+01
-2.88e+02,-5.60e+01,1.10e+01,1.20e+01
-2.37e+02,-6.79e+01,2.40e+01,2.10e+01
-2.35e+02,-6.54e+01,1.50e+01,1.50e+01
-2.91e+02,-4.44e+01,1.20e+01,1.30e+01
-2.42e+02,-7.68e+01,1.70e+01,1.50e+01
-2.40e+02,-6.41e+01,1.90e+01,1.60e+01
-2.34e+02,-5.81e+01,2.00e+01,1.80e+01
-2.33e+02,-5.91e+01,2.10e+01,1.80e+01
-2.41e+02,-7.15e+01,2.30e+01,2.00e+01
-2.32e+02,-5.99e+01,2.20e+01,1.80e+01
-2.89e+02,-4.55e+01,1.10e+01,1.20e+01
-2.33e+02,-7.84e+01,2.40e+01,2.10e+01
-2.49e+02,-6.76e+01,1.50e+01,1.40e+01
-2.91e+02,-4.89e+01,1.20e+01,1.20e+01
-2.44e+02,-6.32e+01,2.00e+01,1.80e+01
-2.38e+02,-6.04e+01,2.10e+01,1.80e+01
-2.88e+02,-5.32e+01,1.10e+01,1.20e+01
-2.36e+02,-6.78e+01,2.40e+01,2.10e+01
-2.71e+02,-6.60e+01,1.60e+01,1.50e+01
-2.93e+02,-6.25e+01,1.20e+01,1.20e+01
-2.36e+02,-7.09e+01,2.00e+01,1.80e+01
-2.38e+02,-7.06e+01,2.10e+01,1.80e+01
-2.92e+02,-6.11e+01,1.10e+01,1.20e+01
-2.41e+02,-8.38e+01,2.10e+01,1.80e+01
-2.99e+02,-6.98e+01,1.40e+01,1.20e+01
-2.38e+02,-6.26e+01,2.00e+01,1.80e+01
-2.89e+02,-4.79e+01,1.20e+01,1.30e+01
-2.91e+02,-5.40e+01,1.10e+01,1.20e+01
-2.40e+02,-7.70e+01,2.10e+01,1.80e+01
-2.92e+02,-6.46e+01,1.20e+01,1.30e+01
-2.33e+02,-7.57e+01,2.30e+01,1.80e+01
-3.61e+02,-6.26e+01,1.30e+01,1.40e+01
-2.36e+02,-6.32e+01,1.60e+01,1.50e+01
-2.89e+02,-4.88e+01,1.30e+01,1.30e+01
-2.90e+02,-4.62e+01,1.20e+01,1.20e+01
-3.32e+02,-9.91e+01,2.50e+01,2.10e+01
-2.91e+02,-4.56e+01,1.20e+01,1.20e+01
-2.31e+02,-7.10e+01,2.40e+01,2.10e+01
-3.62e+02,-5.42e+01,1.20e+01,1.30e+01
-2.82e+02,-7.33e+01,2.40e+01,2.10e+01
-3.74e+02,-6.09e+01,1.20e+01,1.20e+01
-2.37e+02,-7.02e+01,2.60e+01,2.20e+01
-4.44e+02,-1.65e+02,2.40e+01,2.10e+01
-2.42e+02,-7.21e+01,2.10e+01,1.80e+01
-3.01e+02,-7.99e+01,1.60e+01,1.60e+01
-4.04e+02,-8.41e+01,2.00e+01,1.60e+01
-2.35e+02,-7.78e+01,2.20e+01,1.80e+01
-3.03e+02,-6.76e+01,1.10e+01,1.20e+01
-2.95e+02,-4.90e+01,1.20e+01,1.30e+01
-3.59e+02,-7.25e+01,1.10e+01,1.20e+01
-2.87e+02,-4.60e+01,1.20e+01,1.30e+01
-2.34e+02,-6.11e+01,2.40e+01,2.10e+01
-2.35e+02,-6.72e+01,2.00e+01,1.80e+01
-2.25e+02,-6.01e+01,1.90e+01,1.60e+01
-2.39e+02,-7.07e+01,2.20e+01,1.80e+01
-2.64e+02,-7.18e+01,1.60e+01,1.40e+01
-2.33e+02,-7.49e+01,1.70e+01,1.50e+01
-5.00e+02,-5.00e+02,1.10e+01,1.20e+01
-4.20e+02,-9.97e+01,2.50e+01,2.10e+01
-2.82e+02,-6.18e+01,2.30e+01,2.00e+01
-2.36e+02,-6.79e+01,1.70e+01,1.60e+01
-2.89e+02,-4.70e+01,1.10e+01,1.20e+01
-2.43e+02,-6.74e+01,1.80e+01,1.60e+01
-4.37e+02,-1.26e+02,1.30e+01,1.30e+01
-2.98e+02,-7.79e+01,2.40e+01,2.10e+01
-2.95e+02,-4.70e+01,1.50e+01,1.50e+01
-3.65e+02,-7.37e+01,1.50e+01,1.40e+01
-2.31e+02,-6.50e+01,1.50e+01,1.40e+01
-2.97e+02,-5.57e+01,2.00e+01,1.80e+01
-3.63e+02,-8.21e+01,2.20e+01,1.80e+01
-3.21e+02,-9.06e+01,1.80e+01,1.50e+01
-4.28e+02,-6.93e+01,1.20e+01,1.30e+01
-2.44e+02,-6.15e+01,2.00e+01,1.80e+01
-2.34e+02,-6.36e+01,2.50e+01,1.90e+01
-2.36e+02,-6.56e+01,2.30e+01,1.80e+01
-4.29e+02,-8.81e+01,2.20e+01,1.80e+01
-4.15e+02,-1.14e+02,1.60e+01,1.40e+01
-2.36e+02,-8.99e+01,2.40e+01,2.10e+01
-2.36e+02,-6.77e+01,2.00e+01,1.80e+01
-3.01e+02,-4.93e+01,1.10e+01,1.20e+01
-3.52e+02,-1.08e+02,1.50e+01,1.30e+01
-2.99e+02,-4.78e+01,2.00e+01,1.80e+01
-2.34e+02,-6.60e+01,1.50e+01,1.50e+01
-3.60e+02,-6.45e+01,1.60e+01,1.50e+01
-2.91e+02,-4.73e+01,1.20e+01,1.20e+01
-2.86e+02,-4.91e+01,1.20e+01,1.20e+01
-3.08e+02,-8.22e+01,2.00e+01,1.80e+01
-2.43e+02,-5.60e+01,2.00e+01,1.80e+01
-3.71e+02,-8.98e+01,1.50e+01,1.40e+01
-5.00e+02,-5.00e+02,1.10e+01,1.20e+01
-3.07e+02,-7.62e+01,1.20e+01,1.20e+01
-4.40e+02,-1.42e+02,1.20e+01,1.20e+01
-2.39e+02,-6.86e+01,2.30e+01,1.90e+01
-4.34e+02,-1.09e+02,1.10e+01,1.20e+01
-3.25e+02,-9.60e+01,1.60e+01,1.40e+01
-2.43e+02,-6.40e+01,2.00e+01,1.60e+01
-2.29e+02,-6.43e+01,2.10e+01,1.80e+01
-2.92e+02,-4.98e+01,1.20e+01,1.30e+01
-3.69e+02,-1.03e+02,2.10e+01,1.80e+01
-4.00e+02,-9.22e+01,1.80e+01,1.60e+01
-3.63e+02,-6.70e+01,2.20e+01,1.90e+01
-2.89e+02,-5.35e+01,1.30e+01,1.30e+01
-2.36e+02,-5.51e+01,2.10e+01,1.80e+01
-3.03e+02,-5.23e+01,2.00e+01,1.80e+01
-2.41e+02,-7.16e+01,1.60e+01,1.40e+01
-3.20e+02,-7.55e+01,2.30e+01,1.80e+01
-2.99e+02,-7.94e+01,1.40e+01,1.30e+01
-4.09e+02,-7.96e+01,1.10e+01,1.20e+01
-2.94e+02,-5.45e+01,1.10e+01,1.20e+01
-2.44e+02,-6.42e+01,2.50e+01,2.10e+01
-4.09e+02,-1.55e+02,2.00e+01,1.80e+01
-2.93e+02,-4.66e+01,1.10e+01,1.20e+01
-3.25e+02,-1.02e+02,2.20e+01,1.80e+01
-2.34e+02,-6.92e+01,1.70e+01,1.50e+01
-2.38e+02,-6.41e+01,1.50e+01,1.40e+01
-3.72e+02,-8.70e+01,1.10e+01,1.20e+01
-2.88e+02,-5.07e+01,1.10e+01,1.20e+01
-3.08e+02,-6.20e+01,1.50e+01,1.40e+01
-3.62e+02,-8.03e+01,1.10e+01,1.20e+01
-2.43e+02,-7.45e+01,2.40e+01,2.10e+01
-5.00e+02,-5.00e+02,1.20e+01,1.30e+01
-2.42e+02,-7.58e+01,2.10e+01,1.80e+01
-2.87e+02,-4.43e+01,1.30e+01,1.30e+01
-2.30e+02,-6.67e+01,2.00e+01,1.80e+01
-3.21e+02,-6.31e+01,1.60e+01,1.50e+01
-3.19e+02,-1.01e+02,2.00e+01,1.60e+01
-2.88e+02,-5.04e+01,1.10e+01,1.20e+01
-2.99e+02,-8.52e+01,1.60e+01,1.50e+01
-2.87e+02,-6.23e+01,2.20e+01,1.90e+01
-3.33e+02,-7.44e+01,1.70e+01,1.60e+01
-4.81e+02,-3.90e+02,2.20e+01,1.80e+01
-2.98e+02,-5.07e+01,1.10e+01,1.20e+01
-2.42e+02,-6.65e+01,1.50e+01,1.40e+01
-2.33e+02,-7.00e+01,2.10e+01,1.80e+01
-2.38e+02,-7.03e+01,1.50e+01,1.40e+01
-3.03e+02,-6.06e+01,2.10e+01,1.80e+01
-2.38e+02,-7.42e+01,2.30e+01,1.80e+01
-3.38e+02,-9.00e+01,2.30e+01,1.90e+01
-2.87e+02,-4.59e+01,1.20e+01,1.30e+01
-2.56e+02,-7.68e+01,2.10e+01,1.80e+01
-2.35e+02,-7.06e+01,2.30e+01,2.00e+01
-2.43e+02,-6.18e+01,1.70e+01,1.60e+01
-3.09e+02,-7.23e+01,1.70e+01,1.60e+01
-2.30e+02,-6.67e+01,2.20e+01,1.90e+01
-2.38e+02,-6.48e+01,1.70e+01,1.50e+01
-2.44e+02,-6.61e+01,2.20e+01,1.90e+01
-2.97e+02,-5.44e+01,1.20e+01,1.20e+01
-5.00e+02,-5.00e+02,1.10e+01,1.20e+01
-2.38e+02,-7.08e+01,2.10e+01,1.80e+01
-2.98e+02,-5.47e+01,1.90e+01,1.60e+01
-2.39e+02,-7.18e+01,1.50e+01,1.40e+01
-3.64e+02,-8.89e+01,1.10e+01,1.20e+01
-2.32e+02,-7.06e+01,2.20e+01,1.80e+01
-3.05e+02,-8.36e+01,2.30e+01,2.00e+01
-2.42e+02,-7.08e+01,2.30e+01,1.80e+01
-3.61e+02,-5.31e+01,1.10e+01,1.20e+01
-2.38e+02,-6.79e+01,2.30e+01,1.80e+01
-3.02e+02,-6.80e+01,2.00e+01,1.80e+01
-2.34e+02,-7.49e+01,1.60e+01,1.50e+01
-2.50e+02,-9.38e+01,2.30e+01,1.80e+01
-2.99e+02,-5.28e+01,1.20e+01,1.20e+01
-2.44e+02,-7.50e+01,1.70e+01,1.60e+01
-3.01e+02,-5.54e+01,1.50e+01,1.40e+01
-3.81e+02,-1.31e+02,1.30e+01,1.20e+01
-4.71e+02,-3.26e+02,1.50e+01,1.30e+01
-3.05e+02,-6.85e+01,1.50e+01,1.40e+01
-2.90e+02,-4.48e+01,1.20e+01,1.30e+01
-3.63e+02,-6.94e+01,2.40e+01,1.90e+01
-2.90e+02,-4.42e+01,1.20e+01,1.30e+01
-2.92e+02,-5.24e+01,1.10e+01,1.20e+01
-2.38e+02,-7.00e+01,2.10e+01,1.90e+01
-4.29e+02,-7.54e+01,1.10e+01,1.20e+01
-2.96e+02,-7.06e+01,1.10e+01,1.20e+01
-4.28e+02,-6.71e+01,1.20e+01,1.30e+01
-2.43e+02,-6.08e+01,2.20e+01,1.80e+01
-2.58e+02,-7.22e+01,1.60e+01,1.50e+01
-3.31e+02,-1.19e+02,2.50e+01,2.10e+01
-3.42e+02,-7.97e+01,1.70e+01,1.60e+01
-2.54e+02,-6.62e+01,1.60e+01,1.50e+01
-2.96e+02,-4.90e+01,1.20e+01,1.20e+01
-5.00e+02,-5.00e+02,2.30e+01,2.00e+01
-2.39e+02,-7.83e+01,2.10e+01,1.70e+01
