-2.92e+02,-4.84e+01,2.20e+01,1.70e+01
-1.70e+02,-6.04e+01,3.80e+01,2.60e+01
-1.70e+02,-6.20e+01,3.90e+01,2.60e+01
-2.34e+02,-5.92e+01,3.80e+01,2.60e+01
-2.38e+02,-5.98e+01,4.10e+01,2.80e+01
-2.33e+02,-5.45e+01,4.30e+01,2.90e+01
-2.31e+02,-5.21e+01,3.80e+01,2.70e+01
-2.93e+02,-4.70e+01,2.30e+01,1.80e+01
-1.83e+02,-6.86e+01,4.30e+01,2.90e+01
-2.31e+02,-5.13e+01,3.80e+01,2.70e+01
-1.76e+02,-6.79e+01,3.90e+01,2.60e+01
-2.43e+02,-5.71e+01,4.10e+01,2.80e+01
-2.88e+02,-4.81e+01,2.40e+01,1.90e+01
-1.65e+02,-7.00e+01,4.00e+01,2.70e+01
-1.88e+02,-7.55e+01,3.80e+01,2.60e+01
-1.75e+02,-6.79e+01,4.30e+01,2.90e+01
-1.78e+02,-7.78e+01,4.00e+01,2.70e+01
-1.77e+02,-6.51e+01,3.80e+01,2.50e+01
-2.88e+02,-4.42e+01,2.10e+01,1.70e+01
-1.77e+02,-6.52e+01,4.00e+01,2.70e+01
-2.92e+02,-5.00e+01,2.20e+01,1.70e+01
-1.70e+02,-6.78e+01,4.20e+01,2.80e+01
-2.35e+02,-4.34e+01,3.70e+01,2.60e+01
-2.93e+02,-4.88e+01,2.30e+01,1.80e+01
-2.32e+02,-4.90e+01,3.70e+01,2.60e+01
-1.77e+02,-6.48e+01,4.10e+01,2.70e+01
-1.73e+02,-6.63e+01,3.80e+01,2.50e+01
-1.64e+02,-6.40e+01,3.70e+01,2.50e+01
-2.92e+02,-5.45e+01,2.10e+01,1.70e+01
-1.82e+02,-8.42e+01,4.30e+01,2.80e+01
-1.70e+02,-5.89e+01,4.00e+01,2.70e+01
-1.74e+02,-6.99e+01,3.90e+01,2.60e+01
-2.92e+02,-4.83e+01,2.20e+01,1.80e+01
-2.33e+02,-5.38e+01,4.10e+01,2.80e+01
-2.38e+02,-7.31e+01,3.80e+01,2.60e+01
-2.03e+02,-6.29e+01,3.90e+01,2.70e+01
-1.93e+02,-6.73e+01,4.30e+01,2.90e+01
-2.32e+02,-5.38e+01,4.10e+01,2.80e+01
-1.86e+02,-6.99e+01,4.30e+01,2.90e+01
-2.32e+02,-4.74e+01,3.70e+01,2.60e+01
-1.74e+02,-7.79e+01,4.00e+01,2.70e+01
-1.83e+02,-6.85e+01,4.40e+01,2.90e+01
-2.90e+02,-4.88e+01,2.40e+01,1.80e+01
-2.36e+02,-5.88e+01,3.90e+01,2.70e+01
-2.40e+02,-7.31e+01,3.70e+01,2.50e+01
-2.39e+02,-4.70e+01,4.10e+01,2.80e+01
-1.74e+02,-6.97e+01,4.00e+01,2.60e+01
-1.69e+02,-6.66e+01,4.30e+01,2.90e+01
-4.34e+02,-1.08e+02,2.30e+01,1.80e+01
-2.88e+02,-4.63e+01,2.30e+01,1.80e+01
-1.99e+02,-5.77e+01,4.30e+01,2.90e+01
-2.98e+02,-8.17e+01,2.50e+01,1.90e+01
-2.36e+02,-1.16e+02,4.10e+01,2.80e+01
-3.64e+02,-8.58e+01,2.20e+01,1.70e+01
-1.87e+02,-7.06e+01,3.90e+01,2.60e+01
-2.99e+02,-6.76e+01,3.80e+01,2.60e+01
-2.93e+02,-5.74e+01,2.50e+01,1.90e+01
-2.86e+02,-4.64e+01,2.20e+01,1.70e+01
-2.42e+02,-4.78e+01,4.10e+01,2.80e+01
-2.40e+02,-7.91e+01,4.30e+01,2.90e+01
-1.73e+02,-6.94e+01,4.30e+01,2.90e+01
-1.74e+02,-6.12e+01,4.10e+01,2.70e+01
-2.32e+02,-5.95e+01,3.80e+01,2.70e+01
-1.83e+02,-7.06e+01,4.30e+01,2.80e+01
-2.89e+02,-4.61e+01,2.20e+01,1.80e+01
-1.78e+02,-5.82e+01,3.90e+01,2.60e+01
-3.69e+02,-1.05e+02,4.30e+01,2.90e+01
-2.51e+02,-5.27e+01,4.10e+01,2.80e+01
-1.83e+02,-6.74e+01,4.30e+01,2.90e+01
-4.29e+02,-7.44e+01,2.20e+01,1.70e+01
-5.00e+02,-5.00e+02,3.80e+01,2.60e+01
-2.30e+02,-6.44e+01,4.10e+01,2.70e+01
-2.43e+02,-7.84e+01,4.30e+01,2.80e+01
-3.70e+02,-7.42e+01,2.40e+01,1.80e+01
-2.42e+02,-5.56e+01,4.10e+01,2.80e+01
-1.74e+02,-7.27e+01,3.90e+01,2.60e+01
-2.89e+02,-4.71e+01,2.40e+01,1.90e+01
-2.93e+02,-5.56e+01,2.60e+01,2.00e+01
-2.89e+02,-4.71e+01,2.30e+01,1.70e+01
-3.70e+02,-9.90e+01,4.40e+01,2.90e+01
-2.91e+02,-1.13e+02,4.00e+01,2.70e+01
-2.90e+02,-5.44e+01,2.20e+01,1.70e+01
-2.92e+02,-5.08e+01,2.20e+01,1.70e+01
-2.88e+02,-5.43e+01,2.10e+01,1.70e+01
-3.76e+02,-1.18e+02,3.90e+01,2.60e+01
-5.00e+02,-5.00e+02,3.80e+01,2.50e+01
-5.00e+02,-5.00e+02,3.90e+01,2.60e+01
-4.32e+02,-9.05e+01,2.20e+01,1.70e+01
-4.47e+02,-1.81e+02,2.20e+01,1.70e+01
-1.73e+02,-8.47e+01,4.30e+01,2.90e+01
-1.72e+02,-7.13e+01,4.40e+01,2.90e+01
-2.80e+02,-7.58e+01,3.70e+01,2.50e+01
-2.41e+02,-6.56e+01,3.80e+01,2.60e+01
-2.38e+02,-4.66e+01,3.80e+01,2.70e+01
-3.24e+02,-6.08e+01,3.80e+01,2.70e+01
-4.34e+02,-1.06e+02,2.10e+01,1.70e+01
-1.87e+02,-8.26e+01,3.80e+01,2.50e+01
-2.45e+02,-6.60e+01,3.80e+01,2.70e+01
-1.75e+02,-7.03e+01,4.00e+01,2.70e+01
-3.62e+02,-8.16e+01,2.30e+01,1.80e+01
-2.33e+02,-4.72e+01,4.50e+01,3.00e+01
-2.76e+02,-6.65e+01,4.00e+01,2.70e+01
-3.56e+02,-6.93e+01,3.70e+01,2.60e+01
-2.87e+02,-4.36e+01,2.40e+01,1.80e+01
-5.00e+02,-5.00e+02,4.10e+01,2.80e+01
-2.27e+02,-4.95e+01,4.40e+01,3.00e+01
-4.44e+02,-1.65e+02,2.40e+01,1.80e+01
-2.46e+02,-6.08e+01,3.70e+01,2.50e+01
-2.88e+02,-4.85e+01,2.20e+01,1.70e+01
-2.73e+02,-7.20e+01,4.20e+01,2.80e+01
-1.75e+02,-6.35e+01,3.80e+01,2.60e+01
-2.31e+02,-5.12e+01,4.10e+01,2.80e+01
-2.33e+02,-5.15e+01,3.70e+01,2.60e+01
-2.87e+02,-5.17e+01,2.30e+01,1.80e+01
-2.48e+02,-1.14e+02,4.40e+01,2.80e+01
-3.34e+02,-8.25e+01,4.10e+01,2.80e+01
-5.00e+02,-5.00e+02,3.80e+01,2.50e+01
-3.23e+02,-1.39e+02,4.60e+01,3.00e+01
-2.29e+02,-4.84e+01,4.10e+01,2.80e+01
-5.00e+02,-5.00e+02,3.90e+01,2.60e+01
-2.93e+02,-5.13e+01,2.30e+01,1.80e+01
-2.92e+02,-4.69e+01,2.20e+01,1.70e+01
-2.88e+02,-4.42e+01,2.30e+01,1.80e+01
-1.71e+02,-9.31e+01,3.90e+01,2.60e+01
-5.00e+02,-5.00e+02,3.70e+01,2.60e+01
-5.00e+02,-5.00e+02,4.20e+01,2.70e+01
-2.39e+02,-5.20e+01,4.20e+01,2.90e+01
-1.65e+02,-6.39e+01,3.90e+01,2.60e+01
-2.95e+02,-5.29e+01,2.20e+01,1.80e+01
-2.37e+02,-5.70e+01,3.80e+01,2.70e+01
-2.40e+02,-6.47e+01,4.00e+01,2.70e+01
-2.48e+02,-7.04e+01,3.80e+01,2.60e+01
-1.77e+02,-5.88e+01,4.30e+01,2.80e+01
-3.19e+02,-1.25e+02,3.80e+01,2.60e+01
-2.31e+02,-6.71e+01,3.90e+01,2.60e+01
-5.00e+02,-5.00e+02,3.90e+01,2.60e+01
-1.77e+02,-6.53e+01,4.10e+01,2.70e+01
-5.00e+02,-5.00e+02,4.20e+01,2.80e+01
-2.31e+02,-4.70e+01,4.30e+01,2.90e+01
-3.67e+02,-5.97e+01,3.90e+01,2.70e+01
-1.77e+02,-5.83e+01,4.30e+01,2.90e+01
-1.69e+02,-6.85e+01,3.90e+01,2.60e+01
-2.93e+02,-4.97e+01,2.30e+01,1.80e+01
-2.37e+02,-5.36e+01,4.20e+01,2.80e+01
-1.73e+02,-7.10e+01,4.30e+01,2.90e+01
-3.67e+02,-8.83e+01,2.20e+01,1.70e+01
-1.64e+02,-5.93e+01,4.10e+01,2.70e+01
-2.97e+02,-7.26e+01,4.10e+01,2.70e+01
-2.39e+02,-5.85e+01,3.70e+01,2.60e+01
-2.37e+02,-4.61e+01,4.40e+01,3.00e+01
-3.49e+02,-8.72e+01,3.90e+01,2.70e+01
-2.45e+02,-4.76e+01,3.80e+01,2.60e+01
-2.32e+02,-5.26e+01,3.80e+01,2.60e+01
-2.94e+02,-1.21e+02,4.40e+01,2.90e+01
-1.78e+02,-6.98e+01,4.00e+01,2.70e+01
-2.37e+02,-4.67e+01,3.80e+01,2.70e+01
-1.82e+02,-6.81e+01,4.10e+01,2.70e+01
-2.28e+02,-5.74e+01,4.20e+01,2.80e+01
-2.31e+02,-5.77e+01,4.30e+01,2.90e+01
-2.92e+02,-5.29e+01,2.20e+01,1.80e+01
-2.89e+02,-5.03e+01,2.20e+01,1.70e+01
-1.77e+02,-7.55e+01,4.00e+01,2.70e+01
-2.79e+02,-4.69e+01,4.30e+01,2.90e+01
-2.93e+02,-7.02e+01,2.30e+01,1.70e+01
-2.34e+02,-5.21e+01,4.10e+01,2.80e+01
-1.70e+02,-6.67e+01,3.70e+01,2.50e+01
-2.37e+02,-5.02e+01,3.80e+01,2.60e+01
-2.29e+02,-6.33e+01,3.80e+01,2.60e+01
-2.30e+02,-5.54e+01,4.20e+01,2.80e+01
-2.90e+02,-5.26e+01,2.10e+01,1.70e+01
-1.73e+02,-7.53e+01,4.10e+01,2.70e+01
-2.39e+02,-5.15e+01,3.90e+01,2.70e+01
-1.81e+02,-6.69e+01,3.80e+01,2.60e+01
-3.80e+02,-1.27e+02,3.80e+01,2.70e+01
-2.99e+02,-8.08e+01,2.20e+01,1.70e+01
-2.97e+02,-4.61e+01,2.30e+01,1.80e+01
-2.92e+02,-4.85e+01,2.20e+01,1.70e+01
-2.34e+02,-4.83e+01,4.50e+01,3.00e+01
-5.00e+02,-5.00e+02,4.20e+01,2.80e+01
-2.36e+02,-6.36e+01,3.80e+01,2.70e+01
-2.99e+02,-5.49e+01,2.20e+01,1.80e+01
-1.85e+02,-6.32e+01,3.80e+01,2.60e+01
-2.96e+02,-7.52e+01,4.20e+01,2.80e+01
-1.97e+02,-6.65e+01,3.90e+01,2.50e+01
-2.47e+02,-8.93e+01,3.80e+01,2.70e+01
-2.68e+02,-1.16e+02,4.40e+01,2.90e+01
-2.53e+02,-6.35e+01,4.10e+01,2.80e+01
-2.90e+02,-4.54e+01,2.20e+01,1.70e+01
-2.38e+02,-4.81e+01,3.80e+01,2.70e+01
-4.27e+02,-6.26e+01,2.30e+01,1.80e+01
-4.36e+02,-1.17e+02,2.30e+01,1.70e+01
-1.77e+02,-8.36e+01,3.90e+01,2.60e+01
