-2.34e+02,-7.74e+01,4.10e+01,2.70e+01
-1.83e+02,-5.44e+01,4.60e+01,2.90e+01
-1.64e+02,-6.04e+01,4.40e+01,2.90e+01
-1.70e+02,-6.04e+01,4.50e+01,3.00e+01
-2.33e+02,-4.68e+01,4.10e+01,2.70e+01
-1.72e+02,-5.80e+01,4.90e+01,3.10e+01
-1.71e+02,-5.84e+01,4.40e+01,2.90e+01
-2.34e+02,-5.51e+01,4.30e+01,2.90e+01
-2.43e+02,-5.41e+01,4.10e+01,2.70e+01
-1.83e+02,-6.14e+01,4.50e+01,2.90e+01
-2.35e+02,-6.64e+01,4.30e+01,2.90e+01
-1.68e+02,-5.86e+01,4.40e+01,2.90e+01
-2.30e+02,-4.59e+01,4.20e+01,2.70e+01
-2.32e+02,-4.73e+01,4.10e+01,2.70e+01
-1.70e+02,-5.27e+01,4.80e+01,3.10e+01
-1.62e+02,-6.39e+01,4.40e+01,2.90e+01
-2.28e+02,-5.06e+01,4.30e+01,2.90e+01
-1.75e+02,-6.35e+01,4.60e+01,3.00e+01
-2.39e+02,-6.12e+01,4.20e+01,2.80e+01
-2.35e+02,-5.48e+01,4.10e+01,2.70e+01
-1.74e+02,-5.55e+01,4.90e+01,3.00e+01
-1.70e+02,-6.40e+01,4.40e+01,2.90e+01
-2.33e+02,-5.70e+01,4.30e+01,2.90e+01
-2.46e+02,-5.50e+01,4.10e+01,2.70e+01
-1.60e+02,-5.27e+01,4.50e+01,3.00e+01
-2.29e+02,-5.14e+01,4.30e+01,2.80e+01
-1.79e+02,-5.81e+01,4.40e+01,2.90e+01
-2.33e+02,-5.39e+01,4.20e+01,2.70e+01
-2.31e+02,-5.61e+01,4.10e+01,2.70e+01
-1.83e+02,-5.00e+01,4.80e+01,3.10e+01
-2.34e+02,-5.15e+01,4.30e+01,2.90e+01
-1.71e+02,-5.59e+01,4.40e+01,2.90e+01
-1.83e+02,-5.08e+01,4.50e+01,3.00e+01
-2.36e+02,-5.22e+01,4.10e+01,2.70e+01
-1.71e+02,-5.08e+01,4.80e+01,3.10e+01
-2.32e+02,-5.57e+01,4.30e+01,2.90e+01
-1.75e+02,-5.12e+01,4.40e+01,2.90e+01
-1.64e+02,-5.69e+01,4.50e+01,3.00e+01
-2.33e+02,-4.83e+01,4.20e+01,2.70e+01
-2.32e+02,-4.69e+01,4.10e+01,2.70e+01
-2.40e+02,-5.79e+01,4.20e+01,2.70e+01
-4.49e+02,-1.93e+02,4.40e+01,2.90e+01
-2.31e+02,-4.63e+01,4.10e+01,2.70e+01
-1.83e+02,-6.55e+01,4.60e+01,3.00e+01
-3.06e+02,-6.77e+01,4.90e+01,3.10e+01
-3.80e+02,-1.29e+02,4.20e+01,2.80e+01
-3.25e+02,-4.88e+01,4.10e+01,2.70e+01
-1.66e+02,-5.25e+01,4.40e+01,2.90e+01
-1.67e+02,-7.00e+01,4.50e+01,3.00e+01
-2.77e+02,-8.82e+01,4.40e+01,3.00e+01
-1.66e+02,-5.74e+01,4.60e+01,2.90e+01
-3.63e+02,-9.24e+01,4.10e+01,2.70e+01
-4.36e+02,-1.17e+02,4.10e+01,2.70e+01
-2.97e+02,-5.61e+01,4.80e+01,3.10e+01
-5.00e+02,-5.00e+02,4.30e+01,2.90e+01
-1.78e+02,-6.41e+01,4.80e+01,3.10e+01
-5.00e+02,-5.00e+02,4.40e+01,2.90e+01
-3.73e+02,-1.14e+02,4.50e+01,3.00e+01
-3.78e+02,-1.17e+02,4.10e+01,2.70e+01
-3.20e+02,-1.18e+02,4.20e+01,2.70e+01
-1.72e+02,-5.31e+01,4.60e+01,3.00e+01
-1.68e+02,-5.79e+01,4.50e+01,2.90e+01
-2.34e+02,-5.30e+01,4.20e+01,2.70e+01
-3.18e+02,-1.23e+02,4.50e+01,2.90e+01
-3.75e+02,-1.19e+02,4.20e+01,2.80e+01
-3.87e+02,-1.31e+02,4.90e+01,3.20e+01
-3.90e+02,-1.54e+02,4.30e+01,2.90e+01
-1.82e+02,-5.36e+01,4.90e+01,3.10e+01
-1.73e+02,-5.88e+01,4.70e+01,2.90e+01
-2.43e+02,-5.35e+01,4.40e+01,2.90e+01
-1.69e+02,-6.40e+01,4.40e+01,2.90e+01
-2.39e+02,-4.73e+01,4.10e+01,2.70e+01
-1.71e+02,-4.86e+01,5.00e+01,3.20e+01
-2.37e+02,-4.53e+01,4.10e+01,2.70e+01
-1.97e+02,-5.35e+01,4.90e+01,3.10e+01
-3.76e+02,-1.25e+02,4.40e+01,2.90e+01
-3.02e+02,-5.88e+01,4.20e+01,2.70e+01
-2.41e+02,-6.17e+01,4.40e+01,2.90e+01
-3.12e+02,-1.12e+02,4.40e+01,2.90e+01
-2.34e+02,-4.75e+01,4.10e+01,2.70e+01
-1.82e+02,-7.57e+01,4.80e+01,3.00e+01
-5.00e+02,-5.00e+02,4.50e+01,2.90e+01
-2.28e+02,-4.72e+01,4.30e+01,2.90e+01
-3.80e+02,-1.22e+02,4.40e+01,2.90e+01
-2.95e+02,-5.55e+01,4.10e+01,2.70e+01
-2.37e+02,-4.48e+01,4.20e+01,2.80e+01
-3.12e+02,-1.08e+02,4.20e+01,2.70e+01
-2.36e+02,-4.45e+01,4.30e+01,2.90e+01
-1.66e+02,-5.88e+01,4.80e+01,3.10e+01
-2.40e+02,-4.45e+01,4.30e+01,2.80e+01
-3.30e+02,-1.21e+02,4.40e+01,2.90e+01
-1.66e+02,-5.08e+01,4.60e+01,3.10e+01
-2.98e+02,-4.36e+01,4.30e+01,2.80e+01
-1.68e+02,-5.33e+01,4.50e+01,2.90e+01
-1.67e+02,-5.62e+01,4.40e+01,2.90e+01
-3.08e+02,-9.51e+01,4.20e+01,2.70e+01
-1.75e+02,-5.02e+01,4.70e+01,2.90e+01
-3.68e+02,-8.49e+01,4.90e+01,3.10e+01
-2.32e+02,-5.18e+01,4.30e+01,2.90e+01
-1.73e+02,-6.23e+01,4.70e+01,3.10e+01
-1.67e+02,-6.51e+01,4.50e+01,2.90e+01
-3.27e+02,-1.25e+02,4.20e+01,2.70e+01
-1.71e+02,-5.18e+01,4.40e+01,2.90e+01
-3.12e+02,-1.11e+02,4.20e+01,2.70e+01
-2.95e+02,-7.19e+01,4.10e+01,2.70e+01
-3.04e+02,-8.11e+01,4.10e+01,2.70e+01
-1.76e+02,-5.90e+01,4.80e+01,3.10e+01
-1.76e+02,-6.14e+01,4.50e+01,3.00e+01
-2.35e+02,-4.47e+01,4.10e+01,2.70e+01
-4.51e+02,-2.06e+02,4.40e+01,2.90e+01
-1.68e+02,-5.56e+01,4.60e+01,2.90e+01
-1.74e+02,-5.55e+01,5.00e+01,3.20e+01
-2.33e+02,-5.56e+01,4.40e+01,2.90e+01
-3.05e+02,-5.03e+01,4.30e+01,2.90e+01
-3.80e+02,-1.22e+02,5.00e+01,3.10e+01
-5.00e+02,-5.00e+02,4.20e+01,2.70e+01
-1.73e+02,-6.18e+01,4.80e+01,3.10e+01
-2.88e+02,-4.47e+01,4.40e+01,2.90e+01
-3.50e+02,-7.52e+01,4.20e+01,2.70e+01
-2.95e+02,-4.90e+01,4.20e+01,2.70e+01
-2.31e+02,-4.66e+01,4.40e+01,3.00e+01
-1.78e+02,-6.61e+01,4.40e+01,2.90e+01
-2.71e+02,-1.21e+02,4.20e+01,2.70e+01
-1.74e+02,-6.01e+01,4.40e+01,2.90e+01
-1.71e+02,-6.00e+01,4.50e+01,2.90e+01
-3.00e+02,-5.92e+01,4.30e+01,2.90e+01
-3.34e+02,-9.30e+01,4.50e+01,3.00e+01
-2.39e+02,-6.69e+01,4.30e+01,2.70e+01
-4.42e+02,-1.54e+02,4.10e+01,2.70e+01
-2.43e+02,-5.06e+01,4.30e+01,2.80e+01
-5.00e+02,-5.00e+02,4.30e+01,2.90e+01
-1.71e+02,-5.16e+01,4.50e+01,2.90e+01
-2.28e+02,-5.11e+01,4.30e+01,2.90e+01
-2.29e+02,-5.49e+01,4.40e+01,2.90e+01
-2.80e+02,-6.02e+01,4.30e+01,2.90e+01
-2.31e+02,-5.20e+01,4.20e+01,2.80e+01
-4.42e+02,-1.51e+02,4.20e+01,2.70e+01
-1.73e+02,-6.19e+01,4.60e+01,3.00e+01
-1.80e+02,-5.12e+01,4.50e+01,3.00e+01
-2.35e+02,-5.73e+01,4.10e+01,2.70e+01
-2.49e+02,-6.28e+01,4.50e+01,3.00e+01
-1.72e+02,-6.77e+01,4.80e+01,3.10e+01
-1.67e+02,-5.61e+01,4.90e+01,3.10e+01
-1.83e+02,-6.67e+01,4.50e+01,2.90e+01
-1.70e+02,-5.38e+01,4.50e+01,2.90e+01
-2.39e+02,-4.53e+01,4.10e+01,2.70e+01
-2.32e+02,-5.24e+01,4.30e+01,2.90e+01
-2.35e+02,-5.45e+01,4.30e+01,2.90e+01
-1.75e+02,-5.26e+01,4.60e+01,3.00e+01
-1.71e+02,-5.43e+01,4.80e+01,3.10e+01
-1.83e+02,-7.07e+01,4.70e+01,3.00e+01
-2.36e+02,-4.83e+01,4.10e+01,2.70e+01
-2.28e+02,-6.22e+01,4.30e+01,2.90e+01
-2.31e+02,-5.61e+01,4.30e+01,2.80e+01
-2.31e+02,-5.21e+01,4.20e+01,2.80e+01
-1.75e+02,-6.96e+01,4.50e+01,3.00e+01
-2.27e+02,-4.70e+01,4.50e+01,3.00e+01
-1.73e+02,-5.34e+01,4.50e+01,3.00e+01
-1.63e+02,-4.94e+01,4.70e+01,3.00e+01
-2.39e+02,-5.78e+01,4.10e+01,2.70e+01
-2.38e+02,-5.18e+01,4.10e+01,2.70e+01
-1.77e+02,-5.71e+01,4.40e+01,2.90e+01
-3.46e+02,-8.76e+01,4.40e+01,2.90e+01
-4.42e+02,-1.54e+02,4.20e+01,2.70e+01
-2.38e+02,-6.00e+01,4.10e+01,2.70e+01
-1.90e+02,-5.76e+01,4.40e+01,2.90e+01
-3.13e+02,-1.22e+02,4.80e+01,3.10e+01
-1.66e+02,-5.63e+01,4.60e+01,3.00e+01
-2.34e+02,-5.38e+01,4.20e+01,2.70e+01
-3.70e+02,-1.05e+02,4.80e+01,3.10e+01
-3.07e+02,-8.43e+01,4.50e+01,3.00e+01
-1.73e+02,-5.09e+01,4.70e+01,3.00e+01
-2.44e+02,-5.37e+01,4.20e+01,2.70e+01
-1.80e+02,-5.76e+01,4.40e+01,2.90e+01
-1.71e+02,-7.17e+01,4.80e+01,3.10e+01
-1.70e+02,-6.07e+01,4.50e+01,2.90e+01
-2.50e+02,-5.75e+01,4.20e+01,2.70e+01
-2.43e+02,-4.74e+01,4.30e+01,2.80e+01
-1.72e+02,-5.97e+01,5.00e+01,3.20e+01
-3.76e+02,-1.01e+02,4.10e+01,2.70e+01
-4.41e+02,-1.46e+02,4.10e+01,2.70e+01
-1.69e+02,-5.02e+01,4.80e+01,3.10e+01
-1.75e+02,-5.00e+01,4.50e+01,2.90e+01
-3.08e+02,-1.05e+02,4.30e+01,2.90e+01
-1.65e+02,-4.85e+01,4.40e+01,2.90e+01
-1.78e+02,-6.69e+01,4.40e+01,2.90e+01
-2.98e+02,-1.00e+02,4.70e+01,3.00e+01
-2.42e+02,-4.97e+01,4.10e+01,2.70e+01
-4.39e+02,-1.37e+02,4.30e+01,2.90e+01
-3.70e+02,-5.40e+01,4.10e+01,2.70e+01
-3.76e+02,-1.25e+02,5.00e+01,3.20e+01
-2.04e+02,-6.30e+01,4.30e+01,2.70e+01
