-5.00e+02,-4.99e+02,1.30e+01,1.00e+01
-5.00e+02,-5.00e+02,1.20e+01,1.00e+01
-4.96e+02,-4.78e+02,1.90e+01,1.00e+01
-5.00e+02,-5.00e+02,1.20e+01,1.00e+01
-4.36e+02,-1.15e+02,1.50e+01,1.00e+01
-5.00e+02,-5.00e+02,1.30e+01,1.00e+01
-5.00e+02,-5.00e+02,1.40e+01,1.00e+01
-5.00e+02,-5.00e+02,1.10e+01,1.00e+01
-5.00e+02,-5.00e+02,1.50e+01,1.00e+01
-5.00e+02,-5.00e+02,1.80e+01,1.00e+01
-4.98e+02,-4.88e+02,1.40e+01,1.00e+01
-5.00e+02,-5.00e+02,1.20e+01,1.00e+01
-5.00e+02,-5.00e+02,1.20e+01,1.00e+01
-4.98e+02,-4.92e+02,2.00e+01,1.00e+01
-5.00e+02,-4.99e+02,1.70e+01,1.00e+01
-5.00e+02,-4.99e+02,1.60e+01,1.00e+01
-5.00e+02,-5.00e+02,1.30e+01,1.00e+01
-5.00e+02,-5.00e+02,1.20e+01,1.00e+01
-4.99e+02,-4.94e+02,1.70e+01,1.00e+01
-5.00e+02,-5.00e+02,1.40e+01,1.00e+01
-5.00e+02,-5.00e+02,1.60e+01,1.00e+01
-4.85e+02,-4.62e+02,1.30e+01,1.00e+01
-4.98e+02,-4.92e+02,1.30e+01,1.00e+01
-5.00e+02,-5.00e+02,1.50e+01,1.00e+01
-4.98e+02,-4.95e+02,1.50e+01,1.00e+01
-5.00e+02,-5.00e+02,1.00e+01,1.00e+01
-5.00e+02,-5.00e+02,1.70e+01,1.00e+01
-5.00e+02,-4.99e+02,1.40e+01,1.00e+01
-5.00e+02,-5.00e+02,1.50e+01,1.00e+01
-5.00e+02,-5.00e+02,1.30e+01,1.00e+01
-5.00e+02,-5.00e+02,1.70e+01,1.00e+01
-5.00e+02,-5.00e+02,1.70e+01,1.00e+01
-5.00e+02,-5.00e+02,1.50e+01,1.00e+01
-5.00e+02,-5.00e+02,1.20e+01,1.00e+01
-5.00e+02,-5.00e+02,1.40e+01,1.00e+01
-5.00e+02,-5.00e+02,1.70e+01,1.00e+01
-5.00e+02,-5.00e+02,1.50e+01,1.00e+01
-4.97e+02,-4.91e+02,1.40e+01,1.00e+01
-5.00e+02,-5.00e+02,1.70e+01,1.00e+01
-5.00e+02,-5.00e+02,1.40e+01,1.00e+01
-5.00e+02,-5.00e+02,1.20e+01,1.00e+01
-4.99e+02,-4.97e+02,1.40e+01,1.00e+01
-5.00e+02,-5.00e+02,1.60e+01,1.00e+01
-5.00e+02,-5.00e+02,1.40e+01,1.00e+01
-4.98e+02,-4.91e+02,2.10e+01,1.00e+01
-5.00e+02,-5.00e+02,1.30e+01,1.00e+01
-5.00e+02,-5.00e+02,1.30e+01,1.00e+01
-5.00e+02,-5.00e+02,1.60e+01,1.00e+01
-5.00e+02,-5.00e+02,1.30e+01,1.00e+01
-4.98e+02,-4.96e+02,1.50e+01,1.00e+01
-5.00e+02,-5.00e+02,1.70e+01,1.00e+01
-4.98e+02,-4.88e+02,1.70e+01,1.00e+01
-5.00e+02,-5.00e+02,1.00e+01,1.00e+01
-5.00e+02,-5.00e+02,1.50e+01,1.00e+01
-4.94e+02,-4.63e+02,1.70e+01,1.00e+01
-5.00e+02,-5.00e+02,1.70e+01,1.00e+01
-5.00e+02,-5.00e+02,1.30e+01,1.00e+01
-5.00e+02,-5.00e+02,1.70e+01,1.00e+01
-5.00e+02,-5.00e+02,1.50e+01,1.00e+01
-5.00e+02,-5.00e+02,1.40e+01,1.00e+01
-5.00e+02,-5.00e+02,1.50e+01,1.00e+01
-5.00e+02,-5.00e+02,1.50e+01,1.00e+01
-5.00e+02,-5.00e+02,1.80e+01,1.00e+01
-5.00e+02,-5.00e+02,1.40e+01,1.00e+01
-5.00e+02,-5.00e+02,1.20e+01,1.00e+01
-5.00e+02,-5.00e+02,1.30e+01,1.00e+01
-5.00e+02,-5.00e+02,1.20e+01,1.00e+01
-5.00e+02,-5.00e+02,1.30e+01,1.00e+01
-5.00e+02,-5.00e+02,1.60e+01,1.00e+01
-4.29e+02,-2.91e+02,1.40e+01,1.00e+01
-5.00e+02,-5.00e+02,1.10e+01,1.00e+01
-4.60e+02,-2.60e+02,1.30e+01,1.00e+01
-5.00e+02,-5.00e+02,1.60e+01,1.00e+01
-5.00e+02,-5.00e+02,1.40e+01,1.00e+01
-5.00e+02,-5.00e+02,1.30e+01,1.00e+01
-5.00e+02,-5.00e+02,1.40e+01,1.00e+01
-5.00e+02,-5.00e+02,1.60e+01,1.00e+01
-5.00e+02,-5.00e+02,1.10e+01,1.00e+01
-5.00e+02,-5.00e+02,1.70e+01,1.00e+01
-5.00e+02,-4.99e+02,1.60e+01,1.00e+01
-5.00e+02,-5.00e+02,1.40e+01,1.00e+01
-5.00e+02,-5.00e+02,1.30e+01,1.00e+01
-5.00e+02,-4.99e+02,1.60e+01,1.00e+01
-4.99e+02,-4.97e+02,1.30e+01,1.00e+01
-5.00e+02,-5.00e+02,1.50e+01,1.00e+01
-5.00e+02,-5.00e+02,1.50e+01,1.00e+01
-5.00e+02,-4.99e+02,1.40e+01,1.00e+01
-5.00e+02,-5.00e+02,1.50e+01,1.00e+01
-5.00e+02,-5.00e+02,2.00e+01,1.00e+01
-5.00e+02,-5.00e+02,1.50e+01,1.00e+01
-5.00e+02,-5.00e+02,1.50e+01,1.00e+01
-4.94e+02,-4.67e+02,1.20e+01,1.00e+01
-5.00e+02,-5.00e+02,1.30e+01,1.00e+01
-5.00e+02,-5.00e+02,1.50e+01,1.00e+01
-5.00e+02,-5.00e+02,1.80e+01,1.00e+01
-5.00e+02,-4.99e+02,1.40e+01,1.00e+01
-5.00e+02,-5.00e+02,1.40e+01,1.00e+01
-4.90e+02,-4.78e+02,1.50e+01,1.00e+01
-4.83e+02,-3.96e+02,1.40e+01,1.00e+01
-5.00e+02,-5.00e+02,1.70e+01,1.00e+01
-5.00e+02,-5.00e+02,1.30e+01,1.00e+01
-4.62e+02,-2.73e+02,1.50e+01,1.00e+01
-4.99e+02,-4.93e+02,1.90e+01,1.00e+01
-5.00e+02,-5.00e+02,1.10e+01,1.00e+01
-4.96e+02,-4.77e+02,1.30e+01,1.00e+01
-5.00e+02,-5.00e+02,1.40e+01,1.00e+01
-5.00e+02,-5.00e+02,1.80e+01,1.00e+01
-5.00e+02,-5.00e+02,1.40e+01,1.00e+01
-5.00e+02,-5.00e+02,1.80e+01,1.00e+01
-5.00e+02,-5.00e+02,1.50e+01,1.00e+01
-4.98e+02,-4.89e+02,1.80e+01,1.00e+01
-5.00e+02,-5.00e+02,1.70e+01,1.00e+01
-5.00e+02,-5.00e+02,1.80e+01,1.00e+01
-4.80e+02,-3.99e+02,1.60e+01,1.00e+01
-5.00e+02,-5.00e+02,1.60e+01,1.00e+01
-5.00e+02,-4.99e+02,1.40e+01,1.00e+01
-5.00e+02,-5.00e+02,1.30e+01,1.00e+01
-4.99e+02,-4.96e+02,1.40e+01,1.00e+01
-5.00e+02,-5.00e+02,1.60e+01,1.00e+01
-5.00e+02,-5.00e+02,1.50e+01,1.00e+01
-4.99e+02,-4.97e+02,1.40e+01,1.00e+01
-5.00e+02,-5.00e+02,1.30e+01,1.00e+01
-4.98e+02,-4.89e+02,1.00e+01,1.00e+01
-5.00e+02,-5.00e+02,1.30e+01,1.00e+01
-5.00e+02,-4.98e+02,1.70e+01,1.00e+01
-5.00e+02,-5.00e+02,1.70e+01,1.00e+01
-4.99e+02,-4.97e+02,1.70e+01,1.00e+01
-4.99e+02,-4.95e+02,1.50e+01,1.00e+01
-5.00e+02,-5.00e+02,1.60e+01,1.00e+01
-4.98e+02,-4.90e+02,1.80e+01,1.00e+01
-4.86e+02,-4.20e+02,1.50e+01,1.00e+01
-5.00e+02,-5.00e+02,1.50e+01,1.00e+01
-5.00e+02,-5.00e+02,1.70e+01,1.00e+01
-4.97e+02,-4.94e+02,1.40e+01,1.00e+01
-5.00e+02,-5.00e+02,1.60e+01,1.00e+01
-5.00e+02,-5.00e+02,1.20e+01,1.00e+01
-4.99e+02,-4.98e+02,1.30e+01,1.00e+01
-5.00e+02,-5.00e+02,1.40e+01,1.00e+01
-4.52e+02,-2.10e+02,1.40e+01,1.00e+01
-5.00e+02,-5.00e+02,1.50e+01,1.00e+01
-5.00e+02,-5.00e+02,1.50e+01,1.00e+01
-4.98e+02,-4.92e+02,1.80e+01,1.00e+01
-5.00e+02,-5.00e+02,1.50e+01,1.00e+01
-4.99e+02,-4.92e+02,1.60e+01,1.00e+01
-4.96e+02,-4.91e+02,1.60e+01,1.00e+01
-4.99e+02,-4.95e+02,1.80e+01,1.00e+01
-4.98e+02,-4.86e+02,1.80e+01,1.00e+01
-5.00e+02,-5.00e+02,1.60e+01,1.00e+01
-5.00e+02,-5.00e+02,1.60e+01,1.00e+01
-5.00e+02,-4.99e+02,1.70e+01,1.00e+01
-5.00e+02,-4.99e+02,1.60e+01,1.00e+01
-5.00e+02,-5.00e+02,1.20e+01,1.00e+01
-5.00e+02,-5.00e+02,1.50e+01,1.00e+01
-5.00e+02,-5.00e+02,1.50e+01,1.00e+01
-5.00e+02,-5.00e+02,1.50e+01,1.00e+01
-4.73e+02,-3.39e+02,1.30e+01,1.00e+01
-5.00e+02,-5.00e+02,1.30e+01,1.00e+01
-5.00e+02,-5.00e+02,1.20e+01,1.00e+01
-5.00e+02,-5.00e+02,1.30e+01,1.00e+01
-5.00e+02,-5.00e+02,1.60e+01,1.00e+01
-4.97e+02,-4.83e+02,1.80e+01,1.00e+01
-5.00e+02,-5.00e+02,1.50e+01,1.00e+01
-4.99e+02,-4.94e+02,1.70e+01,1.00e+01
-4.94e+02,-4.82e+02,1.40e+01,1.00e+01
-5.00e+02,-5.00e+02,1.00e+01,1.00e+01
-5.00e+02,-5.00e+02,1.60e+01,1.00e+01
-5.00e+02,-5.00e+02,1.80e+01,1.00e+01
-5.00e+02,-5.00e+02,1.30e+01,1.00e+01
-5.00e+02,-5.00e+02,1.70e+01,1.00e+01
-5.00e+02,-5.00e+02,1.70e+01,1.00e+01
-5.00e+02,-5.00e+02,1.60e+01,1.00e+01
-5.00e+02,-5.00e+02,1.30e+01,1.00e+01
-4.99e+02,-4.94e+02,1.30e+01,1.00e+01
-5.00e+02,-5.00e+02,1.60e+01,1.00e+01
-5.00e+02,-5.00e+02,1.50e+01,1.00e+01
-5.00e+02,-5.00e+02,1.50e+01,1.00e+01
-5.00e+02,-5.00e+02,1.50e+01,1.00e+01
-5.00e+02,-4.99e+02,1.70e+01,1.00e+01
-4.99e+02,-4.96e+02,1.50e+01,1.00e+01
-4.84e+02,-4.04e+02,1.70e+01,1.00e+01
-5.00e+02,-5.00e+02,1.60e+01,1.00e+01
-5.00e+02,-5.00e+02,1.60e+01,1.00e+01
-5.00e+02,-5.00e+02,1.20e+01,1.00e+01
-5.00e+02,-5.00e+02,1.40e+01,1.00e+01
-5.00e+02,-5.00e+02,1.60e+01,1.00e+01
-4.99e+02,-4.97e+02,1.70e+01,1.00e+01
-5.00e+02,-5.00e+02,1.60e+01,1.00e+01
-5.00e+02,-5.00e+02,1.40e+01,1.00e+01
-4.99e+02,-4.95e+02,1.60e+01,1.00e+01
-5.00e+02,-5.00e+02,1.20e+01,1.00e+01
-5.00e+02,-5.00e+02,1.60e+01,1.00e+01
-5.00e+02,-5.00e+02,1.60e+01,1.00e+01
