5.63e+02,1.05e+03,1.90e+01,1.50e+01
3.66e+02,1.14e+03,2.10e+01,1.40e+01
3.66e+02,1.14e+03,2.10e+01,1.40e+01
4.37e+02,1.13e+03,1.80e+01,1.40e+01
4.95e+02,1.10e+03,2.00e+01,1.40e+01
5.10e+02,1.08e+03,2.00e+01,1.40e+01
4.53e+02,1.09e+03,2.10e+01,1.40e+01
8.67e+01,1.53e+02,1.90e+01,1.40e+01
-2.30e+01,3.84e+01,2.00e+01,1.60e+01
2.53e+02,7.41e+02,1.80e+01,1.40e+01
2.70e+02,6.15e+02,2.10e+01,1.40e+01
3.37e+02,7.84e+02,2.20e+01,1.50e+01
1.00e+02,1.33e+02,2.10e+01,1.40e+01
4.57e+02,1.05e+03,1.80e+01,1.40e+01
2.72e+02,6.36e+02,2.00e+01,1.50e+01
1.48e+02,4.03e+02,1.80e+01,1.40e+01
3.96e+02,1.08e+03,1.90e+01,1.40e+01
1.12e+02,3.15e+02,1.80e+01,1.40e+01
4.72e+02,1.05e+03,1.90e+01,1.50e+01
5.91e+01,2.85e+02,1.80e+01,1.40e+01
1.27e+02,5.41e+02,1.90e+01,1.50e+01
3.68e+02,5.62e+02,2.00e+01,1.60e+01
3.29e+02,1.12e+03,2.10e+01,1.40e+01
3.76e+01,1.03e+02,2.00e+01,1.50e+01
4.01e+02,1.00e+03,2.10e+01,1.40e+01
5.65e+02,1.05e+03,1.90e+01,1.50e+01
3.27e+01,1.57e+02,2.10e+01,1.40e+01
4.50e+02,1.03e+03,2.00e+01,1.50e+01
-6.55e+01,-1.45e+01,2.20e+01,1.40e+01
3.21e+02,9.87e+02,1.90e+01,1.50e+01
4.77e+02,1.07e+03,2.10e+01,1.40e+01
3.23e+02,5.60e+02,2.20e+01,1.50e+01
9.40e+01,6.60e+02,2.10e+01,1.40e+01
3.94e+02,1.13e+03,2.10e+01,1.40e+01
9.82e+01,1.53e+02,2.10e+01,1.40e+01
4.48e+01,1.65e+02,2.00e+01,1.50e+01
4.56e+02,1.07e+03,2.00e+01,1.40e+01
4.04e+02,1.10e+03,1.80e+01,1.40e+01
1.50e+02,5.56e+02,1.80e+01,1.40e+01
3.93e+02,1.09e+03,2.10e+01,1.50e+01
3.85e+02,1.05e+03,2.10e+01,1.60e+01
5.28e+02,1.04e+03,1.90e+01,1.50e+01
2.96e+02,5.84e+02,2.10e+01,1.40e+01
5.10e+02,1.06e+03,2.00e+01,1.60e+01
3.75e+02,1.12e+03,2.20e+01,1.40e+01
4.31e+02,9.45e+02,1.80e+01,1.40e+01
2.40e+02,6.14e+02,2.00e+01,1.40e+01
5.55e+01,1.90e+02,2.00e+01,1.40e+01
3.51e+02,8.04e+02,2.20e+01,1.40e+01
3.63e+02,1.00e+03,2.10e+01,1.40e+01
3.00e+02,8.04e+02,2.00e+01,1.40e+01
3.32e+02,8.82e+02,2.10e+01,1.40e+01
2.64e+02,6.05e+02,2.00e+01,1.40e+01
3.57e+02,1.02e+03,1.80e+01,1.40e+01
5.13e+02,1.07e+03,1.90e+01,1.40e+01
4.32e+02,1.13e+03,1.80e+01,1.40e+01
1.34e+02,5.51e+02,1.90e+01,1.40e+01
5.18e+02,1.02e+03,2.00e+01,1.50e+01
4.83e+02,1.09e+03,2.10e+01,1.40e+01
4.17e+02,9.74e+02,2.00e+01,1.60e+01
7.88e+01,1.92e+02,2.10e+01,1.40e+01
2.69e+02,5.27e+02,2.00e+01,1.60e+01
4.26e+02,1.12e+03,1.80e+01,1.40e+01
9.83e+01,2.43e+02,2.00e+01,1.50e+01
1.26e+02,1.84e+02,2.10e+01,1.40e+01
2.65e+02,7.28e+02,2.00e+01,1.50e+01
1.07e+02,1.85e+02,1.80e+01,1.40e+01
2.99e+02,1.03e+03,2.00e+01,1.60e+01
1.64e+01,9.33e+01,2.10e+01,1.70e+01
4.08e+02,1.07e+03,1.80e+01,1.40e+01
4.13e+02,1.04e+03,1.90e+01,1.50e+01
5.18e+02,1.05e+03,2.00e+01,1.50e+01
4.80e+02,1.04e+03,2.00e+01,1.50e+01
9.74e+01,3.16e+02,1.80e+01,1.40e+01
3.70e+02,1.07e+03,2.10e+01,1.40e+01
4.74e+02,1.05e+03,2.00e+01,1.60e+01
2.74e+02,5.25e+02,2.00e+01,1.40e+01
2.36e+02,5.24e+02,2.10e+01,1.60e+01
5.05e+02,1.05e+03,2.00e+01,1.60e+01
3.44e+02,1.11e+03,1.80e+01,1.40e+01
2.38e+02,1.01e+03,1.90e+01,1.40e+01
-4.63e+01,-1.61e+01,2.00e+01,1.60e+01
3.89e+02,1.10e+03,2.10e+01,1.40e+01
3.63e+02,1.06e+03,1.90e+01,1.50e+01
3.89e+02,1.11e+03,2.10e+01,1.40e+01
3.88e+02,1.07e+03,2.00e+01,1.40e+01
3.37e+02,1.05e+03,2.00e+01,1.50e+01
3.66e+02,1.14e+03,2.10e+01,1.40e+01
1.19e+02,1.92e+02,2.20e+01,1.50e+01
1.05e+02,1.64e+02,2.20e+01,1.40e+01
4.70e+02,1.08e+03,2.10e+01,1.40e+01
8.87e+00,9.18e+01,1.80e+01,1.40e+01
3.25e+02,6.12e+02,2.10e+01,1.40e+01
3.98e+02,1.11e+03,1.90e+01,1.40e+01
8.67e+01,1.53e+02,1.90e+01,1.40e+01
4.74e+02,1.05e+03,2.00e+01,1.40e+01
4.61e+02,1.09e+03,2.00e+01,1.40e+01
2.10e+02,5.09e+02,2.20e+01,1.50e+01
1.33e+01,9.05e+01,1.80e+01,1.40e+01
4.16e+02,8.34e+02,2.00e+01,1.50e+01
3.20e+02,5.33e+02,2.00e+01,1.50e+01
4.04e+02,1.13e+03,2.10e+01,1.40e+01
4.79e+02,1.05e+03,1.80e+01,1.40e+01
4.02e+02,1.02e+03,1.90e+01,1.40e+01
1.82e+02,5.82e+02,2.10e+01,1.40e+01
2.94e+02,5.60e+02,2.20e+01,1.50e+01
3.02e+02,8.04e+02,2.00e+01,1.40e+01
4.93e+02,1.03e+03,1.90e+01,1.50e+01
4.26e+02,1.02e+03,2.20e+01,1.50e+01
6.00e+01,1.83e+02,1.90e+01,1.50e+01
3.30e+02,7.99e+02,1.90e+01,1.40e+01
1.63e+02,6.64e+02,2.10e+01,1.50e+01
4.63e+02,1.03e+03,2.00e+01,1.50e+01
-4.73e+01,1.00e+01,1.90e+01,1.50e+01
4.32e+02,9.94e+02,2.00e+01,1.60e+01
4.11e+02,1.10e+03,2.10e+01,1.40e+01
3.21e+02,7.03e+02,2.00e+01,1.60e+01
3.84e+02,1.14e+03,2.10e+01,1.40e+01
4.01e+02,1.00e+03,2.10e+01,1.40e+01
3.97e+02,9.49e+02,1.90e+01,1.50e+01
5.08e+02,1.05e+03,2.20e+01,1.70e+01
4.43e+02,1.09e+03,2.00e+01,1.40e+01
2.08e+02,5.77e+02,1.80e+01,1.40e+01
2.19e+02,7.38e+02,1.90e+01,1.50e+01
4.46e+02,1.10e+03,2.20e+01,1.50e+01
3.26e+02,1.04e+03,2.00e+01,1.40e+01
4.32e+02,1.06e+03,1.90e+01,1.40e+01
3.82e+02,1.03e+03,2.20e+01,1.50e+01
