-2.14e+02,-1.07e+02,1.30e+01,1.60e+01
-1.23e+02,-1.12e+02,1.90e+01,1.80e+01
-1.27e+02,-1.13e+02,1.40e+01,1.60e+01
-1.19e+02,-1.07e+02,1.80e+01,1.80e+01
-2.03e+02,-7.56e+01,1.30e+01,1.60e+01
-1.22e+02,-1.15e+02,1.90e+01,1.80e+01
-1.35e+02,-1.27e+02,1.40e+01,1.60e+01
-1.20e+02,-1.11e+02,1.50e+01,1.60e+01
-1.19e+02,-1.12e+02,1.80e+01,1.80e+01
-1.97e+02,-8.83e+01,1.30e+01,1.60e+01
-1.17e+02,-1.12e+02,1.90e+01,1.90e+01
-1.41e+02,-1.20e+02,1.40e+01,1.60e+01
-1.34e+02,-1.08e+02,1.50e+01,1.70e+01
-1.32e+02,-1.26e+02,1.80e+01,1.80e+01
-2.03e+02,-6.98e+01,1.30e+01,1.60e+01
-1.25e+02,-1.18e+02,1.90e+01,1.80e+01
-1.23e+02,-1.03e+02,1.40e+01,1.60e+01
-1.22e+02,-1.10e+02,1.80e+01,1.80e+01
-2.12e+02,-8.78e+01,1.30e+01,1.60e+01
-1.22e+02,-1.12e+02,1.80e+01,1.80e+01
-1.21e+02,-1.06e+02,1.40e+01,1.60e+01
-1.28e+02,-1.12e+02,1.60e+01,1.70e+01
-2.03e+02,-6.89e+01,1.30e+01,1.60e+01
-1.24e+02,-1.15e+02,1.90e+01,1.80e+01
-1.27e+02,-1.03e+02,1.40e+01,1.60e+01
-1.42e+02,-1.18e+02,1.50e+01,1.60e+01
-1.24e+02,-1.18e+02,1.80e+01,1.80e+01
-1.97e+02,-7.39e+01,1.30e+01,1.60e+01
-1.26e+02,-1.10e+02,1.90e+01,1.90e+01
-1.30e+02,-1.08e+02,1.40e+01,1.60e+01
-1.35e+02,-1.14e+02,1.50e+01,1.60e+01
-1.16e+02,-1.11e+02,1.80e+01,1.80e+01
-2.04e+02,-9.34e+01,1.30e+01,1.60e+01
-1.20e+02,-1.13e+02,2.00e+01,1.80e+01
-1.33e+02,-1.20e+02,1.40e+01,1.60e+01
-1.24e+02,-1.14e+02,1.60e+01,1.60e+01
-1.39e+02,-1.14e+02,1.80e+01,1.80e+01
-1.36e+02,-1.16e+02,1.90e+01,1.80e+01
-1.95e+02,-9.15e+01,1.30e+01,1.60e+01
-1.18e+02,-1.13e+02,2.00e+01,1.80e+01
-1.27e+02,-1.16e+02,1.40e+01,1.60e+01
-1.30e+02,-1.16e+02,1.80e+01,1.80e+01
-1.88e+02,-8.40e+01,1.30e+01,1.60e+01
-1.18e+02,-1.09e+02,1.80e+01,1.80e+01
-1.36e+02,-1.26e+02,1.40e+01,1.60e+01
-1.27e+02,-1.12e+02,1.80e+01,1.80e+01
-2.00e+02,-7.35e+01,1.30e+01,1.60e+01
-2.20e+02,-1.06e+02,1.30e+01,1.60e+01
-1.26e+02,-1.03e+02,1.40e+01,1.60e+01
-2.06e+02,-1.93e+02,1.40e+01,1.60e+01
-1.20e+02,-1.14e+02,1.90e+01,1.80e+01
-1.32e+02,-1.14e+02,1.40e+01,1.60e+01
-2.03e+02,-7.94e+01,1.30e+01,1.60e+01
-1.19e+02,-1.11e+02,1.80e+01,1.80e+01
-1.29e+02,-1.15e+02,1.40e+01,1.60e+01
-1.27e+02,-1.17e+02,1.40e+01,1.60e+01
-2.03e+02,-8.31e+01,1.30e+01,1.60e+01
-1.27e+02,-1.07e+02,1.60e+01,1.70e+01
-2.03e+02,-9.42e+01,1.40e+01,1.70e+01
-1.88e+02,-7.67e+01,1.30e+01,1.60e+01
-1.25e+02,-1.12e+02,1.40e+01,1.60e+01
-4.24e+02,-4.80e+01,1.30e+01,1.60e+01
-1.27e+02,-1.14e+02,1.90e+01,1.80e+01
-1.82e+02,-7.30e+01,1.30e+01,1.60e+01
-1.22e+02,-1.16e+02,1.90e+01,1.80e+01
-1.28e+02,-1.16e+02,1.90e+01,1.80e+01
-1.92e+02,-8.44e+01,1.40e+01,1.70e+01
-2.13e+02,-1.30e+02,1.30e+01,1.60e+01
-1.34e+02,-1.15e+02,1.90e+01,1.80e+01
-1.95e+02,-9.58e+01,1.30e+01,1.60e+01
-1.37e+02,-1.17e+02,1.90e+01,1.80e+01
-1.47e+02,-1.12e+02,2.00e+01,1.90e+01
-5.00e+02,-5.00e+02,1.90e+01,1.80e+01
-1.34e+02,-1.25e+02,1.40e+01,1.60e+01
-1.88e+02,-8.25e+01,1.30e+01,1.60e+01
-1.24e+02,-1.14e+02,1.80e+01,1.80e+01
-2.01e+02,-9.59e+01,1.30e+01,1.60e+01
-5.00e+02,-5.00e+02,1.70e+01,1.60e+01
-5.00e+02,-5.00e+02,1.40e+01,1.60e+01
-1.18e+02,-1.04e+02,1.70e+01,1.70e+01
-5.00e+02,-5.00e+02,1.90e+01,1.80e+01
-1.22e+02,-1.07e+02,1.90e+01,1.80e+01
-1.17e+02,-1.11e+02,1.90e+01,1.80e+01
-1.26e+02,-1.11e+02,1.90e+01,1.80e+01
-1.20e+02,-1.04e+02,1.40e+01,1.60e+01
-3.79e+02,-1.34e+02,1.50e+01,1.60e+01
-1.44e+02,-1.08e+02,1.50e+01,1.60e+01
-1.32e+02,-1.09e+02,1.50e+01,1.60e+01
-1.29e+02,-1.11e+02,2.00e+01,1.80e+01
-1.84e+02,-8.27e+01,1.30e+01,1.60e+01
-5.00e+02,-5.00e+02,1.50e+01,1.60e+01
-1.36e+02,-1.09e+02,1.40e+01,1.60e+01
-1.40e+02,-1.22e+02,2.00e+01,1.90e+01
-2.21e+02,-7.80e+01,1.30e+01,1.60e+01
-1.14e+02,-1.10e+02,2.00e+01,1.90e+01
-1.24e+02,-1.08e+02,1.50e+01,1.70e+01
-1.32e+02,-1.18e+02,1.50e+01,1.70e+01
-1.40e+02,-1.18e+02,1.50e+01,1.60e+01
-2.05e+02,-9.98e+01,1.30e+01,1.60e+01
-1.30e+02,-1.10e+02,1.40e+01,1.60e+01
-2.01e+02,-9.10e+01,1.30e+01,1.60e+01
-1.25e+02,-1.12e+02,1.50e+01,1.60e+01
-1.26e+02,-1.10e+02,1.50e+01,1.70e+01
-1.21e+02,-1.00e+02,1.40e+01,1.60e+01
-2.09e+02,-7.35e+01,1.30e+01,1.60e+01
-1.94e+02,-8.92e+01,1.40e+01,1.60e+01
-1.28e+02,-1.13e+02,1.50e+01,1.60e+01
-2.14e+02,-1.11e+02,1.30e+01,1.60e+01
-1.17e+02,-1.09e+02,1.90e+01,1.80e+01
-1.22e+02,-1.13e+02,1.90e+01,1.80e+01
-1.20e+02,-1.13e+02,1.70e+01,1.70e+01
-1.28e+02,-1.14e+02,1.80e+01,1.80e+01
-1.20e+02,-1.15e+02,1.90e+01,1.80e+01
-5.00e+02,-5.00e+02,2.00e+01,1.80e+01
-1.22e+02,-1.12e+02,2.00e+01,1.90e+01
-1.28e+02,-1.14e+02,1.50e+01,1.70e+01
-2.05e+02,-8.76e+01,1.30e+01,1.60e+01
-5.00e+02,-5.00e+02,1.50e+01,1.60e+01
-1.35e+02,-1.08e+02,1.40e+01,1.60e+01
-1.21e+02,-1.13e+02,1.80e+01,1.80e+01
-1.38e+02,-1.14e+02,1.60e+01,1.70e+01
-1.19e+02,-1.12e+02,2.00e+01,1.80e+01
-1.27e+02,-1.12e+02,2.00e+01,1.80e+01
-1.92e+02,-9.33e+01,1.30e+01,1.60e+01
-1.26e+02,-1.12e+02,1.80e+01,1.80e+01
-1.25e+02,-1.14e+02,1.80e+01,1.80e+01
-3.27e+02,-1.38e+02,1.30e+01,1.60e+01
-2.06e+02,-8.39e+01,1.30e+01,1.60e+01
-1.39e+02,-1.07e+02,1.50e+01,1.60e+01
-1.20e+02,-1.09e+02,1.80e+01,1.80e+01
-2.98e+02,-1.28e+02,1.30e+01,1.60e+01
-1.22e+02,-1.13e+02,1.90e+01,1.80e+01
-1.39e+02,-1.21e+02,1.80e+01,1.80e+01
-1.18e+02,-1.07e+02,2.00e+01,1.80e+01
-1.24e+02,-1.11e+02,1.80e+01,1.80e+01
-1.27e+02,-1.05e+02,2.00e+01,1.80e+01
-1.27e+02,-1.09e+02,1.50e+01,1.70e+01
-1.22e+02,-1.13e+02,1.80e+01,1.80e+01
-1.31e+02,-1.06e+02,1.60e+01,1.70e+01
-1.20e+02,-1.09e+02,1.90e+01,1.90e+01
-1.48e+02,-1.20e+02,1.40e+01,1.60e+01
-1.29e+02,-1.07e+02,1.50e+01,1.70e+01
-1.25e+02,-1.20e+02,2.00e+01,1.80e+01
-1.30e+02,-1.12e+02,1.90e+01,1.80e+01
-1.29e+02,-1.17e+02,1.80e+01,1.80e+01
-2.00e+02,-8.52e+01,1.40e+01,1.70e+01
-1.83e+02,-9.49e+01,1.30e+01,1.60e+01
-1.23e+02,-1.10e+02,1.90e+01,1.80e+01
-3.59e+02,-3.07e+02,1.40e+01,1.60e+01
-1.31e+02,-1.09e+02,1.40e+01,1.60e+01
-1.34e+02,-1.14e+02,1.40e+01,1.60e+01
-1.33e+02,-1.21e+02,1.70e+01,1.60e+01
-2.08e+02,-9.19e+01,1.40e+01,1.70e+01
-1.23e+02,-1.15e+02,1.80e+01,1.80e+01
-1.35e+02,-1.16e+02,1.50e+01,1.70e+01
-1.37e+02,-1.17e+02,1.50e+01,1.60e+01
-1.30e+02,-1.16e+02,1.90e+01,1.80e+01
-2.04e+02,-7.99e+01,1.30e+01,1.60e+01
-1.25e+02,-1.11e+02,2.00e+01,1.90e+01
-1.41e+02,-1.32e+02,1.80e+01,1.80e+01
-1.96e+02,-7.60e+01,1.30e+01,1.60e+01
-1.33e+02,-1.08e+02,1.60e+01,1.70e+01
-1.35e+02,-1.14e+02,1.40e+01,1.60e+01
-1.95e+02,-7.16e+01,1.30e+01,1.60e+01
-1.29e+02,-1.16e+02,2.00e+01,1.80e+01
-1.96e+02,-8.08e+01,1.30e+01,1.60e+01
-1.27e+02,-1.11e+02,1.50e+01,1.60e+01
-1.87e+02,-7.51e+01,1.30e+01,1.60e+01
-1.24e+02,-1.15e+02,1.90e+01,1.90e+01
-1.27e+02,-1.07e+02,1.40e+01,1.60e+01
-1.89e+02,-7.97e+01,1.30e+01,1.60e+01
-2.58e+02,-1.21e+02,1.40e+01,1.60e+01
-1.95e+02,-8.43e+01,1.30e+01,1.60e+01
-1.28e+02,-1.13e+02,2.00e+01,1.80e+01
-1.20e+02,-1.09e+02,1.40e+01,1.60e+01
-1.19e+02,-1.12e+02,2.00e+01,1.80e+01
-3.76e+02,-1.20e+02,1.50e+01,1.60e+01
-1.20e+02,-1.11e+02,1.80e+01,1.80e+01
-1.86e+02,-7.86e+01,1.30e+01,1.60e+01
-2.00e+02,-9.69e+01,1.30e+01,1.60e+01
-1.33e+02,-1.14e+02,1.80e+01,1.80e+01
-1.28e+02,-1.12e+02,2.00e+01,2.00e+01
-1.21e+02,-1.14e+02,2.00e+01,1.80e+01
-1.26e+02,-1.10e+02,1.80e+01,1.80e+01
-2.01e+02,-6.82e+01,1.30e+01,1.60e+01
-1.28e+02,-1.12e+02,1.90e+01,1.90e+01
-1.46e+02,-1.18e+02,1.90e+01,1.80e+01
-1.37e+02,-1.23e+02,1.50e+01,1.60e+01
-1.25e+02,-1.14e+02,1.90e+01,1.80e+01
-3.58e+02,-2.75e+02,1.50e+01,1.70e+01
-1.32e+02,-1.11e+02,1.50e+01,1.70e+01
-5.00e+02,-5.00e+02,1.90e+01,1.80e+01
