1.42e+02,1.01e+03,5.90e+01,4.40e+01
1.71e+02,1.23e+03,6.60e+01,4.80e+01
1.68e+02,1.11e+03,6.00e+01,4.50e+01
1.78e+02,1.11e+03,5.90e+01,4.40e+01
2.09e+02,1.27e+03,6.30e+01,4.60e+01
1.87e+02,1.11e+03,5.90e+01,4.40e+01
9.55e+01,7.47e+02,6.40e+01,4.80e+01
1.99e+02,1.28e+03,5.90e+01,4.40e+01
1.73e+02,1.03e+03,6.20e+01,4.60e+01
1.30e+02,8.48e+02,6.50e+01,4.90e+01
1.66e+02,1.20e+03,5.90e+01,4.40e+01
7.04e+01,4.66e+02,6.40e+01,4.80e+01
1.88e+02,1.19e+03,6.20e+01,4.60e+01
1.52e+02,9.80e+02,6.00e+01,4.50e+01
1.96e+02,1.14e+03,6.50e+01,4.80e+01
1.10e+02,7.68e+02,5.90e+01,4.40e+01
8.58e+01,6.99e+02,6.20e+01,4.60e+01
8.91e+01,5.50e+02,6.80e+01,4.90e+01
1.88e+02,1.24e+03,5.90e+01,4.40e+01
1.62e+02,1.18e+03,6.50e+01,4.90e+01
6.01e+01,4.04e+02,6.20e+01,4.60e+01
1.81e+02,1.22e+03,6.10e+01,4.60e+01
1.17e+02,8.17e+02,6.00e+01,4.50e+01
2.21e+02,1.33e+03,6.60e+01,5.00e+01
1.89e+02,1.27e+03,5.90e+01,4.40e+01
1.31e+02,7.70e+02,6.20e+01,4.60e+01
1.51e+02,1.12e+03,6.80e+01,4.90e+01
1.11e+02,7.26e+02,5.90e+01,4.40e+01
1.71e+02,1.14e+03,6.40e+01,4.70e+01
1.63e+02,1.13e+03,6.40e+01,4.80e+01
1.90e+02,1.15e+03,5.90e+01,4.40e+01
1.47e+02,9.32e+02,6.20e+01,4.60e+01
1.27e+02,7.69e+02,6.00e+01,4.50e+01
1.41e+02,8.95e+02,6.70e+01,4.90e+01
1.92e+02,1.21e+03,5.90e+01,4.40e+01
9.75e+01,7.42e+02,6.20e+01,4.60e+01
8.85e+01,6.39e+02,6.00e+01,4.40e+01
1.83e+02,1.32e+03,5.90e+01,4.40e+01
2.20e+02,1.32e+03,6.40e+01,4.80e+01
1.50e+02,9.86e+02,6.00e+01,4.50e+01
1.06e+02,8.22e+02,6.20e+01,4.60e+01
1.41e+02,8.68e+02,5.90e+01,4.40e+01
1.10e+02,8.05e+02,6.50e+01,4.90e+01
2.02e+02,1.33e+03,6.40e+01,4.70e+01
2.06e+02,1.34e+03,6.10e+01,4.50e+01
1.71e+02,1.12e+03,6.00e+01,4.40e+01
1.39e+02,9.35e+02,6.30e+01,4.60e+01
1.30e+02,8.19e+02,5.90e+01,4.40e+01
1.98e+02,1.25e+03,6.60e+01,4.90e+01
9.51e+01,7.13e+02,6.20e+01,4.50e+01
1.74e+02,1.21e+03,6.00e+01,4.50e+01
1.66e+02,1.16e+03,6.50e+01,4.90e+01
1.83e+02,1.12e+03,5.90e+01,4.40e+01
1.06e+02,7.38e+02,6.80e+01,4.90e+01
1.15e+02,9.01e+02,6.20e+01,4.60e+01
1.53e+02,1.03e+03,6.00e+01,4.40e+01
1.20e+02,9.05e+02,5.90e+01,4.40e+01
1.22e+02,8.09e+02,6.20e+01,4.60e+01
1.25e+02,9.70e+02,6.00e+01,4.50e+01
1.54e+02,8.61e+02,5.90e+01,4.40e+01
1.86e+02,1.17e+03,6.20e+01,4.60e+01
2.06e+02,1.32e+03,6.00e+01,4.50e+01
1.54e+02,9.57e+02,5.90e+01,4.40e+01
1.42e+02,9.77e+02,6.40e+01,4.80e+01
1.14e+02,7.68e+02,6.00e+01,4.50e+01
1.03e+02,7.32e+02,6.20e+01,4.60e+01
1.18e+02,8.48e+02,6.30e+01,4.60e+01
1.61e+02,4.76e+02,6.60e+01,4.90e+01
2.03e+02,1.35e+03,5.90e+01,4.40e+01
1.71e+02,1.15e+03,5.90e+01,4.40e+01
1.86e+02,1.17e+03,6.10e+01,4.50e+01
1.60e+02,1.01e+03,6.50e+01,4.80e+01
1.17e+02,7.57e+02,6.10e+01,4.60e+01
1.23e+02,8.38e+02,5.90e+01,4.40e+01
1.03e+02,6.45e+02,6.60e+01,4.80e+01
1.98e+02,1.18e+03,6.20e+01,4.60e+01
1.84e+02,1.21e+03,5.90e+01,4.40e+01
1.43e+02,9.30e+02,5.90e+01,4.40e+01
1.80e+02,1.17e+03,6.10e+01,4.60e+01
1.69e+02,1.11e+03,5.90e+01,4.40e+01
6.69e+01,5.18e+02,5.90e+01,4.40e+01
1.41e+02,9.86e+02,6.80e+01,4.90e+01
2.14e+02,1.34e+03,6.00e+01,4.50e+01
1.61e+02,1.07e+03,6.80e+01,4.90e+01
1.04e+02,6.97e+02,6.20e+01,4.60e+01
1.43e+02,9.11e+02,5.90e+01,4.40e+01
1.57e+02,1.00e+03,6.40e+01,4.70e+01
6.16e+01,5.07e+02,5.90e+01,4.40e+01
1.62e+02,1.03e+03,6.20e+01,4.60e+01
1.22e+02,9.01e+02,6.50e+01,4.90e+01
1.72e+02,1.08e+03,7.00e+01,5.00e+01
1.92e+02,1.23e+03,6.00e+01,4.50e+01
1.25e+02,9.91e+02,6.70e+01,5.00e+01
1.69e+02,1.07e+03,5.90e+01,4.40e+01
1.21e+02,9.37e+02,6.20e+01,4.60e+01
1.24e+02,9.30e+02,6.40e+01,4.70e+01
1.72e+02,1.05e+03,6.40e+01,4.60e+01
-3.40e+01,1.11e+02,5.90e+01,4.40e+01
2.09e+02,1.36e+03,5.90e+01,4.40e+01
1.29e+02,8.02e+02,5.90e+01,4.40e+01
1.70e+02,1.07e+03,6.40e+01,4.70e+01
1.55e+02,1.02e+03,6.20e+01,4.60e+01
1.10e+02,8.18e+02,6.20e+01,4.60e+01
1.65e+02,1.06e+03,6.30e+01,4.70e+01
1.51e+02,1.04e+03,5.90e+01,4.40e+01
2.39e+01,2.71e+02,6.40e+01,4.70e+01
2.17e+02,1.32e+03,6.20e+01,4.60e+01
1.82e+02,1.11e+03,6.40e+01,4.80e+01
1.67e+02,1.16e+03,5.90e+01,4.40e+01
2.29e+02,1.34e+03,6.20e+01,4.60e+01
1.05e+02,6.81e+02,6.00e+01,4.50e+01
1.88e+02,1.22e+03,6.40e+01,4.70e+01
1.91e+02,1.12e+03,5.90e+01,4.40e+01
1.60e+02,1.12e+03,6.20e+01,4.60e+01
1.41e+02,8.56e+02,5.90e+01,4.40e+01
1.05e+02,8.27e+02,6.60e+01,4.90e+01
1.09e+02,6.95e+02,5.90e+01,4.40e+01
1.51e+02,8.72e+02,6.30e+01,4.60e+01
1.42e+02,9.43e+02,6.50e+01,4.90e+01
2.08e+02,1.22e+03,6.00e+01,4.50e+01
1.78e+02,1.16e+03,6.00e+01,4.50e+01
1.33e+02,8.77e+02,6.20e+01,4.60e+01
1.64e+02,1.08e+03,6.70e+01,4.90e+01
1.67e+02,1.04e+03,6.10e+01,4.50e+01
8.03e+01,6.34e+02,5.90e+01,4.40e+01
9.73e+01,6.96e+02,6.30e+01,4.60e+01
1.65e+02,1.12e+03,5.90e+01,4.40e+01
1.48e+02,1.00e+03,5.90e+01,4.40e+01
1.90e+02,1.27e+03,6.50e+01,4.90e+01
1.69e+02,1.14e+03,6.00e+01,4.50e+01
8.50e+01,6.56e+02,6.40e+01,4.70e+01
1.46e+02,9.62e+02,6.00e+01,4.50e+01
1.72e+02,1.03e+03,5.90e+01,4.40e+01
1.42e+02,9.37e+02,5.90e+01,4.40e+01
1.56e+02,1.04e+03,5.90e+01,4.40e+01
1.21e+02,8.32e+02,5.90e+01,4.40e+01
7.56e+01,5.50e+02,6.20e+01,4.60e+01
6.65e+01,4.44e+02,6.20e+01,4.60e+01
8.52e+01,6.30e+02,6.00e+01,4.40e+01
1.60e+02,1.07e+03,6.20e+01,4.60e+01
1.76e+02,1.07e+03,6.40e+01,4.80e+01
2.06e+02,1.30e+03,6.40e+01,4.80e+01
1.59e+02,1.07e+03,5.90e+01,4.40e+01
1.68e+02,1.04e+03,6.70e+01,5.10e+01
1.30e+02,8.31e+02,6.10e+01,4.60e+01
4.22e+01,3.14e+02,6.60e+01,5.00e+01
1.98e+02,1.32e+03,6.00e+01,4.40e+01
2.06e+02,1.21e+03,5.90e+01,4.40e+01
1.52e+02,1.15e+03,5.90e+01,4.40e+01
1.65e+02,1.10e+03,6.50e+01,4.80e+01
1.55e+02,1.04e+03,6.60e+01,4.80e+01
9.79e+01,8.49e+02,5.90e+01,4.40e+01
1.28e+02,9.68e+02,5.90e+01,4.40e+01
1.30e+02,9.17e+02,5.90e+01,4.40e+01
1.96e+02,1.28e+03,6.50e+01,4.90e+01
1.56e+02,1.10e+03,6.60e+01,4.90e+01
1.86e+02,1.14e+03,5.90e+01,4.40e+01
1.38e+02,8.62e+02,5.90e+01,4.40e+01
1.92e+02,1.09e+03,6.20e+01,4.60e+01
1.71e+02,1.13e+03,5.90e+01,4.40e+01
1.16e+02,8.59e+02,6.30e+01,4.60e+01
1.65e+02,1.12e+03,6.40e+01,4.80e+01
1.35e+02,9.48e+02,6.60e+01,4.80e+01
1.30e+02,9.00e+02,6.70e+01,5.00e+01
2.27e+02,1.32e+03,6.30e+01,4.60e+01
1.70e+02,1.16e+03,6.50e+01,4.90e+01
1.42e+02,9.70e+02,6.30e+01,4.70e+01
1.12e+02,7.80e+02,6.00e+01,4.50e+01
1.74e+02,1.09e+03,6.70e+01,4.90e+01
1.38e+02,9.42e+02,6.00e+01,4.50e+01
2.09e+02,1.27e+03,6.10e+01,4.50e+01
7.27e+01,4.63e+02,5.90e+01,4.40e+01
1.63e+02,1.09e+03,6.10e+01,4.50e+01
1.24e+02,8.35e+02,5.90e+01,4.40e+01
1.75e+02,1.21e+03,5.90e+01,4.40e+01
1.29e+02,9.33e+02,5.90e+01,4.40e+01
1.32e+02,8.58e+02,6.00e+01,4.50e+01
1.88e+02,1.24e+03,5.90e+01,4.40e+01
1.52e+02,1.01e+03,6.00e+01,4.50e+01
1.47e+02,9.57e+02,6.00e+01,4.50e+01
1.97e+02,1.33e+03,6.70e+01,5.00e+01
8.54e+01,6.37e+02,6.40e+01,4.80e+01
1.80e+02,1.03e+03,5.90e+01,4.40e+01
1.74e+02,1.16e+03,5.90e+01,4.40e+01
9.57e+01,6.47e+02,6.00e+01,4.50e+01
1.95e+02,1.17e+03,5.90e+01,4.40e+01
6.50e+01,3.95e+02,6.60e+01,4.90e+01
2.03e+02,1.34e+03,6.60e+01,4.80e+01
1.85e+02,1.17e+03,6.50e+01,4.80e+01
1.63e+02,1.09e+03,6.00e+01,4.50e+01
1.58e+02,1.11e+03,6.00e+01,4.50e+01
1.87e+02,1.17e+03,5.90e+01,4.40e+01
1.50e+02,1.10e+03,6.70e+01,4.90e+01
2.06e+02,1.31e+03,6.20e+01,4.60e+01
1.29e+02,7.95e+02,6.20e+01,4.60e+01
1.20e+02,7.83e+02,6.60e+01,4.90e+01
1.30e+02,9.38e+02,6.10e+01,4.50e+01
9.34e+01,7.11e+02,5.90e+01,4.40e+01
1.96e+02,1.25e+03,6.30e+01,4.60e+01
1.57e+02,1.15e+03,6.80e+01,4.90e+01
2.77e+00,1.92e+02,6.60e+01,5.00e+01
1.14e+02,7.42e+02,6.20e+01,4.60e+01
1.84e+02,1.09e+03,5.90e+01,4.40e+01
1.69e+02,1.13e+03,6.50e+01,4.90e+01
1.17e+02,8.98e+02,6.10e+01,4.50e+01
1.96e+02,1.20e+03,6.00e+01,4.40e+01
2.43e+01,2.45e+02,6.80e+01,4.90e+01
1.44e+02,1.03e+03,6.10e+01,4.50e+01
1.02e+02,7.12e+02,6.30e+01,4.60e+01
7.53e+01,7.06e+02,5.90e+01,4.40e+01
1.22e+02,8.72e+02,6.00e+01,4.50e+01
-1.73e+00,1.93e+02,6.00e+01,4.50e+01
3.37e+01,1.98e+02,6.50e+01,4.90e+01
1.91e+02,1.27e+03,6.30e+01,4.60e+01
1.56e+02,1.00e+03,6.20e+01,4.60e+01
1.59e+02,1.02e+03,6.00e+01,4.50e+01
1.12e+02,8.75e+02,6.00e+01,4.50e+01
-2.92e+00,1.43e+02,6.20e+01,4.60e+01
1.87e+02,1.17e+03,6.20e+01,4.60e+01
1.16e+02,8.12e+02,5.90e+01,4.40e+01
2.09e+02,1.33e+03,6.20e+01,4.60e+01
2.04e+02,1.22e+03,6.70e+01,4.90e+01
1.11e+02,7.82e+02,6.10e+01,4.60e+01
1.77e+02,1.22e+03,6.20e+01,4.60e+01
1.96e+02,1.31e+03,6.80e+01,4.90e+01
1.19e+02,8.35e+02,6.20e+01,4.60e+01
1.28e+02,8.95e+02,5.90e+01,4.40e+01
1.57e+02,1.02e+03,6.80e+01,4.90e+01
1.94e+02,1.30e+03,5.90e+01,4.40e+01
1.01e+02,6.72e+02,6.20e+01,4.60e+01
1.52e+02,9.91e+02,5.90e+01,4.40e+01
1.58e+02,1.02e+03,6.80e+01,4.90e+01
1.72e+02,1.16e+03,6.50e+01,4.80e+01
2.21e+02,1.30e+03,5.90e+01,4.40e+01
1.54e+02,9.52e+02,6.30e+01,4.60e+01
1.48e+02,9.36e+02,6.00e+01,4.50e+01
1.70e+02,1.04e+03,6.40e+01,4.80e+01
1.70e+02,1.01e+03,6.00e+01,4.50e+01
1.38e+02,9.30e+02,6.60e+01,4.80e+01
1.55e+02,8.61e+02,6.90e+01,5.00e+01
1.69e+02,1.11e+03,6.00e+01,4.50e+01
1.61e+02,1.04e+03,6.10e+01,4.50e+01
1.41e+02,8.52e+02,6.20e+01,4.60e+01
9.32e+01,7.08e+02,6.60e+01,4.80e+01
1.76e+02,1.17e+03,6.60e+01,4.90e+01
1.60e+02,1.05e+03,6.00e+01,4.50e+01
1.73e+02,1.17e+03,6.30e+01,4.60e+01
9.65e+01,6.70e+02,5.90e+01,4.40e+01
1.22e+02,3.10e+02,6.40e+01,4.80e+01
1.61e+02,1.02e+03,6.40e+01,4.70e+01
7.81e+01,5.93e+02,6.00e+01,4.50e+01
2.00e+02,1.25e+03,6.40e+01,4.80e+01
1.89e+02,1.18e+03,6.20e+01,4.60e+01
-6.13e+01,-3.52e+01,6.60e+01,5.00e+01
1.34e+02,9.62e+02,6.00e+01,4.50e+01
1.71e+02,1.06e+03,6.90e+01,5.00e+01
1.01e+02,6.68e+02,6.20e+01,4.60e+01
1.41e+02,9.87e+02,5.90e+01,4.40e+01
1.48e+02,9.37e+02,6.90e+01,4.90e+01
1.67e+02,1.09e+03,5.90e+01,4.40e+01
1.25e+01,2.66e+02,5.90e+01,4.40e+01
1.47e+02,9.82e+02,5.90e+01,4.40e+01
1.70e+02,1.06e+03,6.80e+01,4.90e+01
1.46e+02,1.11e+03,5.90e+01,4.40e+01
1.34e+02,9.30e+02,6.30e+01,4.70e+01
1.23e+02,8.90e+02,5.90e+01,4.40e+01
1.63e+02,1.15e+03,6.20e+01,4.60e+01
1.78e+02,1.19e+03,6.00e+01,4.50e+01
1.36e+02,8.44e+02,6.20e+01,4.60e+01
1.37e+02,9.31e+02,5.90e+01,4.40e+01
1.56e+02,9.93e+02,6.20e+01,4.60e+01
1.77e+02,1.13e+03,6.40e+01,4.80e+01
1.35e+02,9.94e+02,6.20e+01,4.60e+01
1.66e+02,1.09e+03,6.60e+01,4.80e+01
-6.58e+01,-4.09e+01,6.50e+01,4.90e+01
1.20e+02,8.22e+02,6.40e+01,4.70e+01
1.84e+02,1.19e+03,6.20e+01,4.60e+01
1.55e+02,9.77e+02,6.90e+01,4.90e+01
1.62e+02,1.02e+03,6.20e+01,4.60e+01
1.98e+02,1.29e+03,5.90e+01,4.40e+01
1.54e+02,9.54e+02,6.40e+01,4.70e+01
1.07e+02,7.88e+02,6.30e+01,4.60e+01
1.93e+02,1.16e+03,6.50e+01,4.90e+01
1.76e+02,1.11e+03,7.00e+01,5.00e+01
1.80e+02,1.13e+03,5.90e+01,4.40e+01
1.66e+02,1.12e+03,6.20e+01,4.60e+01
9.65e+01,7.22e+02,6.70e+01,4.90e+01
1.87e+02,1.24e+03,6.00e+01,4.50e+01
1.63e+02,1.13e+03,5.90e+01,4.40e+01
1.93e+02,1.24e+03,6.20e+01,4.60e+01
1.79e+02,1.14e+03,5.90e+01,4.40e+01
1.21e+02,8.33e+02,6.00e+01,4.50e+01
8.50e+01,5.54e+02,6.60e+01,4.80e+01
8.53e+01,6.31e+02,6.60e+01,4.80e+01
1.52e+02,1.02e+03,6.10e+01,4.60e+01
1.67e+02,1.13e+03,6.10e+01,4.50e+01
2.30e+02,1.34e+03,5.90e+01,4.40e+01
1.12e+02,7.49e+02,5.90e+01,4.40e+01
1.37e+02,8.05e+02,6.70e+01,5.00e+01
1.69e+02,1.10e+03,6.80e+01,4.90e+01
2.18e+02,1.33e+03,6.20e+01,4.60e+01
1.55e+02,1.02e+03,6.60e+01,4.80e+01
-6.16e+01,-3.21e+01,6.00e+01,4.50e+01
1.70e+02,9.75e+02,6.30e+01,4.60e+01
1.21e+02,9.24e+02,6.10e+01,4.50e+01
-6.35e+01,-3.78e+01,6.30e+01,4.70e+01
1.43e+02,1.04e+03,6.70e+01,4.90e+01
-9.59e+00,7.30e+01,6.40e+01,4.70e+01
8.15e+01,5.47e+02,6.10e+01,4.50e+01
1.61e+02,1.12e+03,6.00e+01,4.40e+01
1.20e+02,7.65e+02,5.90e+01,4.40e+01
1.86e+02,1.22e+03,6.20e+01,4.60e+01
1.19e+02,8.11e+02,6.00e+01,4.50e+01
1.73e+02,1.15e+03,6.20e+01,4.60e+01
5.26e+01,4.56e+02,5.90e+01,4.40e+01
1.88e+02,1.13e+03,6.20e+01,4.60e+01
1.64e+02,1.02e+03,5.90e+01,4.40e+01
1.43e+02,8.77e+02,6.40e+01,4.80e+01
1.83e+02,1.16e+03,5.90e+01,4.40e+01
1.94e+02,1.16e+03,6.30e+01,4.70e+01
1.50e+02,9.98e+02,5.90e+01,4.40e+01
1.72e+02,1.28e+03,6.20e+01,4.60e+01
1.47e+02,1.00e+03,6.40e+01,4.80e+01
2.00e+02,1.27e+03,6.50e+01,4.90e+01
1.33e+02,8.03e+02,5.90e+01,4.40e+01
1.50e+02,1.00e+03,6.10e+01,4.60e+01
1.24e+02,8.93e+02,6.30e+01,4.60e+01
1.63e+02,1.14e+03,6.30e+01,4.60e+01
1.51e+02,1.05e+03,6.10e+01,4.50e+01
1.23e+02,9.46e+02,5.90e+01,4.40e+01
1.13e+02,8.35e+02,5.90e+01,4.40e+01
1.08e+02,5.39e+02,6.10e+01,4.60e+01
1.66e+02,1.09e+03,6.20e+01,4.60e+01
1.58e+02,8.75e+02,6.30e+01,4.60e+01
1.95e+02,1.21e+03,5.90e+01,4.40e+01
1.18e+02,8.40e+02,6.00e+01,4.40e+01
1.62e+02,9.90e+02,5.90e+01,4.40e+01
2.21e+02,1.33e+03,6.10e+01,4.60e+01
1.44e+02,1.02e+03,5.90e+01,4.40e+01
1.65e+02,1.14e+03,6.00e+01,4.50e+01
1.01e+02,6.61e+02,6.00e+01,4.50e+01
2.24e+02,1.33e+03,5.90e+01,4.40e+01
1.78e+02,1.12e+03,5.90e+01,4.40e+01
1.69e+02,1.06e+03,5.90e+01,4.40e+01
1.56e+02,1.07e+03,6.10e+01,4.50e+01
1.85e+02,1.12e+03,5.90e+01,4.40e+01
1.54e+02,9.11e+02,6.60e+01,4.80e+01
1.47e+02,9.56e+02,6.40e+01,4.60e+01
1.87e+02,1.13e+03,6.20e+01,4.60e+01
1.72e+02,1.13e+03,6.40e+01,4.70e+01
1.99e+02,1.23e+03,6.30e+01,4.70e+01
1.49e+02,9.45e+02,6.30e+01,4.60e+01
1.81e+02,1.09e+03,6.10e+01,4.50e+01
1.31e+02,8.86e+02,6.50e+01,4.90e+01
1.76e+02,1.10e+03,6.70e+01,5.00e+01
1.73e+02,1.06e+03,5.90e+01,4.40e+01
1.67e+02,1.09e+03,5.90e+01,4.40e+01
1.35e+02,8.33e+02,6.00e+01,4.50e+01
1.21e+02,8.36e+02,5.90e+01,4.40e+01
1.41e+02,8.34e+02,6.10e+01,4.50e+01
1.72e+02,1.22e+03,6.70e+01,5.00e+01
1.88e+02,1.21e+03,6.60e+01,4.90e+01
2.09e+02,1.37e+03,6.40e+01,4.80e+01
1.52e+02,9.37e+02,6.10e+01,4.50e+01
1.33e+02,8.59e+02,6.00e+01,4.50e+01
1.97e+02,1.24e+03,6.60e+01,5.00e+01
2.09e+02,1.37e+03,6.50e+01,4.90e+01
1.43e+02,9.88e+02,6.10e+01,4.50e+01
1.38e+02,1.04e+03,6.20e+01,4.60e+01
9.96e+01,1.81e+02,6.10e+01,4.60e+01
1.11e+02,8.43e+02,6.50e+01,4.80e+01
6.18e+01,5.42e+02,5.90e+01,4.40e+01
1.69e+02,1.07e+03,5.90e+01,4.40e+01
1.80e+02,1.24e+03,6.00e+01,4.50e+01
1.56e+02,1.03e+03,5.90e+01,4.40e+01
1.25e+02,8.18e+02,5.90e+01,4.40e+01
1.69e+02,1.09e+03,5.90e+01,4.40e+01
1.48e+02,1.04e+03,6.10e+01,4.60e+01
1.80e+02,1.25e+03,5.90e+01,4.40e+01
1.09e+02,7.81e+02,6.10e+01,4.50e+01
1.62e+02,9.39e+02,6.50e+01,4.80e+01
1.75e+02,1.07e+03,6.40e+01,4.80e+01
1.41e+02,8.40e+02,5.90e+01,4.40e+01
1.83e+02,1.27e+03,6.40e+01,4.80e+01
1.78e+02,1.12e+03,5.90e+01,4.40e+01
1.63e+02,1.08e+03,5.90e+01,4.40e+01
1.50e+02,9.57e+02,6.20e+01,4.60e+01
1.56e+02,1.00e+03,5.90e+01,4.40e+01
1.11e+02,7.24e+02,5.90e+01,4.40e+01
1.07e+02,8.34e+02,6.70e+01,4.90e+01
1.67e+02,1.20e+03,5.90e+01,4.40e+01
1.76e+02,1.10e+03,5.90e+01,4.40e+01
2.05e+02,1.30e+03,6.80e+01,4.90e+01
1.31e+02,8.97e+02,7.00e+01,5.00e+01
1.78e+02,1.13e+03,6.20e+01,4.60e+01
1.30e+02,8.17e+02,6.40e+01,4.80e+01
1.68e+02,1.18e+03,6.70e+01,4.90e+01
1.59e+02,1.06e+03,6.20e+01,4.60e+01
2.13e+02,1.25e+03,6.00e+01,4.50e+01
1.51e+02,1.03e+03,5.90e+01,4.40e+01
1.81e+02,1.13e+03,6.60e+01,4.90e+01
2.09e+02,1.34e+03,5.90e+01,4.40e+01
1.94e+02,1.25e+03,6.50e+01,4.70e+01
1.95e+02,1.14e+03,5.90e+01,4.40e+01
1.93e+02,1.23e+03,6.30e+01,4.70e+01
1.06e+02,7.12e+02,6.10e+01,4.50e+01
1.35e+02,9.32e+02,6.50e+01,4.90e+01
8.58e+01,6.81e+02,6.50e+01,4.80e+01
1.89e+02,1.29e+03,6.60e+01,4.80e+01
2.02e+02,1.14e+03,5.90e+01,4.40e+01
1.40e+02,1.06e+03,6.20e+01,4.60e+01
1.29e+02,7.25e+02,5.90e+01,4.40e+01
2.00e+02,1.19e+03,6.20e+01,4.60e+01
1.69e+02,1.13e+03,5.90e+01,4.40e+01
1.62e+02,1.10e+03,6.00e+01,4.40e+01
1.88e+02,1.16e+03,6.00e+01,4.50e+01
1.69e+02,1.10e+03,6.00e+01,4.50e+01
2.10e+02,1.32e+03,5.90e+01,4.40e+01
1.15e+02,8.64e+02,5.90e+01,4.40e+01
1.40e+02,9.16e+02,6.20e+01,4.60e+01
1.97e+02,1.34e+03,5.90e+01,4.40e+01
9.15e+01,6.51e+02,6.10e+01,4.50e+01
1.85e+02,1.13e+03,6.20e+01,4.60e+01
1.92e+02,1.32e+03,6.00e+01,4.50e+01
1.14e+02,7.73e+02,6.00e+01,4.50e+01
2.01e+02,1.23e+03,6.30e+01,4.60e+01
1.74e+02,1.14e+03,5.90e+01,4.40e+01
1.76e+02,1.21e+03,6.10e+01,4.50e+01
1.45e+02,1.04e+03,5.90e+01,4.40e+01
4.60e+01,4.38e+02,5.90e+01,4.40e+01
1.26e+02,9.00e+02,5.90e+01,4.40e+01
1.02e+02,8.38e+02,6.00e+01,4.50e+01
2.06e+02,1.38e+03,6.20e+01,4.60e+01
1.63e+02,1.09e+03,5.90e+01,4.40e+01
-1.87e+00,1.15e+02,6.60e+01,4.80e+01
1.44e+02,9.75e+02,6.10e+01,4.50e+01
1.56e+02,1.05e+03,6.40e+01,4.70e+01
1.16e+02,8.59e+02,5.90e+01,4.40e+01
1.57e+02,1.10e+03,5.90e+01,4.40e+01
1.29e+01,1.75e+02,6.40e+01,4.80e+01
1.50e+02,1.11e+03,6.00e+01,4.40e+01
1.53e+02,1.05e+03,6.80e+01,4.90e+01
1.20e+02,8.54e+02,6.00e+01,4.50e+01
1.49e+02,1.01e+03,6.20e+01,4.60e+01
-1.73e+01,1.11e+02,6.70e+01,4.90e+01
1.50e+02,1.06e+03,6.10e+01,4.50e+01
1.92e+02,1.20e+03,6.90e+01,5.00e+01
1.67e+02,1.18e+03,6.50e+01,4.90e+01
1.43e+02,9.29e+02,6.10e+01,4.50e+01
1.91e+02,1.22e+03,5.90e+01,4.40e+01
1.36e+02,1.01e+03,6.00e+01,4.50e+01
1.74e+02,1.22e+03,6.60e+01,4.80e+01
1.67e+02,1.14e+03,6.30e+01,4.60e+01
1.49e+02,9.13e+02,6.60e+01,4.80e+01
1.21e+02,9.27e+02,6.60e+01,5.00e+01
1.48e+02,1.01e+03,5.90e+01,4.40e+01
1.89e+02,1.31e+03,5.90e+01,4.40e+01
9.44e+01,7.12e+02,6.50e+01,4.70e+01
1.57e+02,1.02e+03,6.40e+01,4.60e+01
1.46e+02,9.50e+02,5.90e+01,4.40e+01
9.12e+01,6.59e+02,5.90e+01,4.40e+01
2.04e+02,1.36e+03,6.20e+01,4.60e+01
4.57e+01,2.62e+02,6.00e+01,4.50e+01
2.01e+02,1.28e+03,6.00e+01,4.40e+01
8.30e+01,7.51e+02,6.60e+01,4.80e+01
2.53e+01,2.93e+02,6.00e+01,4.40e+01
1.62e+02,9.06e+02,6.80e+01,4.90e+01
1.64e+02,1.12e+03,5.90e+01,4.40e+01
1.55e+02,1.12e+03,6.40e+01,4.70e+01
1.92e+02,1.18e+03,6.10e+01,4.50e+01
1.46e+02,9.08e+02,6.40e+01,4.80e+01
2.16e+02,1.35e+03,5.90e+01,4.40e+01
1.39e+02,9.05e+02,5.90e+01,4.40e+01
1.53e+02,1.10e+03,6.00e+01,4.50e+01
1.79e+02,1.13e+03,6.00e+01,4.50e+01
1.47e+02,9.10e+02,6.70e+01,4.90e+01
1.49e+02,9.74e+02,7.00e+01,5.00e+01
1.17e+02,7.67e+02,6.00e+01,4.50e+01
3.72e+01,2.76e+02,6.50e+01,4.90e+01
1.03e+02,8.14e+02,6.20e+01,4.60e+01
