1.80e+02,1.23e+03,9.30e+01,6.10e+01
1.48e+02,9.85e+02,9.70e+01,6.30e+01
1.91e+02,1.11e+03,9.30e+01,6.10e+01
1.39e+02,9.63e+02,9.70e+01,6.40e+01
2.05e+02,1.26e+03,9.40e+01,6.10e+01
2.13e+02,1.38e+03,9.60e+01,6.20e+01
1.61e+02,1.03e+03,9.60e+01,6.30e+01
1.72e+02,1.07e+03,9.30e+01,6.10e+01
1.73e+02,1.15e+03,9.40e+01,6.20e+01
1.91e+02,1.35e+03,9.70e+01,6.40e+01
1.67e+02,1.15e+03,9.30e+01,6.10e+01
1.44e+02,8.79e+02,9.40e+01,6.20e+01
1.90e+02,1.24e+03,9.60e+01,6.30e+01
1.83e+02,1.33e+03,9.70e+01,6.40e+01
1.26e+02,9.77e+02,9.30e+01,6.10e+01
1.83e+02,1.13e+03,9.40e+01,6.20e+01
2.03e+02,1.22e+03,9.50e+01,6.20e+01
1.59e+02,1.09e+03,9.80e+01,6.40e+01
1.49e+02,9.33e+02,9.30e+01,6.10e+01
1.27e+02,8.98e+02,9.40e+01,6.10e+01
1.79e+02,1.15e+03,9.60e+01,6.20e+01
7.53e+01,5.09e+02,9.50e+01,6.20e+01
1.77e+02,1.11e+03,9.70e+01,6.40e+01
1.82e+02,1.06e+03,9.70e+01,6.40e+01
1.13e+02,8.63e+02,9.30e+01,6.10e+01
1.95e+02,1.16e+03,9.40e+01,6.10e+01
1.07e+02,8.62e+02,9.50e+01,6.20e+01
1.53e+02,9.29e+02,9.60e+01,6.20e+01
1.16e+02,8.07e+02,9.50e+01,6.10e+01
2.29e+02,1.32e+03,9.30e+01,6.10e+01
9.01e+01,6.04e+02,9.40e+01,6.20e+01
1.95e+02,1.22e+03,9.60e+01,6.20e+01
1.02e+02,8.01e+02,9.30e+01,6.10e+01
1.38e+02,9.42e+02,9.40e+01,6.20e+01
9.80e+01,6.69e+02,9.50e+01,6.20e+01
1.07e+02,6.93e+02,9.60e+01,6.30e+01
8.31e+01,5.80e+02,9.30e+01,6.10e+01
1.33e+02,8.54e+02,9.40e+01,6.10e+01
1.33e+02,9.95e+02,9.50e+01,6.20e+01
1.44e+02,8.91e+02,9.60e+01,6.30e+01
1.65e+02,1.19e+03,9.30e+01,6.10e+01
1.54e+02,9.42e+02,9.40e+01,6.20e+01
5.61e+01,4.96e+02,9.50e+01,6.20e+01
1.33e+02,9.56e+02,9.80e+01,6.30e+01
1.73e+02,1.17e+03,9.30e+01,6.10e+01
1.40e+02,9.08e+02,9.40e+01,6.20e+01
1.68e+02,1.17e+03,9.60e+01,6.20e+01
2.17e+02,1.35e+03,9.50e+01,6.20e+01
1.39e+02,9.21e+02,9.70e+01,6.40e+01
2.21e+02,1.39e+03,9.80e+01,6.40e+01
1.30e+02,8.65e+02,9.30e+01,6.10e+01
1.75e+02,1.17e+03,9.40e+01,6.20e+01
1.16e+02,8.54e+02,9.60e+01,6.30e+01
2.02e+02,1.18e+03,9.80e+01,6.40e+01
1.88e+02,1.26e+03,9.30e+01,6.10e+01
9.77e+01,7.14e+02,9.40e+01,6.20e+01
1.79e+02,1.20e+03,9.60e+01,6.30e+01
1.69e+02,1.07e+03,9.70e+01,6.40e+01
1.82e+02,1.17e+03,9.80e+01,6.40e+01
1.78e+02,1.18e+03,9.30e+01,6.10e+01
1.37e+02,9.18e+02,9.40e+01,6.20e+01
1.72e+02,1.18e+03,9.60e+01,6.30e+01
1.66e+02,1.06e+03,9.70e+01,6.40e+01
1.38e+02,9.43e+02,9.70e+01,6.40e+01
3.29e+01,3.85e+02,9.30e+01,6.10e+01
1.49e+02,9.27e+02,9.40e+01,6.20e+01
9.39e+01,7.20e+02,9.30e+01,6.10e+01
1.59e+02,1.04e+03,9.30e+01,6.10e+01
1.37e+02,9.10e+02,9.50e+01,6.20e+01
1.47e+02,9.29e+02,9.60e+01,6.20e+01
1.04e+02,6.89e+02,9.70e+01,6.40e+01
1.72e+02,1.07e+03,9.50e+01,6.20e+01
1.77e+02,1.08e+03,9.60e+01,6.30e+01
3.24e+01,2.37e+02,9.40e+01,6.10e+01
1.88e+02,1.15e+03,9.30e+01,6.10e+01
1.32e+02,9.60e+02,9.30e+01,6.10e+01
2.26e+02,1.34e+03,9.60e+01,6.30e+01
1.95e+02,1.19e+03,9.40e+01,6.10e+01
8.97e+01,7.68e+02,9.60e+01,6.30e+01
1.36e+02,1.08e+03,9.40e+01,6.10e+01
2.08e+01,2.52e+02,9.70e+01,6.40e+01
6.48e+01,4.70e+02,9.40e+01,6.10e+01
1.78e+02,1.22e+03,9.30e+01,6.10e+01
1.44e+02,8.55e+02,9.40e+01,6.20e+01
1.64e+02,1.00e+03,9.90e+01,6.50e+01
1.74e+02,1.02e+03,9.60e+01,6.30e+01
1.40e+02,8.58e+02,9.70e+01,6.30e+01
1.18e+02,7.61e+02,9.70e+01,6.40e+01
1.16e+02,7.98e+02,9.70e+01,6.40e+01
1.24e+02,8.78e+02,9.40e+01,6.20e+01
1.52e+02,1.00e+03,9.40e+01,6.10e+01
1.17e+02,8.49e+02,9.70e+01,6.40e+01
1.49e+02,9.91e+02,9.50e+01,6.20e+01
1.70e+02,1.12e+03,9.50e+01,6.20e+01
1.16e+02,8.30e+02,9.30e+01,6.10e+01
1.40e+02,8.34e+02,9.70e+01,6.40e+01
1.54e+02,1.10e+03,9.60e+01,6.20e+01
2.10e+02,1.31e+03,9.80e+01,6.30e+01
9.30e+01,6.30e+02,9.80e+01,6.30e+01
1.55e+02,1.01e+03,9.40e+01,6.10e+01
1.01e+02,7.50e+02,9.50e+01,6.10e+01
1.75e+02,1.17e+03,9.90e+01,6.50e+01
1.36e+02,8.79e+02,9.70e+01,6.40e+01
1.32e+02,9.24e+02,9.30e+01,6.10e+01
1.49e+02,9.74e+02,1.00e+02,6.50e+01
1.91e+02,1.15e+03,9.30e+01,6.10e+01
1.39e+02,8.56e+02,9.70e+01,6.40e+01
1.66e+02,1.11e+03,9.50e+01,6.20e+01
1.68e+02,1.13e+03,9.40e+01,6.20e+01
1.74e+02,1.14e+03,9.40e+01,6.20e+01
1.66e+02,1.13e+03,9.40e+01,6.10e+01
1.89e+02,1.23e+03,9.40e+01,6.20e+01
1.84e+02,1.19e+03,9.40e+01,6.20e+01
1.52e+02,1.09e+03,9.30e+01,6.10e+01
1.88e+02,1.21e+03,9.30e+01,6.10e+01
1.33e+02,9.54e+02,9.60e+01,6.20e+01
1.04e+02,7.76e+02,9.40e+01,6.10e+01
1.96e+02,1.34e+03,9.50e+01,6.20e+01
1.66e+02,1.17e+03,9.30e+01,6.10e+01
1.52e+02,1.05e+03,9.30e+01,6.10e+01
1.40e+02,9.76e+02,9.30e+01,6.10e+01
1.14e+02,7.71e+02,9.60e+01,6.30e+01
1.47e+02,9.86e+02,9.70e+01,6.40e+01
1.93e+02,1.32e+03,9.30e+01,6.10e+01
1.44e+02,1.01e+03,9.50e+01,6.10e+01
1.80e+02,1.12e+03,9.70e+01,6.30e+01
1.17e+02,7.04e+02,9.40e+01,6.20e+01
1.34e+02,8.55e+02,9.60e+01,6.20e+01
8.34e+01,6.63e+02,9.70e+01,6.40e+01
1.63e+02,9.90e+02,9.80e+01,6.40e+01
2.05e+02,1.27e+03,9.30e+01,6.10e+01
2.07e+02,1.33e+03,9.30e+01,6.10e+01
1.65e+02,1.20e+03,9.60e+01,6.30e+01
1.87e+02,1.18e+03,9.40e+01,6.10e+01
1.99e+02,1.16e+03,9.40e+01,6.10e+01
1.62e+02,1.08e+03,9.50e+01,6.20e+01
1.99e+02,1.20e+03,9.60e+01,6.20e+01
1.74e+02,1.21e+03,9.70e+01,6.40e+01
1.94e+02,1.34e+03,9.80e+01,6.40e+01
1.70e+02,1.00e+03,9.40e+01,6.10e+01
1.55e+02,1.01e+03,9.40e+01,6.10e+01
1.62e+02,1.00e+03,9.40e+01,6.20e+01
1.84e+02,1.21e+03,9.30e+01,6.10e+01
1.63e+02,1.03e+03,9.70e+01,6.40e+01
1.61e+02,1.05e+03,9.60e+01,6.30e+01
1.18e+02,9.05e+02,9.30e+01,6.10e+01
1.01e+02,7.03e+02,9.60e+01,6.30e+01
1.56e+02,1.11e+03,9.70e+01,6.40e+01
9.10e+01,6.52e+02,9.90e+01,6.40e+01
1.01e+02,8.38e+02,9.30e+01,6.10e+01
1.97e+02,1.29e+03,9.90e+01,6.50e+01
1.41e+02,1.02e+03,9.70e+01,6.40e+01
1.30e+02,9.90e+02,9.70e+01,6.30e+01
7.00e+01,5.71e+02,9.70e+01,6.40e+01
1.66e+02,1.14e+03,9.60e+01,6.20e+01
1.91e+02,1.21e+03,9.30e+01,6.10e+01
1.55e+02,1.02e+03,9.40e+01,6.20e+01
1.60e+02,1.08e+03,9.70e+01,6.30e+01
2.03e+02,1.26e+03,9.60e+01,6.30e+01
1.22e+02,7.98e+02,9.30e+01,6.10e+01
1.73e+02,1.06e+03,9.30e+01,6.10e+01
2.12e+02,1.36e+03,9.60e+01,6.30e+01
1.04e+02,5.99e+02,9.90e+01,6.50e+01
1.94e+02,1.19e+03,9.80e+01,6.40e+01
1.15e+02,7.57e+02,9.50e+01,6.20e+01
1.04e+02,7.08e+02,9.30e+01,6.10e+01
1.33e+02,8.93e+02,9.40e+01,6.20e+01
1.66e+02,1.03e+03,9.60e+01,6.20e+01
1.74e+02,1.08e+03,9.70e+01,6.40e+01
1.96e+02,1.29e+03,9.70e+01,6.30e+01
2.02e+02,1.32e+03,9.70e+01,6.30e+01
8.84e+01,1.57e+02,9.40e+01,6.20e+01
1.26e+02,9.45e+02,9.90e+01,6.50e+01
1.90e+02,1.31e+03,9.70e+01,6.40e+01
1.09e+02,7.12e+02,9.90e+01,6.50e+01
1.66e+02,9.87e+02,9.40e+01,6.10e+01
1.68e+02,1.10e+03,9.60e+01,6.30e+01
1.88e+02,1.23e+03,9.30e+01,6.10e+01
1.29e+02,9.89e+02,9.40e+01,6.10e+01
1.46e+02,1.01e+03,9.80e+01,6.30e+01
1.63e+02,1.01e+03,9.60e+01,6.20e+01
1.73e+02,1.17e+03,9.30e+01,6.10e+01
1.56e+02,1.13e+03,9.60e+01,6.20e+01
2.07e+02,1.37e+03,9.30e+01,6.10e+01
1.13e+02,7.86e+02,9.70e+01,6.40e+01
1.12e+02,7.81e+02,9.40e+01,6.20e+01
1.26e+02,8.65e+02,9.50e+01,6.20e+01
9.97e+01,7.56e+02,9.50e+01,6.20e+01
2.24e+02,1.29e+03,9.70e+01,6.30e+01
1.97e+02,1.29e+03,9.40e+01,6.10e+01
2.12e+02,1.35e+03,9.30e+01,6.10e+01
1.20e+02,7.79e+02,9.50e+01,6.10e+01
1.15e+02,8.60e+02,9.70e+01,6.30e+01
1.75e+02,1.12e+03,9.70e+01,6.40e+01
1.62e+02,1.04e+03,9.40e+01,6.20e+01
1.63e+02,1.08e+03,9.70e+01,6.30e+01
1.29e+02,9.90e+02,9.30e+01,6.10e+01
1.44e+02,9.57e+02,9.70e+01,6.30e+01
8.70e+01,7.75e+02,9.80e+01,6.40e+01
1.91e+02,1.24e+03,9.40e+01,6.10e+01
2.14e+02,1.34e+03,9.30e+01,6.10e+01
1.74e+02,1.07e+03,9.70e+01,6.40e+01
1.15e+02,8.24e+02,9.30e+01,6.10e+01
1.16e+02,8.22e+02,9.40e+01,6.10e+01
1.37e+02,9.79e+02,9.40e+01,6.20e+01
1.44e+02,1.01e+03,9.40e+01,6.20e+01
1.63e+02,1.13e+03,9.90e+01,6.50e+01
7.48e+01,5.57e+02,9.60e+01,6.20e+01
1.62e+02,9.77e+02,9.50e+01,6.20e+01
1.16e+02,7.70e+02,9.60e+01,6.20e+01
1.00e+02,7.57e+02,9.30e+01,6.10e+01
1.78e+02,1.02e+03,9.30e+01,6.10e+01
1.50e+02,9.45e+02,9.50e+01,6.20e+01
1.71e+02,1.12e+03,9.30e+01,6.10e+01
1.97e+02,1.32e+03,9.60e+01,6.30e+01
1.93e+02,1.12e+03,9.30e+01,6.10e+01
1.58e+02,1.13e+03,9.40e+01,6.10e+01
2.13e+02,1.29e+03,9.80e+01,6.40e+01
1.42e+02,8.77e+02,9.30e+01,6.10e+01
2.05e+02,1.30e+03,9.30e+01,6.10e+01
1.35e+02,8.73e+02,9.30e+01,6.10e+01
1.39e+02,9.77e+02,9.70e+01,6.40e+01
1.69e+02,1.05e+03,9.70e+01,6.40e+01
1.23e+02,9.37e+02,9.80e+01,6.40e+01
1.97e+02,1.21e+03,9.50e+01,6.30e+01
1.87e+02,1.25e+03,9.30e+01,6.10e+01
1.64e+02,1.07e+03,9.60e+01,6.20e+01
1.20e+02,9.41e+02,9.90e+01,6.50e+01
1.20e+02,8.40e+02,9.70e+01,6.30e+01
1.78e+02,1.32e+03,9.30e+01,6.10e+01
1.28e+02,8.18e+02,9.40e+01,6.20e+01
8.95e+01,6.80e+02,9.40e+01,6.20e+01
1.72e+02,1.12e+03,9.60e+01,6.30e+01
1.05e+02,7.58e+02,9.50e+01,6.20e+01
1.41e+02,8.58e+02,9.40e+01,6.10e+01
1.08e+02,7.68e+02,9.50e+01,6.20e+01
1.85e+02,1.16e+03,9.40e+01,6.20e+01
2.23e+02,1.35e+03,9.30e+01,6.10e+01
1.98e+02,1.26e+03,9.30e+01,6.10e+01
1.22e+02,8.72e+02,9.30e+01,6.10e+01
9.89e+01,7.50e+02,9.90e+01,6.50e+01
1.82e+02,1.18e+03,9.70e+01,6.30e+01
1.90e+02,1.22e+03,9.30e+01,6.10e+01
8.15e+01,5.70e+02,9.30e+01,6.10e+01
1.98e+02,1.16e+03,9.30e+01,6.10e+01
1.56e+02,1.03e+03,9.80e+01,6.30e+01
1.16e+02,9.39e+02,9.60e+01,6.30e+01
1.23e+02,8.34e+02,9.60e+01,6.20e+01
5.20e+01,3.47e+02,9.40e+01,6.20e+01
1.59e+02,1.13e+03,9.70e+01,6.40e+01
1.23e+02,8.18e+02,9.60e+01,6.30e+01
1.39e+02,9.41e+02,9.50e+01,6.20e+01
1.97e+02,1.25e+03,9.30e+01,6.10e+01
1.13e+02,7.27e+02,9.30e+01,6.10e+01
1.99e+02,1.32e+03,9.60e+01,6.20e+01
1.61e+02,1.03e+03,9.60e+01,6.30e+01
1.63e+02,1.11e+03,9.40e+01,6.20e+01
1.39e+02,1.00e+03,9.70e+01,6.40e+01
1.89e+02,1.23e+03,9.80e+01,6.30e+01
1.94e+02,1.25e+03,9.80e+01,6.30e+01
1.20e+02,8.40e+02,9.70e+01,6.40e+01
2.03e+02,1.35e+03,9.70e+01,6.40e+01
1.50e+02,9.47e+02,9.40e+01,6.20e+01
1.02e+02,7.08e+02,9.30e+01,6.10e+01
1.61e+02,1.07e+03,9.40e+01,6.10e+01
1.47e+02,9.66e+02,9.50e+01,6.10e+01
1.36e+02,9.16e+02,9.80e+01,6.40e+01
1.66e+02,1.09e+03,9.60e+01,6.30e+01
1.97e+02,1.38e+03,9.70e+01,6.30e+01
1.27e+02,8.53e+02,9.40e+01,6.20e+01
1.67e+02,1.14e+03,9.50e+01,6.10e+01
1.67e+02,1.11e+03,9.60e+01,6.20e+01
1.85e+02,1.15e+03,9.40e+01,6.10e+01
1.69e+02,1.12e+03,9.80e+01,6.40e+01
1.63e+02,1.09e+03,9.40e+01,6.10e+01
1.33e+02,8.69e+02,9.60e+01,6.30e+01
1.38e+02,8.67e+02,9.50e+01,6.20e+01
1.21e+02,8.96e+02,9.50e+01,6.20e+01
1.49e+02,1.10e+03,9.60e+01,6.30e+01
1.19e+02,7.92e+02,9.60e+01,6.20e+01
1.33e+02,8.33e+02,9.30e+01,6.10e+01
1.40e+02,9.04e+02,9.40e+01,6.20e+01
1.59e+02,1.11e+03,9.30e+01,6.10e+01
1.90e+02,1.18e+03,9.70e+01,6.30e+01
1.71e+02,1.13e+03,9.80e+01,6.30e+01
1.12e+02,7.76e+02,9.60e+01,6.20e+01
1.80e+02,1.09e+03,9.80e+01,6.40e+01
1.75e+02,1.10e+03,9.30e+01,6.10e+01
1.72e+02,1.14e+03,9.80e+01,6.40e+01
1.17e+02,8.08e+02,9.40e+01,6.20e+01
1.39e+02,8.72e+02,9.60e+01,6.30e+01
8.81e+01,6.40e+02,9.50e+01,6.20e+01
1.05e+02,6.80e+02,9.80e+01,6.40e+01
1.70e+02,1.08e+03,9.60e+01,6.30e+01
1.70e+02,1.14e+03,9.70e+01,6.40e+01
1.43e+02,1.06e+03,9.30e+01,6.10e+01
2.10e+02,1.22e+03,9.40e+01,6.10e+01
-2.65e+01,5.59e+01,9.40e+01,6.20e+01
1.90e+02,1.28e+03,9.30e+01,6.10e+01
1.35e+02,9.11e+02,9.50e+01,6.10e+01
1.69e+02,1.12e+03,9.40e+01,6.10e+01
1.97e+02,1.33e+03,9.60e+01,6.20e+01
1.71e+02,1.13e+03,9.80e+01,6.40e+01
1.10e+02,7.57e+02,9.30e+01,6.10e+01
1.83e+02,1.10e+03,9.70e+01,6.30e+01
1.49e+02,1.09e+03,9.30e+01,6.10e+01
1.47e+02,8.72e+02,9.70e+01,6.40e+01
1.99e+02,1.26e+03,9.70e+01,6.20e+01
1.41e+02,9.43e+02,9.70e+01,6.30e+01
1.65e+02,1.15e+03,9.80e+01,6.30e+01
1.62e+02,9.59e+02,9.30e+01,6.10e+01
-5.07e+01,-2.40e+01,9.70e+01,6.40e+01
1.22e+02,8.20e+02,9.80e+01,6.40e+01
1.82e+02,1.18e+03,9.90e+01,6.40e+01
1.61e+02,1.08e+03,9.70e+01,6.40e+01
1.63e+02,9.36e+02,9.50e+01,6.20e+01
9.61e+01,6.56e+02,9.70e+01,6.30e+01
9.91e+01,6.70e+02,9.60e+01,6.30e+01
2.08e+02,1.35e+03,9.30e+01,6.10e+01
6.49e+01,4.29e+02,9.30e+01,6.10e+01
1.43e+02,9.38e+02,9.50e+01,6.20e+01
1.97e+02,1.26e+03,9.70e+01,6.40e+01
1.72e+02,1.10e+03,9.60e+01,6.30e+01
8.25e+01,6.19e+02,9.70e+01,6.30e+01
1.56e+02,1.07e+03,9.30e+01,6.10e+01
2.18e+02,1.31e+03,9.30e+01,6.10e+01
1.58e+02,1.05e+03,9.70e+01,6.40e+01
1.64e+02,1.20e+03,9.70e+01,6.30e+01
2.10e+02,1.33e+03,9.40e+01,6.10e+01
1.54e+02,1.11e+03,9.70e+01,6.30e+01
1.54e+02,1.00e+03,9.30e+01,6.10e+01
1.61e+02,1.02e+03,9.50e+01,6.20e+01
1.49e+02,9.89e+02,9.50e+01,6.20e+01
1.28e+02,8.52e+02,9.50e+01,6.20e+01
1.77e+02,1.18e+03,9.30e+01,6.10e+01
1.65e+02,9.67e+02,9.60e+01,6.30e+01
1.95e+02,1.23e+03,9.70e+01,6.20e+01
2.04e+02,1.26e+03,9.30e+01,6.10e+01
2.88e+01,2.39e+02,9.50e+01,6.20e+01
1.67e+02,9.95e+02,9.70e+01,6.40e+01
1.92e+02,1.26e+03,9.90e+01,6.50e+01
1.68e+02,1.04e+03,9.90e+01,6.50e+01
2.11e+02,1.21e+03,9.30e+01,6.10e+01
8.89e+01,7.20e+02,9.30e+01,6.10e+01
1.76e+02,1.12e+03,9.70e+01,6.20e+01
1.98e+02,1.16e+03,9.30e+01,6.10e+01
1.66e+02,1.20e+03,9.60e+01,6.20e+01
1.89e+02,1.20e+03,1.00e+02,6.50e+01
1.72e+02,1.20e+03,9.70e+01,6.30e+01
2.24e+02,1.34e+03,9.60e+01,6.20e+01
1.68e+02,1.07e+03,9.30e+01,6.10e+01
1.80e+02,1.29e+03,9.60e+01,6.30e+01
8.10e+01,5.42e+02,9.70e+01,6.30e+01
1.22e+02,8.69e+02,9.40e+01,6.10e+01
1.57e+02,1.00e+03,9.70e+01,6.40e+01
1.57e+02,1.13e+03,9.60e+01,6.20e+01
1.14e+02,8.14e+02,9.40e+01,6.10e+01
1.82e+02,1.15e+03,9.30e+01,6.10e+01
1.23e+02,7.98e+02,9.80e+01,6.40e+01
1.69e+02,1.17e+03,9.60e+01,6.30e+01
1.09e+02,7.80e+02,9.50e+01,6.20e+01
1.23e+02,8.47e+02,9.60e+01,6.20e+01
1.55e+02,1.00e+03,9.80e+01,6.50e+01
1.68e+02,1.15e+03,9.50e+01,6.10e+01
1.97e+02,1.26e+03,9.60e+01,6.30e+01
1.09e+02,7.71e+02,9.90e+01,6.40e+01
1.95e+02,1.32e+03,9.80e+01,6.40e+01
1.63e+02,1.23e+03,9.70e+01,6.40e+01
1.83e+02,1.18e+03,9.40e+01,6.20e+01
2.17e+02,1.35e+03,9.50e+01,6.20e+01
1.34e+02,8.97e+02,9.40e+01,6.20e+01
1.35e+02,9.38e+02,9.60e+01,6.30e+01
1.36e+02,8.71e+02,9.60e+01,6.30e+01
1.54e+02,9.85e+02,9.40e+01,6.10e+01
9.74e+01,7.38e+02,9.30e+01,6.10e+01
1.77e+02,1.34e+03,9.30e+01,6.10e+01
1.50e+02,9.72e+02,9.40e+01,6.20e+01
1.51e+02,9.93e+02,9.60e+01,6.30e+01
8.79e+01,7.18e+02,9.50e+01,6.20e+01
1.96e+02,1.28e+03,9.30e+01,6.10e+01
1.83e+02,1.27e+03,9.50e+01,6.20e+01
1.93e+02,1.31e+03,9.70e+01,6.30e+01
1.89e+02,1.14e+03,9.70e+01,6.30e+01
1.26e+02,8.94e+02,9.40e+01,6.10e+01
1.39e+02,9.15e+02,9.60e+01,6.20e+01
2.04e+02,1.29e+03,9.90e+01,6.50e+01
1.62e+02,1.12e+03,9.80e+01,6.40e+01
1.43e+02,9.40e+02,9.30e+01,6.10e+01
1.34e+02,9.82e+02,9.30e+01,6.10e+01
1.65e+02,1.13e+03,9.60e+01,6.30e+01
2.15e+02,1.31e+03,9.40e+01,6.20e+01
1.33e+02,9.24e+02,9.70e+01,6.40e+01
1.10e+02,7.61e+02,9.40e+01,6.10e+01
9.49e+01,7.14e+02,9.70e+01,6.40e+01
1.32e+02,9.31e+02,9.30e+01,6.10e+01
1.46e+02,9.58e+02,9.30e+01,6.10e+01
1.25e+02,8.83e+02,9.30e+01,6.10e+01
1.40e+02,1.01e+03,9.40e+01,6.20e+01
1.66e+02,1.15e+03,9.90e+01,6.50e+01
1.96e+02,1.21e+03,9.70e+01,6.30e+01
1.41e+02,1.04e+03,9.30e+01,6.10e+01
1.18e+02,7.20e+02,9.30e+01,6.10e+01
-6.59e+00,1.56e+02,9.30e+01,6.10e+01
1.95e+02,1.16e+03,9.70e+01,6.40e+01
1.36e+02,9.16e+02,9.30e+01,6.10e+01
1.06e+02,7.59e+02,9.70e+01,6.40e+01
1.90e+02,1.25e+03,9.30e+01,6.10e+01
1.82e+02,1.10e+03,9.60e+01,6.30e+01
1.78e+02,1.12e+03,9.80e+01,6.40e+01
1.96e+02,1.29e+03,9.60e+01,6.30e+01
1.32e+02,8.91e+02,9.30e+01,6.10e+01
1.79e+02,1.18e+03,9.70e+01,6.40e+01
1.40e+02,9.58e+02,9.50e+01,6.10e+01
1.66e+02,1.06e+03,9.30e+01,6.10e+01
2.20e+02,1.33e+03,9.30e+01,6.10e+01
1.97e+02,1.20e+03,9.60e+01,6.30e+01
1.77e+02,1.23e+03,9.80e+01,6.40e+01
1.72e+02,1.06e+03,9.30e+01,6.10e+01
1.64e+02,1.05e+03,9.30e+01,6.10e+01
2.12e+02,1.36e+03,9.40e+01,6.10e+01
1.48e+02,1.03e+03,9.70e+01,6.30e+01
1.75e+02,1.10e+03,9.40e+01,6.10e+01
1.16e+02,7.85e+02,9.70e+01,6.40e+01
1.29e+02,8.29e+02,9.90e+01,6.50e+01
1.44e+02,9.53e+02,9.60e+01,6.30e+01
1.59e+02,1.11e+03,9.30e+01,6.10e+01
1.44e+02,1.05e+03,9.40e+01,6.20e+01
1.70e+02,1.13e+03,9.50e+01,6.20e+01
1.18e+02,7.95e+02,9.70e+01,6.40e+01
1.75e+02,1.13e+03,9.60e+01,6.20e+01
1.48e+02,8.86e+02,9.30e+01,6.10e+01
2.08e+02,1.28e+03,9.70e+01,6.40e+01
1.17e+02,7.52e+02,9.30e+01,6.10e+01
1.48e+02,9.01e+02,9.70e+01,6.40e+01
1.04e+02,6.53e+02,9.90e+01,6.50e+01
1.21e+02,8.61e+02,9.50e+01,6.20e+01
1.39e+02,9.24e+02,9.40e+01,6.10e+01
1.42e+02,1.04e+03,9.40e+01,6.20e+01
1.24e+02,9.35e+02,9.40e+01,6.10e+01
1.82e+02,1.23e+03,1.00e+02,6.50e+01
4.29e+01,3.51e+02,9.40e+01,6.10e+01
1.98e+02,1.35e+03,9.60e+01,6.20e+01
1.46e+02,9.44e+02,9.70e+01,6.40e+01
1.14e+02,7.98e+02,9.70e+01,6.40e+01
1.37e+02,9.24e+02,9.30e+01,6.10e+01
1.91e+02,1.21e+03,9.70e+01,6.30e+01
1.31e+02,9.39e+02,9.30e+01,6.10e+01
1.61e+02,1.11e+03,9.90e+01,6.40e+01
1.23e+02,8.42e+02,9.60e+01,6.20e+01
1.71e+02,1.08e+03,9.40e+01,6.20e+01
7.38e+01,1.59e+02,9.40e+01,6.20e+01
1.11e+02,7.30e+02,9.70e+01,6.40e+01
1.74e+02,1.03e+03,9.40e+01,6.20e+01
1.36e+02,1.03e+03,9.70e+01,6.40e+01
1.18e+02,8.33e+02,9.70e+01,6.40e+01
9.43e+00,2.85e+02,9.30e+01,6.10e+01
1.75e+02,1.10e+03,9.50e+01,6.20e+01
1.14e+02,8.90e+02,9.50e+01,6.20e+01
-4.07e+01,-1.87e+01,9.40e+01,6.20e+01
1.74e+02,1.28e+03,9.80e+01,6.40e+01
1.62e+02,9.86e+02,9.70e+01,6.30e+01
1.30e+02,3.76e+02,9.40e+01,6.20e+01
1.47e+02,1.01e+03,9.30e+01,6.10e+01
1.31e+02,8.99e+02,9.40e+01,6.20e+01
1.80e+02,1.22e+03,9.30e+01,6.10e+01
1.50e+02,9.62e+02,9.30e+01,6.10e+01
1.28e+02,9.17e+02,9.40e+01,6.10e+01
1.03e+02,6.83e+02,9.50e+01,6.20e+01
1.41e+02,9.07e+02,9.60e+01,6.30e+01
1.58e+02,1.09e+03,9.30e+01,6.10e+01
1.69e+02,1.13e+03,9.30e+01,6.10e+01
2.04e+02,1.38e+03,9.40e+01,6.10e+01
1.86e+02,1.13e+03,9.30e+01,6.10e+01
1.63e+02,1.19e+03,9.70e+01,6.40e+01
1.83e+02,1.11e+03,9.60e+01,6.20e+01
1.27e+02,7.13e+02,9.40e+01,6.10e+01
1.25e+02,8.62e+02,9.70e+01,6.40e+01
1.69e+02,1.08e+03,9.80e+01,6.30e+01
2.01e+02,1.22e+03,9.30e+01,6.10e+01
1.55e+02,1.08e+03,9.50e+01,6.20e+01
