-2.18e+02,-5.73e+01,1.10e+01,1.00e+01
-2.17e+02,-5.80e+01,1.10e+01,1.00e+01
-2.21e+02,-5.89e+01,1.40e+01,1.10e+01
-2.21e+02,-6.83e+01,1.50e+01,1.20e+01
-2.20e+02,-7.39e+01,1.20e+01,1.00e+01
-2.27e+02,-7.89e+01,1.20e+01,1.00e+01
-2.23e+02,-5.78e+01,1.30e+01,1.10e+01
-2.24e+02,-7.01e+01,1.30e+01,1.20e+01
-2.18e+02,-5.87e+01,1.20e+01,1.00e+01
-2.22e+02,-6.47e+01,1.20e+01,1.10e+01
-2.24e+02,-5.98e+01,1.20e+01,1.00e+01
-2.28e+02,-8.17e+01,1.10e+01,1.00e+01
-2.24e+02,-6.25e+01,1.00e+01,1.00e+01
-2.17e+02,-5.67e+01,1.30e+01,1.10e+01
-2.21e+02,-6.38e+01,1.00e+01,1.00e+01
-2.29e+02,-6.46e+01,1.00e+01,1.00e+01
-2.23e+02,-7.08e+01,1.10e+01,1.00e+01
-2.24e+02,-5.95e+01,1.00e+01,1.00e+01
-2.38e+02,-7.33e+01,1.30e+01,1.10e+01
-2.19e+02,-6.47e+01,1.30e+01,1.10e+01
-2.22e+02,-6.30e+01,1.20e+01,1.00e+01
-2.22e+02,-6.34e+01,1.20e+01,1.10e+01
-2.24e+02,-6.34e+01,1.10e+01,1.00e+01
-2.21e+02,-6.34e+01,1.00e+01,1.00e+01
-2.21e+02,-6.30e+01,1.10e+01,1.00e+01
-2.21e+02,-6.62e+01,1.10e+01,1.00e+01
-3.83e+02,-1.38e+02,1.40e+01,1.20e+01
-5.00e+02,-5.00e+02,1.30e+01,1.10e+01
-2.23e+02,-6.03e+01,1.40e+01,1.10e+01
-2.18e+02,-6.40e+01,1.20e+01,1.00e+01
-2.20e+02,-6.00e+01,1.60e+01,1.30e+01
-3.26e+02,-1.55e+02,1.30e+01,1.20e+01
-2.35e+02,-7.73e+01,1.00e+01,1.00e+01
-5.00e+02,-5.00e+02,1.30e+01,1.10e+01
-2.35e+02,-9.58e+01,1.20e+01,1.10e+01
-5.00e+02,-4.99e+02,1.50e+01,1.20e+01
-3.39e+02,-1.38e+02,1.50e+01,1.10e+01
-2.22e+02,-6.44e+01,1.20e+01,1.10e+01
-5.00e+02,-5.00e+02,1.30e+01,1.10e+01
-2.46e+02,-9.10e+01,1.50e+01,1.20e+01
-2.19e+02,-5.67e+01,1.20e+01,1.10e+01
-2.27e+02,-6.88e+01,1.30e+01,1.10e+01
-2.22e+02,-6.18e+01,1.30e+01,1.00e+01
-2.25e+02,-7.05e+01,1.00e+01,1.00e+01
-2.19e+02,-5.82e+01,1.30e+01,1.10e+01
-2.27e+02,-6.17e+01,1.50e+01,1.20e+01
-2.20e+02,-5.66e+01,1.50e+01,1.10e+01
-4.95e+02,-4.71e+02,1.20e+01,1.00e+01
-2.24e+02,-5.62e+01,1.20e+01,1.00e+01
-5.00e+02,-5.00e+02,1.30e+01,1.10e+01
-2.21e+02,-6.85e+01,1.10e+01,1.00e+01
-5.00e+02,-5.00e+02,1.20e+01,1.10e+01
-2.25e+02,-6.89e+01,1.50e+01,1.10e+01
-5.00e+02,-4.99e+02,1.20e+01,1.10e+01
-2.28e+02,-8.08e+01,1.40e+01,1.10e+01
-4.99e+02,-4.95e+02,1.20e+01,1.00e+01
-2.21e+02,-6.55e+01,1.10e+01,1.00e+01
-3.41e+02,-1.24e+02,1.30e+01,1.10e+01
-2.23e+02,-6.09e+01,1.20e+01,1.00e+01
-4.59e+02,-2.53e+02,1.50e+01,1.20e+01
-2.20e+02,-6.34e+01,1.20e+01,1.10e+01
-2.17e+02,-5.74e+01,1.20e+01,1.00e+01
-3.21e+02,-1.23e+02,1.40e+01,1.10e+01
-4.99e+02,-4.94e+02,1.20e+01,1.00e+01
-2.23e+02,-5.35e+01,1.20e+01,1.00e+01
-2.19e+02,-5.68e+01,1.20e+01,1.00e+01
-4.49e+02,-3.34e+02,1.20e+01,1.00e+01
-5.00e+02,-5.00e+02,1.50e+01,1.10e+01
-2.24e+02,-7.70e+01,1.30e+01,1.20e+01
-2.19e+02,-5.33e+01,1.10e+01,1.00e+01
-2.21e+02,-6.45e+01,1.40e+01,1.10e+01
-5.00e+02,-5.00e+02,1.50e+01,1.10e+01
-2.21e+02,-5.01e+01,1.10e+01,1.00e+01
-5.00e+02,-5.00e+02,1.20e+01,1.10e+01
-2.43e+02,-8.41e+01,1.30e+01,1.10e+01
-4.98e+02,-4.92e+02,1.20e+01,1.00e+01
-2.15e+02,-6.09e+01,1.20e+01,1.00e+01
-2.30e+02,-7.93e+01,1.40e+01,1.10e+01
-5.00e+02,-5.00e+02,1.50e+01,1.10e+01
-2.23e+02,-6.37e+01,1.30e+01,1.00e+01
-2.20e+02,-6.40e+01,1.30e+01,1.10e+01
-5.00e+02,-5.00e+02,1.60e+01,1.30e+01
-2.26e+02,-6.42e+01,1.20e+01,1.00e+01
-2.26e+02,-7.65e+01,1.10e+01,1.00e+01
-2.20e+02,-6.30e+01,1.00e+01,1.00e+01
-2.20e+02,-5.72e+01,1.10e+01,1.00e+01
-2.21e+02,-6.18e+01,1.50e+01,1.10e+01
-2.19e+02,-5.60e+01,1.20e+01,1.10e+01
-2.30e+02,-6.03e+01,1.40e+01,1.10e+01
-4.98e+02,-4.86e+02,1.30e+01,1.20e+01
-2.13e+02,-6.44e+01,1.40e+01,1.20e+01
-2.22e+02,-5.50e+01,1.20e+01,1.00e+01
-2.25e+02,-5.71e+01,1.60e+01,1.20e+01
-4.56e+02,-2.35e+02,1.50e+01,1.20e+01
-2.21e+02,-7.11e+01,1.20e+01,1.00e+01
-3.50e+02,-1.55e+02,1.10e+01,1.00e+01
-2.29e+02,-7.74e+01,1.50e+01,1.20e+01
-2.17e+02,-6.29e+01,1.40e+01,1.10e+01
-2.16e+02,-5.30e+01,1.30e+01,1.20e+01
-2.31e+02,-6.92e+01,1.50e+01,1.10e+01
-5.00e+02,-5.00e+02,1.10e+01,1.00e+01
-2.24e+02,-6.80e+01,1.50e+01,1.20e+01
-2.22e+02,-5.44e+01,1.20e+01,1.00e+01
-2.24e+02,-6.99e+01,1.70e+01,1.30e+01
-2.17e+02,-6.09e+01,1.10e+01,1.00e+01
-2.66e+02,-9.56e+01,1.20e+01,1.10e+01
-2.24e+02,-6.31e+01,1.20e+01,1.00e+01
-4.43e+02,-1.58e+02,1.10e+01,1.00e+01
-3.85e+02,-1.19e+02,1.60e+01,1.30e+01
-2.20e+02,-6.70e+01,1.10e+01,1.00e+01
-2.42e+02,-6.25e+01,1.50e+01,1.20e+01
-2.34e+02,-7.98e+01,1.30e+01,1.20e+01
-2.21e+02,-6.46e+01,1.40e+01,1.10e+01
-4.94e+02,-4.67e+02,1.20e+01,1.10e+01
-2.17e+02,-5.68e+01,1.30e+01,1.00e+01
-2.96e+02,-1.27e+02,1.10e+01,1.00e+01
-2.19e+02,-5.75e+01,1.10e+01,1.00e+01
-2.25e+02,-7.42e+01,1.20e+01,1.00e+01
-2.21e+02,-6.18e+01,1.10e+01,1.00e+01
-2.31e+02,-6.85e+01,1.50e+01,1.10e+01
-2.20e+02,-6.25e+01,1.50e+01,1.10e+01
-5.00e+02,-5.00e+02,1.20e+01,1.00e+01
-2.18e+02,-6.13e+01,1.10e+01,1.00e+01
-2.22e+02,-5.21e+01,1.20e+01,1.00e+01
-2.31e+02,-7.09e+01,1.20e+01,1.00e+01
-5.00e+02,-5.00e+02,1.40e+01,1.10e+01
-2.50e+02,-9.46e+01,1.20e+01,1.10e+01
-2.18e+02,-6.26e+01,1.40e+01,1.20e+01
-2.19e+02,-6.09e+01,1.10e+01,1.00e+01
-2.17e+02,-6.00e+01,1.30e+01,1.10e+01
-2.95e+02,-1.24e+02,1.30e+01,1.20e+01
-2.21e+02,-6.35e+01,1.20e+01,1.00e+01
-2.35e+02,-7.11e+01,1.50e+01,1.20e+01
-5.00e+02,-4.99e+02,1.10e+01,1.00e+01
-2.23e+02,-7.30e+01,1.10e+01,1.00e+01
-2.22e+02,-5.48e+01,1.10e+01,1.00e+01
-2.22e+02,-6.71e+01,1.10e+01,1.00e+01
-2.20e+02,-6.17e+01,1.20e+01,1.00e+01
-4.81e+02,-3.85e+02,1.30e+01,1.20e+01
-2.28e+02,-8.14e+01,1.00e+01,1.00e+01
-5.00e+02,-5.00e+02,1.20e+01,1.00e+01
-3.10e+02,-1.11e+02,1.20e+01,1.00e+01
-2.18e+02,-5.40e+01,1.10e+01,1.00e+01
-5.00e+02,-5.00e+02,1.10e+01,1.00e+01
-5.00e+02,-5.00e+02,1.60e+01,1.20e+01
-3.28e+02,-1.16e+02,1.20e+01,1.10e+01
-2.20e+02,-6.24e+01,1.00e+01,1.00e+01
-5.00e+02,-4.99e+02,1.20e+01,1.10e+01
-5.00e+02,-5.00e+02,1.40e+01,1.10e+01
-2.30e+02,-6.45e+01,1.20e+01,1.10e+01
-2.22e+02,-6.68e+01,1.30e+01,1.10e+01
-4.98e+02,-4.87e+02,1.10e+01,1.00e+01
-2.28e+02,-7.67e+01,1.40e+01,1.10e+01
-4.98e+02,-4.88e+02,1.20e+01,1.00e+01
-2.22e+02,-7.06e+01,1.40e+01,1.20e+01
-3.05e+02,-1.63e+02,1.40e+01,1.20e+01
-2.25e+02,-7.03e+01,1.50e+01,1.10e+01
-3.82e+02,-2.58e+02,1.20e+01,1.00e+01
-4.99e+02,-4.96e+02,1.30e+01,1.00e+01
-2.20e+02,-6.29e+01,1.40e+01,1.20e+01
-2.27e+02,-6.20e+01,1.60e+01,1.30e+01
-2.25e+02,-6.52e+01,1.40e+01,1.20e+01
-2.24e+02,-6.03e+01,1.00e+01,1.00e+01
-4.99e+02,-4.98e+02,1.40e+01,1.20e+01
-2.42e+02,-7.07e+01,1.20e+01,1.10e+01
-5.00e+02,-5.00e+02,1.30e+01,1.00e+01
-4.00e+02,-1.49e+02,1.10e+01,1.10e+01
-5.00e+02,-5.00e+02,1.30e+01,1.10e+01
-3.60e+02,-1.25e+02,1.30e+01,1.10e+01
-4.99e+02,-4.95e+02,1.20e+01,1.10e+01
-2.17e+02,-5.84e+01,1.40e+01,1.20e+01
-2.21e+02,-6.35e+01,1.30e+01,1.00e+01
-2.20e+02,-5.79e+01,1.40e+01,1.10e+01
-2.27e+02,-5.75e+01,1.50e+01,1.20e+01
-2.25e+02,-7.59e+01,1.40e+01,1.10e+01
-3.68e+02,-1.78e+02,1.20e+01,1.00e+01
-4.39e+02,-1.35e+02,1.10e+01,1.00e+01
-5.00e+02,-5.00e+02,1.00e+01,1.00e+01
-2.19e+02,-6.05e+01,1.20e+01,1.00e+01
-2.18e+02,-5.38e+01,1.20e+01,1.00e+01
-2.18e+02,-5.55e+01,1.10e+01,1.00e+01
-4.61e+02,-2.70e+02,1.40e+01,1.30e+01
-4.98e+02,-4.89e+02,1.60e+01,1.30e+01
-2.22e+02,-7.01e+01,1.10e+01,1.00e+01
-4.72e+02,-3.36e+02,1.40e+01,1.30e+01
-2.14e+02,-5.15e+01,1.10e+01,1.00e+01
-2.22e+02,-5.27e+01,1.60e+01,1.30e+01
-5.00e+02,-4.99e+02,1.50e+01,1.20e+01
-2.23e+02,-6.13e+01,1.50e+01,1.10e+01
-5.00e+02,-5.00e+02,1.40e+01,1.20e+01
-2.32e+02,-7.20e+01,1.40e+01,1.10e+01
-2.23e+02,-6.92e+01,1.60e+01,1.30e+01
