-1.45e+02,-4.96e+01,1.75e+02,6.50e+01
-1.48e+02,-5.18e+01,1.76e+02,6.60e+01
-1.42e+02,-4.75e+01,1.76e+02,6.60e+01
-1.40e+02,-4.79e+01,1.75e+02,6.50e+01
-1.40e+02,-5.82e+01,1.75e+02,6.50e+01
-1.49e+02,-5.78e+01,1.78e+02,6.60e+01
-1.41e+02,-5.48e+01,1.79e+02,6.60e+01
-1.37e+02,-4.58e+01,1.76e+02,6.50e+01
-1.42e+02,-5.00e+01,1.76e+02,6.60e+01
-1.41e+02,-4.44e+01,1.78e+02,6.70e+01
-1.39e+02,-4.77e+01,1.78e+02,6.70e+01
-1.39e+02,-5.43e+01,1.75e+02,6.50e+01
-1.43e+02,-4.90e+01,1.77e+02,6.60e+01
-1.48e+02,-5.15e+01,1.78e+02,6.60e+01
-1.49e+02,-4.74e+01,1.77e+02,6.60e+01
-1.42e+02,-5.18e+01,1.78e+02,6.60e+01
-1.55e+02,-6.84e+01,1.76e+02,6.60e+01
-1.43e+02,-4.80e+01,1.75e+02,6.50e+01
-1.43e+02,-4.64e+01,1.76e+02,6.50e+01
-1.36e+02,-4.79e+01,1.77e+02,6.60e+01
-1.42e+02,-4.75e+01,1.76e+02,6.60e+01
-1.41e+02,-4.81e+01,1.79e+02,6.70e+01
-1.40e+02,-4.69e+01,1.75e+02,6.50e+01
-1.48e+02,-5.67e+01,1.76e+02,6.50e+01
-1.42e+02,-5.00e+01,1.79e+02,6.70e+01
-1.40e+02,-4.77e+01,1.80e+02,6.80e+01
-1.42e+02,-5.01e+01,1.78e+02,6.70e+01
-1.40e+02,-4.84e+01,1.79e+02,6.70e+01
-1.41e+02,-4.36e+01,1.76e+02,6.50e+01
-1.48e+02,-5.21e+01,1.75e+02,6.50e+01
-1.55e+02,-5.60e+01,1.76e+02,6.60e+01
-1.48e+02,-4.50e+01,1.78e+02,6.70e+01
-1.55e+02,-5.85e+01,1.78e+02,6.60e+01
-1.41e+02,-5.17e+01,1.77e+02,6.70e+01
-1.45e+02,-4.82e+01,1.76e+02,6.60e+01
-1.39e+02,-4.50e+01,1.79e+02,6.70e+01
-1.48e+02,-5.51e+01,1.78e+02,6.60e+01
-1.41e+02,-5.65e+01,1.76e+02,6.50e+01
-1.51e+02,-6.46e+01,1.77e+02,6.60e+01
-1.41e+02,-5.56e+01,1.76e+02,6.60e+01
-1.42e+02,-4.47e+01,1.77e+02,6.70e+01
-1.41e+02,-4.52e+01,1.77e+02,6.60e+01
-1.49e+02,-4.86e+01,1.77e+02,6.50e+01
-5.00e+02,-5.00e+02,1.78e+02,6.60e+01
-1.39e+02,-4.71e+01,1.77e+02,6.60e+01
-1.49e+02,-6.26e+01,1.76e+02,6.60e+01
-5.00e+02,-5.00e+02,1.77e+02,6.50e+01
-5.00e+02,-5.00e+02,1.76e+02,6.50e+01
-1.45e+02,-5.48e+01,1.77e+02,6.50e+01
-1.40e+02,-4.62e+01,1.79e+02,6.70e+01
-1.39e+02,-4.43e+01,1.79e+02,6.70e+01
-1.49e+02,-5.34e+01,1.77e+02,6.70e+01
-1.40e+02,-5.22e+01,1.77e+02,6.60e+01
-1.36e+02,-4.71e+01,1.76e+02,6.50e+01
-1.42e+02,-5.32e+01,1.77e+02,6.60e+01
-5.00e+02,-5.00e+02,1.77e+02,6.60e+01
-1.43e+02,-5.40e+01,1.80e+02,6.80e+01
-1.75e+02,-9.04e+01,1.75e+02,6.50e+01
-1.45e+02,-5.43e+01,1.77e+02,6.60e+01
-1.43e+02,-4.73e+01,1.76e+02,6.50e+01
-1.48e+02,-5.44e+01,1.77e+02,6.70e+01
-1.36e+02,-4.77e+01,1.77e+02,6.60e+01
-1.38e+02,-4.07e+01,1.78e+02,6.70e+01
-1.38e+02,-5.29e+01,1.78e+02,6.70e+01
-1.39e+02,-4.64e+01,1.77e+02,6.60e+01
-1.43e+02,-4.54e+01,1.77e+02,6.50e+01
-1.42e+02,-5.06e+01,1.77e+02,6.60e+01
-1.38e+02,-5.06e+01,1.76e+02,6.50e+01
-1.44e+02,-5.82e+01,1.79e+02,6.70e+01
-1.42e+02,-4.60e+01,1.77e+02,6.60e+01
-1.37e+02,-4.60e+01,1.76e+02,6.50e+01
-1.41e+02,-5.14e+01,1.76e+02,6.50e+01
-1.49e+02,-5.58e+01,1.79e+02,6.70e+01
-1.76e+02,-7.43e+01,1.75e+02,6.50e+01
-1.41e+02,-4.56e+01,1.75e+02,6.50e+01
-1.43e+02,-5.89e+01,1.76e+02,6.50e+01
-1.47e+02,-5.78e+01,1.79e+02,6.60e+01
-1.37e+02,-4.43e+01,1.77e+02,6.60e+01
-1.42e+02,-6.03e+01,1.79e+02,6.60e+01
-1.51e+02,-5.58e+01,1.78e+02,6.70e+01
-1.51e+02,-4.65e+01,1.76e+02,6.50e+01
-1.43e+02,-5.16e+01,1.77e+02,6.60e+01
-1.37e+02,-4.10e+01,1.76e+02,6.50e+01
-5.00e+02,-5.00e+02,1.76e+02,6.50e+01
-1.48e+02,-4.70e+01,1.76e+02,6.60e+01
-4.36e+02,-1.15e+02,1.79e+02,6.60e+01
-1.44e+02,-4.47e+01,1.77e+02,6.60e+01
-1.39e+02,-4.70e+01,1.79e+02,6.60e+01
-1.57e+02,-5.72e+01,1.79e+02,6.60e+01
-5.00e+02,-5.00e+02,1.80e+02,6.70e+01
-1.43e+02,-4.73e+01,1.77e+02,6.60e+01
-1.48e+02,-5.17e+01,1.76e+02,6.50e+01
-1.51e+02,-5.73e+01,1.75e+02,6.50e+01
-1.47e+02,-4.62e+01,1.76e+02,6.60e+01
-1.39e+02,-4.81e+01,1.76e+02,6.50e+01
-1.43e+02,-5.01e+01,1.77e+02,6.60e+01
-5.00e+02,-5.00e+02,1.78e+02,6.60e+01
-1.46e+02,-5.67e+01,1.77e+02,6.60e+01
-1.42e+02,-4.70e+01,1.79e+02,6.70e+01
-1.47e+02,-5.47e+01,1.78e+02,6.60e+01
-1.40e+02,-5.57e+01,1.76e+02,6.50e+01
-1.45e+02,-5.52e+01,1.76e+02,6.50e+01
-2.70e+02,-8.22e+01,1.77e+02,6.60e+01
-1.38e+02,-3.95e+01,1.77e+02,6.50e+01
-1.39e+02,-4.13e+01,1.79e+02,6.60e+01
-1.37e+02,-4.36e+01,1.77e+02,6.60e+01
-1.45e+02,-5.35e+01,1.77e+02,6.60e+01
-1.46e+02,-5.50e+01,1.77e+02,6.60e+01
-1.39e+02,-4.02e+01,1.77e+02,6.70e+01
-5.00e+02,-5.00e+02,1.79e+02,6.70e+01
-1.46e+02,-5.12e+01,1.75e+02,6.50e+01
-1.41e+02,-4.42e+01,1.76e+02,6.50e+01
-1.46e+02,-4.53e+01,1.79e+02,6.70e+01
-1.50e+02,-3.92e+01,1.76e+02,6.50e+01
-1.40e+02,-4.88e+01,1.80e+02,6.60e+01
-1.40e+02,-4.89e+01,1.78e+02,6.60e+01
-1.49e+02,-4.65e+01,1.76e+02,6.60e+01
-1.42e+02,-5.43e+01,1.77e+02,6.70e+01
-5.00e+02,-5.00e+02,1.76e+02,6.50e+01
-1.46e+02,-4.47e+01,1.76e+02,6.60e+01
-1.52e+02,-6.11e+01,1.77e+02,6.60e+01
-1.37e+02,-4.95e+01,1.79e+02,6.60e+01
-1.47e+02,-4.56e+01,1.77e+02,6.60e+01
-1.46e+02,-4.39e+01,1.78e+02,6.60e+01
-1.42e+02,-4.04e+01,1.76e+02,6.50e+01
-5.00e+02,-5.00e+02,1.76e+02,6.50e+01
-1.41e+02,-4.69e+01,1.76e+02,6.50e+01
-1.43e+02,-4.90e+01,1.79e+02,6.70e+01
-1.56e+02,-4.70e+01,1.77e+02,6.60e+01
-4.39e+02,-1.33e+02,1.76e+02,6.50e+01
-1.44e+02,-4.78e+01,1.76e+02,6.60e+01
-1.38e+02,-4.68e+01,1.76e+02,6.50e+01
-1.41e+02,-5.69e+01,1.76e+02,6.60e+01
-1.46e+02,-5.26e+01,1.76e+02,6.60e+01
-1.48e+02,-5.92e+01,1.76e+02,6.50e+01
-1.40e+02,-4.90e+01,1.79e+02,6.70e+01
-4.36e+02,-1.15e+02,1.77e+02,6.60e+01
-1.42e+02,-5.15e+01,1.79e+02,6.70e+01
-1.38e+02,-5.21e+01,1.78e+02,6.60e+01
-1.40e+02,-4.46e+01,1.78e+02,6.60e+01
-1.48e+02,-4.96e+01,1.76e+02,6.50e+01
-1.40e+02,-4.75e+01,1.80e+02,6.80e+01
-1.51e+02,-5.39e+01,1.77e+02,6.60e+01
-4.34e+02,-1.06e+02,1.79e+02,6.70e+01
-1.53e+02,-6.44e+01,1.77e+02,6.60e+01
-1.37e+02,-4.23e+01,1.79e+02,6.60e+01
-1.51e+02,-5.65e+01,1.80e+02,6.60e+01
-1.42e+02,-4.67e+01,1.76e+02,6.60e+01
-1.43e+02,-5.28e+01,1.79e+02,6.60e+01
-1.42e+02,-4.98e+01,1.76e+02,6.60e+01
-1.51e+02,-4.41e+01,1.77e+02,6.60e+01
-1.40e+02,-5.58e+01,1.76e+02,6.50e+01
-2.83e+02,-1.07e+02,1.76e+02,6.60e+01
-1.40e+02,-3.80e+01,1.79e+02,6.60e+01
-1.54e+02,-5.35e+01,1.76e+02,6.60e+01
-1.44e+02,-4.65e+01,1.77e+02,6.50e+01
-5.00e+02,-5.00e+02,1.76e+02,6.50e+01
-1.51e+02,-5.45e+01,1.76e+02,6.50e+01
-1.42e+02,-5.07e+01,1.77e+02,6.60e+01
-1.45e+02,-4.79e+01,1.80e+02,6.70e+01
-1.45e+02,-5.22e+01,1.78e+02,6.60e+01
-1.42e+02,-4.84e+01,1.75e+02,6.50e+01
-1.45e+02,-6.20e+01,1.76e+02,6.50e+01
-1.41e+02,-4.57e+01,1.76e+02,6.60e+01
-1.48e+02,-5.45e+01,1.79e+02,6.70e+01
-1.40e+02,-4.56e+01,1.77e+02,6.60e+01
-1.48e+02,-5.34e+01,1.78e+02,6.70e+01
-1.42e+02,-5.65e+01,1.79e+02,6.60e+01
-1.40e+02,-4.81e+01,1.78e+02,6.70e+01
-1.43e+02,-5.24e+01,1.76e+02,6.60e+01
-1.40e+02,-4.87e+01,1.77e+02,6.60e+01
-1.55e+02,-6.65e+01,1.78e+02,6.70e+01
-1.45e+02,-4.71e+01,1.77e+02,6.70e+01
-1.46e+02,-4.97e+01,1.77e+02,6.50e+01
-1.40e+02,-5.10e+01,1.76e+02,6.50e+01
-1.41e+02,-5.75e+01,1.76e+02,6.60e+01
-1.53e+02,-4.74e+01,1.77e+02,6.60e+01
-1.52e+02,-6.40e+01,1.75e+02,6.50e+01
-1.43e+02,-5.18e+01,1.77e+02,6.60e+01
-1.45e+02,-6.11e+01,1.79e+02,6.60e+01
-1.42e+02,-5.34e+01,1.77e+02,6.60e+01
-1.41e+02,-4.85e+01,1.77e+02,6.60e+01
-1.46e+02,-4.73e+01,1.77e+02,6.60e+01
-1.42e+02,-4.17e+01,1.77e+02,6.70e+01
-1.53e+02,-5.31e+01,1.79e+02,6.70e+01
-4.37e+02,-1.25e+02,1.77e+02,6.50e+01
-1.38e+02,-4.59e+01,1.77e+02,6.50e+01
-1.46e+02,-5.02e+01,1.77e+02,6.70e+01
-1.45e+02,-5.13e+01,1.80e+02,6.70e+01
-1.46e+02,-4.96e+01,1.81e+02,6.70e+01
-1.36e+02,-4.16e+01,1.75e+02,6.50e+01
-1.50e+02,-4.27e+01,1.75e+02,6.50e+01
