-9.17e+00,6.16e+01,1.10e+01,1.20e+01
2.79e+01,9.02e+01,1.60e+01,1.20e+01
-2.72e+00,1.07e+02,1.70e+01,1.20e+01
-1.11e+01,2.74e+01,1.10e+01,1.20e+01
-2.52e+01,3.37e+01,1.20e+01,1.20e+01
-2.19e+01,5.52e+01,1.40e+01,1.20e+01
-1.76e+01,3.82e+01,1.10e+01,1.20e+01
-2.11e+01,6.17e+01,1.20e+01,1.20e+01
-7.10e+01,7.29e+00,1.20e+01,1.20e+01
-1.72e+01,8.11e+01,1.30e+01,1.20e+01
-1.75e+01,5.90e+01,1.50e+01,1.20e+01
-9.66e+00,4.96e+01,9.00e+00,1.20e+01
2.72e+00,3.46e+01,1.30e+01,1.20e+01
-4.20e+01,1.64e+01,9.00e+00,1.20e+01
3.24e+00,7.88e+01,1.60e+01,1.20e+01
-9.18e+00,7.66e+01,1.20e+01,1.20e+01
-2.48e+01,7.97e+01,1.40e+01,1.20e+01
-2.65e+01,4.13e+01,1.50e+01,1.20e+01
-3.44e+01,-1.60e+00,1.20e+01,1.20e+01
-2.41e+01,3.18e+01,1.10e+01,1.20e+01
2.89e+01,1.18e+02,1.50e+01,1.20e+01
-4.89e+00,9.51e+01,1.60e+01,1.20e+01
1.29e+00,4.63e+01,1.60e+01,1.20e+01
-5.05e-01,1.10e+02,1.40e+01,1.20e+01
-2.89e+00,5.18e+01,1.30e+01,1.20e+01
-2.31e+01,2.52e+01,1.20e+01,1.20e+01
-2.17e+00,7.22e+01,1.10e+01,1.20e+01
-8.59e+00,7.69e+01,1.70e+01,1.20e+01
3.14e+00,8.77e+01,1.50e+01,1.20e+01
9.02e+00,1.17e+02,1.40e+01,1.20e+01
4.34e+00,6.77e+01,1.40e+01,1.20e+01
-2.40e+01,1.32e+01,1.00e+01,1.20e+01
1.86e+01,1.27e+02,1.60e+01,1.20e+01
-7.58e-01,4.73e+01,1.30e+01,1.20e+01
5.82e+00,4.98e+01,1.50e+01,1.20e+01
-2.14e+01,3.78e+01,1.10e+01,1.20e+01
4.63e+00,8.88e+01,1.00e+01,1.20e+01
-2.16e+01,5.70e+01,1.50e+01,1.20e+01
2.48e+01,8.01e+01,1.30e+01,1.20e+01
-3.24e+00,5.08e+01,1.50e+01,1.20e+01
-3.57e+00,7.43e+01,1.30e+01,1.20e+01
-4.87e+01,1.34e+01,1.00e+01,1.20e+01
7.39e+00,7.49e+01,1.20e+01,1.20e+01
1.13e+01,7.06e+01,9.00e+00,1.20e+01
-1.19e+01,3.60e+01,1.20e+01,1.20e+01
-2.79e+00,5.33e+01,1.50e+01,1.20e+01
-8.17e+00,6.45e+01,1.10e+01,1.20e+01
-4.03e-01,8.53e+01,1.30e+01,1.20e+01
-2.16e+01,1.93e+01,1.20e+01,1.20e+01
-9.78e+00,3.47e+01,1.60e+01,1.20e+01
-2.93e+00,7.94e+01,1.50e+01,1.20e+01
5.64e+00,7.70e+01,1.20e+01,1.20e+01
-1.37e+01,5.80e+01,1.40e+01,1.20e+01
1.54e+00,3.39e+01,1.40e+01,1.20e+01
-2.80e-01,5.38e+01,1.50e+01,1.20e+01
-2.11e+01,3.40e+01,1.00e+01,1.20e+01
-2.15e+01,4.09e+01,1.20e+01,1.20e+01
-2.41e+01,5.62e+01,9.00e+00,1.20e+01
-1.17e+01,6.57e+01,1.70e+01,1.20e+01
-3.13e+01,7.47e+01,1.10e+01,1.20e+01
2.12e-01,5.75e+01,1.40e+01,1.20e+01
-1.14e+01,8.81e+01,1.50e+01,1.20e+01
1.02e+01,7.92e+01,1.00e+01,1.20e+01
-2.88e+01,-1.60e+01,9.00e+00,1.20e+01
-1.53e+01,3.52e+01,1.50e+01,1.20e+01
2.15e+00,7.12e+01,1.60e+01,1.20e+01
4.34e+00,8.02e+01,1.30e+01,1.20e+01
1.53e+01,7.28e+01,1.30e+01,1.20e+01
-1.42e+01,4.07e+01,1.20e+01,1.20e+01
-1.86e+01,1.64e+01,1.20e+01,1.20e+01
-9.96e+00,3.40e+01,9.00e+00,1.20e+01
-4.03e+01,2.00e+01,1.20e+01,1.20e+01
-1.04e+01,6.86e+01,8.00e+00,1.20e+01
-1.72e+01,5.23e+01,1.70e+01,1.20e+01
-6.13e-01,4.44e+01,1.30e+01,1.20e+01
-3.06e+01,2.45e+01,1.30e+01,1.20e+01
4.93e+00,6.07e+01,1.60e+01,1.20e+01
-3.62e+00,6.66e+01,1.30e+01,1.20e+01
-7.26e+00,8.02e+01,1.10e+01,1.20e+01
1.10e+00,6.34e+01,1.40e+01,1.20e+01
-3.56e+00,3.98e+01,1.70e+01,1.20e+01
1.48e+00,3.83e+01,1.40e+01,1.20e+01
-9.66e+00,8.35e+01,1.10e+01,1.20e+01
-8.25e+00,9.81e+01,1.30e+01,1.20e+01
-2.03e+01,3.76e+01,1.50e+01,1.20e+01
-2.45e+01,4.17e+01,1.40e+01,1.20e+01
-3.10e+01,2.70e+01,1.10e+01,1.20e+01
7.48e+00,1.00e+02,1.40e+01,1.20e+01
-2.18e+00,4.42e+01,1.40e+01,1.20e+01
-2.14e+01,6.71e+01,1.20e+01,1.20e+01
1.48e+01,5.72e+01,1.30e+01,1.20e+01
-1.95e+01,5.93e+01,1.50e+01,1.20e+01
-2.66e+00,3.87e+01,1.80e+01,1.20e+01
2.58e+01,1.41e+02,1.00e+01,1.20e+01
-4.79e+01,1.89e+00,1.60e+01,1.20e+01
-3.08e+01,5.02e+01,1.50e+01,1.20e+01
-2.98e+01,6.26e+00,1.20e+01,1.20e+01
-1.02e+01,5.33e+01,1.40e+01,1.20e+01
-7.53e+00,6.18e+01,1.30e+01,1.20e+01
-1.61e+01,3.45e+01,1.30e+01,1.20e+01
-1.45e+01,6.95e+01,1.00e+01,1.20e+01
1.71e+01,9.49e+01,1.50e+01,1.20e+01
-2.38e+01,4.19e+01,1.00e+01,1.20e+01
-5.85e+00,4.34e+01,1.40e+01,1.20e+01
-1.68e+01,4.27e+01,1.30e+01,1.20e+01
-6.34e+00,2.88e+01,1.30e+01,1.20e+01
-1.03e+01,5.79e+01,1.30e+01,1.20e+01
-6.53e+00,3.64e+01,1.40e+01,1.20e+01
1.90e+01,1.43e+02,1.70e+01,1.20e+01
-1.15e+01,3.22e+01,1.10e+01,1.20e+01
7.42e+00,6.38e+01,1.40e+01,1.20e+01
-7.75e+00,5.14e+01,1.20e+01,1.20e+01
-2.21e+00,6.74e+01,1.30e+01,1.20e+01
-3.70e+01,3.57e+01,1.40e+01,1.20e+01
1.09e+01,1.45e+02,1.20e+01,1.20e+01
-3.31e+01,2.90e+01,1.10e+01,1.20e+01
2.45e+01,1.75e+02,1.10e+01,1.20e+01
-6.79e+00,3.41e+01,1.00e+01,1.20e+01
1.01e+01,8.05e+01,1.10e+01,1.20e+01
-2.36e+01,2.76e+01,9.00e+00,1.20e+01
6.38e+00,4.39e+01,1.40e+01,1.20e+01
-1.44e+01,4.56e+01,1.00e+01,1.20e+01
-8.04e+00,4.86e+01,1.30e+01,1.20e+01
2.46e+01,1.15e+02,1.40e+01,1.20e+01
-3.64e+01,-1.88e+01,1.20e+01,1.20e+01
-2.94e+01,4.62e+01,1.40e+01,1.20e+01
1.95e+00,3.96e+01,1.30e+01,1.20e+01
-1.72e+01,3.62e+01,1.50e+01,1.20e+01
