-1.45e+02,-6.04e+01,6.60e+01,2.50e+01
-1.48e+02,-6.88e+01,6.60e+01,2.50e+01
-1.47e+02,-5.65e+01,6.70e+01,2.50e+01
-1.49e+02,-5.99e+01,6.70e+01,2.60e+01
-1.44e+02,-6.27e+01,6.70e+01,2.50e+01
-1.60e+02,-6.48e+01,6.60e+01,2.50e+01
-1.45e+02,-5.78e+01,6.60e+01,2.50e+01
-1.44e+02,-6.00e+01,6.60e+01,2.50e+01
-1.44e+02,-6.49e+01,6.60e+01,2.50e+01
-1.53e+02,-6.58e+01,6.60e+01,2.50e+01
-1.46e+02,-6.45e+01,6.50e+01,2.50e+01
-1.46e+02,-6.27e+01,6.70e+01,2.50e+01
-1.45e+02,-5.95e+01,6.60e+01,2.50e+01
-1.47e+02,-6.53e+01,6.50e+01,2.50e+01
-1.47e+02,-6.89e+01,6.60e+01,2.50e+01
-1.47e+02,-6.88e+01,6.60e+01,2.50e+01
-1.43e+02,-5.79e+01,6.70e+01,2.50e+01
-4.73e+02,-3.40e+02,6.60e+01,2.50e+01
-5.00e+02,-5.00e+02,6.70e+01,2.50e+01
-1.48e+02,-6.66e+01,6.70e+01,2.50e+01
-1.63e+02,-5.80e+01,6.80e+01,2.60e+01
-1.56e+02,-7.11e+01,6.60e+01,2.50e+01
-1.54e+02,-7.57e+01,6.60e+01,2.50e+01
-2.21e+02,-7.03e+01,6.70e+01,2.50e+01
-1.57e+02,-6.86e+01,6.60e+01,2.50e+01
-1.45e+02,-6.12e+01,6.60e+01,2.50e+01
-1.42e+02,-5.87e+01,6.70e+01,2.50e+01
-1.40e+02,-6.28e+01,6.60e+01,2.50e+01
-1.52e+02,-7.07e+01,6.70e+01,2.50e+01
-1.49e+02,-6.83e+01,6.70e+01,2.50e+01
-5.00e+02,-5.00e+02,6.60e+01,2.50e+01
-1.57e+02,-5.85e+01,6.70e+01,2.50e+01
-2.05e+02,-8.20e+01,6.70e+01,2.50e+01
-2.96e+02,-6.18e+01,6.70e+01,2.50e+01
-5.00e+02,-5.00e+02,6.70e+01,2.50e+01
-1.50e+02,-6.99e+01,6.60e+01,2.50e+01
-1.52e+02,-7.28e+01,6.70e+01,2.50e+01
-1.66e+02,-6.97e+01,6.70e+01,2.50e+01
-2.17e+02,-5.83e+01,6.60e+01,2.50e+01
-1.53e+02,-7.53e+01,6.70e+01,2.50e+01
-3.16e+02,-7.81e+01,6.60e+01,2.50e+01
-3.60e+02,-8.09e+01,6.60e+01,2.50e+01
-1.48e+02,-5.82e+01,6.70e+01,2.50e+01
-1.56e+02,-6.67e+01,6.70e+01,2.50e+01
-2.00e+02,-5.45e+01,6.70e+01,2.50e+01
-1.48e+02,-6.96e+01,6.80e+01,2.60e+01
-1.50e+02,-5.78e+01,6.60e+01,2.50e+01
-1.50e+02,-5.72e+01,6.70e+01,2.50e+01
-1.54e+02,-6.40e+01,6.80e+01,2.50e+01
-5.00e+02,-5.00e+02,6.60e+01,2.50e+01
-1.53e+02,-7.06e+01,6.60e+01,2.50e+01
-1.40e+02,-6.43e+01,6.70e+01,2.50e+01
-1.52e+02,-6.79e+01,6.60e+01,2.50e+01
-1.49e+02,-6.18e+01,6.80e+01,2.60e+01
-1.48e+02,-6.14e+01,6.70e+01,2.50e+01
-1.67e+02,-5.79e+01,6.70e+01,2.50e+01
-1.64e+02,-6.87e+01,6.70e+01,2.50e+01
-1.45e+02,-6.43e+01,6.70e+01,2.50e+01
-1.46e+02,-6.39e+01,6.80e+01,2.50e+01
-2.30e+02,-9.07e+01,6.70e+01,2.50e+01
-1.44e+02,-6.30e+01,6.70e+01,2.50e+01
-1.48e+02,-7.12e+01,6.70e+01,2.60e+01
-1.43e+02,-5.65e+01,6.80e+01,2.60e+01
-1.62e+02,-6.35e+01,6.70e+01,2.50e+01
-1.47e+02,-7.12e+01,6.60e+01,2.50e+01
-1.52e+02,-7.14e+01,6.60e+01,2.50e+01
-1.46e+02,-7.09e+01,6.80e+01,2.60e+01
-1.85e+02,-6.90e+01,6.70e+01,2.60e+01
-1.43e+02,-5.99e+01,6.70e+01,2.50e+01
-1.43e+02,-6.80e+01,6.70e+01,2.50e+01
-4.43e+02,-2.99e+02,6.70e+01,2.60e+01
-1.44e+02,-6.38e+01,6.60e+01,2.50e+01
-1.59e+02,-5.51e+01,6.80e+01,2.50e+01
-1.62e+02,-8.48e+01,6.70e+01,2.50e+01
-1.56e+02,-7.89e+01,6.60e+01,2.50e+01
-1.59e+02,-6.21e+01,6.70e+01,2.50e+01
-5.00e+02,-5.00e+02,6.70e+01,2.50e+01
-1.43e+02,-5.89e+01,6.70e+01,2.50e+01
-2.93e+02,-8.10e+01,6.60e+01,2.50e+01
-1.46e+02,-7.10e+01,6.70e+01,2.60e+01
-1.58e+02,-7.38e+01,6.60e+01,2.50e+01
-1.52e+02,-6.44e+01,6.70e+01,2.50e+01
-4.65e+02,-2.89e+02,6.70e+01,2.60e+01
-1.39e+02,-4.85e+01,6.70e+01,2.50e+01
-1.43e+02,-6.26e+01,6.70e+01,2.50e+01
-1.52e+02,-6.15e+01,6.70e+01,2.50e+01
-3.57e+02,-7.66e+01,6.70e+01,2.60e+01
-1.55e+02,-7.99e+01,6.60e+01,2.50e+01
-1.46e+02,-6.87e+01,6.80e+01,2.50e+01
-1.57e+02,-5.18e+01,6.80e+01,2.60e+01
-1.53e+02,-5.90e+01,6.60e+01,2.50e+01
-1.55e+02,-7.44e+01,6.70e+01,2.50e+01
-5.00e+02,-5.00e+02,6.70e+01,2.50e+01
-2.94e+02,-1.19e+02,6.70e+01,2.50e+01
-5.00e+02,-5.00e+02,6.70e+01,2.50e+01
-1.39e+02,-6.09e+01,6.80e+01,2.60e+01
-1.57e+02,-7.01e+01,6.60e+01,2.50e+01
-1.56e+02,-7.76e+01,6.70e+01,2.50e+01
-2.02e+02,-6.86e+01,6.60e+01,2.50e+01
-1.49e+02,-6.48e+01,6.70e+01,2.50e+01
-5.00e+02,-5.00e+02,6.60e+01,2.50e+01
-1.45e+02,-6.24e+01,6.60e+01,2.50e+01
-3.51e+02,-1.98e+02,6.70e+01,2.50e+01
-1.65e+02,-7.91e+01,6.70e+01,2.50e+01
-1.44e+02,-6.01e+01,6.70e+01,2.50e+01
-1.56e+02,-7.49e+01,6.70e+01,2.60e+01
-1.49e+02,-6.14e+01,6.80e+01,2.50e+01
-1.81e+02,-5.72e+01,6.70e+01,2.50e+01
-1.60e+02,-7.92e+01,6.80e+01,2.60e+01
-1.53e+02,-6.29e+01,6.60e+01,2.50e+01
-1.49e+02,-6.39e+01,6.70e+01,2.60e+01
-1.43e+02,-5.77e+01,6.70e+01,2.50e+01
-1.43e+02,-6.07e+01,6.80e+01,2.50e+01
-1.46e+02,-6.43e+01,6.60e+01,2.50e+01
-1.48e+02,-6.05e+01,6.70e+01,2.50e+01
-2.35e+02,-8.76e+01,6.70e+01,2.60e+01
-1.61e+02,-6.92e+01,6.60e+01,2.50e+01
-1.61e+02,-6.37e+01,6.60e+01,2.50e+01
-1.71e+02,-5.29e+01,6.80e+01,2.50e+01
-1.46e+02,-7.03e+01,6.60e+01,2.50e+01
-2.15e+02,-7.20e+01,6.70e+01,2.50e+01
-1.58e+02,-7.16e+01,6.70e+01,2.50e+01
-1.70e+02,-7.40e+01,6.70e+01,2.50e+01
-1.54e+02,-6.20e+01,6.70e+01,2.50e+01
-1.52e+02,-7.14e+01,6.70e+01,2.60e+01
-3.22e+02,-6.20e+01,6.80e+01,2.50e+01
-1.53e+02,-7.51e+01,6.60e+01,2.50e+01
-1.43e+02,-6.20e+01,6.80e+01,2.60e+01
-1.64e+02,-7.04e+01,6.60e+01,2.50e+01
-1.60e+02,-6.86e+01,6.60e+01,2.50e+01
-1.47e+02,-6.24e+01,6.60e+01,2.50e+01
-5.00e+02,-5.00e+02,6.70e+01,2.60e+01
-2.89e+02,-6.59e+01,6.70e+01,2.50e+01
-1.51e+02,-6.65e+01,6.60e+01,2.50e+01
-2.94e+02,-8.26e+01,6.70e+01,2.50e+01
-4.09e+02,-1.69e+02,6.80e+01,2.50e+01
-1.46e+02,-6.42e+01,6.70e+01,2.50e+01
-5.00e+02,-5.00e+02,6.80e+01,2.50e+01
-1.48e+02,-5.91e+01,6.70e+01,2.50e+01
-1.54e+02,-7.13e+01,6.70e+01,2.50e+01
-1.55e+02,-7.13e+01,6.70e+01,2.50e+01
-1.50e+02,-6.39e+01,6.80e+01,2.50e+01
-1.56e+02,-6.74e+01,6.70e+01,2.50e+01
-1.43e+02,-6.28e+01,6.70e+01,2.60e+01
-1.59e+02,-6.74e+01,6.80e+01,2.60e+01
-2.76e+02,-7.85e+01,6.70e+01,2.50e+01
-4.23e+02,-1.93e+02,6.80e+01,2.50e+01
-5.00e+02,-5.00e+02,6.80e+01,2.50e+01
-1.53e+02,-6.67e+01,6.60e+01,2.50e+01
-1.90e+02,-5.85e+01,6.80e+01,2.50e+01
-1.53e+02,-7.67e+01,6.60e+01,2.50e+01
-1.51e+02,-5.91e+01,6.80e+01,2.50e+01
-1.47e+02,-7.00e+01,6.60e+01,2.50e+01
-1.46e+02,-5.86e+01,6.70e+01,2.50e+01
-1.54e+02,-7.56e+01,6.70e+01,2.50e+01
-1.41e+02,-6.27e+01,6.60e+01,2.50e+01
-1.43e+02,-5.73e+01,6.70e+01,2.50e+01
-1.57e+02,-7.64e+01,6.60e+01,2.50e+01
-1.55e+02,-6.56e+01,6.70e+01,2.60e+01
-1.49e+02,-6.34e+01,6.60e+01,2.50e+01
-1.51e+02,-6.48e+01,6.80e+01,2.50e+01
-1.47e+02,-6.77e+01,6.70e+01,2.60e+01
-5.00e+02,-5.00e+02,6.80e+01,2.60e+01
-1.51e+02,-7.24e+01,6.60e+01,2.50e+01
-1.45e+02,-6.82e+01,6.70e+01,2.50e+01
-5.00e+02,-5.00e+02,6.60e+01,2.50e+01
-1.48e+02,-7.03e+01,6.60e+01,2.50e+01
-1.49e+02,-7.28e+01,6.70e+01,2.50e+01
-1.48e+02,-6.96e+01,6.70e+01,2.60e+01
-1.51e+02,-6.71e+01,6.80e+01,2.50e+01
-1.46e+02,-5.49e+01,6.70e+01,2.50e+01
-2.94e+02,-7.93e+01,6.70e+01,2.50e+01
-1.41e+02,-6.12e+01,6.80e+01,2.50e+01
-5.00e+02,-5.00e+02,6.60e+01,2.50e+01
-1.48e+02,-6.47e+01,6.70e+01,2.50e+01
-1.46e+02,-5.88e+01,6.60e+01,2.50e+01
-1.60e+02,-6.98e+01,6.60e+01,2.50e+01
-1.45e+02,-6.79e+01,6.60e+01,2.50e+01
-5.00e+02,-5.00e+02,6.60e+01,2.50e+01
-1.46e+02,-6.99e+01,6.60e+01,2.50e+01
-1.49e+02,-6.64e+01,6.70e+01,2.50e+01
-1.62e+02,-7.35e+01,6.60e+01,2.50e+01
-1.50e+02,-6.88e+01,6.70e+01,2.50e+01
-1.43e+02,-6.77e+01,6.70e+01,2.50e+01
-2.14e+02,-6.16e+01,6.60e+01,2.50e+01
-1.53e+02,-6.78e+01,6.60e+01,2.50e+01
-1.48e+02,-6.32e+01,6.70e+01,2.60e+01
-1.45e+02,-6.59e+01,6.60e+01,2.50e+01
-1.51e+02,-6.38e+01,6.70e+01,2.50e+01
-1.47e+02,-6.44e+01,6.60e+01,2.50e+01
-1.50e+02,-7.11e+01,6.60e+01,2.50e+01
-1.47e+02,-6.44e+01,6.60e+01,2.50e+01
