-1.45e+02,-6.25e+01,8.70e+01,2.70e+01
-1.44e+02,-6.11e+01,8.80e+01,2.70e+01
-1.41e+02,-5.74e+01,8.70e+01,2.70e+01
-1.52e+02,-6.29e+01,9.00e+01,2.70e+01
-1.49e+02,-6.15e+01,8.80e+01,2.70e+01
-1.44e+02,-5.75e+01,8.70e+01,2.70e+01
-1.55e+02,-5.67e+01,8.80e+01,2.70e+01
-1.52e+02,-7.13e+01,8.70e+01,2.70e+01
-1.49e+02,-6.10e+01,8.90e+01,2.70e+01
-1.46e+02,-5.61e+01,8.80e+01,2.80e+01
-1.45e+02,-6.18e+01,8.70e+01,2.70e+01
-1.42e+02,-6.04e+01,8.90e+01,2.70e+01
-1.45e+02,-6.25e+01,8.80e+01,2.70e+01
-1.43e+02,-6.41e+01,8.70e+01,2.70e+01
-1.49e+02,-6.01e+01,9.20e+01,2.70e+01
-1.38e+02,-5.18e+01,8.80e+01,2.70e+01
-1.64e+02,-5.86e+01,8.90e+01,2.70e+01
-1.53e+02,-6.92e+01,8.90e+01,2.70e+01
-1.51e+02,-6.74e+01,8.80e+01,2.70e+01
-1.45e+02,-7.05e+01,8.70e+01,2.70e+01
-1.44e+02,-6.38e+01,8.80e+01,2.70e+01
-1.46e+02,-6.46e+01,8.70e+01,2.70e+01
-1.47e+02,-5.42e+01,8.70e+01,2.70e+01
-1.49e+02,-5.74e+01,8.80e+01,2.70e+01
-1.41e+02,-5.70e+01,8.80e+01,2.80e+01
-1.44e+02,-6.04e+01,8.70e+01,2.70e+01
-1.45e+02,-6.83e+01,8.80e+01,2.70e+01
-1.52e+02,-5.62e+01,8.70e+01,2.70e+01
-1.46e+02,-5.77e+01,8.80e+01,2.70e+01
-1.49e+02,-6.83e+01,8.70e+01,2.70e+01
-1.49e+02,-5.99e+01,8.90e+01,2.70e+01
-2.33e+02,-8.51e+01,8.80e+01,2.70e+01
-1.44e+02,-6.08e+01,9.00e+01,2.80e+01
-1.43e+02,-6.16e+01,8.80e+01,2.70e+01
-1.45e+02,-5.83e+01,9.10e+01,2.70e+01
-1.46e+02,-6.19e+01,8.80e+01,2.70e+01
-1.63e+02,-7.86e+01,8.80e+01,2.70e+01
-1.52e+02,-7.06e+01,8.70e+01,2.70e+01
-1.51e+02,-5.80e+01,8.90e+01,2.70e+01
-1.48e+02,-6.59e+01,8.80e+01,2.70e+01
-2.34e+02,-7.34e+01,8.90e+01,2.70e+01
-1.40e+02,-5.34e+01,8.70e+01,2.70e+01
-1.59e+02,-6.42e+01,8.90e+01,2.70e+01
-1.43e+02,-5.10e+01,8.70e+01,2.70e+01
-1.42e+02,-6.56e+01,8.80e+01,2.70e+01
-1.46e+02,-6.20e+01,8.80e+01,2.70e+01
-2.12e+02,-6.13e+01,8.70e+01,2.70e+01
-1.56e+02,-7.02e+01,8.70e+01,2.70e+01
-1.42e+02,-5.68e+01,8.70e+01,2.70e+01
-1.44e+02,-6.57e+01,8.90e+01,2.70e+01
-1.50e+02,-6.89e+01,8.70e+01,2.70e+01
-1.51e+02,-6.91e+01,8.80e+01,2.80e+01
-1.45e+02,-5.52e+01,8.70e+01,2.70e+01
-1.39e+02,-5.65e+01,9.00e+01,2.80e+01
-5.00e+02,-5.00e+02,8.80e+01,2.70e+01
-1.42e+02,-6.35e+01,9.00e+01,2.70e+01
-1.53e+02,-7.03e+01,9.10e+01,2.70e+01
-1.44e+02,-6.17e+01,8.70e+01,2.70e+01
-1.50e+02,-6.32e+01,8.80e+01,2.70e+01
-1.48e+02,-5.49e+01,8.80e+01,2.70e+01
-1.46e+02,-5.79e+01,8.80e+01,2.70e+01
-1.46e+02,-6.50e+01,8.80e+01,2.70e+01
-2.02e+02,-6.51e+01,8.80e+01,2.70e+01
-2.95e+02,-7.62e+01,8.70e+01,2.70e+01
-5.00e+02,-5.00e+02,8.80e+01,2.70e+01
-5.00e+02,-4.97e+02,9.00e+01,2.70e+01
-1.44e+02,-6.33e+01,8.80e+01,2.70e+01
-1.41e+02,-5.76e+01,8.80e+01,2.70e+01
-3.72e+02,-2.22e+02,8.80e+01,2.70e+01
-2.32e+02,-1.28e+02,8.80e+01,2.70e+01
-5.00e+02,-5.00e+02,8.90e+01,2.70e+01
-1.48e+02,-6.51e+01,8.90e+01,2.80e+01
-1.42e+02,-5.43e+01,8.80e+01,2.70e+01
-1.44e+02,-6.27e+01,8.70e+01,2.70e+01
-2.92e+02,-7.11e+01,8.80e+01,2.70e+01
-1.39e+02,-5.55e+01,8.90e+01,2.70e+01
-1.47e+02,-5.71e+01,8.80e+01,2.70e+01
-1.48e+02,-6.51e+01,8.80e+01,2.70e+01
-1.40e+02,-6.52e+01,8.80e+01,2.70e+01
-1.46e+02,-6.18e+01,8.90e+01,2.80e+01
-2.83e+02,-5.84e+01,8.90e+01,2.70e+01
-1.42e+02,-5.80e+01,8.90e+01,2.70e+01
-1.46e+02,-6.05e+01,9.10e+01,2.70e+01
-1.41e+02,-6.15e+01,8.90e+01,2.70e+01
-1.52e+02,-6.90e+01,8.80e+01,2.70e+01
-1.49e+02,-6.73e+01,8.70e+01,2.70e+01
-1.42e+02,-6.18e+01,8.90e+01,2.70e+01
-1.46e+02,-5.62e+01,9.10e+01,2.70e+01
-2.27e+02,-7.92e+01,8.70e+01,2.70e+01
-1.45e+02,-5.79e+01,8.80e+01,2.70e+01
-1.48e+02,-6.84e+01,8.70e+01,2.70e+01
-1.77e+02,-8.08e+01,8.80e+01,2.70e+01
-1.46e+02,-6.31e+01,8.80e+01,2.70e+01
-2.27e+02,-6.45e+01,8.80e+01,2.70e+01
-1.58e+02,-6.53e+01,9.00e+01,2.70e+01
-1.53e+02,-5.50e+01,8.70e+01,2.70e+01
-1.60e+02,-7.58e+01,9.00e+01,2.70e+01
-1.44e+02,-6.07e+01,8.90e+01,2.80e+01
-2.18e+02,-6.17e+01,8.80e+01,2.70e+01
-1.52e+02,-6.50e+01,8.80e+01,2.70e+01
-1.45e+02,-6.07e+01,8.70e+01,2.70e+01
-1.47e+02,-6.05e+01,8.80e+01,2.70e+01
-1.44e+02,-6.27e+01,9.00e+01,2.70e+01
-1.42e+02,-6.06e+01,9.00e+01,2.70e+01
-4.29e+02,-7.25e+01,8.80e+01,2.70e+01
-1.45e+02,-5.88e+01,8.80e+01,2.70e+01
-2.19e+02,-5.94e+01,9.00e+01,2.70e+01
-5.00e+02,-5.00e+02,8.80e+01,2.70e+01
-1.44e+02,-6.36e+01,8.90e+01,2.70e+01
-3.05e+02,-8.97e+01,8.70e+01,2.70e+01
-1.66e+02,-5.18e+01,8.90e+01,2.70e+01
-1.49e+02,-6.86e+01,8.70e+01,2.70e+01
-1.46e+02,-5.62e+01,9.10e+01,2.70e+01
-1.43e+02,-6.15e+01,8.80e+01,2.70e+01
-1.48e+02,-6.56e+01,8.80e+01,2.70e+01
-1.96e+02,-7.05e+01,8.70e+01,2.70e+01
-1.44e+02,-6.39e+01,8.80e+01,2.70e+01
-1.46e+02,-6.56e+01,8.90e+01,2.70e+01
-1.41e+02,-5.36e+01,8.70e+01,2.70e+01
-1.40e+02,-6.37e+01,8.90e+01,2.70e+01
-1.46e+02,-6.51e+01,8.80e+01,2.70e+01
-1.47e+02,-6.37e+01,8.80e+01,2.70e+01
-4.59e+02,-2.57e+02,8.70e+01,2.70e+01
-5.00e+02,-5.00e+02,9.00e+01,2.70e+01
-1.48e+02,-6.17e+01,8.90e+01,2.70e+01
-3.61e+02,-2.03e+02,8.80e+01,2.70e+01
-5.00e+02,-5.00e+02,8.80e+01,2.70e+01
-1.47e+02,-6.60e+01,8.70e+01,2.70e+01
-1.51e+02,-5.56e+01,8.90e+01,2.70e+01
-2.15e+02,-5.74e+01,8.70e+01,2.70e+01
-5.00e+02,-5.00e+02,8.90e+01,2.70e+01
-1.44e+02,-6.42e+01,8.80e+01,2.70e+01
-1.38e+02,-5.53e+01,8.80e+01,2.70e+01
-1.47e+02,-5.68e+01,8.80e+01,2.70e+01
-1.49e+02,-6.60e+01,8.90e+01,2.80e+01
-1.50e+02,-6.86e+01,8.80e+01,2.70e+01
-1.50e+02,-6.09e+01,8.80e+01,2.70e+01
-3.68e+02,-2.20e+02,8.80e+01,2.70e+01
-1.58e+02,-6.83e+01,8.90e+01,2.70e+01
-1.56e+02,-6.73e+01,8.80e+01,2.70e+01
-2.78e+02,-8.05e+01,8.70e+01,2.70e+01
-1.43e+02,-5.29e+01,8.90e+01,2.70e+01
-1.44e+02,-6.03e+01,8.70e+01,2.70e+01
-1.43e+02,-6.47e+01,8.70e+01,2.70e+01
-1.58e+02,-5.71e+01,8.80e+01,2.70e+01
-1.46e+02,-6.46e+01,8.70e+01,2.70e+01
-1.59e+02,-6.82e+01,8.70e+01,2.70e+01
-1.48e+02,-6.95e+01,9.00e+01,2.70e+01
-1.46e+02,-6.68e+01,8.90e+01,2.70e+01
-1.62e+02,-5.86e+01,8.80e+01,2.70e+01
-1.53e+02,-5.76e+01,8.90e+01,2.70e+01
-1.51e+02,-6.86e+01,8.80e+01,2.70e+01
-1.56e+02,-7.31e+01,8.80e+01,2.70e+01
-3.65e+02,-2.27e+02,8.80e+01,2.70e+01
-2.35e+02,-6.02e+01,9.10e+01,2.70e+01
-1.45e+02,-6.19e+01,9.00e+01,2.70e+01
-1.43e+02,-5.75e+01,8.80e+01,2.70e+01
-1.46e+02,-5.83e+01,9.10e+01,2.70e+01
-1.44e+02,-5.77e+01,8.90e+01,2.70e+01
-1.45e+02,-6.03e+01,8.90e+01,2.70e+01
-1.37e+02,-5.56e+01,8.70e+01,2.70e+01
-2.93e+02,-7.75e+01,8.70e+01,2.70e+01
-5.00e+02,-5.00e+02,8.90e+01,2.70e+01
-2.72e+02,-8.00e+01,8.80e+01,2.70e+01
-1.46e+02,-6.49e+01,8.80e+01,2.70e+01
-1.39e+02,-5.73e+01,8.90e+01,2.70e+01
-1.44e+02,-6.47e+01,8.80e+01,2.70e+01
-1.44e+02,-6.80e+01,9.00e+01,2.70e+01
-1.48e+02,-6.08e+01,8.90e+01,2.70e+01
-1.47e+02,-5.85e+01,9.00e+01,2.70e+01
-5.00e+02,-5.00e+02,8.90e+01,2.70e+01
-1.53e+02,-7.07e+01,8.90e+01,2.70e+01
-1.41e+02,-5.56e+01,8.80e+01,2.70e+01
-1.44e+02,-6.01e+01,8.70e+01,2.70e+01
-1.49e+02,-6.10e+01,8.70e+01,2.70e+01
-1.46e+02,-6.27e+01,8.80e+01,2.70e+01
-1.43e+02,-6.16e+01,8.80e+01,2.70e+01
-1.41e+02,-5.54e+01,8.80e+01,2.70e+01
-1.45e+02,-5.69e+01,8.70e+01,2.70e+01
-1.42e+02,-6.23e+01,9.00e+01,2.70e+01
-4.42e+02,-2.70e+02,8.80e+01,2.80e+01
-2.48e+02,-7.63e+01,8.90e+01,2.70e+01
-1.82e+02,-6.63e+01,8.80e+01,2.70e+01
-1.51e+02,-6.91e+01,8.70e+01,2.70e+01
-1.45e+02,-6.21e+01,8.80e+01,2.70e+01
-1.45e+02,-6.52e+01,8.80e+01,2.70e+01
-1.46e+02,-6.01e+01,8.80e+01,2.70e+01
-3.59e+02,-7.76e+01,8.90e+01,2.70e+01
-1.46e+02,-5.47e+01,8.80e+01,2.70e+01
-3.63e+02,-1.95e+02,8.80e+01,2.70e+01
-4.59e+02,-2.56e+02,8.80e+01,2.70e+01
-4.50e+02,-2.04e+02,8.90e+01,2.70e+01
