2.33e+02,3.81e+02,1.47e+02,5.60e+01
2.22e+02,3.88e+02,1.32e+02,5.40e+01
2.33e+02,3.81e+02,1.48e+02,5.60e+01
2.22e+02,3.87e+02,1.33e+02,5.30e+01
2.30e+02,3.85e+02,1.40e+02,5.80e+01
2.29e+02,3.85e+02,1.34e+02,5.60e+01
2.29e+02,3.85e+02,1.34e+02,5.60e+01
2.33e+02,3.81e+02,1.49e+02,5.60e+01
2.30e+02,3.85e+02,1.42e+02,5.90e+01
2.29e+02,3.85e+02,1.34e+02,5.60e+01
2.30e+02,3.85e+02,1.42e+02,5.90e+01
2.22e+02,3.87e+02,1.15e+02,4.80e+01
2.22e+02,3.87e+02,1.34e+02,5.50e+01
2.22e+02,3.87e+02,1.17e+02,4.90e+01
2.22e+02,3.87e+02,1.14e+02,4.80e+01
2.22e+02,3.87e+02,1.14e+02,4.80e+01
2.22e+02,3.87e+02,1.32e+02,5.40e+01
2.30e+02,3.85e+02,1.40e+02,5.80e+01
2.33e+02,3.81e+02,1.49e+02,5.60e+01
2.33e+02,3.81e+02,1.47e+02,5.60e+01
2.22e+02,3.87e+02,1.14e+02,4.80e+01
2.22e+02,3.87e+02,1.14e+02,4.80e+01
2.22e+02,3.87e+02,1.16e+02,4.90e+01
2.22e+02,3.87e+02,1.17e+02,5.00e+01
2.30e+02,3.85e+02,1.40e+02,5.90e+01
2.29e+02,3.85e+02,1.34e+02,5.60e+01
2.08e+02,3.85e+02,1.15e+02,4.90e+01
2.33e+02,3.81e+02,1.50e+02,5.70e+01
2.22e+02,3.87e+02,1.15e+02,4.80e+01
2.33e+02,3.81e+02,1.52e+02,5.80e+01
2.22e+02,3.87e+02,1.34e+02,5.40e+01
2.33e+02,3.81e+02,1.52e+02,5.80e+01
2.29e+02,3.85e+02,1.40e+02,5.80e+01
2.33e+02,3.81e+02,1.49e+02,5.70e+01
2.29e+02,3.85e+02,1.36e+02,5.70e+01
2.33e+02,3.81e+02,1.50e+02,5.60e+01
2.29e+02,3.85e+02,1.34e+02,5.60e+01
2.33e+02,3.81e+02,1.49e+02,5.70e+01
-2.48e+00,4.88e+01,1.42e+02,5.90e+01
2.29e+02,3.85e+02,1.34e+02,5.60e+01
2.33e+02,3.81e+02,1.49e+02,5.70e+01
2.22e+02,3.87e+02,1.18e+02,5.00e+01
2.29e+02,3.85e+02,1.35e+02,5.60e+01
2.16e+02,3.85e+02,1.35e+02,5.60e+01
2.30e+02,3.85e+02,1.43e+02,6.00e+01
1.73e+02,2.49e+02,1.49e+02,5.60e+01
2.22e+02,3.87e+02,1.36e+02,5.60e+01
2.30e+02,3.78e+02,1.47e+02,5.60e+01
2.33e+02,3.81e+02,1.49e+02,5.70e+01
2.22e+02,3.87e+02,1.18e+02,5.10e+01
2.30e+02,3.85e+02,1.40e+02,5.80e+01
2.22e+02,3.87e+02,1.15e+02,4.80e+01
2.33e+02,3.81e+02,1.48e+02,5.70e+01
2.30e+02,3.85e+02,1.42e+02,5.90e+01
2.22e+02,3.87e+02,1.33e+02,5.30e+01
2.33e+02,3.81e+02,1.49e+02,5.60e+01
2.33e+02,3.81e+02,1.49e+02,5.70e+01
2.30e+02,3.85e+02,1.41e+02,5.90e+01
2.01e+02,2.30e+02,1.34e+02,5.60e+01
2.30e+02,3.85e+02,1.42e+02,5.90e+01
2.33e+02,3.81e+02,1.48e+02,5.60e+01
2.08e+02,3.85e+02,1.14e+02,4.80e+01
2.04e+02,2.50e+02,1.48e+02,5.60e+01
2.22e+02,3.87e+02,1.16e+02,4.90e+01
2.22e+02,3.87e+02,1.16e+02,4.90e+01
2.33e+02,3.81e+02,1.47e+02,5.60e+01
2.33e+02,3.81e+02,1.47e+02,5.60e+01
2.22e+02,3.88e+02,1.32e+02,5.40e+01
1.70e+02,2.15e+02,1.42e+02,5.90e+01
2.22e+02,3.87e+02,1.15e+02,4.80e+01
2.22e+02,3.88e+02,1.34e+02,5.50e+01
2.22e+02,3.87e+02,1.16e+02,4.90e+01
2.26e+02,3.80e+02,1.43e+02,6.00e+01
2.29e+02,3.85e+02,1.35e+02,5.60e+01
2.22e+02,3.87e+02,1.33e+02,5.50e+01
2.24e+02,3.79e+02,1.35e+02,5.70e+01
2.22e+02,3.87e+02,1.34e+02,5.50e+01
2.33e+02,3.81e+02,1.48e+02,5.60e+01
2.33e+02,3.81e+02,1.52e+02,5.80e+01
2.08e+02,3.84e+02,1.35e+02,5.60e+01
2.22e+02,3.87e+02,1.15e+02,4.80e+01
2.19e+02,3.80e+02,1.47e+02,5.60e+01
2.30e+02,3.85e+02,1.41e+02,5.80e+01
2.19e+02,3.87e+02,1.34e+02,5.30e+01
2.30e+02,3.85e+02,1.42e+02,5.90e+01
2.33e+02,3.81e+02,1.49e+02,5.60e+01
2.30e+02,3.85e+02,1.44e+02,6.00e+01
2.30e+02,3.85e+02,1.41e+02,5.80e+01
2.02e+02,2.46e+02,1.48e+02,5.60e+01
2.24e+02,3.85e+02,1.35e+02,5.60e+01
2.21e+02,3.88e+02,1.34e+02,5.50e+01
2.33e+02,3.81e+02,1.49e+02,5.70e+01
2.33e+02,3.81e+02,1.48e+02,5.60e+01
2.33e+02,3.81e+02,1.48e+02,5.60e+01
2.22e+02,3.87e+02,1.17e+02,5.00e+01
2.30e+02,3.85e+02,1.42e+02,5.90e+01
2.33e+02,3.81e+02,1.49e+02,5.70e+01
2.29e+02,3.85e+02,1.35e+02,5.60e+01
2.01e+02,2.32e+02,1.43e+02,6.00e+01
2.22e+02,3.87e+02,1.33e+02,5.40e+01
2.29e+02,3.85e+02,1.42e+02,5.90e+01
2.22e+02,3.87e+02,1.19e+02,5.00e+01
2.22e+02,3.87e+02,1.34e+02,5.40e+01
2.22e+02,3.87e+02,1.34e+02,5.30e+01
2.22e+02,3.87e+02,1.16e+02,4.90e+01
2.33e+02,3.81e+02,1.50e+02,5.70e+01
2.22e+02,3.87e+02,1.16e+02,4.90e+01
2.22e+02,3.87e+02,1.33e+02,5.40e+01
2.29e+02,3.85e+02,1.35e+02,5.60e+01
2.22e+02,3.87e+02,1.16e+02,4.90e+01
2.22e+02,3.87e+02,1.19e+02,5.00e+01
2.22e+02,3.87e+02,1.15e+02,4.80e+01
2.08e+02,3.86e+02,1.15e+02,4.90e+01
1.85e+02,3.84e+02,1.41e+02,5.80e+01
2.30e+02,3.85e+02,1.40e+02,5.80e+01
1.93e+02,3.87e+02,1.34e+02,5.40e+01
1.92e+02,3.81e+02,1.18e+02,4.90e+01
2.08e+02,3.85e+02,1.15e+02,4.90e+01
2.22e+02,3.87e+02,1.17e+02,4.90e+01
2.21e+02,3.87e+02,1.16e+02,4.90e+01
2.33e+02,3.81e+02,1.49e+02,5.60e+01
2.30e+02,3.85e+02,1.44e+02,6.00e+01
2.19e+02,3.86e+02,1.17e+02,5.00e+01
2.22e+02,3.87e+02,1.17e+02,4.90e+01
2.32e+02,3.81e+02,1.50e+02,5.70e+01
2.29e+02,3.85e+02,1.36e+02,5.70e+01
2.30e+02,3.85e+02,1.39e+02,5.80e+01
2.29e+02,3.85e+02,1.35e+02,5.60e+01
