1.91e+02,7.02e+02,4.80e+01,3.80e+01
1.72e+02,1.07e+03,4.20e+01,3.30e+01
1.77e+02,1.18e+03,3.90e+01,3.30e+01
1.28e+02,8.26e+02,3.80e+01,3.20e+01
8.90e+01,6.74e+02,3.80e+01,3.20e+01
1.99e+02,1.22e+03,4.20e+01,3.40e+01
1.64e+02,5.21e+02,4.60e+01,3.80e+01
1.12e+02,7.69e+02,3.70e+01,3.20e+01
2.03e+02,7.39e+02,4.50e+01,3.70e+01
1.66e+02,5.48e+02,4.60e+01,3.70e+01
1.54e+02,9.31e+02,3.80e+01,3.20e+01
1.31e+02,8.80e+02,3.70e+01,3.20e+01
2.00e+02,7.53e+02,4.50e+01,3.70e+01
1.64e+02,5.69e+02,4.40e+01,3.60e+01
1.71e+02,1.07e+03,4.20e+01,3.50e+01
1.58e+02,1.03e+03,3.80e+01,3.30e+01
1.46e+02,1.05e+03,3.70e+01,3.20e+01
1.74e+02,6.01e+02,4.70e+01,3.80e+01
2.20e+02,7.92e+02,4.60e+01,3.80e+01
1.74e+02,1.04e+03,3.90e+01,3.30e+01
2.58e+02,9.76e+02,4.60e+01,3.80e+01
8.57e+01,6.36e+02,3.70e+01,3.20e+01
1.67e+02,1.03e+03,3.70e+01,3.20e+01
1.33e+02,1.02e+03,3.70e+01,3.20e+01
1.20e+02,8.42e+02,3.70e+01,3.20e+01
1.70e+02,6.73e+02,4.70e+01,3.80e+01
1.67e+02,1.04e+03,3.70e+01,3.20e+01
1.81e+02,6.83e+02,4.70e+01,3.80e+01
1.91e+02,5.40e+02,4.40e+01,3.60e+01
2.14e+02,9.13e+02,4.50e+01,3.70e+01
1.60e+02,4.65e+02,4.70e+01,3.80e+01
1.55e+02,1.01e+03,4.10e+01,3.50e+01
1.28e+02,7.28e+02,4.10e+01,3.30e+01
1.91e+02,1.20e+03,4.10e+01,3.30e+01
1.80e+02,5.51e+02,4.60e+01,3.70e+01
1.64e+02,1.08e+03,3.70e+01,3.20e+01
1.12e+02,8.38e+02,3.70e+01,3.20e+01
1.26e+02,7.37e+02,3.80e+01,3.20e+01
2.30e+02,7.70e+02,4.50e+01,3.70e+01
1.11e+02,6.95e+02,3.90e+01,3.30e+01
2.21e+02,6.76e+02,5.40e+01,4.20e+01
1.74e+02,5.21e+02,4.80e+01,3.90e+01
1.69e+02,5.39e+02,4.50e+01,3.70e+01
1.47e+02,9.69e+02,3.70e+01,3.20e+01
2.15e+02,8.10e+02,4.50e+01,3.70e+01
1.53e+02,1.08e+03,3.70e+01,3.20e+01
1.26e+02,8.05e+02,3.70e+01,3.20e+01
1.67e+02,1.17e+03,3.70e+01,3.20e+01
1.57e+02,9.67e+02,3.90e+01,3.20e+01
1.97e+02,6.16e+02,5.40e+01,4.20e+01
1.94e+02,6.06e+02,4.50e+01,3.70e+01
1.53e+02,9.64e+02,4.20e+01,3.50e+01
1.40e+02,3.84e+02,4.50e+01,3.70e+01
1.79e+02,7.41e+02,4.50e+01,3.70e+01
1.87e+02,6.35e+02,4.70e+01,3.80e+01
1.78e+02,1.17e+03,4.10e+01,3.30e+01
1.36e+02,9.84e+02,3.70e+01,3.20e+01
1.32e+02,8.79e+02,4.10e+01,3.40e+01
2.45e+02,9.00e+02,4.60e+01,3.70e+01
2.17e+02,8.48e+02,4.60e+01,3.70e+01
1.38e+02,9.89e+02,3.80e+01,3.20e+01
1.38e+02,8.15e+02,3.70e+01,3.20e+01
1.59e+02,6.27e+02,4.50e+01,3.70e+01
1.87e+02,1.17e+03,4.00e+01,3.40e+01
1.61e+02,1.04e+03,3.90e+01,3.30e+01
9.92e+01,7.72e+02,4.10e+01,3.50e+01
1.38e+02,9.93e+02,4.20e+01,3.30e+01
1.45e+02,4.22e+02,4.60e+01,3.80e+01
1.66e+02,5.18e+02,4.70e+01,3.80e+01
1.64e+02,9.96e+02,3.80e+01,3.20e+01
1.74e+02,1.08e+03,4.20e+01,3.40e+01
1.19e+02,7.97e+02,3.70e+01,3.20e+01
1.66e+02,5.37e+02,4.50e+01,3.70e+01
1.79e+02,1.17e+03,3.80e+01,3.20e+01
1.22e+02,7.33e+02,3.90e+01,3.30e+01
1.31e+02,9.12e+02,4.20e+01,3.40e+01
1.61e+02,9.64e+02,4.20e+01,3.50e+01
1.20e+02,8.15e+02,3.70e+01,3.20e+01
5.42e-01,2.95e+02,3.80e+01,3.30e+01
1.26e+02,8.30e+02,3.90e+01,3.30e+01
1.66e+02,4.84e+02,4.80e+01,3.80e+01
2.67e+01,1.74e+02,3.70e+01,3.20e+01
1.80e+02,5.92e+02,4.80e+01,3.80e+01
2.25e+02,8.37e+02,4.80e+01,3.80e+01
1.37e+02,9.37e+02,3.70e+01,3.20e+01
1.81e+02,7.34e+02,5.00e+01,3.90e+01
1.14e+02,8.06e+02,3.80e+01,3.30e+01
1.60e+02,1.15e+03,3.80e+01,3.20e+01
1.61e+02,1.11e+03,4.40e+01,3.50e+01
1.18e+02,8.99e+02,4.30e+01,3.50e+01
1.89e+02,1.12e+03,4.20e+01,3.30e+01
1.22e+02,8.04e+02,3.70e+01,3.20e+01
1.86e+02,6.79e+02,4.60e+01,3.80e+01
1.43e+02,9.87e+02,3.80e+01,3.20e+01
-9.99e+00,1.81e+02,4.20e+01,3.30e+01
1.76e+02,4.76e+02,4.60e+01,3.80e+01
1.60e+02,1.00e+03,3.90e+01,3.30e+01
1.89e+02,5.94e+02,4.80e+01,3.80e+01
1.62e+02,9.79e+02,3.80e+01,3.20e+01
1.39e+02,9.24e+02,3.90e+01,3.30e+01
1.54e+02,4.76e+02,4.40e+01,3.60e+01
1.87e+02,6.51e+02,4.70e+01,3.80e+01
1.68e+02,6.24e+02,4.70e+01,3.80e+01
1.95e+02,5.30e+02,4.70e+01,3.80e+01
2.02e+02,7.15e+02,4.80e+01,3.80e+01
1.60e+02,1.18e+03,3.70e+01,3.20e+01
1.32e+02,9.77e+02,4.40e+01,3.50e+01
1.53e+02,5.10e+02,4.60e+01,3.70e+01
1.05e+02,6.60e+02,4.40e+01,3.40e+01
1.45e+02,9.00e+02,3.80e+01,3.30e+01
2.11e+02,7.39e+02,4.80e+01,3.80e+01
2.14e+02,6.69e+02,4.50e+01,3.70e+01
1.66e+02,1.19e+03,3.80e+01,3.20e+01
1.43e+02,4.77e+02,4.60e+01,3.80e+01
2.00e+02,6.20e+02,4.70e+01,3.80e+01
2.54e+02,1.01e+03,4.50e+01,3.70e+01
1.78e+02,1.10e+03,3.70e+01,3.20e+01
1.58e+02,9.35e+02,3.70e+01,3.20e+01
1.55e+02,1.01e+03,3.70e+01,3.20e+01
-4.62e+01,3.80e+01,4.20e+01,3.30e+01
1.31e+02,4.42e+02,4.60e+01,3.80e+01
1.45e+02,9.45e+02,4.20e+01,3.40e+01
1.27e+02,7.97e+02,3.80e+01,3.20e+01
1.77e+02,5.89e+02,4.80e+01,3.80e+01
1.29e+02,8.59e+02,3.80e+01,3.30e+01
2.48e+02,9.92e+02,4.50e+01,3.60e+01
1.32e+02,2.82e+02,4.50e+01,3.70e+01
1.65e+02,5.59e+02,4.60e+01,3.70e+01
1.52e+02,4.88e+02,4.50e+01,3.70e+01
1.36e+02,3.54e+02,4.50e+01,3.70e+01
1.18e+02,2.12e+02,4.60e+01,3.70e+01
1.92e+02,5.94e+02,4.80e+01,3.80e+01
1.75e+02,1.12e+03,3.80e+01,3.20e+01
1.65e+02,1.02e+03,3.80e+01,3.20e+01
2.00e+02,7.25e+02,4.70e+01,3.80e+01
1.51e+02,9.28e+02,3.70e+01,3.20e+01
1.84e+02,1.15e+03,3.80e+01,3.20e+01
1.08e+02,7.85e+02,4.00e+01,3.40e+01
1.71e+02,1.14e+03,3.70e+01,3.20e+01
1.86e+02,1.17e+03,4.20e+01,3.30e+01
1.75e+02,4.53e+02,4.60e+01,3.80e+01
3.18e+00,2.08e+02,3.80e+01,3.20e+01
2.32e+02,8.26e+02,4.70e+01,3.80e+01
1.10e+02,7.24e+02,4.20e+01,3.40e+01
2.10e+02,6.77e+02,4.70e+01,3.80e+01
1.29e+02,8.04e+02,3.70e+01,3.20e+01
1.68e+02,4.47e+02,4.90e+01,3.90e+01
1.84e+02,8.80e+02,4.60e+01,3.80e+01
1.36e+02,8.16e+02,3.80e+01,3.30e+01
2.09e+02,5.77e+02,4.60e+01,3.70e+01
2.23e+02,7.49e+02,4.80e+01,3.80e+01
1.76e+02,1.08e+03,3.70e+01,3.20e+01
1.60e+02,1.03e+03,4.20e+01,3.30e+01
1.02e+02,2.86e+02,4.80e+01,3.80e+01
1.87e+02,1.12e+03,4.20e+01,3.50e+01
1.68e+02,1.16e+03,3.90e+01,3.30e+01
1.76e+02,6.67e+02,4.50e+01,3.70e+01
1.62e+02,5.88e+02,4.50e+01,3.70e+01
1.88e+02,6.89e+02,4.70e+01,3.80e+01
2.08e+02,8.68e+02,4.60e+01,3.70e+01
1.94e+02,7.14e+02,4.90e+01,3.90e+01
1.31e+02,8.84e+02,3.90e+01,3.30e+01
2.07e+02,6.89e+02,4.60e+01,3.80e+01
1.73e+02,7.05e+02,4.80e+01,3.80e+01
1.36e+02,8.66e+02,3.80e+01,3.20e+01
1.48e+02,3.83e+02,4.50e+01,3.70e+01
1.25e+02,9.53e+02,4.20e+01,3.40e+01
1.16e+02,8.22e+02,3.90e+01,3.30e+01
1.45e+02,9.65e+02,3.70e+01,3.20e+01
1.40e+02,3.61e+02,4.70e+01,3.80e+01
1.20e+02,8.22e+02,3.90e+01,3.30e+01
1.32e+02,8.28e+02,3.80e+01,3.30e+01
1.28e+02,9.00e+02,3.80e+01,3.20e+01
1.63e+02,1.07e+03,4.30e+01,3.50e+01
2.57e+02,1.01e+03,4.60e+01,3.80e+01
1.22e+02,1.01e+03,4.20e+01,3.40e+01
1.33e+02,9.33e+02,3.90e+01,3.30e+01
7.24e+01,6.56e+02,3.80e+01,3.20e+01
1.81e+02,5.52e+02,4.60e+01,3.80e+01
1.71e+02,1.21e+03,4.40e+01,3.50e+01
1.55e+02,1.03e+03,3.80e+01,3.20e+01
3.82e+01,3.19e+02,4.20e+01,3.40e+01
1.31e+02,9.50e+02,3.70e+01,3.20e+01
1.44e+02,8.98e+02,3.90e+01,3.30e+01
4.20e+01,2.71e+02,3.70e+01,3.20e+01
1.04e+02,7.57e+02,3.80e+01,3.20e+01
1.83e+02,1.13e+03,3.70e+01,3.20e+01
6.47e+01,4.44e+02,3.90e+01,3.30e+01
6.95e+01,5.66e+02,4.00e+01,3.30e+01
1.60e+02,1.11e+03,3.80e+01,3.30e+01
1.40e+02,4.52e+02,5.00e+01,3.90e+01
1.87e+02,1.04e+03,3.70e+01,3.20e+01
1.54e+02,4.25e+02,4.60e+01,3.70e+01
8.60e+01,7.18e+02,4.70e+01,3.90e+01
1.84e+02,4.55e+02,4.60e+01,3.70e+01
1.21e+02,2.81e+02,4.80e+01,3.80e+01
1.76e+02,5.78e+02,4.70e+01,3.80e+01
1.39e+02,4.34e+02,4.70e+01,3.90e+01
1.11e+02,7.06e+02,3.80e+01,3.30e+01
1.93e+02,1.23e+03,4.20e+01,3.30e+01
1.48e+02,9.80e+02,3.80e+01,3.20e+01
1.71e+02,5.43e+02,4.40e+01,3.60e+01
1.88e+02,6.02e+02,4.70e+01,3.80e+01
1.03e+02,5.72e+02,3.80e+01,3.30e+01
1.60e+02,9.76e+02,3.70e+01,3.20e+01
1.30e+02,9.92e+02,3.80e+01,3.20e+01
1.29e+02,4.44e+02,4.60e+01,3.80e+01
1.62e+02,1.06e+03,3.90e+01,3.30e+01
8.09e+01,5.97e+02,4.00e+01,3.30e+01
2.08e+02,5.82e+02,4.60e+01,3.80e+01
1.35e+02,8.83e+02,4.20e+01,3.30e+01
1.24e+02,3.19e+02,4.70e+01,3.80e+01
1.49e+02,9.73e+02,3.70e+01,3.20e+01
1.66e+02,1.20e+03,4.00e+01,3.40e+01
1.98e+02,5.80e+02,4.80e+01,3.80e+01
1.75e+02,5.26e+02,4.50e+01,3.70e+01
1.49e+02,5.52e+02,4.70e+01,3.80e+01
1.18e+02,7.42e+02,3.70e+01,3.20e+01
1.64e+02,5.90e+02,4.90e+01,3.80e+01
2.11e+02,7.37e+02,4.60e+01,3.80e+01
1.28e+02,4.03e+02,4.70e+01,3.90e+01
1.27e+02,8.44e+02,3.80e+01,3.30e+01
1.70e+02,1.03e+03,4.30e+01,3.50e+01
2.35e+02,8.75e+02,4.50e+01,3.60e+01
2.06e+02,7.06e+02,4.60e+01,3.70e+01
6.01e+01,4.01e+02,3.70e+01,3.20e+01
9.98e+01,7.22e+02,3.80e+01,3.20e+01
1.51e+02,1.02e+03,3.80e+01,3.20e+01
1.38e+02,3.25e+02,4.90e+01,3.90e+01
1.29e+02,2.52e+02,4.60e+01,3.80e+01
1.52e+02,9.75e+02,3.90e+01,3.30e+01
2.00e+02,1.22e+03,4.20e+01,3.40e+01
1.31e+02,9.21e+02,3.90e+01,3.30e+01
2.00e+02,1.18e+03,3.80e+01,3.20e+01
1.53e+02,9.64e+02,3.90e+01,3.30e+01
8.97e+01,5.96e+02,4.40e+01,3.60e+01
1.26e+02,2.20e+02,4.80e+01,3.80e+01
1.42e+02,9.13e+02,4.00e+01,3.40e+01
1.86e+02,1.21e+03,3.70e+01,3.20e+01
2.29e+02,9.05e+02,4.60e+01,3.80e+01
1.27e+02,3.71e+02,4.50e+01,3.70e+01
1.55e+02,9.42e+02,3.90e+01,3.30e+01
1.69e+02,1.20e+03,4.00e+01,3.30e+01
1.10e+01,1.81e+02,3.70e+01,3.20e+01
1.59e+02,5.60e+02,4.50e+01,3.70e+01
1.42e+02,9.29e+02,3.80e+01,3.20e+01
1.40e+02,9.55e+02,3.70e+01,3.20e+01
2.04e+02,6.60e+02,4.90e+01,3.90e+01
4.16e+01,2.37e+02,4.20e+01,3.40e+01
1.61e+02,9.80e+02,3.80e+01,3.20e+01
2.30e+02,9.25e+02,4.80e+01,3.80e+01
9.71e+01,1.55e+02,4.60e+01,3.70e+01
2.27e+02,7.57e+02,4.60e+01,3.80e+01
1.79e+02,1.18e+03,3.80e+01,3.20e+01
1.50e+02,1.07e+03,3.70e+01,3.20e+01
2.20e+02,8.34e+02,4.70e+01,3.80e+01
1.48e+02,1.01e+03,3.80e+01,3.30e+01
1.22e+02,7.78e+02,3.70e+01,3.20e+01
1.79e+02,6.35e+02,4.50e+01,3.70e+01
1.36e+02,7.67e+02,3.80e+01,3.30e+01
-4.69e+00,1.34e+02,3.70e+01,3.20e+01
9.08e+01,7.09e+02,3.80e+01,3.20e+01
1.32e+02,9.53e+02,3.70e+01,3.20e+01
1.77e+02,1.17e+03,4.30e+01,3.40e+01
1.70e+02,9.63e+02,4.20e+01,3.30e+01
1.83e+02,5.35e+02,4.70e+01,3.80e+01
8.54e+01,4.97e+02,3.80e+01,3.20e+01
1.69e+02,5.45e+02,4.50e+01,3.70e+01
1.73e+02,5.94e+02,4.80e+01,3.80e+01
1.58e+02,1.08e+03,3.90e+01,3.30e+01
1.18e+02,3.85e+02,4.60e+01,3.80e+01
1.35e+02,9.66e+02,3.90e+01,3.30e+01
1.39e+02,9.87e+02,3.80e+01,3.30e+01
1.38e+02,8.69e+02,3.90e+01,3.30e+01
1.77e+02,1.19e+03,4.20e+01,3.30e+01
1.42e+02,1.03e+03,3.80e+01,3.20e+01
1.53e+02,9.09e+02,3.70e+01,3.20e+01
1.02e+02,7.05e+02,3.90e+01,3.30e+01
1.65e+02,1.05e+03,3.90e+01,3.30e+01
1.60e+02,1.03e+03,4.30e+01,3.40e+01
1.52e+02,9.93e+02,4.20e+01,3.40e+01
1.95e+02,1.16e+03,3.80e+01,3.20e+01
8.42e+01,1.82e+02,4.20e+01,3.50e+01
1.80e+02,1.14e+03,3.80e+01,3.20e+01
9.41e+01,6.02e+02,3.90e+01,3.30e+01
1.85e+02,1.20e+03,3.80e+01,3.30e+01
2.05e+02,8.68e+02,4.40e+01,3.60e+01
7.55e+01,1.98e+02,4.40e+01,3.60e+01
2.21e+02,8.57e+02,4.40e+01,3.60e+01
1.90e+02,1.21e+03,4.40e+01,3.50e+01
2.06e+02,6.35e+02,4.60e+01,3.80e+01
1.39e+02,8.93e+02,3.80e+01,3.30e+01
1.52e+02,9.49e+02,4.40e+01,3.50e+01
2.07e+02,8.70e+02,4.40e+01,3.60e+01
5.66e+01,5.46e+02,4.30e+01,3.50e+01
1.55e+02,4.45e+02,4.50e+01,3.70e+01
8.70e+01,1.99e+02,4.60e+01,3.70e+01
1.61e+02,1.03e+03,3.70e+01,3.20e+01
1.94e+02,1.21e+03,3.80e+01,3.20e+01
1.06e+02,8.10e+02,4.20e+01,3.30e+01
6.29e+01,1.51e+02,4.70e+01,3.80e+01
4.42e+01,2.79e+02,3.80e+01,3.20e+01
5.44e+01,5.05e+02,3.70e+01,3.20e+01
1.22e+02,8.76e+02,3.80e+01,3.20e+01
1.39e+02,3.08e+02,4.80e+01,3.80e+01
1.96e+02,1.20e+03,4.40e+01,3.50e+01
1.90e+02,5.08e+02,4.70e+01,3.80e+01
1.69e+02,1.07e+03,3.70e+01,3.20e+01
1.16e+02,7.88e+02,4.20e+01,3.30e+01
1.90e+02,5.22e+02,4.80e+01,3.80e+01
1.66e+02,1.15e+03,3.80e+01,3.20e+01
2.00e+02,5.92e+02,4.50e+01,3.70e+01
4.40e+01,3.36e+02,3.80e+01,3.20e+01
1.82e+02,1.13e+03,3.90e+01,3.30e+01
1.75e+02,1.02e+03,3.70e+01,3.20e+01
1.51e+02,9.92e+02,3.90e+01,3.30e+01
2.22e+02,7.64e+02,4.50e+01,3.70e+01
1.36e+02,1.01e+03,3.90e+01,3.30e+01
1.49e+02,2.92e+02,4.80e+01,3.80e+01
1.20e+02,2.43e+02,4.50e+01,3.70e+01
1.33e+02,8.15e+02,4.20e+01,3.40e+01
1.63e+02,9.91e+02,3.70e+01,3.20e+01
1.60e+02,4.81e+02,4.80e+01,3.80e+01
1.20e+02,8.49e+02,3.70e+01,3.20e+01
1.16e+02,7.62e+02,3.80e+01,3.20e+01
1.29e+02,8.91e+02,3.90e+01,3.30e+01
2.02e+02,7.29e+02,4.80e+01,3.90e+01
1.90e+02,1.16e+03,4.00e+01,3.40e+01
1.82e+02,1.21e+03,4.20e+01,3.30e+01
1.65e+02,1.02e+03,3.80e+01,3.30e+01
2.36e+02,8.96e+02,4.80e+01,3.80e+01
1.72e+02,9.56e+02,3.70e+01,3.20e+01
1.31e+02,8.12e+02,4.40e+01,3.40e+01
8.67e+01,6.64e+02,3.80e+01,3.20e+01
1.38e+02,8.74e+02,3.80e+01,3.20e+01
1.86e+02,1.19e+03,3.80e+01,3.30e+01
1.80e+02,5.88e+02,4.80e+01,3.80e+01
1.03e+02,6.14e+02,4.20e+01,3.40e+01
1.44e+02,1.01e+03,3.70e+01,3.20e+01
1.52e+02,1.05e+03,3.90e+01,3.30e+01
1.71e+02,6.14e+02,4.50e+01,3.70e+01
2.12e+02,6.98e+02,4.70e+01,3.80e+01
1.93e+02,1.15e+03,4.20e+01,3.30e+01
1.38e+02,8.80e+02,3.70e+01,3.20e+01
1.76e+02,1.01e+03,3.80e+01,3.20e+01
2.19e+02,6.88e+02,4.70e+01,3.80e+01
1.69e+02,1.05e+03,3.80e+01,3.20e+01
9.39e+01,7.42e+02,4.40e+01,3.60e+01
1.34e+02,8.36e+02,3.80e+01,3.20e+01
1.78e+02,1.21e+03,3.90e+01,3.30e+01
1.02e+02,6.28e+02,4.20e+01,3.30e+01
1.62e+02,5.75e+02,4.90e+01,3.80e+01
1.46e+02,8.65e+02,4.00e+01,3.40e+01
1.44e+02,8.73e+02,4.20e+01,3.50e+01
1.58e+02,4.36e+02,4.50e+01,3.70e+01
1.86e+02,4.26e+02,5.00e+01,3.90e+01
1.13e+02,7.50e+02,3.80e+01,3.30e+01
8.32e+01,5.33e+02,3.90e+01,3.20e+01
2.29e+02,8.69e+02,4.80e+01,3.80e+01
1.58e+02,4.55e+02,4.60e+01,3.80e+01
-5.31e+00,8.46e+01,4.30e+01,3.40e+01
1.95e+02,1.14e+03,3.80e+01,3.30e+01
1.82e+02,6.63e+02,4.80e+01,3.80e+01
1.53e+02,1.03e+03,4.40e+01,3.50e+01
1.90e+02,5.98e+02,5.40e+01,4.20e+01
1.12e+02,6.93e+02,4.20e+01,3.50e+01
2.09e+02,8.61e+02,4.50e+01,3.70e+01
1.88e+02,1.23e+03,4.40e+01,3.40e+01
2.17e+02,7.63e+02,4.50e+01,3.70e+01
2.23e+02,7.75e+02,4.40e+01,3.60e+01
1.05e+02,6.65e+02,4.40e+01,3.60e+01
-5.16e+01,0.00e+00,4.30e+01,3.40e+01
1.67e+02,1.04e+03,4.40e+01,3.60e+01
1.69e+02,5.79e+02,4.80e+01,3.80e+01
8.83e+01,5.64e+02,4.20e+01,3.40e+01
1.62e+02,1.08e+03,3.90e+01,3.30e+01
2.10e+02,7.76e+02,4.50e+01,3.70e+01
1.25e+02,9.37e+02,4.20e+01,3.30e+01
4.46e+01,2.67e+02,3.90e+01,3.30e+01
2.39e+01,1.92e+02,4.20e+01,3.40e+01
1.47e+02,4.71e+02,4.80e+01,3.80e+01
9.15e+01,2.22e+02,4.60e+01,3.80e+01
1.69e+02,5.69e+02,4.80e+01,3.80e+01
1.94e+02,7.49e+02,4.70e+01,3.80e+01
1.77e+02,5.63e+02,4.60e+01,3.80e+01
1.68e+02,4.91e+02,4.60e+01,3.80e+01
2.04e+02,7.09e+02,4.50e+01,3.70e+01
1.46e+02,9.06e+02,4.10e+01,3.40e+01
1.97e+02,1.23e+03,3.80e+01,3.30e+01
1.62e+02,3.43e+02,4.60e+01,3.80e+01
1.18e+02,2.85e+02,4.50e+01,3.70e+01
1.72e+02,6.67e+02,4.70e+01,3.80e+01
1.19e+02,3.35e+02,4.60e+01,3.70e+01
1.15e+02,7.23e+02,3.80e+01,3.20e+01
1.28e+02,8.74e+02,4.20e+01,3.50e+01
1.57e+02,1.02e+03,4.30e+01,3.40e+01
1.76e+02,4.29e+02,4.60e+01,3.70e+01
1.90e+02,1.18e+03,3.90e+01,3.30e+01
1.04e+02,6.79e+02,3.70e+01,3.20e+01
1.22e+02,8.13e+02,4.30e+01,3.50e+01
1.09e+02,7.21e+02,4.10e+01,3.50e+01
1.58e+02,9.79e+02,4.10e+01,3.40e+01
7.38e+01,6.06e+02,3.70e+01,3.20e+01
2.03e+02,6.11e+02,4.80e+01,3.80e+01
1.48e+02,3.51e+02,4.80e+01,3.80e+01
1.28e+02,8.00e+02,3.80e+01,3.30e+01
2.37e+02,7.53e+02,4.90e+01,3.90e+01
1.91e+02,1.15e+03,4.20e+01,3.60e+01
1.22e+02,7.20e+02,3.90e+01,3.30e+01
1.85e+02,1.17e+03,3.80e+01,3.30e+01
1.58e+02,9.90e+02,4.00e+01,3.40e+01
1.72e+02,5.45e+02,4.60e+01,3.80e+01
1.13e+02,3.40e+02,4.60e+01,3.80e+01
1.29e+02,7.89e+02,3.70e+01,3.20e+01
1.65e+02,5.88e+02,4.40e+01,3.60e+01
7.22e+01,6.95e+02,4.50e+01,3.70e+01
2.07e+02,7.33e+02,4.70e+01,3.80e+01
9.60e+01,7.00e+02,3.80e+01,3.20e+01
1.20e+02,8.21e+02,4.40e+01,3.60e+01
1.50e+02,9.81e+02,3.70e+01,3.20e+01
1.78e+02,1.19e+03,3.70e+01,3.20e+01
1.99e+02,6.03e+02,4.80e+01,3.80e+01
1.57e+02,1.03e+03,4.00e+01,3.40e+01
1.81e+02,1.16e+03,3.80e+01,3.20e+01
-9.19e-01,1.45e+02,3.90e+01,3.30e+01
1.91e+02,1.19e+03,4.20e+01,3.30e+01
1.24e+02,8.62e+02,4.20e+01,3.30e+01
1.53e+02,1.02e+03,3.90e+01,3.30e+01
1.96e+02,6.72e+02,4.80e+01,3.80e+01
8.27e+01,6.13e+02,3.80e+01,3.30e+01
1.43e+02,9.45e+02,4.40e+01,3.40e+01
7.04e+01,6.05e+02,3.70e+01,3.20e+01
1.78e+02,1.11e+03,4.20e+01,3.40e+01
1.96e+02,1.13e+03,3.90e+01,3.30e+01
1.05e+02,2.51e+02,4.90e+01,3.90e+01
6.62e+01,5.41e+02,3.90e+01,3.30e+01
1.66e+02,1.05e+03,3.80e+01,3.30e+01
1.00e+02,6.76e+02,4.20e+01,3.40e+01
1.05e+02,8.19e+02,3.70e+01,3.20e+01
1.84e+02,1.18e+03,4.00e+01,3.40e+01
1.38e+02,8.74e+02,3.90e+01,3.40e+01
2.09e+02,7.82e+02,4.60e+01,3.80e+01
8.77e+01,6.86e+02,3.80e+01,3.30e+01
1.15e+02,7.86e+02,3.90e+01,3.30e+01
1.22e+02,8.47e+02,4.00e+01,3.30e+01
2.27e+02,8.13e+02,4.60e+01,3.80e+01
1.70e+02,1.16e+03,3.80e+01,3.30e+01
6.44e+01,4.89e+02,3.70e+01,3.20e+01
1.40e+02,3.82e+02,4.60e+01,3.70e+01
1.97e+02,7.24e+02,4.40e+01,3.60e+01
1.48e+02,9.54e+02,3.70e+01,3.20e+01
1.57e+02,9.36e+02,4.10e+01,3.40e+01
6.92e+01,4.61e+02,3.90e+01,3.30e+01
2.24e+02,8.02e+02,4.50e+01,3.70e+01
2.03e+02,6.84e+02,4.80e+01,3.80e+01
1.83e+02,1.15e+03,4.10e+01,3.40e+01
1.60e+02,4.66e+02,4.60e+01,3.70e+01
1.11e+02,7.30e+02,3.70e+01,3.20e+01
1.75e+02,1.18e+03,3.70e+01,3.20e+01
1.14e+02,7.72e+02,4.20e+01,3.30e+01
2.20e+02,5.35e+02,4.90e+01,3.90e+01
1.52e+02,9.68e+02,4.20e+01,3.30e+01
1.40e+02,8.08e+02,3.80e+01,3.20e+01
1.25e+02,8.53e+02,3.90e+01,3.30e+01
2.53e+00,1.45e+02,3.70e+01,3.20e+01
1.59e+02,1.00e+03,4.40e+01,3.60e+01
8.38e+01,6.48e+02,3.70e+01,3.20e+01
1.93e+02,1.20e+03,3.80e+01,3.20e+01
1.91e+02,6.95e+02,4.40e+01,3.60e+01
1.54e+02,1.11e+03,4.20e+01,3.40e+01
1.27e+02,8.46e+02,3.80e+01,3.20e+01
1.30e+02,8.85e+02,3.70e+01,3.20e+01
-7.81e+00,1.68e+02,3.90e+01,3.30e+01
1.76e+02,5.41e+02,4.80e+01,3.80e+01
2.11e+02,8.63e+02,5.40e+01,4.20e+01
2.13e+02,8.15e+02,4.70e+01,3.80e+01
1.65e+02,5.04e+02,4.60e+01,3.70e+01
1.53e+02,9.38e+02,4.20e+01,3.50e+01
1.69e+02,3.77e+02,4.70e+01,3.70e+01
2.48e+02,9.67e+02,4.60e+01,3.80e+01
