-1.30e+02,-4.20e+01,6.50e+01,2.60e+01
-1.18e+02,-3.48e+01,6.50e+01,2.60e+01
-1.20e+02,-3.98e+01,6.60e+01,2.70e+01
-1.33e+02,-4.36e+01,6.50e+01,2.80e+01
-1.24e+02,-3.52e+01,6.50e+01,2.80e+01
-1.26e+02,-3.87e+01,6.50e+01,2.60e+01
-1.28e+02,-4.18e+01,6.60e+01,2.60e+01
-1.29e+02,-4.20e+01,6.50e+01,2.80e+01
-1.29e+02,-4.78e+01,6.40e+01,2.70e+01
-1.25e+02,-4.18e+01,6.60e+01,2.60e+01
-1.33e+02,-4.05e+01,6.60e+01,2.60e+01
-1.20e+02,-4.05e+01,6.60e+01,2.70e+01
-1.33e+02,-4.05e+01,6.50e+01,2.80e+01
-1.27e+02,-3.71e+01,6.60e+01,2.80e+01
-1.22e+02,-4.25e+01,6.70e+01,2.70e+01
-1.26e+02,-3.85e+01,6.50e+01,2.70e+01
-1.53e+02,-4.78e+01,6.60e+01,2.70e+01
-1.43e+02,-4.91e+01,6.60e+01,2.70e+01
-1.33e+02,-3.49e+01,6.40e+01,2.80e+01
-1.22e+02,-3.48e+01,6.60e+01,2.80e+01
-1.21e+02,-3.80e+01,6.60e+01,2.80e+01
-1.24e+02,-4.01e+01,6.60e+01,2.60e+01
-1.21e+02,-3.87e+01,6.50e+01,2.70e+01
-1.19e+02,-3.50e+01,6.60e+01,2.80e+01
-1.35e+02,-4.33e+01,6.40e+01,2.60e+01
-1.26e+02,-4.27e+01,6.60e+01,2.60e+01
-1.23e+02,-4.36e+01,6.50e+01,2.60e+01
-1.19e+02,-3.78e+01,6.60e+01,2.70e+01
-1.25e+02,-3.84e+01,6.50e+01,2.80e+01
-1.39e+02,-4.68e+01,6.60e+01,2.70e+01
-1.32e+02,-4.47e+01,6.60e+01,2.60e+01
-1.46e+02,-3.37e+01,6.60e+01,2.70e+01
-1.24e+02,-3.79e+01,6.50e+01,2.60e+01
-1.28e+02,-4.44e+01,6.40e+01,2.70e+01
-1.27e+02,-4.32e+01,6.50e+01,2.60e+01
-1.25e+02,-3.87e+01,6.60e+01,2.60e+01
-1.21e+02,-3.77e+01,6.60e+01,2.80e+01
-1.24e+02,-3.88e+01,6.50e+01,2.60e+01
-1.28e+02,-4.67e+01,6.50e+01,2.60e+01
-1.25e+02,-3.48e+01,6.50e+01,2.80e+01
-1.25e+02,-4.38e+01,6.50e+01,2.70e+01
-1.34e+02,-4.29e+01,6.50e+01,2.60e+01
-1.27e+02,-3.84e+01,6.50e+01,2.60e+01
-1.22e+02,-4.27e+01,6.40e+01,2.70e+01
-1.22e+02,-3.68e+01,6.40e+01,2.70e+01
-1.21e+02,-3.89e+01,6.40e+01,2.80e+01
-1.32e+02,-4.21e+01,6.60e+01,2.60e+01
-4.17e+02,-5.62e+01,6.50e+01,2.60e+01
-1.48e+02,-5.70e+01,6.30e+01,2.60e+01
-1.26e+02,-3.92e+01,6.60e+01,2.70e+01
-1.32e+02,-3.52e+01,6.50e+01,2.80e+01
-1.23e+02,-3.70e+01,6.70e+01,2.70e+01
-1.28e+02,-4.35e+01,6.60e+01,2.60e+01
-1.23e+02,-4.36e+01,6.60e+01,2.80e+01
-1.20e+02,-3.47e+01,6.50e+01,2.70e+01
-5.00e+02,-5.00e+02,6.60e+01,2.70e+01
-2.40e+02,-9.02e+01,6.50e+01,2.60e+01
-1.25e+02,-3.90e+01,6.50e+01,2.80e+01
-1.22e+02,-3.90e+01,6.60e+01,2.90e+01
-1.26e+02,-4.76e+01,6.40e+01,2.70e+01
-1.45e+02,-4.25e+01,6.60e+01,2.80e+01
-1.29e+02,-4.21e+01,6.50e+01,2.60e+01
-1.34e+02,-3.95e+01,6.60e+01,2.90e+01
-1.26e+02,-3.60e+01,6.60e+01,2.70e+01
-1.31e+02,-4.58e+01,6.60e+01,2.60e+01
-1.48e+02,-4.44e+01,6.50e+01,2.60e+01
-1.61e+02,-5.03e+01,6.60e+01,2.60e+01
-1.28e+02,-4.20e+01,6.60e+01,2.60e+01
-1.34e+02,-4.65e+01,6.50e+01,2.70e+01
-1.25e+02,-4.23e+01,7.00e+01,2.80e+01
-1.22e+02,-3.72e+01,6.40e+01,2.70e+01
-1.59e+02,-3.55e+01,6.40e+01,2.70e+01
-1.46e+02,-4.40e+01,6.70e+01,2.70e+01
-1.21e+02,-3.80e+01,6.50e+01,2.60e+01
-2.01e+02,-4.32e+01,6.50e+01,2.50e+01
-1.21e+02,-3.62e+01,6.60e+01,2.60e+01
-1.27e+02,-4.27e+01,6.60e+01,2.60e+01
-1.16e+02,-3.77e+01,6.50e+01,2.80e+01
-1.31e+02,-4.05e+01,6.60e+01,2.60e+01
-1.42e+02,-5.27e+01,6.50e+01,2.60e+01
-1.28e+02,-4.49e+01,6.90e+01,2.80e+01
-1.34e+02,-4.24e+01,6.50e+01,2.60e+01
-1.34e+02,-5.25e+01,6.50e+01,2.80e+01
-1.33e+02,-3.86e+01,6.50e+01,2.80e+01
-1.31e+02,-4.52e+01,6.60e+01,2.60e+01
-1.29e+02,-4.76e+01,6.50e+01,2.80e+01
-1.38e+02,-3.73e+01,6.40e+01,2.70e+01
-1.37e+02,-4.83e+01,6.60e+01,2.60e+01
-1.30e+02,-3.93e+01,6.50e+01,2.80e+01
-1.26e+02,-3.93e+01,6.50e+01,2.60e+01
-1.34e+02,-5.18e+01,6.60e+01,2.60e+01
-1.36e+02,-4.14e+01,6.50e+01,2.60e+01
-1.27e+02,-3.88e+01,6.60e+01,2.60e+01
-1.25e+02,-3.86e+01,6.60e+01,2.80e+01
-3.28e+02,-6.96e+01,7.00e+01,2.90e+01
-1.24e+02,-4.34e+01,6.50e+01,2.60e+01
