1.28e+02,-3.64e+01,2.91e+01,2.91e+01,1.83e+02,1.20e+01,7.00e+00,2.91e+01
2.56e+02,-7.81e+00,4.51e+01,4.51e+01,1.36e+02,1.20e+01,8.00e+00,4.51e+01
3.84e+02,6.47e-01,7.89e+01,7.89e+01,2.09e+02,1.20e+01,7.00e+00,7.89e+01
5.12e+02,2.30e+01,1.17e+02,1.17e+02,2.32e+02,1.20e+01,8.50e+00,1.17e+02
6.40e+02,2.47e+01,1.05e+02,1.17e+02,2.32e+02,1.20e+01,9.00e+00,1.17e+02
7.68e+02,4.58e+01,1.41e+02,1.41e+02,2.55e+02,1.30e+01,1.00e+01,1.41e+02
8.96e+02,3.53e+01,1.30e+02,1.41e+02,2.55e+02,1.20e+01,9.00e+00,1.41e+02
1.02e+03,5.88e+01,1.68e+02,1.68e+02,2.87e+02,1.30e+01,1.00e+01,1.68e+02
1.15e+03,4.30e+01,1.50e+02,1.68e+02,2.87e+02,1.30e+01,9.00e+00,1.68e+02
1.28e+03,5.72e+01,1.61e+02,1.68e+02,2.87e+02,1.30e+01,1.00e+01,1.68e+02
1.41e+03,6.50e+01,1.82e+02,1.82e+02,2.29e+02,1.30e+01,1.10e+01,1.82e+02
1.54e+03,8.67e+01,1.94e+02,1.94e+02,3.88e+02,1.30e+01,1.00e+01,1.94e+02
1.66e+03,8.20e+01,1.71e+02,1.94e+02,3.88e+02,1.30e+01,1.05e+01,1.94e+02
1.79e+03,5.23e+01,1.94e+02,1.94e+02,2.97e+02,1.30e+01,1.00e+01,1.94e+02
1.92e+03,5.47e+01,1.73e+02,1.94e+02,2.97e+02,1.30e+01,1.00e+01,1.94e+02
2.05e+03,7.51e+01,1.93e+02,1.94e+02,2.97e+02,1.30e+01,1.20e+01,1.94e+02
2.18e+03,6.06e+01,1.93e+02,1.94e+02,2.97e+02,1.30e+01,1.20e+01,1.94e+02
2.30e+03,8.31e+01,1.68e+02,1.94e+02,2.97e+02,1.30e+01,1.40e+01,1.94e+02
2.43e+03,7.70e+01,1.95e+02,1.95e+02,3.02e+02,1.30e+01,1.40e+01,1.95e+02
2.56e+03,7.67e+01,2.02e+02,2.02e+02,4.33e+02,1.30e+01,1.40e+01,2.02e+02
2.69e+03,5.63e+01,1.73e+02,2.02e+02,4.33e+02,1.30e+01,1.40e+01,2.02e+02
2.82e+03,3.96e+01,1.75e+02,2.02e+02,4.33e+02,1.30e+01,1.20e+01,2.02e+02
2.94e+03,6.72e+01,2.02e+02,2.02e+02,4.33e+02,1.30e+01,1.40e+01,2.02e+02
3.07e+03,6.99e+01,1.94e+02,2.02e+02,4.33e+02,1.30e+01,1.40e+01,2.02e+02
3.20e+03,9.59e+01,1.91e+02,2.02e+02,4.33e+02,1.30e+01,1.40e+01,2.02e+02
3.33e+03,9.11e+01,1.61e+02,2.02e+02,4.33e+02,1.30e+01,1.50e+01,2.02e+02
3.46e+03,5.51e+01,1.58e+02,2.02e+02,4.33e+02,1.30e+01,1.40e+01,2.02e+02
3.58e+03,7.66e+01,1.96e+02,2.02e+02,4.33e+02,1.30e+01,1.50e+01,2.02e+02
3.71e+03,8.52e+01,1.85e+02,2.02e+02,4.33e+02,1.30e+01,1.40e+01,2.02e+02
3.84e+03,8.06e+01,1.79e+02,2.02e+02,4.33e+02,1.30e+01,1.50e+01,2.02e+02
3.97e+03,6.89e+01,1.85e+02,2.02e+02,4.33e+02,1.40e+01,1.50e+01,2.02e+02
4.10e+03,8.77e+01,2.13e+02,2.13e+02,4.05e+02,1.40e+01,1.60e+01,2.13e+02
4.22e+03,7.77e+01,1.89e+02,2.13e+02,4.05e+02,1.40e+01,1.50e+01,2.13e+02
4.35e+03,5.21e+01,1.77e+02,2.13e+02,4.05e+02,1.40e+01,1.40e+01,2.13e+02
4.48e+03,5.70e+01,1.91e+02,2.13e+02,4.05e+02,1.30e+01,1.40e+01,2.13e+02
4.61e+03,8.40e+01,1.96e+02,2.13e+02,4.05e+02,1.30e+01,1.50e+01,2.13e+02
4.74e+03,8.46e+01,1.69e+02,2.13e+02,4.05e+02,1.40e+01,1.50e+01,2.13e+02
4.86e+03,1.07e+02,2.12e+02,2.13e+02,4.05e+02,1.40e+01,1.60e+01,2.13e+02
4.99e+03,6.32e+01,1.88e+02,2.13e+02,4.05e+02,1.40e+01,1.60e+01,2.13e+02
5.12e+03,9.35e+01,1.98e+02,2.13e+02,4.05e+02,1.40e+01,1.60e+01,2.13e+02
5.25e+03,1.00e+02,2.18e+02,2.18e+02,3.08e+02,1.40e+01,1.60e+01,2.18e+02
5.38e+03,7.14e+01,1.80e+02,2.18e+02,3.08e+02,1.40e+01,1.70e+01,2.18e+02
5.50e+03,9.95e+01,1.82e+02,2.18e+02,3.08e+02,1.40e+01,1.70e+01,2.18e+02
5.63e+03,9.33e+01,2.18e+02,2.18e+02,3.08e+02,1.40e+01,1.80e+01,2.18e+02
5.76e+03,1.00e+02,2.07e+02,2.18e+02,3.08e+02,1.40e+01,1.80e+01,2.18e+02
5.89e+03,1.08e+02,2.14e+02,2.18e+02,3.08e+02,1.40e+01,1.70e+01,2.18e+02
6.02e+03,1.02e+02,1.93e+02,2.18e+02,3.08e+02,1.40e+01,1.80e+01,2.18e+02
6.14e+03,1.17e+02,1.75e+02,2.18e+02,3.08e+02,1.50e+01,1.80e+01,2.18e+02
6.27e+03,1.08e+02,1.82e+02,2.18e+02,3.08e+02,1.40e+01,1.80e+01,2.18e+02
6.40e+03,1.02e+02,2.00e+02,2.18e+02,3.08e+02,1.40e+01,1.60e+01,2.18e+02
6.53e+03,9.24e+01,1.97e+02,2.18e+02,3.08e+02,1.40e+01,1.60e+01,2.18e+02
6.66e+03,9.93e+01,2.00e+02,2.18e+02,3.08e+02,1.40e+01,1.70e+01,2.18e+02
6.78e+03,1.21e+02,1.92e+02,2.18e+02,3.08e+02,1.40e+01,1.70e+01,2.18e+02
6.91e+03,1.22e+02,1.83e+02,2.18e+02,3.08e+02,1.40e+01,1.70e+01,2.18e+02
7.04e+03,1.24e+02,1.86e+02,2.18e+02,3.08e+02,1.40e+01,1.70e+01,2.18e+02
7.17e+03,1.23e+02,1.81e+02,2.18e+02,3.08e+02,1.50e+01,1.80e+01,2.18e+02
7.30e+03,1.22e+02,1.87e+02,2.18e+02,3.08e+02,1.40e+01,1.70e+01,2.18e+02
7.42e+03,1.25e+02,1.96e+02,2.18e+02,3.08e+02,1.40e+01,1.80e+01,2.18e+02
7.55e+03,1.24e+02,1.99e+02,2.18e+02,3.08e+02,1.50e+01,1.80e+01,2.18e+02
7.68e+03,1.25e+02,1.81e+02,2.18e+02,3.08e+02,1.50e+01,1.80e+01,2.18e+02
7.81e+03,1.27e+02,2.21e+02,2.21e+02,4.05e+02,1.50e+01,1.70e+01,2.21e+02
7.94e+03,1.24e+02,1.98e+02,2.21e+02,4.05e+02,1.40e+01,1.70e+01,2.21e+02
8.06e+03,1.27e+02,2.02e+02,2.21e+02,4.05e+02,1.40e+01,1.70e+01,2.21e+02
8.19e+03,1.24e+02,1.92e+02,2.21e+02,4.05e+02,1.40e+01,1.70e+01,2.21e+02
8.32e+03,1.30e+02,1.94e+02,2.21e+02,4.05e+02,1.50e+01,1.70e+01,2.21e+02
