-1.34e+02,-8.95e+01,4.10e+01,1.90e+01
-1.32e+02,-8.15e+01,4.60e+01,1.90e+01
-1.33e+02,-8.07e+01,4.20e+01,1.90e+01
-1.34e+02,-9.25e+01,4.10e+01,1.90e+01
-1.32e+02,-7.93e+01,4.20e+01,1.90e+01
-1.32e+02,-7.90e+01,4.10e+01,1.90e+01
-1.32e+02,-7.94e+01,4.30e+01,1.90e+01
-1.32e+02,-8.23e+01,4.20e+01,1.90e+01
-1.39e+02,-9.56e+01,4.10e+01,1.90e+01
-1.32e+02,-7.92e+01,4.30e+01,1.90e+01
-1.33e+02,-8.72e+01,4.20e+01,1.90e+01
-1.32e+02,-7.96e+01,4.10e+01,1.90e+01
-1.34e+02,-9.00e+01,4.60e+01,2.10e+01
-1.33e+02,-8.99e+01,4.20e+01,2.00e+01
-1.33e+02,-8.26e+01,4.30e+01,2.00e+01
-1.33e+02,-8.41e+01,4.10e+01,1.90e+01
-1.34e+02,-9.28e+01,4.70e+01,2.00e+01
-1.32e+02,-8.08e+01,4.20e+01,1.90e+01
-1.34e+02,-9.03e+01,4.10e+01,1.90e+01
-1.33e+02,-8.68e+01,4.50e+01,2.10e+01
-1.34e+02,-8.99e+01,4.20e+01,1.90e+01
-1.35e+02,-9.18e+01,4.30e+01,1.90e+01
-1.34e+02,-8.67e+01,4.40e+01,2.10e+01
-1.33e+02,-8.83e+01,4.10e+01,1.90e+01
-1.33e+02,-9.03e+01,4.40e+01,2.00e+01
-1.32e+02,-8.05e+01,4.20e+01,1.90e+01
-1.32e+02,-8.39e+01,4.30e+01,2.00e+01
-1.33e+02,-8.19e+01,4.10e+01,1.90e+01
-1.36e+02,-8.10e+01,4.30e+01,1.90e+01
-1.32e+02,-7.93e+01,4.20e+01,1.90e+01
-1.50e+02,-1.20e+02,4.20e+01,2.00e+01
-1.55e+02,-9.64e+01,4.80e+01,2.00e+01
-1.32e+02,-8.57e+01,4.30e+01,2.00e+01
-1.55e+02,-9.63e+01,4.80e+01,2.00e+01
-1.98e+02,-1.97e+02,4.30e+01,1.90e+01
-1.56e+02,-9.09e+01,4.20e+01,1.90e+01
-1.32e+02,-7.78e+01,4.30e+01,1.90e+01
-1.32e+02,-7.98e+01,4.20e+01,1.90e+01
-1.31e+02,-7.63e+01,4.20e+01,1.90e+01
-1.33e+02,-8.76e+01,4.20e+01,1.90e+01
-1.42e+02,-9.60e+01,4.10e+01,1.90e+01
-1.47e+02,-9.20e+01,4.30e+01,1.90e+01
-1.34e+02,-9.30e+01,4.80e+01,2.20e+01
-1.31e+02,-7.90e+01,4.20e+01,1.90e+01
-1.33e+02,-8.39e+01,4.30e+01,2.00e+01
-1.69e+02,-1.08e+02,4.30e+01,2.00e+01
-1.33e+02,-8.55e+01,4.20e+01,1.90e+01
-1.51e+02,-8.42e+01,4.20e+01,1.90e+01
-1.51e+02,-9.02e+01,4.10e+01,1.90e+01
-1.32e+02,-8.47e+01,4.20e+01,1.90e+01
-1.33e+02,-8.25e+01,4.40e+01,1.90e+01
-1.48e+02,-8.40e+01,4.70e+01,1.90e+01
-1.34e+02,-8.96e+01,4.30e+01,1.90e+01
-1.34e+02,-9.24e+01,4.70e+01,1.90e+01
-1.31e+02,-7.49e+01,4.20e+01,1.90e+01
-1.36e+02,-9.48e+01,4.20e+01,1.90e+01
-1.46e+02,-8.08e+01,4.60e+01,1.90e+01
-1.34e+02,-8.63e+01,4.70e+01,2.00e+01
-1.36e+02,-9.32e+01,4.30e+01,1.90e+01
-1.31e+02,-7.65e+01,4.30e+01,1.90e+01
-1.36e+02,-8.10e+01,4.50e+01,2.00e+01
-1.31e+02,-7.61e+01,4.40e+01,2.00e+01
-1.32e+02,-7.65e+01,4.30e+01,2.00e+01
-1.55e+02,-9.76e+01,4.60e+01,1.90e+01
-1.34e+02,-9.24e+01,4.20e+01,2.00e+01
-1.34e+02,-9.13e+01,4.30e+01,1.90e+01
-1.36e+02,-8.35e+01,4.30e+01,1.90e+01
-1.33e+02,-8.60e+01,4.70e+01,2.00e+01
-1.39e+02,-8.72e+01,4.30e+01,1.90e+01
-1.82e+02,-1.30e+02,4.10e+01,1.90e+01
-1.53e+02,-9.70e+01,4.20e+01,1.90e+01
-1.32e+02,-7.73e+01,4.70e+01,1.90e+01
-1.44e+02,-9.28e+01,4.20e+01,1.90e+01
-1.43e+02,-9.61e+01,4.60e+01,2.10e+01
-1.34e+02,-9.21e+01,4.20e+01,1.90e+01
-1.33e+02,-9.01e+01,4.40e+01,1.90e+01
-1.31e+02,-7.77e+01,4.10e+01,1.90e+01
-1.49e+02,-9.30e+01,4.70e+01,2.10e+01
-1.33e+02,-8.48e+01,4.20e+01,1.90e+01
-1.38e+02,-9.58e+01,4.60e+01,1.90e+01
-1.31e+02,-7.67e+01,4.60e+01,1.90e+01
-1.48e+02,-9.57e+01,4.20e+01,1.90e+01
-1.45e+02,-9.54e+01,4.10e+01,1.90e+01
-1.51e+02,-9.14e+01,4.10e+01,1.90e+01
-1.47e+02,-9.46e+01,4.10e+01,1.90e+01
-1.34e+02,-9.16e+01,4.20e+01,1.90e+01
-1.39e+02,-9.73e+01,4.40e+01,1.90e+01
-1.58e+02,-9.74e+01,4.10e+01,1.90e+01
-1.40e+02,-9.29e+01,4.40e+01,2.00e+01
-1.32e+02,-8.19e+01,4.20e+01,1.90e+01
-1.39e+02,-9.32e+01,4.20e+01,2.00e+01
-1.36e+02,-9.04e+01,4.20e+01,1.90e+01
-1.54e+02,-9.62e+01,4.20e+01,2.00e+01
-1.52e+02,-9.44e+01,4.40e+01,2.10e+01
-1.33e+02,-8.50e+01,4.20e+01,2.00e+01
-1.33e+02,-8.77e+01,4.60e+01,1.90e+01
-1.32e+02,-8.06e+01,4.20e+01,1.90e+01
-1.33e+02,-8.68e+01,4.40e+01,1.90e+01
-1.40e+02,-9.63e+01,4.10e+01,1.90e+01
-1.54e+02,-9.58e+01,4.20e+01,2.00e+01
-1.32e+02,-7.87e+01,4.30e+01,2.00e+01
-1.44e+02,-9.36e+01,4.60e+01,1.90e+01
-1.35e+02,-9.45e+01,4.30e+01,1.90e+01
-1.34e+02,-8.95e+01,4.40e+01,1.90e+01
-1.33e+02,-8.73e+01,4.20e+01,1.90e+01
-1.34e+02,-9.06e+01,4.30e+01,1.90e+01
-1.32e+02,-8.14e+01,4.30e+01,1.90e+01
-1.40e+02,-9.70e+01,4.30e+01,1.90e+01
-1.39e+02,-8.96e+01,4.40e+01,1.90e+01
-1.32e+02,-8.02e+01,4.20e+01,1.90e+01
-1.42e+02,-9.24e+01,4.70e+01,2.00e+01
-1.40e+02,-9.40e+01,4.20e+01,1.90e+01
-1.39e+02,-8.43e+01,4.20e+01,1.90e+01
-1.32e+02,-8.22e+01,4.20e+01,1.90e+01
-1.32e+02,-8.42e+01,4.50e+01,2.10e+01
-1.31e+02,-7.46e+01,4.70e+01,1.90e+01
-1.31e+02,-7.44e+01,4.20e+01,2.00e+01
-1.34e+02,-9.18e+01,4.30e+01,1.90e+01
-1.36e+02,-9.31e+01,4.30e+01,1.90e+01
-1.98e+02,-1.97e+02,4.10e+01,1.90e+01
-1.47e+02,-9.75e+01,4.30e+01,1.90e+01
-1.57e+02,-9.71e+01,4.30e+01,2.00e+01
-1.34e+02,-9.07e+01,4.40e+01,2.00e+01
-1.38e+02,-9.41e+01,4.10e+01,1.90e+01
-1.36e+02,-9.38e+01,4.20e+01,1.90e+01
-1.34e+02,-8.78e+01,4.60e+01,1.90e+01
-1.39e+02,-9.25e+01,4.30e+01,2.00e+01
-1.33e+02,-8.48e+01,4.20e+01,2.00e+01
-1.40e+02,-9.15e+01,4.10e+01,1.90e+01
-1.48e+02,-9.65e+01,4.20e+01,2.00e+01
-1.32e+02,-8.41e+01,4.20e+01,2.00e+01
-1.31e+02,-7.71e+01,4.40e+01,1.90e+01
-1.35e+02,-9.40e+01,4.30e+01,2.00e+01
-1.56e+02,-8.93e+01,4.70e+01,2.10e+01
-1.34e+02,-8.92e+01,4.50e+01,2.00e+01
-1.32e+02,-8.20e+01,4.20e+01,1.90e+01
-1.33e+02,-8.31e+01,4.40e+01,2.00e+01
-1.32e+02,-8.42e+01,4.10e+01,1.90e+01
-1.38e+02,-9.64e+01,4.40e+01,1.90e+01
-1.32e+02,-7.58e+01,4.30e+01,2.00e+01
-1.33e+02,-9.15e+01,4.20e+01,1.90e+01
-1.38e+02,-9.43e+01,4.60e+01,2.20e+01
-1.34e+02,-8.84e+01,4.10e+01,1.90e+01
-1.35e+02,-9.05e+01,4.10e+01,1.90e+01
-1.33e+02,-8.42e+01,4.40e+01,1.90e+01
-1.30e+02,-6.62e+01,4.40e+01,1.90e+01
-1.33e+02,-8.75e+01,4.10e+01,1.90e+01
-1.34e+02,-8.82e+01,4.40e+01,2.00e+01
-1.33e+02,-8.60e+01,4.50e+01,2.00e+01
-1.32e+02,-8.34e+01,4.30e+01,1.90e+01
-1.32e+02,-8.24e+01,4.30e+01,1.90e+01
-1.36e+02,-9.30e+01,4.30e+01,1.90e+01
-1.33e+02,-8.67e+01,4.40e+01,2.00e+01
-1.33e+02,-8.63e+01,4.70e+01,1.90e+01
-1.52e+02,-9.43e+01,4.50e+01,2.00e+01
-1.41e+02,-9.43e+01,4.60e+01,1.90e+01
-1.40e+02,-9.61e+01,4.30e+01,1.90e+01
-1.57e+02,-9.70e+01,4.10e+01,1.90e+01
-1.39e+02,-9.64e+01,4.20e+01,1.90e+01
-1.31e+02,-8.09e+01,4.80e+01,2.00e+01
-1.33e+02,-8.60e+01,4.80e+01,2.00e+01
-1.39e+02,-7.84e+01,4.80e+01,2.20e+01
-1.34e+02,-8.87e+01,4.30e+01,2.10e+01
-1.56e+02,-9.44e+01,4.20e+01,2.00e+01
-1.57e+02,-9.44e+01,4.70e+01,2.00e+01
-1.47e+02,-9.24e+01,4.70e+01,1.90e+01
-1.32e+02,-8.04e+01,4.30e+01,2.00e+01
-1.32e+02,-8.10e+01,4.70e+01,1.90e+01
-1.33e+02,-8.49e+01,4.30e+01,1.90e+01
-1.51e+02,-9.44e+01,4.20e+01,2.00e+01
-1.32e+02,-8.27e+01,4.40e+01,2.00e+01
-1.40e+02,-9.17e+01,4.10e+01,1.90e+01
-1.32e+02,-8.15e+01,4.20e+01,1.90e+01
-1.33e+02,-8.52e+01,4.20e+01,1.90e+01
-1.47e+02,-9.50e+01,4.20e+01,1.90e+01
-1.52e+02,-9.41e+01,4.20e+01,1.90e+01
-1.34e+02,-9.18e+01,4.20e+01,1.90e+01
-1.33e+02,-8.59e+01,4.20e+01,1.90e+01
-1.51e+02,-9.41e+01,4.10e+01,1.90e+01
-1.32e+02,-7.88e+01,4.30e+01,2.00e+01
-1.66e+02,-8.50e+01,4.30e+01,1.90e+01
-1.67e+02,-1.01e+02,4.20e+01,1.90e+01
-1.34e+02,-9.28e+01,4.40e+01,2.00e+01
-1.34e+02,-9.15e+01,4.40e+01,2.00e+01
-1.43e+02,-9.23e+01,4.70e+01,2.00e+01
-1.46e+02,-9.10e+01,4.30e+01,2.00e+01
-1.33e+02,-8.86e+01,4.10e+01,1.90e+01
-1.54e+02,-9.71e+01,4.10e+01,1.90e+01
-1.46e+02,-9.36e+01,4.20e+01,1.90e+01
-1.42e+02,-9.71e+01,4.10e+01,1.90e+01
-1.34e+02,-9.33e+01,4.50e+01,2.10e+01
-1.33e+02,-8.55e+01,4.30e+01,1.90e+01
