-2.30e+01,6.22e+01,1.00e+01,1.20e+01
-1.95e+01,1.36e+02,1.40e+01,1.20e+01
1.14e+00,6.45e+01,1.70e+01,1.20e+01
9.41e+00,1.37e+02,1.70e+01,1.20e+01
-4.89e+01,-2.25e+01,1.00e+01,1.20e+01
-4.06e+01,5.96e+01,1.70e+01,1.20e+01
-2.50e+00,1.04e+02,1.50e+01,1.20e+01
1.14e+01,9.92e+01,1.20e+01,1.20e+01
-3.16e+00,4.09e+01,1.20e+01,1.20e+01
4.19e+00,9.39e+01,1.20e+01,1.20e+01
-8.87e+00,5.04e+01,1.60e+01,1.20e+01
-1.59e+00,1.49e+02,1.50e+01,1.20e+01
-3.82e+01,1.37e+01,1.50e+01,1.20e+01
1.03e+01,7.39e+01,1.40e+01,1.20e+01
-1.88e+01,2.87e+01,1.40e+01,1.20e+01
-2.82e+01,5.32e+01,1.70e+01,1.20e+01
-4.19e+00,8.03e+01,1.80e+01,1.20e+01
-4.85e+01,1.58e+01,1.10e+01,1.20e+01
-1.83e+01,6.94e+01,1.40e+01,1.20e+01
-5.40e+01,1.46e+01,1.10e+01,1.20e+01
1.57e+01,8.20e+01,1.20e+01,1.20e+01
2.08e+01,7.21e+01,1.10e+01,1.20e+01
-1.16e+01,9.37e+01,1.70e+01,1.20e+01
7.72e+00,1.12e+02,1.50e+01,1.20e+01
-5.66e+01,-2.77e+01,1.20e+01,1.20e+01
-1.33e+01,4.34e+01,1.60e+01,1.20e+01
-1.21e+01,7.65e+01,1.40e+01,1.20e+01
-7.36e+00,4.19e+01,1.00e+01,1.20e+01
-3.13e+01,-1.88e+00,1.10e+01,1.20e+01
2.25e+01,1.62e+02,1.50e+01,1.20e+01
-7.93e+00,3.10e+01,1.50e+01,1.20e+01
6.20e+00,4.89e+01,1.70e+01,1.20e+01
-2.16e+00,4.98e+01,1.50e+01,1.20e+01
1.37e+01,1.22e+02,2.00e+01,1.20e+01
7.88e+00,8.47e+01,1.20e+01,1.20e+01
1.83e+01,8.88e+01,1.70e+01,1.20e+01
-2.47e+00,4.34e+01,1.50e+01,1.20e+01
3.97e+00,6.09e+01,1.30e+01,1.20e+01
-3.20e+01,2.09e+01,1.50e+01,1.20e+01
1.07e+01,6.35e+01,1.60e+01,1.20e+01
4.02e+00,4.91e+01,1.40e+01,1.20e+01
-1.98e-01,5.08e+01,1.50e+01,1.20e+01
-1.80e+01,4.21e+01,1.30e+01,1.20e+01
1.86e+01,7.77e+01,1.80e+01,1.20e+01
1.96e+00,3.35e+01,1.50e+01,1.20e+01
4.52e-01,8.38e+01,1.40e+01,1.20e+01
1.96e+01,1.02e+02,1.40e+01,1.20e+01
-2.99e+01,1.10e+02,1.10e+01,1.20e+01
-2.17e+01,5.70e+01,1.50e+01,1.20e+01
-5.59e+01,-1.48e+01,1.20e+01,1.20e+01
1.43e+01,6.50e+01,1.50e+01,1.20e+01
-3.52e+01,4.17e+01,1.30e+01,1.20e+01
1.29e+01,4.95e+01,1.60e+01,1.20e+01
-7.03e-01,7.72e+01,1.20e+01,1.20e+01
2.91e+01,1.64e+02,1.50e+01,1.20e+01
3.85e+01,1.95e+02,1.20e+01,1.20e+01
8.84e+00,9.75e+01,1.60e+01,1.20e+01
5.16e+00,8.93e+01,1.40e+01,1.20e+01
-3.25e+01,6.50e+01,1.50e+01,1.20e+01
-2.58e+01,2.60e+01,1.40e+01,1.20e+01
7.51e+00,7.75e+01,1.30e+01,1.20e+01
-9.57e-01,6.52e+01,1.40e+01,1.20e+01
4.32e+00,6.96e+01,1.40e+01,1.20e+01
9.57e+00,5.26e+01,1.80e+01,1.20e+01
2.73e+01,1.37e+02,1.50e+01,1.20e+01
-1.31e+01,9.42e+01,1.10e+01,1.20e+01
-1.62e+01,5.42e+01,1.40e+01,1.20e+01
3.42e+00,7.39e+01,1.20e+01,1.20e+01
-2.12e+00,4.65e+01,1.50e+01,1.20e+01
1.18e+01,8.56e+01,1.50e+01,1.20e+01
-1.41e+01,3.79e+01,1.60e+01,1.20e+01
1.18e+01,7.55e+01,1.40e+01,1.20e+01
-2.73e+01,8.26e+01,1.30e+01,1.20e+01
-3.20e+01,4.02e+01,1.30e+01,1.20e+01
1.43e+01,7.52e+01,1.50e+01,1.20e+01
7.78e-01,7.13e+01,1.40e+01,1.20e+01
-2.72e+00,5.61e+01,1.60e+01,1.20e+01
-6.14e+00,4.24e+01,1.50e+01,1.20e+01
3.92e+00,6.24e+01,1.60e+01,1.20e+01
-5.59e+00,3.53e+01,1.20e+01,1.20e+01
-6.45e+00,7.39e+01,1.40e+01,1.20e+01
1.52e+01,1.35e+02,1.60e+01,1.20e+01
-2.05e+01,6.82e+01,1.60e+01,1.20e+01
-1.26e+01,5.03e+01,1.20e+01,1.20e+01
1.60e+01,9.09e+01,1.40e+01,1.20e+01
-1.07e+00,7.58e+01,1.10e+01,1.20e+01
1.40e+01,4.24e+01,1.50e+01,1.20e+01
1.52e+01,5.92e+01,1.60e+01,1.20e+01
-1.13e+00,8.31e+01,1.10e+01,1.20e+01
7.10e+00,1.10e+02,1.40e+01,1.20e+01
-6.02e-01,4.19e+01,1.20e+01,1.20e+01
-1.32e+01,5.25e+01,1.30e+01,1.20e+01
-4.68e+01,-1.14e+01,8.00e+00,1.20e+01
-7.26e+00,9.96e+01,1.30e+01,1.20e+01
2.21e+01,9.38e+01,1.60e+01,1.20e+01
1.37e+01,1.26e+02,1.40e+01,1.20e+01
1.44e+01,6.85e+01,1.70e+01,1.20e+01
1.93e+01,6.85e+01,1.60e+01,1.20e+01
2.41e+00,5.83e+01,1.50e+01,1.20e+01
-2.56e+01,5.24e+01,1.40e+01,1.20e+01
-1.48e+01,5.85e+01,1.60e+01,1.20e+01
3.09e+01,1.17e+02,1.40e+01,1.20e+01
-1.09e+01,6.13e+01,1.80e+01,1.20e+01
9.56e+00,4.96e+01,1.30e+01,1.20e+01
-2.24e+01,6.30e+01,1.30e+01,1.20e+01
-1.29e+01,2.91e+01,1.40e+01,1.20e+01
2.82e+01,8.76e+01,1.40e+01,1.20e+01
-4.58e+00,8.04e+01,1.70e+01,1.20e+01
-3.12e+01,7.32e+01,1.00e+01,1.20e+01
-5.22e-01,7.98e+01,1.70e+01,1.20e+01
3.08e+01,1.45e+02,1.30e+01,1.20e+01
-6.99e+00,2.41e+01,1.30e+01,1.20e+01
5.13e+00,8.26e+01,1.60e+01,1.20e+01
-7.10e+00,3.25e+01,1.40e+01,1.20e+01
-2.57e+01,6.22e+01,1.30e+01,1.20e+01
-7.00e+00,5.15e+01,1.50e+01,1.20e+01
1.07e+01,5.17e+01,1.50e+01,1.20e+01
-1.49e+01,4.54e+01,1.50e+01,1.20e+01
-1.47e+01,5.14e+01,1.50e+01,1.20e+01
-2.79e+01,4.83e+01,1.40e+01,1.20e+01
4.54e+01,1.55e+02,1.50e+01,1.20e+01
-1.86e+01,3.28e+01,1.40e+01,1.20e+01
2.96e+01,1.20e+02,1.50e+01,1.20e+01
-1.73e+01,3.36e+01,1.50e+01,1.20e+01
-1.59e+00,6.51e+01,1.50e+01,1.20e+01
1.91e+01,5.39e+01,1.30e+01,1.20e+01
-6.78e+00,6.96e+01,1.30e+01,1.20e+01
-6.42e+00,8.07e+01,1.50e+01,1.20e+01
