3.92e+00,1.52e+02,3.00e+01,1.70e+01
2.35e+01,2.37e+02,3.00e+01,1.60e+01
4.97e+01,1.90e+02,3.00e+01,1.70e+01
1.41e+01,1.51e+02,3.00e+01,1.60e+01
2.15e+01,1.28e+02,2.80e+01,1.50e+01
7.17e+01,3.07e+02,2.90e+01,1.50e+01
-2.32e+00,1.05e+02,2.60e+01,1.30e+01
4.67e+00,1.01e+02,2.90e+01,1.50e+01
3.30e+01,1.43e+02,2.50e+01,1.30e+01
5.50e+00,1.16e+02,2.90e+01,1.50e+01
2.13e+01,9.25e+01,2.60e+01,1.30e+01
-1.71e+01,4.35e+01,2.90e+01,1.40e+01
-1.09e+01,1.71e+01,3.00e+01,1.60e+01
-1.14e+00,9.01e+01,3.00e+01,1.40e+01
2.52e+01,8.51e+01,2.90e+01,1.50e+01
1.83e+01,1.10e+02,3.00e+01,1.40e+01
1.54e+01,1.77e+02,3.00e+01,1.40e+01
5.00e+01,2.54e+02,2.80e+01,1.50e+01
-1.26e+00,5.60e+01,2.50e+01,1.30e+01
7.71e+00,1.12e+02,3.10e+01,1.70e+01
2.90e+01,1.72e+02,3.00e+01,1.50e+01
2.27e+01,1.23e+02,3.10e+01,1.70e+01
-2.10e+00,1.52e+02,2.60e+01,1.30e+01
4.33e+01,1.46e+02,2.60e+01,1.30e+01
3.38e+01,1.73e+02,3.10e+01,1.70e+01
8.65e+00,4.44e+01,2.90e+01,1.50e+01
1.95e+01,1.26e+02,2.90e+01,1.50e+01
2.05e+01,9.35e+01,3.00e+01,1.60e+01
4.96e+01,2.11e+02,2.90e+01,1.50e+01
2.74e+01,2.28e+02,3.00e+01,1.40e+01
1.72e+01,1.24e+02,3.00e+01,1.50e+01
-7.05e+00,6.81e+01,2.60e+01,1.40e+01
-1.56e+01,2.00e+01,3.10e+01,1.60e+01
-4.74e+00,6.53e+01,3.00e+01,1.60e+01
6.21e+00,1.10e+02,2.80e+01,1.40e+01
3.26e+01,2.96e+02,3.00e+01,1.70e+01
-9.75e-01,6.65e+01,2.60e+01,1.30e+01
2.89e+01,2.13e+02,3.10e+01,1.60e+01
-5.03e+01,3.16e+01,2.90e+01,1.40e+01
-1.04e+01,1.58e+02,2.90e+01,1.50e+01
4.15e+01,2.02e+02,3.00e+01,1.50e+01
1.05e+01,7.58e+01,3.10e+01,1.70e+01
2.73e+01,1.96e+02,2.90e+01,1.50e+01
1.19e+01,1.25e+02,3.00e+01,1.70e+01
1.13e+01,1.20e+02,3.00e+01,1.60e+01
-7.94e+00,1.80e+01,3.10e+01,1.70e+01
2.25e+01,1.11e+02,3.00e+01,1.60e+01
5.51e+00,1.00e+02,3.00e+01,1.70e+01
8.91e+00,7.12e+01,2.60e+01,1.30e+01
-2.48e+01,6.16e+01,2.90e+01,1.50e+01
-3.23e+01,6.07e+01,2.80e+01,1.50e+01
2.04e+01,2.32e+02,3.00e+01,1.60e+01
3.21e+01,1.38e+02,3.10e+01,1.60e+01
3.04e+01,2.33e+02,3.00e+01,1.60e+01
6.50e+00,1.18e+02,2.60e+01,1.30e+01
5.48e+01,1.98e+02,3.00e+01,1.60e+01
4.34e+01,2.59e+02,2.80e+01,1.50e+01
2.00e+01,1.36e+02,2.50e+01,1.30e+01
1.69e+01,9.62e+01,2.70e+01,1.30e+01
1.95e+01,1.28e+02,2.90e+01,1.40e+01
9.21e+00,1.13e+02,3.00e+01,1.70e+01
3.30e+01,1.84e+02,3.10e+01,1.70e+01
1.63e+01,1.51e+02,3.10e+01,1.60e+01
7.38e+00,6.00e+01,3.10e+01,1.60e+01
1.21e+01,9.59e+01,2.90e+01,1.50e+01
-1.23e+00,2.38e+01,3.10e+01,1.70e+01
7.50e+00,6.76e+01,2.90e+01,1.50e+01
3.48e+01,2.03e+02,3.10e+01,1.70e+01
-9.26e-01,4.64e+01,2.90e+01,1.50e+01
1.77e+01,9.88e+01,2.60e+01,1.30e+01
1.59e+01,9.04e+01,3.00e+01,1.70e+01
3.43e+01,2.16e+02,3.00e+01,1.50e+01
-2.71e+00,8.76e+01,2.90e+01,1.50e+01
2.36e+01,8.05e+01,2.60e+01,1.40e+01
-9.17e+00,5.78e+01,2.80e+01,1.50e+01
1.84e+01,8.95e+01,2.90e+01,1.50e+01
2.19e+01,1.13e+02,3.00e+01,1.60e+01
4.44e+01,2.24e+02,3.10e+01,1.60e+01
1.26e+01,6.79e+01,3.10e+01,1.60e+01
3.69e+00,6.04e+01,2.60e+01,1.30e+01
1.89e+01,1.46e+02,3.10e+01,1.60e+01
2.23e+01,1.44e+02,3.00e+01,1.50e+01
4.06e+00,4.94e+01,3.10e+01,1.80e+01
3.59e+01,1.76e+02,3.10e+01,1.40e+01
-7.72e+00,1.22e+02,3.00e+01,1.60e+01
2.62e+01,1.30e+02,3.10e+01,1.70e+01
1.15e+01,7.21e+01,2.60e+01,1.30e+01
2.76e+01,1.70e+02,3.00e+01,1.70e+01
1.58e+00,1.03e+02,3.10e+01,1.60e+01
2.37e+01,1.99e+02,3.10e+01,1.50e+01
4.50e+01,2.69e+02,3.10e+01,1.40e+01
4.72e+00,7.64e+01,2.60e+01,1.30e+01
-2.98e+00,6.48e+01,3.00e+01,1.70e+01
-5.52e+00,7.23e+01,3.10e+01,1.70e+01
1.52e+01,2.70e+02,3.10e+01,1.80e+01
-2.61e+01,3.21e+01,2.50e+01,1.30e+01
-1.09e+01,6.81e+01,3.10e+01,1.70e+01
2.16e+01,9.24e+01,3.00e+01,1.60e+01
9.37e+00,1.04e+02,3.10e+01,1.70e+01
1.40e+01,6.33e+01,3.00e+01,1.50e+01
1.65e+01,1.14e+02,2.50e+01,1.30e+01
1.65e+01,2.27e+02,3.00e+01,1.60e+01
1.72e+01,1.11e+02,3.10e+01,1.70e+01
-2.12e+01,4.80e+01,3.00e+01,1.40e+01
1.90e+01,1.54e+02,2.60e+01,1.40e+01
1.93e+01,1.53e+02,3.00e+01,1.70e+01
-5.34e+01,8.86e+01,3.00e+01,1.60e+01
1.81e+01,1.10e+02,3.10e+01,1.60e+01
1.82e+01,1.43e+02,2.80e+01,1.50e+01
1.13e+01,1.04e+02,2.70e+01,1.30e+01
-1.88e+01,4.42e+01,3.00e+01,1.40e+01
5.41e+01,1.60e+02,3.00e+01,1.50e+01
-5.22e+00,1.62e+02,3.10e+01,1.70e+01
-1.19e+01,6.09e+01,3.10e+01,1.70e+01
2.39e+01,1.16e+02,2.80e+01,1.50e+01
8.52e+00,1.15e+02,3.10e+01,1.70e+01
-7.71e+00,1.13e+02,3.00e+01,1.40e+01
-2.51e+00,3.17e+01,3.00e+01,1.60e+01
2.14e+01,1.11e+02,3.10e+01,1.60e+01
9.93e+00,7.96e+01,2.80e+01,1.50e+01
2.65e+01,2.53e+02,3.10e+01,1.60e+01
4.38e+01,2.47e+02,2.60e+01,1.30e+01
-7.63e-01,1.24e+02,2.80e+01,1.50e+01
1.86e+01,1.01e+02,3.00e+01,1.40e+01
1.95e+01,1.34e+02,3.00e+01,1.50e+01
-2.36e+00,3.59e+01,3.00e+01,1.50e+01
1.75e+01,1.42e+02,2.90e+01,1.60e+01
1.11e+01,8.05e+01,2.90e+01,1.50e+01
