-2.36e+02,-7.10e+01,4.70e+01,2.70e+01
-3.94e+02,-5.18e+01,3.20e+01,2.20e+01
-2.93e+02,-5.52e+01,3.90e+01,2.30e+01
-2.37e+02,-7.49e+01,4.80e+01,2.60e+01
-3.96e+02,-5.78e+01,3.10e+01,2.20e+01
-2.28e+02,-6.48e+01,4.50e+01,2.60e+01
-2.33e+02,-7.17e+01,4.80e+01,2.80e+01
-3.97e+02,-5.19e+01,3.50e+01,2.40e+01
-3.67e+02,-7.77e+01,4.00e+01,2.50e+01
-2.92e+02,-5.09e+01,4.00e+01,2.50e+01
-2.26e+02,-7.07e+01,4.50e+01,2.60e+01
-2.93e+02,-6.06e+01,4.00e+01,2.60e+01
-2.33e+02,-6.77e+01,4.80e+01,2.60e+01
-2.30e+02,-6.58e+01,4.50e+01,2.60e+01
-3.86e+02,-5.07e+01,3.10e+01,2.20e+01
-2.35e+02,-6.99e+01,4.70e+01,2.70e+01
-2.33e+02,-7.02e+01,4.60e+01,2.60e+01
-3.87e+02,-5.06e+01,3.10e+01,2.20e+01
-2.98e+02,-5.92e+01,4.10e+01,2.30e+01
-2.41e+02,-6.52e+01,4.70e+01,2.70e+01
-2.28e+02,-7.86e+01,4.90e+01,2.80e+01
-2.41e+02,-7.08e+01,4.60e+01,2.60e+01
-3.00e+02,-5.89e+01,4.20e+01,2.40e+01
-4.38e+02,-1.29e+02,4.90e+01,2.60e+01
-2.41e+02,-7.88e+01,4.50e+01,2.60e+01
-2.96e+02,-4.99e+01,4.20e+01,2.60e+01
-2.31e+02,-7.42e+01,4.80e+01,2.80e+01
-2.91e+02,-4.87e+01,4.00e+01,2.40e+01
-3.79e+02,-5.99e+01,3.20e+01,2.30e+01
-2.96e+02,-7.09e+01,4.70e+01,2.70e+01
-2.96e+02,-5.93e+01,3.90e+01,2.30e+01
-3.02e+02,-7.76e+01,4.80e+01,2.80e+01
-3.08e+02,-7.12e+01,4.70e+01,2.70e+01
-4.93e+02,-4.59e+02,3.50e+01,2.40e+01
-4.25e+02,-4.86e+01,3.20e+01,2.20e+01
-2.31e+02,-6.78e+01,4.90e+01,2.80e+01
-2.28e+02,-6.37e+01,4.80e+01,2.80e+01
-3.76e+02,-5.63e+01,3.20e+01,2.20e+01
-2.91e+02,-6.56e+01,4.20e+01,2.70e+01
-3.59e+02,-7.61e+01,4.00e+01,2.30e+01
-4.62e+02,-2.76e+02,3.30e+01,2.30e+01
-2.39e+02,-6.79e+01,4.90e+01,2.80e+01
-4.01e+02,-4.78e+01,2.90e+01,2.00e+01
-3.93e+02,-7.95e+01,3.30e+01,2.30e+01
-3.08e+02,-6.12e+01,3.90e+01,2.30e+01
-3.71e+02,-6.76e+01,4.00e+01,2.50e+01
-2.40e+02,-7.71e+01,4.90e+01,2.80e+01
-2.96e+02,-6.23e+01,4.10e+01,2.60e+01
-3.85e+02,-6.07e+01,3.20e+01,2.20e+01
-2.39e+02,-7.39e+01,4.50e+01,2.60e+01
-2.97e+02,-7.31e+01,4.90e+01,2.60e+01
-3.26e+02,-6.63e+01,3.20e+01,2.20e+01
-3.63e+02,-5.98e+01,4.10e+01,2.30e+01
-3.84e+02,-5.27e+01,3.20e+01,2.20e+01
-2.42e+02,-7.88e+01,4.70e+01,2.60e+01
-4.07e+02,-4.99e+01,3.40e+01,2.30e+01
-2.30e+02,-7.68e+01,4.60e+01,2.60e+01
-3.65e+02,-6.52e+01,4.10e+01,2.50e+01
-3.65e+02,-7.21e+01,4.10e+01,2.50e+01
-3.91e+02,-5.00e+01,3.40e+01,2.30e+01
-3.16e+02,-1.01e+02,4.60e+01,2.70e+01
-3.03e+02,-7.95e+01,4.20e+01,2.30e+01
-2.33e+02,-8.20e+01,4.90e+01,2.70e+01
-3.13e+02,-9.13e+01,3.90e+01,2.30e+01
-2.42e+02,-6.89e+01,4.80e+01,2.60e+01
-2.35e+02,-7.12e+01,5.00e+01,2.90e+01
-4.73e+02,-3.37e+02,3.00e+01,2.00e+01
-4.25e+02,-4.89e+01,3.10e+01,2.20e+01
-2.94e+02,-6.79e+01,4.60e+01,2.60e+01
-2.64e+02,-8.59e+01,4.90e+01,2.80e+01
-2.95e+02,-4.93e+01,3.90e+01,2.30e+01
-2.34e+02,-6.81e+01,4.60e+01,2.60e+01
-4.25e+02,-5.24e+01,3.20e+01,2.20e+01
-3.55e+02,-5.09e+01,4.10e+01,2.60e+01
-2.49e+02,-5.52e+01,4.60e+01,2.60e+01
-2.97e+02,-6.61e+01,3.90e+01,2.40e+01
-3.63e+02,-5.66e+01,3.80e+01,2.30e+01
-3.05e+02,-5.65e+01,4.00e+01,2.40e+01
-4.38e+02,-1.28e+02,4.20e+01,2.70e+01
-2.91e+02,-5.68e+01,4.80e+01,2.80e+01
-3.85e+02,-6.35e+01,3.30e+01,2.20e+01
-2.38e+02,-7.37e+01,4.50e+01,2.60e+01
-3.57e+02,-5.47e+01,4.10e+01,2.60e+01
-3.84e+02,-4.96e+01,3.10e+01,2.20e+01
-2.38e+02,-6.22e+01,4.90e+01,2.80e+01
-2.96e+02,-5.88e+01,4.20e+01,2.30e+01
-2.77e+02,-9.27e+01,4.80e+01,2.80e+01
-2.95e+02,-5.90e+01,4.00e+01,2.60e+01
-4.21e+02,-7.30e+01,3.50e+01,2.40e+01
-2.38e+02,-7.29e+01,4.70e+01,2.70e+01
-2.31e+02,-7.24e+01,5.00e+01,2.70e+01
-2.94e+02,-6.66e+01,4.90e+01,2.60e+01
-3.00e+02,-6.53e+01,4.10e+01,2.70e+01
-2.35e+02,-8.02e+01,4.90e+01,2.90e+01
-2.34e+02,-7.53e+01,4.50e+01,2.60e+01
-3.13e+02,-6.59e+01,4.00e+01,2.40e+01
-2.30e+02,-6.65e+01,4.80e+01,2.80e+01
-2.28e+02,-6.11e+01,4.80e+01,2.70e+01
-2.93e+02,-6.58e+01,4.10e+01,2.60e+01
-3.00e+02,-5.60e+01,4.00e+01,2.60e+01
-2.40e+02,-6.70e+01,5.00e+01,2.70e+01
-2.27e+02,-5.84e+01,4.70e+01,2.70e+01
-2.91e+02,-5.17e+01,4.00e+01,2.50e+01
-2.29e+02,-6.52e+01,4.80e+01,2.80e+01
-4.31e+02,-9.11e+01,3.50e+01,2.40e+01
-2.97e+02,-5.87e+01,4.10e+01,2.50e+01
-3.67e+02,-9.50e+01,4.10e+01,2.50e+01
-2.30e+02,-6.01e+01,4.70e+01,2.70e+01
-3.63e+02,-7.81e+01,4.80e+01,2.70e+01
-2.28e+02,-7.36e+01,4.90e+01,2.70e+01
-2.98e+02,-7.50e+01,4.90e+01,2.70e+01
-2.38e+02,-7.64e+01,4.70e+01,2.70e+01
-3.12e+02,-1.15e+02,4.10e+01,2.50e+01
-2.95e+02,-5.70e+01,4.10e+01,2.50e+01
-2.95e+02,-6.41e+01,4.10e+01,2.50e+01
-3.87e+02,-4.42e+01,3.30e+01,2.20e+01
-3.69e+02,-5.09e+01,3.20e+01,2.30e+01
-3.64e+02,-5.36e+01,4.60e+01,2.60e+01
-2.93e+02,-6.06e+01,4.10e+01,2.60e+01
-2.43e+02,-6.85e+01,4.50e+01,2.60e+01
-2.36e+02,-7.45e+01,4.60e+01,2.60e+01
-3.57e+02,-9.92e+01,3.90e+01,2.30e+01
-3.84e+02,-4.64e+01,3.10e+01,2.20e+01
-2.32e+02,-7.90e+01,4.70e+01,2.60e+01
-3.00e+02,-6.24e+01,4.10e+01,2.60e+01
-3.03e+02,-5.82e+01,3.90e+01,2.40e+01
-4.54e+02,-2.25e+02,3.30e+01,2.30e+01
-2.97e+02,-6.52e+01,4.20e+01,2.30e+01
-2.28e+02,-6.06e+01,4.60e+01,2.70e+01
-3.77e+02,-5.24e+01,3.30e+01,2.20e+01
-2.93e+02,-5.93e+01,4.80e+01,2.80e+01
-4.71e+02,-3.24e+02,3.20e+01,2.30e+01
-3.79e+02,-6.94e+01,3.30e+01,2.30e+01
-2.91e+02,-5.97e+01,4.00e+01,2.60e+01
-2.40e+02,-7.88e+01,4.70e+01,2.70e+01
-3.66e+02,-7.01e+01,4.00e+01,2.50e+01
-5.00e+02,-5.00e+02,3.50e+01,2.40e+01
-3.00e+02,-6.95e+01,4.70e+01,2.70e+01
-2.92e+02,-5.01e+01,4.00e+01,2.50e+01
-3.72e+02,-4.61e+01,3.20e+01,2.20e+01
-2.35e+02,-6.49e+01,4.60e+01,2.60e+01
-2.33e+02,-7.86e+01,4.90e+01,2.80e+01
-2.97e+02,-5.08e+01,4.00e+01,2.30e+01
-2.39e+02,-6.68e+01,4.70e+01,2.70e+01
-3.01e+02,-7.34e+01,4.60e+01,2.60e+01
-3.00e+02,-6.44e+01,4.80e+01,2.70e+01
-2.33e+02,-6.90e+01,4.50e+01,2.60e+01
-2.94e+02,-6.18e+01,5.00e+01,2.70e+01
-4.10e+02,-5.43e+01,3.50e+01,2.40e+01
-3.93e+02,-4.52e+01,3.30e+01,2.30e+01
-3.90e+02,-4.99e+01,3.20e+01,2.20e+01
-3.97e+02,-4.66e+01,3.30e+01,2.20e+01
-2.33e+02,-6.48e+01,4.50e+01,2.60e+01
-3.74e+02,-5.78e+01,4.00e+01,2.60e+01
-2.53e+02,-5.98e+01,4.80e+01,2.60e+01
-4.54e+02,-2.87e+02,3.30e+01,2.20e+01
-2.45e+02,-9.74e+01,4.90e+01,2.90e+01
-3.04e+02,-7.99e+01,4.90e+01,2.90e+01
-3.89e+02,-4.92e+01,3.30e+01,2.20e+01
-2.36e+02,-8.62e+01,4.90e+01,2.70e+01
-2.31e+02,-6.56e+01,4.90e+01,2.70e+01
-4.74e+02,-3.45e+02,3.20e+01,2.30e+01
-2.33e+02,-7.44e+01,4.80e+01,2.80e+01
-3.82e+02,-4.62e+01,3.20e+01,2.20e+01
-3.76e+02,-4.51e+01,3.20e+01,2.20e+01
-3.70e+02,-7.96e+01,4.10e+01,2.60e+01
-3.30e+02,-5.36e+01,3.80e+01,2.30e+01
-2.98e+02,-6.39e+01,4.00e+01,2.60e+01
-4.62e+02,-2.76e+02,3.20e+01,2.30e+01
-2.35e+02,-7.05e+01,4.80e+01,2.60e+01
-3.63e+02,-7.73e+01,4.10e+01,2.50e+01
-3.92e+02,-5.04e+01,3.10e+01,2.20e+01
-3.97e+02,-8.60e+01,3.30e+01,2.30e+01
-2.94e+02,-6.12e+01,4.70e+01,2.70e+01
-4.04e+02,-5.09e+01,3.60e+01,2.40e+01
-3.09e+02,-5.34e+01,4.00e+01,2.40e+01
-2.36e+02,-6.16e+01,4.70e+01,2.70e+01
-2.30e+02,-6.39e+01,4.80e+01,2.70e+01
-2.48e+02,-6.64e+01,4.80e+01,2.60e+01
-2.28e+02,-7.35e+01,4.90e+01,2.80e+01
-3.82e+02,-7.01e+01,3.30e+01,2.30e+01
-3.01e+02,-5.63e+01,4.00e+01,2.40e+01
-2.55e+02,-7.22e+01,4.50e+01,2.60e+01
-2.60e+02,-6.54e+01,4.80e+01,2.60e+01
-3.85e+02,-5.00e+01,3.30e+01,2.30e+01
-3.04e+02,-7.61e+01,4.60e+01,2.70e+01
-2.30e+02,-6.47e+01,4.70e+01,2.70e+01
-2.28e+02,-5.83e+01,4.80e+01,2.70e+01
-2.48e+02,-6.45e+01,4.80e+01,2.70e+01
-2.89e+02,-1.46e+02,4.80e+01,2.80e+01
-3.78e+02,-4.85e+01,3.30e+01,2.20e+01
-2.32e+02,-6.71e+01,4.70e+01,2.70e+01
