-2.26e+02,-6.66e+01,1.80e+02,7.90e+01
-2.27e+02,-7.46e+01,1.79e+02,7.90e+01
-2.30e+02,-6.51e+01,1.81e+02,8.00e+01
-2.24e+02,-6.69e+01,1.80e+02,7.90e+01
-2.40e+02,-5.42e+01,1.80e+02,7.90e+01
-2.25e+02,-5.76e+01,1.82e+02,8.00e+01
-2.27e+02,-6.26e+01,1.80e+02,7.90e+01
-2.43e+02,-7.47e+01,1.80e+02,8.00e+01
-2.32e+02,-7.15e+01,1.79e+02,7.90e+01
-2.29e+02,-5.56e+01,1.78e+02,7.80e+01
-2.36e+02,-6.17e+01,1.72e+02,7.60e+01
-2.29e+02,-6.36e+01,1.79e+02,7.90e+01
-2.28e+02,-5.88e+01,1.79e+02,7.80e+01
-2.41e+02,-6.32e+01,1.70e+02,7.50e+01
-2.35e+02,-6.33e+01,1.72e+02,7.70e+01
-2.30e+02,-6.47e+01,1.72e+02,7.60e+01
-2.31e+02,-5.98e+01,1.86e+02,8.20e+01
-2.25e+02,-5.52e+01,1.80e+02,7.90e+01
-2.30e+02,-5.38e+01,1.80e+02,8.00e+01
-2.37e+02,-5.69e+01,1.83e+02,8.00e+01
-4.36e+02,-1.16e+02,1.81e+02,8.00e+01
-2.23e+02,-5.84e+01,1.80e+02,7.90e+01
-2.27e+02,-5.60e+01,1.78e+02,7.80e+01
-2.26e+02,-6.64e+01,1.79e+02,7.90e+01
-2.38e+02,-5.50e+01,1.80e+02,8.00e+01
-4.35e+02,-1.11e+02,1.78e+02,7.80e+01
-2.96e+02,-8.26e+01,1.80e+02,8.00e+01
-2.81e+02,-6.64e+01,1.70e+02,7.50e+01
-2.26e+02,-5.73e+01,1.81e+02,7.90e+01
-2.42e+02,-6.58e+01,1.80e+02,7.90e+01
-2.34e+02,-7.62e+01,1.80e+02,8.00e+01
-2.37e+02,-7.10e+01,1.73e+02,7.70e+01
-2.27e+02,-6.35e+01,1.80e+02,7.90e+01
-2.27e+02,-7.18e+01,1.80e+02,7.90e+01
-5.00e+02,-5.00e+02,1.80e+02,7.90e+01
-3.80e+02,-1.31e+02,1.73e+02,7.60e+01
-2.30e+02,-5.13e+01,1.81e+02,8.00e+01
-2.38e+02,-6.83e+01,1.82e+02,8.00e+01
-2.32e+02,-6.65e+01,1.80e+02,7.90e+01
-2.29e+02,-6.78e+01,1.82e+02,8.00e+01
-2.33e+02,-8.34e+01,1.80e+02,7.90e+01
-2.28e+02,-6.18e+01,1.81e+02,7.90e+01
-2.35e+02,-6.33e+01,1.80e+02,7.90e+01
-2.31e+02,-6.44e+01,1.79e+02,7.90e+01
-2.29e+02,-5.54e+01,1.84e+02,8.10e+01
-2.30e+02,-5.13e+01,1.81e+02,8.10e+01
-2.33e+02,-6.40e+01,1.82e+02,8.00e+01
-2.27e+02,-6.04e+01,1.86e+02,8.20e+01
-2.25e+02,-5.53e+01,1.82e+02,8.00e+01
-2.35e+02,-6.95e+01,1.82e+02,8.00e+01
-2.32e+02,-5.49e+01,1.80e+02,7.90e+01
-2.29e+02,-5.11e+01,1.81e+02,8.00e+01
-2.27e+02,-6.03e+01,1.80e+02,7.90e+01
-2.35e+02,-7.14e+01,1.73e+02,7.70e+01
-2.38e+02,-6.40e+01,1.80e+02,7.90e+01
-2.31e+02,-7.33e+01,1.82e+02,8.00e+01
-2.27e+02,-5.79e+01,1.80e+02,8.00e+01
-2.31e+02,-7.64e+01,1.82e+02,8.00e+01
-2.22e+02,-5.61e+01,1.80e+02,8.00e+01
-2.29e+02,-5.60e+01,1.81e+02,8.00e+01
-2.41e+02,-6.76e+01,1.81e+02,7.90e+01
-2.99e+02,-6.23e+01,1.83e+02,8.10e+01
-2.31e+02,-5.40e+01,1.80e+02,7.90e+01
-2.29e+02,-5.28e+01,1.80e+02,7.90e+01
-2.31e+02,-5.90e+01,1.73e+02,7.70e+01
-2.22e+02,-5.09e+01,1.84e+02,8.10e+01
-2.32e+02,-6.67e+01,1.81e+02,8.00e+01
-2.24e+02,-6.30e+01,1.80e+02,7.90e+01
-3.71e+02,-1.08e+02,1.73e+02,7.60e+01
-2.28e+02,-4.88e+01,1.81e+02,7.90e+01
-2.27e+02,-6.01e+01,1.79e+02,7.90e+01
-2.33e+02,-6.58e+01,1.80e+02,7.90e+01
-2.30e+02,-6.33e+01,1.72e+02,7.60e+01
-2.28e+02,-6.44e+01,1.81e+02,8.00e+01
-2.31e+02,-6.05e+01,1.81e+02,8.00e+01
-2.25e+02,-5.94e+01,1.82e+02,8.00e+01
-2.27e+02,-6.31e+01,1.80e+02,7.90e+01
-2.92e+02,-7.46e+01,1.81e+02,7.90e+01
-2.29e+02,-6.21e+01,1.82e+02,8.00e+01
-2.41e+02,-6.15e+01,1.79e+02,7.80e+01
-2.33e+02,-6.17e+01,1.79e+02,7.80e+01
-2.35e+02,-7.64e+01,1.83e+02,8.10e+01
-2.95e+02,-7.70e+01,1.81e+02,7.90e+01
-2.35e+02,-6.68e+01,1.81e+02,7.90e+01
-3.11e+02,-7.86e+01,1.81e+02,7.90e+01
-2.33e+02,-7.67e+01,1.80e+02,7.90e+01
-2.31e+02,-7.50e+01,1.81e+02,7.90e+01
-3.24e+02,-5.86e+01,1.81e+02,7.90e+01
-2.24e+02,-6.52e+01,1.82e+02,8.10e+01
-2.35e+02,-6.58e+01,1.79e+02,7.80e+01
-2.32e+02,-6.18e+01,1.79e+02,7.90e+01
-2.29e+02,-6.29e+01,1.82e+02,8.10e+01
-2.36e+02,-7.51e+01,1.79e+02,7.80e+01
-2.38e+02,-7.07e+01,1.72e+02,7.60e+01
-2.32e+02,-7.48e+01,1.72e+02,7.60e+01
-2.26e+02,-6.21e+01,1.79e+02,7.80e+01
-2.32e+02,-5.12e+01,1.80e+02,7.90e+01
-2.28e+02,-5.74e+01,1.81e+02,7.90e+01
-2.28e+02,-5.61e+01,1.80e+02,7.90e+01
-2.28e+02,-6.18e+01,1.81e+02,7.90e+01
-2.25e+02,-5.87e+01,1.80e+02,8.00e+01
-2.28e+02,-5.17e+01,1.86e+02,8.20e+01
-2.26e+02,-5.13e+01,1.79e+02,7.80e+01
-2.29e+02,-7.17e+01,1.82e+02,8.00e+01
-2.34e+02,-6.14e+01,1.80e+02,7.90e+01
-2.26e+02,-6.49e+01,1.81e+02,7.90e+01
-2.52e+02,-6.71e+01,1.70e+02,7.50e+01
-2.67e+02,-5.83e+01,1.69e+02,7.50e+01
-2.25e+02,-5.61e+01,1.80e+02,7.90e+01
-2.77e+02,-7.07e+01,1.72e+02,7.60e+01
-2.97e+02,-5.62e+01,1.78e+02,7.80e+01
-2.32e+02,-6.25e+01,1.84e+02,8.10e+01
-2.31e+02,-6.27e+01,1.79e+02,7.90e+01
-2.99e+02,-8.95e+01,1.80e+02,7.90e+01
-2.28e+02,-6.15e+01,1.79e+02,7.80e+01
-2.39e+02,-5.96e+01,1.80e+02,7.90e+01
-2.41e+02,-6.57e+01,1.72e+02,7.70e+01
-2.31e+02,-5.63e+01,1.80e+02,7.90e+01
-2.28e+02,-5.14e+01,1.80e+02,7.90e+01
-2.28e+02,-6.02e+01,1.80e+02,7.90e+01
-2.31e+02,-6.89e+01,1.79e+02,7.90e+01
-2.47e+02,-5.64e+01,1.80e+02,8.00e+01
-2.24e+02,-6.53e+01,1.80e+02,7.90e+01
-2.26e+02,-6.11e+01,1.80e+02,7.90e+01
-2.91e+02,-7.07e+01,1.81e+02,8.00e+01
-2.29e+02,-7.45e+01,1.82e+02,8.00e+01
-2.52e+02,-6.57e+01,1.81e+02,7.90e+01
-2.35e+02,-8.94e+01,1.80e+02,7.90e+01
-2.23e+02,-5.63e+01,1.81e+02,8.00e+01
-2.33e+02,-6.36e+01,1.74e+02,7.70e+01
-2.28e+02,-7.11e+01,1.78e+02,7.80e+01
-2.37e+02,-6.57e+01,1.80e+02,7.90e+01
-2.24e+02,-6.64e+01,1.80e+02,7.90e+01
-2.28e+02,-6.26e+01,1.79e+02,7.90e+01
-2.37e+02,-7.86e+01,1.73e+02,7.60e+01
-2.37e+02,-7.48e+01,1.72e+02,7.60e+01
-4.37e+02,-1.21e+02,1.80e+02,7.90e+01
-2.36e+02,-5.85e+01,1.78e+02,7.90e+01
-2.80e+02,-8.43e+01,1.70e+02,7.50e+01
-2.35e+02,-6.55e+01,1.80e+02,7.90e+01
-2.25e+02,-6.78e+01,1.83e+02,8.00e+01
-2.30e+02,-7.50e+01,1.80e+02,7.90e+01
-3.66e+02,-6.68e+01,1.80e+02,7.90e+01
-2.27e+02,-7.24e+01,1.80e+02,8.00e+01
-2.30e+02,-5.91e+01,1.83e+02,8.00e+01
-2.95e+02,-7.53e+01,1.83e+02,8.00e+01
-2.26e+02,-6.48e+01,1.81e+02,7.90e+01
-2.33e+02,-8.89e+01,1.73e+02,7.70e+01
-2.29e+02,-8.43e+01,1.81e+02,8.00e+01
-2.29e+02,-6.16e+01,1.81e+02,8.00e+01
-2.94e+02,-5.65e+01,1.86e+02,8.20e+01
-3.03e+02,-7.83e+01,1.79e+02,7.80e+01
-2.34e+02,-7.21e+01,1.74e+02,7.70e+01
-2.30e+02,-6.44e+01,1.79e+02,7.90e+01
-2.31e+02,-6.57e+01,1.79e+02,7.80e+01
-2.28e+02,-6.44e+01,1.80e+02,7.90e+01
-2.30e+02,-5.84e+01,1.83e+02,8.10e+01
-3.54e+02,-5.73e+01,1.69e+02,7.40e+01
-2.95e+02,-7.80e+01,1.82e+02,8.10e+01
-2.40e+02,-9.47e+01,1.73e+02,7.70e+01
-2.29e+02,-7.27e+01,1.81e+02,8.00e+01
-2.44e+02,-6.67e+01,1.80e+02,7.90e+01
-2.32e+02,-6.29e+01,1.80e+02,8.00e+01
-2.28e+02,-6.48e+01,1.80e+02,7.90e+01
-2.32e+02,-5.50e+01,1.81e+02,8.00e+01
-2.29e+02,-5.59e+01,1.80e+02,7.90e+01
-2.25e+02,-5.04e+01,1.81e+02,7.90e+01
-2.30e+02,-6.30e+01,1.81e+02,7.90e+01
-2.85e+02,-5.62e+01,1.72e+02,7.50e+01
-2.31e+02,-5.86e+01,1.81e+02,8.00e+01
-2.62e+02,-6.32e+01,1.71e+02,7.50e+01
-2.32e+02,-6.78e+01,1.82e+02,8.00e+01
-2.32e+02,-6.44e+01,1.80e+02,7.90e+01
-2.88e+02,-6.38e+01,1.68e+02,7.40e+01
-2.28e+02,-6.44e+01,1.81e+02,8.00e+01
-2.34e+02,-8.06e+01,1.81e+02,8.10e+01
-2.34e+02,-8.27e+01,1.79e+02,7.90e+01
-2.28e+02,-6.46e+01,1.87e+02,8.20e+01
-2.42e+02,-6.97e+01,1.74e+02,7.70e+01
-2.27e+02,-5.20e+01,1.83e+02,8.00e+01
-2.45e+02,-6.81e+01,1.73e+02,7.70e+01
-2.46e+02,-5.88e+01,1.70e+02,7.40e+01
-2.32e+02,-7.28e+01,1.82e+02,8.00e+01
-2.26e+02,-6.15e+01,1.81e+02,8.00e+01
-2.31e+02,-6.51e+01,1.80e+02,7.90e+01
-2.25e+02,-5.85e+01,1.81e+02,7.90e+01
-2.29e+02,-6.34e+01,1.79e+02,7.80e+01
-2.31e+02,-6.58e+01,1.73e+02,7.70e+01
-2.93e+02,-6.43e+01,1.73e+02,7.70e+01
-2.29e+02,-5.54e+01,1.81e+02,8.10e+01
-3.70e+02,-7.27e+01,1.68e+02,7.40e+01
-3.21e+02,-6.67e+01,1.80e+02,7.90e+01
