-2.30e+02,-5.83e+01,1.93e+02,8.20e+01
-2.30e+02,-6.89e+01,1.94e+02,8.20e+01
-2.29e+02,-5.86e+01,1.93e+02,8.20e+01
-2.36e+02,-5.87e+01,1.94e+02,8.20e+01
-2.29e+02,-5.72e+01,1.93e+02,8.20e+01
-2.27e+02,-5.35e+01,1.95e+02,8.20e+01
-2.28e+02,-5.97e+01,1.94e+02,8.30e+01
-2.31e+02,-6.35e+01,1.93e+02,8.20e+01
-2.32e+02,-7.31e+01,1.99e+02,8.50e+01
-2.34e+02,-6.67e+01,1.94e+02,8.20e+01
-2.23e+02,-5.90e+01,1.97e+02,8.40e+01
-2.30e+02,-6.44e+01,1.95e+02,8.30e+01
-2.25e+02,-5.56e+01,1.93e+02,8.20e+01
-2.28e+02,-5.54e+01,1.98e+02,8.40e+01
-2.27e+02,-6.15e+01,1.94e+02,8.20e+01
-2.30e+02,-4.60e+01,1.95e+02,8.30e+01
-2.32e+02,-7.69e+01,1.96e+02,8.40e+01
-2.29e+02,-6.86e+01,1.97e+02,8.40e+01
-2.29e+02,-5.32e+01,1.93e+02,8.20e+01
-2.31e+02,-6.35e+01,1.94e+02,8.30e+01
-3.52e+02,-5.54e+01,1.96e+02,8.20e+01
-2.29e+02,-6.97e+01,1.94e+02,8.20e+01
-2.35e+02,-6.00e+01,1.94e+02,8.20e+01
-2.30e+02,-7.13e+01,1.95e+02,8.20e+01
-2.29e+02,-5.40e+01,1.95e+02,8.30e+01
-2.31e+02,-7.11e+01,1.95e+02,8.30e+01
-2.35e+02,-5.99e+01,1.95e+02,8.30e+01
-2.89e+02,-6.10e+01,1.93e+02,8.20e+01
-2.29e+02,-6.34e+01,1.97e+02,8.40e+01
-2.30e+02,-6.75e+01,2.00e+02,8.50e+01
-2.95e+02,-5.85e+01,1.94e+02,8.20e+01
-2.35e+02,-5.98e+01,1.93e+02,8.20e+01
-2.32e+02,-8.57e+01,1.94e+02,8.20e+01
-2.26e+02,-6.51e+01,1.94e+02,8.20e+01
-2.29e+02,-5.34e+01,1.96e+02,8.40e+01
-2.31e+02,-5.12e+01,1.99e+02,8.40e+01
-2.32e+02,-5.50e+01,1.94e+02,8.20e+01
-2.27e+02,-6.57e+01,1.99e+02,8.50e+01
-2.28e+02,-6.06e+01,1.97e+02,8.30e+01
-2.32e+02,-6.27e+01,1.97e+02,8.30e+01
-2.28e+02,-5.61e+01,1.94e+02,8.20e+01
-2.94e+02,-7.32e+01,1.95e+02,8.30e+01
-2.31e+02,-7.97e+01,1.95e+02,8.20e+01
-2.32e+02,-7.27e+01,1.94e+02,8.20e+01
-2.27e+02,-6.19e+01,1.95e+02,8.30e+01
-3.24e+02,-8.61e+01,1.94e+02,8.20e+01
-2.33e+02,-6.37e+01,1.94e+02,8.20e+01
-2.27e+02,-6.29e+01,1.94e+02,8.30e+01
-2.26e+02,-5.89e+01,1.95e+02,8.20e+01
-2.22e+02,-5.44e+01,1.94e+02,8.20e+01
-2.28e+02,-5.92e+01,1.95e+02,8.30e+01
-2.30e+02,-6.04e+01,1.95e+02,8.30e+01
-2.31e+02,-6.21e+01,1.95e+02,8.30e+01
-2.31e+02,-6.89e+01,1.95e+02,8.20e+01
-2.41e+02,-6.30e+01,1.93e+02,8.20e+01
-2.25e+02,-5.23e+01,1.94e+02,8.20e+01
-2.34e+02,-7.20e+01,1.97e+02,8.40e+01
-2.29e+02,-6.06e+01,2.00e+02,8.60e+01
-2.34e+02,-8.80e+01,1.94e+02,8.20e+01
-2.95e+02,-6.96e+01,1.95e+02,8.30e+01
-2.23e+02,-5.33e+01,1.98e+02,8.40e+01
-2.30e+02,-5.51e+01,1.94e+02,8.20e+01
-2.93e+02,-6.99e+01,1.96e+02,8.30e+01
-2.31e+02,-5.88e+01,1.93e+02,8.20e+01
-2.30e+02,-6.02e+01,1.95e+02,8.20e+01
-2.28e+02,-6.15e+01,1.95e+02,8.20e+01
-2.32e+02,-5.56e+01,1.96e+02,8.30e+01
-2.37e+02,-6.86e+01,1.94e+02,8.20e+01
-2.34e+02,-5.71e+01,1.97e+02,8.30e+01
-2.35e+02,-5.15e+01,1.95e+02,8.20e+01
-2.31e+02,-6.67e+01,1.96e+02,8.30e+01
-2.31e+02,-5.28e+01,1.94e+02,8.20e+01
-2.30e+02,-5.68e+01,1.94e+02,8.20e+01
-2.36e+02,-7.39e+01,1.94e+02,8.30e+01
-2.30e+02,-5.32e+01,1.95e+02,8.30e+01
-2.32e+02,-6.20e+01,1.94e+02,8.20e+01
-2.28e+02,-5.60e+01,2.00e+02,8.50e+01
-2.28e+02,-5.72e+01,1.99e+02,8.40e+01
-2.31e+02,-7.19e+01,1.94e+02,8.20e+01
-2.33e+02,-7.53e+01,1.96e+02,8.30e+01
-2.30e+02,-6.85e+01,1.94e+02,8.30e+01
-2.29e+02,-7.46e+01,1.95e+02,8.30e+01
-2.27e+02,-4.88e+01,1.94e+02,8.20e+01
-2.25e+02,-5.40e+01,1.94e+02,8.20e+01
-2.35e+02,-8.12e+01,1.94e+02,8.20e+01
-3.63e+02,-8.05e+01,1.94e+02,8.20e+01
-2.32e+02,-6.13e+01,1.99e+02,8.50e+01
-2.31e+02,-5.83e+01,1.95e+02,8.20e+01
-2.28e+02,-7.20e+01,1.95e+02,8.20e+01
-2.24e+02,-6.29e+01,1.93e+02,8.20e+01
-3.06e+02,-8.37e+01,1.95e+02,8.30e+01
-2.30e+02,-6.75e+01,1.99e+02,8.50e+01
-2.43e+02,-6.14e+01,1.97e+02,8.40e+01
-2.24e+02,-5.08e+01,1.97e+02,8.30e+01
-2.28e+02,-5.51e+01,1.94e+02,8.30e+01
-2.23e+02,-5.98e+01,1.95e+02,8.30e+01
-4.34e+02,-1.05e+02,1.94e+02,8.20e+01
-2.30e+02,-6.79e+01,1.96e+02,8.30e+01
-2.27e+02,-6.86e+01,1.95e+02,8.30e+01
-2.27e+02,-6.06e+01,1.95e+02,8.30e+01
-2.28e+02,-5.94e+01,1.94e+02,8.30e+01
-4.34e+02,-1.04e+02,1.95e+02,8.30e+01
-2.23e+02,-5.62e+01,1.96e+02,8.30e+01
-2.36e+02,-7.17e+01,1.96e+02,8.30e+01
-2.29e+02,-6.69e+01,2.00e+02,8.60e+01
-2.28e+02,-6.14e+01,1.95e+02,8.20e+01
-2.24e+02,-5.21e+01,1.93e+02,8.20e+01
-2.31e+02,-7.44e+01,1.96e+02,8.30e+01
-2.30e+02,-6.22e+01,1.93e+02,8.20e+01
-2.25e+02,-5.15e+01,1.95e+02,8.30e+01
-2.31e+02,-6.40e+01,1.98e+02,8.40e+01
-2.25e+02,-6.73e+01,1.99e+02,8.50e+01
-2.24e+02,-5.41e+01,1.95e+02,8.20e+01
-2.31e+02,-6.31e+01,1.93e+02,8.20e+01
-2.28e+02,-5.83e+01,1.98e+02,8.40e+01
-2.92e+02,-6.45e+01,1.98e+02,8.40e+01
-2.30e+02,-6.01e+01,1.96e+02,8.40e+01
-2.28e+02,-5.83e+01,1.95e+02,8.30e+01
-2.33e+02,-6.99e+01,1.94e+02,8.30e+01
-2.94e+02,-6.52e+01,1.96e+02,8.40e+01
-2.31e+02,-5.76e+01,1.96e+02,8.40e+01
-2.29e+02,-6.21e+01,1.93e+02,8.20e+01
-2.38e+02,-6.67e+01,1.95e+02,8.40e+01
-2.23e+02,-5.36e+01,1.94e+02,8.20e+01
-2.26e+02,-6.25e+01,1.96e+02,8.30e+01
-2.28e+02,-7.17e+01,1.96e+02,8.40e+01
-2.27e+02,-6.58e+01,1.96e+02,8.30e+01
-2.26e+02,-6.40e+01,1.94e+02,8.20e+01
-2.37e+02,-6.88e+01,1.93e+02,8.20e+01
-2.34e+02,-7.22e+01,1.94e+02,8.30e+01
-2.28e+02,-7.22e+01,1.94e+02,8.30e+01
-2.36e+02,-7.88e+01,1.99e+02,8.40e+01
-2.27e+02,-6.40e+01,1.97e+02,8.40e+01
-2.29e+02,-6.12e+01,2.00e+02,8.50e+01
-2.35e+02,-8.44e+01,1.94e+02,8.20e+01
-2.38e+02,-7.10e+01,1.94e+02,8.20e+01
-2.28e+02,-6.12e+01,1.98e+02,8.40e+01
-2.29e+02,-7.64e+01,1.99e+02,8.50e+01
-2.31e+02,-7.69e+01,2.00e+02,8.60e+01
-2.23e+02,-5.84e+01,1.94e+02,8.20e+01
-2.30e+02,-5.64e+01,1.97e+02,8.30e+01
-2.29e+02,-5.47e+01,1.93e+02,8.20e+01
-2.30e+02,-6.90e+01,1.94e+02,8.20e+01
-2.42e+02,-6.54e+01,1.94e+02,8.20e+01
-2.33e+02,-7.05e+01,1.94e+02,8.30e+01
-2.35e+02,-5.68e+01,1.97e+02,8.40e+01
-2.30e+02,-4.79e+01,1.93e+02,8.20e+01
-2.27e+02,-6.22e+01,1.94e+02,8.20e+01
-2.31e+02,-7.60e+01,1.94e+02,8.20e+01
-2.32e+02,-6.80e+01,1.93e+02,8.20e+01
-2.34e+02,-8.97e+01,1.95e+02,8.20e+01
-3.62e+02,-6.58e+01,1.97e+02,8.40e+01
-2.24e+02,-5.95e+01,1.94e+02,8.20e+01
-2.28e+02,-6.31e+01,1.96e+02,8.40e+01
-2.91e+02,-6.09e+01,1.96e+02,8.30e+01
-2.25e+02,-5.50e+01,1.93e+02,8.20e+01
-2.32e+02,-8.03e+01,1.96e+02,8.30e+01
-2.29e+02,-8.06e+01,1.95e+02,8.30e+01
-2.25e+02,-6.11e+01,1.94e+02,8.30e+01
-2.31e+02,-6.17e+01,1.95e+02,8.30e+01
-2.29e+02,-6.09e+01,1.93e+02,8.20e+01
-2.41e+02,-6.44e+01,2.00e+02,8.50e+01
-4.33e+02,-9.78e+01,1.94e+02,8.20e+01
-2.29e+02,-5.95e+01,1.95e+02,8.30e+01
-2.30e+02,-6.63e+01,1.95e+02,8.30e+01
-2.30e+02,-7.18e+01,1.94e+02,8.30e+01
-2.32e+02,-6.62e+01,1.94e+02,8.20e+01
-2.30e+02,-6.59e+01,1.93e+02,8.20e+01
-2.38e+02,-7.08e+01,1.94e+02,8.20e+01
-3.11e+02,-8.18e+01,1.96e+02,8.30e+01
-2.34e+02,-8.66e+01,1.98e+02,8.40e+01
-2.31e+02,-7.88e+01,1.94e+02,8.20e+01
-2.29e+02,-6.70e+01,1.94e+02,8.30e+01
-2.35e+02,-7.62e+01,2.00e+02,8.50e+01
-3.67e+02,-6.54e+01,1.94e+02,8.30e+01
-2.28e+02,-5.90e+01,1.98e+02,8.40e+01
-2.92e+02,-6.84e+01,1.93e+02,8.20e+01
-2.25e+02,-5.27e+01,1.94e+02,8.20e+01
-4.32e+02,-9.63e+01,1.99e+02,8.40e+01
-2.27e+02,-5.57e+01,1.96e+02,8.30e+01
-3.42e+02,-6.53e+01,1.95e+02,8.30e+01
-2.26e+02,-6.19e+01,1.95e+02,8.20e+01
-2.28e+02,-6.29e+01,1.97e+02,8.30e+01
-2.30e+02,-5.36e+01,1.94e+02,8.20e+01
-3.88e+02,-1.33e+02,2.00e+02,8.50e+01
-2.31e+02,-5.92e+01,1.95e+02,8.30e+01
-2.33e+02,-5.78e+01,1.94e+02,8.20e+01
-2.25e+02,-5.80e+01,1.95e+02,8.20e+01
-2.27e+02,-5.82e+01,1.95e+02,8.30e+01
-2.29e+02,-6.44e+01,1.99e+02,8.40e+01
-2.32e+02,-6.49e+01,1.94e+02,8.20e+01
-2.24e+02,-6.21e+01,1.95e+02,8.20e+01
