2.63e+01,6.16e+01,5.30e+01,2.40e+01
3.95e+01,1.14e+02,4.50e+01,2.40e+01
3.49e+01,1.34e+02,4.20e+01,2.40e+01
-2.49e+01,-2.43e+00,4.80e+01,2.40e+01
4.55e+01,1.03e+02,5.20e+01,2.40e+01
-2.60e+01,3.40e+01,5.50e+01,2.40e+01
3.22e+01,7.68e+01,5.20e+01,2.40e+01
-4.58e+01,-3.38e+00,4.80e+01,2.40e+01
-1.51e+01,3.44e+01,5.70e+01,2.40e+01
-6.86e+00,1.06e+01,3.50e+01,2.40e+01
-3.08e+01,7.36e+00,4.10e+01,2.40e+01
6.36e+01,1.36e+02,4.90e+01,2.40e+01
5.99e+00,3.45e+01,5.10e+01,2.40e+01
3.75e+01,6.68e+01,4.50e+01,2.40e+01
-1.92e+01,2.83e+01,4.60e+01,2.40e+01
2.86e+01,5.03e+01,4.90e+01,2.40e+01
9.93e+00,5.10e+01,5.70e+01,2.40e+01
3.44e+00,6.88e+01,5.00e+01,2.40e+01
-4.70e+01,-2.75e+00,4.50e+01,2.40e+01
2.14e+01,1.20e+02,5.10e+01,2.40e+01
2.94e+01,6.78e+01,5.10e+01,2.40e+01
-3.64e+01,0.00e+00,5.50e+01,2.40e+01
1.68e+01,3.27e+01,6.10e+01,2.40e+01
-2.59e+01,0.00e+00,4.00e+01,2.40e+01
-6.75e+01,0.00e+00,4.90e+01,2.40e+01
4.06e+01,1.02e+02,4.80e+01,2.40e+01
1.31e+01,4.66e+01,5.30e+01,2.40e+01
2.33e+01,8.15e+01,6.30e+01,2.40e+01
7.28e+00,9.07e+01,4.10e+01,2.40e+01
-3.23e+01,2.77e+01,4.90e+01,2.40e+01
4.16e+01,1.21e+02,5.60e+01,2.40e+01
-4.04e+01,0.00e+00,5.70e+01,2.40e+01
-3.83e+01,0.00e+00,5.70e+01,2.40e+01
1.64e+01,1.49e+02,6.00e+01,2.40e+01
-8.08e+00,8.46e+00,4.60e+01,2.40e+01
-2.77e+01,0.00e+00,4.80e+01,2.40e+01
-5.65e+01,-2.22e+01,5.10e+01,2.40e+01
-1.56e+01,3.23e+01,5.60e+01,2.40e+01
-2.31e+01,0.00e+00,5.50e+01,2.40e+01
-2.81e+01,1.91e+01,5.10e+01,2.40e+01
-1.78e+01,5.68e+01,5.20e+01,2.40e+01
3.70e+01,1.12e+02,6.10e+01,2.40e+01
-3.89e+01,0.00e+00,4.60e+01,2.40e+01
-2.05e+01,1.40e+00,4.10e+01,2.40e+01
-1.67e+01,0.00e+00,4.60e+01,2.40e+01
-9.35e+00,1.86e+01,4.10e+01,2.40e+01
2.86e+01,1.06e+02,4.30e+01,2.40e+01
-2.81e+01,0.00e+00,4.40e+01,2.40e+01
-2.21e+01,0.00e+00,4.50e+01,2.40e+01
3.57e+01,1.01e+02,4.40e+01,2.40e+01
1.54e+01,3.70e+01,5.90e+01,2.40e+01
4.50e+01,1.02e+02,4.40e+01,2.40e+01
4.48e+01,1.13e+02,5.40e+01,2.40e+01
6.26e+01,1.55e+02,4.20e+01,2.40e+01
-1.17e+01,9.60e+00,4.30e+01,2.40e+01
1.89e+01,8.40e+01,6.20e+01,2.40e+01
-3.19e+01,0.00e+00,6.00e+01,2.40e+01
1.30e+01,4.28e+01,4.60e+01,2.40e+01
2.26e+01,6.40e+01,4.70e+01,2.40e+01
4.47e+01,1.24e+02,5.20e+01,2.40e+01
4.79e+01,1.32e+02,5.20e+01,2.40e+01
3.53e+01,8.04e+01,5.40e+01,2.40e+01
2.99e+01,1.36e+02,5.10e+01,2.40e+01
3.78e+01,9.46e+01,4.80e+01,2.40e+01
2.47e+01,7.47e+01,5.20e+01,2.40e+01
6.80e+01,1.33e+02,5.70e+01,2.40e+01
1.43e+01,6.63e+01,4.20e+01,2.40e+01
-4.93e+01,0.00e+00,5.30e+01,2.40e+01
2.95e+01,5.18e+01,4.80e+01,2.40e+01
3.56e+00,6.10e+01,5.40e+01,2.40e+01
5.63e+01,1.06e+02,4.50e+01,2.40e+01
-6.73e+00,3.66e+01,4.70e+01,2.40e+01
2.58e+01,6.27e+01,5.30e+01,2.40e+01
-5.38e+01,0.00e+00,4.20e+01,2.40e+01
-1.47e+01,1.91e+01,5.00e+01,2.40e+01
5.88e+01,1.54e+02,5.90e+01,2.40e+01
-4.24e+00,1.60e+01,5.10e+01,2.40e+01
-2.01e+01,0.00e+00,4.50e+01,2.40e+01
5.42e+01,8.54e+01,5.50e+01,2.40e+01
-3.37e+01,0.00e+00,5.80e+01,2.40e+01
3.66e+01,1.10e+02,4.90e+01,2.40e+01
-3.12e+01,-1.35e+01,5.40e+01,2.40e+01
3.90e+01,1.15e+02,4.40e+01,2.40e+01
3.48e+01,6.02e+01,4.60e+01,2.40e+01
-6.07e+01,0.00e+00,5.40e+01,2.40e+01
3.64e+01,9.75e+01,4.30e+01,2.40e+01
-4.23e+00,2.02e+01,4.80e+01,2.40e+01
-3.20e+01,0.00e+00,4.20e+01,2.40e+01
-2.72e+01,0.00e+00,5.50e+01,2.40e+01
1.66e+01,5.67e+01,5.10e+01,2.40e+01
-3.54e+01,0.00e+00,4.80e+01,2.40e+01
8.88e+01,1.41e+02,4.50e+01,2.40e+01
6.36e+01,1.04e+02,5.50e+01,2.40e+01
4.98e+01,1.00e+02,5.10e+01,2.40e+01
-5.33e+01,0.00e+00,5.00e+01,2.40e+01
-6.45e+00,3.94e+01,4.00e+01,2.40e+01
3.97e+01,1.15e+02,4.00e+01,2.40e+01
-3.51e+01,0.00e+00,3.70e+01,2.40e+01
-4.14e+01,0.00e+00,4.80e+01,2.40e+01
6.77e+00,4.56e+01,5.50e+01,2.40e+01
-1.17e+01,2.62e+01,4.70e+01,2.40e+01
-1.85e+01,0.00e+00,5.00e+01,2.40e+01
2.83e+01,5.98e+01,5.00e+01,2.40e+01
-3.82e+01,0.00e+00,4.50e+01,2.40e+01
4.19e+01,1.21e+02,5.00e+01,2.40e+01
-2.33e+01,1.21e+01,5.70e+01,2.40e+01
1.99e+01,1.14e+02,3.70e+01,2.40e+01
4.03e+01,7.02e+01,5.20e+01,2.40e+01
2.01e-02,4.57e+01,4.30e+01,2.40e+01
-5.97e+01,0.00e+00,4.80e+01,2.40e+01
2.87e+01,8.19e+01,4.90e+01,2.40e+01
-2.05e+01,0.00e+00,5.60e+01,2.40e+01
3.72e+01,6.70e+01,4.80e+01,2.40e+01
5.74e+01,9.16e+01,4.90e+01,2.40e+01
-2.14e+01,0.00e+00,5.50e+01,2.40e+01
5.63e+00,3.54e+01,5.00e+01,2.40e+01
-2.69e+01,7.32e+00,5.20e+01,2.40e+01
-3.64e+01,0.00e+00,4.40e+01,2.40e+01
-2.04e+01,0.00e+00,5.00e+01,2.40e+01
5.09e-01,3.47e+01,4.60e+01,2.40e+01
4.38e+01,1.50e+02,5.90e+01,2.40e+01
-1.93e+00,3.58e+01,5.90e+01,2.40e+01
2.81e+01,5.22e+01,4.90e+01,2.40e+01
-4.40e+01,0.00e+00,4.90e+01,2.40e+01
1.84e+01,3.87e+01,4.70e+01,2.40e+01
6.38e+00,3.18e+01,5.10e+01,2.40e+01
1.00e+01,5.17e+01,5.20e+01,2.40e+01
-5.44e+00,5.98e+01,4.90e+01,2.40e+01
