-2.05e+01,1.39e+01,1.00e+01,1.20e+01
-3.12e+01,3.87e+00,5.00e+00,1.20e+01
-4.30e+01,-2.02e+01,7.00e+00,1.20e+01
-4.74e+01,-1.89e+01,1.00e+01,1.20e+01
-6.25e+01,-8.85e+00,6.00e+00,1.20e+01
-3.42e+01,3.85e+01,1.10e+01,1.20e+01
-4.39e+01,-2.41e+01,3.00e+00,1.20e+01
-2.78e+01,4.70e+01,1.20e+01,1.20e+01
-6.87e+01,-1.57e+01,9.00e+00,1.20e+01
-2.84e+01,3.76e+01,1.00e+01,1.20e+01
-6.63e+00,7.97e+01,1.50e+01,1.20e+01
-2.71e+01,-3.10e+00,6.00e+00,1.20e+01
-1.91e+01,5.99e+00,8.00e+00,1.20e+01
-4.38e+01,-2.99e+01,6.00e+00,1.20e+01
-1.63e+01,6.17e+01,9.00e+00,1.20e+01
-3.01e+01,-2.29e+00,6.00e+00,1.20e+01
-4.28e+01,-2.07e+01,7.00e+00,1.20e+01
-3.12e+01,7.84e+00,7.00e+00,1.20e+01
-4.67e+01,-2.38e+01,4.00e+00,1.20e+01
-9.97e+00,6.51e+01,9.00e+00,1.20e+01
-1.51e+01,1.28e+02,7.00e+00,1.20e+01
-3.00e+01,-2.12e-01,9.00e+00,1.20e+01
-6.02e+01,-3.37e+00,1.00e+01,1.20e+01
-1.94e+01,-2.37e+00,8.00e+00,1.20e+01
-2.52e+01,5.27e+01,1.10e+01,1.20e+01
-4.32e+01,4.36e+01,1.00e+01,1.20e+01
-2.45e+01,8.59e+00,6.00e+00,1.20e+01
-3.56e+01,-1.83e+01,9.00e+00,1.20e+01
-3.03e+01,-1.84e+01,9.00e+00,1.20e+01
-3.46e+01,5.67e+01,1.00e+01,1.20e+01
-3.57e+01,-1.81e+01,1.10e+01,1.20e+01
-4.31e+01,-2.01e+01,8.00e+00,1.20e+01
-2.79e+01,4.00e+01,9.00e+00,1.20e+01
-4.82e+01,1.37e-01,9.00e+00,1.20e+01
-2.10e+00,1.09e+02,6.00e+00,1.20e+01
-2.26e+01,2.98e+01,8.00e+00,1.20e+01
-3.29e+01,5.90e+01,7.00e+00,1.20e+01
-2.36e+01,4.00e+01,1.10e+01,1.20e+01
-3.28e+01,-1.88e+01,7.00e+00,1.20e+01
-5.53e+01,-2.52e+01,7.00e+00,1.20e+01
-1.64e+01,1.16e+02,1.00e+01,1.20e+01
-2.05e+01,7.13e+01,1.00e+01,1.20e+01
1.09e+01,6.75e+01,9.00e+00,1.20e+01
-3.75e+00,5.43e+01,5.00e+00,1.20e+01
-2.30e+01,3.75e+01,9.00e+00,1.20e+01
-2.17e+00,1.49e+02,8.00e+00,1.20e+01
-5.11e+01,-2.03e+01,6.00e+00,1.20e+01
-1.10e+01,4.09e+01,9.00e+00,1.20e+01
-1.72e+01,4.65e+01,9.00e+00,1.20e+01
1.52e+01,1.57e+02,7.00e+00,1.20e+01
1.60e+00,7.82e+01,8.00e+00,1.20e+01
-1.78e+01,4.96e+01,9.00e+00,1.20e+01
-4.44e+01,7.24e+00,9.00e+00,1.20e+01
-1.21e+01,7.69e+01,1.00e+01,1.20e+01
-1.62e+00,9.45e+01,1.20e+01,1.20e+01
-1.64e+01,5.59e+01,5.00e+00,1.20e+01
-5.90e+01,-2.66e+01,7.00e+00,1.20e+01
1.74e+01,1.52e+02,7.00e+00,1.20e+01
1.38e+01,1.05e+02,1.00e+01,1.20e+01
-5.50e+01,-3.20e+01,9.00e+00,1.20e+01
-5.75e+01,-3.49e+01,6.00e+00,1.20e+01
-1.86e+01,5.30e+01,9.00e+00,1.20e+01
-3.57e+01,8.01e+00,8.00e+00,1.20e+01
-5.13e+01,4.39e+01,6.00e+00,1.20e+01
-2.72e+01,3.94e+01,1.00e+01,1.20e+01
-3.21e+01,-1.51e+01,8.00e+00,1.20e+01
1.23e+01,9.67e+01,9.00e+00,1.20e+01
-2.89e+01,5.75e-01,9.00e+00,1.20e+01
-4.00e+01,-1.60e+01,9.00e+00,1.20e+01
9.56e-01,1.23e+02,1.00e+01,1.20e+01
1.36e+01,2.12e+02,6.00e+00,1.20e+01
-3.80e+01,-2.61e+01,1.00e+01,1.20e+01
3.85e+00,6.48e+01,9.00e+00,1.20e+01
-2.04e+01,1.00e+01,1.10e+01,1.20e+01
1.70e+00,7.97e+01,1.00e+01,1.20e+01
-1.89e+01,7.46e+01,5.00e+00,1.20e+01
-4.94e+01,-2.10e+01,8.00e+00,1.20e+01
-1.76e+01,9.45e+01,9.00e+00,1.20e+01
1.72e+00,7.09e+01,7.00e+00,1.20e+01
-6.75e+01,2.16e+01,8.00e+00,1.20e+01
1.28e+00,1.12e+02,6.00e+00,1.20e+01
-3.01e+01,1.08e+02,6.00e+00,1.20e+01
-5.06e+01,-1.82e+01,9.00e+00,1.20e+01
-5.52e+01,-3.80e+01,1.00e+01,1.20e+01
-3.46e+01,7.58e+01,1.20e+01,1.20e+01
-4.29e+01,3.21e+01,9.00e+00,1.20e+01
-5.71e+01,-7.39e+00,9.00e+00,1.20e+01
-7.15e+01,-2.82e+01,6.00e+00,1.20e+01
-6.98e+01,-1.06e+01,9.00e+00,1.20e+01
-5.59e+01,3.12e+00,8.00e+00,1.20e+01
-5.12e+01,7.12e+01,1.20e+01,1.20e+01
-3.16e+01,-1.51e+01,9.00e+00,1.20e+01
8.31e-03,5.27e+01,1.00e+01,1.20e+01
-1.35e+01,6.73e+01,1.40e+01,1.20e+01
-1.02e+01,4.10e+01,1.00e+01,1.20e+01
-1.72e+01,3.91e+01,1.20e+01,1.20e+01
-1.59e+01,8.13e+01,5.00e+00,1.20e+01
-4.68e+01,-1.46e+01,8.00e+00,1.20e+01
-1.81e+01,1.32e+02,8.00e+00,1.20e+01
-2.18e+01,5.56e+01,9.00e+00,1.20e+01
-2.90e+01,1.07e+02,1.00e+01,1.20e+01
4.24e+01,2.05e+02,8.00e+00,1.20e+01
-2.32e+01,1.51e+02,5.00e+00,1.20e+01
-2.93e+01,1.07e+01,8.00e+00,1.20e+01
-4.50e+01,-9.28e+00,1.00e+01,1.20e+01
-3.88e+01,5.31e+01,5.00e+00,1.20e+01
-2.95e+01,8.14e+01,6.00e+00,1.20e+01
-3.80e+01,9.75e+00,8.00e+00,1.20e+01
-8.78e+00,6.05e+01,9.00e+00,1.20e+01
7.50e+00,1.49e+02,7.00e+00,1.20e+01
-3.78e+01,-6.54e+00,7.00e+00,1.20e+01
-2.79e+01,1.06e+01,1.10e+01,1.20e+01
-3.41e+01,-2.05e+01,9.00e+00,1.20e+01
-1.12e+01,4.34e+01,7.00e+00,1.20e+01
-7.18e+01,-2.50e+01,8.00e+00,1.20e+01
-5.78e+01,-2.25e+01,1.00e+01,1.20e+01
-5.98e+01,-2.64e+01,8.00e+00,1.20e+01
-4.46e+01,-1.82e+01,1.30e+01,1.20e+01
-3.30e+01,-1.94e+01,1.00e+01,1.20e+01
1.36e+00,4.23e+01,1.20e+01,1.20e+01
-4.40e+01,4.73e+01,9.00e+00,1.20e+01
-5.27e+01,-3.42e+01,9.00e+00,1.20e+01
1.73e+01,1.81e+02,9.00e+00,1.20e+01
-2.78e+01,8.82e+01,7.00e+00,1.20e+01
-5.20e+01,-2.32e+01,9.00e+00,1.20e+01
-5.95e+01,-2.83e+01,9.00e+00,1.20e+01
-5.16e+01,-1.74e+01,6.00e+00,1.20e+01
4.21e+00,7.92e+01,8.00e+00,1.20e+01
