-5.00e+02,-5.00e+02,7.00e+00,1.00e+01
-5.00e+02,-4.99e+02,1.30e+01,1.00e+01
-5.00e+02,-5.00e+02,7.00e+00,1.00e+01
-5.00e+02,-5.00e+02,9.00e+00,1.00e+01
-4.68e+02,-3.08e+02,4.00e+00,1.00e+01
-5.00e+02,-5.00e+02,7.00e+00,1.00e+01
-5.00e+02,-5.00e+02,3.00e+00,1.00e+01
-5.00e+02,-5.00e+02,1.20e+01,1.00e+01
-5.00e+02,-5.00e+02,4.00e+00,1.00e+01
-5.00e+02,-5.00e+02,1.00e+01,1.00e+01
-5.00e+02,-5.00e+02,3.00e+00,1.00e+01
-3.62e+02,-7.38e+01,8.00e+00,1.00e+01
-5.00e+02,-5.00e+02,5.00e+00,1.00e+01
-5.00e+02,-5.00e+02,4.00e+00,1.00e+01
-5.00e+02,-5.00e+02,4.00e+00,1.00e+01
-5.00e+02,-5.00e+02,9.00e+00,1.00e+01
-5.00e+02,-5.00e+02,6.00e+00,1.00e+01
-5.00e+02,-5.00e+02,4.00e+00,1.00e+01
-5.00e+02,-5.00e+02,6.00e+00,1.00e+01
-5.00e+02,-5.00e+02,9.00e+00,1.00e+01
-5.00e+02,-5.00e+02,7.00e+00,1.00e+01
-5.00e+02,-5.00e+02,4.00e+00,1.00e+01
-5.00e+02,-5.00e+02,3.00e+00,1.00e+01
-5.00e+02,-5.00e+02,7.00e+00,1.00e+01
-5.00e+02,-5.00e+02,6.00e+00,1.00e+01
-5.00e+02,-5.00e+02,4.00e+00,1.00e+01
-5.00e+02,-5.00e+02,6.00e+00,1.00e+01
-5.00e+02,-5.00e+02,8.00e+00,1.00e+01
-5.00e+02,-5.00e+02,7.00e+00,1.00e+01
-5.00e+02,-5.00e+02,7.00e+00,1.00e+01
-5.00e+02,-5.00e+02,3.00e+00,1.00e+01
-5.00e+02,-5.00e+02,6.00e+00,1.00e+01
-5.00e+02,-5.00e+02,4.00e+00,1.00e+01
-5.00e+02,-5.00e+02,3.00e+00,1.00e+01
-4.86e+02,-4.13e+02,4.00e+00,1.00e+01
-5.00e+02,-5.00e+02,7.00e+00,1.00e+01
-5.00e+02,-5.00e+02,7.00e+00,1.00e+01
-5.00e+02,-5.00e+02,7.00e+00,1.00e+01
-5.00e+02,-5.00e+02,7.00e+00,1.00e+01
-5.00e+02,-5.00e+02,4.00e+00,1.00e+01
-5.00e+02,-5.00e+02,1.00e+01,1.00e+01
-5.00e+02,-5.00e+02,1.00e+00,1.00e+01
-5.00e+02,-5.00e+02,6.00e+00,1.00e+01
-5.00e+02,-5.00e+02,1.10e+01,1.00e+01
-5.00e+02,-5.00e+02,7.00e+00,1.00e+01
-5.00e+02,-5.00e+02,2.00e+00,1.00e+01
-5.00e+02,-5.00e+02,4.00e+00,1.00e+01
-5.00e+02,-5.00e+02,5.00e+00,1.00e+01
-5.00e+02,-5.00e+02,8.00e+00,1.00e+01
-5.00e+02,-5.00e+02,7.00e+00,1.00e+01
-5.00e+02,-5.00e+02,4.00e+00,1.00e+01
-5.00e+02,-5.00e+02,9.00e+00,1.00e+01
-5.00e+02,-5.00e+02,1.10e+01,1.00e+01
-5.00e+02,-5.00e+02,5.00e+00,1.00e+01
-5.00e+02,-5.00e+02,7.00e+00,1.00e+01
-5.00e+02,-5.00e+02,1.00e+01,1.00e+01
-5.00e+02,-5.00e+02,4.00e+00,1.00e+01
-5.00e+02,-5.00e+02,8.00e+00,1.00e+01
-5.00e+02,-5.00e+02,7.00e+00,1.00e+01
-5.00e+02,-5.00e+02,7.00e+00,1.00e+01
-5.00e+02,-5.00e+02,4.00e+00,1.00e+01
-5.00e+02,-5.00e+02,6.00e+00,1.00e+01
-4.99e+02,-4.92e+02,6.00e+00,1.00e+01
-5.00e+02,-5.00e+02,4.00e+00,1.00e+01
-4.98e+02,-4.92e+02,7.00e+00,1.00e+01
-5.00e+02,-5.00e+02,6.00e+00,1.00e+01
-5.00e+02,-5.00e+02,6.00e+00,1.00e+01
-5.00e+02,-5.00e+02,6.00e+00,1.00e+01
-5.00e+02,-5.00e+02,6.00e+00,1.00e+01
-5.00e+02,-5.00e+02,3.00e+00,1.00e+01
-5.00e+02,-5.00e+02,4.00e+00,1.00e+01
-5.00e+02,-5.00e+02,6.00e+00,1.00e+01
-4.40e+02,-1.38e+02,5.00e+00,1.00e+01
-5.00e+02,-5.00e+02,6.00e+00,1.00e+01
-5.00e+02,-5.00e+02,6.00e+00,1.00e+01
-5.00e+02,-5.00e+02,5.00e+00,1.00e+01
-5.00e+02,-5.00e+02,8.00e+00,1.00e+01
-5.00e+02,-5.00e+02,5.00e+00,1.00e+01
-5.00e+02,-5.00e+02,8.00e+00,1.00e+01
-5.00e+02,-4.99e+02,3.00e+00,1.00e+01
-5.00e+02,-5.00e+02,5.00e+00,1.00e+01
-5.00e+02,-5.00e+02,7.00e+00,1.00e+01
-5.00e+02,-5.00e+02,8.00e+00,1.00e+01
-5.00e+02,-5.00e+02,6.00e+00,1.00e+01
-5.00e+02,-5.00e+02,6.00e+00,1.00e+01
-5.00e+02,-5.00e+02,6.00e+00,1.00e+01
-5.00e+02,-5.00e+02,5.00e+00,1.00e+01
-5.00e+02,-5.00e+02,1.00e+01,1.00e+01
-4.85e+02,-4.12e+02,6.00e+00,1.00e+01
-5.00e+02,-5.00e+02,8.00e+00,1.00e+01
-5.00e+02,-5.00e+02,4.00e+00,1.00e+01
-5.00e+02,-5.00e+02,3.00e+00,1.00e+01
-5.00e+02,-5.00e+02,7.00e+00,1.00e+01
-4.99e+02,-4.92e+02,5.00e+00,1.00e+01
-5.00e+02,-5.00e+02,9.00e+00,1.00e+01
-5.00e+02,-5.00e+02,4.00e+00,1.00e+01
