-2.25e+02,-6.11e+01,1.30e+01,1.30e+01
-2.16e+02,-5.48e+01,1.50e+01,1.40e+01
-2.28e+02,-6.42e+01,1.40e+01,1.40e+01
-2.20e+02,-6.26e+01,1.30e+01,1.30e+01
-2.19e+02,-5.97e+01,1.50e+01,1.40e+01
-2.17e+02,-4.81e+01,1.30e+01,1.30e+01
-2.15e+02,-5.12e+01,1.50e+01,1.40e+01
-2.23e+02,-5.87e+01,1.30e+01,1.30e+01
-2.16e+02,-5.20e+01,1.60e+01,1.30e+01
-2.27e+02,-6.91e+01,1.50e+01,1.30e+01
-2.16e+02,-4.71e+01,1.40e+01,1.40e+01
-2.15e+02,-5.43e+01,1.30e+01,1.30e+01
-2.25e+02,-5.28e+01,1.60e+01,1.30e+01
-2.18e+02,-6.50e+01,1.40e+01,1.40e+01
-2.20e+02,-5.90e+01,1.50e+01,1.30e+01
-2.21e+02,-6.03e+01,1.30e+01,1.30e+01
-2.16e+02,-6.03e+01,1.50e+01,1.40e+01
-2.15e+02,-5.71e+01,1.40e+01,1.40e+01
-2.18e+02,-6.17e+01,1.30e+01,1.30e+01
-2.16e+02,-5.50e+01,1.60e+01,1.30e+01
-2.16e+02,-5.27e+01,1.40e+01,1.40e+01
-2.17e+02,-5.21e+01,1.50e+01,1.40e+01
-2.29e+02,-6.14e+01,1.30e+01,1.30e+01
-2.18e+02,-6.13e+01,1.60e+01,1.40e+01
-2.14e+02,-5.08e+01,1.40e+01,1.40e+01
-2.19e+02,-5.66e+01,1.50e+01,1.40e+01
-3.95e+02,-1.24e+02,1.40e+01,1.40e+01
-4.67e+02,-3.00e+02,1.60e+01,1.50e+01
-4.83e+02,-3.97e+02,1.50e+01,1.40e+01
-4.91e+02,-4.48e+02,1.30e+01,1.30e+01
-4.38e+02,-2.20e+02,1.60e+01,1.40e+01
-2.22e+02,-5.51e+01,1.30e+01,1.30e+01
-2.23e+02,-6.64e+01,1.40e+01,1.30e+01
-2.15e+02,-5.29e+01,1.70e+01,1.50e+01
-4.93e+02,-4.58e+02,1.40e+01,1.30e+01
-5.00e+02,-5.00e+02,1.40e+01,1.30e+01
-5.00e+02,-4.99e+02,1.60e+01,1.40e+01
-2.28e+02,-6.59e+01,1.50e+01,1.40e+01
-2.22e+02,-6.36e+01,1.60e+01,1.50e+01
-2.21e+02,-6.32e+01,1.50e+01,1.50e+01
-2.18e+02,-5.87e+01,1.40e+01,1.40e+01
-4.81e+02,-3.86e+02,1.60e+01,1.50e+01
-2.30e+02,-7.02e+01,1.30e+01,1.30e+01
-2.22e+02,-6.62e+01,1.50e+01,1.30e+01
-3.23e+02,-7.49e+01,1.60e+01,1.40e+01
-2.21e+02,-5.65e+01,1.60e+01,1.40e+01
-4.87e+02,-4.24e+02,1.30e+01,1.30e+01
-2.21e+02,-5.26e+01,1.50e+01,1.50e+01
-2.16e+02,-4.87e+01,1.40e+01,1.40e+01
-2.15e+02,-5.58e+01,1.40e+01,1.30e+01
-4.64e+02,-3.21e+02,1.50e+01,1.40e+01
-2.19e+02,-6.21e+01,1.40e+01,1.40e+01
-2.23e+02,-5.91e+01,1.40e+01,1.30e+01
-2.82e+02,-1.02e+02,1.60e+01,1.50e+01
-2.25e+02,-7.26e+01,1.40e+01,1.30e+01
-2.22e+02,-5.57e+01,1.40e+01,1.30e+01
-2.25e+02,-6.13e+01,1.30e+01,1.30e+01
-4.99e+02,-4.95e+02,1.60e+01,1.40e+01
-2.21e+02,-5.95e+01,1.30e+01,1.30e+01
-4.71e+02,-3.27e+02,1.30e+01,1.30e+01
-2.18e+02,-5.71e+01,1.40e+01,1.30e+01
-3.34e+02,-9.45e+01,1.40e+01,1.30e+01
-5.00e+02,-5.00e+02,1.30e+01,1.30e+01
-2.26e+02,-6.96e+01,1.40e+01,1.30e+01
-2.19e+02,-5.55e+01,1.60e+01,1.40e+01
-2.20e+02,-5.44e+01,1.50e+01,1.50e+01
-2.24e+02,-6.18e+01,1.40e+01,1.30e+01
-2.25e+02,-7.34e+01,1.50e+01,1.40e+01
-2.14e+02,-5.48e+01,1.40e+01,1.30e+01
-2.23e+02,-6.58e+01,1.60e+01,1.50e+01
-2.21e+02,-5.87e+01,1.40e+01,1.30e+01
-2.18e+02,-5.76e+01,1.60e+01,1.30e+01
-2.18e+02,-5.50e+01,1.40e+01,1.30e+01
-2.16e+02,-5.97e+01,1.40e+01,1.30e+01
-2.90e+02,-5.44e+01,1.40e+01,1.30e+01
-2.14e+02,-5.93e+01,1.40e+01,1.30e+01
-3.39e+02,-1.11e+02,1.40e+01,1.30e+01
-4.67e+02,-3.33e+02,1.60e+01,1.40e+01
-4.04e+02,-1.69e+02,1.40e+01,1.40e+01
-2.17e+02,-5.36e+01,1.40e+01,1.40e+01
-2.17e+02,-5.96e+01,1.60e+01,1.40e+01
-2.28e+02,-5.48e+01,1.60e+01,1.50e+01
-2.18e+02,-6.28e+01,1.50e+01,1.50e+01
-4.75e+02,-3.50e+02,1.60e+01,1.50e+01
-4.48e+02,-3.12e+02,1.40e+01,1.40e+01
-2.24e+02,-6.25e+01,1.70e+01,1.30e+01
-2.24e+02,-6.04e+01,1.70e+01,1.50e+01
-2.17e+02,-4.97e+01,1.40e+01,1.30e+01
-2.22e+02,-6.40e+01,1.40e+01,1.30e+01
-4.95e+02,-4.69e+02,1.50e+01,1.40e+01
-2.15e+02,-4.61e+01,1.40e+01,1.40e+01
-5.00e+02,-4.99e+02,1.50e+01,1.40e+01
-2.27e+02,-5.53e+01,1.40e+01,1.40e+01
-2.22e+02,-5.94e+01,1.40e+01,1.30e+01
-2.33e+02,-5.95e+01,1.70e+01,1.40e+01
-4.88e+02,-4.32e+02,1.40e+01,1.30e+01
-2.28e+02,-6.40e+01,1.40e+01,1.40e+01
-2.25e+02,-6.83e+01,1.70e+01,1.30e+01
-2.19e+02,-6.21e+01,1.70e+01,1.50e+01
-2.20e+02,-5.96e+01,1.50e+01,1.40e+01
-2.14e+02,-5.27e+01,1.60e+01,1.30e+01
-2.17e+02,-5.56e+01,1.30e+01,1.30e+01
-2.22e+02,-6.30e+01,1.30e+01,1.30e+01
-2.23e+02,-6.14e+01,1.70e+01,1.30e+01
-5.00e+02,-5.00e+02,1.60e+01,1.30e+01
-2.32e+02,-7.59e+01,1.70e+01,1.30e+01
-2.18e+02,-5.82e+01,1.40e+01,1.30e+01
-2.68e+02,-9.06e+01,1.60e+01,1.50e+01
-2.28e+02,-5.50e+01,1.50e+01,1.40e+01
-4.90e+02,-4.43e+02,1.60e+01,1.50e+01
-2.14e+02,-5.35e+01,1.60e+01,1.40e+01
-2.29e+02,-6.75e+01,1.60e+01,1.40e+01
-2.18e+02,-5.76e+01,1.70e+01,1.40e+01
-2.19e+02,-6.00e+01,1.60e+01,1.40e+01
-4.72e+02,-3.34e+02,1.40e+01,1.40e+01
-4.96e+02,-4.78e+02,1.30e+01,1.30e+01
-5.00e+02,-5.00e+02,1.60e+01,1.40e+01
-2.21e+02,-5.96e+01,1.40e+01,1.40e+01
-5.00e+02,-5.00e+02,1.30e+01,1.30e+01
-4.92e+02,-4.55e+02,1.40e+01,1.40e+01
-2.19e+02,-5.93e+01,1.60e+01,1.40e+01
-2.16e+02,-5.24e+01,1.50e+01,1.40e+01
-2.27e+02,-5.55e+01,1.30e+01,1.30e+01
-5.00e+02,-5.00e+02,1.30e+01,1.30e+01
-2.19e+02,-6.12e+01,1.70e+01,1.40e+01
-2.17e+02,-4.93e+01,1.60e+01,1.50e+01
-2.27e+02,-5.69e+01,1.40e+01,1.30e+01
-2.16e+02,-5.53e+01,1.50e+01,1.40e+01
-2.14e+02,-5.06e+01,1.30e+01,1.30e+01
-2.18e+02,-5.70e+01,1.60e+01,1.40e+01
-2.20e+02,-6.83e+01,1.40e+01,1.40e+01
-4.78e+02,-3.71e+02,1.40e+01,1.30e+01
-2.15e+02,-5.45e+01,1.60e+01,1.40e+01
-2.20e+02,-6.61e+01,1.40e+01,1.30e+01
-4.95e+02,-4.70e+02,1.40e+01,1.40e+01
-2.14e+02,-5.76e+01,1.40e+01,1.30e+01
-4.95e+02,-4.69e+02,1.60e+01,1.40e+01
-2.28e+02,-6.38e+01,1.40e+01,1.30e+01
-2.23e+02,-6.18e+01,1.50e+01,1.40e+01
-2.24e+02,-5.34e+01,1.50e+01,1.40e+01
-2.33e+02,-6.85e+01,1.50e+01,1.40e+01
-2.30e+02,-7.98e+01,1.50e+01,1.30e+01
-4.17e+02,-1.14e+02,1.50e+01,1.50e+01
-2.21e+02,-6.21e+01,1.60e+01,1.40e+01
-2.26e+02,-6.66e+01,1.40e+01,1.30e+01
-4.93e+02,-4.56e+02,1.60e+01,1.40e+01
-3.02e+02,-1.13e+02,1.50e+01,1.40e+01
-5.00e+02,-5.00e+02,1.40e+01,1.40e+01
-2.20e+02,-6.05e+01,1.40e+01,1.40e+01
-2.93e+02,-1.20e+02,1.60e+01,1.40e+01
-4.71e+02,-3.27e+02,1.40e+01,1.40e+01
-2.13e+02,-5.09e+01,1.50e+01,1.40e+01
-2.19e+02,-5.59e+01,1.40e+01,1.30e+01
-4.30e+02,-2.67e+02,1.60e+01,1.40e+01
-2.18e+02,-4.96e+01,1.70e+01,1.40e+01
-2.25e+02,-6.21e+01,1.30e+01,1.30e+01
-4.90e+02,-4.43e+02,1.50e+01,1.40e+01
-2.16e+02,-4.92e+01,1.60e+01,1.40e+01
-2.16e+02,-5.99e+01,1.40e+01,1.30e+01
-5.00e+02,-5.00e+02,1.30e+01,1.30e+01
-4.91e+02,-4.45e+02,1.50e+01,1.40e+01
-2.25e+02,-6.64e+01,1.40e+01,1.40e+01
-2.20e+02,-6.02e+01,1.60e+01,1.40e+01
-2.20e+02,-5.65e+01,1.40e+01,1.30e+01
-5.00e+02,-5.00e+02,1.50e+01,1.40e+01
-3.05e+02,-1.10e+02,1.30e+01,1.30e+01
-5.00e+02,-5.00e+02,1.70e+01,1.30e+01
-2.20e+02,-5.54e+01,1.60e+01,1.30e+01
-2.16e+02,-5.58e+01,1.40e+01,1.40e+01
-2.24e+02,-6.29e+01,1.40e+01,1.30e+01
-4.95e+02,-4.69e+02,1.60e+01,1.50e+01
-5.00e+02,-5.00e+02,1.60e+01,1.50e+01
-2.17e+02,-5.16e+01,1.50e+01,1.40e+01
-2.16e+02,-5.33e+01,1.60e+01,1.30e+01
-2.21e+02,-6.97e+01,1.50e+01,1.50e+01
-2.26e+02,-6.02e+01,1.60e+01,1.40e+01
-4.80e+02,-3.78e+02,1.40e+01,1.40e+01
-2.17e+02,-5.38e+01,1.50e+01,1.30e+01
-2.76e+02,-1.29e+02,1.60e+01,1.50e+01
-4.91e+02,-4.47e+02,1.40e+01,1.40e+01
-4.41e+02,-1.45e+02,1.60e+01,1.50e+01
-2.20e+02,-5.54e+01,1.70e+01,1.40e+01
-2.20e+02,-5.20e+01,1.60e+01,1.50e+01
-2.22e+02,-5.38e+01,1.50e+01,1.40e+01
-2.20e+02,-5.25e+01,1.70e+01,1.30e+01
-2.26e+02,-6.24e+01,1.40e+01,1.30e+01
-2.19e+02,-5.88e+01,1.40e+01,1.30e+01
-4.93e+02,-4.58e+02,1.50e+01,1.50e+01
-2.21e+02,-6.10e+01,1.50e+01,1.40e+01
-4.99e+02,-4.95e+02,1.50e+01,1.40e+01
-2.20e+02,-6.22e+01,1.60e+01,1.40e+01
-2.21e+02,-5.33e+01,1.30e+01,1.30e+01
