-2.09e+02,-5.63e+01,3.30e+01,1.80e+01
-1.84e+02,-5.43e+01,3.80e+01,1.80e+01
-2.09e+02,-6.81e+01,3.40e+01,1.80e+01
-1.96e+02,-6.15e+01,3.70e+01,1.90e+01
-1.97e+02,-7.27e+01,3.50e+01,1.80e+01
-1.92e+02,-6.21e+01,3.60e+01,1.80e+01
-2.10e+02,-5.46e+01,3.30e+01,1.80e+01
-1.82e+02,-5.74e+01,3.80e+01,1.90e+01
-2.10e+02,-5.98e+01,3.40e+01,1.90e+01
-2.12e+02,-7.06e+01,3.50e+01,1.80e+01
-1.87e+02,-5.65e+01,3.70e+01,1.80e+01
-2.01e+02,-6.11e+01,3.60e+01,1.80e+01
-2.13e+02,-6.23e+01,3.30e+01,1.80e+01
-1.89e+02,-5.25e+01,3.80e+01,1.90e+01
-1.96e+02,-6.45e+01,3.50e+01,1.80e+01
-2.09e+02,-5.12e+01,3.40e+01,1.90e+01
-2.07e+02,-5.25e+01,3.30e+01,1.80e+01
-1.94e+02,-5.41e+01,3.80e+01,1.80e+01
-1.93e+02,-6.61e+01,3.50e+01,1.90e+01
-2.06e+02,-7.85e+01,3.70e+01,1.90e+01
-1.92e+02,-5.56e+01,3.60e+01,1.80e+01
-2.08e+02,-5.23e+01,3.30e+01,1.80e+01
-1.88e+02,-5.74e+01,3.80e+01,1.80e+01
-2.14e+02,-6.64e+01,3.40e+01,1.70e+01
-2.01e+02,-6.19e+01,3.50e+01,1.80e+01
-2.04e+02,-7.66e+01,3.60e+01,1.80e+01
-2.13e+02,-5.75e+01,3.40e+01,1.80e+01
-2.08e+02,-4.81e+01,3.40e+01,1.90e+01
-4.56e+02,-2.39e+02,3.90e+01,1.90e+01
-1.88e+02,-4.94e+01,3.90e+01,1.80e+01
-2.04e+02,-6.16e+01,3.50e+01,1.80e+01
-1.88e+02,-6.44e+01,3.40e+01,1.80e+01
-1.91e+02,-5.90e+01,3.70e+01,1.90e+01
-1.92e+02,-5.78e+01,3.80e+01,1.90e+01
-2.00e+02,-7.46e+01,3.50e+01,1.80e+01
-5.00e+02,-4.99e+02,3.30e+01,1.80e+01
-1.99e+02,-7.43e+01,3.50e+01,1.80e+01
-1.95e+02,-6.85e+01,3.70e+01,1.80e+01
-2.09e+02,-4.65e+01,3.40e+01,1.80e+01
-1.87e+02,-5.78e+01,3.90e+01,1.80e+01
-4.98e+02,-4.90e+02,3.60e+01,1.80e+01
-1.90e+02,-6.12e+01,3.90e+01,2.00e+01
-2.01e+02,-6.14e+01,3.60e+01,1.90e+01
-1.99e+02,-5.12e+01,3.90e+01,1.80e+01
-1.90e+02,-5.53e+01,4.00e+01,1.90e+01
-4.55e+02,-2.67e+02,3.90e+01,1.80e+01
-2.08e+02,-6.09e+01,3.30e+01,1.80e+01
-2.02e+02,-7.37e+01,3.60e+01,1.90e+01
-1.84e+02,-5.93e+01,4.00e+01,1.90e+01
-4.48e+02,-1.87e+02,3.60e+01,1.80e+01
-5.00e+02,-5.00e+02,3.80e+01,1.80e+01
-4.98e+02,-4.91e+02,3.70e+01,1.80e+01
-5.00e+02,-5.00e+02,3.50e+01,1.80e+01
-1.92e+02,-6.65e+01,4.00e+01,2.00e+01
-3.93e+02,-1.80e+02,3.50e+01,1.80e+01
-2.32e+02,-1.18e+02,3.70e+01,1.80e+01
-1.98e+02,-6.00e+01,3.80e+01,2.00e+01
-2.02e+02,-5.61e+01,3.80e+01,1.80e+01
-2.10e+02,-5.86e+01,3.40e+01,1.90e+01
-2.34e+02,-1.05e+02,3.70e+01,1.80e+01
-2.13e+02,-4.94e+01,3.30e+01,1.80e+01
-2.13e+02,-4.81e+01,3.50e+01,1.90e+01
-2.08e+02,-4.89e+01,3.40e+01,1.80e+01
-5.00e+02,-5.00e+02,3.60e+01,1.80e+01
-4.07e+02,-1.29e+02,3.80e+01,2.00e+01
-5.00e+02,-5.00e+02,3.40e+01,1.80e+01
-1.95e+02,-6.21e+01,3.90e+01,2.00e+01
-5.00e+02,-5.00e+02,3.60e+01,1.80e+01
-1.80e+02,-5.17e+01,3.90e+01,1.90e+01
-2.10e+02,-5.62e+01,3.30e+01,1.80e+01
-1.88e+02,-5.30e+01,3.80e+01,1.90e+01
-1.99e+02,-7.20e+01,3.90e+01,2.00e+01
-2.07e+02,-5.13e+01,3.30e+01,1.80e+01
-2.10e+02,-4.82e+01,3.40e+01,1.80e+01
-1.90e+02,-6.90e+01,4.00e+01,1.90e+01
-1.94e+02,-6.64e+01,3.80e+01,1.80e+01
-2.05e+02,-5.05e+01,3.50e+01,1.90e+01
-2.05e+02,-5.28e+01,3.30e+01,1.80e+01
-4.99e+02,-4.96e+02,3.80e+01,2.00e+01
-2.38e+02,-1.05e+02,3.60e+01,1.80e+01
-2.11e+02,-7.82e+01,3.90e+01,1.80e+01
-2.05e+02,-5.19e+01,3.30e+01,1.80e+01
-2.76e+02,-7.62e+01,3.60e+01,1.80e+01
-5.00e+02,-5.00e+02,3.90e+01,1.80e+01
-2.13e+02,-6.97e+01,3.60e+01,1.90e+01
-5.00e+02,-5.00e+02,3.30e+01,1.80e+01
-5.00e+02,-5.00e+02,3.40e+01,1.80e+01
-1.93e+02,-5.79e+01,3.80e+01,1.80e+01
-2.10e+02,-6.68e+01,3.40e+01,1.90e+01
-2.68e+02,-1.06e+02,3.50e+01,1.90e+01
-2.02e+02,-8.24e+01,3.50e+01,1.80e+01
-4.99e+02,-4.96e+02,3.40e+01,1.90e+01
-5.00e+02,-5.00e+02,3.80e+01,1.80e+01
-4.99e+02,-4.94e+02,3.60e+01,1.80e+01
-1.92e+02,-5.65e+01,3.80e+01,1.90e+01
-4.56e+02,-2.36e+02,3.70e+01,1.80e+01
-2.01e+02,-6.72e+01,3.70e+01,1.90e+01
-1.94e+02,-5.30e+01,3.80e+01,1.90e+01
-2.27e+02,-7.27e+01,3.40e+01,1.80e+01
-2.01e+02,-6.61e+01,3.60e+01,1.90e+01
-5.00e+02,-5.00e+02,3.50e+01,1.80e+01
-2.08e+02,-4.53e+01,3.30e+01,1.80e+01
-1.92e+02,-7.11e+01,3.90e+01,1.80e+01
-1.96e+02,-7.30e+01,3.60e+01,1.90e+01
-5.00e+02,-5.00e+02,3.40e+01,1.80e+01
-2.11e+02,-6.31e+01,3.40e+01,1.80e+01
-2.09e+02,-5.74e+01,3.70e+01,1.90e+01
-2.16e+02,-6.45e+01,3.40e+01,1.80e+01
-4.98e+02,-4.92e+02,3.60e+01,1.80e+01
-2.02e+02,-5.01e+01,3.60e+01,2.00e+01
-1.83e+02,-5.05e+01,3.90e+01,1.90e+01
-1.87e+02,-5.79e+01,3.90e+01,1.80e+01
-2.14e+02,-5.92e+01,3.30e+01,1.80e+01
-2.11e+02,-8.70e+01,3.50e+01,1.80e+01
-3.11e+02,-1.04e+02,3.90e+01,1.90e+01
-2.15e+02,-5.31e+01,3.30e+01,1.80e+01
-2.25e+02,-8.65e+01,3.70e+01,1.80e+01
-2.00e+02,-5.54e+01,3.60e+01,2.00e+01
-1.82e+02,-5.48e+01,3.80e+01,1.80e+01
-4.99e+02,-4.94e+02,3.50e+01,1.90e+01
-1.95e+02,-5.65e+01,3.90e+01,1.80e+01
-4.78e+02,-3.71e+02,3.90e+01,1.80e+01
-2.17e+02,-6.31e+01,3.40e+01,1.80e+01
-1.97e+02,-6.21e+01,3.90e+01,1.80e+01
-2.09e+02,-5.93e+01,3.90e+01,1.90e+01
-2.14e+02,-6.56e+01,3.50e+01,1.90e+01
-1.97e+02,-6.12e+01,3.80e+01,1.80e+01
-2.03e+02,-7.43e+01,3.60e+01,1.90e+01
-1.96e+02,-5.96e+01,3.80e+01,1.90e+01
-1.91e+02,-5.98e+01,3.80e+01,1.90e+01
-1.90e+02,-6.63e+01,4.00e+01,1.90e+01
-2.09e+02,-6.18e+01,3.60e+01,1.90e+01
-1.98e+02,-6.51e+01,3.70e+01,1.90e+01
-3.70e+02,-1.34e+02,3.60e+01,1.80e+01
-2.08e+02,-4.96e+01,3.40e+01,1.80e+01
-2.20e+02,-5.63e+01,3.40e+01,1.90e+01
-2.00e+02,-8.19e+01,3.60e+01,1.80e+01
-1.99e+02,-5.77e+01,3.80e+01,1.90e+01
-1.93e+02,-5.11e+01,3.80e+01,1.80e+01
-1.90e+02,-5.49e+01,3.90e+01,1.80e+01
-2.00e+02,-5.70e+01,3.80e+01,1.90e+01
-2.01e+02,-5.70e+01,3.70e+01,1.90e+01
-2.10e+02,-5.88e+01,3.40e+01,1.90e+01
-2.03e+02,-7.18e+01,3.50e+01,1.80e+01
-2.13e+02,-5.98e+01,3.90e+01,2.00e+01
-5.00e+02,-5.00e+02,3.80e+01,1.90e+01
-1.96e+02,-6.63e+01,3.70e+01,1.80e+01
-1.93e+02,-6.27e+01,3.90e+01,1.90e+01
-2.03e+02,-6.38e+01,3.80e+01,1.90e+01
-1.96e+02,-5.70e+01,3.90e+01,2.00e+01
-2.08e+02,-5.88e+01,3.50e+01,1.90e+01
-2.14e+02,-6.23e+01,3.40e+01,1.80e+01
-4.97e+02,-4.84e+02,3.80e+01,1.80e+01
-1.94e+02,-6.10e+01,3.70e+01,1.90e+01
-1.88e+02,-5.84e+01,3.60e+01,1.80e+01
-3.71e+02,-1.83e+02,3.60e+01,1.80e+01
-1.91e+02,-6.29e+01,3.70e+01,1.80e+01
-3.50e+02,-1.06e+02,3.40e+01,1.90e+01
-5.00e+02,-5.00e+02,3.40e+01,1.80e+01
-2.18e+02,-7.57e+01,3.60e+01,1.90e+01
-2.11e+02,-5.39e+01,3.30e+01,1.80e+01
-2.11e+02,-6.11e+01,3.40e+01,1.90e+01
-1.89e+02,-5.38e+01,3.80e+01,1.80e+01
-2.09e+02,-5.12e+01,3.30e+01,1.80e+01
-2.11e+02,-5.79e+01,3.30e+01,1.80e+01
-1.90e+02,-6.01e+01,3.60e+01,1.80e+01
-1.97e+02,-6.86e+01,3.70e+01,1.90e+01
-2.05e+02,-7.43e+01,3.40e+01,1.80e+01
-2.10e+02,-5.03e+01,3.40e+01,1.80e+01
-2.14e+02,-6.36e+01,3.30e+01,1.80e+01
-5.00e+02,-5.00e+02,3.50e+01,1.80e+01
-1.85e+02,-5.20e+01,3.90e+01,1.90e+01
-1.92e+02,-5.20e+01,4.00e+01,1.90e+01
-2.46e+02,-1.04e+02,3.50e+01,1.90e+01
-2.35e+02,-5.08e+01,3.90e+01,1.90e+01
-2.09e+02,-5.23e+01,3.60e+01,1.80e+01
-2.08e+02,-5.43e+01,3.60e+01,1.90e+01
-2.09e+02,-6.01e+01,3.40e+01,1.90e+01
-4.44e+02,-2.10e+02,3.90e+01,1.80e+01
-2.21e+02,-5.97e+01,3.30e+01,1.80e+01
-2.10e+02,-5.63e+01,3.40e+01,1.90e+01
-2.05e+02,-4.27e+01,3.50e+01,1.90e+01
-4.79e+02,-3.77e+02,3.90e+01,1.80e+01
-2.02e+02,-6.06e+01,3.70e+01,1.80e+01
-1.92e+02,-6.02e+01,3.60e+01,1.80e+01
-2.13e+02,-5.14e+01,3.50e+01,1.90e+01
-2.98e+02,-9.05e+01,3.90e+01,1.80e+01
-1.85e+02,-5.46e+01,4.00e+01,1.90e+01
-1.88e+02,-5.45e+01,3.80e+01,1.80e+01
-1.95e+02,-5.80e+01,4.00e+01,1.90e+01
-2.02e+02,-5.45e+01,3.50e+01,1.90e+01
-1.99e+02,-7.13e+01,3.40e+01,1.80e+01
