-1.67e+02,-5.99e+01,7.00e+01,3.10e+01
-1.54e+02,-5.57e+01,7.40e+01,3.30e+01
-1.52e+02,-5.20e+01,7.00e+01,3.10e+01
-1.54e+02,-5.08e+01,7.20e+01,3.20e+01
-1.48e+02,-5.00e+01,7.30e+01,3.30e+01
-1.47e+02,-4.08e+01,7.80e+01,3.10e+01
-1.50e+02,-4.59e+01,7.10e+01,3.10e+01
-1.54e+02,-5.14e+01,7.10e+01,3.10e+01
-1.66e+02,-5.64e+01,7.10e+01,3.10e+01
-1.57e+02,-6.65e+01,7.20e+01,3.20e+01
-1.51e+02,-5.55e+01,7.10e+01,3.20e+01
-1.48e+02,-4.45e+01,7.30e+01,3.20e+01
-1.53e+02,-5.84e+01,7.30e+01,3.30e+01
-1.54e+02,-5.19e+01,7.20e+01,3.20e+01
-1.56e+02,-5.50e+01,7.30e+01,3.20e+01
-1.54e+02,-5.09e+01,7.40e+01,3.20e+01
-1.54e+02,-4.82e+01,7.20e+01,3.10e+01
-1.53e+02,-4.55e+01,7.40e+01,3.30e+01
-1.49e+02,-4.89e+01,7.30e+01,3.20e+01
-1.53e+02,-5.59e+01,7.10e+01,3.10e+01
-1.49e+02,-5.11e+01,7.20e+01,3.10e+01
-1.59e+02,-5.97e+01,7.30e+01,3.10e+01
-1.60e+02,-5.93e+01,7.50e+01,3.30e+01
-1.63e+02,-5.73e+01,7.10e+01,3.10e+01
-1.56e+02,-5.85e+01,7.20e+01,3.10e+01
-1.53e+02,-5.62e+01,7.00e+01,3.10e+01
-1.47e+02,-4.67e+01,7.50e+01,3.30e+01
-4.66e+02,-3.51e+02,7.40e+01,3.30e+01
-1.51e+02,-4.59e+01,7.30e+01,3.20e+01
-1.62e+02,-5.56e+01,7.40e+01,3.30e+01
-1.51e+02,-4.65e+01,7.20e+01,3.10e+01
-1.50e+02,-4.66e+01,7.50e+01,3.30e+01
-1.62e+02,-6.43e+01,7.50e+01,3.30e+01
-1.55e+02,-4.86e+01,7.40e+01,3.20e+01
-1.55e+02,-5.32e+01,7.30e+01,3.30e+01
-4.83e+02,-4.00e+02,7.20e+01,3.20e+01
-1.68e+02,-6.04e+01,7.30e+01,3.20e+01
-1.49e+02,-4.32e+01,7.20e+01,3.20e+01
-1.51e+02,-4.85e+01,7.90e+01,3.10e+01
-4.32e+02,-1.82e+02,7.10e+01,3.10e+01
-1.69e+02,-6.28e+01,7.00e+01,3.10e+01
-1.49e+02,-4.41e+01,7.50e+01,3.30e+01
-4.53e+02,-2.17e+02,7.30e+01,3.30e+01
-1.58e+02,-5.91e+01,7.20e+01,3.20e+01
-1.47e+02,-5.37e+01,7.20e+01,3.20e+01
-1.57e+02,-5.34e+01,7.20e+01,3.20e+01
-1.48e+02,-4.53e+01,7.10e+01,3.10e+01
-1.53e+02,-4.64e+01,7.30e+01,3.30e+01
-1.51e+02,-5.21e+01,7.60e+01,3.40e+01
-4.66e+02,-3.38e+02,7.50e+01,3.20e+01
-1.76e+02,-5.91e+01,7.40e+01,3.30e+01
-1.79e+02,-7.02e+01,7.20e+01,3.20e+01
-1.56e+02,-5.32e+01,7.10e+01,3.10e+01
-1.52e+02,-5.74e+01,7.30e+01,3.30e+01
-1.50e+02,-5.01e+01,7.40e+01,3.30e+01
-1.63e+02,-4.98e+01,7.40e+01,3.30e+01
-1.52e+02,-5.45e+01,7.10e+01,3.10e+01
-1.64e+02,-5.56e+01,7.10e+01,3.20e+01
-1.52e+02,-4.90e+01,7.10e+01,3.10e+01
-1.52e+02,-5.21e+01,7.00e+01,3.10e+01
-1.55e+02,-5.41e+01,7.10e+01,3.10e+01
-3.59e+02,-1.14e+02,7.20e+01,3.10e+01
-1.64e+02,-5.31e+01,7.00e+01,3.10e+01
-1.55e+02,-5.23e+01,7.30e+01,3.30e+01
-1.59e+02,-4.99e+01,7.10e+01,3.10e+01
-1.49e+02,-5.00e+01,7.50e+01,3.40e+01
-1.53e+02,-5.25e+01,7.30e+01,3.20e+01
-1.53e+02,-5.57e+01,7.10e+01,3.10e+01
-1.62e+02,-5.77e+01,7.00e+01,3.10e+01
-1.53e+02,-4.75e+01,7.00e+01,3.10e+01
-1.53e+02,-5.41e+01,7.30e+01,3.20e+01
-1.76e+02,-5.97e+01,7.10e+01,3.10e+01
-1.66e+02,-5.63e+01,7.20e+01,3.20e+01
-1.60e+02,-5.15e+01,7.50e+01,3.40e+01
-1.55e+02,-5.33e+01,7.30e+01,3.30e+01
-1.50e+02,-5.39e+01,7.90e+01,3.10e+01
-1.93e+02,-5.74e+01,7.00e+01,3.10e+01
-1.56e+02,-5.78e+01,7.40e+01,3.30e+01
-1.53e+02,-5.07e+01,7.50e+01,3.30e+01
-1.72e+02,-6.21e+01,7.10e+01,3.20e+01
-1.50e+02,-5.69e+01,7.10e+01,3.20e+01
-1.53e+02,-4.99e+01,7.90e+01,3.10e+01
-1.88e+02,-6.75e+01,7.20e+01,3.30e+01
-1.54e+02,-4.81e+01,7.00e+01,3.10e+01
-1.63e+02,-5.23e+01,7.20e+01,3.20e+01
-1.53e+02,-4.39e+01,7.40e+01,3.30e+01
-1.56e+02,-5.28e+01,7.00e+01,3.10e+01
-3.56e+02,-1.03e+02,7.50e+01,3.30e+01
-1.53e+02,-5.06e+01,7.10e+01,3.10e+01
-1.62e+02,-6.26e+01,7.50e+01,3.30e+01
-1.55e+02,-5.24e+01,7.10e+01,3.10e+01
-1.56e+02,-4.96e+01,7.30e+01,3.20e+01
-1.57e+02,-5.68e+01,7.30e+01,3.30e+01
-1.50e+02,-5.74e+01,7.50e+01,3.30e+01
-1.61e+02,-5.28e+01,7.30e+01,3.30e+01
-1.52e+02,-5.37e+01,7.50e+01,3.40e+01
-4.20e+02,-1.84e+02,7.20e+01,3.10e+01
-4.69e+02,-3.96e+02,7.40e+01,3.30e+01
-2.39e+02,-8.96e+01,7.10e+01,3.20e+01
-1.52e+02,-6.20e+01,7.30e+01,3.10e+01
-1.98e+02,-6.50e+01,7.10e+01,3.10e+01
-1.45e+02,-5.00e+01,7.10e+01,3.10e+01
-3.88e+02,-1.33e+02,7.40e+01,3.30e+01
-1.59e+02,-5.77e+01,7.10e+01,3.10e+01
-5.00e+02,-5.00e+02,7.00e+01,3.10e+01
-1.59e+02,-5.24e+01,7.90e+01,3.20e+01
-1.54e+02,-5.73e+01,7.50e+01,3.30e+01
-1.49e+02,-5.12e+01,7.50e+01,3.30e+01
-1.52e+02,-5.34e+01,7.10e+01,3.10e+01
-1.52e+02,-4.77e+01,7.50e+01,3.40e+01
-1.56e+02,-4.83e+01,7.30e+01,3.30e+01
-1.53e+02,-5.18e+01,7.30e+01,3.30e+01
-1.50e+02,-4.70e+01,7.20e+01,3.10e+01
-1.52e+02,-6.40e+01,7.10e+01,3.10e+01
-1.63e+02,-6.15e+01,7.10e+01,3.20e+01
-1.47e+02,-5.04e+01,7.30e+01,3.20e+01
-1.50e+02,-4.83e+01,7.10e+01,3.10e+01
-1.53e+02,-4.37e+01,7.50e+01,3.30e+01
-1.57e+02,-6.49e+01,7.20e+01,3.10e+01
-1.66e+02,-5.31e+01,7.20e+01,3.20e+01
-1.58e+02,-5.23e+01,7.10e+01,3.10e+01
-1.53e+02,-5.36e+01,7.10e+01,3.10e+01
-1.54e+02,-6.86e+01,7.60e+01,3.40e+01
-2.43e+02,-1.05e+02,7.90e+01,3.20e+01
-1.52e+02,-5.21e+01,7.20e+01,3.20e+01
-1.58e+02,-5.09e+01,7.10e+01,3.10e+01
-1.54e+02,-5.38e+01,7.30e+01,3.20e+01
-1.56e+02,-6.07e+01,7.40e+01,3.30e+01
-1.65e+02,-6.03e+01,7.50e+01,3.30e+01
-1.80e+02,-7.33e+01,7.10e+01,3.20e+01
-1.50e+02,-5.48e+01,7.20e+01,3.10e+01
-1.53e+02,-5.73e+01,7.10e+01,3.10e+01
-1.55e+02,-5.32e+01,7.10e+01,3.20e+01
-1.54e+02,-5.36e+01,7.00e+01,3.10e+01
-3.55e+02,-9.84e+01,7.40e+01,3.30e+01
-1.60e+02,-5.23e+01,7.30e+01,3.30e+01
-1.54e+02,-4.93e+01,7.30e+01,3.20e+01
-1.73e+02,-6.71e+01,7.40e+01,3.30e+01
-1.57e+02,-5.06e+01,7.00e+01,3.10e+01
-1.58e+02,-5.37e+01,7.10e+01,3.10e+01
-1.76e+02,-6.15e+01,7.00e+01,3.10e+01
-1.56e+02,-4.32e+01,7.10e+01,3.10e+01
-1.57e+02,-6.61e+01,7.50e+01,3.30e+01
-1.60e+02,-5.38e+01,8.00e+01,3.20e+01
-1.52e+02,-5.57e+01,7.10e+01,3.20e+01
-1.52e+02,-4.99e+01,7.30e+01,3.30e+01
-2.26e+02,-4.60e+01,7.20e+01,3.10e+01
-1.56e+02,-5.63e+01,7.10e+01,3.20e+01
-1.54e+02,-5.23e+01,7.30e+01,3.20e+01
-1.51e+02,-5.37e+01,7.30e+01,3.20e+01
-1.55e+02,-4.76e+01,7.40e+01,3.20e+01
-1.51e+02,-5.77e+01,7.50e+01,3.30e+01
-1.50e+02,-5.02e+01,7.10e+01,3.10e+01
-1.50e+02,-4.86e+01,7.50e+01,3.30e+01
-1.53e+02,-4.41e+01,7.10e+01,3.10e+01
-1.57e+02,-5.83e+01,7.50e+01,3.20e+01
-1.56e+02,-5.07e+01,7.00e+01,3.10e+01
-1.52e+02,-5.94e+01,7.20e+01,3.10e+01
-1.69e+02,-6.06e+01,7.50e+01,3.30e+01
-1.52e+02,-5.56e+01,7.20e+01,3.20e+01
-1.52e+02,-4.54e+01,7.20e+01,3.10e+01
-1.52e+02,-5.60e+01,7.20e+01,3.10e+01
-4.87e+02,-4.23e+02,7.20e+01,3.20e+01
-1.52e+02,-5.51e+01,7.90e+01,3.10e+01
-1.63e+02,-5.40e+01,7.90e+01,3.10e+01
-1.77e+02,-6.45e+01,7.00e+01,3.10e+01
-1.56e+02,-5.95e+01,7.40e+01,3.20e+01
-1.48e+02,-5.02e+01,7.40e+01,3.30e+01
-1.53e+02,-5.00e+01,7.50e+01,3.30e+01
-1.55e+02,-5.41e+01,7.20e+01,3.20e+01
-1.52e+02,-5.38e+01,7.30e+01,3.20e+01
-1.60e+02,-5.77e+01,7.20e+01,3.20e+01
-4.83e+02,-4.47e+02,7.20e+01,3.20e+01
-1.52e+02,-5.62e+01,7.40e+01,3.30e+01
-1.52e+02,-5.19e+01,7.90e+01,3.10e+01
-1.62e+02,-4.99e+01,7.20e+01,3.20e+01
-1.49e+02,-5.31e+01,7.20e+01,3.20e+01
-1.71e+02,-6.34e+01,7.10e+01,3.10e+01
-1.49e+02,-5.06e+01,7.40e+01,3.30e+01
-2.12e+02,-5.72e+01,7.40e+01,3.30e+01
-1.45e+02,-4.28e+01,7.30e+01,3.30e+01
-5.00e+02,-5.00e+02,7.00e+01,3.10e+01
-1.51e+02,-4.43e+01,7.30e+01,3.20e+01
-3.60e+02,-1.14e+02,7.40e+01,3.30e+01
-4.82e+02,-3.90e+02,7.00e+01,3.10e+01
-1.60e+02,-4.55e+01,7.10e+01,3.10e+01
-1.55e+02,-5.65e+01,7.50e+01,3.40e+01
-1.50e+02,-5.13e+01,7.10e+01,3.10e+01
-1.54e+02,-4.97e+01,7.50e+01,3.30e+01
-1.56e+02,-6.14e+01,7.10e+01,3.10e+01
-1.57e+02,-6.38e+01,7.10e+01,3.10e+01
-1.57e+02,-5.71e+01,7.80e+01,3.10e+01
