-1.50e+02,-5.33e+01,1.15e+02,4.10e+01
-1.51e+02,-5.59e+01,1.08e+02,3.90e+01
-1.56e+02,-5.21e+01,1.09e+02,3.90e+01
-1.56e+02,-6.56e+01,1.10e+02,4.10e+01
-1.62e+02,-5.15e+01,1.08e+02,3.90e+01
-1.54e+02,-5.69e+01,1.17e+02,4.20e+01
-1.49e+02,-6.12e+01,1.10e+02,4.10e+01
-1.55e+02,-5.66e+01,1.09e+02,4.10e+01
-1.52e+02,-5.22e+01,1.14e+02,4.10e+01
-1.59e+02,-6.00e+01,1.15e+02,4.20e+01
-1.52e+02,-5.29e+01,1.08e+02,3.90e+01
-1.46e+02,-5.58e+01,1.16e+02,4.20e+01
-1.50e+02,-4.62e+01,1.10e+02,4.10e+01
-1.55e+02,-5.09e+01,1.15e+02,4.10e+01
-1.63e+02,-5.79e+01,1.08e+02,3.90e+01
-1.52e+02,-5.13e+01,1.17e+02,4.20e+01
-1.52e+02,-4.98e+01,1.11e+02,4.10e+01
-1.54e+02,-5.08e+01,1.10e+02,4.10e+01
-1.49e+02,-5.28e+01,1.14e+02,4.10e+01
-1.52e+02,-5.30e+01,1.09e+02,4.00e+01
-1.57e+02,-6.18e+01,1.15e+02,4.10e+01
-1.47e+02,-4.96e+01,1.16e+02,4.20e+01
-1.49e+02,-4.63e+01,1.08e+02,3.90e+01
-1.48e+02,-4.84e+01,1.16e+02,4.20e+01
-1.46e+02,-5.00e+01,1.15e+02,4.10e+01
-1.51e+02,-5.74e+01,1.11e+02,4.20e+01
-1.50e+02,-4.86e+01,1.08e+02,3.90e+01
-1.51e+02,-5.74e+01,1.10e+02,4.10e+01
-1.67e+02,-5.35e+01,1.17e+02,4.20e+01
-1.63e+02,-5.55e+01,1.09e+02,4.00e+01
-1.52e+02,-5.89e+01,1.11e+02,4.10e+01
-1.51e+02,-5.01e+01,1.09e+02,4.00e+01
-1.73e+02,-7.41e+01,1.16e+02,4.10e+01
-1.48e+02,-4.98e+01,1.14e+02,4.10e+01
-3.56e+02,-1.20e+02,1.12e+02,4.20e+01
-4.89e+02,-4.37e+02,1.16e+02,4.20e+01
-1.55e+02,-5.30e+01,1.09e+02,3.90e+01
-1.61e+02,-5.45e+01,1.08e+02,3.90e+01
-1.59e+02,-6.04e+01,1.10e+02,4.20e+01
-1.50e+02,-5.21e+01,1.10e+02,4.00e+01
-1.53e+02,-6.58e+01,1.15e+02,4.20e+01
-1.53e+02,-4.32e+01,1.10e+02,4.10e+01
-4.80e+02,-3.84e+02,1.11e+02,4.20e+01
-1.51e+02,-4.68e+01,1.09e+02,3.90e+01
-1.55e+02,-5.13e+01,1.11e+02,4.20e+01
-1.49e+02,-4.54e+01,1.19e+02,4.30e+01
-1.46e+02,-5.45e+01,1.15e+02,4.10e+01
-1.60e+02,-5.59e+01,1.09e+02,3.90e+01
-1.52e+02,-4.53e+01,1.16e+02,4.20e+01
-1.52e+02,-5.93e+01,1.10e+02,4.10e+01
-1.49e+02,-4.70e+01,1.10e+02,4.10e+01
-1.56e+02,-5.81e+01,1.10e+02,4.00e+01
-1.60e+02,-5.80e+01,1.08e+02,3.90e+01
-1.58e+02,-6.26e+01,1.09e+02,3.90e+01
-1.96e+02,-5.83e+01,1.08e+02,3.90e+01
-4.26e+02,-2.96e+02,1.10e+02,3.90e+01
-1.59e+02,-5.96e+01,1.12e+02,4.20e+01
-1.51e+02,-5.09e+01,1.15e+02,4.10e+01
-1.49e+02,-5.51e+01,1.17e+02,4.20e+01
-1.54e+02,-5.33e+01,1.14e+02,4.10e+01
-1.66e+02,-6.43e+01,1.09e+02,3.90e+01
-1.46e+02,-4.68e+01,1.18e+02,4.30e+01
-5.00e+02,-5.00e+02,1.15e+02,4.10e+01
-1.53e+02,-5.42e+01,1.09e+02,3.90e+01
-1.51e+02,-5.11e+01,1.17e+02,4.20e+01
-1.50e+02,-5.26e+01,1.15e+02,4.20e+01
-1.47e+02,-5.42e+01,1.11e+02,4.10e+01
-1.57e+02,-5.41e+01,1.09e+02,3.90e+01
-1.62e+02,-5.12e+01,1.08e+02,3.90e+01
-1.54e+02,-5.03e+01,1.09e+02,4.00e+01
-3.58e+02,-1.26e+02,1.09e+02,4.00e+01
-1.70e+02,-6.67e+01,1.15e+02,4.10e+01
-1.62e+02,-6.08e+01,1.15e+02,4.10e+01
-1.47e+02,-5.13e+01,1.16e+02,4.10e+01
-1.57e+02,-5.97e+01,1.11e+02,4.10e+01
-1.52e+02,-5.51e+01,1.16e+02,4.10e+01
-1.54e+02,-5.67e+01,1.09e+02,3.90e+01
-1.49e+02,-5.84e+01,1.18e+02,4.20e+01
-1.77e+02,-5.68e+01,1.08e+02,3.90e+01
-1.54e+02,-5.96e+01,1.16e+02,4.10e+01
-1.54e+02,-4.94e+01,1.09e+02,3.90e+01
-1.45e+02,-4.37e+01,1.17e+02,4.20e+01
-1.47e+02,-5.18e+01,1.15e+02,4.10e+01
-1.53e+02,-5.30e+01,1.11e+02,4.00e+01
-1.49e+02,-5.35e+01,1.18e+02,4.20e+01
-1.51e+02,-5.11e+01,1.15e+02,4.10e+01
-1.68e+02,-6.66e+01,1.11e+02,4.20e+01
-1.47e+02,-4.90e+01,1.11e+02,4.10e+01
-1.49e+02,-5.34e+01,1.16e+02,4.10e+01
-1.57e+02,-6.16e+01,1.08e+02,3.90e+01
-1.55e+02,-5.61e+01,1.10e+02,4.10e+01
-1.67e+02,-6.35e+01,1.15e+02,4.10e+01
-3.93e+02,-1.51e+02,1.09e+02,4.00e+01
-1.69e+02,-6.04e+01,1.15e+02,4.10e+01
-1.48e+02,-4.91e+01,1.14e+02,4.10e+01
-1.47e+02,-5.60e+01,1.17e+02,4.20e+01
-1.52e+02,-4.92e+01,1.17e+02,4.20e+01
-1.57e+02,-5.56e+01,1.09e+02,3.90e+01
-1.56e+02,-6.77e+01,1.10e+02,4.10e+01
-1.55e+02,-6.42e+01,1.12e+02,4.20e+01
-1.52e+02,-4.87e+01,1.10e+02,3.90e+01
-1.47e+02,-5.09e+01,1.16e+02,4.20e+01
-1.49e+02,-5.53e+01,1.17e+02,4.20e+01
-1.66e+02,-5.20e+01,1.09e+02,3.90e+01
-1.51e+02,-5.06e+01,1.11e+02,4.00e+01
-1.61e+02,-4.96e+01,1.16e+02,4.20e+01
-1.64e+02,-5.48e+01,1.10e+02,4.20e+01
-1.46e+02,-5.24e+01,1.11e+02,4.20e+01
-1.64e+02,-5.60e+01,1.09e+02,3.90e+01
-1.49e+02,-5.45e+01,1.16e+02,4.10e+01
-1.46e+02,-4.87e+01,1.10e+02,4.10e+01
-1.51e+02,-6.28e+01,1.10e+02,4.10e+01
-3.75e+02,-9.74e+01,1.10e+02,3.90e+01
-1.61e+02,-6.52e+01,1.10e+02,4.10e+01
-1.46e+02,-4.71e+01,1.18e+02,4.30e+01
-1.56e+02,-4.30e+01,1.08e+02,3.90e+01
-1.53e+02,-4.66e+01,1.15e+02,4.10e+01
-1.47e+02,-4.95e+01,1.09e+02,4.00e+01
-1.51e+02,-4.95e+01,1.17e+02,4.30e+01
-1.48e+02,-5.60e+01,1.18e+02,4.30e+01
-1.59e+02,-4.89e+01,1.08e+02,3.90e+01
-1.55e+02,-5.16e+01,1.10e+02,3.90e+01
-5.00e+02,-5.00e+02,1.17e+02,4.20e+01
-1.52e+02,-5.13e+01,1.10e+02,3.90e+01
-1.52e+02,-5.57e+01,1.09e+02,3.90e+01
-1.51e+02,-5.09e+01,1.17e+02,4.20e+01
-4.05e+02,-2.55e+02,1.10e+02,3.90e+01
-2.73e+02,-9.50e+01,1.15e+02,4.20e+01
-1.50e+02,-4.53e+01,1.10e+02,3.90e+01
-1.50e+02,-4.13e+01,1.09e+02,3.90e+01
-5.00e+02,-5.00e+02,1.16e+02,4.20e+01
-1.64e+02,-6.41e+01,1.17e+02,4.20e+01
-1.55e+02,-5.54e+01,1.15e+02,4.20e+01
-1.77e+02,-7.51e+01,1.17e+02,4.20e+01
-1.48e+02,-5.08e+01,1.09e+02,3.90e+01
-1.47e+02,-5.13e+01,1.16e+02,4.10e+01
-1.53e+02,-4.60e+01,1.09e+02,4.00e+01
-1.51e+02,-5.45e+01,1.15e+02,4.10e+01
-4.06e+02,-2.29e+02,1.18e+02,4.20e+01
-1.49e+02,-5.26e+01,1.11e+02,4.20e+01
-1.47e+02,-4.95e+01,1.10e+02,4.10e+01
-1.61e+02,-5.24e+01,1.16e+02,4.10e+01
-1.48e+02,-5.44e+01,1.16e+02,4.20e+01
-3.40e+02,-1.04e+02,1.11e+02,4.10e+01
-1.49e+02,-5.83e+01,1.15e+02,4.10e+01
-1.50e+02,-5.33e+01,1.16e+02,4.20e+01
-4.15e+02,-2.40e+02,1.18e+02,4.20e+01
-1.58e+02,-5.39e+01,1.10e+02,4.10e+01
-4.79e+02,-4.20e+02,1.16e+02,4.20e+01
-1.53e+02,-4.68e+01,1.16e+02,4.10e+01
-1.52e+02,-5.67e+01,1.09e+02,4.00e+01
-1.48e+02,-4.93e+01,1.18e+02,4.30e+01
-1.59e+02,-6.20e+01,1.08e+02,3.90e+01
-1.66e+02,-6.23e+01,1.09e+02,3.90e+01
-1.59e+02,-5.41e+01,1.10e+02,4.00e+01
-1.52e+02,-4.75e+01,1.10e+02,3.90e+01
-4.88e+02,-4.28e+02,1.09e+02,3.90e+01
-3.47e+02,-1.03e+02,1.11e+02,4.10e+01
-1.51e+02,-5.84e+01,1.11e+02,4.00e+01
-1.60e+02,-5.23e+01,1.09e+02,3.90e+01
-2.72e+02,-8.77e+01,1.11e+02,4.10e+01
-1.47e+02,-5.41e+01,1.09e+02,3.90e+01
-2.40e+02,-8.49e+01,1.10e+02,4.20e+01
-1.53e+02,-5.60e+01,1.16e+02,4.10e+01
-1.49e+02,-5.10e+01,1.09e+02,3.90e+01
-1.57e+02,-4.98e+01,1.17e+02,4.20e+01
-1.52e+02,-4.35e+01,1.10e+02,4.10e+01
-3.89e+02,-2.39e+02,1.17e+02,4.20e+01
-1.55e+02,-5.66e+01,1.16e+02,4.30e+01
-1.60e+02,-5.54e+01,1.10e+02,4.10e+01
-1.46e+02,-5.12e+01,1.16e+02,4.20e+01
-1.48e+02,-5.41e+01,1.18e+02,4.20e+01
-1.55e+02,-5.09e+01,1.16e+02,4.20e+01
-1.53e+02,-4.77e+01,1.08e+02,3.90e+01
-2.42e+02,-6.06e+01,1.15e+02,4.10e+01
-1.55e+02,-5.51e+01,1.10e+02,3.90e+01
-1.82e+02,-7.77e+01,1.11e+02,4.20e+01
-1.44e+02,-4.74e+01,1.19e+02,4.30e+01
-1.52e+02,-4.52e+01,1.11e+02,4.10e+01
-1.55e+02,-6.07e+01,1.17e+02,4.20e+01
-1.55e+02,-5.81e+01,1.11e+02,4.10e+01
-1.85e+02,-5.57e+01,1.10e+02,3.90e+01
-1.54e+02,-5.59e+01,1.17e+02,4.20e+01
-1.51e+02,-5.20e+01,1.16e+02,4.10e+01
-1.50e+02,-4.71e+01,1.15e+02,4.10e+01
-1.57e+02,-6.42e+01,1.15e+02,4.10e+01
-1.52e+02,-5.52e+01,1.08e+02,3.90e+01
-1.49e+02,-5.48e+01,1.11e+02,4.10e+01
-1.57e+02,-6.16e+01,1.08e+02,3.90e+01
-2.81e+02,-8.75e+01,1.16e+02,4.10e+01
-1.49e+02,-5.12e+01,1.09e+02,4.00e+01
-1.52e+02,-4.52e+01,1.08e+02,3.90e+01
