-1.41e+02,-5.32e+01,1.27e+02,4.50e+01
-1.45e+02,-4.73e+01,1.28e+02,4.40e+01
-1.47e+02,-4.84e+01,1.27e+02,4.40e+01
-1.43e+02,-5.27e+01,1.31e+02,4.60e+01
-1.48e+02,-4.43e+01,1.28e+02,4.50e+01
-1.43e+02,-5.42e+01,1.27e+02,4.40e+01
-1.41e+02,-4.70e+01,1.33e+02,4.70e+01
-1.48e+02,-5.39e+01,1.28e+02,4.40e+01
-1.45e+02,-5.53e+01,1.31e+02,4.60e+01
-1.44e+02,-5.83e+01,1.30e+02,4.40e+01
-1.53e+02,-4.93e+01,1.29e+02,4.60e+01
-1.48e+02,-5.79e+01,1.27e+02,4.40e+01
-1.46e+02,-4.76e+01,1.32e+02,4.60e+01
-1.45e+02,-5.50e+01,1.28e+02,4.40e+01
-1.46e+02,-4.34e+01,1.30e+02,4.60e+01
-1.49e+02,-5.23e+01,1.31e+02,4.60e+01
-1.50e+02,-6.04e+01,1.27e+02,4.40e+01
-1.45e+02,-4.72e+01,1.34e+02,4.70e+01
-1.46e+02,-6.11e+01,1.28e+02,4.40e+01
-1.54e+02,-5.56e+01,1.33e+02,4.60e+01
-1.43e+02,-4.85e+01,1.30e+02,4.70e+01
-1.44e+02,-5.28e+01,1.27e+02,4.40e+01
-1.47e+02,-5.42e+01,1.31e+02,4.50e+01
-1.53e+02,-5.55e+01,1.28e+02,4.40e+01
-1.47e+02,-5.93e+01,1.27e+02,4.40e+01
-1.51e+02,-5.35e+01,1.32e+02,4.60e+01
-1.45e+02,-5.44e+01,1.29e+02,4.50e+01
-1.72e+02,-7.12e+01,1.27e+02,4.40e+01
-1.39e+02,-5.23e+01,1.29e+02,4.50e+01
-1.48e+02,-5.13e+01,1.29e+02,4.50e+01
-1.47e+02,-5.38e+01,1.34e+02,4.80e+01
-1.78e+02,-5.71e+01,1.27e+02,4.40e+01
-1.49e+02,-5.20e+01,1.33e+02,4.70e+01
-1.63e+02,-6.91e+01,1.28e+02,4.40e+01
-1.48e+02,-5.35e+01,1.29e+02,4.40e+01
-1.43e+02,-4.96e+01,1.27e+02,4.50e+01
-1.48e+02,-5.07e+01,1.28e+02,4.50e+01
-5.00e+02,-5.00e+02,1.28e+02,4.50e+01
-1.41e+02,-5.27e+01,1.28e+02,4.50e+01
-2.90e+02,-5.88e+01,1.29e+02,4.40e+01
-1.48e+02,-4.53e+01,1.32e+02,4.60e+01
-1.87e+02,-6.55e+01,1.31e+02,4.60e+01
-1.54e+02,-7.26e+01,1.30e+02,4.40e+01
-1.54e+02,-6.61e+01,1.28e+02,4.60e+01
-1.39e+02,-4.72e+01,1.30e+02,4.60e+01
-1.48e+02,-5.80e+01,1.29e+02,4.40e+01
-1.53e+02,-6.60e+01,1.27e+02,4.40e+01
-1.45e+02,-4.87e+01,1.28e+02,4.50e+01
-1.48e+02,-5.24e+01,1.28e+02,4.40e+01
-1.54e+02,-5.60e+01,1.29e+02,4.60e+01
-1.51e+02,-4.58e+01,1.27e+02,4.50e+01
-1.45e+02,-4.57e+01,1.27e+02,4.40e+01
-1.44e+02,-4.44e+01,1.31e+02,4.60e+01
-1.49e+02,-6.33e+01,1.28e+02,4.50e+01
-1.43e+02,-5.69e+01,1.29e+02,4.40e+01
-1.46e+02,-4.81e+01,1.27e+02,4.40e+01
-1.60e+02,-7.17e+01,1.27e+02,4.40e+01
-1.48e+02,-6.18e+01,1.29e+02,4.50e+01
-1.41e+02,-5.27e+01,1.28e+02,4.40e+01
-1.44e+02,-5.02e+01,1.28e+02,4.50e+01
-1.54e+02,-4.54e+01,1.28e+02,4.50e+01
-1.47e+02,-4.91e+01,1.32e+02,4.60e+01
-1.51e+02,-5.92e+01,1.29e+02,4.40e+01
-1.46e+02,-4.38e+01,1.31e+02,4.60e+01
-1.46e+02,-5.44e+01,1.29e+02,4.50e+01
-3.87e+02,-1.45e+02,1.28e+02,4.60e+01
-1.40e+02,-4.85e+01,1.29e+02,4.40e+01
-1.45e+02,-5.78e+01,1.31e+02,4.70e+01
-5.00e+02,-5.00e+02,1.28e+02,4.40e+01
-1.51e+02,-4.64e+01,1.28e+02,4.50e+01
-3.52e+02,-8.84e+01,1.32e+02,4.60e+01
-1.43e+02,-5.58e+01,1.30e+02,4.40e+01
-1.53e+02,-5.46e+01,1.28e+02,4.40e+01
-1.50e+02,-5.93e+01,1.28e+02,4.40e+01
-1.75e+02,-5.58e+01,1.35e+02,4.70e+01
-1.52e+02,-5.87e+01,1.28e+02,4.40e+01
-1.41e+02,-5.15e+01,1.32e+02,4.60e+01
-2.49e+02,-1.01e+02,1.29e+02,4.60e+01
-1.55e+02,-5.82e+01,1.29e+02,4.50e+01
-1.56e+02,-4.61e+01,1.27e+02,4.40e+01
-1.43e+02,-4.96e+01,1.28e+02,4.50e+01
-1.46e+02,-4.88e+01,1.28e+02,4.40e+01
-1.46e+02,-4.82e+01,1.28e+02,4.40e+01
-1.46e+02,-4.88e+01,1.29e+02,4.40e+01
-1.53e+02,-5.51e+01,1.31e+02,4.70e+01
-1.44e+02,-5.13e+01,1.32e+02,4.60e+01
-1.43e+02,-4.65e+01,1.29e+02,4.40e+01
-1.49e+02,-5.53e+01,1.29e+02,4.40e+01
-1.58e+02,-5.89e+01,1.28e+02,4.40e+01
-1.54e+02,-5.63e+01,1.29e+02,4.50e+01
-1.45e+02,-5.78e+01,1.28e+02,4.50e+01
-1.53e+02,-4.78e+01,1.29e+02,4.50e+01
-1.48e+02,-4.85e+01,1.27e+02,4.50e+01
-1.47e+02,-5.88e+01,1.27e+02,4.50e+01
-1.51e+02,-5.71e+01,1.29e+02,4.60e+01
-5.00e+02,-5.00e+02,1.28e+02,4.50e+01
-1.44e+02,-4.75e+01,1.35e+02,4.80e+01
-3.66e+02,-6.70e+01,1.28e+02,4.50e+01
-1.42e+02,-5.35e+01,1.31e+02,4.60e+01
-1.45e+02,-5.00e+01,1.27e+02,4.50e+01
-4.31e+02,-2.11e+02,1.28e+02,4.50e+01
-1.72e+02,-6.91e+01,1.29e+02,4.60e+01
-1.49e+02,-5.83e+01,1.31e+02,4.70e+01
-1.44e+02,-5.90e+01,1.30e+02,4.50e+01
-1.50e+02,-5.87e+01,1.29e+02,4.50e+01
-1.49e+02,-5.62e+01,1.29e+02,4.40e+01
-1.44e+02,-6.04e+01,1.34e+02,4.70e+01
-3.49e+02,-1.05e+02,1.33e+02,4.60e+01
-2.72e+02,-8.93e+01,1.29e+02,4.50e+01
-3.75e+02,-8.06e+01,1.28e+02,4.40e+01
-1.61e+02,-4.73e+01,1.28e+02,4.50e+01
-1.41e+02,-5.63e+01,1.29e+02,4.50e+01
-1.44e+02,-5.16e+01,1.28e+02,4.40e+01
-1.49e+02,-4.73e+01,1.34e+02,4.60e+01
-4.10e+02,-2.08e+02,1.34e+02,4.70e+01
-1.51e+02,-5.50e+01,1.32e+02,4.60e+01
-1.52e+02,-6.91e+01,1.28e+02,4.40e+01
-1.51e+02,-5.80e+01,1.28e+02,4.40e+01
-1.45e+02,-4.94e+01,1.28e+02,4.50e+01
-1.47e+02,-4.93e+01,1.28e+02,4.40e+01
-1.57e+02,-6.63e+01,1.31e+02,4.40e+01
-1.49e+02,-5.83e+01,1.34e+02,4.70e+01
-1.48e+02,-5.60e+01,1.34e+02,4.70e+01
-1.43e+02,-4.25e+01,1.28e+02,4.50e+01
-1.46e+02,-5.02e+01,1.29e+02,4.50e+01
-1.55e+02,-4.47e+01,1.28e+02,4.50e+01
-1.49e+02,-5.14e+01,1.29e+02,4.50e+01
-1.44e+02,-3.91e+01,1.27e+02,4.50e+01
-1.46e+02,-5.51e+01,1.27e+02,4.40e+01
-1.50e+02,-6.04e+01,1.29e+02,4.40e+01
-3.68e+02,-9.27e+01,1.28e+02,4.50e+01
-1.48e+02,-4.73e+01,1.29e+02,4.60e+01
-1.52e+02,-5.97e+01,1.28e+02,4.40e+01
-1.44e+02,-5.27e+01,1.28e+02,4.50e+01
-1.40e+02,-5.38e+01,1.29e+02,4.60e+01
-1.47e+02,-5.03e+01,1.28e+02,4.50e+01
-1.46e+02,-5.02e+01,1.31e+02,4.40e+01
-1.48e+02,-5.72e+01,1.30e+02,4.60e+01
-1.38e+02,-4.84e+01,1.34e+02,4.70e+01
-1.42e+02,-5.14e+01,1.30e+02,4.50e+01
-1.49e+02,-5.67e+01,1.31e+02,4.40e+01
-1.40e+02,-4.78e+01,1.28e+02,4.40e+01
-5.00e+02,-5.00e+02,1.31e+02,4.60e+01
-1.55e+02,-6.11e+01,1.33e+02,4.70e+01
-1.51e+02,-5.74e+01,1.28e+02,4.40e+01
-1.42e+02,-5.38e+01,1.28e+02,4.50e+01
-1.45e+02,-5.76e+01,1.29e+02,4.60e+01
-1.46e+02,-5.46e+01,1.29e+02,4.50e+01
-1.54e+02,-5.65e+01,1.28e+02,4.50e+01
-1.49e+02,-4.73e+01,1.27e+02,4.40e+01
-1.57e+02,-5.26e+01,1.32e+02,4.60e+01
-1.54e+02,-5.07e+01,1.28e+02,4.40e+01
-1.60e+02,-5.93e+01,1.27e+02,4.40e+01
-1.55e+02,-6.64e+01,1.28e+02,4.50e+01
-2.67e+02,-8.36e+01,1.29e+02,4.60e+01
-1.41e+02,-4.72e+01,1.29e+02,4.60e+01
-1.46e+02,-5.81e+01,1.30e+02,4.60e+01
-1.44e+02,-4.67e+01,1.29e+02,4.40e+01
-2.98e+02,-9.20e+01,1.34e+02,4.70e+01
-1.46e+02,-6.07e+01,1.27e+02,4.40e+01
-4.01e+02,-2.24e+02,1.34e+02,4.70e+01
-1.47e+02,-4.92e+01,1.32e+02,4.70e+01
-1.44e+02,-5.50e+01,1.32e+02,4.70e+01
-1.54e+02,-5.76e+01,1.27e+02,4.50e+01
-1.42e+02,-4.46e+01,1.28e+02,4.40e+01
-1.64e+02,-5.90e+01,1.29e+02,4.60e+01
-1.45e+02,-4.97e+01,1.32e+02,4.70e+01
-1.50e+02,-6.07e+01,1.27e+02,4.40e+01
-1.46e+02,-5.17e+01,1.30e+02,4.60e+01
-1.54e+02,-5.38e+01,1.28e+02,4.40e+01
-3.54e+02,-1.33e+02,1.28e+02,4.40e+01
-1.44e+02,-5.76e+01,1.28e+02,4.60e+01
-1.50e+02,-5.00e+01,1.29e+02,4.50e+01
-1.53e+02,-5.18e+01,1.28e+02,4.40e+01
-1.55e+02,-6.10e+01,1.28e+02,4.50e+01
-3.74e+02,-1.27e+02,1.29e+02,4.50e+01
-1.48e+02,-5.52e+01,1.31e+02,4.60e+01
-3.67e+02,-1.05e+02,1.28e+02,4.40e+01
-1.53e+02,-5.51e+01,1.28e+02,4.40e+01
-1.59e+02,-4.99e+01,1.27e+02,4.50e+01
-1.45e+02,-4.66e+01,1.28e+02,4.50e+01
-1.40e+02,-4.75e+01,1.32e+02,4.60e+01
-1.53e+02,-5.01e+01,1.27e+02,4.50e+01
-1.47e+02,-4.70e+01,1.28e+02,4.40e+01
-1.48e+02,-6.21e+01,1.32e+02,4.60e+01
-1.47e+02,-4.78e+01,1.32e+02,4.60e+01
-1.41e+02,-4.89e+01,1.28e+02,4.40e+01
-1.47e+02,-5.37e+01,1.29e+02,4.60e+01
-1.47e+02,-5.72e+01,1.33e+02,4.70e+01
-1.49e+02,-6.12e+01,1.28e+02,4.40e+01
-1.41e+02,-4.41e+01,1.35e+02,4.80e+01
-3.67e+02,-1.13e+02,1.30e+02,4.60e+01
