2.05e+02,7.99e+02,4.20e+01,2.10e+01
2.04e+02,7.99e+02,4.10e+01,2.10e+01
2.05e+02,7.99e+02,4.20e+01,2.10e+01
2.05e+02,7.99e+02,4.20e+01,2.10e+01
2.05e+02,7.99e+02,4.20e+01,2.10e+01
1.79e+02,6.61e+02,4.10e+01,2.10e+01
2.05e+02,7.99e+02,4.30e+01,2.10e+01
2.05e+02,7.99e+02,4.30e+01,2.10e+01
2.05e+02,7.99e+02,4.20e+01,2.10e+01
2.05e+02,7.99e+02,4.30e+01,2.10e+01
2.04e+02,7.99e+02,4.20e+01,2.10e+01
2.04e+02,7.99e+02,4.20e+01,2.10e+01
2.05e+02,7.99e+02,4.40e+01,2.20e+01
2.05e+02,7.99e+02,4.40e+01,2.20e+01
3.61e+00,7.86e+01,4.30e+01,2.10e+01
2.05e+02,7.99e+02,4.20e+01,2.10e+01
1.96e+02,7.99e+02,4.20e+01,2.10e+01
1.38e+02,4.09e+02,4.20e+01,2.10e+01
1.79e+02,6.61e+02,4.20e+01,2.20e+01
2.04e+02,7.99e+02,4.30e+01,2.20e+01
2.04e+02,7.99e+02,4.20e+01,2.10e+01
2.05e+02,7.99e+02,4.30e+01,2.10e+01
1.42e+02,5.32e+02,4.20e+01,2.20e+01
2.00e+02,7.79e+02,4.40e+01,2.20e+01
2.05e+02,7.99e+02,4.40e+01,2.20e+01
2.05e+02,7.99e+02,4.30e+01,2.10e+01
1.34e+02,5.17e+02,4.30e+01,2.10e+01
1.99e+02,7.99e+02,4.30e+01,2.10e+01
2.05e+02,7.99e+02,4.40e+01,2.10e+01
1.98e+02,7.88e+02,4.30e+01,2.10e+01
1.88e+02,7.06e+02,4.30e+01,2.20e+01
-3.79e+01,5.05e+01,4.20e+01,2.10e+01
1.92e+02,7.46e+02,4.20e+01,2.10e+01
7.85e+01,3.12e+02,4.30e+01,2.10e+01
1.92e+01,1.45e+02,4.30e+01,2.10e+01
1.20e+02,4.30e+02,4.20e+01,2.10e+01
2.04e+02,7.99e+02,4.30e+01,2.10e+01
2.02e+02,7.99e+02,4.20e+01,2.10e+01
8.57e+01,4.61e+02,4.20e+01,2.10e+01
1.77e+02,7.99e+02,4.20e+01,2.10e+01
3.19e+01,1.45e+02,4.30e+01,2.10e+01
1.74e+02,6.65e+02,4.30e+01,2.10e+01
2.04e+02,7.99e+02,4.40e+01,2.10e+01
4.74e+00,3.96e+01,4.20e+01,2.20e+01
1.97e+02,7.62e+02,4.20e+01,2.10e+01
1.61e+02,7.80e+02,4.30e+01,2.20e+01
1.38e+02,4.09e+02,4.10e+01,2.10e+01
-6.69e+01,-1.62e+01,4.20e+01,2.10e+01
1.12e-01,7.36e+01,4.20e+01,2.10e+01
8.04e+01,4.18e+02,4.30e+01,2.10e+01
2.04e+02,7.99e+02,4.20e+01,2.10e+01
5.17e+01,2.35e+02,4.30e+01,2.10e+01
2.05e+02,7.99e+02,4.30e+01,2.10e+01
2.04e+02,7.99e+02,4.30e+01,2.10e+01
2.04e+02,7.99e+02,4.20e+01,2.10e+01
2.87e+01,1.64e+02,4.20e+01,2.10e+01
1.50e+02,6.68e+02,4.40e+01,2.10e+01
2.00e+02,7.79e+02,4.30e+01,2.20e+01
2.05e+02,7.99e+02,4.30e+01,2.10e+01
2.04e+02,7.99e+02,4.20e+01,2.20e+01
1.42e+02,5.32e+02,4.10e+01,2.10e+01
2.05e+02,7.99e+02,4.20e+01,2.10e+01
2.04e+02,7.99e+02,4.20e+01,2.10e+01
1.78e+02,7.99e+02,4.20e+01,2.10e+01
2.05e+02,7.99e+02,4.20e+01,2.10e+01
2.05e+02,7.99e+02,4.40e+01,2.10e+01
1.61e+02,7.80e+02,4.40e+01,2.20e+01
1.97e+02,7.99e+02,4.30e+01,2.10e+01
1.92e+02,7.99e+02,4.10e+01,2.10e+01
2.00e+02,7.99e+02,4.20e+01,2.10e+01
2.05e+02,7.99e+02,4.40e+01,2.20e+01
2.05e+02,7.99e+02,4.30e+01,2.10e+01
2.05e+02,7.99e+02,4.30e+01,2.20e+01
-4.41e+01,4.72e+01,4.10e+01,2.10e+01
1.24e+02,7.41e+02,4.30e+01,2.10e+01
2.05e+02,7.99e+02,4.30e+01,2.10e+01
1.69e+02,6.64e+02,4.20e+01,2.10e+01
1.26e+02,5.77e+02,4.30e+01,2.10e+01
1.61e+02,7.80e+02,4.20e+01,2.10e+01
2.04e+02,7.99e+02,4.20e+01,2.20e+01
1.69e+02,6.64e+02,4.10e+01,2.10e+01
1.96e+02,7.53e+02,4.20e+01,2.10e+01
2.05e+02,7.99e+02,4.30e+01,2.10e+01
1.92e+02,7.70e+02,4.20e+01,2.10e+01
1.79e+02,7.99e+02,4.50e+01,2.20e+01
2.05e+02,7.99e+02,4.30e+01,2.10e+01
1.16e+02,6.47e+02,4.10e+01,2.10e+01
2.97e+01,1.21e+02,4.40e+01,2.20e+01
1.61e+02,7.80e+02,4.20e+01,2.10e+01
2.04e+02,7.99e+02,4.30e+01,2.20e+01
1.37e+02,5.59e+02,4.20e+01,2.10e+01
1.53e+02,7.77e+02,4.10e+01,2.10e+01
4.57e+01,1.46e+02,4.10e+01,2.10e+01
1.61e+02,7.81e+02,4.20e+01,2.10e+01
2.05e+02,7.99e+02,4.20e+01,2.10e+01
1.44e+02,7.41e+02,4.20e+01,2.10e+01
2.04e+02,7.99e+02,4.10e+01,2.10e+01
7.55e+01,2.43e+02,4.30e+01,2.10e+01
2.05e+02,7.99e+02,4.30e+01,2.10e+01
2.05e+02,7.99e+02,4.20e+01,2.10e+01
2.02e+02,7.92e+02,4.20e+01,2.10e+01
2.04e+02,7.99e+02,4.30e+01,2.20e+01
1.75e+02,6.20e+02,4.30e+01,2.10e+01
7.06e+01,2.22e+02,4.10e+01,2.10e+01
1.80e+02,6.54e+02,4.30e+01,2.10e+01
1.77e+02,7.99e+02,4.30e+01,2.10e+01
1.26e+02,5.77e+02,4.30e+01,2.10e+01
1.37e+02,7.15e+02,4.20e+01,2.10e+01
2.04e+02,7.99e+02,4.20e+01,2.10e+01
4.30e+01,1.59e+02,4.20e+01,2.10e+01
1.79e+02,6.61e+02,4.10e+01,2.10e+01
3.49e+01,1.60e+02,4.20e+01,2.10e+01
1.92e+02,7.70e+02,4.20e+01,2.10e+01
1.79e+02,6.61e+02,4.10e+01,2.10e+01
1.79e+02,6.61e+02,4.10e+01,2.10e+01
2.05e+02,7.99e+02,4.20e+01,2.10e+01
1.79e+02,7.99e+02,4.30e+01,2.10e+01
2.04e+02,7.99e+02,4.10e+01,2.10e+01
2.05e+02,7.99e+02,4.20e+01,2.10e+01
2.05e+02,7.99e+02,4.30e+01,2.10e+01
1.92e+01,1.45e+02,4.30e+01,2.10e+01
1.34e+02,5.17e+02,4.30e+01,2.10e+01
2.05e+02,7.99e+02,4.30e+01,2.10e+01
1.79e+02,6.61e+02,4.20e+01,2.20e+01
1.74e+02,6.45e+02,4.20e+01,2.10e+01
2.05e+02,7.99e+02,4.30e+01,2.10e+01
2.04e+02,7.99e+02,4.20e+01,2.10e+01
1.16e+02,5.12e+02,4.20e+01,2.10e+01
