2.15e+02,6.91e+02,1.35e+02,4.70e+01
3.23e+02,6.26e+02,1.34e+02,4.70e+01
3.49e+02,8.98e+02,1.34e+02,4.70e+01
3.23e+02,5.67e+02,1.46e+02,5.10e+01
2.08e+02,3.22e+02,1.35e+02,4.80e+01
2.32e+02,6.90e+02,1.35e+02,4.80e+01
2.83e+02,4.39e+02,1.34e+02,4.70e+01
2.44e+02,4.76e+02,1.34e+02,4.70e+01
1.96e+02,3.67e+02,1.38e+02,4.80e+01
2.47e+02,3.54e+02,1.36e+02,4.80e+01
1.95e+02,6.40e+02,1.35e+02,4.70e+01
3.75e+02,7.78e+02,1.34e+02,4.70e+01
1.43e+02,3.16e+02,1.35e+02,4.80e+01
1.91e+02,3.80e+02,1.34e+02,4.70e+01
2.42e+02,6.20e+02,1.37e+02,4.90e+01
1.70e+02,3.39e+02,1.35e+02,4.70e+01
1.62e+02,4.57e+02,1.35e+02,4.70e+01
3.36e+02,5.78e+02,1.35e+02,4.80e+01
3.35e+02,7.73e+02,1.35e+02,4.80e+01
2.30e+02,5.48e+02,1.36e+02,4.70e+01
3.07e+02,5.71e+02,1.47e+02,5.10e+01
2.06e+02,6.29e+02,1.39e+02,4.80e+01
1.45e+02,3.98e+02,1.46e+02,5.10e+01
3.19e+02,6.94e+02,1.35e+02,4.70e+01
3.37e+02,8.68e+02,1.35e+02,4.70e+01
3.17e+02,4.53e+02,1.35e+02,4.80e+01
3.32e+02,6.14e+02,1.46e+02,5.10e+01
2.35e+02,6.03e+02,1.34e+02,4.70e+01
3.40e+02,5.67e+02,1.36e+02,4.90e+01
1.83e+02,6.20e+02,1.38e+02,4.80e+01
2.97e+02,7.76e+02,1.35e+02,4.70e+01
3.18e+02,7.03e+02,1.37e+02,4.80e+01
3.07e+02,7.45e+02,1.46e+02,5.10e+01
2.98e+02,8.92e+02,1.36e+02,4.70e+01
2.60e+02,5.10e+02,1.36e+02,4.80e+01
9.20e+01,2.74e+02,1.35e+02,4.80e+01
3.00e+02,6.59e+02,1.38e+02,4.80e+01
2.42e+02,3.90e+02,1.36e+02,4.70e+01
2.38e+02,5.30e+02,1.36e+02,4.70e+01
3.12e+02,9.29e+02,1.37e+02,4.80e+01
4.68e+02,8.04e+02,1.34e+02,4.70e+01
2.40e+02,5.92e+02,1.35e+02,4.70e+01
2.65e+02,5.37e+02,1.34e+02,4.70e+01
1.58e+02,5.23e+02,1.35e+02,4.80e+01
1.22e+02,2.65e+02,1.34e+02,4.70e+01
2.50e+02,6.76e+02,1.34e+02,4.70e+01
2.78e+02,4.31e+02,1.38e+02,4.90e+01
2.38e+02,4.28e+02,1.35e+02,4.70e+01
1.97e+02,4.43e+02,1.35e+02,4.70e+01
3.14e+02,7.01e+02,1.36e+02,4.70e+01
1.95e+02,6.40e+02,1.35e+02,4.70e+01
1.28e+02,3.30e+02,1.35e+02,4.70e+01
2.34e+02,6.38e+02,1.46e+02,5.10e+01
3.39e+02,5.50e+02,1.36e+02,4.80e+01
2.29e+02,5.87e+02,1.35e+02,4.70e+01
1.85e+02,4.25e+02,1.36e+02,4.90e+01
1.97e+02,7.74e+02,1.46e+02,5.10e+01
2.68e+02,6.96e+02,1.36e+02,4.70e+01
2.72e+02,8.23e+02,1.35e+02,4.70e+01
2.02e+02,5.07e+02,1.34e+02,4.70e+01
3.12e+02,8.76e+02,1.35e+02,4.80e+01
3.01e+02,6.26e+02,1.35e+02,4.70e+01
2.61e+02,5.71e+02,1.36e+02,4.70e+01
2.82e+02,5.40e+02,1.35e+02,4.80e+01
2.83e+02,5.73e+02,1.34e+02,4.70e+01
3.11e+02,5.21e+02,1.36e+02,4.80e+01
2.59e+02,6.02e+02,1.35e+02,4.80e+01
1.91e+02,3.33e+02,1.34e+02,4.70e+01
3.23e+02,7.83e+02,1.35e+02,4.80e+01
1.36e+02,3.03e+02,1.35e+02,4.70e+01
2.46e+02,8.42e+02,1.36e+02,4.70e+01
2.37e+02,5.31e+02,1.35e+02,4.80e+01
3.03e+02,6.69e+02,1.36e+02,4.70e+01
2.98e+02,5.53e+02,1.36e+02,4.90e+01
2.67e+02,7.11e+02,1.35e+02,4.70e+01
3.36e+02,7.92e+02,1.35e+02,4.70e+01
2.34e+02,6.32e+02,1.34e+02,4.70e+01
3.45e+02,8.05e+02,1.35e+02,4.80e+01
2.22e+02,5.68e+02,1.36e+02,4.70e+01
2.76e+02,7.24e+02,1.36e+02,4.80e+01
2.79e+02,6.12e+02,1.35e+02,4.80e+01
1.09e+02,1.69e+02,1.34e+02,4.70e+01
4.10e+02,9.72e+02,1.39e+02,4.80e+01
3.52e+02,5.99e+02,1.34e+02,4.70e+01
2.11e+02,5.44e+02,1.35e+02,4.80e+01
3.86e+02,6.71e+02,1.39e+02,4.90e+01
2.52e+02,3.46e+02,1.35e+02,4.80e+01
2.93e+02,6.40e+02,1.36e+02,4.80e+01
3.53e+02,7.27e+02,1.35e+02,4.80e+01
4.13e+02,7.01e+02,1.34e+02,4.70e+01
2.30e+02,5.70e+02,1.34e+02,4.70e+01
1.85e+02,4.14e+02,1.34e+02,4.70e+01
1.87e+02,5.84e+02,1.35e+02,4.80e+01
1.82e+02,6.26e+02,1.36e+02,4.70e+01
1.81e+02,4.84e+02,1.37e+02,4.80e+01
2.96e+02,6.23e+02,1.38e+02,4.90e+01
2.32e+02,5.75e+02,1.34e+02,4.70e+01
2.26e+02,5.43e+02,1.35e+02,4.80e+01
3.58e+02,8.70e+02,1.36e+02,4.80e+01
2.27e+02,6.69e+02,1.35e+02,4.70e+01
1.92e+02,4.81e+02,1.36e+02,4.80e+01
2.47e+02,5.86e+02,1.36e+02,4.70e+01
3.05e+02,9.22e+02,1.36e+02,4.80e+01
2.29e+02,5.66e+02,1.36e+02,4.90e+01
2.32e+02,5.39e+02,1.35e+02,4.80e+01
2.43e+02,3.89e+02,1.35e+02,4.70e+01
1.78e+02,6.21e+02,1.35e+02,4.70e+01
2.73e+02,8.03e+02,1.36e+02,4.80e+01
2.20e+01,1.13e+02,1.34e+02,4.70e+01
2.20e+02,6.11e+02,1.35e+02,4.70e+01
1.82e+02,4.86e+02,1.38e+02,4.80e+01
3.22e+02,6.06e+02,1.35e+02,4.80e+01
2.74e+02,7.34e+02,1.35e+02,4.70e+01
2.38e+02,5.61e+02,1.35e+02,4.70e+01
2.97e+02,6.81e+02,1.35e+02,4.70e+01
1.76e+02,2.87e+02,1.46e+02,5.10e+01
2.32e+02,3.71e+02,1.34e+02,4.70e+01
2.47e+02,6.04e+02,1.47e+02,5.10e+01
2.70e+02,5.68e+02,1.36e+02,4.90e+01
1.84e+02,5.56e+02,1.35e+02,4.80e+01
2.14e+02,4.01e+02,1.34e+02,4.70e+01
2.54e+02,5.69e+02,1.35e+02,4.70e+01
1.51e+02,2.96e+02,1.35e+02,4.80e+01
2.42e+02,5.31e+02,1.35e+02,4.70e+01
2.27e+02,5.59e+02,1.35e+02,4.70e+01
2.90e+02,7.50e+02,1.35e+02,4.80e+01
3.38e+02,9.84e+02,1.36e+02,4.90e+01
3.42e+02,7.11e+02,1.35e+02,4.80e+01
