-1.37e+02,-8.40e+01,5.70e+01,1.80e+01
-1.43e+02,-8.85e+01,4.90e+01,1.70e+01
-1.37e+02,-9.25e+01,5.60e+01,1.80e+01
-1.36e+02,-7.96e+01,5.10e+01,1.70e+01
-1.34e+02,-7.58e+01,5.00e+01,1.70e+01
-1.33e+02,-8.27e+01,5.70e+01,1.80e+01
-1.39e+02,-9.04e+01,4.90e+01,1.70e+01
-1.32e+02,-8.11e+01,5.60e+01,1.80e+01
-1.36e+02,-8.72e+01,5.20e+01,1.70e+01
-1.41e+02,-7.30e+01,5.00e+01,1.70e+01
-1.36e+02,-8.39e+01,5.10e+01,1.70e+01
-1.35e+02,-7.55e+01,5.70e+01,1.80e+01
-1.39e+02,-8.91e+01,4.90e+01,1.70e+01
-1.39e+02,-8.71e+01,5.20e+01,1.80e+01
-1.33e+02,-7.11e+01,5.00e+01,1.70e+01
-1.35e+02,-9.12e+01,5.10e+01,1.70e+01
-1.32e+02,-8.30e+01,5.70e+01,1.80e+01
-1.37e+02,-8.96e+01,4.90e+01,1.70e+01
-1.34e+02,-7.85e+01,5.20e+01,1.80e+01
-1.35e+02,-8.95e+01,5.00e+01,1.70e+01
-1.33e+02,-8.65e+01,5.10e+01,1.70e+01
-1.34e+02,-8.06e+01,5.70e+01,1.80e+01
-1.42e+02,-9.28e+01,4.90e+01,1.70e+01
-1.34e+02,-7.94e+01,5.60e+01,1.80e+01
-1.33e+02,-8.11e+01,5.00e+01,1.70e+01
-1.36e+02,-8.50e+01,5.20e+01,1.80e+01
-1.35e+02,-8.58e+01,5.10e+01,1.70e+01
-1.37e+02,-8.54e+01,5.70e+01,1.80e+01
-1.42e+02,-8.83e+01,4.90e+01,1.70e+01
-1.35e+02,-8.24e+01,5.20e+01,1.80e+01
-1.33e+02,-7.16e+01,4.90e+01,1.70e+01
-1.33e+02,-8.27e+01,5.30e+01,1.80e+01
-1.34e+02,-8.29e+01,5.70e+01,1.80e+01
-1.42e+02,-9.03e+01,5.00e+01,1.80e+01
-1.34e+02,-8.49e+01,5.60e+01,1.80e+01
-1.37e+02,-8.36e+01,5.00e+01,1.70e+01
-1.41e+02,-7.90e+01,5.70e+01,1.90e+01
-1.36e+02,-8.66e+01,5.10e+01,1.70e+01
-1.38e+02,-8.14e+01,4.90e+01,1.70e+01
-1.64e+02,-8.62e+01,5.60e+01,1.80e+01
-1.35e+02,-8.02e+01,5.20e+01,1.70e+01
-1.35e+02,-8.04e+01,5.20e+01,1.80e+01
-1.52e+02,-7.83e+01,5.80e+01,1.90e+01
-1.34e+02,-8.26e+01,5.70e+01,1.80e+01
-1.35e+02,-8.99e+01,5.70e+01,1.80e+01
-1.48e+02,-8.61e+01,5.60e+01,1.80e+01
-1.35e+02,-8.60e+01,5.00e+01,1.70e+01
-1.41e+02,-8.28e+01,5.00e+01,1.70e+01
-1.38e+02,-9.10e+01,5.60e+01,1.80e+01
-1.32e+02,-8.25e+01,5.70e+01,1.80e+01
-1.38e+02,-9.18e+01,4.90e+01,1.70e+01
-1.58e+02,-9.22e+01,5.00e+01,1.70e+01
-1.35e+02,-8.21e+01,5.10e+01,1.70e+01
-1.35e+02,-9.34e+01,5.80e+01,1.80e+01
-1.34e+02,-8.18e+01,5.10e+01,1.70e+01
-1.33e+02,-8.42e+01,5.10e+01,1.70e+01
-1.36e+02,-8.75e+01,5.10e+01,1.70e+01
-1.65e+02,-1.25e+02,5.10e+01,1.70e+01
-1.35e+02,-8.39e+01,5.20e+01,1.70e+01
-1.35e+02,-9.09e+01,5.80e+01,1.80e+01
-1.37e+02,-8.50e+01,5.80e+01,1.90e+01
-1.36e+02,-9.33e+01,5.70e+01,1.80e+01
-1.60e+02,-1.05e+02,5.80e+01,1.90e+01
-1.36e+02,-8.90e+01,5.40e+01,1.90e+01
-1.42e+02,-8.39e+01,5.10e+01,1.70e+01
-1.55e+02,-1.08e+02,5.10e+01,1.70e+01
-1.50e+02,-9.61e+01,4.90e+01,1.70e+01
-1.33e+02,-7.98e+01,5.20e+01,1.80e+01
-1.40e+02,-9.08e+01,5.60e+01,1.80e+01
-1.33e+02,-8.01e+01,5.10e+01,1.70e+01
-1.34e+02,-8.79e+01,5.20e+01,1.80e+01
-1.34e+02,-8.96e+01,5.20e+01,1.70e+01
-1.36e+02,-8.75e+01,5.60e+01,1.80e+01
-1.40e+02,-9.07e+01,5.10e+01,1.70e+01
-1.46e+02,-9.15e+01,5.10e+01,1.70e+01
-1.34e+02,-8.67e+01,5.30e+01,1.80e+01
-1.56e+02,-9.15e+01,5.80e+01,1.90e+01
-1.33e+02,-7.98e+01,5.30e+01,1.70e+01
-1.35e+02,-8.71e+01,5.10e+01,1.70e+01
-1.35e+02,-8.99e+01,5.60e+01,1.80e+01
-1.35e+02,-8.72e+01,5.10e+01,1.70e+01
-1.41e+02,-8.40e+01,5.10e+01,1.70e+01
-1.51e+02,-8.42e+01,5.10e+01,1.70e+01
-1.34e+02,-7.81e+01,5.10e+01,1.70e+01
-1.34e+02,-7.54e+01,5.30e+01,1.80e+01
-1.37e+02,-8.42e+01,5.80e+01,1.80e+01
-1.37e+02,-8.47e+01,5.30e+01,1.80e+01
-1.54e+02,-9.31e+01,5.10e+01,1.80e+01
-1.60e+02,-1.08e+02,4.90e+01,1.70e+01
-1.47e+02,-8.70e+01,5.00e+01,1.70e+01
-1.32e+02,-8.03e+01,5.00e+01,1.70e+01
-1.36e+02,-8.74e+01,5.10e+01,1.70e+01
-1.36e+02,-8.42e+01,5.70e+01,1.80e+01
-1.34e+02,-9.01e+01,5.20e+01,1.80e+01
-1.40e+02,-8.69e+01,5.00e+01,1.70e+01
-1.37e+02,-8.25e+01,5.00e+01,1.70e+01
-1.32e+02,-8.01e+01,5.70e+01,1.80e+01
-1.36e+02,-8.77e+01,5.00e+01,1.70e+01
-1.41e+02,-8.30e+01,4.90e+01,1.70e+01
-1.36e+02,-8.17e+01,5.60e+01,1.80e+01
-1.36e+02,-7.97e+01,5.70e+01,1.80e+01
-1.36e+02,-7.83e+01,5.80e+01,1.80e+01
-1.40e+02,-9.19e+01,5.10e+01,1.70e+01
-1.38e+02,-8.24e+01,5.80e+01,1.80e+01
-1.57e+02,-8.93e+01,5.20e+01,1.70e+01
-1.38e+02,-9.11e+01,4.90e+01,1.70e+01
-1.54e+02,-9.31e+01,5.10e+01,1.80e+01
-1.69e+02,-1.04e+02,5.20e+01,1.70e+01
-1.33e+02,-8.27e+01,5.10e+01,1.70e+01
-1.39e+02,-8.93e+01,5.00e+01,1.70e+01
-1.39e+02,-8.37e+01,5.00e+01,1.70e+01
-1.33e+02,-8.02e+01,5.80e+01,1.90e+01
-1.38e+02,-8.90e+01,5.00e+01,1.80e+01
-1.44e+02,-8.14e+01,4.90e+01,1.70e+01
-1.54e+02,-1.02e+02,5.70e+01,1.80e+01
-1.34e+02,-8.59e+01,5.10e+01,1.70e+01
-1.50e+02,-9.11e+01,5.70e+01,1.80e+01
-1.40e+02,-8.34e+01,5.10e+01,1.80e+01
-1.36e+02,-8.59e+01,5.20e+01,1.70e+01
-1.33e+02,-7.88e+01,5.40e+01,1.90e+01
-1.34e+02,-8.99e+01,5.60e+01,1.80e+01
-1.38e+02,-9.18e+01,4.90e+01,1.70e+01
-1.38e+02,-8.92e+01,4.90e+01,1.70e+01
-1.41e+02,-8.26e+01,5.70e+01,1.80e+01
-1.39e+02,-8.88e+01,5.10e+01,1.70e+01
-1.96e+02,-1.95e+02,4.90e+01,1.70e+01
-1.36e+02,-8.45e+01,4.90e+01,1.70e+01
-1.51e+02,-9.12e+01,5.20e+01,1.70e+01
-1.46e+02,-8.96e+01,4.90e+01,1.70e+01
-1.35e+02,-8.21e+01,5.20e+01,1.70e+01
-1.36e+02,-8.34e+01,5.70e+01,1.80e+01
-1.52e+02,-8.63e+01,5.00e+01,1.70e+01
-1.35e+02,-8.03e+01,5.90e+01,1.90e+01
-1.45e+02,-9.55e+01,5.10e+01,1.70e+01
-1.32e+02,-8.50e+01,5.80e+01,1.80e+01
-1.54e+02,-8.65e+01,5.80e+01,1.80e+01
-1.38e+02,-8.86e+01,5.20e+01,1.70e+01
-1.35e+02,-8.52e+01,5.80e+01,1.80e+01
-1.41e+02,-9.14e+01,5.20e+01,1.80e+01
-1.36e+02,-9.14e+01,5.10e+01,1.70e+01
-1.35e+02,-8.41e+01,5.20e+01,1.80e+01
-1.40e+02,-8.61e+01,5.00e+01,1.70e+01
-1.34e+02,-8.36e+01,5.90e+01,1.90e+01
-1.35e+02,-8.59e+01,5.10e+01,1.80e+01
-1.33e+02,-7.96e+01,5.80e+01,1.90e+01
-1.38e+02,-9.33e+01,5.80e+01,1.80e+01
-1.40e+02,-8.99e+01,5.10e+01,1.80e+01
-1.34e+02,-7.74e+01,5.10e+01,1.70e+01
-1.53e+02,-9.33e+01,5.30e+01,1.80e+01
-1.52e+02,-8.57e+01,5.00e+01,1.80e+01
-1.47e+02,-9.06e+01,5.00e+01,1.70e+01
-1.34e+02,-8.45e+01,5.30e+01,1.80e+01
-1.33e+02,-8.50e+01,5.80e+01,1.80e+01
-1.36e+02,-8.58e+01,5.20e+01,1.80e+01
-1.31e+02,-7.52e+01,5.70e+01,1.80e+01
-1.79e+02,-9.38e+01,4.90e+01,1.70e+01
-1.40e+02,-9.21e+01,5.10e+01,1.80e+01
-1.63e+02,-1.42e+02,4.90e+01,1.70e+01
-1.33e+02,-8.67e+01,5.10e+01,1.80e+01
-1.39e+02,-8.91e+01,5.00e+01,1.70e+01
-1.37e+02,-7.70e+01,5.10e+01,1.80e+01
-1.37e+02,-8.33e+01,5.30e+01,1.80e+01
-1.42e+02,-8.90e+01,5.00e+01,1.70e+01
-1.40e+02,-9.24e+01,5.80e+01,1.80e+01
-1.34e+02,-8.45e+01,5.20e+01,1.80e+01
-1.50e+02,-8.86e+01,5.20e+01,1.80e+01
-1.44e+02,-8.32e+01,5.10e+01,1.80e+01
-1.41e+02,-8.48e+01,5.80e+01,1.90e+01
-1.32e+02,-8.10e+01,5.70e+01,1.80e+01
-1.69e+02,-1.23e+02,5.70e+01,1.90e+01
-1.35e+02,-8.48e+01,5.10e+01,1.80e+01
-1.56e+02,-9.69e+01,5.70e+01,1.90e+01
-1.54e+02,-9.37e+01,5.30e+01,1.90e+01
-1.70e+02,-8.49e+01,5.70e+01,1.80e+01
-1.66e+02,-9.40e+01,5.00e+01,1.80e+01
-1.35e+02,-8.91e+01,5.80e+01,1.80e+01
-2.00e+02,-2.00e+02,4.90e+01,1.70e+01
-1.45e+02,-8.48e+01,5.60e+01,1.80e+01
-1.31e+02,-8.05e+01,5.90e+01,1.90e+01
-1.35e+02,-9.35e+01,5.10e+01,1.70e+01
-1.36e+02,-8.88e+01,5.10e+01,1.70e+01
-1.37e+02,-8.17e+01,5.80e+01,1.80e+01
-1.36e+02,-9.11e+01,5.80e+01,1.90e+01
-1.37e+02,-9.14e+01,5.30e+01,1.80e+01
-1.44e+02,-8.43e+01,5.10e+01,1.70e+01
-1.38e+02,-8.62e+01,5.90e+01,1.90e+01
-1.95e+02,-1.84e+02,5.20e+01,1.70e+01
-1.32e+02,-8.23e+01,5.70e+01,1.80e+01
-1.39e+02,-8.67e+01,5.80e+01,1.90e+01
-1.36e+02,-8.67e+01,5.00e+01,1.70e+01
-1.33e+02,-7.58e+01,5.70e+01,1.80e+01
-1.41e+02,-8.73e+01,5.30e+01,1.80e+01
