2.83e+02,7.60e+02,7.10e+01,3.30e+01
2.42e+02,7.82e+02,6.50e+01,3.00e+01
2.42e+02,7.82e+02,6.70e+01,3.00e+01
2.83e+02,7.60e+02,7.00e+01,3.20e+01
2.83e+02,7.60e+02,7.00e+01,3.20e+01
2.42e+02,7.82e+02,6.60e+01,3.00e+01
2.42e+02,7.82e+02,6.60e+01,3.00e+01
2.83e+02,7.60e+02,7.00e+01,3.20e+01
2.83e+02,7.60e+02,7.20e+01,3.30e+01
2.83e+02,7.60e+02,7.20e+01,3.30e+01
2.42e+02,7.82e+02,6.60e+01,3.00e+01
2.81e+02,7.60e+02,7.00e+01,3.20e+01
2.42e+02,7.82e+02,6.70e+01,3.00e+01
2.83e+02,7.60e+02,7.10e+01,3.30e+01
2.83e+02,7.60e+02,7.10e+01,3.20e+01
2.83e+02,7.60e+02,7.20e+01,3.30e+01
2.83e+02,7.60e+02,7.10e+01,3.30e+01
2.83e+02,7.60e+02,7.20e+01,3.30e+01
2.42e+02,7.82e+02,6.60e+01,3.00e+01
2.67e+02,7.60e+02,7.00e+01,3.20e+01
2.42e+02,7.82e+02,6.70e+01,3.00e+01
2.83e+02,7.60e+02,7.10e+01,3.30e+01
2.83e+02,7.60e+02,7.10e+01,3.30e+01
2.83e+02,7.60e+02,7.20e+01,3.30e+01
2.67e+02,7.60e+02,7.10e+01,3.30e+01
2.42e+02,6.68e+02,6.60e+01,3.00e+01
2.42e+02,7.82e+02,6.80e+01,3.00e+01
2.69e+02,7.60e+02,7.40e+01,3.40e+01
1.73e+02,3.72e+02,6.70e+01,3.00e+01
2.67e+02,7.60e+02,7.10e+01,3.20e+01
2.65e+02,6.61e+02,7.10e+01,3.20e+01
2.42e+02,7.82e+02,6.80e+01,3.00e+01
2.41e+02,7.82e+02,6.70e+01,3.00e+01
2.10e+02,5.96e+02,6.70e+01,3.10e+01
2.57e+02,7.60e+02,7.00e+01,3.20e+01
2.83e+02,7.60e+02,7.10e+01,3.20e+01
2.41e+02,7.82e+02,6.60e+01,3.00e+01
2.42e+02,7.82e+02,6.70e+01,3.10e+01
2.83e+02,7.60e+02,7.20e+01,3.30e+01
2.80e+02,7.60e+02,7.00e+01,3.20e+01
2.83e+02,7.60e+02,7.10e+01,3.30e+01
2.83e+02,7.60e+02,7.20e+01,3.30e+01
2.67e+02,7.60e+02,7.10e+01,3.20e+01
2.11e+02,6.00e+02,6.60e+01,3.00e+01
2.83e+02,7.61e+02,7.10e+01,3.20e+01
2.38e+02,7.82e+02,6.70e+01,3.10e+01
2.42e+02,7.82e+02,6.80e+01,3.00e+01
2.68e+02,7.60e+02,7.20e+01,3.30e+01
2.24e+02,6.78e+02,6.60e+01,3.00e+01
2.44e+02,5.62e+02,7.10e+01,3.20e+01
2.67e+02,7.61e+02,7.10e+01,3.20e+01
2.41e+02,7.82e+02,6.80e+01,3.00e+01
2.80e+02,7.60e+02,7.00e+01,3.20e+01
2.68e+02,7.60e+02,7.30e+01,3.30e+01
2.83e+02,7.60e+02,7.30e+01,3.30e+01
2.17e+02,5.07e+02,7.20e+01,3.40e+01
2.08e+02,5.13e+02,7.00e+01,3.20e+01
2.42e+02,7.82e+02,6.70e+01,3.00e+01
2.67e+02,7.60e+02,7.10e+01,3.30e+01
2.42e+02,7.82e+02,6.80e+01,3.00e+01
4.43e+01,5.03e+01,7.20e+01,3.30e+01
2.83e+02,7.60e+02,7.30e+01,3.30e+01
2.49e+02,6.46e+02,7.10e+01,3.20e+01
2.42e+02,7.82e+02,6.50e+01,3.00e+01
2.40e+02,7.82e+02,6.70e+01,3.00e+01
9.89e+01,1.38e+02,6.70e+01,3.00e+01
2.36e+02,5.62e+02,7.20e+01,3.30e+01
2.81e+02,7.60e+02,7.00e+01,3.20e+01
2.83e+02,7.60e+02,7.10e+01,3.20e+01
1.06e+02,2.13e+02,7.10e+01,3.20e+01
2.41e+02,7.82e+02,6.60e+01,3.00e+01
2.83e+02,7.60e+02,7.20e+01,3.30e+01
2.68e+02,7.60e+02,7.00e+01,3.20e+01
2.42e+02,7.82e+02,6.70e+01,3.10e+01
1.80e+02,4.11e+02,6.80e+01,3.00e+01
2.42e+02,7.82e+02,6.80e+01,3.00e+01
2.68e+02,7.60e+02,7.20e+01,3.30e+01
2.51e+02,7.60e+02,7.30e+01,3.30e+01
2.83e+02,7.60e+02,7.20e+01,3.30e+01
2.42e+02,7.82e+02,6.60e+01,3.00e+01
2.83e+02,7.60e+02,7.10e+01,3.30e+01
2.41e+02,7.82e+02,6.60e+01,3.00e+01
2.68e+02,7.60e+02,7.20e+01,3.30e+01
2.16e+02,6.25e+02,6.60e+01,3.00e+01
2.42e+02,7.82e+02,6.70e+01,3.10e+01
2.68e+02,7.60e+02,7.10e+01,3.20e+01
2.42e+02,7.82e+02,6.70e+01,3.00e+01
2.42e+02,7.82e+02,6.60e+01,3.00e+01
2.42e+02,7.82e+02,6.70e+01,3.00e+01
2.83e+02,7.60e+02,7.20e+01,3.40e+01
2.83e+02,7.60e+02,7.00e+01,3.20e+01
2.83e+02,7.60e+02,7.10e+01,3.20e+01
2.83e+02,7.60e+02,7.10e+01,3.20e+01
2.68e+02,7.60e+02,7.00e+01,3.20e+01
1.15e+02,2.48e+02,6.70e+01,3.00e+01
2.09e+02,5.85e+02,6.90e+01,3.10e+01
2.83e+02,7.60e+02,7.20e+01,3.40e+01
2.38e+02,7.82e+02,6.70e+01,3.00e+01
2.41e+02,7.82e+02,6.50e+01,3.00e+01
2.42e+02,7.82e+02,6.70e+01,3.00e+01
5.30e+01,1.29e+02,7.10e+01,3.20e+01
1.15e+02,2.48e+02,6.60e+01,3.00e+01
2.41e+02,7.82e+02,6.70e+01,3.00e+01
2.54e+02,6.68e+02,7.10e+01,3.20e+01
2.83e+02,7.60e+02,7.30e+01,3.40e+01
2.65e+02,7.60e+02,7.20e+01,3.40e+01
1.81e+02,3.75e+02,7.30e+01,3.30e+01
2.41e+02,7.75e+02,6.90e+01,3.00e+01
2.39e+02,7.66e+02,6.80e+01,3.10e+01
2.83e+02,7.60e+02,7.10e+01,3.30e+01
2.41e+02,7.82e+02,6.70e+01,3.10e+01
2.36e+02,5.62e+02,7.00e+01,3.20e+01
-1.62e+01,1.57e+02,6.50e+01,3.00e+01
2.83e+02,7.60e+02,7.20e+01,3.30e+01
2.32e+02,7.82e+02,6.60e+01,3.00e+01
2.42e+02,7.82e+02,6.60e+01,3.00e+01
2.42e+02,7.82e+02,6.90e+01,3.10e+01
2.68e+02,7.60e+02,7.30e+01,3.30e+01
2.68e+02,7.60e+02,7.40e+01,3.40e+01
2.69e+02,7.60e+02,7.20e+01,3.30e+01
2.83e+02,7.60e+02,7.30e+01,3.40e+01
2.68e+02,7.60e+02,7.00e+01,3.20e+01
2.69e+02,7.60e+02,7.20e+01,3.30e+01
2.56e+02,6.04e+02,7.10e+01,3.20e+01
2.30e+02,7.07e+02,6.60e+01,3.00e+01
2.24e+02,6.78e+02,6.70e+01,3.00e+01
2.68e+02,7.60e+02,7.10e+01,3.30e+01
2.69e+02,7.60e+02,7.20e+01,3.30e+01
