1.92e+02,4.39e+02,1.70e+01,1.40e+01
1.33e+02,2.40e+02,1.80e+01,1.40e+01
1.00e+02,1.85e+02,1.70e+01,1.40e+01
1.09e+02,1.55e+02,1.80e+01,1.40e+01
9.01e+01,1.68e+02,1.70e+01,1.40e+01
1.21e+02,2.22e+02,1.90e+01,1.40e+01
1.87e+02,3.94e+02,1.80e+01,1.50e+01
9.96e+01,2.21e+02,1.70e+01,1.40e+01
1.33e+02,1.52e+02,1.90e+01,1.50e+01
1.69e+02,3.07e+02,1.80e+01,1.40e+01
1.47e+02,2.21e+02,1.70e+01,1.40e+01
2.20e+02,4.76e+02,1.90e+01,1.40e+01
2.04e+02,3.72e+02,1.80e+01,1.40e+01
1.41e+02,2.73e+02,1.70e+01,1.40e+01
1.96e+02,4.14e+02,2.60e+01,1.40e+01
1.43e+02,2.66e+02,1.80e+01,1.40e+01
1.27e+02,1.86e+02,1.90e+01,1.40e+01
9.83e+01,1.73e+02,1.70e+01,1.40e+01
1.58e+02,2.39e+02,2.30e+01,1.40e+01
1.24e+02,2.09e+02,1.80e+01,1.50e+01
1.18e+02,2.70e+02,1.70e+01,1.40e+01
1.71e+02,3.07e+02,2.60e+01,1.40e+01
1.78e+02,2.38e+02,1.80e+01,1.50e+01
1.63e+02,3.42e+02,1.90e+01,1.40e+01
2.42e+02,6.64e+02,1.80e+01,1.40e+01
1.19e+02,2.60e+02,1.90e+01,1.40e+01
1.03e+02,2.24e+02,1.90e+01,1.50e+01
2.10e+02,3.62e+02,1.80e+01,1.40e+01
1.11e+02,1.83e+02,2.00e+01,1.40e+01
1.73e+02,3.13e+02,1.80e+01,1.40e+01
1.63e+02,2.20e+02,1.80e+01,1.40e+01
1.05e+02,1.94e+02,1.90e+01,1.40e+01
1.17e+02,1.41e+02,1.90e+01,1.40e+01
2.14e+02,3.52e+02,1.80e+01,1.40e+01
1.38e+02,2.58e+02,1.80e+01,1.40e+01
1.04e+02,1.84e+02,1.80e+01,1.40e+01
1.58e+02,2.22e+02,1.70e+01,1.40e+01
1.65e+02,3.13e+02,1.80e+01,1.40e+01
1.53e+02,3.29e+02,1.80e+01,1.40e+01
9.02e+01,1.74e+02,1.80e+01,1.40e+01
1.12e+02,2.39e+02,1.90e+01,1.40e+01
1.46e+02,3.41e+02,1.80e+01,1.40e+01
9.95e+01,1.72e+02,1.90e+01,1.40e+01
1.82e+02,3.26e+02,1.90e+01,1.40e+01
7.96e+01,1.32e+02,1.90e+01,1.50e+01
1.01e+02,1.82e+02,1.80e+01,1.40e+01
1.99e+02,6.26e+02,1.80e+01,1.40e+01
1.79e+02,3.29e+02,1.80e+01,1.40e+01
1.24e+02,1.80e+02,1.90e+01,1.40e+01
5.83e+01,9.89e+01,1.80e+01,1.40e+01
1.18e+02,2.24e+02,1.80e+01,1.40e+01
8.29e+01,1.85e+02,1.80e+01,1.40e+01
8.87e+01,2.26e+02,1.80e+01,1.40e+01
1.54e+02,2.89e+02,1.80e+01,1.40e+01
9.32e+01,2.36e+02,1.90e+01,1.60e+01
5.05e+01,1.36e+02,2.00e+01,1.40e+01
1.40e+02,2.47e+02,1.90e+01,1.50e+01
1.11e+02,1.85e+02,1.70e+01,1.40e+01
1.40e+02,2.39e+02,1.80e+01,1.40e+01
1.89e+02,3.04e+02,1.80e+01,1.40e+01
1.78e+02,4.37e+02,1.80e+01,1.40e+01
1.56e+02,2.43e+02,1.90e+01,1.50e+01
1.33e+02,1.89e+02,1.70e+01,1.40e+01
1.59e+02,2.73e+02,1.80e+01,1.40e+01
1.18e+02,2.53e+02,1.70e+01,1.40e+01
2.22e+02,5.22e+02,1.70e+01,1.40e+01
1.09e+02,1.79e+02,2.00e+01,1.50e+01
7.67e+01,1.38e+02,1.90e+01,1.40e+01
1.52e+02,3.79e+02,1.70e+01,1.40e+01
1.19e+01,1.22e+02,1.70e+01,1.40e+01
1.27e+02,2.12e+02,2.00e+01,1.40e+01
1.89e+02,2.85e+02,1.80e+01,1.40e+01
1.06e+02,2.06e+02,1.70e+01,1.40e+01
2.28e+02,6.51e+02,1.70e+01,1.40e+01
1.33e+02,2.59e+02,1.70e+01,1.40e+01
1.50e+02,1.96e+02,1.90e+01,1.40e+01
1.29e+02,2.55e+02,1.80e+01,1.40e+01
1.32e+02,2.62e+02,1.90e+01,1.50e+01
1.21e+02,2.60e+02,1.80e+01,1.50e+01
1.04e+02,2.22e+02,1.90e+01,1.40e+01
5.94e+01,1.26e+02,1.90e+01,1.40e+01
1.31e+02,2.23e+02,1.70e+01,1.40e+01
9.24e+01,1.66e+02,1.90e+01,1.40e+01
1.11e+02,2.27e+02,1.90e+01,1.40e+01
1.37e+02,2.34e+02,1.80e+01,1.40e+01
1.02e+02,2.06e+02,1.80e+01,1.50e+01
9.56e+01,2.47e+02,1.80e+01,1.40e+01
9.23e+01,2.02e+02,1.90e+01,1.50e+01
1.44e+02,1.81e+02,1.80e+01,1.40e+01
1.53e+02,2.86e+02,1.90e+01,1.50e+01
1.42e+02,2.44e+02,1.80e+01,1.40e+01
1.54e+02,3.06e+02,2.00e+01,1.50e+01
7.42e+01,2.04e+02,1.80e+01,1.40e+01
1.50e+02,3.05e+02,2.30e+01,1.40e+01
7.52e+01,2.04e+02,1.90e+01,1.40e+01
7.07e+01,1.88e+02,1.70e+01,1.40e+01
1.21e+02,3.00e+02,1.90e+01,1.40e+01
1.32e+02,2.51e+02,1.80e+01,1.40e+01
8.93e+01,2.63e+02,1.90e+01,1.40e+01
4.82e+01,7.92e+01,1.80e+01,1.50e+01
1.27e+02,3.32e+02,1.80e+01,1.40e+01
4.07e+01,9.63e+01,1.80e+01,1.50e+01
-1.54e+01,4.65e+01,1.80e+01,1.40e+01
1.28e+02,2.02e+02,1.80e+01,1.40e+01
8.63e+01,1.24e+02,1.80e+01,1.40e+01
1.42e+02,1.95e+02,1.80e+01,1.40e+01
1.30e+02,2.48e+02,1.70e+01,1.40e+01
1.66e+02,2.70e+02,1.70e+01,1.40e+01
1.22e+02,2.60e+02,1.80e+01,1.40e+01
1.36e+02,3.35e+02,1.90e+01,1.40e+01
1.26e+02,2.76e+02,1.80e+01,1.40e+01
1.63e+02,3.17e+02,1.80e+01,1.40e+01
1.06e+02,1.44e+02,1.70e+01,1.40e+01
8.73e+01,2.03e+02,1.80e+01,1.40e+01
3.86e+01,2.22e+02,1.90e+01,1.40e+01
9.73e+01,2.92e+02,2.00e+01,1.40e+01
1.23e+02,1.98e+02,1.90e+01,1.40e+01
1.78e+02,2.49e+02,1.80e+01,1.40e+01
2.06e+02,3.01e+02,1.80e+01,1.40e+01
2.34e+02,5.88e+02,1.90e+01,1.40e+01
1.69e+02,3.61e+02,1.90e+01,1.40e+01
1.75e+02,2.57e+02,1.70e+01,1.40e+01
1.57e+02,2.08e+02,1.80e+01,1.40e+01
1.17e+02,2.12e+02,1.90e+01,1.40e+01
1.21e+02,2.16e+02,1.80e+01,1.40e+01
2.51e+02,5.63e+02,1.80e+01,1.40e+01
1.64e+02,2.76e+02,1.70e+01,1.40e+01
1.49e+02,2.43e+02,1.90e+01,1.50e+01
