-2.37e+02,-6.63e+01,1.40e+01,1.20e+01
-2.45e+02,-5.89e+01,2.00e+01,1.70e+01
-2.48e+02,-6.21e+01,1.50e+01,1.30e+01
-2.45e+02,-5.41e+01,1.70e+01,1.40e+01
-2.58e+02,-8.74e+01,1.60e+01,1.30e+01
-2.66e+02,-1.15e+02,1.40e+01,1.20e+01
-2.38e+02,-6.66e+01,2.40e+01,1.70e+01
-2.58e+02,-8.93e+01,2.10e+01,1.70e+01
-2.44e+02,-4.95e+01,1.50e+01,1.20e+01
-2.47e+02,-5.48e+01,1.80e+01,1.20e+01
-2.35e+02,-6.16e+01,1.70e+01,1.20e+01
-2.57e+02,-1.06e+02,1.40e+01,1.20e+01
-2.39e+02,-6.83e+01,2.10e+01,1.70e+01
-2.39e+02,-7.30e+01,1.50e+01,1.30e+01
-2.45e+02,-7.83e+01,2.00e+01,1.70e+01
-2.46e+02,-6.23e+01,1.60e+01,1.30e+01
-2.50e+02,-8.49e+01,1.80e+01,1.20e+01
-2.43e+02,-5.68e+01,1.40e+01,1.20e+01
-2.34e+02,-5.93e+01,2.30e+01,1.70e+01
-2.37e+02,-5.55e+01,1.50e+01,1.30e+01
-2.42e+02,-5.82e+01,2.20e+01,1.70e+01
-2.42e+02,-7.41e+01,2.10e+01,1.70e+01
-2.37e+02,-7.50e+01,1.60e+01,1.30e+01
-2.39e+02,-5.59e+01,1.80e+01,1.40e+01
-2.45e+02,-6.73e+01,1.70e+01,1.20e+01
-2.53e+02,-7.53e+01,1.40e+01,1.20e+01
-2.53e+02,-7.94e+01,2.30e+01,1.70e+01
-2.43e+02,-8.00e+01,2.30e+01,1.70e+01
-2.38e+02,-5.91e+01,2.10e+01,1.70e+01
-2.37e+02,-5.96e+01,1.50e+01,1.30e+01
-2.45e+02,-5.60e+01,2.40e+01,1.70e+01
-2.42e+02,-6.58e+01,1.70e+01,1.30e+01
-3.27e+02,-1.28e+02,1.50e+01,1.20e+01
-3.16e+02,-7.37e+01,2.30e+01,1.80e+01
-4.06e+02,-6.65e+01,1.50e+01,1.30e+01
-2.42e+02,-6.26e+01,2.00e+01,1.70e+01
-2.42e+02,-6.56e+01,2.00e+01,1.70e+01
-2.43e+02,-5.86e+01,2.20e+01,1.70e+01
-2.42e+02,-5.84e+01,1.40e+01,1.20e+01
-2.47e+02,-6.65e+01,1.50e+01,1.20e+01
-3.82e+02,-1.43e+02,2.20e+01,1.70e+01
-2.42e+02,-6.30e+01,1.40e+01,1.20e+01
-2.48e+02,-6.86e+01,1.80e+01,1.40e+01
-2.41e+02,-6.35e+01,1.80e+01,1.20e+01
-5.00e+02,-5.00e+02,1.40e+01,1.20e+01
-2.51e+02,-9.42e+01,1.50e+01,1.20e+01
-5.00e+02,-5.00e+02,1.60e+01,1.30e+01
-2.47e+02,-7.98e+01,1.80e+01,1.20e+01
-3.14e+02,-7.32e+01,1.60e+01,1.40e+01
-2.46e+02,-8.31e+01,1.50e+01,1.20e+01
-5.00e+02,-5.00e+02,1.50e+01,1.30e+01
-2.33e+02,-6.09e+01,1.60e+01,1.30e+01
-5.00e+02,-5.00e+02,1.60e+01,1.30e+01
-2.49e+02,-6.04e+01,1.80e+01,1.20e+01
-3.71e+02,-1.13e+02,1.40e+01,1.20e+01
-2.35e+02,-6.49e+01,1.80e+01,1.40e+01
-2.40e+02,-7.01e+01,1.50e+01,1.30e+01
-2.41e+02,-6.79e+01,1.80e+01,1.50e+01
-2.46e+02,-5.99e+01,1.50e+01,1.20e+01
-2.41e+02,-8.99e+01,1.40e+01,1.20e+01
-2.35e+02,-6.13e+01,2.40e+01,1.80e+01
-2.48e+02,-4.99e+01,1.50e+01,1.20e+01
-2.49e+02,-5.22e+01,1.50e+01,1.20e+01
-2.36e+02,-6.73e+01,2.10e+01,1.80e+01
-3.10e+02,-1.10e+02,1.50e+01,1.20e+01
-4.28e+02,-6.83e+01,1.60e+01,1.30e+01
-3.32e+02,-1.18e+02,1.40e+01,1.20e+01
-2.39e+02,-7.39e+01,1.50e+01,1.20e+01
-4.91e+02,-4.49e+02,1.50e+01,1.20e+01
-3.82e+02,-1.36e+02,1.50e+01,1.30e+01
-2.46e+02,-5.83e+01,2.00e+01,1.70e+01
-2.43e+02,-7.79e+01,1.40e+01,1.20e+01
-4.41e+02,-1.46e+02,1.70e+01,1.40e+01
-2.40e+02,-5.48e+01,1.70e+01,1.20e+01
-2.98e+02,-5.93e+01,1.60e+01,1.20e+01
-3.89e+02,-2.48e+02,1.40e+01,1.20e+01
-2.42e+02,-5.80e+01,1.50e+01,1.20e+01
-2.40e+02,-9.26e+01,2.50e+01,1.80e+01
-2.44e+02,-8.14e+01,1.50e+01,1.20e+01
-2.88e+02,-1.21e+02,1.40e+01,1.20e+01
-4.07e+02,-5.10e+01,1.60e+01,1.30e+01
-2.45e+02,-6.10e+01,1.80e+01,1.30e+01
-4.16e+02,-5.39e+01,2.40e+01,1.70e+01
-2.50e+02,-6.16e+01,1.80e+01,1.40e+01
-5.00e+02,-5.00e+02,1.50e+01,1.30e+01
-2.35e+02,-5.28e+01,1.70e+01,1.40e+01
-2.51e+02,-7.11e+01,2.10e+01,1.70e+01
-5.00e+02,-5.00e+02,1.40e+01,1.20e+01
-2.55e+02,-9.98e+01,2.10e+01,1.70e+01
-2.45e+02,-9.22e+01,1.50e+01,1.20e+01
-2.48e+02,-6.21e+01,1.50e+01,1.20e+01
-2.47e+02,-6.30e+01,1.70e+01,1.40e+01
-2.36e+02,-7.16e+01,1.60e+01,1.30e+01
-3.16e+02,-1.23e+02,1.40e+01,1.20e+01
-2.40e+02,-7.38e+01,2.10e+01,1.70e+01
-2.43e+02,-6.24e+01,2.50e+01,1.70e+01
-3.61e+02,-6.17e+01,1.50e+01,1.30e+01
-4.37e+02,-1.25e+02,1.40e+01,1.20e+01
-3.90e+02,-1.22e+02,1.70e+01,1.40e+01
-2.56e+02,-8.83e+01,1.90e+01,1.20e+01
-2.96e+02,-5.44e+01,1.60e+01,1.30e+01
-2.43e+02,-6.66e+01,1.90e+01,1.20e+01
-2.40e+02,-5.57e+01,2.50e+01,1.80e+01
-3.14e+02,-1.05e+02,2.00e+01,1.70e+01
-2.41e+02,-7.21e+01,1.40e+01,1.20e+01
-2.38e+02,-6.94e+01,2.10e+01,1.70e+01
-2.37e+02,-6.63e+01,2.10e+01,1.70e+01
-2.54e+02,-8.86e+01,1.40e+01,1.20e+01
-2.40e+02,-6.48e+01,2.40e+01,1.70e+01
-2.44e+02,-7.09e+01,1.50e+01,1.20e+01
-3.15e+02,-1.05e+02,2.40e+01,1.80e+01
-2.50e+02,-9.03e+01,1.50e+01,1.20e+01
-2.44e+02,-9.90e+01,1.60e+01,1.40e+01
-2.44e+02,-6.42e+01,1.50e+01,1.30e+01
-3.29e+02,-1.31e+02,1.40e+01,1.20e+01
-2.35e+02,-7.52e+01,2.50e+01,1.70e+01
-2.40e+02,-7.53e+01,1.50e+01,1.20e+01
-2.42e+02,-6.59e+01,2.50e+01,1.70e+01
-2.39e+02,-6.03e+01,1.60e+01,1.30e+01
-2.55e+02,-1.13e+02,2.20e+01,1.80e+01
-2.45e+02,-6.65e+01,1.50e+01,1.30e+01
-4.49e+02,-3.22e+02,1.40e+01,1.20e+01
-3.75e+02,-1.21e+02,1.80e+01,1.20e+01
-2.39e+02,-7.89e+01,2.20e+01,1.70e+01
-2.45e+02,-7.25e+01,1.70e+01,1.40e+01
-2.35e+02,-5.53e+01,1.80e+01,1.20e+01
-3.25e+02,-1.19e+02,1.70e+01,1.40e+01
-2.54e+02,-6.23e+01,1.60e+01,1.30e+01
-4.12e+02,-6.64e+01,1.40e+01,1.20e+01
-4.33e+02,-9.76e+01,1.50e+01,1.20e+01
-2.30e+02,-6.31e+01,2.10e+01,1.70e+01
-2.47e+02,-7.59e+01,2.40e+01,1.70e+01
-3.77e+02,-1.31e+02,2.10e+01,1.70e+01
-2.39e+02,-6.28e+01,2.20e+01,1.70e+01
-4.31e+02,-8.76e+01,1.40e+01,1.20e+01
-2.31e+02,-6.22e+01,1.50e+01,1.20e+01
-3.07e+02,-9.98e+01,1.40e+01,1.20e+01
-2.44e+02,-7.19e+01,2.40e+01,1.70e+01
-2.44e+02,-7.50e+01,1.60e+01,1.20e+01
-2.33e+02,-5.92e+01,2.10e+01,1.70e+01
-2.42e+02,-9.24e+01,1.80e+01,1.20e+01
-2.43e+02,-7.14e+01,1.90e+01,1.20e+01
-2.39e+02,-7.01e+01,2.60e+01,1.80e+01
-4.33e+02,-9.82e+01,1.60e+01,1.30e+01
-2.44e+02,-8.50e+01,1.50e+01,1.30e+01
-2.43e+02,-8.92e+01,2.50e+01,1.70e+01
-2.40e+02,-7.44e+01,1.70e+01,1.20e+01
-4.05e+02,-6.50e+01,1.80e+01,1.20e+01
-2.38e+02,-7.00e+01,1.70e+01,1.40e+01
-2.44e+02,-5.65e+01,1.50e+01,1.20e+01
-4.35e+02,-1.13e+02,1.50e+01,1.30e+01
-3.09e+02,-1.09e+02,1.60e+01,1.30e+01
-2.47e+02,-8.74e+01,2.40e+01,1.70e+01
-3.69e+02,-8.20e+01,2.30e+01,1.70e+01
-3.67e+02,-5.80e+01,1.60e+01,1.30e+01
-2.38e+02,-6.70e+01,2.50e+01,1.70e+01
-2.39e+02,-7.80e+01,2.20e+01,1.70e+01
-2.43e+02,-6.83e+01,1.90e+01,1.20e+01
-4.42e+02,-1.53e+02,2.40e+01,1.70e+01
-2.41e+02,-8.26e+01,1.80e+01,1.20e+01
-2.39e+02,-5.25e+01,1.60e+01,1.30e+01
-3.09e+02,-1.08e+02,1.70e+01,1.20e+01
-2.43e+02,-5.90e+01,2.20e+01,1.70e+01
-2.45e+02,-8.93e+01,1.50e+01,1.30e+01
-4.07e+02,-6.52e+01,1.50e+01,1.30e+01
-5.00e+02,-5.00e+02,2.10e+01,1.70e+01
-2.45e+02,-6.67e+01,1.50e+01,1.20e+01
-2.54e+02,-5.77e+01,1.40e+01,1.20e+01
-2.53e+02,-5.62e+01,2.10e+01,1.70e+01
-2.45e+02,-7.45e+01,1.60e+01,1.30e+01
-2.54e+02,-7.49e+01,1.40e+01,1.20e+01
-2.52e+02,-6.85e+01,1.50e+01,1.20e+01
-2.40e+02,-8.47e+01,1.60e+01,1.20e+01
-2.44e+02,-6.65e+01,1.50e+01,1.30e+01
-3.70e+02,-9.81e+01,1.40e+01,1.20e+01
-2.38e+02,-6.72e+01,1.70e+01,1.30e+01
-3.20e+02,-1.33e+02,1.40e+01,1.20e+01
-5.00e+02,-5.00e+02,1.50e+01,1.30e+01
-3.08e+02,-8.28e+01,1.50e+01,1.30e+01
-3.24e+02,-1.30e+02,2.20e+01,1.70e+01
-3.10e+02,-5.05e+01,1.80e+01,1.30e+01
-2.99e+02,-6.27e+01,1.40e+01,1.20e+01
-2.43e+02,-6.53e+01,2.00e+01,1.70e+01
-4.25e+02,-5.27e+01,1.90e+01,1.20e+01
-4.08e+02,-7.77e+01,1.40e+01,1.20e+01
-2.39e+02,-6.35e+01,2.20e+01,1.80e+01
-5.00e+02,-5.00e+02,2.00e+01,1.70e+01
-2.40e+02,-6.66e+01,2.40e+01,1.70e+01
-2.48e+02,-6.45e+01,1.50e+01,1.20e+01
-2.45e+02,-6.12e+01,1.90e+01,1.30e+01
-2.76e+02,-7.23e+01,1.80e+01,1.40e+01
-2.38e+02,-5.23e+01,1.50e+01,1.20e+01
