-2.10e+02,-4.46e+01,1.49e+02,4.80e+01
-2.10e+02,-5.43e+01,1.48e+02,4.70e+01
-2.10e+02,-4.52e+01,1.45e+02,4.60e+01
-2.06e+02,-4.42e+01,1.43e+02,4.50e+01
-2.14e+02,-5.32e+01,1.48e+02,4.80e+01
-2.17e+02,-4.51e+01,1.45e+02,4.60e+01
-2.06e+02,-4.35e+01,1.44e+02,4.60e+01
-2.20e+02,-4.62e+01,1.48e+02,4.70e+01
-2.08e+02,-5.02e+01,1.48e+02,4.70e+01
-2.07e+02,-4.92e+01,1.46e+02,4.70e+01
-2.22e+02,-5.50e+01,1.44e+02,4.60e+01
-2.05e+02,-4.83e+01,1.45e+02,4.60e+01
-2.12e+02,-6.39e+01,1.46e+02,4.60e+01
-2.11e+02,-5.10e+01,1.47e+02,4.70e+01
-2.13e+02,-4.62e+01,1.46e+02,4.60e+01
-2.15e+02,-5.58e+01,1.48e+02,4.80e+01
-2.06e+02,-4.33e+01,1.49e+02,4.80e+01
-2.08e+02,-5.03e+01,1.49e+02,4.70e+01
-2.09e+02,-4.92e+01,1.48e+02,4.70e+01
-2.15e+02,-4.95e+01,1.48e+02,4.80e+01
-2.14e+02,-4.99e+01,1.47e+02,4.70e+01
-2.08e+02,-4.50e+01,1.45e+02,4.60e+01
-2.08e+02,-3.98e+01,1.46e+02,4.60e+01
-2.11e+02,-5.52e+01,1.45e+02,4.60e+01
-2.09e+02,-4.72e+01,1.46e+02,4.70e+01
-2.08e+02,-5.26e+01,1.47e+02,4.70e+01
-2.12e+02,-4.98e+01,1.48e+02,4.80e+01
-2.21e+02,-5.48e+01,1.46e+02,4.70e+01
-2.17e+02,-3.83e+01,1.48e+02,4.70e+01
-2.07e+02,-4.61e+01,1.49e+02,4.80e+01
-2.07e+02,-5.20e+01,1.49e+02,4.80e+01
-2.05e+02,-4.51e+01,1.47e+02,4.70e+01
-2.07e+02,-4.46e+01,1.49e+02,4.70e+01
-2.65e+02,-6.34e+01,1.49e+02,4.90e+01
-4.27e+02,-6.08e+01,1.44e+02,4.60e+01
-2.81e+02,-4.03e+01,1.43e+02,4.50e+01
-2.06e+02,-4.71e+01,1.49e+02,4.80e+01
-2.10e+02,-4.62e+01,1.46e+02,4.60e+01
-2.11e+02,-5.49e+01,1.49e+02,4.80e+01
-2.11e+02,-5.46e+01,1.45e+02,4.60e+01
-2.07e+02,-5.31e+01,1.43e+02,4.50e+01
-2.08e+02,-4.67e+01,1.49e+02,4.70e+01
-2.08e+02,-4.88e+01,1.49e+02,4.70e+01
-2.10e+02,-5.09e+01,1.50e+02,4.80e+01
-2.13e+02,-4.80e+01,1.47e+02,4.60e+01
-2.82e+02,-5.21e+01,1.50e+02,4.90e+01
-2.10e+02,-5.61e+01,1.49e+02,4.70e+01
-2.14e+02,-6.57e+01,1.48e+02,4.80e+01
-2.05e+02,-5.13e+01,1.48e+02,4.70e+01
-2.08e+02,-5.57e+01,1.45e+02,4.60e+01
-2.09e+02,-5.52e+01,1.48e+02,4.70e+01
-2.05e+02,-3.96e+01,1.46e+02,4.60e+01
-2.10e+02,-5.04e+01,1.44e+02,4.60e+01
-2.11e+02,-5.32e+01,1.48e+02,4.80e+01
-2.05e+02,-4.15e+01,1.46e+02,4.60e+01
-2.09e+02,-5.68e+01,1.49e+02,4.70e+01
-2.28e+02,-6.78e+01,1.44e+02,4.50e+01
-2.19e+02,-5.57e+01,1.45e+02,4.60e+01
-2.11e+02,-4.46e+01,1.47e+02,4.60e+01
-2.13e+02,-4.81e+01,1.45e+02,4.60e+01
-2.08e+02,-5.74e+01,1.50e+02,4.80e+01
-2.07e+02,-4.09e+01,1.48e+02,4.80e+01
-2.10e+02,-4.89e+01,1.46e+02,4.60e+01
-2.09e+02,-4.94e+01,1.46e+02,4.60e+01
-2.06e+02,-5.38e+01,1.49e+02,4.70e+01
-2.83e+02,-5.31e+01,1.47e+02,4.80e+01
-2.08e+02,-3.84e+01,1.46e+02,4.60e+01
-2.10e+02,-5.81e+01,1.48e+02,4.70e+01
-2.16e+02,-5.09e+01,1.43e+02,4.50e+01
-2.06e+02,-4.94e+01,1.49e+02,4.80e+01
-2.05e+02,-4.55e+01,1.46e+02,4.60e+01
-2.09e+02,-4.89e+01,1.43e+02,4.50e+01
-2.11e+02,-4.68e+01,1.49e+02,4.80e+01
-2.10e+02,-4.88e+01,1.49e+02,4.80e+01
-3.20e+02,-4.85e+01,1.49e+02,4.70e+01
-2.10e+02,-5.01e+01,1.46e+02,4.60e+01
-3.58e+02,-6.25e+01,1.46e+02,4.60e+01
-2.17e+02,-4.73e+01,1.46e+02,4.70e+01
-2.10e+02,-5.26e+01,1.45e+02,4.60e+01
-2.08e+02,-5.15e+01,1.47e+02,4.60e+01
-3.58e+02,-7.25e+01,1.49e+02,4.70e+01
-2.04e+02,-4.63e+01,1.49e+02,4.70e+01
-2.54e+02,-6.27e+01,1.48e+02,4.70e+01
-2.20e+02,-6.93e+01,1.49e+02,4.80e+01
-2.21e+02,-5.83e+01,1.46e+02,4.70e+01
-2.08e+02,-5.25e+01,1.44e+02,4.50e+01
-2.12e+02,-4.19e+01,1.48e+02,4.70e+01
-2.05e+02,-4.52e+01,1.46e+02,4.70e+01
-2.16e+02,-5.87e+01,1.45e+02,4.60e+01
-2.06e+02,-5.15e+01,1.46e+02,4.60e+01
-2.10e+02,-4.81e+01,1.47e+02,4.70e+01
-2.11e+02,-4.50e+01,1.46e+02,4.70e+01
-2.14e+02,-4.57e+01,1.49e+02,4.70e+01
-2.05e+02,-4.01e+01,1.50e+02,4.80e+01
-2.22e+02,-6.34e+01,1.49e+02,4.80e+01
-2.16e+02,-5.23e+01,1.45e+02,4.60e+01
-2.80e+02,-5.34e+01,1.45e+02,4.60e+01
-2.15e+02,-5.42e+01,1.44e+02,4.60e+01
-3.58e+02,-5.66e+01,1.48e+02,4.70e+01
-4.42e+02,-1.51e+02,1.48e+02,4.80e+01
-2.10e+02,-3.97e+01,1.45e+02,4.60e+01
-2.18e+02,-5.04e+01,1.44e+02,4.60e+01
-2.16e+02,-4.77e+01,1.46e+02,4.60e+01
-2.18e+02,-6.32e+01,1.45e+02,4.60e+01
-2.13e+02,-4.76e+01,1.48e+02,4.70e+01
-2.10e+02,-5.72e+01,1.49e+02,4.80e+01
-2.13e+02,-5.20e+01,1.47e+02,4.70e+01
-2.09e+02,-4.51e+01,1.45e+02,4.60e+01
-2.05e+02,-4.47e+01,1.47e+02,4.70e+01
-2.22e+02,-7.31e+01,1.46e+02,4.70e+01
-2.07e+02,-4.20e+01,1.45e+02,4.60e+01
-2.13e+02,-4.05e+01,1.45e+02,4.70e+01
-2.09e+02,-5.66e+01,1.48e+02,4.70e+01
-2.06e+02,-5.43e+01,1.44e+02,4.50e+01
-2.13e+02,-5.23e+01,1.45e+02,4.60e+01
-2.10e+02,-5.36e+01,1.48e+02,4.70e+01
-2.10e+02,-4.59e+01,1.48e+02,4.70e+01
-2.07e+02,-5.34e+01,1.50e+02,4.80e+01
-2.10e+02,-5.96e+01,1.48e+02,4.70e+01
-2.23e+02,-4.28e+01,1.49e+02,4.80e+01
-2.07e+02,-4.64e+01,1.49e+02,4.80e+01
-2.07e+02,-4.88e+01,1.47e+02,4.60e+01
-3.53e+02,-4.78e+01,1.43e+02,4.50e+01
-2.10e+02,-5.03e+01,1.47e+02,4.70e+01
-2.11e+02,-6.24e+01,1.46e+02,4.60e+01
-2.10e+02,-4.20e+01,1.51e+02,4.90e+01
-2.11e+02,-5.80e+01,1.45e+02,4.60e+01
-2.84e+02,-4.90e+01,1.45e+02,4.60e+01
-2.17e+02,-5.86e+01,1.48e+02,4.70e+01
-2.08e+02,-4.70e+01,1.47e+02,4.70e+01
-2.10e+02,-5.41e+01,1.49e+02,4.80e+01
-2.08e+02,-4.91e+01,1.49e+02,4.80e+01
-2.10e+02,-4.81e+01,1.50e+02,4.80e+01
-2.39e+02,-5.68e+01,1.50e+02,4.80e+01
-5.00e+02,-5.00e+02,1.45e+02,4.60e+01
-2.09e+02,-4.76e+01,1.44e+02,4.60e+01
-2.11e+02,-5.01e+01,1.46e+02,4.60e+01
-2.17e+02,-5.04e+01,1.49e+02,4.80e+01
-2.10e+02,-4.47e+01,1.49e+02,4.80e+01
-2.03e+02,-4.17e+01,1.49e+02,4.80e+01
-2.18e+02,-4.68e+01,1.48e+02,4.70e+01
-2.04e+02,-3.94e+01,1.49e+02,4.80e+01
-2.10e+02,-6.04e+01,1.50e+02,4.80e+01
-2.10e+02,-5.42e+01,1.50e+02,4.80e+01
-2.10e+02,-5.57e+01,1.46e+02,4.60e+01
-2.08e+02,-4.73e+01,1.48e+02,4.80e+01
-2.84e+02,-4.97e+01,1.45e+02,4.60e+01
-2.13e+02,-4.41e+01,1.49e+02,4.80e+01
-2.11e+02,-4.98e+01,1.44e+02,4.60e+01
-2.17e+02,-4.80e+01,1.47e+02,4.70e+01
-2.09e+02,-4.91e+01,1.49e+02,4.70e+01
-2.07e+02,-4.55e+01,1.48e+02,4.70e+01
-2.10e+02,-5.63e+01,1.47e+02,4.70e+01
-2.14e+02,-3.91e+01,1.45e+02,4.60e+01
-2.10e+02,-4.59e+01,1.48e+02,4.70e+01
-2.05e+02,-4.14e+01,1.50e+02,4.80e+01
-2.11e+02,-6.05e+01,1.48e+02,4.70e+01
-2.06e+02,-5.18e+01,1.46e+02,4.60e+01
-2.05e+02,-4.93e+01,1.49e+02,4.80e+01
-2.08e+02,-4.60e+01,1.49e+02,4.80e+01
-2.04e+02,-5.35e+01,1.45e+02,4.60e+01
-2.15e+02,-5.02e+01,1.45e+02,4.60e+01
-2.47e+02,-6.28e+01,1.48e+02,4.80e+01
-2.12e+02,-4.61e+01,1.47e+02,4.60e+01
-2.02e+02,-3.74e+01,1.49e+02,4.70e+01
-2.03e+02,-4.72e+01,1.48e+02,4.70e+01
-2.17e+02,-5.96e+01,1.46e+02,4.60e+01
-2.05e+02,-4.99e+01,1.45e+02,4.60e+01
-2.12e+02,-6.01e+01,1.44e+02,4.50e+01
-2.10e+02,-5.66e+01,1.49e+02,4.70e+01
-2.22e+02,-5.91e+01,1.45e+02,4.60e+01
-2.14e+02,-5.34e+01,1.44e+02,4.50e+01
-2.07e+02,-4.15e+01,1.50e+02,4.80e+01
-2.08e+02,-4.48e+01,1.48e+02,4.80e+01
-2.06e+02,-4.61e+01,1.47e+02,4.70e+01
-2.05e+02,-4.93e+01,1.49e+02,4.80e+01
-2.12e+02,-5.76e+01,1.49e+02,4.80e+01
-3.54e+02,-5.60e+01,1.47e+02,4.60e+01
-2.08e+02,-5.20e+01,1.46e+02,4.60e+01
-2.10e+02,-5.21e+01,1.49e+02,4.80e+01
-2.12e+02,-4.86e+01,1.44e+02,4.60e+01
-2.19e+02,-5.30e+01,1.47e+02,4.70e+01
-2.08e+02,-4.30e+01,1.49e+02,4.80e+01
-2.06e+02,-4.63e+01,1.47e+02,4.70e+01
-2.11e+02,-6.45e+01,1.48e+02,4.70e+01
-2.09e+02,-5.02e+01,1.48e+02,4.80e+01
-2.09e+02,-4.68e+01,1.47e+02,4.70e+01
-2.10e+02,-4.83e+01,1.46e+02,4.60e+01
-2.15e+02,-5.89e+01,1.47e+02,4.60e+01
-2.06e+02,-4.79e+01,1.48e+02,4.70e+01
-2.13e+02,-4.84e+01,1.46e+02,4.60e+01
-2.09e+02,-5.64e+01,1.50e+02,4.90e+01
