-2.10e+02,-4.79e+01,1.52e+02,4.80e+01
-2.07e+02,-4.72e+01,1.45e+02,4.60e+01
-2.06e+02,-4.56e+01,1.51e+02,4.90e+01
-2.03e+02,-4.63e+01,1.53e+02,4.90e+01
-2.09e+02,-4.68e+01,1.45e+02,4.60e+01
-2.05e+02,-4.97e+01,1.50e+02,4.70e+01
-2.08e+02,-4.27e+01,1.51e+02,4.80e+01
-2.06e+02,-4.85e+01,1.52e+02,4.80e+01
-2.18e+02,-4.98e+01,1.52e+02,4.80e+01
-2.08e+02,-4.32e+01,1.45e+02,4.60e+01
-2.10e+02,-4.36e+01,1.49e+02,4.70e+01
-2.06e+02,-4.06e+01,1.46e+02,4.50e+01
-2.15e+02,-5.46e+01,1.53e+02,4.80e+01
-2.07e+02,-5.10e+01,1.45e+02,4.60e+01
-2.05e+02,-4.37e+01,1.49e+02,4.70e+01
-2.11e+02,-5.21e+01,1.47e+02,4.60e+01
-2.08e+02,-5.71e+01,1.50e+02,4.70e+01
-2.08e+02,-5.18e+01,1.46e+02,4.50e+01
-2.12e+02,-5.10e+01,1.54e+02,4.90e+01
-2.10e+02,-5.31e+01,1.45e+02,4.60e+01
-2.10e+02,-4.60e+01,1.46e+02,4.50e+01
-2.10e+02,-4.92e+01,1.50e+02,4.70e+01
-2.09e+02,-4.63e+01,1.47e+02,4.60e+01
-2.07e+02,-4.50e+01,1.51e+02,4.70e+01
-2.26e+02,-5.39e+01,1.53e+02,4.90e+01
-2.10e+02,-4.99e+01,1.54e+02,4.90e+01
-2.05e+02,-4.95e+01,1.45e+02,4.60e+01
-2.10e+02,-5.59e+01,1.46e+02,4.60e+01
-2.21e+02,-5.14e+01,1.52e+02,4.80e+01
-2.14e+02,-5.30e+01,1.52e+02,4.80e+01
-2.82e+02,-6.08e+01,1.45e+02,4.60e+01
-2.05e+02,-4.45e+01,1.50e+02,4.70e+01
-2.10e+02,-3.98e+01,1.47e+02,4.50e+01
-2.10e+02,-5.04e+01,1.53e+02,4.80e+01
-2.04e+02,-3.81e+01,1.46e+02,4.60e+01
-2.23e+02,-6.34e+01,1.54e+02,4.90e+01
-2.03e+02,-4.88e+01,1.52e+02,4.80e+01
-2.80e+02,-5.25e+01,1.52e+02,4.80e+01
-2.79e+02,-4.37e+01,1.45e+02,4.60e+01
-2.27e+02,-4.91e+01,1.55e+02,4.90e+01
-2.84e+02,-6.56e+01,1.52e+02,4.80e+01
-2.09e+02,-5.44e+01,1.45e+02,4.60e+01
-2.05e+02,-5.32e+01,1.54e+02,4.90e+01
-2.09e+02,-4.65e+01,1.49e+02,4.70e+01
-2.13e+02,-4.52e+01,1.46e+02,4.60e+01
-2.07e+02,-4.23e+01,1.47e+02,4.50e+01
-2.07e+02,-5.41e+01,1.52e+02,4.80e+01
-2.06e+02,-4.84e+01,1.47e+02,4.70e+01
-2.10e+02,-5.58e+01,1.45e+02,4.60e+01
-2.18e+02,-5.68e+01,1.53e+02,4.90e+01
-2.09e+02,-5.06e+01,1.49e+02,4.70e+01
-2.03e+02,-4.69e+01,1.51e+02,4.80e+01
-2.08e+02,-4.40e+01,1.56e+02,5.00e+01
-2.13e+02,-4.15e+01,1.51e+02,4.70e+01
-2.12e+02,-5.74e+01,1.52e+02,4.80e+01
-2.09e+02,-5.56e+01,1.51e+02,4.80e+01
-3.62e+02,-7.66e+01,1.53e+02,4.80e+01
-2.09e+02,-4.96e+01,1.46e+02,4.60e+01
-2.05e+02,-3.72e+01,1.46e+02,4.60e+01
-2.08e+02,-4.52e+01,1.52e+02,4.80e+01
-2.07e+02,-5.45e+01,1.45e+02,4.60e+01
-2.16e+02,-4.70e+01,1.46e+02,4.60e+01
-2.09e+02,-5.21e+01,1.52e+02,4.80e+01
-2.10e+02,-4.35e+01,1.50e+02,4.70e+01
-2.10e+02,-5.21e+01,1.53e+02,4.90e+01
-4.26e+02,-5.54e+01,1.52e+02,4.80e+01
-2.06e+02,-4.39e+01,1.52e+02,4.80e+01
-2.12e+02,-5.43e+01,1.51e+02,4.90e+01
-2.13e+02,-5.27e+01,1.45e+02,4.60e+01
-2.21e+02,-4.80e+01,1.46e+02,4.70e+01
-3.27e+02,-7.53e+01,1.52e+02,4.80e+01
-2.09e+02,-5.29e+01,1.46e+02,4.50e+01
-2.04e+02,-4.82e+01,1.52e+02,4.80e+01
-2.07e+02,-4.57e+01,1.52e+02,4.80e+01
-2.84e+02,-4.43e+01,1.49e+02,4.70e+01
-2.05e+02,-5.01e+01,1.49e+02,4.70e+01
-2.06e+02,-4.15e+01,1.51e+02,4.70e+01
-3.64e+02,-6.71e+01,1.47e+02,4.50e+01
-2.10e+02,-4.70e+01,1.47e+02,4.50e+01
-2.10e+02,-4.19e+01,1.46e+02,4.60e+01
-2.09e+02,-4.29e+01,1.52e+02,5.00e+01
-2.05e+02,-4.19e+01,1.46e+02,4.60e+01
-2.10e+02,-4.54e+01,1.46e+02,4.50e+01
-2.08e+02,-5.27e+01,1.51e+02,4.70e+01
-2.10e+02,-5.64e+01,1.52e+02,4.80e+01
-2.07e+02,-5.07e+01,1.51e+02,4.80e+01
-2.04e+02,-4.27e+01,1.51e+02,4.80e+01
-2.05e+02,-4.81e+01,1.52e+02,4.80e+01
-2.04e+02,-4.44e+01,1.52e+02,4.80e+01
-2.28e+02,-8.89e+01,1.49e+02,4.70e+01
-2.05e+02,-4.66e+01,1.47e+02,4.70e+01
-2.11e+02,-5.38e+01,1.52e+02,4.80e+01
-2.12e+02,-5.15e+01,1.45e+02,4.60e+01
-2.09e+02,-4.60e+01,1.53e+02,4.80e+01
-4.25e+02,-5.41e+01,1.46e+02,4.70e+01
-2.11e+02,-4.46e+01,1.54e+02,4.90e+01
-2.04e+02,-4.52e+01,1.50e+02,4.70e+01
-2.08e+02,-5.35e+01,1.53e+02,4.80e+01
-2.07e+02,-5.22e+01,1.51e+02,4.80e+01
-2.85e+02,-6.54e+01,1.45e+02,4.60e+01
-2.28e+02,-5.27e+01,1.52e+02,4.80e+01
-2.12e+02,-4.98e+01,1.52e+02,4.80e+01
-2.05e+02,-4.17e+01,1.52e+02,4.90e+01
-2.15e+02,-6.41e+01,1.46e+02,4.60e+01
-2.17e+02,-5.50e+01,1.46e+02,4.60e+01
-2.11e+02,-4.38e+01,1.45e+02,4.60e+01
-4.43e+02,-1.61e+02,1.50e+02,4.70e+01
-2.29e+02,-4.53e+01,1.51e+02,4.70e+01
-2.10e+02,-5.18e+01,1.52e+02,4.80e+01
-2.84e+02,-4.55e+01,1.52e+02,5.00e+01
-2.08e+02,-5.76e+01,1.53e+02,4.90e+01
-2.08e+02,-4.75e+01,1.53e+02,4.90e+01
-2.28e+02,-5.83e+01,1.50e+02,4.70e+01
-2.08e+02,-4.81e+01,1.53e+02,4.90e+01
-2.11e+02,-5.02e+01,1.52e+02,4.70e+01
-2.10e+02,-6.03e+01,1.47e+02,4.50e+01
-2.04e+02,-4.06e+01,1.52e+02,4.80e+01
-2.08e+02,-5.31e+01,1.54e+02,4.90e+01
-2.09e+02,-5.70e+01,1.53e+02,4.90e+01
-2.10e+02,-3.89e+01,1.46e+02,4.60e+01
-2.09e+02,-4.91e+01,1.45e+02,4.60e+01
-4.26e+02,-5.89e+01,1.50e+02,4.70e+01
-2.84e+02,-4.31e+01,1.50e+02,4.80e+01
-2.09e+02,-4.44e+01,1.47e+02,4.70e+01
-2.09e+02,-4.24e+01,1.45e+02,4.60e+01
-2.08e+02,-3.77e+01,1.46e+02,4.50e+01
-2.14e+02,-4.84e+01,1.46e+02,4.50e+01
-2.13e+02,-5.53e+01,1.54e+02,4.90e+01
-2.08e+02,-4.45e+01,1.49e+02,4.70e+01
-2.06e+02,-4.91e+01,1.50e+02,4.80e+01
-2.07e+02,-4.56e+01,1.52e+02,4.80e+01
-2.05e+02,-4.64e+01,1.47e+02,4.50e+01
-2.07e+02,-4.85e+01,1.51e+02,4.80e+01
-2.09e+02,-4.69e+01,1.51e+02,4.90e+01
-2.11e+02,-4.47e+01,1.45e+02,4.60e+01
-2.05e+02,-4.79e+01,1.53e+02,4.80e+01
-2.15e+02,-4.78e+01,1.45e+02,4.60e+01
-2.67e+02,-5.41e+01,1.51e+02,4.80e+01
-2.09e+02,-5.36e+01,1.51e+02,4.80e+01
-2.05e+02,-4.24e+01,1.46e+02,4.60e+01
-2.08e+02,-4.97e+01,1.50e+02,4.70e+01
-2.12e+02,-4.62e+01,1.51e+02,4.70e+01
-2.11e+02,-4.41e+01,1.45e+02,4.60e+01
-2.09e+02,-4.93e+01,1.52e+02,4.80e+01
-2.07e+02,-5.23e+01,1.54e+02,4.90e+01
-2.17e+02,-5.76e+01,1.47e+02,4.50e+01
-2.07e+02,-4.64e+01,1.49e+02,4.70e+01
-2.06e+02,-4.71e+01,1.45e+02,4.60e+01
-2.06e+02,-4.22e+01,1.53e+02,4.80e+01
-2.18e+02,-4.79e+01,1.52e+02,4.80e+01
-2.26e+02,-5.89e+01,1.51e+02,4.90e+01
-2.13e+02,-6.34e+01,1.53e+02,4.90e+01
-2.81e+02,-5.04e+01,1.46e+02,4.50e+01
-2.96e+02,-7.95e+01,1.52e+02,4.80e+01
-3.33e+02,-6.31e+01,1.47e+02,4.60e+01
-2.09e+02,-5.33e+01,1.53e+02,4.90e+01
-2.12e+02,-5.27e+01,1.47e+02,4.50e+01
-2.90e+02,-5.55e+01,1.45e+02,4.60e+01
-2.09e+02,-5.32e+01,1.53e+02,4.80e+01
-2.08e+02,-4.78e+01,1.51e+02,4.80e+01
-2.09e+02,-4.86e+01,1.53e+02,4.80e+01
-2.13e+02,-4.35e+01,1.46e+02,4.60e+01
-2.13e+02,-4.27e+01,1.53e+02,4.80e+01
-2.21e+02,-4.92e+01,1.52e+02,4.80e+01
-2.13e+02,-4.64e+01,1.52e+02,4.80e+01
-2.11e+02,-4.60e+01,1.50e+02,4.70e+01
-2.08e+02,-4.75e+01,1.55e+02,4.90e+01
-2.07e+02,-5.42e+01,1.53e+02,4.90e+01
-2.05e+02,-4.66e+01,1.54e+02,4.90e+01
-2.91e+02,-6.79e+01,1.45e+02,4.60e+01
-2.14e+02,-5.15e+01,1.47e+02,4.50e+01
-2.06e+02,-4.52e+01,1.46e+02,4.60e+01
-2.09e+02,-4.82e+01,1.54e+02,4.90e+01
-2.05e+02,-5.09e+01,1.51e+02,4.80e+01
-2.17e+02,-5.14e+01,1.49e+02,4.70e+01
-2.04e+02,-4.18e+01,1.46e+02,4.60e+01
-2.12e+02,-5.77e+01,1.51e+02,4.80e+01
-2.09e+02,-5.44e+01,1.53e+02,4.90e+01
-5.00e+02,-5.00e+02,1.52e+02,4.80e+01
-2.09e+02,-4.92e+01,1.52e+02,4.80e+01
-2.08e+02,-3.83e+01,1.51e+02,4.90e+01
-2.14e+02,-5.68e+01,1.46e+02,4.60e+01
-2.09e+02,-4.35e+01,1.45e+02,4.60e+01
-2.05e+02,-4.02e+01,1.51e+02,4.90e+01
-2.08e+02,-4.84e+01,1.46e+02,4.60e+01
-2.14e+02,-5.35e+01,1.47e+02,4.50e+01
-3.54e+02,-5.65e+01,1.50e+02,4.70e+01
-2.12e+02,-4.97e+01,1.46e+02,4.60e+01
-2.84e+02,-5.50e+01,1.53e+02,4.90e+01
-2.03e+02,-5.02e+01,1.51e+02,4.90e+01
-2.86e+02,-5.63e+01,1.51e+02,4.90e+01
-2.11e+02,-4.75e+01,1.46e+02,4.60e+01
