-2.11e+02,-4.22e+01,2.07e+02,5.60e+01
-1.42e+02,-7.15e+01,2.17e+02,6.00e+01
-1.43e+02,-5.96e+01,2.16e+02,6.00e+01
-2.13e+02,-5.18e+01,2.07e+02,5.60e+01
-1.55e+02,-8.05e+01,2.17e+02,6.00e+01
-1.51e+02,-5.96e+01,2.16e+02,6.00e+01
-2.04e+02,-4.00e+01,2.07e+02,5.60e+01
-1.46e+02,-6.30e+01,2.19e+02,6.10e+01
-1.38e+02,-6.77e+01,2.16e+02,6.00e+01
-1.44e+02,-8.80e+01,2.17e+02,6.00e+01
-2.18e+02,-4.98e+01,2.07e+02,5.60e+01
-1.55e+02,-6.73e+01,2.24e+02,6.40e+01
-1.40e+02,-6.17e+01,2.16e+02,6.00e+01
-2.04e+02,-4.35e+01,2.09e+02,5.60e+01
-1.32e+02,-6.74e+01,2.20e+02,6.20e+01
-1.47e+02,-7.60e+01,2.17e+02,6.00e+01
-1.41e+02,-5.80e+01,2.18e+02,6.00e+01
-2.07e+02,-4.45e+01,2.07e+02,5.60e+01
-1.28e+02,-5.56e+01,2.23e+02,6.40e+01
-1.38e+02,-7.18e+01,2.16e+02,6.00e+01
-2.24e+02,-5.18e+01,2.08e+02,5.70e+01
-1.46e+02,-6.22e+01,2.18e+02,6.00e+01
-1.42e+02,-6.39e+01,2.17e+02,6.00e+01
-2.09e+02,-5.07e+01,2.07e+02,5.60e+01
-1.54e+02,-6.61e+01,2.19e+02,6.10e+01
-1.57e+02,-6.65e+01,2.16e+02,6.00e+01
-2.10e+02,-5.59e+01,2.08e+02,5.60e+01
-1.53e+02,-6.43e+01,2.18e+02,6.00e+01
-2.06e+02,-4.49e+01,2.09e+02,5.70e+01
-3.20e+02,-8.39e+01,2.17e+02,6.00e+01
-1.68e+02,-8.60e+01,2.16e+02,6.00e+01
-1.48e+02,-7.57e+01,2.17e+02,6.00e+01
-1.38e+02,-7.72e+01,2.17e+02,6.00e+01
-2.13e+02,-4.90e+01,2.07e+02,5.60e+01
-2.11e+02,-5.54e+01,2.10e+02,5.60e+01
-2.49e+02,-6.58e+01,2.19e+02,6.10e+01
-1.51e+02,-7.59e+01,2.17e+02,6.00e+01
-2.83e+02,-6.08e+01,2.07e+02,5.60e+01
-1.45e+02,-5.85e+01,2.17e+02,6.00e+01
-1.49e+02,-8.15e+01,2.18e+02,6.00e+01
-2.63e+02,-7.67e+01,2.17e+02,6.00e+01
-2.04e+02,-4.69e+01,2.07e+02,5.60e+01
-1.33e+02,-7.77e+01,2.21e+02,6.20e+01
-1.39e+02,-7.26e+01,2.16e+02,6.00e+01
-1.44e+02,-6.62e+01,2.16e+02,6.00e+01
-2.04e+02,-4.32e+01,2.10e+02,5.60e+01
-2.11e+02,-4.49e+01,2.08e+02,5.70e+01
-2.11e+02,-6.25e+01,2.18e+02,6.00e+01
-2.10e+02,-5.45e+01,2.08e+02,5.70e+01
-1.48e+02,-7.02e+01,2.17e+02,6.00e+01
-1.41e+02,-8.10e+01,2.17e+02,6.00e+01
-2.09e+02,-5.67e+01,2.07e+02,5.60e+01
-1.53e+02,-7.19e+01,2.17e+02,6.00e+01
-2.11e+02,-3.94e+01,2.11e+02,5.70e+01
-1.98e+02,-8.85e+01,2.19e+02,6.10e+01
-1.38e+02,-5.57e+01,2.25e+02,6.40e+01
-1.41e+02,-7.24e+01,2.18e+02,6.00e+01
-2.16e+02,-8.50e+01,2.17e+02,6.10e+01
-2.07e+02,-4.87e+01,2.08e+02,5.60e+01
-1.35e+02,-6.79e+01,2.17e+02,6.00e+01
-2.25e+02,-7.58e+01,2.17e+02,6.00e+01
-1.48e+02,-5.84e+01,2.21e+02,6.20e+01
-2.15e+02,-7.62e+01,2.17e+02,6.00e+01
-2.09e+02,-4.36e+01,2.07e+02,5.60e+01
-1.26e+02,-6.29e+01,2.24e+02,6.40e+01
-2.08e+02,-4.70e+01,2.07e+02,5.60e+01
-1.41e+02,-8.29e+01,2.17e+02,6.00e+01
-1.40e+02,-6.70e+01,2.19e+02,6.10e+01
-1.44e+02,-7.64e+01,2.20e+02,6.20e+01
-1.46e+02,-7.17e+01,2.18e+02,6.10e+01
-1.48e+02,-7.85e+01,2.17e+02,6.00e+01
-1.60e+02,-7.73e+01,2.24e+02,6.40e+01
-1.55e+02,-7.30e+01,2.17e+02,6.00e+01
-1.43e+02,-7.59e+01,2.17e+02,6.00e+01
-1.44e+02,-6.90e+01,2.17e+02,6.00e+01
-1.45e+02,-7.16e+01,2.16e+02,6.00e+01
-2.04e+02,-4.13e+01,2.08e+02,5.70e+01
-2.06e+02,-4.79e+01,2.08e+02,5.60e+01
-1.40e+02,-7.20e+01,2.18e+02,6.00e+01
-2.85e+02,-9.46e+01,2.17e+02,6.00e+01
-2.07e+02,-5.40e+01,2.07e+02,5.60e+01
-2.77e+02,-6.31e+01,2.18e+02,6.00e+01
-1.41e+02,-6.58e+01,2.17e+02,6.00e+01
-2.09e+02,-5.33e+01,2.09e+02,5.70e+01
-1.44e+02,-7.41e+01,2.18e+02,6.00e+01
-1.62e+02,-1.07e+02,2.19e+02,6.10e+01
-2.07e+02,-5.26e+01,2.07e+02,5.60e+01
-2.06e+02,-4.60e+01,2.08e+02,5.60e+01
-1.44e+02,-6.92e+01,2.16e+02,6.00e+01
-2.14e+02,-6.29e+01,2.08e+02,5.70e+01
-1.71e+02,-8.55e+01,2.17e+02,6.00e+01
-1.41e+02,-7.06e+01,2.17e+02,6.00e+01
-2.14e+02,-5.53e+01,2.08e+02,5.60e+01
-1.43e+02,-6.82e+01,2.18e+02,6.10e+01
-2.08e+02,-5.03e+01,2.07e+02,5.60e+01
-2.14e+02,-5.26e+01,2.07e+02,5.60e+01
-1.51e+02,-7.61e+01,2.25e+02,6.40e+01
-2.91e+02,-9.09e+01,2.16e+02,6.00e+01
-1.32e+02,-6.22e+01,2.20e+02,6.10e+01
-2.09e+02,-4.57e+01,2.09e+02,5.70e+01
-2.07e+02,-5.17e+01,2.08e+02,5.70e+01
-1.45e+02,-7.07e+01,2.16e+02,6.00e+01
-3.15e+02,-8.05e+01,2.18e+02,6.00e+01
-2.95e+02,-7.77e+01,2.17e+02,6.00e+01
-1.40e+02,-6.24e+01,2.21e+02,6.20e+01
-2.07e+02,-5.75e+01,2.08e+02,5.60e+01
-1.40e+02,-6.86e+01,2.19e+02,6.10e+01
-2.08e+02,-6.04e+01,2.09e+02,5.60e+01
-2.08e+02,-5.71e+01,2.08e+02,5.70e+01
-2.93e+02,-9.08e+01,2.18e+02,6.00e+01
-1.44e+02,-7.21e+01,2.17e+02,6.00e+01
-2.16e+02,-5.22e+01,2.08e+02,5.70e+01
-2.01e+02,-4.13e+01,2.08e+02,5.60e+01
-1.38e+02,-7.57e+01,2.18e+02,6.00e+01
-2.72e+02,-7.52e+01,2.17e+02,6.00e+01
-1.42e+02,-6.62e+01,2.18e+02,6.00e+01
-1.39e+02,-7.12e+01,2.16e+02,6.00e+01
-1.42e+02,-6.43e+01,2.24e+02,6.40e+01
-1.42e+02,-6.47e+01,2.18e+02,6.00e+01
-1.51e+02,-9.54e+01,2.19e+02,6.10e+01
-2.10e+02,-5.47e+01,2.07e+02,5.60e+01
-1.43e+02,-7.22e+01,2.17e+02,6.00e+01
-1.71e+02,-9.51e+01,2.17e+02,6.00e+01
-1.47e+02,-6.16e+01,2.25e+02,6.40e+01
-2.10e+02,-4.72e+01,2.08e+02,5.60e+01
-2.17e+02,-6.01e+01,2.08e+02,5.60e+01
-1.41e+02,-7.84e+01,2.16e+02,6.00e+01
-1.36e+02,-6.18e+01,2.18e+02,6.00e+01
-1.42e+02,-7.63e+01,2.18e+02,6.00e+01
-2.15e+02,-6.07e+01,2.08e+02,5.60e+01
-2.08e+02,-4.74e+01,2.08e+02,5.70e+01
-1.36e+02,-6.78e+01,2.19e+02,6.10e+01
-1.34e+02,-6.48e+01,2.16e+02,6.00e+01
-3.53e+02,-5.57e+01,2.08e+02,5.60e+01
-1.60e+02,-6.17e+01,2.18e+02,6.10e+01
-2.83e+02,-5.77e+01,2.07e+02,5.60e+01
-2.12e+02,-4.85e+01,2.10e+02,5.80e+01
-2.79e+02,-5.29e+01,2.08e+02,5.60e+01
-2.11e+02,-4.67e+01,2.08e+02,5.60e+01
-2.10e+02,-4.78e+01,2.08e+02,5.70e+01
-1.46e+02,-6.74e+01,2.16e+02,6.00e+01
-1.40e+02,-5.62e+01,2.23e+02,6.40e+01
-1.43e+02,-8.07e+01,2.16e+02,6.00e+01
-2.19e+02,-5.25e+01,2.07e+02,5.60e+01
-1.49e+02,-7.76e+01,2.19e+02,6.10e+01
-1.53e+02,-6.44e+01,2.18e+02,6.00e+01
-1.53e+02,-8.01e+01,2.17e+02,6.00e+01
-1.39e+02,-6.60e+01,2.17e+02,6.00e+01
-2.15e+02,-5.48e+01,2.07e+02,5.60e+01
-1.57e+02,-8.15e+01,2.17e+02,6.00e+01
-2.08e+02,-4.70e+01,2.07e+02,5.60e+01
-1.37e+02,-7.38e+01,2.20e+02,6.10e+01
-1.40e+02,-6.39e+01,2.18e+02,6.10e+01
-2.09e+02,-4.08e+01,2.08e+02,5.60e+01
-2.08e+02,-7.83e+01,2.16e+02,6.00e+01
-2.07e+02,-5.38e+01,2.07e+02,5.60e+01
-1.40e+02,-6.17e+01,2.20e+02,6.10e+01
-1.87e+02,-7.78e+01,2.17e+02,6.00e+01
-1.38e+02,-6.49e+01,2.16e+02,6.00e+01
-2.15e+02,-4.38e+01,2.08e+02,5.60e+01
-1.83e+02,-7.29e+01,2.17e+02,6.00e+01
-1.41e+02,-6.63e+01,2.16e+02,6.00e+01
-2.08e+02,-4.76e+01,2.08e+02,5.60e+01
-1.36e+02,-6.12e+01,2.16e+02,6.00e+01
-2.15e+02,-4.78e+01,2.08e+02,5.60e+01
-2.13e+02,-4.95e+01,2.08e+02,5.60e+01
-2.06e+02,-3.91e+01,2.07e+02,5.60e+01
-2.04e+02,-5.09e+01,2.07e+02,5.60e+01
-1.39e+02,-6.28e+01,2.17e+02,6.00e+01
-2.11e+02,-5.31e+01,2.09e+02,5.60e+01
-2.12e+02,-5.78e+01,2.07e+02,5.60e+01
-1.37e+02,-7.49e+01,2.20e+02,6.10e+01
-2.12e+02,-4.85e+01,2.08e+02,5.60e+01
-1.42e+02,-6.27e+01,2.19e+02,6.10e+01
-1.34e+02,-6.61e+01,2.17e+02,6.00e+01
-1.59e+02,-6.24e+01,2.25e+02,6.40e+01
-1.35e+02,-6.93e+01,2.18e+02,6.10e+01
-1.42e+02,-6.98e+01,2.26e+02,6.50e+01
-1.51e+02,-7.02e+01,2.19e+02,6.10e+01
-1.48e+02,-6.23e+01,2.16e+02,6.00e+01
-1.32e+02,-7.25e+01,2.16e+02,6.00e+01
-1.32e+02,-6.64e+01,2.17e+02,6.00e+01
-5.00e+02,-5.00e+02,2.17e+02,6.00e+01
-1.31e+02,-6.24e+01,2.20e+02,6.10e+01
-1.50e+02,-8.53e+01,2.18e+02,6.00e+01
-2.10e+02,-5.14e+01,2.08e+02,5.70e+01
-1.44e+02,-6.85e+01,2.18e+02,6.00e+01
-2.05e+02,-4.72e+01,2.07e+02,5.60e+01
-1.38e+02,-5.78e+01,2.21e+02,6.20e+01
-1.81e+02,-7.27e+01,2.16e+02,6.00e+01
-2.02e+02,-4.37e+01,2.09e+02,5.70e+01
-1.43e+02,-7.27e+01,2.18e+02,6.00e+01
