-2.10e+02,-4.20e+01,2.32e+02,6.10e+01
-1.33e+02,-5.52e+01,2.41e+02,6.10e+01
-2.07e+02,-5.33e+01,2.31e+02,6.10e+01
-1.35e+02,-7.38e+01,2.44e+02,6.30e+01
-2.07e+02,-4.46e+01,2.31e+02,6.10e+01
-1.33e+02,-6.82e+01,2.42e+02,6.20e+01
-1.37e+02,-6.36e+01,2.42e+02,6.20e+01
-1.35e+02,-5.64e+01,2.42e+02,6.20e+01
-2.11e+02,-4.72e+01,2.32e+02,6.20e+01
-1.41e+02,-5.48e+01,2.41e+02,6.10e+01
-1.40e+02,-6.14e+01,2.43e+02,6.20e+01
-2.07e+02,-4.55e+01,2.32e+02,6.10e+01
-1.37e+02,-5.63e+01,2.41e+02,6.10e+01
-1.35e+02,-5.62e+01,2.45e+02,6.20e+01
-1.30e+02,-6.02e+01,2.44e+02,6.30e+01
-1.58e+02,-8.11e+01,2.42e+02,6.20e+01
-2.08e+02,-5.03e+01,2.32e+02,6.00e+01
-1.52e+02,-7.39e+01,2.44e+02,6.30e+01
-2.06e+02,-4.97e+01,2.32e+02,6.10e+01
-2.09e+02,-4.41e+01,2.33e+02,6.00e+01
-1.45e+02,-6.39e+01,2.41e+02,6.10e+01
-1.57e+02,-5.85e+01,2.45e+02,6.20e+01
-1.42e+02,-5.32e+01,2.42e+02,6.20e+01
-1.49e+02,-7.87e+01,2.43e+02,6.20e+01
-2.11e+02,-4.76e+01,2.32e+02,6.20e+01
-1.39e+02,-6.61e+01,2.43e+02,6.20e+01
-1.29e+02,-6.01e+01,2.43e+02,6.30e+01
-1.40e+02,-6.43e+01,2.43e+02,6.30e+01
-1.39e+02,-5.58e+01,2.45e+02,6.30e+01
-1.59e+02,-5.99e+01,2.42e+02,6.20e+01
-1.36e+02,-5.57e+01,2.41e+02,6.10e+01
-1.25e+02,-6.03e+01,2.42e+02,6.10e+01
-2.07e+02,-4.74e+01,2.32e+02,6.20e+01
-1.46e+02,-7.05e+01,2.42e+02,6.20e+01
-2.05e+02,-5.17e+01,2.36e+02,6.00e+01
-2.13e+02,-7.75e+01,2.42e+02,6.20e+01
-2.18e+02,-6.06e+01,2.32e+02,6.10e+01
-1.39e+02,-6.78e+01,2.43e+02,6.30e+01
-2.14e+02,-7.86e+01,2.45e+02,6.30e+01
-1.46e+02,-6.30e+01,2.46e+02,6.20e+01
-1.45e+02,-5.96e+01,2.43e+02,6.20e+01
-1.41e+02,-6.28e+01,2.44e+02,6.30e+01
-2.11e+02,-6.06e+01,2.32e+02,6.10e+01
-1.40e+02,-5.84e+01,2.41e+02,6.10e+01
-2.28e+02,-7.08e+01,2.32e+02,6.10e+01
-2.00e+02,-4.20e+01,2.32e+02,6.20e+01
-1.33e+02,-6.82e+01,2.45e+02,6.30e+01
-1.31e+02,-6.88e+01,2.45e+02,6.30e+01
-1.35e+02,-6.24e+01,2.45e+02,6.20e+01
-1.54e+02,-6.86e+01,2.45e+02,6.30e+01
-1.33e+02,-5.90e+01,2.45e+02,6.30e+01
-1.39e+02,-6.91e+01,2.46e+02,6.30e+01
-1.47e+02,-6.74e+01,2.46e+02,6.40e+01
-1.39e+02,-6.24e+01,2.42e+02,6.20e+01
-1.87e+02,-6.18e+01,2.44e+02,6.30e+01
-1.48e+02,-5.94e+01,2.42e+02,6.20e+01
-3.54e+02,-4.96e+01,2.32e+02,6.00e+01
-1.51e+02,-6.84e+01,2.42e+02,6.20e+01
-1.61e+02,-6.04e+01,2.45e+02,6.30e+01
-2.09e+02,-6.07e+01,2.31e+02,6.10e+01
-1.37e+02,-7.51e+01,2.41e+02,6.10e+01
-1.50e+02,-6.06e+01,2.44e+02,6.30e+01
-2.18e+02,-4.60e+01,2.32e+02,6.10e+01
-1.53e+02,-5.85e+01,2.42e+02,6.20e+01
-2.04e+02,-4.61e+01,2.33e+02,6.20e+01
-1.30e+02,-6.22e+01,2.42e+02,6.20e+01
-1.36e+02,-6.17e+01,2.44e+02,6.30e+01
-1.36e+02,-6.81e+01,2.45e+02,6.20e+01
-2.12e+02,-4.97e+01,2.32e+02,6.10e+01
-1.37e+02,-5.41e+01,2.44e+02,6.30e+01
-2.07e+02,-5.53e+01,2.32e+02,6.10e+01
-1.45e+02,-6.92e+01,2.44e+02,6.30e+01
-1.44e+02,-6.32e+01,2.44e+02,6.30e+01
-2.02e+02,-4.53e+01,2.33e+02,6.20e+01
-1.31e+02,-5.15e+01,2.43e+02,6.20e+01
-2.10e+02,-4.34e+01,2.33e+02,6.10e+01
-2.09e+02,-5.08e+01,2.33e+02,6.10e+01
-2.80e+02,-7.13e+01,2.42e+02,6.10e+01
-2.11e+02,-4.46e+01,2.33e+02,6.10e+01
-2.05e+02,-4.45e+01,2.32e+02,6.10e+01
-2.14e+02,-6.57e+01,2.33e+02,6.10e+01
-1.40e+02,-5.92e+01,2.42e+02,6.10e+01
-1.36e+02,-5.99e+01,2.44e+02,6.30e+01
-1.28e+02,-5.23e+01,2.45e+02,6.30e+01
-1.35e+02,-6.53e+01,2.43e+02,6.20e+01
-2.05e+02,-4.64e+01,2.32e+02,6.10e+01
-2.16e+02,-8.80e+01,2.42e+02,6.20e+01
-2.09e+02,-5.20e+01,2.31e+02,6.10e+01
-1.31e+02,-5.80e+01,2.41e+02,6.10e+01
-2.12e+02,-5.38e+01,2.32e+02,6.10e+01
-1.34e+02,-6.23e+01,2.42e+02,6.20e+01
-1.45e+02,-6.05e+01,2.42e+02,6.20e+01
-1.36e+02,-7.21e+01,2.42e+02,6.20e+01
-2.18e+02,-5.69e+01,2.32e+02,6.00e+01
-1.46e+02,-5.95e+01,2.44e+02,6.30e+01
-2.06e+02,-4.46e+01,2.32e+02,6.10e+01
-1.38e+02,-4.99e+01,2.43e+02,6.20e+01
-2.18e+02,-5.50e+01,2.33e+02,6.10e+01
-2.05e+02,-4.25e+01,2.34e+02,6.10e+01
-1.36e+02,-7.02e+01,2.45e+02,6.30e+01
-1.26e+02,-6.00e+01,2.45e+02,6.30e+01
-1.33e+02,-5.21e+01,2.42e+02,6.20e+01
-2.03e+02,-4.51e+01,2.33e+02,6.00e+01
-1.52e+02,-6.94e+01,2.44e+02,6.30e+01
-2.15e+02,-5.75e+01,2.33e+02,6.20e+01
-1.66e+02,-9.44e+01,2.43e+02,6.20e+01
-2.13e+02,-4.89e+01,2.34e+02,6.20e+01
-2.17e+02,-4.38e+01,2.31e+02,6.10e+01
-1.40e+02,-5.96e+01,2.43e+02,6.20e+01
-1.38e+02,-4.92e+01,2.43e+02,6.20e+01
-2.09e+02,-5.06e+01,2.33e+02,6.00e+01
-1.35e+02,-6.29e+01,2.42e+02,6.20e+01
-2.08e+02,-4.88e+01,2.32e+02,6.10e+01
-1.40e+02,-6.46e+01,2.43e+02,6.30e+01
-1.39e+02,-6.23e+01,2.42e+02,6.20e+01
-1.39e+02,-6.30e+01,2.44e+02,6.30e+01
-1.50e+02,-6.22e+01,2.45e+02,6.30e+01
-2.07e+02,-4.71e+01,2.32e+02,6.10e+01
-1.38e+02,-6.33e+01,2.43e+02,6.20e+01
-1.51e+02,-8.62e+01,2.42e+02,6.20e+01
-2.50e+02,-8.21e+01,2.41e+02,6.10e+01
-2.13e+02,-4.71e+01,2.32e+02,6.10e+01
-1.59e+02,-5.46e+01,2.45e+02,6.20e+01
-2.06e+02,-4.49e+01,2.32e+02,6.10e+01
-1.32e+02,-7.13e+01,2.45e+02,6.30e+01
-1.35e+02,-6.02e+01,2.42e+02,6.20e+01
-1.49e+02,-8.07e+01,2.41e+02,6.10e+01
-2.05e+02,-5.11e+01,2.32e+02,6.00e+01
-2.78e+02,-5.01e+01,2.34e+02,6.10e+01
-1.48e+02,-6.96e+01,2.42e+02,6.10e+01
-2.05e+02,-4.41e+01,2.31e+02,6.10e+01
-2.05e+02,-4.47e+01,2.33e+02,6.10e+01
-2.38e+02,-4.37e+01,2.31e+02,6.10e+01
-1.56e+02,-7.27e+01,2.45e+02,6.30e+01
-1.39e+02,-7.11e+01,2.43e+02,6.20e+01
-2.02e+02,-4.73e+01,2.32e+02,6.10e+01
-2.11e+02,-4.14e+01,2.32e+02,6.10e+01
-2.31e+02,-7.83e+01,2.45e+02,6.20e+01
-2.06e+02,-4.73e+01,2.32e+02,6.20e+01
-1.43e+02,-5.69e+01,2.44e+02,6.30e+01
-2.05e+02,-4.71e+01,2.31e+02,6.10e+01
-3.12e+02,-7.76e+01,2.44e+02,6.20e+01
-2.12e+02,-4.58e+01,2.32e+02,6.10e+01
-1.38e+02,-5.80e+01,2.42e+02,6.20e+01
-1.41e+02,-6.29e+01,2.43e+02,6.20e+01
-2.02e+02,-4.52e+01,2.33e+02,6.20e+01
-2.08e+02,-4.10e+01,2.31e+02,6.10e+01
-1.39e+02,-5.84e+01,2.42e+02,6.10e+01
-1.27e+02,-6.18e+01,2.46e+02,6.20e+01
-1.45e+02,-5.62e+01,2.42e+02,6.20e+01
-1.35e+02,-6.37e+01,2.45e+02,6.30e+01
-1.43e+02,-5.48e+01,2.43e+02,6.20e+01
-1.39e+02,-7.00e+01,2.45e+02,6.30e+01
-2.05e+02,-4.79e+01,2.31e+02,6.10e+01
-3.41e+02,-9.19e+01,2.45e+02,6.40e+01
-2.04e+02,-4.18e+01,2.32e+02,6.10e+01
-1.39e+02,-5.78e+01,2.42e+02,6.10e+01
-2.04e+02,-3.90e+01,2.32e+02,6.10e+01
-2.05e+02,-4.40e+01,2.32e+02,6.10e+01
-1.33e+02,-6.01e+01,2.44e+02,6.30e+01
-1.35e+02,-5.44e+01,2.44e+02,6.20e+01
-2.03e+02,-3.96e+01,2.33e+02,6.10e+01
-2.04e+02,-4.45e+01,2.32e+02,6.10e+01
-2.67e+02,-6.22e+01,2.33e+02,6.20e+01
-1.36e+02,-5.65e+01,2.45e+02,6.20e+01
-1.47e+02,-6.88e+01,2.42e+02,6.10e+01
-1.35e+02,-6.27e+01,2.44e+02,6.30e+01
-1.55e+02,-5.39e+01,2.44e+02,6.20e+01
-1.50e+02,-6.93e+01,2.42e+02,6.20e+01
-1.43e+02,-5.32e+01,2.41e+02,6.10e+01
-1.40e+02,-6.18e+01,2.45e+02,6.40e+01
-1.46e+02,-6.73e+01,2.42e+02,6.20e+01
-1.36e+02,-5.34e+01,2.46e+02,6.40e+01
-2.05e+02,-5.17e+01,2.31e+02,6.10e+01
-2.06e+02,-5.09e+01,2.32e+02,6.20e+01
-2.05e+02,-4.46e+01,2.31e+02,6.10e+01
-2.03e+02,-4.43e+01,2.32e+02,6.10e+01
-1.46e+02,-5.45e+01,2.44e+02,6.30e+01
-2.12e+02,-4.57e+01,2.33e+02,6.10e+01
-2.09e+02,-4.70e+01,2.33e+02,6.10e+01
-1.38e+02,-5.82e+01,2.41e+02,6.10e+01
-2.88e+02,-8.55e+01,2.43e+02,6.20e+01
-1.33e+02,-7.20e+01,2.46e+02,6.40e+01
-2.10e+02,-5.00e+01,2.31e+02,6.10e+01
-2.06e+02,-4.72e+01,2.31e+02,6.10e+01
-2.11e+02,-4.80e+01,2.32e+02,6.20e+01
-2.10e+02,-5.46e+01,2.32e+02,6.10e+01
-1.80e+02,-5.83e+01,2.45e+02,6.20e+01
-2.08e+02,-4.74e+01,2.32e+02,6.10e+01
-2.07e+02,-5.40e+01,2.32e+02,6.10e+01
-1.41e+02,-5.64e+01,2.45e+02,6.30e+01
-1.50e+02,-7.08e+01,2.44e+02,6.30e+01
