-1.48e+02,-5.42e+01,1.16e+02,3.50e+01
-1.50e+02,-4.42e+01,1.13e+02,3.30e+01
-1.45e+02,-5.47e+01,1.13e+02,3.30e+01
-1.44e+02,-5.04e+01,1.16e+02,3.40e+01
-1.43e+02,-4.34e+01,1.17e+02,3.40e+01
-1.40e+02,-3.95e+01,1.14e+02,3.30e+01
-1.45e+02,-4.50e+01,1.16e+02,3.40e+01
-1.45e+02,-4.60e+01,1.16e+02,3.40e+01
-1.41e+02,-4.50e+01,1.16e+02,3.40e+01
-1.38e+02,-4.64e+01,1.15e+02,3.40e+01
-1.44e+02,-5.33e+01,1.12e+02,3.30e+01
-1.44e+02,-5.34e+01,1.15e+02,3.40e+01
-1.42e+02,-4.46e+01,1.18e+02,3.50e+01
-1.46e+02,-5.80e+01,1.14e+02,3.30e+01
-1.39e+02,-4.47e+01,1.13e+02,3.30e+01
-1.44e+02,-5.04e+01,1.16e+02,3.40e+01
-1.45e+02,-5.29e+01,1.13e+02,3.30e+01
-1.38e+02,-3.95e+01,1.17e+02,3.40e+01
-1.48e+02,-5.64e+01,1.14e+02,3.30e+01
-1.37e+02,-5.13e+01,1.16e+02,3.40e+01
-1.44e+02,-5.27e+01,1.15e+02,3.40e+01
-1.41e+02,-4.83e+01,1.16e+02,3.40e+01
-1.46e+02,-5.56e+01,1.12e+02,3.30e+01
-1.43e+02,-5.00e+01,1.17e+02,3.50e+01
-1.45e+02,-4.82e+01,1.13e+02,3.30e+01
-1.44e+02,-5.41e+01,1.14e+02,3.30e+01
-1.47e+02,-5.29e+01,1.17e+02,3.50e+01
-1.52e+02,-5.22e+01,1.14e+02,3.30e+01
-1.44e+02,-5.03e+01,1.13e+02,3.30e+01
-1.51e+02,-4.47e+01,1.17e+02,3.40e+01
-1.45e+02,-4.92e+01,1.16e+02,3.40e+01
-1.36e+02,-3.96e+01,1.19e+02,3.50e+01
-5.00e+02,-5.00e+02,1.18e+02,3.40e+01
-1.47e+02,-4.24e+01,1.17e+02,3.40e+01
-1.68e+02,-7.32e+01,1.16e+02,3.40e+01
-5.00e+02,-5.00e+02,1.17e+02,3.40e+01
-1.55e+02,-5.82e+01,1.17e+02,3.50e+01
-1.43e+02,-5.58e+01,1.17e+02,3.40e+01
-1.40e+02,-4.21e+01,1.17e+02,3.40e+01
-1.43e+02,-4.21e+01,1.18e+02,3.40e+01
-1.41e+02,-4.86e+01,1.16e+02,3.40e+01
-1.42e+02,-4.74e+01,1.16e+02,3.50e+01
-1.48e+02,-4.92e+01,1.16e+02,3.40e+01
-1.43e+02,-5.04e+01,1.17e+02,3.40e+01
-1.44e+02,-5.08e+01,1.18e+02,3.50e+01
-1.41e+02,-4.33e+01,1.13e+02,3.30e+01
-1.53e+02,-7.13e+01,1.17e+02,3.40e+01
-3.60e+02,-4.97e+01,1.17e+02,3.40e+01
-1.66e+02,-4.94e+01,1.13e+02,3.30e+01
-1.51e+02,-6.83e+01,1.14e+02,3.30e+01
-1.49e+02,-5.21e+01,1.15e+02,3.40e+01
-1.47e+02,-5.21e+01,1.15e+02,3.30e+01
-1.46e+02,-4.83e+01,1.14e+02,3.30e+01
-1.40e+02,-4.75e+01,1.18e+02,3.40e+01
-1.40e+02,-5.17e+01,1.17e+02,3.50e+01
-1.45e+02,-5.27e+01,1.16e+02,3.50e+01
-1.46e+02,-5.39e+01,1.15e+02,3.40e+01
-1.47e+02,-5.90e+01,1.17e+02,3.60e+01
-1.61e+02,-7.21e+01,1.17e+02,3.60e+01
-4.55e+02,-2.31e+02,1.13e+02,3.30e+01
-1.60e+02,-5.10e+01,1.16e+02,3.40e+01
-1.79e+02,-5.70e+01,1.15e+02,3.40e+01
-1.41e+02,-4.83e+01,1.13e+02,3.30e+01
-1.41e+02,-4.97e+01,1.13e+02,3.30e+01
-1.39e+02,-4.35e+01,1.14e+02,3.40e+01
-1.46e+02,-4.91e+01,1.17e+02,3.40e+01
-1.97e+02,-6.50e+01,1.17e+02,3.50e+01
-1.53e+02,-5.77e+01,1.16e+02,3.40e+01
-1.45e+02,-6.12e+01,1.17e+02,3.40e+01
-1.41e+02,-4.88e+01,1.14e+02,3.30e+01
-1.50e+02,-5.29e+01,1.17e+02,3.50e+01
-1.58e+02,-5.30e+01,1.16e+02,3.50e+01
-1.47e+02,-5.57e+01,1.14e+02,3.30e+01
-4.40e+02,-1.44e+02,1.17e+02,3.50e+01
-1.41e+02,-4.39e+01,1.16e+02,3.50e+01
-2.95e+02,-1.26e+02,1.17e+02,3.50e+01
-1.56e+02,-4.97e+01,1.14e+02,3.30e+01
-1.46e+02,-4.77e+01,1.15e+02,3.40e+01
-1.43e+02,-4.12e+01,1.17e+02,3.40e+01
-1.43e+02,-4.30e+01,1.16e+02,3.40e+01
-1.55e+02,-5.99e+01,1.14e+02,3.40e+01
-1.51e+02,-4.38e+01,1.16e+02,3.40e+01
-1.42e+02,-4.50e+01,1.12e+02,3.30e+01
-1.43e+02,-4.11e+01,1.18e+02,3.60e+01
-1.45e+02,-5.96e+01,1.12e+02,3.30e+01
-2.27e+02,-6.93e+01,1.18e+02,3.40e+01
-5.00e+02,-5.00e+02,1.17e+02,3.40e+01
-1.70e+02,-5.25e+01,1.15e+02,3.30e+01
-1.41e+02,-5.19e+01,1.17e+02,3.50e+01
-1.39e+02,-5.05e+01,1.17e+02,3.40e+01
-1.48e+02,-4.17e+01,1.16e+02,3.40e+01
-2.10e+02,-5.52e+01,1.15e+02,3.30e+01
-1.58e+02,-5.18e+01,1.16e+02,3.40e+01
-3.16e+02,-1.68e+02,1.17e+02,3.40e+01
-1.57e+02,-5.82e+01,1.16e+02,3.40e+01
-1.46e+02,-5.83e+01,1.17e+02,3.50e+01
-1.48e+02,-6.42e+01,1.15e+02,3.30e+01
-1.56e+02,-6.71e+01,1.13e+02,3.30e+01
-1.53e+02,-7.07e+01,1.16e+02,3.50e+01
-1.45e+02,-6.10e+01,1.14e+02,3.30e+01
-1.63e+02,-7.18e+01,1.13e+02,3.30e+01
-1.42e+02,-4.86e+01,1.17e+02,3.40e+01
-1.62e+02,-5.25e+01,1.16e+02,3.40e+01
-1.74e+02,-7.84e+01,1.14e+02,3.30e+01
-1.46e+02,-4.12e+01,1.13e+02,3.30e+01
-1.56e+02,-5.52e+01,1.17e+02,3.40e+01
-1.40e+02,-5.05e+01,1.17e+02,3.40e+01
-1.46e+02,-5.11e+01,1.13e+02,3.30e+01
-1.74e+02,-6.70e+01,1.14e+02,3.40e+01
-1.46e+02,-5.42e+01,1.18e+02,3.40e+01
-1.47e+02,-4.65e+01,1.14e+02,3.30e+01
-5.00e+02,-5.00e+02,1.17e+02,3.50e+01
-1.46e+02,-5.56e+01,1.13e+02,3.30e+01
-1.42e+02,-4.67e+01,1.16e+02,3.40e+01
-1.48e+02,-5.10e+01,1.13e+02,3.30e+01
-1.46e+02,-5.35e+01,1.14e+02,3.30e+01
-1.93e+02,-4.45e+01,1.18e+02,3.40e+01
-1.52e+02,-4.70e+01,1.18e+02,3.50e+01
-1.46e+02,-5.86e+01,1.16e+02,3.50e+01
-1.48e+02,-7.03e+01,1.14e+02,3.30e+01
-1.42e+02,-4.75e+01,1.16e+02,3.40e+01
-1.46e+02,-5.52e+01,1.14e+02,3.30e+01
-1.61e+02,-6.05e+01,1.14e+02,3.30e+01
-1.46e+02,-4.35e+01,1.14e+02,3.30e+01
-1.45e+02,-4.34e+01,1.17e+02,3.50e+01
-1.52e+02,-5.46e+01,1.13e+02,3.30e+01
-1.46e+02,-4.55e+01,1.18e+02,3.60e+01
-1.49e+02,-4.85e+01,1.16e+02,3.40e+01
-1.56e+02,-5.51e+01,1.16e+02,3.40e+01
-1.40e+02,-4.44e+01,1.17e+02,3.40e+01
-1.42e+02,-4.68e+01,1.17e+02,3.40e+01
-1.50e+02,-6.06e+01,1.17e+02,3.50e+01
-1.38e+02,-4.25e+01,1.16e+02,3.40e+01
-1.47e+02,-5.94e+01,1.13e+02,3.30e+01
-3.58e+02,-4.60e+01,1.17e+02,3.40e+01
-1.41e+02,-4.58e+01,1.16e+02,3.40e+01
-1.38e+02,-4.03e+01,1.17e+02,3.50e+01
-1.42e+02,-4.20e+01,1.12e+02,3.30e+01
-1.40e+02,-4.77e+01,1.16e+02,3.50e+01
-1.46e+02,-5.25e+01,1.13e+02,3.30e+01
-1.48e+02,-5.79e+01,1.17e+02,3.50e+01
-1.52e+02,-5.57e+01,1.13e+02,3.30e+01
-4.60e+02,-2.63e+02,1.13e+02,3.30e+01
-1.44e+02,-5.63e+01,1.13e+02,3.30e+01
-1.48e+02,-4.92e+01,1.17e+02,3.40e+01
-1.74e+02,-5.58e+01,1.17e+02,3.50e+01
-1.40e+02,-4.59e+01,1.17e+02,3.40e+01
-1.41e+02,-4.67e+01,1.14e+02,3.30e+01
-1.43e+02,-4.12e+01,1.17e+02,3.40e+01
-1.48e+02,-4.76e+01,1.16e+02,3.40e+01
-1.48e+02,-4.63e+01,1.18e+02,3.50e+01
-1.62e+02,-5.73e+01,1.16e+02,3.40e+01
-1.43e+02,-5.90e+01,1.16e+02,3.50e+01
-1.44e+02,-4.41e+01,1.13e+02,3.30e+01
-1.39e+02,-4.09e+01,1.17e+02,3.40e+01
-1.55e+02,-6.18e+01,1.17e+02,3.60e+01
-1.45e+02,-5.86e+01,1.17e+02,3.50e+01
-1.39e+02,-4.43e+01,1.18e+02,3.60e+01
-3.25e+02,-9.85e+01,1.16e+02,3.40e+01
-1.38e+02,-4.59e+01,1.14e+02,3.30e+01
-1.44e+02,-5.17e+01,1.18e+02,3.50e+01
-1.42e+02,-4.63e+01,1.17e+02,3.50e+01
-1.57e+02,-6.16e+01,1.14e+02,3.30e+01
-1.49e+02,-5.69e+01,1.17e+02,3.40e+01
-1.56e+02,-6.06e+01,1.14e+02,3.30e+01
-1.39e+02,-4.56e+01,1.13e+02,3.30e+01
-1.48e+02,-5.32e+01,1.14e+02,3.30e+01
-1.41e+02,-4.67e+01,1.15e+02,3.40e+01
-1.54e+02,-5.30e+01,1.16e+02,3.40e+01
-1.44e+02,-4.68e+01,1.17e+02,3.60e+01
-1.49e+02,-6.78e+01,1.14e+02,3.30e+01
-1.47e+02,-5.94e+01,1.17e+02,3.50e+01
-1.48e+02,-5.08e+01,1.17e+02,3.50e+01
-2.08e+02,-5.17e+01,1.17e+02,3.50e+01
-4.83e+02,-4.02e+02,1.14e+02,3.30e+01
-1.44e+02,-6.26e+01,1.16e+02,3.50e+01
-1.47e+02,-5.29e+01,1.17e+02,3.40e+01
-1.50e+02,-4.53e+01,1.17e+02,3.40e+01
-1.46e+02,-4.97e+01,1.18e+02,3.50e+01
-1.54e+02,-6.31e+01,1.16e+02,3.40e+01
-1.45e+02,-4.59e+01,1.15e+02,3.30e+01
-1.44e+02,-4.55e+01,1.14e+02,3.30e+01
-1.48e+02,-6.27e+01,1.17e+02,3.40e+01
-1.45e+02,-5.49e+01,1.18e+02,3.60e+01
-1.41e+02,-4.44e+01,1.18e+02,3.50e+01
-1.43e+02,-4.53e+01,1.17e+02,3.50e+01
-1.41e+02,-4.63e+01,1.16e+02,3.40e+01
-1.53e+02,-5.83e+01,1.15e+02,3.40e+01
-1.41e+02,-4.50e+01,1.18e+02,3.40e+01
-1.44e+02,-5.35e+01,1.17e+02,3.50e+01
-1.52e+02,-5.15e+01,1.16e+02,3.50e+01
-1.43e+02,-4.73e+01,1.13e+02,3.30e+01
