1.02e+02,6.14e+02,8.70e+01,2.60e+01
1.02e+02,6.13e+02,8.80e+01,2.50e+01
1.02e+02,6.14e+02,8.70e+01,2.60e+01
1.02e+02,6.14e+02,8.70e+01,2.60e+01
1.02e+02,6.13e+02,8.90e+01,2.60e+01
1.02e+02,6.14e+02,8.90e+01,2.70e+01
1.02e+02,6.14e+02,8.80e+01,2.70e+01
1.02e+02,6.14e+02,8.80e+01,2.60e+01
1.02e+02,6.14e+02,8.80e+01,2.60e+01
1.02e+02,6.13e+02,8.90e+01,2.50e+01
9.99e+01,6.03e+02,8.70e+01,2.60e+01
1.02e+02,6.14e+02,8.80e+01,2.60e+01
1.02e+02,6.14e+02,8.80e+01,2.60e+01
1.02e+02,6.13e+02,8.90e+01,2.50e+01
-3.65e+01,9.44e+01,8.80e+01,2.60e+01
9.66e+01,6.14e+02,8.80e+01,2.70e+01
1.02e+02,6.14e+02,8.80e+01,2.70e+01
-7.02e+00,8.63e+01,8.70e+01,2.60e+01
9.61e+01,6.14e+02,8.70e+01,2.60e+01
1.02e+02,6.14e+02,8.70e+01,2.60e+01
1.02e+02,6.14e+02,8.90e+01,2.70e+01
9.00e+01,6.00e+02,8.90e+01,2.50e+01
3.04e+00,1.57e+02,8.90e+01,2.60e+01
1.02e+02,6.14e+02,8.80e+01,2.60e+01
1.02e+02,6.14e+02,8.70e+01,2.60e+01
9.66e+01,6.14e+02,8.70e+01,2.60e+01
1.01e+02,6.14e+02,8.80e+01,2.60e+01
1.02e+02,6.13e+02,9.10e+01,2.60e+01
2.50e+01,1.60e+02,8.80e+01,2.60e+01
1.02e+02,6.14e+02,8.80e+01,2.60e+01
1.02e+02,6.13e+02,9.00e+01,2.60e+01
1.02e+02,6.14e+02,8.70e+01,2.60e+01
1.02e+02,6.14e+02,8.80e+01,2.60e+01
9.87e+01,6.13e+02,8.80e+01,2.60e+01
-3.16e+01,9.12e+01,8.80e+01,2.70e+01
3.87e+01,2.90e+02,8.90e+01,2.50e+01
9.99e+01,6.03e+02,8.80e+01,2.70e+01
1.02e+02,6.14e+02,8.80e+01,2.60e+01
9.54e+01,5.75e+02,8.70e+01,2.60e+01
4.67e+01,2.87e+02,8.80e+01,2.50e+01
1.02e+02,6.14e+02,8.70e+01,2.60e+01
-3.71e+01,1.02e+02,8.70e+01,2.60e+01
5.79e+01,3.48e+02,8.80e+01,2.60e+01
1.02e+02,6.13e+02,8.80e+01,2.50e+01
1.02e+02,6.14e+02,8.70e+01,2.60e+01
1.02e+02,6.13e+02,9.00e+01,2.60e+01
1.02e+02,6.14e+02,8.70e+01,2.60e+01
1.02e+02,6.14e+02,8.80e+01,2.60e+01
1.02e+02,6.13e+02,8.90e+01,2.50e+01
1.02e+02,6.14e+02,8.80e+01,2.60e+01
1.02e+02,6.13e+02,8.90e+01,2.60e+01
1.02e+02,6.14e+02,8.80e+01,2.60e+01
4.55e+01,3.24e+02,8.70e+01,2.60e+01
1.02e+02,6.14e+02,8.80e+01,2.70e+01
1.02e+02,6.13e+02,8.90e+01,2.50e+01
9.78e+01,5.97e+02,8.80e+01,2.50e+01
1.02e+02,6.14e+02,8.80e+01,2.60e+01
1.02e+02,6.13e+02,8.90e+01,2.60e+01
1.17e+01,2.24e+02,8.80e+01,2.60e+01
9.40e+01,5.99e+02,8.80e+01,2.60e+01
1.02e+02,6.13e+02,8.80e+01,2.70e+01
9.30e+01,6.13e+02,8.80e+01,2.60e+01
1.02e+02,6.14e+02,8.80e+01,2.60e+01
9.25e+01,5.96e+02,8.80e+01,2.50e+01
8.99e+01,6.00e+02,8.80e+01,2.60e+01
7.90e+01,4.75e+02,8.80e+01,2.60e+01
9.28e+01,6.10e+02,8.80e+01,2.70e+01
1.02e+02,6.13e+02,8.90e+01,2.60e+01
1.02e+02,6.14e+02,8.80e+01,2.60e+01
9.68e+01,5.83e+02,8.80e+01,2.50e+01
1.02e+02,6.13e+02,8.90e+01,2.50e+01
9.51e+01,6.07e+02,8.90e+01,2.50e+01
8.99e+01,5.97e+02,8.80e+01,2.60e+01
8.76e+01,5.83e+02,8.80e+01,2.60e+01
9.61e+01,6.14e+02,8.80e+01,2.70e+01
9.87e+01,5.94e+02,8.80e+01,2.60e+01
1.99e+01,1.60e+02,8.80e+01,2.70e+01
1.02e+02,6.14e+02,8.90e+01,2.70e+01
5.77e+01,3.47e+02,8.80e+01,2.60e+01
1.02e+02,6.14e+02,8.80e+01,2.60e+01
1.02e+02,6.14e+02,8.80e+01,2.60e+01
9.04e+01,5.98e+02,8.90e+01,2.50e+01
1.02e+02,6.14e+02,8.80e+01,2.60e+01
1.02e+02,6.14e+02,8.80e+01,2.60e+01
1.02e+02,6.14e+02,8.80e+01,2.60e+01
1.02e+02,6.14e+02,8.70e+01,2.60e+01
9.61e+01,5.78e+02,8.70e+01,2.60e+01
1.02e+02,6.13e+02,8.90e+01,2.50e+01
1.02e+02,6.14e+02,8.80e+01,2.60e+01
1.02e+02,6.14e+02,8.80e+01,2.60e+01
9.28e+01,5.95e+02,8.80e+01,2.70e+01
1.02e+02,6.14e+02,8.80e+01,2.70e+01
1.02e+02,6.14e+02,8.80e+01,2.60e+01
1.01e+02,6.13e+02,8.70e+01,2.60e+01
9.28e+01,6.13e+02,9.00e+01,2.50e+01
9.99e+01,6.14e+02,8.80e+01,2.60e+01
9.53e+01,5.84e+02,8.90e+01,2.50e+01
1.02e+02,6.13e+02,8.90e+01,2.50e+01
1.02e+02,6.13e+02,8.90e+01,2.60e+01
1.02e+02,6.14e+02,8.80e+01,2.60e+01
5.76e+01,3.47e+02,8.80e+01,2.60e+01
1.02e+02,6.14e+02,8.80e+01,2.60e+01
1.02e+02,6.14e+02,8.80e+01,2.60e+01
1.02e+02,6.14e+02,8.80e+01,2.70e+01
1.02e+02,6.13e+02,8.90e+01,2.50e+01
1.02e+02,6.14e+02,8.80e+01,2.60e+01
1.02e+02,6.14e+02,8.80e+01,2.60e+01
2.77e+00,1.57e+02,8.80e+01,2.70e+01
1.02e+02,6.13e+02,8.90e+01,2.50e+01
1.02e+02,6.14e+02,8.80e+01,2.60e+01
5.62e+01,3.55e+02,8.80e+01,2.60e+01
8.76e+01,5.83e+02,8.80e+01,2.60e+01
1.02e+02,6.13e+02,9.00e+01,2.60e+01
1.02e+02,6.14e+02,8.80e+01,2.60e+01
1.02e+02,6.13e+02,9.00e+01,2.50e+01
-4.11e+01,6.46e+01,8.70e+01,2.60e+01
1.02e+02,6.14e+02,8.80e+01,2.60e+01
1.02e+02,6.14e+02,8.80e+01,2.60e+01
1.02e+02,6.13e+02,9.00e+01,2.50e+01
3.67e+01,2.39e+02,8.90e+01,2.50e+01
1.00e+02,6.13e+02,8.90e+01,2.50e+01
1.02e+02,6.14e+02,8.80e+01,2.60e+01
8.99e+01,6.00e+02,8.80e+01,2.60e+01
1.02e+02,6.14e+02,8.80e+01,2.60e+01
1.02e+02,6.14e+02,8.80e+01,2.60e+01
1.02e+02,6.14e+02,8.80e+01,2.60e+01
1.02e+02,6.14e+02,8.80e+01,2.60e+01
1.02e+02,6.14e+02,8.80e+01,2.60e+01
