-4.98e+02,-4.89e+02,1.40e+01,1.00e+01
-4.99e+02,-4.95e+02,1.40e+01,1.00e+01
-5.00e+02,-5.00e+02,1.20e+01,1.00e+01
-5.00e+02,-5.00e+02,1.20e+01,1.00e+01
-5.00e+02,-4.99e+02,1.10e+01,1.00e+01
-5.00e+02,-4.99e+02,1.30e+01,1.00e+01
-5.00e+02,-5.00e+02,1.50e+01,1.00e+01
-5.00e+02,-5.00e+02,1.40e+01,1.00e+01
-5.00e+02,-5.00e+02,1.10e+01,1.00e+01
-5.00e+02,-5.00e+02,9.00e+00,1.00e+01
-5.00e+02,-4.99e+02,1.40e+01,1.00e+01
-4.88e+02,-4.28e+02,9.00e+00,1.00e+01
-4.48e+02,-1.92e+02,1.40e+01,1.00e+01
-5.00e+02,-4.99e+02,1.40e+01,1.00e+01
-5.00e+02,-5.00e+02,1.00e+01,1.00e+01
-5.00e+02,-5.00e+02,1.30e+01,1.00e+01
-4.98e+02,-4.88e+02,1.10e+01,1.00e+01
-5.00e+02,-4.99e+02,1.20e+01,1.00e+01
-5.00e+02,-5.00e+02,1.60e+01,1.00e+01
-4.74e+02,-3.48e+02,1.30e+01,1.00e+01
-4.59e+02,-2.58e+02,1.70e+01,1.00e+01
-5.00e+02,-5.00e+02,1.30e+01,1.00e+01
-4.86e+02,-4.16e+02,1.20e+01,1.00e+01
-5.00e+02,-5.00e+02,1.30e+01,1.00e+01
-5.00e+02,-5.00e+02,9.00e+00,1.00e+01
-5.00e+02,-5.00e+02,1.20e+01,1.00e+01
-4.15e+02,-2.37e+02,1.10e+01,1.00e+01
-5.00e+02,-5.00e+02,1.40e+01,1.00e+01
-5.00e+02,-4.99e+02,1.30e+01,1.00e+01
-5.00e+02,-5.00e+02,1.00e+01,1.00e+01
-4.14e+02,-2.69e+02,1.10e+01,1.00e+01
-4.76e+02,-3.97e+02,1.00e+01,1.00e+01
-5.00e+02,-4.99e+02,1.50e+01,1.00e+01
-5.00e+02,-4.99e+02,1.30e+01,1.00e+01
-5.00e+02,-5.00e+02,9.00e+00,1.00e+01
-4.78e+02,-3.67e+02,1.00e+01,1.00e+01
-4.78e+02,-3.68e+02,1.10e+01,1.00e+01
-5.00e+02,-4.99e+02,1.60e+01,1.00e+01
-5.00e+02,-4.99e+02,1.20e+01,1.00e+01
-4.71e+02,-4.09e+02,1.30e+01,1.00e+01
-5.00e+02,-4.99e+02,9.00e+00,1.00e+01
-5.00e+02,-4.99e+02,1.20e+01,1.00e+01
-4.98e+02,-4.93e+02,1.10e+01,1.00e+01
-5.00e+02,-5.00e+02,1.50e+01,1.00e+01
-5.00e+02,-5.00e+02,1.30e+01,1.00e+01
-5.00e+02,-4.99e+02,1.50e+01,1.00e+01
-5.00e+02,-4.99e+02,1.00e+01,1.00e+01
-5.00e+02,-4.99e+02,1.30e+01,1.00e+01
-5.00e+02,-4.99e+02,9.00e+00,1.00e+01
-5.00e+02,-5.00e+02,1.50e+01,1.00e+01
-5.00e+02,-5.00e+02,9.00e+00,1.00e+01
-5.00e+02,-5.00e+02,1.20e+01,1.00e+01
-5.00e+02,-5.00e+02,1.00e+01,1.00e+01
-5.00e+02,-5.00e+02,1.00e+01,1.00e+01
-5.00e+02,-5.00e+02,1.30e+01,1.00e+01
-5.00e+02,-5.00e+02,1.50e+01,1.00e+01
-5.00e+02,-5.00e+02,1.30e+01,1.00e+01
-5.00e+02,-4.99e+02,8.00e+00,1.00e+01
-4.54e+02,-2.28e+02,1.50e+01,1.00e+01
-5.00e+02,-4.99e+02,1.50e+01,1.00e+01
-5.00e+02,-5.00e+02,1.20e+01,1.00e+01
-4.61e+02,-2.71e+02,1.10e+01,1.00e+01
-4.59e+02,-2.57e+02,1.20e+01,1.00e+01
-4.62e+02,-2.89e+02,8.00e+00,1.00e+01
-4.50e+02,-2.76e+02,1.10e+01,1.00e+01
-4.72e+02,-3.51e+02,1.10e+01,1.00e+01
-5.00e+02,-5.00e+02,1.00e+01,1.00e+01
-5.00e+02,-4.99e+02,1.40e+01,1.00e+01
-5.00e+02,-5.00e+02,8.00e+00,1.00e+01
-5.00e+02,-5.00e+02,1.30e+01,1.00e+01
-5.00e+02,-4.99e+02,1.40e+01,1.00e+01
-4.93e+02,-4.58e+02,1.40e+01,1.00e+01
-5.00e+02,-5.00e+02,1.20e+01,1.00e+01
-5.00e+02,-5.00e+02,1.40e+01,1.00e+01
-4.99e+02,-4.92e+02,1.10e+01,1.00e+01
-5.00e+02,-5.00e+02,1.60e+01,1.00e+01
-5.00e+02,-4.99e+02,1.70e+01,1.00e+01
-5.00e+02,-4.99e+02,1.30e+01,1.00e+01
-4.98e+02,-4.93e+02,1.30e+01,1.00e+01
-5.00e+02,-4.99e+02,1.20e+01,1.00e+01
-5.00e+02,-5.00e+02,1.30e+01,1.00e+01
-5.00e+02,-5.00e+02,1.10e+01,1.00e+01
-5.00e+02,-4.99e+02,1.10e+01,1.00e+01
-5.00e+02,-5.00e+02,1.60e+01,1.00e+01
-4.76e+02,-3.58e+02,1.40e+01,1.00e+01
-5.00e+02,-5.00e+02,9.00e+00,1.00e+01
-5.00e+02,-5.00e+02,1.40e+01,1.00e+01
-5.00e+02,-5.00e+02,9.00e+00,1.00e+01
-5.00e+02,-5.00e+02,1.30e+01,1.00e+01
-5.00e+02,-5.00e+02,1.00e+01,1.00e+01
-5.00e+02,-5.00e+02,1.40e+01,1.00e+01
-5.00e+02,-5.00e+02,1.10e+01,1.00e+01
-5.00e+02,-5.00e+02,1.40e+01,1.00e+01
-5.00e+02,-5.00e+02,8.00e+00,1.00e+01
-4.98e+02,-4.90e+02,1.00e+01,1.00e+01
-5.00e+02,-5.00e+02,1.30e+01,1.00e+01
