1.52e+02,1.11e+03,8.30e+01,3.30e+01
7.62e+01,4.86e+02,8.20e+01,3.40e+01
7.26e+01,4.86e+02,8.10e+01,3.40e+01
9.36e+01,7.47e+02,8.20e+01,3.30e+01
-7.69e+01,-2.57e+01,8.20e+01,3.50e+01
9.53e+01,7.61e+02,8.40e+01,3.30e+01
6.97e+01,4.51e+02,8.30e+01,3.30e+01
-2.22e+01,2.51e+01,8.10e+01,3.30e+01
8.35e+01,5.05e+02,8.30e+01,3.40e+01
9.39e+01,8.12e+02,8.20e+01,3.40e+01
2.28e+01,1.76e+02,8.30e+01,3.40e+01
6.41e+01,4.78e+02,8.10e+01,3.30e+01
6.38e+00,1.78e+02,8.10e+01,3.30e+01
-3.48e+01,5.96e+01,8.10e+01,3.30e+01
6.35e+01,4.40e+02,8.30e+01,3.40e+01
1.56e+02,1.13e+03,8.20e+01,3.40e+01
1.25e+02,7.99e+02,8.30e+01,3.30e+01
3.20e+01,4.37e+02,8.20e+01,3.40e+01
8.27e+00,2.08e+02,7.90e+01,3.30e+01
1.59e+02,1.12e+03,8.20e+01,3.40e+01
1.33e+02,8.67e+02,8.20e+01,3.30e+01
2.24e+01,2.26e+02,8.40e+01,3.40e+01
1.23e+01,1.48e+02,8.30e+01,3.50e+01
1.90e+02,1.14e+03,8.30e+01,3.40e+01
-4.65e+00,1.22e+02,8.10e+01,3.40e+01
1.86e+02,1.15e+03,8.10e+01,3.40e+01
3.07e+01,2.07e+02,8.40e+01,3.30e+01
8.80e+01,7.42e+02,8.30e+01,3.50e+01
-6.97e+00,2.02e+02,8.20e+01,3.50e+01
8.20e+01,5.36e+02,8.20e+01,3.40e+01
7.74e+01,5.36e+02,8.10e+01,3.40e+01
1.12e+02,7.96e+02,8.30e+01,3.50e+01
9.71e+01,5.87e+02,8.30e+01,3.30e+01
-3.13e+01,4.48e+01,8.30e+01,3.50e+01
6.92e+01,4.62e+02,8.10e+01,3.40e+01
7.96e+01,5.35e+02,8.20e+01,3.40e+01
1.21e+02,7.81e+02,8.20e+01,3.40e+01
1.84e+01,4.79e+02,8.20e+01,3.40e+01
6.96e+01,4.53e+02,7.90e+01,3.30e+01
-5.65e+00,1.23e+02,8.40e+01,3.30e+01
1.67e+02,1.11e+03,8.30e+01,3.50e+01
2.06e+01,1.74e+02,8.40e+01,3.30e+01
7.62e+00,1.20e+02,8.40e+01,3.30e+01
5.53e+01,5.02e+02,8.10e+01,3.40e+01
1.05e+02,8.10e+02,8.10e+01,3.40e+01
7.39e+01,5.24e+02,8.20e+01,3.40e+01
5.48e+01,4.25e+02,8.00e+01,3.40e+01
6.98e+01,4.75e+02,8.10e+01,3.40e+01
6.70e+01,4.42e+02,8.20e+01,3.30e+01
5.53e-01,1.44e+02,8.50e+01,3.30e+01
8.84e+01,8.04e+02,8.00e+01,3.40e+01
8.58e+01,4.13e+02,8.30e+01,3.30e+01
5.26e+01,4.56e+02,8.20e+01,3.30e+01
-1.13e+01,1.10e+02,8.10e+01,3.40e+01
9.43e+01,5.40e+02,8.20e+01,3.30e+01
1.11e+02,8.12e+02,8.10e+01,3.30e+01
5.21e+01,5.42e+02,7.90e+01,3.30e+01
8.21e+01,4.48e+02,8.20e+01,3.30e+01
6.53e+01,5.06e+02,8.10e+01,3.30e+01
1.19e+02,8.25e+02,8.40e+01,3.40e+01
1.09e+02,7.92e+02,8.40e+01,3.30e+01
1.11e+02,7.90e+02,8.30e+01,3.30e+01
-1.93e+00,1.19e+02,8.40e+01,3.40e+01
-2.37e+01,1.07e+02,8.00e+01,3.30e+01
1.03e+02,7.74e+02,8.10e+01,3.50e+01
8.87e+01,7.47e+02,8.10e+01,3.50e+01
1.10e+02,7.86e+02,8.50e+01,3.30e+01
1.37e+02,8.65e+02,8.20e+01,3.50e+01
7.63e+01,5.29e+02,8.10e+01,3.40e+01
1.62e+02,1.13e+03,8.30e+01,3.50e+01
8.86e+01,7.65e+02,8.10e+01,3.30e+01
5.44e+01,4.57e+02,8.00e+01,3.30e+01
7.55e+00,1.16e+02,8.30e+01,3.30e+01
1.15e+02,8.21e+02,8.10e+01,3.40e+01
9.43e+01,7.93e+02,8.30e+01,3.40e+01
1.74e+02,1.13e+03,8.40e+01,3.40e+01
6.89e+01,4.87e+02,8.20e+01,3.40e+01
1.10e+02,8.49e+02,8.10e+01,3.40e+01
9.36e+00,2.11e+02,8.10e+01,3.40e+01
7.09e+01,4.80e+02,8.20e+01,3.40e+01
1.20e+02,8.53e+02,8.40e+01,3.50e+01
1.07e+02,7.66e+02,8.50e+01,3.40e+01
9.63e+01,7.92e+02,8.60e+01,3.40e+01
9.64e+01,7.93e+02,8.40e+01,3.50e+01
1.91e+01,1.54e+02,8.20e+01,3.50e+01
3.02e+00,1.13e+02,8.40e+01,3.40e+01
4.60e+01,4.56e+02,8.20e+01,3.50e+01
3.46e+01,2.46e+02,8.20e+01,3.30e+01
1.20e+02,8.01e+02,8.50e+01,3.30e+01
3.36e+01,4.36e+02,8.10e+01,3.30e+01
1.14e+02,7.79e+02,8.50e+01,3.30e+01
5.09e+00,9.99e+01,8.50e+01,3.30e+01
9.36e+01,5.17e+02,8.40e+01,3.30e+01
6.17e+00,1.17e+02,8.30e+01,3.40e+01
6.60e+01,4.91e+02,8.30e+01,3.40e+01
1.54e+02,1.13e+03,8.10e+01,3.30e+01
1.28e+01,2.38e+02,8.20e+01,3.40e+01
-1.22e+01,1.25e+02,8.40e+01,3.40e+01
1.45e+02,8.58e+02,8.30e+01,3.50e+01
6.11e+00,1.30e+02,8.10e+01,3.30e+01
1.11e+02,7.59e+02,8.40e+01,3.30e+01
5.93e+01,3.67e+02,8.10e+01,3.30e+01
1.94e+02,1.12e+03,8.10e+01,3.40e+01
5.08e+01,4.82e+02,8.40e+01,3.30e+01
6.89e+01,5.40e+02,8.20e+01,3.30e+01
5.57e+01,4.87e+02,8.30e+01,3.40e+01
5.12e+01,4.40e+02,8.20e+01,3.30e+01
5.27e+01,4.88e+02,8.40e+01,3.30e+01
9.32e+01,7.44e+02,8.30e+01,3.30e+01
1.34e+02,8.36e+02,8.00e+01,3.30e+01
1.02e+02,7.59e+02,8.10e+01,3.40e+01
1.27e+02,7.52e+02,8.40e+01,3.40e+01
1.11e+02,8.09e+02,8.30e+01,3.40e+01
6.09e+01,4.62e+02,8.00e+01,3.30e+01
8.65e+01,1.24e+02,8.10e+01,3.40e+01
1.15e+02,7.72e+02,8.10e+01,3.30e+01
1.02e+02,8.60e+02,8.20e+01,3.30e+01
-1.51e+01,1.13e+02,8.30e+01,3.50e+01
1.13e+02,7.56e+02,8.30e+01,3.40e+01
1.79e+02,1.14e+03,8.20e+01,3.40e+01
9.08e+01,5.32e+02,8.50e+01,3.40e+01
1.63e+02,1.13e+03,8.20e+01,3.40e+01
1.27e+02,8.01e+02,8.30e+01,3.40e+01
3.17e+01,3.87e+02,8.10e+01,3.30e+01
4.35e+01,3.89e+02,8.40e+01,3.30e+01
3.12e+01,4.52e+02,8.00e+01,3.40e+01
6.28e+01,4.50e+02,8.20e+01,3.40e+01
1.75e+02,1.12e+03,8.20e+01,3.40e+01
