-1.24e+02,-4.01e+01,3.00e+01,2.20e+01
-1.39e+02,-3.76e+01,3.00e+01,2.20e+01
-1.20e+02,-3.86e+01,2.30e+01,1.70e+01
-1.33e+02,-4.11e+01,2.90e+01,2.20e+01
-1.27e+02,-3.94e+01,3.00e+01,2.20e+01
-1.25e+02,-3.88e+01,3.10e+01,2.30e+01
-1.31e+02,-5.17e+01,2.30e+01,1.70e+01
-1.36e+02,-4.59e+01,2.80e+01,2.10e+01
-1.40e+02,-3.77e+01,2.40e+01,1.70e+01
-1.22e+02,-3.88e+01,2.30e+01,1.70e+01
-1.23e+02,-3.84e+01,2.90e+01,2.10e+01
-1.25e+02,-3.79e+01,2.30e+01,1.70e+01
-1.34e+02,-4.35e+01,2.80e+01,2.10e+01
-1.22e+02,-3.50e+01,3.10e+01,2.20e+01
-1.27e+02,-3.78e+01,3.10e+01,2.20e+01
-1.24e+02,-3.68e+01,3.00e+01,2.20e+01
-1.25e+02,-3.96e+01,3.00e+01,2.20e+01
-1.24e+02,-4.11e+01,3.00e+01,2.20e+01
-1.27e+02,-3.68e+01,2.30e+01,1.70e+01
-1.26e+02,-3.73e+01,3.00e+01,2.20e+01
-1.20e+02,-3.82e+01,3.00e+01,2.20e+01
-1.18e+02,-3.90e+01,2.30e+01,1.70e+01
-1.41e+02,-3.96e+01,3.10e+01,2.20e+01
-1.33e+02,-4.45e+01,3.00e+01,2.20e+01
-1.35e+02,-3.75e+01,3.00e+01,2.20e+01
-1.31e+02,-3.54e+01,3.00e+01,2.20e+01
-1.21e+02,-3.83e+01,2.40e+01,1.80e+01
-1.28e+02,-3.72e+01,3.00e+01,2.20e+01
-1.25e+02,-4.13e+01,3.10e+01,2.30e+01
-1.20e+02,-3.58e+01,2.30e+01,1.70e+01
-5.00e+02,-4.99e+02,2.30e+01,1.70e+01
-1.44e+02,-3.98e+01,2.30e+01,1.70e+01
-2.15e+02,-3.95e+01,2.30e+01,1.70e+01
-1.24e+02,-3.93e+01,3.00e+01,2.20e+01
-1.39e+02,-4.22e+01,3.10e+01,2.30e+01
-1.18e+02,-3.59e+01,2.90e+01,2.20e+01
-1.42e+02,-4.15e+01,3.00e+01,2.30e+01
-1.21e+02,-3.90e+01,3.00e+01,2.20e+01
-1.29e+02,-4.33e+01,2.30e+01,1.70e+01
-1.28e+02,-3.88e+01,2.30e+01,1.70e+01
-1.23e+02,-3.87e+01,3.10e+01,2.30e+01
-1.32e+02,-4.20e+01,2.80e+01,2.10e+01
-1.40e+02,-4.42e+01,3.00e+01,2.20e+01
-1.24e+02,-3.79e+01,3.10e+01,2.30e+01
-1.23e+02,-3.82e+01,3.00e+01,2.20e+01
-1.25e+02,-3.86e+01,3.10e+01,2.20e+01
-1.32e+02,-3.65e+01,3.10e+01,2.20e+01
-1.20e+02,-3.79e+01,3.00e+01,2.20e+01
-1.29e+02,-4.37e+01,3.10e+01,2.30e+01
-1.31e+02,-4.20e+01,3.10e+01,2.20e+01
-1.23e+02,-3.51e+01,3.00e+01,2.20e+01
-1.28e+02,-3.70e+01,3.00e+01,2.20e+01
-2.02e+02,-4.79e+01,3.10e+01,2.20e+01
-1.26e+02,-3.53e+01,2.30e+01,1.70e+01
-1.21e+02,-3.53e+01,3.00e+01,2.20e+01
-1.18e+02,-3.85e+01,3.00e+01,2.20e+01
-1.33e+02,-3.95e+01,3.00e+01,2.20e+01
-1.36e+02,-4.66e+01,3.10e+01,2.20e+01
-5.00e+02,-5.00e+02,2.30e+01,1.70e+01
-1.38e+02,-3.78e+01,2.30e+01,1.70e+01
-1.32e+02,-3.55e+01,3.00e+01,2.20e+01
-1.18e+02,-3.58e+01,2.30e+01,1.70e+01
-1.33e+02,-4.17e+01,3.00e+01,2.20e+01
-1.34e+02,-4.15e+01,3.20e+01,2.30e+01
-1.28e+02,-4.52e+01,3.00e+01,2.20e+01
-1.46e+02,-4.52e+01,3.00e+01,2.20e+01
-1.20e+02,-3.86e+01,2.30e+01,1.70e+01
-1.23e+02,-4.63e+01,2.40e+01,1.80e+01
-1.24e+02,-4.33e+01,3.00e+01,2.20e+01
-1.22e+02,-3.82e+01,3.00e+01,2.20e+01
-2.72e+02,-3.57e+01,2.40e+01,1.70e+01
-1.40e+02,-3.57e+01,2.90e+01,2.20e+01
-1.25e+02,-4.13e+01,2.30e+01,1.70e+01
-1.18e+02,-3.91e+01,3.00e+01,2.20e+01
-3.49e+02,-4.08e+01,2.90e+01,2.20e+01
-3.49e+02,-4.36e+01,2.90e+01,2.20e+01
-1.33e+02,-3.93e+01,3.00e+01,2.20e+01
-1.23e+02,-3.74e+01,2.90e+01,2.20e+01
-4.35e+02,-1.13e+02,3.00e+01,2.20e+01
-1.68e+02,-4.31e+01,2.90e+01,2.20e+01
-1.41e+02,-5.16e+01,2.30e+01,1.70e+01
-1.37e+02,-4.56e+01,3.10e+01,2.20e+01
-1.39e+02,-4.41e+01,3.10e+01,2.20e+01
-1.47e+02,-4.07e+01,2.50e+01,1.80e+01
-1.38e+02,-4.90e+01,3.00e+01,2.20e+01
-1.34e+02,-4.26e+01,3.00e+01,2.20e+01
-1.33e+02,-4.96e+01,3.00e+01,2.20e+01
-1.23e+02,-3.79e+01,3.00e+01,2.20e+01
-1.62e+02,-4.15e+01,2.90e+01,2.20e+01
-1.33e+02,-4.09e+01,2.30e+01,1.70e+01
-5.00e+02,-5.00e+02,2.30e+01,1.70e+01
-4.32e+02,-9.25e+01,3.00e+01,2.20e+01
-1.29e+02,-4.21e+01,3.00e+01,2.20e+01
-1.25e+02,-3.68e+01,2.90e+01,2.20e+01
-1.18e+02,-3.58e+01,3.00e+01,2.20e+01
-1.47e+02,-3.86e+01,3.10e+01,2.20e+01
