-8.00e+01,-4.67e+01,2.10e+01,2.30e+01
-9.55e+01,-4.64e+01,2.20e+01,2.40e+01
-8.63e+01,-4.53e+01,2.10e+01,2.30e+01
-9.08e+01,-4.65e+01,2.20e+01,2.30e+01
-8.87e+01,-4.80e+01,2.10e+01,2.30e+01
-8.37e+01,-4.16e+01,2.20e+01,2.40e+01
-9.70e+01,-4.76e+01,2.10e+01,2.30e+01
-8.17e+01,-5.01e+01,2.20e+01,2.40e+01
-7.42e+01,-3.93e+01,2.10e+01,2.30e+01
-9.75e+01,-5.03e+01,2.30e+01,2.30e+01
-7.77e+01,-4.74e+01,2.20e+01,2.40e+01
-8.11e+01,-4.92e+01,2.10e+01,2.30e+01
-8.29e+01,-4.73e+01,2.30e+01,2.40e+01
-8.19e+01,-4.17e+01,2.20e+01,2.30e+01
-7.18e+01,-4.49e+01,2.10e+01,2.30e+01
-8.64e+01,-4.20e+01,2.50e+01,2.40e+01
-8.60e+01,-5.04e+01,2.30e+01,2.30e+01
-9.30e+01,-4.87e+01,2.20e+01,2.40e+01
-7.53e+01,-4.18e+01,2.10e+01,2.30e+01
-8.29e+01,-4.58e+01,2.60e+01,2.50e+01
-8.04e+01,-4.62e+01,2.30e+01,2.50e+01
-8.17e+01,-4.64e+01,2.10e+01,2.30e+01
-7.54e+01,-4.23e+01,2.40e+01,2.40e+01
-9.28e+01,-4.13e+01,2.20e+01,2.40e+01
-7.77e+01,-4.32e+01,2.30e+01,2.50e+01
-7.92e+01,-4.23e+01,2.10e+01,2.30e+01
-8.42e+01,-4.78e+01,2.40e+01,2.30e+01
-8.47e+01,-4.18e+01,2.20e+01,2.40e+01
-1.12e+02,-4.77e+01,2.20e+01,2.30e+01
-1.03e+02,-6.51e+01,2.20e+01,2.40e+01
-8.28e+01,-4.31e+01,2.20e+01,2.30e+01
-8.43e+01,-4.70e+01,2.20e+01,2.40e+01
-8.68e+01,-4.47e+01,2.20e+01,2.30e+01
-1.36e+02,-3.96e+01,2.10e+01,2.30e+01
-3.53e+02,-5.45e+01,2.50e+01,2.40e+01
-7.67e+01,-4.38e+01,2.20e+01,2.30e+01
-9.38e+01,-4.84e+01,2.20e+01,2.40e+01
-9.14e+01,-5.23e+01,2.20e+01,2.30e+01
-7.36e+01,-4.54e+01,2.30e+01,2.40e+01
-8.45e+01,-4.20e+01,2.20e+01,2.40e+01
-8.33e+01,-4.21e+01,2.10e+01,2.30e+01
-7.23e+01,-4.38e+01,2.30e+01,2.40e+01
-1.29e+02,-4.62e+01,2.10e+01,2.30e+01
-7.86e+01,-4.31e+01,2.20e+01,2.40e+01
-1.86e+02,-1.15e+02,2.10e+01,2.30e+01
-8.16e+01,-4.55e+01,2.30e+01,2.40e+01
-8.63e+01,-4.30e+01,2.20e+01,2.30e+01
-6.81e+01,-4.03e+01,2.10e+01,2.30e+01
-8.93e+01,-5.28e+01,2.20e+01,2.40e+01
-9.62e+01,-4.60e+01,2.20e+01,2.40e+01
-1.08e+02,-6.50e+01,2.20e+01,2.40e+01
-8.40e+01,-4.19e+01,2.10e+01,2.30e+01
-7.55e+01,-4.49e+01,2.20e+01,2.30e+01
-8.85e+01,-4.75e+01,2.30e+01,2.40e+01
-1.87e+02,-1.14e+02,2.20e+01,2.40e+01
-9.14e+01,-4.78e+01,2.10e+01,2.30e+01
-8.75e+01,-4.26e+01,2.20e+01,2.40e+01
-9.60e+01,-5.05e+01,2.30e+01,2.40e+01
-7.79e+01,-4.01e+01,2.30e+01,2.50e+01
-9.24e+01,-4.51e+01,2.10e+01,2.30e+01
-8.01e+01,-4.50e+01,2.30e+01,2.30e+01
-7.99e+01,-4.00e+01,2.50e+01,2.40e+01
-8.02e+01,-4.24e+01,2.10e+01,2.30e+01
-8.37e+01,-4.05e+01,2.10e+01,2.30e+01
-7.97e+01,-4.63e+01,2.20e+01,2.30e+01
-7.69e+01,-4.07e+01,2.30e+01,2.40e+01
-7.48e+01,-4.46e+01,2.10e+01,2.30e+01
-9.60e+01,-4.94e+01,2.10e+01,2.30e+01
-7.83e+01,-3.82e+01,2.10e+01,2.30e+01
-1.03e+02,-5.07e+01,2.20e+01,2.40e+01
-8.87e+01,-4.41e+01,2.10e+01,2.30e+01
-8.66e+01,-4.56e+01,2.20e+01,2.40e+01
-1.11e+02,-7.33e+01,2.10e+01,2.30e+01
-1.22e+02,-5.22e+01,2.20e+01,2.40e+01
-7.84e+01,-4.24e+01,2.30e+01,2.50e+01
-9.99e+01,-5.35e+01,2.20e+01,2.30e+01
-1.29e+02,-4.32e+01,2.10e+01,2.30e+01
-1.39e+02,-5.54e+01,2.10e+01,2.30e+01
-8.57e+01,-4.90e+01,2.10e+01,2.30e+01
-1.42e+02,-5.10e+01,2.20e+01,2.30e+01
-8.04e+01,-3.78e+01,2.30e+01,2.40e+01
-7.53e+01,-5.09e+01,2.30e+01,2.50e+01
-1.38e+02,-4.71e+01,2.10e+01,2.30e+01
-2.51e+02,-2.23e+02,2.20e+01,2.40e+01
-7.86e+01,-4.24e+01,2.20e+01,2.40e+01
-1.97e+02,-1.25e+02,2.20e+01,2.40e+01
-7.75e+01,-4.77e+01,2.30e+01,2.30e+01
-9.13e+01,-4.71e+01,2.10e+01,2.30e+01
-8.45e+01,-4.86e+01,2.20e+01,2.40e+01
-8.73e+01,-4.88e+01,2.10e+01,2.30e+01
-8.74e+01,-4.31e+01,2.10e+01,2.30e+01
-9.41e+01,-4.08e+01,2.20e+01,2.40e+01
-2.03e+02,-1.77e+02,2.10e+01,2.30e+01
-1.34e+02,-4.51e+01,2.10e+01,2.30e+01
-8.32e+01,-4.13e+01,2.40e+01,2.50e+01
-7.77e+01,-4.66e+01,2.10e+01,2.30e+01
-1.20e+02,-4.38e+01,2.10e+01,2.30e+01
-1.43e+02,-4.97e+01,2.20e+01,2.40e+01
-2.21e+02,-2.02e+02,2.30e+01,2.30e+01
-1.25e+02,-4.02e+01,2.30e+01,2.40e+01
-1.23e+02,-5.00e+01,2.20e+01,2.40e+01
-8.13e+01,-4.44e+01,2.20e+01,2.40e+01
-7.14e+01,-4.09e+01,2.20e+01,2.30e+01
-2.58e+02,-2.20e+02,2.20e+01,2.40e+01
-8.24e+01,-4.16e+01,2.10e+01,2.30e+01
-9.14e+01,-4.08e+01,2.60e+01,2.50e+01
-8.11e+01,-4.11e+01,2.10e+01,2.30e+01
-8.12e+01,-4.78e+01,2.20e+01,2.30e+01
-2.06e+02,-5.51e+01,2.20e+01,2.40e+01
-8.57e+01,-4.74e+01,2.20e+01,2.40e+01
-8.53e+01,-4.04e+01,2.30e+01,2.50e+01
-7.70e+01,-4.10e+01,2.50e+01,2.40e+01
-9.09e+01,-4.80e+01,2.20e+01,2.30e+01
-8.71e+01,-4.10e+01,2.10e+01,2.30e+01
-7.16e+01,-4.48e+01,2.20e+01,2.30e+01
-8.55e+01,-4.90e+01,2.20e+01,2.30e+01
-8.65e+01,-4.40e+01,2.20e+01,2.40e+01
-7.84e+01,-4.65e+01,2.20e+01,2.40e+01
-2.48e+02,-1.98e+02,2.10e+01,2.30e+01
-8.39e+01,-4.37e+01,2.20e+01,2.30e+01
-1.16e+02,-4.31e+01,2.10e+01,2.30e+01
-8.40e+01,-4.29e+01,2.20e+01,2.40e+01
-1.29e+02,-4.72e+01,2.10e+01,2.30e+01
-8.61e+01,-4.22e+01,2.30e+01,2.30e+01
-7.68e+01,-4.43e+01,2.20e+01,2.40e+01
-8.26e+01,-4.46e+01,2.20e+01,2.40e+01
-7.93e+01,-4.80e+01,2.30e+01,2.30e+01
-7.65e+01,-4.32e+01,2.20e+01,2.40e+01
-9.00e+01,-4.32e+01,2.10e+01,2.30e+01
-9.00e+01,-5.37e+01,2.10e+01,2.30e+01
-8.75e+01,-4.48e+01,2.20e+01,2.40e+01
-7.34e+01,-4.29e+01,2.10e+01,2.30e+01
-7.59e+01,-4.34e+01,2.30e+01,2.30e+01
-8.13e+01,-5.03e+01,2.20e+01,2.40e+01
-1.23e+02,-4.49e+01,2.60e+01,2.50e+01
-8.31e+01,-4.47e+01,2.30e+01,2.40e+01
-7.92e+01,-4.78e+01,2.20e+01,2.40e+01
-1.29e+02,-4.33e+01,2.40e+01,2.40e+01
-8.39e+01,-4.70e+01,2.10e+01,2.30e+01
-9.55e+01,-4.17e+01,2.20e+01,2.40e+01
-3.54e+02,-4.94e+01,2.20e+01,2.30e+01
-9.28e+01,-4.75e+01,2.30e+01,2.40e+01
-9.48e+01,-4.77e+01,2.10e+01,2.30e+01
-8.36e+01,-4.24e+01,2.20e+01,2.30e+01
-7.70e+01,-4.67e+01,2.20e+01,2.30e+01
-8.87e+01,-4.56e+01,2.40e+01,2.50e+01
-1.96e+02,-1.19e+02,2.30e+01,2.30e+01
-1.94e+02,-1.19e+02,2.20e+01,2.40e+01
-9.08e+01,-4.74e+01,2.20e+01,2.40e+01
-8.03e+01,-4.52e+01,2.10e+01,2.30e+01
-7.45e+01,-4.36e+01,2.20e+01,2.40e+01
-9.49e+01,-4.61e+01,2.10e+01,2.30e+01
-8.11e+01,-4.50e+01,2.10e+01,2.30e+01
-7.13e+01,-4.53e+01,2.20e+01,2.40e+01
-7.33e+01,-4.60e+01,2.10e+01,2.30e+01
-1.03e+02,-5.04e+01,2.10e+01,2.30e+01
-8.40e+01,-4.45e+01,2.10e+01,2.30e+01
-9.82e+01,-4.83e+01,2.20e+01,2.40e+01
-8.81e+01,-4.27e+01,2.20e+01,2.30e+01
-8.47e+01,-5.26e+01,2.10e+01,2.30e+01
-7.81e+01,-4.80e+01,2.20e+01,2.30e+01
-7.64e+01,-4.24e+01,2.20e+01,2.30e+01
-1.60e+02,-5.78e+01,2.10e+01,2.30e+01
-8.84e+01,-4.73e+01,2.30e+01,2.30e+01
-7.69e+01,-4.28e+01,2.10e+01,2.30e+01
-9.25e+01,-4.60e+01,2.20e+01,2.30e+01
-8.03e+01,-3.94e+01,2.10e+01,2.30e+01
-2.52e+02,-2.07e+02,2.10e+01,2.30e+01
-8.44e+01,-4.79e+01,2.20e+01,2.40e+01
-1.15e+02,-6.76e+01,2.10e+01,2.30e+01
-8.80e+01,-4.38e+01,2.10e+01,2.30e+01
-7.98e+01,-4.15e+01,2.10e+01,2.30e+01
-8.22e+01,-4.32e+01,2.20e+01,2.40e+01
-8.74e+01,-5.13e+01,2.40e+01,2.50e+01
-8.26e+01,-4.45e+01,2.10e+01,2.30e+01
-8.40e+01,-4.60e+01,2.10e+01,2.30e+01
-8.02e+01,-4.60e+01,2.10e+01,2.30e+01
-9.79e+01,-6.79e+01,2.30e+01,2.40e+01
-8.40e+01,-4.67e+01,2.20e+01,2.40e+01
-8.94e+01,-4.50e+01,2.10e+01,2.30e+01
-8.69e+01,-4.96e+01,2.20e+01,2.40e+01
-3.35e+02,-1.12e+02,2.30e+01,2.40e+01
-8.14e+01,-4.65e+01,2.10e+01,2.30e+01
-8.22e+01,-3.99e+01,2.10e+01,2.30e+01
-2.13e+02,-5.41e+01,2.20e+01,2.40e+01
-7.58e+01,-3.81e+01,2.10e+01,2.30e+01
-1.06e+02,-4.39e+01,2.20e+01,2.40e+01
-8.53e+01,-5.00e+01,2.20e+01,2.30e+01
-7.95e+01,-4.64e+01,2.20e+01,2.30e+01
-8.41e+01,-4.12e+01,2.20e+01,2.30e+01
-8.71e+01,-4.13e+01,2.30e+01,2.30e+01
-9.83e+01,-4.39e+01,2.20e+01,2.30e+01
