-7.33e+01,-4.63e+01,3.50e+01,2.70e+01
-7.76e+01,-4.45e+01,3.30e+01,2.60e+01
-7.02e+01,-4.83e+01,4.30e+01,3.30e+01
-8.29e+01,-4.94e+01,3.30e+01,2.60e+01
-7.80e+01,-4.45e+01,3.30e+01,2.70e+01
-7.61e+01,-4.82e+01,3.40e+01,2.70e+01
-7.31e+01,-4.41e+01,3.30e+01,2.60e+01
-7.74e+01,-4.25e+01,3.40e+01,2.70e+01
-7.32e+01,-4.81e+01,3.30e+01,2.60e+01
-7.05e+01,-4.26e+01,3.40e+01,2.70e+01
-8.71e+01,-5.26e+01,3.30e+01,2.60e+01
-7.69e+01,-4.27e+01,3.60e+01,2.90e+01
-8.52e+01,-4.38e+01,3.40e+01,2.60e+01
-7.16e+01,-4.60e+01,3.30e+01,2.60e+01
-7.69e+01,-4.80e+01,3.50e+01,2.70e+01
-7.31e+01,-4.51e+01,3.40e+01,2.70e+01
-6.96e+01,-4.40e+01,3.30e+01,2.60e+01
-7.58e+01,-4.53e+01,3.70e+01,2.90e+01
-7.62e+01,-4.17e+01,3.40e+01,2.70e+01
-7.00e+01,-3.78e+01,3.30e+01,2.70e+01
-8.06e+01,-4.39e+01,3.70e+01,2.90e+01
-8.45e+01,-4.57e+01,3.40e+01,2.80e+01
-8.22e+01,-4.38e+01,3.30e+01,2.60e+01
-6.32e+01,-4.08e+01,3.70e+01,3.00e+01
-7.74e+01,-4.92e+01,3.40e+01,2.70e+01
-7.35e+01,-4.35e+01,3.60e+01,2.80e+01
-7.18e+01,-4.31e+01,3.50e+01,2.80e+01
-7.59e+01,-4.65e+01,3.30e+01,2.60e+01
-7.37e+01,-4.58e+01,3.40e+01,2.70e+01
-9.07e+01,-3.91e+01,3.30e+01,2.60e+01
-7.95e+01,-4.11e+01,3.40e+01,2.70e+01
-8.52e+01,-4.37e+01,3.30e+01,2.60e+01
-8.48e+01,-3.92e+01,3.60e+01,2.80e+01
-9.34e+01,-4.66e+01,3.40e+01,2.70e+01
-6.99e+01,-4.26e+01,3.40e+01,2.60e+01
-8.46e+01,-4.02e+01,3.60e+01,2.70e+01
-8.18e+01,-4.42e+01,4.30e+01,3.30e+01
-1.20e+02,-6.24e+01,3.40e+01,2.70e+01
-6.88e+01,-3.86e+01,3.30e+01,2.60e+01
-6.92e+01,-4.12e+01,3.50e+01,2.70e+01
-8.24e+01,-4.13e+01,3.30e+01,2.60e+01
-8.29e+01,-4.52e+01,3.60e+01,2.80e+01
-6.94e+01,-4.06e+01,3.50e+01,2.70e+01
-6.90e+01,-4.19e+01,4.30e+01,3.30e+01
-8.13e+01,-4.15e+01,3.30e+01,2.60e+01
-6.63e+01,-4.43e+01,3.60e+01,2.80e+01
-2.39e+02,-1.16e+02,3.30e+01,2.60e+01
-7.18e+01,-4.26e+01,3.30e+01,2.60e+01
-8.15e+01,-4.03e+01,3.50e+01,2.70e+01
-7.65e+01,-4.61e+01,3.60e+01,2.70e+01
-8.03e+01,-5.05e+01,4.30e+01,3.30e+01
-8.64e+01,-3.87e+01,3.40e+01,2.60e+01
-6.57e+01,-4.35e+01,3.30e+01,2.60e+01
-8.75e+01,-4.17e+01,3.40e+01,2.70e+01
-3.53e+02,-4.49e+01,3.30e+01,2.60e+01
-7.23e+01,-4.45e+01,3.30e+01,2.60e+01
-7.57e+01,-4.68e+01,3.40e+01,2.70e+01
-8.00e+01,-3.92e+01,3.40e+01,2.70e+01
-2.48e+02,-1.15e+02,3.50e+01,2.70e+01
-7.12e+01,-4.36e+01,3.40e+01,2.80e+01
-7.03e+01,-4.03e+01,3.60e+01,2.90e+01
-1.65e+02,-5.32e+01,3.70e+01,2.90e+01
-7.14e+01,-4.07e+01,3.50e+01,2.70e+01
-8.17e+01,-4.48e+01,3.40e+01,2.80e+01
-7.52e+01,-4.62e+01,3.30e+01,2.60e+01
-8.26e+01,-4.02e+01,3.30e+01,2.60e+01
-7.69e+01,-4.11e+01,3.30e+01,2.60e+01
-8.06e+01,-4.78e+01,3.30e+01,2.60e+01
-7.79e+01,-4.44e+01,3.40e+01,2.70e+01
-8.39e+01,-4.28e+01,4.40e+01,3.30e+01
-7.61e+01,-4.79e+01,3.30e+01,2.60e+01
-1.25e+02,-4.50e+01,4.30e+01,3.30e+01
-7.60e+01,-4.43e+01,3.60e+01,2.80e+01
-6.70e+01,-3.97e+01,3.30e+01,2.60e+01
-1.15e+02,-6.42e+01,3.30e+01,2.70e+01
-1.11e+02,-4.09e+01,3.40e+01,2.60e+01
-1.02e+02,-4.17e+01,3.50e+01,2.70e+01
-7.64e+01,-4.76e+01,3.40e+01,2.60e+01
-1.10e+02,-5.04e+01,3.40e+01,2.80e+01
-7.71e+01,-3.83e+01,4.30e+01,3.30e+01
-6.97e+01,-4.31e+01,3.40e+01,2.70e+01
-1.22e+02,-7.93e+01,3.30e+01,2.60e+01
-6.98e+01,-4.06e+01,3.50e+01,2.70e+01
-7.92e+01,-4.37e+01,3.30e+01,2.70e+01
-8.48e+01,-5.09e+01,3.50e+01,2.70e+01
-9.72e+01,-4.37e+01,3.40e+01,2.70e+01
-7.73e+01,-4.44e+01,3.40e+01,2.70e+01
-8.19e+01,-4.07e+01,4.30e+01,3.30e+01
-7.43e+01,-4.40e+01,3.30e+01,2.60e+01
-1.28e+02,-4.62e+01,3.30e+01,2.60e+01
-7.10e+01,-3.92e+01,3.40e+01,2.70e+01
-7.47e+01,-4.21e+01,3.60e+01,2.90e+01
-7.25e+01,-4.35e+01,3.30e+01,2.70e+01
-9.08e+01,-5.17e+01,3.50e+01,2.70e+01
-2.56e+02,-1.25e+02,3.30e+01,2.60e+01
-1.06e+02,-4.73e+01,3.40e+01,2.60e+01
-7.18e+01,-4.17e+01,3.40e+01,2.70e+01
-2.54e+02,-1.24e+02,3.30e+01,2.60e+01
-6.98e+01,-4.06e+01,3.50e+01,2.70e+01
-6.93e+01,-4.03e+01,3.60e+01,2.90e+01
-7.45e+01,-4.71e+01,3.70e+01,2.80e+01
-6.98e+01,-4.22e+01,3.30e+01,2.60e+01
-3.31e+02,-2.78e+02,3.40e+01,2.70e+01
-7.56e+01,-4.24e+01,3.40e+01,2.60e+01
-7.27e+01,-4.69e+01,3.90e+01,3.00e+01
-6.95e+01,-4.13e+01,3.40e+01,2.70e+01
-7.43e+01,-4.40e+01,3.50e+01,2.70e+01
-8.41e+01,-4.25e+01,3.40e+01,2.70e+01
-8.77e+01,-4.14e+01,3.60e+01,2.80e+01
-7.95e+01,-4.29e+01,3.30e+01,2.70e+01
-6.58e+01,-4.27e+01,3.30e+01,2.60e+01
-8.67e+01,-4.42e+01,3.50e+01,2.70e+01
-7.11e+01,-4.13e+01,3.70e+01,2.90e+01
-7.39e+01,-3.99e+01,3.50e+01,2.70e+01
-6.94e+01,-4.64e+01,3.30e+01,2.60e+01
-7.40e+01,-4.55e+01,3.40e+01,2.70e+01
-7.48e+01,-4.53e+01,3.50e+01,2.70e+01
-7.57e+01,-4.13e+01,4.40e+01,3.40e+01
-7.12e+01,-4.33e+01,3.30e+01,2.60e+01
-8.42e+01,-4.41e+01,3.50e+01,2.70e+01
-3.17e+02,-5.38e+01,3.40e+01,2.60e+01
-7.69e+01,-3.93e+01,3.50e+01,2.80e+01
-7.88e+01,-4.83e+01,3.30e+01,2.60e+01
-8.21e+01,-4.66e+01,3.30e+01,2.60e+01
-8.09e+01,-4.49e+01,3.30e+01,2.60e+01
-9.77e+01,-6.20e+01,3.40e+01,2.70e+01
-8.33e+01,-4.75e+01,3.40e+01,2.60e+01
-7.03e+01,-4.08e+01,4.30e+01,3.30e+01
-7.54e+01,-4.64e+01,3.60e+01,2.80e+01
-7.31e+01,-4.40e+01,3.40e+01,2.70e+01
-7.33e+01,-4.48e+01,3.30e+01,2.60e+01
-2.16e+02,-6.26e+01,3.60e+01,2.80e+01
-3.25e+02,-9.33e+01,3.40e+01,2.60e+01
-8.04e+01,-4.27e+01,3.50e+01,2.80e+01
-1.13e+02,-6.01e+01,3.40e+01,2.60e+01
-8.67e+01,-5.42e+01,3.40e+01,2.70e+01
-7.71e+01,-4.38e+01,3.40e+01,2.70e+01
-7.00e+01,-4.19e+01,3.30e+01,2.60e+01
-8.40e+01,-4.80e+01,3.40e+01,2.70e+01
-7.81e+01,-4.00e+01,3.60e+01,2.70e+01
-8.08e+01,-3.90e+01,3.50e+01,2.70e+01
-7.31e+01,-4.18e+01,4.30e+01,3.30e+01
-7.02e+01,-4.15e+01,3.60e+01,2.70e+01
-8.55e+01,-4.99e+01,3.30e+01,2.70e+01
-7.70e+01,-4.83e+01,3.30e+01,2.60e+01
-7.77e+01,-4.59e+01,4.50e+01,3.40e+01
-8.75e+01,-4.88e+01,3.40e+01,2.70e+01
-8.14e+01,-4.03e+01,3.30e+01,2.60e+01
-8.42e+01,-4.30e+01,4.30e+01,3.30e+01
-2.82e+02,-5.00e+01,3.40e+01,2.80e+01
-6.68e+01,-3.99e+01,3.30e+01,2.60e+01
-6.85e+01,-4.24e+01,3.60e+01,2.80e+01
-5.00e+02,-5.00e+02,3.40e+01,2.60e+01
-6.91e+01,-4.19e+01,3.30e+01,2.60e+01
-7.94e+01,-4.57e+01,3.30e+01,2.70e+01
-9.02e+01,-4.32e+01,3.30e+01,2.70e+01
-7.56e+01,-4.12e+01,4.30e+01,3.30e+01
-9.29e+01,-4.95e+01,3.50e+01,2.70e+01
-7.22e+01,-4.59e+01,3.40e+01,2.60e+01
-7.82e+01,-4.80e+01,3.40e+01,2.70e+01
-1.40e+02,-7.51e+01,3.40e+01,2.70e+01
-1.05e+02,-4.19e+01,3.50e+01,2.70e+01
-1.02e+02,-4.26e+01,3.40e+01,2.70e+01
-8.37e+01,-4.77e+01,3.40e+01,2.60e+01
-8.14e+01,-4.37e+01,3.30e+01,2.60e+01
-1.02e+02,-4.49e+01,3.50e+01,2.70e+01
-7.05e+01,-4.27e+01,3.50e+01,2.70e+01
-7.78e+01,-4.44e+01,3.40e+01,2.70e+01
-2.86e+02,-4.81e+01,4.30e+01,3.30e+01
-6.87e+01,-4.47e+01,4.30e+01,3.30e+01
-8.29e+01,-4.61e+01,3.50e+01,2.70e+01
-8.27e+01,-4.57e+01,3.40e+01,2.70e+01
-7.62e+01,-4.38e+01,4.30e+01,3.30e+01
-7.34e+01,-4.22e+01,3.40e+01,2.70e+01
-7.95e+01,-4.29e+01,3.30e+01,2.60e+01
-6.64e+01,-3.76e+01,3.30e+01,2.70e+01
-6.60e+01,-4.33e+01,3.50e+01,2.70e+01
-7.61e+01,-4.22e+01,3.50e+01,2.70e+01
-8.52e+01,-4.44e+01,3.40e+01,2.70e+01
-1.60e+02,-4.39e+01,3.30e+01,2.60e+01
-8.04e+01,-4.33e+01,4.30e+01,3.30e+01
-7.85e+01,-4.16e+01,3.30e+01,2.70e+01
-7.54e+01,-4.56e+01,3.60e+01,2.70e+01
-7.96e+01,-4.48e+01,3.30e+01,2.60e+01
-6.97e+01,-4.42e+01,3.30e+01,2.60e+01
-3.51e+02,-4.58e+01,3.40e+01,2.70e+01
-7.26e+01,-3.90e+01,3.30e+01,2.60e+01
-8.89e+01,-4.12e+01,3.40e+01,2.60e+01
-1.35e+02,-4.02e+01,3.40e+01,2.60e+01
-7.78e+01,-4.22e+01,3.30e+01,2.60e+01
-8.21e+01,-4.21e+01,3.60e+01,2.90e+01
-7.03e+01,-4.52e+01,3.50e+01,2.70e+01
