-8.32e+01,-4.86e+01,4.50e+01,3.50e+01
-7.99e+01,-4.21e+01,4.00e+01,3.10e+01
-7.44e+01,-3.85e+01,4.30e+01,3.30e+01
-7.89e+01,-4.26e+01,4.50e+01,3.40e+01
-7.24e+01,-4.52e+01,4.00e+01,3.10e+01
-7.96e+01,-4.24e+01,4.10e+01,3.20e+01
-7.95e+01,-4.47e+01,4.00e+01,3.10e+01
-8.71e+01,-4.33e+01,4.50e+01,3.40e+01
-7.07e+01,-4.10e+01,4.40e+01,3.40e+01
-6.94e+01,-4.26e+01,4.00e+01,3.10e+01
-7.82e+01,-4.62e+01,4.40e+01,3.40e+01
-7.73e+01,-4.07e+01,4.10e+01,3.10e+01
-8.56e+01,-4.42e+01,4.00e+01,3.10e+01
-7.21e+01,-4.91e+01,4.60e+01,3.50e+01
-6.49e+01,-4.36e+01,4.30e+01,3.30e+01
-7.08e+01,-4.19e+01,4.40e+01,3.40e+01
-7.81e+01,-4.24e+01,4.50e+01,3.40e+01
-6.59e+01,-4.06e+01,4.00e+01,3.10e+01
-7.33e+01,-3.94e+01,4.50e+01,3.40e+01
-7.42e+01,-4.14e+01,4.30e+01,3.30e+01
-8.24e+01,-4.79e+01,4.40e+01,3.40e+01
-8.70e+01,-4.26e+01,4.00e+01,3.10e+01
-7.49e+01,-4.44e+01,4.60e+01,3.40e+01
-8.73e+01,-4.38e+01,4.40e+01,3.40e+01
-7.52e+01,-4.18e+01,4.00e+01,3.10e+01
-8.38e+01,-5.13e+01,4.60e+01,3.50e+01
-7.49e+01,-4.64e+01,4.00e+01,3.10e+01
-7.75e+01,-5.08e+01,4.60e+01,3.50e+01
-7.07e+01,-4.23e+01,4.50e+01,3.50e+01
-8.55e+01,-4.11e+01,4.50e+01,3.50e+01
-7.18e+01,-4.47e+01,4.30e+01,3.30e+01
-7.32e+01,-4.19e+01,4.50e+01,3.50e+01
-7.32e+01,-4.77e+01,4.50e+01,3.40e+01
-8.99e+01,-4.36e+01,4.00e+01,3.10e+01
-6.64e+01,-3.97e+01,4.60e+01,3.60e+01
-7.68e+01,-4.82e+01,4.30e+01,3.30e+01
-3.60e+02,-6.88e+01,4.40e+01,3.40e+01
-7.71e+01,-4.13e+01,4.20e+01,3.30e+01
-9.89e+01,-4.69e+01,4.50e+01,3.40e+01
-1.25e+02,-3.97e+01,4.00e+01,3.10e+01
-7.66e+01,-4.39e+01,4.10e+01,3.20e+01
-7.58e+01,-4.86e+01,4.00e+01,3.10e+01
-6.71e+01,-4.18e+01,4.50e+01,3.40e+01
-7.68e+01,-4.77e+01,4.50e+01,3.40e+01
-9.52e+01,-5.41e+01,4.30e+01,3.30e+01
-8.52e+01,-4.74e+01,4.30e+01,3.30e+01
-7.70e+01,-3.92e+01,4.50e+01,3.50e+01
-7.61e+01,-4.23e+01,4.70e+01,3.50e+01
-8.23e+01,-4.67e+01,4.50e+01,3.50e+01
-1.75e+02,-6.81e+01,4.00e+01,3.10e+01
-8.43e+01,-4.52e+01,4.30e+01,3.30e+01
-7.34e+01,-4.55e+01,4.00e+01,3.10e+01
-7.54e+01,-4.10e+01,4.50e+01,3.50e+01
-7.32e+01,-4.30e+01,4.50e+01,3.50e+01
-7.82e+01,-4.10e+01,4.50e+01,3.40e+01
-8.23e+01,-4.46e+01,4.40e+01,3.40e+01
-8.12e+01,-4.66e+01,4.40e+01,3.30e+01
-8.14e+01,-4.52e+01,4.60e+01,3.60e+01
-7.20e+01,-4.56e+01,4.60e+01,3.50e+01
-7.42e+01,-4.06e+01,4.50e+01,3.50e+01
-7.11e+01,-3.95e+01,4.50e+01,3.40e+01
-6.93e+01,-4.38e+01,4.50e+01,3.40e+01
-7.28e+01,-4.70e+01,4.00e+01,3.10e+01
-7.35e+01,-4.66e+01,4.00e+01,3.10e+01
-7.15e+01,-4.06e+01,4.60e+01,3.50e+01
-1.14e+02,-4.69e+01,4.00e+01,3.10e+01
-9.05e+01,-4.34e+01,4.50e+01,3.40e+01
-7.52e+01,-4.15e+01,4.00e+01,3.10e+01
-8.65e+01,-4.84e+01,4.50e+01,3.40e+01
-7.03e+01,-3.84e+01,4.00e+01,3.10e+01
-8.46e+01,-4.82e+01,4.60e+01,3.50e+01
-9.22e+01,-4.30e+01,4.50e+01,3.50e+01
-7.19e+01,-4.03e+01,4.00e+01,3.10e+01
-7.43e+01,-4.92e+01,4.60e+01,3.50e+01
-7.21e+01,-4.66e+01,4.00e+01,3.10e+01
-8.23e+01,-4.65e+01,4.10e+01,3.20e+01
-7.37e+01,-4.60e+01,4.00e+01,3.10e+01
-1.35e+02,-5.68e+01,4.50e+01,3.40e+01
-7.88e+01,-4.73e+01,4.10e+01,3.20e+01
-7.37e+01,-4.18e+01,4.10e+01,3.20e+01
-7.22e+01,-3.77e+01,4.40e+01,3.40e+01
-7.28e+01,-4.28e+01,4.40e+01,3.40e+01
-7.49e+01,-4.87e+01,4.20e+01,3.20e+01
-6.47e+01,-4.27e+01,4.00e+01,3.10e+01
-7.05e+01,-4.39e+01,4.00e+01,3.10e+01
-6.63e+01,-4.44e+01,4.50e+01,3.40e+01
-8.04e+01,-4.43e+01,4.40e+01,3.40e+01
-7.50e+01,-4.36e+01,4.50e+01,3.50e+01
-8.21e+01,-4.29e+01,4.40e+01,3.40e+01
-6.97e+01,-4.38e+01,4.50e+01,3.50e+01
-6.94e+01,-4.27e+01,4.10e+01,3.10e+01
-9.73e+01,-4.13e+01,4.50e+01,3.50e+01
-6.74e+01,-4.20e+01,4.50e+01,3.50e+01
-7.55e+01,-4.13e+01,4.00e+01,3.10e+01
-7.42e+01,-3.74e+01,4.10e+01,3.10e+01
-6.96e+01,-4.17e+01,4.50e+01,3.50e+01
-8.26e+01,-4.20e+01,4.50e+01,3.50e+01
-7.77e+01,-4.74e+01,4.40e+01,3.40e+01
-7.99e+01,-4.57e+01,4.30e+01,3.30e+01
-8.07e+01,-4.09e+01,4.50e+01,3.50e+01
-6.68e+01,-4.56e+01,4.50e+01,3.50e+01
-7.86e+01,-4.01e+01,4.50e+01,3.50e+01
-6.99e+01,-4.40e+01,4.00e+01,3.10e+01
-9.20e+01,-5.20e+01,4.60e+01,3.50e+01
-9.68e+01,-4.76e+01,4.50e+01,3.50e+01
-7.66e+01,-4.82e+01,4.50e+01,3.40e+01
-9.44e+01,-4.89e+01,4.50e+01,3.40e+01
-9.26e+01,-5.63e+01,4.10e+01,3.20e+01
-6.41e+01,-4.39e+01,4.50e+01,3.50e+01
-7.64e+01,-4.36e+01,4.50e+01,3.40e+01
-8.23e+01,-4.44e+01,4.00e+01,3.10e+01
-6.77e+01,-3.81e+01,4.10e+01,3.10e+01
-7.60e+01,-4.60e+01,4.00e+01,3.10e+01
-7.08e+01,-4.00e+01,4.40e+01,3.40e+01
-8.03e+01,-3.93e+01,4.30e+01,3.30e+01
-8.80e+01,-4.15e+01,4.70e+01,3.50e+01
-7.82e+01,-4.16e+01,4.10e+01,3.10e+01
-1.31e+02,-4.14e+01,4.50e+01,3.50e+01
-7.10e+01,-4.08e+01,4.60e+01,3.50e+01
-7.84e+01,-3.93e+01,4.00e+01,3.10e+01
-1.02e+02,-4.38e+01,4.20e+01,3.30e+01
-6.82e+01,-4.50e+01,4.50e+01,3.40e+01
-8.40e+01,-4.80e+01,4.70e+01,3.50e+01
-8.49e+01,-4.93e+01,4.40e+01,3.40e+01
-7.16e+01,-4.63e+01,4.00e+01,3.10e+01
-6.94e+01,-4.10e+01,4.00e+01,3.10e+01
-7.64e+01,-5.40e+01,4.10e+01,3.10e+01
-6.80e+01,-3.92e+01,4.00e+01,3.10e+01
-9.43e+01,-5.36e+01,4.60e+01,3.40e+01
-7.55e+01,-4.63e+01,4.50e+01,3.50e+01
-6.05e+01,-4.20e+01,4.40e+01,3.40e+01
-7.20e+01,-3.96e+01,4.00e+01,3.10e+01
-7.63e+01,-4.42e+01,4.60e+01,3.60e+01
-7.77e+01,-4.63e+01,4.00e+01,3.10e+01
-7.56e+01,-4.22e+01,4.50e+01,3.50e+01
-7.18e+01,-4.17e+01,4.40e+01,3.30e+01
-6.38e+01,-4.02e+01,4.20e+01,3.30e+01
-8.96e+01,-4.39e+01,4.50e+01,3.50e+01
-7.08e+01,-4.63e+01,4.00e+01,3.10e+01
-7.66e+01,-4.54e+01,4.00e+01,3.10e+01
-2.60e+02,-1.14e+02,4.00e+01,3.10e+01
-1.42e+02,-4.87e+01,4.00e+01,3.10e+01
-6.76e+01,-4.08e+01,4.30e+01,3.30e+01
-1.04e+02,-5.04e+01,4.50e+01,3.40e+01
-6.99e+01,-4.63e+01,4.00e+01,3.10e+01
-6.85e+01,-4.54e+01,4.00e+01,3.10e+01
-7.35e+01,-4.33e+01,4.50e+01,3.50e+01
-7.77e+01,-4.50e+01,4.20e+01,3.10e+01
-8.34e+01,-4.47e+01,4.00e+01,3.10e+01
-1.09e+02,-6.39e+01,4.20e+01,3.20e+01
-7.14e+01,-3.67e+01,4.00e+01,3.10e+01
-7.64e+01,-4.06e+01,4.70e+01,3.60e+01
-6.79e+01,-4.17e+01,4.00e+01,3.10e+01
-7.53e+01,-4.18e+01,4.40e+01,3.30e+01
-6.72e+01,-4.29e+01,4.50e+01,3.50e+01
-7.16e+01,-4.48e+01,4.30e+01,3.30e+01
-8.51e+01,-4.40e+01,4.60e+01,3.50e+01
-6.64e+01,-4.24e+01,4.30e+01,3.30e+01
-7.06e+01,-4.13e+01,4.60e+01,3.50e+01
-8.27e+01,-4.45e+01,4.60e+01,3.50e+01
-7.73e+01,-3.94e+01,4.00e+01,3.10e+01
-7.56e+01,-4.35e+01,4.50e+01,3.50e+01
-7.52e+01,-4.48e+01,4.20e+01,3.30e+01
-8.01e+01,-4.82e+01,4.70e+01,3.50e+01
-6.92e+01,-4.93e+01,4.50e+01,3.50e+01
-1.07e+02,-4.39e+01,4.50e+01,3.50e+01
-1.37e+02,-4.80e+01,4.30e+01,3.30e+01
-9.13e+01,-5.25e+01,4.50e+01,3.40e+01
-6.91e+01,-4.48e+01,4.50e+01,3.40e+01
-2.61e+02,-1.16e+02,4.50e+01,3.40e+01
-7.55e+01,-4.85e+01,4.50e+01,3.50e+01
-7.24e+01,-4.56e+01,4.10e+01,3.10e+01
-8.46e+01,-4.29e+01,4.70e+01,3.50e+01
-8.27e+01,-5.12e+01,4.60e+01,3.50e+01
-6.97e+01,-4.14e+01,4.10e+01,3.10e+01
-9.65e+01,-5.15e+01,4.00e+01,3.10e+01
-7.18e+01,-4.22e+01,4.50e+01,3.40e+01
-8.96e+01,-4.20e+01,4.50e+01,3.40e+01
-8.23e+01,-4.79e+01,4.50e+01,3.50e+01
-6.68e+01,-4.16e+01,4.00e+01,3.10e+01
-8.05e+01,-4.19e+01,4.00e+01,3.10e+01
-9.35e+01,-4.47e+01,4.00e+01,3.10e+01
-7.07e+01,-4.37e+01,4.00e+01,3.10e+01
-7.11e+01,-4.35e+01,4.50e+01,3.40e+01
-1.30e+02,-4.89e+01,4.50e+01,3.40e+01
-7.91e+01,-4.72e+01,4.50e+01,3.40e+01
-7.74e+01,-4.34e+01,4.70e+01,3.50e+01
-7.63e+01,-4.47e+01,4.50e+01,3.40e+01
-7.95e+01,-4.53e+01,4.00e+01,3.10e+01
-9.09e+01,-4.47e+01,4.00e+01,3.10e+01
-2.82e+02,-5.27e+01,4.00e+01,3.10e+01
-8.00e+01,-4.23e+01,4.50e+01,3.50e+01
