2.97e+01,3.47e+02,2.02e+02,7.50e+01
3.12e+01,4.27e+02,2.03e+02,7.50e+01
-1.22e+00,3.18e+02,2.03e+02,7.50e+01
1.84e+01,4.34e+02,2.01e+02,7.50e+01
3.86e+00,2.76e+02,2.00e+02,7.40e+01
2.86e+00,2.72e+02,2.01e+02,7.50e+01
-7.26e+00,1.56e+02,2.02e+02,7.50e+01
2.95e+01,4.24e+02,2.02e+02,7.50e+01
1.37e+00,2.60e+02,2.01e+02,7.40e+01
3.26e+01,4.26e+02,2.05e+02,7.60e+01
-1.34e+01,2.23e+02,2.02e+02,7.40e+01
-9.74e+00,3.15e+02,2.02e+02,7.50e+01
-3.68e+01,1.27e+01,2.02e+02,7.50e+01
-6.79e+00,2.89e+02,2.03e+02,7.50e+01
1.64e+00,3.21e+02,2.01e+02,7.50e+01
9.94e+00,2.83e+02,2.04e+02,7.60e+01
2.38e-01,2.00e+02,2.02e+02,7.50e+01
-3.44e+01,5.20e+01,2.04e+02,7.50e+01
-1.07e+01,1.78e+02,2.02e+02,7.50e+01
1.79e+01,2.81e+02,2.03e+02,7.50e+01
2.23e+01,2.90e+02,2.03e+02,7.50e+01
4.51e+00,2.88e+02,2.02e+02,7.50e+01
2.31e+01,2.96e+02,2.03e+02,7.50e+01
-2.12e+01,1.39e+02,2.03e+02,7.50e+01
1.81e+01,2.86e+02,2.03e+02,7.50e+01
-5.67e+00,2.33e+02,2.04e+02,7.50e+01
2.05e+01,3.31e+02,2.03e+02,7.50e+01
2.28e+01,4.28e+02,2.02e+02,7.50e+01
5.62e+00,1.37e+02,2.03e+02,7.50e+01
-7.46e+00,1.53e+02,2.03e+02,7.50e+01
-3.99e+00,1.94e+02,2.01e+02,7.50e+01
3.96e+01,4.18e+02,2.01e+02,7.40e+01
-5.21e+01,-2.49e+01,2.03e+02,7.50e+01
1.31e+01,2.97e+02,2.03e+02,7.50e+01
9.13e+00,3.29e+02,2.02e+02,7.50e+01
-2.62e+01,1.76e+02,2.03e+02,7.50e+01
-2.15e+01,1.38e+02,2.02e+02,7.50e+01
3.07e+01,3.87e+02,2.01e+02,7.40e+01
8.99e+00,2.99e+02,2.03e+02,7.50e+01
2.03e+01,4.25e+02,2.03e+02,7.50e+01
-1.54e+00,1.85e+02,2.03e+02,7.50e+01
2.25e+01,2.97e+02,2.02e+02,7.50e+01
-2.19e+01,1.65e+02,2.03e+02,7.50e+01
2.79e+00,3.07e+02,2.03e+02,7.60e+01
3.91e+01,4.31e+02,2.02e+02,7.50e+01
4.12e+01,4.27e+02,2.03e+02,7.50e+01
-2.67e+01,1.54e+02,2.02e+02,7.50e+01
-5.44e+00,1.72e+02,2.04e+02,7.60e+01
-4.47e+01,1.19e+02,2.03e+02,7.50e+01
-4.34e+01,1.30e+02,2.05e+02,7.60e+01
-1.76e+01,3.29e+02,2.00e+02,7.40e+01
1.91e+01,2.91e+02,2.03e+02,7.50e+01
2.74e+00,3.07e+02,2.04e+02,7.50e+01
2.66e+01,4.08e+02,2.03e+02,7.50e+01
8.46e+00,2.86e+02,2.02e+02,7.50e+01
3.46e+01,4.19e+02,2.02e+02,7.50e+01
3.24e+01,4.33e+02,2.03e+02,7.50e+01
-2.16e+01,2.92e+02,2.00e+02,7.40e+01
2.07e+00,2.93e+02,2.04e+02,7.60e+01
-1.50e+01,1.44e+02,2.02e+02,7.50e+01
1.13e+01,2.87e+02,2.04e+02,7.60e+01
6.43e+00,2.76e+02,2.03e+02,7.50e+01
1.64e+01,2.79e+02,2.03e+02,7.50e+01
4.44e+00,3.03e+02,2.03e+02,7.50e+01
-4.39e+01,3.29e+01,2.02e+02,7.50e+01
-2.68e+01,1.63e+02,2.03e+02,7.40e+01
-3.58e+01,1.40e+02,2.05e+02,7.60e+01
2.30e+01,3.99e+02,2.01e+02,7.50e+01
2.48e+01,2.93e+02,2.04e+02,7.60e+01
-1.91e+01,1.64e+02,2.03e+02,7.50e+01
1.16e+01,3.09e+02,2.02e+02,7.50e+01
9.47e-01,3.03e+02,2.02e+02,7.50e+01
2.88e+01,4.26e+02,2.03e+02,7.60e+01
-5.32e+00,1.73e+02,2.03e+02,7.50e+01
1.30e+01,2.87e+02,2.03e+02,7.60e+01
1.89e+01,2.75e+02,2.02e+02,7.50e+01
-7.69e+01,3.01e+01,2.04e+02,7.60e+01
-5.42e+00,1.86e+02,2.04e+02,7.50e+01
-1.68e-01,2.82e+02,2.03e+02,7.50e+01
-1.83e+01,2.13e+02,2.01e+02,7.40e+01
1.28e+01,2.91e+02,2.03e+02,7.50e+01
-5.56e+01,5.87e+01,2.02e+02,7.50e+01
-3.85e+01,1.52e+02,2.04e+02,7.50e+01
-1.95e+01,2.38e+02,2.02e+02,7.50e+01
-3.92e-01,1.64e+02,2.05e+02,7.60e+01
-3.32e+01,1.62e+02,2.02e+02,7.50e+01
1.75e+01,2.92e+02,2.04e+02,7.60e+01
-5.97e+01,-2.92e+01,2.02e+02,7.50e+01
2.80e+01,4.44e+02,2.03e+02,7.50e+01
-1.73e+01,1.23e+02,2.03e+02,7.50e+01
-7.27e+00,1.77e+02,2.04e+02,7.50e+01
3.34e+00,1.45e+02,2.03e+02,7.50e+01
-3.89e+01,9.41e+00,2.04e+02,7.60e+01
1.41e+01,2.95e+02,2.00e+02,7.40e+01
-2.62e+01,1.02e+02,2.04e+02,7.50e+01
-2.42e+01,1.43e+02,2.02e+02,7.50e+01
-2.04e+01,1.82e+02,2.02e+02,7.50e+01
-1.54e+00,2.68e+02,2.01e+02,7.50e+01
4.11e+00,3.08e+02,2.01e+02,7.50e+01
-2.77e+01,1.44e+02,2.03e+02,7.50e+01
1.56e+01,2.89e+02,2.02e+02,7.50e+01
-1.32e+01,1.64e+02,2.03e+02,7.50e+01
1.78e+01,2.78e+02,2.02e+02,7.50e+01
-1.46e+01,1.93e+02,2.05e+02,7.60e+01
1.17e+01,2.92e+02,2.04e+02,7.60e+01
-9.11e+00,1.70e+02,2.04e+02,7.60e+01
1.24e+01,2.88e+02,2.04e+02,7.60e+01
6.79e+00,1.92e+02,2.03e+02,7.50e+01
-6.83e+00,2.90e+02,2.04e+02,7.50e+01
-6.67e+01,5.49e+01,2.03e+02,7.50e+01
-8.09e+00,1.78e+02,2.04e+02,7.60e+01
4.48e+00,2.09e+02,2.02e+02,7.50e+01
-2.60e+01,2.58e+02,2.03e+02,7.50e+01
5.22e+01,4.29e+02,2.03e+02,7.50e+01
-1.22e+01,1.68e+02,2.04e+02,7.50e+01
6.57e+00,4.12e+02,2.03e+02,7.50e+01
-6.88e-01,2.75e+02,2.05e+02,7.60e+01
-4.09e+01,1.02e+02,2.04e+02,7.60e+01
2.35e+01,3.15e+02,2.02e+02,7.50e+01
-4.01e+01,1.93e+01,2.03e+02,7.50e+01
-4.31e+01,5.92e+01,2.04e+02,7.50e+01
-1.09e+01,2.74e+02,2.01e+02,7.40e+01
-1.85e+01,1.67e+02,2.03e+02,7.50e+01
4.32e+00,2.75e+02,2.02e+02,7.50e+01
1.67e+01,3.01e+02,2.03e+02,7.60e+01
-7.80e+00,2.69e+02,2.03e+02,7.50e+01
2.27e+01,2.83e+02,2.03e+02,7.50e+01
-3.93e+01,1.44e+02,2.04e+02,7.50e+01
