-2.20e+02,-5.62e+01,1.90e+01,1.40e+01
-2.22e+02,-5.67e+01,2.30e+01,1.40e+01
-2.18e+02,-6.46e+01,2.20e+01,1.40e+01
-2.21e+02,-7.02e+01,2.20e+01,1.40e+01
-2.17e+02,-6.06e+01,2.10e+01,1.40e+01
-2.15e+02,-6.41e+01,2.30e+01,1.40e+01
-2.18e+02,-6.60e+01,2.00e+01,1.40e+01
-2.24e+02,-6.58e+01,2.60e+01,1.60e+01
-2.19e+02,-6.02e+01,2.20e+01,1.40e+01
-2.22e+02,-5.17e+01,2.70e+01,1.70e+01
-2.18e+02,-5.50e+01,2.10e+01,1.50e+01
-2.16e+02,-6.05e+01,2.70e+01,2.00e+01
-2.14e+02,-5.38e+01,2.20e+01,1.40e+01
-2.21e+02,-6.23e+01,2.30e+01,1.40e+01
-2.24e+02,-6.04e+01,2.10e+01,1.40e+01
-2.21e+02,-5.85e+01,2.80e+01,2.00e+01
-2.22e+02,-5.73e+01,2.80e+01,2.00e+01
-2.17e+02,-5.96e+01,2.40e+01,1.50e+01
-2.18e+02,-6.28e+01,2.80e+01,2.00e+01
-2.18e+02,-5.95e+01,2.30e+01,1.50e+01
-2.20e+02,-5.95e+01,2.70e+01,2.00e+01
-2.86e+02,-5.93e+01,2.30e+01,1.40e+01
-2.15e+02,-5.25e+01,2.40e+01,1.50e+01
-2.23e+02,-6.55e+01,2.20e+01,1.40e+01
-2.18e+02,-5.49e+01,2.30e+01,1.40e+01
-2.16e+02,-5.96e+01,3.10e+01,2.00e+01
-2.26e+02,-6.92e+01,2.30e+01,1.50e+01
-2.12e+02,-4.97e+01,2.40e+01,1.50e+01
-5.00e+02,-4.99e+02,2.40e+01,1.40e+01
-2.27e+02,-6.17e+01,2.90e+01,2.00e+01
-3.18e+02,-1.20e+02,2.30e+01,1.40e+01
-2.16e+02,-5.41e+01,2.20e+01,1.40e+01
-2.25e+02,-6.75e+01,2.90e+01,2.00e+01
-2.21e+02,-6.50e+01,2.20e+01,1.40e+01
-2.19e+02,-6.38e+01,2.30e+01,1.50e+01
-2.14e+02,-5.76e+01,2.30e+01,1.40e+01
-2.15e+02,-5.43e+01,2.30e+01,1.40e+01
-2.16e+02,-5.94e+01,2.90e+01,2.00e+01
-2.63e+02,-1.11e+02,2.20e+01,1.60e+01
-2.18e+02,-5.66e+01,2.30e+01,1.50e+01
-2.31e+02,-6.95e+01,2.20e+01,1.40e+01
-2.16e+02,-6.23e+01,2.70e+01,1.60e+01
-3.30e+02,-1.06e+02,2.20e+01,1.40e+01
-3.33e+02,-1.13e+02,2.00e+01,1.50e+01
-2.24e+02,-7.56e+01,2.80e+01,2.00e+01
-2.17e+02,-6.20e+01,2.30e+01,1.40e+01
-2.17e+02,-6.42e+01,2.40e+01,1.40e+01
-2.24e+02,-5.87e+01,2.40e+01,1.40e+01
-2.15e+02,-6.18e+01,2.50e+01,1.50e+01
-2.20e+02,-6.24e+01,2.30e+01,1.40e+01
-2.24e+02,-5.88e+01,2.90e+01,2.10e+01
-5.00e+02,-5.00e+02,2.20e+01,1.50e+01
-5.00e+02,-4.99e+02,2.20e+01,1.40e+01
-2.23e+02,-5.47e+01,1.90e+01,1.40e+01
-2.21e+02,-5.85e+01,2.30e+01,1.40e+01
-2.15e+02,-5.64e+01,2.40e+01,1.40e+01
-2.22e+02,-5.89e+01,2.30e+01,1.50e+01
-2.27e+02,-6.22e+01,2.10e+01,1.40e+01
-4.56e+02,-2.39e+02,2.00e+01,1.40e+01
-2.14e+02,-5.72e+01,2.80e+01,2.00e+01
-2.18e+02,-5.45e+01,2.20e+01,1.40e+01
-2.20e+02,-6.00e+01,2.40e+01,1.50e+01
-4.53e+02,-2.19e+02,2.20e+01,1.40e+01
-4.49e+02,-1.94e+02,2.00e+01,1.40e+01
-2.21e+02,-5.47e+01,2.00e+01,1.50e+01
-4.80e+02,-3.81e+02,2.30e+01,1.40e+01
-2.20e+02,-4.80e+01,2.20e+01,1.40e+01
-2.15e+02,-5.68e+01,2.90e+01,2.00e+01
-3.85e+02,-1.56e+02,2.20e+01,1.40e+01
-2.15e+02,-5.43e+01,2.00e+01,1.40e+01
-2.19e+02,-5.52e+01,2.20e+01,1.50e+01
-2.20e+02,-5.01e+01,2.30e+01,1.40e+01
-2.20e+02,-6.72e+01,2.30e+01,1.40e+01
-2.29e+02,-7.66e+01,2.30e+01,1.40e+01
-2.22e+02,-5.78e+01,2.10e+01,1.40e+01
-2.19e+02,-6.60e+01,2.40e+01,1.50e+01
-2.21e+02,-6.53e+01,2.90e+01,2.10e+01
-2.27e+02,-6.65e+01,2.20e+01,1.50e+01
-5.00e+02,-4.99e+02,2.90e+01,2.00e+01
-2.17e+02,-5.63e+01,2.30e+01,1.40e+01
-2.13e+02,-5.88e+01,2.10e+01,1.50e+01
-2.76e+02,-1.12e+02,2.20e+01,1.40e+01
-2.15e+02,-5.71e+01,2.90e+01,2.00e+01
-2.46e+02,-9.15e+01,2.30e+01,1.50e+01
-4.29e+02,-7.57e+01,2.40e+01,1.40e+01
-3.14e+02,-1.07e+02,2.30e+01,1.40e+01
-2.16e+02,-4.25e+01,2.40e+01,1.40e+01
-2.52e+02,-1.06e+02,2.80e+01,1.80e+01
-3.89e+02,-1.59e+02,2.20e+01,1.40e+01
-5.00e+02,-5.00e+02,2.30e+01,1.50e+01
-2.20e+02,-4.54e+01,2.20e+01,1.40e+01
-2.17e+02,-5.30e+01,2.20e+01,1.40e+01
-2.24e+02,-6.12e+01,2.30e+01,1.40e+01
-2.16e+02,-6.01e+01,2.10e+01,1.40e+01
-3.11e+02,-9.90e+01,2.30e+01,1.40e+01
-4.19e+02,-1.43e+02,2.30e+01,1.50e+01
-2.19e+02,-6.05e+01,2.20e+01,1.40e+01
-2.26e+02,-6.76e+01,2.40e+01,1.40e+01
-2.97e+02,-6.43e+01,2.30e+01,1.40e+01
-2.28e+02,-7.32e+01,2.20e+01,1.40e+01
-4.89e+02,-4.34e+02,2.30e+01,1.40e+01
-2.18e+02,-6.10e+01,2.20e+01,1.40e+01
-4.46e+02,-1.76e+02,2.00e+01,1.40e+01
-2.15e+02,-6.27e+01,2.00e+01,1.40e+01
-2.24e+02,-6.55e+01,2.30e+01,1.40e+01
-4.49e+02,-1.92e+02,2.20e+01,1.50e+01
-2.18e+02,-5.38e+01,2.00e+01,1.40e+01
-2.20e+02,-5.68e+01,2.40e+01,1.50e+01
-2.14e+02,-5.58e+01,2.40e+01,1.40e+01
-2.22e+02,-6.98e+01,2.10e+01,1.50e+01
-2.23e+02,-5.72e+01,2.30e+01,1.40e+01
-2.18e+02,-5.39e+01,2.40e+01,1.40e+01
-2.13e+02,-5.85e+01,2.30e+01,1.50e+01
-2.46e+02,-9.42e+01,2.90e+01,2.10e+01
-2.15e+02,-4.94e+01,2.60e+01,1.60e+01
-2.12e+02,-6.34e+01,2.50e+01,1.50e+01
-2.17e+02,-5.72e+01,2.10e+01,1.40e+01
-2.20e+02,-5.82e+01,2.20e+01,1.40e+01
-2.19e+02,-5.51e+01,2.30e+01,1.40e+01
-2.32e+02,-6.31e+01,1.90e+01,1.40e+01
-2.16e+02,-5.26e+01,2.70e+01,1.60e+01
-2.18e+02,-6.04e+01,2.10e+01,1.40e+01
-5.00e+02,-5.00e+02,2.30e+01,1.40e+01
-5.00e+02,-5.00e+02,2.10e+01,1.50e+01
-2.22e+02,-5.94e+01,2.40e+01,1.40e+01
-5.00e+02,-5.00e+02,1.90e+01,1.40e+01
-2.17e+02,-5.53e+01,2.20e+01,1.50e+01
-3.08e+02,-9.94e+01,2.10e+01,1.40e+01
-2.21e+02,-5.60e+01,1.90e+01,1.40e+01
-3.97e+02,-1.52e+02,2.20e+01,1.50e+01
-2.15e+02,-5.38e+01,2.80e+01,1.70e+01
-2.21e+02,-5.78e+01,2.70e+01,1.70e+01
-4.19e+02,-7.50e+01,2.40e+01,1.40e+01
-2.39e+02,-6.26e+01,2.20e+01,1.40e+01
-2.17e+02,-5.34e+01,2.20e+01,1.40e+01
-2.17e+02,-5.78e+01,2.30e+01,1.40e+01
-4.55e+02,-2.29e+02,2.00e+01,1.40e+01
-2.18e+02,-6.04e+01,2.00e+01,1.40e+01
-2.90e+02,-7.35e+01,2.70e+01,1.70e+01
-2.27e+02,-6.29e+01,2.00e+01,1.40e+01
-2.23e+02,-6.11e+01,2.40e+01,1.50e+01
-2.16e+02,-6.06e+01,2.20e+01,1.40e+01
-2.19e+02,-5.49e+01,2.20e+01,1.50e+01
-2.17e+02,-5.98e+01,2.50e+01,1.50e+01
-5.00e+02,-5.00e+02,2.40e+01,1.40e+01
-2.16e+02,-6.01e+01,2.30e+01,1.40e+01
-2.22e+02,-5.99e+01,2.10e+01,1.40e+01
-5.00e+02,-4.99e+02,2.10e+01,1.40e+01
-2.31e+02,-7.10e+01,2.10e+01,1.40e+01
-4.58e+02,-2.46e+02,2.30e+01,1.40e+01
-2.12e+02,-5.11e+01,2.20e+01,1.40e+01
-2.28e+02,-5.32e+01,2.10e+01,1.50e+01
-5.00e+02,-5.00e+02,2.40e+01,1.40e+01
-2.16e+02,-6.21e+01,2.00e+01,1.40e+01
-2.14e+02,-5.76e+01,2.20e+01,1.50e+01
-4.23e+02,-1.67e+02,2.30e+01,1.50e+01
-2.14e+02,-4.83e+01,2.20e+01,1.50e+01
-2.20e+02,-5.67e+01,1.90e+01,1.40e+01
-2.24e+02,-5.67e+01,2.00e+01,1.40e+01
-2.71e+02,-9.84e+01,2.70e+01,1.70e+01
-2.14e+02,-5.89e+01,2.30e+01,1.40e+01
-4.45e+02,-1.74e+02,2.20e+01,1.40e+01
-2.15e+02,-5.34e+01,2.40e+01,1.40e+01
-2.19e+02,-5.17e+01,2.00e+01,1.40e+01
-2.25e+02,-6.33e+01,2.00e+01,1.40e+01
-5.00e+02,-5.00e+02,2.20e+01,1.40e+01
-5.00e+02,-5.00e+02,2.30e+01,1.50e+01
-3.12e+02,-1.17e+02,2.70e+01,1.60e+01
-2.23e+02,-6.75e+01,2.00e+01,1.50e+01
-3.40e+02,-2.19e+02,2.40e+01,1.50e+01
-2.20e+02,-6.02e+01,2.30e+01,1.40e+01
-2.14e+02,-5.35e+01,2.30e+01,1.40e+01
-2.17e+02,-6.14e+01,2.20e+01,1.40e+01
-2.15e+02,-5.37e+01,2.30e+01,1.40e+01
-2.21e+02,-6.68e+01,2.80e+01,1.70e+01
-2.22e+02,-5.57e+01,2.30e+01,1.50e+01
-2.13e+02,-5.27e+01,2.30e+01,1.40e+01
-5.00e+02,-5.00e+02,2.70e+01,1.70e+01
-2.18e+02,-5.17e+01,2.20e+01,1.40e+01
-2.20e+02,-6.92e+01,2.20e+01,1.40e+01
-2.13e+02,-5.25e+01,2.30e+01,1.50e+01
-2.60e+02,-8.89e+01,2.30e+01,1.50e+01
-4.87e+02,-4.22e+02,2.30e+01,1.40e+01
-2.13e+02,-4.86e+01,2.80e+01,1.70e+01
-4.50e+02,-1.98e+02,1.90e+01,1.40e+01
-2.35e+02,-5.85e+01,2.10e+01,1.40e+01
-3.67e+02,-1.42e+02,2.00e+01,1.50e+01
-2.23e+02,-5.55e+01,2.10e+01,1.40e+01
-4.62e+02,-2.74e+02,2.70e+01,2.00e+01
-2.24e+02,-6.03e+01,2.20e+01,1.40e+01
-4.28e+02,-1.52e+02,2.00e+01,1.50e+01
-2.14e+02,-6.05e+01,2.40e+01,1.40e+01
