-2.19e+02,-6.86e+01,7.60e+01,3.70e+01
-2.16e+02,-5.51e+01,6.90e+01,3.40e+01
-2.26e+02,-6.66e+01,7.00e+01,3.40e+01
-2.10e+02,-4.41e+01,1.04e+02,4.80e+01
-2.25e+02,-7.06e+01,6.90e+01,3.40e+01
-2.27e+02,-7.05e+01,7.10e+01,3.40e+01
-2.15e+02,-5.28e+01,1.01e+02,4.60e+01
-2.16e+02,-6.86e+01,7.00e+01,3.50e+01
-2.15e+02,-6.22e+01,1.05e+02,4.80e+01
-2.18e+02,-6.24e+01,6.90e+01,3.40e+01
-2.23e+02,-5.17e+01,7.70e+01,3.80e+01
-2.16e+02,-5.81e+01,7.10e+01,3.50e+01
-2.22e+02,-6.70e+01,7.00e+01,3.50e+01
-2.13e+02,-4.10e+01,7.50e+01,3.70e+01
-2.22e+02,-6.91e+01,1.03e+02,4.70e+01
-2.20e+02,-6.04e+01,6.90e+01,3.40e+01
-2.17e+02,-5.82e+01,7.60e+01,3.60e+01
-2.25e+02,-6.29e+01,7.00e+01,3.40e+01
-2.14e+02,-4.61e+01,7.50e+01,3.70e+01
-2.23e+02,-7.16e+01,7.30e+01,3.70e+01
-2.23e+02,-6.12e+01,7.10e+01,3.40e+01
-2.18e+02,-6.07e+01,1.05e+02,4.80e+01
-2.22e+02,-5.80e+01,6.90e+01,3.40e+01
-2.24e+02,-5.05e+01,1.04e+02,4.80e+01
-2.15e+02,-5.75e+01,7.60e+01,3.70e+01
-2.19e+02,-4.65e+01,7.40e+01,3.70e+01
-4.46e+02,-1.79e+02,7.00e+01,3.40e+01
-2.24e+02,-6.50e+01,7.00e+01,3.40e+01
-2.19e+02,-4.69e+01,7.60e+01,3.70e+01
-2.22e+02,-6.51e+01,1.06e+02,4.90e+01
-2.25e+02,-6.84e+01,7.10e+01,3.50e+01
-2.18e+02,-5.74e+01,7.00e+01,3.40e+01
-5.00e+02,-5.00e+02,1.05e+02,4.90e+01
-2.17e+02,-5.83e+01,7.70e+01,3.80e+01
-2.17e+02,-5.71e+01,7.60e+01,3.70e+01
-2.14e+02,-5.44e+01,7.00e+01,3.40e+01
-2.18e+02,-6.30e+01,7.70e+01,3.80e+01
-5.00e+02,-5.00e+02,7.00e+01,3.40e+01
-2.18e+02,-6.54e+01,7.10e+01,3.40e+01
-2.15e+02,-6.49e+01,7.10e+01,3.50e+01
-2.25e+02,-6.84e+01,7.70e+01,3.70e+01
-2.18e+02,-4.85e+01,7.00e+01,3.40e+01
-2.16e+02,-6.22e+01,7.10e+01,3.40e+01
-2.20e+02,-6.38e+01,7.10e+01,3.40e+01
-2.19e+02,-6.16e+01,7.60e+01,3.70e+01
-2.16e+02,-5.84e+01,7.00e+01,3.40e+01
-2.20e+02,-5.32e+01,1.06e+02,4.90e+01
-2.22e+02,-5.17e+01,6.90e+01,3.40e+01
-2.24e+02,-5.03e+01,7.20e+01,3.50e+01
-2.16e+02,-5.95e+01,6.90e+01,3.40e+01
-2.20e+02,-6.19e+01,7.10e+01,3.40e+01
-4.99e+02,-4.97e+02,1.02e+02,4.70e+01
-2.20e+02,-6.60e+01,7.70e+01,3.80e+01
-2.22e+02,-5.75e+01,7.10e+01,3.50e+01
-5.00e+02,-4.99e+02,7.70e+01,3.70e+01
-5.00e+02,-5.00e+02,6.90e+01,3.40e+01
-2.16e+02,-5.12e+01,7.40e+01,3.80e+01
-2.23e+02,-6.38e+01,7.10e+01,3.50e+01
-2.20e+02,-4.81e+01,7.10e+01,3.50e+01
-2.18e+02,-5.16e+01,7.10e+01,3.50e+01
-2.17e+02,-6.25e+01,7.00e+01,3.40e+01
-2.18e+02,-6.15e+01,7.80e+01,3.90e+01
-2.15e+02,-5.66e+01,1.02e+02,4.70e+01
-2.17e+02,-6.38e+01,7.00e+01,3.40e+01
-2.23e+02,-6.79e+01,7.20e+01,3.40e+01
-2.16e+02,-5.20e+01,6.90e+01,3.40e+01
-2.18e+02,-5.74e+01,7.20e+01,3.40e+01
-2.17e+02,-5.60e+01,7.60e+01,3.70e+01
-2.17e+02,-5.25e+01,7.70e+01,3.70e+01
-2.27e+02,-7.74e+01,7.70e+01,3.80e+01
-2.19e+02,-5.99e+01,7.20e+01,3.60e+01
-2.26e+02,-6.43e+01,7.10e+01,3.50e+01
-2.22e+02,-6.10e+01,7.20e+01,3.50e+01
-2.28e+02,-7.01e+01,7.10e+01,3.50e+01
-2.36e+02,-5.48e+01,1.06e+02,4.90e+01
-2.13e+02,-4.35e+01,7.70e+01,3.70e+01
-2.21e+02,-6.05e+01,7.10e+01,3.50e+01
-2.12e+02,-5.27e+01,1.06e+02,4.90e+01
-2.18e+02,-5.94e+01,1.01e+02,4.60e+01
-2.20e+02,-5.89e+01,7.00e+01,3.40e+01
-2.20e+02,-6.20e+01,7.10e+01,3.50e+01
-2.21e+02,-6.14e+01,7.10e+01,3.50e+01
-2.20e+02,-6.01e+01,7.60e+01,3.70e+01
-2.19e+02,-6.31e+01,7.00e+01,3.40e+01
-4.17e+02,-1.50e+02,7.70e+01,3.80e+01
-2.15e+02,-5.78e+01,1.04e+02,4.80e+01
-2.23e+02,-5.80e+01,7.00e+01,3.50e+01
-2.15e+02,-5.45e+01,1.04e+02,4.80e+01
-2.22e+02,-5.62e+01,7.60e+01,3.70e+01
-2.14e+02,-5.73e+01,7.20e+01,3.50e+01
-2.21e+02,-5.26e+01,6.90e+01,3.40e+01
-4.60e+02,-2.60e+02,7.70e+01,3.70e+01
-5.00e+02,-5.00e+02,7.70e+01,3.80e+01
-2.19e+02,-5.13e+01,7.00e+01,3.40e+01
-2.19e+02,-5.22e+01,7.00e+01,3.40e+01
-4.46e+02,-1.79e+02,7.70e+01,3.70e+01
-3.72e+02,-6.66e+01,7.80e+01,3.80e+01
-2.17e+02,-5.53e+01,7.70e+01,3.70e+01
-2.15e+02,-5.54e+01,1.04e+02,4.80e+01
-2.17e+02,-5.44e+01,1.01e+02,4.60e+01
-2.16e+02,-5.63e+01,7.00e+01,3.50e+01
-2.17e+02,-6.19e+01,7.70e+01,3.70e+01
-2.17e+02,-5.24e+01,1.04e+02,4.80e+01
-2.20e+02,-5.12e+01,7.10e+01,3.50e+01
-2.24e+02,-5.87e+01,7.10e+01,3.50e+01
-2.18e+02,-6.06e+01,7.70e+01,3.80e+01
-2.12e+02,-5.69e+01,1.05e+02,4.80e+01
-5.00e+02,-5.00e+02,7.20e+01,3.40e+01
-2.20e+02,-5.33e+01,6.90e+01,3.40e+01
-2.21e+02,-6.21e+01,7.00e+01,3.40e+01
-3.96e+02,-1.29e+02,7.70e+01,3.80e+01
-2.18e+02,-6.25e+01,7.60e+01,3.70e+01
-2.18e+02,-5.98e+01,6.90e+01,3.40e+01
-4.45e+02,-1.68e+02,7.00e+01,3.40e+01
-2.17e+02,-5.82e+01,7.10e+01,3.50e+01
-2.26e+02,-6.56e+01,7.20e+01,3.40e+01
-2.30e+02,-6.84e+01,7.40e+01,3.70e+01
-2.25e+02,-5.58e+01,7.10e+01,3.50e+01
-3.02e+02,-8.73e+01,7.10e+01,3.40e+01
-2.21e+02,-5.91e+01,7.10e+01,3.40e+01
-2.15e+02,-5.75e+01,7.70e+01,3.80e+01
-2.20e+02,-6.64e+01,6.90e+01,3.40e+01
-4.49e+02,-1.95e+02,1.06e+02,4.90e+01
-2.17e+02,-5.71e+01,7.70e+01,3.70e+01
-2.16e+02,-5.67e+01,7.10e+01,3.40e+01
-2.27e+02,-6.09e+01,7.80e+01,3.80e+01
-2.22e+02,-4.52e+01,7.00e+01,3.40e+01
-2.19e+02,-4.34e+01,7.20e+01,3.50e+01
-2.18e+02,-4.36e+01,6.90e+01,3.40e+01
-2.22e+02,-6.04e+01,1.05e+02,4.80e+01
-2.18e+02,-4.90e+01,7.00e+01,3.50e+01
-2.21e+02,-5.22e+01,6.90e+01,3.40e+01
-2.16e+02,-5.71e+01,1.04e+02,4.80e+01
-2.20e+02,-5.04e+01,1.05e+02,4.80e+01
-2.22e+02,-5.08e+01,6.90e+01,3.40e+01
-2.20e+02,-6.58e+01,7.70e+01,3.70e+01
-2.14e+02,-5.04e+01,7.00e+01,3.40e+01
-2.29e+02,-7.05e+01,7.10e+01,3.40e+01
-3.36e+02,-1.11e+02,7.70e+01,3.80e+01
-2.25e+02,-6.23e+01,7.70e+01,3.70e+01
-2.17e+02,-6.30e+01,7.00e+01,3.50e+01
-2.15e+02,-5.41e+01,1.05e+02,4.80e+01
-4.16e+02,-6.60e+01,7.70e+01,3.70e+01
-2.17e+02,-5.89e+01,7.00e+01,3.40e+01
-2.16e+02,-4.85e+01,7.70e+01,3.70e+01
-2.18e+02,-6.09e+01,6.90e+01,3.40e+01
-2.27e+02,-6.12e+01,7.10e+01,3.40e+01
-2.17e+02,-5.17e+01,7.70e+01,3.80e+01
-2.16e+02,-5.63e+01,7.00e+01,3.40e+01
-2.19e+02,-6.86e+01,1.03e+02,4.70e+01
-2.17e+02,-5.07e+01,7.80e+01,3.80e+01
-5.00e+02,-4.98e+02,7.00e+01,3.40e+01
-2.20e+02,-6.34e+01,7.10e+01,3.40e+01
-2.19e+02,-6.44e+01,7.70e+01,3.80e+01
-2.21e+02,-5.74e+01,1.02e+02,4.60e+01
-2.13e+02,-5.73e+01,1.05e+02,4.80e+01
-2.13e+02,-5.60e+01,1.01e+02,4.60e+01
-5.00e+02,-5.00e+02,1.01e+02,4.60e+01
-5.00e+02,-5.00e+02,1.04e+02,4.80e+01
-2.15e+02,-5.70e+01,7.90e+01,3.90e+01
-2.15e+02,-4.43e+01,7.70e+01,3.80e+01
-2.19e+02,-6.35e+01,1.05e+02,4.80e+01
-4.84e+02,-4.07e+02,7.60e+01,3.70e+01
-2.27e+02,-5.08e+01,7.20e+01,3.50e+01
-2.15e+02,-4.89e+01,7.00e+01,3.40e+01
-2.20e+02,-5.78e+01,1.04e+02,4.80e+01
-2.17e+02,-5.90e+01,7.30e+01,3.70e+01
-2.29e+02,-6.36e+01,1.05e+02,4.80e+01
-5.00e+02,-5.00e+02,7.00e+01,3.40e+01
-2.21e+02,-5.52e+01,7.10e+01,3.50e+01
-2.16e+02,-5.65e+01,7.00e+01,3.50e+01
-2.29e+02,-6.01e+01,6.90e+01,3.40e+01
-2.20e+02,-7.02e+01,7.10e+01,3.40e+01
-2.21e+02,-6.96e+01,7.10e+01,3.50e+01
-2.20e+02,-6.24e+01,7.10e+01,3.40e+01
-2.23e+02,-6.15e+01,7.60e+01,3.70e+01
-2.15e+02,-5.07e+01,7.60e+01,3.70e+01
-2.24e+02,-6.63e+01,7.00e+01,3.40e+01
-2.20e+02,-6.48e+01,7.10e+01,3.50e+01
-2.20e+02,-5.05e+01,7.70e+01,3.70e+01
-2.23e+02,-6.02e+01,7.30e+01,3.50e+01
-2.17e+02,-5.00e+01,7.80e+01,3.80e+01
-2.17e+02,-5.93e+01,1.01e+02,4.60e+01
-2.15e+02,-5.83e+01,7.60e+01,3.70e+01
-2.23e+02,-7.02e+01,6.90e+01,3.40e+01
-2.18e+02,-7.00e+01,7.10e+01,3.50e+01
-2.21e+02,-5.38e+01,7.70e+01,3.60e+01
-4.79e+02,-3.76e+02,7.00e+01,3.50e+01
-2.21e+02,-5.70e+01,1.03e+02,4.70e+01
-2.15e+02,-5.06e+01,7.70e+01,3.70e+01
-2.23e+02,-6.00e+01,7.00e+01,3.40e+01
-2.13e+02,-6.08e+01,1.04e+02,4.80e+01
