6.86e+02,1.22e+03,4.20e+01,3.30e+01
7.69e+02,1.31e+03,5.80e+01,4.20e+01
7.51e+02,1.32e+03,3.90e+01,3.20e+01
4.52e+02,1.29e+03,4.10e+01,3.20e+01
7.71e+02,1.33e+03,3.60e+01,3.00e+01
7.52e+02,1.28e+03,3.90e+01,3.10e+01
7.46e+02,1.22e+03,4.10e+01,3.20e+01
7.34e+02,1.24e+03,4.00e+01,3.30e+01
7.00e+02,1.17e+03,5.80e+01,4.20e+01
7.50e+02,1.28e+03,5.80e+01,4.20e+01
7.40e+02,1.32e+03,3.90e+01,3.10e+01
7.85e+02,1.38e+03,3.60e+01,3.00e+01
7.93e+02,1.27e+03,5.80e+01,4.20e+01
7.57e+02,1.37e+03,3.60e+01,3.00e+01
7.34e+02,1.33e+03,3.50e+01,2.90e+01
7.15e+02,1.29e+03,3.60e+01,3.00e+01
7.61e+02,1.24e+03,5.80e+01,4.20e+01
7.66e+02,1.32e+03,6.00e+01,4.30e+01
6.87e+02,1.29e+03,3.50e+01,2.90e+01
7.06e+02,1.19e+03,5.80e+01,4.20e+01
7.79e+02,1.23e+03,5.70e+01,4.20e+01
7.67e+02,1.42e+03,3.60e+01,3.00e+01
7.74e+02,1.32e+03,3.60e+01,3.00e+01
3.75e+02,1.12e+03,3.70e+01,3.00e+01
7.25e+02,1.28e+03,5.80e+01,4.20e+01
7.09e+02,1.21e+03,3.70e+01,3.00e+01
7.19e+02,1.30e+03,4.10e+01,3.30e+01
7.88e+02,1.36e+03,6.00e+01,4.30e+01
8.23e+02,1.32e+03,6.00e+01,4.30e+01
7.28e+02,1.21e+03,6.00e+01,4.30e+01
7.35e+02,1.29e+03,3.70e+01,3.00e+01
7.16e+02,1.30e+03,3.50e+01,2.90e+01
7.04e+02,1.27e+03,4.10e+01,3.20e+01
7.68e+02,1.32e+03,3.50e+01,2.90e+01
7.65e+02,1.27e+03,6.00e+01,4.30e+01
7.73e+02,1.35e+03,4.00e+01,3.10e+01
7.31e+02,1.26e+03,4.00e+01,3.20e+01
7.05e+02,1.24e+03,4.00e+01,3.20e+01
7.84e+02,1.26e+03,3.90e+01,3.10e+01
7.45e+02,1.39e+03,4.00e+01,3.10e+01
7.13e+02,1.21e+03,3.70e+01,3.00e+01
7.10e+02,1.19e+03,3.60e+01,3.00e+01
7.41e+02,1.29e+03,3.50e+01,2.90e+01
7.02e+02,1.20e+03,3.60e+01,3.00e+01
7.39e+02,1.34e+03,3.60e+01,3.00e+01
6.51e+02,1.18e+03,3.80e+01,3.10e+01
7.66e+02,1.33e+03,5.80e+01,4.20e+01
7.37e+02,1.31e+03,4.20e+01,3.30e+01
7.39e+02,1.36e+03,3.60e+01,2.90e+01
7.83e+02,1.31e+03,5.90e+01,4.20e+01
6.57e+02,1.12e+03,6.30e+01,4.50e+01
7.16e+02,1.30e+03,4.10e+01,3.20e+01
7.60e+02,1.22e+03,5.90e+01,4.30e+01
7.06e+02,1.15e+03,3.60e+01,3.00e+01
7.30e+02,1.22e+03,3.90e+01,3.10e+01
7.71e+02,1.31e+03,3.90e+01,3.10e+01
7.59e+02,1.33e+03,4.00e+01,3.20e+01
7.89e+02,1.31e+03,4.00e+01,3.20e+01
7.50e+02,1.32e+03,3.50e+01,2.90e+01
6.91e+02,1.29e+03,3.50e+01,2.90e+01
7.45e+02,1.21e+03,4.00e+01,3.20e+01
7.01e+02,1.20e+03,3.90e+01,3.10e+01
7.72e+02,1.38e+03,4.10e+01,3.20e+01
7.36e+02,1.29e+03,3.60e+01,3.00e+01
7.54e+02,1.30e+03,4.30e+01,3.30e+01
8.01e+02,1.30e+03,6.10e+01,4.40e+01
7.47e+02,1.29e+03,3.70e+01,3.00e+01
7.70e+02,1.34e+03,4.00e+01,3.30e+01
7.89e+02,1.32e+03,5.80e+01,4.20e+01
6.97e+02,1.19e+03,4.30e+01,3.30e+01
7.18e+02,1.27e+03,5.30e+01,3.90e+01
7.60e+02,1.32e+03,5.80e+01,4.20e+01
7.65e+02,1.32e+03,4.00e+01,3.30e+01
7.08e+02,1.23e+03,4.80e+01,3.50e+01
6.72e+02,1.19e+03,3.60e+01,3.00e+01
7.61e+02,1.19e+03,5.80e+01,4.20e+01
7.55e+02,1.30e+03,3.60e+01,3.00e+01
7.28e+02,1.24e+03,3.50e+01,2.90e+01
7.65e+02,1.23e+03,5.80e+01,4.20e+01
7.62e+02,1.31e+03,3.50e+01,2.90e+01
7.69e+02,1.33e+03,3.70e+01,3.00e+01
7.31e+02,1.27e+03,5.30e+01,3.90e+01
7.30e+02,1.36e+03,5.90e+01,4.30e+01
7.86e+02,1.38e+03,3.50e+01,2.90e+01
7.08e+02,1.20e+03,3.70e+01,3.00e+01
7.47e+02,1.36e+03,3.90e+01,3.20e+01
7.54e+02,1.32e+03,4.00e+01,3.10e+01
7.95e+02,1.40e+03,3.60e+01,2.90e+01
7.45e+02,1.39e+03,3.80e+01,3.10e+01
7.47e+02,1.27e+03,3.50e+01,2.90e+01
7.02e+02,1.28e+03,3.70e+01,3.00e+01
7.73e+02,1.28e+03,5.30e+01,3.90e+01
7.85e+02,1.45e+03,4.10e+01,3.20e+01
6.76e+02,1.23e+03,3.50e+01,2.90e+01
7.54e+02,1.27e+03,3.90e+01,3.10e+01
7.49e+02,1.27e+03,3.80e+01,3.10e+01
7.56e+02,1.22e+03,6.30e+01,4.50e+01
7.70e+02,1.27e+03,5.80e+01,4.20e+01
7.74e+02,1.37e+03,3.60e+01,3.00e+01
7.63e+02,1.34e+03,5.80e+01,4.20e+01
7.64e+02,1.31e+03,3.70e+01,3.00e+01
7.16e+02,1.30e+03,3.70e+01,3.00e+01
7.76e+02,1.42e+03,3.60e+01,3.00e+01
7.50e+02,1.33e+03,4.00e+01,3.10e+01
7.14e+02,1.33e+03,6.00e+01,4.30e+01
3.48e+02,1.19e+03,3.70e+01,3.00e+01
7.99e+02,1.41e+03,3.50e+01,2.90e+01
6.21e+02,1.26e+03,4.10e+01,3.20e+01
5.42e+02,1.31e+03,4.00e+01,3.20e+01
7.36e+02,1.22e+03,6.20e+01,4.40e+01
7.68e+02,1.19e+03,5.80e+01,4.20e+01
7.59e+02,1.37e+03,3.90e+01,3.10e+01
7.40e+02,1.31e+03,4.00e+01,3.20e+01
7.62e+02,1.33e+03,4.10e+01,3.20e+01
7.21e+02,1.28e+03,3.50e+01,2.90e+01
7.34e+02,1.32e+03,3.50e+01,2.90e+01
7.83e+02,1.23e+03,5.80e+01,4.20e+01
7.77e+02,1.30e+03,5.80e+01,4.20e+01
7.91e+02,1.28e+03,5.80e+01,4.20e+01
7.29e+02,1.28e+03,3.60e+01,3.00e+01
7.44e+02,1.17e+03,4.00e+01,3.10e+01
7.50e+02,1.33e+03,3.60e+01,3.00e+01
7.84e+02,1.38e+03,3.60e+01,3.00e+01
6.82e+02,1.13e+03,3.50e+01,2.90e+01
4.23e+02,1.09e+03,3.70e+01,3.00e+01
7.10e+02,1.17e+03,5.90e+01,4.30e+01
7.21e+02,1.30e+03,3.60e+01,3.00e+01
7.50e+02,1.24e+03,5.80e+01,4.20e+01
7.19e+02,1.20e+03,3.70e+01,3.00e+01
7.37e+02,1.20e+03,3.90e+01,3.10e+01
7.30e+02,1.23e+03,4.20e+01,3.30e+01
7.69e+02,1.31e+03,4.00e+01,3.10e+01
7.57e+02,1.24e+03,4.00e+01,3.20e+01
7.28e+02,1.32e+03,4.00e+01,3.10e+01
7.15e+02,1.19e+03,3.50e+01,2.90e+01
6.85e+02,1.09e+03,3.70e+01,3.00e+01
7.20e+02,1.32e+03,6.10e+01,4.40e+01
7.90e+02,1.32e+03,3.50e+01,2.90e+01
7.78e+02,1.29e+03,3.50e+01,2.90e+01
7.29e+02,1.25e+03,3.80e+01,3.00e+01
7.43e+02,1.24e+03,3.70e+01,3.00e+01
6.63e+02,1.14e+03,5.80e+01,4.20e+01
7.05e+02,1.24e+03,5.80e+01,4.20e+01
7.73e+02,1.37e+03,3.60e+01,3.00e+01
7.10e+02,1.33e+03,3.60e+01,3.00e+01
7.07e+02,1.16e+03,6.20e+01,4.40e+01
6.82e+02,1.28e+03,3.70e+01,3.00e+01
8.04e+02,1.30e+03,5.80e+01,4.20e+01
7.08e+02,1.34e+03,3.60e+01,3.00e+01
7.33e+02,1.28e+03,3.80e+01,3.10e+01
7.51e+02,1.26e+03,5.80e+01,4.20e+01
7.76e+02,1.39e+03,3.60e+01,3.00e+01
4.66e+02,1.30e+03,3.50e+01,2.90e+01
6.88e+02,1.23e+03,3.60e+01,3.00e+01
4.61e+02,1.31e+03,4.00e+01,3.20e+01
7.11e+02,1.18e+03,5.80e+01,4.20e+01
2.01e+02,8.07e+02,4.30e+01,3.30e+01
1.61e+02,2.89e+02,4.00e+01,3.20e+01
5.26e+02,1.19e+03,4.00e+01,3.30e+01
8.03e+02,1.27e+03,6.10e+01,4.40e+01
7.73e+02,1.35e+03,3.60e+01,2.90e+01
3.66e+02,1.18e+03,3.70e+01,3.10e+01
5.50e+02,1.16e+03,5.70e+01,4.20e+01
6.46e+02,1.19e+03,3.60e+01,3.00e+01
5.29e+02,1.13e+03,4.00e+01,3.20e+01
-1.93e+01,4.96e+01,5.80e+01,4.20e+01
7.02e+02,1.20e+03,6.00e+01,4.30e+01
7.07e+02,1.17e+03,6.00e+01,4.30e+01
7.63e+02,1.22e+03,5.80e+01,4.20e+01
-1.99e+01,2.15e+01,3.60e+01,3.00e+01
5.88e+00,1.40e+02,6.00e+01,4.30e+01
4.49e+02,1.36e+03,4.10e+01,3.20e+01
7.31e+02,1.30e+03,3.50e+01,2.90e+01
7.50e+02,1.15e+03,6.00e+01,4.30e+01
7.68e+02,1.34e+03,4.40e+01,3.40e+01
7.60e+02,1.30e+03,3.60e+01,3.00e+01
5.09e+02,1.07e+03,3.50e+01,2.90e+01
5.35e+02,1.26e+03,3.60e+01,3.00e+01
7.02e+02,1.22e+03,3.60e+01,2.90e+01
5.50e+02,1.09e+03,3.80e+01,3.10e+01
7.08e+02,1.17e+03,5.80e+01,4.20e+01
6.74e+02,1.15e+03,3.50e+01,2.90e+01
7.84e+02,1.43e+03,3.60e+01,3.00e+01
5.40e+01,2.87e+02,3.70e+01,3.10e+01
-1.54e+01,6.07e+01,5.30e+01,3.90e+01
4.75e+02,1.23e+03,4.10e+01,3.20e+01
7.47e+02,1.27e+03,3.90e+01,3.10e+01
7.48e+02,1.30e+03,6.00e+01,4.30e+01
7.49e+02,1.27e+03,4.00e+01,3.20e+01
7.41e+02,1.37e+03,3.90e+01,3.10e+01
7.08e+02,1.36e+03,3.90e+01,3.10e+01
7.11e+02,1.27e+03,3.50e+01,2.90e+01
7.60e+02,1.31e+03,5.80e+01,4.20e+01
7.65e+02,1.27e+03,5.80e+01,4.20e+01
1.36e+02,6.37e+02,3.90e+01,3.10e+01
5.81e+02,1.13e+03,6.00e+01,4.30e+01
3.28e+02,1.12e+03,3.50e+01,2.90e+01
5.13e+02,1.24e+03,6.00e+01,4.30e+01
7.30e+02,1.26e+03,4.10e+01,3.20e+01
7.08e+02,1.20e+03,3.90e+01,3.20e+01
4.17e+02,1.06e+03,5.80e+01,4.20e+01
7.64e+02,1.30e+03,6.00e+01,4.30e+01
4.90e+02,1.40e+03,4.50e+01,3.40e+01
7.04e+02,1.30e+03,3.90e+01,3.10e+01
7.43e+02,1.22e+03,6.10e+01,4.40e+01
7.20e+02,1.28e+03,4.00e+01,3.30e+01
2.34e+01,9.59e+01,3.50e+01,2.90e+01
7.47e+02,1.24e+03,3.60e+01,3.00e+01
7.74e+02,1.22e+03,6.00e+01,4.30e+01
7.35e+02,1.38e+03,4.00e+01,3.20e+01
5.24e+02,9.76e+02,3.50e+01,2.90e+01
7.57e+02,1.27e+03,5.90e+01,4.20e+01
-5.43e+01,-3.91e+01,3.60e+01,3.00e+01
7.55e+02,1.23e+03,6.00e+01,4.30e+01
5.12e+02,1.39e+03,4.10e+01,3.20e+01
6.40e+02,1.21e+03,3.60e+01,2.90e+01
7.46e+02,1.24e+03,4.00e+01,3.20e+01
4.42e+02,1.24e+03,4.20e+01,3.30e+01
7.34e+02,1.27e+03,3.50e+01,2.90e+01
7.78e+02,1.29e+03,3.90e+01,3.20e+01
4.54e+02,1.19e+03,4.10e+01,3.20e+01
3.33e+02,1.02e+03,3.60e+01,3.00e+01
7.29e+02,1.25e+03,5.80e+01,4.20e+01
4.75e+02,1.20e+03,3.60e+01,3.00e+01
1.34e+02,5.64e+02,3.80e+01,3.10e+01
7.41e+02,1.30e+03,3.50e+01,2.90e+01
7.54e+02,1.33e+03,3.50e+01,2.90e+01
5.57e+02,9.32e+02,3.70e+01,3.00e+01
5.39e+02,1.00e+03,3.50e+01,2.90e+01
4.06e+02,1.25e+03,3.70e+01,3.10e+01
4.37e+02,1.24e+03,4.10e+01,3.20e+01
4.32e+02,1.11e+03,3.60e+01,3.00e+01
3.65e+02,1.05e+03,5.80e+01,4.20e+01
7.79e+02,1.33e+03,4.20e+01,3.30e+01
5.84e+02,1.29e+03,5.80e+01,4.20e+01
1.47e+02,2.73e+02,5.90e+01,4.30e+01
6.63e+02,1.29e+03,3.60e+01,3.00e+01
7.53e+02,1.24e+03,5.80e+01,4.20e+01
4.28e+02,1.34e+03,3.70e+01,3.00e+01
6.90e+02,1.11e+03,3.70e+01,3.00e+01
5.72e+02,1.20e+03,4.10e+01,3.20e+01
7.52e+02,1.39e+03,3.60e+01,3.00e+01
6.53e+02,1.27e+03,3.60e+01,3.00e+01
6.90e+02,1.20e+03,5.80e+01,4.20e+01
7.53e+02,1.36e+03,3.60e+01,3.00e+01
4.93e+02,1.26e+03,3.50e+01,2.90e+01
7.19e+02,1.23e+03,3.80e+01,3.10e+01
6.73e+02,1.12e+03,4.00e+01,3.20e+01
4.95e+02,1.36e+03,3.80e+01,3.10e+01
7.44e+02,1.24e+03,5.80e+01,4.20e+01
1.77e+01,8.84e+01,4.20e+01,3.30e+01
6.66e+02,1.17e+03,4.10e+01,3.30e+01
7.75e+02,1.25e+03,5.80e+01,4.20e+01
7.31e+02,1.21e+03,3.60e+01,2.90e+01
7.86e+02,1.27e+03,5.70e+01,4.20e+01
6.76e+02,1.25e+03,3.70e+01,3.10e+01
5.03e+02,1.08e+03,4.00e+01,3.20e+01
4.32e+02,1.13e+03,4.10e+01,3.20e+01
8.29e+02,1.38e+03,6.00e+01,4.30e+01
7.01e+02,1.18e+03,6.00e+01,4.30e+01
7.32e+02,1.32e+03,6.00e+01,4.30e+01
-1.98e+01,4.24e+01,5.80e+01,4.20e+01
7.24e+02,1.25e+03,3.90e+01,3.10e+01
5.18e+02,9.48e+02,5.80e+01,4.20e+01
7.75e+02,1.28e+03,3.60e+01,3.00e+01
7.68e+02,1.35e+03,3.90e+01,3.10e+01
7.46e+02,1.34e+03,4.20e+01,3.40e+01
8.00e+02,1.27e+03,5.90e+01,4.20e+01
7.58e+02,1.38e+03,3.90e+01,3.10e+01
4.70e+02,1.39e+03,3.60e+01,3.00e+01
6.21e+02,1.20e+03,5.80e+01,4.20e+01
7.01e+02,1.12e+03,6.00e+01,4.30e+01
7.53e+02,1.23e+03,4.00e+01,3.30e+01
7.47e+02,1.33e+03,3.50e+01,2.90e+01
1.83e+01,1.76e+02,5.70e+01,4.20e+01
4.01e+02,1.19e+03,3.70e+01,3.00e+01
6.53e+02,1.29e+03,4.10e+01,3.20e+01
7.52e+02,1.15e+03,5.80e+01,4.20e+01
7.28e+02,1.21e+03,5.80e+01,4.20e+01
6.37e+02,1.18e+03,3.50e+01,2.90e+01
7.49e+02,1.18e+03,5.80e+01,4.20e+01
7.76e+02,1.36e+03,4.00e+01,3.20e+01
6.93e+02,1.22e+03,3.90e+01,3.10e+01
4.02e+02,7.19e+02,5.80e+01,4.20e+01
7.24e+02,1.29e+03,4.20e+01,3.30e+01
3.44e+02,1.07e+03,4.10e+01,3.20e+01
5.55e+02,1.05e+03,5.80e+01,4.20e+01
7.41e+02,1.19e+03,5.80e+01,4.20e+01
-2.98e+01,4.28e+00,3.70e+01,3.00e+01
4.60e+02,1.18e+03,4.00e+01,3.20e+01
7.43e+02,1.23e+03,3.60e+01,3.00e+01
1.88e+02,7.89e+02,4.10e+01,3.20e+01
7.04e+02,1.25e+03,3.60e+01,3.00e+01
7.27e+02,1.27e+03,4.10e+01,3.20e+01
5.07e+02,8.93e+02,3.60e+01,3.00e+01
6.25e+02,1.10e+03,3.60e+01,3.00e+01
7.36e+02,1.24e+03,5.90e+01,4.20e+01
7.81e+02,1.26e+03,5.80e+01,4.20e+01
4.43e+02,1.24e+03,4.10e+01,3.20e+01
6.95e+02,1.33e+03,3.70e+01,3.10e+01
4.69e+02,1.36e+03,4.10e+01,3.20e+01
3.63e+02,1.26e+03,3.70e+01,3.00e+01
4.17e+02,1.30e+03,3.70e+01,3.00e+01
7.84e+02,1.23e+03,5.80e+01,4.20e+01
4.13e+02,1.22e+03,6.00e+01,4.30e+01
7.45e+02,1.22e+03,5.80e+01,4.20e+01
7.94e+02,1.27e+03,3.80e+01,3.00e+01
7.31e+02,1.16e+03,5.80e+01,4.20e+01
7.19e+02,1.26e+03,5.80e+01,4.20e+01
7.63e+02,1.23e+03,6.00e+01,4.30e+01
6.79e+02,1.32e+03,3.50e+01,2.90e+01
7.03e+02,1.28e+03,3.90e+01,3.10e+01
3.51e+02,9.45e+02,4.10e+01,3.20e+01
6.51e+02,1.26e+03,4.00e+01,3.10e+01
7.26e+02,1.15e+03,3.70e+01,3.10e+01
5.96e+02,1.35e+03,3.90e+01,3.10e+01
5.42e+02,1.20e+03,4.10e+01,3.30e+01
7.73e+02,1.30e+03,4.00e+01,3.20e+01
7.50e+02,1.31e+03,5.80e+01,4.20e+01
1.63e+02,7.48e+02,3.90e+01,3.20e+01
3.23e+02,1.18e+03,5.80e+01,4.20e+01
4.53e+02,1.22e+03,4.10e+01,3.20e+01
7.79e+02,1.39e+03,5.80e+01,4.20e+01
1.58e+02,2.55e+02,4.20e+01,3.40e+01
6.96e+02,1.29e+03,3.80e+01,3.10e+01
7.48e+02,1.26e+03,5.80e+01,4.20e+01
7.88e+02,1.36e+03,3.60e+01,3.00e+01
4.17e+02,1.19e+03,3.70e+01,3.00e+01
7.49e+02,1.26e+03,5.80e+01,4.20e+01
7.11e+02,1.22e+03,4.20e+01,3.30e+01
6.60e+02,1.13e+03,3.50e+01,2.90e+01
5.36e+02,9.29e+02,3.60e+01,3.00e+01
-8.83e+00,3.26e+01,4.00e+01,3.10e+01
7.24e+02,1.31e+03,4.10e+01,3.20e+01
5.81e+02,1.25e+03,3.90e+01,3.20e+01
7.11e+02,1.22e+03,3.70e+01,3.00e+01
7.64e+02,1.21e+03,5.80e+01,4.20e+01
3.75e+02,1.18e+03,3.80e+01,3.10e+01
5.43e+02,1.23e+03,4.00e+01,3.30e+01
7.29e+02,1.41e+03,6.00e+01,4.30e+01
7.06e+02,1.37e+03,3.50e+01,2.90e+01
7.28e+02,1.23e+03,6.00e+01,4.30e+01
7.30e+02,1.16e+03,5.30e+01,3.90e+01
5.49e+02,1.24e+03,3.60e+01,3.00e+01
7.05e+02,1.18e+03,6.20e+01,4.50e+01
4.48e+02,8.43e+02,3.60e+01,3.00e+01
7.47e+02,1.27e+03,5.80e+01,4.20e+01
6.44e+02,1.15e+03,6.00e+01,4.30e+01
7.21e+02,1.25e+03,3.50e+01,2.90e+01
4.66e+02,1.03e+03,3.90e+01,3.20e+01
7.53e+02,1.24e+03,3.70e+01,3.10e+01
7.77e+02,1.19e+03,6.00e+01,4.30e+01
7.74e+02,1.31e+03,3.70e+01,3.00e+01
2.14e+02,7.78e+02,3.90e+01,3.10e+01
3.81e+02,1.04e+03,4.20e+01,3.30e+01
7.68e+02,1.34e+03,6.00e+01,4.30e+01
4.49e+02,1.12e+03,3.90e+01,3.10e+01
6.59e+02,1.10e+03,4.30e+01,3.40e+01
7.57e+02,1.30e+03,5.80e+01,4.20e+01
7.16e+02,1.17e+03,5.80e+01,4.20e+01
5.38e+02,1.20e+03,3.90e+01,3.10e+01
7.33e+02,1.35e+03,3.50e+01,2.90e+01
5.65e+02,1.34e+03,3.90e+01,3.10e+01
-3.35e+01,2.98e+01,3.60e+01,3.00e+01
6.88e+02,1.26e+03,4.20e+01,3.30e+01
7.24e+02,1.29e+03,3.90e+01,3.10e+01
5.83e+02,1.17e+03,5.80e+01,4.20e+01
3.42e+01,2.86e+02,5.80e+01,4.20e+01
7.11e+02,1.30e+03,3.70e+01,3.00e+01
5.58e+02,1.21e+03,4.00e+01,3.10e+01
4.76e+02,1.41e+03,4.00e+01,3.20e+01
5.86e+02,9.89e+02,3.70e+01,3.10e+01
3.88e+02,1.25e+03,3.50e+01,2.90e+01
8.07e+02,1.35e+03,4.10e+01,3.20e+01
7.34e+02,1.33e+03,3.90e+01,3.10e+01
4.62e+02,1.39e+03,4.10e+01,3.20e+01
5.25e+02,1.01e+03,3.60e+01,3.00e+01
7.65e+02,1.26e+03,6.00e+01,4.30e+01
-5.09e+01,-1.17e+01,3.50e+01,2.90e+01
7.28e+02,1.27e+03,4.10e+01,3.40e+01
4.17e+02,1.21e+03,3.70e+01,3.10e+01
7.22e+02,1.21e+03,3.60e+01,3.00e+01
7.62e+02,1.35e+03,3.70e+01,3.00e+01
7.64e+02,1.33e+03,3.60e+01,3.00e+01
7.49e+02,1.22e+03,5.80e+01,4.20e+01
7.65e+02,1.22e+03,5.80e+01,4.20e+01
7.36e+02,1.31e+03,3.60e+01,3.00e+01
7.28e+02,1.33e+03,3.90e+01,3.10e+01
7.12e+02,1.16e+03,3.90e+01,3.10e+01
5.04e+02,1.39e+03,4.10e+01,3.20e+01
6.64e+02,1.15e+03,3.50e+01,2.90e+01
7.39e+02,1.22e+03,4.10e+01,3.20e+01
6.24e+02,1.16e+03,4.00e+01,3.20e+01
7.60e+02,1.25e+03,5.80e+01,4.20e+01
7.55e+02,1.22e+03,6.30e+01,4.50e+01
5.59e+02,1.28e+03,3.50e+01,2.90e+01
4.15e+02,1.33e+03,4.10e+01,3.20e+01
7.44e+02,1.18e+03,6.00e+01,4.30e+01
4.12e+02,1.07e+03,4.30e+01,3.40e+01
7.39e+02,1.23e+03,5.80e+01,4.20e+01
7.31e+02,1.18e+03,5.90e+01,4.30e+01
7.39e+02,1.24e+03,3.90e+01,3.20e+01
1.96e+02,1.08e+03,4.10e+01,3.20e+01
4.95e+01,1.89e+02,3.60e+01,3.00e+01
3.80e+02,1.14e+03,5.80e+01,4.20e+01
3.75e+02,1.24e+03,3.60e+01,3.00e+01
7.60e+02,1.33e+03,3.60e+01,3.00e+01
6.86e+02,1.18e+03,4.30e+01,3.30e+01
-4.46e-01,5.68e+01,3.60e+01,3.00e+01
7.11e+02,1.27e+03,3.60e+01,3.00e+01
3.96e+02,1.20e+03,4.10e+01,3.20e+01
7.21e+02,1.31e+03,5.80e+01,4.20e+01
6.74e+02,1.25e+03,3.60e+01,3.00e+01
7.69e+02,1.15e+03,5.90e+01,4.30e+01
7.01e+02,1.21e+03,4.00e+01,3.10e+01
7.48e+02,1.17e+03,6.10e+01,4.30e+01
8.15e+02,1.29e+03,5.80e+01,4.20e+01
7.46e+02,1.21e+03,4.20e+01,3.30e+01
7.56e+02,1.21e+03,3.60e+01,3.00e+01
6.23e+02,9.93e+02,6.00e+01,4.30e+01
4.11e+02,1.10e+03,4.20e+01,3.30e+01
4.50e+01,1.79e+02,3.60e+01,3.00e+01
7.25e+02,1.18e+03,6.30e+01,4.50e+01
7.82e+02,1.38e+03,3.80e+01,3.10e+01
6.49e+02,1.03e+03,4.00e+01,3.30e+01
8.02e+02,1.35e+03,6.30e+01,4.50e+01
5.87e+02,1.20e+03,5.80e+01,4.20e+01
7.63e+02,1.25e+03,6.00e+01,4.30e+01
7.64e+02,1.39e+03,3.90e+01,3.10e+01
5.52e+02,1.13e+03,4.10e+01,3.30e+01
7.31e+02,1.27e+03,3.90e+01,3.20e+01
7.81e+02,1.33e+03,3.60e+01,3.00e+01
7.17e+02,1.24e+03,3.90e+01,3.10e+01
7.09e+02,1.21e+03,5.80e+01,4.20e+01
7.41e+02,1.38e+03,3.70e+01,3.10e+01
6.28e+02,1.19e+03,3.90e+01,3.10e+01
3.97e+02,1.12e+03,5.80e+01,4.20e+01
4.18e+02,1.27e+03,4.20e+01,3.30e+01
7.54e+02,1.29e+03,3.60e+01,3.00e+01
7.71e+02,1.22e+03,3.90e+01,3.10e+01
6.75e+02,1.19e+03,3.90e+01,3.10e+01
7.58e+02,1.38e+03,4.10e+01,3.20e+01
1.44e+02,2.48e+02,3.70e+01,3.10e+01
7.49e+02,1.27e+03,5.80e+01,4.20e+01
7.54e+02,1.18e+03,6.10e+01,4.30e+01
7.31e+02,1.32e+03,4.10e+01,3.20e+01
7.39e+02,1.17e+03,5.80e+01,4.20e+01
7.55e+02,1.36e+03,5.80e+01,4.20e+01
7.60e+02,1.27e+03,3.80e+01,3.10e+01
4.79e+02,1.37e+03,4.10e+01,3.20e+01
7.21e+02,1.32e+03,4.10e+01,3.20e+01
7.69e+02,1.19e+03,5.90e+01,4.20e+01
7.07e+02,1.32e+03,3.90e+01,3.10e+01
5.86e+02,1.12e+03,5.70e+01,4.20e+01
3.03e+01,2.00e+02,3.60e+01,3.00e+01
7.18e+02,1.23e+03,5.80e+01,4.20e+01
7.88e+02,1.31e+03,3.60e+01,3.00e+01
5.62e+02,9.85e+02,3.60e+01,3.00e+01
1.59e+02,2.55e+02,3.60e+01,3.00e+01
6.30e+02,1.06e+03,4.10e+01,3.30e+01
7.88e+02,1.27e+03,5.90e+01,4.20e+01
7.14e+02,1.40e+03,4.00e+01,3.10e+01
6.69e+02,1.32e+03,3.90e+01,3.10e+01
7.39e+02,1.22e+03,6.00e+01,4.30e+01
7.88e+02,1.43e+03,3.90e+01,3.10e+01
7.79e+02,1.35e+03,4.40e+01,3.30e+01
7.65e+02,1.25e+03,6.00e+01,4.30e+01
5.83e+02,9.24e+02,5.80e+01,4.20e+01
6.51e+02,1.07e+03,5.80e+01,4.20e+01
6.18e+00,1.05e+02,4.00e+01,3.20e+01
7.69e+02,1.33e+03,3.90e+01,3.10e+01
4.32e+02,1.32e+03,5.80e+01,4.20e+01
7.57e+02,1.26e+03,4.30e+01,3.30e+01
1.84e+02,1.02e+03,3.60e+01,3.00e+01
3.84e+02,1.13e+03,5.90e+01,4.30e+01
7.58e+02,1.39e+03,3.50e+01,2.90e+01
4.28e+02,7.28e+02,5.80e+01,4.20e+01
7.32e+02,1.26e+03,5.80e+01,4.20e+01
7.63e+02,1.27e+03,6.00e+01,4.30e+01
-4.83e+01,-3.40e+01,3.90e+01,3.10e+01
7.36e+02,1.16e+03,5.80e+01,4.20e+01
7.05e+02,1.07e+03,6.20e+01,4.40e+01
7.27e+02,1.35e+03,4.20e+01,3.40e+01
7.32e+02,1.20e+03,5.80e+01,4.20e+01
4.15e+01,1.66e+02,3.70e+01,3.00e+01
4.70e+02,1.21e+03,6.00e+01,4.30e+01
5.67e+02,1.19e+03,3.90e+01,3.20e+01
7.04e+02,1.27e+03,4.00e+01,3.20e+01
7.67e+02,1.40e+03,4.10e+01,3.20e+01
7.06e+02,1.28e+03,5.90e+01,4.30e+01
7.29e+02,1.24e+03,5.90e+01,4.20e+01
7.00e+02,1.23e+03,3.50e+01,2.90e+01
7.46e+02,1.20e+03,6.00e+01,4.30e+01
7.64e+02,1.26e+03,5.80e+01,4.20e+01
7.25e+02,1.33e+03,5.90e+01,4.20e+01
6.75e+02,1.22e+03,3.90e+01,3.20e+01
7.52e+02,1.22e+03,4.00e+01,3.20e+01
7.88e+02,1.33e+03,3.60e+01,3.00e+01
3.81e+02,1.28e+03,3.70e+01,3.10e+01
4.66e+02,1.40e+03,3.60e+01,3.00e+01
6.24e+02,1.11e+03,4.00e+01,3.20e+01
7.84e+02,1.29e+03,3.60e+01,3.00e+01
6.72e+02,1.22e+03,3.90e+01,3.10e+01
-5.29e+01,-3.34e+01,3.90e+01,3.20e+01
3.55e+02,1.25e+03,3.70e+01,3.10e+01
6.52e+02,1.18e+03,3.90e+01,3.20e+01
-4.70e+01,-8.56e+00,3.70e+01,3.00e+01
3.84e+02,1.22e+03,3.80e+01,3.10e+01
7.21e+02,1.38e+03,3.80e+01,3.10e+01
3.22e+02,1.08e+03,3.80e+01,3.10e+01
6.96e+02,1.39e+03,3.80e+01,3.10e+01
7.23e+02,1.22e+03,6.20e+01,4.40e+01
4.78e+02,1.45e+03,4.10e+01,3.20e+01
5.38e+02,1.11e+03,3.70e+01,3.10e+01
6.76e+02,1.09e+03,5.80e+01,4.20e+01
3.43e+02,1.12e+03,4.10e+01,3.20e+01
7.19e+02,1.26e+03,5.80e+01,4.20e+01
6.95e+02,1.28e+03,4.10e+01,3.20e+01
7.28e+02,1.33e+03,4.20e+01,3.20e+01
4.22e+02,1.16e+03,6.20e+01,4.40e+01
7.00e+02,1.27e+03,3.70e+01,3.00e+01
7.11e+02,1.25e+03,4.00e+01,3.10e+01
7.07e+02,1.24e+03,3.80e+01,3.10e+01
7.58e+02,1.28e+03,4.00e+01,3.10e+01
7.64e+02,1.22e+03,5.80e+01,4.20e+01
5.03e+02,1.05e+03,3.50e+01,2.90e+01
7.34e+02,1.34e+03,4.00e+01,3.10e+01
7.60e+02,1.30e+03,6.00e+01,4.30e+01
7.38e+02,1.24e+03,3.80e+01,3.10e+01
-1.23e+01,4.06e+01,3.90e+01,3.10e+01
7.23e+02,1.20e+03,3.80e+01,3.10e+01
7.33e+02,1.22e+03,4.00e+01,3.30e+01
6.24e+02,1.01e+03,3.60e+01,3.00e+01
7.41e+02,1.34e+03,4.00e+01,3.20e+01
1.82e+02,1.12e+03,5.80e+01,4.20e+01
5.34e+02,1.30e+03,4.00e+01,3.20e+01
7.66e+02,1.20e+03,5.80e+01,4.20e+01
6.18e+02,1.21e+03,3.70e+01,3.00e+01
7.98e+02,1.22e+03,5.80e+01,4.20e+01
7.08e+02,1.30e+03,3.80e+01,3.10e+01
7.67e+02,1.23e+03,6.20e+01,4.40e+01
3.96e+02,1.30e+03,3.70e+01,3.00e+01
7.76e+02,1.32e+03,3.60e+01,3.00e+01
5.73e+02,9.56e+02,3.70e+01,3.10e+01
1.49e+02,5.54e+02,3.90e+01,3.20e+01
4.59e+02,1.30e+03,4.10e+01,3.20e+01
7.43e+02,1.20e+03,3.60e+01,3.00e+01
4.71e+02,1.27e+03,4.10e+01,3.20e+01
7.57e+02,1.22e+03,4.00e+01,3.10e+01
7.71e+02,1.31e+03,3.50e+01,2.90e+01
4.76e+02,1.36e+03,3.70e+01,3.10e+01
7.77e+02,1.22e+03,3.60e+01,3.00e+01
7.58e+02,1.19e+03,5.90e+01,4.20e+01
7.52e+02,1.23e+03,5.80e+01,4.20e+01
7.35e+02,1.32e+03,3.50e+01,2.90e+01
6.08e+02,1.24e+03,3.60e+01,3.00e+01
7.41e+02,1.28e+03,3.90e+01,3.10e+01
6.16e+02,1.18e+03,3.70e+01,3.10e+01
2.91e+00,1.68e+02,4.10e+01,3.20e+01
7.43e+02,1.24e+03,5.80e+01,4.20e+01
6.26e+01,1.39e+02,4.10e+01,3.40e+01
7.34e+02,1.33e+03,3.80e+01,3.10e+01
5.17e+02,1.07e+03,3.70e+01,3.00e+01
2.48e+01,1.01e+02,4.10e+01,3.20e+01
1.93e+02,7.93e+02,3.90e+01,3.10e+01
6.83e+02,1.35e+03,3.70e+01,3.10e+01
7.39e+02,1.26e+03,4.30e+01,3.40e+01
7.17e+02,1.18e+03,6.00e+01,4.30e+01
4.17e+02,1.07e+03,5.80e+01,4.20e+01
4.68e+02,7.85e+02,5.90e+01,4.30e+01
6.37e+02,1.17e+03,3.60e+01,3.00e+01
7.77e+02,1.23e+03,5.30e+01,3.90e+01
7.35e+02,1.23e+03,5.90e+01,4.30e+01
8.05e+02,1.37e+03,3.90e+01,3.20e+01
2.65e+02,4.00e+02,4.00e+01,3.20e+01
7.43e+02,1.27e+03,5.80e+01,4.20e+01
7.31e+02,1.17e+03,4.20e+01,3.30e+01
2.03e+02,1.09e+03,4.30e+01,3.30e+01
1.83e+02,1.19e+03,6.00e+01,4.30e+01
7.50e+02,1.36e+03,6.00e+01,4.30e+01
4.69e+02,1.26e+03,4.20e+01,3.30e+01
7.76e+02,1.34e+03,3.90e+01,3.10e+01
6.18e+02,1.18e+03,3.60e+01,3.00e+01
7.72e+02,1.30e+03,5.90e+01,4.20e+01
4.30e+02,1.08e+03,3.70e+01,3.10e+01
7.79e+02,1.35e+03,4.10e+01,3.20e+01
6.52e+02,1.31e+03,3.70e+01,3.00e+01
5.89e+02,9.95e+02,6.00e+01,4.30e+01
1.58e+02,6.95e+02,3.90e+01,3.10e+01
1.72e+02,1.11e+03,6.00e+01,4.30e+01
6.16e+02,1.32e+03,5.90e+01,4.20e+01
-3.89e+01,-5.40e+00,4.10e+01,3.20e+01
6.99e+02,1.18e+03,3.50e+01,2.90e+01
7.18e+02,1.34e+03,3.90e+01,3.10e+01
7.24e+02,1.31e+03,3.70e+01,3.00e+01
7.21e+02,1.27e+03,6.20e+01,4.40e+01
7.65e+02,1.32e+03,4.00e+01,3.30e+01
-4.04e+00,4.01e+01,3.90e+01,3.10e+01
3.24e+02,1.01e+03,3.70e+01,3.00e+01
7.51e+02,1.30e+03,3.90e+01,3.10e+01
6.14e+02,1.24e+03,6.10e+01,4.40e+01
2.10e+02,8.15e+02,3.60e+01,3.00e+01
7.03e+02,1.18e+03,3.90e+01,3.10e+01
7.91e+02,1.24e+03,3.90e+01,3.10e+01
7.38e+02,1.31e+03,6.00e+01,4.30e+01
7.15e+02,1.35e+03,3.50e+01,2.90e+01
7.58e+02,1.29e+03,3.60e+01,3.00e+01
5.12e+02,8.67e+02,5.90e+01,4.30e+01
7.32e+02,1.28e+03,5.80e+01,4.20e+01
6.92e+02,1.19e+03,5.30e+01,3.90e+01
7.32e+02,1.21e+03,5.70e+01,4.20e+01
7.65e+02,1.29e+03,4.30e+01,3.30e+01
4.31e+02,1.30e+03,4.20e+01,3.20e+01
7.26e+02,1.31e+03,6.00e+01,4.30e+01
7.60e+02,1.23e+03,6.00e+01,4.30e+01
6.58e+02,1.20e+03,3.60e+01,3.00e+01
5.76e+02,1.05e+03,3.90e+01,3.10e+01
7.94e+02,1.27e+03,5.80e+01,4.20e+01
7.53e+02,1.36e+03,6.00e+01,4.30e+01
7.48e+02,1.29e+03,4.20e+01,3.30e+01
6.91e+02,1.21e+03,3.70e+01,3.10e+01
7.82e+02,1.32e+03,3.60e+01,3.00e+01
1.29e+02,5.84e+02,4.10e+01,3.30e+01
7.30e+02,1.34e+03,3.50e+01,2.90e+01
7.65e+02,1.32e+03,4.10e+01,3.20e+01
7.41e+02,1.33e+03,3.90e+01,3.10e+01
7.71e+02,1.30e+03,5.80e+01,4.20e+01
4.86e+02,1.39e+03,4.20e+01,3.30e+01
6.50e+02,1.16e+03,4.10e+01,3.40e+01
7.27e+02,1.28e+03,3.60e+01,3.00e+01
6.71e+02,1.16e+03,3.90e+01,3.10e+01
7.43e+02,1.25e+03,3.90e+01,3.10e+01
7.24e+02,1.29e+03,3.70e+01,3.00e+01
7.29e+02,1.24e+03,3.50e+01,2.90e+01
7.73e+02,1.36e+03,6.10e+01,4.40e+01
6.48e+02,1.20e+03,3.90e+01,3.20e+01
7.54e+02,1.28e+03,4.20e+01,3.30e+01
6.02e+02,1.03e+03,3.60e+01,3.00e+01
7.52e+02,1.22e+03,6.00e+01,4.30e+01
7.34e+02,1.26e+03,3.50e+01,2.90e+01
4.54e+02,1.28e+03,3.50e+01,2.90e+01
1.37e+02,2.20e+02,4.00e+01,3.10e+01
4.04e+02,1.14e+03,3.60e+01,3.00e+01
3.36e+02,9.96e+02,3.50e+01,2.90e+01
7.03e+02,1.11e+03,6.00e+01,4.30e+01
7.30e+02,1.20e+03,4.10e+01,3.30e+01
4.85e+02,1.20e+03,4.10e+01,3.20e+01
7.19e+02,1.19e+03,4.00e+01,3.20e+01
1.99e+01,2.15e+02,4.10e+01,3.20e+01
-2.48e+01,1.37e+01,5.80e+01,4.20e+01
-5.23e+01,-4.37e+01,4.10e+01,3.20e+01
2.14e+01,6.08e+01,3.60e+01,3.00e+01
6.04e+02,1.38e+03,4.20e+01,3.20e+01
6.32e+02,9.67e+02,4.00e+01,3.10e+01
7.72e+02,1.28e+03,6.00e+01,4.30e+01
6.93e+02,1.30e+03,4.00e+01,3.20e+01
7.24e+02,1.25e+03,3.90e+01,3.10e+01
7.70e+02,1.28e+03,5.80e+01,4.20e+01
7.61e+02,1.21e+03,5.80e+01,4.20e+01
7.03e+02,1.29e+03,4.10e+01,3.20e+01
7.82e+02,1.28e+03,3.60e+01,2.90e+01
7.30e+02,1.26e+03,5.80e+01,4.20e+01
1.48e+02,2.55e+02,4.10e+01,3.30e+01
3.65e+02,1.20e+03,3.50e+01,2.90e+01
4.53e+02,1.27e+03,3.70e+01,3.00e+01
7.22e+02,1.26e+03,4.20e+01,3.30e+01
7.17e+02,1.31e+03,5.80e+01,4.20e+01
7.55e+02,1.35e+03,3.90e+01,3.10e+01
7.80e+02,1.30e+03,4.10e+01,3.20e+01
7.23e+02,1.20e+03,5.80e+01,4.20e+01
7.53e+02,1.22e+03,4.30e+01,3.30e+01
7.89e+02,1.43e+03,3.80e+01,3.10e+01
7.26e+02,1.25e+03,3.90e+01,3.10e+01
7.21e+02,1.18e+03,3.90e+01,3.10e+01
7.73e+02,1.37e+03,3.60e+01,3.00e+01
6.91e+02,1.24e+03,4.10e+01,3.30e+01
7.27e+02,1.27e+03,3.90e+01,3.10e+01
6.68e+02,1.21e+03,6.20e+01,4.40e+01
2.44e+02,8.72e+02,5.90e+01,4.20e+01
6.37e+02,1.37e+03,3.70e+01,3.00e+01
7.29e+02,1.24e+03,4.00e+01,3.30e+01
7.40e+02,1.29e+03,4.00e+01,3.30e+01
7.27e+02,1.33e+03,3.90e+01,3.10e+01
7.14e+02,1.37e+03,3.90e+01,3.20e+01
-4.83e+01,-3.61e+01,3.60e+01,3.00e+01
6.87e+02,1.21e+03,3.80e+01,3.10e+01
7.48e+02,1.21e+03,4.20e+01,3.30e+01
7.88e+02,1.27e+03,5.80e+01,4.20e+01
6.70e+02,1.33e+03,4.20e+01,3.30e+01
7.23e+02,1.20e+03,6.00e+01,4.30e+01
6.99e+02,1.28e+03,3.60e+01,3.00e+01
7.38e+02,1.23e+03,6.00e+01,4.30e+01
7.33e+02,1.14e+03,3.90e+01,3.20e+01
6.99e+02,1.28e+03,3.60e+01,3.00e+01
4.24e+02,1.06e+03,4.10e+01,3.20e+01
5.13e+02,1.04e+03,3.60e+01,3.00e+01
7.59e+02,1.40e+03,3.50e+01,2.90e+01
5.26e+02,1.04e+03,3.70e+01,3.00e+01
4.11e+02,1.37e+03,3.80e+01,3.10e+01
7.04e+02,1.13e+03,5.80e+01,4.20e+01
7.00e+02,1.22e+03,4.00e+01,3.20e+01
7.49e+02,1.34e+03,4.10e+01,3.20e+01
4.16e+02,1.08e+03,4.20e+01,3.30e+01
7.13e+02,1.26e+03,3.60e+01,3.00e+01
4.54e+02,1.25e+03,4.30e+01,3.30e+01
3.70e+02,1.08e+03,6.10e+01,4.40e+01
7.40e+02,1.25e+03,6.00e+01,4.30e+01
7.29e+02,1.24e+03,3.60e+01,3.00e+01
2.91e+00,7.21e+01,3.80e+01,3.10e+01
7.45e+02,1.29e+03,3.60e+01,3.00e+01
6.15e+02,1.29e+03,3.70e+01,3.00e+01
7.26e+00,1.33e+02,3.50e+01,2.90e+01
7.65e+02,1.34e+03,5.90e+01,4.30e+01
3.77e+02,1.15e+03,3.70e+01,3.00e+01
7.51e+02,1.26e+03,6.20e+01,4.40e+01
7.31e+02,1.21e+03,3.50e+01,2.90e+01
7.31e+02,1.23e+03,3.80e+01,3.10e+01
5.92e+02,1.03e+03,3.50e+01,2.90e+01
7.57e+02,1.27e+03,3.60e+01,3.00e+01
7.53e+02,1.20e+03,4.00e+01,3.10e+01
4.35e+02,1.24e+03,3.80e+01,3.10e+01
7.84e+02,1.26e+03,5.80e+01,4.20e+01
1.67e+02,1.20e+03,5.80e+01,4.20e+01
7.54e+02,1.26e+03,3.60e+01,3.00e+01
1.54e+02,1.07e+03,5.80e+01,4.20e+01
6.89e+02,1.21e+03,3.70e+01,3.00e+01
7.75e+02,1.21e+03,5.80e+01,4.20e+01
-2.69e+01,9.53e+01,5.80e+01,4.20e+01
4.18e+02,1.19e+03,3.50e+01,2.90e+01
5.07e+02,1.42e+03,4.10e+01,3.20e+01
5.86e+02,1.19e+03,3.90e+01,3.20e+01
7.09e+02,1.17e+03,3.60e+01,2.90e+01
7.35e+02,1.31e+03,3.60e+01,3.00e+01
7.50e+02,1.42e+03,3.60e+01,3.00e+01
7.65e+02,1.34e+03,4.20e+01,3.30e+01
1.52e+00,1.56e+02,6.00e+01,4.30e+01
7.46e+02,1.29e+03,3.50e+01,2.90e+01
7.85e+02,1.33e+03,4.10e+01,3.20e+01
6.64e+02,1.20e+03,5.80e+01,4.20e+01
-5.25e+01,-2.02e+01,3.90e+01,3.10e+01
4.31e+02,1.15e+03,4.30e+01,3.30e+01
7.31e+02,1.36e+03,4.10e+01,3.20e+01
4.57e+02,1.34e+03,4.30e+01,3.30e+01
6.99e+02,1.30e+03,3.90e+01,3.10e+01
7.40e+02,1.19e+03,6.00e+01,4.30e+01
6.02e+02,1.44e+03,3.70e+01,3.10e+01
6.97e+02,1.39e+03,6.00e+01,4.30e+01
5.51e+02,1.29e+03,3.50e+01,2.90e+01
6.09e+02,1.14e+03,3.60e+01,3.00e+01
7.10e+02,1.29e+03,5.80e+01,4.20e+01
3.44e+02,1.01e+03,3.80e+01,3.00e+01
4.15e+02,1.14e+03,5.80e+01,4.20e+01
6.75e+02,1.21e+03,3.60e+01,3.00e+01
7.72e+02,1.29e+03,6.00e+01,4.30e+01
5.26e+02,1.03e+03,5.80e+01,4.20e+01
7.13e+02,1.21e+03,5.70e+01,4.20e+01
1.23e+02,5.10e+02,3.50e+01,2.90e+01
7.78e+02,1.24e+03,5.80e+01,4.20e+01
7.23e+02,1.28e+03,4.00e+01,3.30e+01
7.28e+02,1.18e+03,4.10e+01,3.30e+01
7.56e+02,1.24e+03,6.10e+01,4.30e+01
7.34e+02,1.28e+03,5.40e+01,4.00e+01
8.07e+02,1.39e+03,3.90e+01,3.10e+01
4.42e+01,1.69e+02,3.70e+01,3.00e+01
7.65e+02,1.33e+03,3.70e+01,3.00e+01
5.34e+02,1.14e+03,3.70e+01,3.10e+01
7.60e+02,1.24e+03,3.70e+01,3.00e+01
6.71e+02,1.05e+03,3.70e+01,3.00e+01
7.04e+02,1.28e+03,3.60e+01,3.00e+01
7.58e+02,1.39e+03,4.10e+01,3.30e+01
6.51e+02,1.23e+03,4.00e+01,3.10e+01
5.53e+02,1.18e+03,3.70e+01,3.00e+01
3.41e+02,1.06e+03,4.00e+01,3.30e+01
7.43e+02,1.30e+03,3.60e+01,3.00e+01
7.30e+02,1.23e+03,3.80e+01,3.10e+01
7.50e+02,1.24e+03,3.70e+01,3.00e+01
5.09e+02,1.06e+03,3.60e+01,3.00e+01
7.57e+02,1.22e+03,5.80e+01,4.20e+01
1.87e+01,6.51e+01,3.70e+01,3.00e+01
7.78e+02,1.27e+03,6.30e+01,4.50e+01
7.33e+02,1.19e+03,3.90e+01,3.10e+01
7.89e+02,1.32e+03,5.80e+01,4.20e+01
7.85e+02,1.23e+03,6.00e+01,4.30e+01
4.21e+02,1.22e+03,3.90e+01,3.20e+01
4.22e+02,1.25e+03,4.30e+01,3.30e+01
4.92e+02,1.32e+03,4.10e+01,3.20e+01
7.65e+02,1.31e+03,3.90e+01,3.10e+01
4.36e+02,1.36e+03,3.60e+01,3.00e+01
5.70e+02,8.98e+02,3.60e+01,3.00e+01
7.70e+02,1.20e+03,5.80e+01,4.20e+01
7.52e+02,1.37e+03,3.70e+01,3.00e+01
7.75e+02,1.32e+03,3.90e+01,3.20e+01
7.33e+02,1.35e+03,3.60e+01,3.00e+01
6.15e+02,1.11e+03,3.50e+01,2.90e+01
4.04e+02,1.18e+03,4.10e+01,3.20e+01
-1.05e+01,8.98e+01,5.80e+01,4.20e+01
7.27e+02,1.23e+03,4.10e+01,3.20e+01
6.95e+02,1.15e+03,5.80e+01,4.20e+01
7.60e+02,1.25e+03,4.00e+01,3.10e+01
7.98e+02,1.39e+03,4.20e+01,3.40e+01
7.69e+02,1.23e+03,5.80e+01,4.20e+01
7.25e+02,1.23e+03,3.90e+01,3.20e+01
3.06e+02,8.25e+02,4.20e+01,3.30e+01
7.61e+02,1.34e+03,3.60e+01,3.00e+01
7.44e+02,1.22e+03,5.80e+01,4.20e+01
6.08e+02,1.17e+03,3.60e+01,3.00e+01
7.50e+02,1.28e+03,3.50e+01,2.90e+01
4.81e+02,1.28e+03,4.10e+01,3.20e+01
7.61e+02,1.29e+03,3.80e+01,3.00e+01
7.00e+02,1.29e+03,3.60e+01,3.00e+01
7.52e+02,1.22e+03,6.30e+01,4.50e+01
4.43e+01,1.68e+02,3.80e+01,3.10e+01
7.18e+02,1.25e+03,6.00e+01,4.30e+01
7.38e+02,1.38e+03,4.20e+01,3.20e+01
7.69e+02,1.23e+03,3.80e+01,3.00e+01
7.50e+02,1.22e+03,5.40e+01,4.00e+01
5.39e+02,1.21e+03,4.10e+01,3.20e+01
4.40e+02,1.16e+03,3.90e+01,3.10e+01
5.19e+02,1.31e+03,4.10e+01,3.20e+01
7.50e+02,1.30e+03,3.70e+01,3.00e+01
6.15e+02,1.09e+03,4.10e+01,3.20e+01
6.36e+02,1.10e+03,6.30e+01,4.50e+01
7.23e+02,1.27e+03,4.10e+01,3.30e+01
6.15e+02,1.14e+03,6.00e+01,4.30e+01
3.56e+02,1.20e+03,3.50e+01,2.90e+01
1.76e+02,1.00e+03,4.20e+01,3.30e+01
4.24e+02,1.29e+03,4.10e+01,3.20e+01
4.18e+02,1.18e+03,5.00e+01,3.60e+01
7.58e+02,1.29e+03,5.80e+01,4.20e+01
7.11e+02,1.27e+03,3.60e+01,3.00e+01
2.76e+02,1.10e+03,3.70e+01,3.00e+01
4.82e+02,1.33e+03,4.10e+01,3.20e+01
6.76e+02,1.15e+03,5.70e+01,4.20e+01
7.01e+02,1.31e+03,3.90e+01,3.10e+01
7.31e+02,1.35e+03,3.60e+01,3.00e+01
4.84e+01,2.14e+02,3.90e+01,3.20e+01
7.43e+02,1.19e+03,6.00e+01,4.30e+01
3.26e+02,1.05e+03,5.80e+01,4.20e+01
1.19e+01,5.42e+01,3.50e+01,2.90e+01
3.26e+01,1.11e+02,5.90e+01,4.20e+01
8.03e+02,1.28e+03,3.90e+01,3.10e+01
4.45e+02,1.23e+03,4.00e+01,3.30e+01
7.81e+02,1.25e+03,6.00e+01,4.30e+01
7.29e+02,1.15e+03,6.10e+01,4.40e+01
7.32e+02,1.22e+03,6.20e+01,4.40e+01
8.06e+02,1.37e+03,3.60e+01,3.00e+01
3.92e+02,1.22e+03,3.70e+01,3.00e+01
7.94e+02,1.38e+03,4.20e+01,3.40e+01
7.56e+02,1.31e+03,3.60e+01,3.00e+01
3.69e+02,1.18e+03,3.80e+01,3.10e+01
7.32e+02,1.21e+03,5.80e+01,4.20e+01
7.69e+02,1.32e+03,3.70e+01,3.10e+01
5.38e+02,1.23e+03,4.20e+01,3.30e+01
6.76e+02,1.27e+03,3.90e+01,3.10e+01
7.44e+02,1.25e+03,5.80e+01,4.20e+01
7.68e+02,1.40e+03,3.70e+01,3.00e+01
7.35e+02,1.22e+03,5.70e+01,4.20e+01
7.41e+02,1.18e+03,5.80e+01,4.20e+01
7.23e+02,1.26e+03,3.90e+01,3.10e+01
7.18e+02,1.11e+03,6.00e+01,4.30e+01
8.13e+02,1.27e+03,3.60e+01,2.90e+01
7.30e+02,1.29e+03,5.80e+01,4.20e+01
5.71e+02,1.13e+03,4.00e+01,3.30e+01
7.13e+02,1.24e+03,4.20e+01,3.30e+01
7.46e+02,1.29e+03,5.80e+01,4.20e+01
6.44e+02,1.30e+03,3.50e+01,2.90e+01
7.38e+02,1.34e+03,3.60e+01,3.00e+01
7.54e+02,1.42e+03,3.50e+01,2.90e+01
6.89e+02,1.18e+03,3.60e+01,3.00e+01
6.30e+02,1.28e+03,4.10e+01,3.20e+01
7.43e+02,1.20e+03,4.10e+01,3.20e+01
7.26e+02,1.33e+03,3.60e+01,3.00e+01
7.00e+02,1.21e+03,3.60e+01,3.00e+01
7.39e+02,1.27e+03,3.50e+01,2.90e+01
7.67e+02,1.29e+03,3.60e+01,3.00e+01
7.28e+02,1.21e+03,3.50e+01,2.90e+01
7.51e+02,1.26e+03,3.50e+01,2.90e+01
7.63e+02,1.28e+03,5.80e+01,4.20e+01
7.23e+02,1.30e+03,4.00e+01,3.20e+01
6.20e+02,1.21e+03,3.60e+01,3.00e+01
-1.64e+00,9.84e+01,3.60e+01,3.00e+01
7.96e+02,1.28e+03,5.80e+01,4.20e+01
4.81e+02,1.39e+03,4.10e+01,3.20e+01
7.72e+02,1.33e+03,4.20e+01,3.30e+01
1.28e+02,5.02e+02,4.10e+01,3.40e+01
7.27e+02,1.38e+03,3.60e+01,2.90e+01
7.13e+02,1.26e+03,3.60e+01,3.00e+01
4.52e+02,1.22e+03,4.20e+01,3.40e+01
4.88e+02,1.01e+03,4.10e+01,3.20e+01
7.95e+02,1.19e+03,6.00e+01,4.30e+01
7.42e+02,1.38e+03,3.80e+01,3.00e+01
7.91e+02,1.30e+03,5.80e+01,4.20e+01
1.94e+02,1.11e+03,3.70e+01,3.10e+01
7.24e+02,1.29e+03,3.60e+01,3.00e+01
5.60e+02,1.12e+03,4.00e+01,3.30e+01
6.14e+02,1.28e+03,3.90e+01,3.20e+01
7.08e+02,1.21e+03,5.90e+01,4.20e+01
7.19e+02,1.24e+03,3.50e+01,2.90e+01
7.39e+02,1.24e+03,4.00e+01,3.10e+01
2.20e+02,2.80e+02,3.70e+01,3.00e+01
3.35e+02,9.14e+02,4.40e+01,3.40e+01
6.54e+01,3.60e+02,3.50e+01,2.90e+01
5.65e+02,1.08e+03,4.10e+01,3.20e+01
1.62e+02,6.71e+02,3.60e+01,3.00e+01
7.86e+02,1.33e+03,3.70e+01,3.00e+01
3.95e+02,1.14e+03,4.10e+01,3.20e+01
5.89e+02,1.01e+03,3.60e+01,3.00e+01
-5.09e+01,-2.52e+01,3.50e+01,2.90e+01
7.63e+02,1.20e+03,5.80e+01,4.20e+01
7.33e+02,1.24e+03,4.20e+01,3.40e+01
7.25e+02,1.40e+03,3.60e+01,2.90e+01
5.55e+02,1.14e+03,3.60e+01,3.00e+01
7.34e+02,1.22e+03,3.80e+01,3.10e+01
7.50e+02,1.34e+03,3.90e+01,3.10e+01
5.63e+02,8.63e+02,3.60e+01,2.90e+01
7.28e+02,1.24e+03,5.80e+01,4.20e+01
7.91e+02,1.25e+03,5.80e+01,4.20e+01
7.47e+02,1.29e+03,3.70e+01,3.10e+01
-5.18e+01,-2.92e+01,3.60e+01,3.00e+01
7.30e+02,1.33e+03,4.00e+01,3.10e+01
-4.33e+01,-2.33e+00,4.00e+01,3.20e+01
4.70e+02,1.16e+03,4.10e+01,3.20e+01
7.86e+02,1.41e+03,3.60e+01,3.00e+01
1.54e+01,5.32e+01,4.10e+01,3.20e+01
4.19e+02,1.12e+03,4.20e+01,3.30e+01
7.37e+02,1.27e+03,3.50e+01,2.90e+01
7.46e+02,1.25e+03,4.00e+01,3.20e+01
7.35e+02,1.22e+03,5.70e+01,4.20e+01
4.56e+02,1.25e+03,4.10e+01,3.20e+01
7.41e+02,1.32e+03,3.70e+01,3.00e+01
1.86e+02,8.87e+02,4.00e+01,3.30e+01
5.41e+02,1.14e+03,3.70e+01,3.00e+01
7.81e+02,1.36e+03,4.20e+01,3.30e+01
7.75e+02,1.31e+03,5.80e+01,4.20e+01
7.29e+02,1.29e+03,3.80e+01,3.10e+01
2.26e+01,5.62e+01,5.90e+01,4.20e+01
7.37e+02,1.29e+03,3.60e+01,3.00e+01
7.09e+02,1.24e+03,4.10e+01,3.20e+01
4.42e+02,1.26e+03,4.20e+01,3.30e+01
5.56e+02,1.19e+03,5.80e+01,4.20e+01
4.55e+02,1.22e+03,5.80e+01,4.20e+01
7.33e+02,1.29e+03,6.00e+01,4.30e+01
7.51e+02,1.21e+03,3.50e+01,2.90e+01
3.77e+02,1.35e+03,5.90e+01,4.30e+01
7.58e+02,1.29e+03,5.80e+01,4.20e+01
5.82e+02,1.27e+03,3.90e+01,3.20e+01
4.53e+02,1.24e+03,5.90e+01,4.30e+01
-3.96e+00,1.75e+01,3.90e+01,3.20e+01
6.16e+02,1.06e+03,5.80e+01,4.20e+01
7.40e+02,1.27e+03,5.80e+01,4.20e+01
7.36e+02,1.17e+03,5.80e+01,4.20e+01
4.72e+02,1.35e+03,4.10e+01,3.20e+01
7.43e+02,1.31e+03,4.30e+01,3.40e+01
4.35e+02,1.26e+03,3.70e+01,3.10e+01
7.94e+02,1.31e+03,5.80e+01,4.20e+01
7.36e+02,1.24e+03,4.20e+01,3.30e+01
7.32e+02,1.26e+03,5.90e+01,4.30e+01
7.65e+02,1.38e+03,3.70e+01,3.00e+01
7.80e+02,1.29e+03,6.00e+01,4.30e+01
6.15e+02,1.23e+03,3.90e+01,3.10e+01
7.18e+02,1.23e+03,4.30e+01,3.30e+01
7.26e+02,1.31e+03,4.00e+01,3.30e+01
6.10e+02,1.15e+03,4.00e+01,3.30e+01
1.49e+01,1.79e+02,5.70e+01,4.20e+01
3.41e+01,1.61e+02,4.00e+01,3.20e+01
6.23e+00,6.32e+01,4.10e+01,3.30e+01
7.82e+02,1.28e+03,6.00e+01,4.30e+01
7.66e+02,1.33e+03,3.50e+01,2.90e+01
7.06e+02,1.26e+03,4.10e+01,3.20e+01
6.06e+02,1.18e+03,3.60e+01,3.00e+01
6.66e+02,1.22e+03,4.20e+01,3.30e+01
7.64e+02,1.18e+03,3.90e+01,3.20e+01
7.18e+02,1.27e+03,3.60e+01,3.00e+01
7.87e+02,1.27e+03,3.70e+01,3.10e+01
-4.15e+01,-2.62e+01,3.60e+01,3.00e+01
6.77e+02,1.17e+03,3.60e+01,3.00e+01
7.13e+02,1.28e+03,3.50e+01,2.90e+01
6.68e+02,1.17e+03,5.90e+01,4.30e+01
4.56e+01,2.15e+02,3.60e+01,3.00e+01
1.35e+02,3.08e+02,6.10e+01,4.30e+01
3.74e+02,1.17e+03,3.70e+01,3.10e+01
7.24e+02,1.30e+03,3.90e+01,3.10e+01
1.99e+02,7.88e+02,3.60e+01,3.00e+01
7.55e+02,1.33e+03,5.80e+01,4.20e+01
2.85e+02,6.31e+02,4.20e+01,3.20e+01
3.97e+02,1.29e+03,3.80e+01,3.10e+01
3.63e+02,1.20e+03,3.70e+01,3.00e+01
7.40e+02,1.27e+03,4.00e+01,3.10e+01
6.98e+02,1.33e+03,4.00e+01,3.30e+01
7.43e+02,1.34e+03,6.00e+01,4.30e+01
5.63e+02,1.19e+03,3.60e+01,3.00e+01
7.46e+02,1.32e+03,4.10e+01,3.20e+01
7.40e+02,1.29e+03,5.80e+01,4.20e+01
3.25e+02,1.11e+03,4.10e+01,3.20e+01
-1.28e+01,6.54e+00,3.60e+01,3.00e+01
7.70e+02,1.34e+03,4.20e+01,3.30e+01
7.47e+02,1.32e+03,3.90e+01,3.20e+01
7.33e+02,1.35e+03,4.00e+01,3.30e+01
-4.97e+01,-3.83e+01,3.60e+01,3.00e+01
4.60e+02,1.38e+03,4.10e+01,3.20e+01
7.33e+02,1.20e+03,6.00e+01,4.30e+01
7.33e+02,1.26e+03,3.80e+01,3.10e+01
4.88e+02,1.13e+03,3.60e+01,3.00e+01
7.72e+02,1.19e+03,6.20e+01,4.40e+01
7.40e+02,1.31e+03,3.90e+01,3.10e+01
7.76e+02,1.25e+03,5.80e+01,4.20e+01
5.03e+02,1.06e+03,3.50e+01,2.90e+01
7.42e+02,1.30e+03,3.60e+01,3.00e+01
3.74e+02,1.05e+03,4.10e+01,3.20e+01
6.74e+02,1.21e+03,3.60e+01,3.00e+01
7.24e+02,1.24e+03,5.80e+01,4.20e+01
7.92e+02,1.23e+03,6.00e+01,4.30e+01
8.23e+02,1.28e+03,6.00e+01,4.30e+01
7.04e+02,1.28e+03,3.90e+01,3.20e+01
1.64e+02,6.64e+02,4.20e+01,3.30e+01
3.51e+01,1.84e+02,4.00e+01,3.20e+01
6.95e+02,1.22e+03,4.00e+01,3.30e+01
4.78e+02,1.38e+03,4.10e+01,3.20e+01
4.68e+02,1.32e+03,4.20e+01,3.20e+01
-3.83e+01,-2.53e+01,4.20e+01,3.30e+01
7.48e+02,1.28e+03,6.00e+01,4.30e+01
4.49e+02,1.22e+03,4.00e+01,3.30e+01
7.22e+02,1.21e+03,5.80e+01,4.20e+01
7.38e+02,1.27e+03,3.60e+01,3.00e+01
