-2.15e+02,-5.79e+01,6.20e+01,2.90e+01
-2.18e+02,-6.25e+01,7.20e+01,3.40e+01
-2.13e+02,-5.15e+01,6.90e+01,3.20e+01
-2.16e+02,-5.94e+01,6.30e+01,2.90e+01
-2.28e+02,-5.90e+01,7.00e+01,2.90e+01
-2.15e+02,-6.52e+01,7.10e+01,3.30e+01
-2.19e+02,-6.71e+01,6.30e+01,2.60e+01
-2.13e+02,-5.68e+01,7.30e+01,3.30e+01
-2.22e+02,-6.72e+01,7.00e+01,3.30e+01
-2.14e+02,-5.80e+01,7.10e+01,3.30e+01
-2.22e+02,-7.20e+01,7.20e+01,3.30e+01
-2.22e+02,-6.47e+01,6.30e+01,2.60e+01
-2.16e+02,-5.79e+01,7.30e+01,3.30e+01
-2.38e+02,-6.22e+01,6.90e+01,3.20e+01
-2.11e+02,-5.82e+01,7.00e+01,3.30e+01
-2.18e+02,-6.09e+01,7.20e+01,3.30e+01
-2.15e+02,-5.43e+01,6.30e+01,2.60e+01
-2.12e+02,-5.08e+01,7.30e+01,3.30e+01
-2.15e+02,-6.11e+01,6.40e+01,2.60e+01
-2.13e+02,-5.14e+01,7.00e+01,3.20e+01
-2.30e+02,-6.86e+01,7.10e+01,3.30e+01
-2.25e+02,-5.68e+01,6.30e+01,2.60e+01
-2.12e+02,-4.89e+01,7.30e+01,3.40e+01
-2.18e+02,-6.64e+01,6.40e+01,2.90e+01
-2.10e+02,-5.19e+01,6.90e+01,3.20e+01
-2.22e+02,-6.64e+01,7.00e+01,3.20e+01
-2.16e+02,-5.76e+01,6.30e+01,3.00e+01
-2.16e+02,-5.64e+01,6.20e+01,2.90e+01
-2.17e+02,-6.32e+01,7.20e+01,3.30e+01
-2.15e+02,-4.98e+01,6.40e+01,2.90e+01
-2.16e+02,-6.30e+01,6.20e+01,2.90e+01
-2.10e+02,-5.34e+01,7.00e+01,3.30e+01
-2.14e+02,-5.81e+01,6.90e+01,3.20e+01
-2.22e+02,-6.82e+01,7.00e+01,3.30e+01
-2.18e+02,-5.57e+01,6.30e+01,2.90e+01
-2.15e+02,-5.41e+01,6.40e+01,2.70e+01
-2.21e+02,-5.93e+01,6.30e+01,2.90e+01
-2.13e+02,-5.25e+01,6.50e+01,3.00e+01
-2.10e+02,-5.53e+01,7.10e+01,3.30e+01
-2.14e+02,-5.81e+01,7.30e+01,3.40e+01
-2.17e+02,-5.88e+01,6.40e+01,2.90e+01
-5.00e+02,-5.00e+02,6.30e+01,2.60e+01
-2.23e+02,-5.00e+01,6.30e+01,3.00e+01
-2.16e+02,-6.31e+01,6.30e+01,2.90e+01
-2.16e+02,-5.63e+01,7.30e+01,3.30e+01
-2.17e+02,-5.95e+01,6.30e+01,2.90e+01
-2.21e+02,-7.45e+01,6.40e+01,2.90e+01
-2.16e+02,-6.22e+01,6.40e+01,2.70e+01
-2.12e+02,-5.44e+01,7.20e+01,3.00e+01
-2.14e+02,-4.90e+01,6.30e+01,2.90e+01
-2.14e+02,-6.01e+01,7.20e+01,3.40e+01
-4.03e+02,-1.64e+02,6.30e+01,3.00e+01
-2.15e+02,-6.08e+01,6.40e+01,2.70e+01
-2.19e+02,-6.64e+01,7.30e+01,3.30e+01
-2.18e+02,-6.77e+01,6.30e+01,2.90e+01
-2.18e+02,-5.65e+01,7.40e+01,3.50e+01
-2.18e+02,-5.13e+01,6.40e+01,2.90e+01
-2.22e+02,-6.44e+01,6.30e+01,2.90e+01
-2.15e+02,-5.65e+01,6.30e+01,2.90e+01
-2.10e+02,-5.87e+01,7.20e+01,3.30e+01
-2.11e+02,-5.48e+01,7.20e+01,3.30e+01
-2.15e+02,-4.53e+01,6.40e+01,3.00e+01
-2.13e+02,-5.65e+01,6.30e+01,3.00e+01
-4.32e+02,-1.77e+02,7.40e+01,3.30e+01
-2.21e+02,-6.56e+01,6.40e+01,2.90e+01
-2.22e+02,-7.08e+01,7.50e+01,3.40e+01
-2.16e+02,-5.88e+01,7.30e+01,3.50e+01
-2.17e+02,-5.19e+01,6.20e+01,2.90e+01
-2.13e+02,-5.82e+01,7.40e+01,3.30e+01
-2.21e+02,-5.52e+01,7.00e+01,3.30e+01
-2.17e+02,-7.27e+01,7.00e+01,3.20e+01
-2.15e+02,-5.43e+01,7.10e+01,3.30e+01
-2.15e+02,-5.84e+01,6.30e+01,2.90e+01
-2.18e+02,-7.25e+01,7.00e+01,3.20e+01
-2.23e+02,-6.22e+01,7.10e+01,3.40e+01
-2.16e+02,-6.08e+01,6.40e+01,2.70e+01
-2.30e+02,-8.01e+01,6.90e+01,3.20e+01
-2.21e+02,-5.36e+01,7.30e+01,3.40e+01
-2.21e+02,-6.25e+01,6.20e+01,2.90e+01
-2.16e+02,-6.53e+01,7.30e+01,3.40e+01
-2.16e+02,-5.16e+01,6.30e+01,2.60e+01
-2.33e+02,-7.06e+01,7.20e+01,3.40e+01
-2.12e+02,-5.58e+01,7.00e+01,3.30e+01
-2.17e+02,-5.66e+01,6.40e+01,3.00e+01
-2.24e+02,-5.73e+01,7.20e+01,3.30e+01
-2.18e+02,-5.46e+01,6.30e+01,2.60e+01
-2.21e+02,-6.22e+01,6.40e+01,2.70e+01
-2.15e+02,-6.66e+01,7.00e+01,3.20e+01
-2.12e+02,-5.87e+01,7.30e+01,3.40e+01
-2.17e+02,-5.09e+01,6.40e+01,2.90e+01
-2.14e+02,-6.10e+01,7.30e+01,3.40e+01
-2.21e+02,-5.36e+01,7.00e+01,3.30e+01
-2.26e+02,-7.38e+01,6.40e+01,2.70e+01
-2.14e+02,-5.91e+01,6.30e+01,3.00e+01
-2.15e+02,-5.04e+01,7.10e+01,3.30e+01
-4.34e+02,-1.08e+02,6.30e+01,2.60e+01
-2.19e+02,-6.37e+01,7.30e+01,3.40e+01
-4.99e+02,-4.96e+02,7.30e+01,3.40e+01
-2.21e+02,-6.31e+01,6.90e+01,3.20e+01
-2.27e+02,-6.02e+01,7.00e+01,2.90e+01
-2.14e+02,-5.77e+01,7.30e+01,3.40e+01
-2.19e+02,-7.19e+01,6.20e+01,2.90e+01
-2.29e+02,-6.96e+01,6.40e+01,2.70e+01
-2.16e+02,-6.48e+01,7.00e+01,3.30e+01
-2.12e+02,-5.59e+01,7.00e+01,2.90e+01
-2.12e+02,-6.10e+01,7.40e+01,3.30e+01
-2.24e+02,-6.62e+01,6.30e+01,2.90e+01
-2.18e+02,-5.83e+01,6.40e+01,2.60e+01
-2.18e+02,-6.68e+01,7.30e+01,3.40e+01
-4.83e+02,-3.98e+02,7.20e+01,3.40e+01
-2.15e+02,-5.49e+01,6.30e+01,2.60e+01
-2.25e+02,-7.16e+01,6.90e+01,3.20e+01
-2.61e+02,-1.07e+02,6.40e+01,2.90e+01
-2.25e+02,-8.31e+01,6.20e+01,2.90e+01
-2.30e+02,-7.06e+01,6.30e+01,2.60e+01
-2.14e+02,-5.33e+01,7.40e+01,3.50e+01
-3.06e+02,-1.00e+02,7.00e+01,2.90e+01
-2.21e+02,-6.04e+01,7.00e+01,3.20e+01
-2.15e+02,-6.28e+01,7.10e+01,3.30e+01
-2.12e+02,-4.94e+01,7.30e+01,3.40e+01
-2.21e+02,-5.97e+01,7.30e+01,3.40e+01
-2.22e+02,-6.42e+01,6.40e+01,2.90e+01
-2.18e+02,-6.49e+01,7.10e+01,3.30e+01
-2.16e+02,-5.56e+01,7.20e+01,3.30e+01
-2.14e+02,-5.07e+01,6.30e+01,2.90e+01
-4.34e+02,-1.02e+02,7.20e+01,3.40e+01
-2.20e+02,-4.49e+01,7.30e+01,3.40e+01
-2.33e+02,-7.80e+01,6.20e+01,2.90e+01
-2.15e+02,-5.85e+01,7.40e+01,3.30e+01
-2.13e+02,-5.46e+01,7.40e+01,3.50e+01
-2.15e+02,-6.26e+01,7.40e+01,3.50e+01
-2.15e+02,-5.46e+01,7.30e+01,3.50e+01
-2.13e+02,-5.52e+01,6.30e+01,2.90e+01
-2.25e+02,-6.63e+01,7.00e+01,3.20e+01
-2.21e+02,-5.67e+01,7.00e+01,3.30e+01
-2.17e+02,-5.34e+01,7.30e+01,3.40e+01
-2.17e+02,-6.06e+01,7.40e+01,3.40e+01
-2.95e+02,-8.16e+01,7.20e+01,3.40e+01
-2.15e+02,-6.31e+01,7.40e+01,3.30e+01
-2.13e+02,-5.31e+01,7.00e+01,2.90e+01
-2.24e+02,-7.61e+01,7.30e+01,3.40e+01
-2.22e+02,-5.31e+01,6.30e+01,2.90e+01
-2.19e+02,-5.78e+01,6.30e+01,2.60e+01
-2.14e+02,-6.53e+01,7.30e+01,3.40e+01
-2.17e+02,-6.65e+01,7.20e+01,3.40e+01
-2.30e+02,-7.15e+01,6.40e+01,2.60e+01
-2.13e+02,-5.50e+01,7.10e+01,3.30e+01
-2.15e+02,-5.35e+01,6.40e+01,3.00e+01
-2.29e+02,-7.52e+01,7.20e+01,3.40e+01
-2.19e+02,-5.51e+01,6.90e+01,3.20e+01
-2.18e+02,-6.68e+01,7.30e+01,3.40e+01
-4.04e+02,-1.34e+02,7.00e+01,3.30e+01
-2.17e+02,-5.35e+01,7.40e+01,3.40e+01
-2.22e+02,-5.88e+01,7.20e+01,3.40e+01
-2.14e+02,-4.41e+01,7.10e+01,3.30e+01
-2.30e+02,-7.05e+01,6.40e+01,2.60e+01
-5.00e+02,-5.00e+02,6.30e+01,2.90e+01
-2.42e+02,-8.69e+01,6.30e+01,2.90e+01
-2.20e+02,-6.46e+01,7.00e+01,2.90e+01
-2.11e+02,-5.09e+01,7.20e+01,3.30e+01
-2.14e+02,-4.59e+01,6.90e+01,3.20e+01
-2.13e+02,-5.19e+01,6.30e+01,2.90e+01
-2.12e+02,-5.57e+01,7.20e+01,3.30e+01
-2.17e+02,-6.06e+01,6.40e+01,2.60e+01
-2.26e+02,-7.99e+01,7.10e+01,3.30e+01
-2.17e+02,-5.68e+01,6.40e+01,2.60e+01
-2.20e+02,-5.49e+01,7.10e+01,3.30e+01
-5.00e+02,-5.00e+02,6.20e+01,2.90e+01
-2.24e+02,-5.27e+01,7.20e+01,3.30e+01
-2.18e+02,-5.66e+01,7.10e+01,2.90e+01
-2.19e+02,-6.06e+01,7.20e+01,3.40e+01
-2.24e+02,-5.99e+01,7.20e+01,3.40e+01
-2.14e+02,-5.32e+01,6.40e+01,3.00e+01
-2.29e+02,-7.41e+01,7.30e+01,3.50e+01
-2.14e+02,-6.15e+01,7.50e+01,3.40e+01
-2.18e+02,-5.61e+01,6.30e+01,2.90e+01
-2.16e+02,-4.86e+01,7.00e+01,3.20e+01
-2.15e+02,-5.71e+01,7.30e+01,3.40e+01
-2.15e+02,-5.89e+01,7.10e+01,2.90e+01
-2.14e+02,-5.68e+01,7.40e+01,3.30e+01
-2.97e+02,-8.67e+01,6.40e+01,3.00e+01
-2.19e+02,-7.21e+01,6.90e+01,3.20e+01
-2.16e+02,-6.48e+01,6.90e+01,3.20e+01
-2.23e+02,-6.63e+01,6.40e+01,2.60e+01
-2.13e+02,-5.50e+01,7.30e+01,3.40e+01
-2.21e+02,-7.28e+01,6.30e+01,2.60e+01
-5.00e+02,-5.00e+02,6.30e+01,2.90e+01
-2.20e+02,-6.10e+01,6.40e+01,2.70e+01
-2.22e+02,-6.96e+01,7.30e+01,3.50e+01
-2.14e+02,-5.60e+01,7.30e+01,3.40e+01
-2.19e+02,-6.44e+01,7.40e+01,3.50e+01
-2.41e+02,-7.31e+01,7.20e+01,3.40e+01
