-2.13e+02,-6.02e+01,1.56e+02,5.40e+01
-2.09e+02,-6.15e+01,1.56e+02,5.60e+01
-2.09e+02,-5.50e+01,1.56e+02,5.50e+01
-2.13e+02,-5.01e+01,1.55e+02,5.40e+01
-2.17e+02,-6.28e+01,1.57e+02,5.50e+01
-2.11e+02,-4.67e+01,1.57e+02,5.50e+01
-2.23e+02,-5.28e+01,1.59e+02,5.70e+01
-2.13e+02,-5.43e+01,1.58e+02,5.60e+01
-2.18e+02,-5.23e+01,1.56e+02,5.60e+01
-2.12e+02,-5.55e+01,1.56e+02,5.50e+01
-2.11e+02,-5.29e+01,1.58e+02,5.70e+01
-2.12e+02,-5.61e+01,1.54e+02,5.40e+01
-2.16e+02,-5.06e+01,1.57e+02,5.50e+01
-2.11e+02,-5.52e+01,1.57e+02,5.60e+01
-2.20e+02,-6.33e+01,1.58e+02,5.50e+01
-2.13e+02,-5.69e+01,1.58e+02,5.60e+01
-2.09e+02,-5.51e+01,1.58e+02,5.60e+01
-2.09e+02,-5.91e+01,1.58e+02,5.60e+01
-2.09e+02,-5.05e+01,1.56e+02,5.50e+01
-2.13e+02,-5.67e+01,1.58e+02,5.60e+01
-2.20e+02,-7.08e+01,1.60e+02,5.70e+01
-2.07e+02,-5.06e+01,1.54e+02,5.40e+01
-2.10e+02,-6.24e+01,1.56e+02,5.50e+01
-2.07e+02,-5.16e+01,1.57e+02,5.50e+01
-2.19e+02,-5.56e+01,1.59e+02,5.70e+01
-2.09e+02,-5.84e+01,1.57e+02,5.50e+01
-2.12e+02,-6.18e+01,1.57e+02,5.40e+01
-2.07e+02,-5.47e+01,1.58e+02,5.50e+01
-2.06e+02,-5.40e+01,1.57e+02,5.50e+01
-2.14e+02,-5.59e+01,1.57e+02,5.40e+01
-3.01e+02,-9.29e+01,1.57e+02,5.60e+01
-2.12e+02,-5.92e+01,1.59e+02,5.60e+01
-2.12e+02,-4.77e+01,1.56e+02,5.40e+01
-2.14e+02,-4.75e+01,1.57e+02,5.40e+01
-2.09e+02,-5.58e+01,1.57e+02,5.60e+01
-2.06e+02,-5.19e+01,1.56e+02,5.40e+01
-2.09e+02,-6.09e+01,1.58e+02,5.60e+01
-2.13e+02,-5.77e+01,1.57e+02,5.50e+01
-2.12e+02,-5.12e+01,1.57e+02,5.40e+01
-2.13e+02,-5.61e+01,1.57e+02,5.50e+01
-2.15e+02,-5.97e+01,1.60e+02,5.70e+01
-2.10e+02,-5.07e+01,1.57e+02,5.50e+01
-2.07e+02,-5.28e+01,1.56e+02,5.40e+01
-4.26e+02,-1.42e+02,1.56e+02,5.40e+01
-2.11e+02,-6.15e+01,1.56e+02,5.50e+01
-2.16e+02,-6.59e+01,1.57e+02,5.50e+01
-2.17e+02,-6.30e+01,1.56e+02,5.60e+01
-2.15e+02,-5.64e+01,1.57e+02,5.60e+01
-2.08e+02,-5.07e+01,1.58e+02,5.50e+01
-2.07e+02,-4.52e+01,1.59e+02,5.50e+01
-2.09e+02,-5.49e+01,1.58e+02,5.50e+01
-2.11e+02,-5.57e+01,1.57e+02,5.60e+01
-2.08e+02,-5.73e+01,1.58e+02,5.70e+01
-2.09e+02,-5.14e+01,1.58e+02,5.50e+01
-2.08e+02,-4.71e+01,1.59e+02,5.70e+01
-2.05e+02,-4.56e+01,1.61e+02,5.80e+01
-2.27e+02,-4.88e+01,1.59e+02,5.70e+01
-2.13e+02,-5.79e+01,1.60e+02,5.70e+01
-2.08e+02,-4.85e+01,1.60e+02,5.70e+01
-2.14e+02,-5.01e+01,1.57e+02,5.60e+01
-2.13e+02,-5.83e+01,1.59e+02,5.60e+01
-2.14e+02,-6.68e+01,1.57e+02,5.40e+01
-2.12e+02,-6.47e+01,1.57e+02,5.40e+01
-2.13e+02,-5.90e+01,1.59e+02,5.60e+01
-2.10e+02,-5.63e+01,1.57e+02,5.50e+01
-2.19e+02,-6.57e+01,1.56e+02,5.60e+01
-2.05e+02,-5.15e+01,1.57e+02,5.60e+01
-2.08e+02,-5.06e+01,1.57e+02,5.40e+01
-2.06e+02,-5.25e+01,1.58e+02,5.60e+01
-2.12e+02,-5.41e+01,1.57e+02,5.40e+01
-2.22e+02,-5.35e+01,1.58e+02,5.60e+01
-2.09e+02,-5.39e+01,1.58e+02,5.60e+01
-2.16e+02,-5.21e+01,1.58e+02,5.70e+01
-2.08e+02,-5.39e+01,1.56e+02,5.50e+01
-2.12e+02,-5.68e+01,1.56e+02,5.40e+01
-2.37e+02,-6.37e+01,1.59e+02,5.50e+01
-2.14e+02,-5.59e+01,1.58e+02,5.50e+01
-2.12e+02,-5.55e+01,1.56e+02,5.40e+01
-2.12e+02,-5.79e+01,1.57e+02,5.50e+01
-2.11e+02,-6.19e+01,1.57e+02,5.50e+01
-2.13e+02,-6.24e+01,1.60e+02,5.80e+01
-4.36e+02,-1.78e+02,1.57e+02,5.60e+01
-2.15e+02,-5.85e+01,1.56e+02,5.40e+01
-2.09e+02,-5.80e+01,1.57e+02,5.40e+01
-2.10e+02,-5.77e+01,1.57e+02,5.70e+01
-2.07e+02,-5.50e+01,1.58e+02,5.70e+01
-2.66e+02,-7.25e+01,1.58e+02,5.60e+01
-2.09e+02,-5.36e+01,1.55e+02,5.40e+01
-2.13e+02,-5.63e+01,1.59e+02,5.60e+01
-3.70e+02,-9.50e+01,1.61e+02,5.70e+01
-2.54e+02,-7.18e+01,1.57e+02,5.60e+01
-2.12e+02,-5.22e+01,1.59e+02,5.70e+01
-2.10e+02,-5.35e+01,1.57e+02,5.60e+01
-2.12e+02,-5.41e+01,1.59e+02,5.60e+01
-2.10e+02,-5.30e+01,1.58e+02,5.50e+01
-2.22e+02,-6.16e+01,1.56e+02,5.50e+01
-2.14e+02,-5.94e+01,1.59e+02,5.60e+01
-2.08e+02,-4.96e+01,1.57e+02,5.60e+01
-2.15e+02,-5.14e+01,1.55e+02,5.40e+01
-2.08e+02,-6.02e+01,1.55e+02,5.40e+01
-2.09e+02,-5.04e+01,1.57e+02,5.70e+01
-2.12e+02,-5.48e+01,1.59e+02,5.70e+01
-2.11e+02,-6.02e+01,1.58e+02,5.60e+01
-2.15e+02,-5.18e+01,1.60e+02,5.70e+01
-2.12e+02,-4.70e+01,1.55e+02,5.40e+01
-2.15e+02,-5.17e+01,1.58e+02,5.70e+01
-2.14e+02,-5.37e+01,1.57e+02,5.60e+01
-2.08e+02,-5.43e+01,1.57e+02,5.70e+01
-2.10e+02,-5.96e+01,1.57e+02,5.70e+01
-4.64e+02,-2.86e+02,1.57e+02,5.40e+01
-4.25e+02,-7.79e+01,1.59e+02,5.60e+01
-2.16e+02,-6.86e+01,1.57e+02,5.70e+01
-2.22e+02,-5.36e+01,1.57e+02,5.40e+01
-4.21e+02,-9.49e+01,1.57e+02,5.50e+01
-2.11e+02,-6.23e+01,1.56e+02,5.50e+01
-2.11e+02,-5.29e+01,1.57e+02,5.60e+01
-5.00e+02,-5.00e+02,1.56e+02,5.40e+01
-2.09e+02,-5.09e+01,1.56e+02,5.50e+01
-2.16e+02,-6.58e+01,1.58e+02,5.60e+01
-2.10e+02,-5.59e+01,1.58e+02,5.60e+01
-2.08e+02,-5.17e+01,1.58e+02,5.50e+01
-2.12e+02,-5.26e+01,1.58e+02,5.50e+01
-2.09e+02,-5.16e+01,1.61e+02,5.70e+01
-2.24e+02,-5.05e+01,1.57e+02,5.60e+01
-2.07e+02,-5.79e+01,1.58e+02,5.70e+01
-2.07e+02,-4.76e+01,1.56e+02,5.60e+01
-2.17e+02,-6.04e+01,1.60e+02,5.80e+01
-2.09e+02,-4.99e+01,1.59e+02,5.60e+01
-2.11e+02,-6.08e+01,1.58e+02,5.50e+01
-2.12e+02,-5.04e+01,1.57e+02,5.50e+01
-2.07e+02,-5.35e+01,1.56e+02,5.50e+01
-2.08e+02,-5.33e+01,1.59e+02,5.70e+01
-2.11e+02,-5.22e+01,1.58e+02,5.70e+01
-2.07e+02,-5.07e+01,1.56e+02,5.50e+01
-2.10e+02,-6.16e+01,1.56e+02,5.50e+01
-2.13e+02,-5.00e+01,1.59e+02,5.70e+01
-2.12e+02,-5.66e+01,1.57e+02,5.60e+01
-2.08e+02,-4.89e+01,1.57e+02,5.50e+01
-3.06e+02,-9.99e+01,1.59e+02,5.60e+01
-2.10e+02,-5.46e+01,1.58e+02,5.50e+01
-2.06e+02,-5.14e+01,1.57e+02,5.40e+01
-2.13e+02,-5.99e+01,1.60e+02,5.70e+01
-2.14e+02,-6.07e+01,1.57e+02,5.50e+01
-2.11e+02,-5.61e+01,1.57e+02,5.50e+01
-2.06e+02,-5.06e+01,1.57e+02,5.60e+01
-2.09e+02,-4.92e+01,1.57e+02,5.60e+01
-2.13e+02,-6.12e+01,1.58e+02,5.50e+01
-2.10e+02,-5.93e+01,1.59e+02,5.50e+01
-2.20e+02,-5.36e+01,1.58e+02,5.60e+01
-2.08e+02,-5.17e+01,1.57e+02,5.50e+01
-4.44e+02,-1.63e+02,1.57e+02,5.60e+01
-2.09e+02,-5.21e+01,1.56e+02,5.40e+01
-2.11e+02,-5.14e+01,1.58e+02,5.70e+01
-4.34e+02,-1.43e+02,1.57e+02,5.50e+01
-2.11e+02,-5.67e+01,1.57e+02,5.50e+01
-2.20e+02,-5.81e+01,1.57e+02,5.70e+01
-2.15e+02,-6.93e+01,1.58e+02,5.60e+01
-4.87e+02,-4.21e+02,1.57e+02,5.60e+01
-2.09e+02,-5.44e+01,1.60e+02,5.70e+01
-2.14e+02,-5.27e+01,1.59e+02,5.60e+01
-2.21e+02,-6.80e+01,1.57e+02,5.50e+01
-2.15e+02,-5.01e+01,1.58e+02,5.60e+01
-2.08e+02,-5.20e+01,1.57e+02,5.40e+01
-2.08e+02,-4.81e+01,1.59e+02,5.70e+01
-2.11e+02,-5.70e+01,1.57e+02,5.50e+01
-3.71e+02,-1.10e+02,1.56e+02,5.40e+01
-2.24e+02,-5.56e+01,1.55e+02,5.50e+01
-2.22e+02,-5.48e+01,1.58e+02,5.60e+01
-4.44e+02,-1.63e+02,1.57e+02,5.50e+01
-2.14e+02,-6.57e+01,1.56e+02,5.50e+01
-2.08e+02,-5.25e+01,1.58e+02,5.60e+01
-2.12e+02,-6.14e+01,1.57e+02,5.50e+01
-2.10e+02,-5.38e+01,1.58e+02,5.50e+01
-2.06e+02,-4.95e+01,1.56e+02,5.50e+01
-2.06e+02,-5.25e+01,1.57e+02,5.40e+01
-4.17e+02,-1.05e+02,1.56e+02,5.40e+01
-2.13e+02,-6.19e+01,1.56e+02,5.40e+01
-2.08e+02,-5.11e+01,1.58e+02,5.60e+01
-2.20e+02,-6.30e+01,1.58e+02,5.50e+01
-2.18e+02,-5.73e+01,1.57e+02,5.40e+01
-2.08e+02,-5.74e+01,1.58e+02,5.70e+01
-2.07e+02,-4.99e+01,1.56e+02,5.40e+01
-2.07e+02,-4.86e+01,1.57e+02,5.40e+01
-2.15e+02,-5.80e+01,1.59e+02,5.70e+01
-2.12e+02,-6.45e+01,1.58e+02,5.60e+01
-2.10e+02,-5.81e+01,1.58e+02,5.60e+01
-2.09e+02,-5.27e+01,1.58e+02,5.50e+01
-2.21e+02,-6.25e+01,1.57e+02,5.50e+01
-2.14e+02,-5.57e+01,1.57e+02,5.50e+01
-2.20e+02,-5.78e+01,1.58e+02,5.60e+01
-4.37e+02,-1.44e+02,1.57e+02,5.40e+01
-2.08e+02,-5.39e+01,1.57e+02,5.60e+01
