-4.54e+01,-4.33e+00,1.00e+01,1.20e+01
-4.23e+01,-2.05e+01,1.20e+01,1.20e+01
-7.27e+01,-3.80e+01,1.20e+01,1.20e+01
-4.47e+01,-1.29e+01,1.30e+01,1.20e+01
-5.58e+01,-2.61e+01,1.20e+01,1.20e+01
-6.37e+01,-2.76e+01,1.00e+01,1.20e+01
-6.60e+01,-3.10e+01,1.00e+01,1.20e+01
-5.00e+01,-1.78e+01,1.10e+01,1.20e+01
-3.81e+01,-1.04e+01,1.30e+01,1.20e+01
-5.28e+01,-3.22e+01,1.40e+01,1.20e+01
-4.96e+01,-1.62e+01,1.20e+01,1.20e+01
-4.68e+01,-1.58e+01,1.00e+01,1.20e+01
-5.33e+01,-2.83e+01,1.10e+01,1.20e+01
-6.63e+01,-2.07e+01,1.10e+01,1.20e+01
-4.58e+01,-1.67e+01,1.50e+01,1.20e+01
-8.65e+01,-4.01e+01,1.20e+01,1.20e+01
-5.59e+01,-2.22e+01,1.00e+01,1.20e+01
-6.51e+01,-1.80e+01,9.00e+00,1.20e+01
-4.07e+01,-1.54e+01,9.00e+00,1.20e+01
-7.55e+01,-4.48e+01,1.10e+01,1.20e+01
-3.47e+01,-2.61e+01,1.10e+01,1.20e+01
-4.33e+01,-2.29e+01,1.00e+01,1.20e+01
-4.52e+01,-3.61e+01,1.20e+01,1.20e+01
-7.35e+01,-2.84e+01,8.00e+00,1.20e+01
-4.49e+01,-7.53e+00,1.30e+01,1.20e+01
-6.07e+01,-2.25e+01,1.40e+01,1.20e+01
-5.12e+01,-3.28e+00,1.70e+01,1.20e+01
-4.39e+01,-1.51e+01,1.10e+01,1.20e+01
-5.33e+01,0.00e+00,1.40e+01,1.20e+01
-6.82e+01,-1.27e+01,1.20e+01,1.20e+01
-6.51e+01,-3.00e+01,1.10e+01,1.20e+01
-3.00e+01,-3.28e+00,1.40e+01,1.20e+01
-3.52e+01,-9.15e+00,1.60e+01,1.20e+01
-5.43e+01,-2.51e+01,1.40e+01,1.20e+01
-4.56e+01,-2.90e+01,1.30e+01,1.20e+01
-6.20e+01,-9.67e+00,1.40e+01,1.20e+01
-6.92e+01,-2.84e+01,1.00e+01,1.20e+01
-7.20e+01,-1.52e+01,1.40e+01,1.20e+01
-3.70e+01,-1.82e+01,1.40e+01,1.20e+01
-5.60e+01,-3.63e+01,1.40e+01,1.20e+01
-5.99e+01,-3.69e+01,1.20e+01,1.20e+01
-5.04e+01,-2.19e+01,1.00e+01,1.20e+01
-5.14e+01,-2.37e+01,1.00e+01,1.20e+01
-4.06e+01,-1.59e+01,9.00e+00,1.20e+01
-5.79e+01,-2.87e+01,1.20e+01,1.20e+01
-4.77e+01,-2.08e+01,1.50e+01,1.20e+01
-6.08e+01,-2.25e+01,1.30e+01,1.20e+01
-6.10e+01,-2.65e+01,1.20e+01,1.20e+01
-5.03e+01,-2.12e+01,1.60e+01,1.20e+01
-3.66e+01,-1.24e+01,1.40e+01,1.20e+01
-5.29e+01,-7.99e+00,1.30e+01,1.20e+01
-3.56e+01,-7.71e+00,1.20e+01,1.20e+01
-5.63e+01,-1.55e+01,1.10e+01,1.20e+01
-5.99e+01,-1.03e+01,1.40e+01,1.20e+01
-4.29e+01,-1.50e+01,1.20e+01,1.20e+01
-5.52e+01,-4.00e+01,1.50e+01,1.20e+01
-2.68e+01,-1.95e+01,1.60e+01,1.20e+01
-3.89e+01,-2.43e+01,1.30e+01,1.20e+01
-4.89e+01,-3.73e+00,1.40e+01,1.20e+01
-6.26e+01,-3.75e+01,1.10e+01,1.20e+01
-7.00e+01,-2.08e+01,1.40e+01,1.20e+01
-8.12e+01,-3.97e+01,1.70e+01,1.20e+01
-2.93e+01,0.00e+00,1.40e+01,1.20e+01
-5.62e+01,-3.74e+01,1.40e+01,1.20e+01
-5.63e+01,-2.77e+01,9.00e+00,1.20e+01
-3.22e+01,-2.24e+01,1.20e+01,1.20e+01
-7.19e+01,-4.09e+01,1.40e+01,1.20e+01
-3.78e+01,-2.48e+01,1.20e+01,1.20e+01
-4.72e+01,-1.93e+01,1.20e+01,1.20e+01
-7.55e+01,-3.82e+01,1.20e+01,1.20e+01
-3.84e+01,-1.00e+01,9.00e+00,1.20e+01
-4.82e+01,-2.31e+01,1.60e+01,1.20e+01
-3.15e+01,-1.81e+01,1.10e+01,1.20e+01
-8.33e+01,-2.45e+01,1.20e+01,1.20e+01
-5.09e+01,-1.29e+01,1.30e+01,1.20e+01
-4.70e+01,-2.54e+01,1.00e+01,1.20e+01
-3.65e+01,-3.01e+01,1.00e+01,1.20e+01
-2.71e+01,-1.88e+01,1.00e+01,1.20e+01
-4.86e+01,-1.11e+01,1.30e+01,1.20e+01
-7.77e+01,-3.32e+01,1.40e+01,1.20e+01
-6.73e+01,-1.89e+01,1.50e+01,1.20e+01
-7.64e+01,-3.25e+01,9.00e+00,1.20e+01
-5.22e+01,-2.95e+01,1.40e+01,1.20e+01
-3.95e+01,-1.26e+01,1.10e+01,1.20e+01
-5.58e+01,-4.47e+01,8.00e+00,1.20e+01
-4.87e+01,-2.81e+01,1.40e+01,1.20e+01
-5.67e+01,-1.47e+01,1.20e+01,1.20e+01
-3.22e+01,-5.93e+00,1.20e+01,1.20e+01
-4.82e+01,-2.28e+01,1.20e+01,1.20e+01
-6.80e+01,-2.44e+01,1.40e+01,1.20e+01
-3.90e+01,-1.83e+01,1.40e+01,1.20e+01
-4.54e+01,-2.67e+01,8.00e+00,1.20e+01
-6.87e+01,-3.59e+01,1.30e+01,1.20e+01
-6.20e+01,-2.54e+01,1.40e+01,1.20e+01
-4.99e+01,-2.66e+01,1.20e+01,1.20e+01
-5.68e+01,-2.55e+01,1.40e+01,1.20e+01
-3.95e+01,-1.79e+01,1.20e+01,1.20e+01
-5.55e+01,-1.36e+01,1.10e+01,1.20e+01
-6.48e+01,-2.64e+01,8.00e+00,1.20e+01
-5.28e+01,-2.75e+01,7.00e+00,1.20e+01
-4.03e+01,-5.99e+00,9.00e+00,1.20e+01
-5.32e+01,-6.25e+00,1.50e+01,1.20e+01
-4.64e+01,-3.05e+01,1.30e+01,1.20e+01
-5.96e+01,-2.63e+01,1.40e+01,1.20e+01
-6.66e+01,-2.72e+01,1.20e+01,1.20e+01
-6.77e+01,-2.45e+01,8.00e+00,1.20e+01
-5.21e+01,-2.67e+01,1.40e+01,1.20e+01
-6.84e+01,-2.56e+01,1.00e+01,1.20e+01
-4.39e+01,-2.38e+01,1.30e+01,1.20e+01
-5.79e+01,-1.20e+01,1.20e+01,1.20e+01
-4.36e+01,-1.10e+01,1.30e+01,1.20e+01
-4.74e+01,-1.01e+01,1.30e+01,1.20e+01
-6.00e+01,-2.23e+01,1.50e+01,1.20e+01
-3.78e+01,0.00e+00,1.70e+01,1.20e+01
-6.28e+01,-2.15e+01,1.10e+01,1.20e+01
-6.59e+01,-1.39e+01,1.40e+01,1.20e+01
-6.56e+01,0.00e+00,1.40e+01,1.20e+01
-4.84e+01,-7.14e-01,1.40e+01,1.20e+01
-8.54e+01,-2.94e+01,1.30e+01,1.20e+01
-6.51e+01,-3.08e+01,1.50e+01,1.20e+01
-4.82e+01,-3.60e+01,1.40e+01,1.20e+01
-9.22e+01,-2.03e+01,1.20e+01,1.20e+01
-5.32e+01,-1.78e+01,1.50e+01,1.20e+01
-5.27e+01,-1.35e+01,1.40e+01,1.20e+01
-4.15e+01,-2.42e+01,6.00e+00,1.20e+01
-4.37e+01,-1.73e+01,1.30e+01,1.20e+01
-4.76e+01,-2.26e+01,1.30e+01,1.20e+01
-6.18e+01,-6.35e+00,1.30e+01,1.20e+01
