-5.65e+00,8.52e+00,8.20e+01,2.40e+01
-1.53e+01,0.00e+00,7.40e+01,2.40e+01
1.02e+01,5.13e+01,8.00e+01,2.40e+01
5.80e+01,1.98e+02,8.40e+01,2.40e+01
-4.15e+00,1.71e+01,7.90e+01,2.40e+01
-5.65e+01,0.00e+00,8.20e+01,2.40e+01
1.64e+00,8.47e+01,7.60e+01,2.40e+01
1.92e+01,8.75e+01,7.90e+01,2.40e+01
2.07e+01,6.25e+01,7.60e+01,2.40e+01
1.12e+00,3.35e+01,8.20e+01,2.40e+01
-6.63e+00,0.00e+00,8.00e+01,2.40e+01
4.37e+00,1.97e+01,7.30e+01,2.40e+01
2.82e+01,1.02e+02,8.90e+01,2.40e+01
1.57e+01,4.99e+01,8.90e+01,2.40e+01
-2.59e+01,0.00e+00,6.70e+01,2.40e+01
-7.71e+00,3.06e+01,8.40e+01,2.40e+01
-2.85e+01,0.00e+00,7.40e+01,2.40e+01
-2.01e+01,5.28e+00,9.10e+01,2.40e+01
-1.03e+01,2.00e+01,8.80e+01,2.40e+01
2.42e+00,3.15e+01,8.10e+01,2.40e+01
-2.63e+01,0.00e+00,8.00e+01,2.40e+01
2.97e+01,6.33e+01,7.80e+01,2.40e+01
-7.62e-01,3.68e+01,8.00e+01,2.40e+01
2.73e+01,1.17e+02,7.60e+01,2.40e+01
3.43e+01,2.28e+02,8.30e+01,2.40e+01
-3.61e+00,6.75e+00,8.50e+01,2.40e+01
-1.81e+01,0.00e+00,8.10e+01,2.40e+01
-1.58e+01,0.00e+00,7.90e+01,2.40e+01
4.05e+00,3.33e+01,8.20e+01,2.40e+01
4.69e+01,1.33e+02,8.00e+01,2.40e+01
-3.68e+01,0.00e+00,8.90e+01,2.40e+01
9.60e+00,4.53e+01,8.30e+01,2.40e+01
3.70e+01,1.05e+02,8.90e+01,2.40e+01
-2.10e+01,8.61e+00,7.80e+01,2.40e+01
1.90e+01,5.16e+01,7.60e+01,2.40e+01
-1.46e-01,1.88e+01,7.80e+01,2.40e+01
-2.81e+01,0.00e+00,7.60e+01,2.40e+01
2.28e+01,1.63e+02,6.20e+01,2.40e+01
-2.82e+01,0.00e+00,8.40e+01,2.40e+01
1.12e+01,3.63e+01,8.20e+01,2.40e+01
1.76e+01,6.06e+01,6.70e+01,2.40e+01
-2.53e+01,0.00e+00,7.80e+01,2.40e+01
2.39e+01,9.73e+01,7.20e+01,2.40e+01
-2.26e+01,0.00e+00,7.90e+01,2.40e+01
3.99e+01,1.05e+02,7.90e+01,2.40e+01
-1.84e+01,3.23e+01,7.90e+01,2.40e+01
3.79e+01,1.06e+02,7.90e+01,2.40e+01
2.95e+01,1.17e+02,8.40e+01,2.40e+01
-4.17e+01,0.00e+00,8.60e+01,2.40e+01
1.62e+01,5.80e+01,8.00e+01,2.40e+01
-3.12e+01,3.65e-01,8.90e+01,2.40e+01
5.57e+00,4.98e+01,7.60e+01,2.40e+01
1.67e+01,6.40e+01,8.30e+01,2.40e+01
3.94e+01,1.70e+02,7.20e+01,2.40e+01
6.60e+00,7.01e+01,7.80e+01,2.40e+01
9.73e+00,3.31e+01,7.40e+01,2.40e+01
4.16e+01,9.66e+01,7.50e+01,2.40e+01
3.86e+00,3.74e+01,7.40e+01,2.40e+01
-1.78e+01,0.00e+00,8.30e+01,2.40e+01
-5.54e+00,6.44e+00,6.60e+01,2.40e+01
4.30e+00,2.56e+01,8.70e+01,2.40e+01
-3.24e+01,0.00e+00,7.70e+01,2.40e+01
-2.13e+01,0.00e+00,8.20e+01,2.40e+01
-6.09e+00,3.40e+01,6.80e+01,2.40e+01
-1.44e+01,0.00e+00,7.00e+01,2.40e+01
-5.21e+01,0.00e+00,7.60e+01,2.40e+01
-2.27e+01,0.00e+00,7.30e+01,2.40e+01
-5.48e+00,1.23e+01,7.70e+01,2.40e+01
-3.02e+01,0.00e+00,7.70e+01,2.40e+01
-9.36e+00,0.00e+00,6.90e+01,2.40e+01
4.55e+01,9.42e+01,8.10e+01,2.40e+01
2.37e+01,6.13e+01,8.00e+01,2.40e+01
-2.92e+01,1.65e+00,9.10e+01,2.40e+01
-6.24e-01,1.70e+01,7.70e+01,2.40e+01
-1.74e+01,8.22e+00,7.10e+01,2.40e+01
-1.62e+01,0.00e+00,7.00e+01,2.40e+01
-5.44e+00,5.14e+01,7.90e+01,2.40e+01
-2.19e+01,1.53e+01,7.50e+01,2.40e+01
-2.35e+01,0.00e+00,7.40e+01,2.40e+01
2.01e+01,4.79e+01,7.30e+01,2.40e+01
3.14e+01,7.64e+01,7.80e+01,2.40e+01
-2.68e+01,0.00e+00,8.30e+01,2.40e+01
-1.84e+01,0.00e+00,7.00e+01,2.40e+01
9.22e+00,3.01e+01,7.10e+01,2.40e+01
-1.95e+01,5.16e+00,7.40e+01,2.40e+01
-1.07e+01,0.00e+00,8.60e+01,2.40e+01
9.47e+00,2.59e+01,8.40e+01,2.40e+01
1.92e+00,5.76e+01,7.30e+01,2.40e+01
1.22e+01,7.40e+01,8.50e+01,2.40e+01
-2.12e+01,0.00e+00,7.70e+01,2.40e+01
1.28e+01,4.81e+01,8.10e+01,2.40e+01
-8.44e+00,0.00e+00,7.90e+01,2.40e+01
-2.93e+01,0.00e+00,7.50e+01,2.40e+01
1.86e+01,7.32e+01,8.10e+01,2.40e+01
-2.37e+00,1.03e+02,7.50e+01,2.40e+01
1.11e+01,6.47e+01,7.40e+01,2.40e+01
7.13e+00,3.47e+01,7.90e+01,2.40e+01
-7.63e+00,0.00e+00,7.50e+01,2.40e+01
2.96e+01,9.84e+01,8.00e+01,2.40e+01
-1.54e+01,0.00e+00,8.40e+01,2.40e+01
1.22e+01,7.12e+01,8.50e+01,2.40e+01
2.92e+01,6.05e+01,7.30e+01,2.40e+01
-1.74e+01,1.68e+01,7.60e+01,2.40e+01
3.59e+01,9.26e+01,7.20e+01,2.40e+01
-3.21e+01,1.55e+01,9.30e+01,2.40e+01
-3.16e+01,6.77e-02,6.70e+01,2.40e+01
3.79e+01,1.27e+02,8.00e+01,2.40e+01
-1.76e+01,0.00e+00,7.10e+01,2.40e+01
-2.43e+01,2.52e+01,8.30e+01,2.40e+01
1.46e+01,4.07e+01,7.90e+01,2.40e+01
1.87e+01,6.14e+01,7.10e+01,2.40e+01
-1.96e+01,2.37e+00,7.40e+01,2.40e+01
-2.43e+01,0.00e+00,7.60e+01,2.40e+01
-3.44e+00,1.88e+01,8.80e+01,2.40e+01
-3.26e+01,0.00e+00,8.40e+01,2.40e+01
-1.16e+01,2.82e+01,7.70e+01,2.40e+01
1.66e+01,4.16e+01,7.30e+01,2.40e+01
1.67e+01,5.06e+01,7.00e+01,2.40e+01
7.09e+00,1.24e+02,7.80e+01,2.40e+01
-4.13e+01,0.00e+00,7.10e+01,2.40e+01
-1.31e+01,0.00e+00,8.20e+01,2.40e+01
-3.29e+01,0.00e+00,8.20e+01,2.40e+01
2.12e+01,1.15e+02,6.80e+01,2.40e+01
-1.36e+01,6.42e+01,7.90e+01,2.40e+01
-2.92e+01,0.00e+00,7.00e+01,2.40e+01
-1.91e+01,0.00e+00,8.30e+01,2.40e+01
-1.43e+01,6.52e+01,7.60e+01,2.40e+01
-2.37e+01,0.00e+00,8.60e+01,2.40e+01
