1.22e+02,3.14e+02,1.17e+02,6.60e+01
1.16e+02,3.29e+02,1.20e+02,6.70e+01
1.56e+02,3.12e+02,1.19e+02,6.70e+01
1.22e+02,3.28e+02,1.19e+02,6.70e+01
1.53e+02,4.46e+02,1.21e+02,6.80e+01
8.45e+01,1.90e+02,1.17e+02,6.60e+01
1.49e+02,4.20e+02,1.17e+02,6.60e+01
1.15e+02,3.17e+02,1.20e+02,6.70e+01
1.00e+02,1.62e+02,1.18e+02,6.60e+01
1.30e+02,3.59e+02,1.18e+02,6.70e+01
1.47e+02,3.96e+02,1.17e+02,6.60e+01
1.37e+02,5.13e+02,1.17e+02,6.60e+01
1.13e+02,2.58e+02,1.14e+02,6.40e+01
1.39e+02,4.93e+02,1.17e+02,6.60e+01
1.56e+02,2.53e+02,1.21e+02,6.80e+01
9.88e+01,2.02e+02,1.18e+02,6.60e+01
2.03e+02,5.09e+02,1.17e+02,6.60e+01
9.36e+01,2.48e+02,1.17e+02,6.60e+01
1.54e+02,3.07e+02,1.15e+02,6.60e+01
1.38e+02,4.28e+02,1.20e+02,6.80e+01
1.22e+02,5.03e+02,1.17e+02,6.60e+01
1.33e+02,2.34e+02,1.22e+02,6.80e+01
1.43e+02,4.31e+02,1.18e+02,6.60e+01
1.49e+02,4.43e+02,1.20e+02,6.70e+01
1.42e+02,4.01e+02,1.17e+02,6.60e+01
1.34e+02,4.29e+02,1.20e+02,6.70e+01
5.18e+01,9.90e+01,1.21e+02,6.70e+01
1.19e+02,2.10e+02,1.21e+02,6.70e+01
1.51e+02,2.65e+02,1.22e+02,6.80e+01
7.89e+01,1.97e+02,1.19e+02,6.70e+01
1.55e+02,4.25e+02,1.20e+02,6.70e+01
1.48e+02,2.93e+02,1.18e+02,6.60e+01
1.01e+02,2.81e+02,1.21e+02,6.70e+01
1.35e+02,3.18e+02,1.19e+02,6.70e+01
1.07e+02,1.83e+02,1.20e+02,6.70e+01
1.68e+02,3.35e+02,1.22e+02,6.80e+01
1.03e+02,2.67e+02,1.17e+02,6.60e+01
8.62e+01,2.63e+02,1.20e+02,6.70e+01
1.50e+02,3.10e+02,1.23e+02,6.90e+01
1.15e+02,2.99e+02,1.21e+02,6.80e+01
8.94e+01,2.85e+02,1.20e+02,6.70e+01
1.33e+02,2.30e+02,1.19e+02,6.70e+01
1.25e+02,4.10e+02,1.20e+02,6.70e+01
8.56e+01,2.38e+02,1.17e+02,6.60e+01
1.77e+02,4.59e+02,1.22e+02,6.80e+01
1.35e+02,3.39e+02,1.19e+02,6.70e+01
1.33e+02,2.55e+02,1.19e+02,6.60e+01
1.14e+02,2.78e+02,1.20e+02,6.70e+01
1.48e+02,4.84e+02,1.22e+02,6.80e+01
1.30e+02,3.22e+02,1.19e+02,6.70e+01
1.53e+02,2.78e+02,1.21e+02,6.80e+01
1.50e+02,2.89e+02,1.17e+02,6.60e+01
1.12e+02,4.73e+02,1.22e+02,6.80e+01
1.78e+02,3.02e+02,1.17e+02,6.60e+01
1.71e+02,3.70e+02,1.21e+02,6.80e+01
1.51e+02,4.37e+02,1.19e+02,6.70e+01
1.21e+02,2.98e+02,1.17e+02,6.60e+01
1.56e+02,2.73e+02,1.20e+02,6.70e+01
1.28e+02,3.59e+02,1.17e+02,6.60e+01
1.08e+02,3.03e+02,1.18e+02,6.60e+01
9.60e+01,2.09e+02,1.21e+02,6.80e+01
1.59e+02,2.62e+02,1.18e+02,6.60e+01
1.11e+02,2.86e+02,1.17e+02,6.60e+01
1.75e+02,3.84e+02,1.20e+02,6.70e+01
1.27e+02,3.10e+02,1.20e+02,6.70e+01
1.39e+02,2.47e+02,1.17e+02,6.60e+01
6.43e+01,1.48e+02,1.22e+02,6.80e+01
1.71e+02,3.49e+02,1.21e+02,6.70e+01
9.07e+01,2.37e+02,1.23e+02,6.90e+01
1.10e+02,2.59e+02,1.17e+02,6.60e+01
1.79e+02,3.72e+02,1.19e+02,6.70e+01
1.49e+02,4.20e+02,1.17e+02,6.60e+01
1.30e+02,4.27e+02,1.20e+02,6.70e+01
1.80e+02,5.20e+02,1.17e+02,6.60e+01
1.18e+02,3.38e+02,1.19e+02,6.70e+01
1.57e+02,3.66e+02,1.19e+02,6.70e+01
1.70e+02,3.62e+02,1.21e+02,6.70e+01
8.61e+01,1.63e+02,1.22e+02,6.80e+01
1.17e+02,3.24e+02,1.19e+02,6.70e+01
1.45e+02,2.70e+02,1.19e+02,6.70e+01
1.26e+02,2.50e+02,1.21e+02,6.80e+01
1.31e+02,4.28e+02,1.19e+02,6.70e+01
1.32e+02,2.54e+02,1.17e+02,6.60e+01
1.77e+02,3.07e+02,1.20e+02,6.70e+01
2.06e+02,4.26e+02,1.20e+02,6.70e+01
1.35e+02,3.56e+02,1.20e+02,6.70e+01
1.08e+02,2.57e+02,1.22e+02,6.80e+01
1.30e+02,3.37e+02,1.19e+02,6.70e+01
1.46e+02,2.86e+02,1.17e+02,6.60e+01
1.53e+02,4.24e+02,1.20e+02,6.70e+01
1.47e+02,3.34e+02,1.18e+02,6.70e+01
1.67e+02,4.71e+02,1.20e+02,6.70e+01
1.34e+02,2.92e+02,1.17e+02,6.60e+01
1.49e+02,4.66e+02,1.18e+02,6.60e+01
1.28e+02,4.51e+02,1.17e+02,6.60e+01
1.68e+02,3.33e+02,1.21e+02,6.80e+01
2.21e+02,4.28e+02,1.19e+02,6.60e+01
1.25e+02,3.06e+02,1.17e+02,6.60e+01
1.29e+02,2.77e+02,1.17e+02,6.60e+01
1.10e+02,3.31e+02,1.17e+02,6.60e+01
1.46e+02,2.45e+02,1.20e+02,6.70e+01
1.57e+02,3.97e+02,1.19e+02,6.70e+01
1.76e+02,5.36e+02,1.20e+02,6.70e+01
1.31e+02,2.62e+02,1.23e+02,6.90e+01
1.39e+02,2.41e+02,1.22e+02,6.80e+01
1.13e+02,1.98e+02,1.19e+02,6.70e+01
1.49e+02,4.58e+02,1.18e+02,6.60e+01
1.38e+02,3.56e+02,1.17e+02,6.60e+01
1.86e+02,4.44e+02,1.21e+02,6.80e+01
1.16e+02,3.16e+02,1.20e+02,6.70e+01
1.22e+02,2.75e+02,1.20e+02,6.70e+01
1.57e+02,3.26e+02,1.17e+02,6.60e+01
1.66e+02,3.19e+02,1.17e+02,6.60e+01
1.40e+02,4.44e+02,1.21e+02,6.80e+01
1.50e+02,4.22e+02,1.19e+02,6.70e+01
1.35e+02,2.63e+02,1.21e+02,6.80e+01
1.40e+02,2.38e+02,1.20e+02,6.80e+01
1.28e+02,2.83e+02,1.17e+02,6.60e+01
1.14e+02,3.13e+02,1.17e+02,6.60e+01
6.95e+01,1.62e+02,1.20e+02,6.80e+01
1.10e+02,3.51e+02,1.21e+02,6.70e+01
1.69e+02,4.26e+02,1.21e+02,6.80e+01
8.20e+01,2.88e+02,1.19e+02,6.70e+01
1.44e+02,2.53e+02,1.19e+02,6.70e+01
1.61e+02,4.38e+02,1.20e+02,6.70e+01
7.49e+01,1.84e+02,1.17e+02,6.60e+01
1.78e+02,5.15e+02,1.19e+02,6.70e+01
1.06e+02,2.31e+02,1.20e+02,6.70e+01
