1.57e+02,3.64e+02,1.63e+02,8.60e+01
1.01e+02,2.84e+02,1.62e+02,8.60e+01
1.94e+02,3.49e+02,1.62e+02,8.60e+01
1.09e+02,2.76e+02,1.58e+02,8.50e+01
1.26e+02,3.19e+02,1.62e+02,8.60e+01
1.56e+02,4.09e+02,1.64e+02,8.70e+01
1.58e+02,5.24e+02,1.62e+02,8.60e+01
1.18e+02,2.78e+02,1.58e+02,8.50e+01
1.41e+02,2.62e+02,1.60e+02,8.50e+01
1.28e+02,3.29e+02,1.58e+02,8.50e+01
1.34e+02,3.19e+02,1.63e+02,8.70e+01
1.60e+02,3.82e+02,1.62e+02,8.60e+01
1.64e+02,4.19e+02,1.62e+02,8.60e+01
1.56e+02,5.21e+02,1.63e+02,8.60e+01
1.39e+02,2.53e+02,1.63e+02,8.60e+01
1.19e+02,2.53e+02,1.62e+02,8.60e+01
8.93e+01,2.26e+02,1.58e+02,8.50e+01
1.07e+02,4.46e+02,1.59e+02,8.50e+01
1.32e+02,3.32e+02,1.62e+02,8.60e+01
1.10e+02,1.87e+02,1.59e+02,8.50e+01
1.94e+02,5.22e+02,1.61e+02,8.50e+01
1.09e+02,2.05e+02,1.62e+02,8.60e+01
1.24e+02,3.58e+02,1.64e+02,8.70e+01
1.52e+02,2.63e+02,1.65e+02,8.70e+01
1.24e+02,4.19e+02,1.63e+02,8.60e+01
1.22e+02,2.37e+02,1.63e+02,8.60e+01
1.05e+02,1.86e+02,1.64e+02,8.60e+01
1.91e+02,3.46e+02,1.65e+02,8.70e+01
1.35e+02,2.68e+02,1.63e+02,8.60e+01
1.58e+02,2.64e+02,1.59e+02,8.50e+01
1.39e+02,3.85e+02,1.62e+02,8.60e+01
1.24e+02,3.10e+02,1.63e+02,8.60e+01
1.41e+02,2.64e+02,1.62e+02,8.60e+01
1.13e+02,3.05e+02,1.63e+02,8.60e+01
1.07e+02,3.58e+02,1.62e+02,8.60e+01
1.57e+02,4.33e+02,1.64e+02,8.70e+01
1.15e+02,2.87e+02,1.60e+02,8.60e+01
1.22e+02,2.97e+02,1.62e+02,8.60e+01
1.74e+02,2.94e+02,1.64e+02,8.70e+01
1.41e+02,3.17e+02,1.64e+02,8.70e+01
1.10e+02,2.23e+02,1.64e+02,8.70e+01
1.94e+02,3.98e+02,1.63e+02,8.60e+01
1.33e+02,2.61e+02,1.64e+02,8.70e+01
1.44e+02,4.04e+02,1.59e+02,8.50e+01
1.66e+02,4.75e+02,1.65e+02,8.70e+01
1.04e+02,2.56e+02,1.60e+02,8.60e+01
1.25e+02,2.66e+02,1.63e+02,8.60e+01
1.34e+02,3.54e+02,1.60e+02,8.60e+01
1.16e+02,2.35e+02,1.60e+02,8.60e+01
1.74e+02,3.10e+02,1.64e+02,8.60e+01
1.62e+02,3.86e+02,1.63e+02,8.60e+01
7.58e+01,2.29e+02,1.64e+02,8.70e+01
1.52e+02,3.18e+02,1.66e+02,8.80e+01
9.95e+01,2.35e+02,1.64e+02,8.60e+01
1.22e+02,3.16e+02,1.59e+02,8.50e+01
1.46e+02,2.44e+02,1.58e+02,8.50e+01
1.51e+02,3.69e+02,1.62e+02,8.60e+01
1.15e+02,2.47e+02,1.62e+02,8.60e+01
1.05e+02,2.24e+02,1.62e+02,8.60e+01
9.09e+01,3.02e+02,1.64e+02,8.60e+01
8.63e+01,2.06e+02,1.63e+02,8.60e+01
1.37e+02,3.93e+02,1.64e+02,8.70e+01
1.33e+02,3.08e+02,1.63e+02,8.60e+01
1.35e+02,2.98e+02,1.63e+02,8.60e+01
8.16e+01,1.29e+02,1.62e+02,8.60e+01
1.52e+02,4.13e+02,1.63e+02,8.60e+01
1.55e+02,4.24e+02,1.64e+02,8.70e+01
1.55e+02,3.71e+02,1.62e+02,8.60e+01
1.40e+02,3.13e+02,1.62e+02,8.60e+01
1.11e+02,2.84e+02,1.63e+02,8.60e+01
1.98e+02,4.69e+02,1.64e+02,8.70e+01
1.37e+02,4.61e+02,1.62e+02,8.60e+01
1.60e+02,3.76e+02,1.60e+02,8.60e+01
1.02e+02,1.75e+02,1.62e+02,8.60e+01
1.12e+02,2.51e+02,1.65e+02,8.70e+01
1.37e+02,3.17e+02,1.58e+02,8.50e+01
1.04e+02,2.35e+02,1.62e+02,8.60e+01
1.56e+02,3.77e+02,1.58e+02,8.50e+01
1.44e+02,2.95e+02,1.63e+02,8.60e+01
2.01e+02,5.09e+02,1.65e+02,8.70e+01
1.35e+02,2.66e+02,1.63e+02,8.60e+01
1.37e+02,2.98e+02,1.60e+02,8.60e+01
1.11e+02,2.67e+02,1.59e+02,8.50e+01
1.06e+02,2.24e+02,1.62e+02,8.60e+01
1.54e+02,4.04e+02,1.65e+02,8.70e+01
4.32e+01,1.24e+02,1.62e+02,8.60e+01
1.18e+02,3.24e+02,1.62e+02,8.60e+01
1.49e+02,5.04e+02,1.62e+02,8.60e+01
1.05e+02,2.74e+02,1.64e+02,8.70e+01
7.96e+01,2.30e+02,1.64e+02,8.60e+01
1.17e+02,3.47e+02,1.63e+02,8.60e+01
1.13e+02,3.46e+02,1.58e+02,8.50e+01
1.76e+02,3.90e+02,1.60e+02,8.60e+01
1.68e+02,3.38e+02,1.63e+02,8.60e+01
1.20e+02,3.73e+02,1.65e+02,8.70e+01
1.41e+02,3.34e+02,1.62e+02,8.60e+01
1.84e+02,3.99e+02,1.64e+02,8.70e+01
1.36e+02,3.38e+02,1.63e+02,8.60e+01
1.73e+02,4.67e+02,1.65e+02,8.70e+01
9.11e+01,2.70e+02,1.63e+02,8.60e+01
1.55e+02,3.14e+02,1.63e+02,8.60e+01
2.14e+02,4.68e+02,1.64e+02,8.70e+01
1.33e+02,2.59e+02,1.62e+02,8.60e+01
1.13e+02,2.48e+02,1.63e+02,8.60e+01
1.43e+02,4.17e+02,1.62e+02,8.60e+01
1.16e+02,1.95e+02,1.63e+02,8.60e+01
9.10e+01,3.28e+02,1.63e+02,8.60e+01
9.82e+01,1.86e+02,1.62e+02,8.60e+01
1.38e+02,2.56e+02,1.64e+02,8.60e+01
2.10e+02,5.49e+02,1.64e+02,8.70e+01
1.25e+02,2.05e+02,1.58e+02,8.50e+01
1.67e+02,3.10e+02,1.64e+02,8.70e+01
1.30e+02,1.94e+02,1.62e+02,8.60e+01
1.02e+02,2.27e+02,1.63e+02,8.70e+01
9.20e+01,1.40e+02,1.64e+02,8.70e+01
-2.97e+01,9.85e+01,1.59e+02,8.60e+01
1.27e+02,2.57e+02,1.63e+02,8.60e+01
1.68e+02,2.72e+02,1.63e+02,8.60e+01
1.27e+02,2.51e+02,1.60e+02,8.50e+01
1.18e+02,2.88e+02,1.65e+02,8.70e+01
9.29e+01,1.91e+02,1.63e+02,8.60e+01
1.37e+02,4.20e+02,1.62e+02,8.60e+01
7.93e+01,2.88e+02,1.64e+02,8.70e+01
3.22e+01,1.61e+02,1.62e+02,8.60e+01
9.77e+01,2.42e+02,1.62e+02,8.60e+01
1.71e+02,3.26e+02,1.58e+02,8.50e+01
1.20e+02,2.24e+02,1.64e+02,8.70e+01
1.18e+02,2.28e+02,1.64e+02,8.60e+01
