-1.85e+02,-6.89e+01,2.20e+01,1.20e+01
-1.85e+02,-6.89e+01,2.20e+01,1.20e+01
-1.86e+02,-1.01e+02,2.10e+01,1.20e+01
-1.85e+02,-6.89e+01,2.20e+01,1.20e+01
-1.85e+02,-6.89e+01,2.30e+01,1.30e+01
-1.88e+02,-8.39e+01,2.10e+01,1.20e+01
-1.88e+02,-8.39e+01,2.10e+01,1.20e+01
-1.87e+02,-1.01e+02,2.20e+01,1.20e+01
-1.87e+02,-1.01e+02,2.20e+01,1.20e+01
-1.88e+02,-8.39e+01,2.10e+01,1.20e+01
-1.85e+02,-6.89e+01,2.40e+01,1.30e+01
-1.88e+02,-9.20e+01,2.10e+01,1.20e+01
-1.87e+02,-7.34e+01,2.30e+01,1.20e+01
-1.88e+02,-6.89e+01,2.10e+01,1.20e+01
-1.88e+02,-6.89e+01,2.10e+01,1.20e+01
-1.88e+02,-9.20e+01,2.20e+01,1.20e+01
-1.88e+02,-9.20e+01,2.20e+01,1.20e+01
-1.91e+02,-8.11e+01,2.10e+01,1.20e+01
-1.88e+02,-6.89e+01,2.30e+01,1.30e+01
-3.07e+02,-6.55e+01,2.10e+01,1.20e+01
-2.65e+02,-1.10e+02,2.20e+01,1.20e+01
-2.94e+02,-1.10e+02,2.30e+01,1.20e+01
-2.78e+02,-1.09e+02,2.10e+01,1.20e+01
-2.09e+02,-7.50e+01,2.30e+01,1.30e+01
-2.82e+02,-1.10e+02,2.30e+01,1.30e+01
-3.96e+02,-1.59e+02,2.20e+01,1.20e+01
-5.00e+02,-4.99e+02,2.20e+01,1.20e+01
-3.96e+02,-1.59e+02,2.20e+01,1.20e+01
-3.48e+02,-8.64e+01,2.20e+01,1.20e+01
-2.55e+02,-8.76e+01,2.10e+01,1.20e+01
-3.26e+02,-1.41e+02,2.20e+01,1.30e+01
-2.86e+02,-8.76e+01,2.40e+01,1.30e+01
-3.59e+02,-9.88e+01,2.20e+01,1.20e+01
-2.73e+02,-9.02e+01,2.30e+01,1.20e+01
-2.86e+02,-8.76e+01,2.20e+01,1.20e+01
-3.43e+02,-1.26e+02,2.10e+01,1.20e+01
-1.85e+02,-6.89e+01,2.40e+01,1.30e+01
-3.25e+02,-1.30e+02,2.10e+01,1.20e+01
-3.35e+02,-1.04e+02,2.20e+01,1.20e+01
-3.52e+02,-9.66e+01,2.30e+01,1.20e+01
-3.01e+02,-1.22e+02,2.10e+01,1.20e+01
-2.78e+02,-1.09e+02,2.20e+01,1.20e+01
-2.77e+02,-1.10e+02,2.30e+01,1.30e+01
-2.05e+02,-7.50e+01,2.30e+01,1.20e+01
-2.81e+02,-1.10e+02,2.20e+01,1.30e+01
-1.97e+02,-1.01e+02,2.30e+01,1.30e+01
-3.59e+02,-1.10e+02,2.30e+01,1.20e+01
-3.08e+02,-9.62e+01,2.20e+01,1.20e+01
-2.04e+02,-1.04e+02,2.10e+01,1.20e+01
-2.57e+02,-8.41e+01,2.20e+01,1.20e+01
-2.12e+02,-1.04e+02,2.20e+01,1.20e+01
-3.52e+02,-9.66e+01,2.30e+01,1.20e+01
-3.52e+02,-9.66e+01,2.30e+01,1.20e+01
-1.88e+02,-9.20e+01,2.10e+01,1.20e+01
-2.32e+02,-6.55e+01,2.20e+01,1.20e+01
-4.48e+02,-3.35e+02,2.30e+01,1.20e+01
-2.60e+02,-9.50e+01,2.20e+01,1.20e+01
-1.98e+02,-6.89e+01,2.30e+01,1.30e+01
-2.02e+02,-7.93e+01,2.20e+01,1.20e+01
-3.10e+02,-8.20e+01,2.20e+01,1.20e+01
-2.03e+02,-8.39e+01,2.10e+01,1.20e+01
-3.19e+02,-6.46e+01,2.30e+01,1.20e+01
-3.52e+02,-9.66e+01,2.30e+01,1.20e+01
-4.71e+02,-3.29e+02,2.20e+01,1.20e+01
-3.10e+02,-8.20e+01,2.20e+01,1.20e+01
-1.85e+02,-6.89e+01,2.30e+01,1.30e+01
-1.92e+02,-8.39e+01,2.30e+01,1.30e+01
-4.40e+02,-1.39e+02,2.20e+01,1.20e+01
-2.88e+02,-1.10e+02,2.20e+01,1.20e+01
-1.88e+02,-9.20e+01,2.10e+01,1.20e+01
-1.88e+02,-6.89e+01,2.30e+01,1.30e+01
-3.59e+02,-1.10e+02,2.30e+01,1.20e+01
-5.00e+02,-4.99e+02,2.20e+01,1.20e+01
-3.96e+02,-1.59e+02,2.20e+01,1.20e+01
-5.00e+02,-4.99e+02,2.20e+01,1.20e+01
-2.84e+02,-8.78e+01,2.30e+01,1.30e+01
-2.53e+02,-8.50e+01,2.20e+01,1.20e+01
-2.12e+02,-8.39e+01,2.10e+01,1.20e+01
-2.84e+02,-6.46e+01,2.40e+01,1.30e+01
-2.16e+02,-7.50e+01,2.10e+01,1.20e+01
-3.73e+02,-9.02e+01,2.20e+01,1.20e+01
-2.68e+02,-1.10e+02,2.20e+01,1.20e+01
-2.33e+02,-6.21e+01,2.30e+01,1.20e+01
-3.59e+02,-1.10e+02,2.30e+01,1.20e+01
-1.89e+02,-7.50e+01,2.30e+01,1.30e+01
-3.33e+02,-1.01e+02,2.20e+01,1.20e+01
-1.89e+02,-7.50e+01,2.30e+01,1.30e+01
-2.32e+02,-1.10e+02,2.20e+01,1.20e+01
-3.20e+02,-1.24e+02,2.20e+01,1.30e+01
-1.85e+02,-6.89e+01,2.20e+01,1.20e+01
-3.55e+02,-9.74e+01,2.30e+01,1.30e+01
-2.22e+02,-7.50e+01,2.30e+01,1.30e+01
-1.94e+02,-9.87e+01,2.10e+01,1.20e+01
-5.00e+02,-5.00e+02,2.10e+01,1.20e+01
-2.29e+02,-1.01e+02,2.20e+01,1.30e+01
-1.91e+02,-9.20e+01,2.20e+01,1.20e+01
