1.06e+03,1.26e+03,6.20e+01,3.20e+01
1.13e+03,1.30e+03,5.80e+01,2.80e+01
1.06e+03,1.40e+03,5.60e+01,2.70e+01
9.67e+02,1.23e+03,6.90e+01,3.50e+01
1.17e+03,1.47e+03,5.60e+01,2.70e+01
1.08e+03,1.16e+03,6.10e+01,3.00e+01
9.80e+02,1.26e+03,5.90e+01,2.80e+01
1.01e+03,1.24e+03,5.50e+01,2.70e+01
1.08e+03,1.37e+03,5.80e+01,3.10e+01
1.07e+03,1.30e+03,5.90e+01,2.80e+01
1.18e+03,1.47e+03,6.10e+01,3.20e+01
1.06e+03,1.40e+03,5.50e+01,2.70e+01
1.20e+03,1.30e+03,6.00e+01,2.90e+01
9.84e+02,1.33e+03,6.10e+01,3.10e+01
1.17e+03,1.28e+03,5.70e+01,2.80e+01
1.19e+03,1.31e+03,5.80e+01,2.80e+01
1.13e+03,1.31e+03,5.90e+01,2.70e+01
1.16e+03,1.39e+03,5.90e+01,2.80e+01
1.05e+03,1.32e+03,6.00e+01,3.20e+01
1.00e+03,1.29e+03,6.90e+01,3.40e+01
1.11e+03,1.38e+03,6.90e+01,3.50e+01
1.07e+03,1.23e+03,5.80e+01,2.80e+01
1.05e+03,1.22e+03,5.90e+01,2.80e+01
9.58e+02,1.12e+03,5.80e+01,2.80e+01
1.10e+03,1.30e+03,6.90e+01,3.50e+01
1.19e+03,1.44e+03,5.90e+01,2.70e+01
1.11e+03,1.33e+03,6.20e+01,3.20e+01
6.61e+01,8.24e+01,5.60e+01,2.70e+01
1.01e+03,1.27e+03,5.90e+01,2.80e+01
1.00e+03,1.20e+03,6.30e+01,3.20e+01
1.07e+03,1.28e+03,6.80e+01,3.50e+01
1.17e+03,1.33e+03,6.80e+01,3.40e+01
1.14e+03,1.31e+03,5.90e+01,3.20e+01
1.12e+03,1.42e+03,6.90e+01,3.50e+01
1.15e+03,1.40e+03,7.10e+01,3.50e+01
9.45e+02,1.08e+03,6.50e+01,3.40e+01
9.88e+01,7.57e+02,5.50e+01,2.70e+01
1.13e+03,1.39e+03,6.20e+01,3.00e+01
1.11e+03,1.39e+03,6.90e+01,3.40e+01
1.08e+03,1.33e+03,5.90e+01,2.80e+01
1.06e+03,1.28e+03,7.00e+01,3.60e+01
9.47e+02,1.33e+03,6.90e+01,3.50e+01
1.12e+03,1.29e+03,6.20e+01,3.20e+01
2.34e+02,1.35e+03,5.80e+01,3.10e+01
1.21e+03,1.39e+03,5.60e+01,2.70e+01
1.12e+03,1.34e+03,6.30e+01,3.30e+01
4.02e+01,4.76e+01,5.50e+01,2.70e+01
1.15e+03,1.33e+03,5.60e+01,2.70e+01
8.77e+02,1.26e+03,5.60e+01,2.70e+01
1.20e+03,1.42e+03,7.00e+01,3.60e+01
1.19e+03,1.46e+03,6.00e+01,2.80e+01
1.07e+03,1.35e+03,7.20e+01,3.60e+01
1.21e+03,1.38e+03,7.00e+01,3.60e+01
1.08e+03,1.39e+03,5.90e+01,3.10e+01
1.12e+03,1.42e+03,5.80e+01,3.10e+01
1.06e+03,1.19e+03,6.10e+01,2.90e+01
1.10e+03,1.36e+03,5.70e+01,2.80e+01
1.20e+03,1.29e+03,5.90e+01,2.80e+01
1.17e+03,1.48e+03,5.80e+01,2.80e+01
1.07e+03,1.39e+03,7.00e+01,3.50e+01
1.01e+03,1.35e+03,5.50e+01,2.70e+01
1.03e+03,1.38e+03,5.80e+01,2.80e+01
2.34e+02,2.78e+02,5.70e+01,2.90e+01
9.90e+02,1.27e+03,5.90e+01,2.80e+01
8.85e+02,1.37e+03,6.90e+01,3.40e+01
1.05e+03,1.26e+03,5.60e+01,2.70e+01
1.08e+03,1.43e+03,7.10e+01,3.60e+01
1.13e+03,1.29e+03,5.90e+01,2.80e+01
1.05e+03,1.22e+03,5.90e+01,2.90e+01
9.64e+02,1.17e+03,6.90e+01,3.60e+01
1.08e+03,1.29e+03,6.50e+01,3.40e+01
9.71e+02,1.27e+03,6.30e+01,3.30e+01
1.06e+03,1.33e+03,5.60e+01,2.70e+01
1.11e+03,1.37e+03,6.70e+01,3.40e+01
1.12e+03,1.34e+03,5.70e+01,2.80e+01
2.84e+02,3.47e+02,5.60e+01,2.70e+01
1.13e+03,1.32e+03,5.50e+01,2.70e+01
1.13e+03,1.51e+03,5.90e+01,2.80e+01
1.10e+03,1.34e+03,5.60e+01,2.70e+01
1.08e+03,1.36e+03,7.00e+01,3.60e+01
5.33e+02,9.71e+02,6.30e+01,3.30e+01
9.77e+02,1.31e+03,5.50e+01,2.70e+01
4.22e+02,1.07e+03,5.90e+01,2.80e+01
9.33e+02,1.22e+03,5.80e+01,2.90e+01
8.20e+02,1.04e+03,6.20e+01,3.20e+01
8.25e+02,1.23e+03,5.90e+01,2.70e+01
1.07e+03,1.48e+03,5.50e+01,2.70e+01
1.06e+03,1.37e+03,5.60e+01,2.70e+01
1.08e+03,1.31e+03,5.70e+01,3.10e+01
1.17e+03,1.40e+03,5.90e+01,2.80e+01
1.07e+03,1.39e+03,7.00e+01,3.40e+01
1.08e+03,1.31e+03,6.40e+01,3.30e+01
1.17e+03,1.45e+03,5.60e+01,2.70e+01
1.07e+03,1.31e+03,5.90e+01,2.80e+01
1.07e+03,1.33e+03,6.50e+01,3.40e+01
1.23e+02,1.60e+02,6.30e+01,3.20e+01
1.09e+03,1.27e+03,6.00e+01,2.90e+01
1.17e+03,1.49e+03,6.00e+01,2.70e+01
1.14e+03,1.32e+03,6.10e+01,3.10e+01
6.02e+01,6.57e+01,5.60e+01,2.70e+01
1.08e+03,1.21e+03,7.00e+01,3.60e+01
1.08e+03,1.30e+03,5.60e+01,2.70e+01
-5.28e+01,-1.54e+01,5.90e+01,2.80e+01
1.05e+03,1.27e+03,6.90e+01,3.50e+01
3.34e+02,9.98e+02,5.70e+01,3.10e+01
1.20e+03,1.41e+03,6.20e+01,3.20e+01
7.30e+02,1.26e+03,5.70e+01,2.80e+01
7.14e+02,9.11e+02,5.60e+01,2.70e+01
5.46e+02,7.47e+02,6.20e+01,3.10e+01
1.01e+03,1.18e+03,6.40e+01,3.30e+01
1.11e+03,1.31e+03,6.30e+01,3.10e+01
1.10e+03,1.39e+03,7.10e+01,3.60e+01
1.06e+03,1.29e+03,5.70e+01,2.80e+01
1.13e+03,1.43e+03,5.70e+01,2.80e+01
9.85e+02,1.24e+03,5.50e+01,2.70e+01
9.71e+02,1.42e+03,6.10e+01,3.20e+01
2.46e+02,3.77e+02,5.70e+01,2.80e+01
1.10e+03,1.44e+03,5.50e+01,2.70e+01
1.09e+03,1.36e+03,5.70e+01,2.80e+01
1.10e+03,1.36e+03,6.00e+01,2.80e+01
1.09e+03,1.32e+03,5.90e+01,2.90e+01
1.16e+03,1.38e+03,5.80e+01,2.80e+01
1.00e+03,1.26e+03,5.90e+01,3.00e+01
1.20e+03,1.43e+03,6.40e+01,3.20e+01
5.40e+02,8.46e+02,5.60e+01,2.70e+01
1.01e+03,1.17e+03,6.20e+01,3.20e+01
9.36e+02,1.31e+03,5.50e+01,2.70e+01
9.75e+02,1.21e+03,5.40e+01,2.70e+01
1.09e+03,1.29e+03,5.60e+01,2.80e+01
1.09e+03,1.29e+03,6.10e+01,3.10e+01
1.20e+03,1.45e+03,6.90e+01,3.40e+01
1.12e+03,1.32e+03,5.60e+01,2.70e+01
1.10e+03,1.42e+03,5.50e+01,2.70e+01
1.03e+03,1.44e+03,6.90e+01,3.50e+01
1.04e+03,1.28e+03,5.90e+01,2.80e+01
6.60e+02,1.11e+03,5.50e+01,2.70e+01
1.12e+03,1.33e+03,5.90e+01,2.80e+01
1.07e+03,1.46e+03,5.70e+01,2.90e+01
1.14e+03,1.34e+03,7.10e+01,3.60e+01
1.12e+03,1.38e+03,5.80e+01,3.10e+01
4.99e+02,1.02e+03,5.60e+01,2.70e+01
1.16e+03,1.40e+03,6.30e+01,3.30e+01
1.42e+02,8.10e+02,5.90e+01,2.70e+01
7.66e+02,1.14e+03,5.80e+01,2.90e+01
1.16e+03,1.52e+03,6.20e+01,3.30e+01
9.60e+02,1.18e+03,5.60e+01,2.70e+01
1.07e+03,1.48e+03,5.70e+01,2.80e+01
1.07e+03,1.24e+03,6.90e+01,3.50e+01
1.16e+03,1.40e+03,5.70e+01,2.80e+01
2.07e+02,1.09e+03,5.80e+01,2.80e+01
1.15e+03,1.39e+03,6.10e+01,3.10e+01
7.04e+02,1.16e+03,5.60e+01,2.70e+01
1.11e+03,1.22e+03,5.90e+01,2.80e+01
1.08e+03,1.36e+03,6.00e+01,2.80e+01
1.21e+03,1.42e+03,6.30e+01,3.30e+01
1.17e+03,1.42e+03,6.50e+01,3.40e+01
1.10e+03,1.37e+03,5.80e+01,3.00e+01
2.32e+02,2.82e+02,5.80e+01,2.80e+01
1.11e+03,1.28e+03,6.20e+01,3.20e+01
5.72e+02,7.60e+02,5.70e+01,2.70e+01
1.22e+03,1.43e+03,5.90e+01,2.70e+01
1.15e+03,1.27e+03,5.90e+01,2.90e+01
6.37e+02,1.05e+03,5.60e+01,2.70e+01
1.08e+03,1.34e+03,6.10e+01,3.20e+01
1.18e+03,1.40e+03,6.00e+01,2.90e+01
1.12e+03,1.33e+03,6.20e+01,3.30e+01
1.03e+03,1.24e+03,5.50e+01,2.70e+01
1.05e+03,1.41e+03,5.80e+01,3.10e+01
2.77e+02,5.65e+02,5.60e+01,2.70e+01
1.12e+03,1.36e+03,5.90e+01,2.80e+01
1.12e+03,1.43e+03,5.50e+01,2.80e+01
1.00e+03,1.42e+03,6.10e+01,2.90e+01
1.06e+03,1.23e+03,6.20e+01,3.20e+01
1.19e+03,1.44e+03,5.70e+01,2.80e+01
1.25e+03,1.39e+03,5.80e+01,2.80e+01
1.03e+03,1.37e+03,6.00e+01,2.80e+01
1.01e+03,1.33e+03,5.50e+01,2.70e+01
1.03e+03,1.35e+03,6.20e+01,3.20e+01
1.04e+03,1.36e+03,5.60e+01,2.70e+01
1.01e+03,1.15e+03,5.50e+01,2.70e+01
1.16e+03,1.41e+03,6.10e+01,3.00e+01
1.07e+03,1.45e+03,5.80e+01,2.80e+01
1.12e+03,1.35e+03,6.90e+01,3.40e+01
9.88e+02,1.41e+03,5.90e+01,3.10e+01
1.11e+03,1.32e+03,5.90e+01,2.80e+01
4.96e+02,7.02e+02,5.70e+01,2.90e+01
1.08e+03,1.40e+03,5.90e+01,2.70e+01
1.08e+03,1.29e+03,5.70e+01,2.80e+01
1.04e+02,2.37e+02,6.90e+01,3.50e+01
1.01e+03,1.39e+03,5.90e+01,3.10e+01
1.06e+03,1.39e+03,5.60e+01,2.70e+01
1.20e+03,1.44e+03,6.30e+01,3.20e+01
9.56e+02,1.37e+03,6.10e+01,3.20e+01
7.47e+02,1.15e+03,5.70e+01,2.80e+01
8.62e+02,1.36e+03,6.10e+01,3.10e+01
1.02e+03,1.23e+03,5.60e+01,2.80e+01
1.06e+03,1.32e+03,5.70e+01,2.80e+01
1.11e+03,1.48e+03,5.80e+01,2.80e+01
1.07e+03,1.44e+03,5.70e+01,3.10e+01
1.08e+03,1.28e+03,5.70e+01,2.80e+01
1.12e+03,1.31e+03,7.00e+01,3.60e+01
1.13e+03,1.30e+03,6.30e+01,3.20e+01
1.22e+03,1.39e+03,5.80e+01,2.90e+01
1.06e+03,1.30e+03,6.10e+01,3.00e+01
9.94e+02,1.41e+03,5.80e+01,2.90e+01
1.19e+03,1.46e+03,5.90e+01,2.80e+01
1.03e+03,1.21e+03,5.90e+01,2.80e+01
6.35e+01,1.39e+02,5.60e+01,2.70e+01
1.13e+03,1.38e+03,5.60e+01,2.70e+01
1.12e+03,1.41e+03,7.00e+01,3.50e+01
1.10e+03,1.23e+03,5.90e+01,2.90e+01
1.19e+03,1.41e+03,6.00e+01,2.80e+01
1.15e+03,1.45e+03,6.10e+01,2.80e+01
1.14e+03,1.45e+03,5.80e+01,3.10e+01
1.25e+03,1.43e+03,5.90e+01,2.80e+01
9.88e+02,1.30e+03,5.70e+01,2.70e+01
1.83e+02,3.23e+02,6.20e+01,3.00e+01
1.18e+03,1.34e+03,7.00e+01,3.50e+01
1.15e+03,1.48e+03,5.70e+01,2.80e+01
1.14e+03,1.29e+03,7.00e+01,3.50e+01
1.05e+03,1.33e+03,5.70e+01,2.80e+01
1.11e+03,1.35e+03,5.90e+01,2.70e+01
2.00e+02,3.80e+02,5.80e+01,2.80e+01
1.17e+03,1.36e+03,5.50e+01,2.80e+01
4.49e+01,6.68e+01,6.10e+01,3.20e+01
1.07e+03,1.25e+03,5.90e+01,2.80e+01
8.59e+01,2.01e+02,5.90e+01,2.80e+01
1.08e+03,1.36e+03,5.80e+01,2.90e+01
1.11e+03,1.32e+03,6.10e+01,3.20e+01
1.08e+03,1.42e+03,5.50e+01,2.80e+01
1.18e+03,1.40e+03,5.70e+01,2.70e+01
1.19e+03,1.38e+03,6.90e+01,3.40e+01
1.16e+03,1.40e+03,6.00e+01,2.80e+01
2.21e+02,2.58e+02,5.60e+01,2.70e+01
1.10e+03,1.35e+03,7.00e+01,3.60e+01
1.10e+03,1.43e+03,6.90e+01,3.50e+01
1.25e+03,1.35e+03,6.10e+01,2.90e+01
1.12e+03,1.42e+03,6.00e+01,2.90e+01
9.22e+02,1.42e+03,7.00e+01,3.60e+01
1.17e+03,1.41e+03,7.00e+01,3.50e+01
1.12e+03,1.44e+03,7.00e+01,3.40e+01
1.13e+03,1.30e+03,5.70e+01,2.80e+01
1.05e+03,1.23e+03,6.10e+01,3.00e+01
1.05e+03,1.28e+03,5.50e+01,2.70e+01
1.10e+03,1.29e+03,6.20e+01,3.20e+01
1.01e+03,1.36e+03,5.60e+01,2.80e+01
1.15e+03,1.37e+03,6.10e+01,2.90e+01
1.06e+03,1.34e+03,6.70e+01,3.50e+01
9.01e+02,1.17e+03,5.60e+01,2.70e+01
1.13e+03,1.32e+03,5.90e+01,2.80e+01
1.04e+03,1.33e+03,6.90e+01,3.50e+01
1.06e+03,1.36e+03,5.80e+01,2.90e+01
6.95e+02,1.08e+03,5.90e+01,2.80e+01
1.04e+03,1.34e+03,6.60e+01,3.20e+01
1.20e+03,1.32e+03,5.80e+01,3.10e+01
1.16e+03,1.42e+03,5.90e+01,2.80e+01
1.18e+03,1.39e+03,6.90e+01,3.50e+01
1.09e+03,1.43e+03,5.60e+01,2.70e+01
1.05e+03,1.24e+03,6.30e+01,3.30e+01
1.12e+03,1.39e+03,5.60e+01,2.70e+01
6.58e+02,1.29e+03,5.90e+01,2.80e+01
1.11e+03,1.24e+03,5.90e+01,2.80e+01
1.15e+03,1.38e+03,5.60e+01,2.70e+01
9.54e+02,1.30e+03,7.00e+01,3.60e+01
3.06e+02,3.89e+02,6.30e+01,3.20e+01
3.72e+02,5.79e+02,5.80e+01,2.90e+01
1.09e+03,1.26e+03,5.50e+01,2.70e+01
1.01e+03,1.24e+03,5.90e+01,2.80e+01
1.07e+03,1.45e+03,6.90e+01,3.50e+01
1.01e+03,1.25e+03,5.60e+01,2.70e+01
3.25e+02,9.27e+02,6.00e+01,2.80e+01
4.71e+02,6.85e+02,6.10e+01,2.80e+01
1.15e+03,1.31e+03,6.10e+01,2.90e+01
1.15e+03,1.34e+03,6.90e+01,3.50e+01
1.12e+03,1.26e+03,5.70e+01,3.10e+01
1.04e+03,1.19e+03,5.70e+01,2.90e+01
1.05e+03,1.22e+03,5.50e+01,2.70e+01
1.05e+03,1.44e+03,6.90e+01,3.50e+01
8.18e+01,1.45e+02,6.60e+01,3.20e+01
1.06e+03,1.24e+03,5.90e+01,2.80e+01
1.15e+03,1.27e+03,6.10e+01,3.10e+01
8.49e+02,1.21e+03,5.90e+01,2.80e+01
1.06e+03,1.30e+03,6.00e+01,3.20e+01
1.13e+03,1.25e+03,5.80e+01,2.80e+01
1.20e+03,1.46e+03,6.10e+01,3.10e+01
5.85e+02,1.31e+03,7.00e+01,3.60e+01
1.18e+03,1.47e+03,6.10e+01,3.20e+01
1.14e+03,1.44e+03,6.00e+01,2.80e+01
9.19e+02,1.27e+03,5.60e+01,2.70e+01
1.01e+03,1.31e+03,5.90e+01,2.80e+01
1.15e+03,1.34e+03,7.00e+01,3.50e+01
1.02e+03,1.20e+03,6.10e+01,2.90e+01
1.10e+03,1.30e+03,6.00e+01,2.80e+01
9.49e+02,1.31e+03,6.90e+01,3.50e+01
1.12e+03,1.27e+03,6.30e+01,3.20e+01
1.11e+03,1.44e+03,5.70e+01,2.80e+01
1.08e+03,1.31e+03,6.30e+01,3.20e+01
1.00e+03,1.31e+03,5.60e+01,2.90e+01
9.23e+02,1.11e+03,7.10e+01,3.50e+01
1.15e+03,1.40e+03,6.50e+01,3.40e+01
1.09e+03,1.29e+03,5.80e+01,2.80e+01
8.23e+02,1.20e+03,5.70e+01,2.80e+01
1.14e+03,1.32e+03,6.20e+01,3.20e+01
1.05e+03,1.34e+03,6.00e+01,3.20e+01
4.50e+02,9.27e+02,6.40e+01,3.40e+01
1.12e+03,1.38e+03,5.90e+01,2.90e+01
7.71e+02,9.98e+02,6.00e+01,2.70e+01
1.10e+03,1.34e+03,5.70e+01,2.70e+01
1.01e+03,1.32e+03,6.30e+01,3.20e+01
7.66e+01,6.23e+02,7.00e+01,3.50e+01
4.50e+01,8.16e+01,7.10e+01,3.50e+01
1.11e+03,1.34e+03,6.20e+01,3.00e+01
1.14e+03,1.35e+03,6.90e+01,3.40e+01
1.15e+03,1.49e+03,6.30e+01,3.30e+01
1.20e+03,1.39e+03,7.00e+01,3.50e+01
1.12e+03,1.38e+03,6.50e+01,3.40e+01
9.83e+02,1.33e+03,5.60e+01,2.80e+01
1.09e+03,1.33e+03,5.80e+01,3.10e+01
2.48e+02,4.48e+02,5.90e+01,2.80e+01
1.19e+03,1.42e+03,6.10e+01,3.10e+01
1.06e+03,1.32e+03,5.80e+01,2.90e+01
1.02e+03,1.20e+03,7.00e+01,3.50e+01
7.80e+02,1.05e+03,7.10e+01,3.50e+01
1.18e+03,1.47e+03,5.50e+01,2.70e+01
1.20e+03,1.35e+03,6.10e+01,2.90e+01
1.07e+03,1.45e+03,5.70e+01,2.80e+01
9.77e+02,1.16e+03,5.90e+01,2.80e+01
1.09e+03,1.31e+03,5.50e+01,2.70e+01
1.18e+03,1.42e+03,5.60e+01,2.70e+01
2.57e+02,2.93e+02,6.30e+01,3.30e+01
1.01e+03,1.39e+03,5.90e+01,2.80e+01
1.04e+03,1.27e+03,5.60e+01,2.70e+01
7.21e+02,1.35e+03,5.50e+01,2.70e+01
1.01e+03,1.41e+03,6.80e+01,3.40e+01
1.15e+03,1.45e+03,7.00e+01,3.50e+01
1.15e+03,1.42e+03,6.10e+01,3.20e+01
1.10e+03,1.26e+03,6.10e+01,3.00e+01
8.83e+02,1.12e+03,6.00e+01,2.80e+01
1.10e+03,1.32e+03,5.80e+01,2.80e+01
1.18e+03,1.42e+03,6.40e+01,3.30e+01
1.05e+03,1.27e+03,5.70e+01,2.70e+01
8.12e+02,1.41e+03,5.60e+01,2.70e+01
9.99e+02,1.43e+03,5.40e+01,2.70e+01
1.10e+03,1.32e+03,6.70e+01,3.20e+01
1.10e+03,1.37e+03,5.60e+01,2.70e+01
1.10e+03,1.35e+03,5.80e+01,3.10e+01
1.19e+03,1.39e+03,6.60e+01,3.40e+01
1.03e+03,1.30e+03,5.70e+01,2.90e+01
1.16e+03,1.44e+03,5.50e+01,2.70e+01
1.12e+03,1.41e+03,5.70e+01,2.90e+01
1.05e+03,1.26e+03,6.10e+01,3.20e+01
9.84e+02,1.22e+03,7.10e+01,3.60e+01
1.13e+03,1.40e+03,6.10e+01,2.90e+01
1.19e+03,1.44e+03,6.50e+01,3.40e+01
5.55e+02,1.00e+03,5.60e+01,2.70e+01
2.25e+02,3.92e+02,5.80e+01,2.80e+01
1.02e+03,1.31e+03,5.90e+01,2.80e+01
1.03e+03,1.34e+03,6.70e+01,3.20e+01
9.66e+02,1.30e+03,5.90e+01,2.80e+01
1.14e+03,1.28e+03,5.60e+01,2.70e+01
1.20e+03,1.30e+03,5.90e+01,2.80e+01
1.18e+03,1.37e+03,5.70e+01,2.70e+01
1.12e+03,1.40e+03,6.40e+01,3.40e+01
1.10e+03,1.22e+03,6.40e+01,3.30e+01
1.08e+03,1.44e+03,5.50e+01,2.70e+01
5.95e+02,7.91e+02,5.90e+01,2.90e+01
1.19e+03,1.39e+03,6.90e+01,3.50e+01
6.32e+02,1.05e+03,5.60e+01,2.70e+01
1.07e+03,1.25e+03,6.10e+01,3.20e+01
1.06e+03,1.37e+03,6.20e+01,3.20e+01
1.17e+03,1.39e+03,5.90e+01,2.80e+01
1.16e+03,1.39e+03,6.50e+01,3.40e+01
7.65e+02,1.14e+03,5.80e+01,2.80e+01
1.09e+03,1.46e+03,6.50e+01,3.40e+01
8.08e+02,1.26e+03,7.00e+01,3.50e+01
1.11e+03,1.35e+03,5.50e+01,2.70e+01
1.06e+03,1.33e+03,5.50e+01,2.70e+01
9.34e+02,1.34e+03,5.70e+01,2.80e+01
1.07e+03,1.36e+03,6.10e+01,2.80e+01
1.18e+03,1.38e+03,6.00e+01,3.20e+01
4.98e+02,8.80e+02,6.90e+01,3.40e+01
1.12e+03,1.39e+03,5.70e+01,2.80e+01
1.05e+03,1.40e+03,6.00e+01,2.80e+01
1.10e+02,1.77e+02,6.80e+01,3.40e+01
1.11e+03,1.40e+03,5.60e+01,2.70e+01
1.12e+03,1.29e+03,6.80e+01,3.40e+01
1.10e+03,1.24e+03,6.00e+01,2.80e+01
1.14e+03,1.41e+03,5.50e+01,2.80e+01
1.08e+03,1.51e+03,5.80e+01,2.80e+01
1.11e+03,1.25e+03,5.80e+01,2.90e+01
5.35e+02,8.78e+02,5.60e+01,2.70e+01
1.10e+03,1.40e+03,5.70e+01,2.70e+01
1.08e+03,1.36e+03,6.10e+01,3.00e+01
1.12e+03,1.32e+03,5.60e+01,2.80e+01
6.16e+02,9.14e+02,5.90e+01,2.90e+01
1.03e+03,1.40e+03,5.90e+01,2.80e+01
2.34e+02,2.83e+02,5.60e+01,2.70e+01
1.09e+03,1.37e+03,5.80e+01,2.90e+01
1.02e+03,1.26e+03,7.10e+01,3.60e+01
6.60e+02,9.40e+02,5.70e+01,2.80e+01
1.17e+03,1.28e+03,6.00e+01,2.80e+01
-4.70e+01,-2.28e+01,5.70e+01,2.80e+01
2.49e+02,2.82e+02,5.70e+01,2.80e+01
1.06e+03,1.23e+03,7.00e+01,3.50e+01
-6.35e+01,-4.05e+01,5.80e+01,2.90e+01
3.97e+01,5.87e+01,5.50e+01,2.70e+01
-4.79e+01,-3.30e+01,6.00e+01,2.90e+01
1.14e+03,1.38e+03,6.00e+01,3.20e+01
1.17e+03,1.31e+03,5.50e+01,2.70e+01
1.17e+03,1.33e+03,5.90e+01,2.80e+01
1.19e+03,1.49e+03,5.90e+01,2.80e+01
1.07e+03,1.27e+03,5.60e+01,2.70e+01
1.11e+03,1.38e+03,6.00e+01,3.00e+01
1.06e+03,1.17e+03,5.90e+01,2.80e+01
1.15e+03,1.39e+03,5.40e+01,2.70e+01
1.10e+03,1.20e+03,5.50e+01,2.70e+01
5.34e+02,7.50e+02,5.70e+01,2.80e+01
3.21e+02,4.94e+02,5.70e+01,2.80e+01
1.17e+03,1.31e+03,5.70e+01,2.80e+01
1.13e+03,1.42e+03,5.70e+01,2.80e+01
1.07e+03,1.46e+03,6.10e+01,3.00e+01
1.05e+03,1.24e+03,5.90e+01,2.80e+01
1.20e+03,1.26e+03,5.60e+01,2.70e+01
1.13e+03,1.40e+03,6.10e+01,3.00e+01
1.10e+03,1.43e+03,5.70e+01,2.80e+01
1.11e+03,1.42e+03,5.70e+01,2.90e+01
1.12e+03,1.30e+03,6.60e+01,3.40e+01
8.54e+02,1.21e+03,5.50e+01,2.70e+01
1.07e+03,1.37e+03,5.90e+01,2.70e+01
1.06e+03,1.33e+03,7.00e+01,3.50e+01
1.06e+03,1.40e+03,5.80e+01,2.90e+01
1.10e+03,1.21e+03,6.10e+01,3.10e+01
1.17e+03,1.39e+03,5.50e+01,2.70e+01
1.19e+03,1.40e+03,5.60e+01,2.70e+01
9.15e+01,1.62e+02,7.00e+01,3.50e+01
1.14e+03,1.32e+03,6.20e+01,3.20e+01
1.06e+03,1.34e+03,6.90e+01,3.50e+01
1.17e+03,1.38e+03,5.60e+01,2.70e+01
1.20e+03,1.41e+03,6.60e+01,3.40e+01
1.01e+03,1.24e+03,5.60e+01,2.70e+01
3.74e+02,1.07e+03,5.50e+01,2.70e+01
4.74e+02,1.17e+03,5.50e+01,2.70e+01
1.10e+03,1.42e+03,6.30e+01,3.30e+01
9.54e+02,1.41e+03,5.90e+01,2.80e+01
9.97e+02,1.17e+03,6.30e+01,3.20e+01
1.13e+03,1.30e+03,6.10e+01,3.00e+01
1.07e+03,1.25e+03,5.70e+01,2.90e+01
1.11e+03,1.25e+03,5.80e+01,2.90e+01
1.12e+03,1.42e+03,6.90e+01,3.50e+01
1.07e+03,1.37e+03,5.70e+01,2.70e+01
1.05e+03,1.31e+03,5.60e+01,2.70e+01
4.43e+02,6.58e+02,6.30e+01,3.20e+01
1.12e+03,1.42e+03,5.60e+01,2.70e+01
1.06e+03,1.23e+03,5.50e+01,2.70e+01
9.84e+02,1.19e+03,5.90e+01,2.80e+01
9.98e+02,1.14e+03,7.00e+01,3.50e+01
1.13e+03,1.28e+03,5.80e+01,2.80e+01
1.17e+03,1.34e+03,6.10e+01,3.10e+01
7.69e+02,9.71e+02,6.10e+01,3.20e+01
1.10e+03,1.27e+03,7.00e+01,3.50e+01
1.01e+03,1.25e+03,6.90e+01,3.50e+01
1.22e+03,1.45e+03,6.60e+01,3.40e+01
2.53e+02,2.97e+02,6.10e+01,3.00e+01
1.13e+03,1.27e+03,5.70e+01,2.80e+01
1.18e+03,1.38e+03,5.90e+01,2.80e+01
4.24e+02,7.52e+02,7.10e+01,3.50e+01
1.10e+03,1.35e+03,5.60e+01,2.70e+01
1.22e+03,1.40e+03,6.00e+01,2.90e+01
2.48e+02,2.91e+02,5.60e+01,2.70e+01
4.75e+02,9.18e+02,6.10e+01,3.00e+01
4.84e+02,5.45e+02,7.00e+01,3.60e+01
1.07e+03,1.41e+03,5.60e+01,2.70e+01
4.15e+01,5.11e+01,5.70e+01,2.80e+01
9.89e+02,1.27e+03,6.20e+01,3.20e+01
1.14e+03,1.45e+03,5.90e+01,2.80e+01
1.02e+03,1.23e+03,5.60e+01,2.70e+01
1.12e+03,1.33e+03,5.90e+01,2.80e+01
1.04e+03,1.29e+03,5.90e+01,2.80e+01
1.17e+03,1.40e+03,6.10e+01,2.90e+01
1.13e+03,1.33e+03,6.20e+01,3.00e+01
