-4.97e+01,-1.78e+01,1.20e+01,2.10e+01
-8.43e+01,-4.49e+01,8.00e+00,2.10e+01
-5.85e+01,-1.62e+01,1.60e+01,2.10e+01
-5.31e+01,-2.72e+01,2.20e+01,2.10e+01
-6.67e+01,-1.71e+01,1.60e+01,2.10e+01
-6.93e+01,-2.22e+01,1.10e+01,2.10e+01
-5.01e+01,-1.67e+01,1.00e+01,2.10e+01
-5.92e+01,-2.46e+01,1.30e+01,2.10e+01
-6.96e+01,-4.24e+01,1.50e+01,2.10e+01
-5.63e+01,-2.80e+01,1.40e+01,2.10e+01
-7.10e+01,-1.73e+01,1.60e+01,2.10e+01
-7.53e+01,-2.54e+01,1.30e+01,2.10e+01
-6.87e+01,-1.17e+01,1.70e+01,2.10e+01
-6.51e+01,-1.54e+01,1.20e+01,2.10e+01
-4.78e+01,-2.35e+01,1.70e+01,2.10e+01
-5.11e+01,-1.23e+01,1.90e+01,2.10e+01
-5.08e+01,-2.00e+01,1.60e+01,2.10e+01
-5.11e+01,-1.87e+01,1.40e+01,2.10e+01
-5.11e+01,-2.60e+01,1.20e+01,2.10e+01
-5.09e+01,-2.31e+01,9.00e+00,2.10e+01
-4.37e+01,-1.07e+01,1.50e+01,2.10e+01
-4.28e+01,-2.83e+01,1.50e+01,2.10e+01
-3.60e+01,-2.07e+01,8.00e+00,2.10e+01
-5.40e+01,-2.35e+01,8.00e+00,2.10e+01
-6.33e+01,-3.83e+01,1.40e+01,2.10e+01
-3.68e+01,-1.75e+01,1.10e+01,2.10e+01
-4.89e+01,-2.75e+01,1.40e+01,2.10e+01
-7.57e+01,-2.44e+01,1.60e+01,2.10e+01
-5.38e+01,-1.94e+01,1.10e+01,2.10e+01
-6.16e+01,-1.33e+01,1.20e+01,2.10e+01
-5.62e+01,-1.28e+01,1.70e+01,2.10e+01
-4.30e+01,-3.14e+01,1.90e+01,2.10e+01
-5.60e+01,-2.09e+01,1.60e+01,2.10e+01
-4.42e+01,-1.71e+01,1.40e+01,2.10e+01
-5.73e+01,-1.35e+01,1.70e+01,2.10e+01
-6.89e+01,-3.02e+01,1.20e+01,2.10e+01
-4.70e+01,-1.20e+01,9.00e+00,2.10e+01
-4.73e+01,-2.57e+01,1.70e+01,2.10e+01
-8.16e+01,-4.10e+01,1.40e+01,2.10e+01
-8.09e+01,-3.35e+01,1.90e+01,2.10e+01
-8.12e+01,-1.82e+01,1.40e+01,2.10e+01
-4.58e+01,-1.01e+01,1.60e+01,2.10e+01
-5.16e+01,-1.75e+01,1.00e+01,2.10e+01
-6.24e+01,-1.41e+01,1.60e+01,2.10e+01
-5.94e+01,-2.77e+01,1.90e+01,2.10e+01
-4.84e+01,-2.15e+01,1.70e+01,2.10e+01
-3.57e+01,-1.58e+01,1.70e+01,2.10e+01
-5.35e+01,-1.34e+01,9.00e+00,2.10e+01
-5.42e+01,-3.49e+01,1.20e+01,2.10e+01
-5.63e+01,-1.82e+01,2.00e+01,2.10e+01
-5.83e+01,-2.50e+01,1.60e+01,2.10e+01
-5.55e+01,-3.14e+01,1.50e+01,2.10e+01
-6.25e+01,-1.02e+01,2.10e+01,2.10e+01
-4.33e+01,-1.54e+01,1.70e+01,2.10e+01
-6.53e+01,-2.19e+01,1.80e+01,2.10e+01
-6.28e+01,-2.74e+01,1.70e+01,2.10e+01
-4.71e+01,-3.21e+01,1.90e+01,2.10e+01
-5.73e+01,-1.66e+01,1.40e+01,2.10e+01
-5.41e+01,-1.52e+01,1.50e+01,2.10e+01
-4.26e+01,-1.93e+01,1.00e+01,2.10e+01
-4.79e+01,-1.12e+01,1.70e+01,2.10e+01
-4.67e+01,-1.35e+01,1.40e+01,2.10e+01
-6.40e+01,-1.21e+01,1.40e+01,2.10e+01
-5.84e+01,-1.76e+01,1.70e+01,2.10e+01
-4.39e+01,-1.40e+01,1.70e+01,2.10e+01
-6.19e+01,-1.60e+01,1.20e+01,2.10e+01
-4.86e+01,-2.02e+01,1.10e+01,2.10e+01
-3.76e+01,-2.72e+01,1.50e+01,2.10e+01
-8.76e+01,-5.09e+01,1.60e+01,2.10e+01
-4.53e+01,-3.02e+01,1.80e+01,2.10e+01
-6.01e+01,-3.20e+01,1.70e+01,2.10e+01
-3.43e+01,-1.90e+01,2.00e+01,2.10e+01
-4.12e+01,-1.23e+01,1.30e+01,2.10e+01
-6.98e+01,-2.89e+01,1.60e+01,2.10e+01
-5.09e+01,-2.52e+01,1.10e+01,2.10e+01
-3.97e+01,-1.18e+01,1.80e+01,2.10e+01
-9.24e+01,-3.80e+01,1.40e+01,2.10e+01
-4.70e+01,-2.49e+01,1.80e+01,2.10e+01
-4.93e+01,-1.45e+01,1.50e+01,2.10e+01
-3.35e+01,-1.35e+01,1.50e+01,2.10e+01
-7.94e+01,-3.31e+01,1.50e+01,2.10e+01
-5.77e+01,-2.03e+01,1.40e+01,2.10e+01
-5.22e+01,-1.62e+01,1.30e+01,2.10e+01
-5.94e+01,-3.12e+01,1.20e+01,2.10e+01
-4.62e+01,-2.09e+01,1.60e+01,2.10e+01
-5.57e+01,-2.67e+01,1.40e+01,2.10e+01
-4.23e+01,-2.21e+01,9.00e+00,2.10e+01
-6.98e+01,-2.18e+01,2.10e+01,2.10e+01
-4.22e+01,-1.59e+01,1.70e+01,2.10e+01
-3.91e+01,-2.35e+00,1.80e+01,2.10e+01
-3.85e+01,-1.95e+01,1.70e+01,2.10e+01
-5.02e+01,-3.26e+01,1.70e+01,2.10e+01
-7.99e+01,-3.87e+01,1.80e+01,2.10e+01
-6.80e+01,-2.76e+01,1.20e+01,2.10e+01
-7.36e+01,-3.64e+01,1.40e+01,2.10e+01
-5.85e+01,-2.54e+01,1.70e+01,2.10e+01
-4.79e+01,-3.27e+01,1.70e+01,2.10e+01
-4.63e+01,-2.75e+01,9.00e+00,2.10e+01
-6.61e+01,-2.15e+01,1.70e+01,2.10e+01
-8.71e+01,-3.35e+01,1.40e+01,2.10e+01
-3.98e+01,-1.97e+01,2.00e+01,2.10e+01
-3.75e+01,-2.03e+01,1.80e+01,2.10e+01
-6.55e+01,-2.10e+01,1.50e+01,2.10e+01
-6.42e+01,-2.66e+01,1.50e+01,2.10e+01
-6.77e+01,-2.44e+01,1.40e+01,2.10e+01
-3.92e+01,-2.10e+01,1.80e+01,2.10e+01
-4.84e+01,-1.76e+01,1.30e+01,2.10e+01
-5.99e+01,-4.32e+01,1.80e+01,2.10e+01
-6.29e+01,-2.28e+01,1.30e+01,2.10e+01
-5.28e+01,-3.17e+01,2.00e+01,2.10e+01
-7.32e+01,-4.02e+01,1.10e+01,2.10e+01
-4.14e+01,-2.15e+01,1.20e+01,2.10e+01
-5.84e+01,-7.74e+00,1.20e+01,2.10e+01
-7.07e+01,-3.64e+01,1.90e+01,2.10e+01
-6.98e+01,-1.95e+01,1.50e+01,2.10e+01
-5.58e+01,-1.75e+01,1.00e+01,2.10e+01
-7.96e+01,-2.40e+01,1.00e+01,2.10e+01
-4.99e+01,-3.03e+01,1.10e+01,2.10e+01
-8.53e+01,-5.60e+01,1.60e+01,2.10e+01
-3.90e+01,-1.61e+01,1.10e+01,2.10e+01
-4.03e+01,-2.62e+01,1.40e+01,2.10e+01
-4.42e+01,-1.69e+01,1.40e+01,2.10e+01
-4.65e+01,-2.39e+01,9.00e+00,2.10e+01
-5.61e+01,-3.33e+01,1.10e+01,2.10e+01
-4.89e+01,-2.88e+01,1.40e+01,2.10e+01
-4.13e+01,-5.48e+00,1.90e+01,2.10e+01
-5.42e+01,-1.71e+01,1.30e+01,2.10e+01
-8.21e+01,-2.85e+01,1.60e+01,2.10e+01
