2.14e+02,5.86e+02,5.30e+01,2.50e+01
3.84e+02,6.75e+02,5.80e+01,2.50e+01
3.66e+02,6.88e+02,5.60e+01,2.60e+01
4.38e+02,8.89e+02,5.50e+01,2.50e+01
2.26e+02,4.08e+02,5.30e+01,2.50e+01
3.44e+02,7.51e+02,5.70e+01,2.60e+01
4.95e+02,8.43e+02,5.50e+01,2.50e+01
2.74e+02,5.13e+02,5.60e+01,2.60e+01
3.09e+02,6.62e+02,5.30e+01,2.50e+01
3.37e+02,6.00e+02,5.50e+01,2.60e+01
1.72e+02,5.65e+02,5.40e+01,2.50e+01
3.67e+02,6.58e+02,5.60e+01,2.60e+01
2.31e+02,5.60e+02,5.30e+01,2.50e+01
2.89e+02,6.14e+02,5.50e+01,2.50e+01
2.89e+02,5.50e+02,5.80e+01,2.50e+01
3.21e+02,5.98e+02,5.30e+01,2.50e+01
3.57e+02,6.03e+02,5.60e+01,2.70e+01
1.99e+02,4.80e+02,5.40e+01,2.50e+01
3.24e+02,3.98e+02,5.80e+01,2.60e+01
3.07e+02,5.81e+02,5.30e+01,2.50e+01
4.17e+02,5.47e+02,5.60e+01,2.60e+01
2.92e+02,5.11e+02,5.50e+01,2.60e+01
3.36e+02,6.66e+02,5.40e+01,2.50e+01
2.99e+02,4.59e+02,5.70e+01,2.50e+01
1.83e+02,5.63e+02,5.30e+01,2.50e+01
3.24e+02,5.69e+02,5.40e+01,2.50e+01
3.82e+02,7.41e+02,5.60e+01,2.70e+01
4.98e+02,8.79e+02,5.70e+01,2.50e+01
3.19e+02,6.06e+02,5.30e+01,2.50e+01
3.59e+02,6.86e+02,5.60e+01,2.60e+01
2.40e+02,4.89e+02,5.50e+01,2.50e+01
2.82e+02,5.64e+02,5.40e+01,2.50e+01
4.17e+02,6.52e+02,5.50e+01,2.50e+01
2.04e+02,3.67e+02,5.30e+01,2.50e+01
3.74e+02,5.92e+02,5.80e+01,2.70e+01
3.64e+02,6.92e+02,5.80e+01,2.50e+01
2.65e+02,3.65e+02,5.90e+01,2.60e+01
2.91e+02,4.64e+02,5.80e+01,2.70e+01
1.74e+02,4.91e+02,5.30e+01,2.50e+01
3.80e+02,9.67e+02,5.90e+01,2.60e+01
2.45e+02,4.20e+02,5.70e+01,2.60e+01
1.81e+02,3.80e+02,5.40e+01,2.50e+01
3.72e+02,6.16e+02,5.70e+01,2.60e+01
1.86e+02,4.29e+02,5.30e+01,2.50e+01
7.57e+01,3.00e+02,5.80e+01,2.50e+01
3.42e+02,4.50e+02,5.60e+01,2.60e+01
2.10e+02,3.57e+02,5.30e+01,2.50e+01
5.92e+01,1.01e+02,5.60e+01,2.60e+01
5.22e+02,8.07e+02,5.70e+01,2.60e+01
3.59e+02,5.45e+02,5.40e+01,2.50e+01
1.96e+01,1.33e+02,5.30e+01,2.50e+01
8.24e+01,1.92e+02,5.30e+01,2.50e+01
4.54e+02,9.43e+02,5.50e+01,2.50e+01
1.84e+02,3.25e+02,5.30e+01,2.50e+01
3.05e+02,4.73e+02,5.30e+01,2.50e+01
2.86e+02,5.64e+02,5.50e+01,2.60e+01
2.89e+02,4.37e+02,5.30e+01,2.50e+01
1.44e+02,3.11e+02,5.30e+01,2.50e+01
2.72e+02,4.21e+02,5.70e+01,2.70e+01
1.57e+02,1.93e+02,5.30e+01,2.50e+01
2.28e+02,4.55e+02,5.40e+01,2.50e+01
3.20e+02,5.45e+02,5.30e+01,2.50e+01
1.44e+02,2.83e+02,5.80e+01,2.50e+01
3.96e+02,6.91e+02,5.60e+01,2.60e+01
2.97e+02,8.07e+02,5.30e+01,2.50e+01
3.85e+02,9.60e+02,5.50e+01,2.50e+01
2.81e+02,4.63e+02,5.80e+01,2.50e+01
1.71e+02,2.94e+02,5.30e+01,2.50e+01
2.69e+02,7.77e+02,5.70e+01,2.60e+01
2.29e+02,4.90e+02,5.40e+01,2.60e+01
3.26e+02,7.39e+02,5.80e+01,2.50e+01
1.88e+02,3.80e+02,5.50e+01,2.50e+01
4.61e+02,7.00e+02,5.80e+01,2.60e+01
8.81e+01,1.90e+02,5.50e+01,2.50e+01
4.29e+02,6.52e+02,5.90e+01,2.60e+01
1.67e+02,3.05e+02,5.60e+01,2.60e+01
3.99e+02,8.32e+02,5.30e+01,2.50e+01
3.28e+02,4.92e+02,5.80e+01,2.50e+01
2.11e+02,4.16e+02,5.30e+01,2.50e+01
3.31e+02,5.35e+02,5.60e+01,2.60e+01
2.48e+02,5.44e+02,5.60e+01,2.60e+01
2.32e+02,7.54e+02,5.30e+01,2.50e+01
2.71e+02,4.91e+02,5.40e+01,2.60e+01
2.96e+02,9.32e+02,5.30e+01,2.50e+01
3.00e+02,6.13e+02,5.30e+01,2.50e+01
3.09e+02,6.12e+02,5.30e+01,2.50e+01
3.01e+02,5.45e+02,5.70e+01,2.60e+01
2.37e+02,4.14e+02,5.70e+01,2.60e+01
3.39e+02,5.37e+02,5.50e+01,2.60e+01
2.24e+02,4.49e+02,5.60e+01,2.60e+01
3.76e+01,2.46e+02,5.60e+01,2.60e+01
8.97e+01,2.92e+02,5.80e+01,2.50e+01
1.75e+02,4.57e+02,5.70e+01,2.60e+01
2.04e+02,4.73e+02,5.70e+01,2.60e+01
3.52e+02,8.28e+02,5.50e+01,2.50e+01
4.65e+02,6.41e+02,5.90e+01,2.60e+01
4.56e+02,7.54e+02,5.50e+01,2.50e+01
1.76e+02,4.14e+02,5.70e+01,2.60e+01
1.98e+02,5.62e+02,5.30e+01,2.50e+01
2.72e+02,7.49e+02,5.30e+01,2.50e+01
3.00e+02,4.53e+02,5.40e+01,2.50e+01
1.40e+02,2.66e+02,5.30e+01,2.50e+01
3.36e+02,7.52e+02,5.30e+01,2.50e+01
2.78e+02,5.92e+02,5.30e+01,2.50e+01
3.15e+02,6.43e+02,5.80e+01,2.50e+01
2.91e+02,7.74e+02,5.40e+01,2.50e+01
2.98e+02,3.64e+02,5.70e+01,2.60e+01
2.95e+02,5.23e+02,5.30e+01,2.50e+01
4.55e+02,6.48e+02,5.80e+01,2.50e+01
5.08e+02,6.53e+02,5.60e+01,2.60e+01
4.67e+01,1.24e+02,5.30e+01,2.50e+01
2.90e+02,5.78e+02,5.50e+01,2.50e+01
3.89e+02,6.68e+02,5.80e+01,2.50e+01
1.94e+02,7.16e+02,5.30e+01,2.50e+01
3.24e+02,7.33e+02,5.50e+01,2.50e+01
3.67e+02,6.13e+02,5.60e+01,2.60e+01
2.55e+02,6.96e+02,5.80e+01,2.50e+01
1.56e+02,2.44e+02,5.40e+01,2.50e+01
2.13e+02,5.51e+02,5.30e+01,2.50e+01
3.09e+02,6.09e+02,5.30e+01,2.50e+01
3.86e+02,6.36e+02,5.60e+01,2.60e+01
3.47e+02,6.13e+02,5.60e+01,2.50e+01
1.27e+02,2.28e+02,5.30e+01,2.50e+01
3.94e+02,7.04e+02,5.90e+01,2.50e+01
3.96e+02,6.39e+02,5.70e+01,2.60e+01
1.99e+02,4.28e+02,5.80e+01,2.50e+01
2.48e+02,4.21e+02,5.80e+01,2.50e+01
3.81e+02,4.89e+02,5.60e+01,2.50e+01
