-3.52e+02,-9.99e+01,1.60e+01,1.40e+01
-2.38e+02,-8.23e+01,1.60e+01,1.40e+01
-3.62e+02,-9.94e+01,1.60e+01,1.40e+01
-2.28e+02,-8.65e+01,1.60e+01,1.30e+01
-2.33e+02,-8.29e+01,1.40e+01,1.20e+01
-2.46e+02,-9.14e+01,1.80e+01,1.40e+01
-2.34e+02,-7.22e+01,1.80e+01,1.40e+01
-2.44e+02,-8.49e+01,1.40e+01,1.40e+01
-2.36e+02,-8.85e+01,1.90e+01,1.40e+01
-3.46e+02,-8.31e+01,1.50e+01,1.40e+01
-2.41e+02,-7.71e+01,1.30e+01,1.20e+01
-2.32e+02,-7.60e+01,1.50e+01,1.30e+01
-2.30e+02,-8.06e+01,1.60e+01,1.30e+01
-2.32e+02,-9.18e+01,1.30e+01,1.20e+01
-2.42e+02,-7.01e+01,1.50e+01,1.30e+01
-3.38e+02,-8.25e+01,1.60e+01,1.40e+01
-2.34e+02,-8.48e+01,1.30e+01,1.20e+01
-2.38e+02,-7.61e+01,1.70e+01,1.40e+01
-2.36e+02,-8.97e+01,1.50e+01,1.30e+01
-2.31e+02,-7.71e+01,1.20e+01,1.20e+01
-2.33e+02,-8.35e+01,1.30e+01,1.20e+01
-2.35e+02,-7.99e+01,1.80e+01,1.40e+01
-2.34e+02,-9.22e+01,1.40e+01,1.20e+01
-2.29e+02,-7.80e+01,1.80e+01,1.40e+01
-3.42e+02,-7.88e+01,1.60e+01,1.40e+01
-2.29e+02,-7.95e+01,1.40e+01,1.20e+01
-3.41e+02,-7.61e+01,1.70e+01,1.50e+01
-2.34e+02,-8.41e+01,1.40e+01,1.40e+01
-3.36e+02,-7.16e+01,1.50e+01,1.40e+01
-2.32e+02,-8.68e+01,1.30e+01,1.20e+01
-2.38e+02,-8.75e+01,1.70e+01,1.40e+01
-3.40e+02,-8.54e+01,1.70e+01,1.40e+01
-5.00e+02,-5.00e+02,1.80e+01,1.40e+01
-3.44e+02,-8.05e+01,1.60e+01,1.40e+01
-3.55e+02,-7.05e+01,1.60e+01,1.40e+01
-2.38e+02,-9.50e+01,2.10e+01,1.50e+01
-5.00e+02,-5.00e+02,1.80e+01,1.40e+01
-3.56e+02,-7.43e+01,1.60e+01,1.40e+01
-3.50e+02,-9.27e+01,1.60e+01,1.40e+01
-4.55e+02,-2.35e+02,1.70e+01,1.40e+01
-2.31e+02,-8.40e+01,1.70e+01,1.40e+01
-3.06e+02,-1.35e+02,1.60e+01,1.30e+01
-5.00e+02,-5.00e+02,1.30e+01,1.20e+01
-2.34e+02,-8.20e+01,1.80e+01,1.40e+01
-4.84e+02,-4.07e+02,1.60e+01,1.40e+01
-5.00e+02,-5.00e+02,1.60e+01,1.30e+01
-5.00e+02,-5.00e+02,1.60e+01,1.40e+01
-2.48e+02,-1.06e+02,1.60e+01,1.40e+01
-3.28e+02,-9.17e+01,1.60e+01,1.40e+01
-2.46e+02,-8.88e+01,1.40e+01,1.20e+01
-3.29e+02,-6.27e+01,1.70e+01,1.40e+01
-2.34e+02,-8.24e+01,1.80e+01,1.40e+01
-3.25e+02,-6.76e+01,1.70e+01,1.40e+01
-5.00e+02,-5.00e+02,1.60e+01,1.40e+01
-5.00e+02,-5.00e+02,1.30e+01,1.20e+01
-3.47e+02,-7.01e+01,1.60e+01,1.40e+01
-2.41e+02,-7.68e+01,1.60e+01,1.40e+01
-3.40e+02,-6.39e+01,1.60e+01,1.40e+01
-2.36e+02,-8.15e+01,1.70e+01,1.40e+01
-2.45e+02,-9.53e+01,1.80e+01,1.40e+01
-5.00e+02,-5.00e+02,1.30e+01,1.20e+01
-2.37e+02,-8.82e+01,1.60e+01,1.30e+01
-4.60e+02,-2.62e+02,1.40e+01,1.20e+01
-2.44e+02,-1.01e+02,1.70e+01,1.40e+01
-2.32e+02,-8.54e+01,1.70e+01,1.30e+01
-5.00e+02,-5.00e+02,1.60e+01,1.30e+01
-3.26e+02,-8.83e+01,1.60e+01,1.40e+01
-2.30e+02,-8.31e+01,1.60e+01,1.30e+01
-2.34e+02,-9.21e+01,1.70e+01,1.30e+01
-5.00e+02,-5.00e+02,1.70e+01,1.30e+01
-5.00e+02,-5.00e+02,1.50e+01,1.30e+01
-3.73e+02,-1.58e+02,1.60e+01,1.40e+01
-3.11e+02,-6.00e+01,1.60e+01,1.40e+01
-3.26e+02,-8.29e+01,1.70e+01,1.40e+01
-2.41e+02,-8.55e+01,1.60e+01,1.30e+01
-2.40e+02,-8.67e+01,1.40e+01,1.30e+01
-2.31e+02,-7.58e+01,1.60e+01,1.40e+01
-3.32e+02,-7.65e+01,1.70e+01,1.40e+01
-2.29e+02,-7.58e+01,1.40e+01,1.20e+01
-2.30e+02,-7.11e+01,1.90e+01,1.40e+01
-4.30e+02,-2.81e+02,1.90e+01,1.40e+01
-2.39e+02,-8.38e+01,1.40e+01,1.20e+01
-3.40e+02,-6.75e+01,1.50e+01,1.40e+01
-2.26e+02,-7.32e+01,1.70e+01,1.40e+01
-2.35e+02,-8.68e+01,1.40e+01,1.20e+01
-2.31e+02,-7.44e+01,1.40e+01,1.40e+01
-2.36e+02,-8.44e+01,1.90e+01,1.40e+01
-2.36e+02,-8.57e+01,1.50e+01,1.40e+01
-2.31e+02,-7.57e+01,1.80e+01,1.40e+01
-2.92e+02,-1.14e+02,1.70e+01,1.40e+01
-2.47e+02,-9.80e+01,1.40e+01,1.40e+01
-2.30e+02,-7.91e+01,1.70e+01,1.40e+01
-3.15e+02,-6.66e+01,1.60e+01,1.40e+01
-3.45e+02,-9.66e+01,1.60e+01,1.40e+01
-2.31e+02,-7.67e+01,1.90e+01,1.40e+01
-2.38e+02,-6.78e+01,1.50e+01,1.30e+01
-4.66e+02,-3.00e+02,1.30e+01,1.20e+01
-3.08e+02,-1.55e+02,1.60e+01,1.40e+01
-2.37e+02,-7.98e+01,1.40e+01,1.20e+01
-2.36e+02,-7.73e+01,1.90e+01,1.40e+01
-3.43e+02,-8.91e+01,1.70e+01,1.50e+01
-3.35e+02,-1.52e+02,1.70e+01,1.30e+01
-3.39e+02,-9.20e+01,1.60e+01,1.40e+01
-2.30e+02,-8.34e+01,1.50e+01,1.30e+01
-3.40e+02,-9.07e+01,1.60e+01,1.40e+01
-5.00e+02,-5.00e+02,1.60e+01,1.40e+01
-3.01e+02,-7.31e+01,1.60e+01,1.40e+01
-2.49e+02,-7.96e+01,1.50e+01,1.30e+01
-2.41e+02,-8.90e+01,1.60e+01,1.30e+01
-4.71e+02,-3.32e+02,1.60e+01,1.40e+01
-2.98e+02,-7.71e+01,1.70e+01,1.40e+01
-2.33e+02,-7.81e+01,1.30e+01,1.20e+01
-2.34e+02,-8.07e+01,1.50e+01,1.20e+01
-2.29e+02,-7.92e+01,1.80e+01,1.40e+01
-2.29e+02,-6.89e+01,1.60e+01,1.40e+01
-2.39e+02,-9.18e+01,1.40e+01,1.20e+01
-2.35e+02,-8.99e+01,1.60e+01,1.40e+01
-2.31e+02,-8.33e+01,1.60e+01,1.40e+01
-2.30e+02,-8.21e+01,1.80e+01,1.40e+01
-2.40e+02,-8.89e+01,1.50e+01,1.40e+01
-2.47e+02,-9.40e+01,1.30e+01,1.20e+01
-2.30e+02,-7.50e+01,1.60e+01,1.40e+01
-3.55e+02,-9.74e+01,1.60e+01,1.40e+01
-3.23e+02,-7.44e+01,1.60e+01,1.40e+01
-4.56e+02,-3.06e+02,1.70e+01,1.40e+01
-4.58e+02,-3.04e+02,1.60e+01,1.40e+01
-2.30e+02,-8.25e+01,1.80e+01,1.40e+01
-4.79e+02,-3.75e+02,1.70e+01,1.50e+01
-2.34e+02,-8.36e+01,1.60e+01,1.30e+01
-3.53e+02,-1.15e+02,1.70e+01,1.40e+01
-2.35e+02,-9.42e+01,1.30e+01,1.20e+01
-2.28e+02,-8.53e+01,1.60e+01,1.40e+01
-3.45e+02,-8.09e+01,1.50e+01,1.40e+01
-2.35e+02,-7.56e+01,1.80e+01,1.40e+01
-3.38e+02,-1.09e+02,1.70e+01,1.40e+01
-2.31e+02,-8.12e+01,1.70e+01,1.30e+01
-5.00e+02,-5.00e+02,1.70e+01,1.40e+01
-3.37e+02,-7.17e+01,1.70e+01,1.40e+01
-2.37e+02,-7.28e+01,1.90e+01,1.40e+01
-2.97e+02,-6.25e+01,1.60e+01,1.40e+01
-3.66e+02,-9.95e+01,1.70e+01,1.40e+01
-2.37e+02,-9.19e+01,1.30e+01,1.20e+01
-2.30e+02,-9.00e+01,1.40e+01,1.20e+01
-2.38e+02,-8.27e+01,1.60e+01,1.30e+01
-2.60e+02,-9.89e+01,1.60e+01,1.30e+01
-3.45e+02,-7.89e+01,1.60e+01,1.40e+01
-2.28e+02,-7.00e+01,1.40e+01,1.20e+01
-3.18e+02,-1.07e+02,1.70e+01,1.40e+01
-2.48e+02,-9.87e+01,1.60e+01,1.30e+01
-4.31e+02,-1.48e+02,1.60e+01,1.40e+01
-2.96e+02,-6.30e+01,1.60e+01,1.40e+01
-2.36e+02,-7.80e+01,1.80e+01,1.40e+01
-5.00e+02,-5.00e+02,1.60e+01,1.40e+01
-3.43e+02,-7.71e+01,1.70e+01,1.40e+01
-3.03e+02,-6.99e+01,1.60e+01,1.40e+01
-2.33e+02,-7.19e+01,1.70e+01,1.40e+01
-2.42e+02,-7.24e+01,1.90e+01,1.40e+01
-3.19e+02,-9.89e+01,1.70e+01,1.50e+01
-2.34e+02,-9.16e+01,1.60e+01,1.40e+01
-2.39e+02,-8.37e+01,1.40e+01,1.20e+01
-2.94e+02,-8.12e+01,1.60e+01,1.40e+01
-2.33e+02,-8.06e+01,1.70e+01,1.30e+01
-4.83e+02,-4.24e+02,1.60e+01,1.40e+01
-2.34e+02,-8.64e+01,1.80e+01,1.40e+01
-3.48e+02,-7.21e+01,1.50e+01,1.40e+01
-2.32e+02,-7.38e+01,1.80e+01,1.40e+01
-3.65e+02,-1.15e+02,1.60e+01,1.40e+01
-2.38e+02,-9.11e+01,1.60e+01,1.30e+01
-4.57e+02,-2.41e+02,1.90e+01,1.40e+01
-3.95e+02,-2.07e+02,1.60e+01,1.50e+01
-4.68e+02,-3.10e+02,1.80e+01,1.40e+01
-3.25e+02,-9.62e+01,1.70e+01,1.40e+01
-5.00e+02,-5.00e+02,1.60e+01,1.30e+01
-2.32e+02,-8.35e+01,1.70e+01,1.50e+01
-2.32e+02,-7.95e+01,1.90e+01,1.40e+01
-2.74e+02,-9.17e+01,1.60e+01,1.30e+01
-3.31e+02,-7.08e+01,1.60e+01,1.40e+01
-2.33e+02,-8.46e+01,1.70e+01,1.40e+01
-2.95e+02,-6.23e+01,1.60e+01,1.40e+01
-3.61e+02,-8.02e+01,1.70e+01,1.50e+01
-2.45e+02,-1.00e+02,1.50e+01,1.20e+01
-5.00e+02,-5.00e+02,1.60e+01,1.40e+01
-5.00e+02,-5.00e+02,1.20e+01,1.20e+01
-4.73e+02,-3.41e+02,1.70e+01,1.40e+01
-2.33e+02,-8.16e+01,1.60e+01,1.30e+01
-2.46e+02,-8.33e+01,1.80e+01,1.40e+01
-3.70e+02,-1.37e+02,1.60e+01,1.30e+01
-2.42e+02,-7.32e+01,1.80e+01,1.40e+01
-5.00e+02,-5.00e+02,1.60e+01,1.40e+01
-4.65e+02,-2.92e+02,1.60e+01,1.40e+01
-2.33e+02,-7.59e+01,1.40e+01,1.20e+01
-2.92e+02,-6.65e+01,1.50e+01,1.40e+01
