1.07e+01,2.81e+02,1.41e+02,4.90e+01
1.05e+01,2.81e+02,1.39e+02,5.00e+01
1.07e+01,2.81e+02,1.41e+02,4.90e+01
1.05e+01,2.81e+02,1.40e+02,5.00e+01
1.07e+01,2.81e+02,1.43e+02,5.00e+01
1.05e+01,2.81e+02,1.39e+02,5.00e+01
1.07e+01,2.81e+02,1.42e+02,5.00e+01
1.05e+01,2.81e+02,1.39e+02,5.00e+01
1.07e+01,2.81e+02,1.42e+02,4.90e+01
1.07e+01,2.81e+02,1.42e+02,5.00e+01
1.07e+01,2.81e+02,1.42e+02,5.00e+01
1.07e+01,2.81e+02,1.42e+02,4.90e+01
1.07e+01,2.81e+02,1.42e+02,5.00e+01
1.05e+01,2.81e+02,1.39e+02,5.00e+01
1.07e+01,2.81e+02,1.42e+02,4.90e+01
1.05e+01,2.81e+02,1.39e+02,5.00e+01
1.07e+01,2.81e+02,1.43e+02,5.10e+01
5.10e+00,2.81e+02,1.40e+02,5.00e+01
4.52e+00,2.45e+02,1.42e+02,4.90e+01
-8.93e+00,1.63e+02,1.42e+02,5.00e+01
1.07e+01,2.81e+02,1.44e+02,5.00e+01
1.07e+01,2.81e+02,1.41e+02,5.00e+01
1.05e+01,2.81e+02,1.39e+02,5.00e+01
1.05e+01,2.81e+02,1.40e+02,5.00e+01
1.07e+01,2.81e+02,1.42e+02,5.00e+01
1.05e+01,2.81e+02,1.39e+02,5.00e+01
1.07e+01,2.81e+02,1.42e+02,4.90e+01
1.07e+01,2.81e+02,1.43e+02,4.90e+01
1.07e+01,2.81e+02,1.41e+02,5.00e+01
1.07e+01,2.81e+02,1.44e+02,4.90e+01
1.07e+01,2.81e+02,1.42e+02,5.00e+01
6.93e-01,2.41e+02,1.41e+02,4.90e+01
1.07e+01,2.81e+02,1.43e+02,5.00e+01
1.07e+01,2.81e+02,1.42e+02,5.00e+01
1.07e+01,2.81e+02,1.42e+02,4.90e+01
1.07e+01,2.81e+02,1.42e+02,4.90e+01
1.07e+01,2.81e+02,1.42e+02,4.90e+01
1.03e+01,2.81e+02,1.41e+02,5.00e+01
-1.78e+01,1.14e+02,1.41e+02,4.90e+01
1.07e+01,2.81e+02,1.42e+02,4.90e+01
1.07e+01,2.81e+02,1.41e+02,4.90e+01
1.05e+01,2.81e+02,1.40e+02,5.00e+01
1.05e+01,2.80e+02,1.43e+02,5.00e+01
9.71e+00,2.81e+02,1.39e+02,5.00e+01
5.21e+00,2.48e+02,1.39e+02,4.90e+01
1.02e+01,2.81e+02,1.42e+02,4.90e+01
1.05e+01,2.81e+02,1.41e+02,5.00e+01
1.69e+00,2.28e+02,1.40e+02,5.00e+01
1.05e+01,2.81e+02,1.41e+02,5.00e+01
1.07e+01,2.81e+02,1.44e+02,5.10e+01
4.46e+00,2.45e+02,1.41e+02,4.90e+01
1.07e+01,2.81e+02,1.41e+02,4.90e+01
1.07e+01,2.81e+02,1.41e+02,4.90e+01
-9.71e+00,1.59e+02,1.41e+02,4.90e+01
1.07e+01,2.81e+02,1.42e+02,4.90e+01
5.05e+00,2.48e+02,1.39e+02,5.00e+01
1.07e+01,2.81e+02,1.41e+02,4.90e+01
1.07e+01,2.81e+02,1.43e+02,4.90e+01
1.07e+01,2.81e+02,1.43e+02,4.90e+01
6.93e-01,2.41e+02,1.42e+02,4.90e+01
1.07e+01,2.81e+02,1.43e+02,4.90e+01
7.46e-01,2.48e+02,1.40e+02,5.00e+01
1.02e+01,2.80e+02,1.41e+02,4.90e+01
1.05e+01,2.81e+02,1.40e+02,5.00e+01
-1.21e+01,1.46e+02,1.40e+02,5.00e+01
9.88e+00,2.77e+02,1.42e+02,5.00e+01
1.07e+01,2.81e+02,1.42e+02,5.00e+01
1.05e+01,2.81e+02,1.39e+02,5.00e+01
1.01e+01,2.78e+02,1.42e+02,5.00e+01
1.05e+01,2.81e+02,1.40e+02,5.00e+01
9.97e+00,2.78e+02,1.39e+02,5.00e+01
1.07e+01,2.81e+02,1.42e+02,5.00e+01
-8.08e+00,1.69e+02,1.39e+02,5.00e+01
1.05e+01,2.81e+02,1.40e+02,5.00e+01
6.52e+00,2.81e+02,1.42e+02,4.90e+01
1.07e+01,2.81e+02,1.42e+02,4.90e+01
1.05e+01,2.81e+02,1.39e+02,5.00e+01
1.07e+01,2.81e+02,1.45e+02,5.10e+01
-1.53e+01,1.25e+02,1.43e+02,5.00e+01
5.47e+00,2.80e+02,1.43e+02,5.00e+01
2.60e-01,2.41e+02,1.43e+02,5.10e+01
1.07e+01,2.81e+02,1.43e+02,5.10e+01
-2.91e+00,2.01e+02,1.40e+02,5.00e+01
1.07e+01,2.81e+02,1.43e+02,5.00e+01
1.07e+01,2.81e+02,1.40e+02,4.90e+01
1.05e+01,2.81e+02,1.39e+02,5.00e+01
1.07e+01,2.81e+02,1.42e+02,5.00e+01
-6.60e+01,-1.63e+01,1.43e+02,5.10e+01
1.07e+01,2.81e+02,1.42e+02,4.90e+01
1.07e+01,2.81e+02,1.42e+02,4.90e+01
-9.12e+00,1.62e+02,1.42e+02,4.90e+01
-2.16e+01,1.15e+02,1.39e+02,5.00e+01
-1.42e+01,1.63e+02,1.42e+02,4.90e+01
-2.12e+00,2.04e+02,1.44e+02,5.10e+01
1.07e+01,2.81e+02,1.43e+02,5.00e+01
1.05e+01,2.81e+02,1.42e+02,4.90e+01
1.07e+01,2.81e+02,1.42e+02,4.90e+01
1.72e+00,2.38e+02,1.41e+02,4.90e+01
1.07e+01,2.81e+02,1.42e+02,5.00e+01
-1.23e+01,1.90e+02,1.40e+02,5.00e+01
1.07e+01,2.81e+02,1.43e+02,4.90e+01
1.01e+01,2.78e+02,1.42e+02,4.90e+01
-1.00e+01,1.77e+02,1.42e+02,5.00e+01
1.07e+01,2.81e+02,1.41e+02,4.90e+01
1.05e+01,2.81e+02,1.40e+02,5.00e+01
-2.32e+00,2.04e+02,1.40e+02,5.00e+01
1.07e+01,2.81e+02,1.41e+02,4.90e+01
-4.01e+00,2.14e+02,1.41e+02,5.10e+01
4.67e+00,2.45e+02,1.43e+02,5.00e+01
1.07e+01,2.81e+02,1.44e+02,5.10e+01
1.07e+01,2.81e+02,1.42e+02,5.00e+01
4.56e+00,2.45e+02,1.39e+02,5.00e+01
1.07e+01,2.81e+02,1.43e+02,4.90e+01
1.02e+01,2.79e+02,1.40e+02,5.00e+01
-1.23e+01,1.90e+02,1.41e+02,5.00e+01
-5.72e+00,1.83e+02,1.41e+02,4.90e+01
1.07e+01,2.81e+02,1.43e+02,4.90e+01
1.07e+01,2.81e+02,1.41e+02,4.90e+01
1.07e+01,2.81e+02,1.41e+02,4.90e+01
1.07e+01,2.81e+02,1.44e+02,5.00e+01
5.22e+00,2.48e+02,1.42e+02,5.00e+01
1.07e+01,2.81e+02,1.42e+02,4.90e+01
1.07e+01,2.81e+02,1.42e+02,5.00e+01
1.72e+00,2.38e+02,1.41e+02,4.90e+01
1.05e+01,2.81e+02,1.40e+02,5.00e+01
-1.13e+01,2.02e+02,1.41e+02,4.90e+01
1.05e+01,2.81e+02,1.39e+02,5.00e+01
1.07e+01,2.81e+02,1.42e+02,4.90e+01
