-1.09e+02,-8.19e+01,1.20e+01,1.20e+01
-1.22e+02,-1.14e+02,1.00e+01,1.10e+01
-1.13e+02,-9.33e+01,1.10e+01,1.10e+01
-1.16e+02,-9.54e+01,1.20e+01,1.30e+01
-1.11e+02,-9.30e+01,1.00e+01,1.10e+01
-1.15e+02,-1.06e+02,1.10e+01,1.20e+01
-1.07e+02,-9.61e+01,1.40e+01,1.30e+01
-1.07e+02,-8.93e+01,1.00e+01,1.10e+01
-1.02e+02,-9.07e+01,1.10e+01,1.20e+01
-1.10e+02,-1.01e+02,1.20e+01,1.20e+01
-1.11e+02,-1.02e+02,1.30e+01,1.40e+01
-1.17e+02,-1.09e+02,1.50e+01,1.40e+01
-1.13e+02,-9.15e+01,1.00e+01,1.10e+01
-1.14e+02,-9.92e+01,1.10e+01,1.20e+01
-1.16e+02,-1.05e+02,1.40e+01,1.40e+01
-1.13e+02,-8.12e+01,1.60e+01,1.40e+01
-1.08e+02,-9.37e+01,1.00e+01,1.10e+01
-1.09e+02,-9.39e+01,1.10e+01,1.10e+01
-1.06e+02,-7.37e+01,1.30e+01,1.30e+01
-1.12e+02,-9.53e+01,1.20e+01,1.20e+01
-1.02e+02,-9.15e+01,1.50e+01,1.30e+01
-1.08e+02,-9.13e+01,1.70e+01,1.50e+01
-9.97e+01,-7.01e+01,1.00e+01,1.10e+01
-1.16e+02,-1.02e+02,1.10e+01,1.20e+01
-1.11e+02,-8.02e+01,1.30e+01,1.20e+01
-1.00e+02,-8.05e+01,1.20e+01,1.20e+01
-1.02e+02,-8.32e+01,1.50e+01,1.30e+01
-1.14e+02,-1.02e+02,1.40e+01,1.30e+01
-1.10e+02,-9.13e+01,1.00e+01,1.10e+01
-1.07e+02,-9.36e+01,1.10e+01,1.10e+01
-1.21e+02,-1.15e+02,1.20e+01,1.30e+01
-1.10e+02,-1.03e+02,1.30e+01,1.30e+01
-1.16e+02,-9.46e+01,1.60e+01,1.40e+01
-1.14e+02,-1.02e+02,1.00e+01,1.10e+01
-1.11e+02,-9.17e+01,1.10e+01,1.10e+01
-9.60e+01,-7.32e+01,1.20e+01,1.20e+01
-1.06e+02,-8.67e+01,1.30e+01,1.20e+01
-1.11e+02,-9.63e+01,1.50e+01,1.40e+01
-1.08e+02,-9.01e+01,1.30e+01,1.10e+01
-1.07e+02,-9.44e+01,1.00e+01,1.10e+01
-1.13e+02,-8.56e+01,1.10e+01,1.20e+01
-1.16e+02,-1.03e+02,1.20e+01,1.10e+01
-1.09e+02,-8.44e+01,1.30e+01,1.30e+01
-1.14e+02,-9.89e+01,1.00e+01,1.10e+01
-1.61e+02,-8.59e+01,1.20e+01,1.10e+01
-1.04e+02,-9.69e+01,1.20e+01,1.20e+01
-1.08e+02,-8.44e+01,1.20e+01,1.20e+01
-1.09e+02,-9.58e+01,1.10e+01,1.10e+01
-1.98e+02,-1.96e+02,1.20e+01,1.10e+01
-1.97e+02,-1.96e+02,1.10e+01,1.20e+01
-1.18e+02,-1.02e+02,1.10e+01,1.10e+01
-1.17e+02,-1.06e+02,1.40e+01,1.30e+01
-1.12e+02,-9.18e+01,1.30e+01,1.30e+01
-1.15e+02,-9.27e+01,1.10e+01,1.10e+01
-1.08e+02,-9.48e+01,1.10e+01,1.20e+01
-1.02e+02,-7.16e+01,1.10e+01,1.20e+01
-1.05e+02,-8.61e+01,1.10e+01,1.20e+01
-1.10e+02,-8.88e+01,1.20e+01,1.30e+01
-1.06e+02,-8.20e+01,1.30e+01,1.20e+01
-1.12e+02,-9.08e+01,1.10e+01,1.20e+01
-1.11e+02,-1.02e+02,1.70e+01,1.50e+01
-1.16e+02,-1.04e+02,1.30e+01,1.40e+01
-1.58e+02,-1.02e+02,1.10e+01,1.10e+01
-1.03e+02,-8.18e+01,1.10e+01,1.10e+01
-1.03e+02,-9.49e+01,1.20e+01,1.30e+01
-1.11e+02,-1.00e+02,1.30e+01,1.20e+01
-1.07e+02,-1.02e+02,1.10e+01,1.10e+01
-1.12e+02,-1.03e+02,1.30e+01,1.20e+01
-9.82e+01,-9.21e+01,1.60e+01,1.30e+01
-1.65e+02,-1.09e+02,1.20e+01,1.10e+01
-1.09e+02,-9.53e+01,1.40e+01,1.40e+01
-1.02e+02,-9.23e+01,1.10e+01,1.10e+01
-1.04e+02,-8.33e+01,1.50e+01,1.30e+01
-1.11e+02,-9.86e+01,1.10e+01,1.20e+01
-1.14e+02,-1.04e+02,1.20e+01,1.10e+01
-1.02e+02,-8.30e+01,1.10e+01,1.10e+01
-1.13e+02,-9.05e+01,1.40e+01,1.30e+01
-1.17e+02,-1.05e+02,1.60e+01,1.40e+01
-1.25e+02,-9.70e+01,1.20e+01,1.20e+01
-1.16e+02,-9.35e+01,1.40e+01,1.50e+01
-1.06e+02,-8.98e+01,1.10e+01,1.10e+01
-1.05e+02,-8.60e+01,1.20e+01,1.20e+01
-1.11e+02,-1.00e+02,1.10e+01,1.10e+01
-1.87e+02,-1.86e+02,1.40e+01,1.20e+01
-1.22e+02,-1.06e+02,1.20e+01,1.30e+01
-1.11e+02,-9.31e+01,1.30e+01,1.20e+01
-1.04e+02,-8.79e+01,1.10e+01,1.10e+01
-1.34e+02,-9.69e+01,1.20e+01,1.20e+01
-1.09e+02,-8.34e+01,1.20e+01,1.10e+01
-1.07e+02,-9.22e+01,1.10e+01,1.10e+01
-1.07e+02,-9.54e+01,1.10e+01,1.10e+01
-1.05e+02,-9.41e+01,1.20e+01,1.30e+01
-1.97e+02,-1.95e+02,1.20e+01,1.20e+01
-1.08e+02,-8.87e+01,1.20e+01,1.20e+01
-1.09e+02,-9.39e+01,1.40e+01,1.50e+01
-1.04e+02,-8.74e+01,1.20e+01,1.30e+01
-1.10e+02,-9.45e+01,1.50e+01,1.30e+01
-1.09e+02,-9.59e+01,1.30e+01,1.30e+01
-1.18e+02,-9.26e+01,1.30e+01,1.20e+01
-9.90e+01,-8.18e+01,1.20e+01,1.20e+01
-1.07e+02,-8.26e+01,1.30e+01,1.30e+01
-1.07e+02,-9.29e+01,1.20e+01,1.10e+01
-1.06e+02,-7.46e+01,1.10e+01,1.10e+01
-1.02e+02,-8.17e+01,1.20e+01,1.20e+01
-1.10e+02,-8.49e+01,1.30e+01,1.40e+01
-1.12e+02,-9.33e+01,1.20e+01,1.20e+01
-1.06e+02,-8.52e+01,1.60e+01,1.40e+01
-1.20e+02,-1.05e+02,1.30e+01,1.30e+01
-1.12e+02,-9.43e+01,1.30e+01,1.20e+01
-1.11e+02,-9.36e+01,1.30e+01,1.30e+01
-1.13e+02,-9.26e+01,1.20e+01,1.20e+01
-1.10e+02,-9.26e+01,1.10e+01,1.10e+01
-1.09e+02,-1.03e+02,1.10e+01,1.10e+01
-1.09e+02,-9.67e+01,1.20e+01,1.30e+01
-2.00e+02,-2.00e+02,1.30e+01,1.20e+01
-1.14e+02,-1.07e+02,1.20e+01,1.10e+01
-1.19e+02,-1.10e+02,1.10e+01,1.20e+01
-1.52e+02,-1.07e+02,1.40e+01,1.40e+01
-1.14e+02,-1.10e+02,1.10e+01,1.20e+01
-1.07e+02,-8.54e+01,1.00e+01,1.10e+01
-1.19e+02,-9.67e+01,1.20e+01,1.20e+01
-1.12e+02,-9.07e+01,1.20e+01,1.30e+01
-1.11e+02,-1.07e+02,1.50e+01,1.30e+01
-1.97e+02,-1.97e+02,1.20e+01,1.20e+01
-1.12e+02,-8.09e+01,1.00e+01,1.10e+01
-1.14e+02,-9.46e+01,1.30e+01,1.30e+01
-1.06e+02,-8.61e+01,1.20e+01,1.30e+01
-1.11e+02,-8.21e+01,1.30e+01,1.20e+01
-1.11e+02,-1.04e+02,1.10e+01,1.10e+01
-1.13e+02,-9.81e+01,1.30e+01,1.30e+01
-1.19e+02,-9.90e+01,1.60e+01,1.40e+01
-1.10e+02,-9.48e+01,1.10e+01,1.10e+01
-1.04e+02,-8.63e+01,1.30e+01,1.20e+01
-1.96e+02,-1.95e+02,1.60e+01,1.50e+01
-1.03e+02,-7.88e+01,1.30e+01,1.20e+01
-1.09e+02,-9.46e+01,1.20e+01,1.20e+01
-1.18e+02,-9.47e+01,1.20e+01,1.10e+01
-1.06e+02,-9.36e+01,1.10e+01,1.10e+01
-1.18e+02,-9.62e+01,1.20e+01,1.20e+01
-1.02e+02,-7.35e+01,1.50e+01,1.30e+01
-1.11e+02,-1.06e+02,1.30e+01,1.20e+01
-1.66e+02,-1.02e+02,1.50e+01,1.30e+01
-1.06e+02,-9.63e+01,1.40e+01,1.30e+01
-1.17e+02,-9.26e+01,1.30e+01,1.40e+01
-1.05e+02,-8.46e+01,1.20e+01,1.10e+01
-1.06e+02,-8.13e+01,1.20e+01,1.10e+01
-1.10e+02,-9.41e+01,1.30e+01,1.30e+01
-1.07e+02,-9.64e+01,1.30e+01,1.30e+01
-1.14e+02,-9.20e+01,1.20e+01,1.10e+01
-1.12e+02,-1.00e+02,1.10e+01,1.10e+01
-1.25e+02,-1.16e+02,1.10e+01,1.10e+01
-1.09e+02,-9.46e+01,1.10e+01,1.20e+01
-1.13e+02,-9.31e+01,1.20e+01,1.20e+01
-1.96e+02,-1.95e+02,1.50e+01,1.30e+01
-1.12e+02,-1.00e+02,1.10e+01,1.20e+01
-1.01e+02,-8.71e+01,1.20e+01,1.20e+01
-1.01e+02,-8.59e+01,1.30e+01,1.20e+01
-1.07e+02,-9.43e+01,1.40e+01,1.50e+01
-2.00e+02,-2.00e+02,1.10e+01,1.10e+01
-1.02e+02,-9.18e+01,1.20e+01,1.30e+01
-9.80e+01,-8.30e+01,1.70e+01,1.50e+01
-1.04e+02,-9.67e+01,1.20e+01,1.20e+01
-1.13e+02,-1.04e+02,1.20e+01,1.20e+01
-1.09e+02,-9.36e+01,1.70e+01,1.50e+01
-1.14e+02,-9.20e+01,1.20e+01,1.20e+01
-1.15e+02,-1.01e+02,1.30e+01,1.40e+01
-1.15e+02,-9.78e+01,1.00e+01,1.10e+01
-1.14e+02,-1.06e+02,1.40e+01,1.30e+01
-1.03e+02,-9.43e+01,1.20e+01,1.20e+01
-1.08e+02,-9.41e+01,1.30e+01,1.20e+01
-1.09e+02,-8.48e+01,1.30e+01,1.20e+01
-1.33e+02,-1.06e+02,1.10e+01,1.10e+01
-1.01e+02,-7.17e+01,1.20e+01,1.10e+01
-1.22e+02,-1.07e+02,1.20e+01,1.20e+01
-1.02e+02,-9.35e+01,1.10e+01,1.20e+01
-1.33e+02,-1.32e+02,1.20e+01,1.20e+01
-1.82e+02,-1.07e+02,1.10e+01,1.10e+01
-1.16e+02,-1.03e+02,1.00e+01,1.10e+01
-1.13e+02,-1.08e+02,1.30e+01,1.30e+01
-1.05e+02,-8.18e+01,1.20e+01,1.10e+01
-1.10e+02,-9.36e+01,1.60e+01,1.40e+01
-1.09e+02,-9.06e+01,1.60e+01,1.40e+01
-1.14e+02,-1.04e+02,1.30e+01,1.20e+01
-1.13e+02,-9.16e+01,1.10e+01,1.20e+01
-1.11e+02,-9.23e+01,1.50e+01,1.40e+01
-1.09e+02,-9.28e+01,1.30e+01,1.30e+01
-1.64e+02,-1.07e+02,1.20e+01,1.10e+01
-1.11e+02,-9.21e+01,1.30e+01,1.20e+01
-9.95e+01,-8.13e+01,1.20e+01,1.10e+01
-1.07e+02,-9.38e+01,1.40e+01,1.40e+01
-1.11e+02,-8.26e+01,1.20e+01,1.30e+01
-1.16e+02,-1.04e+02,1.30e+01,1.40e+01
