-1.00e+02,-9.10e+01,1.60e+01,1.40e+01
-1.04e+02,-9.11e+01,1.40e+01,1.20e+01
-9.60e+01,-8.37e+01,1.50e+01,1.20e+01
-1.00e+02,-8.65e+01,1.70e+01,1.40e+01
-1.03e+02,-8.52e+01,1.40e+01,1.20e+01
-1.03e+02,-8.62e+01,1.60e+01,1.20e+01
-9.45e+01,-8.05e+01,1.70e+01,1.30e+01
-9.89e+01,-8.04e+01,1.40e+01,1.20e+01
-1.07e+02,-8.91e+01,1.50e+01,1.20e+01
-1.01e+02,-8.61e+01,1.70e+01,1.30e+01
-9.92e+01,-8.08e+01,1.40e+01,1.10e+01
-9.21e+01,-7.94e+01,1.50e+01,1.30e+01
-9.60e+01,-8.05e+01,1.80e+01,1.30e+01
-1.06e+02,-8.55e+01,1.40e+01,1.20e+01
-9.76e+01,-8.64e+01,1.50e+01,1.30e+01
-9.31e+01,-8.44e+01,1.80e+01,1.30e+01
-1.06e+02,-9.56e+01,1.40e+01,1.20e+01
-9.00e+01,-7.38e+01,1.60e+01,1.30e+01
-1.03e+02,-8.11e+01,1.50e+01,1.30e+01
-1.10e+02,-9.53e+01,1.80e+01,1.40e+01
-9.57e+01,-8.59e+01,1.40e+01,1.20e+01
-9.72e+01,-7.65e+01,1.50e+01,1.30e+01
-9.42e+01,-8.05e+01,1.60e+01,1.30e+01
-1.00e+02,-8.83e+01,1.80e+01,1.40e+01
-9.51e+01,-8.27e+01,1.40e+01,1.20e+01
-1.01e+02,-8.21e+01,1.50e+01,1.30e+01
-1.07e+02,-9.07e+01,1.70e+01,1.30e+01
-1.03e+02,-8.59e+01,1.60e+01,1.20e+01
-9.31e+01,-8.08e+01,1.80e+01,1.40e+01
-1.03e+02,-9.09e+01,1.40e+01,1.20e+01
-9.40e+01,-8.58e+01,1.50e+01,1.10e+01
-1.07e+02,-9.53e+01,1.70e+01,1.30e+01
-1.01e+02,-8.67e+01,1.60e+01,1.30e+01
-9.78e+01,-8.53e+01,1.90e+01,1.40e+01
-1.07e+02,-9.02e+01,1.40e+01,1.20e+01
-1.09e+02,-8.59e+01,1.50e+01,1.30e+01
-1.04e+02,-9.12e+01,1.70e+01,1.30e+01
-9.97e+01,-8.56e+01,1.80e+01,1.30e+01
-1.10e+02,-9.25e+01,1.60e+01,1.20e+01
-1.11e+02,-9.12e+01,1.80e+01,1.30e+01
-1.00e+02,-8.45e+01,1.40e+01,1.20e+01
-1.06e+02,-8.53e+01,1.50e+01,1.20e+01
-1.00e+02,-8.65e+01,1.60e+01,1.30e+01
-1.01e+02,-8.65e+01,1.80e+01,1.40e+01
-9.76e+01,-7.68e+01,1.60e+01,1.30e+01
-9.59e+01,-8.50e+01,1.60e+01,1.40e+01
-1.44e+02,-9.59e+01,1.70e+01,1.30e+01
-9.84e+01,-8.58e+01,1.40e+01,1.20e+01
-1.98e+02,-1.97e+02,1.70e+01,1.40e+01
-9.85e+01,-8.02e+01,1.50e+01,1.20e+01
-1.06e+02,-8.57e+01,1.50e+01,1.10e+01
-1.08e+02,-9.09e+01,1.80e+01,1.40e+01
-1.05e+02,-8.19e+01,1.80e+01,1.50e+01
-9.71e+01,-9.15e+01,1.60e+01,1.20e+01
-1.09e+02,-1.04e+02,1.80e+01,1.50e+01
-1.81e+02,-1.07e+02,1.70e+01,1.40e+01
-1.96e+02,-1.92e+02,1.50e+01,1.20e+01
-1.97e+02,-1.93e+02,1.70e+01,1.30e+01
-1.53e+02,-1.04e+02,1.80e+01,1.40e+01
-1.16e+02,-1.04e+02,1.70e+01,1.50e+01
-1.04e+02,-7.31e+01,1.80e+01,1.30e+01
-9.96e+01,-9.08e+01,1.50e+01,1.20e+01
-1.11e+02,-9.69e+01,1.50e+01,1.30e+01
-1.07e+02,-9.03e+01,1.50e+01,1.20e+01
-1.38e+02,-8.58e+01,1.60e+01,1.20e+01
-1.97e+02,-1.96e+02,1.50e+01,1.20e+01
-1.03e+02,-9.11e+01,1.70e+01,1.40e+01
-9.87e+01,-8.49e+01,1.60e+01,1.30e+01
-1.02e+02,-8.70e+01,1.50e+01,1.30e+01
-1.35e+02,-1.15e+02,1.70e+01,1.30e+01
-1.16e+02,-9.21e+01,1.70e+01,1.30e+01
-1.28e+02,-9.12e+01,1.60e+01,1.40e+01
-1.01e+02,-8.60e+01,1.70e+01,1.30e+01
-9.59e+01,-8.38e+01,1.60e+01,1.30e+01
-1.03e+02,-9.19e+01,1.50e+01,1.20e+01
-1.28e+02,-8.79e+01,1.70e+01,1.30e+01
-9.80e+01,-8.10e+01,1.40e+01,1.20e+01
-1.43e+02,-8.09e+01,1.40e+01,1.20e+01
-1.67e+02,-9.61e+01,1.60e+01,1.40e+01
-9.87e+01,-8.64e+01,1.90e+01,1.30e+01
-1.07e+02,-9.85e+01,1.50e+01,1.20e+01
-9.80e+01,-8.62e+01,1.60e+01,1.40e+01
-1.98e+02,-1.98e+02,1.50e+01,1.10e+01
-1.05e+02,-8.58e+01,1.50e+01,1.30e+01
-9.74e+01,-8.98e+01,1.60e+01,1.20e+01
-9.66e+01,-8.13e+01,1.50e+01,1.20e+01
-9.56e+01,-8.14e+01,1.70e+01,1.30e+01
-1.50e+02,-8.25e+01,1.70e+01,1.20e+01
-1.34e+02,-1.08e+02,1.70e+01,1.50e+01
-1.30e+02,-7.49e+01,1.50e+01,1.10e+01
-1.40e+02,-9.20e+01,1.50e+01,1.20e+01
-1.00e+02,-9.01e+01,1.80e+01,1.30e+01
-9.34e+01,-8.70e+01,1.40e+01,1.20e+01
-1.33e+02,-9.03e+01,1.60e+01,1.30e+01
-1.12e+02,-9.50e+01,1.80e+01,1.50e+01
-9.58e+01,-8.51e+01,1.70e+01,1.40e+01
-1.31e+02,-9.41e+01,1.50e+01,1.30e+01
-1.98e+02,-1.96e+02,1.60e+01,1.20e+01
-9.89e+01,-8.31e+01,1.50e+01,1.20e+01
-1.07e+02,-9.15e+01,1.60e+01,1.30e+01
-1.16e+02,-9.36e+01,1.50e+01,1.20e+01
-9.02e+01,-7.55e+01,1.60e+01,1.30e+01
-1.68e+02,-1.01e+02,1.50e+01,1.20e+01
-1.55e+02,-1.02e+02,1.70e+01,1.40e+01
-1.22e+02,-7.98e+01,1.80e+01,1.30e+01
-9.96e+01,-7.43e+01,1.80e+01,1.30e+01
-9.52e+01,-8.11e+01,1.50e+01,1.20e+01
-1.43e+02,-9.35e+01,1.60e+01,1.20e+01
-1.03e+02,-8.64e+01,1.60e+01,1.40e+01
-1.52e+02,-1.05e+02,1.90e+01,1.50e+01
-9.85e+01,-8.19e+01,1.80e+01,1.40e+01
-9.50e+01,-8.05e+01,1.80e+01,1.30e+01
-1.94e+02,-1.90e+02,1.70e+01,1.50e+01
-1.01e+02,-8.91e+01,1.50e+01,1.20e+01
-1.93e+02,-1.59e+02,1.50e+01,1.20e+01
-9.90e+01,-7.92e+01,1.60e+01,1.40e+01
-1.97e+02,-1.96e+02,1.40e+01,1.20e+01
-1.08e+02,-8.70e+01,1.60e+01,1.20e+01
-9.67e+01,-8.56e+01,1.60e+01,1.30e+01
-9.98e+01,-8.97e+01,1.40e+01,1.20e+01
-9.63e+01,-7.68e+01,1.50e+01,1.20e+01
-9.31e+01,-8.00e+01,1.60e+01,1.30e+01
-1.04e+02,-9.01e+01,1.70e+01,1.30e+01
-1.03e+02,-9.11e+01,1.90e+01,1.30e+01
-1.02e+02,-9.10e+01,1.50e+01,1.20e+01
-1.53e+02,-9.32e+01,1.90e+01,1.50e+01
-1.04e+02,-8.67e+01,1.60e+01,1.30e+01
-1.01e+02,-8.97e+01,1.50e+01,1.20e+01
-1.02e+02,-9.58e+01,1.50e+01,1.30e+01
-1.95e+02,-1.90e+02,1.50e+01,1.20e+01
-1.03e+02,-8.74e+01,1.60e+01,1.20e+01
-1.03e+02,-8.11e+01,1.50e+01,1.10e+01
-1.02e+02,-8.43e+01,1.80e+01,1.40e+01
-1.70e+02,-1.15e+02,1.70e+01,1.40e+01
-9.56e+01,-8.25e+01,1.40e+01,1.20e+01
-2.00e+02,-1.98e+02,1.70e+01,1.40e+01
-1.00e+02,-8.67e+01,1.50e+01,1.20e+01
-1.06e+02,-9.18e+01,1.50e+01,1.20e+01
-1.50e+02,-7.80e+01,1.50e+01,1.20e+01
-1.72e+02,-1.04e+02,1.60e+01,1.20e+01
-1.11e+02,-9.21e+01,1.60e+01,1.30e+01
-9.91e+01,-8.67e+01,1.50e+01,1.30e+01
-1.37e+02,-1.08e+02,1.60e+01,1.40e+01
-1.98e+02,-1.97e+02,1.80e+01,1.40e+01
-1.09e+02,-8.12e+01,1.60e+01,1.20e+01
-1.98e+02,-1.96e+02,1.60e+01,1.40e+01
-1.09e+02,-9.56e+01,1.60e+01,1.30e+01
-1.97e+02,-1.95e+02,1.60e+01,1.40e+01
-9.85e+01,-6.92e+01,1.60e+01,1.30e+01
-9.61e+01,-8.60e+01,1.70e+01,1.40e+01
-1.49e+02,-8.34e+01,1.50e+01,1.30e+01
-9.46e+01,-7.96e+01,1.50e+01,1.20e+01
-9.55e+01,-8.00e+01,1.40e+01,1.20e+01
-9.95e+01,-8.57e+01,1.50e+01,1.20e+01
-1.98e+02,-1.97e+02,1.60e+01,1.20e+01
-9.87e+01,-9.29e+01,1.70e+01,1.30e+01
-1.02e+02,-9.06e+01,1.70e+01,1.40e+01
-1.03e+02,-9.10e+01,1.70e+01,1.30e+01
-1.04e+02,-8.48e+01,1.70e+01,1.50e+01
-1.02e+02,-7.97e+01,1.50e+01,1.20e+01
-1.05e+02,-9.72e+01,1.40e+01,1.20e+01
-1.95e+02,-1.92e+02,1.70e+01,1.40e+01
-1.70e+02,-1.08e+02,1.60e+01,1.20e+01
-1.01e+02,-8.75e+01,1.60e+01,1.40e+01
-1.03e+02,-9.19e+01,1.80e+01,1.30e+01
-9.74e+01,-8.51e+01,1.70e+01,1.40e+01
-9.93e+01,-9.08e+01,1.50e+01,1.30e+01
-1.01e+02,-8.16e+01,1.70e+01,1.50e+01
-1.04e+02,-7.62e+01,1.40e+01,1.20e+01
-1.94e+02,-1.82e+02,1.50e+01,1.10e+01
-1.64e+02,-8.14e+01,1.60e+01,1.20e+01
-1.10e+02,-1.03e+02,1.80e+01,1.40e+01
-1.03e+02,-8.49e+01,1.70e+01,1.30e+01
-1.05e+02,-8.57e+01,1.60e+01,1.20e+01
-9.95e+01,-7.48e+01,1.80e+01,1.30e+01
-9.58e+01,-8.55e+01,1.60e+01,1.40e+01
-1.05e+02,-9.55e+01,1.60e+01,1.40e+01
-1.51e+02,-9.21e+01,1.70e+01,1.20e+01
-9.35e+01,-8.29e+01,1.50e+01,1.30e+01
-1.61e+02,-1.31e+02,1.60e+01,1.20e+01
-1.40e+02,-9.19e+01,1.60e+01,1.20e+01
-9.59e+01,-8.65e+01,1.70e+01,1.40e+01
-1.20e+02,-8.38e+01,1.40e+01,1.20e+01
-1.03e+02,-8.66e+01,1.40e+01,1.20e+01
-1.04e+02,-8.10e+01,1.80e+01,1.40e+01
-1.01e+02,-8.51e+01,1.50e+01,1.20e+01
-1.01e+02,-9.18e+01,1.80e+01,1.40e+01
-9.78e+01,-8.59e+01,1.70e+01,1.40e+01
-1.01e+02,-8.63e+01,1.70e+01,1.40e+01
-1.67e+02,-1.02e+02,1.60e+01,1.20e+01
-1.01e+02,-8.56e+01,1.60e+01,1.30e+01
-1.12e+02,-9.90e+01,1.60e+01,1.30e+01
