2.75e+02,5.60e+02,2.20e+01,1.70e+01
2.69e+02,5.68e+02,1.70e+01,1.50e+01
2.75e+02,5.60e+02,2.20e+01,1.70e+01
2.69e+02,5.68e+02,1.70e+01,1.50e+01
2.71e+02,5.71e+02,2.00e+01,1.60e+01
2.71e+02,5.71e+02,2.00e+01,1.60e+01
2.75e+02,5.60e+02,2.20e+01,1.70e+01
2.71e+02,5.71e+02,2.00e+01,1.60e+01
1.65e+01,9.21e+01,2.30e+01,1.70e+01
2.66e+02,5.47e+02,2.10e+01,1.60e+01
5.50e+01,1.54e+02,1.80e+01,1.50e+01
2.64e+02,5.61e+02,2.30e+01,1.80e+01
2.55e+02,5.71e+02,2.00e+01,1.60e+01
2.69e+02,5.68e+02,1.70e+01,1.50e+01
2.65e+02,5.68e+02,1.70e+01,1.50e+01
8.64e+01,3.51e+02,2.30e+01,1.80e+01
2.61e+02,5.48e+02,2.20e+01,1.70e+01
2.13e+02,5.68e+02,1.70e+01,1.50e+01
4.65e+01,1.35e+02,1.70e+01,1.50e+01
8.64e+01,3.51e+02,2.30e+01,1.80e+01
1.83e+02,3.75e+02,1.80e+01,1.60e+01
2.66e+02,5.60e+02,2.30e+01,1.80e+01
2.71e+02,5.71e+02,2.00e+01,1.60e+01
8.90e+01,1.35e+02,1.80e+01,1.50e+01
2.64e+02,5.60e+02,2.20e+01,1.70e+01
2.75e+02,5.60e+02,2.20e+01,1.70e+01
1.81e+02,2.28e+02,2.20e+01,1.70e+01
2.00e+02,5.60e+02,2.30e+01,1.80e+01
2.69e+02,5.68e+02,1.80e+01,1.50e+01
3.13e+01,8.51e+01,1.80e+01,1.50e+01
2.64e+02,5.61e+02,2.30e+01,1.80e+01
2.53e+02,4.88e+02,2.30e+01,1.70e+01
2.72e+02,5.71e+02,2.20e+01,1.80e+01
2.66e+02,5.60e+02,2.30e+01,1.70e+01
1.27e+02,2.02e+02,2.20e+01,1.70e+01
1.98e+02,3.03e+02,1.70e+01,1.50e+01
2.62e+02,5.60e+02,2.30e+01,1.80e+01
2.69e+02,5.68e+02,1.70e+01,1.50e+01
-3.33e+01,1.12e+02,2.00e+01,1.60e+01
4.13e+01,8.23e+01,2.10e+01,1.60e+01
2.75e+02,5.60e+02,2.30e+01,1.70e+01
-2.02e+01,1.07e+02,1.70e+01,1.50e+01
2.42e+02,4.74e+02,2.30e+01,1.80e+01
2.69e+02,5.68e+02,1.70e+01,1.50e+01
2.75e+02,5.60e+02,2.30e+01,1.80e+01
2.69e+02,5.68e+02,1.80e+01,1.60e+01
2.69e+02,5.68e+02,1.70e+01,1.50e+01
2.17e+02,4.81e+02,1.80e+01,1.50e+01
2.00e+02,5.60e+02,2.30e+01,1.80e+01
1.99e+02,3.44e+02,1.70e+01,1.50e+01
2.63e+02,5.60e+02,2.20e+01,1.70e+01
1.20e+02,3.13e+02,2.20e+01,1.70e+01
2.70e+02,5.71e+02,2.00e+01,1.60e+01
2.18e+02,3.73e+02,1.80e+01,1.60e+01
2.51e+02,5.68e+02,1.80e+01,1.60e+01
1.98e+02,5.71e+02,2.00e+01,1.60e+01
2.67e+02,5.49e+02,2.10e+01,1.70e+01
2.71e+02,5.71e+02,2.20e+01,1.80e+01
2.28e+02,5.46e+02,1.70e+01,1.50e+01
2.48e+02,5.61e+02,2.20e+01,1.70e+01
1.66e+02,3.13e+02,2.30e+01,1.80e+01
1.79e+02,3.20e+02,1.80e+01,1.50e+01
2.69e+02,5.60e+02,2.30e+01,1.70e+01
2.56e+02,5.49e+02,1.70e+01,1.50e+01
2.69e+02,5.68e+02,1.70e+01,1.50e+01
1.65e+01,9.21e+01,2.50e+01,1.80e+01
2.71e+02,5.71e+02,2.10e+01,1.70e+01
2.75e+02,5.60e+02,2.30e+01,1.70e+01
2.75e+02,5.60e+02,2.20e+01,1.70e+01
2.04e+02,3.74e+02,1.70e+01,1.50e+01
2.63e+02,5.60e+02,2.30e+01,1.80e+01
2.74e+02,5.60e+02,2.30e+01,1.80e+01
6.15e+01,1.86e+02,2.30e+01,1.80e+01
2.26e+02,5.68e+02,1.80e+01,1.60e+01
2.65e+02,5.46e+02,1.70e+01,1.50e+01
2.27e+02,5.68e+02,1.70e+01,1.50e+01
2.23e+02,5.71e+02,2.10e+01,1.70e+01
2.69e+02,5.68e+02,1.90e+01,1.60e+01
2.69e+02,5.68e+02,1.80e+01,1.50e+01
2.41e+02,5.60e+02,2.20e+01,1.70e+01
2.75e+02,5.60e+02,2.20e+01,1.70e+01
-4.85e+01,3.83e+01,2.20e+01,1.70e+01
1.97e+02,5.36e+02,2.30e+01,1.70e+01
2.61e+02,5.60e+02,2.30e+01,1.70e+01
2.55e+02,5.60e+02,2.20e+01,1.70e+01
1.84e+02,5.60e+02,2.20e+01,1.70e+01
2.69e+02,5.68e+02,1.70e+01,1.50e+01
-2.02e+01,1.07e+02,1.70e+01,1.50e+01
2.53e+02,5.71e+02,2.10e+01,1.70e+01
2.64e+02,5.44e+02,1.80e+01,1.50e+01
2.13e+02,5.68e+02,1.70e+01,1.50e+01
2.71e+02,5.71e+02,2.00e+01,1.60e+01
2.71e+02,5.71e+02,2.20e+01,1.80e+01
2.18e+02,5.68e+02,1.80e+01,1.60e+01
2.69e+02,5.68e+02,1.70e+01,1.50e+01
2.65e+02,5.68e+02,1.80e+01,1.60e+01
1.49e+02,3.73e+02,2.20e+01,1.70e+01
2.42e+02,5.68e+02,1.70e+01,1.50e+01
2.75e+02,5.60e+02,2.30e+01,1.80e+01
2.11e+02,3.68e+02,2.00e+01,1.60e+01
2.36e+02,5.68e+02,1.80e+01,1.60e+01
2.65e+02,5.68e+02,1.70e+01,1.50e+01
2.71e+02,5.71e+02,2.00e+01,1.60e+01
2.75e+02,5.60e+02,2.40e+01,1.80e+01
2.65e+02,5.68e+02,1.90e+01,1.60e+01
2.69e+02,5.68e+02,1.70e+01,1.50e+01
1.60e+02,3.72e+02,1.80e+01,1.60e+01
1.57e+02,2.23e+02,1.70e+01,1.50e+01
2.41e+02,5.60e+02,2.20e+01,1.70e+01
2.57e+02,4.98e+02,1.80e+01,1.50e+01
2.71e+02,5.71e+02,2.00e+01,1.60e+01
-1.33e+01,1.16e+02,1.70e+01,1.50e+01
2.71e+02,5.71e+02,2.20e+01,1.70e+01
1.33e+02,1.82e+02,2.30e+01,1.80e+01
1.24e+02,3.14e+02,1.70e+01,1.50e+01
2.65e+02,5.68e+02,1.70e+01,1.50e+01
1.49e+02,3.73e+02,2.20e+01,1.70e+01
2.69e+02,5.70e+02,1.70e+01,1.50e+01
3.19e+00,9.71e+01,2.10e+01,1.60e+01
1.38e+02,3.14e+02,1.80e+01,1.50e+01
2.69e+02,5.68e+02,1.90e+01,1.60e+01
2.05e+02,5.71e+02,2.00e+01,1.60e+01
2.69e+02,5.68e+02,1.80e+01,1.60e+01
2.75e+02,5.60e+02,2.40e+01,1.80e+01
1.41e+02,2.31e+02,2.30e+01,1.80e+01
2.41e+02,5.71e+02,2.10e+01,1.60e+01
2.37e+02,5.60e+02,2.30e+01,1.80e+01
5.50e+01,1.54e+02,1.90e+01,1.50e+01
