2.86e+02,5.76e+02,4.10e+01,2.80e+01
2.82e+02,5.78e+02,4.10e+01,2.50e+01
2.86e+02,5.76e+02,4.10e+01,2.80e+01
2.86e+02,5.76e+02,4.20e+01,2.80e+01
2.86e+02,5.76e+02,4.30e+01,2.90e+01
2.86e+02,5.76e+02,4.30e+01,2.90e+01
2.86e+02,5.76e+02,4.10e+01,2.80e+01
2.74e+02,5.76e+02,4.10e+01,2.80e+01
2.85e+02,5.76e+02,4.10e+01,2.80e+01
2.61e+02,5.76e+02,4.10e+01,2.80e+01
2.86e+02,5.76e+02,4.20e+01,2.90e+01
2.86e+02,5.76e+02,4.10e+01,2.80e+01
2.86e+02,5.76e+02,4.40e+01,2.90e+01
2.80e+02,5.76e+02,4.30e+01,2.90e+01
2.61e+02,5.76e+02,4.10e+01,2.80e+01
2.86e+02,5.75e+02,4.10e+01,2.80e+01
7.47e+01,1.48e+02,4.20e+01,2.80e+01
2.85e+02,5.76e+02,4.10e+01,2.80e+01
2.54e+02,4.90e+02,4.20e+01,2.80e+01
2.86e+02,5.76e+02,4.30e+01,2.90e+01
2.61e+02,5.76e+02,4.30e+01,2.90e+01
1.90e+02,2.33e+02,4.30e+01,2.90e+01
2.21e+02,5.76e+02,4.10e+01,2.80e+01
2.74e+02,5.76e+02,4.20e+01,2.90e+01
2.86e+02,5.76e+02,4.50e+01,3.00e+01
2.86e+02,5.76e+02,4.20e+01,2.80e+01
2.60e+02,5.76e+02,4.40e+01,3.00e+01
2.28e+02,2.89e+02,4.20e+01,2.80e+01
2.72e+02,4.91e+02,4.20e+01,2.80e+01
2.86e+02,5.76e+02,4.10e+01,2.80e+01
2.41e+02,5.78e+02,4.10e+01,2.50e+01
2.86e+02,5.76e+02,4.50e+01,3.00e+01
2.85e+02,5.76e+02,4.20e+01,2.90e+01
2.85e+02,5.76e+02,4.10e+01,2.80e+01
2.66e+02,5.78e+02,4.10e+01,2.50e+01
2.85e+02,5.76e+02,4.30e+01,2.90e+01
2.61e+02,5.76e+02,4.10e+01,2.80e+01
1.78e+02,3.13e+02,4.20e+01,2.50e+01
2.86e+02,5.76e+02,4.30e+01,2.90e+01
2.86e+02,5.76e+02,4.20e+01,2.90e+01
2.82e+02,5.78e+02,4.10e+01,2.50e+01
2.86e+02,5.76e+02,4.20e+01,2.90e+01
2.82e+02,5.78e+02,4.20e+01,2.50e+01
1.42e+02,2.50e+02,4.00e+01,2.50e+01
2.60e+02,4.95e+02,4.10e+01,2.50e+01
8.91e+01,1.35e+02,4.20e+01,2.80e+01
2.86e+02,5.76e+02,4.10e+01,2.80e+01
2.60e+02,5.76e+02,4.30e+01,2.90e+01
2.85e+02,5.76e+02,4.10e+01,2.80e+01
2.86e+02,5.76e+02,4.20e+01,2.90e+01
2.61e+02,5.02e+02,4.40e+01,3.00e+01
2.49e+02,5.76e+02,4.30e+01,2.80e+01
2.24e+02,3.12e+02,4.10e+01,2.80e+01
2.28e+02,5.78e+02,4.10e+01,2.50e+01
2.65e+02,5.76e+02,4.20e+01,2.80e+01
2.68e+02,5.76e+02,4.20e+01,2.80e+01
2.85e+02,5.76e+02,4.30e+01,2.90e+01
2.86e+02,5.76e+02,4.20e+01,2.80e+01
2.86e+02,5.76e+02,4.30e+01,2.90e+01
2.66e+02,5.76e+02,4.10e+01,2.80e+01
1.94e+02,3.03e+02,4.10e+01,2.80e+01
2.86e+02,5.76e+02,4.20e+01,2.80e+01
1.82e+02,3.16e+02,4.30e+01,2.90e+01
2.59e+02,4.24e+02,4.10e+01,2.80e+01
2.86e+02,5.76e+02,4.10e+01,2.80e+01
2.86e+02,5.76e+02,4.10e+01,2.80e+01
2.21e+02,5.76e+02,4.10e+01,2.80e+01
2.86e+02,5.76e+02,4.10e+01,2.80e+01
2.85e+02,5.76e+02,4.10e+01,2.80e+01
2.86e+02,5.76e+02,4.10e+01,2.80e+01
2.86e+02,5.76e+02,4.30e+01,2.90e+01
2.81e+02,5.78e+02,4.10e+01,2.50e+01
2.85e+02,5.76e+02,4.10e+01,2.80e+01
2.71e+02,4.89e+02,4.10e+01,2.80e+01
2.82e+02,5.78e+02,4.10e+01,2.50e+01
1.52e+02,3.16e+02,4.20e+01,2.60e+01
2.14e+02,3.16e+02,4.20e+01,2.90e+01
2.74e+02,5.76e+02,4.50e+01,3.00e+01
2.82e+02,5.57e+02,4.40e+01,3.00e+01
2.86e+02,5.76e+02,4.10e+01,2.80e+01
2.39e+02,5.76e+02,4.20e+01,2.90e+01
2.86e+02,5.76e+02,4.30e+01,2.90e+01
2.15e+02,3.16e+02,4.30e+01,2.90e+01
2.86e+02,5.76e+02,4.30e+01,2.90e+01
7.47e+01,1.48e+02,4.10e+01,2.80e+01
2.86e+02,5.76e+02,4.20e+01,2.90e+01
2.01e+02,3.11e+02,4.20e+01,2.90e+01
2.86e+02,5.76e+02,4.20e+01,2.80e+01
2.51e+02,4.88e+02,4.10e+01,2.80e+01
2.86e+02,5.76e+02,4.30e+01,2.90e+01
2.86e+02,5.76e+02,4.10e+01,2.80e+01
2.86e+02,5.76e+02,4.10e+01,2.80e+01
2.86e+02,5.76e+02,4.20e+01,2.80e+01
1.78e+02,3.09e+02,4.10e+01,2.80e+01
2.21e+02,5.76e+02,4.10e+01,2.80e+01
2.86e+02,5.76e+02,4.10e+01,2.80e+01
2.86e+02,5.76e+02,4.50e+01,3.00e+01
2.61e+02,5.76e+02,4.50e+01,3.00e+01
1.24e+02,2.94e+02,4.40e+01,3.00e+01
2.21e+02,5.76e+02,4.10e+01,2.80e+01
2.85e+02,5.76e+02,4.10e+01,2.80e+01
2.86e+02,5.76e+02,4.30e+01,2.90e+01
2.86e+02,5.76e+02,4.40e+01,3.00e+01
2.62e+02,5.76e+02,4.10e+01,2.50e+01
2.86e+02,5.76e+02,4.20e+01,2.90e+01
2.64e+02,5.78e+02,4.10e+01,2.50e+01
2.54e+02,5.76e+02,4.20e+01,2.80e+01
2.86e+02,5.76e+02,4.20e+01,2.90e+01
2.68e+02,5.76e+02,4.20e+01,2.90e+01
2.68e+02,5.76e+02,4.20e+01,2.90e+01
2.62e+02,5.76e+02,4.10e+01,2.80e+01
2.86e+02,5.76e+02,4.30e+01,2.90e+01
2.49e+02,5.76e+02,4.20e+01,2.80e+01
2.86e+02,5.76e+02,4.30e+01,2.90e+01
8.93e+01,1.83e+02,4.10e+01,2.80e+01
2.86e+02,5.76e+02,4.30e+01,2.90e+01
2.86e+02,5.76e+02,4.10e+01,2.80e+01
2.81e+02,5.57e+02,4.40e+01,2.90e+01
1.75e+02,3.22e+02,4.30e+01,2.80e+01
2.86e+02,5.76e+02,4.10e+01,2.80e+01
2.86e+02,5.76e+02,4.10e+01,2.80e+01
2.86e+02,5.76e+02,4.30e+01,2.90e+01
2.86e+02,5.76e+02,4.30e+01,2.90e+01
1.76e+02,3.21e+02,4.10e+01,2.50e+01
3.04e+01,1.93e+02,4.30e+01,2.90e+01
1.16e+02,3.16e+02,4.30e+01,2.90e+01
2.86e+02,5.76e+02,4.30e+01,2.80e+01
2.60e+02,5.76e+02,4.20e+01,2.80e+01
