-1.09e+02,-8.11e+01,2.55e+02,8.30e+01
-1.11e+02,-7.83e+01,2.54e+02,8.20e+01
-1.11e+02,-8.43e+01,2.60e+02,8.50e+01
-1.13e+02,-9.20e+01,2.54e+02,8.30e+01
-1.13e+02,-8.52e+01,2.53e+02,8.20e+01
-1.13e+02,-8.37e+01,2.52e+02,8.20e+01
-1.13e+02,-8.67e+01,2.52e+02,8.20e+01
-1.13e+02,-8.60e+01,2.54e+02,8.20e+01
-1.11e+02,-8.54e+01,2.54e+02,8.20e+01
-1.12e+02,-8.34e+01,2.55e+02,8.40e+01
-1.13e+02,-8.98e+01,2.58e+02,8.40e+01
-1.08e+02,-7.30e+01,2.54e+02,8.30e+01
-1.11e+02,-8.11e+01,2.56e+02,8.40e+01
-1.12e+02,-8.60e+01,2.52e+02,8.20e+01
-1.11e+02,-7.86e+01,2.59e+02,8.40e+01
-1.12e+02,-8.43e+01,2.55e+02,8.30e+01
-1.12e+02,-8.01e+01,2.53e+02,8.20e+01
-1.13e+02,-8.95e+01,2.54e+02,8.30e+01
-1.12e+02,-7.73e+01,2.53e+02,8.20e+01
-1.09e+02,-8.16e+01,2.52e+02,8.20e+01
-1.12e+02,-8.61e+01,2.54e+02,8.30e+01
-1.12e+02,-8.57e+01,2.52e+02,8.20e+01
-1.11e+02,-8.11e+01,2.60e+02,8.50e+01
-1.12e+02,-8.27e+01,2.55e+02,8.30e+01
-1.13e+02,-8.61e+01,2.60e+02,8.60e+01
-1.12e+02,-8.68e+01,2.54e+02,8.30e+01
-1.10e+02,-7.76e+01,2.61e+02,8.60e+01
-1.09e+02,-7.17e+01,2.55e+02,8.40e+01
-1.11e+02,-8.00e+01,2.58e+02,8.40e+01
-1.12e+02,-8.31e+01,2.55e+02,8.40e+01
-1.11e+02,-8.48e+01,2.54e+02,8.30e+01
-1.10e+02,-8.09e+01,2.55e+02,8.40e+01
-1.10e+02,-8.31e+01,2.56e+02,8.30e+01
-1.12e+02,-8.01e+01,2.59e+02,8.50e+01
-1.12e+02,-8.35e+01,2.53e+02,8.20e+01
-1.10e+02,-7.58e+01,2.55e+02,8.20e+01
-1.20e+02,-8.09e+01,2.54e+02,8.20e+01
-1.12e+02,-8.37e+01,2.54e+02,8.20e+01
-1.10e+02,-8.02e+01,2.60e+02,8.40e+01
-1.11e+02,-8.17e+01,2.52e+02,8.20e+01
-1.12e+02,-8.55e+01,2.55e+02,8.30e+01
-1.11e+02,-7.79e+01,2.55e+02,8.30e+01
-1.12e+02,-8.78e+01,2.55e+02,8.30e+01
-1.11e+02,-7.64e+01,2.56e+02,8.30e+01
-1.90e+02,-1.74e+02,2.53e+02,8.20e+01
-1.12e+02,-8.58e+01,2.54e+02,8.20e+01
-1.14e+02,-8.96e+01,2.55e+02,8.30e+01
-1.13e+02,-9.03e+01,2.54e+02,8.30e+01
-1.12e+02,-8.47e+01,2.61e+02,8.60e+01
-1.12e+02,-8.91e+01,2.54e+02,8.30e+01
-1.13e+02,-8.69e+01,2.53e+02,8.20e+01
-1.13e+02,-8.39e+01,2.56e+02,8.30e+01
-1.12e+02,-8.03e+01,2.57e+02,8.40e+01
-1.11e+02,-8.39e+01,2.55e+02,8.30e+01
-1.10e+02,-8.29e+01,2.56e+02,8.30e+01
-1.12e+02,-8.55e+01,2.54e+02,8.20e+01
-1.18e+02,-8.69e+01,2.54e+02,8.30e+01
-1.14e+02,-8.66e+01,2.53e+02,8.20e+01
-1.13e+02,-8.98e+01,2.55e+02,8.30e+01
-1.11e+02,-8.09e+01,2.59e+02,8.40e+01
-1.10e+02,-7.91e+01,2.53e+02,8.20e+01
-1.11e+02,-8.50e+01,2.59e+02,8.40e+01
-1.14e+02,-8.72e+01,2.53e+02,8.20e+01
-1.11e+02,-7.53e+01,2.55e+02,8.20e+01
-1.13e+02,-8.76e+01,2.55e+02,8.30e+01
-1.15e+02,-9.37e+01,2.52e+02,8.20e+01
-1.12e+02,-8.37e+01,2.52e+02,8.20e+01
-1.12e+02,-8.67e+01,2.55e+02,8.20e+01
-1.09e+02,-7.22e+01,2.52e+02,8.20e+01
-1.13e+02,-8.59e+01,2.54e+02,8.20e+01
-1.12e+02,-8.10e+01,2.56e+02,8.40e+01
-1.12e+02,-8.46e+01,2.56e+02,8.30e+01
-1.13e+02,-8.96e+01,2.60e+02,8.50e+01
-1.12e+02,-7.96e+01,2.52e+02,8.20e+01
-1.14e+02,-9.07e+01,2.54e+02,8.20e+01
-1.11e+02,-7.96e+01,2.55e+02,8.30e+01
-1.11e+02,-8.10e+01,2.54e+02,8.30e+01
-1.18e+02,-8.89e+01,2.55e+02,8.40e+01
-1.11e+02,-8.39e+01,2.56e+02,8.40e+01
-1.12e+02,-8.48e+01,2.55e+02,8.30e+01
-1.11e+02,-8.03e+01,2.55e+02,8.30e+01
-1.13e+02,-8.69e+01,2.55e+02,8.30e+01
-1.12e+02,-8.36e+01,2.62e+02,8.60e+01
-1.12e+02,-8.85e+01,2.56e+02,8.30e+01
-1.12e+02,-8.54e+01,2.55e+02,8.30e+01
-1.14e+02,-9.11e+01,2.57e+02,8.40e+01
-1.11e+02,-8.48e+01,2.53e+02,8.20e+01
-1.10e+02,-7.95e+01,2.55e+02,8.20e+01
-1.19e+02,-8.95e+01,2.54e+02,8.20e+01
-1.10e+02,-8.24e+01,2.53e+02,8.30e+01
-1.10e+02,-8.12e+01,2.55e+02,8.30e+01
-1.13e+02,-8.40e+01,2.58e+02,8.40e+01
-1.12e+02,-8.49e+01,2.56e+02,8.30e+01
-1.11e+02,-8.25e+01,2.52e+02,8.20e+01
-1.18e+02,-8.47e+01,2.55e+02,8.30e+01
-1.14e+02,-8.47e+01,2.52e+02,8.20e+01
-1.10e+02,-8.03e+01,2.55e+02,8.30e+01
-1.10e+02,-8.02e+01,2.63e+02,8.70e+01
-1.27e+02,-8.52e+01,2.55e+02,8.30e+01
-1.12e+02,-8.39e+01,2.54e+02,8.20e+01
-1.11e+02,-8.11e+01,2.54e+02,8.20e+01
-1.11e+02,-8.30e+01,2.52e+02,8.20e+01
-1.09e+02,-7.41e+01,2.60e+02,8.50e+01
-1.13e+02,-8.80e+01,2.53e+02,8.20e+01
-1.13e+02,-8.70e+01,2.57e+02,8.50e+01
-1.11e+02,-8.24e+01,2.57e+02,8.50e+01
-1.13e+02,-8.69e+01,2.58e+02,8.40e+01
-1.11e+02,-7.94e+01,2.55e+02,8.30e+01
-1.13e+02,-8.62e+01,2.53e+02,8.20e+01
-1.10e+02,-8.07e+01,2.55e+02,8.30e+01
-1.11e+02,-8.04e+01,2.62e+02,8.60e+01
-1.13e+02,-8.02e+01,2.55e+02,8.30e+01
-1.12e+02,-8.45e+01,2.55e+02,8.30e+01
-1.11e+02,-8.09e+01,2.56e+02,8.40e+01
-1.13e+02,-8.63e+01,2.60e+02,8.50e+01
-1.12e+02,-8.95e+01,2.60e+02,8.50e+01
-1.18e+02,-8.28e+01,2.55e+02,8.20e+01
-1.10e+02,-7.67e+01,2.60e+02,8.50e+01
-1.12e+02,-8.09e+01,2.55e+02,8.40e+01
-1.13e+02,-8.71e+01,2.52e+02,8.20e+01
-1.09e+02,-7.76e+01,2.54e+02,8.20e+01
-1.12e+02,-7.89e+01,2.60e+02,8.50e+01
-1.11e+02,-8.44e+01,2.55e+02,8.30e+01
-1.10e+02,-8.15e+01,2.56e+02,8.30e+01
-1.22e+02,-9.97e+01,2.54e+02,8.30e+01
-1.13e+02,-8.94e+01,2.54e+02,8.20e+01
-1.12e+02,-8.66e+01,2.52e+02,8.20e+01
-1.13e+02,-8.68e+01,2.54e+02,8.20e+01
-1.10e+02,-7.73e+01,2.54e+02,8.30e+01
-1.12e+02,-8.72e+01,2.52e+02,8.20e+01
-1.13e+02,-8.50e+01,2.52e+02,8.20e+01
-1.09e+02,-7.82e+01,2.61e+02,8.50e+01
-1.11e+02,-8.47e+01,2.60e+02,8.50e+01
-1.12e+02,-7.54e+01,2.61e+02,8.50e+01
-1.11e+02,-7.89e+01,2.60e+02,8.50e+01
-1.13e+02,-8.31e+01,2.53e+02,8.20e+01
-1.10e+02,-8.32e+01,2.60e+02,8.50e+01
-1.11e+02,-8.56e+01,2.56e+02,8.40e+01
-1.10e+02,-8.28e+01,2.55e+02,8.20e+01
-1.11e+02,-8.06e+01,2.61e+02,8.50e+01
-1.13e+02,-8.87e+01,2.53e+02,8.20e+01
-1.11e+02,-7.89e+01,2.55e+02,8.40e+01
-1.13e+02,-8.49e+01,2.53e+02,8.20e+01
-1.12e+02,-8.33e+01,2.54e+02,8.30e+01
-1.13e+02,-8.42e+01,2.55e+02,8.20e+01
-1.11e+02,-8.19e+01,2.53e+02,8.20e+01
-1.13e+02,-8.63e+01,2.54e+02,8.20e+01
-1.13e+02,-8.51e+01,2.60e+02,8.50e+01
-1.68e+02,-1.01e+02,2.60e+02,8.50e+01
-1.13e+02,-9.00e+01,2.56e+02,8.40e+01
-1.13e+02,-8.72e+01,2.56e+02,8.40e+01
-1.10e+02,-7.13e+01,2.54e+02,8.20e+01
-1.10e+02,-8.39e+01,2.54e+02,8.30e+01
-1.80e+02,-9.83e+01,2.55e+02,8.30e+01
-1.14e+02,-9.29e+01,2.53e+02,8.30e+01
-1.33e+02,-1.01e+02,2.55e+02,8.30e+01
-1.07e+02,-7.33e+01,2.54e+02,8.30e+01
-1.11e+02,-8.09e+01,2.61e+02,8.50e+01
-1.10e+02,-7.69e+01,2.54e+02,8.30e+01
-1.10e+02,-7.47e+01,2.55e+02,8.30e+01
-1.20e+02,-9.39e+01,2.54e+02,8.20e+01
-1.21e+02,-8.50e+01,2.56e+02,8.40e+01
-1.10e+02,-7.91e+01,2.58e+02,8.40e+01
-1.12e+02,-8.50e+01,2.52e+02,8.20e+01
-1.10e+02,-8.20e+01,2.55e+02,8.30e+01
-1.12e+02,-8.09e+01,2.61e+02,8.60e+01
-1.14e+02,-8.99e+01,2.55e+02,8.30e+01
-1.13e+02,-8.82e+01,2.53e+02,8.20e+01
-1.11e+02,-8.03e+01,2.60e+02,8.60e+01
-1.12e+02,-8.50e+01,2.53e+02,8.20e+01
-1.11e+02,-7.78e+01,2.60e+02,8.50e+01
-1.10e+02,-7.95e+01,2.52e+02,8.20e+01
-1.12e+02,-8.37e+01,2.55e+02,8.20e+01
-1.13e+02,-8.83e+01,2.60e+02,8.50e+01
-1.50e+02,-1.00e+02,2.56e+02,8.40e+01
-1.13e+02,-7.92e+01,2.55e+02,8.30e+01
-1.12e+02,-8.44e+01,2.56e+02,8.40e+01
-1.12e+02,-8.43e+01,2.57e+02,8.40e+01
-1.18e+02,-1.01e+02,2.55e+02,8.30e+01
-1.11e+02,-8.29e+01,2.54e+02,8.20e+01
-1.10e+02,-7.68e+01,2.59e+02,8.40e+01
-1.11e+02,-8.32e+01,2.52e+02,8.20e+01
-1.13e+02,-8.47e+01,2.54e+02,8.30e+01
-1.10e+02,-7.55e+01,2.55e+02,8.30e+01
-1.12e+02,-8.65e+01,2.52e+02,8.20e+01
-1.14e+02,-8.47e+01,2.56e+02,8.40e+01
-1.11e+02,-8.07e+01,2.60e+02,8.50e+01
-1.12e+02,-8.70e+01,2.60e+02,8.60e+01
-1.14e+02,-9.14e+01,2.54e+02,8.30e+01
-1.13e+02,-8.72e+01,2.54e+02,8.20e+01
-1.10e+02,-7.64e+01,2.61e+02,8.50e+01
-1.12e+02,-8.06e+01,2.57e+02,8.40e+01
