2.25e+02,9.26e+02,6.30e+01,3.60e+01
1.45e+02,4.57e+02,6.10e+01,3.50e+01
1.18e+02,4.00e+02,6.40e+01,3.60e+01
1.50e+02,4.36e+02,6.10e+01,3.50e+01
1.76e+02,6.39e+02,6.30e+01,3.60e+01
1.55e+02,5.39e+02,6.40e+01,3.70e+01
1.61e+02,5.95e+02,6.10e+01,3.50e+01
1.38e+02,5.92e+02,6.40e+01,3.60e+01
1.45e+02,5.44e+02,6.10e+01,3.50e+01
1.71e+02,7.65e+02,6.30e+01,3.60e+01
1.89e+02,8.51e+02,6.50e+01,3.70e+01
1.76e+02,6.22e+02,6.10e+01,3.50e+01
1.44e+02,4.53e+02,6.40e+01,3.70e+01
1.35e+02,4.36e+02,6.30e+01,3.60e+01
2.11e+02,7.20e+02,6.20e+01,3.60e+01
1.77e+02,4.95e+02,6.50e+01,3.60e+01
1.85e+02,6.15e+02,6.10e+01,3.50e+01
1.33e+02,4.96e+02,6.40e+01,3.60e+01
8.03e+01,1.50e+02,6.30e+01,3.60e+01
1.36e+02,2.90e+02,6.60e+01,3.80e+01
1.48e+02,6.98e+02,6.10e+01,3.50e+01
1.39e+02,4.14e+02,6.30e+01,3.60e+01
1.03e+02,2.40e+02,6.50e+01,3.60e+01
1.45e+02,4.73e+02,6.20e+01,3.50e+01
1.59e+02,5.93e+02,6.50e+01,3.60e+01
1.09e+02,2.20e+02,6.10e+01,3.50e+01
1.67e+02,6.49e+02,6.20e+01,3.60e+01
1.83e+02,5.29e+02,6.40e+01,3.70e+01
1.76e+02,6.42e+02,6.30e+01,3.60e+01
1.69e+02,5.86e+02,6.50e+01,3.70e+01
1.62e+02,5.53e+02,6.10e+01,3.50e+01
1.69e+02,6.19e+02,6.20e+01,3.50e+01
1.74e+02,6.44e+02,6.40e+01,3.70e+01
1.23e+02,2.67e+02,6.60e+01,3.80e+01
1.57e+02,4.46e+02,6.10e+01,3.50e+01
1.41e+02,4.10e+02,6.20e+01,3.60e+01
7.48e+01,1.68e+02,6.50e+01,3.70e+01
1.16e+02,2.68e+02,6.40e+01,3.60e+01
1.84e+02,5.01e+02,6.30e+01,3.60e+01
1.65e+02,6.00e+02,6.50e+01,3.70e+01
1.66e+02,5.77e+02,6.10e+01,3.50e+01
1.79e+02,7.35e+02,6.20e+01,3.60e+01
1.70e+02,6.36e+02,6.30e+01,3.60e+01
1.39e+02,4.63e+02,6.40e+01,3.60e+01
1.54e+02,6.03e+02,6.50e+01,3.70e+01
1.85e+02,6.14e+02,6.10e+01,3.50e+01
1.70e+02,5.27e+02,6.20e+01,3.50e+01
1.26e+02,3.79e+02,6.30e+01,3.60e+01
1.66e+02,7.27e+02,6.40e+01,3.60e+01
1.96e+02,7.39e+02,6.20e+01,3.60e+01
1.47e+02,3.92e+02,6.10e+01,3.50e+01
1.30e+02,3.14e+02,6.40e+01,3.70e+01
1.45e+02,4.89e+02,6.50e+01,3.70e+01
1.09e+02,2.36e+02,6.10e+01,3.50e+01
6.66e+01,1.30e+02,6.30e+01,3.60e+01
1.08e+02,1.90e+02,6.40e+01,3.70e+01
1.51e+02,5.72e+02,6.40e+01,3.60e+01
1.79e+02,7.46e+02,6.30e+01,3.60e+01
1.14e+02,4.10e+02,6.40e+01,3.60e+01
1.75e+02,6.02e+02,6.20e+01,3.50e+01
1.58e+02,4.51e+02,6.10e+01,3.50e+01
1.55e+02,4.22e+02,6.10e+01,3.50e+01
1.66e+02,7.32e+02,6.40e+01,3.60e+01
1.48e+02,4.81e+02,6.40e+01,3.70e+01
9.64e+01,2.34e+02,6.20e+01,3.50e+01
1.22e+02,4.62e+02,6.30e+01,3.60e+01
1.89e+02,6.28e+02,6.40e+01,3.70e+01
1.13e+02,3.82e+02,6.40e+01,3.60e+01
1.78e+02,5.67e+02,6.40e+01,3.60e+01
1.80e+02,4.20e+02,6.40e+01,3.70e+01
1.46e+02,4.97e+02,6.20e+01,3.50e+01
1.71e+02,6.17e+02,6.60e+01,3.80e+01
1.73e+02,6.40e+02,6.30e+01,3.60e+01
2.80e+01,8.47e+01,6.10e+01,3.50e+01
1.99e+02,7.52e+02,6.40e+01,3.70e+01
1.74e+02,7.25e+02,6.30e+01,3.60e+01
1.43e+02,4.06e+02,6.20e+01,3.50e+01
1.30e+02,3.25e+02,6.30e+01,3.60e+01
1.84e+02,7.04e+02,6.10e+01,3.50e+01
1.11e+02,2.81e+02,6.30e+01,3.60e+01
1.55e+02,7.36e+02,6.60e+01,3.70e+01
1.27e+02,5.01e+02,6.50e+01,3.60e+01
1.40e+02,4.53e+02,6.20e+01,3.50e+01
9.40e+01,1.66e+02,6.40e+01,3.60e+01
1.88e+02,7.23e+02,6.10e+01,3.50e+01
1.33e+02,4.84e+02,6.10e+01,3.50e+01
1.02e+02,2.92e+02,6.10e+01,3.50e+01
1.40e+02,4.91e+02,6.10e+01,3.50e+01
1.31e+02,4.81e+02,6.10e+01,3.50e+01
1.57e+02,6.26e+02,6.10e+01,3.50e+01
1.32e+02,3.81e+02,6.30e+01,3.60e+01
5.53e+01,1.36e+02,6.40e+01,3.60e+01
1.26e+02,5.08e+02,6.40e+01,3.60e+01
2.01e+02,8.77e+02,6.50e+01,3.60e+01
1.22e+02,3.93e+02,6.10e+01,3.50e+01
1.28e+02,4.59e+02,6.60e+01,3.80e+01
2.00e+02,8.26e+02,6.10e+01,3.50e+01
1.33e+02,3.33e+02,6.20e+01,3.50e+01
1.46e+02,4.30e+02,6.10e+01,3.50e+01
-4.92e+01,-1.52e+01,6.40e+01,3.70e+01
1.43e+02,3.88e+02,6.20e+01,3.60e+01
1.31e+02,3.50e+02,6.40e+01,3.60e+01
2.00e+02,7.22e+02,6.10e+01,3.50e+01
1.23e+02,4.30e+02,6.10e+01,3.50e+01
1.50e+02,6.40e+02,6.40e+01,3.60e+01
7.84e+01,2.33e+02,6.30e+01,3.60e+01
1.36e+02,4.65e+02,6.40e+01,3.60e+01
1.82e+02,5.80e+02,6.20e+01,3.60e+01
1.64e+02,7.39e+02,6.50e+01,3.70e+01
1.44e+02,4.78e+02,6.70e+01,3.90e+01
1.38e+02,4.40e+02,6.30e+01,3.60e+01
1.87e+02,5.73e+02,6.40e+01,3.60e+01
2.14e+02,9.03e+02,6.50e+01,3.70e+01
8.10e+01,1.57e+02,6.50e+01,3.60e+01
1.72e+02,5.86e+02,6.10e+01,3.50e+01
1.42e+02,4.13e+02,6.10e+01,3.50e+01
1.91e+02,7.46e+02,6.10e+01,3.50e+01
1.32e+02,4.62e+02,6.10e+01,3.50e+01
2.16e+02,7.58e+02,6.50e+01,3.60e+01
1.65e+02,7.40e+02,6.10e+01,3.50e+01
1.43e+02,6.61e+02,6.30e+01,3.60e+01
1.60e+02,5.88e+02,6.10e+01,3.50e+01
1.45e+02,4.61e+02,6.40e+01,3.60e+01
1.59e+02,5.87e+02,6.30e+01,3.60e+01
1.85e+02,6.58e+02,6.10e+01,3.50e+01
1.15e+02,4.07e+02,6.20e+01,3.50e+01
1.09e+02,3.78e+02,6.50e+01,3.70e+01
1.52e+02,5.81e+02,6.10e+01,3.50e+01
2.23e+02,9.01e+02,6.20e+01,3.50e+01
1.78e+02,4.80e+02,6.40e+01,3.70e+01
2.10e+02,7.78e+02,6.40e+01,3.70e+01
1.50e+02,5.38e+02,6.10e+01,3.50e+01
1.24e+02,4.12e+02,6.30e+01,3.60e+01
1.34e+02,3.67e+02,6.10e+01,3.50e+01
1.44e+02,4.75e+02,6.30e+01,3.60e+01
-3.48e+01,-2.92e+01,6.10e+01,3.50e+01
2.07e+02,7.64e+02,6.10e+01,3.50e+01
1.76e+02,6.15e+02,6.10e+01,3.50e+01
2.02e+02,8.96e+02,6.50e+01,3.60e+01
1.98e+02,5.78e+02,6.20e+01,3.50e+01
9.61e+01,2.04e+02,6.40e+01,3.60e+01
1.73e+02,6.02e+02,6.20e+01,3.60e+01
1.56e+02,5.29e+02,6.10e+01,3.50e+01
9.74e+01,1.51e+02,6.50e+01,3.70e+01
2.03e+02,6.53e+02,6.50e+01,3.70e+01
2.13e+02,7.43e+02,6.10e+01,3.50e+01
1.40e+02,3.77e+02,6.10e+01,3.50e+01
1.18e+02,4.46e+02,6.40e+01,3.60e+01
1.28e+02,2.97e+02,6.40e+01,3.60e+01
1.62e+02,5.71e+02,6.10e+01,3.50e+01
1.14e+02,2.72e+02,6.40e+01,3.60e+01
1.12e+02,3.03e+02,6.50e+01,3.70e+01
2.02e+02,7.49e+02,6.40e+01,3.60e+01
1.47e+02,3.13e+02,6.60e+01,3.80e+01
1.80e+02,7.06e+02,6.20e+01,3.60e+01
1.18e+02,3.82e+02,6.10e+01,3.50e+01
-6.39e+01,-3.06e+01,6.10e+01,3.50e+01
1.02e+02,3.12e+02,6.10e+01,3.50e+01
1.86e+02,7.42e+02,6.40e+01,3.60e+01
1.73e+02,6.33e+02,6.50e+01,3.60e+01
1.78e+02,4.47e+02,6.30e+01,3.60e+01
1.01e+02,3.15e+02,6.10e+01,3.50e+01
9.60e+01,1.59e+02,6.30e+01,3.60e+01
1.30e+02,3.88e+02,6.40e+01,3.60e+01
7.43e+01,2.25e+02,6.20e+01,3.50e+01
1.53e+02,4.74e+02,6.40e+01,3.60e+01
1.37e+02,4.67e+02,6.10e+01,3.50e+01
1.20e+02,2.80e+02,6.20e+01,3.60e+01
1.51e+02,4.75e+02,6.40e+01,3.70e+01
2.10e+02,7.31e+02,6.30e+01,3.60e+01
1.91e+02,6.14e+02,6.30e+01,3.50e+01
1.33e+02,4.69e+02,6.30e+01,3.60e+01
1.61e+02,4.30e+02,6.30e+01,3.60e+01
1.83e+02,6.46e+02,6.40e+01,3.60e+01
1.01e+02,1.45e+02,6.20e+01,3.60e+01
1.26e+02,3.23e+02,6.30e+01,3.60e+01
1.12e+02,2.05e+02,6.30e+01,3.70e+01
2.10e+02,7.98e+02,6.30e+01,3.60e+01
1.21e+02,2.00e+02,6.20e+01,3.50e+01
1.61e+02,4.91e+02,6.50e+01,3.70e+01
1.02e+02,2.37e+02,6.10e+01,3.50e+01
4.54e+01,7.09e+01,6.10e+01,3.50e+01
1.62e+02,4.36e+02,6.30e+01,3.60e+01
1.28e+02,2.87e+02,6.10e+01,3.50e+01
1.31e+02,4.60e+02,6.30e+01,3.60e+01
1.22e+02,4.46e+02,6.30e+01,3.60e+01
2.23e+02,8.62e+02,6.30e+01,3.60e+01
1.45e+02,4.38e+02,6.60e+01,3.60e+01
1.66e+02,6.22e+02,6.20e+01,3.60e+01
1.77e+02,7.19e+02,6.50e+01,3.70e+01
1.29e+02,3.64e+02,6.10e+01,3.50e+01
1.21e+02,2.45e+02,6.10e+01,3.50e+01
1.54e+02,4.68e+02,6.30e+01,3.60e+01
1.51e+02,4.89e+02,6.40e+01,3.70e+01
1.81e+02,6.03e+02,6.10e+01,3.50e+01
1.76e+02,7.16e+02,6.20e+01,3.50e+01
1.49e+02,3.99e+02,6.60e+01,3.70e+01
1.35e+02,3.04e+02,6.20e+01,3.50e+01
1.18e+02,2.00e+02,6.30e+01,3.60e+01
1.30e+02,4.37e+02,6.10e+01,3.50e+01
1.67e+02,5.84e+02,6.60e+01,3.80e+01
1.38e+02,5.91e+02,6.10e+01,3.50e+01
1.78e+02,7.61e+02,6.30e+01,3.60e+01
1.61e+02,4.52e+02,6.30e+01,3.60e+01
1.05e+02,5.03e+02,6.50e+01,3.60e+01
1.57e+02,4.07e+02,6.10e+01,3.50e+01
1.06e+02,2.51e+02,6.50e+01,3.70e+01
1.74e+02,5.63e+02,6.10e+01,3.50e+01
1.27e+02,2.98e+02,6.20e+01,3.50e+01
1.76e+02,5.52e+02,6.50e+01,3.80e+01
2.08e+02,7.77e+02,6.30e+01,3.60e+01
1.76e+02,6.20e+02,6.10e+01,3.50e+01
2.07e+02,7.17e+02,6.30e+01,3.60e+01
1.29e+02,3.12e+02,6.30e+01,3.60e+01
2.05e+02,7.05e+02,6.40e+01,3.70e+01
1.57e+02,4.13e+02,6.30e+01,3.60e+01
1.87e+02,5.74e+02,6.30e+01,3.60e+01
1.35e+02,4.05e+02,6.50e+01,3.70e+01
1.36e+02,4.26e+02,6.30e+01,3.60e+01
1.03e+02,2.66e+02,6.40e+01,3.60e+01
1.83e+02,5.99e+02,6.30e+01,3.60e+01
-5.89e+01,-2.70e+01,6.40e+01,3.70e+01
1.50e+02,4.94e+02,6.30e+01,3.60e+01
1.61e+02,4.61e+02,6.20e+01,3.60e+01
1.57e+02,5.28e+02,6.50e+01,3.60e+01
1.92e+02,6.10e+02,6.10e+01,3.50e+01
1.50e+02,4.04e+02,6.20e+01,3.60e+01
1.93e+02,6.55e+02,6.40e+01,3.60e+01
1.47e+02,3.38e+02,6.40e+01,3.60e+01
1.22e+02,2.59e+02,6.40e+01,3.70e+01
1.65e+02,6.00e+02,6.50e+01,3.60e+01
1.43e+02,5.60e+02,6.30e+01,3.60e+01
9.33e+01,2.00e+02,6.10e+01,3.50e+01
1.10e+02,2.97e+02,6.50e+01,3.60e+01
1.33e+02,3.96e+02,6.40e+01,3.70e+01
1.38e+02,3.09e+02,6.10e+01,3.50e+01
9.14e+01,1.85e+02,6.40e+01,3.60e+01
1.53e+02,4.79e+02,6.20e+01,3.50e+01
1.91e+02,6.17e+02,6.70e+01,3.70e+01
1.66e+02,4.04e+02,6.40e+01,3.60e+01
1.48e+02,4.50e+02,6.20e+01,3.50e+01
6.57e+01,1.20e+02,6.10e+01,3.50e+01
1.36e+02,4.00e+02,6.10e+01,3.50e+01
1.55e+02,4.70e+02,6.10e+01,3.50e+01
1.55e+02,5.95e+02,6.40e+01,3.60e+01
1.37e+02,4.21e+02,6.30e+01,3.60e+01
1.70e+02,6.10e+02,6.30e+01,3.60e+01
1.51e+02,4.61e+02,6.50e+01,3.70e+01
1.48e+02,4.31e+02,6.30e+01,3.60e+01
1.89e+02,7.35e+02,6.40e+01,3.60e+01
1.31e+02,4.58e+02,6.10e+01,3.50e+01
1.68e+02,7.02e+02,6.40e+01,3.70e+01
2.11e+02,9.21e+02,6.40e+01,3.70e+01
1.51e+02,5.01e+02,6.20e+01,3.50e+01
1.46e+02,5.61e+02,6.10e+01,3.50e+01
1.79e+02,5.76e+02,6.10e+01,3.50e+01
1.76e+02,8.00e+02,6.30e+01,3.60e+01
1.31e+02,4.30e+02,6.60e+01,3.80e+01
1.45e+02,4.42e+02,6.40e+01,3.70e+01
1.10e+02,3.11e+02,6.40e+01,3.60e+01
1.75e+02,5.88e+02,6.10e+01,3.50e+01
1.59e+02,5.80e+02,6.40e+01,3.60e+01
1.58e+02,5.21e+02,6.30e+01,3.60e+01
1.11e+02,2.90e+02,6.20e+01,3.50e+01
1.16e+02,2.86e+02,6.10e+01,3.50e+01
1.18e+02,4.62e+02,6.40e+01,3.60e+01
1.56e+02,4.16e+02,6.30e+01,3.60e+01
1.80e+02,6.17e+02,6.10e+01,3.50e+01
1.18e+02,1.30e+02,6.40e+01,3.60e+01
1.11e+02,3.00e+02,6.30e+01,3.60e+01
2.03e+02,6.83e+02,6.20e+01,3.60e+01
1.64e+02,6.29e+02,6.10e+01,3.50e+01
2.20e+02,8.95e+02,6.40e+01,3.60e+01
1.11e+02,3.03e+02,6.20e+01,3.60e+01
1.29e+02,4.27e+02,6.10e+01,3.50e+01
2.09e+02,8.51e+02,6.10e+01,3.50e+01
1.32e+02,3.01e+02,6.50e+01,3.60e+01
2.03e+02,7.25e+02,6.40e+01,3.60e+01
1.61e+02,5.51e+02,6.10e+01,3.50e+01
1.58e+02,5.12e+02,6.40e+01,3.60e+01
1.71e+02,5.77e+02,6.50e+01,3.60e+01
1.80e+02,6.03e+02,6.40e+01,3.70e+01
2.17e+02,8.85e+02,6.30e+01,3.60e+01
1.83e+02,7.35e+02,6.50e+01,3.60e+01
1.54e+02,5.28e+02,6.30e+01,3.60e+01
1.17e+02,2.91e+02,6.20e+01,3.60e+01
1.68e+02,5.58e+02,6.10e+01,3.50e+01
1.32e+02,5.35e+02,6.30e+01,3.60e+01
1.96e+02,6.23e+02,6.10e+01,3.50e+01
1.95e+02,6.47e+02,6.30e+01,3.60e+01
1.51e+02,4.69e+02,6.60e+01,3.60e+01
8.65e+01,2.04e+02,6.60e+01,3.80e+01
1.89e+02,5.57e+02,6.30e+01,3.70e+01
1.53e+02,4.14e+02,6.10e+01,3.50e+01
1.26e+02,4.25e+02,6.30e+01,3.60e+01
7.38e+01,1.80e+02,6.50e+01,3.60e+01
1.59e+02,5.87e+02,6.30e+01,3.60e+01
1.52e+02,4.34e+02,6.20e+01,3.50e+01
2.02e+02,6.71e+02,6.40e+01,3.60e+01
1.58e+02,6.02e+02,6.50e+01,3.70e+01
1.15e+02,3.61e+02,6.50e+01,3.60e+01
1.03e+02,1.78e+02,6.10e+01,3.50e+01
1.46e+02,4.31e+02,6.40e+01,3.70e+01
1.03e+02,3.06e+02,6.50e+01,3.60e+01
1.51e+02,6.36e+02,6.40e+01,3.60e+01
1.79e+02,5.80e+02,6.30e+01,3.60e+01
1.82e+02,5.95e+02,6.50e+01,3.60e+01
2.03e+02,8.94e+02,6.40e+01,3.70e+01
3.63e+01,8.11e+01,6.10e+01,3.50e+01
1.22e+02,6.21e+02,6.40e+01,3.70e+01
1.65e+02,6.08e+02,6.30e+01,3.60e+01
1.84e+02,5.61e+02,6.30e+01,3.60e+01
2.22e+02,6.95e+02,6.20e+01,3.60e+01
9.67e+01,3.28e+02,6.30e+01,3.70e+01
1.82e+02,5.66e+02,6.10e+01,3.50e+01
1.94e+02,7.08e+02,6.40e+01,3.70e+01
7.22e+01,1.91e+02,6.50e+01,3.60e+01
1.20e+02,3.71e+02,6.30e+01,3.60e+01
2.02e+02,7.43e+02,6.20e+01,3.60e+01
1.14e+02,1.98e+02,6.40e+01,3.60e+01
9.63e+01,2.57e+02,6.30e+01,3.60e+01
1.76e+02,6.05e+02,6.10e+01,3.50e+01
2.09e+02,7.15e+02,6.20e+01,3.50e+01
6.70e+01,2.47e+02,6.50e+01,3.60e+01
7.95e+01,2.78e+02,6.60e+01,3.70e+01
1.59e+02,6.25e+02,6.10e+01,3.50e+01
7.89e+01,5.23e+02,6.10e+01,3.50e+01
5.27e+01,9.99e+01,6.30e+01,3.60e+01
1.49e+02,5.54e+02,6.40e+01,3.70e+01
1.76e+02,6.09e+02,6.30e+01,3.60e+01
1.68e+02,5.80e+02,6.20e+01,3.50e+01
1.52e+02,4.49e+02,6.40e+01,3.70e+01
1.68e+02,5.83e+02,6.10e+01,3.50e+01
1.16e+02,4.62e+02,6.40e+01,3.70e+01
1.72e+02,5.16e+02,6.30e+01,3.60e+01
1.63e+02,5.31e+02,6.40e+01,3.60e+01
1.56e+02,5.40e+02,6.20e+01,3.50e+01
1.42e+02,3.99e+02,6.10e+01,3.50e+01
1.35e+02,4.51e+02,6.20e+01,3.60e+01
1.77e+02,7.26e+02,6.60e+01,3.80e+01
1.06e+02,2.85e+02,6.10e+01,3.50e+01
1.70e+02,5.95e+02,6.10e+01,3.50e+01
1.51e+02,5.62e+02,6.30e+01,3.60e+01
1.68e+02,4.68e+02,6.50e+01,3.70e+01
1.68e+02,6.26e+02,6.50e+01,3.60e+01
1.73e+02,6.40e+02,6.20e+01,3.60e+01
1.93e+02,5.92e+02,6.30e+01,3.60e+01
2.20e+02,9.33e+02,6.30e+01,3.60e+01
1.23e+02,4.33e+02,6.30e+01,3.60e+01
1.27e+02,4.36e+02,6.30e+01,3.60e+01
1.79e+02,6.79e+02,6.30e+01,3.60e+01
1.70e+02,6.04e+02,6.20e+01,3.50e+01
1.84e+02,6.01e+02,6.30e+01,3.60e+01
1.54e+02,3.61e+02,6.10e+01,3.50e+01
1.62e+02,5.46e+02,6.10e+01,3.50e+01
1.23e+02,2.87e+02,6.50e+01,3.70e+01
1.88e+02,5.82e+02,6.50e+01,3.70e+01
1.33e+02,4.52e+02,6.30e+01,3.60e+01
1.83e+02,7.89e+02,6.30e+01,3.60e+01
1.38e+02,4.10e+02,6.50e+01,3.60e+01
1.16e+02,2.31e+02,6.10e+01,3.50e+01
1.87e+02,6.23e+02,6.50e+01,3.60e+01
1.18e+02,3.03e+02,6.10e+01,3.50e+01
1.93e+02,5.65e+02,6.50e+01,3.60e+01
1.76e+02,5.48e+02,6.30e+01,3.60e+01
1.14e+02,5.01e+02,6.50e+01,3.70e+01
1.04e+02,1.74e+02,6.10e+01,3.50e+01
1.04e+02,2.88e+02,6.10e+01,3.50e+01
1.31e+02,4.09e+02,6.20e+01,3.50e+01
1.70e+02,5.69e+02,6.10e+01,3.50e+01
1.93e+02,7.17e+02,6.20e+01,3.60e+01
2.22e+02,8.90e+02,6.40e+01,3.60e+01
8.82e+01,2.06e+02,6.10e+01,3.50e+01
2.01e+02,7.58e+02,6.30e+01,3.60e+01
1.96e+02,9.05e+02,6.10e+01,3.50e+01
1.68e+02,5.74e+02,6.50e+01,3.60e+01
1.65e+02,4.50e+02,6.10e+01,3.50e+01
1.52e+02,5.67e+02,6.20e+01,3.60e+01
1.61e+02,6.42e+02,6.10e+01,3.50e+01
1.44e+02,6.10e+02,6.30e+01,3.60e+01
1.22e+02,3.83e+02,6.20e+01,3.50e+01
1.84e+02,5.98e+02,6.40e+01,3.70e+01
1.67e+02,4.68e+02,6.50e+01,3.60e+01
1.70e+02,6.47e+02,6.20e+01,3.50e+01
1.08e+02,2.07e+02,6.50e+01,3.70e+01
1.20e+02,3.74e+02,6.40e+01,3.60e+01
1.65e+02,5.73e+02,6.10e+01,3.50e+01
1.62e+02,5.69e+02,6.70e+01,3.80e+01
1.30e+02,3.69e+02,6.30e+01,3.60e+01
1.54e+02,4.51e+02,6.40e+01,3.60e+01
9.79e+01,2.38e+02,6.50e+01,3.60e+01
1.26e+02,2.99e+02,6.30e+01,3.70e+01
1.31e+02,2.72e+02,6.50e+01,3.70e+01
1.40e+02,3.79e+02,6.30e+01,3.60e+01
1.06e+02,2.71e+02,6.30e+01,3.60e+01
1.54e+02,4.88e+02,6.40e+01,3.60e+01
1.67e+02,5.91e+02,6.30e+01,3.60e+01
9.27e+01,2.47e+02,6.10e+01,3.50e+01
2.08e+02,8.35e+02,6.40e+01,3.70e+01
1.69e+02,5.85e+02,6.20e+01,3.50e+01
1.16e+02,2.85e+02,6.40e+01,3.60e+01
1.65e+02,5.78e+02,6.10e+01,3.50e+01
1.02e+02,2.11e+02,6.30e+01,3.60e+01
1.87e+02,7.56e+02,6.40e+01,3.60e+01
2.03e+02,7.83e+02,6.20e+01,3.50e+01
1.28e+02,4.38e+02,6.10e+01,3.50e+01
1.81e+02,6.07e+02,6.20e+01,3.50e+01
1.95e+02,8.05e+02,6.10e+01,3.50e+01
1.39e+02,3.12e+02,6.40e+01,3.60e+01
1.57e+02,4.68e+02,6.20e+01,3.60e+01
1.32e+02,4.12e+02,6.20e+01,3.60e+01
1.26e+02,4.47e+02,6.40e+01,3.70e+01
1.33e+02,4.05e+02,6.40e+01,3.60e+01
1.32e+02,4.23e+02,6.10e+01,3.50e+01
1.55e+02,4.43e+02,6.30e+01,3.60e+01
1.31e+02,4.98e+02,6.10e+01,3.50e+01
-4.22e+01,0.00e+00,6.40e+01,3.70e+01
1.69e+02,6.34e+02,6.30e+01,3.60e+01
1.33e+02,4.58e+02,6.30e+01,3.60e+01
1.87e+02,5.69e+02,6.10e+01,3.50e+01
1.28e+02,3.73e+02,6.40e+01,3.60e+01
8.15e+01,1.75e+02,6.40e+01,3.70e+01
2.19e+02,8.36e+02,6.30e+01,3.60e+01
7.57e+01,1.81e+02,6.20e+01,3.60e+01
1.48e+02,4.24e+02,6.60e+01,3.70e+01
1.06e+02,3.03e+02,6.30e+01,3.60e+01
1.45e+02,3.13e+02,6.40e+01,3.70e+01
1.19e+02,2.37e+02,6.40e+01,3.60e+01
1.25e+02,2.97e+02,6.40e+01,3.60e+01
1.70e+02,6.61e+02,6.50e+01,3.70e+01
1.43e+02,3.70e+02,6.50e+01,3.60e+01
9.46e+01,2.08e+02,6.40e+01,3.60e+01
2.04e+02,6.52e+02,6.10e+01,3.50e+01
1.72e+02,6.05e+02,6.40e+01,3.60e+01
1.49e+02,4.23e+02,6.40e+01,3.60e+01
1.53e+02,5.28e+02,6.40e+01,3.60e+01
3.53e+01,1.01e+02,6.30e+01,3.60e+01
1.68e+02,5.67e+02,6.30e+01,3.60e+01
1.06e+02,2.63e+02,6.30e+01,3.60e+01
1.09e+02,2.70e+02,6.70e+01,3.80e+01
1.40e+02,4.29e+02,6.10e+01,3.50e+01
7.88e+01,2.76e+02,6.40e+01,3.70e+01
1.10e+02,4.32e+02,6.10e+01,3.50e+01
1.70e+02,4.81e+02,6.20e+01,3.60e+01
1.55e+02,5.33e+02,6.10e+01,3.50e+01
1.01e+02,2.56e+02,6.60e+01,3.70e+01
8.96e+01,1.40e+02,6.50e+01,3.60e+01
1.35e+02,4.29e+02,6.20e+01,3.50e+01
1.45e+02,4.59e+02,6.40e+01,3.60e+01
1.55e+02,5.62e+02,6.10e+01,3.50e+01
1.13e+02,3.12e+02,6.40e+01,3.60e+01
1.84e+02,7.80e+02,6.10e+01,3.50e+01
1.48e+02,5.75e+02,6.10e+01,3.50e+01
1.21e+02,3.28e+02,6.10e+01,3.50e+01
1.61e+02,6.09e+02,6.40e+01,3.60e+01
1.22e+02,4.25e+02,6.20e+01,3.50e+01
4.14e+01,3.36e+02,6.50e+01,3.70e+01
1.29e+02,3.61e+02,6.40e+01,3.60e+01
1.85e+02,7.49e+02,6.30e+01,3.60e+01
1.93e+02,7.42e+02,6.20e+01,3.60e+01
1.57e+02,4.31e+02,6.20e+01,3.50e+01
1.32e+02,4.45e+02,6.30e+01,3.60e+01
9.16e+01,2.32e+02,6.30e+01,3.60e+01
1.53e+02,4.45e+02,6.40e+01,3.60e+01
9.79e+01,3.12e+02,6.50e+01,3.70e+01
2.22e+02,8.36e+02,6.40e+01,3.60e+01
1.09e+02,2.27e+02,6.10e+01,3.50e+01
2.01e+02,6.98e+02,6.40e+01,3.70e+01
1.97e+02,7.36e+02,6.10e+01,3.50e+01
1.46e+02,3.84e+02,6.40e+01,3.60e+01
1.34e+02,5.36e+02,6.40e+01,3.70e+01
8.67e+01,1.42e+02,6.50e+01,3.70e+01
1.74e+02,5.93e+02,6.10e+01,3.50e+01
1.58e+02,4.03e+02,6.20e+01,3.50e+01
1.48e+02,4.70e+02,6.10e+01,3.50e+01
1.03e+02,3.00e+02,6.40e+01,3.70e+01
1.46e+02,3.71e+02,6.10e+01,3.50e+01
1.26e+02,4.00e+02,6.10e+01,3.50e+01
1.74e+02,6.35e+02,6.20e+01,3.50e+01
8.92e+01,1.76e+02,6.40e+01,3.70e+01
