-1.49e+01,5.24e+01,8.40e+01,2.80e+01
3.78e+01,1.26e+02,8.30e+01,2.80e+01
1.09e+00,1.28e+02,8.40e+01,2.80e+01
2.72e+01,1.14e+02,8.30e+01,2.80e+01
1.15e+01,8.33e+01,8.50e+01,2.80e+01
1.74e+01,1.02e+02,8.40e+01,2.80e+01
2.09e+01,1.23e+02,8.60e+01,2.90e+01
8.75e-01,1.33e+02,8.30e+01,2.90e+01
2.18e+01,1.05e+02,8.40e+01,2.80e+01
6.39e+00,4.98e+01,8.40e+01,2.80e+01
2.07e+01,9.41e+01,8.30e+01,2.80e+01
2.21e+01,1.05e+02,8.50e+01,2.80e+01
8.19e+00,1.46e+02,8.30e+01,2.80e+01
3.65e+01,1.10e+02,8.50e+01,2.80e+01
1.70e+01,1.47e+02,8.40e+01,2.90e+01
3.83e+01,1.30e+02,8.40e+01,2.80e+01
-5.30e-01,1.37e+02,8.40e+01,2.80e+01
3.49e+00,1.56e+02,8.50e+01,2.90e+01
5.97e+00,1.29e+02,8.70e+01,3.10e+01
2.54e+01,1.42e+02,8.40e+01,2.80e+01
3.19e+01,1.70e+02,8.40e+01,2.80e+01
8.30e-01,5.45e+01,8.40e+01,2.80e+01
3.75e+01,1.52e+02,8.50e+01,2.80e+01
1.08e+01,1.61e+02,8.10e+01,2.70e+01
-3.99e+00,5.57e+01,8.50e+01,2.90e+01
4.62e+01,2.74e+02,8.40e+01,2.80e+01
3.24e+01,1.83e+02,8.50e+01,2.80e+01
8.41e+00,1.42e+02,8.40e+01,2.80e+01
-2.61e+00,4.37e+01,8.40e+01,2.80e+01
4.79e+01,2.21e+02,8.40e+01,2.80e+01
2.22e+01,1.13e+02,8.40e+01,2.80e+01
7.91e-02,4.49e+01,8.40e+01,2.80e+01
3.40e+00,1.08e+02,8.50e+01,2.90e+01
1.92e+01,1.21e+02,8.40e+01,2.80e+01
-1.45e+01,1.00e+02,8.50e+01,2.90e+01
3.42e+01,1.42e+02,8.40e+01,2.80e+01
4.77e+01,2.73e+02,8.40e+01,2.80e+01
8.42e+00,1.22e+02,8.50e+01,2.90e+01
-3.51e+00,9.01e+01,8.50e+01,2.90e+01
1.03e+01,5.58e+01,8.30e+01,2.80e+01
2.99e+00,7.60e+01,8.40e+01,2.80e+01
1.71e+01,1.45e+02,8.40e+01,2.80e+01
1.24e+01,1.22e+02,8.30e+01,2.80e+01
4.55e+00,4.50e+01,8.50e+01,2.80e+01
1.86e+01,1.44e+02,8.40e+01,2.80e+01
1.13e+01,1.11e+02,8.50e+01,2.80e+01
2.71e+01,2.24e+02,8.40e+01,2.80e+01
3.03e+01,1.76e+02,8.40e+01,2.80e+01
1.16e+01,1.35e+02,8.40e+01,2.90e+01
-6.13e+00,4.88e+01,8.30e+01,2.80e+01
3.03e+01,2.17e+02,8.40e+01,2.80e+01
2.45e+01,1.28e+02,8.60e+01,2.90e+01
1.39e+01,1.12e+02,8.30e+01,2.80e+01
1.20e+01,1.54e+02,8.60e+01,2.90e+01
-1.39e+01,4.43e+01,8.50e+01,2.80e+01
1.04e+01,4.52e+01,8.40e+01,2.80e+01
-9.01e-01,1.09e+02,8.40e+01,2.80e+01
-1.70e-01,1.24e+02,8.60e+01,2.80e+01
1.92e+01,9.49e+01,8.40e+01,2.80e+01
2.18e+01,7.89e+01,8.50e+01,2.80e+01
2.56e+01,2.49e+02,8.30e+01,2.80e+01
1.20e+01,7.12e+01,8.60e+01,2.90e+01
6.89e+00,1.54e+02,8.60e+01,2.90e+01
1.99e+01,1.28e+02,8.50e+01,2.80e+01
4.17e+00,6.77e+01,8.30e+01,2.80e+01
-4.72e+00,5.24e+01,8.60e+01,2.90e+01
2.72e+01,2.63e+02,8.40e+01,2.80e+01
3.42e+01,1.65e+02,8.30e+01,2.80e+01
2.29e+01,1.59e+02,8.30e+01,2.80e+01
5.37e+01,2.84e+02,8.40e+01,2.80e+01
2.80e+01,2.31e+02,8.30e+01,2.80e+01
3.61e+00,4.22e+01,8.50e+01,2.80e+01
1.16e+01,9.83e+01,8.40e+01,2.80e+01
1.60e+01,1.57e+02,8.40e+01,2.80e+01
2.58e+01,1.18e+02,8.40e+01,2.80e+01
-1.07e+01,4.27e+01,8.50e+01,2.90e+01
-4.28e-01,7.74e+01,8.60e+01,2.90e+01
3.92e+01,1.75e+02,8.40e+01,2.80e+01
2.06e+01,1.46e+02,8.50e+01,2.90e+01
1.52e+01,1.17e+02,8.40e+01,2.80e+01
-4.61e+00,5.92e+01,8.40e+01,2.80e+01
1.03e+00,1.53e+02,8.40e+01,2.80e+01
4.35e+00,1.39e+02,8.80e+01,3.00e+01
1.73e+01,1.58e+02,8.30e+01,2.80e+01
-2.62e+01,5.35e+01,8.30e+01,2.80e+01
3.61e+01,1.45e+02,8.50e+01,2.80e+01
3.16e+00,9.53e+01,8.40e+01,2.80e+01
-3.85e+01,1.00e+02,8.40e+01,2.80e+01
2.43e+01,1.53e+02,8.40e+01,2.80e+01
3.14e+01,2.60e+02,8.30e+01,2.80e+01
1.61e+01,7.81e+01,8.50e+01,2.80e+01
4.64e+00,1.02e+02,8.30e+01,2.80e+01
1.27e+01,1.07e+02,8.40e+01,2.80e+01
1.67e+01,1.23e+02,8.40e+01,2.80e+01
2.26e+01,1.20e+02,8.40e+01,2.80e+01
-1.47e+00,4.00e+01,8.40e+01,2.80e+01
1.51e+01,1.17e+02,8.30e+01,2.80e+01
3.41e+01,1.29e+02,8.60e+01,2.90e+01
7.05e+00,1.14e+02,8.30e+01,2.80e+01
2.60e+01,1.23e+02,8.50e+01,2.80e+01
9.24e+00,1.81e+02,8.50e+01,2.80e+01
1.77e+01,7.75e+01,8.70e+01,2.90e+01
-1.02e+01,5.78e+01,8.50e+01,2.90e+01
1.54e+01,1.06e+02,8.50e+01,2.80e+01
-8.97e-01,7.73e+01,8.30e+01,2.80e+01
1.70e+01,2.19e+02,8.40e+01,2.80e+01
-1.02e+01,4.77e+01,8.50e+01,2.80e+01
-9.13e+00,5.72e+01,8.50e+01,2.80e+01
4.54e+01,1.91e+02,8.40e+01,2.80e+01
3.51e+00,1.45e+02,8.40e+01,2.80e+01
3.88e+01,2.27e+02,8.40e+01,2.80e+01
2.81e+01,1.31e+02,8.40e+01,2.80e+01
3.23e+01,1.23e+02,8.50e+01,2.90e+01
9.80e+00,9.45e+01,8.50e+01,2.80e+01
8.15e+00,1.05e+02,8.50e+01,2.90e+01
3.09e+01,1.85e+02,8.40e+01,2.80e+01
3.83e+00,6.16e+01,8.30e+01,2.80e+01
4.14e+01,2.67e+02,8.40e+01,2.90e+01
-1.50e+00,7.26e+01,8.50e+01,2.80e+01
-6.06e+00,1.04e+02,8.30e+01,2.80e+01
7.07e-01,6.21e+01,8.50e+01,2.80e+01
4.27e+01,3.55e+02,8.60e+01,2.80e+01
4.51e+01,3.09e+02,8.40e+01,2.80e+01
3.61e-01,5.82e+01,8.50e+01,2.90e+01
1.82e+01,8.69e+01,8.40e+01,2.80e+01
3.17e+01,1.77e+02,8.30e+01,2.80e+01
-1.90e+01,7.23e+01,8.30e+01,2.80e+01
-1.85e+01,5.39e+01,8.30e+01,2.80e+01
