1.95e+02,7.09e+02,2.07e+02,9.10e+01
1.29e+02,4.68e+02,2.11e+02,9.20e+01
1.68e+02,7.02e+02,2.07e+02,9.10e+01
2.49e+02,8.30e+02,2.07e+02,9.10e+01
1.44e+02,5.04e+02,2.15e+02,9.40e+01
2.08e+02,3.53e+02,2.09e+02,9.20e+01
1.76e+02,6.87e+02,2.09e+02,9.20e+01
1.43e+02,3.46e+02,2.13e+02,9.30e+01
1.45e+02,3.77e+02,2.10e+02,9.20e+01
2.16e+02,7.55e+02,2.13e+02,9.30e+01
2.29e+02,7.49e+02,2.10e+02,9.20e+01
1.97e+02,4.57e+02,2.12e+02,9.30e+01
1.68e+02,6.02e+02,2.14e+02,9.40e+01
2.12e+02,8.01e+02,2.08e+02,9.10e+01
1.56e+02,4.66e+02,2.07e+02,9.10e+01
1.59e+02,6.01e+02,2.10e+02,9.20e+01
1.83e+02,5.65e+02,2.12e+02,9.30e+01
1.81e+02,6.36e+02,2.12e+02,9.30e+01
1.25e+02,2.64e+02,2.12e+02,9.30e+01
2.18e+02,7.26e+02,2.12e+02,9.30e+01
1.70e+02,3.62e+02,2.12e+02,9.30e+01
1.83e+02,5.79e+02,2.07e+02,9.10e+01
2.05e+02,7.28e+02,2.10e+02,9.20e+01
1.55e+02,2.88e+02,2.07e+02,9.10e+01
2.36e+02,7.42e+02,2.08e+02,9.20e+01
1.46e+02,4.64e+02,2.07e+02,9.10e+01
2.32e+02,8.55e+02,2.11e+02,9.20e+01
1.66e+02,5.09e+02,2.15e+02,9.40e+01
-4.35e+01,5.97e+01,2.09e+02,9.20e+01
1.70e+02,7.23e+02,2.09e+02,9.20e+01
1.53e+02,4.60e+02,2.12e+02,9.20e+01
2.06e+02,5.59e+02,2.08e+02,9.20e+01
1.54e+02,2.77e+02,2.09e+02,9.20e+01
2.08e+02,6.31e+02,2.13e+02,9.30e+01
9.02e+01,1.83e+02,2.11e+02,9.20e+01
2.20e+02,6.20e+02,2.11e+02,9.30e+01
4.98e+01,1.32e+02,2.08e+02,9.10e+01
1.75e+02,6.97e+02,2.10e+02,9.20e+01
2.07e+02,7.82e+02,2.08e+02,9.20e+01
1.57e+02,4.19e+02,2.09e+02,9.20e+01
1.57e+02,4.85e+02,2.15e+02,9.40e+01
1.33e+02,3.91e+02,2.08e+02,9.10e+01
1.30e+02,5.05e+02,2.07e+02,9.10e+01
2.03e+02,5.70e+02,2.10e+02,9.20e+01
1.20e+02,4.15e+02,2.11e+02,9.20e+01
1.24e+02,2.71e+02,2.08e+02,9.20e+01
1.75e+02,5.20e+02,2.14e+02,9.40e+01
1.67e+02,4.76e+02,2.08e+02,9.10e+01
1.49e+02,4.53e+02,2.15e+02,9.40e+01
2.05e+02,7.40e+02,2.11e+02,9.20e+01
1.68e+02,5.90e+02,2.09e+02,9.20e+01
1.13e+02,4.79e+02,2.07e+02,9.10e+01
1.85e+02,5.35e+02,2.12e+02,9.20e+01
1.11e+02,3.81e+02,2.15e+02,9.40e+01
2.22e+02,7.03e+02,2.07e+02,9.10e+01
1.55e+02,4.62e+02,2.09e+02,9.20e+01
1.92e+02,6.08e+02,2.07e+02,9.10e+01
1.97e+02,6.54e+02,2.08e+02,9.20e+01
1.23e+02,4.78e+02,2.11e+02,9.20e+01
2.19e+02,7.12e+02,2.12e+02,9.30e+01
1.52e+02,4.66e+02,2.08e+02,9.20e+01
-7.25e+01,6.20e+01,2.07e+02,9.10e+01
2.14e+02,5.70e+02,2.16e+02,9.50e+01
2.15e+02,6.83e+02,2.07e+02,9.10e+01
1.90e+02,6.13e+02,2.15e+02,9.40e+01
2.21e+02,6.83e+02,2.07e+02,9.10e+01
1.87e+02,4.64e+02,2.08e+02,9.20e+01
1.53e+02,4.95e+02,2.11e+02,9.20e+01
1.51e+02,4.59e+02,2.07e+02,9.10e+01
2.25e+02,6.21e+02,2.09e+02,9.20e+01
1.68e+02,5.44e+02,2.11e+02,9.20e+01
1.83e+02,5.82e+02,2.09e+02,9.20e+01
1.79e+02,4.67e+02,2.07e+02,9.10e+01
1.92e+02,5.93e+02,2.08e+02,9.10e+01
2.43e+02,8.55e+02,2.07e+02,9.10e+01
1.93e+02,6.78e+02,2.12e+02,9.20e+01
1.78e+02,4.57e+02,2.09e+02,9.20e+01
1.20e+02,4.97e+02,2.11e+02,9.20e+01
2.43e+02,7.52e+02,2.09e+02,9.20e+01
2.59e+02,8.94e+02,2.10e+02,9.20e+01
2.44e+02,7.90e+02,2.12e+02,9.20e+01
1.92e+02,5.63e+02,2.13e+02,9.30e+01
1.90e+02,5.97e+02,2.11e+02,9.20e+01
1.42e+02,4.97e+02,2.07e+02,9.10e+01
2.09e+02,5.95e+02,2.09e+02,9.20e+01
1.75e+02,2.85e+02,2.13e+02,9.30e+01
1.93e+02,4.40e+02,2.11e+02,9.20e+01
1.78e+02,6.31e+02,2.12e+02,9.20e+01
2.31e+02,7.10e+02,2.08e+02,9.20e+01
1.55e+02,5.02e+02,2.09e+02,9.20e+01
1.87e+02,6.46e+02,2.14e+02,9.30e+01
1.70e+02,2.80e+02,2.09e+02,9.20e+01
1.87e+02,5.01e+02,2.08e+02,9.20e+01
1.44e+02,5.91e+02,2.11e+02,9.20e+01
1.91e+02,8.51e+02,2.07e+02,9.10e+01
1.44e+02,4.28e+02,2.15e+02,9.40e+01
8.10e+01,3.18e+02,2.09e+02,9.20e+01
1.43e+02,4.13e+02,2.15e+02,9.40e+01
1.69e+02,5.35e+02,2.09e+02,9.20e+01
2.11e+02,5.69e+02,2.07e+02,9.10e+01
1.70e+02,6.82e+02,2.10e+02,9.30e+01
1.85e+02,8.14e+02,2.08e+02,9.20e+01
2.31e+02,8.16e+02,2.08e+02,9.10e+01
1.84e+02,6.85e+02,2.07e+02,9.10e+01
2.24e+02,7.38e+02,2.13e+02,9.30e+01
2.02e+02,6.02e+02,2.08e+02,9.10e+01
1.69e+02,5.28e+02,2.10e+02,9.20e+01
1.03e+02,2.41e+02,2.11e+02,9.30e+01
1.82e+02,4.23e+02,2.12e+02,9.20e+01
1.09e+02,2.80e+02,2.07e+02,9.10e+01
1.97e+02,3.75e+02,2.09e+02,9.20e+01
1.54e+02,5.48e+02,2.11e+02,9.20e+01
2.11e+02,6.72e+02,2.13e+02,9.30e+01
1.83e+02,3.94e+02,2.10e+02,9.20e+01
1.90e+02,4.31e+02,2.07e+02,9.10e+01
1.03e+02,2.02e+02,2.10e+02,9.20e+01
1.60e+02,4.77e+02,2.07e+02,9.10e+01
1.42e+02,2.98e+02,2.13e+02,9.30e+01
1.54e+02,5.52e+02,2.10e+02,9.20e+01
1.30e+02,4.91e+02,2.08e+02,9.10e+01
1.73e+02,6.20e+02,2.16e+02,9.40e+01
2.08e+02,5.18e+02,2.08e+02,9.10e+01
2.19e+02,7.79e+02,2.07e+02,9.10e+01
2.37e+02,8.25e+02,2.12e+02,9.30e+01
1.29e+02,4.24e+02,2.10e+02,9.20e+01
8.27e+01,2.40e+02,2.15e+02,9.40e+01
1.78e+02,5.69e+02,2.11e+02,9.20e+01
1.43e+02,4.50e+02,2.07e+02,9.10e+01
