5.95e+02,1.20e+03,4.90e+01,4.00e+01
6.82e+02,1.25e+03,4.80e+01,3.90e+01
5.97e+02,1.40e+03,4.70e+01,3.80e+01
6.37e+02,1.36e+03,4.80e+01,3.90e+01
6.11e+02,1.25e+03,4.90e+01,3.90e+01
6.44e+02,1.15e+03,4.90e+01,3.90e+01
6.71e+02,1.46e+03,4.80e+01,3.80e+01
4.57e+02,9.79e+02,5.20e+01,4.10e+01
7.09e+02,1.49e+03,4.80e+01,3.90e+01
5.72e+02,1.21e+03,4.70e+01,3.80e+01
5.63e+02,1.16e+03,4.80e+01,3.90e+01
5.48e+02,1.19e+03,4.80e+01,3.90e+01
6.26e+02,1.20e+03,4.80e+01,3.90e+01
6.69e+02,1.42e+03,4.90e+01,3.90e+01
5.96e+02,1.20e+03,5.00e+01,4.00e+01
6.06e+02,1.21e+03,5.00e+01,4.00e+01
7.06e+02,1.25e+03,4.80e+01,3.90e+01
5.23e+02,1.24e+03,5.00e+01,4.00e+01
6.68e+02,1.20e+03,4.80e+01,3.90e+01
6.57e+02,1.23e+03,4.90e+01,3.90e+01
5.81e+02,1.20e+03,5.00e+01,4.00e+01
5.73e+02,1.23e+03,5.20e+01,4.20e+01
6.57e+02,1.42e+03,4.80e+01,3.90e+01
5.98e+02,1.25e+03,5.00e+01,4.00e+01
6.45e+02,1.22e+03,4.70e+01,3.80e+01
7.21e+02,1.46e+03,5.00e+01,3.90e+01
7.08e+02,1.39e+03,4.80e+01,3.90e+01
5.88e+02,1.19e+03,4.90e+01,4.00e+01
7.11e+02,1.48e+03,4.80e+01,3.90e+01
6.18e+02,1.41e+03,4.80e+01,3.90e+01
7.59e+02,1.46e+03,4.80e+01,3.90e+01
6.97e+02,1.20e+03,4.80e+01,3.90e+01
7.41e+02,1.45e+03,5.00e+01,4.00e+01
6.91e+02,1.45e+03,4.90e+01,3.90e+01
5.73e+02,1.16e+03,4.80e+01,3.90e+01
5.49e+02,1.16e+03,4.70e+01,3.80e+01
6.31e+02,1.43e+03,4.80e+01,3.90e+01
5.85e+02,1.21e+03,4.80e+01,3.90e+01
6.54e+02,1.46e+03,4.80e+01,3.90e+01
5.95e+02,1.18e+03,5.20e+01,4.10e+01
6.17e+02,1.38e+03,5.20e+01,4.10e+01
5.60e+02,1.20e+03,4.90e+01,4.00e+01
6.59e+02,1.49e+03,5.00e+01,4.10e+01
7.08e+02,1.39e+03,4.70e+01,3.80e+01
7.04e+02,1.46e+03,4.90e+01,4.00e+01
5.97e+02,1.23e+03,4.80e+01,3.90e+01
7.26e+02,1.38e+03,4.70e+01,3.80e+01
6.30e+02,1.49e+03,4.90e+01,4.00e+01
7.03e+02,1.36e+03,4.80e+01,3.90e+01
7.31e+02,1.49e+03,5.10e+01,4.10e+01
6.45e+02,1.20e+03,5.00e+01,4.00e+01
6.52e+02,1.31e+03,5.00e+01,4.00e+01
7.46e+02,1.46e+03,5.00e+01,4.00e+01
6.59e+02,1.18e+03,5.10e+01,4.00e+01
7.03e+02,1.24e+03,4.90e+01,4.00e+01
6.16e+02,1.14e+03,4.90e+01,3.90e+01
6.07e+02,1.43e+03,5.10e+01,4.00e+01
7.80e+02,1.31e+03,4.90e+01,4.00e+01
6.69e+02,1.43e+03,4.70e+01,3.80e+01
6.85e+02,1.25e+03,5.20e+01,4.10e+01
6.67e+02,1.20e+03,4.70e+01,3.80e+01
6.13e+02,1.26e+03,4.80e+01,3.90e+01
5.54e+02,1.00e+03,4.90e+01,3.90e+01
6.90e+02,1.42e+03,5.00e+01,4.00e+01
6.38e+02,1.47e+03,5.10e+01,4.00e+01
5.27e+02,1.18e+03,4.90e+01,4.00e+01
5.48e+02,1.19e+03,4.90e+01,4.00e+01
3.71e+02,6.64e+02,4.90e+01,3.90e+01
7.11e+02,1.47e+03,4.90e+01,4.00e+01
7.44e+02,1.42e+03,4.90e+01,3.90e+01
6.08e+02,1.19e+03,5.00e+01,4.00e+01
5.18e+02,1.17e+03,5.00e+01,4.00e+01
7.49e+02,1.49e+03,5.00e+01,4.00e+01
5.50e+02,1.16e+03,4.80e+01,3.90e+01
6.40e+02,1.28e+03,5.10e+01,4.00e+01
6.60e+02,1.39e+03,4.80e+01,3.90e+01
6.51e+02,1.47e+03,4.90e+01,4.00e+01
-3.97e+01,-1.38e+01,4.70e+01,3.80e+01
6.36e+02,1.40e+03,4.80e+01,3.90e+01
1.69e+01,1.29e+02,4.80e+01,3.90e+01
4.50e+02,9.50e+02,4.90e+01,4.00e+01
5.70e+02,1.19e+03,4.70e+01,3.80e+01
6.65e+02,1.21e+03,4.80e+01,3.90e+01
6.34e+02,1.32e+03,5.10e+01,4.10e+01
6.16e+02,1.19e+03,4.90e+01,4.00e+01
6.65e+02,1.44e+03,4.90e+01,4.00e+01
4.87e+02,1.30e+03,4.80e+01,3.80e+01
2.37e+01,1.73e+02,5.00e+01,4.00e+01
6.64e+02,1.45e+03,4.90e+01,3.90e+01
6.31e+02,1.17e+03,4.80e+01,3.90e+01
6.83e+02,1.20e+03,4.80e+01,3.90e+01
5.47e+02,1.39e+03,5.20e+01,4.20e+01
5.69e+00,4.53e+01,4.90e+01,3.90e+01
8.02e+02,1.43e+03,4.80e+01,3.90e+01
7.67e+02,1.38e+03,4.80e+01,3.90e+01
6.58e+02,1.21e+03,4.70e+01,3.80e+01
5.65e+02,1.29e+03,5.10e+01,4.00e+01
6.62e+02,1.21e+03,5.10e+01,4.10e+01
8.04e+02,1.44e+03,5.20e+01,4.10e+01
6.05e+02,1.24e+03,5.00e+01,4.00e+01
6.80e+02,1.43e+03,5.20e+01,4.10e+01
6.66e+02,1.41e+03,5.00e+01,3.90e+01
7.71e+02,1.49e+03,4.80e+01,3.90e+01
6.39e+02,1.28e+03,5.10e+01,4.00e+01
5.22e+02,1.21e+03,4.80e+01,3.90e+01
6.65e+02,1.49e+03,5.10e+01,4.10e+01
6.57e+02,1.30e+03,4.80e+01,3.90e+01
6.73e+02,1.18e+03,4.80e+01,3.90e+01
-3.87e+01,8.45e+00,5.20e+01,4.10e+01
3.33e+02,1.02e+03,4.70e+01,3.80e+01
3.47e+02,7.90e+02,5.10e+01,4.00e+01
1.12e+02,2.85e+02,4.90e+01,3.90e+01
6.32e+02,1.38e+03,4.70e+01,3.80e+01
1.05e+02,4.17e+02,4.80e+01,3.90e+01
6.34e+02,1.42e+03,4.90e+01,3.90e+01
4.86e+02,1.02e+03,5.00e+01,4.00e+01
6.09e+02,1.22e+03,4.80e+01,3.90e+01
5.06e+02,1.38e+03,4.90e+01,4.00e+01
2.88e+02,1.23e+03,4.90e+01,4.00e+01
5.88e+02,1.22e+03,4.80e+01,3.90e+01
5.25e+02,1.20e+03,5.00e+01,4.00e+01
7.06e+02,1.26e+03,5.40e+01,4.20e+01
6.64e+02,1.44e+03,4.80e+01,3.90e+01
5.94e+02,1.24e+03,4.90e+01,4.00e+01
6.59e+02,1.23e+03,4.70e+01,3.80e+01
-4.40e+01,-3.93e+00,4.80e+01,3.90e+01
7.26e+02,1.42e+03,5.00e+01,4.10e+01
7.16e+02,1.38e+03,4.80e+01,3.90e+01
5.75e+02,1.32e+03,4.80e+01,3.90e+01
5.89e+02,1.25e+03,5.20e+01,4.10e+01
6.86e+02,1.50e+03,5.10e+01,4.00e+01
5.28e+02,1.16e+03,5.00e+01,3.90e+01
6.82e+02,1.45e+03,5.10e+01,4.10e+01
4.90e+02,1.13e+03,5.30e+01,4.30e+01
3.65e+02,1.45e+03,4.80e+01,3.90e+01
6.21e+02,1.37e+03,4.80e+01,3.90e+01
7.39e+02,1.49e+03,5.00e+01,4.00e+01
3.45e+01,2.05e+02,4.90e+01,4.00e+01
5.51e+02,1.38e+03,4.90e+01,4.00e+01
2.92e+02,8.42e+02,4.90e+01,4.00e+01
6.66e+02,1.45e+03,5.10e+01,4.10e+01
6.38e+02,1.22e+03,4.90e+01,3.90e+01
6.37e+02,1.15e+03,4.80e+01,3.90e+01
5.71e+02,1.40e+03,4.70e+01,3.80e+01
4.37e+02,1.06e+03,4.90e+01,4.00e+01
6.98e+02,1.21e+03,4.80e+01,3.90e+01
6.10e+02,1.23e+03,4.90e+01,3.90e+01
4.66e+02,1.25e+03,4.80e+01,3.90e+01
6.30e+02,1.22e+03,5.30e+01,4.20e+01
3.17e+01,1.19e+02,5.20e+01,4.10e+01
6.03e+02,1.23e+03,4.80e+01,3.90e+01
6.16e+02,1.16e+03,5.20e+01,4.10e+01
3.43e+02,1.00e+03,4.80e+01,3.90e+01
6.70e+02,1.44e+03,4.70e+01,3.80e+01
4.22e+02,1.17e+03,5.10e+01,4.10e+01
6.36e+02,1.17e+03,4.90e+01,4.00e+01
7.65e+02,1.47e+03,4.90e+01,4.00e+01
5.48e+02,1.09e+03,4.80e+01,3.80e+01
6.25e+02,1.24e+03,4.90e+01,3.90e+01
-8.69e+00,4.81e+01,4.80e+01,3.90e+01
5.73e+02,1.50e+03,4.80e+01,3.90e+01
6.18e+02,1.20e+03,4.90e+01,3.90e+01
3.84e+02,1.26e+03,4.80e+01,3.90e+01
4.35e+02,1.20e+03,4.80e+01,3.90e+01
7.24e+02,1.43e+03,4.90e+01,3.90e+01
6.53e+02,1.41e+03,5.20e+01,4.10e+01
-2.03e+01,3.35e+01,5.20e+01,4.10e+01
5.79e+02,1.38e+03,4.90e+01,3.90e+01
6.50e+02,1.21e+03,5.00e+01,4.00e+01
6.28e+02,1.30e+03,4.80e+01,3.90e+01
4.35e+02,1.23e+03,5.20e+01,4.10e+01
6.01e+02,1.40e+03,4.70e+01,3.80e+01
4.39e+02,1.27e+03,4.80e+01,3.90e+01
7.12e+02,1.22e+03,5.00e+01,4.10e+01
6.53e+02,1.49e+03,4.90e+01,3.90e+01
8.20e+02,1.44e+03,4.70e+01,3.80e+01
6.90e+02,1.42e+03,5.20e+01,4.10e+01
6.49e+02,1.33e+03,4.90e+01,4.00e+01
2.65e+02,8.14e+02,5.30e+01,4.10e+01
6.63e+02,1.20e+03,5.00e+01,4.00e+01
5.23e+02,1.20e+03,5.00e+01,3.90e+01
7.22e+02,1.46e+03,5.20e+01,4.10e+01
4.52e+02,1.15e+03,4.80e+01,3.90e+01
6.14e+02,1.25e+03,4.90e+01,4.00e+01
6.11e+02,1.43e+03,4.90e+01,4.00e+01
5.83e+02,1.31e+03,4.80e+01,3.90e+01
7.06e+02,1.18e+03,4.80e+01,3.90e+01
5.73e+02,1.18e+03,4.90e+01,4.00e+01
7.64e+02,1.38e+03,4.80e+01,3.90e+01
6.47e+02,1.49e+03,5.10e+01,4.10e+01
-4.14e+01,-8.58e+00,4.90e+01,4.00e+01
6.90e+02,1.37e+03,4.80e+01,3.90e+01
6.56e+02,1.22e+03,4.70e+01,3.80e+01
6.41e+02,1.22e+03,4.80e+01,3.90e+01
4.73e+02,1.37e+03,4.90e+01,3.90e+01
5.51e+02,1.44e+03,4.70e+01,3.80e+01
6.67e+02,1.19e+03,4.80e+01,3.90e+01
6.07e+02,1.18e+03,4.90e+01,4.00e+01
6.83e+02,1.20e+03,5.30e+01,4.20e+01
7.00e+01,2.80e+02,4.70e+01,3.80e+01
6.30e+02,1.22e+03,4.90e+01,3.90e+01
6.12e+02,1.20e+03,4.70e+01,3.80e+01
4.82e+02,1.24e+03,5.00e+01,4.00e+01
6.36e+02,1.26e+03,4.80e+01,3.90e+01
6.91e+02,1.28e+03,4.80e+01,3.90e+01
4.43e+02,1.23e+03,4.80e+01,3.90e+01
4.20e+02,1.27e+03,5.00e+01,4.00e+01
6.70e+02,1.43e+03,5.00e+01,4.00e+01
5.92e+02,1.34e+03,4.70e+01,3.80e+01
5.65e+02,1.16e+03,4.80e+01,3.90e+01
4.11e+02,1.19e+03,5.20e+01,4.10e+01
-1.15e+00,9.82e+01,5.20e+01,4.10e+01
7.41e+02,1.46e+03,5.10e+01,4.00e+01
4.56e+02,1.18e+03,4.90e+01,3.90e+01
6.57e+02,1.42e+03,5.00e+01,4.00e+01
3.42e+02,1.49e+03,5.00e+01,4.00e+01
7.93e+02,1.40e+03,5.10e+01,4.00e+01
2.95e+02,6.50e+02,4.80e+01,3.90e+01
4.38e+02,9.84e+02,4.90e+01,3.90e+01
6.93e+02,1.39e+03,4.90e+01,3.90e+01
6.74e+02,1.26e+03,4.70e+01,3.80e+01
1.85e+02,3.65e+02,4.70e+01,3.80e+01
5.00e+02,1.09e+03,4.70e+01,3.80e+01
6.90e+02,1.42e+03,5.20e+01,4.10e+01
4.51e+02,1.22e+03,4.80e+01,3.90e+01
5.18e+02,1.24e+03,4.90e+01,3.90e+01
6.09e+02,1.42e+03,5.00e+01,4.00e+01
6.50e+02,1.49e+03,4.80e+01,3.90e+01
5.28e+02,1.22e+03,4.70e+01,3.80e+01
6.17e+02,9.96e+02,4.80e+01,3.90e+01
6.90e+02,1.42e+03,4.90e+01,4.00e+01
6.75e+02,1.46e+03,4.80e+01,3.90e+01
6.25e+02,1.21e+03,5.20e+01,4.10e+01
6.39e+02,1.21e+03,4.80e+01,3.90e+01
6.85e+02,1.42e+03,4.80e+01,3.90e+01
6.09e+02,1.21e+03,5.00e+01,4.00e+01
6.46e+02,1.27e+03,4.80e+01,3.90e+01
5.70e+02,1.48e+03,4.90e+01,4.00e+01
6.40e+02,1.44e+03,4.80e+01,3.80e+01
7.88e+02,1.44e+03,4.70e+01,3.80e+01
5.88e+02,1.25e+03,4.90e+01,4.00e+01
6.84e+02,1.17e+03,5.00e+01,4.00e+01
6.78e+02,1.41e+03,4.90e+01,4.00e+01
5.54e+02,1.23e+03,4.90e+01,3.90e+01
5.27e+02,1.04e+03,4.90e+01,3.90e+01
7.08e+02,1.41e+03,4.90e+01,4.00e+01
7.24e+02,1.34e+03,4.80e+01,3.90e+01
6.95e+02,1.46e+03,4.80e+01,3.90e+01
5.70e+02,1.23e+03,5.00e+01,4.00e+01
6.55e+02,1.40e+03,4.90e+01,3.90e+01
5.21e+02,1.17e+03,4.70e+01,3.80e+01
6.13e+02,1.36e+03,4.70e+01,3.80e+01
5.85e+02,1.23e+03,4.80e+01,3.90e+01
5.79e+02,1.32e+03,4.90e+01,3.90e+01
5.66e+02,1.46e+03,5.10e+01,4.10e+01
-2.39e+01,4.09e+01,4.80e+01,3.90e+01
4.96e+02,1.45e+03,4.70e+01,3.80e+01
6.32e+02,1.18e+03,5.20e+01,4.10e+01
6.42e+02,1.40e+03,5.00e+01,4.00e+01
7.22e+02,1.43e+03,4.80e+01,3.90e+01
-2.43e+01,-6.73e+00,4.80e+01,3.90e+01
6.93e+02,1.50e+03,4.80e+01,3.90e+01
6.52e+02,1.34e+03,4.80e+01,3.90e+01
4.10e+02,1.18e+03,4.80e+01,3.90e+01
8.55e+00,1.60e+02,5.20e+01,4.10e+01
4.71e+02,9.41e+02,4.90e+01,3.90e+01
6.94e+02,1.43e+03,5.30e+01,4.20e+01
6.29e+02,1.24e+03,4.90e+01,4.00e+01
1.63e+01,8.45e+01,5.20e+01,4.10e+01
4.50e+02,1.19e+03,4.70e+01,3.80e+01
4.26e+02,1.24e+03,4.70e+01,3.80e+01
6.83e+02,1.40e+03,4.90e+01,3.90e+01
1.44e+02,5.48e+02,4.70e+01,3.80e+01
6.55e+02,1.41e+03,4.70e+01,3.80e+01
7.03e+02,1.47e+03,5.10e+01,4.00e+01
6.63e+02,1.29e+03,5.00e+01,4.00e+01
6.25e+02,1.17e+03,4.90e+01,3.90e+01
6.88e+02,1.39e+03,4.80e+01,3.90e+01
6.35e+02,1.26e+03,4.80e+01,3.90e+01
6.19e+02,1.17e+03,4.80e+01,3.90e+01
5.19e+02,1.25e+03,4.70e+01,3.80e+01
5.81e+02,1.41e+03,4.70e+01,3.80e+01
6.03e+02,1.22e+03,4.90e+01,3.90e+01
3.61e+02,8.21e+02,4.90e+01,3.90e+01
6.44e+02,1.23e+03,4.90e+01,4.00e+01
7.01e+02,1.46e+03,4.80e+01,3.90e+01
4.98e+01,2.07e+02,4.90e+01,4.00e+01
6.93e+02,1.39e+03,4.80e+01,3.90e+01
6.37e+02,1.23e+03,5.00e+01,4.00e+01
5.46e+02,1.17e+03,4.90e+01,3.90e+01
7.16e+02,1.19e+03,5.00e+01,4.00e+01
5.82e+02,1.43e+03,4.80e+01,3.90e+01
7.34e+02,1.22e+03,5.00e+01,4.00e+01
3.03e+01,1.27e+02,4.80e+01,3.90e+01
6.74e+02,1.48e+03,4.90e+01,3.90e+01
7.27e+02,1.46e+03,4.80e+01,3.90e+01
6.45e+02,1.18e+03,4.80e+01,3.90e+01
2.41e+01,2.02e+02,4.80e+01,3.90e+01
6.86e+02,1.38e+03,4.90e+01,4.00e+01
6.25e+02,1.40e+03,5.00e+01,4.00e+01
6.42e+02,1.19e+03,4.80e+01,3.90e+01
6.32e+02,1.41e+03,5.20e+01,4.10e+01
4.76e+02,1.08e+03,4.80e+01,3.90e+01
4.39e+02,1.23e+03,4.90e+01,3.90e+01
5.62e+02,1.19e+03,4.90e+01,3.90e+01
6.55e+02,1.42e+03,4.90e+01,3.90e+01
6.56e+02,1.35e+03,4.80e+01,3.90e+01
7.41e+02,1.48e+03,4.70e+01,3.80e+01
4.15e+02,9.69e+02,4.80e+01,3.90e+01
7.16e+02,1.49e+03,4.90e+01,4.00e+01
6.47e+02,1.40e+03,5.00e+01,4.00e+01
6.53e+02,1.44e+03,4.80e+01,3.90e+01
7.22e+02,1.24e+03,5.20e+01,4.10e+01
4.99e+02,1.23e+03,4.80e+01,3.80e+01
5.97e+02,1.12e+03,4.80e+01,3.90e+01
5.00e+02,1.33e+03,4.90e+01,3.90e+01
6.19e+02,1.20e+03,4.80e+01,3.90e+01
6.86e+02,1.26e+03,5.20e+01,4.20e+01
6.11e+02,1.20e+03,4.70e+01,3.80e+01
3.39e+02,8.09e+02,4.90e+01,4.00e+01
5.96e+02,1.23e+03,4.80e+01,3.90e+01
6.10e+02,1.16e+03,5.00e+01,3.90e+01
6.38e+02,1.23e+03,4.80e+01,3.90e+01
4.65e+02,1.19e+03,4.90e+01,3.90e+01
4.73e+02,1.31e+03,4.90e+01,3.90e+01
6.93e+02,1.50e+03,4.90e+01,3.90e+01
3.89e+02,9.71e+02,4.90e+01,4.00e+01
4.98e+02,9.60e+02,4.80e+01,3.90e+01
4.58e+02,1.11e+03,4.70e+01,3.80e+01
5.24e+02,1.22e+03,5.00e+01,4.00e+01
1.60e+02,2.55e+02,4.70e+01,3.80e+01
4.04e+02,1.27e+03,4.90e+01,4.00e+01
-2.62e+01,2.84e+00,4.80e+01,3.90e+01
-5.54e+01,-5.37e+00,4.80e+01,3.90e+01
5.63e+02,1.21e+03,4.80e+01,3.80e+01
5.77e+02,1.19e+03,4.80e+01,3.90e+01
5.62e+02,1.14e+03,4.70e+01,3.80e+01
3.13e+02,1.00e+03,5.30e+01,4.10e+01
6.11e+02,1.21e+03,4.70e+01,3.80e+01
5.42e+02,1.18e+03,4.80e+01,3.90e+01
6.11e+02,1.12e+03,5.20e+01,4.10e+01
6.03e+02,1.23e+03,4.90e+01,4.00e+01
6.76e+02,1.43e+03,5.20e+01,4.10e+01
4.93e+02,9.85e+02,4.90e+01,3.90e+01
5.65e+02,1.37e+03,5.40e+01,4.30e+01
1.50e+02,2.56e+02,4.90e+01,4.00e+01
7.60e+02,1.32e+03,4.90e+01,3.90e+01
6.02e+02,1.41e+03,4.80e+01,3.90e+01
4.74e+02,1.25e+03,4.80e+01,3.90e+01
4.61e+02,1.45e+03,4.90e+01,3.90e+01
6.00e+02,1.36e+03,4.70e+01,3.80e+01
7.08e+02,1.41e+03,4.80e+01,3.90e+01
7.05e+02,1.23e+03,4.70e+01,3.80e+01
6.43e+02,1.17e+03,4.80e+01,3.90e+01
5.48e+02,1.20e+03,4.90e+01,3.90e+01
4.06e+02,1.44e+03,5.30e+01,4.20e+01
5.58e+02,1.19e+03,4.80e+01,3.90e+01
6.57e+02,1.46e+03,5.20e+01,4.10e+01
6.26e+02,1.23e+03,4.80e+01,3.90e+01
5.58e+02,1.17e+03,4.80e+01,3.90e+01
3.30e+02,9.82e+02,5.10e+01,4.00e+01
6.55e+02,1.43e+03,4.70e+01,3.80e+01
7.64e+02,1.47e+03,4.80e+01,3.90e+01
6.80e+02,1.48e+03,4.90e+01,3.90e+01
6.50e+02,1.25e+03,4.80e+01,3.90e+01
6.19e+02,1.20e+03,4.80e+01,3.90e+01
5.84e+02,1.18e+03,4.80e+01,3.90e+01
6.09e+02,1.46e+03,5.00e+01,4.00e+01
6.42e+02,1.19e+03,5.00e+01,4.00e+01
5.93e+02,1.23e+03,5.00e+01,4.00e+01
6.78e+02,1.46e+03,4.70e+01,3.80e+01
-1.06e+01,1.68e+02,5.00e+01,4.00e+01
3.67e+02,1.02e+03,4.90e+01,4.00e+01
7.03e+02,1.22e+03,5.40e+01,4.20e+01
5.32e+02,1.17e+03,4.90e+01,4.00e+01
1.72e+02,3.51e+02,5.10e+01,4.10e+01
4.68e+02,1.16e+03,4.80e+01,3.90e+01
6.65e+01,3.03e+02,5.00e+01,4.10e+01
5.73e+02,1.28e+03,4.90e+01,3.90e+01
7.02e+02,1.35e+03,5.00e+01,4.00e+01
6.67e+02,1.43e+03,5.00e+01,4.00e+01
7.75e+02,1.43e+03,5.30e+01,4.30e+01
-2.08e+01,3.61e+01,5.10e+01,4.00e+01
4.56e+00,5.09e+01,4.80e+01,3.90e+01
6.62e+02,1.21e+03,4.80e+01,3.90e+01
3.82e+02,1.18e+03,4.80e+01,3.80e+01
5.80e+02,1.36e+03,4.80e+01,3.90e+01
7.75e+02,1.47e+03,4.90e+01,3.90e+01
6.17e+02,1.33e+03,4.90e+01,3.90e+01
6.09e+02,1.21e+03,4.90e+01,4.00e+01
4.94e+02,1.29e+03,4.80e+01,3.90e+01
5.42e+02,1.19e+03,4.80e+01,3.90e+01
7.43e+02,1.42e+03,5.00e+01,4.00e+01
7.50e+02,1.44e+03,4.90e+01,3.90e+01
6.97e+02,1.19e+03,4.90e+01,4.00e+01
6.85e+02,1.39e+03,4.80e+01,3.90e+01
6.57e+02,1.40e+03,4.90e+01,4.00e+01
5.93e+02,1.22e+03,4.90e+01,3.90e+01
5.31e+02,1.22e+03,4.90e+01,4.00e+01
6.17e+02,1.40e+03,4.90e+01,4.00e+01
6.21e+02,1.48e+03,5.00e+01,4.00e+01
6.29e+02,1.45e+03,5.10e+01,4.10e+01
6.76e+02,1.46e+03,5.00e+01,4.00e+01
6.47e+02,1.40e+03,5.00e+01,4.00e+01
6.78e+02,1.46e+03,4.90e+01,3.90e+01
7.02e+02,1.41e+03,4.80e+01,3.90e+01
4.64e+02,1.20e+03,4.80e+01,3.90e+01
7.01e+02,1.40e+03,5.00e+01,4.00e+01
6.81e+02,1.39e+03,4.90e+01,4.00e+01
5.99e+02,1.16e+03,5.10e+01,4.10e+01
6.58e+02,1.47e+03,4.90e+01,4.00e+01
1.45e+02,2.46e+02,4.80e+01,3.90e+01
6.23e+02,1.27e+03,5.00e+01,4.00e+01
4.89e+02,1.19e+03,4.90e+01,3.80e+01
5.34e+02,1.35e+03,5.00e+01,3.90e+01
6.50e+02,1.22e+03,4.80e+01,3.90e+01
6.97e+02,1.26e+03,4.90e+01,3.90e+01
6.29e+02,1.40e+03,5.00e+01,4.00e+01
2.65e+01,1.09e+02,5.00e+01,4.00e+01
6.24e+02,1.21e+03,4.70e+01,3.80e+01
6.94e+02,1.22e+03,4.80e+01,3.90e+01
7.44e+02,1.24e+03,4.70e+01,3.80e+01
6.06e+02,1.19e+03,4.80e+01,3.90e+01
6.64e+02,1.40e+03,4.70e+01,3.80e+01
6.19e+02,1.35e+03,4.80e+01,3.90e+01
7.19e+02,1.46e+03,4.80e+01,3.90e+01
6.50e+02,1.40e+03,5.00e+01,4.00e+01
6.81e+02,1.46e+03,5.00e+01,4.00e+01
6.98e+02,1.41e+03,4.80e+01,3.90e+01
6.00e+02,1.17e+03,4.70e+01,3.80e+01
6.08e+02,1.09e+03,5.20e+01,4.10e+01
5.36e+01,2.39e+02,4.80e+01,3.90e+01
6.69e+02,1.19e+03,4.90e+01,3.90e+01
6.33e+02,1.22e+03,4.70e+01,3.80e+01
3.65e+02,9.81e+02,4.80e+01,3.90e+01
6.55e+02,1.39e+03,4.80e+01,3.90e+01
6.75e+02,1.46e+03,4.70e+01,3.80e+01
6.68e+02,1.22e+03,5.00e+01,4.00e+01
6.85e+02,1.19e+03,4.80e+01,3.90e+01
4.01e+02,1.04e+03,5.20e+01,4.10e+01
6.32e+02,1.20e+03,5.00e+01,4.00e+01
7.02e+02,1.18e+03,4.80e+01,3.90e+01
3.92e+02,7.20e+02,4.70e+01,3.80e+01
6.31e+02,1.26e+03,4.90e+01,4.00e+01
-5.69e+01,-3.25e+01,4.80e+01,3.90e+01
6.85e+02,1.39e+03,4.90e+01,3.90e+01
6.40e+02,1.19e+03,4.80e+01,3.90e+01
4.31e+02,8.97e+02,4.70e+01,3.80e+01
6.39e+02,1.24e+03,4.80e+01,3.90e+01
6.61e+02,1.46e+03,4.80e+01,3.90e+01
5.62e+02,1.21e+03,4.80e+01,3.90e+01
5.45e+02,1.24e+03,4.90e+01,3.90e+01
5.39e+02,1.32e+03,4.90e+01,4.00e+01
-1.44e+01,7.89e+01,4.80e+01,3.90e+01
3.89e+02,1.26e+03,4.80e+01,3.90e+01
5.30e+02,1.08e+03,5.00e+01,4.00e+01
6.56e+02,1.48e+03,5.00e+01,4.00e+01
5.18e+02,1.19e+03,4.80e+01,3.90e+01
5.39e+02,1.22e+03,4.80e+01,3.90e+01
6.36e+02,1.17e+03,4.80e+01,3.90e+01
-4.60e+01,-2.14e+01,4.80e+01,3.90e+01
1.96e+02,2.82e+02,4.90e+01,3.90e+01
1.21e+02,3.09e+02,5.30e+01,4.10e+01
4.36e+02,9.49e+02,5.10e+01,4.10e+01
3.35e+02,8.45e+02,5.00e+01,4.10e+01
6.85e+02,1.23e+03,4.90e+01,3.90e+01
4.70e+02,1.22e+03,4.80e+01,3.90e+01
5.82e+02,1.42e+03,4.80e+01,3.90e+01
5.25e+02,1.44e+03,4.80e+01,3.90e+01
1.09e+02,3.51e+02,4.80e+01,3.90e+01
7.13e+02,1.32e+03,4.80e+01,3.90e+01
5.68e+02,1.23e+03,5.00e+01,4.00e+01
6.06e+02,1.22e+03,4.90e+01,3.90e+01
5.51e+02,1.41e+03,5.00e+01,4.10e+01
5.61e+02,1.21e+03,4.80e+01,3.90e+01
6.08e+02,1.17e+03,4.80e+01,3.90e+01
6.89e+02,1.25e+03,4.80e+01,3.90e+01
-3.13e+01,3.08e+01,5.00e+01,4.00e+01
6.00e+02,1.17e+03,4.90e+01,3.90e+01
5.66e+02,1.47e+03,4.90e+01,4.00e+01
