1.46e+02,5.24e+02,2.00e+02,6.50e+01
1.47e+02,5.22e+02,2.04e+02,6.40e+01
1.46e+02,5.24e+02,2.02e+02,6.60e+01
1.47e+02,5.22e+02,2.01e+02,6.30e+01
1.46e+02,5.24e+02,2.00e+02,6.50e+01
1.46e+02,5.24e+02,2.01e+02,6.50e+01
1.47e+02,5.22e+02,2.01e+02,6.30e+01
1.47e+02,5.22e+02,2.02e+02,6.40e+01
1.47e+02,5.22e+02,2.02e+02,6.40e+01
1.47e+02,5.22e+02,2.01e+02,6.30e+01
1.47e+02,5.22e+02,2.02e+02,6.40e+01
1.47e+02,5.22e+02,2.01e+02,6.30e+01
1.47e+02,5.22e+02,2.04e+02,6.50e+01
1.47e+02,5.22e+02,2.05e+02,6.50e+01
1.47e+02,5.22e+02,2.04e+02,6.50e+01
1.47e+02,5.22e+02,2.02e+02,6.40e+01
1.47e+02,5.22e+02,2.02e+02,6.40e+01
1.47e+02,5.22e+02,2.02e+02,6.40e+01
1.47e+02,5.22e+02,2.03e+02,6.40e+01
1.47e+02,5.22e+02,2.03e+02,6.40e+01
1.46e+02,5.24e+02,2.00e+02,6.50e+01
1.47e+02,5.22e+02,2.03e+02,6.40e+01
1.47e+02,5.22e+02,2.02e+02,6.40e+01
1.47e+02,5.22e+02,2.03e+02,6.40e+01
1.47e+02,5.22e+02,2.02e+02,6.30e+01
1.47e+02,5.22e+02,2.02e+02,6.40e+01
1.46e+02,5.24e+02,2.02e+02,6.60e+01
1.47e+02,5.22e+02,2.01e+02,6.30e+01
1.47e+02,5.22e+02,2.02e+02,6.30e+01
1.46e+02,5.24e+02,2.00e+02,6.50e+01
1.42e+02,5.22e+02,2.05e+02,6.40e+01
1.46e+02,5.24e+02,2.01e+02,6.50e+01
1.47e+02,5.22e+02,2.04e+02,6.40e+01
1.47e+02,5.22e+02,2.01e+02,6.30e+01
1.33e+02,4.76e+02,2.02e+02,6.60e+01
1.47e+02,5.22e+02,2.02e+02,6.40e+01
1.40e+02,4.89e+02,2.01e+02,6.60e+01
1.46e+02,5.24e+02,2.00e+02,6.50e+01
1.46e+02,5.24e+02,2.02e+02,6.60e+01
1.37e+02,5.22e+02,2.01e+02,6.30e+01
1.34e+02,4.84e+02,2.01e+02,6.50e+01
1.40e+02,5.17e+02,2.01e+02,6.60e+01
1.46e+02,5.24e+02,2.00e+02,6.50e+01
1.01e+02,2.99e+02,2.03e+02,6.30e+01
1.46e+02,5.24e+02,2.01e+02,6.60e+01
1.32e+02,4.74e+02,2.01e+02,6.30e+01
1.13e+02,3.63e+02,2.05e+02,6.50e+01
8.17e+01,1.59e+02,2.04e+02,6.40e+01
1.32e+02,4.90e+02,2.02e+02,6.60e+01
1.46e+02,5.24e+02,2.00e+02,6.50e+01
1.42e+02,5.22e+02,2.04e+02,6.40e+01
1.47e+02,5.20e+02,2.04e+02,6.40e+01
1.47e+02,5.22e+02,2.04e+02,6.40e+01
8.33e+01,1.56e+02,2.00e+02,6.50e+01
1.47e+02,5.21e+02,2.04e+02,6.40e+01
1.47e+02,5.22e+02,2.02e+02,6.30e+01
1.47e+02,5.20e+02,2.03e+02,6.40e+01
1.02e+02,3.13e+02,2.01e+02,6.30e+01
1.38e+02,4.84e+02,2.02e+02,6.60e+01
1.35e+02,4.82e+02,2.04e+02,6.40e+01
1.46e+02,5.24e+02,2.01e+02,6.50e+01
1.40e+02,4.82e+02,2.01e+02,6.30e+01
1.33e+02,4.78e+02,2.01e+02,6.30e+01
1.47e+02,5.22e+02,2.05e+02,6.50e+01
1.47e+02,5.22e+02,2.03e+02,6.40e+01
1.47e+02,5.22e+02,2.04e+02,6.40e+01
1.46e+02,5.24e+02,2.03e+02,6.60e+01
1.46e+02,5.24e+02,2.02e+02,6.60e+01
1.46e+02,5.24e+02,2.00e+02,6.50e+01
1.47e+02,5.22e+02,2.06e+02,6.50e+01
1.46e+02,5.24e+02,2.02e+02,6.50e+01
1.02e+02,3.39e+02,2.01e+02,6.60e+01
1.40e+02,4.93e+02,2.00e+02,6.50e+01
1.47e+02,5.22e+02,2.02e+02,6.40e+01
1.17e+02,3.45e+02,2.02e+02,6.40e+01
1.46e+02,5.24e+02,2.04e+02,6.70e+01
1.46e+02,5.24e+02,2.01e+02,6.50e+01
1.46e+02,5.24e+02,2.03e+02,6.60e+01
1.47e+02,5.22e+02,2.03e+02,6.40e+01
1.46e+02,5.24e+02,2.01e+02,6.50e+01
1.47e+02,5.20e+02,2.02e+02,6.40e+01
1.46e+02,5.24e+02,2.02e+02,6.60e+01
1.46e+02,5.24e+02,2.00e+02,6.50e+01
1.37e+02,5.22e+02,2.03e+02,6.40e+01
1.47e+02,5.22e+02,2.02e+02,6.40e+01
1.47e+02,5.21e+02,2.01e+02,6.30e+01
1.37e+02,4.89e+02,2.00e+02,6.50e+01
1.46e+02,5.24e+02,2.00e+02,6.50e+01
1.46e+02,5.24e+02,2.00e+02,6.50e+01
1.43e+02,5.22e+02,2.05e+02,6.50e+01
1.46e+02,5.24e+02,2.03e+02,6.60e+01
1.46e+02,5.24e+02,2.03e+02,6.60e+01
9.15e+01,2.29e+02,2.05e+02,6.40e+01
1.37e+02,5.22e+02,2.06e+02,6.50e+01
1.46e+02,5.22e+02,2.04e+02,6.40e+01
1.46e+02,5.24e+02,2.00e+02,6.50e+01
9.25e+01,2.04e+02,2.00e+02,6.50e+01
1.37e+02,5.22e+02,2.05e+02,6.50e+01
1.46e+02,5.24e+02,2.00e+02,6.50e+01
1.03e+02,3.42e+02,2.02e+02,6.60e+01
8.61e+01,1.91e+02,2.02e+02,6.60e+01
1.47e+02,5.22e+02,2.07e+02,6.60e+01
1.47e+02,5.22e+02,2.01e+02,6.30e+01
1.46e+02,5.24e+02,2.00e+02,6.50e+01
9.17e+01,2.01e+02,2.04e+02,6.40e+01
1.47e+02,5.22e+02,2.04e+02,6.40e+01
1.37e+02,5.22e+02,2.04e+02,6.40e+01
1.46e+02,5.24e+02,2.03e+02,6.60e+01
1.46e+02,5.24e+02,2.02e+02,6.60e+01
1.47e+02,5.22e+02,2.05e+02,6.40e+01
1.47e+02,5.22e+02,2.01e+02,6.30e+01
1.40e+02,4.88e+02,2.01e+02,6.60e+01
1.05e+02,4.13e+02,2.01e+02,6.30e+01
1.47e+02,5.22e+02,2.05e+02,6.50e+01
1.47e+02,5.22e+02,2.03e+02,6.40e+01
1.47e+02,5.22e+02,2.04e+02,6.40e+01
1.42e+02,5.24e+02,2.01e+02,6.50e+01
1.47e+02,5.20e+02,2.07e+02,6.60e+01
7.87e+00,8.97e+01,2.00e+02,6.50e+01
1.01e+02,3.05e+02,2.00e+02,6.50e+01
1.47e+02,5.22e+02,2.05e+02,6.40e+01
9.23e+01,2.18e+02,2.02e+02,6.40e+01
1.43e+02,5.24e+02,2.00e+02,6.50e+01
1.47e+02,5.22e+02,2.03e+02,6.40e+01
1.37e+02,5.22e+02,2.04e+02,6.50e+01
8.81e+01,1.96e+02,2.01e+02,6.30e+01
1.27e+02,4.45e+02,2.01e+02,6.30e+01
1.47e+02,5.22e+02,2.04e+02,6.50e+01
