9.68e+01,3.67e+02,3.00e+01,2.20e+01
1.31e+02,2.24e+02,4.30e+01,2.40e+01
1.31e+02,2.24e+02,4.10e+01,2.40e+01
9.68e+01,3.67e+02,3.00e+01,2.20e+01
1.31e+02,2.24e+02,4.30e+01,2.40e+01
1.16e+02,3.42e+02,3.40e+01,2.20e+01
9.82e+01,3.66e+02,3.10e+01,2.20e+01
1.16e+02,3.42e+02,3.40e+01,2.30e+01
1.09e+02,3.57e+02,3.10e+01,2.20e+01
1.16e+02,3.42e+02,3.20e+01,2.20e+01
1.09e+02,3.57e+02,3.10e+01,2.20e+01
1.09e+02,3.57e+02,3.30e+01,2.30e+01
1.16e+02,3.42e+02,3.30e+01,2.20e+01
1.09e+02,3.57e+02,3.20e+01,2.20e+01
9.69e+01,3.66e+02,3.00e+01,2.20e+01
9.68e+01,3.67e+02,3.10e+01,2.20e+01
1.16e+02,3.42e+02,3.50e+01,2.30e+01
1.09e+02,3.57e+02,3.20e+01,2.20e+01
1.31e+02,2.24e+02,4.30e+01,2.40e+01
1.16e+02,3.42e+02,3.50e+01,2.20e+01
1.16e+02,3.42e+02,3.50e+01,2.30e+01
1.31e+02,2.24e+02,4.20e+01,2.40e+01
9.82e+01,3.66e+02,3.20e+01,2.20e+01
1.09e+02,3.57e+02,3.10e+01,2.20e+01
6.62e+01,1.31e+02,4.30e+01,2.40e+01
1.16e+02,3.42e+02,3.50e+01,2.40e+01
1.09e+02,3.57e+02,3.40e+01,2.30e+01
9.92e+01,1.86e+02,4.30e+01,2.40e+01
1.09e+02,3.57e+02,3.20e+01,2.20e+01
1.01e+02,3.42e+02,3.00e+01,2.20e+01
1.30e+02,2.24e+02,4.10e+01,2.40e+01
9.68e+01,3.67e+02,3.20e+01,2.20e+01
9.37e+01,2.24e+02,4.20e+01,2.40e+01
7.98e+01,3.02e+02,3.00e+01,2.20e+01
7.79e+01,2.49e+02,3.10e+01,2.20e+01
1.16e+02,3.42e+02,3.40e+01,2.20e+01
1.31e+02,2.24e+02,4.10e+01,2.40e+01
1.16e+02,3.42e+02,3.30e+01,2.20e+01
1.31e+02,2.24e+02,4.30e+01,2.40e+01
1.31e+02,2.24e+02,4.10e+01,2.40e+01
1.10e+02,2.24e+02,4.10e+01,2.40e+01
6.91e+01,1.43e+02,4.30e+01,2.40e+01
1.31e+02,2.24e+02,4.40e+01,2.40e+01
1.16e+02,3.42e+02,3.40e+01,2.30e+01
9.68e+01,3.67e+02,3.00e+01,2.20e+01
7.44e+01,1.90e+02,3.30e+01,2.20e+01
1.31e+02,2.24e+02,4.40e+01,2.40e+01
9.68e+01,3.67e+02,3.10e+01,2.20e+01
8.98e+01,3.60e+02,3.10e+01,2.30e+01
1.16e+02,3.42e+02,3.40e+01,2.30e+01
1.16e+02,3.42e+02,3.40e+01,2.20e+01
1.16e+02,3.42e+02,3.40e+01,2.20e+01
4.76e+01,1.33e+02,3.40e+01,2.30e+01
9.68e+01,3.67e+02,3.10e+01,2.20e+01
9.68e+01,3.67e+02,3.00e+01,2.20e+01
7.79e+01,2.49e+02,3.10e+01,2.20e+01
9.58e+01,3.65e+02,3.00e+01,2.20e+01
-3.20e+00,1.43e+02,4.30e+01,2.40e+01
1.31e+02,2.24e+02,4.20e+01,2.40e+01
1.31e+02,2.24e+02,4.30e+01,2.40e+01
9.58e+01,3.65e+02,3.00e+01,2.20e+01
1.31e+02,2.24e+02,4.10e+01,2.40e+01
1.20e+02,2.24e+02,4.40e+01,2.40e+01
9.68e+01,3.67e+02,3.00e+01,2.20e+01
9.68e+01,3.67e+02,3.00e+01,2.20e+01
9.68e+01,3.67e+02,3.10e+01,2.20e+01
1.16e+02,3.42e+02,3.30e+01,2.20e+01
1.16e+02,3.42e+02,3.50e+01,2.20e+01
6.79e+01,1.87e+02,4.30e+01,2.40e+01
9.65e+01,3.67e+02,3.10e+01,2.20e+01
1.25e+02,2.24e+02,4.40e+01,2.40e+01
1.31e+02,2.24e+02,4.10e+01,2.40e+01
9.68e+01,3.67e+02,3.00e+01,2.20e+01
1.16e+02,3.42e+02,3.50e+01,2.20e+01
8.51e+01,2.72e+02,3.10e+01,2.20e+01
1.21e+02,2.24e+02,4.30e+01,2.40e+01
1.31e+02,2.24e+02,4.30e+01,2.40e+01
1.16e+02,3.42e+02,3.40e+01,2.30e+01
9.68e+01,3.67e+02,3.10e+01,2.20e+01
1.16e+02,3.42e+02,3.50e+01,2.20e+01
9.68e+01,3.67e+02,3.10e+01,2.20e+01
9.68e+01,3.67e+02,3.10e+01,2.20e+01
8.96e+01,3.19e+02,3.00e+01,2.20e+01
1.03e+02,3.56e+02,3.10e+01,2.20e+01
9.68e+01,3.67e+02,3.10e+01,2.30e+01
1.09e+02,3.57e+02,3.20e+01,2.20e+01
9.65e+01,3.67e+02,3.10e+01,2.20e+01
1.16e+02,3.42e+02,3.50e+01,2.20e+01
1.01e+02,3.72e+02,3.10e+01,2.20e+01
9.68e+01,3.67e+02,3.10e+01,2.20e+01
9.82e+01,3.66e+02,3.10e+01,2.20e+01
1.31e+02,2.24e+02,4.40e+01,2.40e+01
3.41e+01,9.46e+01,3.00e+01,2.20e+01
1.15e+02,3.42e+02,3.30e+01,2.20e+01
-1.96e+01,1.38e+02,3.10e+01,2.20e+01
1.30e+02,2.24e+02,4.10e+01,2.40e+01
9.03e+01,2.41e+02,3.30e+01,2.30e+01
9.68e+01,3.67e+02,3.10e+01,2.20e+01
2.75e+01,1.22e+02,3.10e+01,2.20e+01
1.31e+02,2.24e+02,4.40e+01,2.40e+01
1.03e+02,2.03e+02,3.20e+01,2.20e+01
1.16e+02,3.42e+02,3.40e+01,2.20e+01
6.18e+01,1.01e+02,4.30e+01,2.40e+01
4.12e+01,1.58e+02,3.20e+01,2.20e+01
6.62e+01,1.31e+02,4.10e+01,2.40e+01
1.09e+02,3.57e+02,3.10e+01,2.20e+01
2.75e+01,1.22e+02,3.10e+01,2.20e+01
1.15e+02,3.42e+02,3.50e+01,2.30e+01
1.20e+02,2.24e+02,4.40e+01,2.40e+01
9.68e+01,3.67e+02,3.10e+01,2.20e+01
1.16e+02,3.42e+02,3.40e+01,2.20e+01
9.82e+01,3.66e+02,3.10e+01,2.20e+01
8.70e+01,2.51e+02,3.10e+01,2.20e+01
1.09e+02,3.57e+02,3.20e+01,2.20e+01
1.31e+02,2.24e+02,4.10e+01,2.40e+01
1.20e+02,2.24e+02,4.20e+01,2.40e+01
1.31e+02,2.24e+02,4.40e+01,2.40e+01
1.13e+02,3.42e+02,3.20e+01,2.20e+01
9.64e+01,3.67e+02,3.00e+01,2.20e+01
9.68e+01,3.67e+02,3.10e+01,2.20e+01
1.09e+02,3.57e+02,3.10e+01,2.20e+01
9.68e+01,3.67e+02,3.00e+01,2.20e+01
9.68e+01,3.67e+02,3.00e+01,2.20e+01
9.68e+01,3.67e+02,3.10e+01,2.20e+01
1.28e+02,2.23e+02,4.20e+01,2.50e+01
1.09e+02,3.57e+02,3.20e+01,2.20e+01
1.09e+02,3.57e+02,3.20e+01,2.20e+01
9.67e+01,3.67e+02,3.00e+01,2.20e+01
