-7.65e+01,-4.73e+01,8.20e+01,3.40e+01
-7.06e+01,-4.47e+01,8.00e+01,3.30e+01
-6.98e+01,-4.50e+01,8.40e+01,3.40e+01
-6.61e+01,-3.84e+01,8.10e+01,3.40e+01
-7.04e+01,-4.50e+01,7.90e+01,3.30e+01
-6.98e+01,-4.49e+01,8.10e+01,3.30e+01
-7.79e+01,-5.60e+01,7.90e+01,3.30e+01
-7.37e+01,-4.52e+01,8.50e+01,3.40e+01
-7.17e+01,-4.95e+01,7.80e+01,3.30e+01
-7.45e+01,-4.50e+01,8.10e+01,3.30e+01
-7.03e+01,-4.66e+01,7.90e+01,3.40e+01
-8.49e+01,-5.30e+01,8.10e+01,3.40e+01
-6.82e+01,-4.41e+01,8.10e+01,3.40e+01
-7.15e+01,-5.12e+01,8.10e+01,3.30e+01
-7.36e+01,-4.56e+01,7.80e+01,3.30e+01
-7.88e+01,-3.83e+01,8.00e+01,3.40e+01
-7.45e+01,-4.29e+01,8.10e+01,3.40e+01
-7.53e+01,-4.46e+01,7.90e+01,3.30e+01
-6.98e+01,-4.17e+01,8.40e+01,3.30e+01
-7.63e+01,-4.62e+01,8.40e+01,3.40e+01
-9.56e+01,-5.47e+01,7.90e+01,3.30e+01
-8.22e+01,-4.54e+01,7.90e+01,3.30e+01
-8.58e+01,-4.65e+01,7.80e+01,3.30e+01
-7.76e+01,-4.65e+01,7.90e+01,3.30e+01
-7.98e+01,-3.86e+01,7.90e+01,3.30e+01
-7.60e+01,-4.29e+01,7.80e+01,3.30e+01
-7.08e+01,-4.65e+01,7.80e+01,3.30e+01
-6.88e+01,-3.97e+01,8.10e+01,3.40e+01
-7.29e+01,-4.53e+01,7.80e+01,3.30e+01
-7.93e+01,-5.28e+01,8.50e+01,3.30e+01
-7.25e+01,-3.84e+01,8.10e+01,3.30e+01
-7.65e+01,-4.53e+01,8.10e+01,3.30e+01
-7.70e+01,-4.29e+01,8.00e+01,3.40e+01
-8.65e+01,-4.63e+01,8.00e+01,3.30e+01
-7.75e+01,-4.79e+01,7.90e+01,3.30e+01
-7.50e+01,-4.88e+01,7.90e+01,3.30e+01
-7.05e+01,-4.51e+01,7.90e+01,3.30e+01
-8.74e+01,-4.80e+01,7.80e+01,3.30e+01
-7.32e+01,-4.93e+01,7.90e+01,3.30e+01
-7.66e+01,-5.41e+01,7.80e+01,3.30e+01
-7.44e+01,-5.37e+01,7.90e+01,3.30e+01
-7.44e+01,-5.22e+01,7.80e+01,3.30e+01
-6.91e+01,-4.52e+01,7.90e+01,3.30e+01
-7.12e+01,-4.47e+01,8.60e+01,3.40e+01
-7.66e+01,-4.75e+01,7.80e+01,3.30e+01
-7.50e+01,-4.92e+01,8.10e+01,3.30e+01
-8.23e+01,-4.88e+01,7.90e+01,3.30e+01
-7.66e+01,-4.77e+01,7.90e+01,3.30e+01
-2.04e+02,-5.08e+01,7.80e+01,3.30e+01
-7.24e+01,-4.72e+01,8.50e+01,3.40e+01
-8.24e+01,-4.24e+01,8.10e+01,3.30e+01
-8.12e+01,-5.09e+01,8.20e+01,3.40e+01
-8.26e+01,-4.60e+01,8.20e+01,3.30e+01
-1.30e+02,-3.94e+01,8.40e+01,3.40e+01
-6.83e+01,-4.40e+01,8.50e+01,3.50e+01
-8.30e+01,-4.76e+01,8.50e+01,3.30e+01
-6.95e+01,-4.41e+01,8.50e+01,3.40e+01
-1.11e+02,-4.13e+01,8.50e+01,3.40e+01
-9.31e+01,-5.85e+01,8.10e+01,3.30e+01
-6.99e+01,-4.27e+01,8.20e+01,3.40e+01
-7.10e+01,-4.66e+01,8.10e+01,3.40e+01
-8.09e+01,-4.69e+01,8.00e+01,3.30e+01
-7.71e+01,-4.87e+01,8.10e+01,3.40e+01
-7.55e+01,-5.02e+01,8.00e+01,3.30e+01
-7.38e+01,-4.52e+01,7.80e+01,3.30e+01
-7.79e+01,-5.56e+01,7.90e+01,3.30e+01
-7.85e+01,-5.10e+01,8.40e+01,3.40e+01
-7.99e+01,-4.54e+01,8.20e+01,3.40e+01
-7.83e+01,-4.60e+01,8.40e+01,3.40e+01
-7.89e+01,-4.53e+01,8.10e+01,3.30e+01
-7.62e+01,-4.23e+01,8.00e+01,3.30e+01
-7.09e+01,-4.39e+01,8.20e+01,3.30e+01
-7.62e+01,-4.82e+01,8.00e+01,3.30e+01
-7.09e+01,-4.21e+01,8.10e+01,3.30e+01
-7.12e+01,-4.32e+01,8.00e+01,3.30e+01
-8.43e+01,-5.80e+01,8.10e+01,3.40e+01
-2.17e+02,-6.38e+01,8.00e+01,3.30e+01
-7.82e+01,-4.88e+01,8.00e+01,3.30e+01
-7.04e+01,-4.23e+01,8.40e+01,3.40e+01
-7.70e+01,-5.03e+01,8.60e+01,3.50e+01
-7.16e+01,-4.76e+01,8.10e+01,3.40e+01
-7.45e+01,-5.01e+01,8.40e+01,3.40e+01
-7.34e+01,-4.31e+01,8.30e+01,3.40e+01
-6.80e+01,-4.77e+01,8.40e+01,3.40e+01
-1.04e+02,-4.51e+01,8.20e+01,3.40e+01
-4.03e+02,-2.20e+02,8.00e+01,3.30e+01
-7.54e+01,-5.01e+01,8.20e+01,3.30e+01
-7.12e+01,-4.32e+01,8.30e+01,3.50e+01
-7.06e+01,-4.86e+01,8.20e+01,3.30e+01
-1.14e+02,-4.71e+01,8.20e+01,3.40e+01
-7.51e+01,-4.19e+01,8.40e+01,3.50e+01
-7.37e+01,-4.73e+01,8.10e+01,3.40e+01
-3.08e+02,-7.53e+01,8.20e+01,3.40e+01
-7.42e+01,-5.06e+01,7.80e+01,3.30e+01
-1.21e+02,-5.24e+01,8.10e+01,3.30e+01
-1.05e+02,-5.36e+01,8.50e+01,3.40e+01
-7.74e+01,-4.83e+01,8.20e+01,3.30e+01
-6.54e+01,-4.27e+01,8.10e+01,3.40e+01
-2.07e+02,-4.82e+01,8.10e+01,3.30e+01
-1.07e+02,-6.92e+01,8.20e+01,3.40e+01
-7.02e+01,-4.42e+01,8.20e+01,3.30e+01
-6.62e+01,-4.45e+01,8.00e+01,3.30e+01
-7.47e+01,-4.86e+01,8.10e+01,3.40e+01
-8.21e+01,-4.86e+01,8.10e+01,3.30e+01
-7.05e+01,-4.74e+01,8.10e+01,3.50e+01
-7.98e+01,-4.56e+01,8.20e+01,3.40e+01
-1.02e+02,-6.13e+01,8.50e+01,3.40e+01
-1.18e+02,-5.12e+01,8.20e+01,3.30e+01
-8.75e+01,-5.50e+01,7.90e+01,3.30e+01
-6.50e+01,-4.06e+01,7.90e+01,3.30e+01
-8.71e+01,-4.47e+01,8.20e+01,3.50e+01
-7.50e+01,-5.49e+01,8.50e+01,3.40e+01
-7.96e+01,-5.53e+01,8.00e+01,3.30e+01
-7.63e+01,-5.11e+01,8.00e+01,3.30e+01
-7.67e+01,-4.54e+01,8.00e+01,3.40e+01
-4.60e+02,-2.62e+02,8.10e+01,3.30e+01
-7.08e+01,-3.79e+01,8.10e+01,3.30e+01
-6.95e+01,-4.35e+01,7.90e+01,3.30e+01
-7.92e+01,-5.07e+01,8.20e+01,3.40e+01
-1.29e+02,-4.09e+01,8.10e+01,3.30e+01
-7.50e+01,-4.18e+01,8.00e+01,3.40e+01
-1.05e+02,-5.74e+01,8.20e+01,3.30e+01
-7.89e+01,-5.23e+01,8.50e+01,3.50e+01
-7.22e+01,-4.55e+01,8.20e+01,3.40e+01
-1.17e+02,-6.16e+01,8.20e+01,3.40e+01
-1.42e+02,-4.12e+01,8.60e+01,3.50e+01
-7.47e+01,-5.49e+01,8.20e+01,3.40e+01
-8.34e+01,-5.51e+01,8.60e+01,3.40e+01
-7.23e+01,-4.18e+01,8.10e+01,3.40e+01
-1.02e+02,-5.09e+01,8.10e+01,3.30e+01
-7.56e+01,-4.94e+01,8.20e+01,3.40e+01
-7.40e+01,-4.48e+01,7.90e+01,3.30e+01
-6.91e+01,-4.45e+01,8.50e+01,3.30e+01
-8.16e+01,-4.60e+01,8.20e+01,3.40e+01
-7.33e+01,-4.46e+01,8.10e+01,3.40e+01
-4.54e+02,-2.44e+02,8.20e+01,3.40e+01
-7.45e+01,-4.64e+01,8.30e+01,3.40e+01
-7.31e+01,-4.53e+01,8.20e+01,3.40e+01
-7.29e+01,-4.64e+01,8.00e+01,3.40e+01
-8.65e+01,-4.97e+01,8.50e+01,3.50e+01
-8.43e+01,-4.15e+01,7.90e+01,3.30e+01
-8.06e+01,-4.43e+01,7.90e+01,3.40e+01
-7.85e+01,-5.52e+01,8.10e+01,3.30e+01
-1.07e+02,-7.62e+01,8.40e+01,3.30e+01
-7.24e+01,-4.18e+01,8.20e+01,3.40e+01
-7.46e+01,-4.11e+01,8.20e+01,3.50e+01
-8.53e+01,-5.12e+01,8.10e+01,3.40e+01
-7.10e+01,-4.44e+01,8.10e+01,3.40e+01
-7.17e+01,-4.47e+01,7.90e+01,3.30e+01
-6.84e+01,-4.49e+01,8.20e+01,3.40e+01
-8.97e+01,-6.84e+01,8.60e+01,3.40e+01
-7.04e+01,-4.31e+01,8.00e+01,3.30e+01
-7.39e+01,-4.73e+01,8.20e+01,3.40e+01
-8.40e+01,-5.00e+01,7.90e+01,3.30e+01
-7.26e+01,-4.27e+01,8.10e+01,3.30e+01
-7.08e+01,-3.83e+01,8.10e+01,3.40e+01
-7.05e+01,-4.73e+01,8.00e+01,3.30e+01
-7.18e+01,-4.48e+01,8.10e+01,3.30e+01
-6.97e+01,-4.19e+01,8.20e+01,3.40e+01
-8.01e+01,-5.50e+01,7.80e+01,3.30e+01
-8.14e+01,-4.79e+01,7.90e+01,3.40e+01
-7.69e+01,-4.74e+01,8.20e+01,3.40e+01
-8.67e+01,-5.50e+01,8.10e+01,3.30e+01
-7.34e+01,-4.06e+01,8.50e+01,3.30e+01
-7.74e+01,-4.69e+01,8.60e+01,3.40e+01
-7.18e+01,-5.02e+01,7.90e+01,3.30e+01
-7.08e+01,-4.54e+01,8.40e+01,3.40e+01
-9.77e+01,-5.36e+01,8.00e+01,3.30e+01
-7.92e+01,-5.20e+01,8.20e+01,3.40e+01
-7.77e+01,-4.67e+01,8.40e+01,3.50e+01
-8.40e+01,-5.33e+01,7.90e+01,3.30e+01
-6.93e+01,-4.44e+01,8.00e+01,3.30e+01
-7.75e+01,-4.60e+01,7.90e+01,3.30e+01
-6.86e+01,-4.81e+01,8.60e+01,3.50e+01
-2.57e+02,-4.73e+01,8.00e+01,3.30e+01
-7.27e+01,-4.61e+01,7.90e+01,3.30e+01
-8.04e+01,-4.47e+01,8.20e+01,3.30e+01
-7.04e+01,-4.86e+01,8.20e+01,3.40e+01
-8.06e+01,-5.11e+01,8.60e+01,3.40e+01
-7.77e+01,-4.74e+01,8.10e+01,3.40e+01
-7.76e+01,-5.09e+01,8.30e+01,3.50e+01
-7.13e+01,-4.29e+01,7.90e+01,3.30e+01
-7.30e+01,-3.87e+01,8.00e+01,3.40e+01
-7.29e+01,-4.39e+01,8.20e+01,3.40e+01
-7.41e+01,-5.12e+01,8.10e+01,3.40e+01
-7.29e+01,-4.70e+01,8.20e+01,3.30e+01
-7.78e+01,-4.95e+01,8.10e+01,3.30e+01
-8.85e+01,-5.18e+01,8.10e+01,3.40e+01
-4.56e+02,-2.65e+02,8.20e+01,3.40e+01
-3.10e+02,-5.00e+01,8.10e+01,3.40e+01
-7.14e+01,-4.56e+01,7.90e+01,3.30e+01
-7.80e+01,-4.64e+01,8.10e+01,3.30e+01
