-7.57e+01,-5.05e+01,9.10e+01,3.30e+01
-7.12e+01,-4.55e+01,1.03e+02,4.30e+01
-7.00e+01,-4.16e+01,9.30e+01,3.40e+01
-7.70e+01,-4.39e+01,1.02e+02,4.20e+01
-8.37e+01,-4.33e+01,9.10e+01,3.30e+01
-6.56e+01,-4.96e+01,1.06e+02,4.20e+01
-7.49e+01,-4.47e+01,9.40e+01,3.40e+01
-7.13e+01,-4.98e+01,1.02e+02,4.20e+01
-6.62e+01,-3.77e+01,9.20e+01,3.30e+01
-6.75e+01,-4.66e+01,1.04e+02,4.30e+01
-7.71e+01,-4.86e+01,9.10e+01,3.30e+01
-7.50e+01,-4.26e+01,1.05e+02,4.30e+01
-7.36e+01,-4.35e+01,9.20e+01,3.30e+01
-6.49e+01,-4.54e+01,1.02e+02,4.20e+01
-7.10e+01,-4.78e+01,1.03e+02,4.20e+01
-7.23e+01,-4.57e+01,1.03e+02,4.20e+01
-7.15e+01,-4.29e+01,9.10e+01,3.30e+01
-7.33e+01,-4.20e+01,9.20e+01,3.30e+01
-6.65e+01,-4.78e+01,1.02e+02,4.20e+01
-6.94e+01,-4.39e+01,1.06e+02,4.30e+01
-7.29e+01,-4.11e+01,9.10e+01,3.30e+01
-7.30e+01,-4.23e+01,9.20e+01,3.30e+01
-7.09e+01,-4.27e+01,1.02e+02,4.20e+01
-6.82e+01,-4.07e+01,1.03e+02,4.20e+01
-6.79e+01,-4.74e+01,1.05e+02,4.20e+01
-7.35e+01,-4.48e+01,9.10e+01,3.30e+01
-7.08e+01,-3.82e+01,9.30e+01,3.30e+01
-6.72e+01,-4.52e+01,1.02e+02,4.20e+01
-7.74e+01,-4.30e+01,9.20e+01,3.30e+01
-6.92e+01,-4.44e+01,1.04e+02,4.20e+01
-6.86e+01,-4.89e+01,1.03e+02,4.20e+01
-6.96e+01,-4.84e+01,1.04e+02,4.20e+01
-8.40e+01,-4.87e+01,9.10e+01,3.30e+01
-7.55e+01,-5.04e+01,9.40e+01,3.40e+01
-7.74e+01,-4.91e+01,1.02e+02,4.20e+01
-7.52e+01,-4.59e+01,9.20e+01,3.40e+01
-7.14e+01,-4.91e+01,1.03e+02,4.30e+01
-6.72e+01,-5.14e+01,1.05e+02,4.20e+01
-7.20e+01,-4.57e+01,9.10e+01,3.30e+01
-7.16e+01,-4.56e+01,9.20e+01,3.40e+01
-7.65e+01,-4.19e+01,1.02e+02,4.20e+01
-7.57e+01,-4.57e+01,1.04e+02,4.20e+01
-6.46e+01,-4.25e+01,1.03e+02,4.20e+01
-7.75e+01,-4.80e+01,9.10e+01,3.30e+01
-7.14e+01,-5.12e+01,1.05e+02,4.30e+01
-8.04e+01,-5.17e+01,9.20e+01,3.30e+01
-6.34e+01,-4.11e+01,1.02e+02,4.20e+01
-7.19e+01,-4.76e+01,9.30e+01,3.30e+01
-6.97e+01,-5.04e+01,1.03e+02,4.20e+01
-6.81e+01,-4.22e+01,9.30e+01,3.30e+01
-7.81e+01,-5.24e+01,9.50e+01,3.40e+01
-7.06e+01,-4.73e+01,1.03e+02,4.20e+01
-6.73e+01,-4.39e+01,1.03e+02,4.30e+01
-7.34e+01,-4.90e+01,9.30e+01,3.40e+01
-9.47e+01,-4.82e+01,9.20e+01,3.30e+01
-7.54e+01,-4.19e+01,1.02e+02,4.20e+01
-7.24e+01,-4.40e+01,9.20e+01,3.30e+01
-2.82e+02,-5.89e+01,9.30e+01,3.30e+01
-3.25e+02,-7.97e+01,9.10e+01,3.30e+01
-6.64e+01,-4.45e+01,1.02e+02,4.20e+01
-6.76e+01,-4.68e+01,1.04e+02,4.30e+01
-8.59e+01,-4.63e+01,9.10e+01,3.30e+01
-7.11e+01,-4.83e+01,1.03e+02,4.20e+01
-7.83e+01,-4.03e+01,9.30e+01,3.30e+01
-7.32e+01,-4.35e+01,9.50e+01,3.50e+01
-7.81e+01,-5.08e+01,1.02e+02,4.20e+01
-6.84e+01,-4.92e+01,1.04e+02,4.30e+01
-5.00e+02,-4.98e+02,1.06e+02,4.30e+01
-7.17e+01,-5.11e+01,1.02e+02,4.20e+01
-7.71e+01,-4.57e+01,9.50e+01,3.40e+01
-6.54e+01,-4.39e+01,1.03e+02,4.20e+01
-7.27e+01,-4.57e+01,9.20e+01,3.30e+01
-6.49e+01,-3.77e+01,9.20e+01,3.40e+01
-7.29e+01,-4.83e+01,1.08e+02,4.40e+01
-7.37e+01,-3.80e+01,9.20e+01,3.30e+01
-7.14e+01,-4.66e+01,1.03e+02,4.20e+01
-7.80e+01,-4.63e+01,1.04e+02,4.20e+01
-6.93e+01,-4.96e+01,1.06e+02,4.20e+01
-7.21e+01,-5.50e+01,1.06e+02,4.20e+01
-3.33e+02,-9.51e+01,9.40e+01,3.40e+01
-7.32e+01,-4.47e+01,1.07e+02,4.20e+01
-6.87e+01,-4.85e+01,9.40e+01,3.40e+01
-7.24e+01,-4.15e+01,9.30e+01,3.40e+01
-7.11e+01,-4.53e+01,9.20e+01,3.30e+01
-6.70e+01,-4.17e+01,9.40e+01,3.40e+01
-7.59e+01,-4.87e+01,9.10e+01,3.30e+01
-7.03e+01,-4.34e+01,9.20e+01,3.30e+01
-8.33e+01,-5.28e+01,9.40e+01,3.40e+01
-6.71e+01,-4.42e+01,1.03e+02,4.20e+01
-8.26e+01,-5.55e+01,9.20e+01,3.30e+01
-1.16e+02,-4.21e+01,1.04e+02,4.30e+01
-6.86e+01,-4.88e+01,9.20e+01,3.30e+01
-4.65e+02,-2.92e+02,1.06e+02,4.20e+01
-7.08e+01,-4.72e+01,9.20e+01,3.30e+01
-7.88e+01,-4.75e+01,1.03e+02,4.30e+01
-6.85e+01,-4.38e+01,9.40e+01,3.40e+01
-7.67e+01,-4.25e+01,9.20e+01,3.30e+01
-7.06e+01,-4.83e+01,1.03e+02,4.30e+01
-8.53e+01,-4.93e+01,9.10e+01,3.30e+01
-6.65e+01,-4.40e+01,1.03e+02,4.20e+01
-6.09e+01,-4.03e+01,1.03e+02,4.20e+01
-7.32e+01,-4.36e+01,9.30e+01,3.40e+01
-6.85e+01,-4.66e+01,9.20e+01,3.30e+01
-1.98e+02,-4.15e+01,9.40e+01,3.40e+01
-7.92e+01,-4.24e+01,9.10e+01,3.30e+01
-7.03e+01,-4.01e+01,9.10e+01,3.30e+01
-7.14e+01,-4.46e+01,1.04e+02,4.30e+01
-7.59e+01,-4.41e+01,1.03e+02,4.30e+01
-6.85e+01,-4.40e+01,1.03e+02,4.30e+01
-6.64e+01,-4.04e+01,1.04e+02,4.30e+01
-7.06e+01,-4.64e+01,9.20e+01,3.30e+01
-6.56e+01,-4.10e+01,9.40e+01,3.40e+01
-7.44e+01,-4.09e+01,9.40e+01,3.40e+01
-7.24e+01,-4.93e+01,1.04e+02,4.30e+01
-7.88e+01,-5.39e+01,9.30e+01,3.30e+01
-6.51e+01,-4.38e+01,9.40e+01,3.40e+01
-7.02e+01,-4.48e+01,9.20e+01,3.30e+01
-7.09e+01,-4.61e+01,1.02e+02,4.20e+01
-7.52e+01,-4.59e+01,1.07e+02,4.20e+01
-7.47e+01,-4.28e+01,9.30e+01,3.40e+01
-7.48e+01,-4.87e+01,9.10e+01,3.30e+01
-8.24e+01,-5.14e+01,9.40e+01,3.40e+01
-7.66e+01,-4.74e+01,1.06e+02,4.20e+01
-6.67e+01,-4.26e+01,1.03e+02,4.30e+01
-7.40e+01,-5.28e+01,1.03e+02,4.20e+01
-6.48e+01,-4.15e+01,1.05e+02,4.40e+01
-7.25e+01,-5.06e+01,1.07e+02,4.20e+01
-6.56e+01,-3.77e+01,9.10e+01,3.30e+01
-7.00e+01,-4.51e+01,1.07e+02,4.20e+01
-7.62e+01,-4.57e+01,9.40e+01,3.40e+01
-6.90e+01,-4.25e+01,9.30e+01,3.30e+01
-7.53e+01,-4.06e+01,9.20e+01,3.30e+01
-7.41e+01,-5.44e+01,9.30e+01,3.30e+01
-7.18e+01,-5.46e+01,1.03e+02,4.30e+01
-6.67e+01,-4.68e+01,1.03e+02,4.20e+01
-6.82e+01,-4.58e+01,9.20e+01,3.30e+01
-7.16e+01,-4.85e+01,9.20e+01,3.40e+01
-6.75e+01,-4.30e+01,1.06e+02,4.20e+01
-6.79e+01,-4.11e+01,9.10e+01,3.30e+01
-7.96e+01,-4.39e+01,1.02e+02,4.20e+01
-7.17e+01,-4.09e+01,9.30e+01,3.40e+01
-6.90e+01,-4.63e+01,1.03e+02,4.30e+01
-7.84e+01,-4.05e+01,9.10e+01,3.30e+01
-8.76e+01,-5.10e+01,9.10e+01,3.30e+01
-7.36e+01,-4.55e+01,9.40e+01,3.40e+01
-7.76e+01,-4.53e+01,9.20e+01,3.30e+01
-7.16e+01,-4.48e+01,9.10e+01,3.30e+01
-7.12e+01,-4.99e+01,1.03e+02,4.30e+01
-6.87e+01,-4.25e+01,1.03e+02,4.20e+01
-7.77e+01,-5.09e+01,9.10e+01,3.30e+01
-7.41e+01,-3.99e+01,9.30e+01,3.30e+01
-7.58e+01,-4.67e+01,1.03e+02,4.30e+01
-7.14e+01,-4.33e+01,1.02e+02,4.20e+01
-7.05e+01,-4.73e+01,9.20e+01,3.30e+01
-6.75e+01,-4.06e+01,1.02e+02,4.20e+01
-6.97e+01,-4.87e+01,1.03e+02,4.30e+01
-3.30e+02,-7.04e+01,1.03e+02,4.30e+01
-6.55e+01,-4.34e+01,1.02e+02,4.20e+01
-8.17e+01,-4.78e+01,1.06e+02,4.30e+01
-6.84e+01,-4.00e+01,9.20e+01,3.40e+01
-7.46e+01,-4.42e+01,9.20e+01,3.40e+01
-6.72e+01,-4.67e+01,9.20e+01,3.40e+01
-6.58e+01,-4.51e+01,1.05e+02,4.30e+01
-8.22e+01,-4.76e+01,1.04e+02,4.30e+01
-7.50e+01,-4.45e+01,9.40e+01,3.40e+01
-7.69e+01,-4.49e+01,9.50e+01,3.50e+01
-1.27e+02,-4.41e+01,1.05e+02,4.30e+01
-8.11e+01,-4.47e+01,1.02e+02,4.20e+01
-6.96e+01,-4.22e+01,1.07e+02,4.20e+01
-8.66e+01,-4.71e+01,9.20e+01,3.30e+01
-6.90e+01,-4.56e+01,1.02e+02,4.20e+01
-6.59e+01,-4.51e+01,1.03e+02,4.30e+01
-6.51e+01,-4.26e+01,9.30e+01,3.40e+01
-7.35e+01,-4.65e+01,9.40e+01,3.40e+01
-6.58e+01,-4.50e+01,1.06e+02,4.20e+01
-7.39e+01,-5.19e+01,9.20e+01,3.40e+01
-7.51e+01,-4.84e+01,9.10e+01,3.30e+01
-6.80e+01,-3.77e+01,1.03e+02,4.20e+01
-6.91e+01,-4.31e+01,9.30e+01,3.40e+01
-6.61e+01,-4.43e+01,1.02e+02,4.20e+01
-7.15e+01,-5.06e+01,1.06e+02,4.30e+01
-7.72e+01,-5.23e+01,1.04e+02,4.30e+01
-6.87e+01,-4.69e+01,1.03e+02,4.20e+01
-7.06e+01,-4.74e+01,9.40e+01,3.40e+01
-7.40e+01,-5.19e+01,1.05e+02,4.30e+01
-7.38e+01,-4.40e+01,9.20e+01,3.30e+01
-6.84e+01,-4.45e+01,9.40e+01,3.40e+01
-6.45e+01,-4.49e+01,1.03e+02,4.20e+01
-7.64e+01,-4.30e+01,9.40e+01,3.40e+01
-6.79e+01,-4.76e+01,1.04e+02,4.20e+01
-1.37e+02,-4.14e+01,1.05e+02,4.30e+01
-7.01e+01,-4.18e+01,9.20e+01,3.30e+01
