-1.30e+01,1.18e+02,7.20e+01,4.40e+01
-3.46e+00,9.79e+01,7.20e+01,4.40e+01
-4.92e-01,1.84e+02,7.20e+01,4.40e+01
1.33e+01,1.45e+02,7.40e+01,4.50e+01
4.37e+01,2.85e+02,7.30e+01,4.40e+01
-3.56e-01,1.14e+02,7.20e+01,4.40e+01
1.10e+01,1.65e+02,7.50e+01,4.50e+01
2.72e+01,2.60e+02,7.30e+01,4.50e+01
-1.76e+01,1.87e+02,7.40e+01,4.50e+01
-1.74e+01,1.47e+02,7.20e+01,4.40e+01
7.86e+00,2.03e+02,7.30e+01,4.40e+01
5.09e+00,1.49e+02,7.50e+01,4.50e+01
-2.28e+01,8.72e+01,7.60e+01,4.50e+01
1.72e+01,2.40e+02,7.40e+01,4.60e+01
1.25e+01,2.21e+02,7.30e+01,4.40e+01
-8.29e+00,9.57e+01,7.20e+01,4.40e+01
1.50e+01,1.37e+02,7.40e+01,4.50e+01
-7.78e+00,3.56e+01,7.40e+01,4.50e+01
2.16e+01,2.04e+02,7.60e+01,4.50e+01
-1.16e+01,5.49e+01,7.20e+01,4.40e+01
-9.21e+00,4.69e+01,7.60e+01,4.60e+01
-6.30e+00,1.42e+02,7.40e+01,4.50e+01
1.76e+01,1.91e+02,7.20e+01,4.40e+01
-1.36e+01,4.49e+01,7.50e+01,4.50e+01
1.04e+01,1.48e+02,7.20e+01,4.40e+01
-7.85e+00,5.26e+01,7.70e+01,4.60e+01
1.63e+01,2.25e+02,7.20e+01,4.40e+01
-1.17e-01,6.08e+01,7.30e+01,4.50e+01
-2.15e+01,7.75e+01,7.20e+01,4.40e+01
2.08e+01,1.83e+02,7.50e+01,4.50e+01
1.58e+01,1.54e+02,7.30e+01,4.50e+01
1.03e+01,9.54e+01,7.30e+01,4.40e+01
2.36e+01,1.90e+02,7.20e+01,4.40e+01
-8.45e+00,1.37e+02,7.20e+01,4.40e+01
4.71e+00,1.19e+02,7.50e+01,4.60e+01
1.41e+01,2.04e+02,7.30e+01,4.50e+01
9.61e+00,1.28e+02,7.20e+01,4.40e+01
1.43e+01,1.37e+02,7.20e+01,4.40e+01
-1.13e+01,3.19e+01,7.60e+01,4.60e+01
-1.73e+00,1.39e+02,7.30e+01,4.40e+01
9.32e-01,1.08e+02,7.30e+01,4.40e+01
2.49e+01,2.30e+02,7.40e+01,4.50e+01
3.64e+01,3.06e+02,7.30e+01,4.50e+01
1.69e+01,1.11e+02,7.20e+01,4.40e+01
7.19e+00,1.41e+02,7.20e+01,4.40e+01
-2.25e+01,1.13e+02,7.60e+01,4.60e+01
1.24e+01,1.33e+02,7.40e+01,4.50e+01
3.13e+01,3.07e+02,7.20e+01,4.40e+01
4.17e+01,2.98e+02,7.30e+01,4.40e+01
3.16e+00,1.34e+02,7.40e+01,4.50e+01
2.56e+01,2.15e+02,7.30e+01,4.40e+01
1.75e+00,1.42e+02,7.20e+01,4.40e+01
-1.07e+01,4.18e+01,7.20e+01,4.40e+01
-1.21e+01,2.08e+02,7.40e+01,4.50e+01
1.58e+01,1.18e+02,7.20e+01,4.40e+01
2.99e+01,2.98e+02,7.30e+01,4.50e+01
8.99e+00,1.26e+02,7.50e+01,4.60e+01
3.14e+00,1.21e+02,7.30e+01,4.50e+01
-1.12e+01,1.10e+02,7.60e+01,4.50e+01
-4.45e+00,6.11e+01,7.30e+01,4.50e+01
-1.21e+01,1.05e+02,7.40e+01,4.50e+01
3.57e+00,9.42e+01,7.50e+01,4.50e+01
1.09e+00,1.83e+02,7.30e+01,4.40e+01
2.39e+01,3.00e+02,7.30e+01,4.50e+01
9.31e+00,1.10e+02,7.20e+01,4.40e+01
-1.09e+01,1.83e+02,7.30e+01,4.50e+01
-1.38e+00,2.11e+02,7.20e+01,4.40e+01
1.27e+01,1.53e+02,7.20e+01,4.40e+01
6.60e+00,1.50e+02,7.50e+01,4.50e+01
3.38e+00,1.12e+02,7.20e+01,4.40e+01
-1.11e+01,6.89e+01,7.40e+01,4.50e+01
-1.54e+01,1.39e+02,7.30e+01,4.40e+01
2.12e+01,2.40e+02,7.20e+01,4.40e+01
6.25e-01,7.67e+01,7.30e+01,4.40e+01
2.76e+00,9.79e+01,7.30e+01,4.40e+01
-1.27e+00,6.90e+01,7.50e+01,4.50e+01
-3.82e+01,3.58e+01,7.30e+01,4.40e+01
3.56e+00,1.28e+02,7.60e+01,4.60e+01
5.46e+00,1.98e+02,7.40e+01,4.50e+01
4.36e+01,3.03e+02,7.40e+01,4.50e+01
1.42e+00,1.09e+02,7.50e+01,4.50e+01
-5.96e+00,1.30e+02,7.20e+01,4.40e+01
1.96e+01,2.18e+02,7.20e+01,4.40e+01
2.23e+01,2.23e+02,7.40e+01,4.50e+01
1.52e+01,3.12e+02,7.40e+01,4.60e+01
-1.88e+01,1.01e+02,7.40e+01,4.50e+01
-1.99e+00,1.22e+02,7.50e+01,4.50e+01
2.96e-01,1.12e+02,7.50e+01,4.50e+01
2.36e+01,1.80e+02,7.50e+01,4.50e+01
-2.49e+00,1.34e+02,7.40e+01,4.50e+01
1.37e+01,1.78e+02,7.30e+01,4.40e+01
6.41e+00,1.14e+02,7.20e+01,4.40e+01
2.88e+01,2.18e+02,7.30e+01,4.40e+01
-8.24e+00,1.41e+02,7.30e+01,4.40e+01
2.21e+01,2.85e+02,7.20e+01,4.40e+01
-1.16e+01,1.10e+02,7.20e+01,4.40e+01
1.41e+00,1.09e+02,7.30e+01,4.40e+01
3.93e+01,2.92e+02,7.20e+01,4.40e+01
-1.92e+01,5.60e+01,7.20e+01,4.40e+01
7.33e+00,1.07e+02,7.20e+01,4.40e+01
4.58e+00,1.18e+02,7.20e+01,4.40e+01
4.59e+00,1.21e+02,7.30e+01,4.40e+01
2.82e+01,2.37e+02,7.30e+01,4.40e+01
-1.03e+00,9.86e+01,7.50e+01,4.50e+01
4.05e+01,3.08e+02,7.20e+01,4.40e+01
-1.19e+01,2.60e+01,7.20e+01,4.40e+01
1.98e+01,2.15e+02,7.40e+01,4.40e+01
-1.64e+01,4.98e+01,7.30e+01,4.40e+01
-2.48e+01,1.32e+02,7.20e+01,4.40e+01
2.24e+01,2.59e+02,7.30e+01,4.40e+01
1.58e+01,2.00e+02,7.30e+01,4.50e+01
2.33e+00,8.88e+01,7.30e+01,4.40e+01
5.46e+00,1.95e+02,7.40e+01,4.50e+01
-8.48e+00,3.56e+01,7.20e+01,4.40e+01
-2.04e+01,1.27e+02,7.30e+01,4.40e+01
-2.44e+01,1.13e+02,7.40e+01,4.50e+01
1.02e+00,1.24e+02,7.30e+01,4.40e+01
-1.30e+01,7.78e+01,7.30e+01,4.40e+01
3.41e+00,1.05e+02,7.30e+01,4.50e+01
5.13e+00,1.16e+02,7.30e+01,4.40e+01
1.83e+01,2.00e+02,7.50e+01,4.60e+01
-3.03e+00,7.57e+01,7.50e+01,4.60e+01
2.78e+01,2.71e+02,7.40e+01,4.50e+01
-7.09e+00,1.15e+02,7.50e+01,4.50e+01
1.46e+00,1.32e+02,7.30e+01,4.40e+01
-9.85e+00,1.39e+02,7.50e+01,4.50e+01
-1.16e+01,6.23e+01,7.70e+01,4.60e+01
2.33e+01,1.98e+02,7.30e+01,4.40e+01
