-3.30e+01,1.48e+01,1.50e+01,1.20e+01
-8.96e+00,4.22e+01,1.50e+01,1.20e+01
5.01e+00,6.76e+01,1.80e+01,1.20e+01
-2.72e+01,5.42e+01,1.00e+01,1.20e+01
-3.72e+00,1.03e+02,1.60e+01,1.20e+01
-3.00e+01,5.55e+01,1.20e+01,1.20e+01
-6.79e-01,1.23e+02,1.00e+01,1.20e+01
1.56e+01,8.42e+01,1.50e+01,1.20e+01
-1.58e+00,6.28e+01,1.30e+01,1.20e+01
-3.12e+01,3.82e+01,1.20e+01,1.20e+01
-2.72e+00,5.82e+01,1.10e+01,1.20e+01
-7.71e+00,1.34e+02,1.50e+01,1.20e+01
-1.76e+01,9.98e+01,1.80e+01,1.20e+01
-9.85e+00,6.36e+01,1.10e+01,1.20e+01
2.59e+01,1.86e+02,1.30e+01,1.20e+01
-6.46e+00,5.94e+01,1.40e+01,1.20e+01
1.00e+01,1.12e+02,1.60e+01,1.20e+01
-7.22e+00,5.30e+01,1.30e+01,1.20e+01
-2.17e+01,7.17e+01,1.20e+01,1.20e+01
3.88e+00,5.42e+01,1.70e+01,1.20e+01
-6.06e+00,1.22e+02,1.20e+01,1.20e+01
-1.39e+01,9.37e+01,1.20e+01,1.20e+01
-3.18e+01,3.38e+01,1.50e+01,1.20e+01
-1.67e+01,6.25e+01,9.00e+00,1.20e+01
1.34e+00,7.53e+01,1.30e+01,1.20e+01
-2.80e+01,4.46e+01,1.40e+01,1.20e+01
2.13e+00,2.80e+01,1.50e+01,1.20e+01
3.11e+01,1.66e+02,1.40e+01,1.20e+01
-8.66e+00,4.29e+01,9.00e+00,1.20e+01
-3.77e+00,5.33e+01,1.60e+01,1.20e+01
3.61e+01,1.38e+02,1.40e+01,1.20e+01
2.15e+01,6.72e+01,1.60e+01,1.20e+01
2.20e+01,8.62e+01,1.70e+01,1.20e+01
4.77e+00,1.18e+02,8.00e+00,1.20e+01
-8.66e+00,3.79e+01,1.20e+01,1.20e+01
-1.90e+00,1.02e+02,1.60e+01,1.20e+01
1.69e+01,1.23e+02,1.50e+01,1.20e+01
7.14e+00,9.15e+01,1.50e+01,1.20e+01
-1.36e+01,4.89e+01,1.30e+01,1.20e+01
-1.32e+00,6.80e+01,1.70e+01,1.20e+01
-2.31e+01,6.04e+01,1.00e+01,1.20e+01
-2.39e+01,5.84e+01,1.30e+01,1.20e+01
1.35e+01,9.40e+01,1.40e+01,1.20e+01
-3.78e+00,5.58e+01,1.50e+01,1.20e+01
-1.98e+01,3.96e+01,1.30e+01,1.20e+01
-1.02e+01,6.23e+01,1.30e+01,1.20e+01
-9.45e+00,7.38e+01,1.60e+01,1.20e+01
1.49e+01,7.06e+01,1.80e+01,1.20e+01
-2.18e+01,5.12e+01,1.50e+01,1.20e+01
-2.71e+00,4.92e+01,1.50e+01,1.20e+01
5.46e+00,9.23e+01,1.10e+01,1.20e+01
2.86e+01,1.21e+02,1.30e+01,1.20e+01
-3.11e+01,3.77e+01,1.10e+01,1.20e+01
-2.78e+01,2.02e+01,1.40e+01,1.20e+01
-4.38e+01,-1.24e+01,1.20e+01,1.20e+01
-4.26e+01,-8.82e+00,1.10e+01,1.20e+01
-2.27e+01,2.92e+01,1.00e+01,1.20e+01
2.08e+00,6.75e+01,1.10e+01,1.20e+01
-2.56e+01,0.00e+00,1.30e+01,1.20e+01
-1.13e+01,5.65e+01,1.40e+01,1.20e+01
-1.34e+01,4.66e+01,1.50e+01,1.20e+01
1.57e+01,8.24e+01,1.60e+01,1.20e+01
1.07e+01,5.13e+01,1.80e+01,1.20e+01
-1.71e+01,6.97e+01,1.10e+01,1.20e+01
-3.05e+01,-5.84e+00,1.30e+01,1.20e+01
1.62e+01,7.15e+01,1.40e+01,1.20e+01
-1.28e+00,6.14e+01,1.50e+01,1.20e+01
-5.88e+00,1.07e+02,1.50e+01,1.20e+01
-8.26e+00,9.46e+01,1.30e+01,1.20e+01
2.58e+00,6.54e+01,1.20e+01,1.20e+01
-2.57e+01,3.17e+01,1.30e+01,1.20e+01
-6.77e+00,5.45e+01,1.10e+01,1.20e+01
1.58e+00,4.59e+01,1.60e+01,1.20e+01
-2.93e+00,4.23e+01,1.60e+01,1.20e+01
6.88e-02,6.28e+01,1.60e+01,1.20e+01
-1.16e+01,3.70e+01,1.00e+01,1.20e+01
-2.07e+01,5.77e+01,1.40e+01,1.20e+01
-4.44e+01,1.21e+01,1.30e+01,1.20e+01
-2.24e+00,7.70e+01,1.20e+01,1.20e+01
-1.79e+01,4.97e+01,1.10e+01,1.20e+01
6.39e-01,1.06e+02,1.40e+01,1.20e+01
-2.96e+01,3.30e+01,1.10e+01,1.20e+01
1.22e+01,1.22e+02,1.60e+01,1.20e+01
-2.00e+01,6.50e+01,1.60e+01,1.20e+01
7.96e+00,7.95e+01,1.40e+01,1.20e+01
-5.38e+01,2.32e+01,1.10e+01,1.20e+01
1.05e+01,7.62e+01,1.60e+01,1.20e+01
-3.01e+00,5.56e+01,1.20e+01,1.20e+01
-1.36e+00,2.73e+01,1.60e+01,1.20e+01
-1.51e+00,5.63e+01,1.30e+01,1.20e+01
-1.64e+01,5.77e+01,1.70e+01,1.20e+01
-1.21e+01,5.53e+01,1.60e+01,1.20e+01
3.01e+01,1.06e+02,1.60e+01,1.20e+01
-1.38e+01,4.62e+01,1.80e+01,1.20e+01
-2.78e+00,6.26e+01,1.60e+01,1.20e+01
-9.88e+00,5.05e+01,1.40e+01,1.20e+01
-1.44e+01,9.41e+01,1.60e+01,1.20e+01
2.80e+00,1.38e+02,1.50e+01,1.20e+01
-3.01e+01,3.37e+01,1.60e+01,1.20e+01
5.00e+00,4.63e+01,1.50e+01,1.20e+01
-2.42e+01,4.31e+01,1.40e+01,1.20e+01
7.16e+00,1.07e+02,1.20e+01,1.20e+01
-2.84e+01,2.87e+01,1.80e+01,1.20e+01
1.44e+01,5.05e+01,1.30e+01,1.20e+01
-4.67e+01,-2.05e+01,9.00e+00,1.20e+01
5.59e+00,1.15e+02,1.30e+01,1.20e+01
-6.82e+00,5.74e+01,1.40e+01,1.20e+01
-1.07e+01,3.28e+01,1.30e+01,1.20e+01
-3.17e+01,6.63e+01,1.40e+01,1.20e+01
3.28e+00,8.96e+01,1.40e+01,1.20e+01
-4.13e+01,3.72e+01,1.30e+01,1.20e+01
1.14e+00,6.46e+01,1.30e+01,1.20e+01
2.32e+01,1.31e+02,1.70e+01,1.20e+01
1.32e+01,5.96e+01,1.40e+01,1.20e+01
-3.18e+00,3.68e+01,1.40e+01,1.20e+01
9.81e+00,7.89e+01,1.70e+01,1.20e+01
1.60e+01,7.18e+01,1.30e+01,1.20e+01
-2.06e+01,8.31e+01,1.40e+01,1.20e+01
-1.47e+00,5.69e+01,1.50e+01,1.20e+01
-2.64e+01,4.62e+01,1.10e+01,1.20e+01
1.45e+01,7.11e+01,1.30e+01,1.20e+01
1.25e+01,7.45e+01,1.70e+01,1.20e+01
-1.84e-02,2.37e+01,1.60e+01,1.20e+01
-9.30e+00,8.65e+01,1.50e+01,1.20e+01
-3.45e+01,3.74e+01,1.40e+01,1.20e+01
3.38e+01,1.00e+02,1.60e+01,1.20e+01
-2.20e+01,3.33e+01,1.50e+01,1.20e+01
-5.26e-01,6.41e+01,1.40e+01,1.20e+01
