1.18e+02,1.87e+02,3.80e+01,2.50e+01
1.36e+02,2.92e+02,3.20e+01,2.30e+01
1.06e+02,1.80e+02,3.30e+01,2.20e+01
8.61e+01,2.78e+02,3.90e+01,2.50e+01
1.35e+02,2.29e+02,3.20e+01,2.20e+01
7.38e+01,1.18e+02,3.80e+01,2.40e+01
1.99e+02,3.52e+02,3.30e+01,2.20e+01
1.96e+02,3.43e+02,3.60e+01,2.40e+01
9.17e+01,2.64e+02,3.90e+01,2.50e+01
9.57e+01,2.10e+02,3.50e+01,2.50e+01
1.36e+02,2.96e+02,3.50e+01,2.40e+01
1.23e+02,2.72e+02,3.30e+01,2.20e+01
1.11e+02,1.76e+02,3.10e+01,2.20e+01
1.12e+02,2.73e+02,3.60e+01,2.40e+01
1.24e+02,2.22e+02,3.50e+01,2.30e+01
1.58e+02,2.90e+02,3.60e+01,2.50e+01
1.37e+02,2.07e+02,3.80e+01,2.50e+01
1.51e+02,2.40e+02,3.40e+01,2.30e+01
1.28e+02,2.19e+02,3.10e+01,2.20e+01
9.97e+01,2.00e+02,3.60e+01,2.50e+01
1.07e+02,1.57e+02,3.40e+01,2.40e+01
1.36e+02,3.11e+02,3.60e+01,2.40e+01
1.41e+02,2.04e+02,3.30e+01,2.20e+01
1.78e+02,3.28e+02,3.80e+01,2.50e+01
1.65e+02,2.88e+02,3.40e+01,2.40e+01
1.15e+02,1.88e+02,3.40e+01,2.40e+01
7.61e+01,1.67e+02,3.10e+01,2.20e+01
1.25e+02,2.64e+02,3.30e+01,2.20e+01
9.10e+01,2.59e+02,3.50e+01,2.40e+01
1.10e+02,1.63e+02,3.80e+01,2.50e+01
9.61e+01,2.15e+02,3.80e+01,2.40e+01
8.46e+01,1.61e+02,3.30e+01,2.20e+01
8.75e+01,1.25e+02,3.40e+01,2.30e+01
1.04e+02,2.31e+02,3.30e+01,2.30e+01
1.23e+02,2.30e+02,3.20e+01,2.30e+01
9.31e+01,2.21e+02,3.30e+01,2.20e+01
2.35e+01,4.69e+01,3.40e+01,2.30e+01
1.35e+02,3.13e+02,3.30e+01,2.20e+01
7.83e+01,1.18e+02,3.70e+01,2.40e+01
1.10e+02,2.20e+02,3.90e+01,2.60e+01
1.07e+02,2.23e+02,3.40e+01,2.20e+01
9.42e+01,2.67e+02,3.50e+01,2.50e+01
7.46e-01,9.35e+01,3.30e+01,2.20e+01
1.28e+02,1.98e+02,3.70e+01,2.40e+01
9.69e+01,2.53e+02,3.80e+01,2.50e+01
8.10e+01,1.72e+02,3.40e+01,2.20e+01
1.66e+02,2.56e+02,3.30e+01,2.20e+01
1.76e+02,3.06e+02,3.20e+01,2.20e+01
6.18e+01,1.35e+02,4.00e+01,2.50e+01
1.27e+02,2.44e+02,3.90e+01,2.50e+01
1.01e+02,1.63e+02,3.80e+01,2.50e+01
1.69e+02,3.08e+02,3.60e+01,2.50e+01
1.41e+02,2.26e+02,4.00e+01,2.50e+01
8.50e+01,1.54e+02,3.40e+01,2.20e+01
1.22e+02,2.37e+02,3.90e+01,2.60e+01
1.26e+02,3.13e+02,3.30e+01,2.30e+01
1.66e+02,2.24e+02,3.30e+01,2.40e+01
1.32e+02,3.30e+02,3.80e+01,2.40e+01
1.26e+02,3.29e+02,3.90e+01,2.50e+01
1.38e+02,3.07e+02,3.50e+01,2.40e+01
1.36e+02,2.60e+02,4.10e+01,2.60e+01
1.24e+02,2.71e+02,3.60e+01,2.50e+01
3.75e+01,1.71e+02,3.90e+01,2.50e+01
1.10e+02,1.94e+02,3.40e+01,2.30e+01
1.52e+02,3.22e+02,3.60e+01,2.40e+01
1.26e+02,2.33e+02,3.90e+01,2.50e+01
1.37e+02,2.66e+02,3.90e+01,2.60e+01
1.18e+02,2.17e+02,3.70e+01,2.40e+01
1.33e+02,3.22e+02,3.80e+01,2.50e+01
1.35e+02,2.55e+02,3.30e+01,2.30e+01
1.27e+02,2.42e+02,3.90e+01,2.50e+01
7.88e+01,2.29e+02,4.00e+01,2.50e+01
1.05e+02,2.64e+02,3.30e+01,2.30e+01
1.40e+02,1.79e+02,3.90e+01,2.50e+01
5.09e+01,1.51e+02,3.20e+01,2.20e+01
1.54e+02,2.58e+02,3.50e+01,2.30e+01
4.78e+01,1.63e+02,4.00e+01,2.60e+01
1.31e+02,3.08e+02,4.00e+01,2.60e+01
1.15e+02,1.92e+02,3.20e+01,2.20e+01
1.17e+02,2.09e+02,3.50e+01,2.30e+01
1.37e+02,2.02e+02,3.60e+01,2.50e+01
6.65e+01,1.55e+02,3.40e+01,2.30e+01
1.15e+02,2.74e+02,3.50e+01,2.40e+01
1.34e+02,2.25e+02,3.50e+01,2.30e+01
1.83e+02,4.84e+02,4.00e+01,2.50e+01
1.40e+02,2.78e+02,3.60e+01,2.40e+01
1.57e+02,2.86e+02,3.30e+01,2.20e+01
7.75e+01,1.70e+02,3.40e+01,2.30e+01
1.37e+02,2.69e+02,3.20e+01,2.20e+01
8.91e+01,2.23e+02,3.80e+01,2.40e+01
8.18e+01,1.93e+02,3.80e+01,2.50e+01
1.36e+02,2.75e+02,4.00e+01,2.60e+01
6.58e+01,1.31e+02,3.90e+01,2.50e+01
1.10e+02,2.71e+02,3.30e+01,2.20e+01
1.10e+02,1.53e+02,3.40e+01,2.30e+01
-4.87e+01,-2.31e+01,3.90e+01,2.50e+01
1.07e+02,2.49e+02,3.80e+01,2.40e+01
1.15e+02,1.82e+02,4.00e+01,2.50e+01
1.23e+02,2.70e+02,3.80e+01,2.50e+01
7.41e+01,1.69e+02,3.90e+01,2.60e+01
1.65e+02,2.55e+02,4.00e+01,2.50e+01
1.20e+02,2.73e+02,4.00e+01,2.60e+01
1.38e+02,2.20e+02,3.30e+01,2.20e+01
8.87e+01,2.31e+02,3.40e+01,2.20e+01
7.69e+01,2.73e+02,3.80e+01,2.50e+01
1.17e+02,3.31e+02,3.50e+01,2.50e+01
1.47e+02,2.52e+02,3.20e+01,2.30e+01
1.58e+02,3.21e+02,3.70e+01,2.40e+01
6.83e+01,1.06e+02,3.20e+01,2.20e+01
3.19e+01,7.45e+01,3.40e+01,2.20e+01
1.60e+02,2.72e+02,3.90e+01,2.50e+01
1.24e+02,2.62e+02,3.40e+01,2.30e+01
2.66e+01,6.93e+01,3.30e+01,2.20e+01
1.32e+02,2.57e+02,3.40e+01,2.20e+01
6.24e+01,2.05e+02,3.60e+01,2.40e+01
9.17e+01,1.33e+02,3.80e+01,2.50e+01
1.66e+02,2.95e+02,3.70e+01,2.50e+01
9.69e+01,1.79e+02,3.50e+01,2.50e+01
1.09e+02,2.85e+02,3.20e+01,2.30e+01
1.29e+02,3.34e+02,3.40e+01,2.20e+01
1.26e+02,2.15e+02,3.90e+01,2.50e+01
1.41e+02,3.33e+02,3.20e+01,2.20e+01
8.74e+01,2.30e+02,3.30e+01,2.20e+01
1.37e+02,2.83e+02,3.80e+01,2.40e+01
6.72e+01,1.56e+02,3.40e+01,2.30e+01
1.18e+02,1.96e+02,3.90e+01,2.50e+01
1.13e+02,1.70e+02,3.90e+01,2.40e+01
5.25e+01,1.28e+02,3.80e+01,2.40e+01
