-2.21e+02,-5.29e+01,1.92e+02,7.90e+01
-1.71e+02,-6.00e+01,2.26e+02,1.01e+02
-1.73e+02,-6.23e+01,2.19e+02,9.70e+01
-2.19e+02,-5.34e+01,2.00e+02,8.40e+01
-1.68e+02,-7.42e+01,2.20e+02,9.70e+01
-2.28e+02,-7.06e+01,1.96e+02,8.10e+01
-1.83e+02,-7.04e+01,2.25e+02,1.01e+02
-2.23e+02,-7.14e+01,1.94e+02,8.00e+01
-2.28e+02,-8.85e+01,1.93e+02,8.00e+01
-2.34e+02,-8.64e+01,1.92e+02,7.90e+01
-1.69e+02,-7.22e+01,2.26e+02,1.01e+02
-1.80e+02,-6.42e+01,2.19e+02,9.70e+01
-2.22e+02,-7.57e+01,2.00e+02,8.30e+01
-2.27e+02,-5.78e+01,1.93e+02,7.90e+01
-1.65e+02,-5.87e+01,2.20e+02,9.70e+01
-2.30e+02,-5.36e+01,1.98e+02,8.30e+01
-1.64e+02,-5.93e+01,2.21e+02,9.80e+01
-2.74e+02,-8.70e+01,1.92e+02,7.80e+01
-1.74e+02,-8.58e+01,2.26e+02,1.01e+02
-2.21e+02,-6.29e+01,1.93e+02,8.00e+01
-1.74e+02,-6.15e+01,2.28e+02,1.02e+02
-2.20e+02,-4.40e+01,1.99e+02,8.20e+01
-1.70e+02,-6.82e+01,2.26e+02,1.01e+02
-2.39e+02,-9.35e+01,1.96e+02,8.10e+01
-1.86e+02,-7.30e+01,2.19e+02,9.70e+01
-1.87e+02,-5.88e+01,2.27e+02,1.02e+02
-1.65e+02,-5.69e+01,2.27e+02,1.02e+02
-1.70e+02,-7.17e+01,2.25e+02,1.01e+02
-2.34e+02,-6.97e+01,2.02e+02,8.40e+01
-1.65e+02,-5.53e+01,2.20e+02,9.70e+01
-1.66e+02,-7.00e+01,2.26e+02,1.01e+02
-1.84e+02,-6.24e+01,2.19e+02,9.70e+01
-2.45e+02,-6.64e+01,1.93e+02,7.90e+01
-2.31e+02,-4.71e+01,1.98e+02,8.20e+01
-2.23e+02,-7.23e+01,1.93e+02,7.90e+01
-2.35e+02,-8.69e+01,1.99e+02,8.20e+01
-2.22e+02,-5.54e+01,2.01e+02,8.40e+01
-2.23e+02,-5.23e+01,1.93e+02,7.90e+01
-2.17e+02,-4.99e+01,1.92e+02,7.90e+01
-2.21e+02,-6.59e+01,2.00e+02,8.40e+01
-1.69e+02,-5.59e+01,2.27e+02,1.02e+02
-3.76e+02,-5.33e+01,1.94e+02,8.00e+01
-2.23e+02,-5.37e+01,1.93e+02,8.00e+01
-2.26e+02,-3.96e+01,1.96e+02,8.10e+01
-1.71e+02,-6.40e+01,2.20e+02,9.70e+01
-1.66e+02,-5.41e+01,2.28e+02,1.02e+02
-1.75e+02,-7.41e+01,2.27e+02,1.02e+02
-1.66e+02,-7.66e+01,2.28e+02,1.02e+02
-2.25e+02,-5.37e+01,1.93e+02,7.90e+01
-1.68e+02,-6.24e+01,2.21e+02,9.80e+01
-1.74e+02,-7.06e+01,2.19e+02,9.70e+01
-2.18e+02,-3.92e+01,1.93e+02,7.90e+01
-1.72e+02,-8.09e+01,2.21e+02,9.70e+01
-1.63e+02,-6.68e+01,2.26e+02,1.01e+02
-2.35e+02,-7.49e+01,1.99e+02,8.20e+01
-1.74e+02,-5.99e+01,2.21e+02,9.70e+01
-3.78e+02,-5.80e+01,1.99e+02,8.30e+01
-1.68e+02,-6.08e+01,2.24e+02,1.00e+02
-2.25e+02,-5.02e+01,1.96e+02,8.10e+01
-1.80e+02,-6.46e+01,2.27e+02,1.02e+02
-1.80e+02,-5.65e+01,2.22e+02,9.80e+01
-2.39e+02,-7.43e+01,1.96e+02,8.10e+01
-2.20e+02,-5.11e+01,2.01e+02,8.40e+01
-2.22e+02,-5.14e+01,1.92e+02,7.90e+01
-2.31e+02,-6.60e+01,1.92e+02,7.90e+01
-2.20e+02,-6.52e+01,1.93e+02,7.90e+01
-1.84e+02,-8.58e+01,2.19e+02,9.70e+01
-1.71e+02,-8.86e+01,2.20e+02,9.70e+01
-1.73e+02,-6.21e+01,2.20e+02,9.80e+01
-1.71e+02,-7.36e+01,2.28e+02,1.02e+02
-2.22e+02,-5.41e+01,1.96e+02,8.10e+01
-1.66e+02,-5.81e+01,2.27e+02,1.02e+02
-1.63e+02,-5.66e+01,2.20e+02,9.70e+01
-1.72e+02,-8.64e+01,2.22e+02,9.80e+01
-4.99e+02,-4.92e+02,2.25e+02,1.01e+02
-1.71e+02,-6.33e+01,2.25e+02,1.01e+02
-1.62e+02,-6.64e+01,2.25e+02,1.00e+02
-3.28e+02,-9.14e+01,1.96e+02,8.10e+01
-2.17e+02,-4.65e+01,1.98e+02,8.20e+01
-2.44e+02,-4.63e+01,2.02e+02,8.50e+01
-1.76e+02,-5.88e+01,2.21e+02,9.80e+01
-2.15e+02,-4.16e+01,1.95e+02,8.00e+01
-5.00e+02,-5.00e+02,1.93e+02,7.90e+01
-1.76e+02,-6.08e+01,2.28e+02,1.02e+02
-2.28e+02,-7.44e+01,1.97e+02,8.20e+01
-2.20e+02,-6.10e+01,1.92e+02,7.90e+01
-1.83e+02,-6.68e+01,2.20e+02,9.70e+01
-1.68e+02,-6.46e+01,2.21e+02,9.80e+01
-1.80e+02,-6.99e+01,2.20e+02,9.70e+01
-1.68e+02,-6.76e+01,2.26e+02,1.01e+02
-2.13e+02,-4.64e+01,1.96e+02,8.10e+01
-1.70e+02,-6.24e+01,2.24e+02,1.00e+02
-1.89e+02,-6.12e+01,2.20e+02,9.70e+01
-1.65e+02,-6.92e+01,2.21e+02,9.80e+01
-1.59e+02,-5.74e+01,2.21e+02,9.70e+01
-1.86e+02,-6.58e+01,2.20e+02,9.70e+01
-1.83e+02,-8.41e+01,2.20e+02,9.70e+01
-2.19e+02,-4.98e+01,1.97e+02,8.10e+01
-2.40e+02,-4.71e+01,1.94e+02,8.00e+01
-1.65e+02,-6.70e+01,2.20e+02,9.70e+01
-2.26e+02,-4.02e+01,2.00e+02,8.30e+01
-2.23e+02,-4.26e+01,2.02e+02,8.50e+01
-2.59e+02,-8.48e+01,2.20e+02,9.70e+01
-2.24e+02,-5.62e+01,1.92e+02,7.90e+01
-1.69e+02,-6.07e+01,2.21e+02,9.70e+01
-2.23e+02,-4.64e+01,1.98e+02,8.20e+01
-2.43e+02,-7.82e+01,1.92e+02,7.90e+01
-1.77e+02,-6.56e+01,2.20e+02,9.70e+01
-1.93e+02,-8.47e+01,2.20e+02,9.80e+01
-2.27e+02,-6.68e+01,1.94e+02,8.00e+01
-2.26e+02,-6.22e+01,1.93e+02,7.90e+01
-1.74e+02,-6.19e+01,2.22e+02,9.80e+01
-1.79e+02,-5.69e+01,2.27e+02,1.02e+02
-1.69e+02,-6.07e+01,2.19e+02,9.70e+01
-1.75e+02,-5.77e+01,2.22e+02,9.80e+01
-2.10e+02,-6.60e+01,2.21e+02,9.80e+01
-1.69e+02,-5.58e+01,2.23e+02,9.90e+01
-1.66e+02,-7.07e+01,2.20e+02,9.70e+01
-2.20e+02,-4.60e+01,2.01e+02,8.30e+01
-3.15e+02,-7.54e+01,1.94e+02,8.00e+01
-2.17e+02,-4.58e+01,1.95e+02,8.00e+01
-4.51e+02,-2.21e+02,2.26e+02,1.01e+02
-1.75e+02,-6.81e+01,2.26e+02,1.01e+02
-1.75e+02,-5.83e+01,2.27e+02,1.02e+02
-1.70e+02,-6.17e+01,2.26e+02,1.01e+02
-2.20e+02,-5.99e+01,1.94e+02,8.00e+01
-2.21e+02,-6.29e+01,1.97e+02,8.20e+01
-3.09e+02,-8.49e+01,2.19e+02,9.70e+01
-1.67e+02,-7.26e+01,2.19e+02,9.70e+01
-1.68e+02,-7.34e+01,2.25e+02,1.01e+02
-2.74e+02,-9.66e+01,1.93e+02,7.90e+01
-2.31e+02,-5.08e+01,1.98e+02,8.20e+01
-1.75e+02,-7.09e+01,2.25e+02,1.01e+02
-2.84e+02,-9.48e+01,1.94e+02,7.90e+01
-2.19e+02,-5.38e+01,1.92e+02,7.90e+01
-2.34e+02,-7.46e+01,1.93e+02,7.90e+01
-1.72e+02,-7.48e+01,2.24e+02,9.90e+01
-2.32e+02,-5.52e+01,1.98e+02,8.20e+01
-1.63e+02,-6.25e+01,2.22e+02,9.80e+01
-2.20e+02,-6.55e+01,1.95e+02,8.10e+01
-2.21e+02,-6.40e+01,2.01e+02,8.40e+01
-1.64e+02,-6.59e+01,2.28e+02,1.02e+02
-2.44e+02,-8.19e+01,1.93e+02,7.90e+01
-3.67e+02,-8.40e+01,2.20e+02,9.70e+01
-2.43e+02,-7.04e+01,1.92e+02,7.90e+01
-2.89e+02,-1.03e+02,1.94e+02,7.90e+01
-2.30e+02,-8.35e+01,2.02e+02,8.50e+01
-2.69e+02,-7.59e+01,1.93e+02,7.90e+01
-1.67e+02,-5.79e+01,2.21e+02,9.80e+01
-1.70e+02,-5.61e+01,2.26e+02,1.01e+02
-2.01e+02,-1.11e+02,2.25e+02,1.01e+02
-2.23e+02,-5.60e+01,1.93e+02,8.00e+01
-2.32e+02,-5.29e+01,2.02e+02,8.40e+01
-1.85e+02,-6.55e+01,2.28e+02,1.02e+02
-2.27e+02,-7.95e+01,1.98e+02,8.30e+01
-2.32e+02,-8.31e+01,1.93e+02,7.90e+01
-2.07e+02,-7.10e+01,2.19e+02,9.70e+01
-1.67e+02,-5.64e+01,2.27e+02,1.01e+02
-1.89e+02,-7.16e+01,2.20e+02,9.80e+01
-2.20e+02,-4.45e+01,1.93e+02,8.00e+01
-1.68e+02,-7.90e+01,2.28e+02,1.02e+02
-2.35e+02,-8.42e+01,1.97e+02,8.20e+01
-1.71e+02,-5.64e+01,2.22e+02,9.80e+01
-3.03e+02,-6.67e+01,2.00e+02,8.40e+01
-2.24e+02,-7.71e+01,1.94e+02,8.00e+01
-2.20e+02,-5.33e+01,1.95e+02,8.10e+01
-2.34e+02,-7.02e+01,1.92e+02,7.90e+01
-1.74e+02,-6.53e+01,2.20e+02,9.70e+01
-3.33e+02,-1.07e+02,2.01e+02,8.40e+01
-1.71e+02,-6.75e+01,2.19e+02,9.70e+01
-2.34e+02,-6.85e+01,2.00e+02,8.40e+01
-1.71e+02,-7.19e+01,2.19e+02,9.70e+01
-2.21e+02,-4.72e+01,1.98e+02,8.20e+01
-1.66e+02,-5.55e+01,2.25e+02,1.00e+02
-1.75e+02,-6.81e+01,2.19e+02,9.70e+01
-2.24e+02,-3.99e+01,1.94e+02,8.00e+01
-2.27e+02,-5.30e+01,1.94e+02,8.10e+01
-2.19e+02,-5.31e+01,2.01e+02,8.40e+01
-2.25e+02,-6.13e+01,2.01e+02,8.30e+01
-2.20e+02,-6.39e+01,2.02e+02,8.40e+01
-3.05e+02,-7.41e+01,1.94e+02,8.10e+01
-2.27e+02,-6.66e+01,1.93e+02,7.90e+01
-2.26e+02,-4.19e+01,1.93e+02,8.00e+01
-2.18e+02,-5.06e+01,2.00e+02,8.40e+01
-1.64e+02,-6.08e+01,2.28e+02,1.02e+02
-2.15e+02,-5.10e+01,1.99e+02,8.20e+01
-2.42e+02,-7.36e+01,1.93e+02,8.00e+01
-2.25e+02,-5.57e+01,1.98e+02,8.20e+01
-2.26e+02,-4.98e+01,1.92e+02,7.90e+01
-2.20e+02,-4.49e+01,1.93e+02,8.00e+01
-1.75e+02,-5.44e+01,2.22e+02,9.80e+01
-1.67e+02,-5.37e+01,2.27e+02,1.02e+02
