2.32e+02,9.75e+02,2.10e+01,1.50e+01
2.32e+02,9.09e+02,4.40e+01,2.30e+01
2.32e+02,9.75e+02,2.20e+01,1.60e+01
2.32e+02,9.75e+02,2.10e+01,1.50e+01
2.32e+02,9.75e+02,2.10e+01,1.50e+01
2.32e+02,9.75e+02,2.10e+01,1.50e+01
2.32e+02,9.75e+02,2.10e+01,1.50e+01
2.32e+02,9.75e+02,2.10e+01,1.50e+01
2.32e+02,9.75e+02,2.10e+01,1.50e+01
2.32e+02,9.75e+02,2.10e+01,1.50e+01
2.32e+02,9.75e+02,2.10e+01,1.50e+01
2.32e+02,9.75e+02,2.10e+01,1.50e+01
2.32e+02,9.75e+02,2.10e+01,1.50e+01
2.32e+02,9.75e+02,2.20e+01,1.60e+01
2.32e+02,9.75e+02,2.10e+01,1.50e+01
2.32e+02,9.75e+02,2.20e+01,1.60e+01
2.31e+02,9.75e+02,2.20e+01,1.50e+01
2.32e+02,9.75e+02,2.20e+01,1.60e+01
2.32e+02,9.75e+02,2.20e+01,1.50e+01
2.31e+02,9.75e+02,2.20e+01,1.50e+01
2.51e+01,5.50e+02,2.20e+01,1.60e+01
2.20e+02,9.15e+02,2.10e+01,1.50e+01
2.31e+02,9.75e+02,2.10e+01,1.50e+01
2.31e+02,9.75e+02,2.20e+01,1.50e+01
2.32e+02,9.75e+02,2.10e+01,1.50e+01
2.32e+02,9.75e+02,2.20e+01,1.60e+01
2.31e+02,9.75e+02,2.20e+01,1.50e+01
1.46e+02,4.50e+02,4.40e+01,2.30e+01
2.32e+02,9.75e+02,2.10e+01,1.50e+01
2.32e+02,9.09e+02,4.50e+01,2.40e+01
2.13e+02,9.09e+02,4.40e+01,2.30e+01
2.31e+02,9.75e+02,2.20e+01,1.60e+01
2.31e+02,9.75e+02,2.20e+01,1.60e+01
2.32e+02,9.75e+02,2.10e+01,1.50e+01
1.88e+02,7.59e+02,2.20e+01,1.50e+01
8.39e+01,2.36e+02,4.40e+01,2.30e+01
1.78e+02,7.04e+02,2.20e+01,1.50e+01
2.32e+02,9.75e+02,2.20e+01,1.60e+01
6.22e+00,2.34e+02,2.10e+01,1.50e+01
6.34e+01,1.61e+02,4.50e+01,2.40e+01
2.31e+02,9.75e+02,2.10e+01,1.50e+01
2.31e+02,9.75e+02,2.20e+01,1.60e+01
2.32e+02,9.75e+02,2.20e+01,1.60e+01
2.32e+02,9.75e+02,2.20e+01,1.50e+01
1.90e+02,7.62e+02,2.30e+01,1.60e+01
8.39e+01,2.39e+02,4.60e+01,2.40e+01
5.33e+01,1.45e+02,2.10e+01,1.50e+01
2.32e+02,9.75e+02,2.10e+01,1.50e+01
2.31e+02,9.75e+02,2.20e+01,1.50e+01
2.31e+02,9.75e+02,2.20e+01,1.60e+01
2.32e+02,9.09e+02,4.50e+01,2.40e+01
2.20e+02,9.15e+02,2.20e+01,1.60e+01
2.32e+02,9.09e+02,4.50e+01,2.30e+01
2.08e+02,9.09e+02,4.60e+01,2.40e+01
2.32e+02,9.09e+02,4.50e+01,2.30e+01
2.32e+02,9.75e+02,2.10e+01,1.50e+01
2.14e+02,9.75e+02,2.30e+01,1.60e+01
2.31e+02,9.75e+02,2.20e+01,1.50e+01
2.32e+02,9.09e+02,4.50e+01,2.30e+01
1.88e+02,7.59e+02,2.20e+01,1.50e+01
1.39e+02,4.18e+02,2.10e+01,1.50e+01
2.32e+02,9.75e+02,2.20e+01,1.60e+01
1.85e+02,6.98e+02,2.20e+01,1.60e+01
2.31e+02,9.75e+02,2.20e+01,1.50e+01
2.32e+02,9.09e+02,4.70e+01,2.40e+01
2.32e+02,9.09e+02,4.50e+01,2.30e+01
2.23e+02,9.09e+02,4.40e+01,2.30e+01
2.02e+02,8.07e+02,2.10e+01,1.50e+01
2.31e+02,9.75e+02,2.20e+01,1.60e+01
2.32e+02,9.75e+02,2.10e+01,1.50e+01
2.32e+02,9.09e+02,4.50e+01,2.30e+01
2.32e+02,9.75e+02,2.10e+01,1.50e+01
2.32e+02,9.75e+02,2.20e+01,1.50e+01
2.32e+02,9.09e+02,4.50e+01,2.40e+01
2.32e+02,9.75e+02,2.10e+01,1.50e+01
2.32e+02,9.75e+02,2.30e+01,1.70e+01
2.31e+02,9.09e+02,4.40e+01,2.30e+01
1.01e+02,1.50e+02,2.20e+01,1.60e+01
2.10e+02,8.54e+02,2.10e+01,1.50e+01
-1.07e+01,3.29e+02,2.20e+01,1.60e+01
1.90e+02,7.62e+02,2.20e+01,1.50e+01
2.32e+02,9.09e+02,4.60e+01,2.40e+01
2.32e+02,9.09e+02,4.30e+01,2.30e+01
4.81e+01,4.55e+02,4.50e+01,2.40e+01
2.30e+02,9.75e+02,2.10e+01,1.50e+01
2.32e+02,9.09e+02,4.50e+01,2.40e+01
2.32e+02,9.75e+02,2.20e+01,1.60e+01
2.31e+02,9.74e+02,2.10e+01,1.50e+01
1.41e+02,4.32e+02,2.10e+01,1.50e+01
9.86e+01,1.53e+02,4.40e+01,2.30e+01
2.32e+02,9.09e+02,4.40e+01,2.30e+01
2.32e+02,9.09e+02,4.50e+01,2.30e+01
2.31e+02,9.75e+02,2.20e+01,1.50e+01
2.32e+02,9.09e+02,4.60e+01,2.40e+01
2.32e+02,9.09e+02,4.40e+01,2.30e+01
2.31e+02,9.75e+02,2.20e+01,1.50e+01
2.31e+02,9.75e+02,2.20e+01,1.50e+01
2.31e+02,9.75e+02,2.40e+01,1.70e+01
2.32e+02,9.75e+02,2.20e+01,1.60e+01
2.32e+02,9.75e+02,2.20e+01,1.50e+01
1.39e+02,4.22e+02,2.20e+01,1.60e+01
2.02e+02,8.07e+02,2.10e+01,1.50e+01
2.24e+02,9.09e+02,4.40e+01,2.40e+01
2.31e+02,9.75e+02,2.20e+01,1.60e+01
2.31e+02,9.75e+02,2.20e+01,1.60e+01
2.31e+02,9.75e+02,2.20e+01,1.50e+01
2.32e+02,9.75e+02,2.20e+01,1.50e+01
2.31e+02,9.75e+02,2.20e+01,1.50e+01
2.31e+02,9.75e+02,2.10e+01,1.50e+01
2.31e+02,9.75e+02,2.20e+01,1.50e+01
2.32e+02,9.75e+02,2.20e+01,1.50e+01
6.22e+00,2.34e+02,2.20e+01,1.60e+01
2.32e+02,9.75e+02,2.10e+01,1.50e+01
1.90e+02,7.62e+02,2.20e+01,1.50e+01
2.32e+02,9.75e+02,2.20e+01,1.50e+01
2.31e+02,9.75e+02,2.20e+01,1.50e+01
4.92e+01,1.44e+02,2.30e+01,1.70e+01
2.32e+02,9.09e+02,4.40e+01,2.30e+01
2.25e+02,9.67e+02,2.20e+01,1.50e+01
-6.71e+01,-1.62e+01,2.10e+01,1.50e+01
2.32e+02,9.75e+02,2.20e+01,1.50e+01
2.31e+02,9.75e+02,2.20e+01,1.50e+01
2.32e+02,9.75e+02,2.20e+01,1.60e+01
6.22e+00,2.34e+02,2.10e+01,1.50e+01
2.07e+02,8.33e+02,2.20e+01,1.60e+01
2.32e+02,9.75e+02,2.20e+01,1.50e+01
2.32e+02,9.75e+02,2.20e+01,1.60e+01
1.40e+02,4.28e+02,2.10e+01,1.50e+01
