1.53e+02,2.92e+02,8.80e+01,4.90e+01
1.72e+02,3.90e+02,8.50e+01,4.70e+01
1.97e+02,4.71e+02,9.20e+01,4.90e+01
1.19e+02,3.13e+02,8.60e+01,4.70e+01
9.14e+01,2.28e+02,8.70e+01,4.80e+01
1.27e+02,2.83e+02,9.00e+01,5.00e+01
1.11e+02,2.86e+02,9.10e+01,4.80e+01
1.75e+02,4.99e+02,8.70e+01,4.80e+01
1.19e+02,2.55e+02,8.70e+01,4.80e+01
1.23e+02,3.24e+02,8.70e+01,4.80e+01
1.51e+02,2.84e+02,8.90e+01,5.00e+01
1.63e+02,3.62e+02,8.90e+01,4.90e+01
1.65e+02,3.71e+02,8.90e+01,4.90e+01
1.10e+02,2.27e+02,9.20e+01,4.90e+01
2.04e+02,4.02e+02,8.90e+01,4.90e+01
1.93e+02,4.42e+02,8.50e+01,4.70e+01
1.64e+02,2.86e+02,8.90e+01,4.70e+01
1.69e+02,4.21e+02,8.90e+01,4.90e+01
1.34e+02,2.91e+02,8.90e+01,4.90e+01
1.21e+02,3.99e+02,8.80e+01,4.90e+01
1.40e+02,3.78e+02,9.00e+01,4.90e+01
1.55e+02,3.69e+02,8.90e+01,4.90e+01
6.06e+01,2.46e+02,8.50e+01,4.70e+01
1.40e+02,2.65e+02,8.70e+01,4.80e+01
1.60e+02,3.00e+02,8.90e+01,4.90e+01
1.43e+02,2.99e+02,8.60e+01,4.70e+01
1.32e+02,3.79e+02,9.10e+01,5.00e+01
1.66e+02,4.01e+02,8.70e+01,4.80e+01
1.82e+02,3.27e+02,8.50e+01,4.70e+01
1.39e+02,4.37e+02,8.60e+01,4.70e+01
1.56e+02,3.43e+02,8.80e+01,4.80e+01
1.31e+02,2.69e+02,8.50e+01,4.70e+01
1.45e+02,2.79e+02,8.80e+01,4.90e+01
1.20e+02,2.44e+02,9.00e+01,5.00e+01
1.41e+02,3.76e+02,8.70e+01,4.80e+01
2.37e+02,4.26e+02,8.90e+01,4.90e+01
1.14e+02,3.09e+02,8.50e+01,4.70e+01
1.73e+02,4.01e+02,8.90e+01,4.90e+01
1.24e+02,2.75e+02,8.70e+01,4.80e+01
1.40e+02,3.27e+02,9.40e+01,5.00e+01
1.22e+02,3.13e+02,8.80e+01,4.90e+01
1.58e+02,3.91e+02,9.00e+01,5.00e+01
2.46e+02,5.19e+02,9.10e+01,5.10e+01
1.15e+02,2.89e+02,8.80e+01,4.90e+01
1.92e+02,4.90e+02,8.80e+01,4.90e+01
1.17e+02,3.64e+02,8.50e+01,4.70e+01
7.88e+01,2.50e+02,8.60e+01,4.80e+01
1.81e+02,3.61e+02,8.90e+01,4.90e+01
1.03e+02,2.96e+02,8.60e+01,4.70e+01
1.76e+02,3.54e+02,8.90e+01,4.90e+01
1.25e+02,2.84e+02,8.50e+01,4.70e+01
2.01e+02,4.42e+02,9.20e+01,4.90e+01
1.55e+02,2.70e+02,9.20e+01,4.90e+01
1.47e+02,2.66e+02,9.10e+01,4.80e+01
1.63e+02,3.03e+02,8.50e+01,4.70e+01
1.62e+02,3.55e+02,9.40e+01,5.00e+01
8.27e+01,2.49e+02,8.70e+01,4.80e+01
1.65e+02,4.58e+02,8.60e+01,4.70e+01
1.88e+02,3.97e+02,8.90e+01,4.90e+01
1.32e+02,2.70e+02,8.50e+01,4.70e+01
1.68e+02,4.61e+02,9.20e+01,4.80e+01
1.60e+02,3.54e+02,8.80e+01,4.90e+01
1.27e+02,2.76e+02,8.60e+01,4.70e+01
1.69e+02,2.99e+02,9.20e+01,4.90e+01
1.67e+02,3.14e+02,9.00e+01,5.00e+01
1.75e+02,3.28e+02,9.30e+01,4.90e+01
1.47e+02,3.15e+02,8.70e+01,4.80e+01
6.84e+01,1.46e+02,9.30e+01,4.90e+01
1.50e+02,2.75e+02,8.60e+01,4.80e+01
1.05e+02,2.40e+02,9.20e+01,4.90e+01
1.56e+02,4.20e+02,9.20e+01,4.90e+01
1.93e+02,5.01e+02,8.70e+01,4.80e+01
8.61e+01,2.49e+02,8.60e+01,4.70e+01
1.12e+02,3.06e+02,8.70e+01,4.80e+01
1.33e+02,3.71e+02,9.00e+01,5.00e+01
1.33e+02,3.42e+02,8.80e+01,4.90e+01
1.12e+02,1.86e+02,8.50e+01,4.70e+01
1.31e+02,2.21e+02,9.00e+01,5.00e+01
1.77e+02,4.92e+02,8.70e+01,4.80e+01
1.83e+02,5.27e+02,8.50e+01,4.70e+01
2.10e+02,4.21e+02,9.20e+01,4.90e+01
1.66e+02,3.21e+02,8.70e+01,4.80e+01
1.18e+02,3.65e+02,9.30e+01,5.00e+01
1.08e+02,2.85e+02,8.80e+01,4.90e+01
1.07e+02,2.95e+02,8.70e+01,4.80e+01
1.51e+02,2.78e+02,9.00e+01,5.00e+01
1.02e+02,2.94e+02,8.90e+01,4.90e+01
1.47e+02,2.40e+02,8.90e+01,4.90e+01
1.39e+02,4.39e+02,8.50e+01,4.70e+01
1.88e+02,3.04e+02,8.80e+01,4.80e+01
1.60e+02,2.90e+02,8.80e+01,4.80e+01
1.30e+02,2.61e+02,8.70e+01,4.80e+01
1.41e+02,2.64e+02,8.90e+01,4.90e+01
1.27e+02,2.69e+02,8.90e+01,4.90e+01
7.30e+01,1.84e+02,9.10e+01,4.80e+01
1.30e+02,2.86e+02,9.30e+01,4.90e+01
1.71e+02,5.58e+02,8.70e+01,4.80e+01
1.86e+02,4.57e+02,8.80e+01,4.90e+01
1.43e+02,4.38e+02,8.70e+01,4.80e+01
1.32e+02,2.44e+02,8.70e+01,4.70e+01
1.61e+02,2.69e+02,9.00e+01,5.00e+01
1.41e+02,3.74e+02,8.80e+01,4.90e+01
1.19e+02,2.60e+02,8.60e+01,4.70e+01
1.24e+02,2.25e+02,9.10e+01,4.80e+01
1.96e+02,4.99e+02,8.80e+01,4.90e+01
1.53e+02,3.22e+02,8.70e+01,4.80e+01
1.62e+02,3.14e+02,8.70e+01,4.80e+01
1.84e+02,3.33e+02,8.80e+01,4.80e+01
1.89e+02,3.45e+02,9.40e+01,5.00e+01
1.31e+02,2.29e+02,8.80e+01,4.90e+01
1.13e+02,2.12e+02,9.20e+01,4.90e+01
1.73e+02,3.83e+02,8.90e+01,4.90e+01
1.58e+02,2.69e+02,9.00e+01,5.00e+01
1.46e+02,3.27e+02,9.10e+01,4.80e+01
2.05e+02,6.10e+02,9.20e+01,5.10e+01
1.83e+02,2.88e+02,9.20e+01,5.10e+01
1.70e+02,3.83e+02,8.80e+01,4.90e+01
1.52e+02,3.11e+02,8.90e+01,4.90e+01
9.64e+01,3.39e+02,9.30e+01,5.00e+01
1.60e+02,3.66e+02,8.60e+01,4.80e+01
1.35e+02,3.39e+02,8.80e+01,4.90e+01
1.11e+02,3.98e+02,9.20e+01,4.90e+01
1.22e+02,3.93e+02,8.70e+01,4.80e+01
1.28e+02,2.61e+02,8.80e+01,4.90e+01
1.44e+02,3.37e+02,8.50e+01,4.70e+01
1.23e+02,2.20e+02,9.10e+01,5.10e+01
2.09e+02,3.69e+02,8.70e+01,4.80e+01
1.41e+02,3.44e+02,9.00e+01,5.00e+01
