-2.13e+01,2.61e+01,9.00e+01,6.00e+01
-6.48e+00,4.84e+01,8.60e+01,5.80e+01
-1.55e+01,4.29e+01,8.70e+01,5.90e+01
-2.03e+01,5.66e+01,8.70e+01,5.80e+01
-1.29e+01,5.55e+01,8.90e+01,5.90e+01
-2.44e+00,5.87e+01,8.70e+01,5.80e+01
-5.58e+00,6.49e+01,9.00e+01,5.90e+01
-4.95e+00,4.24e+01,8.90e+01,5.90e+01
1.80e+00,1.14e+02,8.60e+01,5.80e+01
-3.24e+00,4.26e+01,9.00e+01,5.90e+01
5.83e-01,4.76e+01,9.40e+01,6.40e+01
-8.50e+00,1.24e+02,8.80e+01,5.90e+01
-2.01e+01,5.52e+01,8.70e+01,5.90e+01
3.41e+00,8.27e+01,9.30e+01,6.30e+01
-8.55e+00,6.00e+01,9.10e+01,6.00e+01
1.96e+00,6.43e+01,8.60e+01,5.80e+01
-2.33e+01,8.76e+01,9.00e+01,6.00e+01
-5.32e+00,1.10e+02,9.40e+01,6.40e+01
-3.05e+01,4.07e+01,9.00e+01,5.90e+01
-2.71e+00,7.09e+01,9.00e+01,6.00e+01
-1.87e+01,4.65e+01,8.70e+01,5.80e+01
3.03e+00,1.22e+02,8.90e+01,5.90e+01
-2.68e+00,5.67e+01,8.90e+01,5.90e+01
-1.01e+01,4.76e+01,8.80e+01,5.80e+01
-2.00e+01,7.71e+01,9.00e+01,6.00e+01
-3.12e+00,8.86e+01,8.80e+01,5.80e+01
-2.37e+01,3.31e+01,8.70e+01,5.80e+01
-3.47e+00,7.91e+01,9.50e+01,6.40e+01
-1.41e+01,5.27e+01,9.20e+01,6.10e+01
-1.34e+01,5.98e+01,8.60e+01,5.80e+01
-3.21e+01,4.23e+01,8.90e+01,6.00e+01
-1.42e+01,8.36e+01,8.90e+01,5.90e+01
-3.83e+00,8.69e+01,8.70e+01,5.90e+01
-1.00e+01,3.35e+01,8.80e+01,5.80e+01
-1.63e+01,3.97e+01,8.80e+01,6.00e+01
4.79e+00,1.20e+02,9.00e+01,6.00e+01
-4.27e+00,4.00e+01,9.00e+01,6.00e+01
-1.33e+01,7.28e+01,9.00e+01,6.00e+01
-2.12e+01,7.84e+01,8.70e+01,5.80e+01
-8.58e+00,6.73e+01,9.10e+01,6.00e+01
6.18e+00,8.23e+01,9.00e+01,6.00e+01
-1.94e+01,7.51e+01,8.90e+01,5.90e+01
3.64e+00,1.44e+02,9.00e+01,6.00e+01
-2.93e+01,3.40e+01,8.60e+01,5.80e+01
-1.92e+01,3.76e+01,8.70e+01,5.90e+01
-2.25e+01,9.10e+01,8.70e+01,5.90e+01
-1.53e+01,9.40e+01,8.80e+01,5.80e+01
4.34e+00,1.02e+02,8.80e+01,6.00e+01
-1.50e+01,8.40e+01,9.10e+01,5.90e+01
2.86e+00,7.97e+01,8.90e+01,5.90e+01
-8.48e+00,9.02e+01,8.70e+01,5.80e+01
5.97e+00,9.79e+01,8.70e+01,5.90e+01
-3.06e+01,5.05e+01,8.70e+01,5.90e+01
-9.50e+00,8.59e+01,8.60e+01,5.80e+01
-2.29e+00,7.28e+01,9.30e+01,6.30e+01
-1.08e+01,6.72e+01,9.00e+01,6.00e+01
-1.78e+01,3.98e+01,8.60e+01,5.80e+01
-1.02e+01,7.07e+01,9.00e+01,6.00e+01
-1.20e+01,5.45e+01,8.70e+01,5.80e+01
1.63e+00,7.61e+01,9.00e+01,6.00e+01
-1.79e+01,8.42e+01,9.00e+01,6.00e+01
-5.03e+00,7.88e+01,8.70e+01,5.90e+01
-1.04e+01,4.85e+01,8.80e+01,5.80e+01
-1.99e-01,7.90e+01,8.80e+01,5.90e+01
8.20e+00,9.72e+01,9.10e+01,6.00e+01
-2.78e+00,9.31e+01,8.70e+01,5.90e+01
-5.34e+00,8.33e+01,8.70e+01,5.90e+01
7.12e+00,1.27e+02,8.60e+01,5.80e+01
-5.73e+00,7.19e+01,8.70e+01,5.80e+01
-2.18e+00,9.28e+01,9.00e+01,5.90e+01
1.75e-02,1.14e+02,8.80e+01,5.90e+01
-3.08e+01,4.24e+01,8.60e+01,5.80e+01
3.48e+00,9.54e+01,8.70e+01,5.80e+01
-6.64e+00,6.72e+01,8.80e+01,5.90e+01
-1.86e+01,5.22e+01,9.00e+01,5.90e+01
7.25e+00,1.34e+02,8.70e+01,5.90e+01
-2.07e+01,4.01e+01,9.00e+01,5.90e+01
-1.97e+01,1.02e+02,8.60e+01,5.80e+01
-1.43e+00,5.80e+01,8.70e+01,5.90e+01
1.58e+00,8.75e+01,8.70e+01,5.80e+01
-1.37e+01,4.18e+01,9.00e+01,6.00e+01
-1.29e+01,4.88e+01,9.00e+01,6.00e+01
7.09e+00,1.29e+02,9.00e+01,6.00e+01
2.10e+00,9.66e+01,8.80e+01,5.80e+01
-1.18e+01,2.93e+01,8.70e+01,5.80e+01
-1.12e+00,1.43e+02,9.00e+01,5.90e+01
-3.76e+00,1.09e+02,9.10e+01,6.00e+01
-1.92e+01,5.15e+01,9.10e+01,5.90e+01
1.18e+00,9.79e+01,9.00e+01,6.00e+01
-2.74e+01,3.62e+01,8.60e+01,5.80e+01
1.07e+00,1.52e+02,8.70e+01,5.80e+01
-1.55e+01,3.55e+01,9.20e+01,6.10e+01
-2.46e+01,2.84e+01,8.70e+01,5.90e+01
2.93e+00,6.92e+01,8.70e+01,5.90e+01
-8.88e+00,7.99e+01,9.00e+01,6.00e+01
1.00e+01,1.56e+02,9.00e+01,6.00e+01
3.29e+01,2.24e+02,8.60e+01,5.80e+01
-4.39e+01,4.66e+01,8.70e+01,5.80e+01
5.14e+00,7.55e+01,9.20e+01,6.10e+01
7.11e+00,1.18e+02,9.50e+01,6.40e+01
-2.54e+01,5.50e+01,8.70e+01,5.80e+01
-1.67e+01,8.05e+01,8.80e+01,5.80e+01
-2.27e+01,5.05e+01,8.70e+01,5.90e+01
-7.92e+00,5.21e+01,9.00e+01,5.90e+01
-2.56e+01,3.43e+01,8.70e+01,5.80e+01
-1.32e+00,4.88e+01,8.60e+01,5.80e+01
-1.07e+01,8.48e+01,9.10e+01,6.00e+01
-3.00e+01,8.95e+01,8.60e+01,5.80e+01
-6.31e+00,5.89e+01,9.00e+01,6.00e+01
-4.27e+01,3.23e+01,8.80e+01,6.00e+01
-4.71e+00,1.13e+02,8.70e+01,5.80e+01
-1.72e+00,6.81e+01,8.90e+01,5.90e+01
-3.86e+00,5.90e+01,9.00e+01,5.90e+01
1.38e+00,8.62e+01,8.70e+01,5.80e+01
4.74e-01,8.19e+01,9.00e+01,6.00e+01
-2.41e+01,9.72e+01,8.80e+01,5.90e+01
-3.26e+01,2.48e+01,9.10e+01,6.00e+01
-3.45e+00,3.91e+01,8.90e+01,5.90e+01
-7.95e+00,5.55e+01,9.00e+01,5.90e+01
1.53e-01,7.62e+01,8.70e+01,5.80e+01
-1.61e+01,4.79e+01,8.80e+01,5.90e+01
-2.59e+00,9.11e+01,9.00e+01,6.00e+01
-1.69e+01,5.04e+01,8.70e+01,5.80e+01
8.93e-01,1.06e+02,8.90e+01,5.90e+01
-1.58e+01,6.94e+01,8.90e+01,5.90e+01
-5.10e+00,8.98e+01,8.70e+01,5.80e+01
9.47e+00,1.13e+02,9.00e+01,5.90e+01
-5.74e+00,9.47e+01,8.70e+01,5.80e+01
