3.70e+01,2.82e+02,6.20e+01,3.90e+01
4.91e+00,1.14e+02,6.00e+01,3.90e+01
2.75e+01,2.44e+02,7.00e+01,4.10e+01
3.72e+01,2.77e+02,6.00e+01,3.90e+01
4.95e+01,3.98e+02,6.20e+01,3.90e+01
2.47e+01,2.43e+02,6.70e+01,4.40e+01
6.42e+00,2.40e+02,6.60e+01,4.10e+01
4.64e+01,3.49e+02,6.00e+01,3.90e+01
3.02e+00,1.52e+02,6.10e+01,3.90e+01
5.71e+00,1.23e+02,6.50e+01,4.20e+01
4.83e+01,3.81e+02,7.00e+01,4.10e+01
2.60e+01,2.43e+02,6.00e+01,3.90e+01
-5.06e+00,2.45e+02,6.50e+01,4.00e+01
3.17e+01,2.53e+02,6.10e+01,3.90e+01
4.51e+01,3.61e+02,6.40e+01,4.20e+01
3.85e+01,2.68e+02,6.20e+01,3.90e+01
1.21e+01,2.09e+02,6.00e+01,3.90e+01
2.57e+01,2.52e+02,7.10e+01,4.10e+01
3.04e+01,2.74e+02,6.50e+01,4.30e+01
4.03e+01,3.87e+02,6.10e+01,3.90e+01
3.54e+01,2.72e+02,6.20e+01,3.90e+01
2.39e+01,2.53e+02,6.90e+01,4.00e+01
2.20e+01,2.45e+02,6.00e+01,3.90e+01
1.65e+01,2.64e+02,7.00e+01,4.10e+01
2.60e+01,2.60e+02,6.10e+01,3.90e+01
-7.39e+00,1.27e+02,6.60e+01,4.30e+01
2.28e+01,2.43e+02,6.40e+01,4.20e+01
2.25e+00,1.46e+02,6.50e+01,4.20e+01
-1.83e+01,4.07e+01,6.00e+01,3.90e+01
-9.19e+00,1.43e+02,6.90e+01,4.10e+01
4.66e+01,3.87e+02,6.00e+01,3.90e+01
2.41e+01,2.84e+02,6.10e+01,3.90e+01
2.20e+01,2.26e+02,6.70e+01,4.20e+01
1.46e+01,2.47e+02,6.00e+01,3.90e+01
4.62e+00,1.46e+02,6.10e+01,3.90e+01
-2.72e+01,1.43e+02,6.50e+01,4.20e+01
1.24e+01,1.69e+02,6.50e+01,4.20e+01
3.34e+00,1.40e+02,6.30e+01,3.90e+01
2.71e+01,2.30e+02,6.00e+01,3.90e+01
-5.54e+01,-2.25e+01,7.10e+01,4.20e+01
9.57e+00,1.31e+02,6.00e+01,3.90e+01
1.92e+01,2.65e+02,6.50e+01,4.20e+01
2.60e+01,2.64e+02,6.60e+01,4.10e+01
9.31e+00,1.14e+02,6.00e+01,3.90e+01
2.92e+01,2.79e+02,6.20e+01,4.00e+01
-4.59e+00,1.30e+02,6.30e+01,3.90e+01
-5.78e+00,2.30e+02,6.20e+01,3.90e+01
2.63e+00,1.42e+02,6.30e+01,3.90e+01
4.65e+01,3.59e+02,6.10e+01,3.90e+01
-1.67e+01,1.52e+02,6.20e+01,3.90e+01
1.12e+01,2.39e+02,6.00e+01,3.90e+01
5.53e+00,1.45e+02,6.30e+01,3.90e+01
5.16e+01,3.05e+02,6.10e+01,3.90e+01
3.44e+01,2.73e+02,6.00e+01,3.90e+01
-1.81e+01,7.30e+01,6.70e+01,4.40e+01
1.57e+00,8.80e+01,6.60e+01,4.30e+01
2.93e+01,2.49e+02,6.50e+01,4.30e+01
3.93e+01,3.52e+02,7.10e+01,4.20e+01
-1.17e+01,5.84e+01,6.10e+01,3.90e+01
2.02e+01,1.55e+02,6.10e+01,3.90e+01
1.08e+01,1.33e+02,6.80e+01,4.50e+01
-2.15e+01,7.17e+01,6.10e+01,3.90e+01
-2.98e+01,-1.44e+01,6.00e+01,3.90e+01
3.76e+01,3.54e+02,6.00e+01,3.90e+01
2.46e+01,2.66e+02,6.20e+01,3.90e+01
-6.33e+00,3.71e+01,6.10e+01,4.00e+01
5.16e+01,3.69e+02,6.40e+01,4.20e+01
4.05e+01,3.82e+02,6.90e+01,4.00e+01
-3.70e+00,9.57e+01,6.10e+01,3.90e+01
3.54e+01,3.93e+02,6.70e+01,4.40e+01
3.06e+01,3.61e+02,6.00e+01,3.90e+01
-3.26e+00,2.93e+01,6.70e+01,4.10e+01
2.28e+01,2.64e+02,7.10e+01,4.20e+01
1.86e+00,2.30e+02,6.00e+01,3.90e+01
4.07e+01,2.48e+02,6.00e+01,3.90e+01
6.57e+00,1.41e+02,6.20e+01,3.90e+01
2.79e+01,3.68e+02,6.10e+01,3.90e+01
8.58e+00,1.49e+02,6.20e+01,3.90e+01
-1.93e+00,1.72e+02,6.50e+01,4.20e+01
2.83e+01,2.57e+02,7.00e+01,4.10e+01
6.52e+00,8.74e+01,6.20e+01,4.00e+01
-2.00e+01,4.25e+01,7.10e+01,4.10e+01
2.66e+01,2.61e+02,6.00e+01,3.90e+01
-2.43e+01,4.06e+01,6.00e+01,3.90e+01
7.90e+00,2.01e+02,6.70e+01,4.10e+01
-2.29e+01,3.57e+01,6.60e+01,4.10e+01
1.18e+01,3.03e+02,6.50e+01,4.20e+01
2.78e+01,2.59e+02,6.30e+01,4.00e+01
-3.94e+00,7.70e+01,6.10e+01,3.90e+01
3.46e+01,2.45e+02,7.00e+01,4.10e+01
3.16e+01,2.66e+02,6.70e+01,4.40e+01
3.33e+01,3.15e+02,6.10e+01,3.90e+01
-1.52e+01,1.26e+02,6.00e+01,3.90e+01
3.31e+01,2.43e+02,6.10e+01,3.90e+01
5.37e+01,3.86e+02,6.50e+01,4.30e+01
3.81e+00,1.49e+02,6.70e+01,4.40e+01
6.05e+01,4.13e+02,6.90e+01,4.10e+01
4.62e+01,3.59e+02,6.20e+01,3.90e+01
3.98e+01,2.53e+02,6.10e+01,4.00e+01
1.26e+01,2.45e+02,6.90e+01,4.00e+01
-4.95e+00,1.31e+02,6.60e+01,4.10e+01
-4.48e+01,-2.32e+01,6.50e+01,4.00e+01
2.51e+01,2.64e+02,7.10e+01,4.10e+01
9.18e+00,1.71e+02,6.20e+01,3.90e+01
-2.14e-01,1.38e+02,6.20e+01,3.90e+01
-7.88e+00,1.14e+02,7.00e+01,4.20e+01
7.40e+00,1.74e+02,6.30e+01,3.90e+01
1.41e+01,2.44e+02,6.10e+01,3.90e+01
3.29e+00,2.60e+02,6.10e+01,3.90e+01
3.59e+01,2.88e+02,7.10e+01,4.10e+01
4.78e+01,3.78e+02,7.00e+01,4.10e+01
4.40e+01,2.70e+02,6.00e+01,3.90e+01
1.38e+01,2.11e+02,7.10e+01,4.10e+01
4.86e+01,3.72e+02,7.10e+01,4.20e+01
4.42e+01,4.01e+02,6.50e+01,4.00e+01
-5.01e+00,1.33e+02,7.00e+01,4.00e+01
1.11e+01,7.67e+01,6.30e+01,3.90e+01
4.72e+01,3.79e+02,6.70e+01,4.30e+01
-2.71e+01,6.47e+01,7.00e+01,4.10e+01
-2.99e+01,-2.04e+00,6.70e+01,4.40e+01
3.32e+01,2.63e+02,7.00e+01,4.10e+01
-1.42e+01,1.41e+02,6.70e+01,4.10e+01
-2.72e+01,8.90e+01,7.00e+01,4.10e+01
3.70e+01,4.07e+02,7.00e+01,4.10e+01
4.01e+01,3.93e+02,6.60e+01,4.10e+01
2.86e+01,2.81e+02,6.10e+01,3.90e+01
1.98e+00,6.97e+01,6.20e+01,3.90e+01
1.64e+01,1.65e+02,6.20e+01,3.90e+01
