1.92e+02,-1.97e+02,-1.96e+02,-1.96e+02,-1.94e+02,8.00e+00,4.00e+00,-2.00e+02
3.84e+02,-1.96e+02,-1.96e+02,-1.96e+02,-1.95e+02,8.00e+00,2.00e+00,-2.00e+02
5.76e+02,-1.96e+02,-1.96e+02,-1.96e+02,-1.95e+02,8.00e+00,3.00e+00,-2.00e+02
7.68e+02,-1.96e+02,-1.96e+02,-1.96e+02,-1.95e+02,8.00e+00,3.00e+00,-2.00e+02
9.60e+02,-1.96e+02,-1.96e+02,-1.96e+02,-1.95e+02,8.00e+00,4.00e+00,-2.00e+02
1.15e+03,-1.96e+02,-1.96e+02,-1.96e+02,-1.94e+02,8.00e+00,3.00e+00,-2.00e+02
1.34e+03,-1.96e+02,-1.96e+02,-1.96e+02,-1.94e+02,8.00e+00,2.00e+00,-2.00e+02
1.54e+03,-1.96e+02,-1.95e+02,-1.95e+02,-1.95e+02,8.00e+00,1.00e+00,-2.00e+02
1.73e+03,-1.96e+02,-1.96e+02,-1.95e+02,-1.95e+02,8.00e+00,1.00e+00,-2.00e+02
1.92e+03,-1.96e+02,-1.96e+02,-1.95e+02,-1.95e+02,8.00e+00,1.50e+00,-2.00e+02
2.11e+03,-1.96e+02,-1.96e+02,-1.95e+02,-1.95e+02,8.00e+00,1.00e+00,-2.00e+02
2.30e+03,-1.96e+02,-1.96e+02,-1.95e+02,-1.95e+02,9.00e+00,2.00e+00,-2.00e+02
2.50e+03,-1.96e+02,-1.96e+02,-1.95e+02,-1.95e+02,9.00e+00,2.00e+00,-2.00e+02
2.69e+03,-1.96e+02,-1.96e+02,-1.95e+02,-1.95e+02,9.00e+00,2.00e+00,-2.00e+02
2.88e+03,-1.96e+02,-1.96e+02,-1.95e+02,-1.95e+02,8.00e+00,1.00e+00,-2.00e+02
3.07e+03,-1.96e+02,-1.95e+02,-1.95e+02,-1.95e+02,9.00e+00,2.00e+00,-2.00e+02
3.26e+03,-1.96e+02,-1.96e+02,-1.95e+02,-1.95e+02,9.00e+00,2.00e+00,-2.00e+02
3.46e+03,-1.96e+02,-1.96e+02,-1.95e+02,-1.95e+02,9.00e+00,2.00e+00,-2.00e+02
3.65e+03,-1.96e+02,-1.95e+02,-1.95e+02,-1.95e+02,9.00e+00,3.00e+00,-2.00e+02
3.84e+03,-1.96e+02,-1.96e+02,-1.95e+02,-1.95e+02,9.00e+00,2.00e+00,-2.00e+02
4.03e+03,-1.96e+02,-1.96e+02,-1.95e+02,-1.95e+02,9.00e+00,2.00e+00,-2.00e+02
4.22e+03,-1.96e+02,-1.95e+02,-1.95e+02,-1.95e+02,9.00e+00,2.00e+00,-2.00e+02
4.42e+03,-1.96e+02,-1.95e+02,-1.95e+02,-1.95e+02,9.00e+00,3.00e+00,-2.00e+02
4.61e+03,-1.96e+02,-1.95e+02,-1.95e+02,-1.95e+02,9.00e+00,3.00e+00,-2.00e+02
4.80e+03,-1.96e+02,-1.96e+02,-1.95e+02,-1.95e+02,9.00e+00,3.00e+00,-2.00e+02
4.99e+03,-1.96e+02,-1.95e+02,-1.95e+02,-1.95e+02,9.00e+00,4.00e+00,-2.00e+02
5.18e+03,-1.96e+02,-1.96e+02,-1.95e+02,-1.95e+02,9.00e+00,3.00e+00,-2.00e+02
5.38e+03,-1.96e+02,-1.96e+02,-1.95e+02,-1.95e+02,9.00e+00,4.00e+00,-2.00e+02
5.57e+03,-1.96e+02,-1.67e+02,-1.67e+02,-1.00e+02,9.00e+00,4.00e+00,-1.76e+02
5.76e+03,-1.96e+02,-1.64e+02,-1.64e+02,-9.69e+01,9.00e+00,3.00e+00,-1.73e+02
5.95e+03,-1.96e+02,-1.64e+02,-1.64e+02,-9.69e+01,8.00e+00,2.00e+00,-1.73e+02
6.14e+03,-1.96e+02,-1.63e+02,-1.63e+02,-9.59e+01,9.00e+00,4.00e+00,-1.73e+02
6.34e+03,-1.75e+02,-1.64e+02,-1.63e+02,-9.59e+01,9.00e+00,5.00e+00,-1.73e+02
6.53e+03,-1.71e+02,-1.63e+02,-1.63e+02,-9.45e+01,9.00e+00,5.00e+00,-1.72e+02
6.72e+03,-1.72e+02,-1.63e+02,-1.63e+02,-9.45e+01,9.00e+00,5.00e+00,-1.72e+02
6.91e+03,-1.70e+02,-1.63e+02,-1.63e+02,-9.70e+01,9.00e+00,5.00e+00,-1.73e+02
7.10e+03,-1.77e+02,-1.64e+02,-1.63e+02,-9.70e+01,9.00e+00,5.00e+00,-1.73e+02
7.30e+03,-1.73e+02,-1.63e+02,-1.63e+02,-9.70e+01,1.00e+01,5.00e+00,-1.73e+02
7.49e+03,-1.72e+02,-1.63e+02,-1.63e+02,-9.70e+01,9.00e+00,5.00e+00,-1.73e+02
7.68e+03,-1.70e+02,-1.64e+02,-1.63e+02,-9.70e+01,9.00e+00,5.00e+00,-1.73e+02
7.87e+03,-1.80e+02,-1.63e+02,-1.63e+02,-9.70e+01,9.00e+00,5.00e+00,-1.73e+02
8.06e+03,-1.68e+02,-1.63e+02,-1.63e+02,-9.53e+01,1.00e+01,6.00e+00,-1.72e+02
8.26e+03,-1.68e+02,-1.40e+02,-1.40e+02,-1.02e+02,9.00e+00,5.00e+00,-1.55e+02
8.45e+03,-1.69e+02,-1.16e+02,-1.16e+02,-9.84e+01,9.00e+00,5.00e+00,-1.33e+02
8.64e+03,-1.67e+02,-1.01e+02,-1.01e+02,-9.94e+01,1.00e+01,6.00e+00,-1.21e+02
8.83e+03,-1.70e+02,-9.86e+01,-9.86e+01,-9.75e+01,9.50e+00,6.00e+00,-1.18e+02
9.02e+03,-1.65e+02,-9.86e+01,-9.86e+01,-9.75e+01,1.00e+01,6.00e+00,-1.18e+02
9.22e+03,-1.02e+02,-9.88e+01,-9.86e+01,-9.75e+01,1.00e+01,7.00e+00,-1.18e+02
9.41e+03,-1.01e+02,-9.87e+01,-9.86e+01,-9.75e+01,1.00e+01,8.00e+00,-1.18e+02
9.60e+03,-1.01e+02,-9.83e+01,-9.83e+01,-9.57e+01,1.00e+01,8.00e+00,-1.18e+02
9.79e+03,-1.02e+02,-9.82e+01,-9.82e+01,-9.61e+01,1.00e+01,8.00e+00,-1.18e+02
9.98e+03,-1.00e+02,-9.85e+01,-9.82e+01,-9.61e+01,1.00e+01,7.00e+00,-1.18e+02
1.02e+04,-1.01e+02,-9.84e+01,-9.82e+01,-9.61e+01,1.00e+01,7.00e+00,-1.18e+02
1.04e+04,-1.01e+02,-9.78e+01,-9.78e+01,-9.63e+01,1.00e+01,8.00e+00,-1.18e+02
1.06e+04,-1.01e+02,-9.85e+01,-9.78e+01,-9.63e+01,1.00e+01,7.00e+00,-1.18e+02
1.08e+04,-1.01e+02,-9.84e+01,-9.78e+01,-9.63e+01,1.00e+01,7.00e+00,-1.18e+02
1.09e+04,-1.01e+02,-9.85e+01,-9.78e+01,-9.63e+01,1.00e+01,7.00e+00,-1.18e+02
1.11e+04,-1.01e+02,-9.82e+01,-9.78e+01,-9.63e+01,1.00e+01,7.00e+00,-1.18e+02
1.13e+04,-1.00e+02,-9.81e+01,-9.78e+01,-9.63e+01,1.00e+01,7.00e+00,-1.18e+02
1.15e+04,-1.00e+02,-9.83e+01,-9.78e+01,-9.63e+01,1.00e+01,7.00e+00,-1.18e+02
1.17e+04,-1.00e+02,-9.78e+01,-9.78e+01,-9.63e+01,1.00e+01,7.00e+00,-1.18e+02
1.19e+04,-1.00e+02,-9.82e+01,-9.78e+01,-9.63e+01,1.00e+01,7.00e+00,-1.18e+02
1.21e+04,-1.01e+02,-9.80e+01,-9.78e+01,-9.63e+01,1.00e+01,7.00e+00,-1.18e+02
1.23e+04,-1.01e+02,-9.85e+01,-9.78e+01,-9.63e+01,1.00e+01,7.00e+00,-1.18e+02
1.25e+04,-1.00e+02,-9.82e+01,-9.78e+01,-9.63e+01,1.00e+01,7.00e+00,-1.18e+02
1.27e+04,-1.00e+02,-9.82e+01,-9.78e+01,-9.63e+01,1.00e+01,7.00e+00,-1.18e+02
1.29e+04,-1.01e+02,-9.82e+01,-9.78e+01,-9.63e+01,1.00e+01,7.00e+00,-1.18e+02
1.31e+04,-1.00e+02,-9.81e+01,-9.78e+01,-9.63e+01,1.00e+01,7.00e+00,-1.18e+02
1.32e+04,-1.01e+02,-9.87e+01,-9.78e+01,-9.63e+01,1.00e+01,7.00e+00,-1.18e+02
1.34e+04,-1.00e+02,-9.83e+01,-9.78e+01,-9.63e+01,1.00e+01,7.00e+00,-1.18e+02
1.36e+04,-1.01e+02,-9.88e+01,-9.78e+01,-9.63e+01,1.00e+01,7.00e+00,-1.18e+02
1.38e+04,-1.01e+02,-9.80e+01,-9.78e+01,-9.63e+01,1.00e+01,7.00e+00,-1.18e+02
1.40e+04,-1.00e+02,-9.80e+01,-9.78e+01,-9.63e+01,1.00e+01,7.00e+00,-1.18e+02
1.42e+04,-1.01e+02,-9.82e+01,-9.78e+01,-9.63e+01,1.20e+01,1.00e+01,-1.18e+02
1.44e+04,-1.00e+02,-9.83e+01,-9.78e+01,-9.63e+01,1.20e+01,1.10e+01,-1.18e+02
1.46e+04,-1.01e+02,-9.80e+01,-9.78e+01,-9.63e+01,1.20e+01,1.10e+01,-1.18e+02
1.48e+04,-1.00e+02,-9.84e+01,-9.78e+01,-9.63e+01,1.30e+01,1.40e+01,-1.18e+02
1.50e+04,-1.00e+02,-9.82e+01,-9.78e+01,-9.63e+01,1.30e+01,1.45e+01,-1.18e+02
1.52e+04,-1.00e+02,-9.81e+01,-9.78e+01,-9.63e+01,1.30e+01,1.50e+01,-1.18e+02
1.54e+04,-1.00e+02,-9.80e+01,-9.78e+01,-9.63e+01,1.40e+01,1.50e+01,-1.18e+02
1.56e+04,-1.00e+02,-9.83e+01,-9.78e+01,-9.63e+01,1.10e+01,9.00e+00,-1.18e+02
1.57e+04,-1.00e+02,-9.78e+01,-9.78e+01,-9.63e+01,1.10e+01,9.00e+00,-1.18e+02
1.59e+04,-1.00e+02,-9.84e+01,-9.78e+01,-9.63e+01,1.40e+01,1.70e+01,-1.18e+02
1.61e+04,-1.00e+02,-9.84e+01,-9.78e+01,-9.63e+01,1.10e+01,8.00e+00,-1.18e+02
1.63e+04,-1.00e+02,-9.80e+01,-9.78e+01,-9.63e+01,1.00e+01,8.00e+00,-1.18e+02
1.65e+04,-1.00e+02,-9.86e+01,-9.78e+01,-9.63e+01,1.00e+01,8.00e+00,-1.18e+02
1.67e+04,-1.00e+02,-9.86e+01,-9.78e+01,-9.63e+01,1.00e+01,8.00e+00,-1.18e+02
1.69e+04,-1.00e+02,-9.82e+01,-9.78e+01,-9.63e+01,1.00e+01,8.00e+00,-1.18e+02
1.71e+04,-1.00e+02,-9.85e+01,-9.78e+01,-9.63e+01,1.00e+01,8.00e+00,-1.18e+02
1.73e+04,-1.01e+02,-9.84e+01,-9.78e+01,-9.63e+01,1.00e+01,8.00e+00,-1.18e+02
1.75e+04,-1.01e+02,-9.85e+01,-9.78e+01,-9.63e+01,1.00e+01,8.00e+00,-1.18e+02
1.77e+04,-1.00e+02,-9.84e+01,-9.78e+01,-9.63e+01,1.10e+01,1.00e+01,-1.18e+02
1.79e+04,-1.02e+02,-9.86e+01,-9.78e+01,-9.63e+01,1.00e+01,8.00e+00,-1.18e+02
1.80e+04,-1.01e+02,-9.81e+01,-9.78e+01,-9.63e+01,1.00e+01,8.00e+00,-1.18e+02
1.82e+04,-1.00e+02,-9.79e+01,-9.78e+01,-9.63e+01,1.00e+01,8.00e+00,-1.18e+02
1.84e+04,-1.00e+02,-9.78e+01,-9.78e+01,-9.63e+01,1.00e+01,8.00e+00,-1.18e+02
1.86e+04,-1.01e+02,-9.85e+01,-9.78e+01,-9.63e+01,1.00e+01,8.00e+00,-1.18e+02
1.88e+04,-1.00e+02,-9.85e+01,-9.78e+01,-9.63e+01,1.00e+01,8.00e+00,-1.18e+02
1.90e+04,-1.00e+02,-9.81e+01,-9.78e+01,-9.63e+01,1.00e+01,8.00e+00,-1.18e+02
1.92e+04,-1.01e+02,-9.82e+01,-9.78e+01,-9.63e+01,1.00e+01,8.00e+00,-1.18e+02
1.94e+04,-1.00e+02,-9.84e+01,-9.78e+01,-9.63e+01,1.00e+01,8.00e+00,-1.18e+02
1.96e+04,-1.00e+02,-9.84e+01,-9.78e+01,-9.63e+01,1.00e+01,8.00e+00,-1.18e+02
1.98e+04,-1.01e+02,-9.85e+01,-9.78e+01,-9.63e+01,1.00e+01,8.00e+00,-1.18e+02
2.00e+04,-1.01e+02,-9.79e+01,-9.78e+01,-9.63e+01,1.00e+01,8.00e+00,-1.18e+02
2.02e+04,-1.00e+02,-9.76e+01,-9.76e+01,-9.62e+01,1.00e+01,8.00e+00,-1.17e+02
2.04e+04,-1.00e+02,-9.75e+01,-9.75e+01,-9.56e+01,1.00e+01,9.00e+00,-1.17e+02
2.05e+04,-1.01e+02,-9.83e+01,-9.75e+01,-9.56e+01,1.00e+01,1.00e+01,-1.17e+02
2.07e+04,-1.00e+02,-9.85e+01,-9.75e+01,-9.56e+01,1.00e+01,9.00e+00,-1.17e+02
2.09e+04,-1.01e+02,-9.84e+01,-9.75e+01,-9.56e+01,1.00e+01,1.00e+01,-1.17e+02
2.11e+04,-1.00e+02,-9.84e+01,-9.75e+01,-9.56e+01,1.10e+01,1.00e+01,-1.17e+02
2.13e+04,-1.00e+02,-9.84e+01,-9.75e+01,-9.56e+01,1.00e+01,9.00e+00,-1.17e+02
2.15e+04,-1.00e+02,-9.78e+01,-9.75e+01,-9.56e+01,1.10e+01,9.00e+00,-1.17e+02
2.17e+04,-1.01e+02,-9.85e+01,-9.75e+01,-9.56e+01,1.10e+01,9.00e+00,-1.17e+02
2.19e+04,-1.01e+02,-9.76e+01,-9.75e+01,-9.56e+01,1.00e+01,9.00e+00,-1.17e+02
2.21e+04,-1.01e+02,-9.85e+01,-9.75e+01,-9.56e+01,1.10e+01,9.00e+00,-1.17e+02
2.23e+04,-1.01e+02,-9.85e+01,-9.75e+01,-9.56e+01,1.00e+01,9.00e+00,-1.17e+02
2.25e+04,-1.00e+02,-9.82e+01,-9.75e+01,-9.56e+01,1.00e+01,9.00e+00,-1.17e+02
2.27e+04,-1.00e+02,-9.80e+01,-9.75e+01,-9.56e+01,1.00e+01,9.00e+00,-1.17e+02
2.28e+04,-1.00e+02,-9.87e+01,-9.75e+01,-9.56e+01,1.00e+01,9.00e+00,-1.17e+02
2.30e+04,-1.00e+02,-9.79e+01,-9.75e+01,-9.56e+01,1.00e+01,9.00e+00,-1.17e+02
2.32e+04,-1.01e+02,-9.79e+01,-9.75e+01,-9.56e+01,1.00e+01,1.00e+01,-1.17e+02
2.34e+04,-1.00e+02,-9.78e+01,-9.75e+01,-9.56e+01,1.00e+01,9.00e+00,-1.17e+02
2.36e+04,-1.01e+02,-9.84e+01,-9.75e+01,-9.56e+01,1.10e+01,1.10e+01,-1.17e+02
2.38e+04,-1.00e+02,-9.84e+01,-9.75e+01,-9.56e+01,1.00e+01,1.00e+01,-1.17e+02
2.40e+04,-1.00e+02,-9.80e+01,-9.75e+01,-9.56e+01,1.00e+01,1.00e+01,-1.17e+02
2.42e+04,-1.00e+02,-9.79e+01,-9.75e+01,-9.56e+01,1.00e+01,1.00e+01,-1.17e+02
2.44e+04,-1.00e+02,-9.83e+01,-9.75e+01,-9.56e+01,1.00e+01,1.00e+01,-1.17e+02
2.46e+04,-1.00e+02,-9.79e+01,-9.75e+01,-9.56e+01,1.00e+01,1.05e+01,-1.17e+02
2.48e+04,-1.00e+02,-9.81e+01,-9.75e+01,-9.56e+01,1.05e+01,1.00e+01,-1.17e+02
2.50e+04,-1.00e+02,-9.83e+01,-9.75e+01,-9.56e+01,1.00e+01,9.00e+00,-1.17e+02
2.52e+04,-1.00e+02,-9.81e+01,-9.75e+01,-9.56e+01,1.00e+01,9.00e+00,-1.17e+02
2.53e+04,-1.00e+02,-9.84e+01,-9.75e+01,-9.56e+01,1.00e+01,9.00e+00,-1.17e+02
2.55e+04,-1.00e+02,-9.83e+01,-9.75e+01,-9.56e+01,1.00e+01,9.00e+00,-1.17e+02
2.57e+04,-1.00e+02,-9.82e+01,-9.75e+01,-9.56e+01,1.00e+01,9.00e+00,-1.17e+02
2.59e+04,-1.00e+02,-9.84e+01,-9.75e+01,-9.56e+01,1.00e+01,1.00e+01,-1.17e+02
2.61e+04,-1.00e+02,-9.79e+01,-9.75e+01,-9.56e+01,1.00e+01,1.00e+01,-1.17e+02
2.63e+04,-1.00e+02,-9.82e+01,-9.75e+01,-9.56e+01,1.00e+01,1.00e+01,-1.17e+02
2.65e+04,-1.00e+02,-9.78e+01,-9.75e+01,-9.56e+01,1.00e+01,1.00e+01,-1.17e+02
2.67e+04,-1.00e+02,-9.78e+01,-9.75e+01,-9.56e+01,1.00e+01,1.00e+01,-1.17e+02
2.69e+04,-1.00e+02,-9.84e+01,-9.75e+01,-9.56e+01,1.00e+01,1.00e+01,-1.17e+02
2.71e+04,-1.01e+02,-9.83e+01,-9.75e+01,-9.56e+01,1.00e+01,1.00e+01,-1.17e+02
2.73e+04,-1.00e+02,-9.83e+01,-9.75e+01,-9.56e+01,1.00e+01,1.00e+01,-1.17e+02
2.75e+04,-1.00e+02,-9.84e+01,-9.75e+01,-9.56e+01,1.00e+01,1.00e+01,-1.17e+02
2.76e+04,-1.03e+02,-9.83e+01,-9.75e+01,-9.56e+01,1.00e+01,1.10e+01,-1.17e+02
2.78e+04,-1.11e+02,-9.57e+01,-9.57e+01,-8.29e+01,1.10e+01,1.20e+01,-1.15e+02
2.80e+04,-1.00e+02,-9.58e+01,-9.57e+01,-8.29e+01,1.00e+01,1.20e+01,-1.15e+02
2.82e+04,-1.00e+02,-9.51e+01,-9.51e+01,-7.96e+01,1.10e+01,1.20e+01,-1.15e+02
2.84e+04,-9.96e+01,-9.47e+01,-9.47e+01,-8.75e+01,1.10e+01,1.20e+01,-1.14e+02
2.86e+04,-9.87e+01,-9.31e+01,-9.31e+01,-7.48e+01,1.20e+01,1.30e+01,-1.13e+02
2.88e+04,-1.03e+02,-9.21e+01,-9.21e+01,-7.06e+01,1.20e+01,1.30e+01,-1.12e+02
2.90e+04,-9.74e+01,-9.13e+01,-9.13e+01,-8.49e+01,1.10e+01,1.30e+01,-1.11e+02
2.92e+04,-9.69e+01,-9.05e+01,-9.05e+01,-8.11e+01,1.10e+01,1.30e+01,-1.10e+02
2.94e+04,-9.69e+01,-9.05e+01,-9.05e+01,-8.11e+01,1.10e+01,1.30e+01,-1.10e+02
2.96e+04,-9.70e+01,-8.87e+01,-8.87e+01,-6.99e+01,1.10e+01,1.40e+01,-1.08e+02
2.98e+04,-9.65e+01,-8.90e+01,-8.87e+01,-6.99e+01,1.10e+01,1.30e+01,-1.08e+02
3.00e+04,-9.67e+01,-8.80e+01,-8.80e+01,-6.58e+01,1.10e+01,1.40e+01,-1.08e+02
3.01e+04,-9.73e+01,-8.64e+01,-8.64e+01,-7.48e+01,1.10e+01,1.30e+01,-1.06e+02
3.03e+04,-9.69e+01,-9.00e+01,-8.64e+01,-7.48e+01,1.10e+01,1.30e+01,-1.06e+02
3.05e+04,-9.72e+01,-8.78e+01,-8.64e+01,-7.48e+01,1.10e+01,1.30e+01,-1.06e+02
3.07e+04,-9.63e+01,-8.96e+01,-8.64e+01,-7.48e+01,1.20e+01,1.40e+01,-1.06e+02
3.09e+04,-9.65e+01,-8.89e+01,-8.64e+01,-7.48e+01,1.20e+01,1.40e+01,-1.06e+02
3.11e+04,-9.74e+01,-8.94e+01,-8.64e+01,-7.48e+01,1.10e+01,1.30e+01,-1.06e+02
3.13e+04,-9.68e+01,-8.86e+01,-8.64e+01,-7.48e+01,1.10e+01,1.30e+01,-1.06e+02
3.15e+04,-9.85e+01,-8.94e+01,-8.64e+01,-7.48e+01,1.10e+01,1.40e+01,-1.06e+02
3.17e+04,-9.72e+01,-8.77e+01,-8.64e+01,-7.48e+01,1.10e+01,1.40e+01,-1.06e+02
3.19e+04,-9.74e+01,-8.96e+01,-8.64e+01,-7.48e+01,1.10e+01,1.30e+01,-1.06e+02
3.21e+04,-9.66e+01,-8.86e+01,-8.64e+01,-7.48e+01,1.20e+01,1.40e+01,-1.06e+02
3.23e+04,-9.71e+01,-8.68e+01,-8.64e+01,-7.48e+01,1.10e+01,1.40e+01,-1.06e+02
3.24e+04,-9.94e+01,-8.75e+01,-8.64e+01,-7.48e+01,1.20e+01,1.50e+01,-1.06e+02
3.26e+04,-9.62e+01,-9.04e+01,-8.64e+01,-7.48e+01,1.20e+01,1.60e+01,-1.06e+02
3.28e+04,-9.66e+01,-9.02e+01,-8.64e+01,-7.48e+01,1.30e+01,1.60e+01,-1.06e+02
3.30e+04,-9.62e+01,-8.88e+01,-8.64e+01,-7.48e+01,1.30e+01,1.70e+01,-1.06e+02
3.32e+04,-9.63e+01,-8.97e+01,-8.64e+01,-7.48e+01,1.30e+01,1.70e+01,-1.06e+02
3.34e+04,-9.64e+01,-8.90e+01,-8.64e+01,-7.48e+01,1.30e+01,1.70e+01,-1.06e+02
3.36e+04,-9.63e+01,-8.95e+01,-8.64e+01,-7.48e+01,1.30e+01,1.80e+01,-1.06e+02
3.38e+04,-9.57e+01,-8.96e+01,-8.64e+01,-7.48e+01,1.40e+01,1.80e+01,-1.06e+02
3.40e+04,-9.62e+01,-9.03e+01,-8.64e+01,-7.48e+01,1.30e+01,1.65e+01,-1.06e+02
3.42e+04,-9.62e+01,-8.88e+01,-8.64e+01,-7.48e+01,1.40e+01,1.80e+01,-1.06e+02
3.44e+04,-9.67e+01,-8.92e+01,-8.64e+01,-7.48e+01,1.20e+01,1.60e+01,-1.06e+02
3.46e+04,-9.68e+01,-8.85e+01,-8.64e+01,-7.48e+01,1.10e+01,1.55e+01,-1.06e+02
3.48e+04,-9.70e+01,-8.81e+01,-8.64e+01,-7.48e+01,1.10e+01,1.50e+01,-1.06e+02
3.49e+04,-9.59e+01,-8.89e+01,-8.64e+01,-7.48e+01,1.10e+01,1.50e+01,-1.06e+02
3.51e+04,-9.65e+01,-9.05e+01,-8.64e+01,-7.48e+01,1.10e+01,1.50e+01,-1.06e+02
3.53e+04,-9.63e+01,-8.93e+01,-8.64e+01,-7.48e+01,1.10e+01,1.50e+01,-1.06e+02
3.55e+04,-9.60e+01,-8.87e+01,-8.64e+01,-7.48e+01,1.10e+01,1.50e+01,-1.06e+02
3.57e+04,-9.66e+01,-8.96e+01,-8.64e+01,-7.48e+01,1.10e+01,1.50e+01,-1.06e+02
3.59e+04,-9.78e+01,-9.01e+01,-8.64e+01,-7.48e+01,1.10e+01,1.70e+01,-1.06e+02
3.61e+04,-9.85e+01,-8.91e+01,-8.64e+01,-7.48e+01,1.10e+01,1.70e+01,-1.06e+02
3.63e+04,-9.60e+01,-8.75e+01,-8.64e+01,-7.48e+01,1.10e+01,1.60e+01,-1.06e+02
3.65e+04,-9.60e+01,-8.90e+01,-8.64e+01,-7.48e+01,1.10e+01,1.50e+01,-1.06e+02
3.67e+04,-9.62e+01,-8.95e+01,-8.64e+01,-7.48e+01,1.10e+01,1.50e+01,-1.06e+02
3.69e+04,-9.66e+01,-8.87e+01,-8.64e+01,-7.48e+01,1.10e+01,1.70e+01,-1.06e+02
3.71e+04,-9.61e+01,-9.05e+01,-8.64e+01,-7.48e+01,1.20e+01,1.50e+01,-1.06e+02
3.72e+04,-9.62e+01,-8.99e+01,-8.64e+01,-7.48e+01,1.20e+01,1.60e+01,-1.06e+02
3.74e+04,-9.63e+01,-8.99e+01,-8.64e+01,-7.48e+01,1.20e+01,1.50e+01,-1.06e+02
3.76e+04,-9.64e+01,-8.84e+01,-8.64e+01,-7.48e+01,1.20e+01,1.50e+01,-1.06e+02
3.78e+04,-9.64e+01,-8.91e+01,-8.64e+01,-7.48e+01,1.10e+01,1.50e+01,-1.06e+02
3.80e+04,-9.65e+01,-8.92e+01,-8.64e+01,-7.48e+01,1.20e+01,1.60e+01,-1.06e+02
3.82e+04,-9.59e+01,-8.85e+01,-8.64e+01,-7.48e+01,1.20e+01,1.70e+01,-1.06e+02
3.84e+04,-9.67e+01,-8.96e+01,-8.64e+01,-7.48e+01,1.20e+01,1.60e+01,-1.06e+02
3.86e+04,-9.67e+01,-8.93e+01,-8.64e+01,-7.48e+01,1.20e+01,1.70e+01,-1.06e+02
3.88e+04,-9.62e+01,-8.90e+01,-8.64e+01,-7.48e+01,1.10e+01,1.60e+01,-1.06e+02
3.90e+04,-9.66e+01,-9.00e+01,-8.64e+01,-7.48e+01,1.10e+01,1.60e+01,-1.06e+02
3.92e+04,-9.67e+01,-8.98e+01,-8.64e+01,-7.48e+01,1.10e+01,1.60e+01,-1.06e+02
3.94e+04,-9.67e+01,-9.00e+01,-8.64e+01,-7.48e+01,1.10e+01,1.60e+01,-1.06e+02
3.96e+04,-9.65e+01,-8.91e+01,-8.64e+01,-7.48e+01,1.10e+01,1.60e+01,-1.06e+02
3.97e+04,-9.58e+01,-8.96e+01,-8.64e+01,-7.48e+01,1.10e+01,1.60e+01,-1.06e+02
3.99e+04,-9.88e+01,-8.94e+01,-8.64e+01,-7.48e+01,1.10e+01,1.60e+01,-1.06e+02
4.01e+04,-9.57e+01,-8.93e+01,-8.64e+01,-7.48e+01,1.20e+01,1.70e+01,-1.06e+02
4.03e+04,-9.65e+01,-8.90e+01,-8.64e+01,-7.48e+01,1.10e+01,1.60e+01,-1.06e+02
4.05e+04,-9.61e+01,-8.90e+01,-8.64e+01,-7.48e+01,1.10e+01,1.60e+01,-1.06e+02
4.07e+04,-9.59e+01,-8.80e+01,-8.64e+01,-7.48e+01,1.20e+01,1.60e+01,-1.06e+02
4.09e+04,-9.67e+01,-8.87e+01,-8.64e+01,-7.48e+01,1.10e+01,1.60e+01,-1.06e+02
4.11e+04,-9.57e+01,-8.83e+01,-8.64e+01,-7.48e+01,1.20e+01,1.60e+01,-1.06e+02
4.13e+04,-9.68e+01,-8.87e+01,-8.64e+01,-7.48e+01,1.20e+01,1.60e+01,-1.06e+02
4.15e+04,-9.63e+01,-8.96e+01,-8.64e+01,-7.48e+01,1.20e+01,1.60e+01,-1.06e+02
4.17e+04,-9.64e+01,-8.83e+01,-8.64e+01,-7.48e+01,1.20e+01,1.60e+01,-1.06e+02
4.19e+04,-9.69e+01,-8.74e+01,-8.64e+01,-7.48e+01,1.20e+01,1.70e+01,-1.06e+02
4.20e+04,-9.70e+01,-8.91e+01,-8.64e+01,-7.48e+01,1.20e+01,1.70e+01,-1.06e+02
4.22e+04,-9.57e+01,-8.94e+01,-8.64e+01,-7.48e+01,1.20e+01,1.70e+01,-1.06e+02
4.24e+04,-9.62e+01,-8.81e+01,-8.64e+01,-7.48e+01,1.20e+01,1.80e+01,-1.06e+02
4.26e+04,-9.59e+01,-9.01e+01,-8.64e+01,-7.48e+01,1.20e+01,1.80e+01,-1.06e+02
4.28e+04,-9.68e+01,-8.74e+01,-8.64e+01,-7.48e+01,1.20e+01,1.70e+01,-1.06e+02
4.30e+04,-9.62e+01,-8.84e+01,-8.64e+01,-7.48e+01,1.30e+01,1.80e+01,-1.06e+02
4.32e+04,-9.61e+01,-8.74e+01,-8.64e+01,-7.48e+01,1.20e+01,1.80e+01,-1.06e+02
4.34e+04,-9.59e+01,-8.92e+01,-8.64e+01,-7.48e+01,1.30e+01,2.00e+01,-1.06e+02
4.36e+04,-9.62e+01,-8.84e+01,-8.64e+01,-7.48e+01,1.30e+01,2.00e+01,-1.06e+02
4.38e+04,-9.66e+01,-9.03e+01,-8.64e+01,-7.48e+01,1.20e+01,1.90e+01,-1.06e+02
4.40e+04,-9.63e+01,-8.93e+01,-8.64e+01,-7.48e+01,1.20e+01,1.90e+01,-1.06e+02
4.42e+04,-1.01e+02,-8.95e+01,-8.64e+01,-7.48e+01,1.20e+01,1.90e+01,-1.06e+02
4.44e+04,-9.94e+01,-8.97e+01,-8.64e+01,-7.48e+01,1.20e+01,1.90e+01,-1.06e+02
4.45e+04,-1.22e+02,-9.01e+01,-8.64e+01,-7.48e+01,1.20e+01,2.00e+01,-1.06e+02
4.47e+04,-9.66e+01,-8.96e+01,-8.64e+01,-7.48e+01,1.30e+01,1.90e+01,-1.06e+02
4.49e+04,-9.64e+01,-8.85e+01,-8.64e+01,-7.48e+01,1.30e+01,1.90e+01,-1.06e+02
4.51e+04,-9.65e+01,-8.92e+01,-8.64e+01,-7.48e+01,1.30e+01,2.00e+01,-1.06e+02
4.53e+04,-9.57e+01,-8.85e+01,-8.64e+01,-7.48e+01,1.20e+01,1.95e+01,-1.06e+02
4.55e+04,-9.69e+01,-9.05e+01,-8.64e+01,-7.48e+01,1.20e+01,1.90e+01,-1.06e+02
4.57e+04,-9.63e+01,-8.90e+01,-8.64e+01,-7.48e+01,1.20e+01,1.80e+01,-1.06e+02
4.59e+04,-9.69e+01,-8.93e+01,-8.64e+01,-7.48e+01,1.20e+01,1.80e+01,-1.06e+02
4.61e+04,-9.70e+01,-9.05e+01,-8.64e+01,-7.48e+01,1.20e+01,1.80e+01,-1.06e+02
4.63e+04,-9.65e+01,-8.83e+01,-8.64e+01,-7.48e+01,1.20e+01,1.80e+01,-1.06e+02
4.65e+04,-9.61e+01,-8.99e+01,-8.64e+01,-7.48e+01,1.20e+01,1.90e+01,-1.06e+02
4.67e+04,-9.57e+01,-8.87e+01,-8.64e+01,-7.48e+01,1.20e+01,1.80e+01,-1.06e+02
4.68e+04,-9.85e+01,-8.92e+01,-8.64e+01,-7.48e+01,1.20e+01,1.90e+01,-1.06e+02
4.70e+04,-9.60e+01,-8.91e+01,-8.64e+01,-7.48e+01,1.20e+01,1.90e+01,-1.06e+02
4.72e+04,-9.58e+01,-8.83e+01,-8.64e+01,-7.48e+01,1.20e+01,1.90e+01,-1.06e+02
4.74e+04,-9.60e+01,-8.99e+01,-8.64e+01,-7.48e+01,1.30e+01,1.90e+01,-1.06e+02
4.76e+04,-9.63e+01,-8.94e+01,-8.64e+01,-7.48e+01,1.20e+01,1.90e+01,-1.06e+02
4.78e+04,-9.56e+01,-8.85e+01,-8.64e+01,-7.48e+01,1.20e+01,1.90e+01,-1.06e+02
4.80e+04,-9.64e+01,-8.92e+01,-8.64e+01,-7.48e+01,1.20e+01,2.00e+01,-1.06e+02
4.82e+04,-9.68e+01,-9.00e+01,-8.64e+01,-7.48e+01,1.20e+01,2.00e+01,-1.06e+02
4.84e+04,-9.58e+01,-8.94e+01,-8.64e+01,-7.48e+01,1.20e+01,1.90e+01,-1.06e+02
4.86e+04,-9.66e+01,-8.90e+01,-8.64e+01,-7.48e+01,1.20e+01,1.90e+01,-1.06e+02
4.88e+04,-9.62e+01,-8.90e+01,-8.64e+01,-7.48e+01,1.20e+01,1.90e+01,-1.06e+02
4.90e+04,-9.58e+01,-8.74e+01,-8.64e+01,-7.48e+01,1.20e+01,1.90e+01,-1.06e+02
4.92e+04,-9.56e+01,-8.93e+01,-8.64e+01,-7.48e+01,1.30e+01,2.00e+01,-1.06e+02
4.93e+04,-9.60e+01,-8.90e+01,-8.64e+01,-7.48e+01,1.20e+01,2.00e+01,-1.06e+02
4.95e+04,-9.75e+01,-8.85e+01,-8.64e+01,-7.48e+01,1.30e+01,2.10e+01,-1.06e+02
4.97e+04,-9.62e+01,-8.89e+01,-8.64e+01,-7.48e+01,1.20e+01,1.90e+01,-1.06e+02
4.99e+04,-9.65e+01,-8.95e+01,-8.64e+01,-7.48e+01,1.20e+01,1.90e+01,-1.06e+02
5.01e+04,-9.64e+01,-8.82e+01,-8.64e+01,-7.48e+01,1.20e+01,1.90e+01,-1.06e+02
5.03e+04,-9.64e+01,-8.78e+01,-8.64e+01,-7.48e+01,1.20e+01,1.90e+01,-1.06e+02
5.05e+04,-9.61e+01,-9.06e+01,-8.64e+01,-7.48e+01,1.20e+01,1.90e+01,-1.06e+02
5.07e+04,-9.56e+01,-8.86e+01,-8.64e+01,-7.48e+01,1.20e+01,1.90e+01,-1.06e+02
5.09e+04,-9.62e+01,-8.89e+01,-8.64e+01,-7.48e+01,1.20e+01,1.90e+01,-1.06e+02
5.11e+04,-9.65e+01,-8.70e+01,-8.64e+01,-7.48e+01,1.20e+01,1.90e+01,-1.06e+02
5.13e+04,-9.58e+01,-9.01e+01,-8.64e+01,-7.48e+01,1.20e+01,2.00e+01,-1.06e+02
5.15e+04,-9.63e+01,-8.83e+01,-8.64e+01,-7.48e+01,1.20e+01,2.00e+01,-1.06e+02
5.16e+04,-9.64e+01,-8.85e+01,-8.64e+01,-7.48e+01,1.20e+01,2.00e+01,-1.06e+02
5.18e+04,-9.70e+01,-8.97e+01,-8.64e+01,-7.48e+01,1.30e+01,2.05e+01,-1.06e+02
5.20e+04,-9.56e+01,-8.99e+01,-8.64e+01,-7.48e+01,1.30e+01,2.00e+01,-1.06e+02
5.22e+04,-9.61e+01,-9.01e+01,-8.64e+01,-7.48e+01,1.20e+01,1.90e+01,-1.06e+02
5.24e+04,-9.60e+01,-8.81e+01,-8.64e+01,-7.48e+01,1.20e+01,1.90e+01,-1.06e+02
5.26e+04,-9.64e+01,-9.00e+01,-8.64e+01,-7.48e+01,1.20e+01,1.90e+01,-1.06e+02
5.28e+04,-9.69e+01,-8.98e+01,-8.64e+01,-7.48e+01,1.30e+01,2.00e+01,-1.06e+02
5.30e+04,-9.66e+01,-8.86e+01,-8.64e+01,-7.48e+01,1.20e+01,1.90e+01,-1.06e+02
5.32e+04,-9.63e+01,-8.76e+01,-8.64e+01,-7.48e+01,1.30e+01,1.90e+01,-1.06e+02
5.34e+04,-9.64e+01,-8.77e+01,-8.64e+01,-7.48e+01,1.20e+01,1.90e+01,-1.06e+02
5.36e+04,-9.64e+01,-8.85e+01,-8.64e+01,-7.48e+01,1.20e+01,1.90e+01,-1.06e+02
5.38e+04,-9.62e+01,-8.95e+01,-8.64e+01,-7.48e+01,1.20e+01,1.90e+01,-1.06e+02
5.40e+04,-9.60e+01,-8.79e+01,-8.64e+01,-7.48e+01,1.20e+01,1.90e+01,-1.06e+02
5.41e+04,-9.62e+01,-8.94e+01,-8.64e+01,-7.48e+01,1.20e+01,1.90e+01,-1.06e+02
5.43e+04,-9.64e+01,-8.91e+01,-8.64e+01,-7.48e+01,1.20e+01,1.90e+01,-1.06e+02
5.45e+04,-9.59e+01,-8.80e+01,-8.64e+01,-7.48e+01,1.20e+01,2.00e+01,-1.06e+02
5.47e+04,-9.60e+01,-8.96e+01,-8.64e+01,-7.48e+01,1.20e+01,2.00e+01,-1.06e+02
5.49e+04,-9.60e+01,-8.91e+01,-8.64e+01,-7.48e+01,1.20e+01,2.00e+01,-1.06e+02
5.51e+04,-9.58e+01,-8.97e+01,-8.64e+01,-7.48e+01,1.20e+01,1.95e+01,-1.06e+02
5.53e+04,-9.55e+01,-9.03e+01,-8.64e+01,-7.48e+01,1.20e+01,2.00e+01,-1.06e+02
5.55e+04,-9.68e+01,-8.93e+01,-8.64e+01,-7.48e+01,1.20e+01,2.00e+01,-1.06e+02
5.57e+04,-9.63e+01,-8.89e+01,-8.64e+01,-7.48e+01,1.30e+01,2.00e+01,-1.06e+02
5.59e+04,-9.62e+01,-8.71e+01,-8.64e+01,-7.48e+01,1.30e+01,2.10e+01,-1.06e+02
5.61e+04,-9.55e+01,-8.85e+01,-8.64e+01,-7.48e+01,1.30e+01,2.00e+01,-1.06e+02
5.63e+04,-9.60e+01,-8.82e+01,-8.64e+01,-7.48e+01,1.20e+01,2.00e+01,-1.06e+02
5.64e+04,-9.64e+01,-9.08e+01,-8.64e+01,-7.48e+01,1.20e+01,2.10e+01,-1.06e+02
5.66e+04,-9.62e+01,-8.77e+01,-8.64e+01,-7.48e+01,1.20e+01,2.20e+01,-1.06e+02
5.68e+04,-9.52e+01,-8.97e+01,-8.64e+01,-7.48e+01,1.20e+01,2.20e+01,-1.06e+02
5.70e+04,-9.64e+01,-8.85e+01,-8.64e+01,-7.48e+01,1.20e+01,2.00e+01,-1.06e+02
5.72e+04,-9.62e+01,-8.93e+01,-8.64e+01,-7.48e+01,1.20e+01,2.10e+01,-1.06e+02
5.74e+04,-9.66e+01,-8.85e+01,-8.64e+01,-7.48e+01,1.20e+01,2.10e+01,-1.06e+02
5.76e+04,-9.64e+01,-8.97e+01,-8.64e+01,-7.48e+01,1.20e+01,2.30e+01,-1.06e+02
5.78e+04,-9.63e+01,-8.96e+01,-8.64e+01,-7.48e+01,1.20e+01,2.00e+01,-1.06e+02
5.80e+04,-9.61e+01,-8.94e+01,-8.64e+01,-7.48e+01,1.20e+01,2.00e+01,-1.06e+02
5.82e+04,-9.63e+01,-8.98e+01,-8.64e+01,-7.48e+01,1.20e+01,2.00e+01,-1.06e+02
5.84e+04,-9.59e+01,-8.92e+01,-8.64e+01,-7.48e+01,1.30e+01,2.00e+01,-1.06e+02
5.86e+04,-9.61e+01,-9.08e+01,-8.64e+01,-7.48e+01,1.20e+01,2.00e+01,-1.06e+02
5.88e+04,-9.65e+01,-8.99e+01,-8.64e+01,-7.48e+01,1.20e+01,2.00e+01,-1.06e+02
5.89e+04,-9.59e+01,-8.98e+01,-8.64e+01,-7.48e+01,1.20e+01,2.10e+01,-1.06e+02
5.91e+04,-9.60e+01,-8.82e+01,-8.64e+01,-7.48e+01,1.20e+01,2.00e+01,-1.06e+02
5.93e+04,-9.68e+01,-8.93e+01,-8.64e+01,-7.48e+01,1.20e+01,2.00e+01,-1.06e+02
5.95e+04,-9.69e+01,-8.85e+01,-8.64e+01,-7.48e+01,1.20e+01,2.00e+01,-1.06e+02
5.97e+04,-9.60e+01,-8.97e+01,-8.64e+01,-7.48e+01,1.30e+01,2.20e+01,-1.06e+02
5.99e+04,-9.74e+01,-8.99e+01,-8.64e+01,-7.48e+01,1.20e+01,2.00e+01,-1.06e+02
6.01e+04,-9.70e+01,-8.92e+01,-8.64e+01,-7.48e+01,1.20e+01,2.00e+01,-1.06e+02
6.03e+04,-9.59e+01,-9.00e+01,-8.64e+01,-7.48e+01,1.20e+01,2.00e+01,-1.06e+02
6.05e+04,-9.72e+01,-8.87e+01,-8.64e+01,-7.48e+01,1.20e+01,2.10e+01,-1.06e+02
6.07e+04,-9.64e+01,-8.94e+01,-8.64e+01,-7.48e+01,1.20e+01,2.10e+01,-1.06e+02
6.09e+04,-9.66e+01,-9.07e+01,-8.64e+01,-7.48e+01,1.20e+01,2.10e+01,-1.06e+02
6.11e+04,-9.59e+01,-8.90e+01,-8.64e+01,-7.48e+01,1.20e+01,2.10e+01,-1.06e+02
6.12e+04,-9.59e+01,-8.93e+01,-8.64e+01,-7.48e+01,1.20e+01,2.10e+01,-1.06e+02
6.14e+04,-9.62e+01,-8.94e+01,-8.64e+01,-7.48e+01,1.20e+01,2.10e+01,-1.06e+02
6.16e+04,-9.63e+01,-8.76e+01,-8.64e+01,-7.48e+01,1.30e+01,2.10e+01,-1.06e+02
6.18e+04,-9.64e+01,-8.87e+01,-8.64e+01,-7.48e+01,1.20e+01,2.10e+01,-1.06e+02
6.20e+04,-9.62e+01,-8.98e+01,-8.64e+01,-7.48e+01,1.20e+01,2.10e+01,-1.06e+02
6.22e+04,-9.63e+01,-8.60e+01,-8.60e+01,-7.16e+01,1.20e+01,2.10e+01,-1.06e+02
6.24e+04,-9.65e+01,-9.04e+01,-8.60e+01,-7.16e+01,1.20e+01,2.10e+01,-1.06e+02
6.26e+04,-9.60e+01,-8.89e+01,-8.60e+01,-7.16e+01,1.20e+01,2.10e+01,-1.06e+02
6.28e+04,-9.63e+01,-8.95e+01,-8.60e+01,-7.16e+01,1.20e+01,2.10e+01,-1.06e+02
6.30e+04,-9.67e+01,-8.92e+01,-8.60e+01,-7.16e+01,1.20e+01,2.10e+01,-1.06e+02
6.32e+04,-9.67e+01,-8.86e+01,-8.60e+01,-7.16e+01,1.20e+01,2.10e+01,-1.06e+02
6.34e+04,-9.68e+01,-8.72e+01,-8.60e+01,-7.16e+01,1.20e+01,2.10e+01,-1.06e+02
6.36e+04,-9.84e+01,-8.98e+01,-8.60e+01,-7.16e+01,1.20e+01,2.10e+01,-1.06e+02
6.37e+04,-9.66e+01,-8.92e+01,-8.60e+01,-7.16e+01,1.20e+01,2.10e+01,-1.06e+02
6.39e+04,-9.62e+01,-8.94e+01,-8.60e+01,-7.16e+01,1.30e+01,2.10e+01,-1.06e+02
6.41e+04,-9.63e+01,-8.88e+01,-8.60e+01,-7.16e+01,1.30e+01,2.10e+01,-1.06e+02
6.43e+04,-9.67e+01,-8.83e+01,-8.60e+01,-7.16e+01,1.20e+01,2.10e+01,-1.06e+02
6.45e+04,-9.61e+01,-8.84e+01,-8.60e+01,-7.16e+01,1.20e+01,2.10e+01,-1.06e+02
6.47e+04,-9.60e+01,-8.96e+01,-8.60e+01,-7.16e+01,1.20e+01,2.10e+01,-1.06e+02
6.49e+04,-9.64e+01,-9.01e+01,-8.60e+01,-7.16e+01,1.20e+01,2.10e+01,-1.06e+02
6.51e+04,-9.62e+01,-8.97e+01,-8.60e+01,-7.16e+01,1.20e+01,2.10e+01,-1.06e+02
6.53e+04,-9.58e+01,-8.91e+01,-8.60e+01,-7.16e+01,1.20e+01,2.10e+01,-1.06e+02
6.55e+04,-9.63e+01,-8.92e+01,-8.60e+01,-7.16e+01,1.20e+01,2.10e+01,-1.06e+02
6.57e+04,-9.59e+01,-8.86e+01,-8.60e+01,-7.16e+01,1.30e+01,2.20e+01,-1.06e+02
6.59e+04,-9.64e+01,-8.78e+01,-8.60e+01,-7.16e+01,1.20e+01,2.10e+01,-1.06e+02
6.60e+04,-9.64e+01,-8.86e+01,-8.60e+01,-7.16e+01,1.25e+01,2.10e+01,-1.06e+02
6.62e+04,-9.60e+01,-8.86e+01,-8.60e+01,-7.16e+01,1.30e+01,2.10e+01,-1.06e+02
6.64e+04,-9.65e+01,-8.96e+01,-8.60e+01,-7.16e+01,1.20e+01,2.10e+01,-1.06e+02
6.66e+04,-9.58e+01,-8.95e+01,-8.60e+01,-7.16e+01,1.20e+01,2.10e+01,-1.06e+02
6.68e+04,-9.64e+01,-8.95e+01,-8.60e+01,-7.16e+01,1.20e+01,2.10e+01,-1.06e+02
6.70e+04,-9.60e+01,-8.94e+01,-8.60e+01,-7.16e+01,1.20e+01,2.10e+01,-1.06e+02
6.72e+04,-9.61e+01,-9.01e+01,-8.60e+01,-7.16e+01,1.20e+01,2.00e+01,-1.06e+02
6.74e+04,-9.63e+01,-9.01e+01,-8.60e+01,-7.16e+01,1.20e+01,2.10e+01,-1.06e+02
6.76e+04,-9.59e+01,-9.06e+01,-8.60e+01,-7.16e+01,1.30e+01,2.10e+01,-1.06e+02
6.78e+04,-9.57e+01,-8.89e+01,-8.60e+01,-7.16e+01,1.20e+01,2.10e+01,-1.06e+02
6.80e+04,-9.59e+01,-8.96e+01,-8.60e+01,-7.16e+01,1.20e+01,2.10e+01,-1.06e+02
6.82e+04,-9.65e+01,-8.95e+01,-8.60e+01,-7.16e+01,1.20e+01,2.10e+01,-1.06e+02
6.84e+04,-9.57e+01,-8.96e+01,-8.60e+01,-7.16e+01,1.20e+01,2.10e+01,-1.06e+02
6.85e+04,-9.58e+01,-8.96e+01,-8.60e+01,-7.16e+01,1.30e+01,2.10e+01,-1.06e+02
6.87e+04,-9.58e+01,-8.90e+01,-8.60e+01,-7.16e+01,1.30e+01,2.10e+01,-1.06e+02
6.89e+04,-9.60e+01,-8.84e+01,-8.60e+01,-7.16e+01,1.20e+01,2.10e+01,-1.06e+02
6.91e+04,-9.62e+01,-9.04e+01,-8.60e+01,-7.16e+01,1.20e+01,2.10e+01,-1.06e+02
6.93e+04,-9.65e+01,-8.98e+01,-8.60e+01,-7.16e+01,1.20e+01,2.10e+01,-1.06e+02
6.95e+04,-9.63e+01,-8.93e+01,-8.60e+01,-7.16e+01,1.20e+01,2.10e+01,-1.06e+02
6.97e+04,-9.60e+01,-9.05e+01,-8.60e+01,-7.16e+01,1.30e+01,2.15e+01,-1.06e+02
6.99e+04,-9.61e+01,-8.94e+01,-8.60e+01,-7.16e+01,1.30e+01,2.20e+01,-1.06e+02
7.01e+04,-9.61e+01,-8.87e+01,-8.60e+01,-7.16e+01,1.30e+01,2.20e+01,-1.06e+02
7.03e+04,-9.61e+01,-9.07e+01,-8.60e+01,-7.16e+01,1.40e+01,2.50e+01,-1.06e+02
7.05e+04,-9.58e+01,-9.01e+01,-8.60e+01,-7.16e+01,1.30e+01,2.20e+01,-1.06e+02
7.07e+04,-9.86e+01,-9.05e+01,-8.60e+01,-7.16e+01,1.30e+01,2.20e+01,-1.06e+02
7.08e+04,-9.58e+01,-8.93e+01,-8.60e+01,-7.16e+01,1.20e+01,2.10e+01,-1.06e+02
7.10e+04,-9.57e+01,-8.96e+01,-8.60e+01,-7.16e+01,1.20e+01,2.20e+01,-1.06e+02
7.12e+04,-9.63e+01,-8.99e+01,-8.60e+01,-7.16e+01,1.20e+01,2.10e+01,-1.06e+02
7.14e+04,-9.58e+01,-8.98e+01,-8.60e+01,-7.16e+01,1.30e+01,2.30e+01,-1.06e+02
7.16e+04,-9.60e+01,-8.94e+01,-8.60e+01,-7.16e+01,1.30e+01,2.15e+01,-1.06e+02
7.18e+04,-9.61e+01,-8.88e+01,-8.60e+01,-7.16e+01,1.30e+01,2.10e+01,-1.06e+02
7.20e+04,-9.62e+01,-9.05e+01,-8.60e+01,-7.16e+01,1.30e+01,2.30e+01,-1.06e+02
7.22e+04,-9.60e+01,-8.76e+01,-8.60e+01,-7.16e+01,1.30e+01,2.10e+01,-1.06e+02
7.24e+04,-9.62e+01,-8.87e+01,-8.60e+01,-7.16e+01,1.30e+01,2.30e+01,-1.06e+02
7.26e+04,-9.59e+01,-9.04e+01,-8.60e+01,-7.16e+01,1.30e+01,2.30e+01,-1.06e+02
7.28e+04,-9.61e+01,-8.95e+01,-8.60e+01,-7.16e+01,1.20e+01,2.10e+01,-1.06e+02
7.30e+04,-9.82e+01,-9.00e+01,-8.60e+01,-7.16e+01,1.20e+01,2.10e+01,-1.06e+02
7.32e+04,-9.79e+01,-9.01e+01,-8.60e+01,-7.16e+01,1.20e+01,2.10e+01,-1.06e+02
7.33e+04,-9.61e+01,-9.03e+01,-8.60e+01,-7.16e+01,1.20e+01,2.10e+01,-1.06e+02
7.35e+04,-9.59e+01,-9.03e+01,-8.60e+01,-7.16e+01,1.20e+01,2.10e+01,-1.06e+02
7.37e+04,-9.59e+01,-8.83e+01,-8.60e+01,-7.16e+01,1.20e+01,2.10e+01,-1.06e+02
7.39e+04,-9.62e+01,-8.95e+01,-8.60e+01,-7.16e+01,1.30e+01,2.10e+01,-1.06e+02
7.41e+04,-9.60e+01,-8.87e+01,-8.60e+01,-7.16e+01,1.30e+01,2.10e+01,-1.06e+02
7.43e+04,-9.67e+01,-8.80e+01,-8.60e+01,-7.16e+01,1.20e+01,2.10e+01,-1.06e+02
7.45e+04,-9.67e+01,-8.90e+01,-8.60e+01,-7.16e+01,1.30e+01,2.10e+01,-1.06e+02
7.47e+04,-9.56e+01,-8.88e+01,-8.60e+01,-7.16e+01,1.20e+01,2.10e+01,-1.06e+02
7.49e+04,-9.57e+01,-8.99e+01,-8.60e+01,-7.16e+01,1.20e+01,2.10e+01,-1.06e+02
7.51e+04,-9.61e+01,-8.84e+01,-8.60e+01,-7.16e+01,1.20e+01,2.10e+01,-1.06e+02
7.53e+04,-9.63e+01,-8.82e+01,-8.60e+01,-7.16e+01,1.20e+01,2.10e+01,-1.06e+02
7.55e+04,-9.63e+01,-8.90e+01,-8.60e+01,-7.16e+01,1.20e+01,2.10e+01,-1.06e+02
7.56e+04,-9.58e+01,-8.99e+01,-8.60e+01,-7.16e+01,1.20e+01,2.10e+01,-1.06e+02
7.58e+04,-9.60e+01,-8.89e+01,-8.60e+01,-7.16e+01,1.20e+01,2.10e+01,-1.06e+02
7.60e+04,-9.64e+01,-8.93e+01,-8.60e+01,-7.16e+01,1.20e+01,2.10e+01,-1.06e+02
7.62e+04,-9.58e+01,-8.98e+01,-8.60e+01,-7.16e+01,1.20e+01,2.10e+01,-1.06e+02
7.64e+04,-9.60e+01,-8.87e+01,-8.60e+01,-7.16e+01,1.30e+01,2.20e+01,-1.06e+02
7.66e+04,-9.63e+01,-8.89e+01,-8.60e+01,-7.16e+01,1.20e+01,2.10e+01,-1.06e+02
7.68e+04,-9.63e+01,-8.88e+01,-8.60e+01,-7.16e+01,1.20e+01,2.20e+01,-1.06e+02
7.70e+04,-9.62e+01,-9.02e+01,-8.60e+01,-7.16e+01,1.30e+01,2.20e+01,-1.06e+02
7.72e+04,-9.62e+01,-8.84e+01,-8.60e+01,-7.16e+01,1.20e+01,2.10e+01,-1.06e+02
7.74e+04,-9.64e+01,-8.88e+01,-8.60e+01,-7.16e+01,1.20e+01,2.10e+01,-1.06e+02
7.76e+04,-9.61e+01,-8.96e+01,-8.60e+01,-7.16e+01,1.20e+01,2.20e+01,-1.06e+02
7.78e+04,-9.61e+01,-9.03e+01,-8.60e+01,-7.16e+01,1.20e+01,2.10e+01,-1.06e+02
7.80e+04,-9.62e+01,-8.73e+01,-8.60e+01,-7.16e+01,1.20e+01,2.10e+01,-1.06e+02
7.81e+04,-9.59e+01,-8.95e+01,-8.60e+01,-7.16e+01,1.20e+01,2.10e+01,-1.06e+02
7.83e+04,-9.63e+01,-9.00e+01,-8.60e+01,-7.16e+01,1.30e+01,2.10e+01,-1.06e+02
7.85e+04,-9.64e+01,-8.90e+01,-8.60e+01,-7.16e+01,1.30e+01,2.10e+01,-1.06e+02
7.87e+04,-9.58e+01,-8.93e+01,-8.60e+01,-7.16e+01,1.30e+01,2.10e+01,-1.06e+02
7.89e+04,-9.55e+01,-8.93e+01,-8.60e+01,-7.16e+01,1.30e+01,2.20e+01,-1.06e+02
7.91e+04,-9.64e+01,-8.85e+01,-8.60e+01,-7.16e+01,1.20e+01,2.10e+01,-1.06e+02
7.93e+04,-9.63e+01,-8.87e+01,-8.60e+01,-7.16e+01,1.20e+01,2.10e+01,-1.06e+02
7.95e+04,-9.59e+01,-8.87e+01,-8.60e+01,-7.16e+01,1.30e+01,2.10e+01,-1.06e+02
7.97e+04,-9.64e+01,-8.95e+01,-8.60e+01,-7.16e+01,1.30e+01,2.10e+01,-1.06e+02
7.99e+04,-9.63e+01,-8.88e+01,-8.60e+01,-7.16e+01,1.30e+01,2.20e+01,-1.06e+02
8.01e+04,-9.65e+01,-8.97e+01,-8.60e+01,-7.16e+01,1.20e+01,2.20e+01,-1.06e+02
8.03e+04,-9.67e+01,-8.87e+01,-8.60e+01,-7.16e+01,1.30e+01,2.20e+01,-1.06e+02
8.04e+04,-9.61e+01,-9.09e+01,-8.60e+01,-7.16e+01,1.20e+01,2.10e+01,-1.06e+02
8.06e+04,-9.65e+01,-8.88e+01,-8.60e+01,-7.16e+01,1.20e+01,2.10e+01,-1.06e+02
8.08e+04,-9.59e+01,-9.03e+01,-8.60e+01,-7.16e+01,1.20e+01,2.10e+01,-1.06e+02
8.10e+04,-9.60e+01,-8.94e+01,-8.60e+01,-7.16e+01,1.20e+01,2.10e+01,-1.06e+02
8.12e+04,-9.62e+01,-9.01e+01,-8.60e+01,-7.16e+01,1.20e+01,2.10e+01,-1.06e+02
8.14e+04,-9.62e+01,-8.73e+01,-8.60e+01,-7.16e+01,1.20e+01,2.10e+01,-1.06e+02
8.16e+04,-9.63e+01,-8.74e+01,-8.60e+01,-7.16e+01,1.20e+01,2.10e+01,-1.06e+02
8.18e+04,-9.62e+01,-8.74e+01,-8.60e+01,-7.16e+01,1.20e+01,2.00e+01,-1.06e+02
8.20e+04,-9.64e+01,-8.82e+01,-8.60e+01,-7.16e+01,1.20e+01,2.20e+01,-1.06e+02
8.22e+04,-9.59e+01,-8.81e+01,-8.60e+01,-7.16e+01,1.20e+01,2.10e+01,-1.06e+02
8.24e+04,-9.61e+01,-9.05e+01,-8.60e+01,-7.16e+01,1.20e+01,2.10e+01,-1.06e+02
8.26e+04,-9.61e+01,-9.07e+01,-8.60e+01,-7.16e+01,1.20e+01,2.10e+01,-1.06e+02
8.28e+04,-9.62e+01,-8.95e+01,-8.60e+01,-7.16e+01,1.20e+01,2.10e+01,-1.06e+02
8.29e+04,-9.56e+01,-8.92e+01,-8.60e+01,-7.16e+01,1.20e+01,2.10e+01,-1.06e+02
8.31e+04,-9.62e+01,-8.85e+01,-8.60e+01,-7.16e+01,1.20e+01,2.10e+01,-1.06e+02
8.33e+04,-9.66e+01,-9.04e+01,-8.60e+01,-7.16e+01,1.20e+01,2.10e+01,-1.06e+02
8.35e+04,-9.57e+01,-8.96e+01,-8.60e+01,-7.16e+01,1.20e+01,2.10e+01,-1.06e+02
8.37e+04,-9.59e+01,-9.00e+01,-8.60e+01,-7.16e+01,1.20e+01,2.10e+01,-1.06e+02
8.39e+04,-9.62e+01,-8.90e+01,-8.60e+01,-7.16e+01,1.30e+01,2.10e+01,-1.06e+02
8.41e+04,-9.55e+01,-8.78e+01,-8.60e+01,-7.16e+01,1.30e+01,2.20e+01,-1.06e+02
8.43e+04,-9.54e+01,-8.94e+01,-8.60e+01,-7.16e+01,1.30e+01,2.20e+01,-1.06e+02
8.45e+04,-9.59e+01,-8.93e+01,-8.60e+01,-7.16e+01,1.30e+01,2.20e+01,-1.06e+02
8.47e+04,-9.59e+01,-8.86e+01,-8.60e+01,-7.16e+01,1.30e+01,2.20e+01,-1.06e+02
8.49e+04,-9.54e+01,-8.97e+01,-8.60e+01,-7.16e+01,1.30e+01,2.30e+01,-1.06e+02
8.51e+04,-9.60e+01,-8.99e+01,-8.60e+01,-7.16e+01,1.30e+01,2.20e+01,-1.06e+02
8.52e+04,-9.57e+01,-8.86e+01,-8.60e+01,-7.16e+01,1.30e+01,2.20e+01,-1.06e+02
8.54e+04,-9.57e+01,-8.98e+01,-8.60e+01,-7.16e+01,1.40e+01,2.50e+01,-1.06e+02
8.56e+04,-9.63e+01,-8.92e+01,-8.60e+01,-7.16e+01,1.35e+01,2.30e+01,-1.06e+02
8.58e+04,-9.50e+01,-8.78e+01,-8.60e+01,-7.16e+01,1.30e+01,2.20e+01,-1.06e+02
8.60e+04,-9.56e+01,-8.83e+01,-8.60e+01,-7.16e+01,1.30e+01,2.20e+01,-1.06e+02
8.62e+04,-9.58e+01,-9.00e+01,-8.60e+01,-7.16e+01,1.30e+01,2.20e+01,-1.06e+02
8.64e+04,-9.55e+01,-8.96e+01,-8.60e+01,-7.16e+01,1.30e+01,2.20e+01,-1.06e+02
8.66e+04,-9.59e+01,-9.00e+01,-8.60e+01,-7.16e+01,1.30e+01,2.20e+01,-1.06e+02
8.68e+04,-9.56e+01,-8.92e+01,-8.60e+01,-7.16e+01,1.30e+01,2.20e+01,-1.06e+02
8.70e+04,-9.57e+01,-8.87e+01,-8.60e+01,-7.16e+01,1.30e+01,2.20e+01,-1.06e+02
8.72e+04,-9.57e+01,-8.91e+01,-8.60e+01,-7.16e+01,1.40e+01,2.30e+01,-1.06e+02
8.74e+04,-9.58e+01,-8.96e+01,-8.60e+01,-7.16e+01,1.30e+01,2.40e+01,-1.06e+02
8.76e+04,-9.66e+01,-8.84e+01,-8.60e+01,-7.16e+01,1.50e+01,2.50e+01,-1.06e+02
8.77e+04,-9.67e+01,-8.93e+01,-8.60e+01,-7.16e+01,1.50e+01,2.40e+01,-1.06e+02
8.79e+04,-9.56e+01,-8.87e+01,-8.60e+01,-7.16e+01,1.50e+01,2.60e+01,-1.06e+02
8.81e+04,-9.57e+01,-8.82e+01,-8.60e+01,-7.16e+01,1.50e+01,2.60e+01,-1.06e+02
8.83e+04,-9.52e+01,-8.95e+01,-8.60e+01,-7.16e+01,1.50e+01,2.50e+01,-1.06e+02
8.85e+04,-9.59e+01,-9.01e+01,-8.60e+01,-7.16e+01,1.50e+01,2.50e+01,-1.06e+02
8.87e+04,-9.59e+01,-8.84e+01,-8.60e+01,-7.16e+01,1.50e+01,2.50e+01,-1.06e+02
8.89e+04,-9.69e+01,-8.87e+01,-8.60e+01,-7.16e+01,1.50e+01,2.50e+01,-1.06e+02
8.91e+04,-9.62e+01,-8.97e+01,-8.60e+01,-7.16e+01,1.60e+01,2.50e+01,-1.06e+02
8.93e+04,-9.53e+01,-8.95e+01,-8.60e+01,-7.16e+01,1.50e+01,2.50e+01,-1.06e+02
8.95e+04,-9.59e+01,-9.01e+01,-8.60e+01,-7.16e+01,1.50e+01,2.50e+01,-1.06e+02
8.97e+04,-9.59e+01,-8.87e+01,-8.60e+01,-7.16e+01,1.50e+01,2.50e+01,-1.06e+02
8.99e+04,-9.57e+01,-8.95e+01,-8.60e+01,-7.16e+01,1.50e+01,2.50e+01,-1.06e+02
9.00e+04,-9.55e+01,-8.86e+01,-8.60e+01,-7.16e+01,1.50e+01,2.50e+01,-1.06e+02
9.02e+04,-9.54e+01,-8.83e+01,-8.60e+01,-7.16e+01,1.50e+01,2.50e+01,-1.06e+02
9.04e+04,-9.54e+01,-8.86e+01,-8.60e+01,-7.16e+01,1.50e+01,2.60e+01,-1.06e+02
9.06e+04,-9.60e+01,-8.80e+01,-8.60e+01,-7.16e+01,1.50e+01,2.50e+01,-1.06e+02
9.08e+04,-9.58e+01,-8.94e+01,-8.60e+01,-7.16e+01,1.50e+01,2.70e+01,-1.06e+02
9.10e+04,-9.56e+01,-8.80e+01,-8.60e+01,-7.16e+01,1.50e+01,2.60e+01,-1.06e+02
9.12e+04,-9.57e+01,-8.99e+01,-8.60e+01,-7.16e+01,1.50e+01,2.60e+01,-1.06e+02
9.14e+04,-9.54e+01,-8.86e+01,-8.60e+01,-7.16e+01,1.50e+01,2.60e+01,-1.06e+02
9.16e+04,-9.58e+01,-8.89e+01,-8.60e+01,-7.16e+01,1.50e+01,2.60e+01,-1.06e+02
9.18e+04,-9.57e+01,-8.82e+01,-8.60e+01,-7.16e+01,1.60e+01,2.50e+01,-1.06e+02
9.20e+04,-9.60e+01,-8.88e+01,-8.60e+01,-7.16e+01,1.60e+01,2.70e+01,-1.06e+02
9.22e+04,-9.56e+01,-8.78e+01,-8.60e+01,-7.16e+01,1.50e+01,2.50e+01,-1.06e+02
9.24e+04,-9.55e+01,-8.96e+01,-8.60e+01,-7.16e+01,1.50e+01,2.50e+01,-1.06e+02
9.25e+04,-9.60e+01,-8.89e+01,-8.60e+01,-7.16e+01,1.60e+01,2.50e+01,-1.06e+02
9.27e+04,-9.57e+01,-9.00e+01,-8.60e+01,-7.16e+01,1.60e+01,2.50e+01,-1.06e+02
9.29e+04,-9.57e+01,-8.87e+01,-8.60e+01,-7.16e+01,1.60e+01,2.60e+01,-1.06e+02
9.31e+04,-9.62e+01,-8.84e+01,-8.60e+01,-7.16e+01,1.50e+01,2.40e+01,-1.06e+02
9.33e+04,-9.55e+01,-8.87e+01,-8.60e+01,-7.16e+01,1.50e+01,2.50e+01,-1.06e+02
9.35e+04,-9.56e+01,-8.94e+01,-8.60e+01,-7.16e+01,1.50e+01,2.50e+01,-1.06e+02
9.37e+04,-9.58e+01,-8.89e+01,-8.60e+01,-7.16e+01,1.50e+01,2.50e+01,-1.06e+02
9.39e+04,-9.54e+01,-8.92e+01,-8.60e+01,-7.16e+01,1.60e+01,2.50e+01,-1.06e+02
9.41e+04,-9.55e+01,-8.87e+01,-8.60e+01,-7.16e+01,1.60e+01,2.60e+01,-1.06e+02
9.43e+04,-9.56e+01,-8.87e+01,-8.60e+01,-7.16e+01,1.50e+01,2.50e+01,-1.06e+02
9.45e+04,-9.55e+01,-8.93e+01,-8.60e+01,-7.16e+01,1.50e+01,2.50e+01,-1.06e+02
9.47e+04,-9.55e+01,-8.88e+01,-8.60e+01,-7.16e+01,1.50e+01,2.50e+01,-1.06e+02
9.48e+04,-9.53e+01,-8.64e+01,-8.60e+01,-7.16e+01,1.50e+01,2.50e+01,-1.06e+02
9.50e+04,-9.55e+01,-8.88e+01,-8.60e+01,-7.16e+01,1.50e+01,2.50e+01,-1.06e+02
9.52e+04,-9.53e+01,-8.94e+01,-8.60e+01,-7.16e+01,1.50e+01,2.50e+01,-1.06e+02
9.54e+04,-9.60e+01,-8.94e+01,-8.60e+01,-7.16e+01,1.60e+01,2.50e+01,-1.06e+02
9.56e+04,-9.57e+01,-8.80e+01,-8.60e+01,-7.16e+01,1.50e+01,2.50e+01,-1.06e+02
9.58e+04,-9.60e+01,-8.87e+01,-8.60e+01,-7.16e+01,1.50e+01,2.50e+01,-1.06e+02
9.60e+04,-9.61e+01,-8.88e+01,-8.60e+01,-7.16e+01,1.60e+01,2.50e+01,-1.06e+02
9.62e+04,-9.56e+01,-8.83e+01,-8.60e+01,-7.16e+01,1.50e+01,2.50e+01,-1.06e+02
9.64e+04,-9.56e+01,-8.86e+01,-8.60e+01,-7.16e+01,1.60e+01,2.50e+01,-1.06e+02
9.66e+04,-9.56e+01,-9.06e+01,-8.60e+01,-7.16e+01,1.50e+01,2.50e+01,-1.06e+02
9.68e+04,-9.56e+01,-8.86e+01,-8.60e+01,-7.16e+01,1.60e+01,2.50e+01,-1.06e+02
9.70e+04,-9.58e+01,-8.91e+01,-8.60e+01,-7.16e+01,1.60e+01,2.50e+01,-1.06e+02
9.72e+04,-9.55e+01,-8.87e+01,-8.60e+01,-7.16e+01,1.60e+01,2.50e+01,-1.06e+02
9.73e+04,-9.61e+01,-8.79e+01,-8.60e+01,-7.16e+01,1.50e+01,2.50e+01,-1.06e+02
9.75e+04,-9.57e+01,-8.89e+01,-8.60e+01,-7.16e+01,1.50e+01,2.50e+01,-1.06e+02
9.77e+04,-9.58e+01,-8.83e+01,-8.60e+01,-7.16e+01,1.50e+01,2.50e+01,-1.06e+02
9.79e+04,-9.56e+01,-8.91e+01,-8.60e+01,-7.16e+01,1.50e+01,2.50e+01,-1.06e+02
9.81e+04,-9.53e+01,-8.96e+01,-8.60e+01,-7.16e+01,1.50e+01,2.50e+01,-1.06e+02
9.83e+04,-9.58e+01,-8.81e+01,-8.60e+01,-7.16e+01,1.60e+01,2.60e+01,-1.06e+02
9.85e+04,-9.53e+01,-8.89e+01,-8.60e+01,-7.16e+01,1.50e+01,2.50e+01,-1.06e+02
9.87e+04,-9.57e+01,-8.96e+01,-8.60e+01,-7.16e+01,1.50e+01,2.60e+01,-1.06e+02
9.89e+04,-9.55e+01,-8.77e+01,-8.60e+01,-7.16e+01,1.50e+01,2.55e+01,-1.06e+02
9.91e+04,-9.55e+01,-8.94e+01,-8.60e+01,-7.16e+01,1.50e+01,2.50e+01,-1.06e+02
9.93e+04,-9.58e+01,-8.98e+01,-8.60e+01,-7.16e+01,1.50e+01,2.50e+01,-1.06e+02
9.95e+04,-9.59e+01,-8.89e+01,-8.60e+01,-7.16e+01,1.50e+01,2.50e+01,-1.06e+02
9.96e+04,-9.56e+01,-8.85e+01,-8.60e+01,-7.16e+01,1.50e+01,2.60e+01,-1.06e+02
9.98e+04,-9.55e+01,-8.96e+01,-8.60e+01,-7.16e+01,1.50e+01,2.50e+01,-1.06e+02
1.00e+05,-9.54e+01,-8.84e+01,-8.60e+01,-7.16e+01,1.50e+01,2.50e+01,-1.06e+02
1.00e+05,-9.59e+01,-8.80e+01,-8.60e+01,-7.16e+01,1.50e+01,2.50e+01,-1.06e+02
1.00e+05,-9.69e+01,-8.97e+01,-8.60e+01,-7.16e+01,1.50e+01,2.50e+01,-1.06e+02
1.01e+05,-9.59e+01,-8.94e+01,-8.60e+01,-7.16e+01,1.50e+01,2.50e+01,-1.06e+02
1.01e+05,-9.59e+01,-8.97e+01,-8.60e+01,-7.16e+01,1.50e+01,2.50e+01,-1.06e+02
1.01e+05,-9.57e+01,-9.02e+01,-8.60e+01,-7.16e+01,1.50e+01,2.50e+01,-1.06e+02
1.01e+05,-9.65e+01,-8.76e+01,-8.60e+01,-7.16e+01,1.50e+01,2.50e+01,-1.06e+02
1.01e+05,-9.54e+01,-8.98e+01,-8.60e+01,-7.16e+01,1.50e+01,2.50e+01,-1.06e+02
1.02e+05,-9.56e+01,-8.93e+01,-8.60e+01,-7.16e+01,1.50e+01,2.50e+01,-1.06e+02
1.02e+05,-9.63e+01,-8.99e+01,-8.60e+01,-7.16e+01,1.50e+01,2.50e+01,-1.06e+02
1.02e+05,-9.60e+01,-9.04e+01,-8.60e+01,-7.16e+01,1.50e+01,2.50e+01,-1.06e+02
1.02e+05,-9.60e+01,-8.84e+01,-8.60e+01,-7.16e+01,1.50e+01,2.50e+01,-1.06e+02
1.02e+05,-9.58e+01,-9.01e+01,-8.60e+01,-7.16e+01,1.50e+01,2.60e+01,-1.06e+02
1.03e+05,-9.55e+01,-8.96e+01,-8.60e+01,-7.16e+01,1.50e+01,2.65e+01,-1.06e+02
1.03e+05,-9.62e+01,-8.98e+01,-8.60e+01,-7.16e+01,1.50e+01,2.60e+01,-1.06e+02
1.03e+05,-9.58e+01,-8.88e+01,-8.60e+01,-7.16e+01,1.50e+01,2.60e+01,-1.06e+02
1.03e+05,-9.53e+01,-8.89e+01,-8.60e+01,-7.16e+01,1.50e+01,2.70e+01,-1.06e+02
1.03e+05,-9.52e+01,-8.95e+01,-8.60e+01,-7.16e+01,1.50e+01,2.70e+01,-1.06e+02
1.03e+05,-9.56e+01,-8.82e+01,-8.60e+01,-7.16e+01,1.50e+01,2.55e+01,-1.06e+02
1.04e+05,-9.59e+01,-8.90e+01,-8.60e+01,-7.16e+01,1.50e+01,2.50e+01,-1.06e+02
1.04e+05,-9.58e+01,-8.85e+01,-8.60e+01,-7.16e+01,1.60e+01,2.60e+01,-1.06e+02
1.04e+05,-9.57e+01,-8.87e+01,-8.60e+01,-7.16e+01,1.50e+01,2.50e+01,-1.06e+02
1.04e+05,-9.61e+01,-8.91e+01,-8.60e+01,-7.16e+01,1.60e+01,2.70e+01,-1.06e+02
1.04e+05,-9.55e+01,-8.98e+01,-8.60e+01,-7.16e+01,1.50e+01,2.50e+01,-1.06e+02
1.05e+05,-9.58e+01,-8.95e+01,-8.60e+01,-7.16e+01,1.50e+01,2.60e+01,-1.06e+02
1.05e+05,-9.56e+01,-9.07e+01,-8.60e+01,-7.16e+01,1.60e+01,2.60e+01,-1.06e+02
1.05e+05,-9.59e+01,-9.00e+01,-8.60e+01,-7.16e+01,1.50e+01,2.60e+01,-1.06e+02
1.05e+05,-9.58e+01,-8.93e+01,-8.60e+01,-7.16e+01,1.50e+01,2.70e+01,-1.06e+02
1.05e+05,-9.59e+01,-8.85e+01,-8.60e+01,-7.16e+01,1.50e+01,2.50e+01,-1.06e+02
1.06e+05,-9.58e+01,-8.95e+01,-8.60e+01,-7.16e+01,1.50e+01,2.50e+01,-1.06e+02
1.06e+05,-9.61e+01,-8.94e+01,-8.60e+01,-7.16e+01,1.50e+01,2.50e+01,-1.06e+02
1.06e+05,-9.57e+01,-8.94e+01,-8.60e+01,-7.16e+01,1.50e+01,2.50e+01,-1.06e+02
1.06e+05,-9.58e+01,-8.87e+01,-8.60e+01,-7.16e+01,1.60e+01,2.50e+01,-1.06e+02
1.06e+05,-9.58e+01,-8.92e+01,-8.60e+01,-7.16e+01,1.60e+01,2.50e+01,-1.06e+02
1.07e+05,-9.55e+01,-8.83e+01,-8.60e+01,-7.16e+01,1.60e+01,2.50e+01,-1.06e+02
1.07e+05,-9.55e+01,-8.90e+01,-8.60e+01,-7.16e+01,1.60e+01,2.60e+01,-1.06e+02
1.07e+05,-9.53e+01,-8.87e+01,-8.60e+01,-7.16e+01,1.60e+01,2.50e+01,-1.06e+02
1.07e+05,-9.56e+01,-8.88e+01,-8.60e+01,-7.16e+01,1.50e+01,2.50e+01,-1.06e+02
1.07e+05,-9.58e+01,-9.02e+01,-8.60e+01,-7.16e+01,1.50e+01,2.60e+01,-1.06e+02
1.08e+05,-9.56e+01,-8.86e+01,-8.60e+01,-7.16e+01,1.60e+01,2.75e+01,-1.06e+02
1.08e+05,-9.68e+01,-8.90e+01,-8.60e+01,-7.16e+01,1.50e+01,2.70e+01,-1.06e+02
1.08e+05,-9.54e+01,-8.81e+01,-8.60e+01,-7.16e+01,1.60e+01,2.60e+01,-1.06e+02
1.08e+05,-9.55e+01,-8.84e+01,-8.60e+01,-7.16e+01,1.60e+01,3.00e+01,-1.06e+02
1.08e+05,-9.58e+01,-9.02e+01,-8.60e+01,-7.16e+01,1.60e+01,2.70e+01,-1.06e+02
1.08e+05,-9.58e+01,-8.80e+01,-8.60e+01,-7.16e+01,1.60e+01,2.60e+01,-1.06e+02
1.09e+05,-9.63e+01,-8.98e+01,-8.60e+01,-7.16e+01,1.60e+01,2.60e+01,-1.06e+02
1.09e+05,-9.65e+01,-8.96e+01,-8.60e+01,-7.16e+01,1.50e+01,2.50e+01,-1.06e+02
1.09e+05,-9.60e+01,-8.78e+01,-8.60e+01,-7.16e+01,1.50e+01,2.50e+01,-1.06e+02
1.09e+05,-9.60e+01,-8.90e+01,-8.60e+01,-7.16e+01,1.60e+01,2.60e+01,-1.06e+02
1.09e+05,-9.57e+01,-8.72e+01,-8.60e+01,-7.16e+01,1.60e+01,2.60e+01,-1.06e+02
1.10e+05,-9.63e+01,-8.88e+01,-8.60e+01,-7.16e+01,1.55e+01,2.50e+01,-1.06e+02
1.10e+05,-9.63e+01,-8.90e+01,-8.60e+01,-7.16e+01,1.60e+01,2.60e+01,-1.06e+02
1.10e+05,-9.60e+01,-8.97e+01,-8.60e+01,-7.16e+01,1.50e+01,2.60e+01,-1.06e+02
1.10e+05,-9.56e+01,-8.97e+01,-8.60e+01,-7.16e+01,1.50e+01,2.60e+01,-1.06e+02
1.10e+05,-9.53e+01,-8.90e+01,-8.60e+01,-7.16e+01,1.50e+01,2.70e+01,-1.06e+02
1.11e+05,-9.56e+01,-8.86e+01,-8.60e+01,-7.16e+01,1.60e+01,2.60e+01,-1.06e+02
1.11e+05,-9.69e+01,-8.87e+01,-8.60e+01,-7.16e+01,1.60e+01,3.40e+01,-1.06e+02
1.11e+05,-9.57e+01,-8.94e+01,-8.60e+01,-7.16e+01,1.60e+01,2.60e+01,-1.06e+02
1.11e+05,-9.58e+01,-8.72e+01,-8.60e+01,-7.16e+01,1.55e+01,2.50e+01,-1.06e+02
1.11e+05,-9.56e+01,-9.04e+01,-8.60e+01,-7.16e+01,1.50e+01,2.50e+01,-1.06e+02
1.12e+05,-9.62e+01,-8.86e+01,-8.60e+01,-7.16e+01,1.50e+01,2.50e+01,-1.06e+02
1.12e+05,-9.59e+01,-8.86e+01,-8.60e+01,-7.16e+01,1.50e+01,2.60e+01,-1.06e+02
1.12e+05,-9.56e+01,-8.94e+01,-8.60e+01,-7.16e+01,1.60e+01,2.60e+01,-1.06e+02
1.12e+05,-9.60e+01,-8.87e+01,-8.60e+01,-7.16e+01,1.60e+01,2.60e+01,-1.06e+02
1.12e+05,-9.60e+01,-8.94e+01,-8.60e+01,-7.16e+01,1.50e+01,2.50e+01,-1.06e+02
1.13e+05,-9.64e+01,-8.88e+01,-8.60e+01,-7.16e+01,1.50e+01,2.50e+01,-1.06e+02
1.13e+05,-9.59e+01,-9.02e+01,-8.60e+01,-7.16e+01,1.50e+01,2.50e+01,-1.06e+02
1.13e+05,-9.61e+01,-8.90e+01,-8.60e+01,-7.16e+01,1.50e+01,2.50e+01,-1.06e+02
1.13e+05,-9.61e+01,-9.02e+01,-8.60e+01,-7.16e+01,1.50e+01,2.50e+01,-1.06e+02
1.13e+05,-9.58e+01,-9.00e+01,-8.60e+01,-7.16e+01,1.50e+01,2.50e+01,-1.06e+02
1.13e+05,-9.58e+01,-8.99e+01,-8.60e+01,-7.16e+01,1.50e+01,2.60e+01,-1.06e+02
1.14e+05,-9.51e+01,-8.89e+01,-8.60e+01,-7.16e+01,1.50e+01,2.50e+01,-1.06e+02
1.14e+05,-9.60e+01,-8.86e+01,-8.60e+01,-7.16e+01,1.50e+01,2.50e+01,-1.06e+02
1.14e+05,-9.61e+01,-8.94e+01,-8.60e+01,-7.16e+01,1.50e+01,2.60e+01,-1.06e+02
1.14e+05,-9.55e+01,-8.84e+01,-8.60e+01,-7.16e+01,1.50e+01,2.50e+01,-1.06e+02
1.14e+05,-9.71e+01,-8.94e+01,-8.60e+01,-7.16e+01,1.50e+01,2.50e+01,-1.06e+02
1.15e+05,-9.59e+01,-8.97e+01,-8.60e+01,-7.16e+01,1.50e+01,2.50e+01,-1.06e+02
1.15e+05,-9.62e+01,-8.88e+01,-8.60e+01,-7.16e+01,1.50e+01,2.50e+01,-1.06e+02
1.15e+05,-9.59e+01,-8.91e+01,-8.60e+01,-7.16e+01,1.60e+01,2.60e+01,-1.06e+02
1.15e+05,-9.56e+01,-8.91e+01,-8.60e+01,-7.16e+01,1.60e+01,2.70e+01,-1.06e+02
1.15e+05,-9.75e+01,-8.90e+01,-8.60e+01,-7.16e+01,1.60e+01,2.90e+01,-1.06e+02
1.16e+05,-9.62e+01,-8.83e+01,-8.60e+01,-7.16e+01,1.60e+01,2.85e+01,-1.06e+02
1.16e+05,-9.57e+01,-8.87e+01,-8.60e+01,-7.16e+01,1.70e+01,2.90e+01,-1.06e+02
1.16e+05,-9.74e+01,-8.97e+01,-8.60e+01,-7.16e+01,1.60e+01,2.80e+01,-1.06e+02
1.16e+05,-1.06e+02,-8.90e+01,-8.60e+01,-7.16e+01,1.60e+01,2.70e+01,-1.06e+02
1.16e+05,-9.82e+01,-9.04e+01,-8.60e+01,-7.16e+01,1.60e+01,2.80e+01,-1.06e+02
1.17e+05,-9.67e+01,-8.93e+01,-8.60e+01,-7.16e+01,1.60e+01,2.80e+01,-1.06e+02
1.17e+05,-9.72e+01,-9.05e+01,-8.60e+01,-7.16e+01,1.60e+01,2.80e+01,-1.06e+02
1.17e+05,-9.68e+01,-9.09e+01,-8.60e+01,-7.16e+01,1.60e+01,2.80e+01,-1.06e+02
1.17e+05,-9.70e+01,-8.94e+01,-8.60e+01,-7.16e+01,1.60e+01,2.70e+01,-1.06e+02
1.17e+05,-9.66e+01,-8.96e+01,-8.60e+01,-7.16e+01,1.60e+01,2.80e+01,-1.06e+02
1.18e+05,-9.71e+01,-8.98e+01,-8.60e+01,-7.16e+01,1.60e+01,2.80e+01,-1.06e+02
1.18e+05,-9.61e+01,-9.05e+01,-8.60e+01,-7.16e+01,1.70e+01,2.95e+01,-1.06e+02
1.18e+05,-9.53e+01,-8.91e+01,-8.60e+01,-7.16e+01,1.60e+01,2.90e+01,-1.06e+02
1.18e+05,-9.54e+01,-8.95e+01,-8.60e+01,-7.16e+01,1.60e+01,2.90e+01,-1.06e+02
1.18e+05,-9.53e+01,-8.92e+01,-8.60e+01,-7.16e+01,1.70e+01,3.00e+01,-1.06e+02
1.18e+05,-9.58e+01,-9.04e+01,-8.60e+01,-7.16e+01,1.60e+01,3.00e+01,-1.06e+02
1.19e+05,-9.53e+01,-8.90e+01,-8.60e+01,-7.16e+01,1.50e+01,2.80e+01,-1.06e+02
1.19e+05,-9.60e+01,-8.81e+01,-8.60e+01,-7.16e+01,1.50e+01,2.80e+01,-1.06e+02
1.19e+05,-9.57e+01,-8.87e+01,-8.60e+01,-7.16e+01,1.60e+01,2.80e+01,-1.06e+02
1.19e+05,-9.54e+01,-9.05e+01,-8.60e+01,-7.16e+01,1.60e+01,3.00e+01,-1.06e+02
1.19e+05,-9.66e+01,-9.02e+01,-8.60e+01,-7.16e+01,1.60e+01,2.80e+01,-1.06e+02
1.20e+05,-9.64e+01,-9.05e+01,-8.60e+01,-7.16e+01,1.60e+01,3.00e+01,-1.06e+02
1.20e+05,-9.58e+01,-8.75e+01,-8.60e+01,-7.16e+01,1.60e+01,2.80e+01,-1.06e+02
1.20e+05,-9.58e+01,-8.89e+01,-8.60e+01,-7.16e+01,1.60e+01,2.90e+01,-1.06e+02
1.20e+05,-9.62e+01,-8.91e+01,-8.60e+01,-7.16e+01,1.60e+01,2.90e+01,-1.06e+02
1.20e+05,-9.56e+01,-8.98e+01,-8.60e+01,-7.16e+01,1.60e+01,2.80e+01,-1.06e+02
1.21e+05,-9.54e+01,-8.95e+01,-8.60e+01,-7.16e+01,1.60e+01,2.90e+01,-1.06e+02
1.21e+05,-9.62e+01,-8.94e+01,-8.60e+01,-7.16e+01,1.50e+01,2.80e+01,-1.06e+02
1.21e+05,-9.56e+01,-8.95e+01,-8.60e+01,-7.16e+01,1.60e+01,2.80e+01,-1.06e+02
1.21e+05,-9.58e+01,-8.83e+01,-8.60e+01,-7.16e+01,1.50e+01,2.80e+01,-1.06e+02
1.21e+05,-9.57e+01,-9.05e+01,-8.60e+01,-7.16e+01,1.50e+01,2.80e+01,-1.06e+02
1.22e+05,-9.58e+01,-8.83e+01,-8.60e+01,-7.16e+01,1.50e+01,2.80e+01,-1.06e+02
1.22e+05,-9.54e+01,-8.87e+01,-8.60e+01,-7.16e+01,1.60e+01,2.90e+01,-1.06e+02
1.22e+05,-9.60e+01,-8.89e+01,-8.60e+01,-7.16e+01,1.60e+01,2.90e+01,-1.06e+02
1.22e+05,-9.60e+01,-8.90e+01,-8.60e+01,-7.16e+01,1.60e+01,2.90e+01,-1.06e+02
1.22e+05,-9.54e+01,-8.94e+01,-8.60e+01,-7.16e+01,1.70e+01,3.00e+01,-1.06e+02
1.22e+05,-9.57e+01,-8.96e+01,-8.60e+01,-7.16e+01,1.60e+01,2.90e+01,-1.06e+02
1.23e+05,-9.58e+01,-8.96e+01,-8.60e+01,-7.16e+01,1.50e+01,2.80e+01,-1.06e+02
1.23e+05,-9.61e+01,-8.99e+01,-8.60e+01,-7.16e+01,1.50e+01,2.80e+01,-1.06e+02
1.23e+05,-9.63e+01,-8.83e+01,-8.60e+01,-7.16e+01,1.50e+01,2.80e+01,-1.06e+02
1.23e+05,-9.53e+01,-8.95e+01,-8.60e+01,-7.16e+01,1.50e+01,2.80e+01,-1.06e+02
1.23e+05,-9.64e+01,-8.88e+01,-8.60e+01,-7.16e+01,1.50e+01,2.80e+01,-1.06e+02
1.24e+05,-9.60e+01,-8.98e+01,-8.60e+01,-7.16e+01,1.60e+01,2.80e+01,-1.06e+02
1.24e+05,-9.63e+01,-8.99e+01,-8.60e+01,-7.16e+01,1.50e+01,2.80e+01,-1.06e+02
1.24e+05,-9.63e+01,-8.78e+01,-8.60e+01,-7.16e+01,1.50e+01,2.70e+01,-1.06e+02
1.24e+05,-9.70e+01,-9.00e+01,-8.60e+01,-7.16e+01,1.50e+01,2.70e+01,-1.06e+02
1.24e+05,-9.58e+01,-8.96e+01,-8.60e+01,-7.16e+01,1.50e+01,2.80e+01,-1.06e+02
1.25e+05,-9.57e+01,-8.86e+01,-8.60e+01,-7.16e+01,1.50e+01,2.80e+01,-1.06e+02
1.25e+05,-9.66e+01,-8.92e+01,-8.60e+01,-7.16e+01,1.50e+01,2.80e+01,-1.06e+02
1.25e+05,-9.58e+01,-8.92e+01,-8.60e+01,-7.16e+01,1.50e+01,2.80e+01,-1.06e+02
1.25e+05,-9.57e+01,-8.80e+01,-8.60e+01,-7.16e+01,1.50e+01,2.80e+01,-1.06e+02
1.25e+05,-9.61e+01,-8.99e+01,-8.60e+01,-7.16e+01,1.50e+01,2.80e+01,-1.06e+02
1.26e+05,-9.67e+01,-8.88e+01,-8.60e+01,-7.16e+01,1.50e+01,2.80e+01,-1.06e+02
1.26e+05,-9.70e+01,-8.70e+01,-8.60e+01,-7.16e+01,1.50e+01,2.80e+01,-1.06e+02
1.26e+05,-9.62e+01,-8.91e+01,-8.60e+01,-7.16e+01,1.50e+01,2.80e+01,-1.06e+02
1.26e+05,-9.64e+01,-8.96e+01,-8.60e+01,-7.16e+01,1.50e+01,2.80e+01,-1.06e+02
1.26e+05,-9.61e+01,-8.95e+01,-8.60e+01,-7.16e+01,1.50e+01,2.90e+01,-1.06e+02
1.27e+05,-9.58e+01,-8.84e+01,-8.60e+01,-7.16e+01,1.50e+01,2.80e+01,-1.06e+02
1.27e+05,-9.63e+01,-9.06e+01,-8.60e+01,-7.16e+01,1.50e+01,2.80e+01,-1.06e+02
1.27e+05,-9.65e+01,-8.99e+01,-8.60e+01,-7.16e+01,1.50e+01,2.80e+01,-1.06e+02
1.27e+05,-9.61e+01,-8.85e+01,-8.60e+01,-7.16e+01,1.50e+01,2.80e+01,-1.06e+02
1.27e+05,-9.57e+01,-8.79e+01,-8.60e+01,-7.16e+01,1.60e+01,2.90e+01,-1.06e+02
1.27e+05,-9.58e+01,-8.85e+01,-8.60e+01,-7.16e+01,1.50e+01,2.90e+01,-1.06e+02
1.28e+05,-9.58e+01,-9.01e+01,-8.60e+01,-7.16e+01,1.50e+01,2.90e+01,-1.06e+02
1.28e+05,-9.63e+01,-8.95e+01,-8.60e+01,-7.16e+01,1.50e+01,2.80e+01,-1.06e+02
1.28e+05,-9.62e+01,-8.95e+01,-8.60e+01,-7.16e+01,1.50e+01,2.80e+01,-1.06e+02
1.28e+05,-9.58e+01,-8.90e+01,-8.60e+01,-7.16e+01,1.60e+01,2.90e+01,-1.06e+02
1.28e+05,-9.60e+01,-8.92e+01,-8.60e+01,-7.16e+01,1.50e+01,2.80e+01,-1.06e+02
1.29e+05,-9.62e+01,-8.99e+01,-8.60e+01,-7.16e+01,1.50e+01,2.80e+01,-1.06e+02
1.29e+05,-9.56e+01,-8.80e+01,-8.60e+01,-7.16e+01,1.50e+01,2.80e+01,-1.06e+02
1.29e+05,-9.63e+01,-9.02e+01,-8.60e+01,-7.16e+01,1.50e+01,2.80e+01,-1.06e+02
1.29e+05,-9.56e+01,-8.93e+01,-8.60e+01,-7.16e+01,1.60e+01,2.80e+01,-1.06e+02
1.29e+05,-9.59e+01,-8.96e+01,-8.60e+01,-7.16e+01,1.50e+01,2.80e+01,-1.06e+02
1.30e+05,-9.60e+01,-8.98e+01,-8.60e+01,-7.16e+01,1.50e+01,2.80e+01,-1.06e+02
1.30e+05,-9.59e+01,-8.70e+01,-8.60e+01,-7.16e+01,1.50e+01,2.90e+01,-1.06e+02
1.30e+05,-9.59e+01,-8.95e+01,-8.60e+01,-7.16e+01,1.50e+01,2.90e+01,-1.06e+02
1.30e+05,-9.60e+01,-8.96e+01,-8.60e+01,-7.16e+01,1.50e+01,2.80e+01,-1.06e+02
1.30e+05,-9.61e+01,-9.07e+01,-8.60e+01,-7.16e+01,1.50e+01,2.90e+01,-1.06e+02
1.31e+05,-9.61e+01,-8.94e+01,-8.60e+01,-7.16e+01,1.50e+01,2.80e+01,-1.06e+02
1.31e+05,-9.56e+01,-8.94e+01,-8.60e+01,-7.16e+01,1.50e+01,2.80e+01,-1.06e+02
1.31e+05,-9.56e+01,-8.85e+01,-8.60e+01,-7.16e+01,1.50e+01,2.80e+01,-1.06e+02
1.31e+05,-9.54e+01,-8.97e+01,-8.60e+01,-7.16e+01,1.50e+01,2.80e+01,-1.06e+02
1.31e+05,-9.55e+01,-8.88e+01,-8.60e+01,-7.16e+01,1.50e+01,2.70e+01,-1.06e+02
1.32e+05,-9.58e+01,-9.03e+01,-8.60e+01,-7.16e+01,1.50e+01,2.80e+01,-1.06e+02
1.32e+05,-9.61e+01,-8.95e+01,-8.60e+01,-7.16e+01,1.50e+01,2.80e+01,-1.06e+02
1.32e+05,-9.68e+01,-8.89e+01,-8.60e+01,-7.16e+01,1.50e+01,2.80e+01,-1.06e+02
1.32e+05,-9.62e+01,-8.84e+01,-8.60e+01,-7.16e+01,1.50e+01,2.90e+01,-1.06e+02
1.32e+05,-9.57e+01,-9.02e+01,-8.60e+01,-7.16e+01,1.50e+01,2.80e+01,-1.06e+02
1.32e+05,-9.55e+01,-8.85e+01,-8.60e+01,-7.16e+01,1.50e+01,2.80e+01,-1.06e+02
1.33e+05,-9.61e+01,-8.90e+01,-8.60e+01,-7.16e+01,1.50e+01,2.80e+01,-1.06e+02
1.33e+05,-9.60e+01,-8.92e+01,-8.60e+01,-7.16e+01,1.50e+01,2.70e+01,-1.06e+02
1.33e+05,-9.55e+01,-8.91e+01,-8.60e+01,-7.16e+01,1.50e+01,2.70e+01,-1.06e+02
1.33e+05,-9.51e+01,-8.92e+01,-8.60e+01,-7.16e+01,1.60e+01,2.90e+01,-1.06e+02
1.33e+05,-9.58e+01,-8.73e+01,-8.60e+01,-7.16e+01,1.50e+01,2.90e+01,-1.06e+02
1.34e+05,-9.57e+01,-8.99e+01,-8.60e+01,-7.16e+01,1.60e+01,2.90e+01,-1.06e+02
1.34e+05,-9.56e+01,-8.84e+01,-8.60e+01,-7.16e+01,1.80e+01,3.10e+01,-1.06e+02
1.34e+05,-9.56e+01,-8.89e+01,-8.60e+01,-7.16e+01,1.70e+01,3.00e+01,-1.06e+02
1.34e+05,-9.56e+01,-8.77e+01,-8.60e+01,-7.16e+01,1.70e+01,3.10e+01,-1.06e+02
1.34e+05,-9.57e+01,-9.00e+01,-8.60e+01,-7.16e+01,1.60e+01,2.90e+01,-1.06e+02
1.35e+05,-9.58e+01,-8.89e+01,-8.60e+01,-7.16e+01,1.60e+01,2.90e+01,-1.06e+02
1.35e+05,-9.57e+01,-8.92e+01,-8.60e+01,-7.16e+01,1.50e+01,2.80e+01,-1.06e+02
1.35e+05,-9.55e+01,-8.97e+01,-8.60e+01,-7.16e+01,1.60e+01,2.90e+01,-1.06e+02
1.35e+05,-9.55e+01,-8.87e+01,-8.60e+01,-7.16e+01,1.60e+01,3.00e+01,-1.06e+02
1.35e+05,-9.63e+01,-8.98e+01,-8.60e+01,-7.16e+01,1.50e+01,2.80e+01,-1.06e+02
1.36e+05,-9.57e+01,-8.86e+01,-8.60e+01,-7.16e+01,1.50e+01,2.80e+01,-1.06e+02
1.36e+05,-9.58e+01,-8.96e+01,-8.60e+01,-7.16e+01,1.50e+01,2.80e+01,-1.06e+02
1.36e+05,-9.56e+01,-8.63e+01,-8.60e+01,-7.16e+01,1.50e+01,2.80e+01,-1.06e+02
1.36e+05,-9.60e+01,-8.94e+01,-8.60e+01,-7.16e+01,1.50e+01,2.80e+01,-1.06e+02
1.36e+05,-9.56e+01,-8.98e+01,-8.60e+01,-7.16e+01,1.50e+01,2.80e+01,-1.06e+02
1.37e+05,-9.58e+01,-8.99e+01,-8.60e+01,-7.16e+01,1.50e+01,2.80e+01,-1.06e+02
1.37e+05,-9.53e+01,-8.76e+01,-8.60e+01,-7.16e+01,1.50e+01,2.90e+01,-1.06e+02
1.37e+05,-9.61e+01,-8.90e+01,-8.60e+01,-7.16e+01,1.50e+01,2.90e+01,-1.06e+02
1.37e+05,-9.64e+01,-8.71e+01,-8.60e+01,-7.16e+01,1.50e+01,2.90e+01,-1.06e+02
1.37e+05,-9.60e+01,-8.90e+01,-8.60e+01,-7.16e+01,1.50e+01,2.80e+01,-1.06e+02
1.37e+05,-9.60e+01,-8.87e+01,-8.60e+01,-7.16e+01,1.50e+01,2.80e+01,-1.06e+02
1.38e+05,-9.59e+01,-8.72e+01,-8.60e+01,-7.16e+01,1.50e+01,2.80e+01,-1.06e+02
1.38e+05,-9.60e+01,-8.96e+01,-8.60e+01,-7.16e+01,1.50e+01,2.70e+01,-1.06e+02
1.38e+05,-9.55e+01,-8.87e+01,-8.60e+01,-7.16e+01,1.50e+01,2.80e+01,-1.06e+02
1.38e+05,-9.58e+01,-8.76e+01,-8.60e+01,-7.16e+01,1.50e+01,2.80e+01,-1.06e+02
1.38e+05,-9.59e+01,-8.71e+01,-8.60e+01,-7.16e+01,1.50e+01,2.80e+01,-1.06e+02
1.39e+05,-9.60e+01,-8.74e+01,-8.60e+01,-7.16e+01,1.50e+01,3.00e+01,-1.06e+02
1.39e+05,-9.61e+01,-8.85e+01,-8.60e+01,-7.16e+01,1.50e+01,2.90e+01,-1.06e+02
1.39e+05,-9.55e+01,-8.83e+01,-8.60e+01,-7.16e+01,1.50e+01,2.80e+01,-1.06e+02
1.39e+05,-9.59e+01,-8.86e+01,-8.60e+01,-7.16e+01,1.50e+01,2.80e+01,-1.06e+02
1.39e+05,-9.56e+01,-8.91e+01,-8.60e+01,-7.16e+01,1.50e+01,2.80e+01,-1.06e+02
1.40e+05,-9.62e+01,-8.88e+01,-8.60e+01,-7.16e+01,1.60e+01,2.80e+01,-1.06e+02
1.40e+05,-9.58e+01,-8.88e+01,-8.60e+01,-7.16e+01,1.60e+01,2.80e+01,-1.06e+02
1.40e+05,-9.57e+01,-8.96e+01,-8.60e+01,-7.16e+01,1.50e+01,2.80e+01,-1.06e+02
1.40e+05,-9.59e+01,-8.90e+01,-8.60e+01,-7.16e+01,1.50e+01,2.80e+01,-1.06e+02
1.40e+05,-9.65e+01,-8.87e+01,-8.60e+01,-7.16e+01,1.50e+01,2.90e+01,-1.06e+02
1.41e+05,-9.56e+01,-8.80e+01,-8.60e+01,-7.16e+01,1.50e+01,3.00e+01,-1.06e+02
1.41e+05,-9.67e+01,-8.91e+01,-8.60e+01,-7.16e+01,1.50e+01,3.00e+01,-1.06e+02
1.41e+05,-9.55e+01,-8.94e+01,-8.60e+01,-7.16e+01,1.50e+01,2.80e+01,-1.06e+02
1.41e+05,-9.59e+01,-8.97e+01,-8.60e+01,-7.16e+01,1.60e+01,2.80e+01,-1.06e+02
1.41e+05,-9.55e+01,-9.00e+01,-8.60e+01,-7.16e+01,1.50e+01,2.80e+01,-1.06e+02
1.42e+05,-9.53e+01,-8.91e+01,-8.60e+01,-7.16e+01,1.50e+01,2.70e+01,-1.06e+02
1.42e+05,-9.57e+01,-8.89e+01,-8.60e+01,-7.16e+01,1.50e+01,2.70e+01,-1.06e+02
1.42e+05,-9.58e+01,-8.88e+01,-8.60e+01,-7.16e+01,1.50e+01,2.80e+01,-1.06e+02
1.42e+05,-9.56e+01,-8.91e+01,-8.60e+01,-7.16e+01,1.50e+01,2.80e+01,-1.06e+02
1.42e+05,-9.56e+01,-8.86e+01,-8.60e+01,-7.16e+01,1.50e+01,2.70e+01,-1.06e+02
1.42e+05,-9.66e+01,-8.97e+01,-8.60e+01,-7.16e+01,1.50e+01,2.80e+01,-1.06e+02
1.43e+05,-9.58e+01,-8.82e+01,-8.60e+01,-7.16e+01,1.50e+01,2.80e+01,-1.06e+02
1.43e+05,-9.58e+01,-8.91e+01,-8.60e+01,-7.16e+01,1.50e+01,2.80e+01,-1.06e+02
1.43e+05,-9.59e+01,-8.88e+01,-8.60e+01,-7.16e+01,1.50e+01,2.80e+01,-1.06e+02
1.43e+05,-9.63e+01,-8.88e+01,-8.60e+01,-7.16e+01,1.50e+01,2.80e+01,-1.06e+02
1.43e+05,-9.57e+01,-8.88e+01,-8.60e+01,-7.16e+01,1.50e+01,2.80e+01,-1.06e+02
1.44e+05,-9.63e+01,-8.91e+01,-8.60e+01,-7.16e+01,1.50e+01,2.80e+01,-1.06e+02
1.44e+05,-9.56e+01,-9.00e+01,-8.60e+01,-7.16e+01,1.50e+01,2.70e+01,-1.06e+02
1.44e+05,-9.53e+01,-8.93e+01,-8.60e+01,-7.16e+01,1.50e+01,2.80e+01,-1.06e+02
1.44e+05,-9.55e+01,-8.99e+01,-8.60e+01,-7.16e+01,1.60e+01,2.80e+01,-1.06e+02
1.44e+05,-9.56e+01,-8.97e+01,-8.60e+01,-7.16e+01,1.50e+01,2.80e+01,-1.06e+02
1.45e+05,-9.56e+01,-8.88e+01,-8.60e+01,-7.16e+01,1.50e+01,2.80e+01,-1.06e+02
1.45e+05,-9.58e+01,-8.85e+01,-8.60e+01,-7.16e+01,1.60e+01,2.80e+01,-1.06e+02
1.45e+05,-9.58e+01,-9.00e+01,-8.60e+01,-7.16e+01,1.50e+01,2.80e+01,-1.06e+02
1.45e+05,-9.54e+01,-8.90e+01,-8.60e+01,-7.16e+01,1.60e+01,2.80e+01,-1.06e+02
1.45e+05,-9.55e+01,-8.82e+01,-8.60e+01,-7.16e+01,1.50e+01,2.80e+01,-1.06e+02
1.46e+05,-9.58e+01,-8.83e+01,-8.60e+01,-7.16e+01,1.50e+01,2.80e+01,-1.06e+02
1.46e+05,-9.58e+01,-8.92e+01,-8.60e+01,-7.16e+01,1.50e+01,2.80e+01,-1.06e+02
1.46e+05,-9.59e+01,-8.98e+01,-8.60e+01,-7.16e+01,1.50e+01,2.80e+01,-1.06e+02
1.46e+05,-9.57e+01,-8.98e+01,-8.60e+01,-7.16e+01,1.50e+01,2.80e+01,-1.06e+02
1.46e+05,-9.54e+01,-9.00e+01,-8.60e+01,-7.16e+01,1.50e+01,2.90e+01,-1.06e+02
1.46e+05,-9.59e+01,-8.80e+01,-8.60e+01,-7.16e+01,1.50e+01,2.80e+01,-1.06e+02
1.47e+05,-9.53e+01,-9.03e+01,-8.60e+01,-7.16e+01,1.50e+01,2.80e+01,-1.06e+02
1.47e+05,-9.55e+01,-8.79e+01,-8.60e+01,-7.16e+01,1.50e+01,2.80e+01,-1.06e+02
1.47e+05,-9.54e+01,-8.95e+01,-8.60e+01,-7.16e+01,1.50e+01,2.80e+01,-1.06e+02
1.47e+05,-9.59e+01,-8.90e+01,-8.60e+01,-7.16e+01,1.50e+01,2.80e+01,-1.06e+02
1.47e+05,-9.55e+01,-8.92e+01,-8.60e+01,-7.16e+01,1.50e+01,2.80e+01,-1.06e+02
1.48e+05,-9.73e+01,-9.04e+01,-8.60e+01,-7.16e+01,1.50e+01,2.80e+01,-1.06e+02
1.48e+05,-9.74e+01,-9.05e+01,-8.60e+01,-7.16e+01,1.50e+01,2.80e+01,-1.06e+02
1.48e+05,-9.57e+01,-9.00e+01,-8.60e+01,-7.16e+01,1.50e+01,2.80e+01,-1.06e+02
1.48e+05,-9.66e+01,-8.95e+01,-8.60e+01,-7.16e+01,1.50e+01,2.80e+01,-1.06e+02
1.48e+05,-9.57e+01,-8.83e+01,-8.60e+01,-7.16e+01,1.50e+01,2.80e+01,-1.06e+02
1.49e+05,-9.60e+01,-8.99e+01,-8.60e+01,-7.16e+01,1.50e+01,2.80e+01,-1.06e+02
1.49e+05,-9.56e+01,-8.83e+01,-8.60e+01,-7.16e+01,1.50e+01,2.80e+01,-1.06e+02
1.49e+05,-9.60e+01,-8.90e+01,-8.60e+01,-7.16e+01,1.50e+01,2.70e+01,-1.06e+02
1.49e+05,-9.60e+01,-8.88e+01,-8.60e+01,-7.16e+01,1.50e+01,2.80e+01,-1.06e+02
1.49e+05,-9.53e+01,-8.95e+01,-8.60e+01,-7.16e+01,1.50e+01,2.80e+01,-1.06e+02
1.50e+05,-9.59e+01,-8.93e+01,-8.60e+01,-7.16e+01,1.50e+01,2.80e+01,-1.06e+02
1.50e+05,-9.55e+01,-8.95e+01,-8.60e+01,-7.16e+01,1.50e+01,2.80e+01,-1.06e+02
1.50e+05,-9.57e+01,-8.83e+01,-8.60e+01,-7.16e+01,1.60e+01,2.80e+01,-1.06e+02
1.50e+05,-9.59e+01,-8.88e+01,-8.60e+01,-7.16e+01,1.60e+01,2.90e+01,-1.06e+02
1.50e+05,-9.59e+01,-8.94e+01,-8.60e+01,-7.16e+01,1.50e+01,2.80e+01,-1.06e+02
1.51e+05,-9.65e+01,-8.97e+01,-8.60e+01,-7.16e+01,1.60e+01,2.80e+01,-1.06e+02
1.51e+05,-9.58e+01,-8.91e+01,-8.60e+01,-7.16e+01,1.60e+01,2.90e+01,-1.06e+02
1.51e+05,-9.57e+01,-8.88e+01,-8.60e+01,-7.16e+01,1.70e+01,3.30e+01,-1.06e+02
1.51e+05,-9.58e+01,-8.91e+01,-8.60e+01,-7.16e+01,1.70e+01,3.30e+01,-1.06e+02
1.51e+05,-9.60e+01,-8.99e+01,-8.60e+01,-7.16e+01,1.70e+01,3.40e+01,-1.06e+02
1.51e+05,-9.56e+01,-8.92e+01,-8.60e+01,-7.16e+01,1.70e+01,3.30e+01,-1.06e+02
1.52e+05,-9.57e+01,-8.95e+01,-8.60e+01,-7.16e+01,1.70e+01,3.40e+01,-1.06e+02
1.52e+05,-9.60e+01,-9.11e+01,-8.60e+01,-7.16e+01,1.60e+01,3.00e+01,-1.06e+02
1.52e+05,-9.56e+01,-8.91e+01,-8.60e+01,-7.16e+01,1.55e+01,2.90e+01,-1.06e+02
1.52e+05,-9.57e+01,-8.81e+01,-8.60e+01,-7.16e+01,1.50e+01,2.90e+01,-1.06e+02
1.52e+05,-9.55e+01,-8.81e+01,-8.60e+01,-7.16e+01,1.60e+01,3.05e+01,-1.06e+02
1.53e+05,-9.56e+01,-8.62e+01,-8.60e+01,-7.16e+01,1.60e+01,2.90e+01,-1.06e+02
1.53e+05,-9.57e+01,-8.92e+01,-8.60e+01,-7.16e+01,1.60e+01,3.00e+01,-1.06e+02
1.53e+05,-9.58e+01,-8.95e+01,-8.60e+01,-7.16e+01,1.60e+01,3.00e+01,-1.06e+02
1.53e+05,-9.60e+01,-8.96e+01,-8.60e+01,-7.16e+01,1.60e+01,3.00e+01,-1.06e+02
1.53e+05,-9.55e+01,-9.00e+01,-8.60e+01,-7.16e+01,1.70e+01,3.20e+01,-1.06e+02
1.54e+05,-9.63e+01,-9.01e+01,-8.60e+01,-7.16e+01,1.70e+01,3.20e+01,-1.06e+02
1.54e+05,-9.58e+01,-8.96e+01,-8.60e+01,-7.16e+01,1.70e+01,3.20e+01,-1.06e+02
1.54e+05,-9.56e+01,-8.90e+01,-8.60e+01,-7.16e+01,1.70e+01,3.20e+01,-1.06e+02
1.54e+05,-9.57e+01,-8.93e+01,-8.60e+01,-7.16e+01,1.70e+01,3.10e+01,-1.06e+02
1.54e+05,-9.55e+01,-8.85e+01,-8.60e+01,-7.16e+01,1.70e+01,3.10e+01,-1.06e+02
1.55e+05,-9.54e+01,-9.00e+01,-8.60e+01,-7.16e+01,1.60e+01,3.10e+01,-1.06e+02
1.55e+05,-9.64e+01,-8.95e+01,-8.60e+01,-7.16e+01,1.60e+01,3.10e+01,-1.06e+02
1.55e+05,-9.57e+01,-8.90e+01,-8.60e+01,-7.16e+01,1.60e+01,3.10e+01,-1.06e+02
1.55e+05,-9.53e+01,-9.06e+01,-8.60e+01,-7.16e+01,1.70e+01,3.10e+01,-1.06e+02
1.55e+05,-9.62e+01,-8.94e+01,-8.60e+01,-7.16e+01,1.70e+01,3.10e+01,-1.06e+02
1.56e+05,-9.60e+01,-8.97e+01,-8.60e+01,-7.16e+01,1.70e+01,3.10e+01,-1.06e+02
1.56e+05,-9.62e+01,-8.93e+01,-8.60e+01,-7.16e+01,1.70e+01,3.20e+01,-1.06e+02
1.56e+05,-9.63e+01,-8.88e+01,-8.60e+01,-7.16e+01,1.70e+01,3.10e+01,-1.06e+02
1.56e+05,-9.60e+01,-9.02e+01,-8.60e+01,-7.16e+01,1.70e+01,3.20e+01,-1.06e+02
1.56e+05,-9.53e+01,-8.91e+01,-8.60e+01,-7.16e+01,1.70e+01,3.20e+01,-1.06e+02
1.56e+05,-9.56e+01,-8.87e+01,-8.60e+01,-7.16e+01,1.80e+01,3.30e+01,-1.06e+02
1.57e+05,-9.59e+01,-9.00e+01,-8.60e+01,-7.16e+01,1.70e+01,3.20e+01,-1.06e+02
1.57e+05,-9.63e+01,-8.85e+01,-8.60e+01,-7.16e+01,1.70e+01,3.20e+01,-1.06e+02
1.57e+05,-9.59e+01,-8.89e+01,-8.60e+01,-7.16e+01,1.70e+01,3.20e+01,-1.06e+02
1.57e+05,-9.56e+01,-8.85e+01,-8.60e+01,-7.16e+01,1.70e+01,3.20e+01,-1.06e+02
1.57e+05,-9.56e+01,-8.92e+01,-8.60e+01,-7.16e+01,1.70e+01,3.30e+01,-1.06e+02
1.58e+05,-9.61e+01,-8.88e+01,-8.60e+01,-7.16e+01,1.70e+01,3.20e+01,-1.06e+02
1.58e+05,-9.61e+01,-8.94e+01,-8.60e+01,-7.16e+01,1.70e+01,3.20e+01,-1.06e+02
1.58e+05,-9.52e+01,-8.88e+01,-8.60e+01,-7.16e+01,1.70e+01,3.30e+01,-1.06e+02
1.58e+05,-9.62e+01,-8.95e+01,-8.60e+01,-7.16e+01,1.70e+01,3.20e+01,-1.06e+02
1.58e+05,-9.58e+01,-8.90e+01,-8.60e+01,-7.16e+01,1.80e+01,3.30e+01,-1.06e+02
1.59e+05,-9.64e+01,-8.73e+01,-8.60e+01,-7.16e+01,1.80e+01,3.40e+01,-1.06e+02
1.59e+05,-9.58e+01,-8.73e+01,-8.60e+01,-7.16e+01,1.80e+01,3.20e+01,-1.06e+02
1.59e+05,-9.69e+01,-9.03e+01,-8.60e+01,-7.16e+01,1.80e+01,3.20e+01,-1.06e+02
1.59e+05,-9.62e+01,-8.88e+01,-8.60e+01,-7.16e+01,1.80e+01,3.20e+01,-1.06e+02
1.59e+05,-9.63e+01,-8.88e+01,-8.60e+01,-7.16e+01,1.80e+01,3.20e+01,-1.06e+02
1.60e+05,-9.60e+01,-9.02e+01,-8.60e+01,-7.16e+01,1.80e+01,3.20e+01,-1.06e+02
1.60e+05,-9.55e+01,-8.83e+01,-8.60e+01,-7.16e+01,1.70e+01,3.20e+01,-1.06e+02
1.60e+05,-9.54e+01,-8.97e+01,-8.60e+01,-7.16e+01,1.70e+01,3.20e+01,-1.06e+02
1.60e+05,-9.58e+01,-8.82e+01,-8.60e+01,-7.16e+01,1.70e+01,3.20e+01,-1.06e+02
1.60e+05,-9.54e+01,-8.99e+01,-8.60e+01,-7.16e+01,1.70e+01,3.20e+01,-1.06e+02
1.61e+05,-9.61e+01,-9.00e+01,-8.60e+01,-7.16e+01,1.70e+01,3.20e+01,-1.06e+02
1.61e+05,-9.67e+01,-8.94e+01,-8.60e+01,-7.16e+01,1.80e+01,3.30e+01,-1.06e+02
1.61e+05,-9.59e+01,-8.95e+01,-8.60e+01,-7.16e+01,1.80e+01,3.30e+01,-1.06e+02
1.61e+05,-9.58e+01,-8.94e+01,-8.60e+01,-7.16e+01,1.80e+01,3.20e+01,-1.06e+02
1.61e+05,-9.52e+01,-8.94e+01,-8.60e+01,-7.16e+01,1.70e+01,3.20e+01,-1.06e+02
1.61e+05,-9.62e+01,-8.86e+01,-8.60e+01,-7.16e+01,1.70e+01,3.20e+01,-1.06e+02
1.62e+05,-9.58e+01,-8.89e+01,-8.60e+01,-7.16e+01,1.70e+01,3.20e+01,-1.06e+02
1.62e+05,-9.58e+01,-8.94e+01,-8.60e+01,-7.16e+01,1.70e+01,3.20e+01,-1.06e+02
1.62e+05,-9.56e+01,-9.02e+01,-8.60e+01,-7.16e+01,1.70e+01,3.30e+01,-1.06e+02
1.62e+05,-9.59e+01,-8.95e+01,-8.60e+01,-7.16e+01,1.80e+01,3.30e+01,-1.06e+02
1.62e+05,-9.60e+01,-8.85e+01,-8.60e+01,-7.16e+01,1.80e+01,3.20e+01,-1.06e+02
1.63e+05,-9.59e+01,-9.02e+01,-8.60e+01,-7.16e+01,1.80e+01,3.20e+01,-1.06e+02
1.63e+05,-9.59e+01,-8.84e+01,-8.60e+01,-7.16e+01,1.80e+01,3.20e+01,-1.06e+02
1.63e+05,-9.56e+01,-8.88e+01,-8.60e+01,-7.16e+01,1.80e+01,3.20e+01,-1.06e+02
1.63e+05,-9.57e+01,-8.90e+01,-8.60e+01,-7.16e+01,1.80e+01,3.30e+01,-1.06e+02
1.63e+05,-9.57e+01,-8.71e+01,-8.60e+01,-7.16e+01,1.80e+01,3.20e+01,-1.06e+02
1.64e+05,-9.57e+01,-8.91e+01,-8.60e+01,-7.16e+01,1.80e+01,3.20e+01,-1.06e+02
1.64e+05,-9.54e+01,-8.79e+01,-8.60e+01,-7.16e+01,1.80e+01,3.20e+01,-1.06e+02
1.64e+05,-9.54e+01,-8.79e+01,-8.60e+01,-7.16e+01,1.70e+01,3.20e+01,-1.06e+02
1.64e+05,-9.63e+01,-8.80e+01,-8.60e+01,-7.16e+01,1.70e+01,3.20e+01,-1.06e+02
1.64e+05,-9.57e+01,-8.88e+01,-8.60e+01,-7.16e+01,1.80e+01,3.25e+01,-1.06e+02
1.65e+05,-9.62e+01,-8.92e+01,-8.60e+01,-7.16e+01,1.90e+01,3.40e+01,-1.06e+02
1.65e+05,-9.55e+01,-8.87e+01,-8.60e+01,-7.16e+01,1.90e+01,3.40e+01,-1.06e+02
1.65e+05,-9.55e+01,-8.95e+01,-8.60e+01,-7.16e+01,1.85e+01,3.35e+01,-1.06e+02
1.65e+05,-9.54e+01,-8.86e+01,-8.60e+01,-7.16e+01,1.80e+01,3.20e+01,-1.06e+02
1.65e+05,-9.63e+01,-8.72e+01,-8.60e+01,-7.16e+01,1.75e+01,3.20e+01,-1.06e+02
1.66e+05,-9.64e+01,-8.99e+01,-8.60e+01,-7.16e+01,1.80e+01,3.20e+01,-1.06e+02
1.66e+05,-9.58e+01,-8.75e+01,-8.60e+01,-7.16e+01,1.80e+01,3.20e+01,-1.06e+02
1.66e+05,-9.55e+01,-8.79e+01,-8.60e+01,-7.16e+01,1.70e+01,3.20e+01,-1.06e+02
1.66e+05,-9.55e+01,-8.98e+01,-8.60e+01,-7.16e+01,1.80e+01,3.30e+01,-1.06e+02
1.66e+05,-9.55e+01,-8.91e+01,-8.60e+01,-7.16e+01,1.80e+01,3.40e+01,-1.06e+02
1.66e+05,-9.55e+01,-8.86e+01,-8.60e+01,-7.16e+01,1.80e+01,3.30e+01,-1.06e+02
1.67e+05,-9.53e+01,-8.84e+01,-8.60e+01,-7.16e+01,1.80e+01,3.20e+01,-1.06e+02
1.67e+05,-9.54e+01,-8.90e+01,-8.60e+01,-7.16e+01,1.80e+01,3.30e+01,-1.06e+02
1.67e+05,-9.54e+01,-8.77e+01,-8.60e+01,-7.16e+01,1.70e+01,3.20e+01,-1.06e+02
1.67e+05,-9.52e+01,-8.88e+01,-8.60e+01,-7.16e+01,1.80e+01,3.30e+01,-1.06e+02
1.67e+05,-9.56e+01,-8.80e+01,-8.60e+01,-7.16e+01,1.70e+01,3.20e+01,-1.06e+02
1.68e+05,-9.54e+01,-8.99e+01,-8.60e+01,-7.16e+01,1.70e+01,3.20e+01,-1.06e+02
1.68e+05,-9.56e+01,-8.82e+01,-8.60e+01,-7.16e+01,1.70e+01,3.20e+01,-1.06e+02
1.68e+05,-9.56e+01,-8.92e+01,-8.60e+01,-7.16e+01,1.70e+01,3.20e+01,-1.06e+02
1.68e+05,-9.56e+01,-8.77e+01,-8.60e+01,-7.16e+01,1.80e+01,3.40e+01,-1.06e+02
1.68e+05,-9.54e+01,-8.86e+01,-8.60e+01,-7.16e+01,1.70e+01,3.30e+01,-1.06e+02
1.69e+05,-9.56e+01,-8.74e+01,-8.60e+01,-7.16e+01,1.70e+01,3.20e+01,-1.06e+02
1.69e+05,-9.57e+01,-8.75e+01,-8.60e+01,-7.16e+01,1.80e+01,3.30e+01,-1.06e+02
1.69e+05,-9.53e+01,-8.96e+01,-8.60e+01,-7.16e+01,1.70e+01,3.20e+01,-1.06e+02
1.69e+05,-9.60e+01,-9.07e+01,-8.60e+01,-7.16e+01,1.70e+01,3.20e+01,-1.06e+02
1.69e+05,-9.54e+01,-8.97e+01,-8.60e+01,-7.16e+01,1.90e+01,3.30e+01,-1.06e+02
1.70e+05,-9.52e+01,-8.92e+01,-8.60e+01,-7.16e+01,1.90e+01,3.60e+01,-1.06e+02
1.70e+05,-9.52e+01,-8.84e+01,-8.60e+01,-7.16e+01,1.90e+01,3.60e+01,-1.06e+02
1.70e+05,-9.60e+01,-8.91e+01,-8.60e+01,-7.16e+01,1.80e+01,3.30e+01,-1.06e+02
1.70e+05,-9.58e+01,-8.99e+01,-8.60e+01,-7.16e+01,1.80e+01,3.30e+01,-1.06e+02
1.70e+05,-9.54e+01,-8.90e+01,-8.60e+01,-7.16e+01,1.70e+01,3.20e+01,-1.06e+02
1.70e+05,-9.53e+01,-8.89e+01,-8.60e+01,-7.16e+01,1.70e+01,3.20e+01,-1.06e+02
1.71e+05,-9.55e+01,-8.88e+01,-8.60e+01,-7.16e+01,1.70e+01,3.20e+01,-1.06e+02
1.71e+05,-9.57e+01,-8.97e+01,-8.60e+01,-7.16e+01,1.70e+01,3.20e+01,-1.06e+02
1.71e+05,-9.54e+01,-8.99e+01,-8.60e+01,-7.16e+01,1.70e+01,3.20e+01,-1.06e+02
1.71e+05,-9.57e+01,-8.95e+01,-8.60e+01,-7.16e+01,1.80e+01,3.20e+01,-1.06e+02
1.71e+05,-9.54e+01,-8.97e+01,-8.60e+01,-7.16e+01,1.70e+01,3.20e+01,-1.06e+02
1.72e+05,-9.58e+01,-8.93e+01,-8.60e+01,-7.16e+01,1.70e+01,3.20e+01,-1.06e+02
1.72e+05,-9.59e+01,-8.85e+01,-8.60e+01,-7.16e+01,1.70e+01,3.20e+01,-1.06e+02
1.72e+05,-9.55e+01,-8.87e+01,-8.60e+01,-7.16e+01,1.70e+01,3.20e+01,-1.06e+02
1.72e+05,-9.59e+01,-8.95e+01,-8.60e+01,-7.16e+01,1.70e+01,3.20e+01,-1.06e+02
1.72e+05,-9.61e+01,-9.07e+01,-8.60e+01,-7.16e+01,1.90e+01,3.40e+01,-1.06e+02
1.73e+05,-9.56e+01,-8.89e+01,-8.60e+01,-7.16e+01,1.90e+01,3.70e+01,-1.06e+02
1.73e+05,-9.57e+01,-8.86e+01,-8.60e+01,-7.16e+01,1.90e+01,3.80e+01,-1.06e+02
1.73e+05,-9.57e+01,-9.01e+01,-8.60e+01,-7.16e+01,1.90e+01,3.70e+01,-1.06e+02
1.73e+05,-9.57e+01,-9.02e+01,-8.60e+01,-7.16e+01,1.70e+01,3.20e+01,-1.06e+02
1.73e+05,-9.59e+01,-8.88e+01,-8.60e+01,-7.16e+01,1.70e+01,3.20e+01,-1.06e+02
1.74e+05,-9.54e+01,-8.95e+01,-8.60e+01,-7.16e+01,1.70e+01,3.30e+01,-1.06e+02
1.74e+05,-9.55e+01,-8.75e+01,-8.60e+01,-7.16e+01,1.75e+01,3.30e+01,-1.06e+02
1.74e+05,-9.60e+01,-8.88e+01,-8.60e+01,-7.16e+01,1.70e+01,3.20e+01,-1.06e+02
1.74e+05,-9.58e+01,-9.07e+01,-8.60e+01,-7.16e+01,1.70e+01,3.20e+01,-1.06e+02
1.74e+05,-9.56e+01,-8.95e+01,-8.60e+01,-7.16e+01,1.80e+01,3.20e+01,-1.06e+02
1.75e+05,-9.58e+01,-8.94e+01,-8.60e+01,-7.16e+01,1.75e+01,3.30e+01,-1.06e+02
1.75e+05,-9.54e+01,-8.92e+01,-8.60e+01,-7.16e+01,1.80e+01,3.30e+01,-1.06e+02
1.75e+05,-9.56e+01,-9.02e+01,-8.60e+01,-7.16e+01,1.70e+01,3.30e+01,-1.06e+02
1.75e+05,-9.63e+01,-9.00e+01,-8.60e+01,-7.16e+01,1.70e+01,3.20e+01,-1.06e+02
1.75e+05,-9.66e+01,-8.92e+01,-8.60e+01,-7.16e+01,1.70e+01,3.20e+01,-1.06e+02
1.75e+05,-9.57e+01,-8.94e+01,-8.60e+01,-7.16e+01,1.70e+01,3.20e+01,-1.06e+02
1.76e+05,-9.59e+01,-8.82e+01,-8.60e+01,-7.16e+01,1.80e+01,3.30e+01,-1.06e+02
1.76e+05,-9.56e+01,-8.93e+01,-8.60e+01,-7.16e+01,1.70e+01,3.20e+01,-1.06e+02
1.76e+05,-9.57e+01,-8.88e+01,-8.60e+01,-7.16e+01,1.70e+01,3.20e+01,-1.06e+02
1.76e+05,-9.52e+01,-8.96e+01,-8.60e+01,-7.16e+01,1.70e+01,3.20e+01,-1.06e+02
1.76e+05,-9.56e+01,-8.84e+01,-8.60e+01,-7.16e+01,1.70e+01,3.30e+01,-1.06e+02
1.77e+05,-9.54e+01,-8.80e+01,-8.60e+01,-7.16e+01,1.80e+01,3.30e+01,-1.06e+02
1.77e+05,-9.57e+01,-8.90e+01,-8.60e+01,-7.16e+01,1.80e+01,3.30e+01,-1.06e+02
1.77e+05,-9.54e+01,-8.93e+01,-8.60e+01,-7.16e+01,1.80e+01,3.30e+01,-1.06e+02
1.77e+05,-9.58e+01,-8.88e+01,-8.60e+01,-7.16e+01,1.70e+01,3.30e+01,-1.06e+02
1.77e+05,-9.65e+01,-8.91e+01,-8.60e+01,-7.16e+01,1.70e+01,3.30e+01,-1.06e+02
1.78e+05,-9.53e+01,-8.91e+01,-8.60e+01,-7.16e+01,1.70e+01,3.30e+01,-1.06e+02
1.78e+05,-9.54e+01,-8.92e+01,-8.60e+01,-7.16e+01,1.70e+01,3.20e+01,-1.06e+02
1.78e+05,-9.52e+01,-8.96e+01,-8.60e+01,-7.16e+01,1.70e+01,3.30e+01,-1.06e+02
1.78e+05,-9.54e+01,-8.94e+01,-8.60e+01,-7.16e+01,1.70e+01,3.40e+01,-1.06e+02
1.78e+05,-9.56e+01,-8.75e+01,-8.60e+01,-7.16e+01,1.80e+01,3.50e+01,-1.06e+02
1.79e+05,-9.58e+01,-8.92e+01,-8.60e+01,-7.16e+01,1.90e+01,3.50e+01,-1.06e+02
1.79e+05,-9.59e+01,-8.82e+01,-8.60e+01,-7.16e+01,1.70e+01,3.40e+01,-1.06e+02
1.79e+05,-9.58e+01,-8.94e+01,-8.60e+01,-7.16e+01,1.80e+01,3.50e+01,-1.06e+02
1.79e+05,-9.61e+01,-8.70e+01,-8.60e+01,-7.16e+01,1.70e+01,3.40e+01,-1.06e+02
1.79e+05,-9.55e+01,-8.90e+01,-8.60e+01,-7.16e+01,1.70e+01,3.30e+01,-1.06e+02
1.80e+05,-9.62e+01,-9.03e+01,-8.60e+01,-7.16e+01,1.80e+01,3.40e+01,-1.06e+02
1.80e+05,-9.60e+01,-8.94e+01,-8.60e+01,-7.16e+01,1.70e+01,3.30e+01,-1.06e+02
1.80e+05,-9.64e+01,-8.90e+01,-8.60e+01,-7.16e+01,1.80e+01,3.40e+01,-1.06e+02
1.80e+05,-9.60e+01,-8.93e+01,-8.60e+01,-7.16e+01,1.80e+01,3.40e+01,-1.06e+02
1.80e+05,-9.55e+01,-9.03e+01,-8.60e+01,-7.16e+01,1.80e+01,3.30e+01,-1.06e+02
1.80e+05,-9.58e+01,-8.99e+01,-8.60e+01,-7.16e+01,1.80e+01,3.40e+01,-1.06e+02
1.81e+05,-9.58e+01,-8.89e+01,-8.60e+01,-7.16e+01,1.80e+01,3.30e+01,-1.06e+02
1.81e+05,-9.55e+01,-8.80e+01,-8.60e+01,-7.16e+01,1.80e+01,3.30e+01,-1.06e+02
1.81e+05,-9.55e+01,-9.00e+01,-8.60e+01,-7.16e+01,1.70e+01,3.30e+01,-1.06e+02
1.81e+05,-9.51e+01,-8.83e+01,-8.60e+01,-7.16e+01,1.70e+01,3.30e+01,-1.06e+02
1.81e+05,-9.56e+01,-8.95e+01,-8.60e+01,-7.16e+01,1.70e+01,3.30e+01,-1.06e+02
1.82e+05,-9.57e+01,-8.99e+01,-8.60e+01,-7.16e+01,1.80e+01,3.40e+01,-1.06e+02
1.82e+05,-9.56e+01,-8.97e+01,-8.60e+01,-7.16e+01,1.80e+01,3.45e+01,-1.06e+02
1.82e+05,-9.58e+01,-9.01e+01,-8.60e+01,-7.16e+01,1.80e+01,3.60e+01,-1.06e+02
1.82e+05,-9.52e+01,-8.93e+01,-8.60e+01,-7.16e+01,1.80e+01,3.50e+01,-1.06e+02
1.82e+05,-9.57e+01,-8.97e+01,-8.60e+01,-7.16e+01,1.80e+01,3.40e+01,-1.06e+02
1.83e+05,-9.58e+01,-8.93e+01,-8.60e+01,-7.16e+01,1.80e+01,3.40e+01,-1.06e+02
1.83e+05,-9.56e+01,-8.99e+01,-8.60e+01,-7.16e+01,1.80e+01,3.40e+01,-1.06e+02
1.83e+05,-9.55e+01,-9.07e+01,-8.60e+01,-7.16e+01,1.80e+01,3.40e+01,-1.06e+02
1.83e+05,-9.54e+01,-8.89e+01,-8.60e+01,-7.16e+01,1.80e+01,3.40e+01,-1.06e+02
1.83e+05,-9.58e+01,-9.04e+01,-8.60e+01,-7.16e+01,1.80e+01,3.50e+01,-1.06e+02
1.84e+05,-9.55e+01,-8.82e+01,-8.60e+01,-7.16e+01,1.80e+01,3.40e+01,-1.06e+02
1.84e+05,-9.52e+01,-8.85e+01,-8.60e+01,-7.16e+01,1.80e+01,3.50e+01,-1.06e+02
1.84e+05,-9.60e+01,-8.89e+01,-8.60e+01,-7.16e+01,1.80e+01,3.50e+01,-1.06e+02
1.84e+05,-9.58e+01,-8.78e+01,-8.60e+01,-7.16e+01,1.80e+01,3.60e+01,-1.06e+02
1.84e+05,-9.61e+01,-8.87e+01,-8.60e+01,-7.16e+01,1.80e+01,3.60e+01,-1.06e+02
1.85e+05,-9.57e+01,-8.95e+01,-8.60e+01,-7.16e+01,1.80e+01,3.60e+01,-1.06e+02
1.85e+05,-9.60e+01,-8.87e+01,-8.60e+01,-7.16e+01,1.80e+01,3.50e+01,-1.06e+02
1.85e+05,-9.65e+01,-9.02e+01,-8.60e+01,-7.16e+01,1.80e+01,3.60e+01,-1.06e+02
1.85e+05,-9.58e+01,-8.93e+01,-8.60e+01,-7.16e+01,1.80e+01,3.60e+01,-1.06e+02
1.85e+05,-9.54e+01,-8.96e+01,-8.60e+01,-7.16e+01,1.80e+01,3.60e+01,-1.06e+02
1.85e+05,-9.56e+01,-8.91e+01,-8.60e+01,-7.16e+01,1.90e+01,3.60e+01,-1.06e+02
1.86e+05,-9.58e+01,-8.99e+01,-8.60e+01,-7.16e+01,1.90e+01,3.60e+01,-1.06e+02
1.86e+05,-9.57e+01,-8.89e+01,-8.60e+01,-7.16e+01,1.90e+01,3.60e+01,-1.06e+02
1.86e+05,-9.56e+01,-8.93e+01,-8.60e+01,-7.16e+01,1.90e+01,3.70e+01,-1.06e+02
1.86e+05,-9.54e+01,-8.91e+01,-8.60e+01,-7.16e+01,1.80e+01,3.60e+01,-1.06e+02
1.86e+05,-9.58e+01,-8.91e+01,-8.60e+01,-7.16e+01,1.85e+01,3.60e+01,-1.06e+02
1.87e+05,-9.60e+01,-8.99e+01,-8.60e+01,-7.16e+01,1.80e+01,3.60e+01,-1.06e+02
1.87e+05,-9.51e+01,-8.98e+01,-8.60e+01,-7.16e+01,1.90e+01,3.60e+01,-1.06e+02
1.87e+05,-9.59e+01,-8.90e+01,-8.60e+01,-7.16e+01,1.80e+01,3.60e+01,-1.06e+02
1.87e+05,-9.61e+01,-8.96e+01,-8.60e+01,-7.16e+01,1.80e+01,3.60e+01,-1.06e+02
1.87e+05,-9.55e+01,-9.00e+01,-8.60e+01,-7.16e+01,1.80e+01,3.60e+01,-1.06e+02
1.88e+05,-9.57e+01,-8.97e+01,-8.60e+01,-7.16e+01,1.80e+01,3.60e+01,-1.06e+02
1.88e+05,-9.53e+01,-8.65e+01,-8.60e+01,-7.16e+01,1.80e+01,3.60e+01,-1.06e+02
1.88e+05,-9.56e+01,-8.89e+01,-8.60e+01,-7.16e+01,1.90e+01,3.80e+01,-1.06e+02
1.88e+05,-9.59e+01,-8.91e+01,-8.60e+01,-7.16e+01,2.00e+01,3.80e+01,-1.06e+02
1.88e+05,-9.57e+01,-8.98e+01,-8.60e+01,-7.16e+01,2.00e+01,3.80e+01,-1.06e+02
1.89e+05,-9.56e+01,-8.98e+01,-8.60e+01,-7.16e+01,2.00e+01,3.80e+01,-1.06e+02
1.89e+05,-9.53e+01,-8.87e+01,-8.60e+01,-7.16e+01,1.90e+01,3.60e+01,-1.06e+02
1.89e+05,-9.52e+01,-8.92e+01,-8.60e+01,-7.16e+01,1.90e+01,3.60e+01,-1.06e+02
1.89e+05,-9.53e+01,-8.87e+01,-8.60e+01,-7.16e+01,1.80e+01,3.60e+01,-1.06e+02
1.89e+05,-9.52e+01,-8.85e+01,-8.60e+01,-7.16e+01,1.90e+01,3.70e+01,-1.06e+02
1.90e+05,-9.56e+01,-8.88e+01,-8.60e+01,-7.16e+01,1.80e+01,3.60e+01,-1.06e+02
1.90e+05,-9.59e+01,-8.85e+01,-8.60e+01,-7.16e+01,1.90e+01,3.70e+01,-1.06e+02
1.90e+05,-9.53e+01,-9.04e+01,-8.60e+01,-7.16e+01,1.80e+01,3.60e+01,-1.06e+02
1.90e+05,-9.56e+01,-8.91e+01,-8.60e+01,-7.16e+01,1.80e+01,3.70e+01,-1.06e+02
1.90e+05,-9.67e+01,-8.78e+01,-8.60e+01,-7.16e+01,1.80e+01,3.70e+01,-1.06e+02
1.90e+05,-9.57e+01,-8.85e+01,-8.60e+01,-7.16e+01,1.80e+01,3.60e+01,-1.06e+02
1.91e+05,-9.62e+01,-8.97e+01,-8.60e+01,-7.16e+01,1.80e+01,3.80e+01,-1.06e+02
1.91e+05,-9.57e+01,-9.00e+01,-8.60e+01,-7.16e+01,1.80e+01,3.70e+01,-1.06e+02
1.91e+05,-9.57e+01,-8.77e+01,-8.60e+01,-7.16e+01,1.80e+01,3.60e+01,-1.06e+02
1.91e+05,-9.56e+01,-8.91e+01,-8.60e+01,-7.16e+01,1.90e+01,3.80e+01,-1.06e+02
1.91e+05,-9.58e+01,-8.86e+01,-8.60e+01,-7.16e+01,1.90e+01,3.90e+01,-1.06e+02
1.92e+05,-9.62e+01,-8.97e+01,-8.60e+01,-7.16e+01,2.00e+01,3.90e+01,-1.06e+02
1.92e+05,-9.61e+01,-9.02e+01,-8.60e+01,-7.16e+01,1.90e+01,3.70e+01,-1.06e+02
1.92e+05,-9.61e+01,-9.04e+01,-8.60e+01,-7.16e+01,1.80e+01,3.60e+01,-1.06e+02
1.92e+05,-9.51e+01,-8.72e+01,-8.60e+01,-7.16e+01,1.80e+01,3.60e+01,-1.06e+02
1.92e+05,-9.61e+01,-8.90e+01,-8.60e+01,-7.16e+01,1.90e+01,3.65e+01,-1.06e+02
1.93e+05,-9.55e+01,-8.89e+01,-8.60e+01,-7.16e+01,1.90e+01,3.80e+01,-1.06e+02
1.93e+05,-9.55e+01,-8.89e+01,-8.60e+01,-7.16e+01,1.90e+01,3.60e+01,-1.06e+02
1.93e+05,-9.62e+01,-8.90e+01,-8.60e+01,-7.16e+01,1.90e+01,3.70e+01,-1.06e+02
1.93e+05,-9.57e+01,-8.92e+01,-8.60e+01,-7.16e+01,1.90e+01,3.80e+01,-1.06e+02
1.93e+05,-9.60e+01,-8.82e+01,-8.60e+01,-7.16e+01,1.80e+01,3.70e+01,-1.06e+02
1.94e+05,-9.55e+01,-8.95e+01,-8.60e+01,-7.16e+01,1.80e+01,3.70e+01,-1.06e+02
1.94e+05,-9.62e+01,-8.97e+01,-8.60e+01,-7.16e+01,1.80e+01,3.65e+01,-1.06e+02
1.94e+05,-9.60e+01,-8.96e+01,-8.60e+01,-7.16e+01,1.90e+01,3.60e+01,-1.06e+02
1.94e+05,-9.59e+01,-8.91e+01,-8.60e+01,-7.16e+01,1.80e+01,3.60e+01,-1.06e+02
1.94e+05,-9.59e+01,-8.99e+01,-8.60e+01,-7.16e+01,1.80e+01,3.70e+01,-1.06e+02
1.94e+05,-9.62e+01,-8.65e+01,-8.60e+01,-7.16e+01,1.90e+01,3.90e+01,-1.06e+02
1.95e+05,-9.61e+01,-8.93e+01,-8.60e+01,-7.16e+01,1.90e+01,3.60e+01,-1.06e+02
1.95e+05,-9.61e+01,-8.83e+01,-8.60e+01,-7.16e+01,1.90e+01,3.70e+01,-1.06e+02
1.95e+05,-9.51e+01,-8.95e+01,-8.60e+01,-7.16e+01,1.90e+01,3.70e+01,-1.06e+02
1.95e+05,-9.53e+01,-8.88e+01,-8.60e+01,-7.16e+01,1.90e+01,3.70e+01,-1.06e+02
1.95e+05,-9.56e+01,-8.52e+01,-8.52e+01,-7.04e+01,1.90e+01,3.70e+01,-1.05e+02
1.96e+05,-9.59e+01,-8.91e+01,-8.52e+01,-7.04e+01,1.90e+01,3.60e+01,-1.05e+02
1.96e+05,-9.54e+01,-8.65e+01,-8.52e+01,-7.04e+01,1.90e+01,3.70e+01,-1.05e+02
1.96e+05,-9.56e+01,-8.60e+01,-8.52e+01,-7.04e+01,1.80e+01,3.60e+01,-1.05e+02
1.96e+05,-9.52e+01,-8.88e+01,-8.52e+01,-7.04e+01,1.90e+01,3.70e+01,-1.05e+02
1.96e+05,-9.56e+01,-8.98e+01,-8.52e+01,-7.04e+01,1.90e+01,3.70e+01,-1.05e+02
1.97e+05,-9.61e+01,-8.91e+01,-8.52e+01,-7.04e+01,1.90e+01,3.60e+01,-1.05e+02
