-1.80e+02,-8.94e+01,1.60e+01,1.20e+01
-1.71e+02,-6.20e+01,2.70e+01,1.90e+01
-1.72e+02,-8.07e+01,2.60e+01,1.90e+01
-1.79e+02,-9.66e+01,1.70e+01,1.20e+01
-1.81e+02,-9.44e+01,1.60e+01,1.20e+01
-1.85e+02,-7.93e+01,3.00e+01,1.90e+01
-1.79e+02,-8.23e+01,2.30e+01,1.40e+01
-1.74e+02,-8.35e+01,2.50e+01,1.80e+01
-1.79e+02,-8.53e+01,2.80e+01,1.90e+01
-1.79e+02,-6.77e+01,2.60e+01,1.90e+01
-1.87e+02,-7.48e+01,1.60e+01,1.20e+01
-1.80e+02,-9.96e+01,2.70e+01,1.80e+01
-1.75e+02,-8.06e+01,2.30e+01,1.40e+01
-1.78e+02,-7.72e+01,2.50e+01,1.80e+01
-1.80e+02,-6.40e+01,2.60e+01,1.90e+01
-1.81e+02,-8.50e+01,1.60e+01,1.20e+01
-1.80e+02,-9.50e+01,3.20e+01,1.90e+01
-1.75e+02,-8.30e+01,2.30e+01,1.40e+01
-1.75e+02,-7.39e+01,1.70e+01,1.20e+01
-1.77e+02,-7.42e+01,2.40e+01,1.40e+01
-1.79e+02,-7.10e+01,2.50e+01,1.80e+01
-1.90e+02,-8.86e+01,2.70e+01,1.80e+01
-1.79e+02,-9.77e+01,2.60e+01,1.90e+01
-1.77e+02,-6.73e+01,3.10e+01,1.90e+01
-1.74e+02,-6.92e+01,1.60e+01,1.20e+01
-1.77e+02,-7.08e+01,3.10e+01,1.90e+01
-1.77e+02,-7.46e+01,1.70e+01,1.20e+01
-1.83e+02,-7.80e+01,2.50e+01,1.80e+01
-1.80e+02,-7.47e+01,2.60e+01,1.80e+01
-1.75e+02,-7.14e+01,2.70e+01,1.90e+01
-1.75e+02,-9.03e+01,2.90e+01,1.90e+01
-2.06e+02,-8.92e+01,1.60e+01,1.20e+01
-1.79e+02,-8.64e+01,3.20e+01,2.00e+01
-1.80e+02,-9.77e+01,1.70e+01,1.20e+01
-1.74e+02,-7.42e+01,2.50e+01,1.80e+01
-1.77e+02,-7.00e+01,2.70e+01,1.80e+01
-1.74e+02,-8.71e+01,2.90e+01,1.90e+01
-1.77e+02,-8.32e+01,2.60e+01,1.90e+01
-2.40e+02,-1.01e+02,1.60e+01,1.20e+01
-1.86e+02,-8.30e+01,3.40e+01,2.00e+01
-5.00e+02,-5.00e+02,1.60e+01,1.20e+01
-1.77e+02,-7.96e+01,2.70e+01,1.90e+01
-1.73e+02,-7.13e+01,2.60e+01,1.90e+01
-1.85e+02,-9.49e+01,1.70e+01,1.20e+01
-3.18e+02,-1.03e+02,2.60e+01,1.90e+01
-1.78e+02,-8.25e+01,1.60e+01,1.20e+01
-2.56e+02,-9.68e+01,2.30e+01,1.40e+01
-1.78e+02,-8.76e+01,2.30e+01,1.40e+01
-1.71e+02,-7.46e+01,2.50e+01,1.80e+01
-2.06e+02,-1.08e+02,1.60e+01,1.20e+01
-1.83e+02,-7.16e+01,2.80e+01,2.00e+01
-1.87e+02,-1.01e+02,1.70e+01,1.20e+01
-1.73e+02,-8.12e+01,1.70e+01,1.20e+01
-4.59e+02,-2.57e+02,2.30e+01,1.40e+01
-4.39e+02,-2.95e+02,1.70e+01,1.20e+01
-3.28e+02,-8.54e+01,2.70e+01,1.90e+01
-3.31e+02,-9.39e+01,3.10e+01,1.90e+01
-1.88e+02,-7.65e+01,2.60e+01,1.80e+01
-4.51e+02,-2.06e+02,2.70e+01,1.80e+01
-2.02e+02,-7.27e+01,2.70e+01,1.90e+01
-2.27e+02,-1.15e+02,3.10e+01,1.90e+01
-1.72e+02,-7.67e+01,1.70e+01,1.20e+01
-1.81e+02,-8.01e+01,2.80e+01,1.80e+01
-1.73e+02,-6.85e+01,2.70e+01,1.90e+01
-5.00e+02,-5.00e+02,2.50e+01,1.80e+01
-1.78e+02,-7.74e+01,1.70e+01,1.20e+01
-1.78e+02,-8.23e+01,2.30e+01,1.40e+01
-1.77e+02,-8.37e+01,3.20e+01,1.90e+01
-1.75e+02,-8.08e+01,1.60e+01,1.20e+01
-2.83e+02,-1.40e+02,2.70e+01,1.80e+01
-2.60e+02,-9.70e+01,1.70e+01,1.20e+01
-1.89e+02,-8.75e+01,1.60e+01,1.20e+01
-3.53e+02,-8.65e+01,2.80e+01,1.80e+01
-1.78e+02,-7.02e+01,1.60e+01,1.20e+01
-3.39e+02,-8.44e+01,2.70e+01,2.00e+01
-1.93e+02,-7.24e+01,1.60e+01,1.20e+01
-1.90e+02,-9.69e+01,3.20e+01,1.90e+01
-1.82e+02,-1.02e+02,2.90e+01,1.90e+01
-3.90e+02,-1.34e+02,1.70e+01,1.20e+01
-2.52e+02,-1.08e+02,2.80e+01,1.90e+01
-1.90e+02,-7.95e+01,2.30e+01,1.40e+01
-1.75e+02,-6.92e+01,2.50e+01,1.80e+01
-1.75e+02,-7.03e+01,2.70e+01,1.80e+01
-1.78e+02,-9.41e+01,1.70e+01,1.20e+01
-3.52e+02,-9.99e+01,2.50e+01,1.80e+01
-2.80e+02,-7.68e+01,2.70e+01,2.00e+01
-1.75e+02,-8.12e+01,2.50e+01,1.80e+01
-1.73e+02,-7.17e+01,2.60e+01,1.70e+01
-4.45e+02,-1.74e+02,1.70e+01,1.20e+01
-1.78e+02,-7.92e+01,2.90e+01,1.90e+01
-1.81e+02,-7.74e+01,2.50e+01,1.80e+01
-1.68e+02,-7.47e+01,2.70e+01,1.90e+01
-1.86e+02,-1.08e+02,3.20e+01,2.00e+01
-3.72e+02,-1.10e+02,1.60e+01,1.20e+01
-2.03e+02,-9.42e+01,2.70e+01,1.80e+01
-3.76e+02,-9.12e+01,3.10e+01,1.90e+01
-4.97e+02,-4.84e+02,1.70e+01,1.20e+01
-3.65e+02,-1.66e+02,2.60e+01,1.90e+01
-1.69e+02,-7.08e+01,2.70e+01,1.90e+01
-4.37e+02,-1.24e+02,2.70e+01,1.90e+01
-1.84e+02,-7.97e+01,2.50e+01,1.80e+01
-2.49e+02,-1.06e+02,2.50e+01,1.80e+01
-1.73e+02,-8.10e+01,2.60e+01,1.90e+01
-1.93e+02,-9.02e+01,2.70e+01,1.80e+01
-1.79e+02,-7.20e+01,2.70e+01,2.00e+01
-3.74e+02,-1.26e+02,1.70e+01,1.20e+01
-1.75e+02,-9.03e+01,1.60e+01,1.20e+01
-1.74e+02,-8.01e+01,1.70e+01,1.20e+01
-1.78e+02,-8.19e+01,2.60e+01,1.90e+01
-2.33e+02,-8.44e+01,2.90e+01,1.90e+01
-5.00e+02,-5.00e+02,2.50e+01,1.80e+01
-1.75e+02,-7.12e+01,2.60e+01,1.80e+01
-3.89e+02,-1.58e+02,1.70e+01,1.30e+01
-2.35e+02,-8.29e+01,2.60e+01,1.90e+01
-1.91e+02,-9.16e+01,1.60e+01,1.20e+01
-2.03e+02,-8.47e+01,1.60e+01,1.20e+01
-1.86e+02,-8.77e+01,2.60e+01,1.80e+01
-1.77e+02,-8.72e+01,1.80e+01,1.20e+01
-1.80e+02,-8.35e+01,1.60e+01,1.20e+01
-1.77e+02,-8.27e+01,3.20e+01,2.00e+01
-3.63e+02,-1.67e+02,2.30e+01,1.40e+01
-1.95e+02,-7.61e+01,2.70e+01,1.90e+01
-1.71e+02,-7.23e+01,3.00e+01,1.90e+01
-1.79e+02,-6.92e+01,2.70e+01,1.80e+01
-2.94e+02,-8.25e+01,1.70e+01,1.30e+01
-1.77e+02,-8.64e+01,2.60e+01,1.80e+01
-4.80e+02,-3.82e+02,3.50e+01,2.00e+01
-1.74e+02,-8.67e+01,2.70e+01,1.70e+01
-1.86e+02,-7.39e+01,2.90e+01,1.90e+01
-1.74e+02,-7.53e+01,3.10e+01,1.90e+01
-1.80e+02,-7.19e+01,2.50e+01,1.80e+01
-1.89e+02,-9.09e+01,2.50e+01,1.80e+01
-1.72e+02,-7.46e+01,2.50e+01,1.80e+01
-3.50e+02,-1.48e+02,1.60e+01,1.20e+01
-3.39e+02,-1.08e+02,2.70e+01,1.90e+01
-1.95e+02,-7.98e+01,2.70e+01,1.90e+01
-2.55e+02,-7.16e+01,2.60e+01,1.90e+01
-3.15e+02,-1.21e+02,2.80e+01,2.00e+01
-3.81e+02,-1.40e+02,2.80e+01,1.80e+01
-3.20e+02,-1.28e+02,1.60e+01,1.20e+01
-3.14e+02,-8.80e+01,1.60e+01,1.20e+01
-3.27e+02,-1.27e+02,1.60e+01,1.20e+01
-1.81e+02,-9.75e+01,2.60e+01,1.90e+01
-4.90e+02,-4.49e+02,1.80e+01,1.20e+01
-1.72e+02,-7.77e+01,2.70e+01,1.90e+01
-2.64e+02,-1.16e+02,3.20e+01,2.00e+01
-1.84e+02,-7.50e+01,2.70e+01,1.90e+01
-1.76e+02,-7.49e+01,2.30e+01,1.40e+01
-1.90e+02,-9.19e+01,3.20e+01,1.90e+01
-2.08e+02,-7.81e+01,2.70e+01,2.00e+01
-2.37e+02,-7.74e+01,2.60e+01,1.90e+01
-1.72e+02,-6.73e+01,2.60e+01,1.90e+01
-3.09e+02,-1.22e+02,2.50e+01,1.80e+01
-1.87e+02,-8.30e+01,3.00e+01,1.90e+01
-3.25e+02,-1.25e+02,1.60e+01,1.20e+01
-1.81e+02,-8.49e+01,2.50e+01,1.80e+01
-1.87e+02,-8.52e+01,2.90e+01,1.90e+01
-1.89e+02,-7.99e+01,1.70e+01,1.20e+01
-3.13e+02,-1.16e+02,2.60e+01,1.90e+01
-2.42e+02,-7.76e+01,1.70e+01,1.30e+01
-1.74e+02,-7.73e+01,2.50e+01,1.80e+01
-2.48e+02,-9.12e+01,1.80e+01,1.30e+01
-2.52e+02,-1.03e+02,1.70e+01,1.20e+01
-1.78e+02,-7.74e+01,1.60e+01,1.20e+01
-1.82e+02,-7.66e+01,2.30e+01,1.40e+01
-1.81e+02,-8.81e+01,2.60e+01,1.90e+01
-1.78e+02,-8.84e+01,3.20e+01,1.90e+01
-3.72e+02,-1.39e+02,1.60e+01,1.20e+01
-1.77e+02,-7.38e+01,2.80e+01,1.90e+01
-1.90e+02,-8.73e+01,1.70e+01,1.20e+01
-2.32e+02,-7.98e+01,1.60e+01,1.20e+01
-1.86e+02,-8.36e+01,3.00e+01,1.90e+01
-1.77e+02,-7.26e+01,1.70e+01,1.20e+01
-1.74e+02,-9.13e+01,2.60e+01,1.90e+01
-1.83e+02,-1.00e+02,2.70e+01,1.80e+01
-2.54e+02,-1.06e+02,1.70e+01,1.30e+01
-1.74e+02,-6.94e+01,3.10e+01,1.90e+01
-1.74e+02,-8.75e+01,2.70e+01,1.80e+01
-2.46e+02,-9.60e+01,1.70e+01,1.20e+01
-1.79e+02,-9.33e+01,3.20e+01,2.00e+01
-3.89e+02,-1.63e+02,2.70e+01,1.90e+01
-2.17e+02,-7.85e+01,1.60e+01,1.20e+01
-5.00e+02,-5.00e+02,1.70e+01,1.20e+01
-1.83e+02,-8.33e+01,2.50e+01,1.80e+01
-1.98e+02,-1.13e+02,1.70e+01,1.20e+01
-3.05e+02,-1.17e+02,1.60e+01,1.20e+01
-1.94e+02,-1.06e+02,1.60e+01,1.20e+01
-1.83e+02,-8.38e+01,2.30e+01,1.40e+01
-1.74e+02,-7.28e+01,1.70e+01,1.20e+01
-1.71e+02,-7.55e+01,2.90e+01,2.00e+01
-1.83e+02,-8.84e+01,2.60e+01,1.90e+01
-2.29e+02,-1.27e+02,2.60e+01,1.80e+01
