-1.65e+02,-7.82e+01,5.60e+01,2.60e+01
-1.79e+02,-7.57e+01,4.60e+01,2.50e+01
-1.72e+02,-7.73e+01,4.80e+01,2.60e+01
-1.69e+02,-7.46e+01,5.70e+01,2.70e+01
-1.68e+02,-8.32e+01,4.60e+01,2.50e+01
-1.71e+02,-9.78e+01,5.40e+01,2.60e+01
-1.68e+02,-7.81e+01,4.90e+01,2.60e+01
-1.71e+02,-8.45e+01,5.40e+01,2.60e+01
-1.73e+02,-9.15e+01,4.60e+01,2.50e+01
-1.72e+02,-6.88e+01,5.60e+01,2.70e+01
-1.80e+02,-8.13e+01,4.60e+01,2.50e+01
-1.65e+02,-7.03e+01,4.70e+01,2.50e+01
-1.73e+02,-9.97e+01,4.90e+01,2.60e+01
-1.71e+02,-8.65e+01,4.60e+01,2.50e+01
-1.66e+02,-7.23e+01,4.70e+01,2.50e+01
-1.70e+02,-8.75e+01,4.90e+01,2.50e+01
-1.90e+02,-6.95e+01,4.60e+01,2.50e+01
-1.69e+02,-7.73e+01,4.70e+01,2.50e+01
-1.70e+02,-7.64e+01,5.90e+01,2.90e+01
-1.73e+02,-7.78e+01,4.60e+01,2.50e+01
-1.68e+02,-7.50e+01,5.40e+01,2.60e+01
-1.73e+02,-7.44e+01,4.80e+01,2.50e+01
-1.95e+02,-7.40e+01,4.70e+01,2.50e+01
-1.70e+02,-7.95e+01,5.40e+01,2.60e+01
-1.67e+02,-7.05e+01,4.60e+01,2.50e+01
-1.74e+02,-7.82e+01,4.70e+01,2.50e+01
-1.68e+02,-8.58e+01,5.50e+01,2.60e+01
-1.71e+02,-7.99e+01,4.60e+01,2.50e+01
-1.67e+02,-6.55e+01,4.70e+01,2.50e+01
-1.73e+02,-7.02e+01,5.40e+01,2.60e+01
-1.69e+02,-8.50e+01,4.80e+01,2.60e+01
-1.70e+02,-7.10e+01,4.60e+01,2.50e+01
-1.78e+02,-7.44e+01,4.70e+01,2.60e+01
-1.72e+02,-7.41e+01,5.40e+01,2.60e+01
-1.70e+02,-7.27e+01,4.60e+01,2.50e+01
-1.73e+02,-8.82e+01,4.90e+01,2.60e+01
-1.70e+02,-8.90e+01,4.70e+01,2.50e+01
-1.75e+02,-8.43e+01,4.80e+01,2.60e+01
-1.67e+02,-8.13e+01,5.50e+01,2.60e+01
-1.69e+02,-7.29e+01,4.60e+01,2.50e+01
-1.71e+02,-7.44e+01,5.10e+01,2.60e+01
-1.66e+02,-7.30e+01,4.60e+01,2.50e+01
-1.86e+02,-7.92e+01,4.60e+01,2.50e+01
-1.73e+02,-7.34e+01,5.80e+01,2.80e+01
-1.67e+02,-7.48e+01,5.40e+01,2.60e+01
-1.83e+02,-7.86e+01,4.60e+01,2.50e+01
-3.31e+02,-1.50e+02,4.60e+01,2.50e+01
-1.66e+02,-6.67e+01,4.60e+01,2.50e+01
-2.66e+02,-9.88e+01,4.80e+01,2.60e+01
-2.33e+02,-7.35e+01,4.60e+01,2.50e+01
-1.71e+02,-8.71e+01,4.80e+01,2.50e+01
-1.75e+02,-9.45e+01,4.90e+01,2.70e+01
-1.73e+02,-7.71e+01,4.60e+01,2.50e+01
-1.70e+02,-6.95e+01,4.70e+01,2.50e+01
-3.40e+02,-1.41e+02,4.70e+01,2.50e+01
-1.66e+02,-7.30e+01,5.70e+01,2.70e+01
-4.42e+02,-1.52e+02,4.60e+01,2.50e+01
-1.72e+02,-7.69e+01,4.80e+01,2.60e+01
-1.85e+02,-8.05e+01,4.80e+01,2.60e+01
-1.67e+02,-7.69e+01,4.60e+01,2.50e+01
-1.74e+02,-7.49e+01,4.80e+01,2.60e+01
-1.80e+02,-9.15e+01,4.90e+01,2.60e+01
-1.66e+02,-8.07e+01,5.70e+01,2.70e+01
-1.75e+02,-7.92e+01,5.50e+01,2.60e+01
-1.86e+02,-8.87e+01,4.80e+01,2.60e+01
-1.71e+02,-7.55e+01,4.70e+01,2.60e+01
-1.71e+02,-8.11e+01,4.90e+01,2.70e+01
-4.38e+02,-1.30e+02,4.60e+01,2.50e+01
-3.74e+02,-1.15e+02,5.40e+01,2.60e+01
-2.44e+02,-1.04e+02,4.70e+01,2.50e+01
-1.61e+02,-6.73e+01,5.70e+01,2.70e+01
-1.70e+02,-8.00e+01,4.70e+01,2.50e+01
-1.69e+02,-7.37e+01,4.60e+01,2.50e+01
-3.33e+02,-9.55e+01,5.00e+01,2.70e+01
-1.85e+02,-7.66e+01,4.60e+01,2.50e+01
-1.82e+02,-7.96e+01,4.90e+01,2.60e+01
-1.82e+02,-9.29e+01,5.80e+01,2.80e+01
-1.75e+02,-8.38e+01,4.70e+01,2.50e+01
-1.74e+02,-8.24e+01,4.70e+01,2.60e+01
-1.70e+02,-7.99e+01,5.40e+01,2.60e+01
-1.69e+02,-7.54e+01,4.60e+01,2.50e+01
-4.89e+02,-4.33e+02,4.60e+01,2.50e+01
-1.71e+02,-8.91e+01,4.60e+01,2.50e+01
-2.32e+02,-7.92e+01,4.60e+01,2.50e+01
-2.02e+02,-8.19e+01,4.70e+01,2.50e+01
-1.73e+02,-6.47e+01,4.90e+01,2.50e+01
-1.68e+02,-8.95e+01,5.40e+01,2.60e+01
-1.75e+02,-7.82e+01,4.70e+01,2.50e+01
-3.69e+02,-1.16e+02,5.60e+01,2.70e+01
-1.86e+02,-8.75e+01,5.80e+01,2.80e+01
-1.65e+02,-8.30e+01,4.90e+01,2.50e+01
-1.67e+02,-7.81e+01,4.70e+01,2.50e+01
-1.69e+02,-7.51e+01,4.80e+01,2.50e+01
-1.84e+02,-7.51e+01,5.40e+01,2.60e+01
-4.71e+02,-3.58e+02,4.80e+01,2.50e+01
-1.93e+02,-8.86e+01,5.40e+01,2.60e+01
-1.80e+02,-7.38e+01,4.70e+01,2.60e+01
-1.71e+02,-6.50e+01,4.70e+01,2.50e+01
-1.91e+02,-1.06e+02,4.80e+01,2.60e+01
-1.69e+02,-7.74e+01,4.70e+01,2.60e+01
-1.73e+02,-7.66e+01,4.80e+01,2.60e+01
-1.62e+02,-6.82e+01,4.70e+01,2.60e+01
-1.82e+02,-7.84e+01,4.80e+01,2.60e+01
-1.74e+02,-8.65e+01,4.60e+01,2.50e+01
-2.46e+02,-8.24e+01,4.70e+01,2.50e+01
-1.74e+02,-8.32e+01,5.40e+01,2.60e+01
-1.74e+02,-8.14e+01,4.90e+01,2.50e+01
-1.69e+02,-6.54e+01,5.40e+01,2.60e+01
-1.76e+02,-8.97e+01,4.60e+01,2.50e+01
-1.66e+02,-7.21e+01,4.90e+01,2.70e+01
-1.79e+02,-9.05e+01,4.70e+01,2.50e+01
-1.65e+02,-6.94e+01,5.40e+01,2.60e+01
-1.73e+02,-8.12e+01,5.80e+01,2.80e+01
-1.68e+02,-7.97e+01,5.40e+01,2.60e+01
-1.71e+02,-7.87e+01,5.80e+01,2.80e+01
-1.70e+02,-6.42e+01,5.70e+01,2.60e+01
-1.78e+02,-7.59e+01,5.70e+01,2.70e+01
-2.47e+02,-8.55e+01,5.70e+01,2.60e+01
-1.85e+02,-9.46e+01,4.70e+01,2.60e+01
-1.69e+02,-7.11e+01,4.70e+01,2.50e+01
-1.71e+02,-7.35e+01,4.70e+01,2.50e+01
-1.84e+02,-7.94e+01,4.80e+01,2.60e+01
-1.77e+02,-1.05e+02,4.70e+01,2.50e+01
-1.69e+02,-8.52e+01,5.40e+01,2.60e+01
-1.66e+02,-7.22e+01,5.60e+01,2.70e+01
-1.67e+02,-6.41e+01,4.70e+01,2.60e+01
-1.84e+02,-1.05e+02,4.60e+01,2.50e+01
-1.71e+02,-7.75e+01,4.60e+01,2.50e+01
-3.69e+02,-1.08e+02,5.40e+01,2.60e+01
-1.77e+02,-9.12e+01,4.80e+01,2.60e+01
-1.76e+02,-7.60e+01,5.90e+01,2.90e+01
-1.74e+02,-6.86e+01,4.80e+01,2.50e+01
-1.71e+02,-8.24e+01,5.80e+01,2.80e+01
-1.67e+02,-7.32e+01,5.40e+01,2.60e+01
-1.68e+02,-7.11e+01,4.70e+01,2.50e+01
-1.81e+02,-7.26e+01,4.70e+01,2.60e+01
-1.63e+02,-7.12e+01,5.40e+01,2.60e+01
-1.86e+02,-8.00e+01,4.80e+01,2.50e+01
-1.74e+02,-7.52e+01,4.60e+01,2.50e+01
-2.00e+02,-8.98e+01,4.60e+01,2.50e+01
-1.77e+02,-8.47e+01,4.70e+01,2.50e+01
-4.37e+02,-1.22e+02,4.90e+01,2.60e+01
-3.32e+02,-1.27e+02,4.90e+01,2.60e+01
-1.90e+02,-9.10e+01,5.80e+01,2.80e+01
-1.66e+02,-8.23e+01,5.90e+01,2.90e+01
-4.43e+02,-1.62e+02,4.70e+01,2.50e+01
-1.68e+02,-7.62e+01,5.00e+01,2.70e+01
-5.00e+02,-5.00e+02,4.80e+01,2.60e+01
-1.73e+02,-9.62e+01,4.70e+01,2.50e+01
-1.75e+02,-7.93e+01,4.60e+01,2.50e+01
-1.82e+02,-7.69e+01,4.60e+01,2.50e+01
-1.82e+02,-7.54e+01,4.70e+01,2.50e+01
-2.44e+02,-9.26e+01,5.50e+01,2.70e+01
-1.73e+02,-8.15e+01,4.60e+01,2.50e+01
-2.42e+02,-1.19e+02,5.00e+01,2.60e+01
-1.74e+02,-6.20e+01,4.90e+01,2.50e+01
-1.74e+02,-7.90e+01,4.70e+01,2.50e+01
-1.82e+02,-1.02e+02,5.40e+01,2.60e+01
-1.68e+02,-7.32e+01,5.50e+01,2.70e+01
-1.61e+02,-6.73e+01,5.40e+01,2.60e+01
-4.48e+02,-1.92e+02,4.60e+01,2.50e+01
-1.78e+02,-8.85e+01,4.70e+01,2.50e+01
-1.74e+02,-7.85e+01,4.60e+01,2.50e+01
-1.75e+02,-8.57e+01,4.70e+01,2.50e+01
-3.44e+02,-1.09e+02,4.70e+01,2.50e+01
-1.66e+02,-6.48e+01,5.00e+01,2.60e+01
-1.71e+02,-7.45e+01,4.70e+01,2.50e+01
-1.73e+02,-7.86e+01,5.60e+01,2.70e+01
-4.76e+02,-3.61e+02,4.80e+01,2.50e+01
-2.08e+02,-7.48e+01,4.60e+01,2.50e+01
-1.82e+02,-9.34e+01,4.70e+01,2.50e+01
-2.69e+02,-1.34e+02,4.70e+01,2.60e+01
-2.90e+02,-1.06e+02,4.80e+01,2.60e+01
-1.70e+02,-8.27e+01,5.00e+01,2.60e+01
-3.72e+02,-9.97e+01,5.60e+01,2.60e+01
-1.78e+02,-7.63e+01,5.90e+01,2.90e+01
-3.14e+02,-1.11e+02,4.60e+01,2.50e+01
-1.73e+02,-7.26e+01,4.60e+01,2.50e+01
-1.72e+02,-7.74e+01,5.40e+01,2.60e+01
-1.75e+02,-7.09e+01,4.60e+01,2.50e+01
-1.70e+02,-9.02e+01,4.60e+01,2.50e+01
-1.74e+02,-7.89e+01,4.80e+01,2.60e+01
-1.80e+02,-7.86e+01,4.70e+01,2.50e+01
-1.87e+02,-9.46e+01,6.00e+01,2.90e+01
-3.89e+02,-1.40e+02,5.00e+01,2.50e+01
-1.68e+02,-7.21e+01,4.80e+01,2.60e+01
-4.82e+02,-3.97e+02,4.90e+01,2.60e+01
-3.63e+02,-1.06e+02,5.40e+01,2.60e+01
-1.70e+02,-7.51e+01,5.10e+01,2.70e+01
-1.91e+02,-1.06e+02,5.40e+01,2.60e+01
-1.83e+02,-8.56e+01,4.60e+01,2.50e+01
-1.81e+02,-7.92e+01,4.60e+01,2.50e+01
