-1.70e+02,-8.18e+01,5.40e+01,2.60e+01
-1.70e+02,-8.52e+01,5.60e+01,2.70e+01
-1.76e+02,-7.35e+01,5.90e+01,2.80e+01
-1.66e+02,-7.58e+01,5.40e+01,2.60e+01
-1.63e+02,-7.54e+01,5.60e+01,2.70e+01
-1.65e+02,-7.41e+01,5.60e+01,2.70e+01
-1.81e+02,-8.42e+01,5.40e+01,2.60e+01
-1.75e+02,-7.80e+01,5.60e+01,2.70e+01
-1.68e+02,-8.47e+01,5.50e+01,2.60e+01
-1.83e+02,-1.06e+02,5.50e+01,2.70e+01
-1.67e+02,-7.88e+01,5.40e+01,2.60e+01
-1.73e+02,-7.47e+01,5.80e+01,2.80e+01
-1.66e+02,-7.27e+01,5.90e+01,2.80e+01
-1.63e+02,-7.62e+01,5.50e+01,2.70e+01
-1.69e+02,-6.23e+01,5.40e+01,2.60e+01
-1.70e+02,-8.43e+01,5.50e+01,2.60e+01
-1.69e+02,-7.89e+01,5.50e+01,2.70e+01
-1.79e+02,-7.90e+01,5.50e+01,2.60e+01
-1.71e+02,-7.60e+01,5.70e+01,2.70e+01
-1.68e+02,-7.03e+01,5.40e+01,2.60e+01
-1.71e+02,-7.16e+01,5.40e+01,2.60e+01
-1.73e+02,-7.38e+01,5.50e+01,2.70e+01
-1.71e+02,-8.93e+01,5.40e+01,2.60e+01
-1.63e+02,-6.91e+01,5.40e+01,2.60e+01
-1.69e+02,-7.54e+01,5.50e+01,2.60e+01
-1.72e+02,-7.61e+01,5.50e+01,2.60e+01
-1.74e+02,-7.12e+01,5.60e+01,2.60e+01
-1.64e+02,-8.29e+01,5.50e+01,2.70e+01
-1.82e+02,-8.15e+01,5.50e+01,2.60e+01
-1.67e+02,-6.97e+01,5.70e+01,2.70e+01
-1.80e+02,-8.26e+01,5.40e+01,2.60e+01
-1.68e+02,-6.91e+01,5.90e+01,2.80e+01
-1.73e+02,-7.53e+01,5.60e+01,2.70e+01
-1.70e+02,-7.86e+01,5.50e+01,2.60e+01
-1.86e+02,-1.02e+02,5.50e+01,2.60e+01
-1.81e+02,-7.03e+01,5.40e+01,2.60e+01
-1.68e+02,-7.87e+01,5.50e+01,2.60e+01
-1.67e+02,-6.24e+01,5.90e+01,2.80e+01
-1.72e+02,-7.72e+01,5.60e+01,2.70e+01
-1.72e+02,-7.63e+01,6.40e+01,3.10e+01
-3.72e+02,-1.04e+02,5.60e+01,2.60e+01
-1.63e+02,-7.61e+01,5.40e+01,2.60e+01
-1.61e+02,-6.73e+01,6.00e+01,2.80e+01
-2.20e+02,-1.04e+02,5.60e+01,2.70e+01
-1.65e+02,-8.11e+01,5.60e+01,2.70e+01
-1.79e+02,-9.06e+01,6.00e+01,2.90e+01
-1.79e+02,-7.65e+01,5.40e+01,2.60e+01
-1.67e+02,-7.42e+01,5.80e+01,2.80e+01
-1.80e+02,-9.33e+01,5.90e+01,2.80e+01
-1.72e+02,-7.15e+01,5.40e+01,2.60e+01
-1.65e+02,-7.25e+01,5.70e+01,2.80e+01
-1.75e+02,-8.33e+01,5.80e+01,2.80e+01
-1.75e+02,-8.80e+01,5.60e+01,2.70e+01
-1.71e+02,-7.62e+01,5.40e+01,2.60e+01
-1.68e+02,-6.98e+01,6.00e+01,2.80e+01
-1.63e+02,-7.85e+01,6.50e+01,3.10e+01
-1.68e+02,-8.21e+01,5.50e+01,2.70e+01
-1.76e+02,-8.80e+01,5.50e+01,2.60e+01
-1.68e+02,-7.38e+01,5.60e+01,2.70e+01
-1.78e+02,-6.51e+01,5.80e+01,2.80e+01
-1.69e+02,-8.47e+01,5.60e+01,2.60e+01
-1.67e+02,-7.28e+01,5.60e+01,2.60e+01
-1.68e+02,-7.44e+01,5.50e+01,2.70e+01
-3.17e+02,-9.87e+01,5.50e+01,2.70e+01
-3.17e+02,-8.84e+01,5.70e+01,2.70e+01
-2.14e+02,-8.85e+01,6.00e+01,2.80e+01
-1.69e+02,-6.45e+01,5.60e+01,2.70e+01
-3.66e+02,-8.42e+01,5.70e+01,2.70e+01
-3.14e+02,-1.09e+02,5.50e+01,2.60e+01
-1.77e+02,-8.16e+01,5.40e+01,2.60e+01
-1.80e+02,-6.56e+01,5.50e+01,2.60e+01
-1.71e+02,-8.72e+01,5.50e+01,2.60e+01
-1.62e+02,-5.94e+01,5.50e+01,2.60e+01
-1.66e+02,-7.84e+01,5.60e+01,2.70e+01
-1.73e+02,-7.08e+01,5.50e+01,2.70e+01
-1.67e+02,-8.94e+01,5.40e+01,2.60e+01
-1.73e+02,-7.48e+01,5.50e+01,2.70e+01
-3.16e+02,-9.12e+01,5.50e+01,2.60e+01
-1.66e+02,-7.54e+01,5.60e+01,2.70e+01
-1.72e+02,-7.21e+01,5.40e+01,2.60e+01
-1.65e+02,-7.49e+01,5.50e+01,2.70e+01
-1.66e+02,-7.98e+01,5.50e+01,2.60e+01
-1.71e+02,-7.89e+01,5.40e+01,2.60e+01
-1.74e+02,-9.49e+01,5.50e+01,2.70e+01
-1.68e+02,-8.04e+01,5.80e+01,2.80e+01
-1.62e+02,-8.08e+01,5.60e+01,2.70e+01
-1.65e+02,-7.42e+01,5.70e+01,2.70e+01
-1.68e+02,-7.81e+01,5.40e+01,2.60e+01
-1.67e+02,-7.63e+01,5.80e+01,2.80e+01
-2.41e+02,-9.23e+01,5.60e+01,2.70e+01
-1.71e+02,-7.12e+01,5.80e+01,2.80e+01
-1.67e+02,-6.93e+01,5.50e+01,2.70e+01
-3.86e+02,-1.20e+02,5.70e+01,2.70e+01
-2.10e+02,-9.35e+01,5.70e+01,2.70e+01
-1.62e+02,-7.26e+01,5.50e+01,2.60e+01
-1.70e+02,-8.43e+01,5.70e+01,2.70e+01
-1.79e+02,-8.06e+01,5.90e+01,2.80e+01
-1.80e+02,-9.49e+01,5.40e+01,2.60e+01
-1.70e+02,-8.79e+01,5.40e+01,2.60e+01
-1.74e+02,-8.14e+01,5.60e+01,2.70e+01
-1.79e+02,-8.66e+01,5.50e+01,2.60e+01
-1.77e+02,-9.09e+01,5.50e+01,2.60e+01
-1.79e+02,-9.01e+01,5.60e+01,2.70e+01
-1.69e+02,-8.23e+01,5.50e+01,2.60e+01
-2.19e+02,-7.92e+01,5.60e+01,2.70e+01
-1.73e+02,-8.75e+01,5.40e+01,2.60e+01
-2.41e+02,-1.11e+02,5.60e+01,2.70e+01
-1.80e+02,-8.85e+01,5.50e+01,2.70e+01
-3.62e+02,-1.06e+02,5.40e+01,2.60e+01
-1.67e+02,-8.43e+01,5.50e+01,2.60e+01
-1.64e+02,-7.72e+01,5.80e+01,2.80e+01
-1.68e+02,-7.07e+01,5.60e+01,2.60e+01
-1.83e+02,-7.79e+01,5.40e+01,2.60e+01
-3.84e+02,-1.42e+02,5.50e+01,2.60e+01
-1.67e+02,-7.96e+01,5.60e+01,2.70e+01
-1.68e+02,-7.77e+01,5.50e+01,2.60e+01
-1.75e+02,-8.56e+01,5.50e+01,2.70e+01
-4.40e+02,-2.55e+02,5.50e+01,2.60e+01
-1.67e+02,-8.02e+01,5.50e+01,2.70e+01
-1.66e+02,-7.21e+01,5.60e+01,2.60e+01
-1.65e+02,-7.72e+01,5.70e+01,2.80e+01
-2.43e+02,-8.45e+01,5.90e+01,2.80e+01
-1.77e+02,-8.41e+01,5.50e+01,2.70e+01
-1.77e+02,-6.61e+01,5.50e+01,2.70e+01
-1.85e+02,-6.81e+01,5.90e+01,2.80e+01
-1.77e+02,-7.20e+01,5.40e+01,2.60e+01
-1.68e+02,-6.56e+01,5.80e+01,2.80e+01
-2.44e+02,-9.63e+01,5.50e+01,2.60e+01
-1.66e+02,-8.12e+01,5.50e+01,2.60e+01
-1.74e+02,-6.72e+01,5.40e+01,2.60e+01
-5.00e+02,-5.00e+02,5.70e+01,2.70e+01
-3.16e+02,-1.11e+02,5.50e+01,2.60e+01
-1.69e+02,-9.00e+01,6.00e+01,2.80e+01
-1.65e+02,-6.86e+01,5.80e+01,2.80e+01
-1.66e+02,-8.29e+01,5.50e+01,2.70e+01
-1.75e+02,-7.86e+01,5.90e+01,2.80e+01
-4.70e+02,-3.46e+02,5.40e+01,2.60e+01
-1.64e+02,-8.11e+01,5.40e+01,2.60e+01
-1.71e+02,-9.10e+01,5.50e+01,2.60e+01
-1.61e+02,-6.86e+01,5.50e+01,2.60e+01
-1.66e+02,-6.85e+01,5.40e+01,2.60e+01
-1.62e+02,-7.58e+01,5.50e+01,2.60e+01
-1.90e+02,-7.58e+01,5.70e+01,2.70e+01
-1.99e+02,-7.45e+01,5.50e+01,2.70e+01
-1.69e+02,-8.50e+01,5.60e+01,2.70e+01
-1.87e+02,-7.32e+01,5.70e+01,2.70e+01
-1.75e+02,-7.67e+01,5.40e+01,2.60e+01
-1.90e+02,-7.84e+01,5.70e+01,2.70e+01
-2.01e+02,-6.54e+01,5.70e+01,2.70e+01
-1.71e+02,-8.35e+01,5.40e+01,2.60e+01
-1.75e+02,-7.17e+01,5.50e+01,2.70e+01
-1.69e+02,-8.36e+01,5.40e+01,2.60e+01
-1.92e+02,-9.90e+01,5.40e+01,2.60e+01
-1.67e+02,-6.89e+01,5.40e+01,2.60e+01
-3.58e+02,-1.06e+02,5.90e+01,2.80e+01
-1.71e+02,-7.41e+01,6.00e+01,2.80e+01
-1.64e+02,-6.72e+01,5.50e+01,2.70e+01
-2.28e+02,-1.05e+02,5.80e+01,2.70e+01
-1.88e+02,-9.43e+01,5.50e+01,2.70e+01
-1.71e+02,-8.12e+01,5.60e+01,2.70e+01
-1.70e+02,-8.46e+01,5.60e+01,2.70e+01
-1.68e+02,-8.35e+01,5.90e+01,2.80e+01
-1.69e+02,-7.10e+01,5.50e+01,2.60e+01
-1.74e+02,-7.69e+01,5.80e+01,2.80e+01
-1.69e+02,-7.20e+01,5.50e+01,2.60e+01
-1.67e+02,-8.46e+01,5.40e+01,2.60e+01
-1.67e+02,-7.92e+01,5.50e+01,2.70e+01
-1.65e+02,-8.11e+01,5.60e+01,2.70e+01
-1.77e+02,-8.87e+01,5.50e+01,2.60e+01
-2.26e+02,-8.08e+01,5.40e+01,2.60e+01
-1.96e+02,-8.73e+01,5.60e+01,2.70e+01
-1.77e+02,-8.77e+01,5.80e+01,2.80e+01
-1.74e+02,-8.24e+01,5.50e+01,2.70e+01
-1.72e+02,-7.10e+01,5.70e+01,2.80e+01
-1.72e+02,-7.57e+01,5.50e+01,2.60e+01
-1.72e+02,-7.91e+01,5.70e+01,2.70e+01
-1.77e+02,-7.92e+01,5.50e+01,2.60e+01
-1.73e+02,-9.04e+01,5.40e+01,2.60e+01
-3.36e+02,-1.14e+02,5.70e+01,2.60e+01
-1.84e+02,-8.46e+01,5.70e+01,2.80e+01
-2.50e+02,-7.87e+01,5.70e+01,2.70e+01
-1.73e+02,-9.14e+01,5.40e+01,2.60e+01
-1.70e+02,-8.77e+01,5.60e+01,2.70e+01
-1.85e+02,-8.39e+01,5.40e+01,2.60e+01
-1.73e+02,-8.60e+01,5.90e+01,2.80e+01
-1.73e+02,-8.85e+01,5.60e+01,2.60e+01
-1.77e+02,-8.43e+01,5.50e+01,2.70e+01
-1.73e+02,-8.92e+01,5.40e+01,2.60e+01
-1.66e+02,-7.37e+01,5.90e+01,2.80e+01
-3.16e+02,-9.59e+01,5.50e+01,2.60e+01
-4.69e+02,-3.21e+02,5.60e+01,2.60e+01
-1.68e+02,-8.03e+01,5.50e+01,2.70e+01
