-1.64e+02,-7.23e+01,8.10e+01,3.70e+01
-1.73e+02,-8.02e+01,6.00e+01,3.00e+01
-1.68e+02,-7.38e+01,6.60e+01,3.20e+01
-1.69e+02,-6.31e+01,6.30e+01,3.10e+01
-1.73e+02,-7.52e+01,6.00e+01,3.00e+01
-1.68e+02,-7.25e+01,6.10e+01,3.00e+01
-1.93e+02,-8.78e+01,7.90e+01,3.60e+01
-1.67e+02,-8.95e+01,6.00e+01,3.00e+01
-1.73e+02,-8.08e+01,6.30e+01,3.10e+01
-1.66e+02,-9.25e+01,6.10e+01,3.00e+01
-1.60e+02,-6.89e+01,6.10e+01,3.00e+01
-1.65e+02,-7.67e+01,6.00e+01,3.00e+01
-1.65e+02,-7.30e+01,6.10e+01,3.00e+01
-1.66e+02,-7.58e+01,6.00e+01,3.00e+01
-1.69e+02,-8.00e+01,6.60e+01,3.20e+01
-1.75e+02,-6.47e+01,6.00e+01,3.00e+01
-1.72e+02,-7.20e+01,6.20e+01,3.00e+01
-1.75e+02,-6.71e+01,6.10e+01,3.00e+01
-1.79e+02,-6.20e+01,7.80e+01,3.60e+01
-1.78e+02,-7.46e+01,6.00e+01,3.00e+01
-1.71e+02,-7.98e+01,6.20e+01,3.10e+01
-1.59e+02,-7.34e+01,7.70e+01,3.60e+01
-1.66e+02,-8.60e+01,6.10e+01,3.00e+01
-1.64e+02,-7.77e+01,8.00e+01,3.70e+01
-1.75e+02,-8.00e+01,6.00e+01,3.00e+01
-1.61e+02,-6.90e+01,7.70e+01,3.60e+01
-1.71e+02,-7.94e+01,6.40e+01,3.20e+01
-1.75e+02,-8.40e+01,6.10e+01,3.00e+01
-1.63e+02,-6.84e+01,6.20e+01,3.10e+01
-1.63e+02,-7.86e+01,8.10e+01,3.70e+01
-1.64e+02,-8.47e+01,6.00e+01,3.00e+01
-1.64e+02,-6.93e+01,6.40e+01,3.20e+01
-1.61e+02,-7.43e+01,7.70e+01,3.60e+01
-1.67e+02,-8.59e+01,6.10e+01,3.00e+01
-1.67e+02,-7.81e+01,6.20e+01,3.10e+01
-1.67e+02,-6.84e+01,7.90e+01,3.60e+01
-1.68e+02,-7.58e+01,6.30e+01,3.10e+01
-1.65e+02,-7.31e+01,8.10e+01,3.80e+01
-1.68e+02,-7.96e+01,6.00e+01,3.00e+01
-1.63e+02,-7.09e+01,6.60e+01,3.20e+01
-2.46e+02,-9.24e+01,7.90e+01,3.60e+01
-1.76e+02,-8.33e+01,6.10e+01,3.00e+01
-1.66e+02,-7.53e+01,6.30e+01,3.10e+01
-1.67e+02,-7.67e+01,6.20e+01,3.10e+01
-1.67e+02,-7.62e+01,6.00e+01,3.00e+01
-1.71e+02,-8.44e+01,6.00e+01,3.00e+01
-1.82e+02,-7.60e+01,8.00e+01,3.70e+01
-1.73e+02,-7.67e+01,6.20e+01,3.10e+01
-1.77e+02,-8.27e+01,7.90e+01,3.60e+01
-1.60e+02,-6.80e+01,6.00e+01,3.00e+01
-1.76e+02,-9.11e+01,6.20e+01,3.10e+01
-1.71e+02,-8.45e+01,6.10e+01,3.00e+01
-1.72e+02,-8.98e+01,6.00e+01,3.00e+01
-1.63e+02,-7.14e+01,6.40e+01,3.20e+01
-1.68e+02,-6.72e+01,7.90e+01,3.60e+01
-1.65e+02,-7.39e+01,7.70e+01,3.60e+01
-3.80e+02,-1.38e+02,6.10e+01,3.00e+01
-1.73e+02,-7.61e+01,6.10e+01,3.00e+01
-1.69e+02,-8.05e+01,8.10e+01,3.70e+01
-1.84e+02,-9.74e+01,6.10e+01,3.00e+01
-1.87e+02,-7.10e+01,6.00e+01,3.00e+01
-2.09e+02,-7.65e+01,6.30e+01,3.10e+01
-2.03e+02,-7.96e+01,6.60e+01,3.20e+01
-1.70e+02,-8.03e+01,6.00e+01,3.00e+01
-1.67e+02,-7.48e+01,6.20e+01,3.10e+01
-1.70e+02,-8.62e+01,6.30e+01,3.10e+01
-1.81e+02,-1.03e+02,6.00e+01,3.00e+01
-5.00e+02,-5.00e+02,6.60e+01,3.20e+01
-1.64e+02,-6.44e+01,6.20e+01,3.10e+01
-1.78e+02,-8.09e+01,6.60e+01,3.30e+01
-1.67e+02,-7.84e+01,6.60e+01,3.20e+01
-1.80e+02,-8.04e+01,6.20e+01,3.10e+01
-1.88e+02,-8.06e+01,6.10e+01,3.10e+01
-1.59e+02,-6.78e+01,6.60e+01,3.20e+01
-1.70e+02,-7.90e+01,6.10e+01,3.00e+01
-2.24e+02,-6.93e+01,6.70e+01,3.30e+01
-1.61e+02,-6.89e+01,6.50e+01,3.20e+01
-1.89e+02,-6.88e+01,6.40e+01,3.20e+01
-1.68e+02,-7.72e+01,8.00e+01,3.60e+01
-1.97e+02,-7.98e+01,6.00e+01,3.00e+01
-1.68e+02,-8.20e+01,6.60e+01,3.20e+01
-1.74e+02,-7.67e+01,6.20e+01,3.10e+01
-2.52e+02,-1.14e+02,6.10e+01,3.00e+01
-2.32e+02,-7.92e+01,7.80e+01,3.70e+01
-1.71e+02,-8.13e+01,8.10e+01,3.70e+01
-1.69e+02,-6.68e+01,6.10e+01,3.00e+01
-1.72e+02,-7.23e+01,6.10e+01,3.00e+01
-1.63e+02,-6.75e+01,6.10e+01,3.00e+01
-1.77e+02,-9.80e+01,6.20e+01,3.10e+01
-1.71e+02,-8.22e+01,6.10e+01,3.00e+01
-1.71e+02,-6.99e+01,6.00e+01,3.00e+01
-3.42e+02,-1.19e+02,7.90e+01,3.60e+01
-1.72e+02,-7.21e+01,6.10e+01,3.00e+01
-1.79e+02,-7.34e+01,8.30e+01,3.80e+01
-2.02e+02,-1.01e+02,6.10e+01,3.10e+01
-2.47e+02,-6.75e+01,6.70e+01,3.20e+01
-1.62e+02,-7.23e+01,7.70e+01,3.60e+01
-1.73e+02,-8.10e+01,8.20e+01,3.90e+01
-1.67e+02,-7.16e+01,6.50e+01,3.20e+01
-1.84e+02,-8.22e+01,6.10e+01,3.00e+01
-1.68e+02,-7.92e+01,6.00e+01,3.00e+01
-1.64e+02,-6.42e+01,6.60e+01,3.20e+01
-1.72e+02,-8.65e+01,6.00e+01,3.00e+01
-1.61e+02,-7.70e+01,6.60e+01,3.20e+01
-1.68e+02,-7.78e+01,6.00e+01,3.00e+01
-1.67e+02,-7.24e+01,6.10e+01,3.00e+01
-2.02e+02,-8.43e+01,6.00e+01,3.00e+01
-1.68e+02,-8.06e+01,6.90e+01,3.30e+01
-1.65e+02,-7.23e+01,6.30e+01,3.10e+01
-1.66e+02,-8.06e+01,6.00e+01,3.00e+01
-1.68e+02,-7.93e+01,6.20e+01,3.10e+01
-1.66e+02,-7.93e+01,6.20e+01,3.10e+01
-1.76e+02,-8.30e+01,6.30e+01,3.10e+01
-1.72e+02,-7.93e+01,7.80e+01,3.70e+01
-1.72e+02,-8.13e+01,6.00e+01,3.00e+01
-2.18e+02,-1.05e+02,7.90e+01,3.60e+01
-1.74e+02,-8.40e+01,6.40e+01,3.20e+01
-3.35e+02,-9.53e+01,6.10e+01,3.00e+01
-1.90e+02,-8.16e+01,8.00e+01,3.70e+01
-1.65e+02,-7.47e+01,6.10e+01,3.00e+01
-1.67e+02,-7.85e+01,6.30e+01,3.10e+01
-2.06e+02,-8.93e+01,7.80e+01,3.60e+01
-3.17e+02,-1.04e+02,8.00e+01,3.60e+01
-1.93e+02,-9.17e+01,6.00e+01,3.00e+01
-1.68e+02,-6.80e+01,6.60e+01,3.20e+01
-1.82e+02,-9.74e+01,6.10e+01,3.00e+01
-1.72e+02,-7.24e+01,6.40e+01,3.10e+01
-1.66e+02,-7.05e+01,7.80e+01,3.60e+01
-1.69e+02,-8.12e+01,7.70e+01,3.60e+01
-1.69e+02,-8.41e+01,6.00e+01,3.00e+01
-1.69e+02,-7.29e+01,6.20e+01,3.00e+01
-1.79e+02,-6.93e+01,6.20e+01,3.00e+01
-1.62e+02,-7.19e+01,6.30e+01,3.10e+01
-1.62e+02,-7.92e+01,6.60e+01,3.20e+01
-1.66e+02,-8.92e+01,6.60e+01,3.20e+01
-1.80e+02,-7.80e+01,7.70e+01,3.60e+01
-2.15e+02,-9.19e+01,6.00e+01,3.00e+01
-1.84e+02,-8.72e+01,6.00e+01,3.00e+01
-1.65e+02,-6.36e+01,6.00e+01,3.00e+01
-1.65e+02,-7.00e+01,8.00e+01,3.60e+01
-1.77e+02,-8.34e+01,7.80e+01,3.60e+01
-2.52e+02,-1.43e+02,7.90e+01,3.60e+01
-1.70e+02,-6.75e+01,8.10e+01,3.70e+01
-1.73e+02,-8.16e+01,8.10e+01,3.70e+01
-1.62e+02,-6.26e+01,6.00e+01,3.00e+01
-2.04e+02,-7.43e+01,6.00e+01,3.00e+01
-1.79e+02,-8.49e+01,6.10e+01,3.00e+01
-4.29e+02,-1.33e+02,7.70e+01,3.60e+01
-2.56e+02,-9.05e+01,6.20e+01,3.10e+01
-3.53e+02,-7.95e+01,6.20e+01,3.00e+01
-1.71e+02,-7.26e+01,6.60e+01,3.20e+01
-1.78e+02,-8.52e+01,6.00e+01,3.00e+01
-1.62e+02,-7.85e+01,8.10e+01,3.70e+01
-2.57e+02,-1.13e+02,7.90e+01,3.60e+01
-1.63e+02,-6.07e+01,7.70e+01,3.60e+01
-1.77e+02,-7.44e+01,6.20e+01,3.00e+01
-1.65e+02,-7.25e+01,6.80e+01,3.30e+01
-1.80e+02,-9.34e+01,6.00e+01,3.00e+01
-1.67e+02,-7.45e+01,6.20e+01,3.00e+01
-2.41e+02,-1.01e+02,6.10e+01,3.00e+01
-1.68e+02,-6.99e+01,6.50e+01,3.20e+01
-2.12e+02,-6.60e+01,6.10e+01,3.00e+01
-1.62e+02,-6.72e+01,6.40e+01,3.20e+01
-1.77e+02,-8.70e+01,6.40e+01,3.10e+01
-2.27e+02,-8.40e+01,8.10e+01,3.80e+01
-1.91e+02,-6.94e+01,6.10e+01,3.10e+01
-1.77e+02,-7.58e+01,6.40e+01,3.20e+01
-2.42e+02,-7.17e+01,6.00e+01,3.00e+01
-1.68e+02,-7.56e+01,6.10e+01,3.00e+01
-1.65e+02,-6.78e+01,6.00e+01,3.00e+01
-1.66e+02,-6.88e+01,8.00e+01,3.70e+01
-1.75e+02,-8.54e+01,6.10e+01,3.00e+01
-1.71e+02,-7.46e+01,6.30e+01,3.10e+01
-1.75e+02,-8.39e+01,8.10e+01,3.70e+01
-1.72e+02,-8.41e+01,6.30e+01,3.10e+01
-2.09e+02,-7.84e+01,6.00e+01,3.00e+01
-3.39e+02,-1.33e+02,6.10e+01,3.00e+01
-1.66e+02,-8.56e+01,6.20e+01,3.00e+01
-3.80e+02,-1.16e+02,8.20e+01,3.80e+01
-1.66e+02,-7.61e+01,6.80e+01,3.30e+01
-1.72e+02,-8.49e+01,6.20e+01,3.00e+01
-1.68e+02,-7.40e+01,6.30e+01,3.10e+01
-1.84e+02,-8.49e+01,6.60e+01,3.20e+01
-1.68e+02,-8.28e+01,6.00e+01,3.00e+01
-2.02e+02,-9.79e+01,6.40e+01,3.20e+01
-1.62e+02,-7.73e+01,6.10e+01,3.00e+01
-1.75e+02,-7.78e+01,6.00e+01,3.00e+01
-1.72e+02,-6.86e+01,8.00e+01,3.70e+01
-1.67e+02,-7.48e+01,6.30e+01,3.10e+01
-3.83e+02,-1.39e+02,7.80e+01,3.60e+01
-1.74e+02,-7.01e+01,6.40e+01,3.10e+01
-1.77e+02,-7.39e+01,6.60e+01,3.20e+01
