-1.63e+02,-7.57e+01,6.00e+01,3.00e+01
-1.66e+02,-6.54e+01,8.00e+01,3.70e+01
-1.63e+02,-6.76e+01,6.10e+01,3.00e+01
-1.67e+02,-6.68e+01,7.00e+01,3.50e+01
-1.69e+02,-7.62e+01,6.00e+01,3.00e+01
-1.67e+02,-6.84e+01,8.00e+01,3.60e+01
-1.71e+02,-7.61e+01,6.40e+01,3.10e+01
-1.63e+02,-7.66e+01,6.10e+01,3.00e+01
-1.69e+02,-6.98e+01,6.00e+01,3.00e+01
-1.67e+02,-7.08e+01,6.30e+01,3.10e+01
-1.59e+02,-6.73e+01,6.10e+01,3.00e+01
-1.66e+02,-7.24e+01,6.00e+01,3.00e+01
-1.62e+02,-7.54e+01,8.00e+01,3.60e+01
-1.66e+02,-7.83e+01,6.20e+01,3.00e+01
-1.74e+02,-9.05e+01,6.10e+01,3.00e+01
-1.65e+02,-7.50e+01,6.00e+01,3.00e+01
-1.65e+02,-8.11e+01,6.20e+01,3.00e+01
-1.66e+02,-7.81e+01,6.10e+01,3.00e+01
-1.75e+02,-7.86e+01,6.00e+01,3.00e+01
-1.67e+02,-7.80e+01,7.00e+01,3.50e+01
-1.67e+02,-7.58e+01,6.30e+01,3.10e+01
-1.70e+02,-6.68e+01,6.10e+01,3.00e+01
-1.77e+02,-7.76e+01,6.20e+01,3.00e+01
-1.75e+02,-8.88e+01,6.00e+01,3.00e+01
-1.75e+02,-9.32e+01,8.00e+01,3.60e+01
-1.71e+02,-7.15e+01,6.30e+01,3.10e+01
-1.67e+02,-7.44e+01,6.10e+01,3.00e+01
-1.67e+02,-7.34e+01,6.20e+01,3.00e+01
-1.71e+02,-8.54e+01,6.00e+01,3.00e+01
-1.62e+02,-7.27e+01,8.00e+01,3.60e+01
-1.71e+02,-6.50e+01,6.30e+01,3.10e+01
-1.70e+02,-7.71e+01,6.20e+01,3.00e+01
-1.72e+02,-7.89e+01,6.10e+01,3.00e+01
-1.77e+02,-7.79e+01,6.00e+01,3.00e+01
-1.66e+02,-7.37e+01,8.10e+01,3.80e+01
-1.89e+02,-8.69e+01,6.20e+01,3.10e+01
-1.63e+02,-7.61e+01,6.30e+01,3.00e+01
-1.69e+02,-9.05e+01,7.10e+01,3.50e+01
-1.69e+02,-8.18e+01,6.10e+01,3.00e+01
-1.74e+02,-8.51e+01,6.90e+01,3.40e+01
-2.54e+02,-7.04e+01,6.10e+01,3.00e+01
-1.70e+02,-8.02e+01,6.00e+01,3.00e+01
-1.70e+02,-8.62e+01,6.10e+01,3.00e+01
-2.16e+02,-8.17e+01,8.00e+01,3.60e+01
-2.40e+02,-1.07e+02,6.10e+01,3.10e+01
-1.77e+02,-8.31e+01,6.00e+01,3.00e+01
-1.63e+02,-8.07e+01,8.20e+01,3.70e+01
-1.66e+02,-8.84e+01,6.00e+01,3.00e+01
-3.10e+02,-1.19e+02,6.00e+01,3.00e+01
-1.78e+02,-7.18e+01,8.00e+01,3.60e+01
-2.36e+02,-1.03e+02,6.30e+01,3.10e+01
-3.79e+02,-1.56e+02,6.00e+01,3.00e+01
-1.64e+02,-7.63e+01,7.30e+01,3.60e+01
-2.64e+02,-6.46e+01,6.10e+01,3.10e+01
-1.65e+02,-7.69e+01,8.00e+01,3.60e+01
-1.68e+02,-7.15e+01,6.20e+01,3.10e+01
-1.59e+02,-7.18e+01,6.40e+01,3.10e+01
-5.00e+02,-5.00e+02,6.10e+01,3.00e+01
-1.90e+02,-9.23e+01,6.20e+01,3.10e+01
-1.69e+02,-8.55e+01,6.00e+01,3.00e+01
-1.72e+02,-8.57e+01,6.40e+01,3.10e+01
-1.74e+02,-8.39e+01,6.10e+01,3.10e+01
-1.61e+02,-7.48e+01,6.10e+01,3.00e+01
-1.60e+02,-7.14e+01,8.00e+01,3.60e+01
-2.27e+02,-9.91e+01,6.10e+01,3.00e+01
-1.67e+02,-8.27e+01,6.30e+01,3.10e+01
-1.75e+02,-6.59e+01,6.00e+01,3.00e+01
-1.63e+02,-7.17e+01,6.20e+01,3.00e+01
-1.70e+02,-7.94e+01,8.10e+01,3.60e+01
-1.67e+02,-7.19e+01,7.00e+01,3.50e+01
-4.70e+02,-3.19e+02,6.10e+01,3.00e+01
-1.64e+02,-7.56e+01,8.00e+01,3.60e+01
-1.88e+02,-8.63e+01,6.30e+01,3.00e+01
-1.87e+02,-8.52e+01,7.00e+01,3.50e+01
-3.72e+02,-1.03e+02,6.20e+01,3.00e+01
-1.72e+02,-8.04e+01,6.10e+01,3.00e+01
-1.92e+02,-9.42e+01,6.10e+01,3.00e+01
-1.64e+02,-7.45e+01,8.00e+01,3.60e+01
-2.02e+02,-7.99e+01,7.30e+01,3.60e+01
-1.60e+02,-7.46e+01,6.10e+01,3.00e+01
-1.99e+02,-7.72e+01,6.20e+01,3.00e+01
-1.73e+02,-7.44e+01,6.20e+01,3.00e+01
-2.52e+02,-7.56e+01,6.10e+01,3.00e+01
-1.75e+02,-9.78e+01,6.00e+01,3.00e+01
-1.60e+02,-7.13e+01,6.00e+01,3.00e+01
-1.80e+02,-9.28e+01,8.00e+01,3.60e+01
-1.68e+02,-8.77e+01,6.00e+01,3.00e+01
-4.83e+02,-4.00e+02,6.10e+01,3.00e+01
-1.85e+02,-8.52e+01,6.30e+01,3.10e+01
-2.51e+02,-7.85e+01,6.20e+01,3.10e+01
-1.78e+02,-9.33e+01,8.00e+01,3.60e+01
-3.06e+02,-7.98e+01,6.20e+01,3.00e+01
-1.79e+02,-9.18e+01,6.90e+01,3.40e+01
-1.69e+02,-8.34e+01,6.20e+01,3.00e+01
-2.11e+02,-7.17e+01,6.20e+01,3.00e+01
-1.72e+02,-7.93e+01,6.20e+01,3.00e+01
-1.67e+02,-8.44e+01,6.30e+01,3.10e+01
-1.69e+02,-8.17e+01,8.00e+01,3.60e+01
-1.69e+02,-8.26e+01,6.00e+01,3.00e+01
-1.72e+02,-7.39e+01,6.20e+01,3.10e+01
-1.86e+02,-7.23e+01,7.00e+01,3.50e+01
-1.67e+02,-7.90e+01,6.10e+01,3.00e+01
-1.78e+02,-6.78e+01,7.00e+01,3.50e+01
-1.64e+02,-6.91e+01,6.30e+01,3.00e+01
-2.09e+02,-9.37e+01,7.20e+01,3.50e+01
-1.71e+02,-6.95e+01,6.00e+01,3.00e+01
-1.61e+02,-7.57e+01,6.10e+01,3.10e+01
-4.73e+02,-3.41e+02,6.30e+01,3.00e+01
-1.68e+02,-7.19e+01,6.10e+01,3.00e+01
-4.99e+02,-4.98e+02,7.00e+01,3.50e+01
-1.78e+02,-8.18e+01,6.10e+01,3.00e+01
-1.68e+02,-8.37e+01,6.10e+01,3.00e+01
-1.67e+02,-7.42e+01,6.10e+01,3.00e+01
-1.64e+02,-8.11e+01,6.50e+01,3.10e+01
-1.79e+02,-8.65e+01,8.00e+01,3.70e+01
-1.61e+02,-7.49e+01,6.20e+01,3.00e+01
-1.71e+02,-7.41e+01,6.30e+01,3.10e+01
-1.65e+02,-6.96e+01,6.20e+01,3.10e+01
-1.65e+02,-7.22e+01,6.00e+01,3.00e+01
-1.69e+02,-7.34e+01,6.10e+01,3.00e+01
-1.65e+02,-7.94e+01,7.10e+01,3.60e+01
-1.65e+02,-7.28e+01,6.00e+01,3.00e+01
-1.79e+02,-7.93e+01,6.10e+01,3.00e+01
-1.66e+02,-8.31e+01,6.30e+01,3.10e+01
-2.97e+02,-1.18e+02,6.40e+01,3.10e+01
-1.68e+02,-7.77e+01,8.10e+01,3.70e+01
-1.67e+02,-7.74e+01,7.10e+01,3.50e+01
-1.68e+02,-8.31e+01,6.30e+01,3.10e+01
-1.83e+02,-8.46e+01,6.00e+01,3.00e+01
-3.11e+02,-9.90e+01,6.10e+01,3.00e+01
-3.32e+02,-1.27e+02,6.10e+01,3.00e+01
-1.66e+02,-6.95e+01,6.10e+01,3.00e+01
-1.75e+02,-7.95e+01,6.00e+01,3.00e+01
-1.76e+02,-7.53e+01,6.20e+01,3.00e+01
-1.66e+02,-6.84e+01,6.00e+01,3.00e+01
-3.20e+02,-9.72e+01,6.10e+01,3.00e+01
-2.98e+02,-7.22e+01,7.20e+01,3.50e+01
-1.71e+02,-7.68e+01,8.00e+01,3.60e+01
-1.70e+02,-8.99e+01,6.20e+01,3.00e+01
-1.85e+02,-1.05e+02,7.00e+01,3.50e+01
-1.69e+02,-8.13e+01,6.00e+01,3.00e+01
-1.79e+02,-8.13e+01,7.00e+01,3.50e+01
-1.63e+02,-7.10e+01,8.00e+01,3.70e+01
-1.77e+02,-8.12e+01,6.00e+01,3.00e+01
-2.46e+02,-8.44e+01,6.10e+01,3.00e+01
-1.81e+02,-7.18e+01,6.20e+01,3.00e+01
-1.63e+02,-7.30e+01,8.10e+01,3.60e+01
-1.74e+02,-7.51e+01,8.10e+01,3.60e+01
-3.79e+02,-1.11e+02,6.20e+01,3.10e+01
-1.66e+02,-7.59e+01,6.90e+01,3.40e+01
-1.69e+02,-8.43e+01,6.30e+01,3.10e+01
-4.74e+02,-3.93e+02,6.00e+01,3.00e+01
-1.77e+02,-7.35e+01,6.00e+01,3.00e+01
-1.59e+02,-6.82e+01,6.30e+01,3.10e+01
-1.67e+02,-6.82e+01,6.60e+01,3.20e+01
-1.68e+02,-8.74e+01,6.10e+01,3.10e+01
-1.77e+02,-8.44e+01,8.00e+01,3.60e+01
-1.67e+02,-7.51e+01,6.30e+01,3.10e+01
-1.67e+02,-8.00e+01,6.10e+01,3.00e+01
-2.75e+02,-1.23e+02,6.20e+01,3.10e+01
-1.65e+02,-7.72e+01,6.10e+01,3.00e+01
-1.71e+02,-9.05e+01,6.10e+01,3.00e+01
-4.77e+02,-4.12e+02,6.30e+01,3.10e+01
-1.70e+02,-6.98e+01,6.20e+01,3.00e+01
-3.02e+02,-9.58e+01,6.10e+01,3.00e+01
-2.44e+02,-8.40e+01,6.00e+01,3.00e+01
-1.70e+02,-7.20e+01,6.00e+01,3.00e+01
-5.00e+02,-5.00e+02,6.10e+01,3.00e+01
-3.43e+02,-1.53e+02,6.20e+01,3.00e+01
-2.09e+02,-9.37e+01,6.10e+01,3.00e+01
-1.61e+02,-7.38e+01,8.00e+01,3.70e+01
-2.38e+02,-8.57e+01,6.00e+01,3.00e+01
-1.65e+02,-8.21e+01,6.00e+01,3.00e+01
-1.68e+02,-7.66e+01,6.10e+01,3.00e+01
-1.63e+02,-7.66e+01,6.30e+01,3.10e+01
-1.68e+02,-8.72e+01,6.20e+01,3.10e+01
-2.02e+02,-8.39e+01,6.30e+01,3.10e+01
-4.43e+02,-1.60e+02,8.00e+01,3.60e+01
-1.64e+02,-7.09e+01,6.20e+01,3.10e+01
-1.69e+02,-8.21e+01,8.10e+01,3.70e+01
-1.85e+02,-6.80e+01,8.00e+01,3.60e+01
-3.68e+02,-1.15e+02,6.20e+01,3.00e+01
-1.71e+02,-7.35e+01,6.00e+01,3.00e+01
-1.68e+02,-7.23e+01,6.30e+01,3.10e+01
-3.40e+02,-1.05e+02,8.00e+01,3.70e+01
-1.87e+02,-7.95e+01,7.10e+01,3.50e+01
-1.72e+02,-8.09e+01,7.00e+01,3.50e+01
-1.69e+02,-8.63e+01,6.30e+01,3.00e+01
-1.66e+02,-7.95e+01,6.20e+01,3.00e+01
-1.70e+02,-7.62e+01,7.00e+01,3.50e+01
-1.68e+02,-8.07e+01,6.30e+01,3.10e+01
-1.67e+02,-8.41e+01,6.00e+01,3.00e+01
