-5.01e+01,-3.54e+01,1.60e+01,1.30e+01
-4.83e+01,-3.54e+01,1.80e+01,1.30e+01
-4.83e+01,-3.54e+01,1.80e+01,1.30e+01
-5.01e+01,-3.54e+01,1.60e+01,1.30e+01
-5.01e+01,-3.54e+01,1.60e+01,1.30e+01
-4.83e+01,-3.54e+01,1.80e+01,1.30e+01
-4.83e+01,-3.54e+01,1.80e+01,1.30e+01
-5.01e+01,-3.54e+01,1.60e+01,1.30e+01
-5.01e+01,-3.54e+01,1.60e+01,1.30e+01
-4.83e+01,-3.54e+01,1.80e+01,1.30e+01
-5.01e+01,-3.54e+01,1.60e+01,1.30e+01
-5.01e+01,-3.54e+01,1.60e+01,1.30e+01
-5.01e+01,-3.54e+01,1.60e+01,1.30e+01
-4.83e+01,-3.54e+01,1.90e+01,1.40e+01
-4.83e+01,-3.54e+01,1.90e+01,1.30e+01
-5.01e+01,-3.54e+01,1.60e+01,1.30e+01
-5.01e+01,-3.54e+01,1.70e+01,1.40e+01
-5.01e+01,-3.54e+01,1.70e+01,1.40e+01
-5.01e+01,-3.54e+01,1.70e+01,1.40e+01
-5.01e+01,-3.54e+01,1.70e+01,1.40e+01
-5.01e+01,-3.54e+01,1.70e+01,1.40e+01
-5.01e+01,-3.54e+01,1.70e+01,1.30e+01
-5.01e+01,-3.54e+01,1.70e+01,1.30e+01
-5.01e+01,-3.54e+01,1.60e+01,1.30e+01
-5.01e+01,-3.54e+01,1.80e+01,1.40e+01
-5.01e+01,-3.54e+01,1.70e+01,1.40e+01
-5.01e+01,-3.54e+01,1.60e+01,1.30e+01
-5.01e+01,-3.54e+01,1.60e+01,1.30e+01
-5.01e+01,-3.54e+01,1.60e+01,1.30e+01
-5.01e+01,-3.54e+01,1.60e+01,1.30e+01
-5.42e+01,-3.54e+01,1.80e+01,1.30e+01
-1.25e+02,-4.30e+01,1.60e+01,1.30e+01
-5.16e+01,-3.54e+01,1.90e+01,1.40e+01
-2.10e+02,-4.14e+01,1.60e+01,1.30e+01
-5.41e+01,-3.54e+01,1.90e+01,1.40e+01
-5.57e+01,-3.54e+01,1.80e+01,1.30e+01
-5.01e+01,-3.54e+01,1.60e+01,1.30e+01
-5.01e+01,-3.54e+01,1.70e+01,1.40e+01
-5.25e+01,-3.54e+01,1.80e+01,1.30e+01
-5.57e+01,-3.54e+01,1.80e+01,1.30e+01
-5.85e+01,-3.54e+01,1.80e+01,1.30e+01
-5.41e+01,-3.54e+01,1.90e+01,1.40e+01
-4.83e+01,-3.54e+01,1.80e+01,1.30e+01
-6.58e+01,-3.54e+01,1.90e+01,1.40e+01
-2.01e+02,-3.54e+01,1.90e+01,1.30e+01
-5.01e+01,-3.54e+01,1.90e+01,1.40e+01
-5.57e+01,-3.54e+01,1.80e+01,1.30e+01
-5.17e+01,-3.54e+01,1.80e+01,1.30e+01
-5.01e+01,-3.54e+01,1.60e+01,1.30e+01
-5.57e+01,-3.54e+01,1.80e+01,1.30e+01
-1.38e+02,-6.68e+01,1.80e+01,1.30e+01
-5.01e+01,-3.54e+01,1.80e+01,1.30e+01
-5.47e+01,-3.54e+01,1.80e+01,1.30e+01
-2.76e+02,-4.14e+01,1.60e+01,1.30e+01
-5.97e+01,-3.54e+01,1.60e+01,1.30e+01
-2.76e+02,-4.14e+01,1.60e+01,1.30e+01
-5.51e+01,-3.99e+01,1.60e+01,1.30e+01
-5.01e+01,-3.54e+01,1.60e+01,1.30e+01
-4.67e+02,-3.03e+02,1.90e+01,1.30e+01
-5.01e+01,-3.54e+01,1.80e+01,1.50e+01
-5.00e+02,-4.99e+02,1.80e+01,1.30e+01
-5.17e+01,-3.54e+01,1.90e+01,1.40e+01
-6.21e+01,-3.54e+01,1.60e+01,1.30e+01
-4.83e+01,-3.54e+01,1.80e+01,1.30e+01
-5.24e+01,-3.54e+01,1.60e+01,1.30e+01
-1.25e+02,-4.30e+01,1.60e+01,1.30e+01
-5.92e+01,-3.54e+01,1.70e+01,1.30e+01
-4.79e+02,-3.75e+02,1.60e+01,1.30e+01
-6.58e+01,-3.54e+01,1.90e+01,1.40e+01
-5.23e+01,-3.54e+01,1.90e+01,1.30e+01
-5.23e+01,-3.54e+01,1.60e+01,1.30e+01
-5.01e+01,-3.54e+01,1.70e+01,1.40e+01
-5.01e+01,-3.54e+01,1.60e+01,1.30e+01
-2.03e+02,-4.14e+01,1.80e+01,1.30e+01
-5.05e+01,-3.54e+01,1.60e+01,1.30e+01
-1.99e+02,-3.54e+01,1.80e+01,1.30e+01
-5.01e+01,-3.54e+01,1.60e+01,1.30e+01
-5.01e+01,-3.54e+01,1.60e+01,1.30e+01
-6.31e+01,-3.54e+01,1.80e+01,1.30e+01
-4.83e+01,-3.54e+01,1.80e+01,1.30e+01
-5.07e+01,-3.54e+01,1.90e+01,1.30e+01
-5.01e+01,-3.54e+01,1.70e+01,1.40e+01
-4.83e+01,-3.54e+01,1.90e+01,1.40e+01
-4.09e+02,-9.38e+01,1.70e+01,1.30e+01
-4.83e+01,-3.54e+01,1.90e+01,1.40e+01
-4.84e+01,-3.54e+01,1.80e+01,1.30e+01
-5.00e+02,-4.99e+02,1.80e+01,1.30e+01
-5.41e+01,-3.54e+01,1.90e+01,1.40e+01
-5.01e+01,-3.54e+01,1.90e+01,1.40e+01
-5.23e+01,-3.54e+01,1.70e+01,1.40e+01
-5.23e+01,-3.54e+01,1.70e+01,1.40e+01
-5.01e+01,-3.54e+01,1.80e+01,1.40e+01
-4.26e+02,-5.55e+01,1.80e+01,1.30e+01
-5.01e+01,-3.54e+01,1.60e+01,1.30e+01
-5.24e+01,-3.54e+01,1.60e+01,1.30e+01
-5.85e+01,-3.54e+01,1.80e+01,1.30e+01
