-1.54e+02,-4.40e+01,2.70e+01,2.10e+01
-1.52e+02,-4.99e+01,2.80e+01,2.10e+01
-1.53e+02,-4.85e+01,2.70e+01,2.10e+01
-1.52e+02,-4.50e+01,2.80e+01,2.20e+01
-1.57e+02,-4.41e+01,2.70e+01,2.10e+01
-1.55e+02,-4.72e+01,2.90e+01,1.90e+01
-1.49e+02,-4.33e+01,2.70e+01,2.10e+01
-1.45e+02,-4.39e+01,3.00e+01,1.90e+01
-1.48e+02,-4.36e+01,2.90e+01,1.90e+01
-1.67e+02,-4.92e+01,2.70e+01,2.10e+01
-1.51e+02,-4.75e+01,3.10e+01,1.90e+01
-1.49e+02,-4.22e+01,2.90e+01,2.00e+01
-1.51e+02,-4.56e+01,3.00e+01,2.00e+01
-1.55e+02,-4.66e+01,2.70e+01,2.10e+01
-1.51e+02,-5.09e+01,3.10e+01,1.90e+01
-1.49e+02,-4.79e+01,2.90e+01,2.20e+01
-1.62e+02,-5.21e+01,2.80e+01,2.10e+01
-1.58e+02,-4.31e+01,2.70e+01,2.10e+01
-1.49e+02,-4.48e+01,3.10e+01,1.90e+01
-1.45e+02,-4.13e+01,2.80e+01,2.10e+01
-1.53e+02,-4.89e+01,2.90e+01,1.90e+01
-1.47e+02,-4.49e+01,3.00e+01,2.00e+01
-1.55e+02,-4.25e+01,2.70e+01,2.10e+01
-1.50e+02,-4.32e+01,2.90e+01,2.20e+01
-1.53e+02,-4.60e+01,2.70e+01,2.10e+01
-1.52e+02,-4.59e+01,3.00e+01,1.90e+01
-1.59e+02,-4.83e+01,2.90e+01,2.20e+01
-1.70e+02,-5.27e+01,2.80e+01,1.90e+01
-1.54e+02,-5.48e+01,2.70e+01,2.10e+01
-1.62e+02,-5.08e+01,3.00e+01,2.00e+01
-1.48e+02,-4.13e+01,2.90e+01,1.90e+01
-1.55e+02,-4.39e+01,2.80e+01,2.10e+01
-1.57e+02,-4.97e+01,2.70e+01,2.10e+01
-1.56e+02,-5.09e+01,3.00e+01,1.90e+01
-1.52e+02,-4.56e+01,2.90e+01,2.10e+01
-1.56e+02,-5.64e+01,2.70e+01,2.10e+01
-1.55e+02,-4.95e+01,3.00e+01,1.90e+01
-1.53e+02,-5.05e+01,2.90e+01,2.10e+01
-1.48e+02,-5.06e+01,2.70e+01,2.10e+01
-1.54e+02,-5.01e+01,3.00e+01,1.90e+01
-1.57e+02,-4.84e+01,2.90e+01,2.20e+01
-1.54e+02,-4.49e+01,2.80e+01,2.10e+01
-1.62e+02,-4.46e+01,2.90e+01,2.20e+01
-1.54e+02,-4.43e+01,2.90e+01,2.20e+01
-1.54e+02,-4.85e+01,2.80e+01,2.10e+01
-1.48e+02,-4.76e+01,2.90e+01,1.90e+01
-1.53e+02,-5.19e+01,2.70e+01,2.10e+01
-1.76e+02,-5.28e+01,2.80e+01,2.10e+01
-1.52e+02,-4.57e+01,2.80e+01,2.20e+01
-1.47e+02,-4.36e+01,3.00e+01,2.20e+01
-1.52e+02,-4.82e+01,3.10e+01,2.00e+01
-1.49e+02,-4.48e+01,2.80e+01,2.10e+01
-1.87e+02,-5.27e+01,2.90e+01,1.90e+01
-1.51e+02,-4.55e+01,2.80e+01,2.10e+01
-1.56e+02,-5.57e+01,2.70e+01,2.10e+01
-1.67e+02,-7.10e+01,2.70e+01,2.10e+01
-2.33e+02,-7.28e+01,2.90e+01,1.90e+01
-1.49e+02,-4.32e+01,2.90e+01,2.10e+01
-2.39e+02,-6.89e+01,2.90e+01,2.20e+01
-1.54e+02,-5.04e+01,3.00e+01,2.00e+01
-1.57e+02,-4.40e+01,2.80e+01,2.10e+01
-1.58e+02,-4.77e+01,2.90e+01,1.90e+01
-1.54e+02,-4.84e+01,2.80e+01,2.10e+01
-1.63e+02,-5.22e+01,2.90e+01,1.90e+01
-1.63e+02,-5.61e+01,2.70e+01,2.10e+01
-1.48e+02,-4.49e+01,2.90e+01,2.10e+01
-1.59e+02,-4.96e+01,2.90e+01,2.30e+01
-1.57e+02,-4.82e+01,2.70e+01,2.10e+01
-1.51e+02,-4.57e+01,2.90e+01,2.20e+01
-1.47e+02,-4.69e+01,3.10e+01,1.90e+01
-1.61e+02,-5.90e+01,2.90e+01,1.90e+01
-1.58e+02,-5.50e+01,2.90e+01,1.90e+01
-2.15e+02,-4.07e+01,2.90e+01,2.20e+01
-2.74e+02,-4.32e+01,2.80e+01,2.20e+01
-1.50e+02,-4.83e+01,2.80e+01,2.10e+01
-1.55e+02,-5.53e+01,3.00e+01,1.90e+01
-1.58e+02,-5.20e+01,2.90e+01,2.10e+01
-2.12e+02,-4.60e+01,3.20e+01,1.90e+01
-2.75e+02,-4.16e+01,3.10e+01,1.90e+01
-1.48e+02,-4.10e+01,2.80e+01,2.20e+01
-1.68e+02,-5.07e+01,2.70e+01,2.10e+01
-1.54e+02,-4.48e+01,2.90e+01,2.10e+01
-1.57e+02,-4.58e+01,3.10e+01,1.90e+01
-2.41e+02,-4.97e+01,2.80e+01,2.20e+01
-1.57e+02,-5.56e+01,2.70e+01,2.10e+01
-1.54e+02,-4.90e+01,2.90e+01,1.90e+01
-1.52e+02,-5.21e+01,2.80e+01,2.10e+01
-1.53e+02,-4.70e+01,2.80e+01,2.20e+01
-1.61e+02,-5.28e+01,3.10e+01,1.90e+01
-1.50e+02,-4.26e+01,2.90e+01,1.90e+01
-1.49e+02,-4.64e+01,2.70e+01,2.10e+01
-1.67e+02,-4.60e+01,2.70e+01,2.10e+01
-1.47e+02,-4.63e+01,2.80e+01,2.10e+01
-5.00e+02,-5.00e+02,2.70e+01,2.10e+01
-2.32e+02,-6.54e+01,2.80e+01,2.20e+01
-5.00e+02,-5.00e+02,2.70e+01,2.10e+01
-2.20e+02,-5.17e+01,3.20e+01,1.90e+01
-1.52e+02,-5.21e+01,2.80e+01,2.10e+01
-1.71e+02,-5.11e+01,2.70e+01,2.10e+01
-1.86e+02,-5.56e+01,2.70e+01,2.10e+01
-1.56e+02,-4.20e+01,2.90e+01,2.10e+01
-2.82e+02,-4.42e+01,3.00e+01,1.90e+01
-1.51e+02,-4.53e+01,2.90e+01,2.20e+01
-1.51e+02,-4.38e+01,3.20e+01,2.00e+01
-1.51e+02,-4.91e+01,2.80e+01,2.10e+01
-1.52e+02,-4.15e+01,2.80e+01,2.20e+01
-1.53e+02,-5.19e+01,2.70e+01,2.10e+01
-1.54e+02,-5.38e+01,3.10e+01,1.90e+01
-1.49e+02,-4.68e+01,3.00e+01,2.00e+01
-1.60e+02,-5.02e+01,2.80e+01,2.10e+01
-1.62e+02,-4.37e+01,3.10e+01,2.10e+01
-1.49e+02,-4.42e+01,3.10e+01,1.90e+01
-3.00e+02,-5.96e+01,2.80e+01,2.10e+01
-1.57e+02,-4.58e+01,2.90e+01,2.20e+01
-2.57e+02,-4.20e+01,2.90e+01,2.20e+01
-1.62e+02,-5.43e+01,2.70e+01,2.10e+01
-2.12e+02,-4.87e+01,2.80e+01,2.10e+01
-1.56e+02,-4.25e+01,2.70e+01,2.10e+01
-3.50e+02,-1.04e+02,2.90e+01,2.10e+01
-1.60e+02,-5.75e+01,2.70e+01,2.10e+01
-1.61e+02,-4.77e+01,3.20e+01,1.90e+01
-1.61e+02,-4.38e+01,2.90e+01,2.00e+01
-1.67e+02,-4.70e+01,2.90e+01,2.20e+01
-1.49e+02,-4.70e+01,2.70e+01,2.10e+01
-1.56e+02,-5.08e+01,2.90e+01,2.20e+01
-1.56e+02,-4.64e+01,2.80e+01,2.10e+01
-4.23e+02,-7.61e+01,2.70e+01,2.10e+01
-1.54e+02,-5.49e+01,2.90e+01,1.90e+01
-1.50e+02,-4.55e+01,2.90e+01,1.90e+01
-1.62e+02,-5.42e+01,3.00e+01,1.90e+01
-1.51e+02,-4.65e+01,2.80e+01,2.10e+01
-1.51e+02,-4.50e+01,2.70e+01,2.10e+01
-1.59e+02,-4.83e+01,2.80e+01,2.10e+01
-1.54e+02,-4.16e+01,3.10e+01,1.90e+01
-1.61e+02,-4.19e+01,3.10e+01,1.90e+01
-1.58e+02,-4.83e+01,2.80e+01,2.10e+01
-1.53e+02,-4.59e+01,3.20e+01,2.00e+01
-2.10e+02,-7.22e+01,3.10e+01,1.90e+01
-1.59e+02,-5.68e+01,2.80e+01,2.20e+01
-1.57e+02,-5.09e+01,2.70e+01,2.10e+01
-1.58e+02,-4.51e+01,2.70e+01,2.10e+01
-2.05e+02,-4.30e+01,2.90e+01,1.90e+01
-1.56e+02,-4.53e+01,2.80e+01,2.20e+01
-1.55e+02,-4.92e+01,3.00e+01,1.90e+01
-3.52e+02,-4.92e+01,2.90e+01,1.90e+01
-1.54e+02,-5.38e+01,2.80e+01,2.10e+01
-3.05e+02,-8.54e+01,2.80e+01,2.20e+01
-1.64e+02,-4.52e+01,2.90e+01,2.00e+01
-1.53e+02,-4.39e+01,2.70e+01,2.10e+01
-1.51e+02,-4.62e+01,3.00e+01,1.90e+01
-1.61e+02,-4.78e+01,3.00e+01,2.00e+01
-1.54e+02,-4.81e+01,2.90e+01,2.10e+01
-1.55e+02,-5.19e+01,2.80e+01,2.20e+01
-1.55e+02,-4.51e+01,3.00e+01,1.90e+01
-3.78e+02,-1.27e+02,2.70e+01,2.10e+01
-1.62e+02,-5.08e+01,2.80e+01,2.20e+01
-1.49e+02,-4.24e+01,3.00e+01,1.90e+01
-1.56e+02,-4.85e+01,2.70e+01,2.10e+01
-1.56e+02,-4.80e+01,2.80e+01,2.10e+01
-1.48e+02,-4.93e+01,2.70e+01,2.10e+01
-1.52e+02,-4.58e+01,2.80e+01,2.10e+01
-1.67e+02,-5.80e+01,2.70e+01,2.10e+01
-2.21e+02,-5.36e+01,3.10e+01,1.90e+01
-1.52e+02,-4.63e+01,3.10e+01,1.90e+01
-1.59e+02,-4.68e+01,3.00e+01,2.00e+01
-1.66e+02,-4.40e+01,2.70e+01,2.10e+01
-1.56e+02,-4.74e+01,2.80e+01,2.10e+01
-2.26e+02,-5.14e+01,2.80e+01,2.20e+01
-1.58e+02,-4.67e+01,3.00e+01,2.00e+01
-1.55e+02,-5.41e+01,2.90e+01,1.90e+01
-1.51e+02,-4.54e+01,2.90e+01,2.20e+01
-1.54e+02,-4.86e+01,3.10e+01,1.90e+01
-1.60e+02,-5.99e+01,3.20e+01,1.90e+01
-3.72e+02,-1.14e+02,2.80e+01,2.10e+01
-1.57e+02,-4.85e+01,2.90e+01,2.20e+01
-3.05e+02,-8.41e+01,2.80e+01,2.10e+01
-1.58e+02,-4.64e+01,3.00e+01,2.00e+01
-3.50e+02,-5.00e+01,2.70e+01,2.10e+01
-1.54e+02,-4.83e+01,2.80e+01,2.20e+01
-1.64e+02,-4.38e+01,2.80e+01,2.10e+01
-1.51e+02,-5.06e+01,3.20e+01,1.90e+01
-2.83e+02,-5.20e+01,2.90e+01,1.90e+01
-1.52e+02,-4.50e+01,2.80e+01,2.10e+01
-1.52e+02,-4.93e+01,2.70e+01,2.10e+01
-2.27e+02,-7.08e+01,3.00e+01,1.90e+01
-1.54e+02,-5.53e+01,2.70e+01,2.10e+01
-2.75e+02,-4.47e+01,2.70e+01,2.10e+01
-1.61e+02,-4.75e+01,2.80e+01,2.10e+01
-1.70e+02,-6.31e+01,2.70e+01,2.10e+01
-1.53e+02,-4.51e+01,2.80e+01,2.20e+01
-1.47e+02,-4.81e+01,3.00e+01,2.00e+01
-1.60e+02,-4.82e+01,2.90e+01,2.20e+01
