-5.00e+02,-5.00e+02,1.70e+01,1.00e+01
-5.00e+02,-4.99e+02,1.70e+01,1.00e+01
-5.00e+02,-4.98e+02,1.20e+01,1.00e+01
-5.00e+02,-5.00e+02,1.80e+01,1.00e+01
-5.00e+02,-5.00e+02,1.90e+01,1.00e+01
-5.00e+02,-5.00e+02,1.40e+01,1.00e+01
-5.00e+02,-5.00e+02,1.70e+01,1.00e+01
-5.00e+02,-4.99e+02,1.90e+01,1.00e+01
-5.00e+02,-5.00e+02,1.60e+01,1.00e+01
-5.00e+02,-4.99e+02,1.80e+01,1.00e+01
-4.88e+02,-4.31e+02,1.60e+01,1.00e+01
-5.00e+02,-5.00e+02,1.60e+01,1.00e+01
-5.00e+02,-5.00e+02,1.80e+01,1.00e+01
-5.00e+02,-5.00e+02,1.50e+01,1.00e+01
-4.83e+02,-4.02e+02,1.70e+01,1.00e+01
-5.00e+02,-5.00e+02,1.30e+01,1.00e+01
-4.38e+02,-1.33e+02,1.50e+01,1.00e+01
-5.00e+02,-4.99e+02,1.20e+01,1.00e+01
-5.00e+02,-4.99e+02,1.30e+01,1.00e+01
-5.00e+02,-5.00e+02,1.60e+01,1.00e+01
-5.00e+02,-4.99e+02,1.70e+01,1.00e+01
-5.00e+02,-5.00e+02,1.80e+01,1.00e+01
-5.00e+02,-4.99e+02,1.60e+01,1.00e+01
-4.59e+02,-2.55e+02,1.40e+01,1.00e+01
-5.00e+02,-4.99e+02,1.80e+01,1.00e+01
-5.00e+02,-4.99e+02,1.60e+01,1.00e+01
-5.00e+02,-5.00e+02,1.90e+01,1.00e+01
-5.00e+02,-5.00e+02,1.50e+01,1.00e+01
-5.00e+02,-5.00e+02,1.70e+01,1.00e+01
-5.00e+02,-5.00e+02,1.50e+01,1.00e+01
-4.99e+02,-4.95e+02,1.30e+01,1.00e+01
-5.00e+02,-5.00e+02,1.90e+01,1.00e+01
-5.00e+02,-4.99e+02,1.40e+01,1.00e+01
-5.00e+02,-4.99e+02,1.90e+01,1.00e+01
-5.00e+02,-4.99e+02,1.60e+01,1.00e+01
-5.00e+02,-5.00e+02,1.90e+01,1.00e+01
-5.00e+02,-5.00e+02,1.60e+01,1.00e+01
-4.86e+02,-4.17e+02,1.70e+01,1.00e+01
-5.00e+02,-5.00e+02,1.60e+01,1.00e+01
-5.00e+02,-4.99e+02,1.90e+01,1.00e+01
-4.94e+02,-4.64e+02,1.50e+01,1.00e+01
-4.99e+02,-4.97e+02,1.70e+01,1.00e+01
-5.00e+02,-4.98e+02,1.80e+01,1.00e+01
-4.86e+02,-4.20e+02,1.50e+01,1.00e+01
-5.00e+02,-5.00e+02,1.70e+01,1.00e+01
-5.00e+02,-5.00e+02,1.60e+01,1.00e+01
-5.00e+02,-5.00e+02,1.40e+01,1.00e+01
-5.00e+02,-4.99e+02,1.70e+01,1.00e+01
-4.81e+02,-3.87e+02,1.60e+01,1.00e+01
-5.00e+02,-4.98e+02,1.60e+01,1.00e+01
-5.00e+02,-4.99e+02,1.80e+01,1.00e+01
-5.00e+02,-4.99e+02,1.50e+01,1.00e+01
-5.00e+02,-5.00e+02,1.40e+01,1.00e+01
-4.73e+02,-3.62e+02,1.80e+01,1.00e+01
-5.00e+02,-5.00e+02,1.50e+01,1.00e+01
-5.00e+02,-4.99e+02,1.70e+01,1.00e+01
-4.98e+02,-4.91e+02,1.40e+01,1.00e+01
-5.00e+02,-4.99e+02,1.60e+01,1.00e+01
-4.92e+02,-4.53e+02,1.70e+01,1.00e+01
-4.98e+02,-4.95e+02,1.40e+01,1.00e+01
-5.00e+02,-4.99e+02,1.30e+01,1.00e+01
-5.00e+02,-5.00e+02,1.60e+01,1.00e+01
-4.97e+02,-4.84e+02,1.70e+01,1.00e+01
-5.00e+02,-5.00e+02,1.60e+01,1.00e+01
-5.00e+02,-5.00e+02,1.70e+01,1.00e+01
-5.00e+02,-5.00e+02,1.70e+01,1.00e+01
-4.56e+02,-2.40e+02,1.70e+01,1.00e+01
-4.99e+02,-4.96e+02,1.80e+01,1.00e+01
-5.00e+02,-4.99e+02,1.70e+01,1.00e+01
-4.77e+02,-3.63e+02,1.20e+01,1.00e+01
-4.58e+02,-3.22e+02,1.90e+01,1.00e+01
-5.00e+02,-5.00e+02,1.50e+01,1.00e+01
-5.00e+02,-5.00e+02,1.50e+01,1.00e+01
-4.99e+02,-4.97e+02,1.60e+01,1.00e+01
-5.00e+02,-5.00e+02,1.70e+01,1.00e+01
-5.00e+02,-4.99e+02,1.50e+01,1.00e+01
-4.75e+02,-3.54e+02,1.60e+01,1.00e+01
-5.00e+02,-5.00e+02,1.80e+01,1.00e+01
-4.60e+02,-2.63e+02,1.70e+01,1.00e+01
-4.99e+02,-4.93e+02,1.70e+01,1.00e+01
-5.00e+02,-5.00e+02,1.80e+01,1.00e+01
-4.70e+02,-3.65e+02,1.60e+01,1.00e+01
-5.00e+02,-5.00e+02,1.70e+01,1.00e+01
-5.00e+02,-5.00e+02,1.50e+01,1.00e+01
-5.00e+02,-5.00e+02,1.60e+01,1.00e+01
-5.00e+02,-5.00e+02,1.70e+01,1.00e+01
-5.00e+02,-5.00e+02,1.50e+01,1.00e+01
-5.00e+02,-5.00e+02,1.60e+01,1.00e+01
-4.72e+02,-3.33e+02,1.70e+01,1.00e+01
-5.00e+02,-5.00e+02,1.40e+01,1.00e+01
-4.99e+02,-4.98e+02,1.70e+01,1.00e+01
-5.00e+02,-4.99e+02,1.40e+01,1.00e+01
-5.00e+02,-5.00e+02,1.80e+01,1.00e+01
-5.00e+02,-5.00e+02,1.80e+01,1.00e+01
-5.00e+02,-4.99e+02,1.80e+01,1.00e+01
-4.98e+02,-4.92e+02,1.60e+01,1.00e+01
