1.38e+01,3.18e+02,5.50e+01,2.90e+01
1.38e+01,3.18e+02,5.50e+01,2.90e+01
1.38e+01,3.18e+02,5.50e+01,2.90e+01
1.38e+01,3.18e+02,5.50e+01,2.90e+01
1.38e+01,3.18e+02,5.50e+01,2.90e+01
1.38e+01,3.18e+02,5.50e+01,2.90e+01
1.38e+01,3.18e+02,5.60e+01,2.80e+01
1.38e+01,3.18e+02,5.60e+01,2.90e+01
1.37e+01,3.18e+02,5.50e+01,2.90e+01
1.38e+01,3.18e+02,5.60e+01,2.80e+01
1.38e+01,3.18e+02,5.60e+01,2.90e+01
1.38e+01,3.18e+02,5.60e+01,3.00e+01
1.38e+01,3.18e+02,5.60e+01,2.80e+01
1.38e+01,3.18e+02,5.60e+01,2.80e+01
1.38e+01,3.18e+02,5.60e+01,2.90e+01
1.38e+01,3.18e+02,5.50e+01,2.90e+01
6.34e+00,2.75e+02,5.70e+01,3.00e+01
1.38e+01,3.18e+02,5.70e+01,2.90e+01
1.37e+01,3.18e+02,5.50e+01,2.90e+01
1.24e+01,3.18e+02,5.50e+01,2.90e+01
1.38e+01,3.18e+02,5.50e+01,2.90e+01
-7.87e+00,1.91e+02,5.50e+01,2.90e+01
1.27e+01,3.12e+02,5.50e+01,2.90e+01
1.38e+01,3.18e+02,5.70e+01,2.80e+01
1.24e+01,3.18e+02,5.50e+01,2.90e+01
1.38e+01,3.18e+02,5.70e+01,2.90e+01
1.38e+01,3.18e+02,5.50e+01,2.90e+01
1.38e+01,3.18e+02,5.60e+01,2.90e+01
1.38e+01,3.18e+02,5.70e+01,2.80e+01
-3.33e+01,8.85e+01,5.60e+01,2.90e+01
1.37e+01,3.18e+02,5.50e+01,2.90e+01
1.38e+01,3.18e+02,5.50e+01,2.90e+01
4.72e+00,2.97e+02,5.50e+01,2.90e+01
-6.32e+00,2.00e+02,5.60e+01,3.00e+01
1.38e+01,3.18e+02,5.50e+01,2.90e+01
1.38e+01,3.18e+02,5.50e+01,2.90e+01
1.38e+01,3.18e+02,5.60e+01,2.90e+01
1.38e+01,3.18e+02,5.50e+01,2.90e+01
1.38e+01,3.18e+02,5.50e+01,2.90e+01
-1.94e+00,2.30e+02,5.60e+01,3.00e+01
1.37e+01,3.18e+02,5.50e+01,2.90e+01
1.38e+01,3.18e+02,5.50e+01,2.90e+01
1.38e+01,3.18e+02,5.60e+01,2.90e+01
-7.37e+00,1.93e+02,5.60e+01,3.00e+01
1.38e+01,3.18e+02,5.70e+01,2.90e+01
1.27e+01,3.12e+02,5.50e+01,2.90e+01
1.38e+01,3.18e+02,5.70e+01,2.90e+01
1.38e+01,3.18e+02,5.70e+01,2.80e+01
1.38e+01,3.18e+02,5.70e+01,2.90e+01
1.28e+01,3.13e+02,5.60e+01,2.90e+01
1.38e+01,3.18e+02,5.60e+01,2.80e+01
-3.19e+01,6.77e+01,5.70e+01,2.90e+01
-7.12e+01,-1.66e+01,5.50e+01,2.90e+01
1.38e+01,3.18e+02,5.50e+01,2.90e+01
1.38e+01,3.18e+02,5.60e+01,2.90e+01
1.38e+01,3.18e+02,5.60e+01,2.90e+01
1.29e+01,3.18e+02,5.60e+01,2.90e+01
1.38e+01,3.18e+02,5.50e+01,2.90e+01
1.27e+01,3.18e+02,5.60e+01,2.80e+01
5.67e+00,2.72e+02,5.50e+01,2.90e+01
-3.59e+01,5.66e+01,5.50e+01,2.90e+01
-3.09e+01,7.73e+01,5.70e+01,3.00e+01
1.38e+01,3.18e+02,5.50e+01,2.90e+01
1.25e+01,3.12e+02,5.50e+01,2.90e+01
1.38e+01,3.18e+02,5.60e+01,2.90e+01
1.37e+01,3.18e+02,5.60e+01,2.80e+01
1.38e+01,3.18e+02,5.60e+01,3.00e+01
1.38e+01,3.18e+02,5.60e+01,2.80e+01
1.38e+01,3.18e+02,5.60e+01,2.90e+01
-2.57e+01,8.44e+01,5.60e+01,2.80e+01
1.38e+01,3.18e+02,5.60e+01,2.90e+01
1.38e+01,3.18e+02,5.70e+01,3.00e+01
1.38e+01,3.18e+02,5.50e+01,2.90e+01
1.38e+01,3.18e+02,5.50e+01,2.90e+01
1.38e+01,3.18e+02,5.70e+01,2.80e+01
2.24e+00,2.51e+02,5.50e+01,2.90e+01
1.38e+01,3.18e+02,5.60e+01,2.80e+01
1.38e+01,3.18e+02,5.70e+01,2.80e+01
1.38e+01,3.18e+02,5.50e+01,2.90e+01
1.38e+01,3.18e+02,5.60e+01,2.90e+01
1.31e+01,3.18e+02,5.70e+01,3.00e+01
-2.57e+01,8.41e+01,5.60e+01,2.80e+01
1.38e+01,3.18e+02,5.60e+01,2.80e+01
1.35e+01,3.18e+02,5.60e+01,2.90e+01
1.38e+01,3.18e+02,5.70e+01,2.80e+01
1.38e+01,3.18e+02,5.50e+01,2.90e+01
1.38e+01,3.18e+02,5.50e+01,2.90e+01
1.38e+01,3.18e+02,5.50e+01,2.90e+01
-2.57e+01,8.44e+01,5.50e+01,2.90e+01
1.32e+01,3.18e+02,5.70e+01,2.80e+01
-6.28e+00,2.08e+02,5.60e+01,2.90e+01
-1.70e+01,1.38e+02,5.70e+01,2.80e+01
1.30e+01,3.18e+02,5.60e+01,3.00e+01
1.38e+01,3.18e+02,5.70e+01,2.90e+01
-8.69e+00,1.84e+02,5.60e+01,2.90e+01
1.38e+01,3.18e+02,5.60e+01,2.90e+01
1.32e+01,3.15e+02,5.70e+01,2.80e+01
1.38e+01,3.18e+02,5.60e+01,3.00e+01
-1.15e+01,1.68e+02,5.60e+01,2.80e+01
-3.50e+01,7.45e+01,5.70e+01,3.00e+01
-3.85e+01,5.93e+01,5.50e+01,2.90e+01
1.22e+01,3.18e+02,5.50e+01,2.90e+01
1.38e+01,3.18e+02,5.60e+01,3.00e+01
1.38e+01,3.18e+02,5.60e+01,2.80e+01
-8.49e+00,1.86e+02,5.50e+01,2.90e+01
5.15e+00,2.75e+02,5.70e+01,2.80e+01
-2.79e+01,7.29e+01,5.60e+01,2.90e+01
-3.04e+01,7.05e+01,5.50e+01,2.90e+01
1.38e+01,3.18e+02,5.60e+01,2.90e+01
1.38e+01,3.18e+02,5.60e+01,2.80e+01
1.32e+01,3.18e+02,5.60e+01,2.90e+01
1.37e+01,3.18e+02,5.50e+01,2.90e+01
1.37e+01,3.18e+02,5.50e+01,2.90e+01
1.38e+01,3.18e+02,5.60e+01,2.90e+01
1.37e+01,3.18e+02,5.60e+01,3.00e+01
1.28e+01,3.13e+02,5.70e+01,3.00e+01
1.37e+01,3.18e+02,5.60e+01,2.80e+01
1.38e+01,3.18e+02,5.70e+01,2.90e+01
-1.17e+01,1.67e+02,5.50e+01,2.90e+01
-3.17e+01,9.46e+01,5.50e+01,2.90e+01
1.38e+01,3.18e+02,5.60e+01,3.00e+01
1.38e+01,3.18e+02,5.70e+01,3.00e+01
-7.14e+01,-1.64e+01,5.60e+01,2.80e+01
1.37e+01,3.18e+02,5.60e+01,3.00e+01
1.38e+01,3.18e+02,5.70e+01,3.00e+01
1.38e+01,3.18e+02,5.60e+01,2.90e+01
1.38e+01,3.18e+02,5.60e+01,2.90e+01
1.37e+01,3.18e+02,5.60e+01,2.80e+01
