-1.11e+02,-9.63e+01,7.20e+01,4.20e+01
-1.15e+02,-1.01e+02,7.20e+01,4.20e+01
-1.11e+02,-9.41e+01,7.40e+01,4.00e+01
-1.08e+02,-9.39e+01,7.50e+01,4.10e+01
-1.03e+02,-8.39e+01,7.30e+01,4.20e+01
-1.08e+02,-9.30e+01,7.40e+01,4.10e+01
-1.08e+02,-9.16e+01,7.60e+01,4.10e+01
-1.05e+02,-8.52e+01,7.30e+01,4.10e+01
-1.09e+02,-8.76e+01,7.20e+01,4.00e+01
-1.12e+02,-9.34e+01,7.20e+01,4.10e+01
-1.11e+02,-9.92e+01,7.20e+01,4.20e+01
-1.16e+02,-1.05e+02,7.10e+01,4.00e+01
-1.10e+02,-9.34e+01,7.30e+01,4.20e+01
-1.11e+02,-1.02e+02,7.10e+01,4.00e+01
-1.24e+02,-1.05e+02,7.40e+01,4.20e+01
-1.18e+02,-9.95e+01,7.50e+01,4.10e+01
-1.13e+02,-9.87e+01,7.30e+01,4.20e+01
-1.13e+02,-1.03e+02,7.30e+01,4.10e+01
-1.13e+02,-8.79e+01,7.20e+01,4.10e+01
-1.17e+02,-9.88e+01,7.20e+01,4.20e+01
-1.18e+02,-9.68e+01,7.30e+01,4.20e+01
-1.01e+02,-8.41e+01,7.20e+01,4.10e+01
-1.13e+02,-9.44e+01,7.10e+01,4.10e+01
-1.12e+02,-9.08e+01,7.40e+01,4.20e+01
-1.03e+02,-7.99e+01,7.60e+01,4.00e+01
-1.07e+02,-9.23e+01,7.10e+01,4.00e+01
-1.14e+02,-9.42e+01,7.10e+01,4.00e+01
-1.05e+02,-8.57e+01,7.60e+01,4.10e+01
-1.15e+02,-9.32e+01,7.50e+01,4.10e+01
-1.08e+02,-7.38e+01,7.50e+01,4.00e+01
-1.17e+02,-1.04e+02,7.00e+01,4.00e+01
-1.07e+02,-9.36e+01,7.30e+01,4.10e+01
-1.07e+02,-9.22e+01,7.10e+01,4.00e+01
-1.09e+02,-8.21e+01,7.20e+01,4.10e+01
-1.15e+02,-1.05e+02,7.30e+01,4.20e+01
-1.11e+02,-8.38e+01,7.50e+01,4.10e+01
-1.16e+02,-8.72e+01,7.20e+01,4.20e+01
-1.09e+02,-8.03e+01,7.20e+01,4.20e+01
-1.22e+02,-1.12e+02,7.10e+01,4.00e+01
-1.19e+02,-9.26e+01,7.20e+01,4.20e+01
-1.06e+02,-8.15e+01,7.40e+01,4.10e+01
-1.04e+02,-9.41e+01,7.20e+01,4.20e+01
-1.09e+02,-9.43e+01,7.70e+01,4.20e+01
-1.07e+02,-9.26e+01,7.70e+01,4.00e+01
-1.10e+02,-9.43e+01,7.20e+01,4.20e+01
-1.09e+02,-9.61e+01,7.20e+01,4.20e+01
-1.07e+02,-9.07e+01,7.70e+01,4.10e+01
-1.06e+02,-9.31e+01,7.30e+01,4.20e+01
-1.12e+02,-1.02e+02,7.20e+01,4.00e+01
-1.18e+02,-9.28e+01,7.40e+01,4.00e+01
-1.02e+02,-8.26e+01,7.40e+01,4.00e+01
-1.09e+02,-9.26e+01,7.30e+01,4.20e+01
-1.47e+02,-1.12e+02,7.50e+01,4.00e+01
-1.10e+02,-1.03e+02,7.70e+01,4.10e+01
-1.10e+02,-9.59e+01,7.30e+01,4.20e+01
-1.07e+02,-1.03e+02,7.20e+01,4.20e+01
-1.19e+02,-1.09e+02,7.30e+01,4.20e+01
-1.05e+02,-9.29e+01,7.20e+01,4.20e+01
-1.13e+02,-1.04e+02,7.50e+01,4.20e+01
-1.14e+02,-8.67e+01,7.50e+01,4.10e+01
-1.15e+02,-1.07e+02,7.30e+01,4.20e+01
-1.09e+02,-9.59e+01,7.10e+01,4.00e+01
-1.80e+02,-9.50e+01,7.40e+01,4.10e+01
-1.06e+02,-8.37e+01,7.30e+01,4.20e+01
-1.10e+02,-9.29e+01,7.50e+01,4.10e+01
-1.10e+02,-9.27e+01,7.40e+01,4.00e+01
-1.12e+02,-9.51e+01,7.60e+01,4.20e+01
-1.13e+02,-1.04e+02,7.20e+01,4.20e+01
-1.11e+02,-1.03e+02,7.40e+01,4.10e+01
-1.15e+02,-1.04e+02,7.60e+01,4.10e+01
-1.12e+02,-9.05e+01,7.70e+01,4.10e+01
-1.07e+02,-9.39e+01,7.20e+01,4.20e+01
-1.14e+02,-9.47e+01,7.60e+01,4.10e+01
-1.09e+02,-8.61e+01,7.60e+01,4.10e+01
-1.09e+02,-8.56e+01,7.50e+01,4.10e+01
-1.15e+02,-9.48e+01,7.40e+01,4.20e+01
-1.09e+02,-8.84e+01,7.20e+01,4.10e+01
-1.04e+02,-8.42e+01,7.40e+01,4.20e+01
-1.10e+02,-1.03e+02,7.30e+01,4.20e+01
-9.98e+01,-9.32e+01,7.50e+01,4.10e+01
-1.08e+02,-9.61e+01,7.30e+01,4.30e+01
-1.16e+02,-1.03e+02,7.40e+01,4.20e+01
-1.16e+02,-9.31e+01,7.20e+01,4.20e+01
-1.06e+02,-7.40e+01,7.50e+01,4.10e+01
-9.84e+01,-8.77e+01,7.30e+01,4.20e+01
-1.11e+02,-1.05e+02,7.40e+01,4.10e+01
-1.17e+02,-9.87e+01,7.20e+01,4.20e+01
-1.08e+02,-8.61e+01,7.20e+01,4.10e+01
-1.14e+02,-9.18e+01,7.30e+01,4.20e+01
-1.09e+02,-9.61e+01,7.20e+01,4.00e+01
-1.22e+02,-1.04e+02,7.20e+01,4.10e+01
-1.13e+02,-9.87e+01,7.30e+01,4.20e+01
-1.11e+02,-9.39e+01,7.30e+01,4.20e+01
-1.01e+02,-7.79e+01,7.30e+01,4.20e+01
-1.15e+02,-9.35e+01,7.50e+01,4.10e+01
-1.08e+02,-8.43e+01,7.30e+01,4.10e+01
-1.06e+02,-9.16e+01,7.30e+01,4.10e+01
-1.08e+02,-9.16e+01,7.50e+01,4.30e+01
-1.09e+02,-1.03e+02,7.50e+01,4.10e+01
-1.03e+02,-8.14e+01,7.20e+01,4.20e+01
-1.06e+02,-8.66e+01,7.30e+01,4.20e+01
-1.20e+02,-1.07e+02,7.30e+01,4.10e+01
-1.11e+02,-1.04e+02,7.30e+01,4.20e+01
-1.02e+02,-8.17e+01,7.30e+01,4.20e+01
-1.08e+02,-9.07e+01,7.50e+01,4.00e+01
-1.16e+02,-9.07e+01,7.30e+01,4.20e+01
-1.05e+02,-8.35e+01,7.20e+01,4.10e+01
-1.19e+02,-9.70e+01,7.30e+01,4.10e+01
-1.12e+02,-9.57e+01,7.20e+01,4.10e+01
-1.02e+02,-7.96e+01,7.40e+01,4.20e+01
-1.16e+02,-1.03e+02,7.40e+01,4.10e+01
-1.14e+02,-9.87e+01,7.20e+01,4.20e+01
-1.07e+02,-9.41e+01,7.20e+01,4.20e+01
-1.16e+02,-1.06e+02,7.50e+01,4.10e+01
-1.14e+02,-9.32e+01,7.60e+01,4.10e+01
-1.11e+02,-1.02e+02,7.20e+01,4.20e+01
-1.12e+02,-8.26e+01,7.30e+01,4.20e+01
-9.84e+01,-7.59e+01,7.30e+01,4.10e+01
-1.13e+02,-1.01e+02,7.20e+01,4.20e+01
-1.06e+02,-9.46e+01,7.50e+01,4.10e+01
-1.10e+02,-9.52e+01,7.50e+01,4.20e+01
-1.04e+02,-9.50e+01,7.10e+01,4.10e+01
-9.93e+01,-8.39e+01,7.50e+01,4.00e+01
-1.05e+02,-9.15e+01,7.30e+01,4.20e+01
-1.82e+02,-1.03e+02,7.60e+01,4.10e+01
-1.09e+02,-9.56e+01,7.50e+01,4.20e+01
-1.22e+02,-1.10e+02,7.30e+01,4.20e+01
-1.05e+02,-8.38e+01,7.20e+01,4.00e+01
-9.48e+01,-8.59e+01,7.20e+01,4.20e+01
-1.16e+02,-1.03e+02,7.30e+01,4.10e+01
-1.96e+02,-1.96e+02,7.30e+01,4.10e+01
-1.14e+02,-1.04e+02,7.30e+01,4.30e+01
-1.19e+02,-1.06e+02,7.20e+01,4.20e+01
-1.16e+02,-1.02e+02,7.30e+01,4.10e+01
-1.08e+02,-9.41e+01,7.40e+01,4.10e+01
-1.08e+02,-9.12e+01,7.10e+01,4.00e+01
-1.19e+02,-1.11e+02,7.40e+01,4.20e+01
-1.13e+02,-9.54e+01,7.30e+01,4.20e+01
-1.05e+02,-9.47e+01,7.20e+01,4.20e+01
-1.12e+02,-9.97e+01,7.50e+01,4.00e+01
-1.18e+02,-1.03e+02,7.30e+01,4.20e+01
-1.08e+02,-8.25e+01,7.30e+01,4.20e+01
-1.05e+02,-8.51e+01,7.60e+01,4.10e+01
-1.06e+02,-8.49e+01,7.60e+01,4.10e+01
-1.97e+02,-1.96e+02,7.20e+01,4.10e+01
-1.19e+02,-1.03e+02,7.60e+01,4.20e+01
-1.03e+02,-7.11e+01,7.20e+01,4.20e+01
-1.02e+02,-9.41e+01,7.40e+01,4.30e+01
-1.11e+02,-8.44e+01,7.30e+01,4.20e+01
-1.15e+02,-1.04e+02,7.20e+01,4.20e+01
-1.07e+02,-9.47e+01,7.20e+01,4.10e+01
-1.82e+02,-1.10e+02,7.20e+01,4.00e+01
-1.00e+02,-8.23e+01,7.20e+01,4.20e+01
-1.06e+02,-8.35e+01,7.70e+01,4.10e+01
-1.07e+02,-9.28e+01,7.50e+01,4.00e+01
-1.08e+02,-9.19e+01,7.30e+01,4.30e+01
-1.07e+02,-9.31e+01,7.30e+01,4.20e+01
-1.06e+02,-8.77e+01,7.20e+01,4.20e+01
-1.67e+02,-1.01e+02,7.70e+01,4.20e+01
-9.90e+01,-7.36e+01,7.60e+01,4.20e+01
-1.14e+02,-9.52e+01,7.40e+01,4.00e+01
-1.06e+02,-8.46e+01,7.40e+01,4.20e+01
-1.14e+02,-9.61e+01,7.50e+01,4.30e+01
-1.13e+02,-9.17e+01,7.40e+01,4.00e+01
-1.18e+02,-9.61e+01,7.70e+01,4.10e+01
-1.09e+02,-9.34e+01,7.30e+01,4.20e+01
-9.81e+01,-8.10e+01,7.20e+01,4.20e+01
-1.11e+02,-9.63e+01,7.50e+01,4.10e+01
-1.11e+02,-9.41e+01,7.30e+01,4.20e+01
-1.13e+02,-1.06e+02,7.20e+01,4.00e+01
-1.11e+02,-8.45e+01,7.50e+01,4.20e+01
-1.68e+02,-1.06e+02,7.60e+01,4.20e+01
-1.04e+02,-8.60e+01,7.40e+01,4.00e+01
-1.12e+02,-1.03e+02,7.40e+01,4.00e+01
-1.14e+02,-9.41e+01,7.40e+01,4.20e+01
-1.08e+02,-9.31e+01,7.40e+01,4.00e+01
-1.06e+02,-7.09e+01,7.60e+01,4.10e+01
-1.08e+02,-9.17e+01,7.30e+01,4.20e+01
-1.03e+02,-7.22e+01,7.50e+01,4.30e+01
-1.03e+02,-8.10e+01,7.60e+01,4.10e+01
-1.11e+02,-9.64e+01,7.40e+01,4.00e+01
-1.11e+02,-1.06e+02,7.30e+01,4.10e+01
-1.16e+02,-1.02e+02,7.60e+01,4.10e+01
-1.13e+02,-1.04e+02,7.30e+01,4.00e+01
-1.13e+02,-9.34e+01,7.20e+01,4.20e+01
-1.15e+02,-9.78e+01,7.60e+01,4.10e+01
-1.11e+02,-8.15e+01,7.20e+01,4.00e+01
-1.11e+02,-1.05e+02,7.40e+01,4.00e+01
-1.09e+02,-8.29e+01,7.40e+01,4.00e+01
-1.18e+02,-8.13e+01,7.20e+01,4.00e+01
-1.10e+02,-8.15e+01,7.40e+01,4.20e+01
-1.09e+02,-1.00e+02,7.20e+01,4.20e+01
