-5.60e+01,-1.81e+01,1.20e+01,1.20e+01
-3.90e+01,-1.17e+01,1.30e+01,1.20e+01
-4.91e+01,-3.25e+01,1.10e+01,1.20e+01
-5.60e+01,-2.03e+01,9.00e+00,1.20e+01
-6.06e+01,-4.36e+01,1.30e+01,1.20e+01
-4.27e+01,-7.05e+00,1.50e+01,1.20e+01
-3.94e+01,-1.72e+01,1.20e+01,1.20e+01
-5.97e+01,-1.87e+01,1.10e+01,1.20e+01
-4.66e+01,-3.06e+01,8.00e+00,1.20e+01
-5.84e+01,-2.43e+01,8.00e+00,1.20e+01
-6.07e+01,-3.20e+01,1.00e+01,1.20e+01
-6.06e+01,-1.90e+01,1.10e+01,1.20e+01
-6.22e+01,-1.25e+01,1.40e+01,1.20e+01
-5.94e+01,-2.66e+01,1.10e+01,1.20e+01
-6.69e+01,-3.39e+01,1.00e+01,1.20e+01
-4.86e+01,-2.06e+01,1.30e+01,1.20e+01
-6.35e+01,-8.36e+00,1.20e+01,1.20e+01
-6.47e+01,-2.43e+01,8.00e+00,1.20e+01
-6.62e+01,0.00e+00,1.50e+01,1.20e+01
-4.89e+01,-2.34e+01,1.30e+01,1.20e+01
-6.00e+01,-2.91e+01,1.20e+01,1.20e+01
-4.37e+01,-2.35e+01,1.60e+01,1.20e+01
-5.60e+01,-1.45e+01,8.00e+00,1.20e+01
-4.04e+01,-2.43e+01,1.30e+01,1.20e+01
-4.37e+01,-2.01e+01,1.10e+01,1.20e+01
-6.33e+01,-2.53e+01,1.00e+01,1.20e+01
-4.46e+01,-1.65e+01,1.00e+01,1.20e+01
-4.98e+01,-2.86e+01,1.30e+01,1.20e+01
-3.53e+01,-1.52e+01,1.40e+01,1.20e+01
-4.55e+01,-1.41e+01,1.10e+01,1.20e+01
-6.17e+01,-3.35e+00,1.50e+01,1.20e+01
-9.02e+01,-4.97e+01,1.10e+01,1.20e+01
-6.79e+01,-3.24e+01,1.30e+01,1.20e+01
-4.97e+01,-1.83e+01,1.10e+01,1.20e+01
-5.88e+01,-3.43e+01,8.00e+00,1.20e+01
-8.12e+01,-2.98e+01,9.00e+00,1.20e+01
-3.90e+01,-1.70e+01,1.20e+01,1.20e+01
-4.95e+01,-2.15e+01,1.40e+01,1.20e+01
-5.16e+01,9.29e+00,1.40e+01,1.20e+01
-6.35e+01,-3.75e+01,1.10e+01,1.20e+01
-6.14e+01,-1.16e+01,1.00e+01,1.20e+01
-4.25e+01,-2.99e+01,1.20e+01,1.20e+01
-7.34e+01,-2.06e+01,1.50e+01,1.20e+01
-4.75e+01,-1.18e+01,1.20e+01,1.20e+01
-3.25e+01,-2.42e+01,1.30e+01,1.20e+01
-5.95e+01,-2.13e+01,1.00e+01,1.20e+01
-5.32e+01,-2.45e+01,1.10e+01,1.20e+01
-6.21e+01,-1.89e+01,1.00e+01,1.20e+01
-6.40e+01,-2.41e+01,1.40e+01,1.20e+01
-5.76e+01,-2.13e+01,1.60e+01,1.20e+01
-3.10e+01,-2.46e+01,1.40e+01,1.20e+01
-5.44e+01,-2.12e+01,1.30e+01,1.20e+01
-3.64e+01,-1.74e+01,1.40e+01,1.20e+01
-7.01e+01,-3.57e+01,1.30e+01,1.20e+01
-5.43e+01,-1.31e+01,1.80e+01,1.20e+01
-6.08e+01,-3.27e+01,1.10e+01,1.20e+01
-4.84e+01,-6.54e+00,1.40e+01,1.20e+01
-5.43e+01,-2.86e+01,1.10e+01,1.20e+01
-5.94e+01,-1.75e+01,1.00e+01,1.20e+01
-5.41e+01,-3.52e+01,1.50e+01,1.20e+01
-4.67e+01,-2.62e+01,1.20e+01,1.20e+01
-4.32e+01,-2.51e+01,1.20e+01,1.20e+01
-4.66e+01,-2.57e+01,1.10e+01,1.20e+01
-4.30e+01,-1.63e+01,1.00e+01,1.20e+01
-4.96e+01,-2.31e+01,1.40e+01,1.20e+01
-3.93e+01,-1.18e+01,1.10e+01,1.20e+01
-7.27e+01,-3.92e+01,1.40e+01,1.20e+01
-5.70e+01,-3.20e+01,9.00e+00,1.20e+01
-6.47e+01,-3.56e+01,1.00e+01,1.20e+01
-6.49e+01,-4.26e+01,1.20e+01,1.20e+01
-4.46e+01,-1.78e+01,1.20e+01,1.20e+01
-5.63e+01,-3.19e+01,1.20e+01,1.20e+01
-8.42e+01,-2.36e+01,1.30e+01,1.20e+01
-7.09e+01,-3.18e+01,1.40e+01,1.20e+01
-5.49e+01,-2.09e+01,1.20e+01,1.20e+01
-4.53e+01,-2.70e+01,1.10e+01,1.20e+01
-4.11e+01,-1.48e+01,1.00e+01,1.20e+01
-7.13e+01,-4.72e+01,1.30e+01,1.20e+01
-5.24e+01,-3.64e+01,1.00e+01,1.20e+01
-6.72e+01,-4.09e+01,1.20e+01,1.20e+01
-4.46e+01,-2.57e+01,1.20e+01,1.20e+01
-3.62e+01,-2.22e+01,1.20e+01,1.20e+01
-6.68e+01,-3.42e+01,1.00e+01,1.20e+01
-7.50e+01,-2.60e+01,1.30e+01,1.20e+01
-4.11e+01,-8.73e+00,1.10e+01,1.20e+01
-6.60e+01,-2.09e+01,1.50e+01,1.20e+01
-5.97e+01,-1.08e+01,1.10e+01,1.20e+01
-5.29e+01,-3.15e+01,8.00e+00,1.20e+01
-6.67e+01,-2.33e+01,1.20e+01,1.20e+01
-5.51e+01,-1.75e+01,9.00e+00,1.20e+01
-5.16e+01,-2.50e+01,1.30e+01,1.20e+01
-6.42e+01,-3.07e+01,1.10e+01,1.20e+01
-6.70e+01,-1.61e+01,1.00e+01,1.20e+01
-5.94e+01,-3.17e+01,1.50e+01,1.20e+01
-7.80e+01,-3.37e+01,1.50e+01,1.20e+01
-3.94e+01,-6.92e+00,1.40e+01,1.20e+01
-6.86e+01,-4.52e+01,9.00e+00,1.20e+01
-4.25e+01,-1.87e+01,1.30e+01,1.20e+01
-6.03e+01,-2.31e+01,1.10e+01,1.20e+01
-5.16e+01,-2.52e+01,1.40e+01,1.20e+01
-3.88e+01,-2.15e+01,1.40e+01,1.20e+01
-5.27e+01,-2.91e+01,1.00e+01,1.20e+01
-5.61e+01,-3.75e+01,1.20e+01,1.20e+01
-4.65e+01,-1.46e+01,8.00e+00,1.20e+01
-4.55e+01,-1.86e+01,1.60e+01,1.20e+01
-7.89e+01,-2.98e+01,1.40e+01,1.20e+01
-5.73e+01,-1.80e+01,1.30e+01,1.20e+01
-5.38e+01,-1.61e+01,1.20e+01,1.20e+01
-6.68e+01,-2.54e+01,1.30e+01,1.20e+01
-6.18e+01,-1.78e+01,1.10e+01,1.20e+01
-4.40e+01,-1.77e+01,1.60e+01,1.20e+01
-8.14e+01,-3.42e+01,1.30e+01,1.20e+01
-5.54e+01,-2.41e+01,1.30e+01,1.20e+01
-3.75e+01,0.00e+00,1.50e+01,1.20e+01
-6.53e+01,-2.31e+01,1.20e+01,1.20e+01
-3.57e+01,-2.09e+01,1.20e+01,1.20e+01
-5.97e+01,-1.84e+01,1.70e+01,1.20e+01
-7.12e+01,-2.64e+01,1.00e+01,1.20e+01
-7.02e+01,-2.40e+01,1.40e+01,1.20e+01
-3.64e+01,-1.63e+01,1.20e+01,1.20e+01
-4.86e+01,-2.30e+01,1.50e+01,1.20e+01
-3.88e+01,-1.21e+01,1.30e+01,1.20e+01
-3.71e+01,6.83e+01,1.80e+01,1.20e+01
-4.43e+01,-1.74e+01,1.00e+01,1.20e+01
-4.14e+01,-2.31e+01,1.00e+01,1.20e+01
-4.44e+01,-3.02e+01,1.10e+01,1.20e+01
-3.74e+01,-2.19e+01,1.10e+01,1.20e+01
-2.69e+01,0.00e+00,1.30e+01,1.20e+01
