1.14e+02,3.50e+02,6.40e+01,3.90e+01
1.14e+02,3.50e+02,6.50e+01,3.90e+01
1.02e+02,3.61e+02,5.20e+01,3.70e+01
1.03e+02,3.60e+02,5.30e+01,3.70e+01
1.14e+02,3.50e+02,6.40e+01,3.90e+01
1.08e+02,3.59e+02,5.30e+01,3.70e+01
1.08e+02,3.59e+02,5.40e+01,3.80e+01
1.14e+02,3.50e+02,6.50e+01,4.00e+01
1.14e+02,3.50e+02,6.50e+01,4.00e+01
1.14e+02,3.50e+02,6.50e+01,4.00e+01
1.08e+02,3.59e+02,5.30e+01,3.70e+01
1.08e+02,3.59e+02,5.50e+01,3.80e+01
1.08e+02,3.59e+02,5.50e+01,3.80e+01
1.05e+02,3.53e+02,5.30e+01,3.70e+01
1.03e+02,3.60e+02,5.40e+01,3.80e+01
1.06e+02,3.50e+02,6.50e+01,3.90e+01
1.08e+02,3.59e+02,5.60e+01,3.90e+01
1.03e+02,3.60e+02,5.40e+01,3.80e+01
9.99e+01,3.58e+02,5.50e+01,3.80e+01
9.12e+01,3.54e+02,5.40e+01,3.80e+01
1.02e+02,3.50e+02,6.40e+01,3.90e+01
1.14e+02,3.50e+02,6.60e+01,3.90e+01
1.14e+02,3.50e+02,6.70e+01,4.00e+01
9.16e+01,3.54e+02,5.60e+01,3.80e+01
1.08e+02,3.59e+02,5.40e+01,3.80e+01
1.14e+02,3.50e+02,6.70e+01,4.10e+01
1.14e+02,3.50e+02,6.60e+01,4.00e+01
1.14e+02,3.50e+02,6.60e+01,4.00e+01
1.14e+02,3.50e+02,6.50e+01,4.00e+01
1.08e+02,3.59e+02,5.50e+01,3.80e+01
1.14e+02,3.50e+02,6.60e+01,4.00e+01
1.08e+02,3.59e+02,5.50e+01,3.80e+01
1.08e+02,3.59e+02,5.50e+01,3.70e+01
1.14e+02,3.50e+02,6.50e+01,4.00e+01
1.11e+02,3.37e+02,6.40e+01,3.90e+01
1.08e+02,3.57e+02,5.40e+01,3.80e+01
9.21e+01,3.56e+02,5.50e+01,3.90e+01
1.14e+02,3.50e+02,6.50e+01,3.90e+01
1.08e+02,3.59e+02,5.50e+01,3.80e+01
1.03e+02,3.60e+02,5.40e+01,3.70e+01
1.08e+02,3.59e+02,5.60e+01,3.90e+01
1.14e+02,3.50e+02,6.50e+01,3.90e+01
1.03e+02,3.60e+02,5.40e+01,3.80e+01
1.08e+02,3.59e+02,5.30e+01,3.70e+01
1.08e+02,3.59e+02,5.30e+01,3.70e+01
1.14e+02,3.50e+02,6.50e+01,3.90e+01
1.04e+02,3.50e+02,6.40e+01,3.90e+01
1.08e+02,3.59e+02,5.60e+01,3.70e+01
8.30e+01,3.60e+02,5.40e+01,3.70e+01
9.88e+01,3.60e+02,5.30e+01,3.70e+01
1.14e+02,3.50e+02,6.70e+01,4.00e+01
1.08e+02,3.58e+02,5.40e+01,3.80e+01
1.01e+02,3.59e+02,5.50e+01,3.70e+01
7.39e+01,3.50e+02,6.60e+01,3.90e+01
1.14e+02,3.50e+02,6.50e+01,4.00e+01
1.08e+02,3.59e+02,5.40e+01,3.80e+01
1.08e+02,3.59e+02,5.50e+01,3.80e+01
1.08e+02,3.59e+02,5.50e+01,3.80e+01
9.76e+01,3.61e+02,5.50e+01,3.80e+01
1.08e+02,3.59e+02,5.50e+01,3.70e+01
1.08e+02,3.59e+02,5.50e+01,3.70e+01
1.14e+02,3.50e+02,6.50e+01,4.00e+01
1.02e+02,3.50e+02,5.40e+01,3.80e+01
1.08e+02,3.59e+02,5.50e+01,3.90e+01
1.14e+02,3.50e+02,6.60e+01,4.00e+01
1.08e+02,3.59e+02,5.50e+01,3.70e+01
1.08e+02,3.59e+02,5.50e+01,3.90e+01
9.42e+01,3.56e+02,5.40e+01,3.80e+01
1.08e+02,3.59e+02,5.30e+01,3.70e+01
1.08e+02,3.59e+02,5.30e+01,3.70e+01
1.08e+02,3.57e+02,5.50e+01,3.70e+01
1.08e+02,3.59e+02,5.40e+01,3.80e+01
1.08e+02,3.59e+02,5.60e+01,3.80e+01
1.14e+02,3.50e+02,6.50e+01,3.90e+01
1.08e+02,3.59e+02,5.50e+01,3.80e+01
-5.77e+01,1.79e+01,5.50e+01,3.80e+01
1.14e+02,3.50e+02,6.60e+01,4.00e+01
8.43e+01,2.41e+02,6.70e+01,4.00e+01
1.08e+02,3.59e+02,5.40e+01,3.70e+01
1.14e+02,3.50e+02,6.70e+01,3.90e+01
1.08e+02,3.59e+02,5.50e+01,3.80e+01
1.08e+02,3.59e+02,5.50e+01,3.70e+01
1.08e+02,3.59e+02,5.60e+01,3.90e+01
1.08e+02,3.59e+02,5.40e+01,3.70e+01
1.08e+02,3.59e+02,5.40e+01,3.80e+01
1.14e+02,3.50e+02,6.50e+01,4.00e+01
1.08e+02,3.59e+02,5.60e+01,3.70e+01
1.08e+02,3.59e+02,5.70e+01,4.00e+01
1.14e+02,3.50e+02,6.40e+01,3.90e+01
1.03e+02,3.60e+02,5.40e+01,3.80e+01
1.02e+02,3.61e+02,5.30e+01,3.70e+01
-7.15e+01,-1.65e+01,6.40e+01,3.90e+01
1.14e+02,3.50e+02,6.40e+01,3.90e+01
9.13e+01,3.50e+02,6.50e+01,4.00e+01
1.08e+02,3.59e+02,5.50e+01,3.70e+01
1.14e+02,3.50e+02,6.60e+01,4.00e+01
1.14e+02,3.50e+02,6.60e+01,4.00e+01
1.14e+02,3.50e+02,6.50e+01,4.00e+01
1.03e+02,3.60e+02,5.40e+01,3.80e+01
9.11e+01,3.54e+02,5.40e+01,3.80e+01
1.08e+02,3.59e+02,5.60e+01,3.80e+01
1.14e+02,3.50e+02,6.50e+01,3.90e+01
1.07e+02,3.50e+02,5.50e+01,3.70e+01
1.01e+02,3.50e+02,5.50e+01,3.90e+01
1.14e+02,3.50e+02,6.70e+01,4.00e+01
1.14e+02,3.50e+02,6.50e+01,4.00e+01
1.02e+02,3.61e+02,5.20e+01,3.70e+01
1.08e+02,3.59e+02,5.50e+01,3.80e+01
1.14e+02,3.50e+02,6.60e+01,3.90e+01
1.08e+02,3.59e+02,5.40e+01,3.80e+01
1.03e+02,3.50e+02,6.60e+01,4.00e+01
1.14e+02,3.50e+02,6.50e+01,4.00e+01
1.14e+02,3.50e+02,6.50e+01,3.90e+01
1.14e+02,3.50e+02,6.40e+01,3.90e+01
1.03e+02,3.60e+02,5.40e+01,3.80e+01
1.02e+02,3.61e+02,5.40e+01,3.80e+01
8.95e+01,3.52e+02,5.30e+01,3.70e+01
1.02e+02,3.61e+02,5.20e+01,3.70e+01
1.14e+02,3.50e+02,6.50e+01,3.90e+01
1.02e+02,3.58e+02,5.40e+01,3.80e+01
1.04e+02,3.59e+02,5.50e+01,3.70e+01
1.14e+02,3.50e+02,6.50e+01,3.90e+01
1.14e+02,3.50e+02,6.60e+01,4.00e+01
1.14e+02,3.50e+02,6.50e+01,4.00e+01
1.14e+02,3.50e+02,6.40e+01,3.90e+01
1.01e+02,3.61e+02,5.20e+01,3.70e+01
9.79e+01,3.58e+02,5.30e+01,3.80e+01
9.45e+01,3.50e+02,6.60e+01,4.00e+01
