-7.16e+01,-1.65e+01,1.00e+00,1.20e+01
-7.15e+01,-1.65e+01,0.00e+00,1.20e+01
-6.93e+01,-1.63e+01,2.00e+00,1.20e+01
-7.14e+01,-1.65e+01,2.00e+00,1.20e+01
-7.15e+01,-1.65e+01,0.00e+00,1.20e+01
-7.15e+01,-1.65e+01,1.00e+00,1.20e+01
-7.15e+01,-1.65e+01,0.00e+00,1.20e+01
-5.64e+01,4.08e+01,2.00e+00,1.20e+01
-7.14e+01,-1.62e+01,2.00e+00,1.20e+01
-4.29e+01,6.86e+01,1.00e+00,1.20e+01
-5.06e+01,7.63e+01,2.00e+00,1.20e+01
-7.15e+01,-1.65e+01,1.00e+00,1.20e+01
-7.15e+01,-1.65e+01,1.00e+00,1.20e+01
-7.15e+01,-1.65e+01,1.00e+00,1.20e+01
-7.15e+01,-1.65e+01,0.00e+00,1.20e+01
-7.15e+01,-1.65e+01,1.00e+00,1.20e+01
-7.15e+01,-1.65e+01,0.00e+00,1.20e+01
-7.15e+01,-1.65e+01,0.00e+00,1.20e+01
-5.19e+01,6.82e+01,1.00e+00,1.20e+01
-6.90e+01,-1.66e+01,2.00e+00,1.20e+01
-6.94e+01,-1.65e+01,2.00e+00,1.20e+01
-7.15e+01,-1.65e+01,0.00e+00,1.20e+01
-5.84e+01,2.88e+01,2.00e+00,1.20e+01
-7.16e+01,-1.65e+01,1.00e+00,1.20e+01
-5.19e+01,6.82e+01,1.00e+00,1.20e+01
-7.15e+01,-1.65e+01,0.00e+00,1.20e+01
-7.15e+01,-1.65e+01,0.00e+00,1.20e+01
-5.97e+01,2.14e+01,2.00e+00,1.20e+01
-6.93e+01,-1.65e+01,1.00e+00,1.20e+01
-7.15e+01,-1.65e+01,0.00e+00,1.20e+01
-7.15e+01,-1.65e+01,2.00e+00,1.20e+01
-7.15e+01,-1.65e+01,0.00e+00,1.20e+01
-6.75e+01,-1.65e+01,3.00e+00,1.20e+01
-5.53e+01,4.77e+01,3.00e+00,1.20e+01
-7.15e+01,-1.65e+01,0.00e+00,1.20e+01
-7.14e+01,-1.65e+01,1.00e+00,1.20e+01
-6.58e+01,-1.54e+01,1.00e+00,1.20e+01
-7.15e+01,-1.65e+01,1.00e+00,1.20e+01
-7.15e+01,-1.65e+01,2.00e+00,1.20e+01
-6.93e+01,-1.65e+01,1.00e+00,1.20e+01
-7.15e+01,-1.65e+01,1.00e+00,1.20e+01
-7.15e+01,-1.65e+01,1.00e+00,1.20e+01
-7.15e+01,-1.65e+01,0.00e+00,1.20e+01
-7.15e+01,-1.65e+01,0.00e+00,1.20e+01
-7.16e+01,-1.65e+01,1.00e+00,1.20e+01
-7.15e+01,-1.65e+01,0.00e+00,1.20e+01
-7.15e+01,-1.65e+01,0.00e+00,1.20e+01
-7.15e+01,-1.65e+01,0.00e+00,1.20e+01
-7.15e+01,-1.65e+01,0.00e+00,1.20e+01
-7.15e+01,-1.65e+01,1.00e+00,1.20e+01
-5.84e+01,2.88e+01,2.00e+00,1.20e+01
-7.16e+01,-1.65e+01,3.00e+00,1.20e+01
-7.15e+01,-1.65e+01,2.00e+00,1.20e+01
-7.15e+01,-1.65e+01,2.00e+00,1.20e+01
-6.93e+01,-1.65e+01,1.00e+00,1.20e+01
-7.14e+01,-1.65e+01,2.00e+00,1.20e+01
-7.15e+01,-1.65e+01,0.00e+00,1.20e+01
-7.15e+01,-1.65e+01,2.00e+00,1.20e+01
-7.15e+01,-1.65e+01,0.00e+00,1.20e+01
-7.15e+01,-1.65e+01,1.00e+00,1.20e+01
-7.15e+01,-1.65e+01,0.00e+00,1.20e+01
-7.15e+01,-1.65e+01,0.00e+00,1.20e+01
-7.15e+01,-1.65e+01,1.00e+00,1.20e+01
-7.15e+01,-1.65e+01,1.00e+00,1.20e+01
-7.15e+01,-1.65e+01,0.00e+00,1.20e+01
-3.95e+01,6.16e+01,2.00e+00,1.20e+01
-4.69e+01,4.45e+01,3.00e+00,1.20e+01
-7.16e+01,-1.67e+01,2.00e+00,1.20e+01
-7.15e+01,-1.65e+01,2.00e+00,1.20e+01
-7.15e+01,-1.65e+01,2.00e+00,1.20e+01
-6.63e+01,-1.65e+01,2.00e+00,1.20e+01
-7.15e+01,-1.65e+01,2.00e+00,1.20e+01
-7.15e+01,-1.65e+01,2.00e+00,1.20e+01
-6.98e+01,-1.65e+01,2.00e+00,1.20e+01
-7.15e+01,-1.65e+01,0.00e+00,1.20e+01
-7.15e+01,-1.65e+01,0.00e+00,1.20e+01
-7.15e+01,-1.65e+01,1.00e+00,1.20e+01
-6.93e+01,-1.65e+01,1.00e+00,1.20e+01
-7.15e+01,-1.65e+01,0.00e+00,1.20e+01
-7.15e+01,-1.65e+01,3.00e+00,1.20e+01
-7.15e+01,-1.65e+01,0.00e+00,1.20e+01
-7.15e+01,-1.65e+01,0.00e+00,1.20e+01
-7.15e+01,-1.65e+01,0.00e+00,1.20e+01
-6.93e+01,-1.65e+01,1.00e+00,1.20e+01
-7.15e+01,-1.65e+01,0.00e+00,1.20e+01
-7.15e+01,-1.65e+01,0.00e+00,1.20e+01
-7.15e+01,-1.65e+01,0.00e+00,1.20e+01
-7.15e+01,-1.65e+01,1.00e+00,1.20e+01
-5.19e+01,6.82e+01,1.00e+00,1.20e+01
-7.15e+01,-1.65e+01,2.00e+00,1.20e+01
-7.15e+01,-1.65e+01,2.00e+00,1.20e+01
-7.15e+01,-1.65e+01,0.00e+00,1.20e+01
-6.93e+01,-1.65e+01,3.00e+00,1.20e+01
-7.14e+01,-1.62e+01,2.00e+00,1.20e+01
-7.15e+01,-1.65e+01,0.00e+00,1.20e+01
-7.15e+01,-1.65e+01,0.00e+00,1.20e+01
-6.93e+01,-1.66e+01,2.00e+00,1.20e+01
-6.88e+01,-1.65e+01,3.00e+00,1.20e+01
-7.15e+01,-1.65e+01,2.00e+00,1.20e+01
-7.15e+01,-1.65e+01,0.00e+00,1.20e+01
-7.15e+01,-1.65e+01,3.00e+00,1.20e+01
-6.93e+01,-1.65e+01,1.00e+00,1.20e+01
-7.15e+01,-1.65e+01,3.00e+00,1.20e+01
-7.15e+01,-1.65e+01,2.00e+00,1.20e+01
-7.15e+01,-1.65e+01,1.00e+00,1.20e+01
-6.93e+01,-1.65e+01,2.00e+00,1.20e+01
-7.15e+01,-1.65e+01,1.00e+00,1.20e+01
-7.15e+01,-1.65e+01,1.00e+00,1.20e+01
-7.15e+01,-1.65e+01,2.00e+00,1.20e+01
-7.14e+01,-1.65e+01,1.00e+00,1.20e+01
-7.15e+01,-1.65e+01,0.00e+00,1.20e+01
-4.29e+01,6.86e+01,1.00e+00,1.20e+01
-6.93e+01,-1.65e+01,2.00e+00,1.20e+01
-7.15e+01,-1.65e+01,1.00e+00,1.20e+01
-7.15e+01,-1.65e+01,0.00e+00,1.20e+01
-7.15e+01,-1.65e+01,1.00e+00,1.20e+01
-7.15e+01,-1.65e+01,0.00e+00,1.20e+01
-7.15e+01,-1.65e+01,0.00e+00,1.20e+01
-5.19e+01,6.82e+01,1.00e+00,1.20e+01
-6.93e+01,-1.65e+01,1.00e+00,1.20e+01
-7.15e+01,-1.65e+01,1.00e+00,1.20e+01
-6.93e+01,-1.65e+01,1.00e+00,1.20e+01
-4.97e+01,8.55e+01,3.00e+00,1.20e+01
-7.15e+01,-1.65e+01,0.00e+00,1.20e+01
-7.15e+01,-1.65e+01,2.00e+00,1.20e+01
-7.15e+01,-1.65e+01,0.00e+00,1.20e+01
-7.15e+01,-1.65e+01,0.00e+00,1.20e+01
-6.58e+01,-1.54e+01,1.00e+00,1.20e+01
