1.09e+02,2.10e+02,2.40e+01,1.70e+01
9.64e+01,2.75e+02,2.90e+01,1.80e+01
8.83e+01,2.54e+02,2.40e+01,1.70e+01
1.67e+02,2.29e+02,3.70e+01,2.30e+01
1.11e+02,1.91e+02,2.50e+01,1.80e+01
1.00e+02,2.19e+02,3.00e+01,1.80e+01
7.65e+01,2.15e+02,2.40e+01,1.70e+01
1.04e+02,1.86e+02,3.70e+01,2.20e+01
1.85e+02,2.56e+02,2.40e+01,1.70e+01
1.15e+02,2.06e+02,3.20e+01,2.10e+01
1.17e+02,2.48e+02,2.60e+01,1.70e+01
9.01e+01,2.14e+02,2.50e+01,1.70e+01
3.38e+01,8.57e+01,2.40e+01,1.70e+01
3.57e+01,1.14e+02,2.60e+01,1.70e+01
4.54e+00,6.21e+01,3.40e+01,2.20e+01
1.56e+02,2.66e+02,2.40e+01,1.70e+01
8.80e+01,1.97e+02,2.80e+01,1.80e+01
1.11e+02,1.97e+02,4.10e+01,2.40e+01
1.37e+02,2.70e+02,2.40e+01,1.70e+01
1.07e+02,2.47e+02,3.40e+01,2.20e+01
6.76e+01,1.22e+02,2.90e+01,1.80e+01
1.12e+02,2.54e+02,2.50e+01,1.80e+01
1.37e+02,2.46e+02,2.50e+01,1.70e+01
1.44e+02,2.00e+02,3.00e+01,1.80e+01
6.36e+01,1.28e+02,3.20e+01,1.80e+01
9.48e+01,1.77e+02,3.20e+01,1.90e+01
8.87e+01,1.54e+02,2.80e+01,1.70e+01
9.54e+01,2.23e+02,2.50e+01,1.70e+01
1.08e+02,1.42e+02,2.80e+01,1.70e+01
7.66e+01,1.12e+02,2.50e+01,1.70e+01
1.58e+02,2.20e+02,2.50e+01,1.70e+01
4.69e+01,8.76e+01,3.50e+01,2.20e+01
7.52e+01,1.86e+02,2.50e+01,1.80e+01
7.64e+01,1.26e+02,2.50e+01,1.70e+01
9.68e+01,1.49e+02,3.70e+01,2.30e+01
6.98e+01,1.90e+02,2.50e+01,1.80e+01
1.22e+02,2.53e+02,3.10e+01,1.90e+01
6.47e+01,1.22e+02,2.40e+01,1.70e+01
6.73e+01,1.45e+02,2.80e+01,1.90e+01
9.94e+01,1.85e+02,2.90e+01,2.00e+01
1.50e+02,2.13e+02,2.50e+01,1.80e+01
1.23e+02,2.03e+02,3.80e+01,2.40e+01
7.12e+01,1.42e+02,2.50e+01,1.70e+01
1.96e+01,7.77e+01,3.00e+01,1.90e+01
6.36e+01,9.61e+01,2.60e+01,1.70e+01
9.95e+01,1.78e+02,2.60e+01,1.80e+01
1.12e+02,2.31e+02,3.80e+01,2.40e+01
9.73e+01,2.03e+02,2.50e+01,1.80e+01
1.05e+02,1.63e+02,3.30e+01,2.20e+01
8.44e+01,1.93e+02,2.90e+01,1.80e+01
5.19e+01,1.06e+02,2.90e+01,2.10e+01
9.50e+01,2.26e+02,2.50e+01,1.80e+01
1.30e+02,2.49e+02,2.70e+01,1.70e+01
1.04e+02,2.15e+02,2.60e+01,1.80e+01
7.17e+01,2.10e+02,2.90e+01,1.80e+01
5.68e+01,1.35e+02,2.90e+01,1.80e+01
1.08e+02,2.03e+02,2.50e+01,1.70e+01
8.40e+01,1.38e+02,2.50e+01,1.70e+01
8.74e+01,1.60e+02,2.90e+01,1.90e+01
1.07e+02,1.79e+02,3.10e+01,1.90e+01
1.16e+02,1.93e+02,2.50e+01,1.80e+01
9.55e+01,2.09e+02,2.60e+01,1.80e+01
1.49e+02,2.01e+02,2.50e+01,1.80e+01
1.11e+02,1.53e+02,2.50e+01,1.80e+01
1.21e+02,1.83e+02,3.80e+01,2.30e+01
8.19e+01,1.40e+02,2.50e+01,1.70e+01
1.44e+02,2.63e+02,2.70e+01,1.70e+01
8.73e+01,1.96e+02,3.80e+01,2.40e+01
8.76e+01,2.49e+02,2.90e+01,1.90e+01
7.76e+01,1.41e+02,2.90e+01,1.80e+01
8.21e+01,1.73e+02,2.50e+01,1.70e+01
1.00e+02,1.88e+02,2.40e+01,1.70e+01
8.76e+01,1.91e+02,2.50e+01,1.80e+01
7.32e+01,1.55e+02,2.90e+01,2.00e+01
1.12e+02,1.53e+02,3.90e+01,2.50e+01
3.70e+01,1.07e+02,3.90e+01,2.40e+01
1.46e+02,3.02e+02,2.50e+01,1.80e+01
1.47e+02,2.03e+02,3.00e+01,2.10e+01
1.23e+02,2.88e+02,2.80e+01,1.80e+01
9.16e+01,1.41e+02,2.40e+01,1.70e+01
1.36e+02,2.33e+02,2.50e+01,1.70e+01
1.01e+02,1.94e+02,2.90e+01,2.00e+01
1.75e+02,2.36e+02,2.40e+01,1.70e+01
1.55e+02,2.35e+02,4.10e+01,2.40e+01
-1.26e+01,3.65e+01,2.90e+01,2.00e+01
1.29e+02,1.82e+02,3.70e+01,2.30e+01
6.20e+01,2.21e+02,2.60e+01,1.70e+01
1.29e+02,1.90e+02,2.50e+01,1.70e+01
8.81e+01,1.90e+02,3.00e+01,1.80e+01
1.14e+02,2.14e+02,2.60e+01,1.90e+01
8.37e+01,1.51e+02,3.80e+01,2.20e+01
9.19e+01,2.07e+02,2.80e+01,1.90e+01
3.57e+01,1.33e+02,2.50e+01,1.70e+01
7.32e+01,1.45e+02,2.80e+01,1.70e+01
1.14e+02,2.34e+02,4.00e+01,2.40e+01
7.70e+01,1.83e+02,2.50e+01,1.70e+01
1.23e+02,2.06e+02,3.70e+01,2.30e+01
9.24e+01,2.00e+02,2.50e+01,1.70e+01
6.06e+01,1.35e+02,2.60e+01,1.80e+01
9.56e+01,1.94e+02,3.10e+01,1.80e+01
8.57e+01,1.60e+02,3.00e+01,1.90e+01
1.05e+02,2.01e+02,2.50e+01,1.70e+01
8.98e+01,1.65e+02,2.90e+01,1.80e+01
1.53e+02,2.26e+02,3.80e+01,2.30e+01
7.82e+01,2.08e+02,2.80e+01,1.70e+01
1.13e+01,5.90e+01,2.50e+01,1.80e+01
1.52e+02,3.13e+02,3.00e+01,1.90e+01
1.38e+02,2.48e+02,2.50e+01,1.70e+01
9.67e+01,2.02e+02,3.80e+01,2.40e+01
1.06e+02,1.70e+02,3.20e+01,2.10e+01
9.96e+01,1.66e+02,2.40e+01,1.70e+01
5.39e+01,1.14e+02,2.50e+01,1.70e+01
1.73e+02,2.47e+02,2.50e+01,1.80e+01
1.18e+02,1.93e+02,3.40e+01,2.20e+01
9.09e+01,1.99e+02,3.50e+01,2.30e+01
6.55e+01,1.14e+02,2.70e+01,1.70e+01
7.56e+01,1.44e+02,2.70e+01,1.70e+01
1.07e+02,2.13e+02,3.50e+01,2.20e+01
1.26e+02,2.08e+02,2.80e+01,1.90e+01
1.39e+02,2.87e+02,3.00e+01,1.90e+01
2.72e+01,4.62e+01,2.50e+01,1.70e+01
1.01e+02,2.70e+02,3.20e+01,1.80e+01
1.40e+02,2.27e+02,2.60e+01,1.90e+01
1.06e+02,2.04e+02,3.00e+01,1.80e+01
3.94e+01,1.19e+02,2.90e+01,1.80e+01
1.28e+02,2.50e+02,3.80e+01,2.20e+01
1.17e+02,2.91e+02,2.80e+01,1.90e+01
1.00e+02,1.68e+02,2.80e+01,1.80e+01
