-2.12e+02,-8.03e+01,1.50e+01,1.20e+01
-2.38e+02,-4.80e+01,1.50e+01,1.10e+01
-2.38e+02,-4.80e+01,1.60e+01,1.10e+01
-2.18e+02,-6.84e+01,1.60e+01,1.20e+01
-2.30e+02,-5.99e+01,1.40e+01,1.30e+01
-2.18e+02,-6.84e+01,1.60e+01,1.20e+01
-2.31e+02,-4.83e+01,1.60e+01,1.20e+01
-2.30e+02,-5.99e+01,1.40e+01,1.30e+01
-2.15e+02,-6.91e+01,1.60e+01,1.10e+01
-2.30e+02,-5.99e+01,1.20e+01,1.10e+01
-2.31e+02,-4.83e+01,1.60e+01,1.10e+01
-2.38e+02,-4.80e+01,1.50e+01,1.10e+01
-2.14e+02,-7.55e+01,1.60e+01,1.20e+01
-2.14e+02,-7.55e+01,1.50e+01,1.20e+01
-2.12e+02,-8.03e+01,1.60e+01,1.20e+01
-2.12e+02,-8.03e+01,1.50e+01,1.20e+01
-3.30e+02,-1.92e+02,1.50e+01,1.10e+01
-2.30e+02,-5.99e+01,1.50e+01,1.30e+01
-2.37e+02,-8.41e+01,1.50e+01,1.20e+01
-2.18e+02,-6.84e+01,1.70e+01,1.20e+01
-2.42e+02,-7.57e+01,1.40e+01,1.30e+01
-4.98e+02,-4.92e+02,1.50e+01,1.20e+01
-2.46e+02,-6.60e+01,1.60e+01,1.20e+01
-2.30e+02,-8.36e+01,1.70e+01,1.20e+01
-2.12e+02,-8.03e+01,1.60e+01,1.20e+01
-2.38e+02,-4.80e+01,1.60e+01,1.10e+01
-5.00e+02,-5.00e+02,1.60e+01,1.10e+01
-2.35e+02,-4.83e+01,1.50e+01,1.20e+01
-4.50e+02,-2.03e+02,1.50e+01,1.20e+01
-2.12e+02,-8.03e+01,1.50e+01,1.20e+01
-2.12e+02,-8.03e+01,1.60e+01,1.20e+01
-5.00e+02,-4.99e+02,1.60e+01,1.20e+01
-2.12e+02,-8.03e+01,1.50e+01,1.20e+01
-2.31e+02,-4.83e+01,1.50e+01,1.10e+01
-2.39e+02,-8.39e+01,1.50e+01,1.20e+01
-3.32e+02,-2.07e+02,1.70e+01,1.20e+01
-2.12e+02,-8.03e+01,1.60e+01,1.30e+01
-2.30e+02,-5.99e+01,1.50e+01,1.30e+01
-4.92e+02,-4.60e+02,1.60e+01,1.30e+01
-2.48e+02,-9.68e+01,1.50e+01,1.20e+01
-2.12e+02,-8.03e+01,1.50e+01,1.20e+01
-2.19e+02,-6.84e+01,1.70e+01,1.20e+01
-2.35e+02,-4.83e+01,1.70e+01,1.30e+01
-2.12e+02,-8.03e+01,1.60e+01,1.30e+01
-2.18e+02,-6.84e+01,1.60e+01,1.20e+01
-2.12e+02,-8.03e+01,1.60e+01,1.20e+01
-2.35e+02,-4.83e+01,1.50e+01,1.20e+01
-2.92e+02,-7.08e+01,1.70e+01,1.20e+01
-2.43e+02,-5.99e+01,1.60e+01,1.20e+01
-2.47e+02,-6.94e+01,1.60e+01,1.10e+01
-2.12e+02,-8.03e+01,1.60e+01,1.20e+01
-4.93e+02,-4.69e+02,1.50e+01,1.20e+01
-2.30e+02,-5.99e+01,1.50e+01,1.30e+01
-2.43e+02,-9.06e+01,1.70e+01,1.20e+01
-2.30e+02,-5.99e+01,1.60e+01,1.40e+01
-4.98e+02,-4.92e+02,1.60e+01,1.20e+01
-2.38e+02,-4.83e+01,1.50e+01,1.10e+01
-4.54e+02,-2.25e+02,1.60e+01,1.20e+01
-2.38e+02,-4.80e+01,1.60e+01,1.10e+01
-2.18e+02,-6.84e+01,1.70e+01,1.30e+01
-2.12e+02,-8.03e+01,1.60e+01,1.20e+01
-2.38e+02,-4.80e+01,1.60e+01,1.10e+01
-5.00e+02,-5.00e+02,1.50e+01,1.20e+01
-2.99e+02,-9.76e+01,1.60e+01,1.20e+01
-4.89e+02,-4.34e+02,1.50e+01,1.10e+01
-2.23e+02,-8.03e+01,1.70e+01,1.30e+01
-2.16e+02,-8.03e+01,1.50e+01,1.20e+01
-3.08e+02,-8.79e+01,1.70e+01,1.10e+01
-3.00e+02,-4.80e+01,1.70e+01,1.10e+01
-2.46e+02,-5.99e+01,1.50e+01,1.10e+01
-2.12e+02,-8.03e+01,1.50e+01,1.20e+01
-3.11e+02,-4.80e+01,1.70e+01,1.10e+01
-2.42e+02,-6.73e+01,1.50e+01,1.10e+01
-3.11e+02,-4.80e+01,1.60e+01,1.10e+01
-3.00e+02,-4.80e+01,1.60e+01,1.10e+01
-2.20e+02,-7.83e+01,1.60e+01,1.20e+01
-4.89e+02,-4.34e+02,1.60e+01,1.10e+01
-3.11e+02,-4.80e+01,1.60e+01,1.10e+01
-3.12e+02,-8.38e+01,1.60e+01,1.20e+01
-2.26e+02,-7.56e+01,1.60e+01,1.20e+01
-4.53e+02,-2.33e+02,1.50e+01,1.10e+01
-2.57e+02,-8.08e+01,1.60e+01,1.20e+01
-2.30e+02,-5.99e+01,1.50e+01,1.30e+01
-2.86e+02,-1.11e+02,1.60e+01,1.30e+01
-3.80e+02,-2.18e+02,1.70e+01,1.20e+01
-2.38e+02,-4.80e+01,1.70e+01,1.20e+01
-4.38e+02,-1.28e+02,1.60e+01,1.20e+01
-2.20e+02,-7.83e+01,1.60e+01,1.20e+01
-2.12e+02,-8.03e+01,1.60e+01,1.30e+01
-2.39e+02,-4.83e+01,1.50e+01,1.10e+01
-2.38e+02,-4.80e+01,1.70e+01,1.20e+01
-2.39e+02,-4.83e+01,1.50e+01,1.10e+01
-2.47e+02,-7.75e+01,1.50e+01,1.20e+01
-2.38e+02,-4.80e+01,1.70e+01,1.20e+01
-2.48e+02,-9.92e+01,1.40e+01,1.30e+01
-3.56e+02,-1.08e+02,1.60e+01,1.20e+01
