-3.02e+02,-5.81e+01,3.00e+01,1.80e+01
-1.58e+02,-7.78e+01,3.50e+01,2.00e+01
-1.96e+02,-7.62e+01,3.20e+01,1.90e+01
-2.99e+02,-5.16e+01,3.10e+01,1.90e+01
-1.55e+02,-8.60e+01,3.40e+01,1.90e+01
-3.14e+02,-5.63e+01,3.00e+01,1.80e+01
-1.56e+02,-7.42e+01,3.60e+01,2.00e+01
-2.10e+02,-6.25e+01,3.20e+01,1.90e+01
-2.99e+02,-4.95e+01,3.10e+01,1.90e+01
-1.42e+02,-6.84e+01,3.40e+01,2.00e+01
-3.10e+02,-5.57e+01,3.00e+01,1.80e+01
-1.40e+02,-6.63e+01,3.90e+01,2.20e+01
-1.97e+02,-7.35e+01,3.20e+01,1.90e+01
-2.98e+02,-5.68e+01,3.10e+01,1.80e+01
-1.51e+02,-8.17e+01,3.40e+01,2.00e+01
-1.49e+02,-7.06e+01,3.60e+01,2.00e+01
-3.11e+02,-4.55e+01,3.00e+01,1.80e+01
-1.53e+02,-8.99e+01,3.40e+01,1.90e+01
-1.74e+02,-9.72e+01,3.20e+01,1.90e+01
-3.02e+02,-6.33e+01,3.10e+01,1.80e+01
-3.73e+02,-6.16e+01,3.00e+01,1.80e+01
-1.47e+02,-9.15e+01,3.50e+01,2.00e+01
-2.02e+02,-8.72e+01,3.20e+01,1.90e+01
-3.07e+02,-5.33e+01,3.10e+01,1.80e+01
-1.68e+02,-8.34e+01,3.40e+01,1.90e+01
-3.62e+02,-5.63e+01,3.00e+01,1.80e+01
-1.52e+02,-6.92e+01,3.50e+01,1.90e+01
-2.29e+02,-7.03e+01,3.20e+01,1.90e+01
-2.98e+02,-4.67e+01,3.10e+01,1.90e+01
-1.64e+02,-9.30e+01,3.40e+01,2.00e+01
-3.73e+02,-1.02e+02,3.00e+01,1.80e+01
-1.51e+02,-7.22e+01,3.80e+01,2.20e+01
-3.12e+02,-6.37e+01,3.10e+01,1.90e+01
-1.90e+02,-6.88e+01,3.20e+01,1.90e+01
-2.12e+02,-6.03e+01,3.30e+01,1.90e+01
-1.59e+02,-8.83e+01,3.40e+01,1.90e+01
-1.51e+02,-7.05e+01,3.50e+01,2.00e+01
-4.23e+02,-5.33e+01,3.00e+01,1.80e+01
-1.52e+02,-6.90e+01,3.60e+01,2.00e+01
-3.08e+02,-6.34e+01,3.10e+01,1.90e+01
-1.67e+02,-7.40e+01,3.50e+01,2.10e+01
-4.34e+02,-1.04e+02,3.50e+01,2.00e+01
-1.49e+02,-7.93e+01,3.60e+01,2.00e+01
-3.76e+02,-5.86e+01,3.00e+01,1.80e+01
-2.03e+02,-7.11e+01,3.20e+01,1.90e+01
-1.55e+02,-8.69e+01,3.50e+01,2.10e+01
-2.99e+02,-4.82e+01,3.10e+01,1.80e+01
-2.23e+02,-1.45e+02,3.20e+01,1.90e+01
-2.14e+02,-6.81e+01,3.40e+01,1.90e+01
-1.96e+02,-9.04e+01,3.60e+01,2.00e+01
-3.80e+02,-6.76e+01,3.00e+01,1.80e+01
-1.58e+02,-7.50e+01,3.60e+01,2.10e+01
-2.33e+02,-8.11e+01,3.40e+01,2.00e+01
-3.01e+02,-6.53e+01,3.30e+01,2.00e+01
-1.91e+02,-8.56e+01,3.20e+01,1.90e+01
-3.06e+02,-1.87e+02,3.30e+01,1.90e+01
-1.46e+02,-7.73e+01,3.60e+01,2.00e+01
-1.43e+02,-6.94e+01,3.50e+01,2.00e+01
-2.09e+02,-7.50e+01,3.40e+01,2.00e+01
-3.65e+02,-5.16e+01,3.30e+01,1.90e+01
-2.11e+02,-1.11e+02,3.40e+01,1.90e+01
-2.93e+02,-4.98e+01,3.30e+01,2.00e+01
-1.51e+02,-7.47e+01,3.60e+01,2.00e+01
-3.15e+02,-6.46e+01,3.10e+01,1.90e+01
-5.00e+02,-5.00e+02,3.10e+01,1.80e+01
-4.40e+02,-1.37e+02,3.30e+01,1.90e+01
-3.86e+02,-1.41e+02,3.10e+01,1.90e+01
-1.45e+02,-8.03e+01,3.80e+01,2.10e+01
-3.02e+02,-6.37e+01,3.10e+01,1.90e+01
-2.43e+02,-1.89e+02,3.50e+01,2.10e+01
-2.11e+02,-9.67e+01,3.20e+01,1.90e+01
-3.77e+02,-1.12e+02,3.00e+01,1.80e+01
-1.62e+02,-8.28e+01,3.90e+01,2.20e+01
-3.65e+02,-6.69e+01,3.00e+01,1.80e+01
-1.45e+02,-7.54e+01,4.00e+01,2.30e+01
-1.44e+02,-7.23e+01,3.40e+01,2.00e+01
-2.93e+02,-5.00e+01,3.10e+01,1.80e+01
-3.52e+02,-5.05e+01,3.40e+01,2.00e+01
-3.65e+02,-5.33e+01,3.00e+01,1.80e+01
-3.77e+02,-9.65e+01,3.00e+01,1.80e+01
-3.43e+02,-1.52e+02,3.70e+01,2.00e+01
-1.95e+02,-8.43e+01,3.30e+01,1.90e+01
-1.49e+02,-6.97e+01,3.80e+01,2.20e+01
-2.94e+02,-1.73e+02,3.20e+01,1.90e+01
-3.15e+02,-5.56e+01,3.20e+01,2.00e+01
-1.43e+02,-8.54e+01,3.60e+01,2.00e+01
-3.03e+02,-6.27e+01,3.00e+01,1.80e+01
-3.00e+02,-4.65e+01,3.20e+01,1.80e+01
-3.73e+02,-4.98e+01,3.00e+01,1.80e+01
-2.80e+02,-1.36e+02,3.20e+01,1.90e+01
-2.17e+02,-9.28e+01,3.90e+01,2.20e+01
-4.09e+02,-5.79e+01,3.00e+01,1.80e+01
-3.17e+02,-1.89e+02,3.90e+01,2.20e+01
-1.44e+02,-8.13e+01,3.50e+01,2.00e+01
-3.09e+02,-5.48e+01,3.10e+01,1.80e+01
-1.50e+02,-8.43e+01,3.40e+01,2.00e+01
-3.12e+02,-8.89e+01,3.10e+01,1.80e+01
-2.91e+02,-1.19e+02,3.40e+01,1.90e+01
-1.43e+02,-7.43e+01,3.60e+01,2.00e+01
-2.23e+02,-7.30e+01,3.90e+01,2.20e+01
-1.51e+02,-7.08e+01,3.50e+01,2.00e+01
-3.05e+02,-1.28e+02,3.60e+01,2.00e+01
-1.85e+02,-6.35e+01,3.40e+01,2.00e+01
-3.61e+02,-5.71e+01,3.00e+01,1.80e+01
-1.48e+02,-6.25e+01,3.50e+01,1.90e+01
-3.09e+02,-9.10e+01,3.20e+01,1.90e+01
-1.54e+02,-7.81e+01,3.70e+01,2.10e+01
-3.20e+02,-6.51e+01,3.00e+01,1.80e+01
-3.14e+02,-6.38e+01,3.00e+01,1.80e+01
-3.06e+02,-4.42e+01,3.00e+01,1.80e+01
-2.85e+02,-1.36e+02,3.60e+01,2.00e+01
-3.07e+02,-7.10e+01,3.00e+01,1.80e+01
-3.04e+02,-5.41e+01,3.10e+01,1.90e+01
-2.87e+02,-1.27e+02,3.50e+01,2.00e+01
-3.82e+02,-6.83e+01,3.20e+01,1.90e+01
-1.64e+02,-1.06e+02,3.50e+01,2.00e+01
-1.40e+02,-6.61e+01,3.50e+01,1.90e+01
-3.03e+02,-7.19e+01,3.70e+01,2.00e+01
-3.68e+02,-2.16e+02,3.30e+01,1.90e+01
-1.52e+02,-7.07e+01,3.40e+01,2.00e+01
-5.00e+02,-5.00e+02,3.60e+01,2.00e+01
-5.00e+02,-5.00e+02,3.20e+01,1.90e+01
-3.67e+02,-4.78e+01,3.00e+01,1.80e+01
-1.48e+02,-8.14e+01,3.70e+01,2.00e+01
-1.53e+02,-7.91e+01,3.40e+01,1.90e+01
-3.04e+02,-9.05e+01,3.20e+01,1.90e+01
-1.56e+02,-7.14e+01,3.40e+01,1.90e+01
-5.00e+02,-5.00e+02,3.40e+01,1.90e+01
-2.04e+02,-8.81e+01,3.10e+01,1.80e+01
-1.46e+02,-8.51e+01,3.40e+01,1.90e+01
-1.39e+02,-6.82e+01,3.90e+01,2.20e+01
-1.47e+02,-7.01e+01,3.50e+01,2.00e+01
-2.08e+02,-7.02e+01,3.50e+01,2.10e+01
-1.43e+02,-6.28e+01,3.60e+01,2.00e+01
-3.52e+02,-1.90e+02,3.30e+01,1.90e+01
-1.57e+02,-9.06e+01,3.40e+01,1.90e+01
-4.37e+02,-1.22e+02,3.30e+01,1.90e+01
-1.76e+02,-6.43e+01,3.30e+01,1.90e+01
-2.09e+02,-9.04e+01,3.20e+01,1.90e+01
-1.49e+02,-9.12e+01,3.60e+01,2.00e+01
-2.25e+02,-1.10e+02,3.40e+01,1.90e+01
-2.80e+02,-8.43e+01,3.30e+01,1.90e+01
-2.06e+02,-9.84e+01,3.20e+01,1.90e+01
-2.19e+02,-9.71e+01,3.30e+01,1.90e+01
-2.99e+02,-5.05e+01,3.00e+01,1.80e+01
-2.06e+02,-6.06e+01,3.20e+01,1.90e+01
-4.34e+02,-1.07e+02,3.30e+01,1.90e+01
-3.70e+02,-5.66e+01,3.20e+01,2.00e+01
-1.72e+02,-7.32e+01,3.00e+01,1.80e+01
-1.85e+02,-6.62e+01,3.20e+01,1.90e+01
-3.52e+02,-1.86e+02,3.30e+01,1.90e+01
-3.39e+02,-2.13e+02,3.20e+01,1.90e+01
-2.12e+02,-6.64e+01,3.30e+01,1.90e+01
-1.67e+02,-7.91e+01,4.20e+01,2.40e+01
-3.00e+02,-5.46e+01,3.10e+01,1.90e+01
-1.50e+02,-8.28e+01,3.60e+01,2.00e+01
-2.52e+02,-9.28e+01,3.30e+01,1.90e+01
-3.07e+02,-5.19e+01,3.00e+01,1.80e+01
-3.06e+02,-4.70e+01,3.10e+01,1.90e+01
-2.30e+02,-7.09e+01,3.20e+01,1.90e+01
-4.36e+02,-1.15e+02,3.50e+01,2.00e+01
-2.06e+02,-8.11e+01,3.20e+01,1.90e+01
-1.47e+02,-6.90e+01,3.60e+01,2.00e+01
-3.25e+02,-5.66e+01,3.00e+01,1.80e+01
-2.28e+02,-8.59e+01,3.90e+01,2.20e+01
-1.66e+02,-7.90e+01,3.50e+01,2.00e+01
-2.86e+02,-7.98e+01,3.50e+01,2.00e+01
-1.76e+02,-9.69e+01,3.70e+01,2.00e+01
-3.09e+02,-7.63e+01,3.10e+01,1.80e+01
-3.80e+02,-7.90e+01,3.10e+01,1.90e+01
-2.20e+02,-7.10e+01,3.40e+01,2.00e+01
-1.66e+02,-8.73e+01,3.40e+01,1.90e+01
-2.89e+02,-1.14e+02,3.90e+01,2.20e+01
-1.94e+02,-7.23e+01,3.20e+01,1.90e+01
-3.92e+02,-5.34e+01,3.10e+01,1.80e+01
-1.85e+02,-8.13e+01,3.30e+01,1.90e+01
-2.19e+02,-7.74e+01,3.40e+01,1.90e+01
-3.87e+02,-9.74e+01,3.10e+01,1.80e+01
-3.57e+02,-5.90e+01,3.40e+01,2.00e+01
-4.06e+02,-8.66e+01,3.60e+01,2.00e+01
-3.17e+02,-9.28e+01,3.50e+01,2.00e+01
-2.06e+02,-8.01e+01,3.20e+01,1.90e+01
-2.22e+02,-7.16e+01,3.50e+01,2.00e+01
-3.17e+02,-6.02e+01,3.10e+01,1.90e+01
-2.33e+02,-6.92e+01,3.90e+01,2.20e+01
-3.00e+02,-4.83e+01,3.00e+01,1.80e+01
-1.60e+02,-7.90e+01,3.60e+01,2.00e+01
-1.44e+02,-6.75e+01,3.60e+01,2.00e+01
-3.03e+02,-5.81e+01,3.30e+01,1.90e+01
-2.03e+02,-7.44e+01,3.20e+01,1.90e+01
-2.22e+02,-8.88e+01,3.40e+01,2.00e+01
-3.71e+02,-9.34e+01,3.10e+01,1.80e+01
