-1.40e+02,-7.35e+01,6.40e+01,3.20e+01
-2.88e+02,-4.85e+01,5.30e+01,2.70e+01
-2.95e+02,-6.38e+01,4.80e+01,2.50e+01
-1.54e+02,-8.31e+01,6.20e+01,3.10e+01
-1.42e+02,-7.55e+01,6.60e+01,3.20e+01
-1.41e+02,-7.55e+01,6.50e+01,3.10e+01
-2.89e+02,-4.58e+01,5.00e+01,2.70e+01
-2.86e+02,-5.77e+01,4.90e+01,2.50e+01
-2.91e+02,-4.34e+01,4.80e+01,2.50e+01
-2.86e+02,-4.95e+01,4.80e+01,2.50e+01
-2.99e+02,-6.39e+01,5.20e+01,2.70e+01
-1.40e+02,-6.81e+01,6.50e+01,3.10e+01
-1.56e+02,-6.96e+01,6.50e+01,3.20e+01
-2.88e+02,-5.29e+01,4.80e+01,2.50e+01
-1.48e+02,-7.24e+01,6.60e+01,3.20e+01
-1.53e+02,-8.44e+01,6.70e+01,3.30e+01
-1.38e+02,-5.99e+01,6.40e+01,3.20e+01
-1.45e+02,-8.29e+01,6.50e+01,3.20e+01
-2.84e+02,-5.26e+01,4.80e+01,2.50e+01
-2.88e+02,-6.14e+01,5.00e+01,2.50e+01
-2.86e+02,-5.80e+01,4.90e+01,2.50e+01
-1.37e+02,-6.94e+01,6.50e+01,3.30e+01
-2.97e+02,-4.87e+01,4.80e+01,2.50e+01
-2.89e+02,-5.26e+01,4.80e+01,2.50e+01
-1.43e+02,-6.44e+01,6.40e+01,3.20e+01
-2.81e+02,-7.53e+01,5.20e+01,2.60e+01
-1.58e+02,-8.68e+01,6.40e+01,3.10e+01
-2.90e+02,-4.60e+01,5.00e+01,2.60e+01
-1.47e+02,-6.30e+01,6.50e+01,3.10e+01
-1.48e+02,-8.14e+01,6.60e+01,3.20e+01
-2.85e+02,-5.39e+01,4.80e+01,2.50e+01
-1.46e+02,-9.43e+01,6.40e+01,3.20e+01
-1.44e+02,-8.99e+01,6.60e+01,3.20e+01
-1.53e+02,-7.53e+01,6.20e+01,3.10e+01
-4.01e+02,-5.56e+01,4.80e+01,2.50e+01
-1.44e+02,-8.29e+01,6.20e+01,3.10e+01
-2.85e+02,-4.76e+01,5.00e+01,2.50e+01
-2.06e+02,-6.66e+01,6.40e+01,3.10e+01
-2.87e+02,-4.96e+01,4.90e+01,2.50e+01
-1.53e+02,-1.01e+02,6.50e+01,3.20e+01
-1.38e+02,-6.70e+01,6.20e+01,3.10e+01
-2.38e+02,-8.41e+01,6.60e+01,3.10e+01
-2.86e+02,-5.86e+01,4.90e+01,2.60e+01
-2.87e+02,-4.70e+01,5.30e+01,2.70e+01
-4.27e+02,-6.07e+01,4.90e+01,2.50e+01
-1.88e+02,-1.06e+02,6.40e+01,3.20e+01
-2.83e+02,-4.41e+01,4.80e+01,2.50e+01
-1.83e+02,-1.03e+02,6.50e+01,3.20e+01
-1.40e+02,-7.84e+01,6.40e+01,3.10e+01
-1.48e+02,-8.18e+01,6.40e+01,3.10e+01
-2.93e+02,-6.51e+01,4.80e+01,2.50e+01
-1.50e+02,-7.25e+01,6.50e+01,3.30e+01
-1.50e+02,-7.45e+01,6.60e+01,3.30e+01
-2.04e+02,-6.43e+01,6.60e+01,3.20e+01
-1.58e+02,-8.00e+01,6.50e+01,3.30e+01
-1.60e+02,-8.34e+01,6.40e+01,3.20e+01
-1.46e+02,-7.84e+01,6.60e+01,3.20e+01
-2.89e+02,-5.99e+01,4.80e+01,2.50e+01
-1.68e+02,-7.11e+01,6.60e+01,3.20e+01
-5.00e+02,-5.00e+02,6.40e+01,3.20e+01
-2.97e+02,-7.39e+01,4.80e+01,2.50e+01
-2.86e+02,-5.68e+01,4.80e+01,2.50e+01
-1.39e+02,-8.08e+01,6.50e+01,3.20e+01
-1.47e+02,-8.11e+01,6.30e+01,3.20e+01
-4.07e+02,-5.88e+01,4.80e+01,2.50e+01
-1.47e+02,-8.81e+01,6.50e+01,3.10e+01
-3.77e+02,-1.00e+02,4.90e+01,2.60e+01
-2.87e+02,-4.81e+01,5.30e+01,2.70e+01
-2.84e+02,-5.25e+01,4.90e+01,2.50e+01
-2.95e+02,-4.70e+01,5.40e+01,2.80e+01
-2.90e+02,-5.04e+01,5.30e+01,2.70e+01
-2.89e+02,-5.25e+01,5.10e+01,2.80e+01
-1.51e+02,-8.16e+01,6.70e+01,3.30e+01
-3.01e+02,-8.21e+01,5.40e+01,2.70e+01
-1.50e+02,-7.16e+01,6.50e+01,3.20e+01
-1.49e+02,-8.22e+01,6.50e+01,3.20e+01
-1.58e+02,-7.52e+01,6.70e+01,3.30e+01
-2.86e+02,-5.69e+01,4.80e+01,2.50e+01
-5.00e+02,-5.00e+02,6.40e+01,3.20e+01
-1.51e+02,-7.62e+01,6.60e+01,3.20e+01
-2.01e+02,-1.05e+02,6.70e+01,3.30e+01
-2.89e+02,-5.75e+01,4.80e+01,2.50e+01
-1.88e+02,-9.71e+01,6.40e+01,3.10e+01
-2.88e+02,-4.60e+01,5.10e+01,2.70e+01
-4.03e+02,-5.36e+01,4.90e+01,2.50e+01
-1.42e+02,-8.46e+01,6.40e+01,3.20e+01
-1.35e+02,-6.06e+01,6.60e+01,3.20e+01
-2.83e+02,-8.89e+01,5.00e+01,2.50e+01
-4.13e+02,-4.75e+01,5.30e+01,2.70e+01
-2.87e+02,-5.77e+01,5.20e+01,2.60e+01
-3.11e+02,-5.84e+01,4.90e+01,2.50e+01
-3.66e+02,-7.12e+01,5.00e+01,2.60e+01
-1.47e+02,-8.13e+01,6.20e+01,3.10e+01
-2.86e+02,-5.42e+01,4.80e+01,2.50e+01
-1.46e+02,-9.64e+01,6.50e+01,3.10e+01
-2.34e+02,-8.58e+01,6.60e+01,3.20e+01
-2.90e+02,-1.04e+02,6.60e+01,3.20e+01
-5.00e+02,-5.00e+02,4.90e+01,2.50e+01
-2.93e+02,-5.20e+01,5.00e+01,2.60e+01
-2.02e+02,-8.06e+01,6.80e+01,3.30e+01
-2.47e+02,-7.50e+01,6.50e+01,3.10e+01
-2.93e+02,-4.99e+01,5.20e+01,2.70e+01
-3.06e+02,-1.60e+02,6.40e+01,3.20e+01
-1.48e+02,-7.97e+01,6.50e+01,3.10e+01
-3.83e+02,-1.91e+02,5.00e+01,2.50e+01
-2.63e+02,-6.08e+01,6.60e+01,3.20e+01
-3.84e+02,-4.65e+01,6.60e+01,3.30e+01
-3.70e+02,-9.65e+01,4.90e+01,2.50e+01
-3.92e+02,-7.58e+01,5.00e+01,2.50e+01
-3.86e+02,-5.17e+01,4.80e+01,2.50e+01
-1.50e+02,-7.65e+01,6.50e+01,3.20e+01
-1.38e+02,-7.66e+01,6.70e+01,3.30e+01
-1.82e+02,-1.29e+02,6.50e+01,3.30e+01
-1.44e+02,-8.26e+01,6.60e+01,3.30e+01
-3.06e+02,-5.08e+01,4.80e+01,2.50e+01
-2.52e+02,-1.82e+02,6.50e+01,3.10e+01
-2.97e+02,-7.64e+01,5.20e+01,2.60e+01
-2.97e+02,-1.83e+02,6.60e+01,3.20e+01
-4.29e+02,-7.38e+01,4.90e+01,2.50e+01
-2.89e+02,-4.86e+01,5.00e+01,2.50e+01
-2.88e+02,-4.87e+01,4.80e+01,2.50e+01
-2.88e+02,-4.94e+01,4.80e+01,2.50e+01
-2.44e+02,-6.92e+01,6.60e+01,3.10e+01
-2.91e+02,-5.58e+01,5.40e+01,2.80e+01
-1.57e+02,-9.44e+01,6.50e+01,3.20e+01
-1.54e+02,-9.73e+01,6.50e+01,3.20e+01
-2.10e+02,-9.40e+01,6.90e+01,3.40e+01
-1.42e+02,-6.94e+01,6.60e+01,3.20e+01
-2.05e+02,-7.90e+01,6.90e+01,3.40e+01
-1.55e+02,-8.08e+01,6.60e+01,3.20e+01
-1.55e+02,-7.59e+01,6.60e+01,3.30e+01
-1.46e+02,-6.62e+01,6.40e+01,3.10e+01
-3.32e+02,-6.35e+01,4.90e+01,2.50e+01
-3.90e+02,-7.09e+01,4.90e+01,2.50e+01
-1.54e+02,-7.56e+01,6.50e+01,3.10e+01
-3.56e+02,-4.50e+01,5.30e+01,2.70e+01
-4.37e+02,-1.25e+02,4.80e+01,2.50e+01
-2.88e+02,-5.22e+01,5.20e+01,2.80e+01
-2.84e+02,-5.13e+01,4.80e+01,2.50e+01
-3.52e+02,-1.80e+02,6.60e+01,3.30e+01
-2.88e+02,-5.45e+01,4.80e+01,2.50e+01
-2.95e+02,-6.70e+01,5.30e+01,2.70e+01
-5.00e+02,-4.99e+02,5.00e+01,2.50e+01
-2.86e+02,-6.15e+01,5.20e+01,2.80e+01
-2.84e+02,-4.38e+01,5.00e+01,2.60e+01
-2.88e+02,-5.31e+01,5.00e+01,2.70e+01
-3.63e+02,-2.04e+02,6.60e+01,3.10e+01
-3.13e+02,-1.69e+02,6.50e+01,3.10e+01
-2.97e+02,-8.87e+01,6.60e+01,3.10e+01
-2.99e+02,-9.17e+01,6.50e+01,3.10e+01
-1.55e+02,-7.28e+01,6.40e+01,3.20e+01
-4.00e+02,-1.90e+02,6.50e+01,3.20e+01
-2.87e+02,-4.87e+01,5.00e+01,2.60e+01
-1.50e+02,-7.30e+01,6.50e+01,3.10e+01
-1.43e+02,-7.88e+01,6.70e+01,3.30e+01
-2.91e+02,-7.25e+01,4.80e+01,2.50e+01
-2.90e+02,-5.35e+01,4.80e+01,2.50e+01
-1.46e+02,-8.20e+01,6.70e+01,3.20e+01
-1.55e+02,-8.84e+01,6.50e+01,3.10e+01
-2.95e+02,-5.39e+01,4.90e+01,2.60e+01
-5.00e+02,-5.00e+02,4.90e+01,2.50e+01
-2.97e+02,-1.10e+02,6.40e+01,3.20e+01
-1.42e+02,-7.95e+01,6.50e+01,3.30e+01
-1.51e+02,-7.43e+01,6.80e+01,3.40e+01
-2.85e+02,-4.98e+01,4.90e+01,2.60e+01
-4.33e+02,-9.91e+01,4.80e+01,2.50e+01
-1.55e+02,-7.56e+01,6.60e+01,3.20e+01
-2.86e+02,-4.86e+01,4.90e+01,2.60e+01
-1.52e+02,-8.67e+01,6.90e+01,3.40e+01
-2.92e+02,-4.53e+01,4.80e+01,2.50e+01
-2.84e+02,-5.04e+01,5.00e+01,2.70e+01
-1.65e+02,-8.37e+01,6.50e+01,3.30e+01
-2.05e+02,-7.38e+01,6.40e+01,3.20e+01
-2.87e+02,-5.24e+01,4.90e+01,2.50e+01
-2.89e+02,-6.36e+01,4.80e+01,2.50e+01
-1.64e+02,-7.21e+01,6.50e+01,3.10e+01
-1.76e+02,-8.27e+01,6.50e+01,3.20e+01
-3.43e+02,-5.86e+01,5.00e+01,2.50e+01
-2.99e+02,-6.57e+01,4.90e+01,2.50e+01
-4.24e+02,-4.77e+01,4.80e+01,2.50e+01
-2.07e+02,-6.48e+01,7.00e+01,3.40e+01
-2.89e+02,-4.87e+01,4.90e+01,2.50e+01
-2.02e+02,-1.00e+02,6.20e+01,3.10e+01
-1.48e+02,-6.67e+01,6.40e+01,3.20e+01
-2.96e+02,-6.29e+01,4.90e+01,2.50e+01
-2.88e+02,-4.92e+01,5.00e+01,2.70e+01
-1.49e+02,-7.40e+01,6.60e+01,3.20e+01
-2.17e+02,-7.68e+01,7.10e+01,3.50e+01
-1.57e+02,-9.25e+01,6.80e+01,3.30e+01
-2.90e+02,-6.45e+01,4.80e+01,2.50e+01
-4.37e+02,-1.20e+02,6.70e+01,3.20e+01
-1.42e+02,-8.04e+01,6.70e+01,3.30e+01
