-5.47e+01,1.96e+01,9.00e+00,1.20e+01
-4.27e+01,3.19e+01,1.10e+01,1.20e+01
-6.25e+01,4.77e+00,7.00e+00,1.20e+01
-7.16e+01,-1.63e+01,6.00e+00,1.20e+01
-3.01e+01,1.32e+02,8.00e+00,1.20e+01
-5.95e+01,2.28e+01,1.10e+01,1.20e+01
-4.80e+01,4.39e+01,1.10e+01,1.20e+01
-5.12e+01,1.93e+01,1.30e+01,1.20e+01
-2.70e+01,1.12e+02,8.00e+00,1.20e+01
-2.15e+01,8.71e+01,9.00e+00,1.20e+01
-5.96e+01,2.17e+01,1.10e+01,1.20e+01
-6.32e+01,9.99e+00,9.00e+00,1.20e+01
-6.24e+01,5.26e+00,7.00e+00,1.20e+01
-4.65e+01,3.41e+01,1.20e+01,1.20e+01
-4.94e+01,4.00e+01,1.60e+01,1.20e+01
-5.56e+01,1.89e+01,1.20e+01,1.20e+01
-7.16e+01,-1.66e+01,7.00e+00,1.20e+01
-7.16e+01,-1.64e+01,1.00e+01,1.20e+01
-2.75e+01,1.04e+02,8.00e+00,1.20e+01
-6.19e+01,7.61e+00,8.00e+00,1.20e+01
-3.90e+01,1.90e+02,7.00e+00,1.20e+01
-4.06e+01,6.05e+01,1.00e+01,1.20e+01
-5.06e+01,2.39e+01,1.30e+01,1.20e+01
-4.93e+01,4.00e+01,1.30e+01,1.20e+01
2.47e+00,1.31e+02,1.00e+01,1.20e+01
-5.08e+01,1.14e+02,1.00e+01,1.20e+01
-4.58e+01,3.40e+01,7.00e+00,1.20e+01
-4.75e+01,3.40e+01,1.10e+01,1.20e+01
-6.19e+01,2.93e+00,8.00e+00,1.20e+01
-5.97e+01,2.77e+01,1.40e+01,1.20e+01
-6.92e+01,-1.66e+01,6.00e+00,1.20e+01
-4.36e+01,6.58e+01,8.00e+00,1.20e+01
-6.99e+01,-1.66e+01,8.00e+00,1.20e+01
-5.86e+01,2.38e+00,1.00e+01,1.20e+01
-5.08e+01,3.34e+01,1.20e+01,1.20e+01
-4.95e+01,3.65e+01,1.20e+01,1.20e+01
-4.85e+01,4.04e+01,1.00e+01,1.20e+01
-6.87e+01,-1.66e+01,8.00e+00,1.20e+01
-6.89e+01,-1.66e+01,6.00e+00,1.20e+01
-6.29e+01,4.53e+00,9.00e+00,1.20e+01
-5.51e+01,1.95e+01,1.00e+01,1.20e+01
-3.18e+01,8.69e+01,9.00e+00,1.20e+01
-5.41e+01,2.31e+01,8.00e+00,1.20e+01
-2.62e+01,1.26e+02,1.00e+01,1.20e+01
-3.85e+01,6.21e+01,7.00e+00,1.20e+01
-4.01e+01,5.82e+01,1.00e+01,1.20e+01
-5.12e+01,7.16e+01,6.00e+00,1.20e+01
-6.86e+01,-1.64e+01,8.00e+00,1.20e+01
-5.93e+01,2.37e+01,8.00e+00,1.20e+01
-6.88e+01,-1.67e+01,7.00e+00,1.20e+01
-5.12e+01,3.46e+01,1.30e+01,1.20e+01
-4.81e+01,3.27e+01,1.00e+01,1.20e+01
-8.33e+00,1.42e+02,1.20e+01,1.20e+01
-3.59e+01,7.31e+01,6.00e+00,1.20e+01
-5.62e+01,2.28e+01,8.00e+00,1.20e+01
-2.71e+01,1.47e+02,1.00e+01,1.20e+01
-3.27e+00,1.44e+02,1.10e+01,1.20e+01
-3.78e+01,8.39e+01,1.20e+01,1.20e+01
-7.14e+01,-1.66e+01,7.00e+00,1.20e+01
-6.23e+01,5.58e+00,6.00e+00,1.20e+01
-2.51e+01,8.82e+01,1.00e+01,1.20e+01
-6.35e+01,7.96e+00,1.10e+01,1.20e+01
-5.36e+01,9.51e+01,1.20e+01,1.20e+01
-6.24e+01,5.60e+00,9.00e+00,1.20e+01
-6.54e+01,-2.77e+00,8.00e+00,1.20e+01
-4.65e+01,4.13e+01,8.00e+00,1.20e+01
-5.56e+01,1.96e+01,9.00e+00,1.20e+01
-2.39e+01,1.52e+02,8.00e+00,1.20e+01
-7.16e+01,-1.67e+01,6.00e+00,1.20e+01
-6.86e+01,-1.68e+01,4.00e+00,1.20e+01
-5.61e+01,4.25e+01,6.00e+00,1.20e+01
-6.25e+01,4.50e+00,1.00e+01,1.20e+01
-5.06e+01,3.27e+01,1.30e+01,1.20e+01
-4.01e+01,5.88e+01,8.00e+00,1.20e+01
-5.88e+01,2.58e+01,9.00e+00,1.20e+01
-4.89e+01,3.33e+01,9.00e+00,1.20e+01
-6.42e+01,4.19e+00,6.00e+00,1.20e+01
-6.00e+01,1.91e+01,8.00e+00,1.20e+01
-2.62e+01,1.20e+02,9.00e+00,1.20e+01
-4.47e+01,3.85e+01,1.30e+01,1.20e+01
-6.28e+01,2.40e+00,8.00e+00,1.20e+01
-4.61e+01,3.56e+01,1.00e+01,1.20e+01
-5.27e+01,2.15e+01,1.20e+01,1.20e+01
-5.82e+01,2.90e+01,1.10e+01,1.20e+01
-6.69e+01,-1.61e+01,8.00e+00,1.20e+01
-5.01e+01,3.43e+01,1.10e+01,1.20e+01
-6.85e+01,-1.64e+01,6.00e+00,1.20e+01
-3.02e+01,1.00e+02,8.00e+00,1.20e+01
-5.41e+01,5.63e+01,6.00e+00,1.20e+01
-5.09e+01,3.41e+01,1.20e+01,1.20e+01
-5.29e+01,3.11e+01,7.00e+00,1.20e+01
-6.85e+01,-1.63e+01,5.00e+00,1.20e+01
-2.46e+01,6.07e+01,1.20e+01,1.20e+01
-6.30e+01,1.18e+01,8.00e+00,1.20e+01
-5.91e+01,2.44e+00,1.00e+01,1.20e+01
-2.36e+01,1.92e+02,9.00e+00,1.20e+01
-4.61e+01,5.53e+01,6.00e+00,1.20e+01
-5.72e+01,3.89e+01,1.00e+01,1.20e+01
-4.19e+01,6.50e+01,7.00e+00,1.20e+01
-2.17e+01,1.37e+02,1.20e+01,1.20e+01
-5.15e+01,7.11e+01,1.20e+01,1.20e+01
-5.04e+01,3.60e+01,9.00e+00,1.20e+01
-5.05e+01,5.79e+01,6.00e+00,1.20e+01
-5.90e+01,2.54e+01,8.00e+00,1.20e+01
-5.52e+01,2.17e+01,1.10e+01,1.20e+01
-6.35e+01,-2.55e+00,8.00e+00,1.20e+01
-3.33e+00,2.37e+02,6.00e+00,1.20e+01
-4.13e+01,5.36e+01,1.10e+01,1.20e+01
-6.54e+01,5.60e+01,9.00e+00,1.20e+01
-5.02e+01,2.38e+01,9.00e+00,1.20e+01
-2.96e+01,7.43e+01,8.00e+00,1.20e+01
-6.42e+01,4.18e+00,1.00e+01,1.20e+01
-6.65e+01,2.33e+01,9.00e+00,1.20e+01
-6.39e+01,4.58e+00,8.00e+00,1.20e+01
-3.81e+01,8.27e+01,6.00e+00,1.20e+01
-5.03e+01,3.56e+01,1.00e+01,1.20e+01
-3.90e+01,8.34e+01,1.00e+01,1.20e+01
-3.08e+01,3.43e+01,1.20e+01,1.20e+01
-5.64e+01,3.93e+01,1.20e+01,1.20e+01
-5.08e+01,4.34e+01,1.10e+01,1.20e+01
-6.10e+01,-2.66e+00,7.00e+00,1.20e+01
-6.54e+01,-2.90e+00,8.00e+00,1.20e+01
-4.12e+01,3.46e+01,1.00e+01,1.20e+01
-4.67e+01,3.21e+01,1.20e+01,1.20e+01
-6.86e+01,-1.61e+01,1.00e+01,1.20e+01
-4.96e+01,3.83e+01,1.30e+01,1.20e+01
-4.72e+01,3.27e+01,1.00e+01,1.20e+01
-4.57e+01,7.52e+01,7.00e+00,1.20e+01
