-2.77e+02,-1.20e+02,1.70e+01,1.20e+01
-3.34e+02,-7.05e+01,1.50e+01,1.10e+01
-3.07e+02,-6.91e+01,1.40e+01,1.20e+01
-2.89e+02,-1.35e+02,1.40e+01,1.10e+01
-3.11e+02,-5.31e+01,1.50e+01,1.20e+01
-2.92e+02,-4.75e+01,1.50e+01,1.30e+01
-2.79e+02,-1.15e+02,1.40e+01,1.10e+01
-2.78e+02,-1.07e+02,1.90e+01,1.10e+01
-2.78e+02,-1.11e+02,1.60e+01,1.10e+01
-4.25e+02,-5.30e+01,1.40e+01,1.20e+01
-2.93e+02,-5.59e+01,1.50e+01,1.30e+01
-3.21e+02,-9.26e+01,1.60e+01,1.20e+01
-3.90e+02,-2.34e+02,1.80e+01,1.30e+01
-4.26e+02,-6.01e+01,1.50e+01,1.30e+01
-3.61e+02,-5.45e+01,1.50e+01,1.30e+01
-3.82e+02,-5.94e+01,1.50e+01,1.30e+01
-4.24e+02,-4.57e+01,1.50e+01,1.30e+01
-3.34e+02,-6.05e+01,1.50e+01,1.10e+01
-2.92e+02,-1.11e+02,1.50e+01,1.20e+01
-3.43e+02,-4.69e+01,1.60e+01,1.40e+01
-3.05e+02,-4.78e+01,1.60e+01,1.30e+01
-2.73e+02,-1.22e+02,1.50e+01,1.10e+01
-3.05e+02,-5.39e+01,1.40e+01,1.20e+01
-2.94e+02,-1.24e+02,1.70e+01,1.20e+01
-3.68e+02,-1.21e+02,1.80e+01,1.30e+01
-3.45e+02,-1.34e+02,2.00e+01,1.20e+01
-3.79e+02,-6.90e+01,1.60e+01,1.30e+01
-3.62e+02,-4.37e+01,1.60e+01,1.30e+01
-3.85e+02,-1.15e+02,1.90e+01,1.10e+01
-3.15e+02,-5.54e+01,1.50e+01,1.10e+01
-3.35e+02,-1.36e+02,1.90e+01,1.40e+01
-4.16e+02,-6.13e+01,1.50e+01,1.30e+01
-3.57e+02,-6.30e+01,1.60e+01,1.30e+01
-3.24e+02,-1.45e+02,2.00e+01,1.10e+01
-3.70e+02,-5.92e+01,1.50e+01,1.30e+01
-2.95e+02,-4.64e+01,1.50e+01,1.20e+01
-3.04e+02,-1.20e+02,1.40e+01,1.10e+01
-3.48e+02,-1.24e+02,1.50e+01,1.20e+01
-2.97e+02,-1.44e+02,1.70e+01,1.20e+01
-2.85e+02,-1.13e+02,1.80e+01,1.20e+01
-3.20e+02,-5.54e+01,1.60e+01,1.10e+01
-4.53e+02,-2.17e+02,1.50e+01,1.30e+01
-4.69e+02,-3.15e+02,1.80e+01,1.30e+01
-5.00e+02,-4.99e+02,1.50e+01,1.20e+01
-2.72e+02,-1.03e+02,1.90e+01,1.10e+01
-3.87e+02,-1.42e+02,1.80e+01,1.30e+01
-4.49e+02,-1.94e+02,1.60e+01,1.40e+01
-4.70e+02,-3.23e+02,1.60e+01,1.30e+01
-4.25e+02,-5.27e+01,1.40e+01,1.20e+01
-5.00e+02,-5.00e+02,1.40e+01,1.10e+01
-2.64e+02,-1.14e+02,1.70e+01,1.10e+01
-4.25e+02,-5.39e+01,1.50e+01,1.20e+01
-3.48e+02,-1.56e+02,1.80e+01,1.30e+01
-4.24e+02,-4.39e+01,1.50e+01,1.30e+01
-3.16e+02,-6.36e+01,1.60e+01,1.20e+01
-4.49e+02,-1.97e+02,1.40e+01,1.10e+01
-4.76e+02,-3.55e+02,1.60e+01,1.20e+01
-4.79e+02,-3.75e+02,1.50e+01,1.10e+01
-2.99e+02,-6.49e+01,1.60e+01,1.30e+01
-2.69e+02,-1.06e+02,2.00e+01,1.20e+01
-3.55e+02,-7.29e+01,1.50e+01,1.30e+01
-2.77e+02,-4.91e+01,1.60e+01,1.30e+01
-2.72e+02,-1.12e+02,1.80e+01,1.30e+01
-3.02e+02,-5.18e+01,1.50e+01,1.20e+01
-3.70e+02,-2.15e+02,1.90e+01,1.10e+01
-2.71e+02,-1.17e+02,1.90e+01,1.10e+01
-2.69e+02,-6.83e+01,1.50e+01,1.20e+01
-2.91e+02,-1.36e+02,1.60e+01,1.20e+01
-2.75e+02,-1.43e+02,2.00e+01,1.20e+01
-4.37e+02,-1.22e+02,1.50e+01,1.20e+01
-4.28e+02,-1.40e+02,1.60e+01,1.30e+01
-2.75e+02,-1.06e+02,1.90e+01,1.10e+01
-3.28e+02,-1.36e+02,1.50e+01,1.20e+01
-2.79e+02,-5.04e+01,1.50e+01,1.20e+01
-5.00e+02,-4.99e+02,1.40e+01,1.10e+01
-3.80e+02,-2.36e+02,2.00e+01,1.20e+01
-4.58e+02,-2.52e+02,1.70e+01,1.20e+01
-4.53e+02,-2.18e+02,1.50e+01,1.20e+01
-2.76e+02,-1.15e+02,1.80e+01,1.30e+01
-3.20e+02,-7.21e+01,1.50e+01,1.10e+01
-3.08e+02,-1.11e+02,1.70e+01,1.20e+01
-3.07e+02,-5.00e+01,1.50e+01,1.10e+01
-3.24e+02,-1.06e+02,1.80e+01,1.20e+01
-2.95e+02,-1.28e+02,1.80e+01,1.30e+01
-3.22e+02,-1.24e+02,1.50e+01,1.10e+01
-3.23e+02,-5.00e+01,1.50e+01,1.30e+01
-4.28e+02,-7.04e+01,1.50e+01,1.30e+01
-3.94e+02,-5.04e+01,1.50e+01,1.30e+01
-2.85e+02,-1.09e+02,1.80e+01,1.20e+01
-5.00e+02,-5.00e+02,1.50e+01,1.20e+01
-3.24e+02,-5.99e+01,1.50e+01,1.10e+01
-3.14e+02,-5.93e+01,1.50e+01,1.30e+01
-2.95e+02,-7.44e+01,1.50e+01,1.20e+01
-3.10e+02,-9.60e+01,1.70e+01,1.20e+01
-4.22e+02,-1.74e+02,1.70e+01,1.20e+01
-3.46e+02,-6.42e+01,1.40e+01,1.10e+01
