-2.92e+02,-5.39e+01,2.80e+01,1.50e+01
-1.66e+02,-5.38e+01,2.80e+01,1.40e+01
-1.48e+02,-5.02e+01,2.80e+01,1.50e+01
-1.62e+02,-4.91e+01,2.60e+01,1.40e+01
-1.60e+02,-7.42e+01,2.40e+01,1.40e+01
-1.66e+02,-5.21e+01,2.50e+01,1.40e+01
-1.54e+02,-5.24e+01,2.90e+01,1.60e+01
-1.65e+02,-7.29e+01,2.40e+01,1.30e+01
-1.52e+02,-4.65e+01,2.80e+01,1.50e+01
-1.54e+02,-5.47e+01,3.00e+01,1.60e+01
-1.53e+02,-6.53e+01,2.40e+01,1.40e+01
-1.55e+02,-5.69e+01,2.60e+01,1.50e+01
-1.56e+02,-5.32e+01,2.70e+01,1.50e+01
-1.54e+02,-5.79e+01,2.60e+01,1.40e+01
-1.61e+02,-6.02e+01,2.80e+01,1.50e+01
-1.46e+02,-4.97e+01,2.90e+01,1.50e+01
-1.52e+02,-5.67e+01,2.90e+01,1.50e+01
-1.58e+02,-6.21e+01,2.90e+01,1.50e+01
-1.56e+02,-5.93e+01,2.80e+01,1.50e+01
-1.57e+02,-5.67e+01,3.00e+01,1.60e+01
-1.54e+02,-6.81e+01,2.90e+01,1.60e+01
-1.57e+02,-4.75e+01,2.50e+01,1.50e+01
-1.61e+02,-5.90e+01,2.40e+01,1.40e+01
-1.57e+02,-6.53e+01,2.60e+01,1.50e+01
-1.52e+02,-5.83e+01,2.70e+01,1.40e+01
-1.57e+02,-6.33e+01,2.60e+01,1.50e+01
-3.54e+02,-5.58e+01,2.80e+01,1.50e+01
-4.32e+02,-9.04e+01,3.00e+01,1.50e+01
-2.88e+02,-5.32e+01,3.00e+01,1.50e+01
-4.35e+02,-1.11e+02,3.00e+01,1.50e+01
-1.62e+02,-4.49e+01,2.90e+01,1.50e+01
-1.53e+02,-5.93e+01,3.20e+01,1.70e+01
-2.94e+02,-6.78e+01,2.90e+01,1.50e+01
-3.03e+02,-7.49e+01,2.80e+01,1.50e+01
-1.57e+02,-4.94e+01,2.50e+01,1.40e+01
-3.71e+02,-1.85e+02,2.90e+01,1.50e+01
-1.57e+02,-6.48e+01,3.00e+01,1.50e+01
-5.00e+02,-5.00e+02,2.80e+01,1.50e+01
-1.50e+02,-6.24e+01,2.50e+01,1.40e+01
-1.62e+02,-6.23e+01,2.90e+01,1.60e+01
-1.58e+02,-5.34e+01,3.00e+01,1.60e+01
-1.65e+02,-6.88e+01,2.50e+01,1.40e+01
-2.23e+02,-6.43e+01,2.90e+01,1.50e+01
-4.33e+02,-1.01e+02,2.90e+01,1.50e+01
-1.64e+02,-6.03e+01,2.60e+01,1.40e+01
-1.55e+02,-5.21e+01,3.00e+01,1.50e+01
-1.58e+02,-5.62e+01,2.60e+01,1.50e+01
-1.67e+02,-6.39e+01,2.90e+01,1.50e+01
-2.87e+02,-5.23e+01,2.90e+01,1.60e+01
-1.53e+02,-5.20e+01,2.70e+01,1.50e+01
-1.69e+02,-6.01e+01,2.90e+01,1.50e+01
-3.71e+02,-1.85e+02,2.60e+01,1.40e+01
-1.60e+02,-6.00e+01,2.40e+01,1.40e+01
-3.64e+02,-7.22e+01,2.70e+01,1.40e+01
-1.67e+02,-6.00e+01,2.50e+01,1.40e+01
-2.27e+02,-5.49e+01,2.50e+01,1.30e+01
-2.88e+02,-6.03e+01,2.90e+01,1.50e+01
-1.58e+02,-6.32e+01,3.00e+01,1.60e+01
-4.37e+02,-1.21e+02,2.50e+01,1.40e+01
-1.65e+02,-5.72e+01,2.50e+01,1.30e+01
-1.51e+02,-6.27e+01,2.50e+01,1.40e+01
-4.50e+02,-1.99e+02,2.90e+01,1.60e+01
-2.86e+02,-1.02e+02,2.90e+01,1.40e+01
-2.34e+02,-6.14e+01,2.70e+01,1.50e+01
-1.67e+02,-6.31e+01,2.50e+01,1.30e+01
-1.60e+02,-6.13e+01,2.40e+01,1.40e+01
-1.77e+02,-5.89e+01,2.50e+01,1.40e+01
-1.55e+02,-6.00e+01,2.70e+01,1.40e+01
-1.55e+02,-5.35e+01,2.80e+01,1.50e+01
-2.87e+02,-4.15e+01,2.90e+01,1.60e+01
-1.51e+02,-6.99e+01,3.00e+01,1.60e+01
-1.63e+02,-5.20e+01,2.80e+01,1.40e+01
-4.36e+02,-1.19e+02,2.90e+01,1.50e+01
-1.81e+02,-7.21e+01,2.80e+01,1.50e+01
-2.84e+02,-4.80e+01,3.10e+01,1.60e+01
-1.70e+02,-5.56e+01,2.90e+01,1.60e+01
-1.53e+02,-5.24e+01,2.70e+01,1.40e+01
-2.00e+02,-9.16e+01,2.90e+01,1.60e+01
-1.53e+02,-4.45e+01,2.50e+01,1.40e+01
-1.53e+02,-5.86e+01,2.60e+01,1.40e+01
-3.77e+02,-2.28e+02,2.70e+01,1.40e+01
-1.62e+02,-6.49e+01,2.50e+01,1.50e+01
-1.65e+02,-5.22e+01,2.50e+01,1.40e+01
-5.00e+02,-4.99e+02,2.40e+01,1.30e+01
-1.49e+02,-5.09e+01,3.00e+01,1.70e+01
-1.51e+02,-4.90e+01,2.80e+01,1.50e+01
-1.99e+02,-9.89e+01,2.50e+01,1.40e+01
-1.62e+02,-5.32e+01,2.50e+01,1.40e+01
-1.50e+02,-5.23e+01,2.80e+01,1.50e+01
-2.30e+02,-7.35e+01,2.50e+01,1.40e+01
-1.56e+02,-5.92e+01,3.00e+01,1.60e+01
-4.67e+02,-3.02e+02,2.90e+01,1.50e+01
-1.68e+02,-5.09e+01,2.90e+01,1.40e+01
-1.75e+02,-7.39e+01,2.60e+01,1.40e+01
-5.00e+02,-5.00e+02,2.60e+01,1.40e+01
-1.90e+02,-8.14e+01,2.70e+01,1.50e+01
-1.53e+02,-5.80e+01,2.80e+01,1.50e+01
-1.72e+02,-6.29e+01,2.80e+01,1.50e+01
-2.88e+02,-5.90e+01,2.90e+01,1.60e+01
-1.50e+02,-5.74e+01,2.90e+01,1.50e+01
-2.85e+02,-5.87e+01,2.90e+01,1.50e+01
-1.55e+02,-6.14e+01,2.90e+01,1.50e+01
-5.00e+02,-5.00e+02,2.60e+01,1.40e+01
-5.00e+02,-5.00e+02,2.70e+01,1.40e+01
-5.00e+02,-5.00e+02,2.90e+01,1.50e+01
-3.15e+02,-1.30e+02,2.80e+01,1.40e+01
-1.72e+02,-6.75e+01,2.60e+01,1.40e+01
-1.64e+02,-5.98e+01,3.10e+01,1.70e+01
-1.56e+02,-4.98e+01,2.80e+01,1.40e+01
-3.61e+02,-6.05e+01,2.70e+01,1.40e+01
-1.64e+02,-5.76e+01,2.60e+01,1.40e+01
-1.63e+02,-6.68e+01,3.00e+01,1.70e+01
-4.66e+02,-2.95e+02,2.90e+01,1.50e+01
-4.85e+02,-4.08e+02,2.90e+01,1.50e+01
-1.56e+02,-5.19e+01,2.90e+01,1.40e+01
-1.76e+02,-6.81e+01,2.90e+01,1.40e+01
-2.31e+02,-6.73e+01,2.80e+01,1.40e+01
-1.53e+02,-5.39e+01,3.00e+01,1.60e+01
-1.52e+02,-5.09e+01,2.90e+01,1.50e+01
-1.59e+02,-6.02e+01,2.80e+01,1.50e+01
-4.74e+02,-3.44e+02,2.90e+01,1.50e+01
-4.37e+02,-1.21e+02,2.90e+01,1.50e+01
-1.63e+02,-6.44e+01,2.90e+01,1.40e+01
-2.88e+02,-5.40e+01,2.90e+01,1.50e+01
-1.64e+02,-4.89e+01,2.90e+01,1.50e+01
-1.53e+02,-5.05e+01,3.00e+01,1.70e+01
-1.64e+02,-7.22e+01,2.90e+01,1.50e+01
-1.58e+02,-5.95e+01,3.00e+01,1.70e+01
-1.54e+02,-6.26e+01,2.90e+01,1.50e+01
-1.59e+02,-6.80e+01,2.90e+01,1.60e+01
-1.60e+02,-6.23e+01,3.00e+01,1.60e+01
-1.57e+02,-5.23e+01,2.70e+01,1.40e+01
-4.55e+02,-2.30e+02,2.40e+01,1.40e+01
-4.49e+02,-1.93e+02,2.60e+01,1.50e+01
-1.55e+02,-5.10e+01,2.90e+01,1.40e+01
-1.59e+02,-6.13e+01,2.50e+01,1.40e+01
-1.53e+02,-5.50e+01,3.00e+01,1.60e+01
-1.54e+02,-6.59e+01,2.70e+01,1.50e+01
-2.48e+02,-1.14e+02,2.80e+01,1.50e+01
-1.72e+02,-6.52e+01,2.90e+01,1.50e+01
-1.70e+02,-8.14e+01,2.90e+01,1.50e+01
-1.57e+02,-5.75e+01,2.50e+01,1.40e+01
-5.00e+02,-5.00e+02,2.50e+01,1.30e+01
-1.51e+02,-5.35e+01,2.80e+01,1.50e+01
-4.70e+02,-3.20e+02,2.90e+01,1.60e+01
-1.70e+02,-5.71e+01,2.40e+01,1.30e+01
-1.51e+02,-6.27e+01,3.00e+01,1.60e+01
-4.32e+02,-9.04e+01,2.90e+01,1.40e+01
-1.59e+02,-5.83e+01,2.90e+01,1.50e+01
-1.66e+02,-6.07e+01,2.90e+01,1.50e+01
-1.73e+02,-7.98e+01,2.90e+01,1.60e+01
-1.55e+02,-5.60e+01,2.80e+01,1.40e+01
-5.00e+02,-5.00e+02,2.90e+01,1.50e+01
-3.72e+02,-1.97e+02,2.70e+01,1.40e+01
-1.65e+02,-6.98e+01,2.90e+01,1.40e+01
-1.60e+02,-5.78e+01,2.60e+01,1.40e+01
-2.66e+02,-1.30e+02,2.60e+01,1.40e+01
-2.01e+02,-7.37e+01,2.90e+01,1.50e+01
-4.37e+02,-1.25e+02,2.50e+01,1.40e+01
-1.66e+02,-5.38e+01,2.90e+01,1.50e+01
-1.61e+02,-6.33e+01,2.50e+01,1.40e+01
-2.75e+02,-1.13e+02,2.90e+01,1.50e+01
-5.00e+02,-5.00e+02,2.70e+01,1.50e+01
-1.56e+02,-5.04e+01,2.80e+01,1.40e+01
-2.94e+02,-7.18e+01,2.80e+01,1.50e+01
-5.00e+02,-5.00e+02,2.70e+01,1.40e+01
-1.71e+02,-5.92e+01,2.60e+01,1.40e+01
-3.60e+02,-5.54e+01,2.70e+01,1.40e+01
-5.00e+02,-5.00e+02,2.80e+01,1.50e+01
-2.07e+02,-6.26e+01,2.60e+01,1.40e+01
-1.54e+02,-5.52e+01,2.50e+01,1.50e+01
-1.50e+02,-5.48e+01,3.00e+01,1.70e+01
-3.75e+02,-1.90e+02,2.90e+01,1.50e+01
-1.50e+02,-5.74e+01,2.60e+01,1.40e+01
-1.64e+02,-6.52e+01,2.50e+01,1.40e+01
-4.63e+02,-3.91e+02,2.60e+01,1.50e+01
-4.59e+02,-2.86e+02,2.90e+01,1.60e+01
-1.56e+02,-6.08e+01,2.90e+01,1.40e+01
-1.55e+02,-5.45e+01,2.50e+01,1.40e+01
-1.54e+02,-4.92e+01,2.40e+01,1.40e+01
-1.58e+02,-4.95e+01,2.90e+01,1.50e+01
-3.00e+02,-6.09e+01,2.80e+01,1.50e+01
-4.21e+02,-2.67e+02,2.50e+01,1.30e+01
-1.55e+02,-5.80e+01,2.70e+01,1.50e+01
-1.53e+02,-5.55e+01,3.00e+01,1.50e+01
-1.54e+02,-6.17e+01,2.70e+01,1.40e+01
-5.00e+02,-5.00e+02,2.80e+01,1.40e+01
-4.51e+02,-2.08e+02,2.40e+01,1.40e+01
-1.75e+02,-5.83e+01,2.60e+01,1.40e+01
-1.54e+02,-5.40e+01,3.00e+01,1.60e+01
-1.53e+02,-6.46e+01,2.80e+01,1.50e+01
-1.55e+02,-6.16e+01,2.50e+01,1.40e+01
