-1.46e+02,-5.81e+01,9.50e+01,3.70e+01
-3.58e+02,-5.72e+01,9.20e+01,3.50e+01
-1.49e+02,-5.83e+01,9.30e+01,3.60e+01
-1.47e+02,-5.92e+01,9.40e+01,3.50e+01
-1.48e+02,-6.22e+01,9.60e+01,3.60e+01
-3.59e+02,-5.58e+01,9.20e+01,3.50e+01
-1.52e+02,-6.31e+01,9.30e+01,3.50e+01
-1.43e+02,-4.51e+01,9.40e+01,3.60e+01
-1.55e+02,-5.87e+01,9.50e+01,3.60e+01
-1.49e+02,-6.85e+01,9.70e+01,3.60e+01
-3.70e+02,-5.12e+01,9.20e+01,3.50e+01
-1.48e+02,-6.27e+01,9.30e+01,3.60e+01
-1.46e+02,-4.74e+01,9.50e+01,3.60e+01
-1.41e+02,-4.97e+01,9.40e+01,3.60e+01
-1.59e+02,-7.85e+01,9.30e+01,3.50e+01
-1.46e+02,-5.56e+01,9.50e+01,3.80e+01
-1.51e+02,-5.91e+01,9.40e+01,3.50e+01
-1.54e+02,-7.38e+01,9.30e+01,3.50e+01
-1.47e+02,-5.10e+01,1.01e+02,3.80e+01
-1.47e+02,-5.85e+01,9.60e+01,3.70e+01
-1.54e+02,-5.80e+01,9.40e+01,3.50e+01
-1.52e+02,-5.78e+01,9.30e+01,3.60e+01
-1.57e+02,-4.63e+01,9.60e+01,3.70e+01
-1.46e+02,-5.39e+01,9.50e+01,3.60e+01
-1.47e+02,-5.61e+01,9.40e+01,3.70e+01
-1.49e+02,-5.24e+01,9.30e+01,3.50e+01
-1.59e+02,-6.54e+01,9.50e+01,3.50e+01
-1.61e+02,-5.22e+01,9.50e+01,3.70e+01
-1.48e+02,-4.61e+01,9.40e+01,3.60e+01
-3.59e+02,-5.74e+01,9.20e+01,3.50e+01
-3.68e+02,-7.55e+01,9.30e+01,3.60e+01
-1.58e+02,-6.62e+01,9.60e+01,3.70e+01
-1.49e+02,-6.02e+01,9.70e+01,3.60e+01
-4.25e+02,-1.66e+02,9.30e+01,3.60e+01
-3.60e+02,-5.91e+01,9.30e+01,3.50e+01
-1.51e+02,-5.02e+01,9.50e+01,3.50e+01
-3.61e+02,-6.23e+01,9.30e+01,3.50e+01
-1.54e+02,-6.52e+01,9.50e+01,3.60e+01
-3.25e+02,-1.04e+02,9.40e+01,3.70e+01
-1.49e+02,-5.96e+01,9.70e+01,3.60e+01
-1.52e+02,-6.54e+01,9.60e+01,3.60e+01
-1.46e+02,-5.64e+01,9.70e+01,3.80e+01
-1.55e+02,-4.73e+01,1.00e+02,3.90e+01
-1.49e+02,-6.88e+01,9.70e+01,3.60e+01
-1.46e+02,-5.51e+01,9.40e+01,3.50e+01
-4.44e+02,-1.66e+02,9.30e+01,3.50e+01
-1.51e+02,-6.88e+01,9.50e+01,3.50e+01
-1.48e+02,-5.75e+01,9.90e+01,3.70e+01
-3.62e+02,-6.68e+01,9.30e+01,3.50e+01
-5.00e+02,-5.00e+02,9.60e+01,3.70e+01
-3.59e+02,-6.14e+01,9.20e+01,3.50e+01
-1.57e+02,-6.29e+01,9.60e+01,3.70e+01
-1.52e+02,-5.87e+01,9.60e+01,3.60e+01
-1.51e+02,-5.84e+01,9.50e+01,3.50e+01
-1.50e+02,-5.61e+01,9.50e+01,3.60e+01
-3.58e+02,-5.00e+01,9.30e+01,3.50e+01
-1.50e+02,-6.55e+01,9.40e+01,3.50e+01
-4.46e+02,-2.19e+02,9.30e+01,3.60e+01
-1.48e+02,-4.93e+01,9.30e+01,3.60e+01
-1.48e+02,-5.75e+01,9.40e+01,3.50e+01
-1.63e+02,-5.90e+01,9.50e+01,3.60e+01
-1.47e+02,-5.17e+01,9.70e+01,3.80e+01
-3.69e+02,-8.96e+01,9.30e+01,3.50e+01
-1.46e+02,-5.41e+01,9.60e+01,3.70e+01
-1.56e+02,-5.81e+01,9.60e+01,3.60e+01
-3.65e+02,-8.39e+01,9.30e+01,3.50e+01
-1.49e+02,-5.73e+01,9.60e+01,3.60e+01
-1.61e+02,-6.60e+01,9.60e+01,3.90e+01
-1.66e+02,-6.64e+01,9.30e+01,3.60e+01
-1.46e+02,-5.25e+01,9.60e+01,3.80e+01
-1.52e+02,-5.56e+01,9.80e+01,3.70e+01
-1.42e+02,-5.99e+01,9.50e+01,3.70e+01
-3.58e+02,-7.42e+01,9.50e+01,3.70e+01
-1.52e+02,-4.88e+01,9.70e+01,3.60e+01
-4.44e+02,-1.66e+02,9.50e+01,3.70e+01
-2.58e+02,-1.24e+02,9.60e+01,3.70e+01
-4.34e+02,-1.04e+02,9.30e+01,3.50e+01
-1.49e+02,-5.81e+01,9.50e+01,3.60e+01
-4.93e+02,-4.57e+02,9.60e+01,3.70e+01
-1.48e+02,-5.94e+01,9.60e+01,3.70e+01
-1.47e+02,-5.58e+01,9.30e+01,3.60e+01
-1.61e+02,-7.60e+01,9.70e+01,3.60e+01
-1.72e+02,-5.34e+01,9.50e+01,3.50e+01
-1.57e+02,-6.73e+01,9.60e+01,3.70e+01
-3.58e+02,-5.12e+01,9.20e+01,3.50e+01
-1.56e+02,-6.18e+01,9.40e+01,3.60e+01
-1.49e+02,-5.42e+01,9.80e+01,3.90e+01
-1.50e+02,-4.75e+01,9.40e+01,3.70e+01
-1.57e+02,-6.27e+01,9.60e+01,3.60e+01
-3.59e+02,-5.80e+01,9.20e+01,3.50e+01
-1.48e+02,-6.50e+01,9.50e+01,3.50e+01
-5.00e+02,-5.00e+02,9.30e+01,3.50e+01
-1.49e+02,-5.50e+01,9.50e+01,3.60e+01
-3.58e+02,-5.50e+01,9.30e+01,3.50e+01
-1.72e+02,-6.40e+01,9.60e+01,3.80e+01
-1.50e+02,-5.56e+01,9.40e+01,3.70e+01
-1.50e+02,-5.81e+01,9.60e+01,3.70e+01
-1.47e+02,-5.29e+01,9.60e+01,3.60e+01
-1.64e+02,-5.37e+01,9.30e+01,3.60e+01
-1.50e+02,-4.92e+01,9.70e+01,3.60e+01
-3.60e+02,-1.72e+02,9.70e+01,3.60e+01
-1.59e+02,-6.37e+01,9.40e+01,3.60e+01
-1.55e+02,-4.96e+01,9.60e+01,3.60e+01
-1.41e+02,-5.38e+01,9.50e+01,3.70e+01
-1.59e+02,-5.35e+01,9.40e+01,3.60e+01
-3.61e+02,-6.42e+01,9.20e+01,3.50e+01
-1.51e+02,-5.78e+01,9.40e+01,3.60e+01
-3.61e+02,-6.31e+01,9.20e+01,3.50e+01
-1.56e+02,-7.14e+01,9.60e+01,3.60e+01
-3.41e+02,-1.34e+02,9.80e+01,3.60e+01
-1.43e+02,-4.68e+01,9.50e+01,3.70e+01
-1.51e+02,-5.22e+01,9.60e+01,3.60e+01
-2.75e+02,-1.25e+02,9.70e+01,3.70e+01
-1.54e+02,-6.94e+01,9.40e+01,3.60e+01
-1.49e+02,-6.74e+01,9.70e+01,3.60e+01
-4.35e+02,-1.12e+02,9.30e+01,3.50e+01
-3.63e+02,-7.16e+01,9.40e+01,3.60e+01
-1.50e+02,-6.50e+01,9.40e+01,3.60e+01
-1.51e+02,-5.55e+01,9.30e+01,3.60e+01
-1.45e+02,-5.83e+01,9.50e+01,3.70e+01
-1.62e+02,-6.48e+01,9.70e+01,3.60e+01
-1.49e+02,-5.45e+01,9.70e+01,3.80e+01
-1.53e+02,-6.16e+01,9.50e+01,3.50e+01
-1.47e+02,-5.49e+01,9.60e+01,3.70e+01
-3.61e+02,-6.51e+01,9.20e+01,3.50e+01
-1.49e+02,-5.06e+01,9.60e+01,3.60e+01
-1.56e+02,-7.09e+01,9.50e+01,3.50e+01
-1.50e+02,-6.71e+01,9.50e+01,3.70e+01
-4.36e+02,-1.16e+02,9.30e+01,3.50e+01
-1.53e+02,-5.20e+01,9.60e+01,3.70e+01
-2.78e+02,-1.34e+02,9.40e+01,3.60e+01
-1.57e+02,-6.98e+01,9.60e+01,3.70e+01
-3.63e+02,-7.93e+01,9.30e+01,3.50e+01
-1.55e+02,-7.16e+01,9.40e+01,3.50e+01
-1.53e+02,-5.94e+01,9.60e+01,3.70e+01
-3.60e+02,-6.30e+01,9.30e+01,3.50e+01
-1.51e+02,-4.67e+01,9.60e+01,3.60e+01
-1.50e+02,-5.71e+01,9.60e+01,3.60e+01
-3.60e+02,-5.44e+01,9.30e+01,3.60e+01
-3.59e+02,-6.18e+01,9.30e+01,3.50e+01
-3.59e+02,-5.46e+01,9.20e+01,3.50e+01
-1.51e+02,-5.12e+01,9.60e+01,3.60e+01
-3.37e+02,-1.40e+02,9.80e+01,3.60e+01
-1.75e+02,-8.20e+01,9.60e+01,3.60e+01
-5.00e+02,-5.00e+02,9.40e+01,3.60e+01
-4.48e+02,-1.91e+02,9.30e+01,3.50e+01
-1.56e+02,-5.72e+01,9.50e+01,3.70e+01
-1.52e+02,-5.54e+01,9.80e+01,3.80e+01
-1.48e+02,-6.29e+01,9.30e+01,3.60e+01
-3.60e+02,-6.30e+01,9.40e+01,3.60e+01
-3.57e+02,-5.85e+01,9.20e+01,3.50e+01
-1.40e+02,-4.77e+01,9.80e+01,3.70e+01
-1.51e+02,-5.59e+01,9.40e+01,3.60e+01
-1.44e+02,-5.43e+01,9.30e+01,3.60e+01
-1.73e+02,-7.58e+01,9.60e+01,3.60e+01
-1.51e+02,-5.47e+01,9.80e+01,3.70e+01
-3.60e+02,-5.24e+01,9.30e+01,3.50e+01
-1.50e+02,-4.96e+01,9.60e+01,3.60e+01
-1.70e+02,-7.28e+01,9.50e+01,3.60e+01
-1.59e+02,-7.06e+01,9.30e+01,3.60e+01
-1.47e+02,-5.46e+01,9.60e+01,3.60e+01
-3.61e+02,-5.36e+01,9.40e+01,3.60e+01
-3.61e+02,-5.10e+01,9.30e+01,3.50e+01
-1.47e+02,-5.23e+01,9.60e+01,3.70e+01
-1.63e+02,-5.57e+01,9.30e+01,3.50e+01
-1.56e+02,-5.36e+01,9.30e+01,3.60e+01
-2.55e+02,-8.65e+01,9.60e+01,3.70e+01
-3.59e+02,-5.33e+01,9.30e+01,3.50e+01
-3.63e+02,-8.22e+01,9.30e+01,3.50e+01
-1.60e+02,-6.43e+01,9.40e+01,3.60e+01
-1.56e+02,-6.13e+01,9.50e+01,3.60e+01
-1.46e+02,-5.40e+01,9.60e+01,3.60e+01
-1.52e+02,-5.87e+01,9.60e+01,3.60e+01
-1.57e+02,-5.73e+01,9.50e+01,3.60e+01
-1.54e+02,-7.57e+01,9.50e+01,3.50e+01
-1.49e+02,-5.60e+01,9.30e+01,3.60e+01
-1.57e+02,-5.58e+01,9.50e+01,3.70e+01
-2.39e+02,-8.55e+01,9.30e+01,3.50e+01
-1.48e+02,-6.25e+01,9.60e+01,3.60e+01
-1.46e+02,-4.91e+01,9.30e+01,3.60e+01
-1.44e+02,-5.88e+01,1.01e+02,3.80e+01
-1.47e+02,-5.80e+01,9.50e+01,3.60e+01
-1.52e+02,-6.01e+01,9.40e+01,3.60e+01
-1.49e+02,-5.08e+01,9.50e+01,3.60e+01
-1.46e+02,-4.83e+01,9.70e+01,3.80e+01
-1.47e+02,-6.38e+01,9.50e+01,3.50e+01
-1.47e+02,-4.97e+01,9.60e+01,3.70e+01
-3.61e+02,-4.52e+01,9.20e+01,3.50e+01
-1.47e+02,-5.81e+01,9.70e+01,3.80e+01
-3.71e+02,-6.16e+01,9.20e+01,3.50e+01
-1.90e+02,-5.76e+01,9.50e+01,3.70e+01
-1.53e+02,-6.37e+01,9.50e+01,3.60e+01
