-1.50e+02,-5.59e+01,1.07e+02,3.80e+01
-1.48e+02,-6.49e+01,1.09e+02,3.80e+01
-1.48e+02,-4.51e+01,1.09e+02,3.80e+01
-1.43e+02,-5.03e+01,1.06e+02,3.70e+01
-1.49e+02,-5.71e+01,1.09e+02,3.90e+01
-1.53e+02,-5.73e+01,1.06e+02,3.80e+01
-1.45e+02,-6.24e+01,1.10e+02,3.90e+01
-1.48e+02,-5.68e+01,1.09e+02,3.90e+01
-1.51e+02,-4.55e+01,1.09e+02,3.90e+01
-1.51e+02,-5.88e+01,1.08e+02,3.80e+01
-1.50e+02,-5.75e+01,1.11e+02,3.90e+01
-1.48e+02,-6.35e+01,1.15e+02,4.00e+01
-1.46e+02,-5.29e+01,1.07e+02,3.80e+01
-3.67e+02,-9.61e+01,1.08e+02,3.80e+01
-1.45e+02,-5.48e+01,1.05e+02,3.70e+01
-1.46e+02,-6.23e+01,1.06e+02,3.70e+01
-1.44e+02,-5.62e+01,1.04e+02,3.70e+01
-1.42e+02,-4.69e+01,1.08e+02,3.80e+01
-1.53e+02,-5.68e+01,1.12e+02,4.00e+01
-1.48e+02,-6.50e+01,1.11e+02,3.90e+01
-1.56e+02,-6.83e+01,1.13e+02,4.00e+01
-1.50e+02,-5.70e+01,1.13e+02,4.00e+01
-1.57e+02,-6.61e+01,1.14e+02,4.00e+01
-1.45e+02,-5.18e+01,1.09e+02,3.90e+01
-1.51e+02,-5.89e+01,1.14e+02,4.00e+01
-1.52e+02,-5.77e+01,1.12e+02,3.90e+01
-1.91e+02,-5.39e+01,1.10e+02,3.80e+01
-1.58e+02,-5.25e+01,1.13e+02,4.00e+01
-1.49e+02,-5.95e+01,1.07e+02,3.80e+01
-1.48e+02,-5.84e+01,1.06e+02,3.70e+01
-1.45e+02,-4.63e+01,1.09e+02,3.80e+01
-1.44e+02,-5.25e+01,1.07e+02,3.80e+01
-1.49e+02,-6.51e+01,1.07e+02,3.70e+01
-1.44e+02,-5.14e+01,1.07e+02,3.70e+01
-1.48e+02,-5.97e+01,1.10e+02,3.80e+01
-3.89e+02,-1.53e+02,1.11e+02,3.90e+01
-1.63e+02,-6.50e+01,1.09e+02,3.80e+01
-1.58e+02,-4.78e+01,1.07e+02,3.80e+01
-1.48e+02,-5.14e+01,1.06e+02,3.70e+01
-1.49e+02,-5.13e+01,1.08e+02,3.80e+01
-1.54e+02,-6.21e+01,1.16e+02,4.00e+01
-5.00e+02,-5.00e+02,1.10e+02,3.80e+01
-1.43e+02,-5.08e+01,1.06e+02,3.70e+01
-1.52e+02,-5.69e+01,1.09e+02,3.90e+01
-1.47e+02,-5.12e+01,1.10e+02,3.80e+01
-2.71e+02,-8.89e+01,1.09e+02,3.80e+01
-1.41e+02,-4.91e+01,1.10e+02,3.80e+01
-1.57e+02,-6.85e+01,1.09e+02,3.90e+01
-1.46e+02,-5.47e+01,1.11e+02,3.90e+01
-1.40e+02,-5.10e+01,1.09e+02,3.80e+01
-1.49e+02,-6.10e+01,1.09e+02,3.80e+01
-1.50e+02,-6.19e+01,1.10e+02,3.90e+01
-1.49e+02,-5.87e+01,1.11e+02,3.90e+01
-3.58e+02,-5.21e+01,1.09e+02,3.80e+01
-1.53e+02,-5.24e+01,1.13e+02,4.00e+01
-1.52e+02,-6.23e+01,1.12e+02,4.00e+01
-1.44e+02,-5.57e+01,1.09e+02,3.80e+01
-1.49e+02,-5.83e+01,1.07e+02,3.80e+01
-3.56e+02,-5.17e+01,1.08e+02,3.80e+01
-1.49e+02,-5.35e+01,1.09e+02,3.80e+01
-5.00e+02,-5.00e+02,1.16e+02,4.00e+01
-1.69e+02,-4.39e+01,1.11e+02,3.90e+01
-1.57e+02,-6.87e+01,1.16e+02,4.10e+01
-1.75e+02,-6.19e+01,1.06e+02,3.70e+01
-1.47e+02,-4.55e+01,1.07e+02,3.80e+01
-1.47e+02,-5.86e+01,1.09e+02,3.80e+01
-1.53e+02,-4.86e+01,1.07e+02,3.80e+01
-1.43e+02,-5.81e+01,1.08e+02,3.80e+01
-1.40e+02,-4.41e+01,1.07e+02,3.80e+01
-1.53e+02,-5.59e+01,1.08e+02,3.80e+01
-1.47e+02,-6.06e+01,1.09e+02,3.90e+01
-1.48e+02,-5.30e+01,1.10e+02,3.80e+01
-1.39e+02,-5.58e+01,1.11e+02,4.00e+01
-1.52e+02,-5.28e+01,1.07e+02,3.80e+01
-1.48e+02,-4.99e+01,1.08e+02,3.80e+01
-1.53e+02,-5.05e+01,1.07e+02,3.70e+01
-1.57e+02,-5.80e+01,1.07e+02,3.70e+01
-1.44e+02,-4.95e+01,1.09e+02,3.80e+01
-1.49e+02,-5.76e+01,1.09e+02,3.90e+01
-2.60e+02,-1.20e+02,1.07e+02,3.70e+01
-1.48e+02,-6.27e+01,1.06e+02,3.80e+01
-1.50e+02,-4.60e+01,1.08e+02,3.80e+01
-1.45e+02,-4.93e+01,1.08e+02,3.80e+01
-1.67e+02,-7.15e+01,1.08e+02,3.80e+01
-1.45e+02,-5.68e+01,1.10e+02,3.80e+01
-1.50e+02,-5.50e+01,1.09e+02,3.90e+01
-1.44e+02,-5.21e+01,1.10e+02,4.00e+01
-1.55e+02,-5.66e+01,1.08e+02,3.80e+01
-1.52e+02,-5.56e+01,1.09e+02,3.90e+01
-1.48e+02,-4.37e+01,1.16e+02,4.10e+01
-1.55e+02,-5.88e+01,1.16e+02,4.10e+01
-3.52e+02,-1.97e+02,1.07e+02,3.80e+01
-1.54e+02,-6.09e+01,1.09e+02,3.90e+01
-1.47e+02,-5.53e+01,1.10e+02,3.80e+01
-1.51e+02,-6.93e+01,1.09e+02,3.90e+01
-1.45e+02,-5.75e+01,1.07e+02,3.90e+01
-1.43e+02,-5.65e+01,1.07e+02,3.70e+01
-1.41e+02,-5.27e+01,1.10e+02,3.80e+01
-1.44e+02,-4.93e+01,1.06e+02,3.70e+01
-5.00e+02,-5.00e+02,1.10e+02,3.80e+01
-1.48e+02,-4.97e+01,1.06e+02,3.70e+01
-1.50e+02,-5.56e+01,1.08e+02,3.80e+01
-1.52e+02,-5.40e+01,1.07e+02,3.80e+01
-1.44e+02,-5.52e+01,1.08e+02,3.80e+01
-1.61e+02,-5.60e+01,1.06e+02,3.70e+01
-1.45e+02,-5.95e+01,1.11e+02,3.90e+01
-1.57e+02,-5.81e+01,1.10e+02,3.80e+01
-2.94e+02,-6.81e+01,1.07e+02,3.90e+01
-1.45e+02,-5.55e+01,1.10e+02,3.80e+01
-1.48e+02,-5.67e+01,1.10e+02,3.90e+01
-1.54e+02,-6.65e+01,1.10e+02,4.00e+01
-1.47e+02,-4.33e+01,1.10e+02,3.80e+01
-1.46e+02,-5.40e+01,1.10e+02,3.80e+01
-1.50e+02,-6.49e+01,1.10e+02,3.80e+01
-2.86e+02,-5.64e+01,1.08e+02,3.80e+01
-1.50e+02,-5.00e+01,1.08e+02,3.90e+01
-1.44e+02,-4.93e+01,1.09e+02,3.90e+01
-1.42e+02,-4.90e+01,1.11e+02,3.90e+01
-1.53e+02,-4.85e+01,1.12e+02,4.00e+01
-1.53e+02,-6.40e+01,1.10e+02,3.90e+01
-3.49e+02,-1.77e+02,1.10e+02,3.90e+01
-1.53e+02,-5.10e+01,1.10e+02,3.80e+01
-1.54e+02,-5.15e+01,1.10e+02,4.00e+01
-1.48e+02,-5.52e+01,1.11e+02,3.90e+01
-1.48e+02,-5.70e+01,1.10e+02,3.80e+01
-1.46e+02,-5.39e+01,1.10e+02,3.90e+01
-5.00e+02,-5.00e+02,1.10e+02,3.80e+01
-5.00e+02,-5.00e+02,1.11e+02,3.90e+01
-5.00e+02,-5.00e+02,1.07e+02,3.70e+01
-4.36e+02,-1.19e+02,1.08e+02,3.80e+01
-1.51e+02,-6.03e+01,1.09e+02,3.80e+01
-3.61e+02,-5.02e+01,1.09e+02,3.80e+01
-1.59e+02,-5.99e+01,1.12e+02,4.00e+01
-1.48e+02,-5.08e+01,1.11e+02,3.90e+01
-1.46e+02,-6.02e+01,1.10e+02,3.80e+01
-1.46e+02,-6.67e+01,1.07e+02,3.70e+01
-1.55e+02,-5.36e+01,1.08e+02,3.80e+01
-1.45e+02,-4.38e+01,1.05e+02,3.70e+01
-1.44e+02,-6.02e+01,1.08e+02,3.80e+01
-1.47e+02,-6.34e+01,1.10e+02,3.90e+01
-1.56e+02,-6.32e+01,1.05e+02,3.70e+01
-1.54e+02,-5.93e+01,1.08e+02,3.80e+01
-1.53e+02,-5.41e+01,1.08e+02,3.80e+01
-1.45e+02,-5.56e+01,1.07e+02,3.80e+01
-1.57e+02,-7.22e+01,1.06e+02,3.80e+01
-1.72e+02,-7.10e+01,1.10e+02,3.90e+01
-1.61e+02,-6.58e+01,1.12e+02,4.00e+01
-1.59e+02,-6.74e+01,1.07e+02,3.80e+01
-1.43e+02,-4.72e+01,1.10e+02,3.90e+01
-1.78e+02,-5.95e+01,1.07e+02,3.80e+01
-1.47e+02,-4.59e+01,1.11e+02,4.00e+01
-1.58e+02,-6.82e+01,1.09e+02,3.90e+01
-1.46e+02,-5.14e+01,1.10e+02,3.90e+01
-1.45e+02,-5.64e+01,1.10e+02,3.80e+01
-1.52e+02,-5.85e+01,1.10e+02,3.90e+01
-1.43e+02,-4.67e+01,1.11e+02,3.90e+01
-2.23e+02,-1.18e+02,1.09e+02,3.90e+01
-1.54e+02,-4.16e+01,1.10e+02,3.90e+01
-1.46e+02,-4.89e+01,1.08e+02,3.80e+01
-3.45e+02,-1.77e+02,1.10e+02,4.00e+01
-1.47e+02,-5.25e+01,1.13e+02,4.00e+01
-1.46e+02,-5.71e+01,1.08e+02,3.80e+01
-1.45e+02,-5.61e+01,1.11e+02,3.90e+01
-1.43e+02,-6.09e+01,1.08e+02,3.80e+01
-3.16e+02,-9.45e+01,1.07e+02,3.80e+01
-1.51e+02,-5.49e+01,1.10e+02,3.90e+01
-1.49e+02,-5.37e+01,1.09e+02,3.90e+01
-1.48e+02,-5.22e+01,1.09e+02,3.80e+01
-5.00e+02,-5.00e+02,1.09e+02,3.90e+01
-1.57e+02,-5.13e+01,1.10e+02,3.90e+01
-1.62e+02,-6.95e+01,1.06e+02,3.70e+01
-1.54e+02,-6.72e+01,1.10e+02,3.80e+01
-1.47e+02,-5.14e+01,1.08e+02,3.80e+01
-1.44e+02,-4.21e+01,1.09e+02,3.90e+01
-1.51e+02,-5.26e+01,1.10e+02,3.80e+01
-1.51e+02,-5.12e+01,1.07e+02,3.80e+01
-1.56e+02,-7.47e+01,1.10e+02,3.90e+01
-1.43e+02,-5.03e+01,1.07e+02,3.80e+01
-1.48e+02,-5.70e+01,1.08e+02,3.80e+01
-5.00e+02,-5.00e+02,1.07e+02,3.70e+01
-1.53e+02,-6.12e+01,1.12e+02,4.00e+01
-3.62e+02,-5.55e+01,1.10e+02,3.90e+01
-2.42e+02,-9.05e+01,1.15e+02,4.00e+01
-3.55e+02,-5.02e+01,1.08e+02,3.80e+01
-1.50e+02,-5.58e+01,1.07e+02,3.80e+01
-1.46e+02,-6.15e+01,1.10e+02,3.90e+01
-1.43e+02,-4.58e+01,1.08e+02,3.80e+01
-1.50e+02,-4.79e+01,1.10e+02,3.80e+01
-1.49e+02,-6.25e+01,1.07e+02,3.80e+01
-1.44e+02,-4.93e+01,1.10e+02,3.90e+01
-1.45e+02,-5.43e+01,1.12e+02,4.00e+01
-1.45e+02,-5.89e+01,1.08e+02,3.80e+01
