-4.50e+01,-1.57e+01,4.00e+00,1.20e+01
-4.86e+01,-2.11e+01,4.00e+00,1.20e+01
-4.92e+01,-1.93e+01,3.00e+00,1.20e+01
-8.66e+01,-3.34e+01,4.00e+00,1.20e+01
-3.29e+01,-1.22e+01,7.00e+00,1.20e+01
-7.20e+01,-1.75e+01,4.00e+00,1.20e+01
-7.43e+01,-3.26e+01,3.00e+00,1.20e+01
-5.29e+00,1.35e+02,3.00e+00,1.20e+01
-2.35e+01,3.89e+01,7.00e+00,1.20e+01
1.67e+00,2.58e+02,7.00e+00,1.20e+01
-5.89e+01,-2.22e+01,3.00e+00,1.20e+01
-4.22e+01,-1.22e+01,6.00e+00,1.20e+01
-3.90e+01,-2.13e+01,5.00e+00,1.20e+01
-7.32e+00,6.70e+01,5.00e+00,1.20e+01
-1.78e+01,1.70e+01,9.00e+00,1.20e+01
5.98e+00,2.20e+02,1.00e+01,1.20e+01
-5.90e+01,-1.53e+01,6.00e+00,1.20e+01
-7.88e+01,-2.64e+01,4.00e+00,1.20e+01
-3.98e+01,-1.42e+01,5.00e+00,1.20e+01
-6.05e+01,-1.97e+01,8.00e+00,1.20e+01
-6.02e+01,-1.48e+01,4.00e+00,1.20e+01
-3.71e+01,-1.26e+01,5.00e+00,1.20e+01
-5.10e+01,1.03e+01,6.00e+00,1.20e+01
-2.91e+01,3.35e+00,6.00e+00,1.20e+01
-5.80e+01,8.03e+00,3.00e+00,1.20e+01
-5.75e+01,-2.46e+01,7.00e+00,1.20e+01
-4.52e+01,-2.86e+01,7.00e+00,1.20e+01
-4.56e+01,-2.19e+01,9.00e+00,1.20e+01
-4.81e+01,-1.59e+01,8.00e+00,1.20e+01
-5.24e+01,1.53e+01,9.00e+00,1.20e+01
-5.51e+01,2.96e+01,3.00e+00,1.20e+01
-3.35e+01,9.19e+01,7.00e+00,1.20e+01
-4.86e+01,-2.32e+01,4.00e+00,1.20e+01
-3.90e+01,-3.46e+00,4.00e+00,1.20e+01
-4.68e+01,-2.72e+01,4.00e+00,1.20e+01
-5.74e+01,-1.76e+01,3.00e+00,1.20e+01
-2.42e+01,3.43e+01,8.00e+00,1.20e+01
-5.57e+01,-1.90e+01,3.00e+00,1.20e+01
-1.64e+01,8.54e+01,6.00e+00,1.20e+01
3.38e+00,1.48e+02,8.00e+00,1.20e+01
-3.72e+01,3.46e+01,5.00e+00,1.20e+01
-5.15e+00,1.49e+02,2.00e+00,1.20e+01
-6.22e+01,-2.95e+01,5.00e+00,1.20e+01
-3.30e+01,-2.25e+01,6.00e+00,1.20e+01
-6.70e+01,-1.48e+01,4.00e+00,1.20e+01
-2.98e+01,-1.23e+01,4.00e+00,1.20e+01
-5.07e+01,-2.06e+01,2.00e+00,1.20e+01
-3.87e+01,-1.74e+01,5.00e+00,1.20e+01
-4.02e+01,2.35e+01,5.00e+00,1.20e+01
-5.23e+01,-1.49e+01,5.00e+00,1.20e+01
-2.35e+01,2.41e+01,6.00e+00,1.20e+01
-3.03e+01,-1.96e+01,4.00e+00,1.20e+01
-4.46e+01,-1.67e+01,2.00e+00,1.20e+01
3.08e+01,2.88e+02,6.00e+00,1.20e+01
-4.81e+01,-1.65e+01,4.00e+00,1.20e+01
-6.44e+01,-1.99e+01,7.00e+00,1.20e+01
-1.51e+01,2.64e+01,1.00e+01,1.20e+01
-5.50e+01,-2.66e+01,6.00e+00,1.20e+01
-5.53e+01,-3.70e+01,7.00e+00,1.20e+01
-3.99e+01,5.49e+00,4.00e+00,1.20e+01
-4.84e+01,-3.49e+01,5.00e+00,1.20e+01
-3.38e+00,7.54e+01,5.00e+00,1.20e+01
-3.41e+01,1.11e+00,8.00e+00,1.20e+01
2.11e+01,3.91e+02,6.00e+00,1.20e+01
-1.80e+01,5.66e+01,6.00e+00,1.20e+01
-5.31e+01,-2.51e+01,4.00e+00,1.20e+01
-3.64e+01,7.73e+00,8.00e+00,1.20e+01
-1.18e+01,4.75e+01,8.00e+00,1.20e+01
-6.74e+00,8.44e+01,6.00e+00,1.20e+01
-6.64e+01,-3.66e+01,5.00e+00,1.20e+01
-8.23e+00,1.15e+02,9.00e+00,1.20e+01
-7.66e+01,-4.02e+01,3.00e+00,1.20e+01
-2.56e+00,6.53e+01,3.00e+00,1.20e+01
-1.18e+01,6.89e+01,3.00e+00,1.20e+01
-6.10e+01,-1.68e+01,4.00e+00,1.20e+01
-4.28e+01,-1.60e+01,4.00e+00,1.20e+01
-8.59e+00,1.72e+02,5.00e+00,1.20e+01
-4.79e+01,-2.72e+01,4.00e+00,1.20e+01
-2.07e+01,2.82e+01,5.00e+00,1.20e+01
1.14e+01,1.47e+02,5.00e+00,1.20e+01
-1.16e+01,1.00e+02,6.00e+00,1.20e+01
-7.14e+01,-2.02e+01,7.00e+00,1.20e+01
-4.61e+01,-7.23e+00,4.00e+00,1.20e+01
-5.99e+01,-3.69e+01,7.00e+00,1.20e+01
-3.64e+01,-1.66e+01,4.00e+00,1.20e+01
-5.14e+01,-2.33e+01,2.00e+00,1.20e+01
-3.01e+01,-1.36e+01,6.00e+00,1.20e+01
-5.29e+01,-2.88e+01,4.00e+00,1.20e+01
-3.68e+01,9.32e+01,5.00e+00,1.20e+01
-2.76e+00,1.49e+02,5.00e+00,1.20e+01
-2.44e+01,-6.26e+00,5.00e+00,1.20e+01
-2.90e+01,3.07e+01,6.00e+00,1.20e+01
-4.16e+01,-2.28e+01,5.00e+00,1.20e+01
-5.64e+01,-1.89e+01,4.00e+00,1.20e+01
-6.67e+01,-3.69e+01,7.00e+00,1.20e+01
-4.47e+01,-2.09e+01,7.00e+00,1.20e+01
-1.80e+01,3.06e+01,6.00e+00,1.20e+01
-2.92e+01,3.70e+01,7.00e+00,1.20e+01
-6.26e+01,-1.35e+01,6.00e+00,1.20e+01
-5.15e+01,-2.04e+00,6.00e+00,1.20e+01
-4.82e+01,-1.90e+01,8.00e+00,1.20e+01
-5.21e+01,-1.51e+01,6.00e+00,1.20e+01
-4.18e+01,2.61e+01,5.00e+00,1.20e+01
-5.00e+01,-1.68e+01,7.00e+00,1.20e+01
-2.16e+01,4.92e+01,6.00e+00,1.20e+01
-4.83e+01,-1.24e+01,7.00e+00,1.20e+01
-6.95e+01,-1.64e+00,6.00e+00,1.20e+01
-5.13e+01,4.36e+00,5.00e+00,1.20e+01
-3.13e+01,2.59e+00,6.00e+00,1.20e+01
-4.68e+01,-9.22e+00,3.00e+00,1.20e+01
-5.92e+01,-2.48e+01,4.00e+00,1.20e+01
-9.01e+01,-2.34e+01,6.00e+00,1.20e+01
3.58e+00,1.34e+02,6.00e+00,1.20e+01
-4.14e+01,3.27e+01,5.00e+00,1.20e+01
-5.24e+01,-3.39e+01,2.00e+00,1.20e+01
-3.80e+01,-2.74e+01,6.00e+00,1.20e+01
-2.34e+01,2.42e+01,7.00e+00,1.20e+01
-2.82e+01,5.20e+00,6.00e+00,1.20e+01
-1.23e+01,6.33e+01,4.00e+00,1.20e+01
-6.76e+01,-2.29e+01,7.00e+00,1.20e+01
-3.32e+01,-1.52e+01,5.00e+00,1.20e+01
-2.60e+01,3.28e+01,6.00e+00,1.20e+01
-2.81e+01,4.08e+01,9.00e+00,1.20e+01
-1.92e+01,2.75e+01,1.00e+01,1.20e+01
-1.39e+01,4.25e+01,5.00e+00,1.20e+01
-1.89e+01,6.62e+01,4.00e+00,1.20e+01
-4.83e+01,-6.28e+00,3.00e+00,1.20e+01
-6.44e+01,-2.14e+01,4.00e+00,1.20e+01
