-3.60e+00,1.96e+02,4.60e+01,2.70e+01
1.39e+01,1.95e+02,4.80e+01,2.70e+01
5.69e-01,1.96e+02,4.60e+01,2.90e+01
1.36e+01,1.96e+02,4.70e+01,2.70e+01
1.39e+01,1.95e+02,4.80e+01,2.70e+01
1.36e+01,1.96e+02,4.80e+01,2.80e+01
-2.46e+00,1.96e+02,4.70e+01,2.70e+01
-3.59e+00,1.96e+02,4.70e+01,2.70e+01
-3.59e+00,1.96e+02,4.70e+01,2.80e+01
1.36e+01,1.96e+02,4.70e+01,2.80e+01
-3.60e+00,1.96e+02,4.70e+01,2.80e+01
1.36e+01,1.96e+02,4.70e+01,2.80e+01
1.36e+01,1.96e+02,4.90e+01,2.90e+01
-3.60e+00,1.96e+02,4.70e+01,2.70e+01
-3.59e+00,1.96e+02,4.60e+01,2.70e+01
1.36e+01,1.96e+02,4.90e+01,2.90e+01
1.36e+01,1.96e+02,4.80e+01,2.70e+01
1.36e+01,1.96e+02,4.60e+01,2.70e+01
1.36e+01,1.96e+02,4.90e+01,2.80e+01
1.36e+01,1.96e+02,4.70e+01,2.70e+01
1.36e+01,1.96e+02,4.70e+01,2.70e+01
-7.15e+01,-1.65e+01,4.80e+01,2.70e+01
-2.46e+00,1.96e+02,4.70e+01,2.70e+01
1.32e+01,1.94e+02,4.80e+01,2.80e+01
-1.03e+01,1.59e+02,4.70e+01,2.70e+01
-1.77e+01,1.19e+02,5.00e+01,3.00e+01
-3.60e+00,1.96e+02,4.70e+01,2.80e+01
-3.60e+00,1.96e+02,4.70e+01,2.70e+01
5.69e-01,1.96e+02,4.60e+01,2.90e+01
-5.57e+01,3.71e+01,4.90e+01,2.90e+01
1.19e+01,1.86e+02,4.80e+01,2.70e+01
2.10e+00,1.95e+02,4.80e+01,2.70e+01
1.94e+00,1.94e+02,4.90e+01,2.90e+01
1.39e+01,1.95e+02,4.80e+01,2.70e+01
-2.00e+00,1.24e+02,4.80e+01,2.70e+01
-5.05e+00,1.96e+02,4.60e+01,2.70e+01
-3.59e+00,1.96e+02,4.80e+01,2.70e+01
4.03e-01,1.12e+02,4.90e+01,2.80e+01
-3.51e+00,1.96e+02,4.60e+01,2.70e+01
-3.60e+00,1.96e+02,4.70e+01,2.80e+01
-2.46e+00,1.96e+02,4.80e+01,2.70e+01
1.39e+01,1.95e+02,4.80e+01,2.70e+01
-3.60e+00,1.96e+02,4.70e+01,2.70e+01
1.32e+01,1.95e+02,4.80e+01,2.70e+01
5.05e-01,1.96e+02,4.60e+01,2.90e+01
1.39e+01,1.95e+02,4.80e+01,2.70e+01
-6.87e+00,1.51e+02,4.70e+01,2.90e+01
-3.60e+00,1.96e+02,4.70e+01,2.70e+01
1.36e+01,1.96e+02,4.90e+01,2.80e+01
-4.35e+00,1.51e+02,4.80e+01,2.70e+01
-3.60e+00,1.96e+02,4.80e+01,2.80e+01
1.39e+00,1.23e+02,4.80e+01,2.80e+01
7.28e+00,1.64e+02,4.90e+01,2.80e+01
2.98e-01,1.13e+02,4.80e+01,2.70e+01
-4.94e-01,1.52e+02,4.80e+01,2.70e+01
-3.60e+00,1.96e+02,4.60e+01,2.70e+01
1.27e+01,1.95e+02,4.80e+01,2.70e+01
6.38e+00,1.95e+02,4.80e+01,2.80e+01
-3.60e+00,1.96e+02,4.70e+01,2.70e+01
-2.46e+00,1.96e+02,4.80e+01,2.70e+01
1.36e+01,1.96e+02,4.70e+01,2.80e+01
-7.30e+00,1.52e+02,4.70e+01,2.90e+01
-3.60e+00,1.96e+02,4.80e+01,2.80e+01
-3.59e+00,1.96e+02,4.70e+01,2.80e+01
-3.60e+00,1.96e+02,4.70e+01,2.70e+01
1.36e+01,1.96e+02,4.60e+01,2.70e+01
-3.59e+00,1.96e+02,4.70e+01,2.80e+01
1.33e+01,1.96e+02,4.90e+01,2.90e+01
9.67e-02,1.96e+02,4.70e+01,2.90e+01
1.36e+01,1.96e+02,4.70e+01,2.70e+01
-5.07e+00,1.96e+02,4.70e+01,2.80e+01
1.24e+01,1.89e+02,4.80e+01,2.90e+01
1.39e+01,1.95e+02,4.80e+01,2.70e+01
-7.15e+01,-1.65e+01,4.70e+01,2.70e+01
1.36e+01,1.96e+02,4.80e+01,2.70e+01
1.21e+01,1.87e+02,4.70e+01,2.70e+01
6.38e+00,1.95e+02,4.90e+01,2.80e+01
7.33e+00,1.66e+02,4.70e+01,2.70e+01
-6.78e-02,1.11e+02,4.70e+01,2.70e+01
-3.57e+00,1.96e+02,4.60e+01,2.70e+01
4.25e+00,1.53e+02,5.00e+01,2.80e+01
1.36e+01,1.96e+02,4.90e+01,2.80e+01
-3.59e+00,1.96e+02,4.70e+01,2.70e+01
3.85e+00,1.51e+02,4.70e+01,2.90e+01
-8.53e+00,1.63e+02,4.80e+01,2.70e+01
1.38e+01,1.95e+02,4.90e+01,2.70e+01
-3.16e+00,1.74e+02,4.60e+01,2.90e+01
1.27e+01,1.95e+02,4.90e+01,2.70e+01
-3.65e+00,1.96e+02,4.80e+01,2.80e+01
-3.60e+00,1.96e+02,4.60e+01,2.70e+01
1.36e+01,1.96e+02,4.90e+01,2.80e+01
-5.11e+00,1.87e+02,4.70e+01,2.70e+01
-1.63e+01,1.20e+02,4.70e+01,2.80e+01
-3.65e+00,1.96e+02,4.60e+01,2.70e+01
-3.74e+00,1.96e+02,4.80e+01,2.90e+01
3.08e+00,1.96e+02,4.80e+01,2.90e+01
1.36e+01,1.96e+02,4.80e+01,2.70e+01
4.92e-01,1.16e+02,4.70e+01,2.80e+01
-6.41e+00,1.43e+02,4.70e+01,2.70e+01
-3.33e+00,1.73e+02,4.60e+01,2.90e+01
1.37e+01,1.95e+02,4.90e+01,2.80e+01
-2.46e+00,1.96e+02,4.80e+01,2.70e+01
3.06e+00,1.95e+02,4.80e+01,2.70e+01
1.39e+01,1.95e+02,4.80e+01,2.70e+01
-3.59e+00,1.96e+02,4.70e+01,2.70e+01
-3.59e+00,1.96e+02,4.70e+01,2.80e+01
1.19e+01,1.86e+02,4.80e+01,2.80e+01
-3.34e+00,1.96e+02,4.60e+01,2.70e+01
1.31e+01,1.93e+02,4.70e+01,2.70e+01
-2.06e+00,1.66e+02,4.70e+01,2.80e+01
1.94e+00,1.94e+02,4.90e+01,2.90e+01
1.21e+00,1.22e+02,4.80e+01,2.90e+01
1.99e+00,1.96e+02,4.70e+01,2.70e+01
3.40e+00,1.53e+02,4.70e+01,2.70e+01
-3.70e+00,1.96e+02,4.60e+01,2.70e+01
1.27e+01,1.87e+02,4.80e+01,2.70e+01
-1.30e+01,1.17e+02,4.60e+01,2.90e+01
-3.59e+00,1.96e+02,4.80e+01,2.80e+01
5.69e-01,1.96e+02,4.70e+01,2.90e+01
1.36e+01,1.96e+02,4.80e+01,2.80e+01
-3.59e+00,1.96e+02,4.80e+01,2.80e+01
1.98e+00,1.96e+02,4.80e+01,2.80e+01
1.38e+01,1.95e+02,4.80e+01,2.70e+01
1.51e+00,1.96e+02,4.70e+01,2.90e+01
1.39e+00,1.23e+02,4.80e+01,2.80e+01
-2.84e+00,1.95e+02,4.70e+01,2.70e+01
-2.46e+00,1.96e+02,4.70e+01,2.70e+01
-3.60e+00,1.96e+02,4.70e+01,2.80e+01
