-5.15e+01,-1.73e+01,3.00e+00,2.20e+01
-5.27e+01,-2.71e+01,3.00e+00,2.20e+01
-5.57e+01,-2.91e+01,4.00e+00,2.20e+01
-3.39e+01,-1.26e+01,2.00e+00,2.10e+01
-3.68e+01,-2.09e+01,2.00e+00,2.10e+01
-4.94e+01,-1.78e+01,3.00e+00,2.20e+01
-5.54e+01,-3.81e+01,3.00e+00,2.20e+01
-6.28e+01,-1.80e+01,3.00e+00,2.20e+01
-7.25e+01,-3.39e+01,4.00e+00,2.20e+01
-5.04e+01,-2.54e+01,4.00e+00,2.30e+01
-4.88e+01,-3.25e+01,3.00e+00,2.20e+01
-3.50e+01,-1.59e+01,3.00e+00,2.20e+01
-4.04e+01,-1.38e+01,3.00e+00,2.20e+01
-4.86e+01,-1.51e+01,2.00e+00,2.10e+01
-6.28e+01,-3.10e+01,3.00e+00,2.20e+01
-3.74e+01,-1.61e+01,3.00e+00,2.20e+01
-7.97e+01,-3.08e+01,2.00e+00,2.10e+01
-7.09e+01,-2.46e+01,3.00e+00,2.20e+01
-5.13e+01,-2.53e+01,2.00e+00,2.10e+01
-5.13e+01,-2.61e+01,4.00e+00,2.30e+01
-6.16e+01,-2.85e+01,4.00e+00,2.20e+01
-6.16e+01,-3.86e+01,3.00e+00,2.20e+01
-6.28e+01,-3.01e+01,2.00e+00,2.10e+01
-5.62e+01,-1.08e+01,4.00e+00,2.20e+01
-6.48e+01,-1.74e+01,3.00e+00,2.20e+01
-3.35e+01,-1.66e+01,2.00e+00,2.10e+01
-5.47e+01,-9.31e+00,2.00e+00,2.10e+01
-6.41e+01,-2.03e+01,2.00e+00,2.10e+01
-5.81e+01,-2.49e+01,3.00e+00,2.20e+01
-5.69e+01,-2.08e+01,4.00e+00,2.20e+01
-4.90e+01,-2.48e+01,4.00e+00,2.30e+01
-7.04e+01,-4.13e+01,2.00e+00,2.10e+01
-5.62e+01,-1.37e+01,2.00e+00,2.10e+01
-5.34e+01,-2.13e+01,2.00e+00,2.10e+01
-5.97e+01,-3.78e+01,4.00e+00,2.30e+01
-5.69e+01,-3.84e+01,4.00e+00,2.30e+01
-3.90e+01,-9.85e+00,2.00e+00,2.10e+01
-3.91e+01,-2.83e+01,4.00e+00,2.20e+01
-6.47e+01,-2.52e+01,3.00e+00,2.20e+01
-5.92e+01,-2.52e+01,4.00e+00,2.20e+01
-7.04e+01,-3.14e+01,4.00e+00,2.20e+01
-8.40e+01,-2.19e+01,3.00e+00,2.20e+01
-3.92e+01,-1.98e+01,3.00e+00,2.20e+01
-5.32e+01,-2.99e+01,4.00e+00,2.20e+01
-4.72e+01,-1.25e+01,4.00e+00,2.20e+01
-4.15e+01,-1.68e+01,2.00e+00,2.10e+01
-5.57e+01,-2.03e+01,2.00e+00,2.10e+01
-5.72e+01,-2.60e+01,3.00e+00,2.20e+01
-5.53e+01,-3.41e+01,3.00e+00,2.20e+01
-5.93e+01,-2.35e+01,3.00e+00,2.20e+01
-6.92e+01,-3.25e+01,4.00e+00,2.20e+01
-5.72e+01,-2.80e+01,4.00e+00,2.30e+01
-4.52e+01,-3.26e+01,5.00e+00,2.20e+01
-3.95e+01,-1.40e+01,4.00e+00,2.20e+01
-4.06e+01,-2.01e+01,5.00e+00,2.30e+01
-3.41e+01,-1.62e+01,3.00e+00,2.20e+01
-6.96e+01,-3.11e+01,3.00e+00,2.20e+01
-5.47e+01,-1.93e+01,3.00e+00,2.20e+01
-5.07e+01,-1.56e+01,2.00e+00,2.10e+01
-6.20e+01,-2.64e+01,3.00e+00,2.20e+01
-5.50e+01,-3.00e+01,3.00e+00,2.20e+01
-7.10e+01,-2.28e+01,4.00e+00,2.20e+01
-4.15e+01,-2.25e+01,3.00e+00,2.20e+01
-4.09e+01,-2.28e+01,2.00e+00,2.10e+01
-3.81e+01,-1.80e+01,3.00e+00,2.20e+01
-3.00e+01,-1.32e+01,4.00e+00,2.20e+01
-3.67e+01,-2.17e+01,4.00e+00,2.20e+01
-3.88e+01,-1.73e+01,4.00e+00,2.30e+01
-7.15e+01,-3.51e+01,4.00e+00,2.20e+01
-4.80e+01,-2.58e+01,5.00e+00,2.20e+01
-2.24e+01,-1.56e+01,3.00e+00,2.20e+01
-8.28e+01,-3.66e+01,3.00e+00,2.20e+01
-7.74e+01,-3.37e+01,4.00e+00,2.30e+01
-5.68e+01,-1.62e+01,3.00e+00,2.20e+01
-5.37e+01,-3.05e+01,3.00e+00,2.20e+01
-4.07e+01,-8.31e+00,4.00e+00,2.20e+01
-5.15e+01,-3.05e+01,4.00e+00,2.20e+01
-4.25e+01,-2.19e+01,3.00e+00,2.20e+01
-4.39e+01,-2.90e+01,3.00e+00,2.20e+01
-7.32e+01,-2.29e+01,4.00e+00,2.20e+01
-4.58e+01,-7.42e+00,4.00e+00,2.20e+01
-5.80e+01,-3.14e+01,4.00e+00,2.30e+01
-7.11e+01,-2.41e+01,2.00e+00,2.10e+01
-6.68e+01,-3.99e+01,3.00e+00,2.20e+01
-4.06e+01,-2.42e+01,4.00e+00,2.20e+01
-4.11e+01,-2.08e+01,4.00e+00,2.20e+01
-7.34e+01,-2.98e+01,4.00e+00,2.30e+01
-4.95e+01,-2.23e+01,4.00e+00,2.20e+01
-5.47e+01,-3.08e+01,4.00e+00,2.30e+01
-4.74e+01,-1.26e+01,4.00e+00,2.20e+01
-4.47e+01,-1.11e+01,3.00e+00,2.20e+01
-6.04e+01,-3.00e+01,4.00e+00,2.20e+01
-5.38e+01,-1.49e+01,3.00e+00,2.20e+01
-4.99e+01,-1.05e+01,4.00e+00,2.20e+01
-4.91e+01,-1.47e+01,3.00e+00,2.20e+01
-5.37e+01,-2.45e+01,2.00e+00,2.10e+01
-4.71e+01,-1.45e+01,4.00e+00,2.20e+01
-4.39e+01,-1.50e+01,2.00e+00,2.10e+01
-7.84e+01,-2.88e+01,2.00e+00,2.10e+01
-5.25e+01,-2.49e+01,4.00e+00,2.30e+01
-5.16e+01,-2.02e+01,4.00e+00,2.20e+01
-3.64e+01,-1.52e+01,4.00e+00,2.20e+01
-5.14e+01,-2.69e+01,4.00e+00,2.30e+01
-5.07e+01,-2.47e+01,4.00e+00,2.20e+01
-4.49e+01,-2.63e+01,3.00e+00,2.20e+01
-5.76e+01,-1.87e+01,4.00e+00,2.20e+01
-4.83e+01,-3.09e+01,4.00e+00,2.20e+01
-3.48e+01,-1.97e+01,4.00e+00,2.30e+01
-5.77e+01,-2.29e+01,5.00e+00,2.20e+01
-5.22e+01,-2.12e+01,2.00e+00,2.10e+01
-5.33e+01,-1.97e+01,3.00e+00,2.20e+01
-4.54e+01,-2.76e+01,3.00e+00,2.20e+01
-5.42e+01,-2.05e+01,2.00e+00,2.10e+01
-6.23e+01,-1.11e+01,3.00e+00,2.20e+01
-5.96e+01,-3.45e+01,4.00e+00,2.30e+01
-6.20e+01,-1.46e+01,2.00e+00,2.10e+01
-4.72e+01,-9.95e+00,4.00e+00,2.30e+01
-5.17e+01,-1.75e+01,5.00e+00,2.30e+01
-5.59e+01,-2.19e+01,3.00e+00,2.20e+01
-6.20e+01,-4.01e+01,3.00e+00,2.20e+01
-6.44e+01,-2.13e+01,3.00e+00,2.20e+01
-5.16e+01,-1.63e+01,2.00e+00,2.10e+01
-4.34e+01,-2.73e+01,4.00e+00,2.30e+01
-6.42e+01,-2.62e+01,4.00e+00,2.30e+01
-5.33e+01,-2.69e+01,2.00e+00,2.10e+01
-7.09e+01,-2.21e+01,3.00e+00,2.20e+01
-5.81e+01,-2.36e+01,4.00e+00,2.30e+01
-5.69e+01,-2.20e+01,4.00e+00,2.20e+01
