-1.95e+02,-1.12e+02,1.50e+01,1.20e+01
-2.28e+02,-1.17e+02,1.00e+01,1.00e+01
-1.97e+02,-1.01e+02,1.40e+01,1.10e+01
-2.25e+02,-1.24e+02,1.10e+01,1.10e+01
-2.20e+02,-1.21e+02,1.30e+01,1.10e+01
-2.01e+02,-1.06e+02,1.20e+01,1.00e+01
-1.95e+02,-1.04e+02,1.60e+01,1.30e+01
-2.21e+02,-1.35e+02,1.00e+01,1.00e+01
-2.10e+02,-1.16e+02,1.20e+01,1.00e+01
-2.07e+02,-1.04e+02,1.40e+01,1.10e+01
-1.97e+02,-1.13e+02,1.50e+01,1.10e+01
-2.04e+02,-1.10e+02,1.10e+01,1.00e+01
-2.18e+02,-1.04e+02,1.30e+01,1.10e+01
-1.99e+02,-9.90e+01,1.70e+01,1.20e+01
-1.99e+02,-1.18e+02,1.00e+01,1.00e+01
-2.12e+02,-1.06e+02,1.40e+01,1.10e+01
-2.11e+02,-1.22e+02,1.20e+01,1.00e+01
-1.91e+02,-1.06e+02,1.50e+01,1.10e+01
-2.05e+02,-1.14e+02,1.10e+01,1.00e+01
-1.88e+02,-9.25e+01,1.60e+01,1.10e+01
-2.05e+02,-1.04e+02,1.00e+01,1.00e+01
-1.96e+02,-1.01e+02,1.40e+01,1.10e+01
-2.08e+02,-1.17e+02,1.20e+01,1.00e+01
-2.13e+02,-1.10e+02,1.10e+01,1.10e+01
-2.03e+02,-1.19e+02,1.50e+01,1.10e+01
-2.00e+02,-1.15e+02,1.60e+01,1.30e+01
-2.08e+02,-1.15e+02,1.00e+01,1.00e+01
-2.01e+02,-1.21e+02,1.40e+01,1.10e+01
-2.02e+02,-1.08e+02,1.30e+01,1.10e+01
-2.18e+02,-1.20e+02,1.10e+01,1.00e+01
-1.98e+02,-1.06e+02,1.50e+01,1.10e+01
-2.09e+02,-1.20e+02,1.20e+01,1.00e+01
-1.90e+02,-1.04e+02,1.50e+01,1.10e+01
-2.12e+02,-1.10e+02,1.00e+01,1.00e+01
-2.01e+02,-1.13e+02,1.40e+01,1.10e+01
-2.05e+02,-9.15e+01,1.20e+01,1.00e+01
-2.18e+02,-1.01e+02,1.10e+01,1.00e+01
-2.04e+02,-1.12e+02,1.30e+01,1.10e+01
-2.05e+02,-9.53e+01,1.50e+01,1.10e+01
-2.04e+02,-1.06e+02,1.00e+01,1.00e+01
-2.95e+02,-1.37e+02,1.20e+01,1.20e+01
-3.74e+02,-9.79e+01,1.50e+01,1.10e+01
-3.36e+02,-9.98e+01,1.60e+01,1.10e+01
-2.51e+02,-1.12e+02,1.40e+01,1.10e+01
-5.00e+02,-5.00e+02,1.20e+01,1.00e+01
-2.22e+02,-1.32e+02,1.20e+01,1.00e+01
-2.15e+02,-1.10e+02,1.30e+01,1.10e+01
-3.16e+02,-1.22e+02,1.00e+01,1.00e+01
-2.64e+02,-1.19e+02,1.00e+01,1.00e+01
-2.95e+02,-1.21e+02,1.00e+01,1.00e+01
-1.93e+02,-1.03e+02,1.50e+01,1.20e+01
-2.73e+02,-9.74e+01,1.40e+01,1.10e+01
-3.26e+02,-1.37e+02,1.70e+01,1.40e+01
-1.92e+02,-1.07e+02,1.50e+01,1.20e+01
-2.65e+02,-1.08e+02,1.10e+01,1.00e+01
-2.04e+02,-9.99e+01,1.20e+01,1.10e+01
-3.56e+02,-1.37e+02,1.30e+01,1.10e+01
-2.05e+02,-1.12e+02,1.60e+01,1.30e+01
-2.01e+02,-1.06e+02,1.00e+01,1.00e+01
-2.84e+02,-1.05e+02,1.50e+01,1.20e+01
-1.95e+02,-1.14e+02,1.10e+01,1.00e+01
-2.21e+02,-1.05e+02,1.00e+01,1.00e+01
-3.76e+02,-1.71e+02,1.50e+01,1.20e+01
-3.70e+02,-1.11e+02,1.10e+01,1.00e+01
-2.13e+02,-1.04e+02,1.40e+01,1.10e+01
-2.31e+02,-1.25e+02,1.00e+01,1.00e+01
-3.54e+02,-1.19e+02,1.40e+01,1.10e+01
-2.89e+02,-1.09e+02,1.00e+01,1.00e+01
-2.72e+02,-1.36e+02,1.10e+01,1.10e+01
-2.21e+02,-1.04e+02,1.00e+01,1.00e+01
-5.00e+02,-5.00e+02,1.00e+01,1.00e+01
-2.02e+02,-1.07e+02,1.50e+01,1.10e+01
-2.00e+02,-1.13e+02,1.50e+01,1.20e+01
-2.12e+02,-1.16e+02,1.10e+01,1.10e+01
-2.04e+02,-1.15e+02,1.10e+01,1.10e+01
-2.27e+02,-1.06e+02,1.50e+01,1.20e+01
-2.86e+02,-1.55e+02,1.10e+01,1.10e+01
-3.71e+02,-1.65e+02,1.50e+01,1.10e+01
-2.23e+02,-1.15e+02,1.20e+01,1.00e+01
-1.94e+02,-1.25e+02,1.40e+01,1.10e+01
-2.59e+02,-1.02e+02,1.50e+01,1.20e+01
-2.22e+02,-1.17e+02,1.10e+01,1.10e+01
-2.14e+02,-1.01e+02,1.20e+01,1.00e+01
-4.70e+02,-3.20e+02,1.00e+01,1.00e+01
-3.97e+02,-1.67e+02,1.10e+01,1.00e+01
-2.79e+02,-1.40e+02,1.50e+01,1.10e+01
-2.61e+02,-1.08e+02,1.30e+01,1.10e+01
-2.64e+02,-1.25e+02,1.20e+01,1.00e+01
-2.07e+02,-1.05e+02,1.10e+01,1.00e+01
-2.31e+02,-1.46e+02,1.70e+01,1.40e+01
-3.13e+02,-1.33e+02,1.40e+01,1.20e+01
-2.81e+02,-1.16e+02,1.10e+01,1.00e+01
-2.20e+02,-1.08e+02,1.00e+01,1.00e+01
-3.89e+02,-1.69e+02,1.30e+01,1.00e+01
-2.83e+02,-1.06e+02,1.00e+01,1.00e+01
-3.16e+02,-1.27e+02,1.10e+01,1.10e+01
-2.93e+02,-1.31e+02,1.10e+01,1.00e+01
-1.93e+02,-9.77e+01,1.60e+01,1.30e+01
-2.29e+02,-1.22e+02,1.00e+01,1.00e+01
-5.00e+02,-5.00e+02,1.10e+01,1.00e+01
-2.50e+02,-9.86e+01,1.40e+01,1.10e+01
-1.95e+02,-1.06e+02,1.50e+01,1.10e+01
-2.56e+02,-1.17e+02,1.20e+01,1.00e+01
-2.10e+02,-1.27e+02,1.50e+01,1.10e+01
-5.00e+02,-5.00e+02,1.00e+01,1.00e+01
-4.68e+02,-3.10e+02,1.10e+01,1.00e+01
-3.28e+02,-1.30e+02,1.40e+01,1.20e+01
-3.17e+02,-1.27e+02,1.70e+01,1.10e+01
-3.42e+02,-1.65e+02,1.50e+01,1.10e+01
-2.77e+02,-1.44e+02,1.10e+01,1.10e+01
-2.04e+02,-1.11e+02,1.00e+01,1.00e+01
-5.00e+02,-5.00e+02,1.00e+01,1.00e+01
-2.04e+02,-1.20e+02,1.50e+01,1.10e+01
-2.06e+02,-1.02e+02,1.10e+01,1.10e+01
-2.01e+02,-1.00e+02,1.50e+01,1.10e+01
-2.03e+02,-9.34e+01,1.40e+01,1.10e+01
-2.05e+02,-1.08e+02,1.20e+01,1.00e+01
-2.07e+02,-1.18e+02,1.20e+01,1.10e+01
-2.04e+02,-1.02e+02,1.60e+01,1.20e+01
-2.38e+02,-1.25e+02,1.30e+01,1.10e+01
-1.98e+02,-9.90e+01,1.50e+01,1.10e+01
-3.15e+02,-1.49e+02,1.40e+01,1.10e+01
-4.03e+02,-2.07e+02,1.30e+01,1.00e+01
-2.20e+02,-1.04e+02,1.60e+01,1.30e+01
-2.25e+02,-1.05e+02,1.70e+01,1.10e+01
-3.64e+02,-1.62e+02,1.50e+01,1.10e+01
-5.00e+02,-5.00e+02,1.00e+01,1.00e+01
-2.04e+02,-9.21e+01,1.10e+01,1.00e+01
-1.99e+02,-1.17e+02,1.50e+01,1.10e+01
-3.19e+02,-1.07e+02,1.20e+01,1.00e+01
-2.09e+02,-1.06e+02,1.60e+01,1.10e+01
-2.76e+02,-1.02e+02,1.50e+01,1.10e+01
-2.65e+02,-1.06e+02,1.30e+01,1.10e+01
-2.01e+02,-9.82e+01,1.70e+01,1.20e+01
-5.00e+02,-5.00e+02,1.20e+01,1.00e+01
-2.71e+02,-1.30e+02,1.30e+01,1.10e+01
-3.17e+02,-1.26e+02,1.60e+01,1.10e+01
-3.26e+02,-1.31e+02,1.20e+01,1.00e+01
-2.05e+02,-1.36e+02,1.50e+01,1.20e+01
-5.00e+02,-5.00e+02,1.00e+01,1.00e+01
-1.99e+02,-1.21e+02,1.50e+01,1.10e+01
-2.28e+02,-1.45e+02,1.70e+01,1.30e+01
-3.33e+02,-1.10e+02,1.20e+01,1.00e+01
-2.08e+02,-1.04e+02,1.20e+01,1.00e+01
-2.10e+02,-1.25e+02,1.20e+01,1.10e+01
-2.01e+02,-1.10e+02,1.70e+01,1.30e+01
-1.93e+02,-1.08e+02,1.60e+01,1.30e+01
-2.40e+02,-9.05e+01,1.40e+01,1.10e+01
-3.76e+02,-1.75e+02,1.60e+01,1.10e+01
-3.69e+02,-1.13e+02,1.30e+01,1.00e+01
-3.31e+02,-9.45e+01,1.10e+01,1.00e+01
-2.80e+02,-1.25e+02,1.00e+01,1.00e+01
-2.48e+02,-1.10e+02,1.40e+01,1.10e+01
-2.78e+02,-1.22e+02,1.10e+01,1.00e+01
-3.32e+02,-1.26e+02,1.00e+01,1.00e+01
-2.70e+02,-9.51e+01,1.40e+01,1.10e+01
-2.08e+02,-9.25e+01,1.50e+01,1.10e+01
-2.90e+02,-1.28e+02,1.00e+01,1.00e+01
-4.47e+02,-1.85e+02,1.00e+01,1.00e+01
-2.91e+02,-1.12e+02,1.70e+01,1.20e+01
-2.97e+02,-1.26e+02,1.10e+01,1.10e+01
-3.16e+02,-1.49e+02,1.50e+01,1.20e+01
-3.22e+02,-1.10e+02,1.50e+01,1.10e+01
-3.17e+02,-1.31e+02,1.50e+01,1.10e+01
-1.94e+02,-9.84e+01,1.40e+01,1.10e+01
-1.98e+02,-1.05e+02,1.10e+01,1.00e+01
-2.74e+02,-1.37e+02,1.30e+01,1.10e+01
-2.11e+02,-1.06e+02,1.10e+01,1.00e+01
-3.18e+02,-1.33e+02,1.70e+01,1.20e+01
-1.97e+02,-1.05e+02,1.50e+01,1.10e+01
-2.68e+02,-1.42e+02,1.00e+01,1.00e+01
-1.98e+02,-1.13e+02,1.20e+01,1.10e+01
-2.16e+02,-1.40e+02,1.00e+01,1.00e+01
-2.00e+02,-1.14e+02,1.60e+01,1.20e+01
-3.33e+02,-1.36e+02,1.20e+01,1.20e+01
-1.99e+02,-1.09e+02,1.70e+01,1.40e+01
-2.76e+02,-1.19e+02,1.20e+01,1.00e+01
-4.79e+02,-4.28e+02,1.30e+01,1.10e+01
-4.43e+02,-1.60e+02,1.20e+01,1.00e+01
-4.76e+02,-4.07e+02,1.50e+01,1.10e+01
-2.03e+02,-1.04e+02,1.70e+01,1.20e+01
-1.96e+02,-1.04e+02,1.60e+01,1.30e+01
-2.12e+02,-1.02e+02,1.20e+01,1.00e+01
-2.20e+02,-1.11e+02,1.30e+01,1.10e+01
-1.94e+02,-1.04e+02,1.60e+01,1.20e+01
-2.03e+02,-9.92e+01,1.40e+01,1.10e+01
-3.12e+02,-1.01e+02,1.20e+01,1.00e+01
-2.05e+02,-1.13e+02,1.30e+01,1.10e+01
-2.62e+02,-1.25e+02,1.50e+01,1.10e+01
-1.97e+02,-1.04e+02,1.00e+01,1.00e+01
-1.96e+02,-1.02e+02,1.70e+01,1.40e+01
-3.87e+02,-1.44e+02,1.20e+01,1.00e+01
