-1.99e+02,-9.63e+01,4.10e+01,2.60e+01
-2.52e+02,-7.37e+01,2.20e+01,1.50e+01
-2.18e+02,-1.14e+02,2.30e+01,1.50e+01
-2.11e+02,-1.18e+02,2.70e+01,2.10e+01
-1.96e+02,-1.09e+02,3.40e+01,2.30e+01
-1.94e+02,-9.91e+01,3.00e+01,2.10e+01
-1.94e+02,-9.04e+01,3.70e+01,2.50e+01
-1.90e+02,-1.06e+02,2.90e+01,2.10e+01
-1.97e+02,-9.58e+01,4.20e+01,2.70e+01
-2.39e+02,-6.61e+01,2.20e+01,1.50e+01
-2.27e+02,-1.20e+02,2.30e+01,1.50e+01
-1.98e+02,-8.69e+01,2.70e+01,2.10e+01
-1.95e+02,-9.57e+01,3.50e+01,2.40e+01
-1.92e+02,-9.78e+01,3.10e+01,2.30e+01
-1.89e+02,-8.89e+01,2.80e+01,2.10e+01
-1.90e+02,-9.44e+01,3.40e+01,2.30e+01
-1.93e+02,-9.83e+01,2.90e+01,2.10e+01
-1.93e+02,-8.56e+01,3.00e+01,2.10e+01
-1.92e+02,-7.93e+01,4.30e+01,2.70e+01
-2.37e+02,-6.58e+01,2.20e+01,1.50e+01
-2.28e+02,-1.14e+02,2.40e+01,1.50e+01
-1.95e+02,-9.30e+01,2.70e+01,2.10e+01
-2.38e+02,-6.02e+01,2.30e+01,1.60e+01
-1.85e+02,-9.87e+01,3.60e+01,2.50e+01
-1.85e+02,-9.47e+01,3.40e+01,2.30e+01
-1.87e+02,-9.37e+01,4.20e+01,2.70e+01
-2.00e+02,-1.03e+02,3.00e+01,2.30e+01
-1.94e+02,-8.96e+01,2.80e+01,2.10e+01
-1.93e+02,-9.65e+01,2.90e+01,2.10e+01
-1.94e+02,-9.40e+01,4.40e+01,2.80e+01
-2.36e+02,-6.73e+01,2.20e+01,1.50e+01
-2.06e+02,-8.68e+01,2.70e+01,2.10e+01
-2.41e+02,-6.52e+01,2.30e+01,1.60e+01
-1.91e+02,-9.24e+01,2.90e+01,2.20e+01
-2.09e+02,-1.05e+02,2.80e+01,2.10e+01
-1.86e+02,-9.31e+01,3.40e+01,2.30e+01
-1.99e+02,-1.05e+02,4.10e+01,2.60e+01
-2.00e+02,-9.68e+01,3.50e+01,2.30e+01
-1.81e+02,-8.77e+01,4.20e+01,2.70e+01
-1.84e+02,-8.51e+01,4.30e+01,2.70e+01
-2.39e+02,-6.18e+01,2.20e+01,1.50e+01
-1.98e+02,-1.03e+02,2.70e+01,2.10e+01
-3.29e+02,-8.27e+01,4.20e+01,2.60e+01
-1.87e+02,-9.60e+01,4.40e+01,2.80e+01
-1.95e+02,-8.39e+01,4.40e+01,2.70e+01
-1.89e+02,-9.33e+01,4.20e+01,2.70e+01
-1.94e+02,-9.93e+01,3.50e+01,2.60e+01
-2.32e+02,-1.03e+02,2.40e+01,1.60e+01
-2.44e+02,-6.16e+01,2.20e+01,1.50e+01
-2.28e+02,-9.50e+01,2.50e+01,1.60e+01
-4.45e+02,-1.70e+02,2.80e+01,2.10e+01
-2.08e+02,-1.12e+02,2.70e+01,2.10e+01
-1.87e+02,-8.42e+01,4.10e+01,2.60e+01
-2.43e+02,-6.39e+01,2.30e+01,1.60e+01
-2.41e+02,-7.10e+01,2.20e+01,1.50e+01
-3.29e+02,-1.82e+02,2.80e+01,2.20e+01
-3.84e+02,-1.46e+02,2.90e+01,2.10e+01
-2.20e+02,-9.66e+01,2.30e+01,1.50e+01
-2.40e+02,-6.64e+01,2.20e+01,1.50e+01
-2.16e+02,-1.21e+02,3.10e+01,2.30e+01
-3.24e+02,-5.89e+01,2.30e+01,1.50e+01
-2.07e+02,-1.00e+02,3.10e+01,2.20e+01
-2.09e+02,-9.50e+01,4.10e+01,2.60e+01
-1.86e+02,-9.39e+01,3.60e+01,2.50e+01
-1.99e+02,-9.62e+01,4.20e+01,2.70e+01
-1.87e+02,-9.82e+01,3.50e+01,2.40e+01
-1.92e+02,-9.32e+01,4.20e+01,2.70e+01
-1.97e+02,-1.01e+02,2.90e+01,2.10e+01
-3.43e+02,-1.20e+02,3.20e+01,2.30e+01
-2.34e+02,-6.79e+01,2.40e+01,1.60e+01
-4.19e+02,-1.58e+02,3.10e+01,2.10e+01
-3.09e+02,-9.04e+01,3.10e+01,2.10e+01
-3.34e+02,-1.33e+02,4.30e+01,2.80e+01
-2.46e+02,-1.03e+02,4.40e+01,2.80e+01
-2.69e+02,-1.32e+02,2.30e+01,1.50e+01
-1.85e+02,-9.29e+01,4.30e+01,2.70e+01
-1.97e+02,-9.90e+01,3.00e+01,2.30e+01
-2.07e+02,-1.17e+02,2.90e+01,2.10e+01
-1.92e+02,-9.68e+01,2.80e+01,2.10e+01
-2.43e+02,-9.80e+01,3.40e+01,2.30e+01
-1.91e+02,-1.06e+02,3.40e+01,2.30e+01
-2.72e+02,-1.26e+02,2.70e+01,2.10e+01
-1.87e+02,-1.02e+02,3.40e+01,2.30e+01
-2.06e+02,-9.06e+01,2.70e+01,2.10e+01
-2.39e+02,-6.69e+01,2.20e+01,1.50e+01
-1.94e+02,-9.66e+01,4.10e+01,2.60e+01
-2.43e+02,-7.65e+01,2.30e+01,1.60e+01
-1.95e+02,-1.10e+02,3.50e+01,2.40e+01
-2.14e+02,-1.21e+02,2.70e+01,2.10e+01
-2.07e+02,-1.11e+02,2.80e+01,2.10e+01
-2.11e+02,-1.21e+02,4.30e+01,2.70e+01
-1.90e+02,-1.06e+02,3.40e+01,2.30e+01
-3.40e+02,-9.30e+01,3.10e+01,2.10e+01
-1.93e+02,-9.58e+01,4.20e+01,2.70e+01
-1.90e+02,-1.12e+02,4.10e+01,2.60e+01
-1.91e+02,-9.85e+01,3.40e+01,2.30e+01
-3.10e+02,-1.22e+02,2.90e+01,2.20e+01
-2.15e+02,-9.80e+01,3.70e+01,2.50e+01
-1.88e+02,-1.12e+02,2.90e+01,2.10e+01
-2.12e+02,-1.15e+02,3.70e+01,2.50e+01
-2.96e+02,-9.73e+01,2.90e+01,2.10e+01
-3.79e+02,-1.71e+02,3.50e+01,2.60e+01
-2.28e+02,-1.05e+02,3.10e+01,2.20e+01
-2.55e+02,-9.57e+01,2.80e+01,2.10e+01
-1.95e+02,-9.99e+01,2.90e+01,2.10e+01
-1.84e+02,-9.69e+01,3.50e+01,2.30e+01
-3.14e+02,-6.01e+01,2.30e+01,1.60e+01
-2.14e+02,-1.09e+02,2.40e+01,1.60e+01
-2.86e+02,-1.05e+02,2.70e+01,2.10e+01
-5.00e+02,-5.00e+02,3.50e+01,2.40e+01
-1.94e+02,-9.01e+01,3.70e+01,2.50e+01
-3.80e+02,-1.04e+02,2.20e+01,1.50e+01
-4.45e+02,-1.81e+02,2.30e+01,1.50e+01
-2.01e+02,-9.95e+01,2.70e+01,2.10e+01
-3.75e+02,-6.86e+01,2.30e+01,1.50e+01
-1.90e+02,-9.20e+01,2.80e+01,2.20e+01
-1.96e+02,-1.02e+02,2.90e+01,2.10e+01
-3.11e+02,-8.75e+01,2.20e+01,1.50e+01
-1.90e+02,-1.05e+02,3.40e+01,2.30e+01
-1.85e+02,-9.68e+01,3.80e+01,2.60e+01
-3.21e+02,-9.15e+01,2.80e+01,2.10e+01
-2.71e+02,-8.67e+01,2.70e+01,2.10e+01
-2.46e+02,-7.05e+01,2.20e+01,1.50e+01
-3.11e+02,-7.10e+01,2.30e+01,1.60e+01
-1.83e+02,-8.67e+01,4.20e+01,2.70e+01
-2.38e+02,-6.81e+01,2.30e+01,1.50e+01
-1.94e+02,-9.25e+01,3.20e+01,2.30e+01
-2.30e+02,-1.15e+02,2.40e+01,1.50e+01
-2.44e+02,-7.76e+01,2.20e+01,1.50e+01
-5.00e+02,-5.00e+02,3.40e+01,2.30e+01
-1.96e+02,-1.03e+02,4.10e+01,2.60e+01
-5.00e+02,-5.00e+02,2.20e+01,1.50e+01
-2.47e+02,-1.21e+02,2.40e+01,1.50e+01
-1.98e+02,-9.40e+01,3.40e+01,2.30e+01
-2.47e+02,-1.12e+02,3.40e+01,2.30e+01
-4.19e+02,-1.77e+02,2.30e+01,1.50e+01
-3.31e+02,-8.60e+01,3.10e+01,2.10e+01
-2.10e+02,-1.11e+02,3.70e+01,2.50e+01
-3.11e+02,-1.04e+02,3.40e+01,2.30e+01
-3.58e+02,-8.40e+01,3.00e+01,2.10e+01
-1.86e+02,-1.09e+02,3.60e+01,2.50e+01
-1.95e+02,-1.08e+02,3.40e+01,2.30e+01
-3.30e+02,-9.45e+01,4.30e+01,2.70e+01
-1.93e+02,-8.54e+01,2.80e+01,2.10e+01
-1.99e+02,-1.05e+02,3.50e+01,2.30e+01
-1.86e+02,-8.29e+01,4.50e+01,2.80e+01
-2.71e+02,-7.19e+01,2.20e+01,1.50e+01
-5.00e+02,-5.00e+02,2.90e+01,2.10e+01
-2.04e+02,-9.76e+01,2.70e+01,2.10e+01
-2.00e+02,-9.76e+01,3.50e+01,2.40e+01
-1.96e+02,-9.75e+01,2.70e+01,2.10e+01
-2.01e+02,-9.46e+01,3.70e+01,2.50e+01
-1.84e+02,-1.10e+02,3.60e+01,2.40e+01
-2.34e+02,-6.74e+01,2.30e+01,1.50e+01
-2.00e+02,-8.94e+01,2.70e+01,2.10e+01
-5.00e+02,-5.00e+02,3.70e+01,2.50e+01
-2.59e+02,-1.06e+02,2.30e+01,1.50e+01
-3.07e+02,-7.74e+01,2.20e+01,1.50e+01
-1.84e+02,-8.74e+01,3.40e+01,2.30e+01
-2.71e+02,-1.23e+02,2.90e+01,2.10e+01
-1.96e+02,-1.05e+02,2.80e+01,2.20e+01
-2.66e+02,-1.17e+02,2.30e+01,1.50e+01
-2.62e+02,-1.17e+02,2.90e+01,2.10e+01
-2.65e+02,-1.24e+02,2.90e+01,2.10e+01
-1.97e+02,-9.78e+01,2.90e+01,2.20e+01
-2.50e+02,-6.79e+01,2.30e+01,1.50e+01
-2.46e+02,-6.91e+01,2.20e+01,1.50e+01
-1.87e+02,-1.04e+02,3.00e+01,2.10e+01
-3.50e+02,-1.04e+02,3.70e+01,2.50e+01
-3.05e+02,-9.22e+01,3.10e+01,2.30e+01
-1.87e+02,-9.51e+01,4.20e+01,2.70e+01
-2.38e+02,-1.13e+02,2.40e+01,1.50e+01
-1.93e+02,-8.00e+01,3.00e+01,2.10e+01
-1.92e+02,-9.01e+01,4.20e+01,2.70e+01
-2.96e+02,-8.45e+01,2.20e+01,1.50e+01
-1.97e+02,-8.86e+01,3.10e+01,2.30e+01
-1.97e+02,-9.37e+01,3.40e+01,2.30e+01
-1.80e+02,-1.00e+02,3.70e+01,2.50e+01
-1.91e+02,-8.49e+01,2.80e+01,2.10e+01
-2.59e+02,-1.04e+02,2.90e+01,2.10e+01
-2.32e+02,-6.49e+01,2.30e+01,1.60e+01
-3.29e+02,-1.50e+02,4.20e+01,2.70e+01
-2.54e+02,-9.24e+01,3.50e+01,2.30e+01
-2.01e+02,-9.36e+01,2.70e+01,2.10e+01
-1.88e+02,-8.87e+01,4.10e+01,2.60e+01
-4.12e+02,-8.28e+01,2.30e+01,1.50e+01
-2.36e+02,-6.78e+01,2.30e+01,1.50e+01
-1.90e+02,-9.42e+01,3.00e+01,2.10e+01
-1.90e+02,-9.55e+01,2.90e+01,2.10e+01
-3.90e+02,-1.82e+02,2.30e+01,1.60e+01
-2.34e+02,-6.12e+01,2.20e+01,1.50e+01
-3.51e+02,-1.11e+02,3.10e+01,2.10e+01
