-2.55e+02,-7.46e+01,2.60e+01,1.60e+01
-1.84e+02,-8.59e+01,5.30e+01,3.30e+01
-2.39e+02,-7.32e+01,4.80e+01,2.70e+01
-2.02e+02,-1.02e+02,5.20e+01,3.20e+01
-2.47e+02,-6.65e+01,5.00e+01,2.70e+01
-2.48e+02,-7.67e+01,4.90e+01,2.70e+01
-2.55e+02,-7.34e+01,2.60e+01,1.60e+01
-1.84e+02,-8.80e+01,5.50e+01,3.40e+01
-2.55e+02,-7.22e+01,4.80e+01,2.70e+01
-1.87e+02,-8.37e+01,5.20e+01,3.20e+01
-1.75e+02,-6.95e+01,5.40e+01,3.30e+01
-1.80e+02,-8.76e+01,5.30e+01,3.30e+01
-2.66e+02,-1.09e+02,2.60e+01,1.60e+01
-1.79e+02,-9.87e+01,5.60e+01,3.40e+01
-2.57e+02,-7.16e+01,2.90e+01,1.80e+01
-1.94e+02,-8.43e+01,5.20e+01,3.20e+01
-2.49e+02,-6.49e+01,4.80e+01,2.70e+01
-2.45e+02,-6.68e+01,5.00e+01,2.70e+01
-1.74e+02,-7.80e+01,5.30e+01,3.30e+01
-1.74e+02,-7.89e+01,5.50e+01,3.40e+01
-2.37e+02,-6.17e+01,4.90e+01,2.70e+01
-2.51e+02,-7.68e+01,2.60e+01,1.60e+01
-1.82e+02,-9.04e+01,5.70e+01,3.40e+01
-2.64e+02,-7.36e+01,2.80e+01,1.70e+01
-2.35e+02,-6.04e+01,4.80e+01,2.70e+01
-1.80e+02,-8.37e+01,5.20e+01,3.20e+01
-2.34e+02,-6.45e+01,5.00e+01,2.80e+01
-2.53e+02,-7.98e+01,2.70e+01,1.70e+01
-1.80e+02,-8.43e+01,5.60e+01,3.40e+01
-2.36e+02,-6.35e+01,4.90e+01,2.70e+01
-2.62e+02,-1.09e+02,2.60e+01,1.60e+01
-1.90e+02,-9.82e+01,5.90e+01,3.50e+01
-2.37e+02,-6.64e+01,4.80e+01,2.70e+01
-1.87e+02,-9.14e+01,5.20e+01,3.20e+01
-2.44e+02,-7.13e+01,5.00e+01,2.80e+01
-1.83e+02,-9.94e+01,5.80e+01,3.40e+01
-2.34e+02,-6.94e+01,4.90e+01,2.80e+01
-1.83e+02,-9.73e+01,5.50e+01,3.30e+01
-1.80e+02,-8.80e+01,5.30e+01,3.30e+01
-1.95e+02,-9.15e+01,5.40e+01,3.40e+01
-3.33e+02,-6.80e+01,4.90e+01,2.70e+01
-1.74e+02,-7.87e+01,5.40e+01,3.30e+01
-1.83e+02,-8.33e+01,5.30e+01,3.30e+01
-2.64e+02,-7.96e+01,5.00e+01,2.70e+01
-1.86e+02,-1.03e+02,5.20e+01,3.20e+01
-1.88e+02,-8.97e+01,5.30e+01,3.30e+01
-3.04e+02,-8.90e+01,5.40e+01,3.30e+01
-2.49e+02,-6.76e+01,2.70e+01,1.60e+01
-2.42e+02,-6.29e+01,4.90e+01,2.70e+01
-2.43e+02,-7.09e+01,5.00e+01,2.80e+01
-2.36e+02,-6.54e+01,5.00e+01,2.70e+01
-2.98e+02,-1.15e+02,2.60e+01,1.60e+01
-1.80e+02,-8.71e+01,5.60e+01,3.40e+01
-2.00e+02,-8.65e+01,5.20e+01,3.20e+01
-1.94e+02,-9.12e+01,5.50e+01,3.40e+01
-5.00e+02,-5.00e+02,2.60e+01,1.60e+01
-2.44e+02,-7.28e+01,5.10e+01,2.80e+01
-1.78e+02,-9.47e+01,5.20e+01,3.20e+01
-5.00e+02,-4.99e+02,2.60e+01,1.60e+01
-2.36e+02,-5.95e+01,4.80e+01,2.70e+01
-4.15e+02,-1.06e+02,2.60e+01,1.60e+01
-2.42e+02,-6.71e+01,4.90e+01,2.80e+01
-1.75e+02,-8.71e+01,5.30e+01,3.30e+01
-1.85e+02,-8.92e+01,5.30e+01,3.30e+01
-1.79e+02,-7.94e+01,5.30e+01,3.30e+01
-1.81e+02,-8.70e+01,5.20e+01,3.20e+01
-3.29e+02,-8.88e+01,5.30e+01,3.20e+01
-3.45e+02,-1.75e+02,4.80e+01,2.70e+01
-2.40e+02,-7.12e+01,5.00e+01,2.70e+01
-1.75e+02,-9.04e+01,6.10e+01,3.40e+01
-4.57e+02,-2.45e+02,5.30e+01,3.30e+01
-2.53e+02,-1.04e+02,4.80e+01,2.70e+01
-3.24e+02,-1.27e+02,2.70e+01,1.70e+01
-2.43e+02,-6.06e+01,5.00e+01,2.70e+01
-3.23e+02,-9.01e+01,2.70e+01,1.60e+01
-2.53e+02,-7.77e+01,2.60e+01,1.60e+01
-3.02e+02,-7.31e+01,2.70e+01,1.70e+01
-1.99e+02,-8.12e+01,5.30e+01,3.30e+01
-2.53e+02,-8.82e+01,2.90e+01,1.70e+01
-1.76e+02,-7.95e+01,5.50e+01,3.40e+01
-2.42e+02,-6.51e+01,4.90e+01,2.70e+01
-2.61e+02,-7.75e+01,2.70e+01,1.70e+01
-3.57e+02,-7.09e+01,4.90e+01,2.80e+01
-2.49e+02,-7.24e+01,2.60e+01,1.60e+01
-2.30e+02,-5.93e+01,5.00e+01,2.70e+01
-3.31e+02,-1.06e+02,2.60e+01,1.60e+01
-2.55e+02,-5.34e+01,4.80e+01,2.70e+01
-2.51e+02,-6.55e+01,5.20e+01,2.80e+01
-1.91e+02,-8.74e+01,5.30e+01,3.30e+01
-1.84e+02,-8.91e+01,5.30e+01,3.30e+01
-2.57e+02,-5.69e+01,5.00e+01,2.70e+01
-3.66e+02,-8.18e+01,2.60e+01,1.60e+01
-2.34e+02,-6.32e+01,4.90e+01,2.70e+01
-1.87e+02,-7.25e+01,5.50e+01,3.40e+01
-3.74e+02,-1.20e+02,2.70e+01,1.60e+01
-3.19e+02,-1.08e+02,5.10e+01,2.70e+01
-2.93e+02,-9.98e+01,2.60e+01,1.60e+01
-1.86e+02,-8.36e+01,5.20e+01,3.20e+01
-5.00e+02,-5.00e+02,5.70e+01,3.40e+01
-2.03e+02,-9.18e+01,5.20e+01,3.20e+01
-1.80e+02,-9.24e+01,5.20e+01,3.20e+01
-1.80e+02,-9.84e+01,5.60e+01,3.40e+01
-4.44e+02,-1.65e+02,2.60e+01,1.60e+01
-1.81e+02,-9.52e+01,5.50e+01,3.40e+01
-2.34e+02,-6.16e+01,5.00e+01,2.80e+01
-1.79e+02,-9.76e+01,5.70e+01,3.40e+01
-2.43e+02,-7.45e+01,5.00e+01,2.70e+01
-2.49e+02,-8.15e+01,2.60e+01,1.60e+01
-2.44e+02,-7.00e+01,5.00e+01,2.70e+01
-1.84e+02,-8.89e+01,5.20e+01,3.20e+01
-2.64e+02,-1.38e+02,5.40e+01,3.40e+01
-2.42e+02,-9.73e+01,5.60e+01,3.40e+01
-2.52e+02,-7.64e+01,2.60e+01,1.60e+01
-2.42e+02,-6.47e+01,5.00e+01,2.80e+01
-3.24e+02,-1.11e+02,5.30e+01,3.20e+01
-1.84e+02,-1.04e+02,5.20e+01,3.20e+01
-2.62e+02,-7.27e+01,4.80e+01,2.70e+01
-2.42e+02,-7.40e+01,5.00e+01,2.80e+01
-2.51e+02,-7.14e+01,2.60e+01,1.60e+01
-2.55e+02,-8.74e+01,4.90e+01,2.70e+01
-2.53e+02,-7.92e+01,2.70e+01,1.70e+01
-3.22e+02,-8.89e+01,3.00e+01,1.90e+01
-2.49e+02,-7.35e+01,4.90e+01,2.80e+01
-1.92e+02,-1.07e+02,5.40e+01,3.40e+01
-2.37e+02,-6.52e+01,4.80e+01,2.70e+01
-1.82e+02,-9.38e+01,5.30e+01,3.20e+01
-4.40e+02,-1.42e+02,5.20e+01,3.20e+01
-3.03e+02,-4.86e+01,4.80e+01,2.70e+01
-1.91e+02,-9.01e+01,5.30e+01,3.30e+01
-2.02e+02,-9.31e+01,5.30e+01,3.30e+01
-2.35e+02,-6.79e+01,5.30e+01,3.30e+01
-2.41e+02,-6.68e+01,5.00e+01,2.70e+01
-4.44e+02,-1.64e+02,5.20e+01,3.20e+01
-1.87e+02,-8.89e+01,5.30e+01,3.30e+01
-1.83e+02,-1.03e+02,5.60e+01,3.40e+01
-1.80e+02,-8.65e+01,5.30e+01,3.20e+01
-1.80e+02,-8.68e+01,5.20e+01,3.20e+01
-2.49e+02,-7.78e+01,2.60e+01,1.60e+01
-2.62e+02,-7.21e+01,2.70e+01,1.60e+01
-1.95e+02,-8.34e+01,5.30e+01,3.30e+01
-2.38e+02,-5.71e+01,5.00e+01,2.80e+01
-1.77e+02,-8.77e+01,5.70e+01,3.50e+01
-3.06e+02,-9.22e+01,5.30e+01,3.30e+01
-1.86e+02,-9.70e+01,5.40e+01,3.30e+01
-1.87e+02,-1.01e+02,5.40e+01,3.30e+01
-1.76e+02,-8.19e+01,5.20e+01,3.20e+01
-2.38e+02,-7.32e+01,5.00e+01,2.80e+01
-5.00e+02,-5.00e+02,5.90e+01,3.50e+01
-2.42e+02,-6.32e+01,5.00e+01,2.70e+01
-2.63e+02,-8.29e+01,2.60e+01,1.60e+01
-1.85e+02,-9.68e+01,5.70e+01,3.40e+01
-1.75e+02,-8.14e+01,5.60e+01,3.40e+01
-1.80e+02,-8.29e+01,5.70e+01,3.40e+01
-2.65e+02,-6.21e+01,4.90e+01,2.70e+01
-2.36e+02,-6.36e+01,4.90e+01,2.70e+01
-3.16e+02,-6.71e+01,2.70e+01,1.70e+01
-2.46e+02,-5.96e+01,4.80e+01,2.70e+01
-2.61e+02,-1.15e+02,5.50e+01,3.30e+01
-3.27e+02,-9.35e+01,5.30e+01,3.20e+01
-2.40e+02,-7.05e+01,4.90e+01,2.80e+01
-1.87e+02,-9.34e+01,5.20e+01,3.20e+01
-3.55e+02,-6.21e+01,5.00e+01,2.70e+01
-1.79e+02,-8.27e+01,5.30e+01,3.30e+01
-1.89e+02,-8.16e+01,5.50e+01,3.40e+01
-4.53e+02,-2.17e+02,2.80e+01,1.70e+01
-1.92e+02,-9.93e+01,5.20e+01,3.20e+01
-1.81e+02,-8.55e+01,5.60e+01,3.40e+01
-3.17e+02,-9.16e+01,4.80e+01,2.70e+01
-3.80e+02,-1.09e+02,5.00e+01,2.80e+01
-3.87e+02,-1.70e+02,5.40e+01,3.30e+01
-2.64e+02,-8.18e+01,2.60e+01,1.60e+01
-2.58e+02,-7.87e+01,4.80e+01,2.70e+01
-1.92e+02,-1.07e+02,5.70e+01,3.40e+01
-3.34e+02,-6.57e+01,2.70e+01,1.60e+01
-2.80e+02,-7.39e+01,2.60e+01,1.60e+01
-2.38e+02,-5.93e+01,4.80e+01,2.70e+01
-2.45e+02,-7.25e+01,5.00e+01,2.70e+01
-2.37e+02,-5.92e+01,5.10e+01,2.90e+01
-2.38e+02,-6.16e+01,4.80e+01,2.70e+01
-1.82e+02,-8.62e+01,5.40e+01,3.40e+01
-1.96e+02,-9.74e+01,5.50e+01,3.40e+01
-1.92e+02,-9.42e+01,5.20e+01,3.20e+01
-3.31e+02,-7.72e+01,2.70e+01,1.60e+01
-1.85e+02,-9.63e+01,5.30e+01,3.30e+01
-3.40e+02,-8.48e+01,4.90e+01,2.70e+01
-3.29e+02,-1.08e+02,5.00e+01,2.70e+01
-3.19e+02,-9.47e+01,2.90e+01,1.80e+01
-2.38e+02,-6.56e+01,5.00e+01,2.70e+01
-2.54e+02,-1.04e+02,5.00e+01,2.70e+01
-1.86e+02,-9.80e+01,5.20e+01,3.20e+01
-2.02e+02,-1.05e+02,5.30e+01,3.30e+01
-1.84e+02,-9.31e+01,5.40e+01,3.40e+01
