-2.41e+02,-5.41e+01,4.90e+01,2.80e+01
-1.76e+02,-8.57e+01,5.60e+01,3.40e+01
-2.33e+02,-6.07e+01,5.20e+01,3.00e+01
-2.35e+02,-7.04e+01,5.10e+01,2.90e+01
-2.55e+02,-5.72e+01,4.90e+01,2.80e+01
-1.88e+02,-9.49e+01,6.20e+01,3.50e+01
-2.36e+02,-6.38e+01,5.10e+01,3.00e+01
-1.77e+02,-8.86e+01,5.60e+01,3.40e+01
-1.84e+02,-9.28e+01,5.90e+01,3.50e+01
-2.56e+02,-6.11e+01,5.00e+01,2.80e+01
-1.98e+02,-1.02e+02,5.70e+01,3.40e+01
-2.45e+02,-5.32e+01,4.90e+01,2.80e+01
-1.91e+02,-9.30e+01,5.90e+01,3.50e+01
-1.98e+02,-9.69e+01,5.60e+01,3.40e+01
-2.48e+02,-7.31e+01,5.20e+01,3.10e+01
-2.40e+02,-6.12e+01,5.00e+01,2.90e+01
-2.44e+02,-7.54e+01,5.10e+01,2.90e+01
-2.43e+02,-5.73e+01,4.90e+01,2.80e+01
-1.84e+02,-9.88e+01,5.70e+01,3.40e+01
-2.34e+02,-6.06e+01,5.10e+01,2.90e+01
-1.79e+02,-8.81e+01,5.60e+01,3.40e+01
-2.40e+02,-5.71e+01,5.00e+01,2.90e+01
-2.46e+02,-5.97e+01,4.90e+01,2.80e+01
-1.81e+02,-8.65e+01,5.80e+01,3.50e+01
-1.84e+02,-9.45e+01,5.60e+01,3.40e+01
-2.51e+02,-7.25e+01,5.20e+01,3.00e+01
-2.35e+02,-6.38e+01,5.00e+01,2.90e+01
-2.50e+02,-7.55e+01,5.10e+01,2.90e+01
-2.40e+02,-6.25e+01,4.90e+01,2.80e+01
-1.86e+02,-9.65e+01,6.10e+01,3.50e+01
-2.48e+02,-6.82e+01,5.10e+01,2.90e+01
-1.84e+02,-9.90e+01,5.60e+01,3.40e+01
-1.85e+02,-9.34e+01,5.70e+01,3.40e+01
-2.46e+02,-6.16e+01,5.00e+01,2.90e+01
-2.38e+02,-5.82e+01,4.90e+01,2.80e+01
-1.81e+02,-9.02e+01,6.20e+01,3.50e+01
-2.42e+02,-6.49e+01,5.10e+01,3.00e+01
-1.81e+02,-8.96e+01,5.60e+01,3.40e+01
-2.00e+02,-1.10e+02,5.90e+01,3.50e+01
-2.42e+02,-6.09e+01,5.00e+01,2.90e+01
-2.38e+02,-6.80e+01,5.10e+01,2.90e+01
-4.12e+02,-1.95e+02,5.00e+01,2.80e+01
-4.48e+02,-1.92e+02,5.10e+01,2.90e+01
-2.56e+02,-9.06e+01,6.00e+01,3.60e+01
-1.82e+02,-9.71e+01,5.70e+01,3.40e+01
-2.49e+02,-6.38e+01,4.90e+01,2.80e+01
-3.15e+02,-9.66e+01,4.90e+01,2.80e+01
-2.52e+02,-5.85e+01,4.90e+01,2.80e+01
-2.54e+02,-5.69e+01,5.10e+01,3.00e+01
-1.83e+02,-9.48e+01,5.90e+01,3.60e+01
-2.44e+02,-7.09e+01,5.20e+01,3.00e+01
-1.81e+02,-9.40e+01,5.60e+01,3.40e+01
-1.85e+02,-8.76e+01,5.60e+01,3.40e+01
-2.43e+02,-7.04e+01,5.10e+01,3.00e+01
-4.47e+02,-1.82e+02,5.00e+01,2.90e+01
-2.36e+02,-7.31e+01,5.20e+01,3.00e+01
-1.81e+02,-9.74e+01,5.60e+01,3.40e+01
-1.79e+02,-9.41e+01,5.60e+01,3.40e+01
-1.82e+02,-9.30e+01,5.70e+01,3.40e+01
-3.06e+02,-6.37e+01,5.10e+01,2.90e+01
-2.43e+02,-6.15e+01,5.10e+01,2.90e+01
-2.47e+02,-7.20e+01,4.90e+01,2.80e+01
-1.88e+02,-8.45e+01,5.60e+01,3.40e+01
-1.97e+02,-8.86e+01,5.70e+01,3.40e+01
-2.94e+02,-6.22e+01,4.90e+01,2.80e+01
-3.25e+02,-1.21e+02,5.20e+01,2.90e+01
-1.81e+02,-9.81e+01,5.60e+01,3.40e+01
-5.00e+02,-5.00e+02,5.60e+01,3.40e+01
-1.94e+02,-9.95e+01,5.60e+01,3.40e+01
-1.84e+02,-8.00e+01,5.80e+01,3.50e+01
-2.50e+02,-6.64e+01,4.90e+01,2.80e+01
-1.96e+02,-9.95e+01,5.70e+01,3.40e+01
-2.42e+02,-5.63e+01,4.90e+01,2.80e+01
-2.46e+02,-6.83e+01,5.00e+01,2.90e+01
-2.34e+02,-6.25e+01,5.00e+01,2.90e+01
-2.54e+02,-6.28e+01,4.90e+01,2.80e+01
-2.57e+02,-5.95e+01,5.00e+01,2.80e+01
-1.93e+02,-1.01e+02,5.90e+01,3.50e+01
-1.89e+02,-1.14e+02,6.00e+01,3.50e+01
-1.95e+02,-1.09e+02,5.80e+01,3.50e+01
-2.40e+02,-6.07e+01,4.90e+01,2.80e+01
-2.60e+02,-6.70e+01,5.10e+01,2.90e+01
-1.74e+02,-7.14e+01,5.90e+01,3.50e+01
-1.83e+02,-8.35e+01,5.70e+01,3.40e+01
-2.54e+02,-7.25e+01,4.90e+01,2.80e+01
-2.69e+02,-6.22e+01,5.00e+01,2.80e+01
-1.80e+02,-9.61e+01,5.70e+01,3.40e+01
-2.39e+02,-7.86e+01,5.00e+01,2.90e+01
-2.40e+02,-6.18e+01,5.20e+01,3.00e+01
-3.78e+02,-1.03e+02,5.10e+01,2.90e+01
-3.85e+02,-1.68e+02,5.70e+01,3.40e+01
-1.80e+02,-9.18e+01,6.20e+01,3.60e+01
-2.50e+02,-6.41e+01,5.00e+01,2.90e+01
-2.36e+02,-5.31e+01,4.90e+01,2.80e+01
-2.42e+02,-6.01e+01,4.90e+01,2.80e+01
-2.38e+02,-6.20e+01,5.20e+01,2.90e+01
-1.86e+02,-9.34e+01,5.60e+01,3.40e+01
-1.88e+02,-9.82e+01,5.70e+01,3.40e+01
-1.81e+02,-9.14e+01,6.10e+01,3.60e+01
-2.44e+02,-7.04e+01,5.00e+01,2.80e+01
-2.54e+02,-6.09e+01,5.00e+01,2.90e+01
-1.92e+02,-9.24e+01,5.90e+01,3.50e+01
-1.73e+02,-7.98e+01,5.70e+01,3.50e+01
-2.46e+02,-6.76e+01,5.20e+01,3.00e+01
-1.77e+02,-8.84e+01,5.90e+01,3.50e+01
-1.84e+02,-9.25e+01,5.60e+01,3.40e+01
-1.87e+02,-9.28e+01,5.70e+01,3.40e+01
-1.78e+02,-9.33e+01,5.70e+01,3.40e+01
-2.40e+02,-6.41e+01,5.20e+01,3.00e+01
-2.40e+02,-5.89e+01,4.90e+01,2.80e+01
-3.32e+02,-1.27e+02,5.80e+01,3.40e+01
-3.03e+02,-8.42e+01,5.70e+01,3.40e+01
-2.50e+02,-5.62e+01,5.00e+01,2.90e+01
-2.00e+02,-9.71e+01,6.20e+01,3.50e+01
-2.41e+02,-5.35e+01,4.90e+01,2.80e+01
-1.87e+02,-9.07e+01,5.60e+01,3.40e+01
-2.71e+02,-1.27e+02,6.20e+01,3.50e+01
-1.80e+02,-8.19e+01,6.20e+01,3.50e+01
-4.50e+02,-2.00e+02,5.00e+01,2.90e+01
-1.75e+02,-7.87e+01,5.60e+01,3.40e+01
-1.75e+02,-7.35e+01,5.90e+01,3.50e+01
-2.41e+02,-5.90e+01,5.00e+01,2.80e+01
-2.44e+02,-6.96e+01,5.10e+01,2.90e+01
-1.72e+02,-8.14e+01,5.90e+01,3.50e+01
-2.38e+02,-6.98e+01,5.20e+01,3.10e+01
-2.42e+02,-6.15e+01,4.90e+01,2.80e+01
-2.36e+02,-5.68e+01,4.90e+01,2.80e+01
-3.06e+02,-9.84e+01,5.90e+01,3.50e+01
-2.39e+02,-7.85e+01,5.10e+01,2.90e+01
-1.83e+02,-9.93e+01,5.80e+01,3.50e+01
-3.20e+02,-9.53e+01,4.90e+01,2.80e+01
-2.37e+02,-6.66e+01,5.10e+01,2.90e+01
-1.83e+02,-1.01e+02,5.80e+01,3.50e+01
-1.95e+02,-9.13e+01,5.70e+01,3.50e+01
-1.87e+02,-8.16e+01,5.70e+01,3.50e+01
-1.79e+02,-9.39e+01,5.90e+01,3.50e+01
-2.41e+02,-5.78e+01,5.20e+01,2.90e+01
-2.37e+02,-7.05e+01,5.10e+01,2.90e+01
-1.87e+02,-1.07e+02,5.70e+01,3.40e+01
-2.49e+02,-6.79e+01,5.10e+01,3.00e+01
-3.04e+02,-8.22e+01,5.60e+01,3.40e+01
-3.09e+02,-8.43e+01,5.00e+01,2.90e+01
-2.35e+02,-6.69e+01,5.20e+01,3.00e+01
-2.43e+02,-7.50e+01,5.10e+01,2.90e+01
-2.39e+02,-6.62e+01,5.10e+01,2.90e+01
-2.44e+02,-5.90e+01,5.00e+01,2.80e+01
-2.31e+02,-6.16e+01,5.00e+01,2.90e+01
-2.32e+02,-5.68e+01,5.10e+01,2.90e+01
-3.80e+02,-8.65e+01,5.10e+01,3.00e+01
-3.07e+02,-8.95e+01,5.20e+01,3.00e+01
-2.38e+02,-6.93e+01,5.20e+01,3.00e+01
-3.93e+02,-1.80e+02,5.90e+01,3.50e+01
-2.44e+02,-6.43e+01,5.30e+01,3.00e+01
-2.66e+02,-1.18e+02,5.60e+01,3.40e+01
-1.87e+02,-9.56e+01,5.60e+01,3.40e+01
-2.34e+02,-6.63e+01,5.20e+01,3.00e+01
-2.35e+02,-5.41e+01,5.20e+01,2.90e+01
-2.40e+02,-6.57e+01,5.20e+01,3.00e+01
-3.09e+02,-8.25e+01,4.90e+01,2.80e+01
-1.97e+02,-1.10e+02,5.60e+01,3.40e+01
-2.41e+02,-5.78e+01,4.90e+01,2.80e+01
-2.10e+02,-1.15e+02,5.70e+01,3.40e+01
-2.41e+02,-6.47e+01,5.40e+01,3.10e+01
-2.44e+02,-5.42e+01,5.20e+01,3.00e+01
-2.56e+02,-6.18e+01,4.90e+01,2.80e+01
-2.48e+02,-6.26e+01,5.00e+01,2.90e+01
-1.95e+02,-9.02e+01,6.20e+01,3.50e+01
-2.96e+02,-9.08e+01,6.30e+01,3.50e+01
-2.47e+02,-5.70e+01,5.00e+01,2.80e+01
-1.85e+02,-1.00e+02,5.70e+01,3.40e+01
-2.44e+02,-5.75e+01,5.30e+01,3.10e+01
-2.50e+02,-5.86e+01,5.00e+01,2.90e+01
-2.42e+02,-6.28e+01,5.30e+01,3.10e+01
-1.87e+02,-8.99e+01,5.60e+01,3.40e+01
-2.46e+02,-6.69e+01,4.90e+01,2.80e+01
-2.99e+02,-1.13e+02,5.60e+01,3.40e+01
-1.88e+02,-9.54e+01,6.20e+01,3.50e+01
-2.44e+02,-6.78e+01,5.00e+01,2.90e+01
-2.32e+02,-6.27e+01,4.90e+01,2.80e+01
-2.45e+02,-7.88e+01,4.90e+01,2.80e+01
-4.63e+02,-2.82e+02,5.90e+01,3.50e+01
-3.66e+02,-6.20e+01,5.00e+01,2.90e+01
-2.41e+02,-7.93e+01,5.00e+01,2.90e+01
-3.09e+02,-7.04e+01,5.30e+01,3.10e+01
-2.42e+02,-6.88e+01,5.10e+01,2.90e+01
-2.36e+02,-5.94e+01,4.90e+01,2.80e+01
-3.81e+02,-8.24e+01,4.90e+01,2.80e+01
-1.73e+02,-7.57e+01,5.60e+01,3.40e+01
-2.49e+02,-6.44e+01,5.20e+01,3.10e+01
-2.42e+02,-7.13e+01,5.10e+01,2.90e+01
-1.91e+02,-9.83e+01,5.60e+01,3.40e+01
-2.50e+02,-5.76e+01,4.90e+01,2.80e+01
