1.05e+02,3.76e+02,4.60e+01,2.40e+01
5.31e+01,1.47e+02,4.90e+01,2.60e+01
1.04e+02,3.36e+02,4.60e+01,2.40e+01
6.46e+01,1.16e+02,5.00e+01,2.60e+01
1.38e+02,4.80e+02,4.70e+01,2.50e+01
6.26e+01,1.64e+02,4.90e+01,2.60e+01
3.85e+01,7.42e+01,4.60e+01,2.40e+01
1.74e+02,6.14e+02,5.00e+01,2.70e+01
8.42e+01,2.25e+02,4.90e+01,2.50e+01
1.17e+02,4.26e+02,4.80e+01,2.50e+01
1.37e+02,5.17e+02,4.70e+01,2.50e+01
1.26e+02,5.03e+02,4.60e+01,2.40e+01
1.07e+02,2.46e+02,5.20e+01,2.70e+01
1.15e+02,3.41e+02,4.90e+01,2.60e+01
1.23e+02,4.26e+02,4.70e+01,2.50e+01
1.67e+02,5.65e+02,5.00e+01,2.60e+01
7.33e+01,1.62e+02,5.10e+01,2.70e+01
9.46e+01,2.99e+02,4.60e+01,2.40e+01
6.90e+01,1.35e+02,5.10e+01,2.70e+01
9.66e+01,2.15e+02,4.90e+01,2.60e+01
1.34e+02,5.64e+02,5.00e+01,2.60e+01
1.20e+02,2.15e+02,4.60e+01,2.40e+01
1.24e+02,3.25e+02,5.00e+01,2.60e+01
1.59e+02,5.26e+02,4.90e+01,2.60e+01
1.12e+02,4.80e+02,4.90e+01,2.60e+01
4.13e+01,1.08e+02,4.90e+01,2.50e+01
9.47e+01,3.46e+02,5.10e+01,2.60e+01
4.98e+01,1.16e+02,4.70e+01,2.50e+01
1.24e+02,5.10e+02,4.70e+01,2.50e+01
7.60e+01,1.09e+02,4.90e+01,2.60e+01
9.82e+01,1.96e+02,4.90e+01,2.50e+01
4.93e+01,1.14e+02,4.90e+01,2.50e+01
4.29e+01,5.75e+01,5.00e+01,2.70e+01
7.95e+01,1.35e+02,4.70e+01,2.50e+01
1.35e+02,4.22e+02,4.90e+01,2.60e+01
1.29e+02,4.73e+02,5.00e+01,2.60e+01
4.54e+01,1.61e+02,4.60e+01,2.40e+01
1.01e+02,2.20e+02,4.60e+01,2.40e+01
1.23e+02,3.84e+02,4.70e+01,2.50e+01
3.90e+01,1.03e+02,4.70e+01,2.50e+01
1.33e+02,5.11e+02,4.80e+01,2.60e+01
1.47e+02,3.73e+02,4.70e+01,2.50e+01
1.18e+02,3.03e+02,4.70e+01,2.50e+01
3.11e+01,1.46e+02,4.90e+01,2.60e+01
4.18e+01,8.40e+01,4.90e+01,2.60e+01
1.35e+02,3.44e+02,4.90e+01,2.60e+01
1.30e+02,4.11e+02,4.70e+01,2.50e+01
5.47e+01,1.45e+02,5.00e+01,2.70e+01
1.45e+02,3.39e+02,4.70e+01,2.50e+01
8.18e+01,3.17e+02,5.00e+01,2.60e+01
7.78e+01,1.60e+02,4.70e+01,2.50e+01
6.94e+01,1.39e+02,5.00e+01,2.60e+01
1.20e+02,4.07e+02,4.60e+01,2.40e+01
1.10e+02,3.36e+02,4.90e+01,2.50e+01
6.58e+01,1.22e+02,5.00e+01,2.70e+01
1.74e+02,6.00e+02,4.90e+01,2.60e+01
1.00e+02,4.22e+02,4.60e+01,2.40e+01
6.31e+01,1.63e+02,4.60e+01,2.40e+01
1.30e+02,3.81e+02,4.90e+01,2.60e+01
1.18e+02,3.31e+02,4.70e+01,2.50e+01
1.06e+02,2.55e+02,5.10e+01,2.60e+01
2.22e+02,5.27e+02,5.00e+01,2.60e+01
1.45e+02,4.72e+02,5.00e+01,2.70e+01
7.20e+01,1.61e+02,4.90e+01,2.60e+01
1.44e+02,5.71e+02,4.70e+01,2.50e+01
3.99e+01,8.99e+01,5.00e+01,2.60e+01
9.48e+01,1.34e+02,4.60e+01,2.40e+01
1.17e+02,5.31e+02,4.90e+01,2.50e+01
1.13e+02,2.83e+02,5.00e+01,2.70e+01
8.44e+01,2.75e+02,4.70e+01,2.50e+01
1.56e+02,5.71e+02,4.70e+01,2.50e+01
7.11e+01,1.46e+02,4.60e+01,2.40e+01
7.48e+01,2.91e+02,4.60e+01,2.40e+01
9.91e+01,2.52e+02,4.70e+01,2.50e+01
8.51e+01,4.24e+02,5.00e+01,2.70e+01
7.52e+01,1.77e+02,4.90e+01,2.60e+01
7.79e+01,1.44e+02,4.60e+01,2.40e+01
3.51e+01,6.65e+01,5.00e+01,2.70e+01
4.72e+01,6.35e+01,4.70e+01,2.50e+01
9.49e+01,3.44e+02,5.00e+01,2.60e+01
1.27e+02,5.49e+02,5.00e+01,2.70e+01
2.23e+01,6.36e+01,5.10e+01,2.70e+01
1.06e+02,4.56e+02,4.60e+01,2.40e+01
6.94e+01,1.58e+02,5.00e+01,2.70e+01
4.29e+01,7.82e+01,4.70e+01,2.50e+01
1.16e+02,4.39e+02,5.00e+01,2.70e+01
8.92e+01,2.07e+02,5.00e+01,2.70e+01
1.41e+02,5.13e+02,4.60e+01,2.40e+01
7.11e+01,1.44e+02,4.60e+01,2.40e+01
9.50e+01,1.60e+02,4.60e+01,2.40e+01
7.15e+01,1.67e+02,4.90e+01,2.60e+01
9.37e+01,3.63e+02,5.00e+01,2.70e+01
1.06e+02,2.80e+02,4.60e+01,2.40e+01
8.25e+01,1.56e+02,5.00e+01,2.60e+01
9.49e+01,2.77e+02,4.80e+01,2.50e+01
1.70e+01,9.71e+01,4.60e+01,2.40e+01
4.89e+01,8.73e+01,4.70e+01,2.50e+01
9.93e+01,3.27e+02,4.90e+01,2.60e+01
5.93e+01,9.21e+01,4.60e+01,2.40e+01
2.51e+01,8.56e+01,4.60e+01,2.40e+01
4.34e+01,8.84e+01,5.00e+01,2.70e+01
5.27e+01,9.45e+01,5.00e+01,2.70e+01
9.08e+01,3.42e+02,4.60e+01,2.40e+01
1.05e+02,2.16e+02,4.90e+01,2.60e+01
1.40e+02,5.29e+02,5.10e+01,2.60e+01
5.24e+01,9.83e+01,4.70e+01,2.40e+01
7.07e+01,1.30e+02,4.80e+01,2.50e+01
3.95e+01,8.53e+01,5.10e+01,2.70e+01
4.68e+01,1.02e+02,4.60e+01,2.40e+01
1.69e+02,4.02e+02,4.60e+01,2.40e+01
1.61e+02,5.32e+02,5.10e+01,2.70e+01
1.02e+02,2.59e+02,4.70e+01,2.50e+01
6.19e+01,1.35e+02,4.90e+01,2.50e+01
1.18e+02,4.32e+02,5.00e+01,2.60e+01
6.01e+01,1.71e+02,4.60e+01,2.40e+01
1.02e+02,2.17e+02,5.10e+01,2.60e+01
1.41e+02,5.00e+02,4.90e+01,2.60e+01
5.42e+01,1.45e+02,5.00e+01,2.70e+01
5.04e+01,1.09e+02,4.70e+01,2.50e+01
3.49e+01,8.08e+01,4.90e+01,2.60e+01
1.63e+02,5.65e+02,5.10e+01,2.70e+01
9.73e+01,1.89e+02,4.60e+01,2.40e+01
8.93e+01,2.75e+02,5.00e+01,2.70e+01
1.52e+02,6.41e+02,5.30e+01,2.70e+01
7.41e+01,1.64e+02,4.60e+01,2.40e+01
1.56e+02,6.07e+02,4.70e+01,2.50e+01
7.89e+01,2.40e+02,4.70e+01,2.50e+01
5.91e+01,1.62e+02,4.60e+01,2.40e+01
