1.19e+02,2.23e+02,5.30e+01,3.10e+01
1.19e+02,2.23e+02,5.50e+01,3.20e+01
1.19e+02,2.23e+02,5.40e+01,3.20e+01
1.19e+02,2.23e+02,5.30e+01,3.10e+01
1.19e+02,2.23e+02,5.50e+01,3.10e+01
1.19e+02,2.23e+02,5.30e+01,3.10e+01
1.19e+02,2.23e+02,5.40e+01,3.10e+01
1.19e+02,2.23e+02,5.40e+01,3.10e+01
1.19e+02,2.23e+02,5.30e+01,3.10e+01
1.19e+02,2.23e+02,5.40e+01,3.10e+01
1.19e+02,2.23e+02,5.50e+01,3.10e+01
1.19e+02,2.23e+02,5.50e+01,3.20e+01
1.19e+02,2.23e+02,5.40e+01,3.10e+01
1.19e+02,2.23e+02,5.40e+01,3.10e+01
1.19e+02,2.23e+02,5.40e+01,3.10e+01
1.19e+02,2.23e+02,5.30e+01,3.10e+01
1.19e+02,2.23e+02,5.50e+01,3.10e+01
1.19e+02,2.23e+02,5.40e+01,3.20e+01
1.19e+02,2.23e+02,5.40e+01,3.10e+01
1.19e+02,2.23e+02,5.40e+01,3.10e+01
1.19e+02,2.23e+02,5.50e+01,3.20e+01
1.19e+02,2.23e+02,5.30e+01,3.10e+01
1.10e+02,2.23e+02,5.30e+01,3.10e+01
8.99e+01,2.23e+02,5.40e+01,3.10e+01
3.53e+01,6.64e+01,5.50e+01,3.20e+01
1.19e+02,2.23e+02,5.40e+01,3.20e+01
1.19e+02,2.23e+02,5.50e+01,3.20e+01
1.19e+02,2.23e+02,5.50e+01,3.10e+01
1.03e+02,2.23e+02,5.50e+01,3.10e+01
1.03e+02,2.23e+02,5.30e+01,3.10e+01
1.19e+02,2.23e+02,5.40e+01,3.20e+01
1.19e+02,2.23e+02,5.50e+01,3.20e+01
1.18e+02,2.23e+02,5.40e+01,3.10e+01
1.19e+02,2.23e+02,5.50e+01,3.20e+01
1.07e+02,2.23e+02,5.40e+01,3.10e+01
1.10e+02,2.23e+02,5.40e+01,3.10e+01
1.19e+02,2.23e+02,5.60e+01,3.20e+01
1.10e+02,2.23e+02,5.50e+01,3.10e+01
1.03e+02,2.23e+02,5.30e+01,3.10e+01
1.07e+02,2.23e+02,5.50e+01,3.20e+01
1.13e+02,2.23e+02,5.50e+01,3.20e+01
1.19e+02,2.23e+02,5.40e+01,3.10e+01
1.13e+02,2.23e+02,5.30e+01,3.10e+01
1.19e+02,2.23e+02,5.30e+01,3.10e+01
1.19e+02,2.23e+02,5.30e+01,3.10e+01
8.23e+01,1.90e+02,5.30e+01,3.10e+01
1.18e+02,2.23e+02,5.40e+01,3.10e+01
1.19e+02,2.23e+02,5.60e+01,3.20e+01
1.19e+02,2.23e+02,5.40e+01,3.10e+01
1.19e+02,2.23e+02,5.30e+01,3.10e+01
1.19e+02,2.23e+02,5.60e+01,3.20e+01
1.15e+02,2.23e+02,5.60e+01,3.20e+01
1.18e+02,2.23e+02,5.50e+01,3.10e+01
1.19e+02,2.23e+02,5.50e+01,3.20e+01
1.19e+02,2.23e+02,5.40e+01,3.10e+01
1.19e+02,2.23e+02,5.50e+01,3.30e+01
1.19e+02,2.23e+02,5.60e+01,3.20e+01
1.19e+02,2.23e+02,5.60e+01,3.20e+01
1.19e+02,2.23e+02,5.40e+01,3.10e+01
1.12e+02,2.23e+02,5.50e+01,3.20e+01
9.06e+01,1.84e+02,5.50e+01,3.10e+01
1.01e+02,2.23e+02,5.50e+01,3.20e+01
1.01e+02,2.23e+02,5.50e+01,3.20e+01
1.19e+02,2.23e+02,5.30e+01,3.10e+01
1.14e+02,2.23e+02,5.60e+01,3.20e+01
1.19e+02,2.23e+02,5.50e+01,3.10e+01
9.69e+01,1.90e+02,5.50e+01,3.10e+01
1.19e+02,2.23e+02,5.60e+01,3.20e+01
1.19e+02,2.23e+02,5.40e+01,3.10e+01
1.19e+02,2.23e+02,5.30e+01,3.10e+01
1.19e+02,2.23e+02,5.30e+01,3.10e+01
1.19e+02,2.23e+02,5.40e+01,3.10e+01
1.09e+02,2.23e+02,5.40e+01,3.20e+01
9.34e+01,2.23e+02,5.40e+01,3.10e+01
1.19e+02,2.23e+02,5.50e+01,3.20e+01
1.19e+02,2.23e+02,5.40e+01,3.10e+01
1.14e+02,2.23e+02,5.40e+01,3.10e+01
1.19e+02,2.23e+02,5.30e+01,3.10e+01
1.19e+02,2.23e+02,5.60e+01,3.20e+01
1.19e+02,2.23e+02,5.30e+01,3.10e+01
1.19e+02,2.23e+02,5.30e+01,3.10e+01
1.19e+02,2.23e+02,5.40e+01,3.20e+01
1.19e+02,2.23e+02,5.50e+01,3.10e+01
1.19e+02,2.23e+02,5.30e+01,3.10e+01
1.19e+02,2.23e+02,5.40e+01,3.10e+01
9.12e+01,2.23e+02,5.50e+01,3.20e+01
1.18e+02,2.23e+02,5.40e+01,3.10e+01
1.07e+02,2.23e+02,5.40e+01,3.10e+01
1.03e+02,2.23e+02,5.40e+01,3.20e+01
1.03e+02,2.23e+02,5.30e+01,3.10e+01
1.02e+02,2.23e+02,5.40e+01,3.10e+01
1.19e+02,2.23e+02,5.40e+01,3.20e+01
1.01e+02,2.23e+02,5.30e+01,3.10e+01
1.19e+02,2.23e+02,5.30e+01,3.10e+01
1.19e+02,2.23e+02,5.40e+01,3.20e+01
1.03e+02,2.23e+02,5.30e+01,3.10e+01
1.19e+02,2.23e+02,5.50e+01,3.20e+01
1.14e+02,2.23e+02,5.30e+01,3.10e+01
7.79e+01,1.90e+02,5.30e+01,3.10e+01
1.19e+02,2.23e+02,5.40e+01,3.10e+01
1.15e+02,2.23e+02,5.50e+01,3.20e+01
1.19e+02,2.23e+02,5.50e+01,3.20e+01
1.19e+02,2.23e+02,5.40e+01,3.10e+01
1.19e+02,2.23e+02,5.40e+01,3.10e+01
1.19e+02,2.23e+02,5.40e+01,3.10e+01
1.19e+02,2.23e+02,5.60e+01,3.10e+01
1.14e+02,2.23e+02,5.60e+01,3.10e+01
1.19e+02,2.23e+02,5.50e+01,3.30e+01
1.18e+02,2.23e+02,5.30e+01,3.10e+01
1.19e+02,2.23e+02,5.50e+01,3.20e+01
8.28e+01,1.45e+02,5.30e+01,3.10e+01
1.19e+02,2.23e+02,5.60e+01,3.20e+01
1.18e+02,2.23e+02,5.30e+01,3.10e+01
1.19e+02,2.23e+02,5.60e+01,3.20e+01
1.19e+02,2.23e+02,5.30e+01,3.10e+01
1.19e+02,2.23e+02,5.40e+01,3.20e+01
1.19e+02,2.23e+02,5.50e+01,3.10e+01
1.12e+02,2.23e+02,5.40e+01,3.20e+01
1.19e+02,2.23e+02,5.30e+01,3.10e+01
1.17e+02,2.23e+02,5.50e+01,3.10e+01
8.70e+01,2.23e+02,5.30e+01,3.10e+01
1.12e+02,2.23e+02,5.40e+01,3.20e+01
1.19e+02,2.23e+02,5.30e+01,3.10e+01
9.06e+01,1.84e+02,5.30e+01,3.10e+01
8.07e+01,2.23e+02,5.30e+01,3.10e+01
1.07e+02,2.23e+02,5.50e+01,3.10e+01
1.19e+02,2.23e+02,5.30e+01,3.10e+01
1.12e+02,2.23e+02,5.30e+01,3.10e+01
