1.20e+02,2.23e+02,9.00e+01,3.90e+01
1.20e+02,2.23e+02,9.10e+01,3.90e+01
1.20e+02,2.23e+02,9.00e+01,3.90e+01
1.20e+02,2.23e+02,9.20e+01,3.90e+01
1.20e+02,2.23e+02,9.20e+01,4.00e+01
1.20e+02,2.23e+02,9.10e+01,3.90e+01
1.20e+02,2.23e+02,9.00e+01,3.90e+01
1.20e+02,2.23e+02,9.00e+01,3.90e+01
1.20e+02,2.23e+02,9.10e+01,3.90e+01
1.20e+02,2.23e+02,9.00e+01,3.90e+01
1.20e+02,2.23e+02,9.10e+01,3.90e+01
1.20e+02,2.23e+02,9.10e+01,3.90e+01
1.20e+02,2.23e+02,9.10e+01,4.00e+01
1.20e+02,2.23e+02,9.20e+01,4.00e+01
1.20e+02,2.23e+02,9.00e+01,3.90e+01
1.20e+02,2.23e+02,9.00e+01,3.90e+01
1.20e+02,2.23e+02,9.20e+01,3.90e+01
1.20e+02,2.23e+02,9.10e+01,3.90e+01
1.20e+02,2.23e+02,9.20e+01,4.00e+01
1.20e+02,2.23e+02,9.20e+01,4.00e+01
1.20e+02,2.23e+02,9.30e+01,4.10e+01
1.07e+02,2.23e+02,9.20e+01,3.90e+01
1.20e+02,2.23e+02,9.00e+01,3.90e+01
1.12e+02,2.23e+02,9.00e+01,3.90e+01
1.20e+02,2.23e+02,9.30e+01,3.90e+01
1.20e+02,2.23e+02,9.10e+01,3.90e+01
1.12e+02,2.23e+02,9.20e+01,3.90e+01
1.20e+02,2.23e+02,9.10e+01,4.00e+01
1.18e+02,2.23e+02,9.20e+01,4.00e+01
1.20e+02,2.23e+02,9.10e+01,3.90e+01
1.20e+02,2.23e+02,9.10e+01,4.00e+01
1.20e+02,2.23e+02,9.10e+01,3.90e+01
1.10e+02,2.23e+02,9.10e+01,3.90e+01
8.00e+01,1.92e+02,9.00e+01,3.90e+01
1.20e+02,2.23e+02,9.20e+01,3.90e+01
1.20e+02,2.23e+02,9.10e+01,3.90e+01
1.20e+02,2.23e+02,9.20e+01,4.00e+01
1.20e+02,2.23e+02,9.00e+01,3.90e+01
1.10e+02,2.23e+02,9.00e+01,3.90e+01
1.20e+02,2.23e+02,9.10e+01,3.90e+01
1.13e+02,2.23e+02,9.10e+01,3.90e+01
1.20e+02,2.23e+02,9.00e+01,3.90e+01
1.20e+02,2.23e+02,9.10e+01,3.90e+01
1.20e+02,2.23e+02,9.00e+01,3.90e+01
1.18e+02,2.23e+02,9.00e+01,3.90e+01
1.18e+02,2.23e+02,9.20e+01,4.00e+01
8.27e+01,1.92e+02,9.20e+01,4.00e+01
1.12e+02,2.23e+02,9.00e+01,3.90e+01
1.20e+02,2.23e+02,9.10e+01,4.00e+01
1.20e+02,2.23e+02,9.20e+01,3.90e+01
1.20e+02,2.23e+02,9.00e+01,3.90e+01
1.16e+02,2.23e+02,9.00e+01,3.90e+01
1.20e+02,2.23e+02,9.10e+01,3.90e+01
1.20e+02,2.23e+02,9.10e+01,3.90e+01
1.20e+02,2.23e+02,9.20e+01,3.90e+01
1.20e+02,2.23e+02,9.10e+01,3.90e+01
1.20e+02,2.23e+02,9.20e+01,4.00e+01
1.10e+02,2.23e+02,9.00e+01,3.90e+01
1.20e+02,2.23e+02,9.30e+01,4.00e+01
1.12e+02,2.23e+02,9.10e+01,3.90e+01
1.20e+02,2.23e+02,9.10e+01,4.00e+01
1.20e+02,2.23e+02,9.10e+01,3.90e+01
1.18e+02,2.23e+02,9.20e+01,4.10e+01
1.20e+02,2.23e+02,9.00e+01,3.90e+01
1.07e+02,2.23e+02,9.00e+01,3.90e+01
1.03e+02,2.23e+02,9.00e+01,3.90e+01
1.20e+02,2.23e+02,9.10e+01,4.00e+01
1.20e+02,2.23e+02,9.10e+01,3.90e+01
1.20e+02,2.23e+02,9.30e+01,4.00e+01
1.20e+02,2.23e+02,9.10e+01,3.90e+01
1.20e+02,2.23e+02,9.20e+01,4.00e+01
1.19e+02,2.23e+02,9.00e+01,3.90e+01
1.20e+02,2.23e+02,9.00e+01,3.90e+01
1.13e+02,2.23e+02,9.10e+01,3.90e+01
1.20e+02,2.23e+02,9.20e+01,4.00e+01
9.08e+01,2.23e+02,9.00e+01,3.90e+01
1.20e+02,2.23e+02,9.10e+01,3.90e+01
1.06e+02,2.23e+02,9.00e+01,3.90e+01
1.14e+02,2.23e+02,9.10e+01,3.90e+01
1.20e+02,2.23e+02,9.10e+01,3.90e+01
1.20e+02,2.23e+02,9.30e+01,4.00e+01
4.93e+01,9.09e+01,9.00e+01,3.90e+01
1.18e+02,2.23e+02,9.40e+01,4.10e+01
1.20e+02,2.23e+02,9.30e+01,4.00e+01
1.13e+02,2.23e+02,9.00e+01,3.90e+01
1.20e+02,2.23e+02,9.10e+01,3.90e+01
1.20e+02,2.23e+02,9.30e+01,4.00e+01
1.08e+02,2.23e+02,9.00e+01,3.90e+01
8.27e+01,1.92e+02,9.00e+01,3.90e+01
3.53e+01,6.64e+01,9.10e+01,3.90e+01
1.02e+02,2.23e+02,9.20e+01,3.90e+01
1.20e+02,2.23e+02,9.00e+01,3.90e+01
1.20e+02,2.23e+02,9.00e+01,3.90e+01
1.12e+02,2.23e+02,9.30e+01,3.90e+01
1.18e+02,2.23e+02,9.20e+01,4.00e+01
1.12e+02,2.23e+02,9.20e+01,4.00e+01
1.20e+02,2.23e+02,9.10e+01,3.90e+01
1.20e+02,2.23e+02,9.00e+01,3.90e+01
1.20e+02,2.23e+02,9.10e+01,3.90e+01
1.17e+02,2.23e+02,9.20e+01,3.90e+01
1.20e+02,2.23e+02,9.20e+01,3.90e+01
9.73e+01,1.92e+02,9.10e+01,3.90e+01
1.17e+02,2.23e+02,9.00e+01,3.90e+01
1.20e+02,2.23e+02,9.00e+01,3.90e+01
1.20e+02,2.23e+02,9.20e+01,3.90e+01
1.17e+02,2.23e+02,9.20e+01,4.00e+01
1.20e+02,2.23e+02,9.10e+01,3.90e+01
1.01e+02,2.23e+02,9.10e+01,4.00e+01
1.20e+02,2.23e+02,9.10e+01,3.90e+01
1.20e+02,2.23e+02,9.30e+01,3.90e+01
1.20e+02,2.23e+02,9.00e+01,3.90e+01
1.20e+02,2.23e+02,9.10e+01,3.90e+01
1.12e+02,2.23e+02,9.00e+01,3.90e+01
1.18e+02,2.23e+02,9.00e+01,3.90e+01
8.27e+01,1.92e+02,9.10e+01,4.00e+01
1.20e+02,2.23e+02,9.10e+01,3.90e+01
1.20e+02,2.23e+02,9.10e+01,3.90e+01
1.20e+02,2.23e+02,9.00e+01,3.90e+01
1.16e+02,2.23e+02,9.00e+01,3.90e+01
5.70e+01,9.84e+01,9.00e+01,3.90e+01
1.20e+02,2.23e+02,9.10e+01,3.90e+01
1.20e+02,2.23e+02,9.00e+01,3.90e+01
1.16e+02,2.23e+02,9.10e+01,3.90e+01
1.04e+02,2.23e+02,9.10e+01,3.90e+01
1.02e+02,2.23e+02,9.10e+01,3.90e+01
1.20e+02,2.23e+02,9.20e+01,3.90e+01
1.20e+02,2.23e+02,9.00e+01,3.90e+01
1.20e+02,2.23e+02,9.20e+01,4.00e+01
