-4.98e+01,3.52e+01,9.00e+00,1.20e+01
-2.20e+01,8.50e+01,1.20e+01,1.20e+01
-4.48e+01,6.96e+01,1.50e+01,1.20e+01
-3.45e+01,3.46e+01,1.80e+01,1.20e+01
-2.24e+01,5.99e+01,1.20e+01,1.20e+01
-4.15e+01,6.47e+01,1.00e+01,1.20e+01
-5.88e+01,1.66e+01,1.40e+01,1.20e+01
-5.99e+01,1.44e+00,9.00e+00,1.20e+01
-3.17e+01,3.85e+01,1.30e+01,1.20e+01
-2.78e+01,9.61e+01,1.00e+01,1.20e+01
-4.54e+01,6.53e+01,1.30e+01,1.20e+01
-2.63e+00,1.84e+02,1.30e+01,1.20e+01
-4.11e+01,3.50e+01,1.10e+01,1.20e+01
-4.67e+01,5.87e+01,1.40e+01,1.20e+01
-4.02e+01,3.44e+01,1.40e+01,1.20e+01
-2.74e+01,3.78e+01,1.20e+01,1.20e+01
-5.53e+00,9.29e+01,1.50e+01,1.20e+01
-3.28e+01,3.46e+01,1.40e+01,1.20e+01
-3.57e+01,3.55e+01,1.10e+01,1.20e+01
-5.10e+01,3.48e+01,1.50e+01,1.20e+01
-1.78e+01,7.51e+01,1.30e+01,1.20e+01
-4.41e+01,4.93e+01,1.20e+01,1.20e+01
-5.03e+01,3.55e+01,8.00e+00,1.20e+01
-3.85e+01,3.52e+01,1.10e+01,1.20e+01
-5.05e+01,3.44e+01,1.30e+01,1.20e+01
-3.54e+01,3.46e+01,1.30e+01,1.20e+01
-3.84e+01,3.73e+01,1.20e+01,1.20e+01
-3.14e+01,3.56e+01,1.50e+01,1.20e+01
-3.78e+01,3.46e+01,1.20e+01,1.20e+01
-4.50e+01,6.89e+01,1.00e+01,1.20e+01
-3.36e+01,7.75e+01,8.00e+00,1.20e+01
-4.97e+01,3.48e+01,1.40e+01,1.20e+01
-4.63e+01,6.09e+01,1.30e+01,1.20e+01
-8.32e+00,8.62e+01,1.30e+01,1.20e+01
-6.21e+00,9.00e+01,1.60e+01,1.20e+01
3.80e+00,1.32e+02,1.30e+01,1.20e+01
-4.96e+01,3.44e+01,1.40e+01,1.20e+01
-4.34e+01,7.43e+01,1.50e+01,1.20e+01
-4.95e+01,3.50e+01,1.20e+01,1.20e+01
-5.07e+01,3.52e+01,1.10e+01,1.20e+01
-5.96e+01,1.36e+01,8.00e+00,1.20e+01
-6.86e+01,-1.63e+01,1.00e+01,1.20e+01
-2.65e+01,3.79e+01,1.60e+01,1.20e+01
-5.04e+01,3.51e+01,1.40e+01,1.20e+01
-5.37e+01,4.84e+01,1.00e+01,1.20e+01
-3.44e+00,1.08e+02,1.00e+01,1.20e+01
-1.68e+01,8.85e+01,1.20e+01,1.20e+01
-4.91e+01,3.45e+01,1.20e+01,1.20e+01
-4.47e+01,6.97e+01,1.30e+01,1.20e+01
-4.48e+01,6.91e+01,1.10e+01,1.20e+01
-5.99e+01,1.21e+00,1.00e+01,1.20e+01
-5.03e+01,3.45e+01,1.40e+01,1.20e+01
-8.12e+00,8.57e+01,1.50e+01,1.20e+01
-8.15e+00,1.15e+02,1.20e+01,1.20e+01
-2.85e+01,4.45e+01,1.30e+01,1.20e+01
-3.03e+01,8.20e+01,1.00e+01,1.20e+01
-5.04e+01,3.52e+01,1.10e+01,1.20e+01
-4.16e+00,1.03e+02,1.10e+01,1.20e+01
-4.96e+01,3.52e+01,1.20e+01,1.20e+01
-4.62e+01,6.06e+01,1.40e+01,1.20e+01
-4.23e+01,6.58e+01,8.00e+00,1.20e+01
-3.06e+01,3.42e+01,1.40e+01,1.20e+01
-5.06e+01,3.50e+01,1.50e+01,1.20e+01
-4.97e+01,3.82e+01,1.40e+01,1.20e+01
-4.95e+01,3.49e+01,1.30e+01,1.20e+01
-5.05e+01,3.44e+01,1.20e+01,1.20e+01
7.52e+00,1.82e+02,1.20e+01,1.20e+01
-1.18e+01,1.34e+02,1.30e+01,1.20e+01
-3.81e+01,3.46e+01,1.60e+01,1.20e+01
-4.79e+01,4.10e+01,1.20e+01,1.20e+01
-4.45e+01,7.10e+01,1.30e+01,1.20e+01
-4.02e+01,5.44e+01,1.10e+01,1.20e+01
-3.61e+01,3.44e+01,1.50e+01,1.20e+01
-2.96e+01,4.79e+01,1.30e+01,1.20e+01
-1.44e+01,1.00e+02,1.40e+01,1.20e+01
-1.29e+01,9.82e+01,1.30e+01,1.20e+01
-5.94e+01,3.30e+00,1.30e+01,1.20e+01
-2.20e+00,1.07e+02,1.60e+01,1.20e+01
-4.47e+01,4.89e+01,1.10e+01,1.20e+01
-5.03e+01,3.52e+01,8.00e+00,1.20e+01
-4.24e+01,3.37e+01,1.50e+01,1.20e+01
-5.87e+01,1.90e+01,1.00e+01,1.20e+01
-1.14e+01,9.49e+01,1.40e+01,1.20e+01
-3.71e+01,2.90e+01,1.10e+01,1.20e+01
-5.43e+01,2.60e+01,1.10e+01,1.20e+01
-5.53e+01,2.35e+01,1.20e+01,1.20e+01
-2.69e+01,3.44e+01,1.20e+01,1.20e+01
-3.41e+01,3.48e+01,1.40e+01,1.20e+01
-5.19e+01,4.37e+01,1.00e+01,1.20e+01
1.43e+00,1.18e+02,1.10e+01,1.20e+01
-3.45e+01,7.65e+01,9.00e+00,1.20e+01
-2.86e+01,3.44e+01,1.70e+01,1.20e+01
-4.98e+01,3.46e+01,1.30e+01,1.20e+01
-3.89e+01,3.37e+01,1.20e+01,1.20e+01
-3.09e+01,3.46e+01,1.30e+01,1.20e+01
-1.46e+01,9.57e+01,1.20e+01,1.20e+01
-1.82e+01,9.56e+01,1.20e+01,1.20e+01
-3.81e+01,8.45e+01,1.10e+01,1.20e+01
4.12e+00,1.33e+02,1.20e+01,1.20e+01
-1.21e+01,9.34e+01,1.20e+01,1.20e+01
-6.02e+01,2.31e+00,1.40e+01,1.20e+01
-4.76e+01,4.09e+01,1.00e+01,1.20e+01
-6.11e+01,2.19e+01,1.10e+01,1.20e+01
-5.73e+01,2.58e+01,1.00e+01,1.20e+01
-2.05e+01,1.23e+02,1.20e+01,1.20e+01
-6.12e+01,2.36e+00,1.00e+01,1.20e+01
-9.47e+00,1.21e+02,1.40e+01,1.20e+01
-4.88e+01,3.69e+01,1.10e+01,1.20e+01
-4.87e+01,3.70e+01,1.30e+01,1.20e+01
-7.74e+00,8.46e+01,1.50e+01,1.20e+01
-4.98e+01,3.51e+01,1.40e+01,1.20e+01
-4.21e+01,3.55e+01,1.10e+01,1.20e+01
-1.68e+01,6.48e+01,1.50e+01,1.20e+01
-4.25e+01,5.61e+01,1.50e+01,1.20e+01
-3.84e+01,8.22e+01,1.30e+01,1.20e+01
-2.71e+01,3.50e+01,1.30e+01,1.20e+01
-7.46e+00,9.26e+01,1.50e+01,1.20e+01
-4.24e+01,3.51e+01,1.60e+01,1.20e+01
-7.26e+00,1.01e+02,1.30e+01,1.20e+01
-6.13e+00,9.86e+01,1.50e+01,1.20e+01
-5.31e+00,1.03e+02,1.30e+01,1.20e+01
-3.63e+01,8.17e+01,1.20e+01,1.20e+01
-4.35e+01,7.60e+01,1.10e+01,1.20e+01
-4.96e+01,3.45e+01,1.30e+01,1.20e+01
-1.68e+01,6.13e+01,1.30e+01,1.20e+01
-2.50e+01,5.83e+01,1.10e+01,1.20e+01
-1.17e+01,9.39e+01,1.60e+01,1.20e+01
-1.78e+01,1.25e+02,1.40e+01,1.20e+01
