1.31e+02,2.72e+02,8.00e+00,1.30e+01
1.63e+02,4.01e+02,8.00e+00,1.30e+01
1.61e+02,3.87e+02,9.00e+00,1.30e+01
1.54e+02,4.21e+02,1.00e+01,1.30e+01
1.15e+02,2.69e+02,8.00e+00,1.30e+01
1.55e+02,3.69e+02,3.00e+00,1.20e+01
1.20e+02,2.44e+02,8.00e+00,1.30e+01
8.45e+01,2.23e+02,1.00e+01,1.30e+01
7.52e+01,1.87e+02,9.00e+00,1.30e+01
1.24e+02,2.04e+02,3.00e+00,1.20e+01
1.56e+02,3.95e+02,9.00e+00,1.30e+01
1.10e+02,2.46e+02,3.00e+00,1.20e+01
1.53e+02,4.55e+02,3.00e+00,1.20e+01
1.19e+02,3.61e+02,9.00e+00,1.30e+01
1.37e+02,3.24e+02,9.00e+00,1.30e+01
1.81e+02,4.96e+02,8.00e+00,1.30e+01
1.55e+02,2.82e+02,8.00e+00,1.30e+01
9.91e+01,1.73e+02,4.00e+00,1.20e+01
1.01e+02,2.48e+02,7.00e+00,1.30e+01
1.70e+02,4.53e+02,8.00e+00,1.30e+01
7.27e+01,1.77e+02,9.00e+00,1.30e+01
-3.16e+01,0.00e+00,4.00e+00,1.30e+01
1.33e+02,2.78e+02,9.00e+00,1.30e+01
1.96e+02,3.74e+02,9.00e+00,1.30e+01
1.11e+02,2.73e+02,3.00e+00,1.20e+01
1.44e+02,4.46e+02,3.00e+00,1.20e+01
1.41e+02,2.94e+02,8.00e+00,1.30e+01
1.06e+02,2.38e+02,8.00e+00,1.30e+01
2.02e+02,3.95e+02,3.00e+00,1.20e+01
1.17e+02,3.25e+02,1.00e+01,1.30e+01
-6.27e+01,-4.59e+01,8.00e+00,1.30e+01
1.44e+02,3.46e+02,9.00e+00,1.30e+01
1.16e+02,2.59e+02,8.00e+00,1.30e+01
6.36e+01,1.28e+02,9.00e+00,1.30e+01
1.42e+02,2.76e+02,7.00e+00,1.30e+01
1.23e+02,3.25e+02,3.00e+00,1.20e+01
1.59e+02,3.10e+02,1.00e+01,1.30e+01
1.37e+02,2.70e+02,9.00e+00,1.30e+01
1.82e+02,5.20e+02,9.00e+00,1.30e+01
1.09e+02,2.93e+02,3.00e+00,1.20e+01
1.58e+02,3.92e+02,1.00e+01,1.30e+01
1.83e+01,1.55e+02,8.00e+00,1.30e+01
-7.71e+01,-5.90e+00,3.00e+00,1.20e+01
5.75e+01,1.08e+02,9.00e+00,1.30e+01
1.51e+02,3.50e+02,8.00e+00,1.30e+01
1.31e+02,3.15e+02,9.00e+00,1.30e+01
8.67e+01,3.13e+02,1.00e+01,1.30e+01
8.65e+01,2.06e+02,9.00e+00,1.30e+01
1.73e+02,4.58e+02,8.00e+00,1.30e+01
1.09e+02,2.21e+02,6.00e+00,1.30e+01
1.10e+02,2.93e+02,8.00e+00,1.30e+01
1.68e+02,3.87e+02,1.00e+01,1.30e+01
-3.83e+01,-2.12e+01,3.00e+00,1.20e+01
1.20e+02,2.52e+02,6.00e+00,1.30e+01
1.48e+02,2.75e+02,1.00e+01,1.30e+01
1.03e+02,1.84e+02,3.00e+00,1.20e+01
5.67e+01,1.08e+02,6.00e+00,1.30e+01
6.99e+01,2.29e+02,3.00e+00,1.20e+01
1.57e+02,3.24e+02,3.00e+00,1.20e+01
1.64e+02,4.96e+02,8.00e+00,1.30e+01
1.13e+02,3.15e+02,9.00e+00,1.30e+01
1.29e+02,2.62e+02,8.00e+00,1.30e+01
9.82e+01,1.97e+02,3.00e+00,1.20e+01
1.44e+02,2.74e+02,8.00e+00,1.30e+01
1.28e+02,2.01e+02,7.00e+00,1.30e+01
1.41e+02,4.64e+02,3.00e+00,1.20e+01
1.19e+02,3.66e+02,9.00e+00,1.30e+01
1.31e+02,2.61e+02,3.00e+00,1.20e+01
1.26e+02,3.32e+02,7.00e+00,1.30e+01
1.05e+02,1.67e+02,3.00e+00,1.20e+01
1.42e+02,3.59e+02,8.00e+00,1.30e+01
1.52e+02,3.00e+02,7.00e+00,1.30e+01
4.56e+01,1.19e+02,7.00e+00,1.30e+01
9.87e+01,2.18e+02,3.00e+00,1.20e+01
1.29e+02,3.90e+02,3.00e+00,1.20e+01
4.51e+01,1.34e+02,1.10e+01,1.30e+01
9.43e+01,1.83e+02,3.00e+00,1.20e+01
1.27e+02,2.58e+02,1.00e+01,1.30e+01
1.74e+02,3.92e+02,8.00e+00,1.30e+01
1.21e+02,2.32e+02,8.00e+00,1.30e+01
1.51e+02,3.12e+02,9.00e+00,1.30e+01
9.04e+01,2.15e+02,3.00e+00,1.20e+01
1.09e+02,2.99e+02,1.10e+01,1.30e+01
1.31e+02,2.63e+02,3.00e+00,1.20e+01
1.26e+02,2.61e+02,4.00e+00,1.20e+01
1.04e+02,1.83e+02,9.00e+00,1.30e+01
1.73e+02,3.48e+02,9.00e+00,1.30e+01
-5.96e+01,-2.94e+01,3.00e+00,1.20e+01
-6.66e+01,-2.39e+01,3.00e+00,1.20e+01
1.65e+02,3.71e+02,9.00e+00,1.30e+01
5.92e+01,2.19e+02,9.00e+00,1.30e+01
1.34e+02,4.44e+02,3.00e+00,1.20e+01
1.06e+02,2.08e+02,3.00e+00,1.20e+01
3.98e+00,2.58e+02,9.00e+00,1.30e+01
1.36e+02,2.39e+02,8.00e+00,1.30e+01
6.47e+01,1.24e+02,6.00e+00,1.30e+01
3.42e+01,2.18e+02,9.00e+00,1.30e+01
1.26e+02,3.02e+02,1.10e+01,1.30e+01
1.35e+02,3.19e+02,7.00e+00,1.30e+01
1.36e+02,3.36e+02,3.00e+00,1.20e+01
1.22e+02,2.79e+02,8.00e+00,1.30e+01
1.23e+02,2.18e+02,1.00e+01,1.30e+01
-5.55e+01,-2.80e+01,8.00e+00,1.30e+01
1.71e+02,3.40e+02,9.00e+00,1.30e+01
1.75e+02,2.65e+02,3.00e+00,1.20e+01
7.54e+01,1.73e+02,1.00e+01,1.30e+01
1.06e+02,1.86e+02,9.00e+00,1.30e+01
1.34e+02,3.06e+02,9.00e+00,1.30e+01
1.29e+02,2.77e+02,3.00e+00,1.20e+01
1.17e+02,3.62e+02,3.00e+00,1.20e+01
8.54e+01,1.95e+02,3.00e+00,1.20e+01
1.56e+02,2.97e+02,8.00e+00,1.30e+01
9.89e+01,2.81e+02,9.00e+00,1.30e+01
1.42e+02,2.89e+02,9.00e+00,1.30e+01
9.74e+01,2.42e+02,8.00e+00,1.30e+01
1.50e+02,3.83e+02,7.00e+00,1.30e+01
1.31e+02,2.27e+02,1.00e+01,1.30e+01
5.99e+01,2.22e+02,3.00e+00,1.20e+01
1.18e+02,2.32e+02,1.00e+01,1.30e+01
1.74e+02,4.56e+02,8.00e+00,1.30e+01
6.58e+01,1.44e+02,7.00e+00,1.30e+01
6.48e+01,1.64e+02,9.00e+00,1.30e+01
1.46e+02,3.52e+02,4.00e+00,1.20e+01
1.34e+02,2.81e+02,3.00e+00,1.20e+01
1.70e+02,3.14e+02,8.00e+00,1.30e+01
-5.75e+01,-2.66e+01,3.00e+00,1.20e+01
4.79e+01,1.31e+02,6.00e+00,1.30e+01
6.46e+01,1.33e+02,1.00e+01,1.30e+01
