1.16e+03,1.39e+03,9.10e+01,5.30e+01
1.11e+03,1.26e+03,8.90e+01,5.40e+01
1.08e+03,1.42e+03,8.70e+01,5.20e+01
1.01e+03,1.17e+03,9.10e+01,5.50e+01
1.21e+03,1.31e+03,8.80e+01,5.30e+01
1.04e+03,1.26e+03,8.70e+01,5.20e+01
1.18e+03,1.34e+03,9.20e+01,5.80e+01
1.02e+03,1.28e+03,8.50e+01,5.10e+01
9.64e+02,1.13e+03,9.00e+01,5.50e+01
1.09e+03,1.29e+03,8.60e+01,5.40e+01
1.17e+03,1.28e+03,8.70e+01,5.20e+01
1.08e+03,1.41e+03,9.00e+01,5.40e+01
1.16e+03,1.41e+03,9.00e+01,5.40e+01
1.10e+03,1.31e+03,8.70e+01,5.50e+01
1.19e+03,1.35e+03,8.80e+01,5.50e+01
1.17e+03,1.42e+03,8.60e+01,5.10e+01
1.11e+03,1.41e+03,9.30e+01,5.60e+01
1.07e+03,1.25e+03,9.50e+01,5.70e+01
1.21e+03,1.38e+03,9.30e+01,5.70e+01
1.12e+03,1.40e+03,9.30e+01,5.70e+01
1.06e+03,1.23e+03,8.80e+01,5.50e+01
1.05e+03,1.31e+03,9.40e+01,5.90e+01
1.12e+03,1.34e+03,9.00e+01,5.50e+01
1.09e+03,1.21e+03,9.30e+01,5.70e+01
1.17e+03,1.29e+03,8.70e+01,5.50e+01
1.06e+03,1.28e+03,8.70e+01,5.50e+01
1.15e+03,1.44e+03,8.60e+01,5.40e+01
1.07e+03,1.31e+03,8.80e+01,5.30e+01
1.11e+03,1.42e+03,8.80e+01,5.40e+01
1.02e+03,1.36e+03,8.50e+01,5.10e+01
1.04e+03,1.18e+03,9.10e+01,5.50e+01
1.09e+03,1.40e+03,9.50e+01,5.80e+01
1.07e+03,1.32e+03,8.70e+01,5.40e+01
1.14e+03,1.29e+03,8.80e+01,5.50e+01
1.17e+03,1.31e+03,8.90e+01,5.20e+01
1.22e+03,1.40e+03,8.80e+01,5.30e+01
1.07e+03,1.52e+03,8.90e+01,5.40e+01
1.02e+03,1.19e+03,8.80e+01,5.30e+01
1.23e+03,1.40e+03,8.70e+01,5.20e+01
1.17e+03,1.43e+03,8.80e+01,5.50e+01
1.13e+03,1.28e+03,9.20e+01,5.50e+01
9.90e+02,1.12e+03,8.70e+01,5.10e+01
1.03e+03,1.20e+03,9.00e+01,5.40e+01
2.34e+02,2.60e+02,8.70e+01,5.50e+01
1.09e+03,1.24e+03,8.80e+01,5.50e+01
1.16e+03,1.45e+03,8.70e+01,5.30e+01
1.04e+03,1.27e+03,8.90e+01,5.40e+01
1.20e+03,1.37e+03,8.90e+01,5.40e+01
1.06e+03,1.35e+03,8.90e+01,5.50e+01
8.85e+02,1.26e+03,8.70e+01,5.50e+01
1.17e+03,1.35e+03,9.10e+01,5.50e+01
1.18e+03,1.38e+03,9.00e+01,5.30e+01
1.13e+03,1.29e+03,8.80e+01,5.50e+01
7.95e+02,9.72e+02,8.80e+01,5.30e+01
1.14e+03,1.40e+03,9.00e+01,5.50e+01
1.24e+03,1.39e+03,9.00e+01,5.30e+01
1.13e+03,1.34e+03,9.40e+01,5.70e+01
9.27e+02,1.15e+03,8.80e+01,5.20e+01
1.13e+03,1.34e+03,8.80e+01,5.50e+01
1.10e+03,1.33e+03,8.90e+01,5.40e+01
1.10e+03,1.43e+03,9.40e+01,5.70e+01
1.07e+03,1.24e+03,9.30e+01,5.40e+01
1.06e+03,1.40e+03,9.00e+01,5.50e+01
1.15e+03,1.28e+03,8.60e+01,5.10e+01
1.12e+03,1.27e+03,8.60e+01,5.40e+01
1.17e+03,1.43e+03,8.70e+01,5.50e+01
9.89e+02,1.10e+03,8.80e+01,5.20e+01
1.15e+02,2.96e+02,9.10e+01,5.30e+01
1.12e+03,1.31e+03,8.70e+01,5.20e+01
1.03e+03,1.26e+03,9.20e+01,5.40e+01
1.16e+03,1.38e+03,9.50e+01,5.80e+01
1.00e+03,1.14e+03,9.10e+01,5.30e+01
1.11e+03,1.25e+03,8.80e+01,5.20e+01
1.16e+03,1.31e+03,8.60e+01,5.10e+01
1.20e+03,1.48e+03,8.80e+01,5.50e+01
1.07e+03,1.39e+03,8.90e+01,5.30e+01
1.04e+03,1.32e+03,9.20e+01,5.60e+01
1.19e+03,1.31e+03,8.60e+01,5.10e+01
1.15e+03,1.45e+03,8.90e+01,5.40e+01
1.11e+03,1.25e+03,9.00e+01,5.60e+01
1.13e+03,1.32e+03,8.80e+01,5.50e+01
1.18e+03,1.45e+03,8.90e+01,5.40e+01
1.09e+03,1.25e+03,9.00e+01,5.40e+01
1.17e+03,1.29e+03,8.70e+01,5.20e+01
1.13e+03,1.34e+03,9.10e+01,5.50e+01
1.06e+03,1.35e+03,9.30e+01,5.70e+01
1.06e+03,1.30e+03,8.70e+01,5.20e+01
1.20e+03,1.45e+03,9.00e+01,5.30e+01
1.16e+03,1.33e+03,9.00e+01,5.50e+01
1.14e+03,1.32e+03,9.00e+01,5.20e+01
1.10e+03,1.38e+03,8.50e+01,5.10e+01
1.12e+03,1.36e+03,8.70e+01,5.20e+01
9.46e+02,1.14e+03,9.30e+01,5.60e+01
8.75e+02,1.03e+03,8.80e+01,5.60e+01
1.11e+03,1.35e+03,9.10e+01,5.50e+01
1.14e+03,1.45e+03,8.60e+01,5.10e+01
1.08e+03,1.29e+03,8.90e+01,5.20e+01
1.27e+03,1.48e+03,8.90e+01,5.50e+01
1.18e+03,1.44e+03,8.80e+01,5.50e+01
1.17e+03,1.42e+03,8.50e+01,5.10e+01
1.17e+03,1.33e+03,8.90e+01,5.50e+01
1.02e+03,1.19e+03,9.60e+01,5.80e+01
1.15e+03,1.41e+03,8.70e+01,5.10e+01
1.19e+03,1.41e+03,9.00e+01,5.60e+01
1.08e+03,1.37e+03,9.10e+01,5.50e+01
1.01e+03,1.28e+03,8.80e+01,5.50e+01
1.15e+03,1.42e+03,8.80e+01,5.50e+01
1.03e+03,1.23e+03,9.10e+01,5.30e+01
1.03e+03,1.25e+03,9.50e+01,5.70e+01
1.19e+03,1.43e+03,8.80e+01,5.30e+01
1.11e+03,1.43e+03,8.70e+01,5.20e+01
1.10e+03,1.22e+03,9.30e+01,5.60e+01
1.09e+03,1.24e+03,8.90e+01,5.50e+01
1.14e+03,1.33e+03,9.20e+01,5.80e+01
1.82e+02,2.72e+02,9.00e+01,5.50e+01
1.05e+03,1.29e+03,8.90e+01,5.20e+01
1.02e+03,1.15e+03,8.70e+01,5.20e+01
1.01e+03,1.42e+03,8.80e+01,5.20e+01
1.09e+03,1.27e+03,9.00e+01,5.50e+01
1.15e+03,1.22e+03,9.10e+01,5.30e+01
8.91e+02,1.32e+03,8.80e+01,5.50e+01
1.14e+03,1.28e+03,8.80e+01,5.20e+01
1.14e+03,1.41e+03,8.70e+01,5.20e+01
1.15e+03,1.34e+03,9.50e+01,5.70e+01
1.21e+03,1.47e+03,8.80e+01,5.50e+01
5.22e+01,6.23e+01,8.90e+01,5.50e+01
3.91e+02,5.75e+02,8.80e+01,5.20e+01
1.00e+03,1.12e+03,8.70e+01,5.20e+01
1.05e+03,1.37e+03,8.90e+01,5.50e+01
1.07e+03,1.31e+03,8.50e+01,5.10e+01
1.09e+03,1.26e+03,9.40e+01,5.90e+01
9.99e+02,1.44e+03,9.50e+01,5.70e+01
1.10e+03,1.38e+03,9.20e+01,5.80e+01
1.07e+03,1.23e+03,8.60e+01,5.40e+01
1.05e+03,1.17e+03,9.00e+01,5.50e+01
1.14e+03,1.33e+03,9.40e+01,5.90e+01
1.10e+03,1.34e+03,9.00e+01,5.30e+01
1.04e+03,1.16e+03,8.70e+01,5.10e+01
1.09e+03,1.38e+03,9.30e+01,5.60e+01
5.59e+01,1.70e+02,8.80e+01,5.30e+01
1.15e+03,1.39e+03,8.80e+01,5.50e+01
1.10e+03,1.33e+03,9.40e+01,5.60e+01
1.10e+03,1.29e+03,8.60e+01,5.40e+01
1.07e+03,1.23e+03,8.30e+01,5.00e+01
1.14e+03,1.32e+03,8.90e+01,5.50e+01
1.22e+03,1.35e+03,8.70e+01,5.20e+01
1.01e+03,1.32e+03,8.90e+01,5.30e+01
1.06e+03,1.28e+03,8.80e+01,5.30e+01
1.10e+03,1.32e+03,8.80e+01,5.50e+01
1.07e+03,1.42e+03,9.10e+01,5.60e+01
1.01e+03,1.22e+03,9.00e+01,5.40e+01
1.18e+03,1.30e+03,9.00e+01,5.40e+01
1.01e+03,1.19e+03,9.10e+01,5.50e+01
8.66e+02,1.02e+03,9.00e+01,5.40e+01
2.41e+02,2.56e+02,9.20e+01,5.60e+01
1.07e+03,1.41e+03,8.90e+01,5.40e+01
1.14e+03,1.38e+03,9.50e+01,5.90e+01
1.19e+03,1.29e+03,8.70e+01,5.20e+01
1.02e+03,1.36e+03,9.20e+01,5.50e+01
7.44e+02,9.18e+02,8.70e+01,5.50e+01
1.12e+03,1.45e+03,9.50e+01,5.80e+01
1.17e+03,1.47e+03,9.50e+01,5.70e+01
1.12e+03,1.44e+03,8.60e+01,5.40e+01
1.03e+03,1.35e+03,8.70e+01,5.20e+01
1.09e+03,1.27e+03,8.70e+01,5.20e+01
9.88e+02,1.31e+03,8.80e+01,5.50e+01
1.26e+03,1.35e+03,9.10e+01,5.20e+01
1.06e+03,1.44e+03,8.90e+01,5.30e+01
1.13e+03,1.37e+03,8.80e+01,5.30e+01
1.09e+03,1.24e+03,9.10e+01,5.50e+01
-3.60e+01,-8.31e+00,9.10e+01,5.30e+01
1.08e+03,1.28e+03,9.30e+01,5.70e+01
1.01e+03,1.35e+03,8.80e+01,5.40e+01
1.20e+03,1.41e+03,9.10e+01,5.50e+01
1.28e+03,1.37e+03,8.60e+01,5.10e+01
1.26e+03,1.36e+03,9.30e+01,5.80e+01
1.09e+03,1.20e+03,8.50e+01,5.10e+01
1.12e+03,1.28e+03,8.80e+01,5.30e+01
9.92e+02,1.32e+03,9.10e+01,5.50e+01
1.10e+03,1.36e+03,8.90e+01,5.60e+01
1.16e+03,1.42e+03,8.70e+01,5.20e+01
1.19e+03,1.47e+03,9.30e+01,5.60e+01
1.18e+03,1.44e+03,8.70e+01,5.20e+01
1.05e+03,1.15e+03,9.10e+01,5.30e+01
1.13e+03,1.36e+03,8.80e+01,5.30e+01
1.05e+03,1.26e+03,9.40e+01,5.80e+01
1.03e+03,1.42e+03,8.50e+01,5.10e+01
1.02e+03,1.15e+03,8.70e+01,5.40e+01
1.25e+03,1.46e+03,8.70e+01,5.50e+01
1.15e+03,1.42e+03,9.00e+01,5.40e+01
1.04e+03,1.23e+03,8.90e+01,5.20e+01
9.95e+02,1.25e+03,9.40e+01,5.90e+01
1.20e+03,1.39e+03,8.80e+01,5.50e+01
1.03e+03,1.42e+03,9.00e+01,5.40e+01
1.16e+03,1.46e+03,8.70e+01,5.50e+01
1.12e+03,1.35e+03,9.20e+01,5.30e+01
1.15e+03,1.29e+03,9.30e+01,5.60e+01
1.08e+03,1.31e+03,9.40e+01,5.70e+01
1.09e+03,1.35e+03,9.10e+01,5.30e+01
3.81e+02,1.01e+03,8.70e+01,5.40e+01
1.14e+03,1.45e+03,9.40e+01,5.70e+01
1.12e+03,1.33e+03,9.00e+01,5.60e+01
1.17e+03,1.28e+03,9.00e+01,5.50e+01
1.12e+03,1.28e+03,9.30e+01,5.40e+01
1.06e+03,1.29e+03,9.00e+01,5.40e+01
1.14e+03,1.35e+03,8.70e+01,5.50e+01
1.11e+03,1.28e+03,9.00e+01,5.20e+01
1.14e+03,1.29e+03,8.90e+01,5.40e+01
1.16e+03,1.32e+03,8.60e+01,5.10e+01
9.17e+02,1.33e+03,9.10e+01,5.50e+01
9.50e+02,1.23e+03,9.10e+01,5.30e+01
1.14e+03,1.26e+03,8.80e+01,5.50e+01
1.07e+03,1.40e+03,8.00e+01,4.90e+01
1.04e+03,1.27e+03,8.80e+01,5.30e+01
1.13e+03,1.42e+03,8.50e+01,5.10e+01
1.02e+03,1.35e+03,9.10e+01,5.50e+01
1.07e+03,1.43e+03,8.70e+01,5.20e+01
1.07e+03,1.39e+03,8.80e+01,5.50e+01
1.17e+03,1.32e+03,8.70e+01,5.20e+01
1.10e+03,1.29e+03,8.80e+01,5.50e+01
1.06e+03,1.28e+03,9.10e+01,5.30e+01
1.11e+03,1.23e+03,9.50e+01,5.70e+01
1.10e+03,1.41e+03,8.50e+01,5.10e+01
1.04e+03,1.20e+03,8.80e+01,5.30e+01
9.90e+02,1.23e+03,9.30e+01,5.80e+01
1.05e+03,1.30e+03,9.40e+01,5.90e+01
1.05e+03,1.33e+03,8.80e+01,5.50e+01
9.26e+02,1.20e+03,8.70e+01,5.20e+01
1.12e+03,1.29e+03,9.10e+01,5.60e+01
9.76e+02,1.26e+03,9.50e+01,5.80e+01
1.10e+03,1.17e+03,9.10e+01,5.30e+01
1.18e+03,1.49e+03,8.70e+01,5.20e+01
1.18e+03,1.40e+03,9.00e+01,5.40e+01
1.11e+03,1.30e+03,9.50e+01,5.70e+01
1.08e+03,1.41e+03,8.60e+01,5.40e+01
1.16e+03,1.35e+03,8.90e+01,5.30e+01
1.14e+03,1.31e+03,9.10e+01,5.50e+01
1.24e+03,1.43e+03,9.30e+01,5.40e+01
1.03e+03,1.25e+03,9.00e+01,5.40e+01
1.05e+03,1.29e+03,9.50e+01,5.80e+01
1.03e+03,1.27e+03,9.00e+01,5.40e+01
1.06e+03,1.19e+03,9.30e+01,5.70e+01
9.48e+02,1.26e+03,8.60e+01,5.40e+01
1.24e+03,1.39e+03,8.80e+01,5.50e+01
1.15e+03,1.47e+03,9.10e+01,5.50e+01
1.12e+03,1.28e+03,9.00e+01,5.40e+01
1.19e+03,1.41e+03,9.00e+01,5.40e+01
1.18e+03,1.36e+03,8.60e+01,5.40e+01
1.17e+03,1.39e+03,9.20e+01,5.50e+01
8.28e+02,1.03e+03,8.90e+01,5.20e+01
9.77e+02,1.43e+03,8.70e+01,5.50e+01
1.04e+03,1.29e+03,9.30e+01,5.60e+01
1.19e+03,1.41e+03,8.70e+01,5.20e+01
9.98e+02,1.24e+03,8.50e+01,5.10e+01
1.18e+03,1.40e+03,9.10e+01,5.50e+01
1.13e+03,1.30e+03,8.70e+01,5.20e+01
1.11e+03,1.29e+03,9.10e+01,5.60e+01
1.04e+03,1.39e+03,9.10e+01,5.30e+01
1.17e+03,1.42e+03,8.80e+01,5.30e+01
1.04e+02,2.99e+02,8.80e+01,5.50e+01
1.17e+03,1.39e+03,9.20e+01,5.60e+01
1.02e+03,1.19e+03,9.00e+01,5.40e+01
9.66e+02,1.18e+03,8.80e+01,5.50e+01
1.09e+03,1.36e+03,9.30e+01,5.40e+01
1.11e+03,1.29e+03,8.60e+01,5.10e+01
1.16e+03,1.45e+03,9.50e+01,5.80e+01
1.02e+03,1.44e+03,9.00e+01,5.40e+01
1.12e+03,1.23e+03,9.50e+01,5.70e+01
1.05e+03,1.27e+03,8.60e+01,5.10e+01
1.08e+03,1.24e+03,8.50e+01,5.10e+01
1.04e+03,1.21e+03,9.50e+01,5.80e+01
1.07e+03,1.43e+03,9.10e+01,5.30e+01
1.02e+03,1.18e+03,9.10e+01,5.50e+01
1.21e+03,1.51e+03,8.90e+01,5.30e+01
9.72e+02,1.19e+03,8.80e+01,5.20e+01
1.10e+03,1.23e+03,8.60e+01,5.20e+01
1.14e+03,1.43e+03,8.70e+01,5.40e+01
1.00e+03,1.30e+03,8.70e+01,5.50e+01
1.05e+03,1.29e+03,8.90e+01,5.40e+01
1.13e+03,1.37e+03,8.80e+01,5.20e+01
1.00e+03,1.40e+03,9.00e+01,5.30e+01
1.20e+03,1.45e+03,9.60e+01,5.70e+01
1.01e+03,1.41e+03,9.40e+01,5.70e+01
9.82e+02,1.13e+03,8.70e+01,5.20e+01
1.01e+03,1.15e+03,9.30e+01,5.70e+01
1.06e+03,1.11e+03,9.10e+01,5.30e+01
1.05e+03,1.33e+03,8.80e+01,5.50e+01
1.26e+03,1.45e+03,8.70e+01,5.50e+01
1.12e+03,1.36e+03,9.30e+01,5.40e+01
1.23e+03,1.35e+03,9.60e+01,5.70e+01
1.08e+03,1.35e+03,9.00e+01,5.30e+01
1.10e+03,1.35e+03,8.80e+01,5.20e+01
1.08e+03,1.40e+03,9.10e+01,5.30e+01
1.06e+03,1.29e+03,8.60e+01,5.10e+01
1.18e+03,1.39e+03,9.10e+01,5.50e+01
9.33e+02,1.07e+03,8.90e+01,5.40e+01
1.22e+03,1.35e+03,8.80e+01,5.40e+01
9.75e+02,1.18e+03,8.60e+01,5.10e+01
1.10e+03,1.32e+03,8.30e+01,5.00e+01
1.15e+03,1.38e+03,9.00e+01,5.20e+01
1.12e+03,1.39e+03,8.80e+01,5.50e+01
1.02e+03,1.13e+03,8.90e+01,5.60e+01
1.07e+03,1.19e+03,9.00e+01,5.20e+01
1.09e+03,1.22e+03,9.50e+01,5.80e+01
1.19e+03,1.28e+03,9.00e+01,5.40e+01
1.11e+03,1.32e+03,8.70e+01,5.10e+01
9.63e+02,1.14e+03,8.80e+01,5.20e+01
1.03e+03,1.26e+03,8.90e+01,5.60e+01
1.09e+03,1.41e+03,8.80e+01,5.20e+01
1.07e+03,1.26e+03,8.90e+01,5.40e+01
1.02e+03,1.27e+03,8.70e+01,5.20e+01
9.54e+02,1.17e+03,9.20e+01,5.50e+01
1.02e+03,1.17e+03,8.70e+01,5.20e+01
9.50e+02,1.05e+03,9.50e+01,5.70e+01
1.21e+03,1.38e+03,9.10e+01,5.50e+01
1.07e+03,1.40e+03,8.70e+01,5.40e+01
1.15e+03,1.30e+03,9.00e+01,5.30e+01
1.02e+03,1.27e+03,9.00e+01,5.40e+01
1.07e+03,1.21e+03,9.10e+01,5.30e+01
1.04e+03,1.21e+03,8.80e+01,5.50e+01
1.05e+03,1.26e+03,9.30e+01,5.60e+01
1.15e+03,1.30e+03,8.80e+01,5.20e+01
1.10e+03,1.24e+03,8.70e+01,5.20e+01
1.04e+03,1.27e+03,9.40e+01,5.70e+01
1.20e+03,1.38e+03,8.90e+01,5.40e+01
1.08e+03,1.22e+03,9.10e+01,5.40e+01
1.20e+03,1.34e+03,9.70e+01,5.80e+01
1.01e+03,1.26e+03,8.90e+01,5.40e+01
1.04e+03,1.47e+03,8.70e+01,5.20e+01
1.02e+03,1.12e+03,8.80e+01,5.50e+01
1.22e+03,1.41e+03,8.90e+01,5.30e+01
1.11e+03,1.36e+03,8.60e+01,5.40e+01
1.21e+03,1.46e+03,8.80e+01,5.40e+01
9.91e+02,1.30e+03,8.90e+01,5.40e+01
1.20e+03,1.35e+03,8.70e+01,5.20e+01
1.07e+03,1.43e+03,8.90e+01,5.20e+01
2.30e+02,3.12e+02,9.10e+01,5.40e+01
9.57e+02,1.18e+03,8.90e+01,5.30e+01
1.04e+03,1.17e+03,9.20e+01,5.80e+01
1.20e+03,1.38e+03,9.50e+01,5.70e+01
1.08e+03,1.31e+03,9.40e+01,5.60e+01
1.07e+03,1.27e+03,9.00e+01,5.20e+01
1.24e+03,1.42e+03,9.10e+01,5.30e+01
1.03e+03,1.23e+03,8.70e+01,5.40e+01
1.06e+03,1.24e+03,8.80e+01,5.10e+01
9.71e+02,1.16e+03,8.70e+01,5.40e+01
1.12e+03,1.37e+03,9.30e+01,5.40e+01
1.12e+03,1.37e+03,9.10e+01,5.50e+01
1.10e+03,1.26e+03,8.80e+01,5.50e+01
1.17e+03,1.39e+03,9.50e+01,5.70e+01
1.05e+03,1.24e+03,9.20e+01,5.50e+01
1.31e+02,1.68e+02,8.80e+01,5.40e+01
1.06e+03,1.43e+03,8.90e+01,5.40e+01
1.13e+03,1.23e+03,8.90e+01,5.40e+01
9.73e+02,1.29e+03,8.60e+01,5.40e+01
1.13e+03,1.37e+03,9.30e+01,5.40e+01
1.05e+03,1.26e+03,8.60e+01,5.10e+01
1.04e+03,1.19e+03,9.10e+01,5.50e+01
9.96e+02,1.44e+03,8.70e+01,5.20e+01
1.24e+03,1.40e+03,9.00e+01,5.50e+01
1.09e+03,1.25e+03,8.90e+01,5.40e+01
1.02e+03,1.32e+03,8.60e+01,5.10e+01
1.02e+03,1.32e+03,8.50e+01,5.10e+01
1.10e+03,1.23e+03,9.00e+01,5.40e+01
1.22e+03,1.44e+03,9.30e+01,5.40e+01
1.01e+03,1.41e+03,8.80e+01,5.40e+01
1.12e+03,1.26e+03,8.90e+01,5.30e+01
1.02e+03,1.11e+03,9.50e+01,5.90e+01
1.24e+03,1.39e+03,8.70e+01,5.20e+01
1.15e+03,1.30e+03,9.20e+01,5.60e+01
1.16e+03,1.36e+03,9.30e+01,5.70e+01
1.04e+03,1.36e+03,9.10e+01,5.40e+01
1.11e+03,1.33e+03,9.30e+01,5.80e+01
1.14e+03,1.24e+03,9.10e+01,5.50e+01
1.18e+03,1.38e+03,9.30e+01,5.70e+01
1.02e+03,1.23e+03,8.60e+01,5.40e+01
1.24e+03,1.42e+03,8.70e+01,5.10e+01
1.09e+03,1.27e+03,8.70e+01,5.20e+01
9.75e+02,1.15e+03,8.90e+01,5.50e+01
1.02e+03,1.27e+03,9.10e+01,5.50e+01
1.12e+03,1.25e+03,9.20e+01,5.40e+01
8.73e+02,1.21e+03,8.80e+01,5.50e+01
1.07e+03,1.29e+03,8.90e+01,5.40e+01
1.15e+03,1.26e+03,8.70e+01,5.40e+01
1.12e+03,1.40e+03,9.00e+01,5.40e+01
2.08e+02,2.47e+02,8.80e+01,5.30e+01
1.14e+03,1.31e+03,9.10e+01,5.60e+01
1.10e+03,1.34e+03,9.00e+01,5.30e+01
1.08e+03,1.32e+03,8.70e+01,5.20e+01
9.67e+02,1.23e+03,8.90e+01,5.40e+01
5.55e+02,6.26e+02,9.40e+01,5.60e+01
1.08e+03,1.32e+03,8.90e+01,5.40e+01
1.07e+03,1.29e+03,9.30e+01,5.80e+01
1.10e+03,1.38e+03,9.50e+01,5.70e+01
1.09e+03,1.28e+03,8.60e+01,5.40e+01
7.18e+02,1.22e+03,8.50e+01,5.10e+01
1.03e+03,1.33e+03,9.10e+01,5.50e+01
1.11e+03,1.40e+03,9.30e+01,5.60e+01
1.08e+03,1.28e+03,8.80e+01,5.20e+01
6.07e+02,1.23e+03,9.60e+01,5.70e+01
1.10e+03,1.38e+03,9.10e+01,5.30e+01
1.09e+03,1.32e+03,9.20e+01,5.50e+01
9.54e+02,1.12e+03,9.30e+01,5.40e+01
1.02e+03,1.28e+03,9.50e+01,5.70e+01
1.04e+03,1.32e+03,8.80e+01,5.20e+01
1.04e+03,1.17e+03,8.70e+01,5.40e+01
1.08e+03,1.22e+03,8.60e+01,5.20e+01
1.11e+03,1.31e+03,9.10e+01,5.40e+01
1.06e+03,1.43e+03,8.60e+01,5.40e+01
1.08e+03,1.25e+03,9.20e+01,5.40e+01
1.18e+03,1.30e+03,9.00e+01,5.20e+01
3.57e+01,1.83e+02,9.00e+01,5.40e+01
1.14e+03,1.33e+03,9.20e+01,5.40e+01
1.07e+03,1.24e+03,9.00e+01,5.60e+01
1.18e+03,1.38e+03,8.70e+01,5.20e+01
1.14e+03,1.29e+03,8.90e+01,5.30e+01
1.17e+03,1.44e+03,8.50e+01,5.10e+01
1.17e+03,1.41e+03,8.60e+01,5.40e+01
2.63e+02,4.84e+02,8.90e+01,5.20e+01
1.09e+03,1.14e+03,9.60e+01,5.70e+01
1.09e+03,1.43e+03,9.00e+01,5.40e+01
1.14e+03,1.38e+03,8.70e+01,5.50e+01
1.03e+03,1.26e+03,8.90e+01,5.30e+01
9.57e+02,1.11e+03,8.50e+01,5.10e+01
1.05e+03,1.36e+03,8.80e+01,5.50e+01
1.08e+03,1.28e+03,8.90e+01,5.30e+01
1.03e+03,1.16e+03,9.20e+01,5.80e+01
1.20e+03,1.30e+03,8.90e+01,5.40e+01
9.86e+02,1.20e+03,9.00e+01,5.60e+01
1.22e+03,1.42e+03,8.70e+01,5.40e+01
1.05e+03,1.38e+03,9.00e+01,5.40e+01
1.02e+03,1.07e+03,8.90e+01,5.40e+01
1.15e+03,1.46e+03,8.90e+01,5.50e+01
1.11e+03,1.41e+03,9.10e+01,5.40e+01
1.23e+03,1.38e+03,9.10e+01,5.60e+01
1.17e+03,1.28e+03,8.90e+01,5.60e+01
9.79e+02,1.29e+03,8.80e+01,5.50e+01
9.88e+02,1.25e+03,9.50e+01,5.70e+01
1.09e+03,1.37e+03,9.50e+01,5.80e+01
1.13e+03,1.32e+03,8.80e+01,5.40e+01
9.79e+02,1.41e+03,8.60e+01,5.10e+01
1.00e+03,1.28e+03,9.10e+01,5.50e+01
1.23e+03,1.39e+03,9.40e+01,5.80e+01
1.13e+03,1.32e+03,9.10e+01,5.50e+01
9.67e+02,1.27e+03,9.50e+01,5.80e+01
1.07e+03,1.21e+03,9.40e+01,5.70e+01
1.05e+03,1.27e+03,8.90e+01,5.20e+01
1.11e+03,1.30e+03,9.30e+01,5.60e+01
1.23e+03,1.40e+03,9.00e+01,5.30e+01
1.21e+03,1.42e+03,9.30e+01,5.70e+01
1.08e+03,1.27e+03,8.70e+01,5.10e+01
9.72e+02,1.10e+03,8.90e+01,5.30e+01
9.61e+02,1.40e+03,9.10e+01,5.40e+01
9.25e+02,1.15e+03,9.20e+01,5.60e+01
1.09e+03,1.26e+03,9.70e+01,5.80e+01
1.03e+03,1.38e+03,9.30e+01,5.80e+01
1.16e+03,1.45e+03,9.10e+01,5.40e+01
1.13e+03,1.32e+03,9.50e+01,5.70e+01
1.13e+03,1.36e+03,8.70e+01,5.20e+01
1.14e+03,1.29e+03,8.90e+01,5.20e+01
1.03e+03,1.25e+03,9.20e+01,5.50e+01
1.14e+03,1.33e+03,8.80e+01,5.50e+01
8.95e+02,1.06e+03,9.00e+01,5.40e+01
1.14e+03,1.41e+03,8.70e+01,5.10e+01
1.31e+03,1.44e+03,9.30e+01,5.40e+01
1.08e+03,1.25e+03,8.30e+01,5.00e+01
1.07e+03,1.15e+03,8.80e+01,5.30e+01
1.10e+03,1.38e+03,8.70e+01,5.20e+01
1.10e+03,1.36e+03,9.70e+01,5.80e+01
1.13e+03,1.39e+03,8.80e+01,5.30e+01
1.09e+03,1.41e+03,9.00e+01,5.20e+01
1.17e+03,1.38e+03,9.50e+01,5.80e+01
1.07e+03,1.30e+03,8.90e+01,5.40e+01
1.23e+03,1.39e+03,8.80e+01,5.50e+01
9.55e+02,1.32e+03,8.80e+01,5.40e+01
1.19e+03,1.32e+03,8.90e+01,5.40e+01
1.15e+03,1.32e+03,8.90e+01,5.40e+01
9.73e+02,1.15e+03,8.70e+01,5.20e+01
1.14e+03,1.35e+03,8.50e+01,5.10e+01
9.81e+02,1.23e+03,8.60e+01,5.40e+01
