-1.44e+02,-8.40e+01,8.10e+01,3.30e+01
-1.46e+02,-9.29e+01,8.30e+01,3.30e+01
-1.42e+02,-7.93e+01,8.10e+01,3.30e+01
-1.41e+02,-8.01e+01,8.10e+01,3.30e+01
-1.45e+02,-8.88e+01,8.00e+01,3.20e+01
-1.46e+02,-9.33e+01,8.40e+01,3.20e+01
-1.42e+02,-7.97e+01,8.20e+01,3.30e+01
-1.44e+02,-8.54e+01,8.20e+01,3.30e+01
-1.45e+02,-9.07e+01,8.40e+01,3.10e+01
-1.42e+02,-8.40e+01,8.20e+01,3.30e+01
-1.42e+02,-8.12e+01,8.40e+01,3.10e+01
-1.42e+02,-8.40e+01,8.40e+01,3.10e+01
-1.44e+02,-8.66e+01,8.30e+01,3.20e+01
-1.43e+02,-8.49e+01,8.00e+01,3.20e+01
-1.44e+02,-8.78e+01,8.30e+01,3.40e+01
-1.44e+02,-8.80e+01,8.00e+01,3.20e+01
-1.46e+02,-9.25e+01,8.20e+01,3.30e+01
-1.41e+02,-8.37e+01,8.10e+01,3.30e+01
-1.42e+02,-8.11e+01,8.20e+01,3.30e+01
-1.43e+02,-7.77e+01,8.40e+01,3.40e+01
-1.44e+02,-8.98e+01,8.50e+01,3.10e+01
-1.43e+02,-7.80e+01,8.50e+01,3.30e+01
-1.44e+02,-8.51e+01,8.20e+01,3.30e+01
-1.43e+02,-7.83e+01,8.00e+01,3.20e+01
-1.41e+02,-7.63e+01,8.60e+01,3.20e+01
-1.42e+02,-7.40e+01,8.20e+01,3.30e+01
-1.43e+02,-8.04e+01,8.30e+01,3.30e+01
-1.42e+02,-8.08e+01,8.00e+01,3.30e+01
-1.41e+02,-8.08e+01,7.90e+01,3.20e+01
-1.43e+02,-7.96e+01,8.60e+01,3.20e+01
-1.45e+02,-8.72e+01,8.20e+01,3.30e+01
-1.44e+02,-8.53e+01,8.10e+01,3.30e+01
-1.44e+02,-8.75e+01,8.50e+01,3.40e+01
-1.42e+02,-8.32e+01,8.30e+01,3.30e+01
-1.44e+02,-8.60e+01,8.40e+01,3.40e+01
-1.44e+02,-8.16e+01,8.50e+01,3.50e+01
-1.43e+02,-8.62e+01,8.40e+01,3.20e+01
-1.43e+02,-8.67e+01,8.30e+01,3.40e+01
-1.42e+02,-7.89e+01,8.20e+01,3.30e+01
-1.41e+02,-7.78e+01,8.30e+01,3.40e+01
-1.43e+02,-8.28e+01,8.30e+01,3.40e+01
-1.71e+02,-1.00e+02,8.50e+01,3.20e+01
-1.43e+02,-8.35e+01,8.40e+01,3.10e+01
-1.44e+02,-8.19e+01,8.10e+01,3.30e+01
-1.76e+02,-1.35e+02,8.20e+01,3.40e+01
-1.43e+02,-8.34e+01,8.20e+01,3.30e+01
-1.44e+02,-8.52e+01,8.30e+01,3.40e+01
-1.41e+02,-7.73e+01,8.20e+01,3.30e+01
-1.45e+02,-9.17e+01,8.50e+01,3.40e+01
-1.56e+02,-9.60e+01,8.30e+01,3.40e+01
-1.42e+02,-7.82e+01,8.10e+01,3.30e+01
-1.43e+02,-8.86e+01,8.30e+01,3.30e+01
-1.43e+02,-8.16e+01,8.40e+01,3.40e+01
-1.44e+02,-8.67e+01,8.40e+01,3.30e+01
-1.44e+02,-8.66e+01,8.60e+01,3.20e+01
-1.42e+02,-8.26e+01,8.40e+01,3.40e+01
-1.44e+02,-8.82e+01,8.60e+01,3.20e+01
-1.44e+02,-8.54e+01,8.30e+01,3.30e+01
-1.43e+02,-7.83e+01,8.40e+01,3.40e+01
-1.43e+02,-8.66e+01,8.30e+01,3.40e+01
-1.46e+02,-9.29e+01,8.10e+01,3.30e+01
-1.42e+02,-7.93e+01,8.30e+01,3.30e+01
-1.43e+02,-8.27e+01,8.10e+01,3.30e+01
-1.46e+02,-8.96e+01,8.60e+01,3.20e+01
-1.41e+02,-7.84e+01,8.30e+01,3.40e+01
-1.43e+02,-8.67e+01,8.50e+01,3.20e+01
-1.41e+02,-8.14e+01,8.50e+01,3.10e+01
-1.43e+02,-8.67e+01,8.30e+01,3.20e+01
-1.42e+02,-8.30e+01,8.30e+01,3.40e+01
-1.43e+02,-8.73e+01,8.10e+01,3.20e+01
-1.42e+02,-7.96e+01,8.30e+01,3.40e+01
-1.44e+02,-9.12e+01,8.30e+01,3.30e+01
-1.43e+02,-8.68e+01,8.30e+01,3.30e+01
-1.45e+02,-9.35e+01,8.60e+01,3.10e+01
-1.42e+02,-8.37e+01,8.00e+01,3.20e+01
-1.46e+02,-9.21e+01,8.20e+01,3.30e+01
-1.43e+02,-8.26e+01,8.60e+01,3.20e+01
-1.43e+02,-8.69e+01,8.30e+01,3.40e+01
-1.45e+02,-8.82e+01,8.20e+01,3.30e+01
-1.44e+02,-8.34e+01,8.30e+01,3.40e+01
-1.44e+02,-8.60e+01,8.40e+01,3.40e+01
-1.42e+02,-8.35e+01,8.30e+01,3.40e+01
-1.47e+02,-9.47e+01,8.10e+01,3.30e+01
-1.98e+02,-1.97e+02,8.40e+01,3.10e+01
-1.45e+02,-8.74e+01,8.10e+01,3.20e+01
-1.43e+02,-8.54e+01,8.20e+01,3.30e+01
-1.45e+02,-8.97e+01,8.30e+01,3.30e+01
-1.43e+02,-7.98e+01,8.30e+01,3.30e+01
-1.72e+02,-1.23e+02,8.40e+01,3.40e+01
-1.44e+02,-9.07e+01,8.20e+01,3.30e+01
-1.43e+02,-8.37e+01,8.20e+01,3.30e+01
-1.43e+02,-8.66e+01,8.10e+01,3.30e+01
-1.43e+02,-8.32e+01,8.30e+01,3.30e+01
-1.52e+02,-8.80e+01,8.40e+01,3.30e+01
-1.42e+02,-8.05e+01,8.30e+01,3.30e+01
-1.44e+02,-8.90e+01,8.30e+01,3.30e+01
-1.43e+02,-8.84e+01,8.30e+01,3.20e+01
-1.43e+02,-8.48e+01,8.60e+01,3.20e+01
-1.43e+02,-8.64e+01,8.50e+01,3.20e+01
-1.46e+02,-9.24e+01,8.50e+01,3.10e+01
-1.48e+02,-9.49e+01,8.60e+01,3.20e+01
-1.46e+02,-9.40e+01,8.30e+01,3.40e+01
-1.42e+02,-8.37e+01,8.40e+01,3.40e+01
-1.46e+02,-9.37e+01,8.10e+01,3.30e+01
-1.45e+02,-9.22e+01,8.50e+01,3.10e+01
-1.46e+02,-9.04e+01,8.30e+01,3.30e+01
-1.43e+02,-8.60e+01,8.00e+01,3.20e+01
-1.44e+02,-8.62e+01,8.60e+01,3.20e+01
-1.46e+02,-9.21e+01,8.20e+01,3.30e+01
-1.45e+02,-9.28e+01,8.40e+01,3.40e+01
-1.42e+02,-8.27e+01,8.30e+01,3.30e+01
-1.40e+02,-7.62e+01,8.30e+01,3.30e+01
-1.44e+02,-8.89e+01,8.50e+01,3.30e+01
-1.48e+02,-9.58e+01,8.20e+01,3.30e+01
-1.43e+02,-7.92e+01,8.10e+01,3.20e+01
-1.45e+02,-9.21e+01,8.40e+01,3.10e+01
-1.44e+02,-8.52e+01,8.20e+01,3.30e+01
-1.42e+02,-7.51e+01,8.20e+01,3.30e+01
-1.42e+02,-8.04e+01,8.10e+01,3.30e+01
-1.41e+02,-7.64e+01,8.20e+01,3.30e+01
-1.40e+02,-7.72e+01,8.20e+01,3.30e+01
-1.41e+02,-7.81e+01,8.10e+01,3.30e+01
-1.42e+02,-8.67e+01,8.20e+01,3.30e+01
-1.43e+02,-8.74e+01,8.50e+01,3.20e+01
-1.44e+02,-8.66e+01,8.30e+01,3.20e+01
-1.44e+02,-8.57e+01,8.10e+01,3.30e+01
-1.42e+02,-7.64e+01,8.30e+01,3.40e+01
-1.51e+02,-9.56e+01,8.10e+01,3.30e+01
-1.60e+02,-1.03e+02,8.00e+01,3.20e+01
-1.45e+02,-9.28e+01,8.20e+01,3.30e+01
-1.44e+02,-8.31e+01,8.40e+01,3.20e+01
-1.42e+02,-8.48e+01,8.20e+01,3.30e+01
-1.43e+02,-8.18e+01,8.30e+01,3.30e+01
-1.44e+02,-8.83e+01,8.30e+01,3.30e+01
-1.42e+02,-8.54e+01,8.50e+01,3.20e+01
-1.43e+02,-8.49e+01,8.50e+01,3.10e+01
-1.41e+02,-8.19e+01,8.40e+01,3.30e+01
-1.71e+02,-9.99e+01,8.20e+01,3.30e+01
-1.42e+02,-8.23e+01,8.50e+01,3.20e+01
-1.44e+02,-8.55e+01,8.20e+01,3.30e+01
-1.45e+02,-8.52e+01,8.30e+01,3.40e+01
-1.44e+02,-8.82e+01,8.10e+01,3.30e+01
-1.42e+02,-8.00e+01,8.20e+01,3.30e+01
-1.45e+02,-9.03e+01,8.40e+01,3.40e+01
-1.40e+02,-7.62e+01,8.20e+01,3.30e+01
-1.43e+02,-8.47e+01,8.10e+01,3.30e+01
-1.43e+02,-8.23e+01,8.20e+01,3.30e+01
-1.44e+02,-8.68e+01,8.40e+01,3.20e+01
-1.77e+02,-1.20e+02,8.20e+01,3.40e+01
-1.45e+02,-8.75e+01,8.10e+01,3.30e+01
-1.44e+02,-8.73e+01,8.30e+01,3.30e+01
-1.45e+02,-9.14e+01,8.20e+01,3.30e+01
-1.65e+02,-1.04e+02,8.30e+01,3.30e+01
-1.44e+02,-8.40e+01,8.10e+01,3.30e+01
-1.43e+02,-8.27e+01,8.20e+01,3.30e+01
-1.45e+02,-9.24e+01,8.40e+01,3.30e+01
-1.44e+02,-8.91e+01,8.20e+01,3.30e+01
-1.44e+02,-8.59e+01,8.00e+01,3.20e+01
-1.46e+02,-9.21e+01,8.40e+01,3.20e+01
-1.45e+02,-8.63e+01,8.30e+01,3.30e+01
-1.44e+02,-8.72e+01,8.30e+01,3.30e+01
-1.42e+02,-8.34e+01,8.20e+01,3.30e+01
-1.47e+02,-9.44e+01,8.40e+01,3.20e+01
-1.45e+02,-8.34e+01,8.40e+01,3.40e+01
-1.44e+02,-8.82e+01,8.00e+01,3.20e+01
-1.46e+02,-8.92e+01,8.30e+01,3.40e+01
-1.46e+02,-9.43e+01,8.20e+01,3.30e+01
-1.41e+02,-8.25e+01,8.10e+01,3.30e+01
-1.41e+02,-8.20e+01,8.10e+01,3.30e+01
-1.43e+02,-8.38e+01,8.10e+01,3.20e+01
-1.40e+02,-7.53e+01,8.50e+01,3.50e+01
-1.46e+02,-9.06e+01,8.60e+01,3.30e+01
-1.42e+02,-7.89e+01,8.60e+01,3.30e+01
-1.44e+02,-8.95e+01,8.50e+01,3.20e+01
-1.68e+02,-1.04e+02,8.30e+01,3.40e+01
-1.43e+02,-8.20e+01,8.20e+01,3.40e+01
-1.41e+02,-7.81e+01,8.20e+01,3.30e+01
-1.42e+02,-8.43e+01,8.30e+01,3.30e+01
-1.45e+02,-9.26e+01,8.50e+01,3.30e+01
-1.40e+02,-7.50e+01,8.20e+01,3.30e+01
-1.44e+02,-8.37e+01,8.40e+01,3.30e+01
-1.42e+02,-8.42e+01,8.10e+01,3.20e+01
-1.44e+02,-8.99e+01,8.30e+01,3.40e+01
-1.45e+02,-8.81e+01,8.50e+01,3.40e+01
-1.44e+02,-8.62e+01,8.50e+01,3.40e+01
-1.46e+02,-8.80e+01,8.40e+01,3.40e+01
-1.42e+02,-8.37e+01,8.20e+01,3.30e+01
-1.45e+02,-8.77e+01,8.40e+01,3.40e+01
-1.49e+02,-9.15e+01,8.30e+01,3.30e+01
-1.45e+02,-9.14e+01,8.30e+01,3.30e+01
-1.46e+02,-9.40e+01,8.30e+01,3.40e+01
-1.44e+02,-8.73e+01,8.00e+01,3.20e+01
