-2.50e+02,-9.42e+01,3.20e+01,1.60e+01
-2.42e+02,-7.65e+01,3.50e+01,1.70e+01
-2.44e+02,-1.02e+02,3.20e+01,1.70e+01
-3.20e+02,-7.88e+01,3.10e+01,1.70e+01
-2.37e+02,-7.22e+01,3.20e+01,1.60e+01
-2.43e+02,-8.13e+01,3.10e+01,1.60e+01
-2.42e+02,-7.70e+01,3.10e+01,1.60e+01
-2.50e+02,-9.29e+01,3.10e+01,1.70e+01
-2.44e+02,-9.98e+01,3.40e+01,1.70e+01
-2.48e+02,-7.99e+01,3.40e+01,1.70e+01
-2.56e+02,-7.60e+01,3.10e+01,1.60e+01
-2.47e+02,-8.41e+01,3.30e+01,1.70e+01
-2.49e+02,-7.47e+01,3.40e+01,1.70e+01
-2.43e+02,-7.54e+01,3.00e+01,1.60e+01
-2.43e+02,-9.50e+01,3.00e+01,1.60e+01
-2.40e+02,-8.77e+01,3.30e+01,1.70e+01
-2.51e+02,-9.55e+01,3.00e+01,1.60e+01
-2.42e+02,-7.66e+01,3.20e+01,1.70e+01
-2.47e+02,-7.57e+01,3.30e+01,1.80e+01
-2.47e+02,-7.07e+01,3.00e+01,1.70e+01
-2.39e+02,-7.52e+01,3.20e+01,1.60e+01
-2.45e+02,-1.04e+02,3.70e+01,1.70e+01
-2.45e+02,-8.46e+01,3.40e+01,1.80e+01
-2.46e+02,-8.51e+01,3.20e+01,1.70e+01
-2.48e+02,-8.72e+01,3.10e+01,1.60e+01
-2.44e+02,-7.05e+01,3.30e+01,1.70e+01
-2.34e+02,-7.80e+01,3.00e+01,1.60e+01
-2.41e+02,-9.03e+01,3.40e+01,1.70e+01
-3.08e+02,-9.25e+01,3.20e+01,1.70e+01
-5.00e+02,-5.00e+02,3.10e+01,1.60e+01
-2.44e+02,-8.32e+01,3.40e+01,1.80e+01
-4.47e+02,-1.85e+02,3.30e+01,1.70e+01
-2.40e+02,-8.88e+01,3.40e+01,1.70e+01
-2.43e+02,-6.48e+01,3.30e+01,1.70e+01
-2.40e+02,-8.54e+01,3.30e+01,1.70e+01
-2.48e+02,-1.02e+02,3.30e+01,1.70e+01
-2.51e+02,-9.27e+01,3.50e+01,1.90e+01
-3.10e+02,-1.24e+02,3.20e+01,1.60e+01
-2.50e+02,-9.23e+01,3.30e+01,1.60e+01
-2.41e+02,-9.00e+01,3.30e+01,1.60e+01
-2.39e+02,-9.39e+01,3.20e+01,1.70e+01
-2.39e+02,-8.06e+01,3.50e+01,1.70e+01
-2.44e+02,-8.81e+01,3.40e+01,1.70e+01
-4.40e+02,-1.39e+02,3.60e+01,1.70e+01
-2.50e+02,-7.62e+01,3.60e+01,1.80e+01
-3.71e+02,-7.90e+01,3.30e+01,1.70e+01
-2.42e+02,-7.25e+01,3.50e+01,1.70e+01
-2.40e+02,-8.22e+01,3.70e+01,1.70e+01
-3.39e+02,-1.39e+02,3.40e+01,1.70e+01
-2.50e+02,-8.30e+01,3.30e+01,1.60e+01
-2.39e+02,-8.28e+01,3.50e+01,1.70e+01
-2.93e+02,-8.75e+01,3.30e+01,1.60e+01
-3.25e+02,-9.20e+01,3.20e+01,1.60e+01
-3.93e+02,-1.43e+02,3.40e+01,1.80e+01
-2.45e+02,-8.84e+01,3.20e+01,1.60e+01
-3.82e+02,-1.42e+02,3.00e+01,1.60e+01
-2.98e+02,-6.83e+01,3.30e+01,1.70e+01
-2.46e+02,-7.98e+01,3.10e+01,1.60e+01
-2.51e+02,-1.07e+02,3.20e+01,1.70e+01
-2.50e+02,-1.01e+02,3.60e+01,1.70e+01
-2.46e+02,-8.67e+01,3.10e+01,1.60e+01
-2.47e+02,-9.24e+01,3.10e+01,1.60e+01
-3.13e+02,-8.33e+01,3.10e+01,1.70e+01
-2.57e+02,-1.03e+02,3.20e+01,1.70e+01
-2.47e+02,-9.36e+01,3.60e+01,1.80e+01
-3.74e+02,-1.13e+02,3.40e+01,1.70e+01
-2.57e+02,-8.23e+01,3.20e+01,1.60e+01
-3.65e+02,-8.40e+01,3.20e+01,1.70e+01
-2.57e+02,-1.05e+02,3.20e+01,1.60e+01
-2.44e+02,-9.35e+01,3.30e+01,1.60e+01
-2.45e+02,-8.95e+01,3.30e+01,1.60e+01
-3.86e+02,-1.31e+02,3.20e+01,1.70e+01
-2.42e+02,-8.65e+01,3.50e+01,1.80e+01
-3.25e+02,-1.01e+02,3.20e+01,1.70e+01
-2.54e+02,-7.46e+01,3.30e+01,1.70e+01
-3.83e+02,-1.25e+02,3.30e+01,1.70e+01
-2.45e+02,-8.78e+01,3.10e+01,1.60e+01
-3.21e+02,-1.22e+02,3.10e+01,1.70e+01
-3.91e+02,-1.45e+02,3.20e+01,1.60e+01
-2.56e+02,-9.24e+01,3.10e+01,1.60e+01
-2.40e+02,-6.97e+01,3.50e+01,1.70e+01
-2.38e+02,-8.05e+01,3.30e+01,1.70e+01
-2.55e+02,-8.91e+01,3.10e+01,1.70e+01
-2.45e+02,-8.52e+01,3.30e+01,1.70e+01
-2.55e+02,-8.43e+01,3.10e+01,1.60e+01
-3.83e+02,-1.32e+02,3.50e+01,1.70e+01
-3.97e+02,-1.57e+02,3.00e+01,1.60e+01
-3.91e+02,-1.55e+02,3.10e+01,1.70e+01
-2.44e+02,-8.98e+01,3.40e+01,1.70e+01
-3.11e+02,-9.10e+01,3.20e+01,1.60e+01
-3.97e+02,-1.56e+02,3.20e+01,1.70e+01
-3.26e+02,-8.27e+01,3.60e+01,1.70e+01
-2.45e+02,-7.27e+01,3.20e+01,1.70e+01
-2.44e+02,-6.76e+01,3.10e+01,1.60e+01
-2.43e+02,-8.13e+01,3.20e+01,1.60e+01
-2.53e+02,-9.94e+01,3.10e+01,1.70e+01
-3.92e+02,-1.47e+02,3.10e+01,1.70e+01
-4.37e+02,-1.25e+02,3.30e+01,1.60e+01
-2.42e+02,-7.75e+01,3.40e+01,1.80e+01
-3.41e+02,-1.09e+02,3.50e+01,1.70e+01
-2.42e+02,-8.35e+01,3.30e+01,1.80e+01
-3.86e+02,-1.20e+02,3.30e+01,1.70e+01
-2.47e+02,-8.49e+01,3.50e+01,1.70e+01
-2.45e+02,-7.25e+01,3.20e+01,1.70e+01
-2.45e+02,-8.15e+01,3.30e+01,1.60e+01
-2.99e+02,-9.76e+01,3.20e+01,1.70e+01
-4.36e+02,-1.15e+02,3.50e+01,1.80e+01
-2.39e+02,-8.12e+01,3.20e+01,1.60e+01
-3.88e+02,-1.39e+02,3.40e+01,1.70e+01
-2.45e+02,-8.98e+01,3.40e+01,1.80e+01
-5.00e+02,-5.00e+02,3.20e+01,1.60e+01
-2.51e+02,-7.85e+01,3.60e+01,1.70e+01
-2.41e+02,-8.75e+01,3.20e+01,1.60e+01
-3.17e+02,-1.54e+02,3.10e+01,1.60e+01
-4.33e+02,-9.79e+01,3.20e+01,1.60e+01
-2.42e+02,-7.01e+01,3.20e+01,1.70e+01
-2.39e+02,-8.64e+01,3.30e+01,1.80e+01
-2.42e+02,-9.11e+01,3.20e+01,1.70e+01
-2.52e+02,-9.17e+01,3.20e+01,1.60e+01
-2.54e+02,-7.94e+01,3.30e+01,1.60e+01
-5.00e+02,-5.00e+02,3.10e+01,1.60e+01
-3.56e+02,-1.35e+02,3.10e+01,1.60e+01
-4.40e+02,-1.40e+02,3.20e+01,1.60e+01
-2.44e+02,-8.00e+01,3.20e+01,1.80e+01
-2.50e+02,-7.52e+01,3.50e+01,1.80e+01
-2.48e+02,-9.24e+01,3.20e+01,1.60e+01
-2.58e+02,-1.13e+02,3.20e+01,1.60e+01
-2.45e+02,-7.42e+01,3.10e+01,1.60e+01
-2.51e+02,-9.83e+01,3.10e+01,1.60e+01
-2.82e+02,-7.15e+01,3.10e+01,1.70e+01
-3.93e+02,-1.53e+02,3.30e+01,1.70e+01
-2.40e+02,-8.66e+01,3.20e+01,1.60e+01
-2.44e+02,-7.63e+01,3.20e+01,1.70e+01
-2.46e+02,-8.20e+01,3.00e+01,1.60e+01
-2.41e+02,-7.50e+01,3.10e+01,1.70e+01
-3.03e+02,-8.99e+01,3.20e+01,1.60e+01
-4.39e+02,-1.37e+02,3.30e+01,1.70e+01
-4.45e+02,-1.70e+02,3.30e+01,1.60e+01
-2.40e+02,-7.42e+01,3.30e+01,1.80e+01
-2.45e+02,-7.51e+01,3.20e+01,1.60e+01
-2.38e+02,-7.92e+01,3.40e+01,1.70e+01
-2.99e+02,-7.47e+01,3.20e+01,1.70e+01
-3.90e+02,-1.50e+02,3.30e+01,1.70e+01
-2.44e+02,-7.83e+01,3.50e+01,1.70e+01
-2.60e+02,-8.63e+01,3.10e+01,1.60e+01
-3.72e+02,-1.12e+02,3.10e+01,1.60e+01
-2.92e+02,-7.44e+01,3.20e+01,1.60e+01
-3.07e+02,-9.22e+01,3.10e+01,1.60e+01
-3.20e+02,-6.93e+01,3.20e+01,1.70e+01
-2.48e+02,-8.02e+01,3.20e+01,1.60e+01
-2.58e+02,-8.74e+01,3.50e+01,1.70e+01
-2.64e+02,-9.37e+01,3.50e+01,1.70e+01
-4.46e+02,-1.76e+02,3.20e+01,1.70e+01
-2.47e+02,-7.80e+01,3.10e+01,1.60e+01
-2.51e+02,-7.36e+01,3.30e+01,1.60e+01
-3.13e+02,-6.08e+01,3.20e+01,1.70e+01
-3.59e+02,-1.09e+02,3.50e+01,1.70e+01
-2.43e+02,-7.41e+01,3.30e+01,1.60e+01
-4.40e+02,-1.43e+02,3.10e+01,1.70e+01
-2.53e+02,-7.52e+01,3.30e+01,1.70e+01
-2.57e+02,-7.89e+01,3.20e+01,1.60e+01
-2.48e+02,-7.51e+01,3.20e+01,1.70e+01
-2.43e+02,-8.71e+01,3.70e+01,1.70e+01
-2.43e+02,-7.56e+01,3.10e+01,1.60e+01
-3.28e+02,-1.04e+02,3.30e+01,1.60e+01
-2.76e+02,-8.01e+01,3.60e+01,1.70e+01
-2.41e+02,-7.62e+01,3.70e+01,1.80e+01
-3.16e+02,-8.48e+01,3.20e+01,1.70e+01
-2.41e+02,-6.81e+01,3.30e+01,1.70e+01
-4.31e+02,-8.53e+01,3.10e+01,1.60e+01
-3.85e+02,-1.38e+02,3.30e+01,1.80e+01
-2.44e+02,-7.06e+01,3.20e+01,1.70e+01
-4.43e+02,-1.61e+02,3.60e+01,1.70e+01
-2.51e+02,-7.75e+01,3.40e+01,1.70e+01
-2.44e+02,-7.62e+01,3.30e+01,1.80e+01
-2.46e+02,-8.26e+01,3.30e+01,1.60e+01
-3.06e+02,-7.76e+01,3.10e+01,1.60e+01
-4.35e+02,-1.12e+02,3.30e+01,1.60e+01
-3.51e+02,-1.50e+02,3.20e+01,1.60e+01
-4.35e+02,-1.12e+02,3.30e+01,1.60e+01
-5.00e+02,-5.00e+02,3.00e+01,1.60e+01
-2.41e+02,-8.65e+01,3.40e+01,1.70e+01
-3.01e+02,-8.19e+01,3.20e+01,1.60e+01
-2.38e+02,-7.47e+01,3.30e+01,1.80e+01
-2.66e+02,-9.46e+01,3.20e+01,1.60e+01
-3.10e+02,-6.94e+01,3.20e+01,1.80e+01
-3.17e+02,-1.23e+02,3.20e+01,1.80e+01
-2.49e+02,-7.89e+01,3.20e+01,1.70e+01
-2.44e+02,-7.45e+01,3.30e+01,1.70e+01
-2.56e+02,-7.63e+01,3.10e+01,1.60e+01
-2.40e+02,-8.17e+01,3.60e+01,1.70e+01
-2.62e+02,-7.35e+01,3.10e+01,1.70e+01
