-2.31e+02,-6.73e+01,1.41e+02,4.10e+01
-2.38e+02,-7.43e+01,1.42e+02,4.10e+01
-2.30e+02,-6.21e+01,1.41e+02,4.10e+01
-2.30e+02,-6.96e+01,1.47e+02,4.30e+01
-2.37e+02,-6.65e+01,1.42e+02,4.10e+01
-2.36e+02,-6.56e+01,1.41e+02,4.10e+01
-2.45e+02,-6.92e+01,1.43e+02,4.10e+01
-2.28e+02,-6.61e+01,1.42e+02,4.10e+01
-2.54e+02,-7.47e+01,1.41e+02,4.10e+01
-2.32e+02,-5.62e+01,1.43e+02,4.20e+01
-2.31e+02,-7.94e+01,1.42e+02,4.10e+01
-2.33e+02,-5.80e+01,1.41e+02,4.10e+01
-2.30e+02,-5.94e+01,1.43e+02,4.10e+01
-2.30e+02,-6.21e+01,1.42e+02,4.10e+01
-2.24e+02,-5.77e+01,1.41e+02,4.10e+01
-2.35e+02,-6.15e+01,1.46e+02,4.10e+01
-2.35e+02,-5.75e+01,1.42e+02,4.10e+01
-2.34e+02,-6.30e+01,1.41e+02,4.10e+01
-2.42e+02,-7.28e+01,1.51e+02,4.30e+01
-2.36e+02,-5.37e+01,1.42e+02,4.10e+01
-2.30e+02,-6.02e+01,1.41e+02,4.10e+01
-2.33e+02,-7.29e+01,1.43e+02,4.20e+01
-2.38e+02,-7.04e+01,1.42e+02,4.10e+01
-2.28e+02,-5.34e+01,1.41e+02,4.10e+01
-2.30e+02,-6.45e+01,1.51e+02,4.20e+01
-2.32e+02,-6.62e+01,1.43e+02,4.10e+01
-2.29e+02,-6.67e+01,1.42e+02,4.10e+01
-2.42e+02,-6.89e+01,1.42e+02,4.10e+01
-2.33e+02,-7.14e+01,1.43e+02,4.10e+01
-2.31e+02,-5.72e+01,1.41e+02,4.10e+01
-4.43e+02,-1.62e+02,1.42e+02,4.10e+01
-2.33e+02,-6.95e+01,1.42e+02,4.10e+01
-2.41e+02,-8.04e+01,1.42e+02,4.10e+01
-2.40e+02,-7.02e+01,1.46e+02,4.10e+01
-2.30e+02,-7.63e+01,1.43e+02,4.10e+01
-2.44e+02,-8.13e+01,1.48e+02,4.30e+01
-2.41e+02,-7.22e+01,1.44e+02,4.20e+01
-2.33e+02,-6.32e+01,1.42e+02,4.10e+01
-2.34e+02,-6.67e+01,1.43e+02,4.10e+01
-2.72e+02,-6.70e+01,1.42e+02,4.10e+01
-2.38e+02,-6.20e+01,1.43e+02,4.10e+01
-2.31e+02,-6.40e+01,1.41e+02,4.10e+01
-2.41e+02,-6.79e+01,1.42e+02,4.10e+01
-2.30e+02,-5.89e+01,1.41e+02,4.10e+01
-2.34e+02,-7.72e+01,1.47e+02,4.10e+01
-2.35e+02,-6.25e+01,1.44e+02,4.20e+01
-2.30e+02,-5.26e+01,1.42e+02,4.10e+01
-2.49e+02,-7.16e+01,1.43e+02,4.10e+01
-2.29e+02,-7.39e+01,1.41e+02,4.10e+01
-2.34e+02,-6.84e+01,1.46e+02,4.10e+01
-4.38e+02,-1.32e+02,1.43e+02,4.10e+01
-4.33e+02,-1.00e+02,1.48e+02,4.30e+01
-2.33e+02,-5.86e+01,1.44e+02,4.20e+01
-2.32e+02,-6.79e+01,1.41e+02,4.10e+01
-2.41e+02,-5.97e+01,1.44e+02,4.20e+01
-2.32e+02,-7.19e+01,1.44e+02,4.20e+01
-2.44e+02,-8.32e+01,1.41e+02,4.10e+01
-2.34e+02,-6.16e+01,1.42e+02,4.10e+01
-2.36e+02,-7.67e+01,1.47e+02,4.10e+01
-2.31e+02,-6.30e+01,1.44e+02,4.20e+01
-2.31e+02,-7.43e+01,1.42e+02,4.10e+01
-3.07e+02,-8.20e+01,1.41e+02,4.10e+01
-2.35e+02,-7.15e+01,1.43e+02,4.20e+01
-2.28e+02,-6.84e+01,1.43e+02,4.20e+01
-2.34e+02,-5.53e+01,1.43e+02,4.10e+01
-2.37e+02,-7.13e+01,1.45e+02,4.20e+01
-2.31e+02,-5.83e+01,1.44e+02,4.20e+01
-2.31e+02,-5.85e+01,1.41e+02,4.10e+01
-2.27e+02,-6.57e+01,1.42e+02,4.10e+01
-2.40e+02,-7.08e+01,1.41e+02,4.10e+01
-2.35e+02,-6.16e+01,1.42e+02,4.10e+01
-2.34e+02,-5.71e+01,1.42e+02,4.10e+01
-2.37e+02,-7.10e+01,1.42e+02,4.10e+01
-2.61e+02,-8.28e+01,1.43e+02,4.10e+01
-2.32e+02,-5.58e+01,1.43e+02,4.10e+01
-2.38e+02,-5.78e+01,1.42e+02,4.10e+01
-2.33e+02,-6.06e+01,1.44e+02,4.10e+01
-2.34e+02,-6.10e+01,1.42e+02,4.10e+01
-2.31e+02,-6.12e+01,1.42e+02,4.10e+01
-2.35e+02,-6.20e+01,1.43e+02,4.10e+01
-2.38e+02,-7.84e+01,1.51e+02,4.20e+01
-2.34e+02,-6.32e+01,1.46e+02,4.10e+01
-2.31e+02,-6.31e+01,1.42e+02,4.10e+01
-2.33e+02,-6.52e+01,1.42e+02,4.10e+01
-2.26e+02,-6.49e+01,1.41e+02,4.10e+01
-2.33e+02,-6.83e+01,1.42e+02,4.20e+01
-2.38e+02,-7.04e+01,1.41e+02,4.10e+01
-2.44e+02,-7.67e+01,1.42e+02,4.10e+01
-4.43e+02,-1.60e+02,1.42e+02,4.10e+01
-2.32e+02,-7.27e+01,1.42e+02,4.10e+01
-3.82e+02,-1.23e+02,1.42e+02,4.10e+01
-2.40e+02,-6.89e+01,1.43e+02,4.10e+01
-2.39e+02,-8.17e+01,1.43e+02,4.10e+01
-2.38e+02,-6.52e+01,1.41e+02,4.10e+01
-2.31e+02,-5.89e+01,1.51e+02,4.30e+01
-2.41e+02,-7.55e+01,1.41e+02,4.10e+01
-2.44e+02,-7.54e+01,1.41e+02,4.10e+01
-2.41e+02,-7.74e+01,1.42e+02,4.10e+01
-2.44e+02,-1.01e+02,1.42e+02,4.20e+01
-2.32e+02,-6.83e+01,1.41e+02,4.10e+01
-2.36e+02,-6.14e+01,1.43e+02,4.10e+01
-2.30e+02,-6.66e+01,1.43e+02,4.10e+01
-2.47e+02,-7.80e+01,1.42e+02,4.10e+01
-2.30e+02,-5.92e+01,1.41e+02,4.10e+01
-2.42e+02,-6.29e+01,1.43e+02,4.20e+01
-2.46e+02,-6.59e+01,1.42e+02,4.20e+01
-2.97e+02,-6.54e+01,1.42e+02,4.10e+01
-2.34e+02,-6.38e+01,1.42e+02,4.10e+01
-2.34e+02,-5.41e+01,1.43e+02,4.20e+01
-2.30e+02,-6.09e+01,1.42e+02,4.10e+01
-2.34e+02,-7.31e+01,1.52e+02,4.20e+01
-2.30e+02,-7.09e+01,1.43e+02,4.10e+01
-4.40e+02,-1.42e+02,1.43e+02,4.10e+01
-2.36e+02,-8.89e+01,1.43e+02,4.20e+01
-3.40e+02,-9.45e+01,1.43e+02,4.20e+01
-2.30e+02,-5.98e+01,1.42e+02,4.10e+01
-2.31e+02,-5.67e+01,1.43e+02,4.20e+01
-4.34e+02,-1.06e+02,1.43e+02,4.10e+01
-2.33e+02,-6.93e+01,1.43e+02,4.10e+01
-2.38e+02,-6.67e+01,1.43e+02,4.20e+01
-2.34e+02,-7.61e+01,1.42e+02,4.10e+01
-2.37e+02,-7.96e+01,1.44e+02,4.20e+01
-2.31e+02,-7.03e+01,1.44e+02,4.20e+01
-2.33e+02,-6.33e+01,1.43e+02,4.10e+01
-2.36e+02,-6.20e+01,1.43e+02,4.20e+01
-2.32e+02,-6.57e+01,1.42e+02,4.10e+01
-2.31e+02,-6.72e+01,1.43e+02,4.10e+01
-2.72e+02,-5.68e+01,1.42e+02,4.10e+01
-2.32e+02,-5.71e+01,1.42e+02,4.10e+01
-2.41e+02,-5.60e+01,1.42e+02,4.10e+01
-3.09e+02,-9.32e+01,1.46e+02,4.20e+01
-2.27e+02,-5.79e+01,1.42e+02,4.10e+01
-2.35e+02,-7.66e+01,1.47e+02,4.10e+01
-2.32e+02,-6.60e+01,1.51e+02,4.30e+01
-2.38e+02,-6.72e+01,1.41e+02,4.10e+01
-2.38e+02,-8.14e+01,1.41e+02,4.10e+01
-2.36e+02,-7.31e+01,1.43e+02,4.20e+01
-2.34e+02,-7.59e+01,1.44e+02,4.20e+01
-2.36e+02,-7.08e+01,1.43e+02,4.20e+01
-2.29e+02,-6.26e+01,1.42e+02,4.10e+01
-2.31e+02,-6.66e+01,1.44e+02,4.20e+01
-4.36e+02,-1.16e+02,1.48e+02,4.30e+01
-2.31e+02,-7.08e+01,1.49e+02,4.40e+01
-2.40e+02,-6.06e+01,1.44e+02,4.10e+01
-2.43e+02,-6.91e+01,1.41e+02,4.10e+01
-2.29e+02,-6.14e+01,1.42e+02,4.10e+01
-2.35e+02,-7.16e+01,1.43e+02,4.20e+01
-4.35e+02,-1.17e+02,1.47e+02,4.30e+01
-2.38e+02,-6.26e+01,1.41e+02,4.10e+01
-2.29e+02,-6.84e+01,1.42e+02,4.10e+01
-2.31e+02,-6.86e+01,1.43e+02,4.20e+01
-2.26e+02,-5.78e+01,1.43e+02,4.10e+01
-2.29e+02,-5.70e+01,1.48e+02,4.30e+01
-3.28e+02,-7.88e+01,1.41e+02,4.10e+01
-2.30e+02,-5.80e+01,1.44e+02,4.10e+01
-2.46e+02,-7.63e+01,1.42e+02,4.10e+01
-2.37e+02,-5.83e+01,1.42e+02,4.10e+01
-2.39e+02,-6.91e+01,1.42e+02,4.10e+01
-4.30e+02,-1.32e+02,1.43e+02,4.20e+01
-2.28e+02,-6.43e+01,1.42e+02,4.10e+01
-3.79e+02,-8.49e+01,1.46e+02,4.10e+01
-2.30e+02,-6.27e+01,1.41e+02,4.10e+01
-2.32e+02,-6.21e+01,1.46e+02,4.10e+01
-2.38e+02,-6.43e+01,1.44e+02,4.10e+01
-2.36e+02,-5.86e+01,1.42e+02,4.10e+01
-3.81e+02,-1.23e+02,1.41e+02,4.10e+01
-2.47e+02,-6.86e+01,1.41e+02,4.10e+01
-2.74e+02,-6.53e+01,1.42e+02,4.10e+01
-2.30e+02,-7.68e+01,1.41e+02,4.10e+01
-2.30e+02,-6.48e+01,1.42e+02,4.10e+01
-2.43e+02,-6.84e+01,1.43e+02,4.10e+01
-2.30e+02,-5.82e+01,1.42e+02,4.10e+01
-2.30e+02,-6.27e+01,1.43e+02,4.20e+01
-2.31e+02,-7.08e+01,1.43e+02,4.10e+01
-2.53e+02,-5.64e+01,1.48e+02,4.30e+01
-3.16e+02,-9.42e+01,1.47e+02,4.30e+01
-2.29e+02,-6.43e+01,1.42e+02,4.20e+01
-2.44e+02,-9.26e+01,1.41e+02,4.10e+01
-2.42e+02,-9.13e+01,1.43e+02,4.20e+01
-2.32e+02,-5.47e+01,1.42e+02,4.10e+01
-2.43e+02,-6.83e+01,1.41e+02,4.10e+01
-2.33e+02,-7.42e+01,1.47e+02,4.30e+01
-2.36e+02,-6.74e+01,1.42e+02,4.20e+01
-2.28e+02,-5.91e+01,1.41e+02,4.10e+01
-2.38e+02,-7.57e+01,1.42e+02,4.10e+01
-2.31e+02,-5.61e+01,1.43e+02,4.10e+01
-2.31e+02,-6.13e+01,1.42e+02,4.10e+01
-2.38e+02,-6.77e+01,1.41e+02,4.10e+01
-2.28e+02,-6.70e+01,1.43e+02,4.10e+01
-2.37e+02,-6.91e+01,1.41e+02,4.10e+01
-2.34e+02,-6.56e+01,1.41e+02,4.10e+01
-2.38e+02,-7.61e+01,1.42e+02,4.10e+01
