-2.17e+02,-5.48e+01,2.03e+02,5.70e+01
-2.17e+02,-6.41e+01,1.97e+02,5.40e+01
-2.19e+02,-6.55e+01,1.98e+02,5.40e+01
-2.17e+02,-5.27e+01,2.00e+02,5.40e+01
-2.22e+02,-5.46e+01,2.02e+02,5.70e+01
-2.18e+02,-5.41e+01,2.02e+02,5.40e+01
-2.22e+02,-6.19e+01,1.97e+02,5.40e+01
-2.19e+02,-6.68e+01,1.98e+02,5.40e+01
-2.16e+02,-5.29e+01,2.00e+02,5.40e+01
-2.19e+02,-6.36e+01,1.99e+02,5.40e+01
-2.16e+02,-5.85e+01,2.02e+02,5.70e+01
-2.26e+02,-5.76e+01,1.97e+02,5.40e+01
-2.20e+02,-6.05e+01,1.98e+02,5.40e+01
-2.20e+02,-6.10e+01,1.99e+02,5.40e+01
-2.15e+02,-6.02e+01,2.00e+02,5.60e+01
-2.15e+02,-5.51e+01,2.01e+02,5.60e+01
-2.14e+02,-4.23e+01,2.02e+02,5.70e+01
-2.29e+02,-7.13e+01,1.97e+02,5.40e+01
-2.23e+02,-5.58e+01,1.98e+02,5.50e+01
-2.20e+02,-5.88e+01,1.99e+02,5.40e+01
-2.22e+02,-6.77e+01,2.00e+02,5.50e+01
-2.16e+02,-6.04e+01,2.01e+02,5.40e+01
-2.20e+02,-6.11e+01,1.98e+02,5.40e+01
-2.28e+02,-7.82e+01,2.02e+02,5.50e+01
-2.20e+02,-5.87e+01,1.99e+02,5.40e+01
-2.16e+02,-6.34e+01,2.00e+02,5.50e+01
-2.26e+02,-6.64e+01,1.98e+02,5.50e+01
-2.18e+02,-5.66e+01,2.02e+02,5.70e+01
-2.24e+02,-6.84e+01,1.97e+02,5.40e+01
-2.19e+02,-6.18e+01,2.01e+02,5.40e+01
-2.29e+02,-6.75e+01,1.99e+02,5.50e+01
-2.89e+02,-6.49e+01,2.04e+02,5.70e+01
-2.23e+02,-6.26e+01,1.98e+02,5.40e+01
-2.25e+02,-6.68e+01,1.98e+02,5.40e+01
-2.23e+02,-6.80e+01,2.00e+02,5.60e+01
-2.97e+02,-8.15e+01,1.98e+02,5.40e+01
-2.19e+02,-6.52e+01,2.01e+02,5.40e+01
-2.44e+02,-9.46e+01,2.00e+02,5.40e+01
-2.16e+02,-4.88e+01,2.04e+02,5.70e+01
-2.27e+02,-5.53e+01,1.98e+02,5.50e+01
-2.15e+02,-6.79e+01,1.99e+02,5.40e+01
-2.21e+02,-6.64e+01,1.98e+02,5.40e+01
-2.25e+02,-5.67e+01,1.98e+02,5.40e+01
-2.17e+02,-6.24e+01,2.03e+02,5.40e+01
-2.16e+02,-6.13e+01,2.00e+02,5.50e+01
-2.17e+02,-6.61e+01,1.99e+02,5.40e+01
-2.28e+02,-6.54e+01,1.98e+02,5.40e+01
-2.19e+02,-6.21e+01,2.02e+02,5.50e+01
-2.17e+02,-4.91e+01,2.03e+02,5.70e+01
-2.18e+02,-5.17e+01,2.03e+02,5.80e+01
-2.16e+02,-6.49e+01,2.00e+02,5.40e+01
-2.26e+02,-6.34e+01,1.97e+02,5.40e+01
-2.22e+02,-6.18e+01,1.99e+02,5.40e+01
-2.92e+02,-7.01e+01,2.00e+02,5.50e+01
-2.20e+02,-6.32e+01,2.01e+02,5.50e+01
-4.34e+02,-1.08e+02,1.98e+02,5.40e+01
-2.35e+02,-6.36e+01,2.00e+02,5.50e+01
-2.18e+02,-5.76e+01,1.97e+02,5.40e+01
-2.22e+02,-6.26e+01,2.00e+02,5.50e+01
-2.19e+02,-6.42e+01,1.99e+02,5.40e+01
-2.18e+02,-6.15e+01,2.02e+02,5.50e+01
-2.15e+02,-6.13e+01,1.99e+02,5.40e+01
-2.22e+02,-6.63e+01,2.00e+02,5.40e+01
-2.29e+02,-7.43e+01,1.99e+02,5.50e+01
-4.00e+02,-6.84e+01,1.98e+02,5.50e+01
-2.26e+02,-6.40e+01,1.98e+02,5.40e+01
-2.18e+02,-6.34e+01,1.98e+02,5.40e+01
-2.24e+02,-5.22e+01,2.03e+02,5.70e+01
-2.17e+02,-5.49e+01,2.03e+02,5.80e+01
-2.17e+02,-5.43e+01,2.04e+02,5.70e+01
-2.20e+02,-6.50e+01,1.99e+02,5.40e+01
-2.26e+02,-5.60e+01,2.03e+02,5.70e+01
-2.19e+02,-5.88e+01,1.97e+02,5.40e+01
-2.31e+02,-6.61e+01,1.99e+02,5.40e+01
-2.36e+02,-6.24e+01,1.97e+02,5.40e+01
-2.98e+02,-7.02e+01,1.97e+02,5.40e+01
-2.24e+02,-5.88e+01,2.01e+02,5.40e+01
-2.18e+02,-6.59e+01,2.04e+02,5.70e+01
-2.33e+02,-5.85e+01,2.05e+02,5.80e+01
-2.66e+02,-6.44e+01,1.97e+02,5.40e+01
-2.15e+02,-5.60e+01,2.03e+02,5.70e+01
-2.17e+02,-6.23e+01,2.04e+02,5.80e+01
-2.17e+02,-5.73e+01,2.00e+02,5.40e+01
-2.89e+02,-6.02e+01,2.00e+02,5.40e+01
-2.23e+02,-6.11e+01,1.99e+02,5.40e+01
-2.24e+02,-5.73e+01,2.00e+02,5.40e+01
-2.22e+02,-5.53e+01,2.04e+02,5.70e+01
-2.33e+02,-5.95e+01,2.03e+02,5.70e+01
-2.18e+02,-6.14e+01,1.99e+02,5.40e+01
-3.57e+02,-6.75e+01,2.01e+02,5.50e+01
-2.24e+02,-6.31e+01,1.98e+02,5.40e+01
-2.17e+02,-6.01e+01,1.99e+02,5.40e+01
-2.21e+02,-6.14e+01,1.97e+02,5.40e+01
-4.50e+02,-2.00e+02,1.98e+02,5.40e+01
-2.16e+02,-6.50e+01,2.01e+02,5.40e+01
-2.11e+02,-4.96e+01,2.03e+02,5.70e+01
-2.36e+02,-6.15e+01,2.02e+02,5.70e+01
-2.96e+02,-5.93e+01,1.99e+02,5.50e+01
-2.25e+02,-5.01e+01,2.03e+02,5.70e+01
-2.17e+02,-5.59e+01,1.99e+02,5.50e+01
-2.31e+02,-5.93e+01,1.99e+02,5.40e+01
-2.23e+02,-5.51e+01,2.02e+02,5.70e+01
-2.91e+02,-6.97e+01,1.97e+02,5.40e+01
-2.15e+02,-5.74e+01,1.98e+02,5.40e+01
-2.28e+02,-6.00e+01,1.97e+02,5.40e+01
-2.23e+02,-7.20e+01,1.98e+02,5.40e+01
-2.18e+02,-6.35e+01,2.00e+02,5.40e+01
-2.25e+02,-5.68e+01,1.97e+02,5.40e+01
-2.30e+02,-5.95e+01,2.00e+02,5.60e+01
-2.30e+02,-5.74e+01,1.99e+02,5.50e+01
-2.24e+02,-5.89e+01,1.97e+02,5.40e+01
-2.34e+02,-8.17e+01,1.97e+02,5.40e+01
-2.21e+02,-7.12e+01,2.00e+02,5.40e+01
-2.12e+02,-4.80e+01,2.03e+02,5.70e+01
-2.33e+02,-7.45e+01,1.98e+02,5.40e+01
-2.35e+02,-8.35e+01,1.98e+02,5.40e+01
-4.42e+02,-1.51e+02,2.01e+02,5.50e+01
-2.18e+02,-5.63e+01,2.02e+02,5.70e+01
-2.20e+02,-7.00e+01,2.00e+02,5.40e+01
-2.22e+02,-4.88e+01,2.03e+02,5.70e+01
-3.81e+02,-9.03e+01,2.04e+02,5.70e+01
-2.24e+02,-7.04e+01,2.02e+02,5.40e+01
-2.24e+02,-6.45e+01,2.02e+02,5.40e+01
-2.27e+02,-6.76e+01,1.98e+02,5.40e+01
-2.15e+02,-5.01e+01,2.04e+02,5.70e+01
-2.22e+02,-4.47e+01,2.02e+02,5.70e+01
-2.22e+02,-6.57e+01,2.00e+02,5.40e+01
-2.93e+02,-6.61e+01,1.99e+02,5.40e+01
-2.31e+02,-5.93e+01,2.03e+02,5.70e+01
-2.15e+02,-5.94e+01,1.98e+02,5.40e+01
-2.17e+02,-6.04e+01,2.02e+02,5.60e+01
-2.22e+02,-5.52e+01,1.98e+02,5.40e+01
-2.23e+02,-6.97e+01,1.99e+02,5.40e+01
-2.20e+02,-6.93e+01,2.00e+02,5.50e+01
-2.36e+02,-8.81e+01,1.97e+02,5.40e+01
-2.22e+02,-7.40e+01,1.98e+02,5.40e+01
-4.07e+02,-6.87e+01,2.00e+02,5.50e+01
-2.22e+02,-6.20e+01,1.99e+02,5.50e+01
-3.66e+02,-8.90e+01,2.00e+02,5.40e+01
-2.28e+02,-6.70e+01,2.00e+02,5.50e+01
-2.14e+02,-5.57e+01,2.01e+02,5.50e+01
-2.21e+02,-5.40e+01,2.02e+02,5.70e+01
-2.23e+02,-6.84e+01,1.99e+02,5.40e+01
-2.15e+02,-5.60e+01,2.05e+02,5.80e+01
-2.21e+02,-5.20e+01,2.03e+02,5.70e+01
-2.20e+02,-6.40e+01,2.00e+02,5.60e+01
-2.24e+02,-6.39e+01,1.98e+02,5.40e+01
-2.47e+02,-6.65e+01,1.98e+02,5.40e+01
-2.93e+02,-6.20e+01,1.98e+02,5.40e+01
-2.16e+02,-4.82e+01,2.01e+02,5.60e+01
-2.25e+02,-6.19e+01,1.97e+02,5.40e+01
-2.29e+02,-5.84e+01,1.97e+02,5.40e+01
-2.22e+02,-6.29e+01,2.02e+02,5.40e+01
-2.26e+02,-6.01e+01,1.98e+02,5.40e+01
-3.66e+02,-7.30e+01,2.03e+02,5.70e+01
-2.16e+02,-5.74e+01,1.98e+02,5.40e+01
-2.22e+02,-5.15e+01,2.03e+02,5.70e+01
-2.15e+02,-5.27e+01,1.99e+02,5.40e+01
-3.76e+02,-1.04e+02,1.99e+02,5.40e+01
-2.97e+02,-8.90e+01,2.04e+02,5.70e+01
-2.19e+02,-4.73e+01,2.03e+02,5.80e+01
-2.21e+02,-6.67e+01,1.99e+02,5.40e+01
-2.20e+02,-5.77e+01,2.03e+02,5.40e+01
-2.24e+02,-5.33e+01,2.03e+02,5.40e+01
-2.17e+02,-6.95e+01,1.99e+02,5.40e+01
-2.15e+02,-6.01e+01,2.02e+02,5.40e+01
-2.23e+02,-5.70e+01,1.98e+02,5.40e+01
-2.20e+02,-5.57e+01,2.02e+02,5.50e+01
-2.19e+02,-5.83e+01,2.04e+02,5.70e+01
-2.18e+02,-5.00e+01,2.03e+02,5.70e+01
-2.74e+02,-5.28e+01,2.03e+02,5.70e+01
-2.15e+02,-6.89e+01,2.00e+02,5.60e+01
-2.14e+02,-4.85e+01,2.03e+02,5.70e+01
-2.18e+02,-6.39e+01,1.99e+02,5.50e+01
-3.66e+02,-9.88e+01,2.03e+02,5.70e+01
-2.17e+02,-5.94e+01,2.01e+02,5.40e+01
-2.20e+02,-5.93e+01,2.02e+02,5.50e+01
-2.15e+02,-5.64e+01,1.99e+02,5.40e+01
-2.13e+02,-6.13e+01,2.03e+02,5.50e+01
-2.46e+02,-6.64e+01,2.01e+02,5.50e+01
-2.14e+02,-5.41e+01,1.99e+02,5.40e+01
-2.80e+02,-7.08e+01,2.03e+02,5.70e+01
-2.19e+02,-6.65e+01,1.99e+02,5.40e+01
-2.17e+02,-5.32e+01,2.03e+02,5.70e+01
-2.25e+02,-6.86e+01,1.98e+02,5.40e+01
-2.18e+02,-6.31e+01,2.00e+02,5.50e+01
-2.26e+02,-6.72e+01,1.98e+02,5.50e+01
-2.26e+02,-8.10e+01,1.98e+02,5.40e+01
-2.19e+02,-5.61e+01,2.00e+02,5.40e+01
-4.72e+02,-3.31e+02,1.98e+02,5.40e+01
-2.24e+02,-5.54e+01,1.97e+02,5.40e+01
-2.16e+02,-5.48e+01,2.02e+02,5.70e+01
