-3.41e+02,-1.61e+02,2.00e+01,1.20e+01
-3.51e+02,-1.33e+02,1.60e+01,1.10e+01
-3.40e+02,-1.74e+02,2.10e+01,1.20e+01
-3.47e+02,-1.68e+02,1.50e+01,1.10e+01
-3.15e+02,-1.33e+02,1.70e+01,1.20e+01
-3.46e+02,-1.59e+02,2.00e+01,1.30e+01
-3.73e+02,-1.52e+02,1.50e+01,1.20e+01
-3.40e+02,-1.42e+02,1.90e+01,1.20e+01
-3.54e+02,-1.17e+02,1.60e+01,1.20e+01
-3.44e+02,-1.58e+02,1.90e+01,1.20e+01
-3.51e+02,-1.79e+02,1.80e+01,1.40e+01
-3.25e+02,-1.85e+02,1.70e+01,1.10e+01
-3.71e+02,-1.64e+02,1.40e+01,1.10e+01
-3.42e+02,-1.38e+02,1.50e+01,1.20e+01
-3.75e+02,-1.61e+02,1.50e+01,1.10e+01
-3.33e+02,-1.64e+02,1.40e+01,1.10e+01
-3.39e+02,-1.65e+02,1.90e+01,1.20e+01
-3.42e+02,-1.73e+02,2.10e+01,1.30e+01
-3.22e+02,-1.77e+02,2.00e+01,1.20e+01
-3.66e+02,-1.45e+02,2.20e+01,1.20e+01
-3.91e+02,-2.12e+02,1.60e+01,1.20e+01
-3.50e+02,-1.70e+02,1.60e+01,1.10e+01
-5.00e+02,-5.00e+02,1.50e+01,1.20e+01
-3.96e+02,-1.48e+02,1.50e+01,1.10e+01
-3.44e+02,-1.45e+02,2.10e+01,1.20e+01
-3.16e+02,-1.54e+02,2.10e+01,1.30e+01
-3.58e+02,-1.65e+02,2.10e+01,1.20e+01
-3.40e+02,-1.68e+02,1.60e+01,1.30e+01
-3.67e+02,-1.19e+02,2.10e+01,1.30e+01
-3.43e+02,-1.80e+02,1.50e+01,1.10e+01
-3.40e+02,-1.30e+02,2.00e+01,1.30e+01
-3.38e+02,-1.49e+02,1.80e+01,1.20e+01
-3.32e+02,-2.05e+02,2.10e+01,1.30e+01
-4.39e+02,-1.50e+02,1.70e+01,1.20e+01
-3.47e+02,-1.69e+02,1.50e+01,1.10e+01
-3.59e+02,-1.63e+02,1.90e+01,1.40e+01
-4.70e+02,-3.19e+02,2.00e+01,1.20e+01
-3.46e+02,-1.69e+02,1.80e+01,1.20e+01
-3.49e+02,-1.41e+02,2.20e+01,1.30e+01
-4.46e+02,-3.27e+02,1.70e+01,1.10e+01
-3.82e+02,-1.91e+02,2.20e+01,1.20e+01
-4.76e+02,-3.55e+02,1.70e+01,1.10e+01
-3.17e+02,-1.26e+02,2.20e+01,1.20e+01
-3.84e+02,-1.77e+02,1.50e+01,1.10e+01
-3.35e+02,-1.51e+02,1.90e+01,1.50e+01
-4.77e+02,-3.63e+02,1.70e+01,1.30e+01
-4.86e+02,-4.18e+02,2.00e+01,1.30e+01
-3.79e+02,-2.13e+02,1.50e+01,1.10e+01
-3.51e+02,-2.12e+02,1.70e+01,1.20e+01
-3.21e+02,-1.53e+02,2.10e+01,1.20e+01
-3.27e+02,-1.41e+02,1.70e+01,1.20e+01
-3.49e+02,-1.64e+02,2.20e+01,1.20e+01
-3.59e+02,-1.57e+02,1.60e+01,1.10e+01
-3.38e+02,-1.58e+02,1.80e+01,1.10e+01
-3.54e+02,-1.70e+02,1.70e+01,1.10e+01
-3.30e+02,-1.85e+02,1.80e+01,1.10e+01
-3.65e+02,-1.45e+02,1.60e+01,1.20e+01
-4.01e+02,-2.32e+02,1.50e+01,1.10e+01
-3.47e+02,-1.46e+02,1.60e+01,1.10e+01
-3.39e+02,-1.51e+02,1.60e+01,1.10e+01
-3.21e+02,-1.55e+02,2.10e+01,1.20e+01
-3.46e+02,-1.92e+02,2.00e+01,1.20e+01
-3.63e+02,-1.68e+02,1.80e+01,1.10e+01
-3.23e+02,-1.55e+02,2.10e+01,1.30e+01
-3.46e+02,-1.52e+02,1.60e+01,1.10e+01
-3.54e+02,-1.91e+02,2.10e+01,1.20e+01
-3.53e+02,-1.59e+02,2.10e+01,1.20e+01
-3.18e+02,-1.42e+02,2.00e+01,1.20e+01
-3.42e+02,-2.23e+02,2.00e+01,1.20e+01
-3.28e+02,-1.50e+02,1.90e+01,1.50e+01
-3.38e+02,-1.63e+02,1.80e+01,1.20e+01
-3.24e+02,-1.43e+02,2.10e+01,1.30e+01
-3.36e+02,-1.36e+02,1.60e+01,1.10e+01
-3.47e+02,-1.64e+02,2.00e+01,1.20e+01
-3.67e+02,-1.89e+02,1.60e+01,1.20e+01
-3.65e+02,-1.56e+02,1.60e+01,1.20e+01
-3.28e+02,-1.57e+02,2.10e+01,1.20e+01
-3.38e+02,-1.67e+02,1.50e+01,1.10e+01
-3.18e+02,-1.83e+02,2.30e+01,1.30e+01
-3.19e+02,-1.57e+02,2.00e+01,1.20e+01
-3.41e+02,-1.69e+02,1.80e+01,1.20e+01
-3.44e+02,-1.45e+02,1.70e+01,1.10e+01
-4.14e+02,-1.52e+02,2.00e+01,1.20e+01
-3.38e+02,-1.88e+02,2.10e+01,1.20e+01
-3.59e+02,-1.67e+02,2.10e+01,1.30e+01
-3.52e+02,-2.26e+02,1.80e+01,1.20e+01
-3.58e+02,-1.56e+02,1.70e+01,1.20e+01
-3.56e+02,-1.47e+02,1.60e+01,1.20e+01
-4.52e+02,-3.67e+02,2.10e+01,1.20e+01
-3.66e+02,-1.60e+02,2.10e+01,1.20e+01
-3.07e+02,-1.48e+02,1.60e+01,1.20e+01
-3.47e+02,-1.56e+02,1.70e+01,1.10e+01
-3.49e+02,-1.65e+02,1.70e+01,1.30e+01
-3.39e+02,-1.68e+02,1.70e+01,1.20e+01
-3.56e+02,-1.68e+02,2.20e+01,1.20e+01
-3.34e+02,-1.54e+02,2.20e+01,1.20e+01
