-2.35e+02,-7.51e+01,9.00e+00,1.10e+01
-2.25e+02,-6.85e+01,1.00e+01,1.10e+01
-2.51e+02,-9.26e+01,9.00e+00,1.10e+01
-2.29e+02,-7.10e+01,9.00e+00,1.10e+01
-2.22e+02,-7.41e+01,1.30e+01,1.20e+01
-2.27e+02,-7.72e+01,1.00e+01,1.10e+01
-2.37e+02,-8.14e+01,9.00e+00,1.10e+01
-2.27e+02,-7.26e+01,1.10e+01,1.10e+01
-2.34e+02,-8.14e+01,1.00e+01,1.10e+01
-2.31e+02,-8.11e+01,9.00e+00,1.10e+01
-2.36e+02,-7.51e+01,1.10e+01,1.10e+01
-2.45e+02,-9.07e+01,1.00e+01,1.10e+01
-2.29e+02,-8.12e+01,9.00e+00,1.10e+01
-2.21e+02,-6.00e+01,1.30e+01,1.20e+01
-2.30e+02,-7.58e+01,1.00e+01,1.10e+01
-2.36e+02,-8.97e+01,9.00e+00,1.10e+01
-2.38e+02,-7.86e+01,9.00e+00,1.10e+01
-2.26e+02,-7.24e+01,9.00e+00,1.10e+01
-4.39e+02,-2.73e+02,1.00e+01,1.20e+01
-2.36e+02,-8.16e+01,9.00e+00,1.10e+01
-4.59e+02,-2.55e+02,1.00e+01,1.10e+01
-4.92e+02,-4.53e+02,1.00e+01,1.10e+01
-3.14e+02,-9.02e+01,1.00e+01,1.10e+01
-2.25e+02,-7.81e+01,1.00e+01,1.10e+01
-2.72e+02,-8.41e+01,1.00e+01,1.10e+01
-2.32e+02,-8.76e+01,1.00e+01,1.10e+01
-2.33e+02,-8.75e+01,9.00e+00,1.10e+01
-5.00e+02,-5.00e+02,1.00e+01,1.10e+01
-4.58e+02,-2.48e+02,9.00e+00,1.10e+01
-3.26e+02,-1.37e+02,1.40e+01,1.20e+01
-2.50e+02,-7.70e+01,1.00e+01,1.10e+01
-2.87e+02,-6.83e+01,1.10e+01,1.10e+01
-2.34e+02,-8.03e+01,9.00e+00,1.10e+01
-5.00e+02,-4.98e+02,1.00e+01,1.10e+01
-4.44e+02,-1.93e+02,1.40e+01,1.20e+01
-2.29e+02,-7.62e+01,1.40e+01,1.20e+01
-2.29e+02,-7.86e+01,9.00e+00,1.10e+01
-2.32e+02,-7.84e+01,9.00e+00,1.10e+01
-2.94e+02,-9.14e+01,1.10e+01,1.10e+01
-2.69e+02,-8.75e+01,1.10e+01,1.10e+01
-2.30e+02,-8.17e+01,1.10e+01,1.10e+01
-2.30e+02,-7.00e+01,9.00e+00,1.10e+01
-2.45e+02,-8.11e+01,1.00e+01,1.10e+01
-2.88e+02,-7.65e+01,9.00e+00,1.10e+01
-2.27e+02,-7.82e+01,1.10e+01,1.10e+01
-2.58e+02,-9.49e+01,1.10e+01,1.10e+01
-2.71e+02,-9.34e+01,1.00e+01,1.10e+01
-2.37e+02,-8.00e+01,1.00e+01,1.10e+01
-2.88e+02,-5.58e+01,9.00e+00,1.10e+01
-2.33e+02,-8.60e+01,1.00e+01,1.10e+01
-2.85e+02,-5.85e+01,1.00e+01,1.10e+01
-2.56e+02,-7.66e+01,1.10e+01,1.10e+01
-2.26e+02,-7.77e+01,1.20e+01,1.10e+01
-2.24e+02,-7.41e+01,1.00e+01,1.10e+01
-5.00e+02,-5.00e+02,9.00e+00,1.10e+01
-4.48e+02,-1.91e+02,1.00e+01,1.10e+01
-2.81e+02,-6.74e+01,9.00e+00,1.10e+01
-5.00e+02,-5.00e+02,9.00e+00,1.10e+01
-5.00e+02,-5.00e+02,1.30e+01,1.20e+01
-3.24e+02,-1.04e+02,1.00e+01,1.10e+01
-2.30e+02,-7.08e+01,9.00e+00,1.10e+01
-2.29e+02,-7.50e+01,9.00e+00,1.10e+01
-2.22e+02,-7.24e+01,9.00e+00,1.10e+01
-2.32e+02,-8.14e+01,1.00e+01,1.10e+01
-3.17e+02,-7.77e+01,9.00e+00,1.10e+01
-2.33e+02,-8.17e+01,1.00e+01,1.10e+01
-2.36e+02,-8.80e+01,9.00e+00,1.10e+01
-4.93e+02,-4.61e+02,1.00e+01,1.10e+01
-2.31e+02,-7.40e+01,9.00e+00,1.10e+01
-2.29e+02,-7.53e+01,1.00e+01,1.10e+01
-2.34e+02,-8.04e+01,1.00e+01,1.10e+01
-2.32e+02,-7.58e+01,9.00e+00,1.10e+01
-2.33e+02,-9.11e+01,1.10e+01,1.10e+01
-2.23e+02,-7.04e+01,9.00e+00,1.10e+01
-2.39e+02,-7.65e+01,1.00e+01,1.20e+01
-3.37e+02,-1.00e+02,1.00e+01,1.10e+01
-2.92e+02,-7.36e+01,1.30e+01,1.20e+01
-2.37e+02,-8.36e+01,9.00e+00,1.10e+01
-3.18e+02,-1.04e+02,1.00e+01,1.10e+01
-2.21e+02,-7.12e+01,9.00e+00,1.10e+01
-3.25e+02,-7.99e+01,1.00e+01,1.10e+01
-3.11e+02,-8.82e+01,1.00e+01,1.10e+01
-5.00e+02,-5.00e+02,9.00e+00,1.10e+01
-2.32e+02,-7.86e+01,1.00e+01,1.10e+01
-2.82e+02,-7.82e+01,1.00e+01,1.10e+01
-2.31e+02,-7.31e+01,1.00e+01,1.10e+01
-5.00e+02,-5.00e+02,1.10e+01,1.20e+01
-2.75e+02,-1.01e+02,1.00e+01,1.10e+01
-3.07e+02,-1.05e+02,1.00e+01,1.10e+01
-2.27e+02,-7.92e+01,1.40e+01,1.20e+01
-2.48e+02,-7.95e+01,9.00e+00,1.10e+01
-2.40e+02,-8.31e+01,1.10e+01,1.10e+01
-2.34e+02,-7.14e+01,9.00e+00,1.10e+01
-2.33e+02,-6.29e+01,1.30e+01,1.20e+01
-2.27e+02,-7.72e+01,9.00e+00,1.10e+01
-2.27e+02,-7.93e+01,9.00e+00,1.10e+01
-2.31e+02,-8.23e+01,1.00e+01,1.10e+01
-3.05e+02,-8.10e+01,1.00e+01,1.10e+01
-2.26e+02,-7.58e+01,1.00e+01,1.10e+01
-2.29e+02,-8.19e+01,9.00e+00,1.10e+01
-5.00e+02,-5.00e+02,1.30e+01,1.20e+01
-2.44e+02,-6.99e+01,9.00e+00,1.10e+01
-2.25e+02,-6.37e+01,1.00e+01,1.10e+01
-2.41e+02,-7.02e+01,9.00e+00,1.10e+01
-2.32e+02,-8.17e+01,9.00e+00,1.10e+01
-3.46e+02,-1.30e+02,1.10e+01,1.10e+01
-3.16e+02,-1.12e+02,1.00e+01,1.10e+01
-4.41e+02,-3.46e+02,1.10e+01,1.10e+01
-5.00e+02,-5.00e+02,1.00e+01,1.10e+01
-3.22e+02,-9.19e+01,1.00e+01,1.10e+01
-4.56e+02,-2.35e+02,1.40e+01,1.20e+01
-2.40e+02,-7.57e+01,1.00e+01,1.10e+01
-2.69e+02,-7.63e+01,1.00e+01,1.10e+01
-2.50e+02,-8.09e+01,1.00e+01,1.10e+01
-2.28e+02,-7.64e+01,1.00e+01,1.20e+01
-3.40e+02,-9.48e+01,9.00e+00,1.10e+01
-3.07e+02,-8.86e+01,1.00e+01,1.10e+01
-5.00e+02,-5.00e+02,9.00e+00,1.10e+01
-2.27e+02,-7.51e+01,1.00e+01,1.10e+01
-3.18e+02,-7.34e+01,1.00e+01,1.10e+01
-2.32e+02,-8.69e+01,1.00e+01,1.10e+01
-3.04e+02,-7.37e+01,1.10e+01,1.10e+01
-2.28e+02,-7.82e+01,9.00e+00,1.10e+01
-5.00e+02,-5.00e+02,9.00e+00,1.10e+01
-2.38e+02,-9.71e+01,9.00e+00,1.10e+01
-2.37e+02,-7.95e+01,9.00e+00,1.10e+01
-2.87e+02,-7.19e+01,9.00e+00,1.10e+01
-2.31e+02,-7.53e+01,1.30e+01,1.20e+01
-2.69e+02,-7.06e+01,1.00e+01,1.10e+01
-4.58e+02,-2.52e+02,1.00e+01,1.10e+01
-3.18e+02,-6.95e+01,9.00e+00,1.10e+01
-2.25e+02,-7.54e+01,1.00e+01,1.10e+01
-2.29e+02,-8.09e+01,1.10e+01,1.10e+01
-3.14e+02,-1.06e+02,1.00e+01,1.10e+01
-3.14e+02,-6.43e+01,9.00e+00,1.10e+01
-5.00e+02,-5.00e+02,1.00e+01,1.10e+01
-2.34e+02,-7.65e+01,1.00e+01,1.10e+01
-4.90e+02,-4.42e+02,1.00e+01,1.10e+01
-2.29e+02,-7.17e+01,1.00e+01,1.10e+01
-2.50e+02,-7.29e+01,1.00e+01,1.10e+01
-2.88e+02,-5.95e+01,9.00e+00,1.10e+01
-3.04e+02,-6.36e+01,1.00e+01,1.10e+01
-2.32e+02,-8.61e+01,1.00e+01,1.10e+01
-2.30e+02,-7.46e+01,9.00e+00,1.10e+01
-2.31e+02,-8.11e+01,1.00e+01,1.10e+01
-3.29e+02,-1.16e+02,1.10e+01,1.10e+01
-2.53e+02,-9.77e+01,1.10e+01,1.10e+01
-4.15e+02,-2.31e+02,1.10e+01,1.10e+01
-2.29e+02,-7.95e+01,1.00e+01,1.10e+01
-2.25e+02,-6.46e+01,1.00e+01,1.10e+01
-2.34e+02,-7.17e+01,9.00e+00,1.10e+01
-2.47e+02,-7.94e+01,9.00e+00,1.10e+01
-4.94e+02,-4.64e+02,1.00e+01,1.10e+01
-4.17e+02,-2.29e+02,1.20e+01,1.10e+01
-2.74e+02,-1.07e+02,1.00e+01,1.20e+01
-2.71e+02,-1.12e+02,1.10e+01,1.10e+01
-3.14e+02,-1.02e+02,1.00e+01,1.10e+01
-2.69e+02,-1.09e+02,1.00e+01,1.10e+01
-2.27e+02,-8.19e+01,9.00e+00,1.10e+01
-2.48e+02,-7.42e+01,1.00e+01,1.10e+01
-5.00e+02,-5.00e+02,9.00e+00,1.10e+01
-3.06e+02,-8.26e+01,1.00e+01,1.10e+01
-2.26e+02,-7.74e+01,1.10e+01,1.10e+01
-2.54e+02,-7.64e+01,1.10e+01,1.10e+01
-2.22e+02,-7.14e+01,9.00e+00,1.10e+01
-3.41e+02,-1.09e+02,9.00e+00,1.10e+01
-2.52e+02,-8.61e+01,1.10e+01,1.10e+01
-4.42e+02,-1.85e+02,1.10e+01,1.10e+01
-2.37e+02,-9.44e+01,1.00e+01,1.10e+01
-3.09e+02,-6.26e+01,1.00e+01,1.10e+01
-2.47e+02,-7.28e+01,1.00e+01,1.10e+01
-5.00e+02,-5.00e+02,1.10e+01,1.10e+01
-3.08e+02,-8.09e+01,1.00e+01,1.10e+01
-2.28e+02,-8.20e+01,9.00e+00,1.10e+01
-2.36e+02,-8.21e+01,1.00e+01,1.10e+01
-2.40e+02,-7.86e+01,1.40e+01,1.20e+01
-2.29e+02,-7.65e+01,9.00e+00,1.10e+01
-3.14e+02,-9.04e+01,1.40e+01,1.20e+01
-2.35e+02,-6.29e+01,1.30e+01,1.20e+01
-2.31e+02,-7.57e+01,1.00e+01,1.10e+01
-2.26e+02,-7.94e+01,1.00e+01,1.10e+01
-2.29e+02,-7.83e+01,1.10e+01,1.10e+01
-2.34e+02,-6.86e+01,9.00e+00,1.10e+01
-4.57e+02,-2.42e+02,1.00e+01,1.10e+01
-2.55e+02,-8.11e+01,9.00e+00,1.10e+01
-4.61e+02,-2.69e+02,9.00e+00,1.10e+01
-2.26e+02,-7.47e+01,1.00e+01,1.10e+01
-3.00e+02,-8.82e+01,1.10e+01,1.10e+01
-3.16e+02,-7.25e+01,9.00e+00,1.10e+01
-2.37e+02,-9.07e+01,9.00e+00,1.10e+01
-4.49e+02,-2.56e+02,9.00e+00,1.10e+01
-2.26e+02,-7.57e+01,1.00e+01,1.10e+01
