-2.22e+02,-6.87e+01,3.10e+01,1.50e+01
-2.17e+02,-5.17e+01,3.20e+01,1.60e+01
-2.18e+02,-5.28e+01,3.10e+01,1.50e+01
-2.16e+02,-6.10e+01,3.40e+01,1.70e+01
-2.18e+02,-6.29e+01,3.30e+01,1.70e+01
-2.21e+02,-5.92e+01,3.20e+01,1.50e+01
-2.17e+02,-5.57e+01,3.10e+01,1.50e+01
-2.14e+02,-5.11e+01,3.40e+01,1.70e+01
-2.24e+02,-6.13e+01,3.20e+01,1.50e+01
-2.36e+02,-6.08e+01,3.30e+01,1.70e+01
-2.20e+02,-5.91e+01,3.10e+01,1.50e+01
-2.17e+02,-5.58e+01,3.30e+01,1.70e+01
-2.29e+02,-5.30e+01,3.20e+01,1.50e+01
-2.17e+02,-5.32e+01,3.10e+01,1.50e+01
-2.21e+02,-5.79e+01,3.40e+01,1.70e+01
-2.25e+02,-6.29e+01,3.20e+01,1.50e+01
-3.43e+02,-1.02e+02,3.10e+01,1.50e+01
-2.95e+02,-6.47e+01,3.10e+01,1.50e+01
-2.19e+02,-6.42e+01,3.50e+01,1.70e+01
-2.16e+02,-5.66e+01,3.10e+01,1.50e+01
-2.21e+02,-6.22e+01,3.20e+01,1.50e+01
-2.23e+02,-6.70e+01,3.10e+01,1.50e+01
-4.50e+02,-1.99e+02,3.10e+01,1.50e+01
-2.18e+02,-5.52e+01,3.20e+01,1.60e+01
-2.34e+02,-7.39e+01,3.20e+01,1.50e+01
-2.17e+02,-5.73e+01,3.10e+01,1.50e+01
-3.73e+02,-9.87e+01,3.30e+01,1.50e+01
-2.23e+02,-6.53e+01,3.20e+01,1.50e+01
-4.48e+02,-1.88e+02,3.20e+01,1.50e+01
-2.26e+02,-5.63e+01,3.40e+01,1.60e+01
-3.06e+02,-9.10e+01,3.10e+01,1.50e+01
-2.24e+02,-5.44e+01,3.10e+01,1.50e+01
-2.17e+02,-5.84e+01,3.20e+01,1.50e+01
-2.91e+02,-7.00e+01,3.10e+01,1.50e+01
-5.00e+02,-5.00e+02,3.40e+01,1.70e+01
-2.16e+02,-4.90e+01,3.20e+01,1.50e+01
-5.00e+02,-4.99e+02,3.20e+01,1.60e+01
-2.31e+02,-5.34e+01,3.20e+01,1.50e+01
-2.87e+02,-6.52e+01,3.10e+01,1.50e+01
-3.33e+02,-1.09e+02,3.30e+01,1.60e+01
-4.34e+02,-1.03e+02,3.30e+01,1.60e+01
-2.19e+02,-6.19e+01,3.30e+01,1.70e+01
-4.98e+02,-4.87e+02,3.50e+01,1.70e+01
-2.22e+02,-6.69e+01,3.20e+01,1.50e+01
-2.22e+02,-5.57e+01,3.30e+01,1.60e+01
-4.81e+02,-3.93e+02,3.20e+01,1.50e+01
-2.20e+02,-5.67e+01,3.20e+01,1.50e+01
-2.21e+02,-6.36e+01,3.50e+01,1.70e+01
-2.23e+02,-6.54e+01,3.20e+01,1.50e+01
-2.24e+02,-6.15e+01,3.20e+01,1.50e+01
-2.19e+02,-5.82e+01,3.10e+01,1.50e+01
-2.32e+02,-6.90e+01,3.50e+01,1.80e+01
-2.18e+02,-5.04e+01,3.40e+01,1.70e+01
-2.24e+02,-6.12e+01,3.20e+01,1.50e+01
-4.76e+02,-3.59e+02,3.30e+01,1.60e+01
-4.76e+02,-3.59e+02,3.20e+01,1.50e+01
-2.24e+02,-5.81e+01,3.50e+01,1.70e+01
-2.27e+02,-6.53e+01,3.30e+01,1.50e+01
-3.73e+02,-1.18e+02,3.20e+01,1.50e+01
-2.86e+02,-6.92e+01,3.10e+01,1.50e+01
-2.13e+02,-5.84e+01,3.40e+01,1.80e+01
-2.11e+02,-5.63e+01,3.20e+01,1.50e+01
-2.21e+02,-5.99e+01,3.40e+01,1.70e+01
-3.94e+02,-1.30e+02,3.20e+01,1.50e+01
-5.00e+02,-4.99e+02,3.50e+01,1.70e+01
-2.20e+02,-6.66e+01,3.20e+01,1.50e+01
-2.20e+02,-6.03e+01,3.10e+01,1.50e+01
-2.18e+02,-5.75e+01,3.20e+01,1.50e+01
-2.25e+02,-6.25e+01,3.30e+01,1.60e+01
-2.17e+02,-5.73e+01,3.10e+01,1.50e+01
-2.29e+02,-5.70e+01,3.40e+01,1.70e+01
-4.95e+02,-4.70e+02,3.30e+01,1.60e+01
-2.85e+02,-6.45e+01,3.10e+01,1.50e+01
-5.00e+02,-5.00e+02,3.40e+01,1.70e+01
-5.00e+02,-5.00e+02,3.40e+01,1.70e+01
-2.18e+02,-6.29e+01,3.20e+01,1.60e+01
-2.21e+02,-5.45e+01,3.20e+01,1.50e+01
-2.86e+02,-6.39e+01,3.40e+01,1.70e+01
-2.15e+02,-6.00e+01,3.40e+01,1.70e+01
-2.18e+02,-4.90e+01,3.50e+01,1.70e+01
-4.97e+02,-4.81e+02,3.20e+01,1.50e+01
-4.95e+02,-4.73e+02,3.20e+01,1.50e+01
-2.21e+02,-5.69e+01,3.20e+01,1.50e+01
-2.22e+02,-6.89e+01,3.10e+01,1.50e+01
-2.20e+02,-5.89e+01,3.10e+01,1.50e+01
-2.21e+02,-5.99e+01,3.20e+01,1.50e+01
-4.43e+02,-1.61e+02,3.20e+01,1.50e+01
-4.93e+02,-4.73e+02,3.50e+01,1.70e+01
-2.15e+02,-5.04e+01,3.20e+01,1.50e+01
-2.35e+02,-6.00e+01,3.10e+01,1.50e+01
-3.71e+02,-9.81e+01,3.20e+01,1.50e+01
-2.35e+02,-5.93e+01,3.20e+01,1.60e+01
-4.75e+02,-4.14e+02,3.20e+01,1.50e+01
-4.90e+02,-4.41e+02,3.30e+01,1.60e+01
-2.21e+02,-6.41e+01,3.30e+01,1.50e+01
-2.23e+02,-5.66e+01,3.10e+01,1.50e+01
-2.18e+02,-4.94e+01,3.20e+01,1.60e+01
-2.17e+02,-5.46e+01,3.40e+01,1.80e+01
-2.24e+02,-5.88e+01,3.10e+01,1.50e+01
-2.17e+02,-5.91e+01,3.20e+01,1.50e+01
-4.87e+02,-4.24e+02,3.20e+01,1.60e+01
-2.19e+02,-5.79e+01,3.20e+01,1.50e+01
-2.20e+02,-5.61e+01,3.20e+01,1.50e+01
-2.28e+02,-7.10e+01,3.50e+01,1.70e+01
-5.00e+02,-5.00e+02,3.10e+01,1.50e+01
-4.93e+02,-4.61e+02,3.50e+01,1.70e+01
-2.33e+02,-6.47e+01,3.30e+01,1.60e+01
-2.22e+02,-5.55e+01,3.30e+01,1.50e+01
-2.19e+02,-6.58e+01,3.20e+01,1.50e+01
-2.14e+02,-5.73e+01,3.20e+01,1.50e+01
-2.22e+02,-6.79e+01,3.20e+01,1.60e+01
-2.20e+02,-5.85e+01,3.30e+01,1.60e+01
-4.99e+02,-4.93e+02,3.20e+01,1.50e+01
-5.00e+02,-4.99e+02,3.10e+01,1.50e+01
-2.17e+02,-5.49e+01,3.20e+01,1.60e+01
-3.37e+02,-9.04e+01,3.30e+01,1.60e+01
-2.15e+02,-5.80e+01,3.10e+01,1.50e+01
-4.64e+02,-2.88e+02,3.20e+01,1.50e+01
-4.49e+02,-1.97e+02,3.10e+01,1.50e+01
-4.59e+02,-2.53e+02,3.30e+01,1.60e+01
-2.59e+02,-9.14e+01,3.30e+01,1.60e+01
-2.20e+02,-6.74e+01,3.20e+01,1.50e+01
-2.16e+02,-6.05e+01,3.20e+01,1.60e+01
-2.18e+02,-5.29e+01,3.20e+01,1.50e+01
-2.49e+02,-6.70e+01,3.20e+01,1.50e+01
-2.20e+02,-6.90e+01,3.20e+01,1.50e+01
-2.22e+02,-6.18e+01,3.20e+01,1.60e+01
-2.29e+02,-7.30e+01,3.20e+01,1.50e+01
-2.14e+02,-5.58e+01,3.40e+01,1.70e+01
-2.28e+02,-6.26e+01,3.10e+01,1.50e+01
-2.14e+02,-6.16e+01,3.30e+01,1.50e+01
-2.44e+02,-5.16e+01,3.30e+01,1.60e+01
-2.84e+02,-5.88e+01,3.40e+01,1.70e+01
-2.48e+02,-7.03e+01,3.20e+01,1.50e+01
-2.35e+02,-6.00e+01,3.20e+01,1.50e+01
-3.16e+02,-9.36e+01,3.30e+01,1.70e+01
-2.21e+02,-6.50e+01,3.20e+01,1.50e+01
-2.23e+02,-6.85e+01,3.10e+01,1.50e+01
-2.25e+02,-5.81e+01,3.20e+01,1.50e+01
-2.19e+02,-6.28e+01,3.20e+01,1.50e+01
-2.26e+02,-6.06e+01,3.20e+01,1.60e+01
-2.36e+02,-7.17e+01,3.10e+01,1.50e+01
-2.87e+02,-6.29e+01,3.20e+01,1.60e+01
-2.93e+02,-7.16e+01,3.10e+01,1.50e+01
-2.86e+02,-6.96e+01,3.20e+01,1.60e+01
-2.16e+02,-6.05e+01,3.10e+01,1.50e+01
-2.15e+02,-5.50e+01,3.20e+01,1.60e+01
-4.59e+02,-2.55e+02,3.20e+01,1.60e+01
-2.19e+02,-5.71e+01,3.10e+01,1.50e+01
-2.43e+02,-6.12e+01,3.30e+01,1.70e+01
-2.22e+02,-6.45e+01,3.10e+01,1.50e+01
-2.31e+02,-7.06e+01,3.10e+01,1.50e+01
-2.22e+02,-6.36e+01,3.20e+01,1.60e+01
-2.33e+02,-7.32e+01,3.20e+01,1.60e+01
-2.33e+02,-6.46e+01,3.40e+01,1.70e+01
-2.43e+02,-5.58e+01,3.20e+01,1.50e+01
-2.23e+02,-5.85e+01,3.30e+01,1.50e+01
-2.34e+02,-7.43e+01,3.20e+01,1.60e+01
-4.85e+02,-4.10e+02,3.30e+01,1.60e+01
-2.18e+02,-5.80e+01,3.50e+01,1.70e+01
-5.00e+02,-5.00e+02,3.30e+01,1.60e+01
-2.20e+02,-5.63e+01,3.10e+01,1.50e+01
-2.19e+02,-6.06e+01,3.10e+01,1.50e+01
-3.71e+02,-1.05e+02,3.20e+01,1.50e+01
-2.19e+02,-5.75e+01,3.30e+01,1.60e+01
-4.98e+02,-4.87e+02,3.40e+01,1.70e+01
-3.23e+02,-8.14e+01,3.20e+01,1.60e+01
-2.19e+02,-5.23e+01,3.20e+01,1.50e+01
-2.83e+02,-5.82e+01,3.10e+01,1.50e+01
-2.20e+02,-5.32e+01,3.10e+01,1.50e+01
-2.40e+02,-5.88e+01,3.20e+01,1.50e+01
-2.17e+02,-6.17e+01,3.10e+01,1.50e+01
-2.85e+02,-6.78e+01,3.40e+01,1.70e+01
-4.92e+02,-4.53e+02,3.40e+01,1.70e+01
-2.16e+02,-5.73e+01,3.20e+01,1.50e+01
-4.95e+02,-4.71e+02,3.20e+01,1.50e+01
-2.25e+02,-5.98e+01,3.30e+01,1.50e+01
-2.25e+02,-5.60e+01,3.40e+01,1.70e+01
-4.46e+02,-1.77e+02,3.30e+01,1.60e+01
-2.19e+02,-6.14e+01,3.20e+01,1.50e+01
-2.20e+02,-6.20e+01,3.50e+01,1.80e+01
-4.45e+02,-2.13e+02,3.10e+01,1.50e+01
-5.00e+02,-5.00e+02,3.10e+01,1.50e+01
-4.82e+02,-3.93e+02,3.20e+01,1.50e+01
-2.15e+02,-5.55e+01,3.20e+01,1.50e+01
-2.19e+02,-6.11e+01,3.10e+01,1.50e+01
-2.21e+02,-6.22e+01,3.10e+01,1.50e+01
-2.81e+02,-6.03e+01,3.10e+01,1.50e+01
-2.20e+02,-6.12e+01,3.10e+01,1.50e+01
-4.47e+02,-1.85e+02,3.50e+01,1.70e+01
-2.25e+02,-6.54e+01,3.50e+01,1.70e+01
-2.25e+02,-5.46e+01,3.20e+01,1.50e+01
