-2.22e+02,-6.03e+01,5.70e+01,1.80e+01
-1.61e+02,-6.85e+01,8.00e+01,2.30e+01
-2.17e+02,-5.80e+01,5.90e+01,2.00e+01
-1.65e+02,-6.98e+01,7.70e+01,2.20e+01
-2.18e+02,-5.54e+01,5.80e+01,1.90e+01
-1.60e+02,-8.20e+01,8.20e+01,2.40e+01
-2.15e+02,-5.63e+01,5.90e+01,1.90e+01
-1.58e+02,-7.07e+01,7.70e+01,2.20e+01
-1.53e+02,-6.54e+01,7.80e+01,2.20e+01
-1.75e+02,-6.79e+01,8.10e+01,2.40e+01
-2.23e+02,-5.06e+01,5.80e+01,1.90e+01
-1.59e+02,-7.30e+01,8.20e+01,2.40e+01
-1.63e+02,-6.90e+01,7.70e+01,2.20e+01
-2.18e+02,-5.56e+01,6.00e+01,1.80e+01
-1.65e+02,-6.72e+01,7.80e+01,2.20e+01
-2.19e+02,-6.48e+01,5.90e+01,2.00e+01
-2.31e+02,-7.05e+01,5.90e+01,2.00e+01
-2.93e+02,-6.95e+01,5.90e+01,2.00e+01
-2.29e+02,-5.29e+01,5.90e+01,1.90e+01
-3.58e+02,-6.90e+01,5.70e+01,1.80e+01
-2.33e+02,-8.18e+01,8.20e+01,2.40e+01
-2.24e+02,-5.94e+01,5.80e+01,1.80e+01
-5.00e+02,-5.00e+02,5.80e+01,1.80e+01
-5.00e+02,-5.00e+02,8.20e+01,2.40e+01
-3.52e+02,-1.23e+02,8.10e+01,2.30e+01
-2.23e+02,-5.03e+01,5.90e+01,2.00e+01
-1.63e+02,-6.70e+01,7.70e+01,2.20e+01
-2.27e+02,-7.13e+01,5.80e+01,1.90e+01
-1.56e+02,-7.25e+01,8.10e+01,2.40e+01
-4.46e+02,-1.79e+02,7.80e+01,2.20e+01
-1.78e+02,-7.80e+01,8.10e+01,2.30e+01
-3.35e+02,-9.26e+01,8.10e+01,2.30e+01
-2.28e+02,-7.00e+01,5.90e+01,2.00e+01
-1.59e+02,-7.02e+01,7.80e+01,2.20e+01
-2.19e+02,-5.91e+01,6.20e+01,2.10e+01
-2.25e+02,-6.45e+01,5.90e+01,1.90e+01
-2.23e+02,-6.98e+01,5.80e+01,1.80e+01
-2.19e+02,-5.40e+01,5.90e+01,1.90e+01
-2.17e+02,-5.27e+01,6.00e+01,2.00e+01
-2.25e+02,-5.56e+01,5.80e+01,1.90e+01
-1.54e+02,-7.25e+01,8.30e+01,2.40e+01
-5.00e+02,-5.00e+02,5.70e+01,1.80e+01
-2.20e+02,-6.53e+01,5.70e+01,1.80e+01
-2.18e+02,-6.41e+01,5.80e+01,1.80e+01
-2.39e+02,-8.91e+01,8.20e+01,2.40e+01
-3.79e+02,-1.06e+02,6.00e+01,2.00e+01
-1.92e+02,-6.33e+01,7.80e+01,2.20e+01
-2.31e+02,-6.39e+01,8.30e+01,2.40e+01
-2.41e+02,-7.36e+01,5.90e+01,2.00e+01
-2.21e+02,-6.21e+01,5.90e+01,2.00e+01
-2.22e+02,-7.57e+01,5.90e+01,2.00e+01
-2.28e+02,-5.39e+01,5.80e+01,1.90e+01
-1.59e+02,-6.76e+01,7.70e+01,2.20e+01
-3.58e+02,-7.19e+01,6.00e+01,2.00e+01
-3.59e+02,-7.56e+01,5.90e+01,1.90e+01
-1.61e+02,-6.90e+01,8.00e+01,2.30e+01
-2.86e+02,-6.68e+01,5.70e+01,1.80e+01
-1.59e+02,-6.76e+01,7.80e+01,2.20e+01
-3.64e+02,-8.25e+01,5.80e+01,1.90e+01
-2.92e+02,-8.34e+01,5.70e+01,1.80e+01
-1.57e+02,-7.25e+01,8.10e+01,2.30e+01
-2.17e+02,-6.03e+01,6.00e+01,2.00e+01
-3.80e+02,-1.17e+02,6.00e+01,2.00e+01
-1.67e+02,-7.00e+01,8.00e+01,2.30e+01
-2.24e+02,-5.89e+01,5.80e+01,1.90e+01
-2.19e+02,-5.65e+01,5.70e+01,1.80e+01
-3.70e+02,-9.06e+01,8.10e+01,2.30e+01
-2.76e+02,-6.29e+01,6.00e+01,2.00e+01
-3.97e+02,-1.65e+02,7.80e+01,2.20e+01
-5.00e+02,-5.00e+02,6.00e+01,2.00e+01
-2.43e+02,-7.08e+01,6.00e+01,2.00e+01
-1.57e+02,-7.17e+01,7.70e+01,2.20e+01
-2.21e+02,-5.15e+01,5.70e+01,1.80e+01
-2.28e+02,-6.99e+01,5.80e+01,1.80e+01
-2.21e+02,-5.88e+01,5.90e+01,2.00e+01
-3.72e+02,-1.04e+02,6.00e+01,2.00e+01
-2.26e+02,-5.80e+01,5.80e+01,1.90e+01
-5.00e+02,-5.00e+02,8.00e+01,2.30e+01
-5.00e+02,-5.00e+02,8.00e+01,2.30e+01
-4.76e+02,-3.56e+02,7.80e+01,2.20e+01
-1.57e+02,-7.34e+01,8.10e+01,2.30e+01
-1.62e+02,-6.66e+01,8.10e+01,2.40e+01
-2.29e+02,-6.96e+01,5.80e+01,1.90e+01
-2.23e+02,-6.29e+01,5.90e+01,1.90e+01
-1.54e+02,-6.77e+01,8.30e+01,2.50e+01
-2.20e+02,-6.66e+01,5.90e+01,1.90e+01
-4.52e+02,-2.11e+02,7.70e+01,2.20e+01
-3.79e+02,-1.36e+02,6.00e+01,2.00e+01
-1.54e+02,-6.95e+01,8.10e+01,2.40e+01
-1.60e+02,-7.88e+01,7.80e+01,2.20e+01
-5.00e+02,-5.00e+02,5.70e+01,1.80e+01
-5.00e+02,-5.00e+02,5.80e+01,1.90e+01
-5.00e+02,-5.00e+02,5.80e+01,1.80e+01
-2.27e+02,-5.48e+01,6.00e+01,2.00e+01
-3.56e+02,-1.28e+02,8.10e+01,2.30e+01
-1.59e+02,-7.32e+01,8.10e+01,2.30e+01
-2.21e+02,-7.00e+01,5.70e+01,1.80e+01
-1.57e+02,-6.83e+01,7.70e+01,2.20e+01
-1.79e+02,-6.85e+01,7.90e+01,2.20e+01
-2.36e+02,-6.83e+01,5.70e+01,1.80e+01
-2.20e+02,-6.51e+01,5.70e+01,1.80e+01
-5.00e+02,-5.00e+02,6.00e+01,1.90e+01
-2.24e+02,-7.51e+01,8.00e+01,2.30e+01
-2.27e+02,-8.14e+01,7.70e+01,2.20e+01
-3.43e+02,-7.30e+01,8.10e+01,2.30e+01
-2.18e+02,-5.35e+01,5.70e+01,1.80e+01
-2.86e+02,-6.43e+01,5.80e+01,1.90e+01
-3.12e+02,-7.05e+01,7.90e+01,2.20e+01
-2.26e+02,-6.66e+01,5.70e+01,1.80e+01
-1.56e+02,-6.60e+01,8.00e+01,2.30e+01
-2.26e+02,-6.79e+01,5.80e+01,1.90e+01
-3.75e+02,-1.13e+02,5.80e+01,1.80e+01
-2.19e+02,-8.03e+01,7.70e+01,2.20e+01
-5.00e+02,-5.00e+02,5.80e+01,1.80e+01
-1.53e+02,-6.88e+01,8.30e+01,2.50e+01
-2.18e+02,-6.08e+01,6.00e+01,2.00e+01
-1.56e+02,-7.06e+01,8.10e+01,2.40e+01
-2.36e+02,-7.04e+01,6.00e+01,1.90e+01
-2.35e+02,-6.70e+01,6.00e+01,2.00e+01
-3.71e+02,-1.13e+02,5.80e+01,1.80e+01
-1.57e+02,-6.72e+01,8.10e+01,2.30e+01
-2.44e+02,-6.90e+01,5.90e+01,2.00e+01
-3.68e+02,-9.20e+01,5.80e+01,1.80e+01
-1.93e+02,-1.06e+02,8.10e+01,2.30e+01
-2.26e+02,-7.57e+01,5.80e+01,1.80e+01
-3.02e+02,-6.97e+01,6.00e+01,2.00e+01
-2.25e+02,-7.13e+01,5.80e+01,1.80e+01
-3.42e+02,-1.24e+02,5.80e+01,1.80e+01
-1.59e+02,-7.43e+01,8.00e+01,2.30e+01
-3.42e+02,-1.01e+02,8.20e+01,2.40e+01
-2.21e+02,-5.65e+01,5.70e+01,1.80e+01
-2.21e+02,-6.33e+01,5.70e+01,1.80e+01
-2.21e+02,-6.18e+01,5.80e+01,1.90e+01
-2.27e+02,-8.41e+01,5.80e+01,1.80e+01
-2.17e+02,-5.87e+01,5.80e+01,1.80e+01
-2.59e+02,-8.09e+01,8.00e+01,2.30e+01
-1.78e+02,-6.47e+01,7.80e+01,2.20e+01
-2.25e+02,-6.59e+01,5.70e+01,1.80e+01
-1.64e+02,-6.70e+01,8.10e+01,2.30e+01
-1.61e+02,-6.31e+01,7.80e+01,2.20e+01
-3.75e+02,-9.51e+01,8.10e+01,2.30e+01
-1.62e+02,-7.19e+01,8.10e+01,2.40e+01
-1.58e+02,-8.21e+01,8.00e+01,2.30e+01
-5.00e+02,-5.00e+02,5.80e+01,1.80e+01
-1.55e+02,-7.10e+01,7.70e+01,2.20e+01
-2.20e+02,-6.40e+01,5.80e+01,1.80e+01
-1.74e+02,-7.93e+01,8.00e+01,2.30e+01
-1.55e+02,-6.74e+01,7.70e+01,2.20e+01
-5.00e+02,-5.00e+02,5.80e+01,1.80e+01
-1.53e+02,-7.43e+01,7.70e+01,2.20e+01
-2.16e+02,-6.58e+01,8.00e+01,2.30e+01
-2.83e+02,-6.92e+01,5.80e+01,1.80e+01
-1.63e+02,-7.83e+01,7.70e+01,2.20e+01
-1.62e+02,-6.81e+01,7.80e+01,2.20e+01
-2.29e+02,-8.36e+01,7.80e+01,2.30e+01
-1.58e+02,-7.37e+01,8.00e+01,2.30e+01
-5.00e+02,-5.00e+02,5.80e+01,1.80e+01
-3.37e+02,-1.20e+02,5.80e+01,1.80e+01
-1.59e+02,-6.03e+01,7.90e+01,2.30e+01
-1.59e+02,-7.82e+01,7.80e+01,2.20e+01
-2.18e+02,-6.04e+01,5.90e+01,2.00e+01
-3.48e+02,-9.21e+01,8.10e+01,2.30e+01
-1.66e+02,-8.31e+01,8.00e+01,2.30e+01
-2.19e+02,-5.96e+01,6.00e+01,2.00e+01
-3.65e+02,-8.38e+01,6.00e+01,2.00e+01
-1.59e+02,-7.51e+01,7.90e+01,2.20e+01
-2.25e+02,-7.02e+01,5.70e+01,1.80e+01
-2.84e+02,-6.35e+01,5.80e+01,1.80e+01
-2.14e+02,-5.35e+01,5.90e+01,2.00e+01
-3.16e+02,-1.14e+02,5.80e+01,1.80e+01
-2.26e+02,-6.42e+01,5.90e+01,2.00e+01
-2.41e+02,-8.64e+01,7.80e+01,2.20e+01
-3.42e+02,-8.44e+01,8.10e+01,2.30e+01
-2.23e+02,-7.12e+01,5.80e+01,1.80e+01
-2.17e+02,-6.10e+01,6.00e+01,1.90e+01
-2.34e+02,-7.12e+01,5.80e+01,1.80e+01
-3.78e+02,-1.09e+02,5.80e+01,1.80e+01
-3.66e+02,-9.72e+01,5.80e+01,1.80e+01
-2.19e+02,-5.81e+01,5.80e+01,1.80e+01
-2.17e+02,-5.83e+01,6.10e+01,2.00e+01
-1.62e+02,-6.47e+01,8.20e+01,2.40e+01
-3.69e+02,-9.73e+01,5.80e+01,1.80e+01
-1.61e+02,-7.00e+01,8.10e+01,2.30e+01
-3.65e+02,-9.45e+01,5.80e+01,1.80e+01
-2.20e+02,-6.00e+01,5.70e+01,1.80e+01
-1.58e+02,-7.19e+01,8.30e+01,2.40e+01
-2.21e+02,-6.59e+01,5.80e+01,1.80e+01
-1.63e+02,-7.07e+01,7.70e+01,2.20e+01
-1.57e+02,-7.39e+01,8.10e+01,2.40e+01
-5.00e+02,-5.00e+02,5.90e+01,1.90e+01
-2.21e+02,-5.33e+01,5.90e+01,2.00e+01
-5.00e+02,-5.00e+02,5.80e+01,1.80e+01
