-2.14e+02,-4.06e+01,2.00e+01,1.70e+01
-9.83e+01,-5.79e+01,3.20e+01,2.60e+01
-2.11e+02,-4.35e+01,2.10e+01,1.70e+01
-1.66e+02,-5.10e+01,2.80e+01,2.30e+01
-1.11e+02,-5.30e+01,3.10e+01,2.50e+01
-1.67e+02,-6.27e+01,3.00e+01,2.40e+01
-1.55e+02,-5.33e+01,2.90e+01,2.40e+01
-2.12e+02,-4.34e+01,2.00e+01,1.70e+01
-9.24e+01,-5.46e+01,3.20e+01,2.50e+01
-2.16e+02,-4.63e+01,2.10e+01,1.80e+01
-1.71e+02,-5.70e+01,2.80e+01,2.30e+01
-9.76e+01,-5.44e+01,3.10e+01,2.50e+01
-1.69e+02,-6.02e+01,3.00e+01,2.50e+01
-1.60e+02,-5.10e+01,2.90e+01,2.40e+01
-2.13e+02,-6.33e+01,2.00e+01,1.70e+01
-1.02e+02,-6.23e+01,3.20e+01,2.50e+01
-1.59e+02,-5.05e+01,2.80e+01,2.30e+01
-2.10e+02,-4.61e+01,2.30e+01,1.80e+01
-9.18e+01,-5.55e+01,3.10e+01,2.50e+01
-1.62e+02,-5.09e+01,3.00e+01,2.40e+01
-2.17e+02,-4.37e+01,2.10e+01,1.80e+01
-1.56e+02,-5.05e+01,2.90e+01,2.40e+01
-2.27e+02,-5.95e+01,2.20e+01,1.70e+01
-2.12e+02,-5.85e+01,2.00e+01,1.70e+01
-9.39e+01,-5.12e+01,3.20e+01,2.50e+01
-2.10e+02,-4.47e+01,2.10e+01,1.70e+01
-1.67e+02,-4.68e+01,2.80e+01,2.30e+01
-9.63e+01,-5.33e+01,3.10e+01,2.50e+01
-1.03e+02,-6.41e+01,3.20e+01,2.60e+01
-2.17e+02,-5.75e+01,2.90e+01,2.40e+01
-2.92e+02,-5.98e+01,2.10e+01,1.80e+01
-8.92e+01,-6.37e+01,3.10e+01,2.50e+01
-9.45e+01,-5.37e+01,3.20e+01,2.60e+01
-2.21e+02,-5.09e+01,2.30e+01,1.80e+01
-1.66e+02,-6.00e+01,2.80e+01,2.30e+01
-1.57e+02,-4.56e+01,2.90e+01,2.30e+01
-2.80e+02,-4.82e+01,2.00e+01,1.70e+01
-2.05e+02,-4.39e+01,2.00e+01,1.70e+01
-2.09e+02,-4.91e+01,2.10e+01,1.80e+01
-2.43e+02,-8.98e+01,2.90e+01,2.30e+01
-1.63e+02,-6.75e+01,2.80e+01,2.30e+01
-2.25e+02,-6.19e+01,2.10e+01,1.80e+01
-9.49e+01,-4.53e+01,3.10e+01,2.50e+01
-1.63e+02,-6.64e+01,3.00e+01,2.50e+01
-2.12e+02,-4.48e+01,2.20e+01,1.70e+01
-2.16e+02,-6.32e+01,2.10e+01,1.80e+01
-2.15e+02,-4.09e+01,2.00e+01,1.70e+01
-2.12e+02,-4.72e+01,2.20e+01,1.80e+01
-1.62e+02,-4.75e+01,2.80e+01,2.30e+01
-1.55e+02,-4.90e+01,3.20e+01,2.50e+01
-1.05e+02,-6.17e+01,3.10e+01,2.50e+01
-9.16e+01,-4.82e+01,3.20e+01,2.60e+01
-2.09e+02,-5.16e+01,2.10e+01,1.70e+01
-1.64e+02,-4.92e+01,2.90e+01,2.30e+01
-2.14e+02,-4.57e+01,2.10e+01,1.70e+01
-1.55e+02,-5.12e+01,2.90e+01,2.40e+01
-2.14e+02,-5.61e+01,2.90e+01,2.40e+01
-4.28e+02,-8.05e+01,2.00e+01,1.70e+01
-2.12e+02,-5.73e+01,2.10e+01,1.80e+01
-1.08e+02,-5.80e+01,3.30e+01,2.60e+01
-5.00e+02,-5.00e+02,2.10e+01,1.70e+01
-2.12e+02,-4.04e+01,2.00e+01,1.70e+01
-3.27e+02,-1.28e+02,3.10e+01,2.50e+01
-2.18e+02,-4.81e+01,2.10e+01,1.70e+01
-1.72e+02,-4.71e+01,3.10e+01,2.50e+01
-1.59e+02,-4.67e+01,2.80e+01,2.30e+01
-2.06e+02,-3.91e+01,2.00e+01,1.70e+01
-1.05e+02,-5.31e+01,3.20e+01,2.60e+01
-9.68e+01,-5.52e+01,3.20e+01,2.60e+01
-2.56e+02,-1.27e+02,3.10e+01,2.50e+01
-2.53e+02,-1.09e+02,3.10e+01,2.40e+01
-9.69e+01,-7.11e+01,3.20e+01,2.60e+01
-1.71e+02,-4.64e+01,2.80e+01,2.30e+01
-9.69e+01,-7.36e+01,3.30e+01,2.60e+01
-2.09e+02,-4.24e+01,2.10e+01,1.70e+01
-1.77e+02,-6.39e+01,2.90e+01,2.40e+01
-1.04e+02,-7.10e+01,3.10e+01,2.50e+01
-2.12e+02,-4.56e+01,2.10e+01,1.70e+01
-2.14e+02,-4.39e+01,2.00e+01,1.70e+01
-2.11e+02,-4.87e+01,2.20e+01,1.80e+01
-2.30e+02,-5.80e+01,2.00e+01,1.70e+01
-1.71e+02,-4.29e+01,2.80e+01,2.30e+01
-2.48e+02,-5.98e+01,2.20e+01,1.70e+01
-9.18e+01,-5.17e+01,3.20e+01,2.50e+01
-2.56e+02,-6.50e+01,3.10e+01,2.50e+01
-3.44e+02,-1.11e+02,2.80e+01,2.30e+01
-9.62e+01,-6.37e+01,3.20e+01,2.60e+01
-2.15e+02,-4.52e+01,2.00e+01,1.70e+01
-2.17e+02,-5.51e+01,2.00e+01,1.70e+01
-3.22e+02,-1.39e+02,3.20e+01,2.60e+01
-2.86e+02,-8.00e+01,2.10e+01,1.70e+01
-1.55e+02,-5.09e+01,3.00e+01,2.50e+01
-2.11e+02,-4.07e+01,2.10e+01,1.80e+01
-2.15e+02,-5.40e+01,2.10e+01,1.70e+01
-2.17e+02,-1.23e+02,3.20e+01,2.60e+01
-2.33e+02,-5.26e+01,2.00e+01,1.70e+01
-2.61e+02,-4.89e+01,2.00e+01,1.70e+01
-9.30e+01,-6.40e+01,3.20e+01,2.50e+01
-2.14e+02,-4.78e+01,2.10e+01,1.70e+01
-1.05e+02,-6.54e+01,3.30e+01,2.60e+01
-1.73e+02,-5.79e+01,2.90e+01,2.40e+01
-2.11e+02,-5.89e+01,2.00e+01,1.70e+01
-2.05e+02,-4.37e+01,2.00e+01,1.70e+01
-9.28e+01,-6.03e+01,3.10e+01,2.50e+01
-2.13e+02,-4.98e+01,2.00e+01,1.70e+01
-3.65e+02,-8.53e+01,2.10e+01,1.70e+01
-5.00e+02,-5.00e+02,2.90e+01,2.40e+01
-1.65e+02,-5.03e+01,3.00e+01,2.40e+01
-4.28e+02,-1.32e+02,2.80e+01,2.30e+01
-2.09e+02,-5.22e+01,2.10e+01,1.80e+01
-1.65e+02,-4.42e+01,2.90e+01,2.40e+01
-9.35e+01,-5.25e+01,3.20e+01,2.50e+01
-9.78e+01,-7.09e+01,3.10e+01,2.50e+01
-1.12e+02,-5.94e+01,3.10e+01,2.50e+01
-2.27e+02,-7.87e+01,2.10e+01,1.70e+01
-2.13e+02,-5.33e+01,2.20e+01,1.80e+01
-1.53e+02,-4.53e+01,3.00e+01,2.50e+01
-1.58e+02,-5.25e+01,2.90e+01,2.40e+01
-1.15e+02,-6.92e+01,3.20e+01,2.60e+01
-1.03e+02,-8.95e+01,3.20e+01,2.60e+01
-9.84e+01,-7.25e+01,3.10e+01,2.50e+01
-9.95e+01,-4.77e+01,3.20e+01,2.60e+01
-2.12e+02,-4.84e+01,2.10e+01,1.80e+01
-3.58e+02,-5.73e+01,2.90e+01,2.40e+01
-2.10e+02,-5.01e+01,2.00e+01,1.70e+01
-2.21e+02,-4.98e+01,2.10e+01,1.70e+01
-2.73e+02,-1.07e+02,3.00e+01,2.40e+01
-2.10e+02,-3.92e+01,2.00e+01,1.70e+01
-9.70e+01,-5.16e+01,3.20e+01,2.60e+01
-2.24e+02,-4.80e+01,2.10e+01,1.70e+01
-2.19e+02,-6.85e+01,2.10e+01,1.70e+01
-2.19e+02,-4.63e+01,2.00e+01,1.70e+01
-2.17e+02,-5.35e+01,2.10e+01,1.80e+01
-3.40e+02,-5.18e+01,2.10e+01,1.80e+01
-3.80e+02,-1.09e+02,3.20e+01,2.60e+01
-1.02e+02,-6.17e+01,3.30e+01,2.60e+01
-2.92e+02,-7.74e+01,2.10e+01,1.80e+01
-2.24e+02,-5.31e+01,2.10e+01,1.80e+01
-1.05e+02,-5.68e+01,3.20e+01,2.60e+01
-1.57e+02,-6.52e+01,2.80e+01,2.30e+01
-1.74e+02,-7.01e+01,2.90e+01,2.40e+01
-2.12e+02,-3.98e+01,2.00e+01,1.70e+01
-1.52e+02,-5.29e+01,2.90e+01,2.40e+01
-2.70e+02,-6.16e+01,2.10e+01,1.70e+01
-1.55e+02,-5.26e+01,3.20e+01,2.50e+01
-2.07e+02,-4.29e+01,2.10e+01,1.70e+01
-1.76e+02,-5.83e+01,2.90e+01,2.40e+01
-1.06e+02,-5.19e+01,3.10e+01,2.50e+01
-1.02e+02,-7.61e+01,3.20e+01,2.60e+01
-2.14e+02,-5.28e+01,3.00e+01,2.50e+01
-2.18e+02,-4.69e+01,2.10e+01,1.70e+01
-3.81e+02,-1.12e+02,3.30e+01,2.70e+01
-3.19e+02,-6.15e+01,2.10e+01,1.70e+01
-9.64e+01,-4.57e+01,3.30e+01,2.70e+01
-1.05e+02,-7.72e+01,3.20e+01,2.60e+01
-1.03e+02,-5.19e+01,3.20e+01,2.60e+01
-1.63e+02,-4.68e+01,3.10e+01,2.50e+01
-1.55e+02,-5.05e+01,3.00e+01,2.40e+01
-1.63e+02,-6.22e+01,3.10e+01,2.50e+01
-2.23e+02,-6.75e+01,2.10e+01,1.80e+01
-1.59e+02,-5.84e+01,2.90e+01,2.40e+01
-1.62e+02,-5.26e+01,2.90e+01,2.40e+01
-5.00e+02,-5.00e+02,2.20e+01,1.80e+01
-2.23e+02,-4.08e+01,2.10e+01,1.80e+01
-9.54e+01,-7.14e+01,3.10e+01,2.50e+01
-9.57e+01,-5.85e+01,3.20e+01,2.50e+01
-1.59e+02,-5.24e+01,2.80e+01,2.30e+01
-2.13e+02,-5.31e+01,2.10e+01,1.80e+01
-1.74e+02,-4.93e+01,2.90e+01,2.40e+01
-2.20e+02,-4.88e+01,2.10e+01,1.80e+01
-1.00e+02,-5.73e+01,3.10e+01,2.50e+01
-2.19e+02,-4.33e+01,2.00e+01,1.70e+01
-2.09e+02,-4.68e+01,2.00e+01,1.70e+01
-3.58e+02,-2.04e+02,2.10e+01,1.70e+01
-1.58e+02,-5.84e+01,2.90e+01,2.40e+01
-2.36e+02,-1.19e+02,2.80e+01,2.30e+01
-1.16e+02,-8.98e+01,3.10e+01,2.50e+01
-1.51e+02,-4.82e+01,3.10e+01,2.50e+01
-5.00e+02,-5.00e+02,2.00e+01,1.70e+01
-2.24e+02,-5.87e+01,2.00e+01,1.70e+01
-2.14e+02,-5.46e+01,2.00e+01,1.70e+01
-9.88e+01,-5.76e+01,3.20e+01,2.60e+01
-2.13e+02,-5.18e+01,2.10e+01,1.70e+01
-1.54e+02,-5.13e+01,2.90e+01,2.40e+01
-9.73e+01,-5.69e+01,3.20e+01,2.50e+01
-1.59e+02,-5.43e+01,2.90e+01,2.40e+01
-1.65e+02,-7.81e+01,2.90e+01,2.40e+01
-9.48e+01,-5.20e+01,3.30e+01,2.60e+01
-2.19e+02,-4.85e+01,2.10e+01,1.80e+01
-1.58e+02,-5.45e+01,2.80e+01,2.30e+01
-2.14e+02,-4.87e+01,2.00e+01,1.70e+01
-2.09e+02,-4.95e+01,2.00e+01,1.70e+01
