6.76e+02,1.18e+03,5.30e+01,3.90e+01
5.97e+02,1.16e+03,3.60e+01,3.10e+01
6.25e+02,1.14e+03,3.60e+01,3.10e+01
5.66e+02,1.12e+03,5.50e+01,4.10e+01
6.59e+02,1.39e+03,5.00e+01,3.80e+01
6.52e+02,1.33e+03,3.90e+01,3.30e+01
6.66e+02,1.25e+03,3.70e+01,3.10e+01
6.88e+02,1.44e+03,3.80e+01,3.20e+01
6.13e+02,1.13e+03,3.60e+01,3.10e+01
6.56e+02,1.22e+03,5.50e+01,4.10e+01
5.75e+02,1.11e+03,4.60e+01,3.70e+01
6.45e+02,1.20e+03,5.00e+01,3.80e+01
6.69e+02,1.22e+03,3.80e+01,3.30e+01
6.05e+02,1.16e+03,3.70e+01,3.10e+01
6.61e+02,1.20e+03,3.60e+01,3.10e+01
6.25e+02,1.21e+03,5.30e+01,4.00e+01
6.19e+02,1.19e+03,4.10e+01,3.40e+01
5.70e+02,1.11e+03,5.20e+01,3.90e+01
5.54e+02,1.14e+03,3.70e+01,3.10e+01
6.12e+02,1.24e+03,3.60e+01,3.10e+01
6.68e+02,1.17e+03,5.50e+01,4.10e+01
6.53e+02,1.18e+03,5.20e+01,3.90e+01
6.10e+02,1.18e+03,3.80e+01,3.20e+01
6.19e+02,1.16e+03,3.70e+01,3.20e+01
6.47e+02,1.15e+03,3.60e+01,3.10e+01
6.20e+02,1.15e+03,5.50e+01,4.10e+01
6.70e+02,1.30e+03,5.00e+01,3.80e+01
6.07e+02,1.35e+03,4.60e+01,3.50e+01
6.76e+02,1.27e+03,4.10e+01,3.40e+01
5.75e+02,1.12e+03,3.70e+01,3.10e+01
5.91e+02,1.11e+03,3.80e+01,3.20e+01
6.42e+02,1.15e+03,3.60e+01,3.10e+01
6.26e+02,1.19e+03,5.50e+01,4.10e+01
6.64e+02,1.30e+03,5.30e+01,3.90e+01
6.07e+02,1.10e+03,3.80e+01,3.20e+01
6.62e+02,1.27e+03,3.70e+01,3.10e+01
6.30e+02,1.20e+03,3.60e+01,3.10e+01
6.55e+02,1.26e+03,5.50e+01,4.10e+01
6.01e+02,1.19e+03,3.70e+01,3.10e+01
6.17e+02,1.29e+03,3.90e+01,3.30e+01
6.21e+02,1.10e+03,4.20e+01,3.50e+01
6.07e+02,1.21e+03,4.80e+01,3.70e+01
6.24e+02,1.13e+03,5.20e+01,3.90e+01
6.01e+02,1.10e+03,5.30e+01,3.90e+01
6.25e+02,1.20e+03,5.40e+01,4.00e+01
6.84e+02,1.21e+03,3.60e+01,3.10e+01
6.34e+02,1.19e+03,5.50e+01,4.10e+01
6.43e+02,1.26e+03,4.30e+01,3.60e+01
6.53e+02,1.17e+03,3.90e+01,3.30e+01
6.60e+02,1.27e+03,3.70e+01,3.10e+01
5.97e+02,1.18e+03,3.80e+01,3.20e+01
5.78e+02,1.10e+03,3.60e+01,3.10e+01
6.58e+02,1.31e+03,5.70e+01,4.20e+01
6.54e+02,1.25e+03,4.70e+01,3.70e+01
6.42e+02,1.19e+03,3.80e+01,3.20e+01
6.54e+02,1.17e+03,3.70e+01,3.10e+01
5.96e+02,1.17e+03,5.20e+01,3.90e+01
6.10e+02,1.21e+03,5.50e+01,4.10e+01
6.82e+02,1.39e+03,5.30e+01,4.00e+01
7.03e+02,1.28e+03,5.40e+01,4.00e+01
6.08e+02,1.14e+03,3.60e+01,3.10e+01
6.39e+02,1.11e+03,5.70e+01,4.20e+01
5.93e+02,1.07e+03,3.90e+01,3.30e+01
6.17e+02,1.12e+03,5.30e+01,3.90e+01
5.66e+02,1.30e+03,3.70e+01,3.10e+01
6.56e+02,1.38e+03,5.40e+01,4.00e+01
5.87e+02,1.20e+03,3.60e+01,3.10e+01
7.11e+02,1.35e+03,3.90e+01,3.30e+01
6.65e+02,1.29e+03,3.70e+01,3.10e+01
5.60e+02,1.11e+03,3.60e+01,3.10e+01
6.18e+02,1.27e+03,5.20e+01,3.90e+01
6.00e+02,1.11e+03,3.70e+01,3.20e+01
6.52e+02,1.28e+03,4.10e+01,3.40e+01
6.07e+02,1.15e+03,5.00e+01,3.80e+01
6.36e+02,1.24e+03,3.90e+01,3.30e+01
6.54e+02,1.17e+03,3.60e+01,3.10e+01
5.46e+02,1.08e+03,5.50e+01,4.10e+01
6.07e+02,1.18e+03,3.90e+01,3.30e+01
5.87e+02,1.17e+03,5.30e+01,3.90e+01
5.96e+02,1.24e+03,3.80e+01,3.30e+01
5.99e+02,1.13e+03,3.70e+01,3.10e+01
5.99e+02,1.16e+03,3.60e+01,3.10e+01
6.17e+02,1.29e+03,3.90e+01,3.20e+01
5.97e+02,1.19e+03,3.70e+01,3.10e+01
6.23e+02,1.13e+03,3.60e+01,3.10e+01
6.31e+02,1.22e+03,4.00e+01,3.40e+01
5.97e+02,1.20e+03,3.80e+01,3.20e+01
5.99e+02,1.22e+03,3.70e+01,3.10e+01
6.08e+02,1.27e+03,3.60e+01,3.10e+01
6.57e+02,1.29e+03,5.50e+01,4.10e+01
6.33e+02,1.17e+03,3.70e+01,3.20e+01
6.30e+02,1.26e+03,4.30e+01,3.50e+01
5.70e+02,1.06e+03,4.00e+01,3.40e+01
6.38e+02,1.15e+03,5.20e+01,3.90e+01
6.36e+02,1.20e+03,3.60e+01,3.10e+01
6.11e+02,1.29e+03,5.50e+01,4.10e+01
6.70e+02,1.35e+03,4.00e+01,3.30e+01
6.31e+02,1.25e+03,5.30e+01,3.90e+01
6.20e+02,1.28e+03,3.80e+01,3.20e+01
6.52e+02,1.28e+03,3.70e+01,3.10e+01
6.26e+02,1.30e+03,3.60e+01,3.10e+01
6.19e+02,1.20e+03,5.60e+01,4.20e+01
6.13e+02,1.13e+03,4.30e+01,3.50e+01
6.07e+02,1.14e+03,5.50e+01,4.10e+01
6.00e+02,1.15e+03,3.70e+01,3.20e+01
5.96e+02,1.19e+03,4.10e+01,3.40e+01
5.72e+02,1.18e+03,3.80e+01,3.20e+01
6.12e+02,1.18e+03,4.00e+01,3.30e+01
6.47e+02,1.21e+03,3.60e+01,3.10e+01
6.99e+02,1.28e+03,5.50e+01,4.10e+01
6.18e+02,1.16e+03,4.10e+01,3.40e+01
6.56e+02,1.27e+03,5.20e+01,3.90e+01
6.13e+02,1.25e+03,3.80e+01,3.20e+01
5.99e+02,1.21e+03,3.70e+01,3.10e+01
6.61e+02,1.22e+03,5.30e+01,3.90e+01
6.08e+02,1.18e+03,3.60e+01,3.10e+01
6.45e+02,1.23e+03,5.50e+01,4.10e+01
6.59e+02,1.13e+03,3.70e+01,3.20e+01
6.50e+02,1.26e+03,4.60e+01,3.70e+01
5.88e+02,1.11e+03,4.20e+01,3.50e+01
5.90e+02,1.20e+03,3.90e+01,3.20e+01
6.40e+02,1.17e+03,4.00e+01,3.40e+01
6.17e+02,1.31e+03,4.10e+01,3.40e+01
6.08e+02,1.18e+03,3.60e+01,3.10e+01
6.45e+02,1.24e+03,5.50e+01,4.00e+01
6.48e+02,1.28e+03,5.00e+01,3.80e+01
6.56e+02,1.26e+03,3.90e+01,3.30e+01
6.49e+02,1.17e+03,3.70e+01,3.10e+01
6.61e+02,1.23e+03,3.80e+01,3.20e+01
6.21e+02,1.26e+03,3.60e+01,3.10e+01
6.14e+02,1.10e+03,5.50e+01,4.10e+01
6.59e+02,1.40e+03,4.30e+01,3.60e+01
6.25e+02,1.12e+03,5.20e+01,3.90e+01
6.73e+02,1.39e+03,3.70e+01,3.20e+01
6.68e+02,1.28e+03,3.80e+01,3.30e+01
6.34e+02,1.25e+03,5.30e+01,3.90e+01
6.08e+02,1.12e+03,3.60e+01,3.10e+01
6.19e+02,1.19e+03,5.50e+01,4.10e+01
6.53e+02,1.18e+03,4.60e+01,3.70e+01
6.24e+02,1.21e+03,3.80e+01,3.20e+01
6.38e+02,1.24e+03,5.30e+01,3.90e+01
4.39e+02,1.13e+03,4.10e+01,3.40e+01
6.13e+02,1.14e+03,5.50e+01,4.10e+01
6.45e+02,1.15e+03,3.60e+01,3.10e+01
1.12e+02,2.24e+02,5.10e+01,3.90e+01
6.52e+02,1.25e+03,3.70e+01,3.10e+01
5.83e+02,1.15e+03,3.60e+01,3.10e+01
6.08e+02,1.18e+03,3.70e+01,3.10e+01
5.74e+02,1.09e+03,3.70e+01,3.10e+01
6.34e+02,1.27e+03,5.20e+01,3.90e+01
6.01e+02,1.16e+03,4.10e+01,3.40e+01
2.36e+02,5.59e+02,5.10e+01,3.80e+01
5.86e+02,1.11e+03,4.10e+01,3.40e+01
6.39e+02,1.11e+03,4.10e+01,3.40e+01
1.17e+02,2.51e+02,4.20e+01,3.50e+01
6.09e+02,1.09e+03,5.70e+01,4.20e+01
6.20e+02,1.14e+03,5.50e+01,4.10e+01
5.95e+02,1.13e+03,3.60e+01,3.10e+01
6.49e+02,1.28e+03,3.70e+01,3.10e+01
6.01e+02,1.05e+03,5.50e+01,4.10e+01
6.19e+02,1.19e+03,4.10e+01,3.40e+01
2.62e+02,9.96e+02,3.60e+01,3.10e+01
6.73e+02,1.28e+03,3.90e+01,3.20e+01
6.04e+02,1.15e+03,3.70e+01,3.10e+01
6.23e+02,1.26e+03,3.80e+01,3.20e+01
5.88e+02,1.28e+03,3.70e+01,3.10e+01
5.63e+02,1.15e+03,3.80e+01,3.20e+01
6.39e+02,1.29e+03,5.00e+01,3.80e+01
6.56e+02,1.26e+03,3.70e+01,3.10e+01
5.95e+02,1.11e+03,5.50e+01,4.10e+01
6.86e+02,1.23e+03,3.60e+01,3.10e+01
5.96e+02,1.24e+03,3.70e+01,3.10e+01
6.39e+02,1.17e+03,3.70e+01,3.20e+01
6.15e+02,1.16e+03,3.80e+01,3.20e+01
6.67e+02,1.34e+03,3.80e+01,3.20e+01
6.27e+02,1.27e+03,3.70e+01,3.20e+01
6.03e+02,1.09e+03,5.30e+01,4.00e+01
6.16e+02,1.17e+03,3.70e+01,3.10e+01
6.43e+02,1.16e+03,3.80e+01,3.20e+01
7.63e+01,1.69e+02,3.60e+01,3.10e+01
6.23e+02,1.14e+03,5.20e+01,3.90e+01
6.80e+02,1.26e+03,4.10e+01,3.40e+01
6.70e+02,1.25e+03,4.60e+01,3.50e+01
5.96e+02,1.28e+03,4.00e+01,3.40e+01
6.22e+02,1.36e+03,5.30e+01,3.90e+01
6.36e+02,1.12e+03,3.80e+01,3.20e+01
5.54e+02,1.05e+03,3.80e+01,3.20e+01
6.20e+02,1.07e+03,5.50e+01,4.10e+01
5.24e+02,1.01e+03,5.20e+01,3.90e+01
6.51e+02,1.17e+03,5.50e+01,4.10e+01
6.06e+02,1.08e+03,5.50e+01,4.10e+01
5.50e+02,1.15e+03,5.00e+01,3.80e+01
6.47e+02,1.18e+03,3.80e+01,3.20e+01
6.63e+02,1.21e+03,3.60e+01,3.10e+01
6.45e+02,1.29e+03,5.30e+01,4.00e+01
6.01e+02,1.15e+03,5.00e+01,3.80e+01
5.90e+02,1.07e+03,3.80e+01,3.20e+01
6.72e+02,1.22e+03,4.00e+01,3.30e+01
6.00e+02,1.16e+03,4.70e+01,3.70e+01
5.98e+02,1.13e+03,5.30e+01,3.90e+01
1.46e+02,5.11e+02,3.70e+01,3.10e+01
6.09e+02,1.24e+03,5.20e+01,3.90e+01
6.34e+02,1.34e+03,5.50e+01,4.10e+01
6.14e+02,1.07e+03,4.80e+01,3.80e+01
6.40e+02,1.28e+03,5.00e+01,3.80e+01
5.80e+02,1.10e+03,5.00e+01,3.80e+01
1.22e+02,2.41e+02,3.80e+01,3.30e+01
6.61e+02,1.25e+03,3.70e+01,3.10e+01
6.31e+02,1.26e+03,3.60e+01,3.10e+01
6.27e+02,1.17e+03,3.90e+01,3.30e+01
6.05e+02,1.11e+03,3.90e+01,3.30e+01
5.85e+02,1.18e+03,5.50e+01,4.10e+01
7.30e+01,1.73e+02,3.70e+01,3.10e+01
6.32e+02,1.21e+03,3.60e+01,3.10e+01
6.26e+02,1.24e+03,4.10e+01,3.40e+01
4.85e+02,1.28e+03,3.60e+01,3.10e+01
1.80e+01,6.14e+01,5.50e+01,4.10e+01
6.26e+02,1.28e+03,5.40e+01,3.90e+01
5.87e+02,1.11e+03,3.70e+01,3.10e+01
-5.27e+01,-4.35e+01,3.70e+01,3.20e+01
2.08e+02,1.08e+03,5.50e+01,4.10e+01
2.37e+02,1.07e+03,5.40e+01,4.00e+01
1.89e+02,1.06e+03,5.20e+01,3.90e+01
5.79e+02,1.17e+03,5.50e+01,4.10e+01
-3.05e+01,9.83e+00,4.20e+01,3.50e+01
6.30e+02,1.27e+03,4.50e+01,3.70e+01
-5.31e+01,-4.33e+01,3.70e+01,3.10e+01
6.13e+02,1.27e+03,4.60e+01,3.70e+01
6.25e+02,1.17e+03,3.80e+01,3.20e+01
2.23e+02,1.04e+03,5.20e+01,3.90e+01
6.64e+02,1.38e+03,4.00e+01,3.30e+01
5.11e+02,1.03e+03,3.80e+01,3.20e+01
6.61e+02,1.20e+03,3.60e+01,3.10e+01
6.25e+02,1.28e+03,5.30e+01,3.90e+01
5.30e+02,1.28e+03,4.10e+01,3.40e+01
4.96e+02,1.01e+03,3.60e+01,3.10e+01
2.08e+02,6.82e+02,3.60e+01,3.10e+01
6.38e+02,1.15e+03,3.60e+01,3.10e+01
5.86e+02,1.12e+03,4.60e+01,3.70e+01
1.26e+02,2.31e+02,3.70e+01,3.20e+01
6.56e+02,1.15e+03,5.20e+01,3.90e+01
6.46e+02,1.23e+03,4.00e+01,3.30e+01
6.03e+02,1.12e+03,3.90e+01,3.20e+01
5.85e+02,1.12e+03,3.60e+01,3.10e+01
5.94e+02,1.16e+03,5.00e+01,3.80e+01
6.38e+02,1.24e+03,5.50e+01,4.10e+01
6.39e+02,1.15e+03,3.70e+01,3.10e+01
6.08e+02,1.23e+03,3.90e+01,3.30e+01
5.75e+02,1.19e+03,5.70e+01,4.20e+01
5.33e+02,1.11e+03,5.20e+01,3.90e+01
-4.68e+01,-2.22e+01,4.40e+01,3.70e+01
6.51e+02,1.24e+03,5.40e+01,4.00e+01
6.45e+02,1.15e+03,3.70e+01,3.10e+01
5.80e+02,1.27e+03,4.00e+01,3.40e+01
6.03e+02,1.16e+03,3.80e+01,3.20e+01
6.08e+02,1.17e+03,5.00e+01,3.80e+01
6.58e+02,1.22e+03,4.00e+01,3.30e+01
6.37e+02,1.14e+03,5.50e+01,4.10e+01
6.51e+02,1.17e+03,5.50e+01,4.10e+01
6.28e+02,1.17e+03,3.90e+01,3.30e+01
6.77e+02,1.34e+03,5.30e+01,4.00e+01
6.78e+02,1.27e+03,5.20e+01,3.90e+01
6.44e+02,1.32e+03,4.00e+01,3.30e+01
6.16e+02,1.25e+03,5.20e+01,3.90e+01
6.87e+02,1.43e+03,3.80e+01,3.20e+01
6.44e+02,1.27e+03,5.50e+01,4.10e+01
6.05e+02,1.10e+03,3.90e+01,3.30e+01
6.23e+02,1.23e+03,4.60e+01,3.70e+01
6.30e+02,1.18e+03,5.00e+01,3.80e+01
2.97e+02,1.00e+03,5.50e+01,4.10e+01
2.43e+02,1.12e+03,5.30e+01,4.00e+01
6.08e+02,1.27e+03,5.20e+01,3.90e+01
5.86e+02,1.09e+03,4.60e+01,3.50e+01
5.99e+02,1.15e+03,5.00e+01,3.80e+01
5.87e+02,1.07e+03,5.00e+01,3.80e+01
5.96e+02,1.09e+03,5.30e+01,3.90e+01
6.26e+02,1.15e+03,3.70e+01,3.10e+01
6.41e+02,1.15e+03,5.70e+01,4.20e+01
5.77e+02,1.09e+03,3.70e+01,3.10e+01
5.80e+02,1.08e+03,4.10e+01,3.40e+01
5.96e+02,1.24e+03,3.60e+01,3.10e+01
6.06e+02,1.30e+03,3.80e+01,3.20e+01
5.77e+02,1.12e+03,3.90e+01,3.30e+01
6.05e+02,1.11e+03,5.60e+01,4.10e+01
5.79e+02,1.15e+03,3.90e+01,3.20e+01
6.06e+02,1.10e+03,5.30e+01,4.00e+01
5.57e+02,1.05e+03,3.90e+01,3.30e+01
6.45e+02,1.23e+03,4.60e+01,3.70e+01
4.62e+02,8.99e+02,5.40e+01,4.00e+01
5.88e+02,1.11e+03,3.70e+01,3.20e+01
6.28e+02,1.22e+03,3.90e+01,3.30e+01
6.54e+02,1.16e+03,5.50e+01,4.10e+01
5.74e+02,1.13e+03,3.70e+01,3.10e+01
6.39e+02,1.23e+03,4.60e+01,3.70e+01
5.36e+02,9.96e+02,4.30e+01,3.60e+01
6.77e+02,1.27e+03,5.50e+01,4.10e+01
6.00e+02,1.19e+03,5.30e+01,3.90e+01
6.34e+02,1.30e+03,4.10e+01,3.40e+01
4.60e+02,8.70e+02,3.70e+01,3.20e+01
5.82e+02,1.15e+03,4.30e+01,3.60e+01
2.69e+02,9.96e+02,3.60e+01,3.10e+01
6.45e+02,1.20e+03,3.80e+01,3.20e+01
3.90e+02,1.11e+03,4.30e+01,3.50e+01
5.99e+02,1.26e+03,3.60e+01,3.10e+01
6.71e+02,1.41e+03,5.70e+01,4.20e+01
6.20e+02,1.18e+03,3.60e+01,3.10e+01
6.98e+02,1.27e+03,5.30e+01,3.90e+01
2.67e+02,9.20e+02,3.60e+01,3.10e+01
6.84e+02,1.21e+03,5.50e+01,4.10e+01
2.33e+02,1.07e+03,3.90e+01,3.30e+01
6.67e+02,1.31e+03,5.00e+01,3.80e+01
6.40e+02,1.34e+03,4.00e+01,3.30e+01
6.09e+02,1.23e+03,3.80e+01,3.20e+01
2.49e+02,1.11e+03,5.10e+01,3.90e+01
6.25e+02,1.14e+03,5.50e+01,4.10e+01
6.01e+02,1.15e+03,4.60e+01,3.70e+01
6.23e+02,1.27e+03,3.70e+01,3.20e+01
5.97e+02,1.06e+03,5.50e+01,4.10e+01
6.61e+02,1.25e+03,5.30e+01,4.00e+01
-5.96e+01,-3.35e+01,5.50e+01,4.10e+01
6.00e+02,1.25e+03,3.60e+01,3.10e+01
6.25e+02,1.22e+03,5.50e+01,4.10e+01
5.84e+02,1.16e+03,3.70e+01,3.20e+01
5.85e+02,1.14e+03,5.30e+01,3.90e+01
6.46e+02,1.19e+03,5.00e+01,3.80e+01
6.01e+02,1.25e+03,3.80e+01,3.30e+01
6.14e+02,1.20e+03,3.80e+01,3.20e+01
5.96e+02,1.10e+03,5.20e+01,3.90e+01
6.56e+02,1.22e+03,5.30e+01,4.00e+01
6.60e+02,1.25e+03,5.40e+01,4.00e+01
5.19e+02,9.43e+02,5.50e+01,4.10e+01
6.47e+02,1.28e+03,5.50e+01,4.10e+01
6.60e+02,1.27e+03,5.50e+01,4.10e+01
5.79e+02,1.07e+03,5.20e+01,3.90e+01
6.15e+02,1.17e+03,3.60e+01,3.10e+01
5.69e+02,1.22e+03,3.80e+01,3.20e+01
6.52e+02,1.26e+03,4.10e+01,3.40e+01
5.83e+02,1.16e+03,3.80e+01,3.20e+01
2.48e+02,9.88e+02,3.90e+01,3.30e+01
6.29e+02,1.19e+03,3.60e+01,3.10e+01
6.17e+02,1.13e+03,3.90e+01,3.30e+01
6.34e+02,1.24e+03,5.50e+01,4.10e+01
5.91e+02,1.16e+03,5.50e+01,4.10e+01
6.58e+02,1.21e+03,5.30e+01,4.00e+01
5.67e+02,1.07e+03,3.70e+01,3.10e+01
6.17e+02,1.16e+03,3.70e+01,3.10e+01
4.86e+02,1.07e+03,5.00e+01,3.80e+01
6.04e+02,1.06e+03,5.50e+01,4.10e+01
-4.26e+01,-1.89e+01,5.50e+01,4.10e+01
6.68e+02,1.41e+03,3.80e+01,3.20e+01
5.12e+02,9.77e+02,3.80e+01,3.30e+01
6.60e+02,1.27e+03,5.40e+01,4.10e+01
6.12e+02,1.15e+03,5.70e+01,4.20e+01
6.02e+02,1.24e+03,3.80e+01,3.20e+01
5.47e+02,1.04e+03,5.40e+01,4.00e+01
6.31e+02,1.28e+03,5.00e+01,3.80e+01
6.14e+02,1.17e+03,5.30e+01,4.00e+01
6.61e+02,1.30e+03,3.60e+01,3.10e+01
1.99e+01,6.84e+01,5.40e+01,4.00e+01
5.89e+02,1.29e+03,5.30e+01,4.00e+01
5.93e+02,1.10e+03,5.30e+01,3.90e+01
6.54e+02,1.19e+03,5.30e+01,3.90e+01
6.50e+02,1.27e+03,4.60e+01,3.70e+01
5.32e+02,1.09e+03,3.70e+01,3.10e+01
6.05e+02,1.09e+03,5.20e+01,3.90e+01
6.31e+02,1.13e+03,4.80e+01,3.80e+01
6.46e+02,1.16e+03,5.50e+01,4.10e+01
6.62e+02,1.35e+03,3.70e+01,3.10e+01
6.30e+02,1.19e+03,3.80e+01,3.10e+01
6.17e+02,1.19e+03,4.10e+01,3.40e+01
5.77e+02,1.19e+03,3.80e+01,3.20e+01
6.19e+02,1.19e+03,4.30e+01,3.60e+01
6.03e+02,1.15e+03,5.50e+01,4.00e+01
5.85e+02,1.25e+03,4.60e+01,3.70e+01
6.49e+02,1.21e+03,4.80e+01,3.70e+01
6.76e+02,1.34e+03,3.70e+01,3.10e+01
2.04e+02,1.02e+03,3.60e+01,3.10e+01
6.14e+02,1.19e+03,3.90e+01,3.30e+01
7.07e+02,1.35e+03,3.70e+01,3.20e+01
6.28e+02,1.16e+03,3.80e+01,3.20e+01
5.33e+02,1.06e+03,3.60e+01,3.10e+01
2.18e+02,5.94e+02,3.70e+01,3.10e+01
2.51e+02,1.14e+03,3.80e+01,3.20e+01
6.13e+02,1.13e+03,5.30e+01,3.90e+01
6.31e+02,1.19e+03,3.70e+01,3.10e+01
6.02e+02,1.15e+03,3.80e+01,3.20e+01
5.31e+02,1.12e+03,3.80e+01,3.20e+01
5.69e+02,1.10e+03,3.80e+01,3.20e+01
5.84e+02,1.16e+03,3.80e+01,3.20e+01
-4.43e+01,-2.63e+01,3.60e+01,3.10e+01
6.30e+02,1.11e+03,3.90e+01,3.20e+01
5.91e+02,1.23e+03,5.50e+01,4.10e+01
6.33e+02,1.23e+03,3.80e+01,3.20e+01
6.30e+02,1.20e+03,5.20e+01,3.90e+01
1.17e+02,2.45e+02,3.90e+01,3.30e+01
6.55e+02,1.27e+03,4.80e+01,3.60e+01
6.11e+02,1.06e+03,5.00e+01,3.80e+01
6.33e+02,1.22e+03,5.50e+01,4.10e+01
6.44e+02,1.27e+03,3.70e+01,3.10e+01
6.46e+02,1.27e+03,5.00e+01,3.80e+01
6.24e+02,1.16e+03,3.70e+01,3.10e+01
6.64e+02,1.31e+03,3.70e+01,3.10e+01
6.03e+02,1.07e+03,3.80e+01,3.20e+01
6.73e+02,1.27e+03,3.80e+01,3.20e+01
5.92e+02,1.16e+03,4.70e+01,3.80e+01
6.33e+02,1.36e+03,3.60e+01,3.10e+01
6.29e+02,1.16e+03,3.60e+01,3.10e+01
6.22e+02,1.24e+03,3.80e+01,3.30e+01
6.53e+02,1.37e+03,4.10e+01,3.40e+01
5.84e+02,1.20e+03,5.50e+01,4.10e+01
5.66e+02,1.11e+03,3.90e+01,3.30e+01
5.98e+02,1.20e+03,3.80e+01,3.30e+01
6.59e+02,1.23e+03,3.70e+01,3.10e+01
6.45e+02,1.25e+03,3.80e+01,3.10e+01
6.26e+02,1.27e+03,3.80e+01,3.20e+01
6.57e+02,1.19e+03,3.60e+01,3.10e+01
5.78e+02,1.26e+03,3.60e+01,3.10e+01
5.90e+02,1.31e+03,5.50e+01,4.10e+01
-5.95e+01,-4.80e+01,5.30e+01,3.90e+01
4.37e+02,8.03e+02,3.80e+01,3.20e+01
6.71e+02,1.22e+03,5.50e+01,4.10e+01
6.08e+02,1.22e+03,3.70e+01,3.10e+01
6.54e+02,1.24e+03,3.60e+01,3.10e+01
2.50e+02,1.16e+03,3.70e+01,3.20e+01
6.18e+02,1.26e+03,5.30e+01,4.00e+01
5.55e+02,1.03e+03,3.80e+01,3.20e+01
5.71e+02,1.21e+03,3.70e+01,3.20e+01
6.27e+02,1.20e+03,4.10e+01,3.40e+01
5.71e+02,1.05e+03,5.70e+01,4.20e+01
6.40e+02,1.19e+03,3.90e+01,3.30e+01
6.38e+02,1.15e+03,5.00e+01,3.80e+01
5.66e+02,1.06e+03,3.60e+01,3.10e+01
5.78e+02,1.06e+03,5.60e+01,4.20e+01
6.42e+02,1.25e+03,3.60e+01,3.10e+01
6.59e+02,1.26e+03,4.00e+01,3.30e+01
1.74e+02,1.20e+03,5.50e+01,4.10e+01
6.15e+02,1.17e+03,4.00e+01,3.40e+01
6.19e+02,1.17e+03,3.70e+01,3.10e+01
6.99e+02,1.32e+03,5.50e+01,4.10e+01
5.84e+02,1.15e+03,3.80e+01,3.20e+01
-3.43e+01,-6.89e-01,5.60e+01,4.20e+01
6.46e+02,1.22e+03,3.70e+01,3.20e+01
6.24e+02,1.16e+03,3.90e+01,3.30e+01
2.03e+02,7.04e+02,3.80e+01,3.20e+01
6.26e+02,1.24e+03,3.60e+01,3.10e+01
5.47e+02,1.10e+03,3.80e+01,3.20e+01
6.01e+02,1.20e+03,3.90e+01,3.20e+01
6.07e+02,1.17e+03,5.30e+01,3.90e+01
5.60e+02,1.04e+03,3.70e+01,3.20e+01
4.63e+02,9.46e+02,5.60e+01,4.20e+01
6.29e+02,1.16e+03,4.20e+01,3.50e+01
5.78e+02,1.18e+03,3.70e+01,3.10e+01
5.93e+02,1.10e+03,3.70e+01,3.10e+01
1.72e+02,5.88e+02,3.60e+01,3.10e+01
2.75e+02,7.87e+02,3.90e+01,3.30e+01
6.09e+02,1.17e+03,5.50e+01,4.10e+01
5.47e+02,1.08e+03,3.60e+01,3.10e+01
2.45e+02,9.74e+02,4.10e+01,3.40e+01
6.69e+02,1.42e+03,4.10e+01,3.40e+01
6.56e+02,1.24e+03,3.70e+01,3.20e+01
6.08e+02,1.16e+03,3.60e+01,3.10e+01
5.85e+02,1.18e+03,5.50e+01,4.10e+01
5.35e+02,1.22e+03,3.70e+01,3.10e+01
6.67e+02,1.15e+03,3.70e+01,3.10e+01
4.98e+02,1.04e+03,3.80e+01,3.30e+01
6.25e+02,1.19e+03,3.70e+01,3.20e+01
6.37e+02,1.26e+03,5.20e+01,3.90e+01
6.68e+02,1.34e+03,3.60e+01,3.10e+01
6.60e+02,1.26e+03,3.60e+01,3.10e+01
5.94e+02,1.13e+03,3.60e+01,3.10e+01
6.12e+02,1.19e+03,5.50e+01,4.10e+01
2.65e+02,9.26e+02,5.20e+01,3.90e+01
5.90e+02,1.09e+03,3.80e+01,3.20e+01
5.89e+02,1.28e+03,5.30e+01,3.90e+01
6.24e+02,1.29e+03,5.30e+01,4.00e+01
6.00e+02,1.21e+03,5.60e+01,4.10e+01
6.15e+02,1.09e+03,5.60e+01,4.10e+01
2.35e+02,1.04e+03,3.90e+01,3.30e+01
5.65e+02,1.11e+03,3.80e+01,3.30e+01
6.71e+02,1.30e+03,3.60e+01,3.10e+01
6.33e+02,1.30e+03,3.80e+01,3.20e+01
6.32e+02,1.24e+03,5.30e+01,4.00e+01
6.44e+02,1.19e+03,5.00e+01,3.80e+01
6.50e+02,1.22e+03,5.00e+01,3.80e+01
5.34e+02,1.07e+03,3.70e+01,3.20e+01
6.43e+02,1.26e+03,3.80e+01,3.30e+01
1.26e+02,2.23e+02,3.60e+01,3.10e+01
6.20e+02,1.17e+03,4.70e+01,3.80e+01
6.60e+02,1.29e+03,5.40e+01,4.00e+01
5.89e+02,1.17e+03,3.60e+01,3.10e+01
6.28e+02,1.22e+03,5.50e+01,4.10e+01
6.38e+02,1.33e+03,5.40e+01,4.00e+01
4.50e+02,8.97e+02,5.60e+01,4.10e+01
6.37e+02,1.25e+03,5.00e+01,3.80e+01
6.33e+02,1.19e+03,3.80e+01,3.20e+01
5.99e+02,1.11e+03,5.50e+01,4.10e+01
2.75e+02,8.74e+02,3.90e+01,3.20e+01
6.28e+02,1.19e+03,3.70e+01,3.10e+01
5.84e+02,1.15e+03,3.60e+01,3.10e+01
2.48e+02,8.90e+02,5.50e+01,4.10e+01
6.35e+02,1.39e+03,3.80e+01,3.20e+01
5.18e+02,1.12e+03,4.20e+01,3.50e+01
6.11e+02,1.12e+03,5.50e+01,4.10e+01
5.62e+02,1.09e+03,3.80e+01,3.20e+01
5.72e+02,1.20e+03,4.30e+01,3.60e+01
7.10e+02,1.23e+03,5.20e+01,3.90e+01
6.70e+02,1.34e+03,5.60e+01,4.20e+01
5.65e+02,1.15e+03,4.00e+01,3.30e+01
6.37e+02,1.28e+03,5.00e+01,3.80e+01
6.12e+02,1.14e+03,3.80e+01,3.20e+01
6.55e+02,1.31e+03,5.50e+01,4.00e+01
6.58e+02,1.24e+03,5.70e+01,4.20e+01
6.14e+02,1.22e+03,3.60e+01,3.10e+01
2.22e+02,9.14e+02,3.70e+01,3.20e+01
6.34e+02,1.23e+03,5.50e+01,4.10e+01
5.62e+02,1.20e+03,4.60e+01,3.70e+01
6.05e+02,1.13e+03,5.50e+01,4.10e+01
6.24e+02,1.18e+03,3.90e+01,3.30e+01
4.25e+02,9.96e+02,3.60e+01,3.10e+01
5.74e+02,1.08e+03,4.00e+01,3.40e+01
6.60e+02,1.42e+03,5.10e+01,3.80e+01
6.09e+02,1.17e+03,4.00e+01,3.40e+01
-2.98e+01,-1.31e+01,5.30e+01,4.00e+01
5.97e+02,1.11e+03,4.10e+01,3.40e+01
5.83e+02,1.02e+03,5.50e+01,4.10e+01
7.11e+02,1.29e+03,5.60e+01,4.10e+01
6.01e+02,1.13e+03,5.00e+01,3.80e+01
6.29e+02,1.17e+03,4.20e+01,3.50e+01
2.87e+02,6.46e+02,3.70e+01,3.20e+01
-2.68e+01,-2.67e+00,5.60e+01,4.20e+01
4.73e+02,1.09e+03,5.60e+01,4.10e+01
6.31e+02,1.20e+03,3.80e+01,3.20e+01
6.02e+02,1.39e+03,4.70e+01,3.70e+01
5.97e+02,1.28e+03,3.80e+01,3.10e+01
6.10e+02,1.15e+03,3.80e+01,3.20e+01
4.47e+02,9.05e+02,3.70e+01,3.10e+01
5.64e+02,1.17e+03,3.70e+01,3.20e+01
5.57e+02,1.10e+03,5.00e+01,3.80e+01
6.57e+02,1.24e+03,4.80e+01,3.80e+01
6.38e+02,1.24e+03,5.50e+01,4.10e+01
5.46e+02,1.06e+03,5.10e+01,3.90e+01
2.08e+01,6.48e+01,3.60e+01,3.10e+01
2.53e+02,1.14e+03,5.00e+01,3.80e+01
5.90e+02,1.22e+03,3.90e+01,3.30e+01
6.25e+02,1.19e+03,3.60e+01,3.10e+01
1.07e+02,2.16e+02,5.10e+01,3.90e+01
6.13e+02,1.10e+03,5.60e+01,4.10e+01
6.43e+02,1.30e+03,5.00e+01,3.80e+01
5.97e+02,1.12e+03,5.70e+01,4.20e+01
2.82e+02,8.75e+02,5.50e+01,4.10e+01
5.67e+02,1.14e+03,4.20e+01,3.50e+01
6.50e+02,1.25e+03,5.50e+01,4.10e+01
6.58e+02,1.22e+03,4.70e+01,3.70e+01
6.33e+02,1.21e+03,5.40e+01,4.00e+01
6.27e+02,1.11e+03,3.60e+01,3.10e+01
2.35e+02,1.11e+03,3.70e+01,3.20e+01
-4.04e+01,-1.24e+01,3.60e+01,3.10e+01
6.34e+02,1.15e+03,5.40e+01,3.90e+01
6.27e+02,1.22e+03,3.60e+01,3.10e+01
5.75e+02,1.24e+03,3.60e+01,3.10e+01
6.80e+02,1.25e+03,3.70e+01,3.10e+01
6.41e+02,1.14e+03,4.10e+01,3.40e+01
-4.33e+01,-3.36e+01,3.90e+01,3.30e+01
6.36e+02,1.16e+03,3.60e+01,3.10e+01
7.05e+02,1.32e+03,4.10e+01,3.40e+01
1.69e+02,1.20e+03,5.20e+01,3.90e+01
6.42e+02,1.14e+03,3.70e+01,3.20e+01
5.65e+02,1.14e+03,4.60e+01,3.70e+01
6.39e+02,1.21e+03,3.70e+01,3.20e+01
6.34e+02,1.36e+03,5.30e+01,3.90e+01
6.03e+02,1.10e+03,3.70e+01,3.10e+01
4.52e+02,9.31e+02,3.70e+01,3.20e+01
5.92e+02,1.08e+03,4.60e+01,3.70e+01
5.72e+02,1.09e+03,3.90e+01,3.30e+01
6.69e+02,1.23e+03,4.70e+01,3.70e+01
-3.99e+01,-2.10e+01,3.60e+01,3.10e+01
5.16e+02,9.91e+02,3.70e+01,3.20e+01
6.25e+02,1.18e+03,5.70e+01,4.20e+01
6.83e+02,1.32e+03,3.70e+01,3.10e+01
6.05e+02,1.20e+03,3.70e+01,3.10e+01
6.16e+02,1.15e+03,3.60e+01,3.10e+01
5.84e+02,1.11e+03,3.70e+01,3.10e+01
6.22e+02,1.29e+03,3.60e+01,3.10e+01
6.45e+02,1.21e+03,5.00e+01,3.80e+01
1.40e+02,1.07e+03,5.20e+01,3.90e+01
6.32e+02,1.25e+03,5.70e+01,4.20e+01
6.14e+02,1.27e+03,5.60e+01,4.20e+01
6.39e+02,1.34e+03,4.10e+01,3.40e+01
-2.89e+01,-3.47e+00,5.50e+01,4.10e+01
6.23e+02,1.12e+03,4.20e+01,3.40e+01
-4.75e+01,-3.43e+01,4.60e+01,3.70e+01
6.06e+02,1.12e+03,3.80e+01,3.20e+01
4.94e+02,9.66e+02,3.70e+01,3.20e+01
6.11e+02,1.12e+03,5.10e+01,3.80e+01
6.10e+02,1.14e+03,5.50e+01,4.10e+01
5.77e+02,1.12e+03,5.40e+01,4.00e+01
5.51e+02,1.11e+03,3.90e+01,3.20e+01
6.11e+02,1.25e+03,5.30e+01,4.00e+01
6.06e+02,1.26e+03,3.90e+01,3.20e+01
6.05e+02,1.17e+03,3.80e+01,3.20e+01
6.72e+02,1.26e+03,3.60e+01,3.10e+01
5.63e+02,1.07e+03,3.90e+01,3.20e+01
2.48e+02,1.14e+03,3.70e+01,3.20e+01
6.12e+02,1.11e+03,3.80e+01,3.20e+01
5.87e+02,1.10e+03,3.80e+01,3.20e+01
6.03e+02,1.15e+03,5.10e+01,3.90e+01
1.19e+02,2.34e+02,5.20e+01,3.90e+01
2.26e+02,1.18e+03,4.30e+01,3.60e+01
5.61e+02,1.04e+03,4.00e+01,3.30e+01
1.59e+02,1.18e+03,3.60e+01,3.10e+01
2.46e+02,8.86e+02,3.70e+01,3.10e+01
2.06e+02,6.71e+02,5.40e+01,4.00e+01
6.27e+02,1.25e+03,5.70e+01,4.20e+01
5.82e+02,1.16e+03,4.60e+01,3.70e+01
6.23e+02,1.14e+03,5.30e+01,3.90e+01
6.01e+02,1.18e+03,5.50e+01,4.10e+01
6.43e+02,1.22e+03,5.50e+01,4.10e+01
6.39e+02,1.25e+03,4.10e+01,3.40e+01
6.40e+02,1.16e+03,3.60e+01,3.10e+01
6.10e+02,1.12e+03,3.60e+01,3.10e+01
2.31e+02,1.06e+03,3.70e+01,3.20e+01
6.41e+02,1.17e+03,3.60e+01,3.10e+01
4.79e+02,1.04e+03,4.60e+01,3.70e+01
6.32e+02,1.20e+03,3.60e+01,3.10e+01
6.73e+02,1.30e+03,3.70e+01,3.10e+01
5.97e+02,1.21e+03,5.50e+01,4.10e+01
6.40e+02,1.18e+03,3.70e+01,3.10e+01
5.97e+02,1.13e+03,3.80e+01,3.30e+01
6.31e+02,1.13e+03,5.30e+01,4.00e+01
5.91e+02,1.35e+03,3.70e+01,3.10e+01
5.44e+02,1.08e+03,3.70e+01,3.20e+01
6.30e+02,1.25e+03,5.30e+01,3.90e+01
5.97e+02,1.17e+03,3.70e+01,3.10e+01
6.41e+02,1.24e+03,3.70e+01,3.10e+01
5.88e+02,1.23e+03,3.80e+01,3.20e+01
5.67e+02,1.19e+03,4.10e+01,3.40e+01
6.24e+02,1.22e+03,5.70e+01,4.20e+01
6.71e+02,1.30e+03,5.20e+01,3.90e+01
6.26e+02,1.21e+03,5.20e+01,3.90e+01
6.35e+02,1.22e+03,4.10e+01,3.40e+01
6.27e+02,1.19e+03,4.70e+01,3.70e+01
6.60e+02,1.25e+03,3.70e+01,3.10e+01
5.77e+02,1.15e+03,3.70e+01,3.10e+01
5.96e+02,1.19e+03,4.00e+01,3.40e+01
4.45e+02,9.13e+02,5.80e+01,4.30e+01
5.89e+02,1.11e+03,3.60e+01,3.10e+01
5.97e+02,1.17e+03,3.90e+01,3.30e+01
6.44e+02,1.24e+03,5.30e+01,3.90e+01
4.89e+02,1.06e+03,5.00e+01,3.80e+01
-4.56e+01,-3.31e+01,5.50e+01,4.10e+01
6.55e+02,1.26e+03,3.70e+01,3.10e+01
6.47e+02,1.23e+03,5.50e+01,4.10e+01
5.78e+02,1.13e+03,5.40e+01,4.00e+01
-4.91e+00,1.22e+02,5.00e+01,3.80e+01
6.33e+02,1.19e+03,4.10e+01,3.40e+01
6.13e+02,1.22e+03,5.50e+01,4.10e+01
6.04e+02,1.31e+03,5.20e+01,3.90e+01
5.76e+02,1.19e+03,3.70e+01,3.20e+01
5.73e+02,1.17e+03,3.60e+01,3.10e+01
6.41e+02,1.18e+03,5.00e+01,3.80e+01
6.26e+02,1.19e+03,5.60e+01,4.10e+01
6.63e+02,1.35e+03,3.90e+01,3.30e+01
6.84e+02,1.27e+03,5.00e+01,3.80e+01
6.44e+02,1.21e+03,3.60e+01,3.10e+01
5.95e+02,1.14e+03,5.70e+01,4.20e+01
6.37e+02,1.19e+03,3.60e+01,3.10e+01
2.12e+02,6.14e+02,3.80e+01,3.20e+01
5.58e+02,1.12e+03,3.70e+01,3.10e+01
6.41e+02,1.12e+03,3.60e+01,3.10e+01
5.76e+02,1.20e+03,3.80e+01,3.20e+01
6.25e+02,1.28e+03,5.00e+01,3.80e+01
5.94e+02,1.14e+03,4.60e+01,3.50e+01
5.57e+02,1.16e+03,4.10e+01,3.40e+01
6.46e+02,1.20e+03,5.50e+01,4.10e+01
6.12e+02,1.24e+03,3.70e+01,3.10e+01
6.36e+02,1.38e+03,3.70e+01,3.10e+01
6.35e+02,1.28e+03,3.60e+01,3.10e+01
6.92e+02,1.24e+03,3.60e+01,3.10e+01
5.78e+02,1.09e+03,3.60e+01,3.10e+01
-5.50e+01,-3.22e+01,5.50e+01,4.10e+01
6.36e+02,1.19e+03,5.20e+01,3.90e+01
6.16e+02,1.24e+03,5.50e+01,4.10e+01
6.17e+02,1.25e+03,5.00e+01,3.80e+01
6.38e+02,1.21e+03,5.50e+01,4.10e+01
6.00e+02,1.26e+03,3.70e+01,3.10e+01
6.25e+02,1.25e+03,3.90e+01,3.30e+01
4.64e+02,1.33e+03,5.20e+01,3.90e+01
-5.06e+01,-2.23e+01,3.60e+01,3.10e+01
-4.82e+01,-3.01e+01,3.70e+01,3.10e+01
6.23e+02,1.21e+03,3.70e+01,3.10e+01
4.57e+02,1.13e+03,3.70e+01,3.10e+01
-3.28e+01,-4.10e+00,3.80e+01,3.20e+01
6.37e+02,1.18e+03,5.10e+01,3.80e+01
4.65e+02,1.31e+03,3.60e+01,3.10e+01
6.03e+02,1.17e+03,4.00e+01,3.30e+01
5.90e+02,1.24e+03,3.80e+01,3.30e+01
6.43e+02,1.37e+03,3.60e+01,3.10e+01
6.05e+02,1.08e+03,3.90e+01,3.30e+01
6.12e+02,1.09e+03,5.50e+01,4.10e+01
6.21e+02,1.14e+03,3.80e+01,3.20e+01
5.80e+02,1.16e+03,5.50e+01,4.10e+01
6.55e+02,1.28e+03,5.00e+01,3.80e+01
5.08e+02,1.12e+03,4.60e+01,3.50e+01
6.96e+02,1.39e+03,3.60e+01,3.10e+01
6.32e+02,1.18e+03,4.20e+01,3.50e+01
5.81e+02,1.20e+03,5.50e+01,4.10e+01
6.50e+02,1.20e+03,5.50e+01,4.10e+01
6.45e+02,1.14e+03,5.10e+01,3.80e+01
6.66e+02,1.20e+03,5.50e+01,4.10e+01
6.23e+02,1.30e+03,3.70e+01,3.10e+01
6.05e+02,1.16e+03,5.50e+01,4.10e+01
6.31e+02,1.36e+03,3.60e+01,3.10e+01
5.53e+02,1.11e+03,3.80e+01,3.20e+01
5.29e+02,1.12e+03,3.70e+01,3.10e+01
6.13e+02,1.15e+03,5.50e+01,4.10e+01
6.38e+02,1.26e+03,3.90e+01,3.30e+01
6.65e+02,1.26e+03,3.60e+01,3.10e+01
6.32e+02,1.21e+03,3.80e+01,3.20e+01
6.41e+02,1.15e+03,3.60e+01,3.10e+01
6.37e+02,1.20e+03,3.80e+01,3.20e+01
5.01e+02,9.59e+02,3.80e+01,3.20e+01
3.47e+02,1.05e+03,4.70e+01,3.70e+01
6.54e+02,1.21e+03,4.80e+01,3.70e+01
5.83e+02,1.17e+03,5.60e+01,4.20e+01
6.18e+02,1.16e+03,3.70e+01,3.10e+01
5.86e+02,1.31e+03,3.90e+01,3.20e+01
6.47e+02,1.25e+03,5.20e+01,3.90e+01
6.14e+02,1.25e+03,3.80e+01,3.20e+01
5.69e+02,1.13e+03,3.70e+01,3.20e+01
5.43e+02,1.22e+03,5.00e+01,3.80e+01
3.22e+02,7.42e+02,3.70e+01,3.20e+01
-3.16e+01,-5.00e+00,5.50e+01,4.10e+01
6.56e+02,1.23e+03,5.10e+01,3.80e+01
6.35e+02,1.26e+03,5.00e+01,3.80e+01
6.24e+02,1.29e+03,5.30e+01,4.00e+01
2.21e+02,9.76e+02,4.30e+01,3.60e+01
6.18e+02,1.28e+03,4.80e+01,3.70e+01
6.31e+02,1.16e+03,5.00e+01,3.80e+01
6.62e+02,1.25e+03,3.70e+01,3.10e+01
8.56e+01,1.60e+02,3.80e+01,3.20e+01
6.65e+02,1.20e+03,5.30e+01,4.00e+01
6.55e+02,1.24e+03,5.40e+01,4.00e+01
6.17e+02,1.20e+03,5.40e+01,3.90e+01
6.48e+02,1.23e+03,3.60e+01,3.10e+01
4.13e+02,1.00e+03,3.60e+01,3.10e+01
6.44e+02,1.13e+03,3.60e+01,3.10e+01
6.41e+02,1.14e+03,5.50e+01,4.10e+01
6.13e+02,1.21e+03,5.50e+01,4.10e+01
6.78e+02,1.25e+03,5.50e+01,4.10e+01
6.33e+02,1.24e+03,3.60e+01,3.10e+01
6.96e+02,1.31e+03,3.60e+01,3.10e+01
5.97e+02,1.13e+03,3.60e+01,3.10e+01
6.37e+02,1.23e+03,3.60e+01,3.10e+01
6.36e+02,1.17e+03,5.70e+01,4.20e+01
6.49e+02,1.16e+03,5.40e+01,4.00e+01
4.56e+02,1.06e+03,5.50e+01,4.10e+01
2.55e+02,1.18e+03,5.40e+01,4.10e+01
6.29e+02,1.21e+03,3.80e+01,3.20e+01
6.25e+02,1.16e+03,5.50e+01,4.10e+01
7.03e+02,1.36e+03,5.20e+01,3.90e+01
6.95e+02,1.23e+03,3.70e+01,3.10e+01
6.32e+02,1.28e+03,3.90e+01,3.40e+01
6.37e+02,1.16e+03,4.70e+01,3.70e+01
5.86e+02,1.10e+03,5.30e+01,3.90e+01
4.48e+02,1.14e+03,3.60e+01,3.10e+01
6.21e+02,1.16e+03,3.90e+01,3.30e+01
4.32e+02,9.02e+02,3.80e+01,3.20e+01
-4.79e+01,-2.98e+01,3.90e+01,3.30e+01
5.47e+02,1.20e+03,3.80e+01,3.30e+01
6.21e+02,1.18e+03,5.40e+01,4.00e+01
5.85e+02,1.11e+03,3.60e+01,3.10e+01
2.13e+02,9.20e+02,4.20e+01,3.50e+01
6.14e+02,1.10e+03,5.00e+01,3.80e+01
6.38e+02,1.21e+03,5.30e+01,4.00e+01
5.31e+02,1.01e+03,3.70e+01,3.20e+01
6.16e+02,1.25e+03,3.90e+01,3.30e+01
4.82e+00,1.68e+02,3.70e+01,3.10e+01
5.41e+02,1.10e+03,5.30e+01,3.90e+01
5.87e+02,1.06e+03,5.60e+01,4.20e+01
6.74e+02,1.24e+03,4.60e+01,3.50e+01
6.05e+02,1.19e+03,3.60e+01,3.10e+01
6.07e+02,1.30e+03,3.80e+01,3.20e+01
1.22e+02,2.67e+02,3.80e+01,3.20e+01
6.48e+02,1.16e+03,3.90e+01,3.30e+01
6.63e+02,1.24e+03,5.50e+01,4.10e+01
6.20e+02,1.21e+03,3.70e+01,3.10e+01
5.70e+02,1.13e+03,3.60e+01,3.10e+01
7.02e+02,1.25e+03,3.60e+01,3.10e+01
6.04e+02,1.16e+03,3.90e+01,3.30e+01
6.26e+02,1.20e+03,5.60e+01,4.20e+01
2.45e+02,5.36e+02,3.70e+01,3.20e+01
5.37e+02,1.22e+03,5.00e+01,3.80e+01
5.88e+02,1.24e+03,3.60e+01,3.10e+01
6.60e+02,1.37e+03,5.30e+01,3.90e+01
5.75e+02,1.13e+03,3.70e+01,3.10e+01
6.28e+02,1.12e+03,3.80e+01,3.30e+01
5.98e+02,1.13e+03,5.00e+01,3.80e+01
4.67e+02,9.47e+02,5.40e+01,4.00e+01
6.08e+02,1.18e+03,4.00e+01,3.30e+01
3.01e+02,1.06e+03,5.20e+01,3.90e+01
5.93e+02,1.13e+03,4.30e+01,3.50e+01
2.96e+02,1.17e+03,5.50e+01,4.10e+01
5.41e+02,1.03e+03,5.60e+01,4.20e+01
4.78e+02,1.07e+03,5.30e+01,3.90e+01
2.61e+02,4.87e+02,3.70e+01,3.20e+01
5.77e+02,1.15e+03,4.20e+01,3.40e+01
5.46e+02,1.03e+03,3.90e+01,3.30e+01
-5.01e+01,-2.66e+01,5.20e+01,3.90e+01
6.13e+02,1.10e+03,3.80e+01,3.20e+01
5.57e+02,1.05e+03,5.40e+01,3.90e+01
5.94e+02,1.18e+03,3.60e+01,3.10e+01
6.38e+02,1.18e+03,3.60e+01,3.10e+01
4.69e+02,1.15e+03,3.60e+01,3.10e+01
5.92e+02,1.19e+03,3.60e+01,3.10e+01
6.08e+02,1.12e+03,5.20e+01,3.90e+01
6.33e+02,1.25e+03,3.70e+01,3.10e+01
5.58e+02,1.09e+03,5.00e+01,3.80e+01
6.52e+02,1.33e+03,5.00e+01,3.80e+01
6.43e+02,1.15e+03,5.70e+01,4.20e+01
6.22e+02,1.20e+03,5.10e+01,3.80e+01
5.60e+02,1.15e+03,3.90e+01,3.20e+01
6.18e+02,1.28e+03,3.80e+01,3.30e+01
5.00e+02,1.07e+03,5.40e+01,4.00e+01
6.31e+02,1.16e+03,5.50e+01,4.00e+01
6.88e+02,1.31e+03,5.00e+01,3.80e+01
5.72e+02,1.21e+03,5.70e+01,4.20e+01
-4.18e+01,-3.20e+01,3.60e+01,3.10e+01
6.31e+02,1.26e+03,5.30e+01,3.90e+01
6.57e+02,1.33e+03,5.50e+01,4.00e+01
6.40e+02,1.18e+03,5.40e+01,4.00e+01
1.20e+02,2.49e+02,3.70e+01,3.20e+01
6.11e+02,1.14e+03,3.90e+01,3.20e+01
6.09e+02,1.25e+03,5.00e+01,3.80e+01
6.45e+02,1.13e+03,5.00e+01,3.80e+01
6.14e+02,1.25e+03,3.70e+01,3.10e+01
1.17e+02,2.41e+02,3.70e+01,3.20e+01
6.55e+02,1.21e+03,3.80e+01,3.30e+01
5.79e+02,1.06e+03,5.00e+01,3.80e+01
5.46e+02,1.19e+03,3.70e+01,3.10e+01
6.24e+02,1.30e+03,3.70e+01,3.20e+01
6.65e+02,1.16e+03,5.30e+01,3.90e+01
5.60e+02,1.07e+03,3.90e+01,3.30e+01
6.54e+02,1.29e+03,3.70e+01,3.10e+01
5.30e+02,1.01e+03,3.60e+01,3.10e+01
5.71e+02,1.16e+03,3.80e+01,3.20e+01
6.53e+02,1.22e+03,3.70e+01,3.10e+01
6.36e+02,1.31e+03,4.10e+01,3.40e+01
5.89e+02,1.22e+03,3.90e+01,3.30e+01
5.80e+02,1.14e+03,5.20e+01,3.90e+01
6.59e+02,1.33e+03,5.50e+01,4.10e+01
6.32e+02,1.17e+03,5.50e+01,4.10e+01
6.74e+02,1.23e+03,3.80e+01,3.20e+01
6.65e+02,1.27e+03,5.50e+01,4.10e+01
6.11e+02,1.25e+03,4.10e+01,3.40e+01
6.65e+02,1.26e+03,5.40e+01,4.00e+01
2.31e+02,1.07e+03,3.60e+01,3.10e+01
6.36e+02,1.26e+03,3.80e+01,3.20e+01
2.13e+02,6.65e+02,5.50e+01,4.10e+01
6.59e+02,1.27e+03,3.90e+01,3.20e+01
6.48e+02,1.24e+03,5.50e+01,4.00e+01
6.08e+02,1.15e+03,3.90e+01,3.30e+01
6.29e+02,1.30e+03,3.80e+01,3.20e+01
6.37e+02,1.19e+03,5.00e+01,3.80e+01
6.04e+02,1.18e+03,4.00e+01,3.30e+01
4.08e+02,8.57e+02,3.60e+01,3.10e+01
-5.01e+01,-1.71e+01,5.30e+01,3.90e+01
6.50e+02,1.20e+03,3.60e+01,3.10e+01
6.21e+02,1.25e+03,3.80e+01,3.20e+01
3.00e+02,5.43e+02,3.70e+01,3.20e+01
6.62e+02,1.39e+03,4.80e+01,3.70e+01
6.41e+02,1.17e+03,5.20e+01,3.90e+01
6.45e+02,1.25e+03,3.60e+01,3.10e+01
5.99e+02,1.11e+03,3.60e+01,3.10e+01
6.20e+02,1.20e+03,3.60e+01,3.10e+01
5.63e+02,1.22e+03,3.80e+01,3.20e+01
6.49e+02,1.21e+03,5.20e+01,3.90e+01
6.74e+02,1.15e+03,5.50e+01,4.10e+01
5.22e+02,1.09e+03,3.60e+01,3.10e+01
6.45e+02,1.33e+03,5.00e+01,3.80e+01
5.82e+02,1.07e+03,3.70e+01,3.10e+01
5.90e+02,1.14e+03,3.60e+01,3.10e+01
6.26e+02,1.14e+03,4.10e+01,3.40e+01
6.04e+02,1.28e+03,3.60e+01,3.10e+01
1.38e+02,2.79e+02,4.10e+01,3.40e+01
5.91e+02,1.10e+03,5.10e+01,3.80e+01
5.22e+02,1.06e+03,4.60e+01,3.70e+01
-4.30e+01,-1.39e+00,5.50e+01,4.10e+01
2.54e+02,1.16e+03,5.60e+01,4.20e+01
5.78e+02,1.20e+03,3.60e+01,3.10e+01
-4.17e+01,1.11e+01,3.80e+01,3.20e+01
6.45e+02,1.19e+03,5.50e+01,4.10e+01
5.64e+02,1.16e+03,5.30e+01,3.90e+01
2.07e+02,9.98e+02,3.90e+01,3.30e+01
6.14e+02,1.25e+03,3.70e+01,3.10e+01
-4.50e+01,-2.19e+01,5.50e+01,4.10e+01
6.11e+02,1.11e+03,3.60e+01,3.10e+01
6.44e+02,1.14e+03,5.60e+01,4.20e+01
6.09e+02,1.22e+03,5.50e+01,4.00e+01
6.40e+02,1.33e+03,3.90e+01,3.30e+01
6.14e+02,1.24e+03,4.00e+01,3.30e+01
6.28e+02,1.20e+03,5.50e+01,4.00e+01
5.42e+02,1.07e+03,5.50e+01,4.10e+01
6.28e+02,1.18e+03,3.60e+01,3.10e+01
5.77e+02,1.29e+03,3.70e+01,3.10e+01
6.27e+02,1.18e+03,5.30e+01,4.00e+01
6.15e+02,1.22e+03,3.80e+01,3.20e+01
4.12e+02,8.30e+02,4.20e+01,3.50e+01
6.04e+02,1.13e+03,4.60e+01,3.70e+01
6.38e+02,1.29e+03,4.10e+01,3.40e+01
6.08e+02,1.20e+03,3.90e+01,3.30e+01
2.36e+02,5.23e+02,4.00e+01,3.30e+01
6.72e+02,1.31e+03,5.50e+01,4.10e+01
6.41e+02,1.37e+03,5.30e+01,3.90e+01
6.40e+02,1.32e+03,3.80e+01,3.30e+01
5.74e+02,1.17e+03,4.30e+01,3.50e+01
6.21e+02,1.19e+03,3.80e+01,3.20e+01
5.59e+00,1.33e+02,5.50e+01,4.10e+01
5.83e+02,1.07e+03,4.00e+01,3.30e+01
5.94e+02,1.32e+03,3.70e+01,3.20e+01
3.02e+02,1.01e+03,3.70e+01,3.10e+01
6.71e+02,1.40e+03,3.60e+01,3.10e+01
6.05e+02,1.25e+03,5.30e+01,3.90e+01
4.57e+02,1.21e+03,3.60e+01,3.10e+01
6.17e+02,1.15e+03,5.50e+01,4.10e+01
6.33e+02,1.19e+03,3.70e+01,3.10e+01
6.89e+01,1.57e+02,3.70e+01,3.10e+01
2.00e+02,6.54e+02,5.20e+01,3.90e+01
6.32e+02,1.19e+03,5.30e+01,3.90e+01
5.87e+02,1.26e+03,4.20e+01,3.50e+01
6.07e+02,1.12e+03,3.80e+01,3.10e+01
5.43e+02,1.13e+03,3.60e+01,3.10e+01
6.10e+02,1.22e+03,3.70e+01,3.20e+01
6.39e+02,1.23e+03,3.60e+01,3.10e+01
6.14e+02,1.11e+03,5.20e+01,3.90e+01
5.46e+02,1.10e+03,3.90e+01,3.30e+01
6.10e+02,1.11e+03,3.90e+01,3.30e+01
1.58e+02,1.15e+03,3.60e+01,3.10e+01
6.40e+02,1.29e+03,3.70e+01,3.10e+01
2.07e+02,1.14e+03,3.60e+01,3.10e+01
5.55e+02,1.02e+03,3.70e+01,3.10e+01
6.54e+02,1.36e+03,3.60e+01,3.10e+01
5.77e+02,1.19e+03,5.00e+01,3.80e+01
6.19e+02,1.18e+03,3.80e+01,3.20e+01
6.95e+02,1.38e+03,4.70e+01,3.60e+01
-5.53e+01,-4.80e+01,3.60e+01,3.10e+01
6.14e+02,1.34e+03,3.70e+01,3.20e+01
5.99e+02,1.11e+03,3.70e+01,3.10e+01
5.95e+02,1.20e+03,3.80e+01,3.20e+01
5.93e+02,1.04e+03,5.00e+01,3.80e+01
5.86e+02,1.18e+03,5.50e+01,4.10e+01
1.55e+02,1.12e+03,3.60e+01,3.10e+01
6.36e+02,1.19e+03,3.70e+01,3.10e+01
6.18e+02,1.10e+03,5.30e+01,3.90e+01
5.91e+02,1.11e+03,3.60e+01,3.10e+01
1.68e+02,4.45e+02,3.80e+01,3.20e+01
4.45e+02,9.67e+02,3.80e+01,3.20e+01
6.68e+02,1.19e+03,3.70e+01,3.10e+01
5.63e+02,1.08e+03,3.60e+01,3.10e+01
6.67e+02,1.26e+03,5.70e+01,4.20e+01
6.25e+02,1.31e+03,3.80e+01,3.20e+01
6.44e+02,1.11e+03,5.40e+01,4.00e+01
6.37e+02,1.30e+03,4.10e+01,3.40e+01
6.14e+02,1.14e+03,5.30e+01,3.90e+01
6.15e+02,1.18e+03,3.80e+01,3.20e+01
6.09e+02,1.17e+03,5.10e+01,3.90e+01
6.36e+02,1.18e+03,3.80e+01,3.20e+01
5.85e+02,1.07e+03,4.00e+01,3.40e+01
2.46e+02,1.06e+03,3.80e+01,3.20e+01
5.65e+02,1.05e+03,3.70e+01,3.20e+01
5.49e+02,1.10e+03,3.80e+01,3.20e+01
6.29e+02,1.17e+03,3.80e+01,3.20e+01
1.58e+02,5.25e+02,3.80e+01,3.30e+01
6.45e+02,1.28e+03,5.30e+01,3.90e+01
6.55e+02,1.28e+03,3.60e+01,3.10e+01
5.91e+02,1.19e+03,5.30e+01,4.00e+01
6.70e+02,1.34e+03,4.60e+01,3.50e+01
6.22e+02,1.22e+03,5.00e+01,3.80e+01
6.29e+02,1.27e+03,3.60e+01,3.10e+01
-7.14e+00,1.51e+02,3.60e+01,3.10e+01
6.56e+02,1.31e+03,3.80e+01,3.20e+01
6.64e+02,1.30e+03,5.30e+01,4.00e+01
6.25e+02,1.16e+03,4.70e+01,3.80e+01
2.55e+02,1.14e+03,5.30e+01,4.00e+01
2.99e+02,9.86e+02,5.30e+01,4.00e+01
6.42e+02,1.31e+03,5.50e+01,4.10e+01
6.34e+02,1.33e+03,5.20e+01,3.90e+01
6.07e+02,1.12e+03,3.80e+01,3.30e+01
6.32e+02,1.07e+03,5.50e+01,4.00e+01
6.22e+02,1.24e+03,3.90e+01,3.30e+01
6.29e+02,1.30e+03,4.10e+01,3.40e+01
-4.51e+01,-2.15e+01,3.60e+01,3.10e+01
5.76e+02,1.07e+03,3.90e+01,3.20e+01
6.55e+02,1.30e+03,3.80e+01,3.30e+01
2.36e+02,1.08e+03,5.00e+01,3.80e+01
5.66e+02,1.17e+03,3.60e+01,3.10e+01
5.98e+02,1.25e+03,3.70e+01,3.10e+01
5.84e+02,1.21e+03,3.80e+01,3.20e+01
-4.24e+01,-2.75e+01,3.60e+01,3.10e+01
5.89e+02,1.11e+03,3.70e+01,3.10e+01
6.09e+02,1.09e+03,5.90e+01,4.30e+01
5.91e+02,1.16e+03,3.60e+01,3.10e+01
8.21e+01,2.23e+02,3.70e+01,3.10e+01
5.93e+02,1.14e+03,3.80e+01,3.20e+01
5.82e+02,1.21e+03,3.90e+01,3.30e+01
5.37e+02,1.07e+03,3.90e+01,3.30e+01
1.54e+02,6.41e+02,3.80e+01,3.30e+01
5.91e+02,1.27e+03,3.60e+01,3.10e+01
6.04e+02,1.17e+03,5.50e+01,4.10e+01
6.39e+02,1.19e+03,5.00e+01,3.80e+01
5.92e+02,1.11e+03,3.60e+01,3.10e+01
6.57e+02,1.20e+03,5.20e+01,3.90e+01
5.51e+02,1.09e+03,5.50e+01,4.10e+01
6.34e+02,1.16e+03,5.30e+01,4.00e+01
6.48e+02,1.30e+03,5.30e+01,3.90e+01
6.22e+02,1.15e+03,4.00e+01,3.40e+01
6.37e+02,1.31e+03,3.70e+01,3.10e+01
1.32e+02,3.10e+02,5.60e+01,4.10e+01
1.87e+02,1.02e+03,3.80e+01,3.30e+01
6.43e+02,1.17e+03,4.60e+01,3.50e+01
5.86e+02,1.19e+03,3.80e+01,3.20e+01
5.39e+02,1.03e+03,3.60e+01,3.10e+01
5.00e+02,9.60e+02,4.00e+01,3.40e+01
6.73e+02,1.24e+03,3.70e+01,3.10e+01
6.28e+02,1.28e+03,3.90e+01,3.30e+01
