-4.67e+01,-1.46e+01,4.00e+00,1.20e+01
-6.11e+01,9.82e+00,9.00e+00,1.20e+01
-3.08e+01,5.26e+01,4.00e+00,1.20e+01
-3.58e+01,-1.65e+01,3.00e+00,1.20e+01
-4.25e+01,-2.43e+01,5.00e+00,1.20e+01
-6.64e+01,-1.34e+01,0.00e+00,1.20e+01
-6.38e+01,-2.72e+01,5.00e+00,1.20e+01
4.15e+01,2.07e+02,7.00e+00,1.20e+01
-3.24e+01,-8.33e+00,5.00e+00,1.20e+01
-7.59e+01,-3.86e+01,5.00e+00,1.20e+01
-5.29e+01,-2.56e+01,3.00e+00,1.20e+01
-3.14e+01,-1.48e+01,1.00e+00,1.20e+01
-1.00e+01,8.49e+01,1.10e+01,1.20e+01
-2.46e+01,1.04e+02,6.00e+00,1.20e+01
-4.67e+01,-1.12e+01,4.00e+00,1.20e+01
-2.56e+00,8.44e+01,4.00e+00,1.20e+01
-6.63e+00,9.57e+01,7.00e+00,1.20e+01
-4.44e+01,-1.29e+01,3.00e+00,1.20e+01
-4.80e+01,-1.67e+01,7.00e+00,1.20e+01
-3.50e+01,-1.82e+01,2.00e+00,1.20e+01
-3.39e+01,-1.09e+01,4.00e+00,1.20e+01
-3.75e+01,-2.94e+01,6.00e+00,1.20e+01
-4.98e+01,-2.35e+01,6.00e+00,1.20e+01
-5.62e+01,-3.67e+01,3.00e+00,1.20e+01
-6.74e+01,-2.31e+01,5.00e+00,1.20e+01
-5.21e-01,1.57e+02,5.00e+00,1.20e+01
-4.74e+01,-2.35e+01,3.00e+00,1.20e+01
-5.15e+01,-2.78e+01,6.00e+00,1.20e+01
-3.48e+01,-1.59e+01,5.00e+00,1.20e+01
-5.37e+01,-2.78e+01,7.00e+00,1.20e+01
-1.94e+01,4.55e+01,8.00e+00,1.20e+01
-5.45e+01,3.44e+00,5.00e+00,1.20e+01
-1.86e+01,4.99e+01,6.00e+00,1.20e+01
-4.28e+01,-9.66e+00,3.00e+00,1.20e+01
-4.43e+01,8.52e+00,3.00e+00,1.20e+01
-7.15e+01,-9.43e+00,5.00e+00,1.20e+01
-5.03e+01,-4.29e+00,6.00e+00,1.20e+01
-3.94e+01,-1.61e+01,4.00e+00,1.20e+01
3.71e+01,2.23e+02,7.00e+00,1.20e+01
-3.77e+01,-1.71e+01,3.00e+00,1.20e+01
-5.67e+01,-2.25e+01,5.00e+00,1.20e+01
-6.71e+01,-1.13e+01,2.00e+00,1.20e+01
-6.19e+01,-3.11e+01,5.00e+00,1.20e+01
4.51e+00,1.52e+02,7.00e+00,1.20e+01
-7.52e+01,-3.28e+01,6.00e+00,1.20e+01
-4.68e+01,-7.20e+00,6.00e+00,1.20e+01
-6.12e+01,-2.34e+01,7.00e+00,1.20e+01
-1.29e+01,4.45e+01,3.00e+00,1.20e+01
-6.16e+01,-1.29e+01,4.00e+00,1.20e+01
-6.17e+01,-1.54e+01,7.00e+00,1.20e+01
-6.25e+00,4.43e+01,9.00e+00,1.20e+01
-6.86e+01,-7.42e-01,6.00e+00,1.20e+01
-2.15e+01,9.08e+01,6.00e+00,1.20e+01
-4.73e+01,-4.17e+00,5.00e+00,1.20e+01
-8.87e+00,2.51e+01,6.00e+00,1.20e+01
4.57e-01,1.58e+02,7.00e+00,1.20e+01
-5.77e+01,-2.03e+01,5.00e+00,1.20e+01
-3.94e+01,-1.32e+01,3.00e+00,1.20e+01
-5.54e+01,-1.80e+01,5.00e+00,1.20e+01
-3.93e+00,6.69e+01,7.00e+00,1.20e+01
-8.34e+00,5.48e+01,4.00e+00,1.20e+01
-3.80e+01,-3.13e+00,2.00e+00,1.20e+01
-4.58e+01,-3.04e+01,6.00e+00,1.20e+01
-3.78e+01,-2.44e+01,5.00e+00,1.20e+01
-3.53e+01,-1.33e+01,5.00e+00,1.20e+01
-1.47e+01,5.08e+01,7.00e+00,1.20e+01
-2.25e+01,1.07e+02,7.00e+00,1.20e+01
-2.72e+01,2.69e+01,9.00e+00,1.20e+01
-4.65e+01,-2.51e+01,3.00e+00,1.20e+01
-1.98e+01,6.54e+01,6.00e+00,1.20e+01
-5.43e+01,7.32e-01,5.00e+00,1.20e+01
-4.33e+01,-2.16e+01,3.00e+00,1.20e+01
-5.13e+01,-1.54e+01,5.00e+00,1.20e+01
-4.54e+01,-1.77e+01,3.00e+00,1.20e+01
-5.38e+01,-2.06e+01,6.00e+00,1.20e+01
-2.41e+01,5.50e+01,6.00e+00,1.20e+01
-3.12e+01,1.17e+00,6.00e+00,1.20e+01
-4.13e+01,-9.96e+00,3.00e+00,1.20e+01
-3.52e+01,6.04e+01,6.00e+00,1.20e+01
2.54e+01,2.07e+02,3.00e+00,1.20e+01
-5.94e+01,-1.61e+01,4.00e+00,1.20e+01
-7.50e+00,6.40e+01,7.00e+00,1.20e+01
-4.33e+01,-8.53e+00,5.00e+00,1.20e+01
-5.60e+01,-2.24e+01,4.00e+00,1.20e+01
-4.56e+01,-2.14e+01,6.00e+00,1.20e+01
-6.79e+01,-2.71e+01,7.00e+00,1.20e+01
-5.50e+01,-1.56e+00,6.00e+00,1.20e+01
-8.35e+01,-3.26e+01,3.00e+00,1.20e+01
-6.73e+01,-3.01e+01,5.00e+00,1.20e+01
-4.57e+01,-2.40e+01,1.00e+01,1.20e+01
-3.18e+01,-2.16e+01,7.00e+00,1.20e+01
-1.62e+01,9.73e+01,6.00e+00,1.20e+01
-5.48e+01,-2.71e+01,5.00e+00,1.20e+01
3.20e+00,1.79e+02,4.00e+00,1.20e+01
-3.37e+01,4.99e+01,7.00e+00,1.20e+01
-4.81e+01,-2.72e+01,2.00e+00,1.20e+01
-6.73e+01,-2.47e+01,6.00e+00,1.20e+01
-4.93e+01,-1.17e+01,6.00e+00,1.20e+01
-4.71e+01,-2.69e+01,7.00e+00,1.20e+01
-5.69e+01,8.79e+01,4.00e+00,1.20e+01
-7.00e+00,4.36e+01,5.00e+00,1.20e+01
-4.11e+01,-6.41e+00,5.00e+00,1.20e+01
-5.80e+01,-8.82e+00,6.00e+00,1.20e+01
-5.14e+01,-4.06e+00,3.00e+00,1.20e+01
-3.27e+01,-2.09e+01,1.00e+00,1.20e+01
-2.76e+01,3.06e+01,5.00e+00,1.20e+01
-5.28e+01,-1.52e+01,1.00e+00,1.20e+01
-1.59e+01,1.08e+02,5.00e+00,1.20e+01
-3.34e+01,8.87e+00,5.00e+00,1.20e+01
-4.05e+01,-7.40e-02,7.00e+00,1.20e+01
-4.55e+01,-2.66e+01,5.00e+00,1.20e+01
1.80e+01,2.03e+02,4.00e+00,1.20e+01
3.47e+01,2.48e+02,6.00e+00,1.20e+01
-2.08e+01,7.74e+01,7.00e+00,1.20e+01
-6.90e+01,-1.94e+01,5.00e+00,1.20e+01
-9.93e+00,7.07e+01,4.00e+00,1.20e+01
-5.77e+01,-3.00e+01,5.00e+00,1.20e+01
-2.90e+01,-1.03e+01,3.00e+00,1.20e+01
3.41e+01,2.26e+02,4.00e+00,1.20e+01
-6.10e+01,-3.20e+01,3.00e+00,1.20e+01
-2.26e+01,1.82e+02,4.00e+00,1.20e+01
-6.80e+01,-2.55e+01,5.00e+00,1.20e+01
-2.72e+01,7.55e+01,5.00e+00,1.20e+01
-6.52e+01,-4.51e+01,8.00e+00,1.20e+01
-6.40e+01,-2.11e+01,4.00e+00,1.20e+01
-6.03e+01,-2.08e+01,5.00e+00,1.20e+01
-1.77e+01,4.87e+01,6.00e+00,1.20e+01
-5.41e+01,-9.79e+00,4.00e+00,1.20e+01
