8.95e+01,4.98e+02,1.83e+02,7.30e+01
8.15e+01,5.04e+02,1.74e+02,7.10e+01
8.95e+01,4.98e+02,1.83e+02,7.30e+01
8.15e+01,5.04e+02,1.74e+02,7.10e+01
8.16e+01,5.04e+02,1.78e+02,7.30e+01
8.95e+01,4.98e+02,1.79e+02,7.20e+01
8.15e+01,5.04e+02,1.74e+02,7.10e+01
8.15e+01,5.04e+02,1.74e+02,7.10e+01
8.95e+01,4.98e+02,1.84e+02,7.30e+01
8.14e+01,5.03e+02,1.74e+02,7.10e+01
8.15e+01,5.04e+02,1.75e+02,7.10e+01
8.94e+01,4.98e+02,1.80e+02,7.20e+01
8.15e+01,5.04e+02,1.75e+02,7.10e+01
8.94e+01,4.98e+02,1.80e+02,7.20e+01
8.95e+01,4.98e+02,1.81e+02,7.30e+01
8.15e+01,5.04e+02,1.75e+02,7.10e+01
8.15e+01,5.04e+02,1.75e+02,7.10e+01
8.15e+01,5.04e+02,1.75e+02,7.10e+01
8.15e+01,5.04e+02,1.75e+02,7.10e+01
7.79e+01,4.99e+02,1.74e+02,7.10e+01
8.15e+01,5.04e+02,1.76e+02,7.20e+01
8.95e+01,4.98e+02,1.79e+02,7.20e+01
7.88e+01,4.88e+02,1.75e+02,7.20e+01
8.15e+01,5.04e+02,1.75e+02,7.10e+01
3.31e+01,2.60e+02,1.83e+02,7.30e+01
8.15e+01,5.04e+02,1.78e+02,7.30e+01
8.15e+01,5.04e+02,1.77e+02,7.20e+01
6.95e+01,4.98e+02,1.80e+02,7.20e+01
5.82e+01,3.70e+02,1.82e+02,7.40e+01
-6.90e+00,2.18e+02,1.75e+02,7.10e+01
7.61e+01,4.88e+02,1.75e+02,7.10e+01
2.51e+01,3.12e+02,1.82e+02,7.30e+01
8.15e+01,5.04e+02,1.75e+02,7.10e+01
8.94e+01,4.98e+02,1.81e+02,7.20e+01
7.70e+01,5.01e+02,1.79e+02,7.40e+01
1.39e+01,1.97e+02,1.74e+02,7.10e+01
5.72e+01,3.47e+02,1.82e+02,7.30e+01
8.15e+01,5.04e+02,1.75e+02,7.20e+01
8.13e+01,5.04e+02,1.76e+02,7.20e+01
7.21e+01,3.95e+02,1.85e+02,7.40e+01
8.15e+01,5.04e+02,1.77e+02,7.20e+01
8.15e+01,5.04e+02,1.75e+02,7.10e+01
7.43e+01,4.98e+02,1.79e+02,7.20e+01
7.64e+01,5.04e+02,1.78e+02,7.30e+01
-3.25e+01,8.87e+01,1.81e+02,7.30e+01
8.15e+01,5.04e+02,1.74e+02,7.10e+01
8.15e+01,5.04e+02,1.75e+02,7.10e+01
8.93e+01,4.97e+02,1.80e+02,7.20e+01
7.88e+01,5.04e+02,1.77e+02,7.20e+01
8.15e+01,5.04e+02,1.77e+02,7.20e+01
6.52e+01,4.13e+02,1.77e+02,7.30e+01
8.15e+01,5.04e+02,1.77e+02,7.20e+01
6.85e+01,4.45e+02,1.75e+02,7.10e+01
7.83e+01,5.01e+02,1.77e+02,7.20e+01
8.95e+01,4.98e+02,1.84e+02,7.40e+01
8.15e+01,5.04e+02,1.77e+02,7.20e+01
7.81e+01,4.97e+02,1.83e+02,7.30e+01
-3.16e+01,9.52e+01,1.78e+02,7.30e+01
8.94e+01,4.98e+02,1.81e+02,7.20e+01
8.16e+01,5.04e+02,1.78e+02,7.30e+01
7.04e+01,4.97e+02,1.83e+02,7.30e+01
7.92e+01,5.03e+02,1.75e+02,7.10e+01
7.63e+01,4.98e+02,1.85e+02,7.30e+01
6.56e+01,5.02e+02,1.75e+02,7.10e+01
8.14e+01,5.03e+02,1.75e+02,7.10e+01
8.15e+01,5.04e+02,1.77e+02,7.20e+01
1.28e+01,2.77e+02,1.80e+02,7.20e+01
8.15e+01,5.04e+02,1.74e+02,7.10e+01
8.95e+01,4.98e+02,1.79e+02,7.20e+01
8.12e+01,5.03e+02,1.75e+02,7.20e+01
7.88e+01,5.04e+02,1.74e+02,7.10e+01
2.74e+01,2.70e+02,1.74e+02,7.10e+01
8.11e+01,5.02e+02,1.76e+02,7.10e+01
8.01e+01,4.98e+02,1.83e+02,7.30e+01
8.93e+01,4.98e+02,1.83e+02,7.30e+01
6.34e+01,4.18e+02,1.79e+02,7.40e+01
7.70e+01,4.93e+02,1.75e+02,7.20e+01
8.15e+01,5.04e+02,1.75e+02,7.10e+01
5.25e+01,3.30e+02,1.76e+02,7.20e+01
8.16e+01,5.04e+02,1.78e+02,7.30e+01
8.15e+01,5.04e+02,1.74e+02,7.10e+01
8.92e+01,4.96e+02,1.83e+02,7.30e+01
8.95e+01,4.98e+02,1.79e+02,7.20e+01
8.15e+01,5.04e+02,1.75e+02,7.10e+01
1.46e+01,2.06e+02,1.75e+02,7.10e+01
7.68e+01,4.53e+02,1.84e+02,7.40e+01
7.92e+01,4.98e+02,1.84e+02,7.30e+01
8.90e+01,4.96e+02,1.81e+02,7.30e+01
8.15e+01,5.04e+02,1.76e+02,7.10e+01
8.16e+01,5.04e+02,1.76e+02,7.10e+01
8.95e+01,4.98e+02,1.84e+02,7.30e+01
5.72e+01,3.42e+02,1.79e+02,7.20e+01
6.60e+01,4.89e+02,1.74e+02,7.10e+01
5.58e+01,3.50e+02,1.78e+02,7.30e+01
7.01e+01,5.04e+02,1.75e+02,7.10e+01
8.94e+01,4.98e+02,1.82e+02,7.30e+01
8.13e+01,5.04e+02,1.76e+02,7.20e+01
8.07e+01,5.00e+02,1.74e+02,7.10e+01
8.94e+01,4.98e+02,1.81e+02,7.20e+01
8.15e+01,5.04e+02,1.74e+02,7.10e+01
8.15e+01,5.04e+02,1.76e+02,7.20e+01
7.81e+01,5.00e+02,1.75e+02,7.10e+01
7.92e+01,5.02e+02,1.79e+02,7.20e+01
8.15e+01,5.04e+02,1.74e+02,7.10e+01
8.15e+01,5.04e+02,1.78e+02,7.30e+01
8.95e+01,4.98e+02,1.85e+02,7.30e+01
7.43e+01,4.61e+02,1.77e+02,7.20e+01
8.95e+01,4.98e+02,1.83e+02,7.30e+01
6.06e+01,4.00e+02,1.74e+02,7.10e+01
8.15e+01,5.04e+02,1.74e+02,7.10e+01
8.87e+01,4.98e+02,1.82e+02,7.30e+01
5.08e+01,3.14e+02,1.83e+02,7.30e+01
2.14e+01,2.78e+02,1.79e+02,7.30e+01
6.97e+01,5.01e+02,1.75e+02,7.20e+01
8.15e+01,5.04e+02,1.78e+02,7.30e+01
8.16e+01,5.04e+02,1.79e+02,7.30e+01
8.15e+01,5.04e+02,1.75e+02,7.20e+01
5.72e+01,4.17e+02,1.76e+02,7.20e+01
8.16e+01,5.04e+02,1.78e+02,7.30e+01
8.95e+01,4.98e+02,1.85e+02,7.40e+01
8.13e+01,5.03e+02,1.74e+02,7.10e+01
7.08e+01,4.77e+02,1.79e+02,7.20e+01
8.15e+01,5.04e+02,1.75e+02,7.10e+01
8.95e+01,4.98e+02,1.84e+02,7.30e+01
-2.30e+01,1.35e+02,1.76e+02,7.10e+01
8.15e+01,5.04e+02,1.75e+02,7.10e+01
8.95e+01,4.98e+02,1.81e+02,7.30e+01
8.95e+01,4.98e+02,1.82e+02,7.30e+01
