-2.18e+02,-4.79e+01,6.30e+01,2.60e+01
-2.18e+02,-4.34e+01,6.20e+01,2.50e+01
-2.24e+02,-5.55e+01,6.30e+01,2.70e+01
-2.19e+02,-4.81e+01,6.20e+01,2.50e+01
-2.26e+02,-5.26e+01,6.20e+01,2.50e+01
-2.22e+02,-5.19e+01,6.20e+01,2.50e+01
-2.22e+02,-5.22e+01,6.10e+01,2.60e+01
-2.21e+02,-5.07e+01,6.00e+01,2.60e+01
-2.23e+02,-5.41e+01,6.20e+01,2.50e+01
-2.24e+02,-4.55e+01,6.20e+01,2.40e+01
-2.95e+02,-5.16e+01,6.20e+01,2.70e+01
-2.22e+02,-5.30e+01,6.80e+01,2.80e+01
-2.25e+02,-4.37e+01,6.80e+01,2.80e+01
-2.26e+02,-6.21e+01,6.10e+01,2.60e+01
-2.24e+02,-4.45e+01,6.80e+01,2.80e+01
-2.21e+02,-4.90e+01,6.30e+01,2.50e+01
-2.16e+02,-4.44e+01,6.90e+01,2.80e+01
-2.19e+02,-5.25e+01,6.90e+01,3.00e+01
-2.18e+02,-4.78e+01,6.80e+01,2.80e+01
-2.18e+02,-4.81e+01,6.20e+01,2.60e+01
-2.76e+02,-5.18e+01,6.10e+01,2.40e+01
-2.25e+02,-4.66e+01,6.70e+01,2.80e+01
-2.24e+02,-4.88e+01,6.90e+01,2.80e+01
-2.20e+02,-5.10e+01,6.00e+01,2.60e+01
-2.25e+02,-4.73e+01,6.60e+01,2.80e+01
-2.20e+02,-4.68e+01,7.00e+01,2.80e+01
-2.24e+02,-4.90e+01,6.00e+01,2.60e+01
-2.27e+02,-6.63e+01,6.30e+01,2.60e+01
-2.19e+02,-4.91e+01,6.30e+01,2.60e+01
-2.15e+02,-4.57e+01,6.30e+01,2.50e+01
-2.27e+02,-5.52e+01,6.30e+01,2.40e+01
-2.78e+02,-4.96e+01,6.80e+01,2.90e+01
-2.85e+02,-5.22e+01,6.20e+01,2.70e+01
-5.00e+02,-5.00e+02,6.30e+01,2.50e+01
-2.19e+02,-5.11e+01,6.50e+01,2.80e+01
-2.25e+02,-4.88e+01,6.40e+01,2.60e+01
-2.59e+02,-5.10e+01,7.00e+01,2.90e+01
-2.22e+02,-5.15e+01,6.30e+01,2.50e+01
-2.22e+02,-5.96e+01,6.50e+01,2.80e+01
-2.17e+02,-5.06e+01,6.20e+01,2.60e+01
-5.00e+02,-5.00e+02,6.20e+01,2.40e+01
-3.00e+02,-5.32e+01,6.20e+01,2.70e+01
-2.23e+02,-5.30e+01,6.20e+01,2.40e+01
-2.21e+02,-4.85e+01,6.40e+01,2.50e+01
-2.84e+02,-4.75e+01,6.80e+01,2.80e+01
-2.22e+02,-5.13e+01,6.20e+01,2.50e+01
-2.78e+02,-5.71e+01,6.30e+01,2.50e+01
-2.21e+02,-5.50e+01,6.30e+01,2.50e+01
-2.23e+02,-5.86e+01,6.30e+01,2.70e+01
-2.18e+02,-4.57e+01,6.90e+01,2.80e+01
-2.21e+02,-5.28e+01,6.00e+01,2.60e+01
-2.25e+02,-4.93e+01,6.90e+01,2.90e+01
-2.92e+02,-4.71e+01,6.20e+01,2.50e+01
-2.84e+02,-5.21e+01,6.30e+01,2.70e+01
-2.23e+02,-5.07e+01,6.20e+01,2.50e+01
-2.49e+02,-5.27e+01,7.00e+01,3.00e+01
-2.18e+02,-4.51e+01,6.30e+01,2.50e+01
-2.19e+02,-5.05e+01,6.30e+01,2.50e+01
-2.58e+02,-6.37e+01,6.30e+01,2.70e+01
-2.53e+02,-6.48e+01,6.20e+01,2.70e+01
-2.19e+02,-4.53e+01,6.40e+01,2.60e+01
-3.58e+02,-5.44e+01,6.90e+01,2.80e+01
-4.38e+02,-1.31e+02,6.80e+01,2.80e+01
-2.22e+02,-4.56e+01,6.30e+01,2.50e+01
-2.15e+02,-4.16e+01,6.40e+01,2.70e+01
-2.21e+02,-4.61e+01,6.30e+01,2.50e+01
-2.24e+02,-5.35e+01,6.30e+01,2.70e+01
-2.25e+02,-5.11e+01,6.30e+01,2.70e+01
-2.98e+02,-4.61e+01,6.30e+01,2.60e+01
-3.58e+02,-6.81e+01,6.40e+01,2.60e+01
-2.22e+02,-4.77e+01,6.30e+01,2.60e+01
-2.20e+02,-4.98e+01,6.20e+01,2.50e+01
-2.24e+02,-4.74e+01,6.40e+01,2.70e+01
-2.16e+02,-4.30e+01,7.00e+01,2.80e+01
-2.61e+02,-4.89e+01,6.20e+01,2.40e+01
-2.17e+02,-4.66e+01,6.80e+01,2.80e+01
-2.22e+02,-5.15e+01,6.40e+01,2.60e+01
-3.07e+02,-6.55e+01,6.30e+01,2.60e+01
-2.19e+02,-4.84e+01,6.40e+01,2.60e+01
-2.21e+02,-4.28e+01,6.30e+01,2.70e+01
-2.21e+02,-4.41e+01,6.90e+01,2.80e+01
-2.50e+02,-6.09e+01,6.10e+01,2.40e+01
-2.93e+02,-6.16e+01,6.30e+01,2.50e+01
-3.71e+02,-5.68e+01,6.20e+01,2.70e+01
-2.18e+02,-4.97e+01,6.60e+01,2.80e+01
-2.22e+02,-5.17e+01,7.10e+01,2.80e+01
-2.21e+02,-4.91e+01,6.40e+01,2.60e+01
-2.22e+02,-4.84e+01,6.70e+01,2.90e+01
-2.23e+02,-5.58e+01,7.00e+01,2.80e+01
-2.20e+02,-4.74e+01,6.10e+01,2.60e+01
-2.24e+02,-5.16e+01,6.40e+01,2.70e+01
-2.20e+02,-5.21e+01,6.20e+01,2.60e+01
-2.17e+02,-4.65e+01,6.10e+01,2.60e+01
-2.19e+02,-5.67e+01,6.80e+01,2.80e+01
-3.75e+02,-1.15e+02,6.80e+01,2.80e+01
-3.00e+02,-8.12e+01,6.30e+01,2.50e+01
-3.56e+02,-4.84e+01,6.90e+01,2.80e+01
-2.18e+02,-5.04e+01,6.20e+01,2.50e+01
-3.72e+02,-1.12e+02,6.10e+01,2.60e+01
-2.24e+02,-5.04e+01,6.30e+01,2.50e+01
-2.15e+02,-4.86e+01,6.20e+01,2.50e+01
-3.02e+02,-7.49e+01,6.30e+01,2.50e+01
-2.26e+02,-5.13e+01,6.30e+01,2.50e+01
-2.20e+02,-4.79e+01,6.00e+01,2.60e+01
-2.20e+02,-4.58e+01,6.80e+01,2.90e+01
-3.67e+02,-8.34e+01,6.20e+01,2.60e+01
-2.23e+02,-5.53e+01,6.40e+01,2.70e+01
-2.20e+02,-5.02e+01,6.90e+01,2.90e+01
-3.43e+02,-5.76e+01,6.30e+01,2.50e+01
-2.24e+02,-5.95e+01,6.30e+01,2.60e+01
-3.01e+02,-5.26e+01,6.70e+01,2.80e+01
-2.22e+02,-4.89e+01,6.10e+01,2.60e+01
-2.22e+02,-5.29e+01,7.00e+01,2.90e+01
-2.18e+02,-4.99e+01,6.20e+01,2.50e+01
-3.70e+02,-4.94e+01,6.10e+01,2.60e+01
-2.21e+02,-4.57e+01,7.00e+01,2.80e+01
-2.21e+02,-5.09e+01,6.20e+01,2.40e+01
-2.21e+02,-4.63e+01,6.40e+01,2.60e+01
-2.21e+02,-4.59e+01,6.70e+01,2.80e+01
-2.18e+02,-4.87e+01,6.00e+01,2.60e+01
-5.00e+02,-5.00e+02,6.20e+01,2.50e+01
-2.78e+02,-5.32e+01,6.10e+01,2.60e+01
-2.83e+02,-5.26e+01,6.20e+01,2.40e+01
-2.18e+02,-5.01e+01,6.20e+01,2.60e+01
-2.24e+02,-5.35e+01,6.90e+01,2.80e+01
-2.14e+02,-4.71e+01,6.40e+01,2.70e+01
-2.85e+02,-5.39e+01,6.20e+01,2.50e+01
-2.19e+02,-5.49e+01,6.40e+01,2.80e+01
-5.00e+02,-5.00e+02,6.30e+01,2.60e+01
-2.79e+02,-5.68e+01,6.30e+01,2.80e+01
-2.82e+02,-4.93e+01,6.20e+01,2.60e+01
-2.80e+02,-4.59e+01,6.20e+01,2.50e+01
-3.41e+02,-4.48e+01,6.20e+01,2.50e+01
-2.22e+02,-4.35e+01,6.30e+01,2.50e+01
-2.15e+02,-4.62e+01,6.80e+01,2.80e+01
-2.18e+02,-4.32e+01,6.20e+01,2.50e+01
-2.23e+02,-4.94e+01,6.30e+01,2.50e+01
-2.20e+02,-4.87e+01,6.10e+01,2.60e+01
-3.75e+02,-1.27e+02,6.20e+01,2.50e+01
-2.17e+02,-4.60e+01,6.20e+01,2.60e+01
-2.23e+02,-5.20e+01,6.10e+01,2.60e+01
-2.23e+02,-5.16e+01,6.10e+01,2.60e+01
-2.18e+02,-4.97e+01,7.00e+01,2.90e+01
-2.22e+02,-5.41e+01,6.80e+01,2.80e+01
-3.63e+02,-6.97e+01,6.30e+01,2.50e+01
-3.69e+02,-9.34e+01,6.10e+01,2.60e+01
-2.19e+02,-4.83e+01,6.80e+01,2.80e+01
-2.21e+02,-4.84e+01,6.20e+01,2.50e+01
-2.19e+02,-5.16e+01,6.90e+01,2.80e+01
-2.92e+02,-4.87e+01,6.90e+01,2.80e+01
-2.29e+02,-5.09e+01,6.30e+01,2.50e+01
-2.91e+02,-5.25e+01,6.20e+01,2.50e+01
-2.25e+02,-5.26e+01,6.30e+01,2.50e+01
-3.27e+02,-5.89e+01,6.30e+01,2.50e+01
-3.01e+02,-5.69e+01,6.80e+01,2.80e+01
-2.32e+02,-4.75e+01,6.80e+01,2.80e+01
-3.00e+02,-5.77e+01,6.30e+01,2.60e+01
-2.23e+02,-5.13e+01,6.30e+01,2.70e+01
-2.19e+02,-4.54e+01,6.40e+01,2.80e+01
-2.24e+02,-7.33e+01,6.20e+01,2.50e+01
-2.31e+02,-4.80e+01,6.10e+01,2.60e+01
-5.00e+02,-5.00e+02,6.30e+01,2.60e+01
-2.21e+02,-4.73e+01,6.90e+01,2.80e+01
-2.22e+02,-4.92e+01,6.30e+01,2.50e+01
-2.72e+02,-5.15e+01,6.00e+01,2.60e+01
-2.90e+02,-4.77e+01,6.90e+01,2.90e+01
-2.22e+02,-4.76e+01,6.90e+01,2.80e+01
-2.20e+02,-4.48e+01,6.20e+01,2.50e+01
-2.52e+02,-4.88e+01,6.20e+01,2.70e+01
-2.98e+02,-4.91e+01,6.80e+01,2.90e+01
-2.23e+02,-4.74e+01,6.30e+01,2.70e+01
-2.18e+02,-4.85e+01,6.10e+01,2.60e+01
-2.25e+02,-5.10e+01,7.00e+01,2.90e+01
-5.00e+02,-5.00e+02,6.20e+01,2.50e+01
-2.19e+02,-5.50e+01,6.20e+01,2.50e+01
-2.20e+02,-5.20e+01,6.20e+01,2.40e+01
-2.19e+02,-4.97e+01,6.10e+01,2.60e+01
-3.70e+02,-9.72e+01,6.20e+01,2.50e+01
-2.18e+02,-5.00e+01,6.80e+01,2.80e+01
-2.78e+02,-5.01e+01,6.40e+01,2.80e+01
-3.10e+02,-5.44e+01,6.20e+01,2.50e+01
-2.25e+02,-4.46e+01,6.30e+01,2.60e+01
-2.78e+02,-5.63e+01,6.30e+01,2.70e+01
-2.99e+02,-5.10e+01,6.30e+01,2.70e+01
-2.31e+02,-6.13e+01,6.30e+01,2.50e+01
-2.16e+02,-4.59e+01,6.20e+01,2.50e+01
-2.22e+02,-5.57e+01,6.20e+01,2.40e+01
-2.24e+02,-5.91e+01,6.20e+01,2.50e+01
-3.75e+02,-1.34e+02,6.20e+01,2.40e+01
-2.24e+02,-5.03e+01,6.40e+01,2.70e+01
-2.20e+02,-4.55e+01,6.30e+01,2.50e+01
-2.23e+02,-5.58e+01,6.50e+01,2.70e+01
