-2.24e+02,-5.65e+01,7.40e+01,2.90e+01
-2.16e+02,-5.36e+01,7.90e+01,3.10e+01
-2.16e+02,-4.55e+01,7.50e+01,3.00e+01
-2.27e+02,-4.94e+01,7.60e+01,3.00e+01
-2.22e+02,-4.79e+01,7.80e+01,3.00e+01
-2.19e+02,-4.44e+01,7.70e+01,3.00e+01
-2.19e+02,-5.53e+01,7.40e+01,2.90e+01
-2.16e+02,-4.72e+01,7.90e+01,3.10e+01
-2.19e+02,-4.85e+01,7.60e+01,3.00e+01
-2.20e+02,-4.96e+01,7.80e+01,3.00e+01
-2.23e+02,-6.06e+01,7.50e+01,3.00e+01
-2.25e+02,-4.73e+01,7.40e+01,2.90e+01
-2.27e+02,-6.23e+01,8.00e+01,3.10e+01
-2.23e+02,-4.26e+01,7.50e+01,3.00e+01
-2.18e+02,-4.89e+01,7.60e+01,3.10e+01
-2.21e+02,-5.20e+01,7.80e+01,3.00e+01
-2.22e+02,-4.78e+01,7.90e+01,2.90e+01
-2.19e+02,-5.45e+01,7.40e+01,2.90e+01
-2.22e+02,-4.97e+01,8.10e+01,3.10e+01
-2.15e+02,-4.86e+01,7.50e+01,3.00e+01
-2.24e+02,-5.27e+01,7.60e+01,3.00e+01
-2.26e+02,-5.33e+01,7.90e+01,3.00e+01
-2.21e+02,-4.76e+01,7.80e+01,3.00e+01
-2.24e+02,-4.82e+01,7.70e+01,2.90e+01
-2.18e+02,-4.81e+01,7.40e+01,2.90e+01
-2.19e+02,-4.53e+01,7.50e+01,3.00e+01
-2.23e+02,-5.04e+01,7.60e+01,3.00e+01
-2.18e+02,-4.52e+01,7.60e+01,3.00e+01
-2.25e+02,-4.63e+01,7.70e+01,3.00e+01
-2.26e+02,-4.80e+01,8.00e+01,3.10e+01
-2.34e+02,-4.82e+01,7.70e+01,3.00e+01
-2.21e+02,-4.43e+01,7.40e+01,2.90e+01
-2.19e+02,-4.89e+01,7.70e+01,3.10e+01
-2.73e+02,-5.13e+01,7.50e+01,2.80e+01
-2.17e+02,-4.60e+01,7.70e+01,3.00e+01
-2.16e+02,-4.42e+01,7.60e+01,3.00e+01
-2.17e+02,-4.87e+01,7.70e+01,3.00e+01
-2.27e+02,-5.96e+01,7.80e+01,3.00e+01
-2.20e+02,-5.82e+01,8.00e+01,3.10e+01
-2.21e+02,-4.50e+01,7.80e+01,3.00e+01
-2.20e+02,-4.68e+01,7.90e+01,3.10e+01
-3.61e+02,-5.59e+01,7.50e+01,3.00e+01
-2.15e+02,-5.01e+01,7.40e+01,2.90e+01
-5.00e+02,-5.00e+02,7.50e+01,3.00e+01
-2.24e+02,-4.93e+01,7.70e+01,3.10e+01
-2.22e+02,-6.13e+01,7.60e+01,3.00e+01
-2.24e+02,-4.56e+01,7.50e+01,2.90e+01
-2.97e+02,-6.54e+01,7.50e+01,2.90e+01
-2.19e+02,-4.70e+01,7.80e+01,3.00e+01
-2.16e+02,-4.37e+01,7.80e+01,3.10e+01
-2.19e+02,-5.11e+01,7.80e+01,3.00e+01
-2.22e+02,-5.13e+01,7.50e+01,2.90e+01
-2.14e+02,-4.48e+01,7.90e+01,3.10e+01
-2.21e+02,-4.28e+01,7.80e+01,3.00e+01
-2.19e+02,-4.80e+01,7.50e+01,2.90e+01
-2.22e+02,-5.50e+01,7.50e+01,3.00e+01
-2.17e+02,-4.34e+01,7.90e+01,3.00e+01
-2.22e+02,-4.42e+01,8.00e+01,3.10e+01
-2.25e+02,-5.14e+01,7.50e+01,2.90e+01
-2.96e+02,-5.40e+01,7.40e+01,2.90e+01
-3.74e+02,-1.16e+02,7.40e+01,2.90e+01
-2.20e+02,-4.91e+01,7.50e+01,3.00e+01
-2.13e+02,-4.55e+01,7.80e+01,3.10e+01
-4.38e+02,-1.27e+02,7.40e+01,2.90e+01
-2.21e+02,-4.66e+01,7.40e+01,2.90e+01
-2.18e+02,-4.74e+01,7.70e+01,3.00e+01
-2.32e+02,-4.69e+01,7.80e+01,3.00e+01
-2.12e+02,-4.69e+01,7.50e+01,3.00e+01
-2.17e+02,-4.81e+01,7.90e+01,3.10e+01
-2.20e+02,-4.40e+01,8.20e+01,3.10e+01
-3.00e+02,-5.76e+01,7.80e+01,3.10e+01
-2.22e+02,-4.71e+01,8.00e+01,3.20e+01
-2.90e+02,-5.76e+01,7.90e+01,3.10e+01
-2.25e+02,-5.02e+01,7.60e+01,3.00e+01
-2.22e+02,-5.09e+01,7.90e+01,3.00e+01
-2.14e+02,-4.75e+01,7.80e+01,3.00e+01
-2.19e+02,-4.77e+01,7.60e+01,3.00e+01
-2.14e+02,-4.56e+01,7.40e+01,2.90e+01
-3.77e+02,-1.20e+02,7.70e+01,3.00e+01
-2.27e+02,-4.24e+01,8.00e+01,3.10e+01
-2.16e+02,-4.91e+01,7.80e+01,3.10e+01
-3.00e+02,-4.97e+01,7.60e+01,3.10e+01
-3.40e+02,-5.64e+01,8.00e+01,3.10e+01
-2.27e+02,-5.24e+01,7.50e+01,2.90e+01
-2.17e+02,-4.72e+01,7.50e+01,3.00e+01
-2.18e+02,-5.07e+01,7.60e+01,3.00e+01
-2.99e+02,-5.25e+01,7.80e+01,3.00e+01
-2.16e+02,-4.54e+01,7.90e+01,3.10e+01
-2.15e+02,-4.87e+01,8.00e+01,3.20e+01
-4.33e+02,-9.86e+01,7.70e+01,3.00e+01
-5.00e+02,-5.00e+02,7.90e+01,3.00e+01
-4.00e+02,-6.67e+01,7.80e+01,3.00e+01
-2.14e+02,-4.49e+01,7.60e+01,3.00e+01
-2.25e+02,-4.88e+01,7.50e+01,2.90e+01
-2.24e+02,-5.09e+01,7.50e+01,3.00e+01
-2.18e+02,-4.50e+01,7.70e+01,3.00e+01
-2.20e+02,-5.55e+01,7.90e+01,3.10e+01
-2.17e+02,-4.50e+01,7.90e+01,3.10e+01
-2.15e+02,-4.49e+01,7.50e+01,3.00e+01
-5.00e+02,-5.00e+02,7.50e+01,3.00e+01
-2.18e+02,-4.46e+01,7.60e+01,3.00e+01
-2.19e+02,-4.81e+01,7.40e+01,2.90e+01
-2.14e+02,-4.22e+01,7.70e+01,3.00e+01
-2.19e+02,-4.83e+01,8.00e+01,2.90e+01
-2.22e+02,-4.45e+01,7.50e+01,3.00e+01
-2.21e+02,-5.56e+01,8.00e+01,3.10e+01
-3.38e+02,-5.88e+01,7.80e+01,3.00e+01
-2.18e+02,-4.29e+01,7.90e+01,3.00e+01
-3.00e+02,-5.04e+01,7.70e+01,3.00e+01
-2.21e+02,-4.76e+01,7.90e+01,3.00e+01
-2.19e+02,-4.73e+01,8.00e+01,3.10e+01
-2.81e+02,-5.27e+01,7.60e+01,3.00e+01
-2.14e+02,-4.35e+01,7.70e+01,3.10e+01
-2.19e+02,-4.50e+01,7.50e+01,2.90e+01
-3.00e+02,-6.77e+01,7.60e+01,3.00e+01
-2.16e+02,-5.61e+01,7.50e+01,3.00e+01
-2.18e+02,-4.45e+01,7.70e+01,3.00e+01
-2.95e+02,-4.98e+01,7.60e+01,3.00e+01
-2.24e+02,-4.78e+01,7.90e+01,3.10e+01
-2.25e+02,-4.42e+01,7.50e+01,2.90e+01
-2.18e+02,-4.65e+01,7.60e+01,3.00e+01
-2.16e+02,-4.70e+01,8.00e+01,3.10e+01
-2.19e+02,-5.58e+01,7.50e+01,3.00e+01
-2.19e+02,-5.04e+01,7.70e+01,3.10e+01
-3.71e+02,-7.06e+01,7.60e+01,3.00e+01
-4.35e+02,-1.10e+02,7.60e+01,3.00e+01
-2.19e+02,-5.15e+01,7.90e+01,3.00e+01
-2.19e+02,-4.42e+01,7.40e+01,2.90e+01
-2.14e+02,-4.31e+01,7.40e+01,2.90e+01
-2.18e+02,-4.71e+01,7.90e+01,3.00e+01
-2.19e+02,-5.01e+01,7.80e+01,3.00e+01
-2.92e+02,-4.78e+01,7.50e+01,3.00e+01
-2.18e+02,-5.05e+01,7.90e+01,3.10e+01
-2.14e+02,-4.42e+01,7.60e+01,3.10e+01
-3.04e+02,-5.63e+01,7.70e+01,3.00e+01
-2.17e+02,-4.80e+01,7.50e+01,2.90e+01
-3.52e+02,-5.09e+01,7.90e+01,3.10e+01
-2.25e+02,-4.74e+01,7.90e+01,3.10e+01
-2.13e+02,-5.04e+01,7.90e+01,3.00e+01
-2.27e+02,-6.00e+01,8.00e+01,3.10e+01
-2.60e+02,-4.40e+01,7.70e+01,3.00e+01
-2.18e+02,-5.31e+01,7.80e+01,2.90e+01
-2.19e+02,-4.72e+01,7.50e+01,2.90e+01
-3.46e+02,-4.82e+01,7.90e+01,3.10e+01
-3.04e+02,-7.46e+01,7.80e+01,3.00e+01
-2.23e+02,-4.70e+01,8.00e+01,3.10e+01
-2.26e+02,-6.02e+01,7.70e+01,3.00e+01
-3.28e+02,-5.90e+01,7.60e+01,3.00e+01
-3.30e+02,-5.19e+01,7.90e+01,3.00e+01
-2.24e+02,-5.04e+01,7.70e+01,3.00e+01
-2.25e+02,-5.32e+01,8.10e+01,3.10e+01
-2.21e+02,-4.88e+01,7.80e+01,3.00e+01
-2.21e+02,-4.43e+01,7.70e+01,3.00e+01
-2.19e+02,-5.10e+01,7.70e+01,3.00e+01
-2.19e+02,-5.15e+01,7.70e+01,3.10e+01
-3.73e+02,-1.19e+02,7.60e+01,3.10e+01
-2.22e+02,-4.40e+01,7.80e+01,3.00e+01
-2.21e+02,-5.06e+01,8.00e+01,3.10e+01
-4.36e+02,-1.15e+02,7.50e+01,2.90e+01
-3.01e+02,-7.02e+01,7.60e+01,3.00e+01
-2.86e+02,-4.77e+01,7.40e+01,2.90e+01
-2.20e+02,-4.97e+01,8.20e+01,3.20e+01
-3.82e+02,-1.37e+02,7.90e+01,3.00e+01
-2.17e+02,-5.08e+01,7.90e+01,3.10e+01
-2.21e+02,-4.62e+01,7.60e+01,3.00e+01
-2.20e+02,-4.17e+01,7.50e+01,3.00e+01
-2.16e+02,-4.69e+01,7.90e+01,3.10e+01
-2.18e+02,-4.70e+01,7.50e+01,3.00e+01
-2.24e+02,-5.48e+01,7.60e+01,3.00e+01
-2.78e+02,-6.44e+01,7.80e+01,3.00e+01
-2.25e+02,-5.25e+01,7.50e+01,2.90e+01
-2.18e+02,-4.80e+01,7.90e+01,3.10e+01
-2.24e+02,-6.26e+01,7.90e+01,3.00e+01
-2.23e+02,-5.31e+01,7.90e+01,3.10e+01
-2.17e+02,-4.40e+01,7.60e+01,3.00e+01
-2.81e+02,-4.69e+01,7.60e+01,3.10e+01
-2.23e+02,-4.29e+01,7.70e+01,3.10e+01
-2.16e+02,-4.79e+01,7.70e+01,3.10e+01
-2.23e+02,-6.37e+01,7.40e+01,2.90e+01
-2.18e+02,-5.27e+01,7.50e+01,3.00e+01
-2.21e+02,-6.00e+01,8.00e+01,3.10e+01
-2.21e+02,-4.44e+01,7.90e+01,3.10e+01
-2.25e+02,-4.87e+01,7.60e+01,3.10e+01
-2.18e+02,-4.43e+01,7.80e+01,3.00e+01
-2.51e+02,-5.01e+01,7.40e+01,2.90e+01
-3.71e+02,-1.11e+02,7.50e+01,3.00e+01
-2.22e+02,-4.30e+01,7.70e+01,3.10e+01
-2.26e+02,-6.36e+01,8.00e+01,3.10e+01
-2.23e+02,-5.43e+01,7.90e+01,3.00e+01
-2.25e+02,-4.63e+01,7.60e+01,3.00e+01
-2.15e+02,-4.88e+01,7.50e+01,3.00e+01
-2.58e+02,-5.64e+01,7.90e+01,3.10e+01
