-2.16e+02,-4.28e+01,1.34e+02,4.00e+01
-2.24e+02,-4.99e+01,1.30e+02,4.00e+01
-2.17e+02,-5.50e+01,1.34e+02,4.00e+01
-2.19e+02,-4.85e+01,1.22e+02,3.90e+01
-2.20e+02,-4.31e+01,1.32e+02,4.00e+01
-2.22e+02,-5.53e+01,1.22e+02,3.90e+01
-2.16e+02,-5.12e+01,1.33e+02,4.00e+01
-2.25e+02,-5.76e+01,1.27e+02,4.10e+01
-2.21e+02,-4.60e+01,1.19e+02,3.80e+01
-2.19e+02,-5.03e+01,1.36e+02,4.20e+01
-2.18e+02,-5.73e+01,1.35e+02,4.10e+01
-2.16e+02,-4.71e+01,1.19e+02,3.80e+01
-2.24e+02,-6.78e+01,1.31e+02,4.00e+01
-2.13e+02,-4.78e+01,1.33e+02,4.00e+01
-2.22e+02,-5.49e+01,1.33e+02,4.00e+01
-2.15e+02,-4.73e+01,1.22e+02,3.90e+01
-2.16e+02,-4.58e+01,1.33e+02,4.00e+01
-2.17e+02,-4.48e+01,1.21e+02,3.90e+01
-2.19e+02,-4.18e+01,1.21e+02,3.90e+01
-2.20e+02,-4.22e+01,1.34e+02,4.10e+01
-2.20e+02,-4.73e+01,1.29e+02,4.10e+01
-2.14e+02,-4.80e+01,1.21e+02,3.90e+01
-2.19e+02,-5.09e+01,1.33e+02,4.00e+01
-2.26e+02,-5.15e+01,1.24e+02,4.00e+01
-2.17e+02,-4.66e+01,1.22e+02,3.90e+01
-2.17e+02,-4.44e+01,1.32e+02,4.00e+01
-2.19e+02,-5.85e+01,1.22e+02,3.90e+01
-2.13e+02,-4.84e+01,1.34e+02,4.00e+01
-2.14e+02,-4.19e+01,1.34e+02,4.00e+01
-2.17e+02,-4.41e+01,1.33e+02,4.00e+01
-2.37e+02,-4.15e+01,1.19e+02,3.80e+01
-2.16e+02,-4.95e+01,1.34e+02,4.00e+01
-2.29e+02,-6.05e+01,1.20e+02,3.80e+01
-2.17e+02,-5.09e+01,1.22e+02,3.90e+01
-2.19e+02,-6.01e+01,1.35e+02,4.00e+01
-2.22e+02,-4.96e+01,1.35e+02,4.00e+01
-2.17e+02,-4.50e+01,1.23e+02,3.90e+01
-2.20e+02,-5.08e+01,1.20e+02,3.80e+01
-2.20e+02,-5.59e+01,1.34e+02,4.00e+01
-4.32e+02,-1.49e+02,1.31e+02,4.00e+01
-2.24e+02,-5.45e+01,1.35e+02,4.00e+01
-2.16e+02,-5.73e+01,1.20e+02,3.90e+01
-2.30e+02,-5.72e+01,1.22e+02,3.90e+01
-2.21e+02,-5.14e+01,1.23e+02,3.90e+01
-4.39e+02,-1.34e+02,1.33e+02,4.00e+01
-2.23e+02,-4.78e+01,1.30e+02,4.00e+01
-2.18e+02,-5.10e+01,1.35e+02,4.00e+01
-2.20e+02,-4.54e+01,1.27e+02,4.10e+01
-2.13e+02,-5.00e+01,1.34e+02,4.00e+01
-2.16e+02,-4.43e+01,1.33e+02,4.00e+01
-2.19e+02,-4.59e+01,1.35e+02,4.10e+01
-2.23e+02,-4.36e+01,1.30e+02,4.00e+01
-2.22e+02,-6.47e+01,1.33e+02,4.00e+01
-2.18e+02,-4.33e+01,1.34e+02,4.00e+01
-2.18e+02,-4.72e+01,1.37e+02,4.30e+01
-2.15e+02,-4.47e+01,1.19e+02,3.80e+01
-2.18e+02,-5.71e+01,1.23e+02,3.90e+01
-2.16e+02,-4.62e+01,1.29e+02,4.20e+01
-2.21e+02,-4.95e+01,1.32e+02,4.00e+01
-2.32e+02,-8.39e+01,1.32e+02,4.00e+01
-2.44e+02,-8.75e+01,1.23e+02,3.90e+01
-2.15e+02,-5.12e+01,1.35e+02,4.20e+01
-2.14e+02,-4.85e+01,1.25e+02,4.10e+01
-2.92e+02,-6.19e+01,1.33e+02,4.00e+01
-2.19e+02,-4.78e+01,1.34e+02,4.00e+01
-2.26e+02,-5.36e+01,1.30e+02,4.00e+01
-2.23e+02,-4.23e+01,1.23e+02,4.00e+01
-2.91e+02,-6.96e+01,1.34e+02,4.00e+01
-2.22e+02,-5.57e+01,1.19e+02,3.80e+01
-2.16e+02,-5.06e+01,1.37e+02,4.20e+01
-2.18e+02,-4.95e+01,1.32e+02,4.00e+01
-2.15e+02,-4.67e+01,1.19e+02,3.80e+01
-2.15e+02,-5.07e+01,1.19e+02,3.80e+01
-2.22e+02,-5.01e+01,1.31e+02,4.00e+01
-2.14e+02,-4.81e+01,1.23e+02,4.00e+01
-2.14e+02,-4.89e+01,1.19e+02,3.80e+01
-2.19e+02,-4.96e+01,1.34e+02,4.00e+01
-2.21e+02,-4.73e+01,1.34e+02,4.10e+01
-2.18e+02,-5.18e+01,1.23e+02,3.90e+01
-2.33e+02,-7.10e+01,1.28e+02,4.10e+01
-2.16e+02,-4.66e+01,1.22e+02,3.90e+01
-2.19e+02,-6.08e+01,1.33e+02,4.00e+01
-2.24e+02,-5.43e+01,1.25e+02,4.00e+01
-2.14e+02,-5.23e+01,1.33e+02,4.00e+01
-2.16e+02,-5.14e+01,1.36e+02,4.20e+01
-2.17e+02,-4.83e+01,1.37e+02,4.20e+01
-2.14e+02,-3.86e+01,1.22e+02,3.90e+01
-2.17e+02,-5.12e+01,1.21e+02,3.90e+01
-2.19e+02,-5.60e+01,1.27e+02,4.10e+01
-2.18e+02,-5.28e+01,1.35e+02,4.00e+01
-2.13e+02,-4.00e+01,1.24e+02,4.00e+01
-2.18e+02,-5.21e+01,1.36e+02,4.10e+01
-2.17e+02,-5.29e+01,1.20e+02,3.80e+01
-2.22e+02,-5.31e+01,1.23e+02,3.90e+01
-2.24e+02,-5.23e+01,1.36e+02,4.20e+01
-3.09e+02,-6.46e+01,1.19e+02,3.80e+01
-2.18e+02,-5.39e+01,1.35e+02,4.00e+01
-2.17e+02,-5.00e+01,1.32e+02,4.00e+01
-2.22e+02,-6.18e+01,1.23e+02,3.90e+01
-2.73e+02,-4.38e+01,1.23e+02,3.90e+01
-2.20e+02,-6.02e+01,1.31e+02,4.00e+01
-5.00e+02,-5.00e+02,1.31e+02,4.00e+01
-2.22e+02,-5.62e+01,1.22e+02,3.90e+01
-2.18e+02,-4.86e+01,1.31e+02,4.20e+01
-2.22e+02,-5.47e+01,1.23e+02,4.00e+01
-4.28e+02,-7.12e+01,1.35e+02,4.10e+01
-2.23e+02,-5.81e+01,1.21e+02,3.90e+01
-3.49e+02,-9.86e+01,1.20e+02,3.80e+01
-4.12e+02,-9.97e+01,1.21e+02,3.80e+01
-2.19e+02,-5.24e+01,1.23e+02,3.90e+01
-2.29e+02,-5.86e+01,1.30e+02,4.00e+01
-2.20e+02,-4.72e+01,1.23e+02,3.90e+01
-2.91e+02,-5.13e+01,1.29e+02,4.10e+01
-2.13e+02,-4.03e+01,1.33e+02,4.00e+01
-2.23e+02,-4.51e+01,1.34e+02,4.00e+01
-2.21e+02,-5.69e+01,1.23e+02,3.90e+01
-2.23e+02,-4.65e+01,1.35e+02,4.00e+01
-5.00e+02,-5.00e+02,1.27e+02,4.10e+01
-2.17e+02,-4.73e+01,1.19e+02,3.80e+01
-2.31e+02,-5.77e+01,1.22e+02,3.90e+01
-2.21e+02,-4.66e+01,1.33e+02,4.00e+01
-2.22e+02,-5.95e+01,1.34e+02,4.00e+01
-2.93e+02,-5.45e+01,1.21e+02,3.80e+01
-2.14e+02,-5.08e+01,1.33e+02,4.00e+01
-2.24e+02,-4.64e+01,1.35e+02,4.10e+01
-2.16e+02,-4.76e+01,1.28e+02,4.20e+01
-2.19e+02,-5.36e+01,1.21e+02,3.90e+01
-2.27e+02,-6.01e+01,1.21e+02,3.90e+01
-4.33e+02,-9.91e+01,1.34e+02,4.00e+01
-2.17e+02,-4.93e+01,1.29e+02,4.10e+01
-2.21e+02,-5.18e+01,1.19e+02,3.80e+01
-2.20e+02,-5.09e+01,1.20e+02,3.80e+01
-2.76e+02,-5.53e+01,1.31e+02,4.00e+01
-2.16e+02,-5.09e+01,1.33e+02,4.00e+01
-2.19e+02,-4.65e+01,1.34e+02,4.00e+01
-2.15e+02,-3.70e+01,1.23e+02,3.90e+01
-2.17e+02,-5.03e+01,1.23e+02,3.90e+01
-2.21e+02,-5.95e+01,1.35e+02,4.00e+01
-2.21e+02,-5.03e+01,1.32e+02,4.00e+01
-2.19e+02,-4.91e+01,1.30e+02,4.00e+01
-3.65e+02,-9.58e+01,1.23e+02,3.90e+01
-2.36e+02,-6.05e+01,1.30e+02,4.00e+01
-2.20e+02,-4.17e+01,1.34e+02,4.10e+01
-2.20e+02,-4.45e+01,1.21e+02,3.90e+01
-2.20e+02,-5.77e+01,1.33e+02,4.00e+01
-2.18e+02,-4.89e+01,1.37e+02,4.20e+01
-2.16e+02,-5.49e+01,1.27e+02,4.10e+01
-2.15e+02,-4.64e+01,1.34e+02,4.00e+01
-2.27e+02,-6.01e+01,1.35e+02,4.00e+01
-2.46e+02,-7.09e+01,1.37e+02,4.20e+01
-2.19e+02,-5.59e+01,1.27e+02,4.10e+01
-2.59e+02,-5.08e+01,1.33e+02,4.00e+01
-2.22e+02,-5.28e+01,1.34e+02,4.00e+01
-2.30e+02,-5.19e+01,1.32e+02,4.00e+01
-2.15e+02,-4.74e+01,1.34e+02,4.00e+01
-2.18e+02,-5.53e+01,1.21e+02,3.90e+01
-2.14e+02,-4.24e+01,1.19e+02,3.80e+01
-2.18e+02,-4.31e+01,1.34e+02,4.00e+01
-2.26e+02,-5.07e+01,1.34e+02,4.10e+01
-2.16e+02,-4.42e+01,1.20e+02,3.80e+01
-2.18e+02,-5.01e+01,1.37e+02,4.20e+01
-2.26e+02,-5.21e+01,1.34e+02,4.00e+01
-2.15e+02,-4.10e+01,1.37e+02,4.20e+01
-2.14e+02,-4.53e+01,1.33e+02,4.00e+01
-2.22e+02,-4.13e+01,1.33e+02,4.00e+01
-2.18e+02,-5.30e+01,1.33e+02,4.00e+01
-2.32e+02,-4.90e+01,1.31e+02,4.00e+01
-2.16e+02,-4.65e+01,1.35e+02,4.00e+01
-2.16e+02,-4.24e+01,1.22e+02,3.90e+01
-2.20e+02,-5.18e+01,1.28e+02,4.10e+01
-2.90e+02,-6.77e+01,1.36e+02,4.10e+01
-2.29e+02,-6.18e+01,1.22e+02,3.90e+01
-2.20e+02,-5.79e+01,1.19e+02,3.80e+01
-2.56e+02,-6.11e+01,1.30e+02,4.00e+01
-2.16e+02,-5.33e+01,1.33e+02,4.00e+01
-2.23e+02,-4.94e+01,1.19e+02,3.80e+01
-4.35e+02,-1.14e+02,1.37e+02,4.20e+01
-2.17e+02,-4.44e+01,1.21e+02,3.90e+01
-2.17e+02,-4.87e+01,1.34e+02,4.00e+01
-2.25e+02,-5.28e+01,1.32e+02,4.10e+01
-2.15e+02,-4.34e+01,1.34e+02,4.10e+01
-2.16e+02,-5.04e+01,1.33e+02,4.00e+01
-2.21e+02,-5.56e+01,1.35e+02,4.10e+01
-2.14e+02,-5.13e+01,1.19e+02,3.80e+01
-2.18e+02,-5.18e+01,1.21e+02,3.80e+01
-2.20e+02,-6.56e+01,1.34e+02,4.00e+01
-2.14e+02,-4.56e+01,1.33e+02,4.00e+01
-2.20e+02,-5.32e+01,1.24e+02,4.00e+01
-2.16e+02,-5.86e+01,1.32e+02,4.00e+01
-2.16e+02,-4.80e+01,1.36e+02,4.10e+01
-2.10e+02,-4.33e+01,1.33e+02,4.00e+01
-2.23e+02,-4.87e+01,1.31e+02,4.00e+01
