-2.16e+02,-4.76e+01,1.41e+02,4.50e+01
-2.20e+02,-5.03e+01,1.44e+02,4.70e+01
-2.17e+02,-4.85e+01,1.44e+02,4.60e+01
-2.21e+02,-4.90e+01,1.41e+02,4.50e+01
-2.23e+02,-4.96e+01,1.42e+02,4.50e+01
-2.14e+02,-4.78e+01,1.41e+02,4.50e+01
-2.14e+02,-5.30e+01,1.44e+02,4.70e+01
-2.19e+02,-4.99e+01,1.42e+02,4.50e+01
-2.18e+02,-4.53e+01,1.43e+02,4.60e+01
-2.17e+02,-5.19e+01,1.42e+02,4.50e+01
-2.17e+02,-5.01e+01,1.44e+02,4.60e+01
-2.16e+02,-4.63e+01,1.42e+02,4.50e+01
-2.17e+02,-4.67e+01,1.44e+02,4.60e+01
-2.18e+02,-4.62e+01,1.41e+02,4.50e+01
-2.22e+02,-5.49e+01,1.44e+02,4.70e+01
-2.19e+02,-3.92e+01,1.46e+02,4.80e+01
-2.20e+02,-5.10e+01,1.44e+02,4.70e+01
-2.19e+02,-5.05e+01,1.41e+02,4.50e+01
-2.16e+02,-4.65e+01,1.42e+02,4.50e+01
-2.19e+02,-5.35e+01,1.41e+02,4.50e+01
-2.17e+02,-4.62e+01,1.42e+02,4.50e+01
-2.27e+02,-4.27e+01,1.43e+02,4.60e+01
-2.18e+02,-4.79e+01,1.44e+02,4.60e+01
-2.18e+02,-5.06e+01,1.41e+02,4.50e+01
-2.15e+02,-4.24e+01,1.43e+02,4.50e+01
-2.15e+02,-4.66e+01,1.41e+02,4.50e+01
-2.28e+02,-6.31e+01,1.46e+02,4.80e+01
-2.33e+02,-5.49e+01,1.44e+02,4.70e+01
-2.16e+02,-5.01e+01,1.45e+02,4.60e+01
-2.17e+02,-4.90e+01,1.44e+02,4.70e+01
-2.14e+02,-4.82e+01,1.45e+02,4.70e+01
-2.15e+02,-4.85e+01,1.47e+02,4.80e+01
-2.15e+02,-4.54e+01,1.44e+02,4.60e+01
-2.22e+02,-4.43e+01,1.45e+02,4.80e+01
-4.38e+02,-1.29e+02,1.45e+02,4.60e+01
-3.01e+02,-5.39e+01,1.44e+02,4.60e+01
-2.19e+02,-5.67e+01,1.43e+02,4.60e+01
-2.21e+02,-5.02e+01,1.44e+02,4.60e+01
-2.21e+02,-5.62e+01,1.42e+02,4.50e+01
-2.22e+02,-5.20e+01,1.43e+02,4.50e+01
-2.22e+02,-4.61e+01,1.42e+02,4.50e+01
-2.18e+02,-5.58e+01,1.41e+02,4.50e+01
-2.17e+02,-4.83e+01,1.42e+02,4.50e+01
-2.88e+02,-5.60e+01,1.42e+02,4.50e+01
-2.16e+02,-5.10e+01,1.45e+02,4.70e+01
-2.27e+02,-5.58e+01,1.41e+02,4.50e+01
-2.15e+02,-4.18e+01,1.43e+02,4.50e+01
-2.18e+02,-5.49e+01,1.45e+02,4.70e+01
-2.16e+02,-4.92e+01,1.42e+02,4.50e+01
-3.66e+02,-8.09e+01,1.45e+02,4.60e+01
-2.20e+02,-4.30e+01,1.43e+02,4.50e+01
-2.21e+02,-5.73e+01,1.45e+02,4.80e+01
-2.21e+02,-4.73e+01,1.43e+02,4.60e+01
-2.21e+02,-4.74e+01,1.44e+02,4.60e+01
-2.20e+02,-5.71e+01,1.42e+02,4.50e+01
-2.19e+02,-4.44e+01,1.42e+02,4.50e+01
-2.29e+02,-4.70e+01,1.41e+02,4.50e+01
-2.18e+02,-4.80e+01,1.42e+02,4.50e+01
-2.13e+02,-4.37e+01,1.47e+02,4.80e+01
-2.21e+02,-5.28e+01,1.42e+02,4.50e+01
-2.34e+02,-5.10e+01,1.44e+02,4.70e+01
-2.16e+02,-4.01e+01,1.45e+02,4.70e+01
-2.22e+02,-5.31e+01,1.45e+02,4.60e+01
-2.17e+02,-4.99e+01,1.41e+02,4.50e+01
-2.16e+02,-4.79e+01,1.41e+02,4.50e+01
-2.12e+02,-4.02e+01,1.41e+02,4.50e+01
-2.18e+02,-4.20e+01,1.41e+02,4.50e+01
-2.20e+02,-5.41e+01,1.41e+02,4.50e+01
-2.25e+02,-5.97e+01,1.43e+02,4.60e+01
-2.30e+02,-6.05e+01,1.43e+02,4.50e+01
-2.21e+02,-5.87e+01,1.41e+02,4.50e+01
-2.16e+02,-4.72e+01,1.42e+02,4.50e+01
-2.24e+02,-4.47e+01,1.45e+02,4.60e+01
-2.67e+02,-5.52e+01,1.43e+02,4.50e+01
-2.21e+02,-5.06e+01,1.44e+02,4.70e+01
-5.00e+02,-5.00e+02,1.42e+02,4.50e+01
-2.41e+02,-7.43e+01,1.46e+02,4.80e+01
-2.30e+02,-6.44e+01,1.45e+02,4.70e+01
-2.55e+02,-5.96e+01,1.43e+02,4.50e+01
-2.19e+02,-5.04e+01,1.42e+02,4.50e+01
-2.18e+02,-4.53e+01,1.41e+02,4.50e+01
-2.15e+02,-4.99e+01,1.41e+02,4.50e+01
-2.25e+02,-4.56e+01,1.41e+02,4.50e+01
-2.16e+02,-4.91e+01,1.45e+02,4.60e+01
-2.23e+02,-4.69e+01,1.42e+02,4.50e+01
-2.14e+02,-4.68e+01,1.42e+02,4.50e+01
-2.16e+02,-5.44e+01,1.43e+02,4.60e+01
-2.20e+02,-5.48e+01,1.44e+02,4.60e+01
-2.19e+02,-4.75e+01,1.43e+02,4.60e+01
-2.18e+02,-4.71e+01,1.41e+02,4.50e+01
-2.35e+02,-5.41e+01,1.41e+02,4.50e+01
-2.16e+02,-5.05e+01,1.41e+02,4.50e+01
-2.14e+02,-3.71e+01,1.43e+02,4.60e+01
-2.21e+02,-4.99e+01,1.45e+02,4.70e+01
-2.19e+02,-4.86e+01,1.41e+02,4.50e+01
-2.21e+02,-4.32e+01,1.44e+02,4.60e+01
-2.24e+02,-5.68e+01,1.44e+02,4.70e+01
-2.20e+02,-5.12e+01,1.42e+02,4.50e+01
-2.19e+02,-5.49e+01,1.42e+02,4.50e+01
-2.14e+02,-4.83e+01,1.44e+02,4.70e+01
-2.18e+02,-4.66e+01,1.42e+02,4.50e+01
-2.26e+02,-5.18e+01,1.42e+02,4.50e+01
-3.61e+02,-5.68e+01,1.45e+02,4.70e+01
-2.61e+02,-5.01e+01,1.45e+02,4.70e+01
-2.16e+02,-4.99e+01,1.42e+02,4.50e+01
-2.96e+02,-7.47e+01,1.42e+02,4.50e+01
-2.14e+02,-4.61e+01,1.45e+02,4.60e+01
-2.17e+02,-4.59e+01,1.45e+02,4.70e+01
-2.13e+02,-3.94e+01,1.45e+02,4.70e+01
-2.17e+02,-4.74e+01,1.45e+02,4.70e+01
-2.17e+02,-5.39e+01,1.43e+02,4.50e+01
-2.15e+02,-4.57e+01,1.42e+02,4.50e+01
-2.23e+02,-4.99e+01,1.42e+02,4.50e+01
-2.17e+02,-5.34e+01,1.41e+02,4.50e+01
-2.20e+02,-5.14e+01,1.44e+02,4.70e+01
-2.91e+02,-5.73e+01,1.45e+02,4.70e+01
-2.19e+02,-5.46e+01,1.42e+02,4.50e+01
-2.16e+02,-4.20e+01,1.42e+02,4.50e+01
-2.18e+02,-4.82e+01,1.41e+02,4.50e+01
-2.20e+02,-5.42e+01,1.42e+02,4.50e+01
-2.26e+02,-5.51e+01,1.42e+02,4.50e+01
-2.19e+02,-5.12e+01,1.42e+02,4.50e+01
-2.17e+02,-5.12e+01,1.46e+02,4.80e+01
-2.22e+02,-5.88e+01,1.42e+02,4.50e+01
-2.16e+02,-4.49e+01,1.44e+02,4.70e+01
-2.79e+02,-4.18e+01,1.41e+02,4.50e+01
-2.14e+02,-4.42e+01,1.43e+02,4.50e+01
-2.13e+02,-4.52e+01,1.44e+02,4.70e+01
-2.20e+02,-5.55e+01,1.43e+02,4.60e+01
-2.15e+02,-4.38e+01,1.46e+02,4.80e+01
-2.14e+02,-4.38e+01,1.41e+02,4.50e+01
-2.20e+02,-5.25e+01,1.42e+02,4.50e+01
-2.16e+02,-5.36e+01,1.44e+02,4.70e+01
-2.12e+02,-4.93e+01,1.45e+02,4.70e+01
-2.16e+02,-4.14e+01,1.41e+02,4.50e+01
-2.20e+02,-4.08e+01,1.42e+02,4.60e+01
-2.22e+02,-5.08e+01,1.42e+02,4.50e+01
-2.15e+02,-4.76e+01,1.46e+02,4.70e+01
-2.18e+02,-5.05e+01,1.45e+02,4.70e+01
-2.88e+02,-5.16e+01,1.42e+02,4.50e+01
-2.13e+02,-4.12e+01,1.42e+02,4.50e+01
-2.18e+02,-5.52e+01,1.41e+02,4.50e+01
-2.16e+02,-4.76e+01,1.42e+02,4.50e+01
-2.17e+02,-4.95e+01,1.41e+02,4.50e+01
-2.16e+02,-5.20e+01,1.46e+02,4.70e+01
-2.14e+02,-4.82e+01,1.44e+02,4.70e+01
-2.62e+02,-5.31e+01,1.41e+02,4.50e+01
-2.21e+02,-4.71e+01,1.41e+02,4.50e+01
-2.21e+02,-4.21e+01,1.45e+02,4.70e+01
-2.25e+02,-4.45e+01,1.46e+02,4.80e+01
-4.32e+02,-9.10e+01,1.43e+02,4.60e+01
-2.24e+02,-5.81e+01,1.41e+02,4.50e+01
-2.16e+02,-4.39e+01,1.44e+02,4.70e+01
-2.21e+02,-4.33e+01,1.42e+02,4.50e+01
-2.26e+02,-5.23e+01,1.45e+02,4.70e+01
-2.10e+02,-4.58e+01,1.43e+02,4.50e+01
-2.17e+02,-4.47e+01,1.43e+02,4.60e+01
-2.30e+02,-5.66e+01,1.44e+02,4.70e+01
-2.22e+02,-6.57e+01,1.44e+02,4.60e+01
-2.16e+02,-5.50e+01,1.42e+02,4.50e+01
-2.19e+02,-5.03e+01,1.46e+02,4.80e+01
-2.21e+02,-5.28e+01,1.46e+02,4.80e+01
-2.25e+02,-5.32e+01,1.44e+02,4.70e+01
-2.23e+02,-5.76e+01,1.43e+02,4.60e+01
-3.06e+02,-5.90e+01,1.42e+02,4.50e+01
-2.22e+02,-4.54e+01,1.44e+02,4.60e+01
-2.20e+02,-5.46e+01,1.41e+02,4.50e+01
-2.80e+02,-6.29e+01,1.44e+02,4.60e+01
-2.14e+02,-5.09e+01,1.45e+02,4.70e+01
-3.11e+02,-6.39e+01,1.42e+02,4.50e+01
-2.19e+02,-5.22e+01,1.42e+02,4.50e+01
-2.17e+02,-5.27e+01,1.43e+02,4.60e+01
-2.20e+02,-4.91e+01,1.44e+02,4.60e+01
-2.19e+02,-4.59e+01,1.42e+02,4.50e+01
-2.17e+02,-4.95e+01,1.42e+02,4.50e+01
-2.85e+02,-5.59e+01,1.43e+02,4.50e+01
-2.14e+02,-5.24e+01,1.42e+02,4.50e+01
-2.15e+02,-5.23e+01,1.44e+02,4.70e+01
-2.18e+02,-4.48e+01,1.43e+02,4.60e+01
-2.17e+02,-4.26e+01,1.44e+02,4.70e+01
-2.18e+02,-5.08e+01,1.45e+02,4.60e+01
-2.21e+02,-5.37e+01,1.43e+02,4.60e+01
-2.21e+02,-4.67e+01,1.42e+02,4.50e+01
-2.21e+02,-4.54e+01,1.43e+02,4.60e+01
-2.74e+02,-5.81e+01,1.44e+02,4.60e+01
-2.15e+02,-4.90e+01,1.42e+02,4.50e+01
-3.07e+02,-7.59e+01,1.42e+02,4.50e+01
-2.16e+02,-4.88e+01,1.48e+02,4.90e+01
-2.14e+02,-4.82e+01,1.44e+02,4.60e+01
-2.25e+02,-4.59e+01,1.45e+02,4.70e+01
-2.23e+02,-5.31e+01,1.42e+02,4.50e+01
-3.06e+02,-7.62e+01,1.44e+02,4.70e+01
