2.18e+01,2.01e+02,1.53e+02,5.50e+01
2.18e+01,2.01e+02,1.54e+02,5.50e+01
2.18e+01,2.01e+02,1.54e+02,5.50e+01
2.18e+01,2.01e+02,1.52e+02,5.50e+01
2.18e+01,2.01e+02,1.53e+02,5.50e+01
2.18e+01,2.01e+02,1.53e+02,5.60e+01
2.18e+01,2.01e+02,1.54e+02,5.50e+01
2.18e+01,2.01e+02,1.53e+02,5.50e+01
1.55e+01,2.01e+02,1.53e+02,5.50e+01
2.18e+01,2.01e+02,1.52e+02,5.50e+01
2.18e+01,2.01e+02,1.55e+02,5.50e+01
2.15e+01,1.99e+02,1.54e+02,5.50e+01
2.16e+01,2.00e+02,1.55e+02,5.50e+01
2.18e+01,2.01e+02,1.52e+02,5.50e+01
1.92e+01,1.93e+02,1.53e+02,5.50e+01
2.18e+01,2.01e+02,1.54e+02,5.60e+01
2.18e+01,2.01e+02,1.53e+02,5.60e+01
2.18e+01,2.01e+02,1.53e+02,5.50e+01
2.18e+01,2.01e+02,1.55e+02,5.50e+01
9.69e+00,2.01e+02,1.54e+02,5.60e+01
2.18e+01,2.01e+02,1.56e+02,5.60e+01
2.18e+01,2.01e+02,1.53e+02,5.60e+01
2.18e+01,2.01e+02,1.52e+02,5.60e+01
2.18e+01,2.01e+02,1.53e+02,5.50e+01
2.18e+01,2.01e+02,1.53e+02,5.50e+01
8.38e+00,1.97e+02,1.54e+02,5.50e+01
2.13e+01,2.01e+02,1.55e+02,5.60e+01
2.18e+01,2.01e+02,1.53e+02,5.60e+01
2.18e+01,2.01e+02,1.55e+02,5.50e+01
2.18e+01,2.01e+02,1.54e+02,5.50e+01
1.14e+00,2.01e+02,1.52e+02,5.50e+01
2.18e+01,2.01e+02,1.53e+02,5.50e+01
1.47e+01,1.66e+02,1.55e+02,5.50e+01
2.18e+01,2.01e+02,1.54e+02,5.60e+01
2.16e+01,2.01e+02,1.53e+02,5.50e+01
2.18e+01,2.01e+02,1.54e+02,5.50e+01
2.18e+01,2.01e+02,1.54e+02,5.50e+01
1.46e+00,1.47e+02,1.53e+02,5.50e+01
2.18e+01,2.01e+02,1.54e+02,5.50e+01
2.18e+01,2.01e+02,1.53e+02,5.50e+01
2.02e+01,2.01e+02,1.54e+02,5.50e+01
1.66e+01,2.01e+02,1.55e+02,5.60e+01
1.16e+01,1.82e+02,1.54e+02,5.60e+01
2.18e+01,2.01e+02,1.54e+02,5.50e+01
2.08e+01,1.98e+02,1.54e+02,5.60e+01
2.18e+01,2.01e+02,1.55e+02,5.50e+01
2.14e+01,1.98e+02,1.53e+02,5.60e+01
2.18e+01,2.01e+02,1.54e+02,5.50e+01
2.00e+01,1.98e+02,1.52e+02,5.60e+01
2.18e+01,2.01e+02,1.53e+02,5.50e+01
2.18e+01,2.01e+02,1.53e+02,5.50e+01
5.15e+00,2.01e+02,1.53e+02,5.50e+01
2.18e+01,2.01e+02,1.55e+02,5.70e+01
2.18e+01,2.01e+02,1.53e+02,5.50e+01
2.14e+01,1.98e+02,1.55e+02,5.60e+01
2.18e+01,2.01e+02,1.53e+02,5.60e+01
2.18e+01,2.01e+02,1.53e+02,5.50e+01
2.18e+01,2.01e+02,1.55e+02,5.50e+01
2.18e+01,2.01e+02,1.54e+02,5.50e+01
2.18e+01,2.01e+02,1.54e+02,5.50e+01
1.29e+01,1.47e+02,1.55e+02,5.50e+01
-1.30e+01,8.09e+01,1.55e+02,5.50e+01
2.18e+01,2.01e+02,1.53e+02,5.60e+01
9.90e+00,1.50e+02,1.52e+02,5.50e+01
2.18e+01,2.01e+02,1.53e+02,5.50e+01
-2.91e+00,1.90e+02,1.53e+02,5.50e+01
2.18e+01,2.01e+02,1.53e+02,5.50e+01
2.17e+01,2.01e+02,1.55e+02,5.50e+01
-2.91e+00,1.90e+02,1.54e+02,5.50e+01
2.18e+01,2.01e+02,1.54e+02,5.60e+01
2.12e+01,2.01e+02,1.55e+02,5.60e+01
2.02e+01,2.01e+02,1.54e+02,5.50e+01
2.15e+01,1.99e+02,1.54e+02,5.50e+01
2.18e+01,2.01e+02,1.55e+02,5.50e+01
2.16e+01,2.01e+02,1.55e+02,5.50e+01
2.18e+01,2.01e+02,1.53e+02,5.50e+01
2.13e+01,2.01e+02,1.53e+02,5.50e+01
2.08e+01,1.95e+02,1.55e+02,5.50e+01
2.30e+00,1.51e+02,1.54e+02,5.60e+01
2.09e+01,2.01e+02,1.54e+02,5.50e+01
2.18e+01,2.01e+02,1.52e+02,5.50e+01
2.18e+01,2.01e+02,1.53e+02,5.50e+01
2.13e+01,2.01e+02,1.55e+02,5.50e+01
2.13e+01,1.99e+02,1.53e+02,5.50e+01
6.08e+00,1.22e+02,1.54e+02,5.50e+01
2.18e+01,2.01e+02,1.53e+02,5.50e+01
2.18e+01,2.01e+02,1.54e+02,5.50e+01
2.18e+01,2.01e+02,1.54e+02,5.50e+01
8.28e+00,1.97e+02,1.53e+02,5.60e+01
-2.43e+00,1.47e+02,1.55e+02,5.60e+01
6.00e+00,1.22e+02,1.54e+02,5.50e+01
-5.81e+01,2.92e+01,1.52e+02,5.50e+01
2.18e+01,2.01e+02,1.54e+02,5.50e+01
2.18e+01,2.01e+02,1.55e+02,5.50e+01
2.18e+01,2.01e+02,1.54e+02,5.50e+01
2.18e+01,2.01e+02,1.55e+02,5.50e+01
2.18e+01,2.01e+02,1.53e+02,5.50e+01
4.22e+00,1.97e+02,1.54e+02,5.50e+01
2.15e+01,2.01e+02,1.54e+02,5.50e+01
2.18e+01,2.01e+02,1.55e+02,5.70e+01
-1.04e+01,1.35e+02,1.53e+02,5.50e+01
2.18e+01,2.01e+02,1.55e+02,5.50e+01
2.18e+01,2.01e+02,1.53e+02,5.50e+01
2.18e+01,2.01e+02,1.54e+02,5.50e+01
2.15e+01,1.99e+02,1.53e+02,5.50e+01
5.88e+00,1.22e+02,1.54e+02,5.50e+01
-2.54e+00,1.41e+02,1.53e+02,5.60e+01
2.18e+01,2.01e+02,1.55e+02,5.50e+01
2.18e+01,2.01e+02,1.55e+02,5.50e+01
2.18e+01,2.01e+02,1.53e+02,5.50e+01
2.16e+01,2.01e+02,1.53e+02,5.50e+01
2.16e+01,2.00e+02,1.55e+02,5.50e+01
2.18e+01,2.01e+02,1.53e+02,5.50e+01
2.18e+01,2.01e+02,1.56e+02,5.70e+01
1.53e+01,2.01e+02,1.54e+02,5.50e+01
2.18e+01,2.01e+02,1.54e+02,5.50e+01
2.16e+01,1.99e+02,1.55e+02,5.60e+01
2.18e+01,2.01e+02,1.55e+02,5.60e+01
4.63e+00,1.53e+02,1.53e+02,5.50e+01
2.18e+01,2.01e+02,1.54e+02,5.50e+01
1.79e+01,1.80e+02,1.53e+02,5.50e+01
2.02e+01,1.91e+02,1.54e+02,5.50e+01
2.18e+01,2.01e+02,1.54e+02,5.60e+01
2.18e+01,2.01e+02,1.54e+02,5.50e+01
2.18e+01,2.01e+02,1.54e+02,5.50e+01
2.18e+01,2.01e+02,1.54e+02,5.50e+01
2.18e+01,2.01e+02,1.54e+02,5.50e+01
2.18e+01,2.01e+02,1.52e+02,5.50e+01
