-2.19e+01,6.67e+01,3.90e+01,2.90e+01
3.78e+00,2.39e+02,4.00e+01,2.90e+01
-5.41e+00,1.53e+02,3.90e+01,2.80e+01
1.13e+01,2.33e+02,4.10e+01,2.90e+01
2.14e+01,2.76e+02,4.00e+01,2.90e+01
-1.17e+01,8.44e+01,3.90e+01,2.90e+01
2.04e+01,1.52e+02,4.50e+01,3.10e+01
8.04e+00,3.03e+02,4.00e+01,2.90e+01
1.74e+01,1.45e+02,4.10e+01,3.00e+01
-1.61e+01,1.36e+02,3.90e+01,2.90e+01
1.19e+00,1.78e+02,4.20e+01,3.00e+01
2.19e+00,1.24e+02,4.00e+01,2.90e+01
-1.36e+01,1.16e+02,4.10e+01,2.90e+01
-1.42e+01,9.89e+01,3.90e+01,2.80e+01
-3.28e+01,3.36e+01,4.40e+01,3.10e+01
-1.62e+01,3.57e+01,4.00e+01,2.90e+01
2.75e+01,2.94e+02,4.20e+01,3.10e+01
2.33e+00,1.81e+02,4.10e+01,3.00e+01
4.83e+00,1.22e+02,3.90e+01,2.80e+01
-9.36e+00,1.46e+02,4.30e+01,2.80e+01
1.29e+00,1.10e+02,4.00e+01,3.00e+01
-9.96e+00,1.33e+02,4.20e+01,3.00e+01
-4.42e+00,1.49e+02,3.90e+01,2.80e+01
-2.66e+01,4.78e+01,4.20e+01,3.10e+01
9.50e+00,2.06e+02,4.00e+01,2.80e+01
4.02e+01,3.89e+02,3.90e+01,2.90e+01
4.39e+00,1.53e+02,4.50e+01,3.00e+01
1.90e+01,2.41e+02,4.00e+01,2.90e+01
-1.25e+01,1.19e+02,4.20e+01,3.00e+01
-1.51e+00,1.64e+02,4.00e+01,2.80e+01
-4.55e+00,1.77e+02,4.00e+01,3.00e+01
2.05e+01,1.80e+02,4.00e+01,2.90e+01
1.59e+01,2.41e+02,4.00e+01,2.90e+01
6.21e+00,2.21e+02,4.20e+01,3.00e+01
-2.74e+01,2.21e+01,3.90e+01,2.90e+01
1.73e+01,2.78e+02,3.90e+01,2.80e+01
3.72e+01,3.58e+02,4.00e+01,2.90e+01
9.28e+00,2.75e+02,4.00e+01,2.90e+01
2.14e+01,3.21e+02,3.90e+01,2.80e+01
2.24e+01,3.07e+02,4.20e+01,3.10e+01
-8.46e+00,1.39e+02,4.40e+01,3.10e+01
-1.57e+01,1.40e+02,4.10e+01,2.90e+01
-4.49e+01,-1.65e+01,4.50e+01,3.10e+01
5.36e+00,2.40e+02,4.00e+01,2.90e+01
-2.01e+01,5.98e+01,3.90e+01,2.80e+01
-3.71e+01,2.83e+01,4.20e+01,2.90e+01
-1.68e+01,1.42e+02,4.00e+01,2.90e+01
-2.08e+01,4.93e+01,3.90e+01,2.90e+01
3.41e+01,3.34e+02,4.00e+01,2.90e+01
4.02e+01,3.48e+02,4.00e+01,2.90e+01
-2.33e+01,1.49e+02,4.40e+01,3.10e+01
-1.06e+01,5.84e+01,3.90e+01,2.90e+01
-7.87e+00,2.48e+02,3.90e+01,2.80e+01
6.04e+00,1.20e+02,4.10e+01,2.90e+01
-1.73e+00,1.35e+02,4.10e+01,2.90e+01
-9.42e+00,1.27e+02,3.90e+01,2.80e+01
-2.79e+01,6.17e+01,4.00e+01,2.90e+01
-1.11e+01,2.73e+02,3.90e+01,2.90e+01
2.81e+01,3.28e+02,4.20e+01,3.00e+01
1.85e+01,2.67e+02,4.00e+01,2.90e+01
-3.06e+01,1.26e+02,4.10e+01,3.00e+01
-2.49e+01,1.42e+02,3.90e+01,2.90e+01
1.86e+00,2.71e+02,4.00e+01,2.80e+01
1.89e+00,2.18e+02,4.60e+01,3.20e+01
-2.46e+01,1.56e+02,4.10e+01,2.90e+01
-1.28e+01,5.49e+01,4.00e+01,2.90e+01
3.32e+01,2.95e+02,3.90e+01,2.90e+01
1.61e+00,2.07e+02,4.00e+01,2.90e+01
2.61e+00,1.25e+02,3.90e+01,2.90e+01
-5.04e+00,1.32e+02,4.20e+01,3.00e+01
-9.39e+00,1.29e+02,4.00e+01,2.90e+01
-7.43e+00,6.93e+01,4.10e+01,2.90e+01
4.09e+00,1.37e+02,4.20e+01,2.90e+01
-4.94e+01,2.96e+01,4.00e+01,2.90e+01
-2.19e+01,1.25e+02,4.20e+01,3.10e+01
7.33e+00,1.21e+02,4.00e+01,2.90e+01
1.67e+00,1.64e+02,4.00e+01,2.90e+01
1.02e+01,2.67e+02,4.00e+01,3.00e+01
-3.47e+01,1.48e+02,3.90e+01,2.80e+01
-6.56e+00,1.36e+02,4.60e+01,3.20e+01
-3.08e+01,4.42e+01,4.00e+01,3.00e+01
-1.90e+01,8.70e+01,4.20e+01,2.90e+01
8.83e+00,1.67e+02,3.90e+01,2.90e+01
-1.39e+01,6.13e+01,4.00e+01,3.00e+01
7.04e+00,1.74e+02,4.10e+01,2.90e+01
4.74e+00,1.37e+02,4.00e+01,2.90e+01
-1.02e+01,6.96e+01,4.20e+01,2.90e+01
4.29e+00,1.73e+02,4.60e+01,3.10e+01
2.12e+01,2.63e+02,4.00e+01,2.90e+01
-5.13e+00,1.54e+02,4.00e+01,2.90e+01
1.68e+01,2.49e+02,4.10e+01,3.00e+01
3.62e+01,3.34e+02,4.10e+01,2.90e+01
-1.10e+01,1.89e+02,4.00e+01,2.90e+01
-5.44e+00,1.20e+02,4.00e+01,2.90e+01
3.02e+01,3.49e+02,4.00e+01,2.90e+01
-3.45e+01,1.24e+02,4.20e+01,2.90e+01
-4.79e+01,-3.33e+01,4.10e+01,3.00e+01
-1.14e+01,1.31e+02,4.10e+01,3.00e+01
-5.45e-01,9.80e+01,4.00e+01,2.90e+01
5.82e+00,1.73e+02,4.00e+01,2.90e+01
-1.49e+01,6.89e+01,4.10e+01,3.00e+01
3.77e+01,3.45e+02,4.10e+01,2.90e+01
-2.57e+01,4.97e+01,4.00e+01,2.90e+01
2.36e+01,2.93e+02,4.00e+01,3.00e+01
-5.22e+00,2.48e+02,4.00e+01,2.90e+01
-4.06e+01,2.99e+01,4.00e+01,2.90e+01
1.67e+01,1.48e+02,4.10e+01,3.00e+01
3.27e+01,3.43e+02,4.00e+01,2.90e+01
-1.32e+01,1.26e+02,4.10e+01,2.90e+01
-2.74e+01,1.37e+02,3.90e+01,2.90e+01
-1.37e+01,3.13e+01,4.10e+01,2.90e+01
-2.77e+00,1.25e+02,3.90e+01,2.80e+01
3.81e+00,2.52e+02,4.00e+01,2.90e+01
-5.57e+01,0.00e+00,4.10e+01,2.90e+01
3.45e+00,1.53e+02,4.00e+01,2.90e+01
1.99e+01,2.47e+02,3.90e+01,2.90e+01
2.34e+01,2.79e+02,4.00e+01,2.90e+01
-5.14e+00,1.52e+02,4.00e+01,2.90e+01
3.54e+01,3.50e+02,3.90e+01,2.90e+01
4.07e+00,1.28e+02,4.10e+01,2.90e+01
-1.73e+01,1.48e+02,3.90e+01,2.90e+01
2.02e+01,1.65e+02,4.00e+01,2.90e+01
-5.61e+00,1.27e+02,4.00e+01,2.90e+01
-1.89e+01,1.54e+02,4.00e+01,3.00e+01
1.10e+01,1.62e+02,4.00e+01,2.90e+01
1.95e+01,2.77e+02,3.90e+01,2.90e+01
-3.07e+01,4.44e+01,4.00e+01,2.90e+01
-9.07e+00,9.57e+01,3.90e+01,2.90e+01
