3.79e+00,2.90e+02,3.90e+01,2.40e+01
4.03e+00,2.90e+02,3.90e+01,2.40e+01
4.03e+00,2.90e+02,4.00e+01,2.40e+01
4.03e+00,2.90e+02,4.00e+01,2.40e+01
4.03e+00,2.90e+02,4.00e+01,2.40e+01
4.03e+00,2.90e+02,4.00e+01,2.40e+01
4.03e+00,2.90e+02,3.90e+01,2.40e+01
4.03e+00,2.90e+02,3.90e+01,2.40e+01
4.03e+00,2.90e+02,3.90e+01,2.40e+01
-6.71e+00,2.26e+02,4.10e+01,2.50e+01
3.03e+00,2.86e+02,4.00e+01,2.40e+01
-3.63e+00,2.48e+02,3.90e+01,2.40e+01
2.63e+00,2.83e+02,4.00e+01,2.40e+01
-2.22e+01,1.81e+02,4.10e+01,2.40e+01
3.79e+00,2.90e+02,4.00e+01,2.40e+01
-1.45e+01,1.79e+02,4.00e+01,2.40e+01
-1.86e+01,1.56e+02,3.90e+01,2.40e+01
-2.72e+01,1.50e+02,3.90e+01,2.40e+01
-1.08e+01,2.01e+02,3.90e+01,2.40e+01
4.03e+00,2.90e+02,4.00e+01,2.40e+01
3.83e+00,2.90e+02,4.10e+01,2.50e+01
4.03e+00,2.90e+02,4.00e+01,2.40e+01
3.11e+00,2.84e+02,4.00e+01,2.40e+01
-2.47e+01,1.17e+02,4.00e+01,2.40e+01
4.03e+00,2.90e+02,4.10e+01,2.40e+01
-2.26e+01,1.30e+02,3.90e+01,2.40e+01
-1.34e+01,1.86e+02,4.00e+01,2.40e+01
-2.16e+01,1.63e+02,4.10e+01,2.50e+01
3.79e+00,2.90e+02,3.90e+01,2.40e+01
-1.54e+01,2.19e+02,4.00e+01,2.40e+01
-2.81e+01,1.00e+02,3.90e+01,2.40e+01
4.03e+00,2.90e+02,3.90e+01,2.40e+01
3.97e+00,2.90e+02,3.90e+01,2.40e+01
3.98e+00,2.90e+02,4.10e+01,2.40e+01
-3.81e+00,2.43e+02,4.10e+01,2.40e+01
-2.94e+01,1.36e+02,3.90e+01,2.40e+01
-4.78e+01,3.36e+01,4.00e+01,2.40e+01
4.03e+00,2.90e+02,3.90e+01,2.40e+01
4.03e+00,2.90e+02,4.00e+01,2.40e+01
3.79e+00,2.90e+02,4.00e+01,2.40e+01
-1.76e+01,1.60e+02,4.00e+01,2.40e+01
4.03e+00,2.90e+02,4.00e+01,2.40e+01
-2.22e+01,1.81e+02,4.10e+01,2.40e+01
4.03e+00,2.90e+02,4.00e+01,2.40e+01
3.89e+00,2.89e+02,4.00e+01,2.40e+01
-2.74e+01,1.12e+02,4.00e+01,2.40e+01
-7.71e+00,2.18e+02,3.90e+01,2.40e+01
4.03e+00,2.90e+02,4.10e+01,2.40e+01
3.79e+00,2.90e+02,3.90e+01,2.40e+01
-3.30e+00,2.46e+02,3.90e+01,2.40e+01
-7.27e+00,2.23e+02,3.90e+01,2.40e+01
4.03e+00,2.90e+02,4.00e+01,2.40e+01
4.03e+00,2.90e+02,4.10e+01,2.40e+01
-2.32e+01,1.25e+02,4.00e+01,2.50e+01
-1.94e+01,1.59e+02,3.90e+01,2.40e+01
-6.81e+00,2.25e+02,4.00e+01,2.40e+01
4.03e+00,2.90e+02,4.00e+01,2.40e+01
-6.81e+00,2.25e+02,3.90e+01,2.40e+01
-3.26e+00,2.46e+02,4.00e+01,2.50e+01
4.03e+00,2.90e+02,4.10e+01,2.40e+01
4.03e+00,2.90e+02,4.00e+01,2.40e+01
-1.50e+00,2.57e+02,4.10e+01,2.40e+01
1.54e+00,2.76e+02,4.00e+01,2.40e+01
4.03e+00,2.90e+02,4.10e+01,2.50e+01
-1.36e+01,1.84e+02,4.00e+01,2.40e+01
3.79e+00,2.90e+02,4.00e+01,2.40e+01
-2.27e+01,1.33e+02,3.90e+01,2.40e+01
-4.49e+01,7.87e+01,4.00e+01,2.40e+01
3.79e+00,2.90e+02,3.90e+01,2.40e+01
4.03e+00,2.90e+02,4.10e+01,2.40e+01
4.03e+00,2.90e+02,4.00e+01,2.40e+01
-3.21e+01,8.38e+01,3.90e+01,2.40e+01
3.79e+00,2.90e+02,3.90e+01,2.40e+01
4.03e+00,2.90e+02,4.00e+01,2.50e+01
-2.22e+01,1.81e+02,4.00e+01,2.40e+01
4.03e+00,2.90e+02,4.00e+01,2.40e+01
-1.35e+01,1.86e+02,4.00e+01,2.40e+01
3.79e+00,2.90e+02,3.90e+01,2.40e+01
-7.27e+00,2.23e+02,4.00e+01,2.40e+01
4.03e+00,2.90e+02,4.00e+01,2.50e+01
-1.91e+01,1.53e+02,4.00e+01,2.50e+01
4.03e+00,2.90e+02,4.10e+01,2.50e+01
-1.71e+01,1.64e+02,4.00e+01,2.50e+01
-1.33e+01,1.86e+02,4.10e+01,2.40e+01
3.87e+00,2.90e+02,3.90e+01,2.40e+01
4.03e+00,2.90e+02,4.00e+01,2.40e+01
3.89e+00,2.89e+02,4.00e+01,2.40e+01
4.03e+00,2.90e+02,4.00e+01,2.40e+01
-2.79e+01,1.42e+02,4.00e+01,2.40e+01
4.03e+00,2.90e+02,4.00e+01,2.40e+01
-8.27e+00,2.18e+02,3.90e+01,2.40e+01
2.35e-01,2.67e+02,4.00e+01,2.40e+01
3.79e+00,2.90e+02,3.90e+01,2.40e+01
4.03e+00,2.90e+02,3.90e+01,2.40e+01
4.03e+00,2.90e+02,4.10e+01,2.40e+01
4.03e+00,2.90e+02,3.90e+01,2.40e+01
-2.35e+01,1.25e+02,4.10e+01,2.40e+01
-1.12e+01,1.99e+02,4.00e+01,2.40e+01
-4.49e+01,7.87e+01,4.10e+01,2.40e+01
-4.25e+01,5.89e+01,3.90e+01,2.40e+01
4.03e+00,2.90e+02,4.10e+01,2.40e+01
4.03e+00,2.90e+02,4.00e+01,2.40e+01
-2.83e+01,1.00e+02,3.90e+01,2.40e+01
-1.38e+01,1.83e+02,4.10e+01,2.40e+01
4.03e+00,2.90e+02,4.00e+01,2.40e+01
-2.39e+00,2.49e+02,3.90e+01,2.40e+01
4.01e+00,2.90e+02,4.00e+01,2.40e+01
3.97e+00,2.90e+02,3.90e+01,2.40e+01
-1.45e+01,1.79e+02,4.00e+01,2.40e+01
-1.77e+01,1.60e+02,4.10e+01,2.40e+01
-1.71e+01,1.63e+02,4.00e+01,2.40e+01
-2.13e+01,1.45e+02,3.90e+01,2.40e+01
3.79e+00,2.90e+02,3.90e+01,2.40e+01
-3.21e+00,2.46e+02,4.00e+01,2.40e+01
-2.86e+01,1.07e+02,4.00e+01,2.50e+01
4.00e+00,2.90e+02,4.10e+01,2.60e+01
4.03e+00,2.90e+02,4.10e+01,2.40e+01
4.03e+00,2.90e+02,4.00e+01,2.40e+01
-2.43e+01,1.22e+02,4.00e+01,2.40e+01
-4.25e+01,5.89e+01,4.00e+01,2.40e+01
-1.29e+01,1.88e+02,4.10e+01,2.40e+01
4.03e+00,2.90e+02,4.00e+01,2.40e+01
4.03e+00,2.90e+02,3.90e+01,2.40e+01
-3.65e+01,6.54e+01,4.00e+01,2.40e+01
-1.87e+01,1.54e+02,3.90e+01,2.40e+01
4.03e+00,2.90e+02,4.10e+01,2.40e+01
-1.78e+01,1.60e+02,4.00e+01,2.40e+01
-1.39e+01,1.84e+02,3.90e+01,2.40e+01
