9.94e+02,1.28e+03,1.30e+01,1.60e+01
9.93e+02,1.21e+03,1.30e+01,1.60e+01
1.01e+03,1.39e+03,2.10e+01,1.90e+01
1.16e+03,1.34e+03,1.40e+01,1.60e+01
1.17e+03,1.44e+03,1.90e+01,1.80e+01
1.07e+03,1.30e+03,1.50e+01,1.70e+01
1.08e+03,1.25e+03,1.30e+01,1.60e+01
1.12e+03,1.30e+03,1.40e+01,1.70e+01
1.10e+03,1.38e+03,1.60e+01,1.60e+01
1.04e+03,1.28e+03,1.30e+01,1.60e+01
9.86e+02,1.12e+03,1.40e+01,1.60e+01
9.95e+02,1.46e+03,1.90e+01,2.00e+01
9.46e+02,1.29e+03,1.30e+01,1.60e+01
9.30e+02,1.07e+03,1.40e+01,1.70e+01
9.65e+02,1.08e+03,1.70e+01,1.70e+01
1.03e+03,1.29e+03,1.80e+01,1.80e+01
1.13e+03,1.30e+03,2.20e+01,2.10e+01
1.01e+03,1.33e+03,1.30e+01,1.60e+01
9.18e+02,1.31e+03,1.40e+01,1.60e+01
9.77e+02,1.34e+03,2.00e+01,2.00e+01
1.09e+03,1.28e+03,2.10e+01,1.80e+01
1.05e+03,1.18e+03,1.30e+01,1.60e+01
9.94e+02,1.31e+03,1.40e+01,1.70e+01
1.06e+03,1.41e+03,1.60e+01,1.60e+01
1.10e+03,1.46e+03,1.80e+01,1.80e+01
9.63e+02,1.19e+03,1.70e+01,1.70e+01
1.13e+03,1.28e+03,2.20e+01,2.00e+01
9.59e+01,7.58e+02,1.30e+01,1.60e+01
1.03e+03,1.29e+03,1.90e+01,1.60e+01
9.49e+02,1.27e+03,1.70e+01,1.60e+01
1.90e+02,2.49e+02,1.40e+01,1.70e+01
1.01e+03,1.30e+03,2.10e+01,1.80e+01
1.08e+03,1.32e+03,1.50e+01,1.70e+01
9.73e+02,1.39e+03,1.60e+01,1.60e+01
1.13e+03,1.26e+03,1.70e+01,1.70e+01
1.06e+03,1.17e+03,1.30e+01,1.60e+01
1.19e+03,1.46e+03,2.20e+01,2.00e+01
8.68e+02,1.29e+03,1.30e+01,1.60e+01
9.57e+02,1.21e+03,1.80e+01,1.80e+01
1.04e+03,1.30e+03,1.40e+01,1.60e+01
1.03e+03,1.29e+03,1.90e+01,1.80e+01
8.14e+02,1.12e+03,2.20e+01,2.10e+01
8.29e+01,2.06e+02,1.30e+01,1.60e+01
9.80e+02,1.30e+03,1.80e+01,1.90e+01
1.01e+03,1.40e+03,1.80e+01,1.80e+01
8.68e+02,1.31e+03,2.30e+01,2.00e+01
1.10e+03,1.37e+03,1.30e+01,1.60e+01
1.07e+03,1.31e+03,2.00e+01,1.90e+01
3.44e+02,5.11e+02,1.40e+01,1.60e+01
1.11e+03,1.24e+03,2.10e+01,1.90e+01
5.84e+02,7.78e+02,1.60e+01,1.70e+01
-3.84e+01,-2.43e+00,1.30e+01,1.60e+01
1.04e+03,1.33e+03,2.20e+01,2.00e+01
8.42e+02,1.05e+03,1.90e+01,1.70e+01
8.34e+02,1.30e+03,1.50e+01,1.70e+01
1.10e+03,1.24e+03,2.30e+01,2.00e+01
9.47e+02,1.26e+03,1.40e+01,1.70e+01
1.11e+03,1.30e+03,2.30e+01,2.00e+01
9.25e+02,1.15e+03,1.70e+01,1.70e+01
1.89e+02,2.98e+02,1.40e+01,1.60e+01
1.00e+03,1.16e+03,1.40e+01,1.60e+01
1.09e+03,1.42e+03,1.30e+01,1.60e+01
1.19e+03,1.47e+03,1.60e+01,1.60e+01
1.02e+02,8.22e+02,1.30e+01,1.60e+01
-4.78e+01,-2.54e+01,1.40e+01,1.70e+01
1.20e+03,1.40e+03,1.30e+01,1.60e+01
1.08e+03,1.27e+03,1.80e+01,1.80e+01
2.07e+02,2.40e+02,1.30e+01,1.60e+01
8.61e+02,1.15e+03,1.70e+01,1.70e+01
8.78e+02,1.08e+03,1.30e+01,1.60e+01
9.55e+02,1.15e+03,1.40e+01,1.60e+01
9.80e+02,1.30e+03,2.00e+01,2.00e+01
9.30e+02,1.15e+03,1.30e+01,1.60e+01
1.45e+02,1.09e+03,1.70e+01,1.60e+01
-6.52e+01,-3.88e+01,1.30e+01,1.60e+01
1.05e+03,1.37e+03,2.20e+01,1.90e+01
9.25e+02,1.16e+03,1.30e+01,1.60e+01
8.49e+02,1.30e+03,1.30e+01,1.60e+01
2.36e+02,3.97e+02,2.00e+01,2.00e+01
1.18e+03,1.31e+03,1.50e+01,1.60e+01
5.07e+02,6.95e+02,1.60e+01,1.70e+01
1.15e+03,1.35e+03,2.20e+01,1.90e+01
7.25e+02,1.35e+03,1.40e+01,1.60e+01
8.60e+02,1.35e+03,1.40e+01,1.60e+01
1.03e+03,1.26e+03,1.40e+01,1.70e+01
6.37e+02,1.05e+03,1.40e+01,1.60e+01
9.02e+02,1.15e+03,2.10e+01,2.00e+01
9.40e+02,1.13e+03,1.80e+01,1.90e+01
9.61e+02,1.32e+03,1.40e+01,1.70e+01
5.89e+02,7.93e+02,1.50e+01,1.60e+01
1.04e+03,1.23e+03,1.30e+01,1.60e+01
1.05e+03,1.44e+03,1.30e+01,1.60e+01
1.01e+03,1.38e+03,2.10e+01,1.90e+01
-3.67e+01,-1.59e+01,1.30e+01,1.60e+01
1.05e+03,1.36e+03,1.90e+01,1.80e+01
7.50e+02,1.30e+03,2.10e+01,1.80e+01
1.02e+03,1.42e+03,2.20e+01,1.90e+01
1.01e+03,1.42e+03,1.50e+01,1.70e+01
1.16e+03,1.47e+03,1.80e+01,1.70e+01
3.80e+02,7.27e+02,1.40e+01,1.60e+01
1.01e+03,1.33e+03,1.40e+01,1.60e+01
1.07e+03,1.41e+03,1.80e+01,1.90e+01
6.96e+02,1.19e+03,2.10e+01,1.90e+01
1.01e+03,1.23e+03,1.80e+01,1.90e+01
9.80e+02,1.08e+03,2.10e+01,2.10e+01
1.94e+02,2.73e+02,1.30e+01,1.60e+01
1.02e+03,1.18e+03,1.80e+01,1.80e+01
1.15e+03,1.33e+03,1.30e+01,1.60e+01
1.05e+03,1.34e+03,1.50e+01,1.70e+01
1.08e+03,1.29e+03,1.70e+01,1.70e+01
1.91e+02,2.54e+02,1.70e+01,1.70e+01
4.54e+02,5.19e+02,1.50e+01,1.70e+01
6.21e+02,1.09e+03,2.00e+01,2.10e+01
1.04e+03,1.14e+03,1.90e+01,1.90e+01
1.05e+03,1.20e+03,1.30e+01,1.60e+01
1.14e+03,1.29e+03,1.80e+01,1.70e+01
1.06e+03,1.19e+03,1.30e+01,1.60e+01
9.38e+02,1.24e+03,2.10e+01,1.90e+01
1.16e+03,1.42e+03,1.30e+01,1.60e+01
1.11e+03,1.25e+03,1.30e+01,1.60e+01
1.03e+03,1.34e+03,2.10e+01,2.10e+01
1.09e+03,1.47e+03,1.50e+01,1.70e+01
6.36e+02,1.23e+03,1.90e+01,1.60e+01
5.07e+02,8.90e+02,1.50e+01,1.60e+01
1.03e+03,1.28e+03,2.20e+01,2.00e+01
1.07e+03,1.25e+03,1.40e+01,1.60e+01
1.00e+03,1.14e+03,1.70e+01,1.70e+01
3.70e+02,1.03e+03,1.50e+01,1.60e+01
2.27e+02,8.05e+02,1.60e+01,1.70e+01
1.09e+03,1.49e+03,1.70e+01,1.70e+01
9.28e+02,1.16e+03,1.40e+01,1.70e+01
5.04e+01,7.57e+01,1.70e+01,1.60e+01
9.37e+02,1.14e+03,1.60e+01,1.80e+01
9.43e+02,1.11e+03,1.60e+01,1.60e+01
1.10e+03,1.42e+03,2.30e+01,2.00e+01
4.34e+02,7.24e+02,1.40e+01,1.60e+01
1.06e+03,1.27e+03,1.70e+01,1.70e+01
9.26e+02,1.28e+03,2.10e+01,2.10e+01
9.49e+02,1.28e+03,2.30e+01,2.00e+01
1.03e+03,1.27e+03,1.40e+01,1.70e+01
1.02e+03,1.28e+03,1.80e+01,1.70e+01
9.48e+02,1.17e+03,2.10e+01,2.10e+01
1.07e+03,1.21e+03,1.70e+01,1.70e+01
1.08e+03,1.27e+03,1.70e+01,1.70e+01
-4.18e+01,-2.35e+01,1.30e+01,1.60e+01
1.16e+03,1.34e+03,2.30e+01,2.10e+01
1.16e+03,1.38e+03,1.70e+01,1.70e+01
1.09e+03,1.39e+03,1.80e+01,1.80e+01
8.97e+02,1.15e+03,2.00e+01,2.00e+01
9.91e+02,1.37e+03,2.20e+01,2.10e+01
1.04e+03,1.41e+03,1.50e+01,1.70e+01
8.67e+01,7.39e+02,2.30e+01,2.10e+01
1.19e+03,1.24e+03,1.80e+01,1.80e+01
1.04e+03,1.17e+03,1.90e+01,1.80e+01
1.00e+03,1.34e+03,1.60e+01,1.60e+01
9.26e+02,1.16e+03,1.50e+01,1.70e+01
9.81e+02,1.17e+03,1.30e+01,1.60e+01
9.44e+01,7.15e+02,1.90e+01,1.80e+01
7.28e+02,9.29e+02,2.10e+01,1.90e+01
3.85e+02,8.33e+02,1.70e+01,1.60e+01
1.05e+03,1.19e+03,1.70e+01,1.70e+01
1.07e+03,1.31e+03,1.90e+01,2.00e+01
1.10e+03,1.40e+03,1.40e+01,1.60e+01
1.06e+03,1.36e+03,1.60e+01,1.60e+01
1.07e+03,1.27e+03,2.30e+01,2.00e+01
1.30e+03,1.44e+03,1.50e+01,1.80e+01
1.09e+03,1.29e+03,1.40e+01,1.60e+01
1.04e+03,1.42e+03,1.70e+01,1.70e+01
9.60e+02,1.23e+03,1.40e+01,1.60e+01
9.66e+01,7.86e+02,1.50e+01,1.70e+01
1.13e+02,8.09e+02,1.70e+01,1.70e+01
9.90e+02,1.30e+03,2.10e+01,1.80e+01
3.00e+02,8.28e+02,1.40e+01,1.60e+01
5.52e+02,1.29e+03,1.80e+01,1.70e+01
-4.04e+01,-1.31e+01,1.30e+01,1.60e+01
9.03e+02,1.22e+03,1.80e+01,1.80e+01
3.56e+02,5.78e+02,1.50e+01,1.60e+01
4.24e+02,1.10e+03,1.40e+01,1.60e+01
1.07e+03,1.24e+03,1.90e+01,1.80e+01
1.09e+03,1.23e+03,1.30e+01,1.60e+01
9.43e+02,1.33e+03,1.70e+01,1.70e+01
7.60e+02,1.42e+03,1.70e+01,1.70e+01
1.16e+03,1.32e+03,1.90e+01,2.00e+01
1.05e+03,1.24e+03,2.20e+01,1.90e+01
1.02e+03,1.31e+03,1.40e+01,1.60e+01
9.70e+02,1.24e+03,1.40e+01,1.60e+01
1.03e+03,1.28e+03,1.70e+01,1.70e+01
-3.66e+01,-1.58e+01,2.20e+01,2.00e+01
1.01e+03,1.32e+03,1.40e+01,1.60e+01
6.22e+02,1.09e+03,1.80e+01,1.70e+01
4.78e+02,7.28e+02,1.40e+01,1.60e+01
9.34e+02,1.23e+03,1.40e+01,1.60e+01
1.17e+03,1.35e+03,1.50e+01,1.70e+01
1.11e+03,1.38e+03,1.70e+01,1.70e+01
1.11e+03,1.42e+03,1.50e+01,1.70e+01
8.31e+01,7.30e+02,1.30e+01,1.60e+01
9.96e+02,1.29e+03,1.90e+01,1.80e+01
8.26e+02,1.02e+03,1.30e+01,1.60e+01
1.05e+03,1.40e+03,2.40e+01,2.20e+01
1.05e+03,1.29e+03,1.40e+01,1.60e+01
8.93e+02,9.79e+02,2.10e+01,2.10e+01
8.78e+02,1.02e+03,1.40e+01,1.70e+01
9.02e+01,7.13e+02,1.80e+01,1.60e+01
1.08e+03,1.40e+03,1.50e+01,1.70e+01
1.11e+03,1.18e+03,1.40e+01,1.70e+01
1.06e+03,1.28e+03,2.20e+01,1.90e+01
1.11e+03,1.43e+03,2.20e+01,2.10e+01
1.07e+03,1.19e+03,1.80e+01,1.80e+01
7.40e+02,1.09e+03,1.40e+01,1.60e+01
1.04e+03,1.38e+03,1.30e+01,1.60e+01
1.06e+03,1.29e+03,1.80e+01,1.80e+01
1.19e+03,1.46e+03,2.20e+01,1.90e+01
9.17e+02,1.28e+03,2.00e+01,2.00e+01
1.10e+03,1.34e+03,1.80e+01,1.90e+01
6.41e+02,1.17e+03,1.60e+01,1.60e+01
1.03e+03,1.17e+03,2.10e+01,1.80e+01
5.43e+02,7.03e+02,1.40e+01,1.60e+01
-5.78e+01,-3.51e+01,1.40e+01,1.70e+01
1.16e+03,1.41e+03,1.50e+01,1.70e+01
1.02e+03,1.28e+03,1.50e+01,1.70e+01
8.20e+02,1.25e+03,2.00e+01,1.80e+01
-6.61e+01,-4.71e+01,1.50e+01,1.70e+01
7.98e+02,9.96e+02,1.40e+01,1.60e+01
1.14e+03,1.36e+03,1.80e+01,1.80e+01
8.98e+02,1.16e+03,2.10e+01,2.10e+01
-3.74e+01,-3.89e+00,1.30e+01,1.60e+01
1.09e+03,1.30e+03,1.40e+01,1.60e+01
9.56e+02,1.43e+03,1.80e+01,1.80e+01
1.03e+03,1.17e+03,1.90e+01,1.80e+01
1.15e+03,1.27e+03,1.70e+01,1.70e+01
1.07e+03,1.45e+03,1.30e+01,1.60e+01
4.41e+02,5.93e+02,2.30e+01,2.00e+01
1.24e+02,2.04e+02,1.60e+01,1.70e+01
1.06e+03,1.22e+03,1.70e+01,1.70e+01
1.16e+03,1.28e+03,1.50e+01,1.80e+01
4.00e+01,5.67e+01,1.80e+01,1.60e+01
1.03e+03,1.23e+03,1.50e+01,1.70e+01
1.06e+03,1.27e+03,1.70e+01,1.70e+01
1.11e+03,1.32e+03,2.10e+01,2.20e+01
1.11e+03,1.33e+03,1.30e+01,1.60e+01
8.98e+02,1.23e+03,1.50e+01,1.70e+01
2.73e+02,5.59e+02,1.40e+01,1.60e+01
1.04e+03,1.36e+03,1.30e+01,1.60e+01
1.07e+03,1.39e+03,2.20e+01,2.00e+01
7.33e+02,1.30e+03,1.40e+01,1.60e+01
3.32e+02,5.16e+02,2.10e+01,2.00e+01
1.17e+03,1.38e+03,1.60e+01,1.80e+01
1.06e+03,1.24e+03,1.60e+01,1.60e+01
3.11e+02,1.08e+03,1.40e+01,1.60e+01
1.10e+03,1.38e+03,2.10e+01,1.90e+01
1.08e+03,1.34e+03,1.40e+01,1.60e+01
1.23e+03,1.35e+03,1.30e+01,1.60e+01
1.09e+03,1.42e+03,1.40e+01,1.70e+01
1.08e+03,1.33e+03,1.40e+01,1.60e+01
1.10e+03,1.39e+03,2.10e+01,1.90e+01
1.10e+02,8.58e+02,1.30e+01,1.60e+01
7.98e+02,1.06e+03,2.30e+01,2.20e+01
1.06e+03,1.32e+03,1.80e+01,1.80e+01
1.03e+03,1.29e+03,1.70e+01,1.60e+01
4.50e+02,1.15e+03,1.30e+01,1.60e+01
1.07e+03,1.26e+03,1.70e+01,1.70e+01
8.01e+02,1.06e+03,1.40e+01,1.70e+01
9.35e+02,1.35e+03,2.20e+01,2.10e+01
-5.90e+01,-4.47e+01,1.80e+01,1.90e+01
1.04e+03,1.27e+03,1.40e+01,1.70e+01
6.65e+02,7.56e+02,1.40e+01,1.70e+01
1.12e+03,1.31e+03,1.40e+01,1.60e+01
-3.86e+01,-2.03e+01,1.70e+01,1.70e+01
4.88e+02,8.42e+02,1.60e+01,1.70e+01
1.14e+03,1.39e+03,1.50e+01,1.70e+01
-5.39e+01,-3.95e+01,1.40e+01,1.60e+01
1.10e+03,1.30e+03,1.40e+01,1.60e+01
6.54e+02,1.25e+03,1.40e+01,1.60e+01
1.06e+03,1.13e+03,1.90e+01,1.80e+01
1.08e+03,1.17e+03,2.30e+01,2.10e+01
1.09e+03,1.41e+03,1.30e+01,1.60e+01
6.10e+02,7.85e+02,1.40e+01,1.60e+01
6.00e+01,7.90e+01,1.60e+01,1.60e+01
1.02e+03,1.42e+03,1.90e+01,1.80e+01
8.60e+02,8.95e+02,1.80e+01,1.70e+01
5.68e+02,7.56e+02,1.50e+01,1.70e+01
2.58e+02,7.32e+02,1.40e+01,1.70e+01
5.62e+01,4.99e+02,1.40e+01,1.60e+01
8.36e+02,9.87e+02,1.90e+01,1.80e+01
1.25e+03,1.32e+03,1.40e+01,1.70e+01
8.09e+02,1.15e+03,2.00e+01,2.10e+01
-6.31e+01,-3.13e+01,2.00e+01,2.10e+01
1.07e+03,1.29e+03,1.70e+01,1.60e+01
1.09e+03,1.14e+03,1.90e+01,1.80e+01
5.17e+01,1.04e+02,2.20e+01,1.90e+01
9.59e+02,1.06e+03,1.80e+01,1.70e+01
1.01e+03,1.11e+03,1.70e+01,1.70e+01
1.14e+03,1.36e+03,1.70e+01,1.90e+01
9.89e+02,1.16e+03,1.40e+01,1.60e+01
8.35e+02,1.27e+03,1.40e+01,1.60e+01
6.66e+01,1.94e+02,1.30e+01,1.60e+01
5.79e+02,7.00e+02,1.50e+01,1.60e+01
-5.96e+01,-4.31e+01,1.60e+01,1.60e+01
7.02e+01,6.35e+02,1.30e+01,1.60e+01
1.07e+03,1.16e+03,1.40e+01,1.60e+01
1.04e+03,1.30e+03,1.30e+01,1.60e+01
2.43e+02,6.43e+02,1.60e+01,1.60e+01
1.09e+03,1.36e+03,2.20e+01,1.90e+01
1.01e+02,8.12e+02,1.60e+01,1.60e+01
6.50e+02,9.65e+02,1.50e+01,1.70e+01
9.04e+02,1.23e+03,1.70e+01,1.70e+01
1.06e+03,1.23e+03,2.10e+01,1.90e+01
3.64e+01,4.53e+01,1.90e+01,1.80e+01
1.05e+03,1.27e+03,2.00e+01,2.10e+01
4.42e+02,6.43e+02,1.80e+01,1.70e+01
1.07e+03,1.25e+03,1.50e+01,1.70e+01
1.11e+03,1.31e+03,1.60e+01,1.70e+01
1.00e+03,1.17e+03,1.40e+01,1.70e+01
-5.16e+01,-8.07e+00,1.40e+01,1.60e+01
1.00e+02,6.96e+02,1.30e+01,1.60e+01
9.64e+02,1.28e+03,1.70e+01,1.80e+01
9.76e+02,1.32e+03,1.60e+01,1.70e+01
1.08e+03,1.34e+03,2.00e+01,2.10e+01
9.81e+02,1.37e+03,1.80e+01,1.80e+01
8.88e+02,1.43e+03,1.30e+01,1.60e+01
1.00e+03,1.27e+03,1.50e+01,1.70e+01
5.20e+02,7.01e+02,1.50e+01,1.60e+01
1.02e+03,1.29e+03,1.50e+01,1.70e+01
1.12e+03,1.28e+03,2.20e+01,2.10e+01
1.05e+03,1.20e+03,1.70e+01,1.70e+01
1.08e+03,1.27e+03,1.90e+01,1.80e+01
1.05e+03,1.36e+03,2.30e+01,2.10e+01
8.97e+02,1.21e+03,2.20e+01,2.00e+01
9.54e+02,1.18e+03,1.60e+01,1.70e+01
7.15e+01,6.23e+02,1.70e+01,1.70e+01
1.15e+03,1.31e+03,1.80e+01,1.80e+01
1.15e+03,1.32e+03,1.80e+01,1.80e+01
-2.94e+01,-3.52e+00,1.40e+01,1.70e+01
9.59e+02,1.31e+03,1.70e+01,1.70e+01
1.01e+03,1.34e+03,1.40e+01,1.70e+01
1.19e+03,1.30e+03,1.30e+01,1.60e+01
1.10e+03,1.30e+03,1.40e+01,1.60e+01
1.03e+03,1.28e+03,1.80e+01,1.70e+01
8.34e+02,1.15e+03,1.50e+01,1.60e+01
6.65e+01,1.03e+02,1.40e+01,1.70e+01
2.33e+02,2.55e+02,2.00e+01,1.90e+01
1.04e+03,1.23e+03,1.70e+01,1.70e+01
1.09e+03,1.43e+03,1.30e+01,1.60e+01
1.88e+02,5.39e+02,1.50e+01,1.70e+01
6.51e+02,1.43e+03,2.00e+01,1.90e+01
9.28e+02,1.46e+03,1.30e+01,1.60e+01
1.08e+03,1.23e+03,1.90e+01,1.80e+01
8.02e+02,9.81e+02,1.80e+01,1.70e+01
9.35e+02,1.22e+03,1.70e+01,1.70e+01
1.14e+03,1.34e+03,1.30e+01,1.60e+01
9.45e+02,1.25e+03,1.50e+01,1.60e+01
1.12e+03,1.27e+03,1.40e+01,1.70e+01
7.97e+02,1.26e+03,1.30e+01,1.60e+01
9.44e+02,1.19e+03,1.50e+01,1.70e+01
1.65e+02,2.41e+02,1.80e+01,1.70e+01
1.05e+03,1.30e+03,1.40e+01,1.60e+01
1.11e+03,1.30e+03,1.30e+01,1.60e+01
1.09e+03,1.31e+03,1.40e+01,1.60e+01
9.60e+02,1.27e+03,1.40e+01,1.70e+01
9.58e+02,1.27e+03,1.50e+01,1.70e+01
6.57e+02,8.42e+02,1.50e+01,1.60e+01
1.14e+03,1.39e+03,1.40e+01,1.60e+01
1.15e+02,1.65e+02,1.90e+01,1.80e+01
7.94e+02,1.23e+03,2.10e+01,2.00e+01
2.19e+02,4.22e+02,1.40e+01,1.60e+01
-5.68e+01,-3.28e+01,2.20e+01,2.00e+01
9.87e+02,1.20e+03,1.80e+01,1.80e+01
1.02e+03,1.22e+03,2.20e+01,2.00e+01
9.05e+02,1.21e+03,1.60e+01,1.60e+01
4.94e+01,6.38e+01,2.00e+01,1.90e+01
9.92e+02,1.39e+03,2.10e+01,1.80e+01
2.06e+02,2.17e+02,2.40e+01,2.10e+01
1.05e+03,1.36e+03,2.10e+01,1.90e+01
9.44e+02,1.15e+03,2.00e+01,1.90e+01
7.22e+02,9.82e+02,1.70e+01,1.80e+01
1.07e+03,1.34e+03,2.10e+01,1.90e+01
1.13e+03,1.42e+03,1.30e+01,1.60e+01
1.04e+03,1.19e+03,2.10e+01,1.90e+01
1.04e+03,1.27e+03,1.80e+01,1.90e+01
1.07e+03,1.23e+03,1.40e+01,1.70e+01
4.79e+02,7.31e+02,1.50e+01,1.60e+01
9.12e+02,1.39e+03,1.30e+01,1.60e+01
1.07e+03,1.40e+03,1.30e+01,1.60e+01
-4.73e+01,-2.21e+01,1.50e+01,1.70e+01
-3.60e+01,-1.04e+01,1.40e+01,1.70e+01
1.18e+03,1.35e+03,1.80e+01,1.70e+01
5.61e+02,9.69e+02,1.90e+01,1.70e+01
9.25e+02,1.20e+03,1.40e+01,1.70e+01
9.29e+02,1.30e+03,1.50e+01,1.70e+01
1.06e+03,1.27e+03,1.40e+01,1.60e+01
1.08e+03,1.32e+03,1.40e+01,1.60e+01
9.98e+02,1.24e+03,1.50e+01,1.70e+01
1.07e+03,1.30e+03,2.30e+01,1.90e+01
1.58e+02,2.37e+02,1.90e+01,1.80e+01
1.05e+03,1.28e+03,1.30e+01,1.60e+01
8.26e+02,1.18e+03,1.50e+01,1.70e+01
9.11e+02,1.21e+03,1.50e+01,1.70e+01
1.04e+03,1.15e+03,2.00e+01,1.80e+01
1.05e+03,1.21e+03,2.00e+01,2.10e+01
1.13e+03,1.39e+03,1.40e+01,1.60e+01
1.00e+03,1.40e+03,1.70e+01,1.70e+01
9.34e+02,1.15e+03,1.40e+01,1.60e+01
1.10e+03,1.30e+03,1.60e+01,1.60e+01
1.10e+03,1.25e+03,1.80e+01,1.70e+01
1.04e+03,1.23e+03,2.10e+01,1.90e+01
5.88e+01,1.23e+02,1.40e+01,1.60e+01
1.08e+03,1.40e+03,2.20e+01,2.10e+01
9.18e+02,1.28e+03,2.20e+01,2.00e+01
5.61e+01,5.22e+02,1.40e+01,1.70e+01
1.06e+03,1.10e+03,2.10e+01,1.90e+01
1.06e+03,1.30e+03,1.90e+01,2.00e+01
1.07e+03,1.41e+03,1.90e+01,1.90e+01
-4.17e+01,-1.86e+01,1.30e+01,1.60e+01
5.66e+02,9.55e+02,1.50e+01,1.70e+01
1.05e+03,1.28e+03,1.40e+01,1.60e+01
9.74e+02,1.14e+03,1.40e+01,1.70e+01
9.83e+02,1.39e+03,1.60e+01,1.60e+01
1.02e+03,1.25e+03,1.90e+01,1.80e+01
9.65e+02,1.30e+03,1.40e+01,1.70e+01
1.06e+03,1.42e+03,1.50e+01,1.70e+01
1.07e+03,1.29e+03,1.50e+01,1.60e+01
2.11e+02,3.11e+02,2.30e+01,2.00e+01
1.05e+03,1.44e+03,1.80e+01,1.70e+01
6.35e+01,1.28e+02,1.50e+01,1.70e+01
9.48e+02,1.16e+03,1.40e+01,1.60e+01
8.32e+02,1.26e+03,1.40e+01,1.60e+01
4.86e+01,4.87e+02,1.80e+01,1.80e+01
1.05e+03,1.33e+03,1.40e+01,1.60e+01
6.67e+02,9.84e+02,1.40e+01,1.60e+01
1.07e+03,1.25e+03,1.40e+01,1.60e+01
1.08e+03,1.26e+03,1.80e+01,1.90e+01
1.05e+03,1.29e+03,1.30e+01,1.60e+01
1.02e+03,1.25e+03,2.10e+01,2.10e+01
9.65e+02,1.30e+03,1.60e+01,1.70e+01
9.35e+02,1.03e+03,1.30e+01,1.60e+01
7.41e+02,1.13e+03,1.90e+01,1.90e+01
9.99e+02,1.24e+03,1.70e+01,1.70e+01
1.07e+03,1.34e+03,1.70e+01,1.70e+01
1.10e+03,1.30e+03,1.90e+01,2.00e+01
-2.72e+01,-8.05e+00,1.70e+01,1.70e+01
9.61e+02,1.17e+03,2.00e+01,1.80e+01
1.09e+03,1.29e+03,1.30e+01,1.60e+01
1.03e+03,1.42e+03,1.90e+01,1.70e+01
1.04e+03,1.18e+03,1.70e+01,1.70e+01
7.31e+02,1.24e+03,1.80e+01,1.70e+01
6.21e+02,7.47e+02,1.50e+01,1.60e+01
1.14e+03,1.46e+03,1.80e+01,1.80e+01
1.11e+03,1.31e+03,2.20e+01,2.10e+01
1.13e+03,1.28e+03,2.00e+01,1.90e+01
1.14e+03,1.39e+03,1.60e+01,1.60e+01
9.62e+02,1.29e+03,1.90e+01,1.90e+01
1.05e+03,1.21e+03,1.70e+01,1.70e+01
1.14e+03,1.46e+03,1.30e+01,1.60e+01
1.02e+03,1.31e+03,2.00e+01,1.90e+01
1.02e+03,1.18e+03,1.40e+01,1.60e+01
8.55e+02,1.05e+03,1.50e+01,1.80e+01
1.00e+03,1.29e+03,2.30e+01,2.10e+01
8.28e+02,1.41e+03,1.30e+01,1.60e+01
3.29e+02,7.91e+02,1.40e+01,1.60e+01
9.42e+02,1.24e+03,2.10e+01,1.80e+01
1.04e+03,1.36e+03,1.60e+01,1.60e+01
1.03e+03,1.28e+03,1.60e+01,1.60e+01
1.13e+03,1.44e+03,1.40e+01,1.70e+01
9.38e+02,1.08e+03,1.50e+01,1.70e+01
1.01e+03,1.15e+03,2.10e+01,2.10e+01
4.90e+02,7.93e+02,1.90e+01,1.80e+01
9.79e+02,1.26e+03,1.80e+01,1.90e+01
1.06e+03,1.15e+03,2.10e+01,2.10e+01
9.46e+02,1.29e+03,2.00e+01,2.00e+01
4.61e+02,8.17e+02,1.50e+01,1.60e+01
3.51e+02,1.11e+03,1.90e+01,2.00e+01
1.08e+03,1.37e+03,1.70e+01,1.70e+01
1.05e+03,1.26e+03,1.40e+01,1.60e+01
5.23e+02,1.23e+03,2.00e+01,1.70e+01
1.01e+03,1.16e+03,1.30e+01,1.60e+01
1.09e+03,1.25e+03,1.70e+01,1.70e+01
1.06e+03,1.41e+03,1.90e+01,2.00e+01
7.50e+02,1.29e+03,1.40e+01,1.60e+01
8.98e+02,1.14e+03,2.10e+01,1.80e+01
8.22e+02,1.25e+03,1.80e+01,1.80e+01
