-5.22e+01,4.81e+01,7.00e+00,1.20e+01
-5.27e+01,9.63e+01,1.20e+01,1.20e+01
-4.08e+01,7.82e+01,7.00e+00,1.20e+01
-4.69e+01,3.36e+01,6.00e+00,1.20e+01
-7.28e+01,-9.73e+00,6.00e+00,1.20e+01
-6.93e+01,-1.66e+01,2.00e+00,1.20e+01
-6.92e+01,-1.65e+01,7.00e+00,1.20e+01
-3.91e+01,1.01e+02,1.00e+01,1.20e+01
-5.64e+01,4.05e+01,6.00e+00,1.20e+01
-6.88e+01,-1.67e+01,6.00e+00,1.20e+01
-3.16e+01,5.84e+01,7.00e+00,1.20e+01
-6.97e+01,-1.63e+01,8.00e+00,1.20e+01
-7.16e+01,-1.67e+01,4.00e+00,1.20e+01
-6.69e+01,-1.65e+01,7.00e+00,1.20e+01
-6.88e+01,-1.66e+01,6.00e+00,1.20e+01
-5.29e+01,6.17e+01,6.00e+00,1.20e+01
-7.15e+01,-1.65e+01,4.00e+00,1.20e+01
-2.38e+01,9.64e+01,7.00e+00,1.20e+01
-4.42e+01,9.50e+01,7.00e+00,1.20e+01
-2.03e+01,2.11e+02,8.00e+00,1.20e+01
-3.59e+01,6.55e+01,6.00e+00,1.20e+01
-5.99e+01,2.05e+01,8.00e+00,1.20e+01
-6.86e+01,-1.65e+01,7.00e+00,1.20e+01
-6.24e+01,4.75e+00,6.00e+00,1.20e+01
-5.97e+01,2.28e+01,7.00e+00,1.20e+01
-4.13e+01,5.57e+01,9.00e+00,1.20e+01
-5.89e+01,2.69e+01,5.00e+00,1.20e+01
-6.25e+01,4.63e+00,5.00e+00,1.20e+01
-6.54e+01,-3.50e+00,7.00e+00,1.20e+01
-6.02e+01,3.46e+01,7.00e+00,1.20e+01
-6.22e+01,6.56e+00,4.00e+00,1.20e+01
-4.79e+01,5.84e+01,8.00e+00,1.20e+01
-7.15e+01,-1.65e+01,4.00e+00,1.20e+01
-4.39e+01,5.50e+01,8.00e+00,1.20e+01
-5.34e+01,2.89e+01,1.00e+01,1.20e+01
-6.54e+01,-2.59e+00,7.00e+00,1.20e+01
-4.01e+01,3.61e+01,1.00e+01,1.20e+01
-6.26e+01,4.00e+00,7.00e+00,1.20e+01
-6.85e+01,-1.68e+01,5.00e+00,1.20e+01
-6.23e+01,4.53e+00,7.00e+00,1.20e+01
-5.32e+01,6.01e+01,8.00e+00,1.20e+01
-4.49e+01,5.28e+01,3.00e+00,1.20e+01
-3.42e+00,2.41e+02,5.00e+00,1.20e+01
-6.21e+01,4.27e+00,8.00e+00,1.20e+01
-5.06e+01,3.40e+01,3.00e+00,1.20e+01
-7.16e+01,-1.65e+01,4.00e+00,1.20e+01
-4.29e+01,6.34e+01,9.00e+00,1.20e+01
-7.16e+01,-1.63e+01,1.10e+01,1.20e+01
-3.06e+01,4.35e+01,1.10e+01,1.20e+01
-6.23e+01,5.60e+00,7.00e+00,1.20e+01
-6.86e+01,-1.63e+01,7.00e+00,1.20e+01
-4.93e+00,1.96e+02,8.00e+00,1.20e+01
-7.16e+01,-1.65e+01,3.00e+00,1.20e+01
-3.18e+01,7.06e+01,9.00e+00,1.20e+01
-7.14e+01,-1.62e+01,6.00e+00,1.20e+01
-7.14e+01,-1.66e+01,7.00e+00,1.20e+01
-5.95e+01,2.28e+01,7.00e+00,1.20e+01
-7.16e+01,-1.67e+01,5.00e+00,1.20e+01
-1.93e+01,1.42e+02,1.00e+01,1.20e+01
-5.44e+01,3.45e+01,1.30e+01,1.20e+01
-6.39e+01,-3.70e+00,6.00e+00,1.20e+01
-1.41e+01,1.81e+02,4.00e+00,1.20e+01
-7.30e+01,6.06e+00,8.00e+00,1.20e+01
-6.41e+01,4.65e+00,8.00e+00,1.20e+01
-1.27e+01,1.62e+02,8.00e+00,1.20e+01
-7.01e+01,-1.65e+01,7.00e+00,1.20e+01
-7.14e+01,-1.62e+01,5.00e+00,1.20e+01
-6.54e+01,-2.57e+00,6.00e+00,1.20e+01
-7.14e+01,-1.66e+01,4.00e+00,1.20e+01
-6.86e+01,-1.68e+01,7.00e+00,1.20e+01
-7.16e+01,-1.63e+01,8.00e+00,1.20e+01
-3.33e+01,1.81e+02,6.00e+00,1.20e+01
-2.27e+01,1.24e+02,8.00e+00,1.20e+01
-6.03e+01,1.77e+01,7.00e+00,1.20e+01
-6.43e+01,3.62e+00,1.00e+01,1.20e+01
-6.41e+01,4.56e+00,9.00e+00,1.20e+01
-5.67e+01,2.27e+01,7.00e+00,1.20e+01
-7.71e+01,-2.18e+01,4.00e+00,1.20e+01
-7.14e+01,-1.66e+01,6.00e+00,1.20e+01
-3.84e+01,1.49e+02,7.00e+00,1.20e+01
-3.18e+01,7.48e+01,8.00e+00,1.20e+01
4.79e+00,1.88e+02,6.00e+00,1.20e+01
-3.92e+01,8.24e+01,9.00e+00,1.20e+01
-9.91e+00,2.41e+02,1.00e+01,1.20e+01
-6.72e+01,-1.65e+01,5.00e+00,1.20e+01
-5.64e+01,3.85e+01,1.20e+01,1.20e+01
-6.54e+01,-2.71e+00,6.00e+00,1.20e+01
-5.47e+01,1.90e+01,5.00e+00,1.20e+01
-6.61e+01,-1.62e+01,7.00e+00,1.20e+01
-6.42e+01,4.27e+00,6.00e+00,1.20e+01
-4.72e+01,6.99e+01,6.00e+00,1.20e+01
-1.41e+01,2.49e+02,4.00e+00,1.20e+01
-4.24e+01,5.64e+01,8.00e+00,1.20e+01
-3.61e+01,7.70e+01,6.00e+00,1.20e+01
-4.72e+01,8.33e+01,5.00e+00,1.20e+01
-6.54e+01,-2.90e+00,8.00e+00,1.20e+01
-6.00e+01,2.27e+01,7.00e+00,1.20e+01
-5.64e+01,2.16e+01,9.00e+00,1.20e+01
-2.97e+01,7.74e+01,9.00e+00,1.20e+01
-5.00e+01,5.69e+01,9.00e+00,1.20e+01
-6.30e+01,1.69e+00,4.00e+00,1.20e+01
-5.02e+01,8.11e+01,1.30e+01,1.20e+01
-3.27e+01,5.28e+01,7.00e+00,1.20e+01
-5.49e+01,1.96e+01,7.00e+00,1.20e+01
-6.87e+01,-1.65e+01,7.00e+00,1.20e+01
-6.29e+01,2.05e+00,5.00e+00,1.20e+01
-5.67e+01,7.89e+00,9.00e+00,1.20e+01
-5.05e+01,3.36e+01,9.00e+00,1.20e+01
-6.27e+01,2.40e+00,9.00e+00,1.20e+01
-6.37e+01,-2.78e+00,7.00e+00,1.20e+01
-4.66e+01,9.95e+01,9.00e+00,1.20e+01
-5.55e+01,1.95e+01,7.00e+00,1.20e+01
-4.81e+01,3.19e+01,1.00e+01,1.20e+01
-5.39e+01,2.17e+01,1.10e+01,1.20e+01
-7.63e+01,-2.16e+01,4.00e+00,1.20e+01
-6.02e+01,1.91e+01,1.00e+01,1.20e+01
1.22e+00,2.25e+02,1.00e+01,1.20e+01
-5.51e+01,4.87e+01,5.00e+00,1.20e+01
-7.15e+01,-1.68e+01,4.00e+00,1.20e+01
-3.84e+01,7.58e+01,9.00e+00,1.20e+01
-7.94e+01,-2.20e+01,6.00e+00,1.20e+01
-4.05e+01,5.62e+01,7.00e+00,1.20e+01
-4.29e+01,6.32e+01,9.00e+00,1.20e+01
-7.16e+01,-1.63e+01,8.00e+00,1.20e+01
-4.08e+01,7.82e+01,7.00e+00,1.20e+01
-6.96e+01,-1.69e+01,6.00e+00,1.20e+01
-5.08e+01,3.34e+01,9.00e+00,1.20e+01
-6.55e+01,-2.96e+00,9.00e+00,1.20e+01
