1.01e+02,3.48e+02,5.10e+01,3.10e+01
1.28e+02,2.48e+02,7.30e+01,3.90e+01
1.01e+02,3.48e+02,5.10e+01,3.10e+01
1.28e+02,2.48e+02,7.30e+01,3.90e+01
1.28e+02,2.48e+02,7.30e+01,3.90e+01
1.01e+02,3.48e+02,5.10e+01,3.10e+01
1.28e+02,2.48e+02,7.30e+01,3.90e+01
1.28e+02,2.48e+02,7.30e+01,3.90e+01
1.28e+02,2.48e+02,7.30e+01,3.90e+01
1.28e+02,2.48e+02,7.30e+01,3.90e+01
1.01e+02,3.48e+02,5.10e+01,3.10e+01
1.28e+02,2.48e+02,7.30e+01,3.90e+01
1.28e+02,2.48e+02,7.30e+01,3.90e+01
1.28e+02,2.48e+02,7.30e+01,3.90e+01
1.28e+02,2.48e+02,7.40e+01,3.90e+01
1.05e+02,2.48e+02,7.40e+01,4.00e+01
1.28e+02,2.48e+02,7.30e+01,3.90e+01
1.10e+02,2.48e+02,7.40e+01,4.00e+01
1.28e+02,2.48e+02,7.30e+01,3.90e+01
1.01e+02,3.48e+02,5.20e+01,3.20e+01
9.39e+01,3.48e+02,5.20e+01,3.20e+01
1.01e+02,3.48e+02,5.20e+01,3.20e+01
1.26e+02,2.48e+02,7.40e+01,4.00e+01
1.28e+02,2.48e+02,7.40e+01,4.00e+01
1.28e+02,2.48e+02,7.50e+01,4.00e+01
1.01e+02,3.48e+02,5.10e+01,3.10e+01
1.01e+02,3.48e+02,5.20e+01,3.10e+01
1.01e+02,3.48e+02,5.20e+01,3.10e+01
1.01e+02,3.48e+02,5.20e+01,3.20e+01
1.28e+02,2.48e+02,7.30e+01,3.90e+01
1.01e+02,3.48e+02,5.20e+01,3.20e+01
1.01e+02,3.48e+02,5.10e+01,3.10e+01
1.28e+02,2.48e+02,7.40e+01,3.90e+01
1.28e+02,2.48e+02,7.40e+01,4.00e+01
1.28e+02,2.48e+02,7.50e+01,4.00e+01
1.01e+02,3.48e+02,5.20e+01,3.20e+01
1.01e+02,3.48e+02,5.10e+01,3.10e+01
1.01e+02,3.48e+02,5.10e+01,3.10e+01
1.28e+02,2.48e+02,7.30e+01,3.90e+01
-4.69e+01,3.01e+01,7.40e+01,4.00e+01
1.01e+02,3.48e+02,5.10e+01,3.10e+01
1.01e+02,3.48e+02,5.10e+01,3.10e+01
1.28e+02,2.48e+02,7.30e+01,3.90e+01
1.28e+02,2.48e+02,7.30e+01,3.90e+01
9.97e+01,3.44e+02,5.10e+01,3.10e+01
1.07e+02,2.48e+02,7.40e+01,4.00e+01
1.01e+02,3.48e+02,5.20e+01,3.20e+01
1.28e+02,2.48e+02,7.30e+01,3.90e+01
1.21e+02,2.48e+02,7.30e+01,3.90e+01
1.28e+02,2.48e+02,7.30e+01,3.90e+01
1.28e+02,2.48e+02,7.40e+01,3.90e+01
1.01e+02,3.48e+02,5.10e+01,3.10e+01
1.01e+02,3.48e+02,5.10e+01,3.10e+01
1.05e+02,2.48e+02,7.30e+01,3.90e+01
1.28e+02,2.48e+02,7.40e+01,3.90e+01
1.28e+02,2.48e+02,7.40e+01,3.90e+01
1.01e+02,3.48e+02,5.10e+01,3.10e+01
1.01e+02,3.48e+02,5.20e+01,3.10e+01
1.01e+02,3.48e+02,5.20e+01,3.10e+01
1.28e+02,2.48e+02,7.30e+01,3.90e+01
1.28e+02,2.48e+02,7.30e+01,3.90e+01
8.88e+01,2.48e+02,7.30e+01,3.90e+01
1.01e+02,3.48e+02,5.10e+01,3.10e+01
1.13e+02,2.48e+02,7.30e+01,3.90e+01
1.28e+02,2.48e+02,7.40e+01,4.00e+01
1.01e+02,3.48e+02,5.10e+01,3.10e+01
1.01e+02,3.48e+02,5.10e+01,3.10e+01
1.01e+02,3.48e+02,5.10e+01,3.10e+01
1.28e+02,2.48e+02,7.40e+01,4.00e+01
1.28e+02,2.48e+02,7.50e+01,4.00e+01
1.01e+02,3.48e+02,5.20e+01,3.20e+01
1.28e+02,2.48e+02,7.30e+01,3.90e+01
1.28e+02,2.48e+02,7.40e+01,3.90e+01
1.28e+02,2.48e+02,7.50e+01,4.00e+01
1.28e+02,2.48e+02,7.40e+01,4.00e+01
1.28e+02,2.48e+02,7.50e+01,4.00e+01
1.28e+02,2.48e+02,7.50e+01,4.00e+01
1.28e+02,2.48e+02,7.50e+01,4.00e+01
-1.59e+01,1.03e+02,7.30e+01,3.90e+01
1.16e+02,2.48e+02,7.30e+01,3.90e+01
1.01e+02,3.48e+02,5.20e+01,3.20e+01
1.28e+02,2.48e+02,7.40e+01,3.90e+01
1.01e+02,3.48e+02,5.10e+01,3.10e+01
1.28e+02,2.48e+02,7.40e+01,3.90e+01
1.01e+02,3.48e+02,5.10e+01,3.10e+01
1.28e+02,2.48e+02,7.40e+01,3.90e+01
6.49e+01,1.70e+02,5.10e+01,3.10e+01
1.28e+02,2.48e+02,7.30e+01,3.90e+01
1.13e+02,2.48e+02,7.40e+01,4.00e+01
1.07e+02,2.48e+02,7.40e+01,4.00e+01
9.96e+01,3.39e+02,5.10e+01,3.10e+01
-7.15e+01,-1.65e+01,5.10e+01,3.10e+01
1.07e+02,2.48e+02,7.30e+01,3.90e+01
1.28e+02,2.48e+02,7.40e+01,3.90e+01
1.00e+02,3.48e+02,5.20e+01,3.10e+01
1.28e+02,2.48e+02,7.30e+01,3.90e+01
1.01e+02,2.48e+02,7.30e+01,3.90e+01
1.28e+02,2.48e+02,7.30e+01,3.90e+01
7.82e+01,2.30e+02,5.10e+01,3.10e+01
1.28e+02,2.48e+02,7.40e+01,3.90e+01
1.28e+02,2.48e+02,7.40e+01,4.00e+01
7.41e+01,1.51e+02,7.30e+01,3.90e+01
1.28e+02,2.48e+02,7.30e+01,3.90e+01
1.28e+02,2.48e+02,7.50e+01,4.00e+01
1.28e+02,2.48e+02,7.30e+01,3.90e+01
1.01e+02,3.48e+02,5.10e+01,3.10e+01
1.01e+02,3.48e+02,5.20e+01,3.10e+01
1.28e+02,2.48e+02,7.40e+01,4.00e+01
1.01e+02,3.48e+02,5.10e+01,3.10e+01
1.28e+02,2.48e+02,7.40e+01,4.00e+01
1.01e+02,3.48e+02,5.20e+01,3.10e+01
1.28e+02,2.48e+02,7.30e+01,3.90e+01
1.28e+02,2.48e+02,7.40e+01,3.90e+01
1.01e+02,3.48e+02,5.10e+01,3.10e+01
1.02e+02,1.71e+02,7.30e+01,3.90e+01
1.28e+02,2.48e+02,7.40e+01,3.90e+01
9.87e+01,2.48e+02,7.30e+01,3.90e+01
1.28e+02,2.48e+02,7.40e+01,4.00e+01
8.46e+01,1.90e+02,5.10e+01,3.10e+01
8.47e+01,2.50e+02,5.20e+01,3.20e+01
9.40e+01,2.48e+02,7.30e+01,3.90e+01
1.06e+02,1.78e+02,7.40e+01,4.00e+01
1.28e+02,2.48e+02,7.40e+01,3.90e+01
1.28e+02,2.48e+02,7.40e+01,3.90e+01
9.20e+01,2.48e+02,7.30e+01,3.90e+01
1.01e+02,3.48e+02,5.10e+01,3.10e+01
9.47e+01,3.48e+02,5.20e+01,3.10e+01
1.28e+02,2.48e+02,7.40e+01,3.90e+01
