-2.16e+02,-6.24e+01,2.30e+01,1.30e+01
-2.16e+02,-5.14e+01,2.50e+01,1.30e+01
-2.23e+02,-6.76e+01,2.40e+01,1.30e+01
-2.18e+02,-6.38e+01,2.30e+01,1.30e+01
-2.26e+02,-7.22e+01,2.70e+01,1.30e+01
-2.18e+02,-6.41e+01,2.40e+01,1.30e+01
-2.14e+02,-5.59e+01,2.30e+01,1.30e+01
-2.21e+02,-6.75e+01,2.70e+01,1.30e+01
-2.16e+02,-5.70e+01,2.40e+01,1.30e+01
-2.12e+02,-5.74e+01,2.30e+01,1.30e+01
-2.16e+02,-4.98e+01,2.60e+01,1.30e+01
-2.19e+02,-5.90e+01,2.40e+01,1.30e+01
-2.21e+02,-6.76e+01,2.30e+01,1.30e+01
-2.16e+02,-5.97e+01,2.70e+01,1.30e+01
-2.14e+02,-5.98e+01,2.30e+01,1.30e+01
-2.21e+02,-6.14e+01,2.70e+01,1.40e+01
-2.19e+02,-6.14e+01,2.50e+01,1.30e+01
-5.00e+02,-5.00e+02,2.70e+01,1.30e+01
-2.27e+02,-6.73e+01,2.40e+01,1.30e+01
-2.23e+02,-6.71e+01,2.60e+01,1.30e+01
-2.22e+02,-6.08e+01,2.40e+01,1.30e+01
-2.51e+02,-6.56e+01,2.30e+01,1.30e+01
-2.17e+02,-5.62e+01,2.60e+01,1.30e+01
-2.18e+02,-6.19e+01,2.40e+01,1.30e+01
-2.21e+02,-6.50e+01,2.60e+01,1.40e+01
-2.16e+02,-5.66e+01,2.30e+01,1.30e+01
-4.33e+02,-9.88e+01,2.40e+01,1.30e+01
-2.21e+02,-6.06e+01,2.40e+01,1.30e+01
-5.00e+02,-5.00e+02,2.30e+01,1.30e+01
-4.47e+02,-1.83e+02,2.60e+01,1.30e+01
-5.00e+02,-5.00e+02,2.40e+01,1.30e+01
-2.97e+02,-7.16e+01,2.80e+01,1.30e+01
-4.40e+02,-2.65e+02,2.40e+01,1.30e+01
-2.11e+02,-4.79e+01,2.30e+01,1.30e+01
-2.18e+02,-5.71e+01,2.50e+01,1.30e+01
-2.26e+02,-7.17e+01,2.30e+01,1.30e+01
-4.12e+02,-1.43e+02,2.80e+01,1.30e+01
-2.16e+02,-5.82e+01,2.30e+01,1.30e+01
-4.34e+02,-1.06e+02,2.40e+01,1.30e+01
-5.00e+02,-5.00e+02,2.50e+01,1.30e+01
-2.22e+02,-6.76e+01,2.50e+01,1.30e+01
-2.18e+02,-6.21e+01,2.30e+01,1.30e+01
-3.25e+02,-8.80e+01,2.70e+01,1.30e+01
-2.19e+02,-6.22e+01,2.40e+01,1.30e+01
-2.19e+02,-6.14e+01,2.60e+01,1.30e+01
-4.54e+02,-2.86e+02,2.30e+01,1.30e+01
-2.22e+02,-5.54e+01,2.80e+01,1.30e+01
-5.00e+02,-5.00e+02,2.60e+01,1.30e+01
-2.18e+02,-6.19e+01,2.40e+01,1.30e+01
-2.15e+02,-5.97e+01,2.40e+01,1.30e+01
-2.20e+02,-6.20e+01,2.50e+01,1.30e+01
-5.00e+02,-5.00e+02,2.40e+01,1.30e+01
-5.00e+02,-5.00e+02,2.50e+01,1.30e+01
-2.94e+02,-6.83e+01,2.40e+01,1.30e+01
-3.42e+02,-8.97e+01,2.40e+01,1.40e+01
-2.20e+02,-5.52e+01,2.40e+01,1.30e+01
-2.19e+02,-5.93e+01,2.40e+01,1.30e+01
-2.17e+02,-6.01e+01,2.40e+01,1.30e+01
-2.28e+02,-6.70e+01,2.30e+01,1.30e+01
-2.25e+02,-6.09e+01,2.30e+01,1.30e+01
-2.16e+02,-5.59e+01,2.40e+01,1.30e+01
-2.17e+02,-5.95e+01,2.50e+01,1.30e+01
-2.34e+02,-8.13e+01,2.50e+01,1.30e+01
-2.22e+02,-6.20e+01,2.50e+01,1.40e+01
-2.19e+02,-6.16e+01,2.80e+01,1.40e+01
-2.25e+02,-6.47e+01,2.30e+01,1.30e+01
-2.88e+02,-5.59e+01,2.60e+01,1.30e+01
-2.30e+02,-6.62e+01,2.40e+01,1.30e+01
-2.15e+02,-5.13e+01,2.80e+01,1.40e+01
-3.61e+02,-5.61e+01,2.40e+01,1.30e+01
-2.14e+02,-5.18e+01,2.40e+01,1.30e+01
-2.99e+02,-7.22e+01,2.40e+01,1.30e+01
-2.20e+02,-6.12e+01,2.40e+01,1.30e+01
-4.39e+02,-1.34e+02,2.60e+01,1.30e+01
-2.22e+02,-6.72e+01,2.80e+01,1.30e+01
-4.96e+02,-4.80e+02,2.60e+01,1.30e+01
-2.25e+02,-6.28e+01,2.70e+01,1.30e+01
-2.89e+02,-6.37e+01,2.30e+01,1.30e+01
-2.19e+02,-5.81e+01,2.60e+01,1.40e+01
-2.28e+02,-6.81e+01,2.30e+01,1.30e+01
-2.19e+02,-6.39e+01,2.30e+01,1.30e+01
-2.24e+02,-6.27e+01,2.40e+01,1.30e+01
-4.37e+02,-1.26e+02,2.80e+01,1.30e+01
-3.88e+02,-1.28e+02,2.40e+01,1.30e+01
-2.25e+02,-7.14e+01,2.50e+01,1.30e+01
-4.35e+02,-1.12e+02,2.40e+01,1.30e+01
-2.17e+02,-6.17e+01,2.40e+01,1.30e+01
-2.22e+02,-5.75e+01,2.50e+01,1.30e+01
-2.20e+02,-6.09e+01,2.40e+01,1.30e+01
-5.00e+02,-5.00e+02,2.50e+01,1.30e+01
-2.86e+02,-5.01e+01,2.40e+01,1.30e+01
-2.18e+02,-5.73e+01,2.40e+01,1.30e+01
-2.20e+02,-6.04e+01,2.50e+01,1.30e+01
-2.19e+02,-6.40e+01,2.50e+01,1.30e+01
-2.22e+02,-7.19e+01,2.50e+01,1.30e+01
-2.20e+02,-5.27e+01,2.40e+01,1.30e+01
-2.21e+02,-5.65e+01,2.60e+01,1.30e+01
-2.21e+02,-6.21e+01,2.50e+01,1.30e+01
-4.48e+02,-1.89e+02,2.50e+01,1.40e+01
-2.20e+02,-6.73e+01,2.80e+01,1.30e+01
-4.37e+02,-2.60e+02,2.40e+01,1.30e+01
-2.19e+02,-6.33e+01,2.50e+01,1.30e+01
-2.29e+02,-6.15e+01,2.30e+01,1.30e+01
-2.31e+02,-5.60e+01,2.40e+01,1.30e+01
-2.16e+02,-6.18e+01,2.40e+01,1.30e+01
-2.18e+02,-5.64e+01,2.70e+01,1.30e+01
-5.00e+02,-5.00e+02,2.30e+01,1.30e+01
-2.30e+02,-7.28e+01,2.80e+01,1.30e+01
-2.39e+02,-6.64e+01,2.30e+01,1.30e+01
-5.00e+02,-5.00e+02,2.60e+01,1.30e+01
-2.27e+02,-7.38e+01,2.30e+01,1.30e+01
-2.22e+02,-5.66e+01,2.50e+01,1.30e+01
-2.14e+02,-5.57e+01,2.40e+01,1.30e+01
-5.00e+02,-5.00e+02,2.80e+01,1.40e+01
-2.93e+02,-6.58e+01,2.50e+01,1.30e+01
-2.29e+02,-6.03e+01,2.30e+01,1.30e+01
-2.23e+02,-6.05e+01,2.60e+01,1.30e+01
-2.88e+02,-5.40e+01,2.70e+01,1.30e+01
-2.22e+02,-6.53e+01,2.40e+01,1.30e+01
-2.15e+02,-6.10e+01,2.50e+01,1.30e+01
-2.15e+02,-5.60e+01,2.30e+01,1.30e+01
-5.00e+02,-5.00e+02,2.40e+01,1.30e+01
-5.00e+02,-5.00e+02,2.40e+01,1.30e+01
-2.13e+02,-5.35e+01,2.40e+01,1.30e+01
-2.17e+02,-5.18e+01,2.50e+01,1.30e+01
-2.19e+02,-5.86e+01,2.50e+01,1.30e+01
-2.17e+02,-5.85e+01,2.60e+01,1.30e+01
-2.98e+02,-7.84e+01,2.50e+01,1.30e+01
-5.00e+02,-5.00e+02,2.30e+01,1.30e+01
-5.00e+02,-5.00e+02,2.50e+01,1.30e+01
-2.22e+02,-5.91e+01,2.50e+01,1.40e+01
-3.62e+02,-7.83e+01,2.80e+01,1.30e+01
-2.19e+02,-5.55e+01,2.80e+01,1.30e+01
-5.00e+02,-5.00e+02,2.40e+01,1.30e+01
-4.35e+02,-1.71e+02,2.30e+01,1.30e+01
-2.15e+02,-5.08e+01,2.60e+01,1.30e+01
-2.26e+02,-4.87e+01,2.50e+01,1.30e+01
-4.35e+02,-1.08e+02,2.80e+01,1.30e+01
-2.86e+02,-5.67e+01,2.30e+01,1.30e+01
-2.16e+02,-6.28e+01,2.30e+01,1.30e+01
-2.21e+02,-5.96e+01,2.40e+01,1.30e+01
-2.18e+02,-6.07e+01,2.60e+01,1.30e+01
-2.16e+02,-5.27e+01,2.30e+01,1.30e+01
-4.36e+02,-1.14e+02,2.50e+01,1.30e+01
-2.25e+02,-7.41e+01,2.50e+01,1.30e+01
-4.13e+02,-1.45e+02,2.40e+01,1.30e+01
-2.89e+02,-6.56e+01,2.70e+01,1.30e+01
-3.05e+02,-9.08e+01,2.40e+01,1.30e+01
-5.00e+02,-5.00e+02,2.40e+01,1.30e+01
-4.85e+02,-4.13e+02,2.30e+01,1.30e+01
-2.16e+02,-5.81e+01,2.30e+01,1.30e+01
-2.35e+02,-6.21e+01,2.50e+01,1.30e+01
-3.32e+02,-7.98e+01,2.70e+01,1.30e+01
-2.86e+02,-5.57e+01,2.30e+01,1.30e+01
-2.17e+02,-6.25e+01,2.40e+01,1.30e+01
-5.00e+02,-5.00e+02,2.40e+01,1.30e+01
-2.18e+02,-6.08e+01,2.60e+01,1.30e+01
-3.60e+02,-5.84e+01,2.30e+01,1.30e+01
-4.13e+02,-1.74e+02,2.30e+01,1.30e+01
-2.13e+02,-5.69e+01,2.40e+01,1.30e+01
-2.16e+02,-5.93e+01,2.60e+01,1.30e+01
-2.23e+02,-6.87e+01,2.40e+01,1.30e+01
-2.20e+02,-6.05e+01,2.30e+01,1.30e+01
-2.27e+02,-8.13e+01,2.50e+01,1.30e+01
-2.96e+02,-5.61e+01,2.30e+01,1.30e+01
-2.20e+02,-6.68e+01,2.40e+01,1.30e+01
-2.17e+02,-6.27e+01,2.30e+01,1.30e+01
-2.21e+02,-6.31e+01,2.40e+01,1.30e+01
-2.22e+02,-6.40e+01,2.40e+01,1.30e+01
-2.20e+02,-6.05e+01,2.50e+01,1.30e+01
-2.25e+02,-7.39e+01,2.50e+01,1.30e+01
-2.17e+02,-5.37e+01,2.30e+01,1.30e+01
-3.37e+02,-8.37e+01,2.30e+01,1.30e+01
-4.89e+02,-4.36e+02,2.40e+01,1.30e+01
-4.90e+02,-4.44e+02,2.40e+01,1.30e+01
-2.30e+02,-6.19e+01,2.30e+01,1.30e+01
-2.20e+02,-6.66e+01,2.70e+01,1.30e+01
-5.00e+02,-5.00e+02,2.30e+01,1.30e+01
-2.14e+02,-5.43e+01,2.60e+01,1.30e+01
-5.00e+02,-5.00e+02,2.40e+01,1.30e+01
-3.03e+02,-9.34e+01,2.80e+01,1.30e+01
-2.22e+02,-5.60e+01,2.70e+01,1.30e+01
-2.35e+02,-5.59e+01,2.50e+01,1.30e+01
-2.29e+02,-7.02e+01,2.80e+01,1.30e+01
-4.98e+02,-4.89e+02,2.40e+01,1.30e+01
-2.35e+02,-6.33e+01,2.60e+01,1.40e+01
-2.27e+02,-6.01e+01,2.50e+01,1.30e+01
-2.22e+02,-6.85e+01,2.50e+01,1.30e+01
-2.18e+02,-5.68e+01,2.40e+01,1.30e+01
-2.18e+02,-5.79e+01,2.40e+01,1.30e+01
-2.18e+02,-6.14e+01,2.30e+01,1.30e+01
-2.18e+02,-6.01e+01,2.30e+01,1.30e+01
