-1.57e+02,-6.06e+01,4.70e+01,1.90e+01
-1.61e+02,-5.21e+01,4.80e+01,1.90e+01
-1.53e+02,-5.12e+01,4.70e+01,1.90e+01
-1.45e+02,-5.63e+01,4.90e+01,2.00e+01
-1.51e+02,-4.86e+01,4.80e+01,1.90e+01
-1.46e+02,-4.89e+01,4.90e+01,1.90e+01
-1.51e+02,-5.62e+01,4.80e+01,1.90e+01
-1.47e+02,-4.26e+01,5.20e+01,2.10e+01
-1.55e+02,-6.17e+01,4.80e+01,1.90e+01
-1.47e+02,-5.48e+01,4.90e+01,1.90e+01
-1.55e+02,-6.56e+01,5.00e+01,1.90e+01
-1.51e+02,-5.65e+01,5.20e+01,2.00e+01
-1.51e+02,-5.48e+01,4.80e+01,1.90e+01
-1.50e+02,-5.49e+01,4.90e+01,2.00e+01
-1.51e+02,-5.70e+01,5.00e+01,1.90e+01
-1.44e+02,-5.41e+01,5.20e+01,2.00e+01
-1.45e+02,-4.69e+01,4.80e+01,1.90e+01
-1.48e+02,-5.51e+01,4.90e+01,1.90e+01
-1.53e+02,-4.98e+01,5.00e+01,1.90e+01
-1.52e+02,-5.58e+01,4.90e+01,1.90e+01
-1.48e+02,-5.51e+01,4.80e+01,1.90e+01
-1.50e+02,-6.03e+01,5.00e+01,1.90e+01
-1.64e+02,-6.35e+01,4.80e+01,1.90e+01
-1.50e+02,-5.36e+01,4.90e+01,1.90e+01
-1.58e+02,-4.46e+01,5.00e+01,1.90e+01
-1.55e+02,-6.38e+01,4.80e+01,1.90e+01
-1.52e+02,-5.95e+01,4.90e+01,1.90e+01
-1.54e+02,-6.74e+01,5.30e+01,2.00e+01
-1.56e+02,-6.72e+01,4.80e+01,1.90e+01
-1.50e+02,-4.80e+01,5.00e+01,1.90e+01
-1.49e+02,-5.59e+01,4.70e+01,1.90e+01
-1.47e+02,-5.27e+01,5.00e+01,1.90e+01
-1.52e+02,-5.59e+01,4.90e+01,1.90e+01
-1.56e+02,-6.70e+01,4.90e+01,1.90e+01
-1.44e+02,-4.68e+01,4.90e+01,1.90e+01
-4.96e+02,-4.77e+02,5.00e+01,1.90e+01
-2.27e+02,-7.79e+01,4.80e+01,2.00e+01
-1.74e+02,-4.61e+01,5.20e+01,2.10e+01
-1.61e+02,-5.93e+01,4.90e+01,1.90e+01
-1.46e+02,-4.91e+01,5.00e+01,2.00e+01
-4.11e+02,-2.13e+02,4.80e+01,1.90e+01
-2.04e+02,-1.01e+02,4.70e+01,1.90e+01
-1.54e+02,-4.94e+01,4.90e+01,2.00e+01
-1.49e+02,-5.46e+01,5.00e+01,1.90e+01
-1.53e+02,-6.23e+01,4.80e+01,1.90e+01
-1.52e+02,-6.69e+01,4.70e+01,1.90e+01
-1.49e+02,-5.48e+01,5.20e+01,2.10e+01
-1.54e+02,-5.03e+01,4.80e+01,1.90e+01
-1.56e+02,-5.57e+01,4.70e+01,1.90e+01
-1.54e+02,-5.69e+01,4.70e+01,1.90e+01
-1.52e+02,-5.38e+01,4.90e+01,1.90e+01
-1.56e+02,-7.22e+01,4.80e+01,1.90e+01
-1.53e+02,-6.81e+01,5.00e+01,1.90e+01
-1.57e+02,-6.14e+01,4.70e+01,1.90e+01
-4.79e+02,-3.78e+02,4.80e+01,1.90e+01
-1.59e+02,-5.88e+01,5.00e+01,2.10e+01
-1.65e+02,-4.47e+01,4.70e+01,1.90e+01
-1.50e+02,-5.75e+01,4.80e+01,2.00e+01
-1.48e+02,-4.36e+01,5.30e+01,2.00e+01
-1.50e+02,-5.71e+01,4.80e+01,1.90e+01
-1.59e+02,-6.19e+01,4.80e+01,1.90e+01
-1.55e+02,-5.18e+01,4.80e+01,1.90e+01
-1.53e+02,-6.04e+01,4.90e+01,1.90e+01
-1.73e+02,-5.37e+01,5.30e+01,2.00e+01
-1.50e+02,-5.09e+01,4.80e+01,1.90e+01
-1.52e+02,-5.36e+01,4.90e+01,2.00e+01
-1.47e+02,-5.83e+01,4.90e+01,1.90e+01
-1.71e+02,-6.23e+01,4.70e+01,1.90e+01
-1.57e+02,-7.03e+01,4.80e+01,1.90e+01
-1.61e+02,-7.01e+01,5.30e+01,2.20e+01
-1.51e+02,-6.68e+01,5.00e+01,1.90e+01
-1.48e+02,-4.59e+01,5.30e+01,2.10e+01
-1.46e+02,-4.82e+01,4.80e+01,1.90e+01
-1.52e+02,-5.26e+01,4.70e+01,1.90e+01
-1.51e+02,-5.26e+01,4.90e+01,2.00e+01
-1.56e+02,-4.94e+01,4.90e+01,2.00e+01
-1.52e+02,-4.90e+01,5.30e+01,2.10e+01
-1.53e+02,-5.51e+01,4.80e+01,1.90e+01
-1.53e+02,-4.11e+01,5.30e+01,2.10e+01
-1.45e+02,-5.56e+01,5.00e+01,1.90e+01
-1.57e+02,-5.35e+01,5.00e+01,2.00e+01
-1.46e+02,-5.47e+01,4.90e+01,2.00e+01
-1.55e+02,-5.98e+01,4.90e+01,1.90e+01
-1.50e+02,-4.39e+01,5.00e+01,2.00e+01
-1.90e+02,-8.51e+01,5.30e+01,2.20e+01
-1.55e+02,-6.64e+01,4.90e+01,1.90e+01
-1.47e+02,-4.79e+01,4.80e+01,2.00e+01
-1.56e+02,-5.95e+01,5.00e+01,2.00e+01
-5.00e+02,-5.00e+02,4.70e+01,1.90e+01
-1.52e+02,-5.37e+01,4.80e+01,1.90e+01
-1.53e+02,-6.39e+01,5.10e+01,2.10e+01
-1.55e+02,-5.60e+01,4.90e+01,1.90e+01
-1.80e+02,-7.99e+01,4.80e+01,1.90e+01
-1.56e+02,-5.76e+01,4.80e+01,1.90e+01
-1.52e+02,-4.96e+01,4.90e+01,1.90e+01
-1.48e+02,-5.40e+01,5.00e+01,1.90e+01
-1.65e+02,-6.48e+01,4.90e+01,2.00e+01
-1.63e+02,-5.71e+01,4.80e+01,1.90e+01
-2.24e+02,-6.76e+01,4.80e+01,1.90e+01
-1.45e+02,-6.05e+01,4.80e+01,1.90e+01
-2.06e+02,-1.04e+02,4.70e+01,1.90e+01
-1.69e+02,-5.35e+01,4.80e+01,1.90e+01
-1.49e+02,-5.54e+01,4.80e+01,1.90e+01
-3.30e+02,-1.29e+02,4.80e+01,1.90e+01
-1.72e+02,-6.69e+01,4.70e+01,1.90e+01
-1.59e+02,-5.43e+01,4.90e+01,1.90e+01
-2.37e+02,-7.31e+01,4.80e+01,1.90e+01
-2.13e+02,-8.93e+01,4.90e+01,1.90e+01
-1.51e+02,-6.36e+01,5.00e+01,2.00e+01
-1.49e+02,-4.71e+01,4.80e+01,1.90e+01
-1.47e+02,-5.50e+01,5.30e+01,2.00e+01
-1.50e+02,-4.20e+01,4.80e+01,1.90e+01
-1.59e+02,-6.28e+01,5.00e+01,2.00e+01
-1.51e+02,-5.60e+01,4.80e+01,1.90e+01
-1.49e+02,-5.17e+01,5.00e+01,2.10e+01
-1.56e+02,-5.86e+01,4.90e+01,2.00e+01
-1.47e+02,-4.48e+01,4.80e+01,1.90e+01
-2.83e+02,-8.78e+01,4.90e+01,2.00e+01
-4.09e+02,-1.53e+02,5.00e+01,1.90e+01
-1.78e+02,-6.84e+01,5.00e+01,1.90e+01
-1.51e+02,-5.45e+01,4.80e+01,1.90e+01
-1.48e+02,-5.56e+01,4.80e+01,1.90e+01
-1.55e+02,-6.18e+01,5.00e+01,2.00e+01
-1.51e+02,-4.86e+01,4.80e+01,1.90e+01
-1.48e+02,-5.61e+01,4.80e+01,1.90e+01
-1.78e+02,-6.52e+01,5.20e+01,2.10e+01
-1.54e+02,-6.00e+01,5.20e+01,2.10e+01
-1.65e+02,-5.71e+01,4.80e+01,2.00e+01
-5.00e+02,-5.00e+02,4.70e+01,1.90e+01
-1.60e+02,-6.00e+01,4.70e+01,1.90e+01
-1.91e+02,-8.87e+01,4.70e+01,1.90e+01
-1.70e+02,-7.15e+01,4.80e+01,2.00e+01
-1.46e+02,-5.32e+01,4.80e+01,1.90e+01
-1.48e+02,-4.25e+01,5.00e+01,2.00e+01
-1.53e+02,-5.57e+01,4.90e+01,1.90e+01
-1.63e+02,-6.01e+01,4.80e+01,1.90e+01
-1.58e+02,-6.73e+01,4.80e+01,1.90e+01
-1.55e+02,-5.69e+01,4.80e+01,1.90e+01
-1.56e+02,-4.26e+01,4.70e+01,1.90e+01
-1.49e+02,-5.62e+01,5.00e+01,1.90e+01
-1.97e+02,-1.01e+02,5.00e+01,2.00e+01
-1.55e+02,-5.19e+01,4.70e+01,1.90e+01
-1.51e+02,-4.50e+01,4.90e+01,1.90e+01
-1.55e+02,-5.82e+01,4.70e+01,1.90e+01
-1.51e+02,-4.93e+01,4.80e+01,1.90e+01
-1.51e+02,-5.39e+01,4.70e+01,1.90e+01
-1.50e+02,-4.97e+01,4.70e+01,1.90e+01
-1.76e+02,-8.34e+01,5.30e+01,2.10e+01
-1.52e+02,-4.61e+01,4.80e+01,1.90e+01
-1.59e+02,-6.10e+01,4.90e+01,2.00e+01
-1.47e+02,-5.71e+01,5.00e+01,2.00e+01
-1.55e+02,-5.83e+01,4.80e+01,1.90e+01
-1.69e+02,-5.77e+01,4.70e+01,1.90e+01
-1.59e+02,-4.90e+01,4.80e+01,1.90e+01
-1.51e+02,-5.90e+01,4.80e+01,1.90e+01
-1.51e+02,-5.28e+01,5.00e+01,1.90e+01
-1.48e+02,-4.73e+01,5.00e+01,2.10e+01
-3.18e+02,-9.91e+01,5.00e+01,1.90e+01
-1.64e+02,-5.54e+01,4.90e+01,2.00e+01
-1.52e+02,-5.70e+01,5.30e+01,2.10e+01
-1.49e+02,-6.11e+01,4.80e+01,1.90e+01
-3.06e+02,-1.01e+02,4.90e+01,2.00e+01
-1.47e+02,-5.20e+01,5.00e+01,2.00e+01
-1.52e+02,-4.68e+01,4.70e+01,1.90e+01
-1.47e+02,-5.65e+01,4.90e+01,1.90e+01
-1.54e+02,-4.69e+01,4.70e+01,1.90e+01
-1.47e+02,-4.75e+01,4.80e+01,1.90e+01
-2.09e+02,-1.13e+02,4.90e+01,1.90e+01
-1.72e+02,-6.37e+01,5.20e+01,2.00e+01
-1.59e+02,-6.53e+01,4.80e+01,1.90e+01
-1.62e+02,-4.55e+01,4.70e+01,1.90e+01
-1.68e+02,-6.44e+01,4.70e+01,1.90e+01
-2.24e+02,-8.94e+01,4.80e+01,1.90e+01
-1.52e+02,-5.95e+01,4.90e+01,2.00e+01
-1.58e+02,-5.84e+01,4.80e+01,1.90e+01
-1.45e+02,-4.64e+01,5.10e+01,1.90e+01
-5.00e+02,-5.00e+02,4.90e+01,2.00e+01
-1.52e+02,-6.49e+01,5.40e+01,2.20e+01
-1.71e+02,-5.86e+01,4.80e+01,1.90e+01
-1.50e+02,-5.40e+01,4.90e+01,1.90e+01
-1.48e+02,-4.94e+01,5.00e+01,2.00e+01
-1.83e+02,-8.39e+01,4.80e+01,1.90e+01
-1.47e+02,-5.22e+01,5.00e+01,2.00e+01
-1.50e+02,-4.02e+01,5.30e+01,2.10e+01
-1.49e+02,-5.15e+01,4.90e+01,2.00e+01
-1.48e+02,-4.76e+01,4.80e+01,1.90e+01
-1.44e+02,-5.33e+01,4.90e+01,2.00e+01
-1.77e+02,-7.09e+01,4.90e+01,1.90e+01
-1.50e+02,-5.60e+01,4.80e+01,1.90e+01
-1.54e+02,-5.63e+01,4.80e+01,1.90e+01
-1.50e+02,-4.48e+01,5.40e+01,2.20e+01
-1.55e+02,-5.77e+01,4.80e+01,1.90e+01
