4.26e+01,1.15e+02,3.70e+01,2.60e+01
3.46e+01,8.22e+01,3.70e+01,2.70e+01
5.85e+01,2.37e+02,3.10e+01,2.50e+01
5.34e+01,1.38e+02,3.10e+01,2.60e+01
5.20e+01,1.33e+02,3.20e+01,2.80e+01
4.63e+01,9.96e+01,3.40e+01,2.80e+01
4.85e+01,1.24e+02,3.60e+01,2.60e+01
6.69e+01,2.23e+02,3.20e+01,2.60e+01
5.64e+01,2.33e+02,3.30e+01,2.90e+01
6.29e+01,2.29e+02,3.10e+01,2.50e+01
8.09e+01,3.32e+02,3.10e+01,2.60e+01
6.72e+01,2.33e+02,3.20e+01,2.80e+01
4.32e+01,2.27e+02,3.70e+01,2.60e+01
5.48e+01,2.28e+02,3.20e+01,2.60e+01
6.34e+01,2.22e+02,3.20e+01,2.50e+01
4.90e+01,1.40e+02,3.10e+01,2.60e+01
8.13e+01,1.72e+02,3.70e+01,2.60e+01
5.75e+01,1.16e+02,3.20e+01,2.60e+01
5.89e+01,2.23e+02,3.20e+01,2.50e+01
6.75e+01,2.37e+02,3.20e+01,2.80e+01
6.20e+01,2.26e+02,3.30e+01,2.40e+01
3.55e+01,6.58e+01,3.30e+01,2.60e+01
5.84e+01,2.24e+02,3.30e+01,2.60e+01
8.81e+01,3.32e+02,3.30e+01,2.80e+01
4.77e+01,1.17e+02,3.70e+01,2.70e+01
5.55e+01,2.27e+02,3.20e+01,2.60e+01
5.27e+01,1.29e+02,3.20e+01,2.60e+01
4.41e+01,1.12e+02,3.60e+01,2.60e+01
4.03e+01,1.26e+02,3.20e+01,2.60e+01
5.54e+01,2.31e+02,3.60e+01,2.50e+01
5.77e+01,2.35e+02,3.50e+01,2.40e+01
8.52e+01,3.32e+02,3.40e+01,2.60e+01
6.38e+01,2.48e+02,3.30e+01,2.80e+01
6.28e+01,1.28e+02,3.20e+01,2.60e+01
5.23e+01,1.18e+02,3.70e+01,2.50e+01
5.96e+01,1.44e+02,3.20e+01,2.60e+01
4.43e+01,1.27e+02,3.10e+01,2.50e+01
2.73e+01,5.65e+01,3.30e+01,2.90e+01
7.64e+01,3.32e+02,3.80e+01,2.60e+01
4.31e+01,1.26e+02,3.80e+01,2.70e+01
6.43e+01,2.35e+02,3.30e+01,2.70e+01
5.87e+01,1.19e+02,3.20e+01,2.60e+01
1.95e+01,8.42e+01,3.20e+01,2.60e+01
4.75e+01,1.22e+02,3.10e+01,2.60e+01
3.74e+01,1.19e+02,3.20e+01,2.60e+01
6.53e+01,2.30e+02,3.40e+01,2.90e+01
3.42e+01,1.45e+02,3.70e+01,2.60e+01
7.22e+01,3.32e+02,3.30e+01,2.80e+01
7.78e+01,2.38e+02,3.80e+01,2.80e+01
-4.43e+01,2.50e+01,3.20e+01,2.60e+01
5.78e+01,2.28e+02,3.30e+01,2.80e+01
6.11e+01,2.24e+02,3.30e+01,2.70e+01
6.09e+01,1.25e+02,3.20e+01,2.80e+01
3.67e+01,1.34e+02,3.70e+01,2.60e+01
7.12e+01,2.42e+02,3.80e+01,2.70e+01
6.43e+01,2.21e+02,3.20e+01,2.60e+01
5.65e+01,2.37e+02,3.60e+01,2.60e+01
6.72e+01,2.29e+02,3.10e+01,2.50e+01
5.27e+01,1.21e+02,3.50e+01,2.80e+01
8.44e+01,3.32e+02,3.10e+01,2.50e+01
3.39e+01,1.22e+02,3.40e+01,3.00e+01
4.67e+01,1.40e+02,3.20e+01,2.60e+01
5.81e+01,2.32e+02,3.20e+01,2.60e+01
5.92e+01,2.33e+02,3.30e+01,2.90e+01
6.69e+01,1.44e+02,3.70e+01,2.60e+01
4.61e+01,1.31e+02,3.80e+01,2.60e+01
8.85e+01,3.32e+02,3.80e+01,2.70e+01
2.89e+01,6.58e+01,3.20e+01,2.80e+01
5.05e+01,1.30e+02,3.10e+01,2.50e+01
2.22e+01,5.12e+01,3.80e+01,2.70e+01
5.21e+01,1.49e+02,3.30e+01,2.80e+01
4.88e+01,1.55e+02,3.10e+01,2.60e+01
4.88e+01,1.19e+02,3.30e+01,2.90e+01
5.00e+01,2.26e+02,3.20e+01,2.50e+01
3.68e+01,1.03e+02,3.70e+01,2.60e+01
3.63e+01,1.24e+02,3.20e+01,2.80e+01
3.17e+01,8.63e+01,3.10e+01,2.60e+01
8.43e+01,3.32e+02,3.70e+01,2.60e+01
7.38e+01,2.26e+02,3.30e+01,2.80e+01
3.72e+01,8.07e+01,3.30e+01,2.90e+01
6.86e+01,2.40e+02,3.30e+01,2.80e+01
5.46e+01,2.31e+02,3.20e+01,2.70e+01
2.54e+01,5.60e+01,3.20e+01,2.70e+01
3.53e+01,1.08e+02,3.80e+01,2.70e+01
5.42e+01,1.28e+02,3.80e+01,2.60e+01
5.99e+01,2.21e+02,3.10e+01,2.60e+01
6.26e+01,1.24e+02,3.30e+01,2.90e+01
5.74e+01,2.24e+02,3.40e+01,2.90e+01
4.96e+01,1.47e+02,3.40e+01,2.40e+01
5.53e+01,1.19e+02,3.10e+01,2.60e+01
3.37e+01,1.25e+02,3.80e+01,2.70e+01
5.96e+01,1.28e+02,3.70e+01,2.60e+01
2.82e+01,8.95e+01,3.20e+01,2.50e+01
2.21e+01,1.40e+02,3.80e+01,2.80e+01
6.33e+01,1.35e+02,3.20e+01,2.50e+01
4.23e+01,1.15e+02,3.70e+01,2.70e+01
5.60e+01,2.34e+02,3.80e+01,2.60e+01
4.54e+01,1.25e+02,3.30e+01,2.60e+01
5.44e+01,1.36e+02,3.70e+01,2.60e+01
5.55e+01,1.24e+02,3.90e+01,2.80e+01
3.38e+01,6.12e+01,3.50e+01,2.90e+01
8.07e+01,2.28e+02,3.80e+01,2.80e+01
4.26e+01,1.32e+02,3.80e+01,2.70e+01
4.57e+01,1.60e+02,3.80e+01,2.60e+01
4.96e+01,9.22e+01,3.80e+01,2.60e+01
3.04e+00,4.63e+01,3.80e+01,2.60e+01
3.38e+01,1.23e+02,3.20e+01,2.50e+01
4.14e+01,1.15e+02,3.70e+01,2.60e+01
5.47e+01,2.30e+02,3.20e+01,2.50e+01
4.39e+01,1.39e+02,3.70e+01,2.70e+01
6.67e+01,3.32e+02,3.80e+01,2.80e+01
8.10e+01,2.37e+02,3.70e+01,2.70e+01
3.46e+01,1.19e+02,3.30e+01,2.70e+01
7.42e+01,2.38e+02,3.20e+01,2.50e+01
4.66e+01,2.24e+02,3.70e+01,2.70e+01
4.18e+01,1.46e+02,3.20e+01,2.60e+01
5.97e+01,2.36e+02,3.70e+01,2.60e+01
6.02e+01,2.22e+02,3.50e+01,2.90e+01
2.90e+01,8.71e+01,3.70e+01,2.60e+01
6.06e+01,2.40e+02,3.20e+01,2.70e+01
5.43e+01,1.44e+02,3.30e+01,2.80e+01
5.30e+01,1.29e+02,3.50e+01,2.80e+01
5.01e+01,1.27e+02,3.20e+01,2.60e+01
7.28e+01,2.21e+02,3.30e+01,2.60e+01
8.65e+01,2.33e+02,3.20e+01,2.70e+01
4.85e+01,2.23e+02,3.20e+01,2.50e+01
4.70e+01,1.31e+02,3.20e+01,2.50e+01
3.26e+01,1.57e+02,3.30e+01,2.80e+01
