-1.53e+02,-5.25e+01,1.06e+02,3.20e+01
-1.52e+02,-4.95e+01,1.07e+02,3.40e+01
-1.52e+02,-5.95e+01,1.05e+02,3.20e+01
-1.51e+02,-5.55e+01,1.08e+02,3.40e+01
-1.45e+02,-4.17e+01,1.06e+02,3.30e+01
-1.46e+02,-5.35e+01,1.08e+02,3.20e+01
-1.51e+02,-5.40e+01,1.04e+02,3.20e+01
-1.47e+02,-5.61e+01,1.07e+02,3.40e+01
-1.52e+02,-6.43e+01,1.06e+02,3.30e+01
-1.52e+02,-5.86e+01,1.06e+02,3.30e+01
-1.54e+02,-4.64e+01,1.10e+02,3.50e+01
-1.50e+02,-5.63e+01,1.08e+02,3.30e+01
-1.56e+02,-4.66e+01,1.05e+02,3.30e+01
-1.51e+02,-6.01e+01,1.07e+02,3.40e+01
-1.51e+02,-6.06e+01,1.08e+02,3.40e+01
-1.45e+02,-4.48e+01,1.05e+02,3.20e+01
-1.49e+02,-6.00e+01,1.06e+02,3.30e+01
-1.47e+02,-5.28e+01,1.09e+02,3.50e+01
-1.52e+02,-5.41e+01,1.07e+02,3.40e+01
-1.52e+02,-5.02e+01,1.07e+02,3.30e+01
-1.46e+02,-5.31e+01,1.07e+02,3.40e+01
-1.45e+02,-4.09e+01,1.06e+02,3.20e+01
-1.54e+02,-5.53e+01,1.04e+02,3.20e+01
-1.49e+02,-5.70e+01,1.05e+02,3.20e+01
-1.53e+02,-6.82e+01,1.07e+02,3.20e+01
-1.49e+02,-5.48e+01,1.07e+02,3.40e+01
-1.45e+02,-4.77e+01,1.06e+02,3.30e+01
-1.48e+02,-5.25e+01,1.09e+02,3.40e+01
-1.49e+02,-5.85e+01,1.08e+02,3.30e+01
-3.66e+02,-7.63e+01,1.07e+02,3.30e+01
-2.37e+02,-7.41e+01,1.06e+02,3.30e+01
-1.52e+02,-5.99e+01,1.07e+02,3.40e+01
-1.47e+02,-5.51e+01,1.07e+02,3.40e+01
-1.48e+02,-5.38e+01,1.07e+02,3.30e+01
-1.52e+02,-6.35e+01,1.09e+02,3.40e+01
-1.49e+02,-5.85e+01,1.08e+02,3.20e+01
-1.52e+02,-5.07e+01,1.09e+02,3.20e+01
-1.53e+02,-6.15e+01,1.07e+02,3.30e+01
-1.52e+02,-5.08e+01,1.06e+02,3.30e+01
-1.43e+02,-5.27e+01,1.06e+02,3.20e+01
-1.54e+02,-5.68e+01,1.06e+02,3.20e+01
-1.46e+02,-5.60e+01,1.08e+02,3.40e+01
-1.51e+02,-5.47e+01,1.09e+02,3.20e+01
-4.47e+02,-1.83e+02,1.05e+02,3.20e+01
-1.46e+02,-5.36e+01,1.05e+02,3.20e+01
-1.51e+02,-4.82e+01,1.05e+02,3.20e+01
-1.57e+02,-6.60e+01,1.09e+02,3.30e+01
-1.52e+02,-5.82e+01,1.06e+02,3.30e+01
-1.52e+02,-6.37e+01,1.06e+02,3.20e+01
-2.27e+02,-6.17e+01,1.07e+02,3.20e+01
-1.56e+02,-6.04e+01,1.06e+02,3.20e+01
-1.46e+02,-5.07e+01,1.07e+02,3.30e+01
-1.49e+02,-5.66e+01,1.08e+02,3.30e+01
-1.50e+02,-5.25e+01,1.08e+02,3.40e+01
-1.46e+02,-5.73e+01,1.07e+02,3.20e+01
-2.17e+02,-6.59e+01,1.07e+02,3.40e+01
-1.44e+02,-5.13e+01,1.06e+02,3.30e+01
-4.35e+02,-2.94e+02,1.09e+02,3.40e+01
-1.52e+02,-6.49e+01,1.07e+02,3.30e+01
-1.51e+02,-5.62e+01,1.07e+02,3.30e+01
-1.56e+02,-6.93e+01,1.07e+02,3.20e+01
-1.51e+02,-4.97e+01,1.09e+02,3.40e+01
-1.64e+02,-6.10e+01,1.08e+02,3.20e+01
-2.39e+02,-9.51e+01,1.09e+02,3.40e+01
-4.56e+02,-2.36e+02,1.05e+02,3.20e+01
-4.34e+02,-1.08e+02,1.07e+02,3.40e+01
-1.50e+02,-5.59e+01,1.07e+02,3.30e+01
-3.51e+02,-1.53e+02,1.07e+02,3.30e+01
-1.48e+02,-5.75e+01,1.04e+02,3.20e+01
-1.52e+02,-5.65e+01,1.05e+02,3.20e+01
-1.48e+02,-5.69e+01,1.06e+02,3.20e+01
-1.51e+02,-5.89e+01,1.06e+02,3.30e+01
-1.50e+02,-5.34e+01,1.08e+02,3.40e+01
-4.59e+02,-3.41e+02,1.07e+02,3.20e+01
-1.48e+02,-5.42e+01,1.06e+02,3.20e+01
-2.49e+02,-8.88e+01,1.08e+02,3.40e+01
-1.51e+02,-6.14e+01,1.10e+02,3.50e+01
-1.53e+02,-6.61e+01,1.06e+02,3.20e+01
-1.49e+02,-5.09e+01,1.07e+02,3.30e+01
-1.45e+02,-5.41e+01,1.08e+02,3.40e+01
-4.40e+02,-1.41e+02,1.09e+02,3.40e+01
-1.46e+02,-5.48e+01,1.08e+02,3.50e+01
-1.56e+02,-5.22e+01,1.05e+02,3.20e+01
-1.50e+02,-5.38e+01,1.06e+02,3.30e+01
-2.34e+02,-8.20e+01,1.09e+02,3.40e+01
-1.48e+02,-4.14e+01,1.10e+02,3.50e+01
-1.48e+02,-4.85e+01,1.04e+02,3.20e+01
-3.70e+02,-8.77e+01,1.04e+02,3.20e+01
-1.57e+02,-6.62e+01,1.09e+02,3.30e+01
-1.51e+02,-5.07e+01,1.07e+02,3.40e+01
-2.53e+02,-1.05e+02,1.09e+02,3.40e+01
-1.55e+02,-4.98e+01,1.06e+02,3.30e+01
-1.49e+02,-5.01e+01,1.08e+02,3.40e+01
-1.48e+02,-4.95e+01,1.07e+02,3.30e+01
-1.53e+02,-6.26e+01,1.04e+02,3.20e+01
-1.45e+02,-4.97e+01,1.05e+02,3.20e+01
-1.53e+02,-5.46e+01,1.08e+02,3.40e+01
-1.52e+02,-5.25e+01,1.08e+02,3.40e+01
-2.27e+02,-8.15e+01,1.06e+02,3.30e+01
-1.52e+02,-5.79e+01,1.09e+02,3.20e+01
-1.55e+02,-5.93e+01,1.06e+02,3.30e+01
-1.45e+02,-4.35e+01,1.08e+02,3.40e+01
-1.53e+02,-6.67e+01,1.06e+02,3.30e+01
-1.52e+02,-6.41e+01,1.05e+02,3.20e+01
-1.57e+02,-5.59e+01,1.08e+02,3.50e+01
-3.65e+02,-8.32e+01,1.06e+02,3.30e+01
-1.46e+02,-5.60e+01,1.08e+02,3.20e+01
-1.46e+02,-5.16e+01,1.07e+02,3.30e+01
-1.56e+02,-6.84e+01,1.05e+02,3.20e+01
-1.50e+02,-6.17e+01,1.08e+02,3.40e+01
-1.49e+02,-5.30e+01,1.06e+02,3.30e+01
-1.48e+02,-5.60e+01,1.06e+02,3.30e+01
-1.48e+02,-4.90e+01,1.06e+02,3.20e+01
-1.49e+02,-5.45e+01,1.05e+02,3.20e+01
-1.53e+02,-6.15e+01,1.08e+02,3.40e+01
-1.56e+02,-6.27e+01,1.07e+02,3.30e+01
-1.42e+02,-4.75e+01,1.07e+02,3.40e+01
-1.49e+02,-5.75e+01,1.07e+02,3.40e+01
-4.52e+02,-2.13e+02,1.05e+02,3.20e+01
-1.51e+02,-5.68e+01,1.06e+02,3.30e+01
-1.61e+02,-5.57e+01,1.09e+02,3.50e+01
-3.44e+02,-9.36e+01,1.09e+02,3.40e+01
-1.52e+02,-5.15e+01,1.05e+02,3.20e+01
-1.53e+02,-5.50e+01,1.06e+02,3.20e+01
-1.54e+02,-6.75e+01,1.07e+02,3.20e+01
-1.52e+02,-6.15e+01,1.06e+02,3.20e+01
-1.48e+02,-4.91e+01,1.07e+02,3.30e+01
-1.61e+02,-5.24e+01,1.06e+02,3.20e+01
-2.30e+02,-7.10e+01,1.07e+02,3.20e+01
-1.53e+02,-5.07e+01,1.08e+02,3.40e+01
-1.58e+02,-6.25e+01,1.08e+02,3.20e+01
-1.55e+02,-5.93e+01,1.09e+02,3.20e+01
-1.49e+02,-4.62e+01,1.07e+02,3.30e+01
-1.48e+02,-6.30e+01,1.07e+02,3.30e+01
-1.46e+02,-4.77e+01,1.08e+02,3.40e+01
-1.48e+02,-5.02e+01,1.06e+02,3.20e+01
-1.55e+02,-5.48e+01,1.08e+02,3.40e+01
-1.46e+02,-4.66e+01,1.06e+02,3.30e+01
-1.45e+02,-4.70e+01,1.07e+02,3.30e+01
-1.55e+02,-6.92e+01,1.08e+02,3.40e+01
-4.48e+02,-3.66e+02,1.08e+02,3.40e+01
-1.61e+02,-7.47e+01,1.08e+02,3.40e+01
-1.53e+02,-6.06e+01,1.07e+02,3.40e+01
-1.49e+02,-4.43e+01,1.08e+02,3.40e+01
-1.60e+02,-5.48e+01,1.08e+02,3.30e+01
-2.75e+02,-8.57e+01,1.07e+02,3.40e+01
-1.49e+02,-5.90e+01,1.07e+02,3.30e+01
-1.62e+02,-5.91e+01,1.07e+02,3.30e+01
-1.54e+02,-5.33e+01,1.08e+02,3.50e+01
-2.21e+02,-7.18e+01,1.08e+02,3.20e+01
-2.19e+02,-7.11e+01,1.05e+02,3.20e+01
-1.51e+02,-5.98e+01,1.07e+02,3.20e+01
-1.53e+02,-6.69e+01,1.06e+02,3.30e+01
-1.57e+02,-6.09e+01,1.06e+02,3.30e+01
-1.49e+02,-5.39e+01,1.06e+02,3.30e+01
-1.54e+02,-5.53e+01,1.10e+02,3.50e+01
-1.63e+02,-6.06e+01,1.07e+02,3.40e+01
-1.50e+02,-5.98e+01,1.08e+02,3.40e+01
-1.92e+02,-5.45e+01,1.06e+02,3.20e+01
-1.56e+02,-6.01e+01,1.07e+02,3.40e+01
-1.48e+02,-5.56e+01,1.09e+02,3.40e+01
-1.55e+02,-4.15e+01,1.06e+02,3.20e+01
-1.52e+02,-5.72e+01,1.07e+02,3.20e+01
-1.43e+02,-4.35e+01,1.08e+02,3.40e+01
-1.50e+02,-5.65e+01,1.09e+02,3.50e+01
-1.49e+02,-5.83e+01,1.09e+02,3.50e+01
-1.48e+02,-5.09e+01,1.09e+02,3.50e+01
-4.36e+02,-3.31e+02,1.09e+02,3.40e+01
-1.49e+02,-5.57e+01,1.08e+02,3.20e+01
-1.75e+02,-7.74e+01,1.06e+02,3.30e+01
-1.49e+02,-6.47e+01,1.08e+02,3.40e+01
-1.45e+02,-4.77e+01,1.07e+02,3.40e+01
-1.46e+02,-4.88e+01,1.07e+02,3.20e+01
-1.44e+02,-5.05e+01,1.07e+02,3.40e+01
-1.52e+02,-5.71e+01,1.07e+02,3.40e+01
-1.53e+02,-5.22e+01,1.07e+02,3.20e+01
-1.54e+02,-5.00e+01,1.05e+02,3.20e+01
-1.50e+02,-5.43e+01,1.07e+02,3.30e+01
-1.53e+02,-5.67e+01,1.08e+02,3.30e+01
-1.52e+02,-6.25e+01,1.08e+02,3.40e+01
-1.50e+02,-5.13e+01,1.06e+02,3.30e+01
-1.53e+02,-6.62e+01,1.06e+02,3.30e+01
-1.50e+02,-5.84e+01,1.06e+02,3.20e+01
-1.49e+02,-5.60e+01,1.09e+02,3.20e+01
-4.55e+02,-2.30e+02,1.08e+02,3.40e+01
-1.59e+02,-7.32e+01,1.08e+02,3.40e+01
-4.59e+02,-2.57e+02,1.05e+02,3.30e+01
-1.47e+02,-5.04e+01,1.06e+02,3.20e+01
-1.53e+02,-6.21e+01,1.08e+02,3.40e+01
-3.39e+02,-1.60e+02,1.07e+02,3.20e+01
-1.46e+02,-5.58e+01,1.06e+02,3.30e+01
-2.51e+02,-1.04e+02,1.09e+02,3.40e+01
