-6.38e+01,-4.37e+01,1.00e+02,3.80e+01
-6.50e+01,-4.04e+01,9.80e+01,3.70e+01
-6.54e+01,-4.26e+01,9.80e+01,3.80e+01
-6.91e+01,-4.89e+01,9.70e+01,3.70e+01
-6.87e+01,-4.56e+01,1.04e+02,3.80e+01
-7.39e+01,-4.76e+01,9.80e+01,3.80e+01
-7.61e+01,-4.77e+01,9.70e+01,3.80e+01
-7.04e+01,-4.60e+01,1.04e+02,3.90e+01
-7.11e+01,-4.59e+01,1.03e+02,3.80e+01
-6.70e+01,-4.72e+01,1.04e+02,3.80e+01
-7.01e+01,-4.61e+01,9.90e+01,3.90e+01
-6.05e+01,-4.46e+01,1.05e+02,3.80e+01
-7.03e+01,-5.06e+01,1.04e+02,3.90e+01
-7.79e+01,-4.95e+01,1.06e+02,3.90e+01
-8.97e+01,-4.95e+01,9.60e+01,3.80e+01
-6.49e+01,-4.56e+01,1.04e+02,3.80e+01
-7.19e+01,-4.87e+01,9.80e+01,3.70e+01
-7.27e+01,-5.23e+01,9.90e+01,3.80e+01
-6.60e+01,-4.65e+01,9.70e+01,3.80e+01
-6.46e+01,-4.37e+01,9.80e+01,3.70e+01
-6.63e+01,-4.86e+01,1.04e+02,3.80e+01
-6.77e+01,-4.31e+01,9.70e+01,3.70e+01
-7.08e+01,-4.73e+01,1.04e+02,3.80e+01
-6.83e+01,-4.60e+01,9.80e+01,3.80e+01
-7.14e+01,-3.94e+01,9.80e+01,3.70e+01
-7.27e+01,-4.48e+01,1.03e+02,3.80e+01
-6.67e+01,-4.16e+01,9.70e+01,3.70e+01
-6.71e+01,-4.75e+01,1.03e+02,3.80e+01
-7.11e+01,-4.41e+01,1.04e+02,3.80e+01
-7.51e+01,-5.04e+01,9.70e+01,3.80e+01
-6.78e+01,-4.18e+01,9.80e+01,3.70e+01
-6.25e+01,-3.65e+01,1.03e+02,3.90e+01
-6.57e+01,-4.01e+01,9.70e+01,3.70e+01
-6.49e+01,-4.28e+01,1.04e+02,3.80e+01
-6.36e+01,-4.13e+01,9.80e+01,3.70e+01
-6.61e+01,-4.87e+01,9.70e+01,3.70e+01
-6.34e+01,-3.98e+01,9.70e+01,3.80e+01
-6.29e+01,-4.00e+01,1.04e+02,3.90e+01
-6.46e+01,-4.28e+01,1.06e+02,4.00e+01
-6.52e+01,-4.86e+01,9.70e+01,3.80e+01
-6.79e+01,-4.54e+01,1.04e+02,3.90e+01
-6.62e+01,-4.57e+01,1.00e+02,3.80e+01
-7.77e+01,-4.32e+01,1.01e+02,3.80e+01
-9.31e+01,-5.06e+01,9.80e+01,3.80e+01
-6.77e+01,-4.09e+01,9.80e+01,3.80e+01
-7.79e+01,-3.99e+01,1.06e+02,3.90e+01
-6.66e+01,-4.33e+01,1.07e+02,3.90e+01
-6.89e+01,-4.62e+01,1.00e+02,3.80e+01
-6.70e+01,-3.99e+01,9.80e+01,3.80e+01
-6.51e+01,-4.02e+01,1.04e+02,3.80e+01
-6.57e+01,-4.49e+01,9.90e+01,3.80e+01
-6.26e+01,-4.01e+01,1.05e+02,3.90e+01
-7.11e+01,-4.59e+01,9.80e+01,3.80e+01
-7.12e+01,-4.75e+01,9.80e+01,3.70e+01
-6.52e+01,-4.46e+01,1.00e+02,3.80e+01
-6.99e+01,-4.68e+01,1.03e+02,3.80e+01
-6.53e+01,-4.50e+01,9.80e+01,3.70e+01
-7.53e+01,-5.13e+01,9.70e+01,3.70e+01
-7.83e+01,-4.46e+01,9.80e+01,3.80e+01
-7.31e+01,-4.13e+01,1.06e+02,4.00e+01
-6.94e+01,-4.24e+01,9.80e+01,3.90e+01
-7.24e+01,-4.65e+01,9.90e+01,3.70e+01
-6.72e+01,-4.35e+01,1.00e+02,3.80e+01
-6.90e+01,-4.16e+01,9.80e+01,3.80e+01
-7.52e+01,-3.66e+01,9.80e+01,3.70e+01
-7.37e+01,-4.04e+01,9.80e+01,3.70e+01
-7.55e+01,-4.79e+01,9.90e+01,3.80e+01
-7.94e+01,-4.33e+01,9.70e+01,3.80e+01
-6.69e+01,-4.37e+01,9.70e+01,3.70e+01
-4.99e+02,-4.94e+02,9.70e+01,3.80e+01
-7.80e+01,-4.78e+01,1.05e+02,3.80e+01
-6.27e+01,-4.69e+01,1.05e+02,3.90e+01
-6.49e+01,-4.39e+01,9.80e+01,3.80e+01
-7.22e+01,-5.01e+01,9.90e+01,3.70e+01
-6.79e+01,-4.19e+01,1.04e+02,3.90e+01
-6.84e+01,-4.71e+01,1.04e+02,3.90e+01
-6.65e+01,-4.49e+01,9.80e+01,3.70e+01
-7.51e+01,-4.85e+01,9.90e+01,3.80e+01
-8.56e+01,-5.27e+01,1.04e+02,3.80e+01
-6.58e+01,-4.37e+01,9.80e+01,3.80e+01
-8.28e+01,-4.02e+01,9.80e+01,3.80e+01
-7.97e+01,-4.04e+01,1.04e+02,3.90e+01
-7.01e+01,-4.43e+01,1.01e+02,3.80e+01
-2.05e+02,-5.23e+01,9.70e+01,3.80e+01
-6.55e+01,-4.20e+01,1.04e+02,3.80e+01
-7.34e+01,-4.13e+01,1.05e+02,3.80e+01
-7.76e+01,-4.97e+01,1.04e+02,3.80e+01
-6.98e+01,-4.93e+01,1.04e+02,3.80e+01
-8.16e+01,-4.51e+01,1.05e+02,3.80e+01
-6.53e+01,-3.85e+01,9.80e+01,3.70e+01
-6.66e+01,-4.69e+01,9.90e+01,3.90e+01
-6.68e+01,-4.23e+01,9.70e+01,3.80e+01
-6.96e+01,-4.34e+01,1.06e+02,3.90e+01
-7.96e+01,-4.64e+01,9.70e+01,3.80e+01
-8.39e+01,-4.36e+01,1.00e+02,3.90e+01
-7.01e+01,-5.00e+01,9.80e+01,3.80e+01
-6.30e+01,-4.23e+01,9.70e+01,3.70e+01
-2.91e+02,-5.24e+01,1.01e+02,3.80e+01
-1.59e+02,-5.00e+01,9.90e+01,3.80e+01
-6.48e+01,-4.47e+01,1.01e+02,3.80e+01
-6.46e+01,-4.24e+01,9.80e+01,3.80e+01
-6.95e+01,-4.89e+01,1.05e+02,4.00e+01
-6.54e+01,-4.60e+01,9.80e+01,3.70e+01
-6.40e+01,-4.74e+01,9.80e+01,3.70e+01
-6.77e+01,-4.90e+01,1.04e+02,3.80e+01
-2.91e+02,-6.37e+01,9.70e+01,3.70e+01
-6.38e+01,-4.47e+01,1.04e+02,3.80e+01
-7.57e+01,-4.46e+01,9.90e+01,3.80e+01
-6.49e+01,-4.62e+01,1.07e+02,3.90e+01
-6.92e+01,-5.22e+01,9.80e+01,3.80e+01
-6.79e+01,-4.34e+01,9.90e+01,3.90e+01
-6.37e+01,-4.31e+01,9.80e+01,3.70e+01
-7.56e+01,-5.12e+01,9.70e+01,3.80e+01
-6.86e+01,-4.37e+01,1.00e+02,3.80e+01
-6.53e+01,-4.42e+01,9.80e+01,3.80e+01
-6.60e+01,-4.30e+01,1.01e+02,3.80e+01
-7.20e+01,-4.41e+01,1.00e+02,3.80e+01
-4.79e+02,-3.75e+02,9.80e+01,3.70e+01
-6.42e+01,-4.13e+01,9.80e+01,3.80e+01
-6.50e+01,-3.99e+01,9.80e+01,3.70e+01
-7.16e+01,-4.26e+01,1.05e+02,3.90e+01
-7.30e+01,-4.05e+01,1.04e+02,3.90e+01
-6.86e+01,-3.83e+01,1.00e+02,3.80e+01
-6.59e+01,-3.67e+01,9.90e+01,3.80e+01
-1.23e+02,-4.13e+01,9.80e+01,3.70e+01
-6.66e+01,-4.72e+01,1.00e+02,3.80e+01
-6.82e+01,-4.34e+01,9.80e+01,3.80e+01
-6.20e+01,-4.06e+01,1.04e+02,3.90e+01
-6.47e+01,-4.25e+01,9.90e+01,3.70e+01
-6.75e+01,-4.43e+01,9.90e+01,3.80e+01
-6.53e+01,-3.97e+01,1.04e+02,3.80e+01
-8.47e+01,-4.01e+01,1.04e+02,3.90e+01
-7.74e+01,-3.97e+01,9.80e+01,3.80e+01
-6.63e+01,-4.59e+01,9.90e+01,3.70e+01
-7.62e+01,-4.88e+01,1.05e+02,3.90e+01
-6.69e+01,-4.68e+01,9.90e+01,3.80e+01
-6.89e+01,-4.25e+01,9.70e+01,3.70e+01
-6.55e+01,-3.72e+01,1.05e+02,3.90e+01
-6.34e+01,-4.33e+01,1.04e+02,3.80e+01
-7.44e+01,-4.30e+01,9.70e+01,3.80e+01
-2.01e+02,-4.18e+01,9.90e+01,3.70e+01
-9.01e+01,-5.14e+01,1.00e+02,3.80e+01
-6.81e+01,-4.68e+01,1.03e+02,3.90e+01
-6.66e+01,-4.08e+01,1.04e+02,3.90e+01
-6.98e+01,-4.19e+01,9.90e+01,3.80e+01
-6.95e+01,-4.52e+01,1.00e+02,3.80e+01
-3.47e+02,-1.27e+02,1.00e+02,4.00e+01
-6.79e+01,-4.49e+01,1.04e+02,3.80e+01
-6.88e+01,-3.70e+01,9.70e+01,3.80e+01
-6.57e+01,-4.28e+01,1.04e+02,3.90e+01
-6.49e+01,-3.92e+01,9.90e+01,3.80e+01
-8.07e+01,-4.53e+01,9.80e+01,3.80e+01
-7.64e+01,-4.29e+01,9.70e+01,3.80e+01
-6.62e+01,-3.95e+01,9.90e+01,3.90e+01
-7.31e+01,-4.29e+01,1.00e+02,3.80e+01
-6.80e+01,-5.34e+01,1.01e+02,3.80e+01
-6.66e+01,-4.22e+01,9.80e+01,3.80e+01
-8.24e+01,-6.42e+01,9.70e+01,3.70e+01
-6.92e+01,-4.11e+01,9.80e+01,3.80e+01
-8.35e+01,-4.12e+01,9.90e+01,3.90e+01
-7.53e+01,-5.02e+01,1.01e+02,3.80e+01
-7.36e+01,-3.96e+01,1.00e+02,3.90e+01
-6.14e+01,-4.47e+01,9.90e+01,3.90e+01
-6.44e+01,-4.23e+01,1.00e+02,3.90e+01
-6.58e+01,-4.36e+01,1.01e+02,3.80e+01
-6.33e+01,-4.48e+01,1.01e+02,3.80e+01
-6.61e+01,-4.37e+01,9.80e+01,3.80e+01
-6.75e+01,-4.45e+01,1.06e+02,3.80e+01
-6.86e+01,-4.61e+01,9.80e+01,3.80e+01
-6.37e+01,-4.45e+01,9.70e+01,3.80e+01
-6.29e+01,-4.05e+01,9.80e+01,3.80e+01
-6.66e+01,-4.27e+01,1.05e+02,3.90e+01
-6.15e+01,-4.47e+01,9.80e+01,3.80e+01
-6.43e+01,-3.91e+01,9.80e+01,3.80e+01
-6.67e+01,-4.67e+01,1.05e+02,3.90e+01
-7.94e+01,-4.27e+01,1.04e+02,3.90e+01
-8.52e+01,-4.19e+01,9.80e+01,3.80e+01
-7.64e+01,-4.26e+01,1.05e+02,3.90e+01
-8.29e+01,-4.66e+01,1.03e+02,3.80e+01
-6.36e+01,-4.12e+01,9.70e+01,3.80e+01
-7.44e+01,-4.63e+01,1.00e+02,3.80e+01
-6.62e+01,-4.33e+01,9.70e+01,3.80e+01
-1.59e+02,-7.12e+01,1.00e+02,3.80e+01
-6.79e+01,-3.63e+01,9.90e+01,3.90e+01
-7.19e+01,-4.88e+01,1.06e+02,3.90e+01
-6.95e+01,-3.94e+01,1.07e+02,4.00e+01
-6.83e+01,-4.55e+01,1.00e+02,3.80e+01
-7.02e+01,-4.53e+01,9.90e+01,3.80e+01
-6.50e+01,-4.48e+01,1.05e+02,3.80e+01
-6.57e+01,-4.36e+01,9.80e+01,3.70e+01
-8.82e+01,-5.36e+01,1.00e+02,3.80e+01
-6.49e+01,-4.56e+01,1.04e+02,3.80e+01
