-1.81e+02,-9.39e+01,1.68e+02,5.60e+01
-1.70e+02,-9.39e+01,1.69e+02,5.50e+01
-1.73e+02,-8.89e+01,1.68e+02,5.50e+01
-1.78e+02,-9.39e+01,1.68e+02,5.50e+01
-1.67e+02,-8.46e+01,1.69e+02,5.60e+01
-1.73e+02,-8.96e+01,1.70e+02,5.60e+01
-1.74e+02,-8.45e+01,1.70e+02,5.50e+01
-1.78e+02,-9.36e+01,1.68e+02,5.50e+01
-1.74e+02,-8.52e+01,1.72e+02,5.60e+01
-1.77e+02,-8.50e+01,1.76e+02,6.10e+01
-1.77e+02,-8.99e+01,1.71e+02,5.50e+01
-1.71e+02,-8.95e+01,1.74e+02,6.00e+01
-1.75e+02,-8.97e+01,1.69e+02,5.50e+01
-1.72e+02,-7.96e+01,1.69e+02,5.60e+01
-1.78e+02,-8.57e+01,1.69e+02,5.60e+01
-1.77e+02,-8.98e+01,1.70e+02,5.60e+01
-1.76e+02,-8.94e+01,1.72e+02,5.70e+01
-1.78e+02,-8.96e+01,1.75e+02,6.00e+01
-1.71e+02,-9.41e+01,1.70e+02,5.60e+01
-1.75e+02,-8.49e+01,1.69e+02,5.50e+01
-1.71e+02,-8.00e+01,1.69e+02,5.60e+01
-1.76e+02,-9.00e+01,1.68e+02,5.60e+01
-1.72e+02,-8.01e+01,1.68e+02,5.50e+01
-1.76e+02,-8.98e+01,1.69e+02,5.60e+01
-1.74e+02,-9.46e+01,1.68e+02,5.70e+01
-1.73e+02,-8.93e+01,1.67e+02,5.60e+01
-1.69e+02,-9.00e+01,1.70e+02,5.60e+01
-1.72e+02,-9.50e+01,1.74e+02,6.00e+01
-1.75e+02,-8.45e+01,1.69e+02,5.50e+01
-1.73e+02,-8.97e+01,1.70e+02,5.50e+01
-1.73e+02,-9.44e+01,1.70e+02,5.50e+01
-1.73e+02,-9.41e+01,1.68e+02,5.50e+01
-1.68e+02,-8.91e+01,1.69e+02,5.60e+01
-1.80e+02,-8.98e+01,1.69e+02,5.50e+01
-1.66e+02,-9.07e+01,1.68e+02,5.60e+01
-1.76e+02,-8.99e+01,1.68e+02,5.50e+01
-1.77e+02,-8.49e+01,1.70e+02,5.50e+01
-1.80e+02,-8.97e+01,1.69e+02,5.50e+01
-1.67e+02,-9.44e+01,1.68e+02,5.50e+01
-1.74e+02,-8.00e+01,1.72e+02,5.50e+01
-1.65e+02,-8.90e+01,1.71e+02,5.70e+01
-1.75e+02,-8.53e+01,1.70e+02,5.60e+01
-1.75e+02,-9.45e+01,1.71e+02,5.50e+01
-1.69e+02,-9.01e+01,1.75e+02,6.00e+01
-1.76e+02,-8.49e+01,1.69e+02,5.60e+01
-1.72e+02,-8.02e+01,1.69e+02,5.50e+01
-1.67e+02,-8.01e+01,1.70e+02,5.50e+01
-1.75e+02,-8.87e+01,1.70e+02,5.60e+01
-1.73e+02,-8.40e+01,1.70e+02,5.60e+01
-1.70e+02,-8.95e+01,1.68e+02,5.60e+01
-1.69e+02,-8.88e+01,1.70e+02,5.50e+01
-1.66e+02,-9.43e+01,1.72e+02,5.60e+01
-1.76e+02,-8.01e+01,1.70e+02,5.60e+01
-1.76e+02,-8.46e+01,1.70e+02,5.50e+01
-1.70e+02,-9.42e+01,1.70e+02,5.70e+01
-1.76e+02,-9.43e+01,1.69e+02,5.70e+01
-1.76e+02,-8.97e+01,1.77e+02,6.10e+01
-1.73e+02,-9.41e+01,1.69e+02,5.50e+01
-1.74e+02,-7.64e+01,1.72e+02,5.60e+01
-1.78e+02,-7.97e+01,1.68e+02,5.50e+01
-1.76e+02,-9.00e+01,1.77e+02,6.10e+01
-1.75e+02,-9.44e+01,1.68e+02,5.60e+01
-1.75e+02,-8.44e+01,1.71e+02,5.60e+01
-1.75e+02,-7.87e+01,1.76e+02,6.10e+01
-1.68e+02,-8.52e+01,1.69e+02,5.50e+01
-1.69e+02,-9.05e+01,1.68e+02,5.60e+01
-1.77e+02,-8.93e+01,1.69e+02,5.60e+01
-1.74e+02,-8.03e+01,1.72e+02,5.60e+01
-1.73e+02,-7.42e+01,1.70e+02,5.60e+01
-1.73e+02,-8.46e+01,1.68e+02,5.60e+01
-1.75e+02,-8.90e+01,1.68e+02,5.50e+01
-1.75e+02,-9.41e+01,1.69e+02,5.50e+01
-1.74e+02,-9.44e+01,1.69e+02,5.50e+01
-1.97e+02,-1.96e+02,1.69e+02,5.60e+01
-1.70e+02,-8.59e+01,1.69e+02,5.60e+01
-1.71e+02,-8.98e+01,1.69e+02,5.60e+01
-1.77e+02,-8.47e+01,1.68e+02,5.50e+01
-1.76e+02,-8.95e+01,1.69e+02,5.60e+01
-1.71e+02,-8.03e+01,1.76e+02,6.10e+01
-1.76e+02,-8.54e+01,1.75e+02,6.00e+01
-1.89e+02,-1.44e+02,1.68e+02,5.50e+01
-1.69e+02,-9.44e+01,1.75e+02,6.00e+01
-1.69e+02,-8.92e+01,1.71e+02,5.50e+01
-1.76e+02,-8.99e+01,1.72e+02,5.50e+01
-1.75e+02,-9.43e+01,1.72e+02,5.70e+01
-1.98e+02,-1.95e+02,1.76e+02,6.10e+01
-1.76e+02,-8.95e+01,1.69e+02,5.50e+01
-1.78e+02,-8.51e+01,1.70e+02,5.50e+01
-1.76e+02,-9.04e+01,1.68e+02,5.60e+01
-1.90e+02,-1.67e+02,1.69e+02,5.60e+01
-1.74e+02,-8.51e+01,1.68e+02,5.50e+01
-1.73e+02,-8.06e+01,1.69e+02,5.50e+01
-1.80e+02,-9.02e+01,1.69e+02,5.60e+01
-1.70e+02,-8.41e+01,1.68e+02,5.50e+01
-1.69e+02,-7.94e+01,1.73e+02,5.60e+01
-1.96e+02,-1.95e+02,1.69e+02,5.50e+01
-1.69e+02,-8.51e+01,1.69e+02,5.60e+01
-1.76e+02,-8.94e+01,1.69e+02,5.60e+01
-1.75e+02,-8.41e+01,1.70e+02,5.50e+01
-1.73e+02,-8.98e+01,1.70e+02,5.60e+01
-1.72e+02,-9.00e+01,1.71e+02,5.70e+01
-1.68e+02,-8.88e+01,1.68e+02,5.50e+01
-1.68e+02,-8.07e+01,1.68e+02,5.50e+01
-1.73e+02,-8.97e+01,1.72e+02,5.70e+01
-1.72e+02,-8.88e+01,1.74e+02,6.00e+01
-1.74e+02,-9.41e+01,1.69e+02,5.60e+01
-1.68e+02,-8.39e+01,1.70e+02,5.60e+01
-1.79e+02,-8.45e+01,1.69e+02,5.60e+01
-1.78e+02,-9.36e+01,1.69e+02,5.60e+01
-1.78e+02,-8.96e+01,1.74e+02,6.00e+01
-1.71e+02,-8.93e+01,1.71e+02,5.50e+01
-1.68e+02,-8.61e+01,1.70e+02,5.50e+01
-1.74e+02,-7.54e+01,1.73e+02,5.60e+01
-1.75e+02,-8.96e+01,1.70e+02,5.60e+01
-1.76e+02,-9.46e+01,1.70e+02,5.60e+01
-1.69e+02,-8.95e+01,1.68e+02,5.60e+01
-1.77e+02,-9.05e+01,1.68e+02,5.50e+01
-1.71e+02,-8.90e+01,1.68e+02,5.60e+01
-1.74e+02,-8.99e+01,1.70e+02,5.50e+01
-1.73e+02,-8.12e+01,1.73e+02,5.60e+01
-1.69e+02,-8.46e+01,1.74e+02,6.00e+01
-1.75e+02,-8.91e+01,1.70e+02,5.50e+01
-1.80e+02,-1.00e+02,1.68e+02,5.60e+01
-1.68e+02,-9.39e+01,1.68e+02,5.50e+01
-1.73e+02,-8.56e+01,1.71e+02,5.50e+01
-1.76e+02,-9.04e+01,1.68e+02,5.50e+01
-1.76e+02,-8.92e+01,1.70e+02,5.60e+01
-1.73e+02,-9.06e+01,1.71e+02,5.50e+01
-1.73e+02,-8.47e+01,1.70e+02,5.50e+01
-1.90e+02,-1.52e+02,1.72e+02,5.70e+01
-1.76e+02,-8.91e+01,1.69e+02,5.50e+01
-1.75e+02,-8.17e+01,1.68e+02,5.60e+01
-1.71e+02,-9.03e+01,1.68e+02,5.50e+01
-1.72e+02,-8.88e+01,1.69e+02,5.50e+01
-1.73e+02,-8.03e+01,1.69e+02,5.60e+01
-1.79e+02,-8.64e+01,1.70e+02,5.50e+01
-1.77e+02,-9.89e+01,1.76e+02,6.10e+01
-1.75e+02,-8.52e+01,1.69e+02,5.60e+01
-1.68e+02,-8.94e+01,1.69e+02,5.50e+01
-1.67e+02,-8.94e+01,1.69e+02,5.50e+01
-1.70e+02,-8.89e+01,1.70e+02,5.50e+01
-1.70e+02,-9.48e+01,1.68e+02,5.50e+01
-1.76e+02,-9.00e+01,1.70e+02,5.60e+01
-1.70e+02,-8.44e+01,1.70e+02,5.60e+01
-1.74e+02,-8.97e+01,1.70e+02,5.50e+01
-1.71e+02,-8.00e+01,1.69e+02,5.50e+01
-1.70e+02,-8.01e+01,1.69e+02,5.50e+01
-1.74e+02,-8.95e+01,1.70e+02,5.50e+01
-1.74e+02,-8.95e+01,1.70e+02,5.60e+01
-1.75e+02,-9.41e+01,1.71e+02,5.50e+01
-1.75e+02,-8.03e+01,1.71e+02,5.60e+01
-1.78e+02,-8.96e+01,1.72e+02,5.60e+01
-1.75e+02,-8.03e+01,1.71e+02,5.50e+01
-1.71e+02,-9.01e+01,1.71e+02,5.60e+01
-1.77e+02,-9.43e+01,1.71e+02,5.70e+01
-1.70e+02,-9.37e+01,1.71e+02,5.50e+01
-1.77e+02,-9.00e+01,1.69e+02,5.50e+01
-1.65e+02,-8.07e+01,1.70e+02,5.60e+01
-1.71e+02,-8.95e+01,1.70e+02,5.60e+01
-1.97e+02,-1.96e+02,1.70e+02,5.60e+01
-1.74e+02,-8.93e+01,1.70e+02,5.50e+01
-1.71e+02,-9.43e+01,1.68e+02,5.50e+01
-1.72e+02,-8.95e+01,1.68e+02,5.50e+01
-1.70e+02,-9.41e+01,1.70e+02,5.70e+01
-1.72e+02,-8.00e+01,1.76e+02,6.10e+01
-1.78e+02,-8.97e+01,1.69e+02,5.60e+01
-1.87e+02,-1.57e+02,1.70e+02,5.60e+01
-1.75e+02,-9.05e+01,1.69e+02,5.60e+01
-1.75e+02,-9.08e+01,1.68e+02,5.60e+01
-1.71e+02,-8.49e+01,1.68e+02,5.60e+01
-1.74e+02,-8.93e+01,1.69e+02,5.50e+01
-1.74e+02,-8.52e+01,1.73e+02,5.60e+01
-1.76e+02,-8.96e+01,1.69e+02,5.50e+01
-1.68e+02,-8.91e+01,1.68e+02,5.50e+01
-1.75e+02,-9.54e+01,1.69e+02,5.60e+01
-1.77e+02,-8.98e+01,1.73e+02,5.60e+01
-1.77e+02,-9.44e+01,1.69e+02,5.50e+01
-1.67e+02,-9.36e+01,1.68e+02,5.50e+01
-1.81e+02,-1.04e+02,1.74e+02,5.90e+01
-1.75e+02,-9.42e+01,1.72e+02,5.60e+01
-1.75e+02,-8.95e+01,1.68e+02,5.50e+01
-1.79e+02,-9.38e+01,1.68e+02,5.70e+01
-1.71e+02,-8.93e+01,1.72e+02,5.60e+01
-1.71e+02,-7.62e+01,1.71e+02,5.70e+01
-1.98e+02,-1.97e+02,1.68e+02,5.50e+01
-1.72e+02,-9.43e+01,1.72e+02,5.70e+01
-1.69e+02,-9.00e+01,1.71e+02,5.70e+01
-1.75e+02,-8.06e+01,1.69e+02,5.50e+01
-1.82e+02,-1.04e+02,1.68e+02,5.50e+01
-1.87e+02,-1.66e+02,1.68e+02,5.60e+01
-1.79e+02,-8.54e+01,1.74e+02,5.80e+01
-1.72e+02,-8.87e+01,1.69e+02,5.50e+01
