-1.34e+02,-8.90e+01,3.80e+01,2.00e+01
-1.28e+02,-8.71e+01,5.40e+01,2.80e+01
-1.39e+02,-7.88e+01,4.00e+01,2.10e+01
-1.35e+02,-8.94e+01,3.80e+01,2.00e+01
-1.30e+02,-9.86e+01,5.10e+01,2.60e+01
-1.30e+02,-8.81e+01,3.80e+01,2.00e+01
-1.38e+02,-8.36e+01,3.90e+01,2.00e+01
-1.32e+02,-8.35e+01,4.10e+01,2.20e+01
-1.32e+02,-8.75e+01,4.50e+01,2.30e+01
-1.32e+02,-7.20e+01,3.80e+01,2.00e+01
-1.39e+02,-8.15e+01,4.00e+01,2.10e+01
-1.38e+02,-8.71e+01,3.80e+01,2.00e+01
-1.48e+02,-7.84e+01,3.90e+01,2.10e+01
-1.46e+02,-8.78e+01,4.10e+01,2.10e+01
-1.38e+02,-8.71e+01,4.10e+01,2.20e+01
-1.37e+02,-8.55e+01,3.90e+01,2.10e+01
-1.35e+02,-7.96e+01,3.90e+01,2.10e+01
-1.30e+02,-7.72e+01,5.00e+01,2.40e+01
-1.36e+02,-8.83e+01,3.90e+01,2.00e+01
-1.32e+02,-8.14e+01,4.00e+01,2.20e+01
-1.31e+02,-9.58e+01,5.10e+01,2.60e+01
-1.38e+02,-9.77e+01,4.90e+01,2.50e+01
-1.43e+02,-8.67e+01,4.20e+01,2.20e+01
-1.32e+02,-8.35e+01,4.00e+01,2.10e+01
-1.36e+02,-8.00e+01,4.10e+01,2.20e+01
-1.31e+02,-8.23e+01,4.20e+01,2.20e+01
-1.35e+02,-9.66e+01,5.30e+01,2.70e+01
-1.42e+02,-8.89e+01,4.00e+01,2.10e+01
-1.38e+02,-8.53e+01,4.00e+01,2.10e+01
-1.32e+02,-8.97e+01,4.00e+01,2.10e+01
-1.41e+02,-8.22e+01,4.20e+01,2.20e+01
-1.32e+02,-8.86e+01,4.00e+01,2.10e+01
-1.41e+02,-8.78e+01,3.80e+01,2.00e+01
-1.38e+02,-8.65e+01,4.90e+01,2.40e+01
-1.35e+02,-9.45e+01,3.90e+01,2.10e+01
-1.65e+02,-8.65e+01,3.90e+01,2.10e+01
-1.32e+02,-9.71e+01,5.30e+01,2.70e+01
-1.35e+02,-8.77e+01,3.90e+01,2.10e+01
-1.34e+02,-9.79e+01,5.20e+01,2.60e+01
-1.35e+02,-9.59e+01,5.40e+01,2.70e+01
-1.28e+02,-8.07e+01,3.80e+01,2.00e+01
-1.34e+02,-7.91e+01,4.30e+01,2.20e+01
-1.37e+02,-9.26e+01,4.00e+01,2.10e+01
-1.30e+02,-9.45e+01,5.10e+01,2.60e+01
-1.35e+02,-8.86e+01,3.80e+01,2.00e+01
-1.31e+02,-8.76e+01,4.40e+01,2.30e+01
-1.50e+02,-1.17e+02,4.10e+01,2.10e+01
-1.43e+02,-8.57e+01,4.00e+01,2.20e+01
-1.39e+02,-8.83e+01,3.90e+01,2.10e+01
-1.55e+02,-1.04e+02,4.10e+01,2.20e+01
-1.28e+02,-9.23e+01,5.20e+01,2.60e+01
-1.33e+02,-9.86e+01,5.10e+01,2.60e+01
-1.36e+02,-8.89e+01,4.10e+01,2.20e+01
-1.28e+02,-8.30e+01,3.80e+01,2.00e+01
-1.31e+02,-9.75e+01,5.10e+01,2.60e+01
-1.34e+02,-9.84e+01,5.40e+01,2.80e+01
-1.62e+02,-9.38e+01,3.80e+01,2.00e+01
-1.32e+02,-9.75e+01,5.40e+01,2.80e+01
-1.29e+02,-9.00e+01,3.80e+01,2.00e+01
-1.32e+02,-9.46e+01,5.50e+01,2.90e+01
-1.78e+02,-1.19e+02,3.90e+01,2.00e+01
-1.81e+02,-1.07e+02,4.10e+01,2.20e+01
-1.42e+02,-8.11e+01,3.80e+01,2.00e+01
-1.59e+02,-9.33e+01,4.00e+01,2.10e+01
-1.38e+02,-7.33e+01,3.80e+01,2.00e+01
-1.44e+02,-1.01e+02,3.90e+01,2.00e+01
-1.29e+02,-9.44e+01,5.10e+01,2.60e+01
-1.68e+02,-9.97e+01,5.40e+01,2.80e+01
-1.51e+02,-7.93e+01,3.90e+01,2.10e+01
-1.37e+02,-8.50e+01,3.80e+01,2.00e+01
-1.31e+02,-8.40e+01,5.50e+01,2.80e+01
-1.54e+02,-9.80e+01,5.10e+01,2.60e+01
-1.34e+02,-8.88e+01,3.90e+01,2.10e+01
-1.44e+02,-8.34e+01,4.00e+01,2.10e+01
-1.37e+02,-8.21e+01,3.90e+01,2.10e+01
-1.35e+02,-9.60e+01,5.20e+01,2.60e+01
-1.49e+02,-8.38e+01,3.80e+01,2.00e+01
-1.60e+02,-8.52e+01,5.50e+01,2.90e+01
-1.95e+02,-1.83e+02,4.10e+01,2.10e+01
-1.35e+02,-7.97e+01,3.80e+01,2.00e+01
-1.40e+02,-8.82e+01,3.90e+01,2.10e+01
-1.38e+02,-9.01e+01,4.20e+01,2.10e+01
-1.65e+02,-1.05e+02,5.40e+01,2.80e+01
-1.33e+02,-9.70e+01,5.60e+01,2.90e+01
-1.47e+02,-8.47e+01,3.80e+01,2.00e+01
-1.36e+02,-8.60e+01,3.90e+01,2.10e+01
-1.67e+02,-1.06e+02,3.80e+01,2.00e+01
-1.33e+02,-7.87e+01,3.90e+01,2.10e+01
-1.27e+02,-8.99e+01,5.40e+01,2.80e+01
-1.33e+02,-8.26e+01,4.00e+01,2.10e+01
-1.32e+02,-9.70e+01,5.40e+01,2.80e+01
-1.37e+02,-8.75e+01,3.90e+01,2.00e+01
-1.38e+02,-8.80e+01,3.80e+01,2.00e+01
-1.27e+02,-8.10e+01,4.00e+01,2.10e+01
-1.59e+02,-1.01e+02,3.80e+01,2.00e+01
-1.32e+02,-8.19e+01,3.80e+01,2.00e+01
-1.42e+02,-9.16e+01,3.80e+01,2.00e+01
-1.64e+02,-9.31e+01,3.80e+01,2.00e+01
-1.60e+02,-9.59e+01,5.50e+01,2.80e+01
-1.54e+02,-9.71e+01,5.50e+01,2.90e+01
-1.68e+02,-1.17e+02,4.10e+01,2.20e+01
-1.37e+02,-9.61e+01,4.00e+01,2.10e+01
-2.00e+02,-2.00e+02,4.00e+01,2.00e+01
-1.31e+02,-9.41e+01,5.40e+01,2.80e+01
-1.78e+02,-1.28e+02,4.10e+01,2.20e+01
-1.44e+02,-9.97e+01,4.00e+01,2.10e+01
-1.33e+02,-9.37e+01,5.10e+01,2.60e+01
-1.40e+02,-8.35e+01,3.90e+01,2.10e+01
-1.29e+02,-8.33e+01,4.00e+01,2.10e+01
-1.48e+02,-8.41e+01,4.10e+01,2.20e+01
-1.34e+02,-8.21e+01,3.80e+01,2.00e+01
-1.31e+02,-9.73e+01,5.10e+01,2.60e+01
-1.34e+02,-9.21e+01,5.20e+01,2.70e+01
-1.35e+02,-9.04e+01,4.30e+01,2.20e+01
-1.42e+02,-8.68e+01,4.00e+01,2.00e+01
-1.64e+02,-9.22e+01,3.80e+01,2.00e+01
-1.32e+02,-8.37e+01,3.90e+01,2.10e+01
-1.33e+02,-9.48e+01,5.50e+01,2.80e+01
-1.66e+02,-1.21e+02,5.40e+01,2.80e+01
-1.34e+02,-8.02e+01,4.00e+01,2.10e+01
-1.37e+02,-8.20e+01,3.80e+01,2.00e+01
-1.33e+02,-9.47e+01,5.50e+01,2.90e+01
-1.46e+02,-9.73e+01,3.80e+01,2.00e+01
-1.32e+02,-8.37e+01,4.00e+01,2.00e+01
-1.49e+02,-8.37e+01,4.10e+01,2.20e+01
-1.44e+02,-9.46e+01,4.50e+01,2.30e+01
-1.39e+02,-8.70e+01,3.90e+01,2.10e+01
-1.29e+02,-8.50e+01,5.50e+01,2.80e+01
-1.36e+02,-8.14e+01,4.00e+01,2.10e+01
-1.42e+02,-9.56e+01,3.80e+01,2.00e+01
-1.60e+02,-9.85e+01,3.90e+01,2.00e+01
-1.56e+02,-8.04e+01,3.90e+01,2.10e+01
-1.37e+02,-8.77e+01,4.00e+01,2.10e+01
-1.33e+02,-9.05e+01,5.00e+01,2.40e+01
-1.55e+02,-1.11e+02,3.80e+01,2.00e+01
-1.38e+02,-8.39e+01,3.90e+01,2.00e+01
-1.33e+02,-9.41e+01,4.00e+01,2.10e+01
-1.35e+02,-9.49e+01,4.00e+01,2.10e+01
-1.62e+02,-9.75e+01,5.40e+01,2.80e+01
-1.34e+02,-8.55e+01,3.80e+01,2.00e+01
-1.37e+02,-9.81e+01,5.60e+01,2.90e+01
-1.31e+02,-8.73e+01,4.00e+01,2.10e+01
-1.36e+02,-9.77e+01,5.40e+01,2.80e+01
-1.47e+02,-8.17e+01,4.00e+01,2.10e+01
-1.37e+02,-9.87e+01,5.10e+01,2.60e+01
-1.35e+02,-9.08e+01,3.80e+01,2.00e+01
-1.31e+02,-9.64e+01,5.50e+01,2.90e+01
-1.32e+02,-8.47e+01,3.90e+01,2.10e+01
-1.40e+02,-7.68e+01,4.00e+01,2.10e+01
-1.97e+02,-1.95e+02,3.90e+01,2.00e+01
-1.51e+02,-9.37e+01,4.00e+01,2.20e+01
-1.41e+02,-1.00e+02,4.10e+01,2.20e+01
-1.33e+02,-8.49e+01,3.90e+01,2.00e+01
-1.34e+02,-8.05e+01,3.80e+01,2.00e+01
-1.35e+02,-8.82e+01,4.30e+01,2.30e+01
-1.47e+02,-9.33e+01,4.00e+01,2.10e+01
-1.40e+02,-9.19e+01,4.00e+01,2.00e+01
-1.41e+02,-8.49e+01,3.80e+01,2.00e+01
-1.28e+02,-7.69e+01,3.80e+01,2.00e+01
-1.39e+02,-8.22e+01,3.80e+01,2.00e+01
-1.84e+02,-1.36e+02,5.20e+01,2.60e+01
-1.72e+02,-1.08e+02,4.20e+01,2.20e+01
-1.35e+02,-9.05e+01,3.90e+01,2.00e+01
-1.36e+02,-8.64e+01,3.90e+01,2.10e+01
-1.35e+02,-8.09e+01,3.80e+01,2.00e+01
-1.33e+02,-7.92e+01,3.90e+01,2.00e+01
-1.49e+02,-9.29e+01,4.10e+01,2.10e+01
-1.31e+02,-8.24e+01,3.80e+01,2.00e+01
-1.57e+02,-1.15e+02,3.90e+01,2.10e+01
-1.32e+02,-8.92e+01,4.00e+01,2.10e+01
-1.40e+02,-9.15e+01,4.30e+01,2.30e+01
-1.31e+02,-7.74e+01,4.20e+01,2.20e+01
-1.66e+02,-1.17e+02,3.80e+01,2.00e+01
-1.35e+02,-8.88e+01,3.80e+01,2.00e+01
-1.29e+02,-9.41e+01,5.50e+01,2.80e+01
-1.38e+02,-8.88e+01,4.10e+01,2.10e+01
-1.67e+02,-1.07e+02,4.10e+01,2.10e+01
-1.36e+02,-8.73e+01,3.90e+01,2.00e+01
-1.37e+02,-8.63e+01,3.80e+01,2.00e+01
-1.42e+02,-8.61e+01,3.90e+01,2.10e+01
-1.34e+02,-9.36e+01,4.00e+01,2.00e+01
-1.74e+02,-1.21e+02,4.00e+01,2.10e+01
-1.58e+02,-1.13e+02,4.00e+01,2.10e+01
-1.42e+02,-8.45e+01,4.00e+01,2.10e+01
-1.63e+02,-7.59e+01,5.40e+01,2.80e+01
-1.64e+02,-8.94e+01,4.00e+01,2.10e+01
-1.39e+02,-7.55e+01,4.20e+01,2.20e+01
-1.29e+02,-8.04e+01,4.10e+01,2.20e+01
-1.50e+02,-9.65e+01,5.50e+01,2.90e+01
-1.39e+02,-8.83e+01,3.80e+01,2.00e+01
-1.29e+02,-9.57e+01,5.10e+01,2.60e+01
-1.29e+02,-9.43e+01,5.40e+01,2.80e+01
