-1.21e+02,-8.20e+01,6.10e+01,3.20e+01
-1.21e+02,-7.92e+01,6.20e+01,3.20e+01
-1.25e+02,-7.94e+01,6.10e+01,3.20e+01
-1.28e+02,-8.94e+01,6.40e+01,3.30e+01
-1.21e+02,-8.00e+01,6.20e+01,3.20e+01
-1.24e+02,-8.88e+01,6.10e+01,3.20e+01
-1.30e+02,-9.25e+01,6.50e+01,3.40e+01
-1.20e+02,-9.38e+01,6.30e+01,3.30e+01
-1.16e+02,-8.20e+01,6.10e+01,3.20e+01
-1.22e+02,-8.94e+01,6.30e+01,3.30e+01
-1.23e+02,-8.98e+01,6.10e+01,3.20e+01
-1.29e+02,-8.83e+01,6.40e+01,3.40e+01
-1.20e+02,-9.33e+01,6.20e+01,3.20e+01
-1.18e+02,-8.78e+01,6.10e+01,3.20e+01
-1.19e+02,-9.14e+01,6.20e+01,3.20e+01
-1.23e+02,-9.00e+01,6.10e+01,3.20e+01
-1.27e+02,-8.57e+01,6.10e+01,3.20e+01
-1.23e+02,-8.54e+01,6.30e+01,3.30e+01
-1.28e+02,-9.00e+01,6.20e+01,3.30e+01
-1.24e+02,-9.38e+01,6.10e+01,3.20e+01
-1.17e+02,-7.91e+01,7.00e+01,3.50e+01
-1.23e+02,-8.50e+01,6.20e+01,3.20e+01
-1.16e+02,-7.93e+01,6.40e+01,3.30e+01
-1.24e+02,-8.72e+01,6.10e+01,3.20e+01
-1.21e+02,-7.83e+01,6.20e+01,3.20e+01
-1.24e+02,-8.32e+01,6.10e+01,3.20e+01
-1.18e+02,-8.44e+01,6.40e+01,3.30e+01
-1.20e+02,-7.93e+01,6.30e+01,3.30e+01
-1.27e+02,-8.72e+01,6.20e+01,3.20e+01
-1.24e+02,-8.97e+01,6.10e+01,3.20e+01
-1.13e+02,-8.93e+01,6.70e+01,3.50e+01
-1.24e+02,-9.42e+01,6.30e+01,3.20e+01
-1.24e+02,-9.83e+01,6.10e+01,3.20e+01
-1.20e+02,-8.43e+01,6.30e+01,3.30e+01
-1.15e+02,-8.48e+01,6.10e+01,3.20e+01
-1.27e+02,-9.35e+01,6.70e+01,3.50e+01
-1.22e+02,-8.89e+01,6.40e+01,3.40e+01
-1.22e+02,-8.94e+01,6.10e+01,3.20e+01
-1.22e+02,-8.59e+01,6.10e+01,3.20e+01
-1.18e+02,-9.02e+01,6.10e+01,3.20e+01
-1.23e+02,-9.01e+01,6.50e+01,3.40e+01
-1.20e+02,-8.85e+01,6.30e+01,3.30e+01
-1.27e+02,-8.82e+01,6.10e+01,3.20e+01
-1.18e+02,-8.11e+01,6.50e+01,3.40e+01
-1.23e+02,-8.60e+01,6.30e+01,3.30e+01
-1.23e+02,-8.59e+01,6.20e+01,3.20e+01
-1.27e+02,-8.77e+01,6.20e+01,3.20e+01
-1.28e+02,-7.73e+01,6.30e+01,3.30e+01
-1.28e+02,-8.93e+01,6.10e+01,3.20e+01
-1.22e+02,-9.00e+01,6.50e+01,3.40e+01
-1.20e+02,-8.19e+01,6.50e+01,3.40e+01
-1.33e+02,-7.25e+01,6.20e+01,3.30e+01
-1.34e+02,-8.27e+01,6.20e+01,3.20e+01
-1.25e+02,-9.30e+01,6.40e+01,3.30e+01
-1.29e+02,-8.86e+01,6.10e+01,3.20e+01
-1.49e+02,-9.06e+01,6.20e+01,3.20e+01
-1.19e+02,-8.43e+01,6.40e+01,3.30e+01
-1.94e+02,-1.85e+02,6.30e+01,3.20e+01
-1.16e+02,-8.03e+01,6.10e+01,3.20e+01
-1.43e+02,-8.39e+01,6.20e+01,3.30e+01
-1.36e+02,-1.05e+02,6.10e+01,3.20e+01
-1.30e+02,-9.25e+01,6.10e+01,3.20e+01
-1.29e+02,-8.24e+01,6.10e+01,3.20e+01
-1.26e+02,-8.89e+01,6.30e+01,3.30e+01
-1.30e+02,-8.92e+01,6.10e+01,3.20e+01
-1.24e+02,-8.90e+01,6.10e+01,3.20e+01
-1.17e+02,-8.13e+01,6.10e+01,3.20e+01
-1.59e+02,-9.51e+01,6.20e+01,3.20e+01
-1.28e+02,-8.27e+01,6.40e+01,3.40e+01
-1.35e+02,-8.37e+01,6.40e+01,3.30e+01
-1.46e+02,-8.72e+01,6.40e+01,3.40e+01
-1.48e+02,-9.73e+01,6.50e+01,3.40e+01
-1.23e+02,-7.40e+01,6.20e+01,3.20e+01
-1.44e+02,-9.92e+01,6.40e+01,3.30e+01
-1.23e+02,-8.75e+01,6.10e+01,3.20e+01
-1.19e+02,-8.71e+01,6.60e+01,3.40e+01
-1.44e+02,-9.04e+01,6.10e+01,3.20e+01
-1.28e+02,-8.01e+01,6.50e+01,3.50e+01
-1.14e+02,-6.91e+01,6.40e+01,3.40e+01
-1.35e+02,-8.67e+01,6.30e+01,3.30e+01
-1.17e+02,-9.18e+01,6.20e+01,3.20e+01
-1.34e+02,-8.43e+01,6.20e+01,3.20e+01
-1.25e+02,-9.30e+01,6.40e+01,3.30e+01
-1.27e+02,-9.75e+01,6.50e+01,3.40e+01
-1.24e+02,-8.85e+01,6.50e+01,3.40e+01
-1.20e+02,-9.24e+01,6.20e+01,3.20e+01
-1.23e+02,-7.71e+01,6.40e+01,3.30e+01
-1.51e+02,-9.05e+01,6.30e+01,3.30e+01
-1.13e+02,-7.16e+01,6.40e+01,3.30e+01
-1.22e+02,-7.47e+01,6.10e+01,3.20e+01
-1.21e+02,-8.59e+01,6.30e+01,3.30e+01
-1.40e+02,-9.25e+01,6.10e+01,3.20e+01
-1.37e+02,-8.36e+01,6.20e+01,3.30e+01
-1.22e+02,-9.30e+01,6.20e+01,3.20e+01
-1.12e+02,-8.04e+01,6.20e+01,3.20e+01
-1.45e+02,-8.08e+01,6.40e+01,3.40e+01
-1.26e+02,-9.52e+01,6.20e+01,3.30e+01
-1.28e+02,-9.07e+01,6.20e+01,3.20e+01
-1.34e+02,-8.94e+01,6.30e+01,3.30e+01
-1.60e+02,-1.03e+02,6.20e+01,3.20e+01
-1.50e+02,-8.92e+01,6.20e+01,3.30e+01
-1.39e+02,-8.33e+01,6.20e+01,3.20e+01
-1.19e+02,-9.20e+01,6.20e+01,3.20e+01
-1.84e+02,-1.44e+02,6.20e+01,3.30e+01
-1.22e+02,-7.83e+01,6.20e+01,3.20e+01
-1.85e+02,-1.33e+02,6.10e+01,3.20e+01
-1.21e+02,-9.21e+01,6.20e+01,3.20e+01
-1.19e+02,-8.03e+01,6.20e+01,3.20e+01
-1.27e+02,-9.25e+01,6.10e+01,3.20e+01
-1.26e+02,-8.80e+01,6.20e+01,3.20e+01
-1.29e+02,-8.38e+01,6.20e+01,3.20e+01
-1.86e+02,-1.32e+02,6.50e+01,3.40e+01
-1.21e+02,-8.44e+01,6.50e+01,3.40e+01
-1.27e+02,-1.00e+02,6.60e+01,3.40e+01
-1.59e+02,-8.85e+01,6.40e+01,3.30e+01
-1.97e+02,-1.96e+02,6.40e+01,3.40e+01
-1.23e+02,-8.97e+01,6.40e+01,3.30e+01
-1.69e+02,-1.10e+02,6.40e+01,3.30e+01
-1.16e+02,-8.97e+01,6.30e+01,3.30e+01
-1.48e+02,-9.05e+01,6.20e+01,3.20e+01
-1.19e+02,-8.34e+01,6.20e+01,3.20e+01
-1.18e+02,-8.18e+01,6.10e+01,3.20e+01
-1.43e+02,-8.18e+01,6.30e+01,3.30e+01
-1.20e+02,-9.26e+01,6.10e+01,3.20e+01
-1.25e+02,-8.90e+01,6.10e+01,3.20e+01
-1.17e+02,-7.54e+01,6.50e+01,3.40e+01
-1.36e+02,-8.67e+01,6.10e+01,3.20e+01
-1.21e+02,-8.91e+01,6.60e+01,3.40e+01
-1.25e+02,-8.75e+01,6.40e+01,3.30e+01
-1.15e+02,-7.52e+01,6.30e+01,3.30e+01
-1.22e+02,-9.20e+01,6.20e+01,3.20e+01
-1.97e+02,-1.96e+02,6.20e+01,3.20e+01
-1.33e+02,-8.64e+01,6.30e+01,3.20e+01
-1.74e+02,-9.87e+01,6.10e+01,3.20e+01
-1.22e+02,-9.10e+01,6.40e+01,3.30e+01
-1.21e+02,-8.62e+01,6.10e+01,3.20e+01
-1.39e+02,-7.55e+01,6.20e+01,3.30e+01
-1.36e+02,-9.36e+01,6.50e+01,3.40e+01
-1.16e+02,-8.65e+01,6.10e+01,3.20e+01
-1.21e+02,-8.25e+01,6.20e+01,3.20e+01
-1.16e+02,-8.41e+01,6.20e+01,3.20e+01
-1.24e+02,-9.12e+01,6.20e+01,3.20e+01
-1.36e+02,-8.71e+01,6.10e+01,3.20e+01
-1.20e+02,-9.12e+01,6.40e+01,3.30e+01
-1.15e+02,-8.66e+01,6.10e+01,3.20e+01
-1.44e+02,-9.11e+01,6.60e+01,3.50e+01
-1.54e+02,-7.48e+01,6.10e+01,3.20e+01
-1.22e+02,-8.21e+01,6.10e+01,3.20e+01
-1.27e+02,-9.25e+01,6.60e+01,3.40e+01
-1.26e+02,-9.16e+01,6.10e+01,3.20e+01
-1.17e+02,-8.21e+01,6.10e+01,3.20e+01
-1.29e+02,-9.34e+01,6.10e+01,3.20e+01
-1.27e+02,-9.58e+01,6.20e+01,3.30e+01
-1.32e+02,-8.29e+01,6.10e+01,3.20e+01
-1.40e+02,-8.46e+01,6.20e+01,3.20e+01
-1.56e+02,-8.76e+01,6.30e+01,3.30e+01
-1.23e+02,-9.25e+01,6.40e+01,3.30e+01
-1.43e+02,-9.61e+01,6.40e+01,3.30e+01
-1.25e+02,-9.18e+01,6.10e+01,3.20e+01
-1.33e+02,-7.70e+01,6.10e+01,3.20e+01
-1.62e+02,-1.14e+02,6.10e+01,3.20e+01
-1.20e+02,-7.81e+01,6.40e+01,3.30e+01
-1.22e+02,-9.17e+01,6.30e+01,3.20e+01
-1.20e+02,-8.27e+01,6.40e+01,3.30e+01
-1.38e+02,-7.81e+01,6.20e+01,3.30e+01
-1.24e+02,-8.98e+01,6.30e+01,3.30e+01
-1.37e+02,-9.34e+01,6.10e+01,3.20e+01
-1.37e+02,-9.54e+01,6.10e+01,3.20e+01
-1.27e+02,-9.04e+01,6.20e+01,3.20e+01
-1.31e+02,-9.13e+01,6.40e+01,3.40e+01
-1.30e+02,-9.89e+01,6.30e+01,3.20e+01
-1.18e+02,-7.86e+01,6.20e+01,3.20e+01
-1.45e+02,-9.83e+01,6.30e+01,3.30e+01
-1.35e+02,-7.64e+01,6.10e+01,3.20e+01
-1.30e+02,-8.58e+01,6.40e+01,3.40e+01
-1.69e+02,-9.35e+01,6.40e+01,3.30e+01
-1.19e+02,-8.85e+01,6.40e+01,3.30e+01
-1.28e+02,-9.43e+01,6.20e+01,3.20e+01
-1.26e+02,-8.03e+01,6.50e+01,3.40e+01
-1.31e+02,-8.81e+01,6.10e+01,3.20e+01
-1.67e+02,-1.05e+02,6.50e+01,3.40e+01
-1.23e+02,-9.00e+01,6.40e+01,3.40e+01
-1.29e+02,-8.74e+01,6.10e+01,3.20e+01
-2.00e+02,-2.00e+02,6.30e+01,3.20e+01
-1.28e+02,-9.06e+01,6.10e+01,3.20e+01
-1.22e+02,-8.18e+01,6.20e+01,3.20e+01
-1.24e+02,-8.67e+01,6.30e+01,3.30e+01
-1.24e+02,-9.41e+01,6.40e+01,3.40e+01
-1.26e+02,-9.00e+01,6.60e+01,3.40e+01
-1.63e+02,-8.84e+01,6.20e+01,3.20e+01
-1.24e+02,-8.12e+01,6.10e+01,3.20e+01
-1.19e+02,-8.47e+01,6.10e+01,3.20e+01
