-1.78e+02,-8.24e+01,6.50e+01,2.60e+01
-1.80e+02,-9.58e+01,6.80e+01,3.10e+01
-1.79e+02,-8.82e+01,6.40e+01,2.60e+01
-1.79e+02,-8.99e+01,7.20e+01,3.20e+01
-1.79e+02,-9.20e+01,7.30e+01,3.20e+01
-1.80e+02,-9.20e+01,6.80e+01,3.10e+01
-1.78e+02,-8.29e+01,7.30e+01,3.20e+01
-1.79e+02,-8.85e+01,6.50e+01,2.60e+01
-1.77e+02,-8.01e+01,6.60e+01,2.90e+01
-1.79e+02,-8.78e+01,6.60e+01,2.60e+01
-1.80e+02,-9.26e+01,6.80e+01,2.80e+01
-1.79e+02,-8.67e+01,6.70e+01,2.90e+01
-1.79e+02,-8.79e+01,6.50e+01,2.60e+01
-1.79e+02,-9.15e+01,6.80e+01,2.80e+01
-1.78e+02,-8.39e+01,6.50e+01,2.70e+01
-1.79e+02,-8.90e+01,6.80e+01,3.00e+01
-1.79e+02,-9.03e+01,6.60e+01,2.90e+01
-1.79e+02,-8.69e+01,6.80e+01,3.00e+01
-1.80e+02,-9.21e+01,6.50e+01,2.70e+01
-1.79e+02,-9.04e+01,6.50e+01,2.60e+01
-1.79e+02,-8.80e+01,6.60e+01,2.70e+01
-1.80e+02,-9.33e+01,6.60e+01,2.90e+01
-1.79e+02,-8.72e+01,6.50e+01,2.70e+01
-1.78e+02,-8.33e+01,6.50e+01,2.80e+01
-1.79e+02,-8.79e+01,6.60e+01,2.90e+01
-1.80e+02,-9.62e+01,7.30e+01,3.30e+01
-1.79e+02,-9.03e+01,6.60e+01,2.90e+01
-1.78e+02,-8.55e+01,6.60e+01,2.80e+01
-1.79e+02,-8.84e+01,6.80e+01,2.80e+01
-1.78e+02,-8.57e+01,6.50e+01,2.70e+01
-1.79e+02,-8.80e+01,6.80e+01,3.10e+01
-1.78e+02,-8.26e+01,7.30e+01,3.30e+01
-1.79e+02,-8.78e+01,6.70e+01,2.70e+01
-1.79e+02,-8.96e+01,6.60e+01,2.70e+01
-1.79e+02,-8.98e+01,6.50e+01,2.60e+01
-1.90e+02,-1.52e+02,6.80e+01,3.10e+01
-1.79e+02,-8.47e+01,7.40e+01,3.20e+01
-1.95e+02,-1.83e+02,6.50e+01,2.70e+01
-1.82e+02,-1.08e+02,7.30e+01,3.20e+01
-1.78e+02,-7.88e+01,6.90e+01,3.10e+01
-1.80e+02,-9.46e+01,6.60e+01,2.90e+01
-1.82e+02,-1.08e+02,6.50e+01,2.60e+01
-1.78e+02,-8.44e+01,6.80e+01,3.10e+01
-1.98e+02,-1.98e+02,7.20e+01,3.20e+01
-1.80e+02,-9.39e+01,6.80e+01,3.00e+01
-1.80e+02,-9.30e+01,6.50e+01,2.60e+01
-1.88e+02,-1.44e+02,6.60e+01,2.80e+01
-1.79e+02,-8.81e+01,6.80e+01,2.80e+01
-1.79e+02,-8.91e+01,7.30e+01,3.20e+01
-1.79e+02,-9.13e+01,6.90e+01,3.10e+01
-1.82e+02,-1.09e+02,6.50e+01,2.60e+01
-1.98e+02,-1.95e+02,6.60e+01,2.90e+01
-1.84e+02,-1.20e+02,6.50e+01,2.60e+01
-1.80e+02,-9.59e+01,7.20e+01,3.20e+01
-1.85e+02,-1.22e+02,6.50e+01,2.70e+01
-1.81e+02,-9.94e+01,6.40e+01,2.60e+01
-1.80e+02,-9.34e+01,6.80e+01,3.10e+01
-1.78e+02,-8.27e+01,6.60e+01,2.60e+01
-1.79e+02,-8.67e+01,6.70e+01,2.90e+01
-1.80e+02,-9.67e+01,6.60e+01,2.90e+01
-1.79e+02,-9.07e+01,6.60e+01,2.70e+01
-1.80e+02,-9.23e+01,6.70e+01,2.90e+01
-1.78e+02,-7.96e+01,6.60e+01,2.80e+01
-1.80e+02,-9.54e+01,6.50e+01,2.60e+01
-1.81e+02,-1.02e+02,7.30e+01,3.20e+01
-1.79e+02,-8.73e+01,6.90e+01,3.00e+01
-1.78e+02,-8.24e+01,6.70e+01,2.60e+01
-1.77e+02,-8.24e+01,6.60e+01,2.90e+01
-1.77e+02,-7.83e+01,6.90e+01,2.80e+01
-1.81e+02,-9.86e+01,6.80e+01,3.00e+01
-1.78e+02,-8.72e+01,6.80e+01,3.10e+01
-1.79e+02,-8.83e+01,6.80e+01,2.90e+01
-1.79e+02,-8.72e+01,6.80e+01,2.80e+01
-1.79e+02,-8.95e+01,6.50e+01,2.60e+01
-1.80e+02,-9.36e+01,6.80e+01,3.10e+01
-1.78e+02,-8.07e+01,7.20e+01,3.20e+01
-1.79e+02,-8.84e+01,7.00e+01,3.20e+01
-1.80e+02,-9.21e+01,6.90e+01,3.00e+01
-1.89e+02,-1.46e+02,6.40e+01,2.60e+01
-1.80e+02,-9.52e+01,6.40e+01,2.60e+01
-1.83e+02,-1.11e+02,6.40e+01,2.60e+01
-1.79e+02,-8.61e+01,7.30e+01,3.20e+01
-1.79e+02,-9.03e+01,6.60e+01,2.60e+01
-1.86e+02,-1.29e+02,6.50e+01,2.60e+01
-1.79e+02,-8.82e+01,6.50e+01,2.70e+01
-1.79e+02,-8.85e+01,7.30e+01,3.30e+01
-1.78e+02,-8.47e+01,6.60e+01,2.90e+01
-1.79e+02,-8.84e+01,6.60e+01,2.90e+01
-1.79e+02,-8.92e+01,6.50e+01,2.60e+01
-1.82e+02,-1.06e+02,6.80e+01,3.10e+01
-1.78e+02,-8.24e+01,6.60e+01,2.80e+01
-1.78e+02,-8.36e+01,6.90e+01,3.00e+01
-1.79e+02,-8.73e+01,7.40e+01,3.30e+01
-1.79e+02,-8.65e+01,6.80e+01,2.70e+01
-1.79e+02,-8.67e+01,6.80e+01,2.90e+01
-1.79e+02,-8.62e+01,6.80e+01,3.10e+01
-1.81e+02,-1.04e+02,6.50e+01,2.70e+01
-1.77e+02,-7.74e+01,7.00e+01,3.10e+01
-1.96e+02,-1.95e+02,6.50e+01,2.70e+01
-1.81e+02,-9.79e+01,6.60e+01,2.90e+01
-1.80e+02,-9.44e+01,6.50e+01,2.60e+01
-1.78e+02,-8.20e+01,7.00e+01,3.20e+01
-1.80e+02,-9.17e+01,6.70e+01,2.60e+01
-1.78e+02,-8.29e+01,6.50e+01,2.80e+01
-1.80e+02,-9.02e+01,6.80e+01,3.10e+01
-1.78e+02,-8.33e+01,6.60e+01,2.90e+01
-1.79e+02,-8.68e+01,6.80e+01,3.10e+01
-1.81e+02,-9.92e+01,6.50e+01,2.60e+01
-1.79e+02,-8.79e+01,6.80e+01,2.80e+01
-1.80e+02,-9.05e+01,6.50e+01,2.60e+01
-1.78e+02,-8.50e+01,6.90e+01,2.80e+01
-1.79e+02,-9.20e+01,6.80e+01,2.80e+01
-1.78e+02,-8.57e+01,6.70e+01,2.90e+01
-1.79e+02,-8.64e+01,6.90e+01,3.20e+01
-1.80e+02,-9.50e+01,6.40e+01,2.60e+01
-1.82e+02,-1.05e+02,6.40e+01,2.60e+01
-1.79e+02,-8.79e+01,7.40e+01,3.20e+01
-1.79e+02,-9.08e+01,6.90e+01,2.80e+01
-1.79e+02,-9.07e+01,7.40e+01,3.30e+01
-1.82e+02,-1.01e+02,6.80e+01,3.10e+01
-1.80e+02,-9.53e+01,6.60e+01,2.90e+01
-1.78e+02,-8.49e+01,7.30e+01,3.20e+01
-1.80e+02,-9.00e+01,6.40e+01,2.60e+01
-1.78e+02,-8.65e+01,6.70e+01,2.90e+01
-1.78e+02,-8.31e+01,7.30e+01,3.30e+01
-1.79e+02,-9.08e+01,6.50e+01,2.70e+01
-1.79e+02,-8.37e+01,6.80e+01,3.00e+01
-1.79e+02,-9.38e+01,6.50e+01,2.60e+01
-1.80e+02,-9.37e+01,6.80e+01,3.00e+01
-1.79e+02,-8.83e+01,6.70e+01,2.70e+01
-1.97e+02,-1.97e+02,6.40e+01,2.60e+01
-1.79e+02,-8.83e+01,6.80e+01,3.00e+01
-1.78e+02,-8.18e+01,6.70e+01,2.90e+01
-1.79e+02,-8.90e+01,7.30e+01,3.30e+01
-1.97e+02,-1.96e+02,7.30e+01,3.20e+01
-1.78e+02,-8.13e+01,7.20e+01,3.20e+01
-1.79e+02,-8.77e+01,7.20e+01,3.20e+01
-1.90e+02,-1.56e+02,6.40e+01,2.60e+01
-1.78e+02,-8.14e+01,6.60e+01,2.90e+01
-1.95e+02,-1.85e+02,7.20e+01,3.20e+01
-1.80e+02,-9.06e+01,6.50e+01,2.60e+01
-1.80e+02,-9.26e+01,6.80e+01,2.70e+01
-1.80e+02,-9.24e+01,6.70e+01,2.90e+01
-1.80e+02,-9.36e+01,6.90e+01,3.10e+01
-1.84e+02,-1.16e+02,6.50e+01,2.70e+01
-1.80e+02,-9.29e+01,6.60e+01,2.90e+01
-1.78e+02,-8.13e+01,7.30e+01,3.20e+01
-1.78e+02,-8.28e+01,6.50e+01,2.60e+01
-1.79e+02,-8.97e+01,6.60e+01,2.90e+01
-1.80e+02,-9.61e+01,7.30e+01,3.20e+01
-1.79e+02,-9.31e+01,7.30e+01,3.20e+01
-1.79e+02,-8.86e+01,6.60e+01,2.60e+01
-1.78e+02,-8.47e+01,7.40e+01,3.20e+01
-1.78e+02,-8.16e+01,6.60e+01,2.70e+01
-1.78e+02,-8.24e+01,6.60e+01,2.60e+01
-1.79e+02,-8.89e+01,6.80e+01,3.10e+01
-1.78e+02,-8.57e+01,6.70e+01,2.70e+01
-1.78e+02,-8.34e+01,6.50e+01,2.60e+01
-1.79e+02,-8.92e+01,7.40e+01,3.20e+01
-1.78e+02,-7.96e+01,6.50e+01,2.60e+01
-1.81e+02,-1.00e+02,6.60e+01,2.90e+01
-1.79e+02,-8.69e+01,7.20e+01,3.20e+01
-1.79e+02,-8.72e+01,7.20e+01,3.20e+01
-1.78e+02,-8.26e+01,6.80e+01,2.80e+01
-1.80e+02,-9.23e+01,6.90e+01,2.90e+01
-1.79e+02,-8.61e+01,6.80e+01,3.10e+01
-1.78e+02,-8.18e+01,7.20e+01,3.20e+01
-1.79e+02,-8.83e+01,7.30e+01,3.20e+01
-1.89e+02,-1.48e+02,6.80e+01,2.80e+01
-1.78e+02,-8.53e+01,6.80e+01,3.00e+01
-1.81e+02,-1.00e+02,6.70e+01,2.80e+01
-1.79e+02,-8.78e+01,6.90e+01,2.80e+01
-1.79e+02,-8.77e+01,6.60e+01,2.90e+01
-1.79e+02,-8.90e+01,6.70e+01,2.90e+01
-1.78e+02,-8.36e+01,6.60e+01,2.60e+01
-1.95e+02,-1.88e+02,6.50e+01,2.70e+01
-1.97e+02,-1.96e+02,6.90e+01,3.00e+01
-1.79e+02,-8.73e+01,6.90e+01,3.10e+01
-1.92e+02,-1.67e+02,6.80e+01,2.90e+01
-1.87e+02,-1.40e+02,7.30e+01,3.20e+01
-1.79e+02,-8.90e+01,6.50e+01,2.70e+01
-1.79e+02,-9.08e+01,7.50e+01,3.30e+01
-1.80e+02,-9.31e+01,6.70e+01,3.00e+01
-1.78e+02,-8.44e+01,6.80e+01,2.90e+01
-1.80e+02,-9.21e+01,6.60e+01,2.60e+01
-1.77e+02,-8.15e+01,6.70e+01,2.90e+01
-1.80e+02,-8.98e+01,6.70e+01,2.80e+01
-1.81e+02,-9.70e+01,6.50e+01,2.70e+01
-1.79e+02,-8.79e+01,6.70e+01,2.60e+01
-1.78e+02,-8.28e+01,6.60e+01,2.60e+01
-1.79e+02,-8.82e+01,6.50e+01,2.70e+01
-1.79e+02,-9.05e+01,6.60e+01,2.60e+01
