-7.37e+01,-3.96e+01,6.40e+01,2.80e+01
-7.48e+01,-4.72e+01,6.00e+01,2.70e+01
-7.40e+01,-4.91e+01,6.30e+01,2.80e+01
-8.05e+01,-3.52e+01,6.00e+01,2.70e+01
-8.24e+01,-5.18e+01,6.80e+01,2.80e+01
-8.37e+01,-4.16e+01,6.90e+01,2.80e+01
-8.75e+01,-4.22e+01,6.90e+01,2.80e+01
-7.80e+01,-4.11e+01,6.70e+01,3.00e+01
-8.41e+01,-4.77e+01,7.00e+01,2.90e+01
-7.63e+01,-4.97e+01,6.80e+01,2.80e+01
-7.62e+01,-4.78e+01,6.10e+01,2.70e+01
-8.87e+01,-5.28e+01,6.00e+01,2.70e+01
-7.05e+01,-4.44e+01,6.90e+01,2.90e+01
-8.00e+01,-5.56e+01,6.70e+01,2.90e+01
-7.31e+01,-3.81e+01,6.10e+01,2.70e+01
-7.12e+01,-3.85e+01,6.80e+01,2.80e+01
-8.63e+01,-4.55e+01,6.30e+01,2.80e+01
-7.85e+01,-4.26e+01,6.00e+01,2.70e+01
-7.40e+01,-4.41e+01,7.00e+01,2.90e+01
-7.24e+01,-4.79e+01,7.00e+01,3.00e+01
-7.47e+01,-4.27e+01,6.70e+01,3.00e+01
-8.35e+01,-5.63e+01,6.20e+01,2.70e+01
-7.78e+01,-4.73e+01,6.00e+01,2.70e+01
-7.71e+01,-4.68e+01,6.90e+01,2.90e+01
-7.75e+01,-4.06e+01,6.00e+01,2.70e+01
-7.29e+01,-4.87e+01,6.20e+01,2.80e+01
-8.78e+01,-6.10e+01,6.40e+01,2.80e+01
-8.58e+01,-4.28e+01,6.30e+01,2.80e+01
-8.03e+01,-5.10e+01,7.20e+01,3.00e+01
-8.23e+01,-5.33e+01,6.30e+01,2.80e+01
-7.97e+01,-4.81e+01,6.00e+01,2.70e+01
-7.83e+01,-5.11e+01,6.00e+01,2.70e+01
-7.73e+01,-4.55e+01,6.50e+01,2.90e+01
-7.81e+01,-4.89e+01,6.00e+01,2.70e+01
-7.32e+01,-4.63e+01,6.90e+01,2.80e+01
-7.67e+01,-4.94e+01,6.80e+01,2.80e+01
-1.30e+02,-5.09e+01,6.00e+01,2.70e+01
-7.78e+01,-4.75e+01,6.50e+01,2.90e+01
-7.21e+01,-4.01e+01,6.00e+01,2.70e+01
-9.05e+01,-4.72e+01,6.90e+01,2.90e+01
-7.84e+01,-4.64e+01,6.90e+01,2.80e+01
-8.33e+01,-4.79e+01,6.10e+01,2.70e+01
-1.12e+02,-8.15e+01,6.40e+01,2.80e+01
-7.74e+01,-4.40e+01,6.70e+01,3.00e+01
-7.61e+01,-4.86e+01,6.80e+01,2.80e+01
-7.31e+01,-4.36e+01,6.00e+01,2.70e+01
-1.25e+02,-4.56e+01,6.00e+01,2.70e+01
-8.20e+01,-4.98e+01,6.30e+01,2.80e+01
-7.88e+01,-4.24e+01,6.90e+01,2.80e+01
-7.62e+01,-4.56e+01,6.30e+01,2.80e+01
-2.74e+02,-1.22e+02,6.80e+01,2.80e+01
-7.25e+01,-4.21e+01,6.00e+01,2.70e+01
-8.86e+01,-4.53e+01,6.90e+01,2.80e+01
-9.77e+01,-4.47e+01,6.50e+01,2.90e+01
-1.05e+02,-5.19e+01,6.40e+01,2.90e+01
-7.55e+01,-4.72e+01,6.90e+01,2.80e+01
-9.18e+01,-4.53e+01,6.30e+01,2.80e+01
-8.31e+01,-5.43e+01,6.90e+01,2.80e+01
-9.95e+01,-4.82e+01,6.90e+01,2.80e+01
-8.64e+01,-5.17e+01,6.40e+01,2.80e+01
-7.91e+01,-5.44e+01,6.50e+01,2.90e+01
-8.23e+01,-5.16e+01,6.80e+01,2.80e+01
-7.60e+01,-5.22e+01,6.00e+01,2.70e+01
-9.81e+01,-5.00e+01,7.00e+01,2.90e+01
-7.41e+01,-4.86e+01,6.10e+01,2.80e+01
-7.52e+01,-5.13e+01,6.10e+01,2.70e+01
-6.77e+01,-4.39e+01,7.10e+01,3.00e+01
-2.76e+02,-1.33e+02,6.80e+01,2.80e+01
-1.13e+02,-4.60e+01,6.40e+01,2.80e+01
-8.63e+01,-4.98e+01,6.10e+01,2.70e+01
-7.20e+01,-4.45e+01,7.00e+01,2.90e+01
-7.90e+01,-4.44e+01,6.90e+01,2.80e+01
-8.43e+01,-5.09e+01,6.10e+01,2.70e+01
-9.24e+01,-5.23e+01,6.70e+01,3.00e+01
-7.27e+01,-4.71e+01,7.00e+01,2.90e+01
-7.41e+01,-4.37e+01,6.10e+01,2.70e+01
-8.08e+01,-4.30e+01,6.60e+01,2.90e+01
-7.50e+01,-5.07e+01,7.00e+01,3.00e+01
-7.60e+01,-5.98e+01,6.80e+01,2.80e+01
-9.34e+01,-4.42e+01,6.00e+01,2.70e+01
-8.41e+01,-4.85e+01,6.10e+01,2.80e+01
-7.86e+01,-4.37e+01,6.90e+01,2.80e+01
-8.93e+01,-5.14e+01,6.00e+01,2.70e+01
-8.75e+01,-4.27e+01,6.80e+01,2.80e+01
-1.12e+02,-4.85e+01,6.00e+01,2.70e+01
-8.15e+01,-5.15e+01,6.40e+01,2.80e+01
-7.54e+01,-4.58e+01,6.50e+01,2.90e+01
-7.33e+01,-4.52e+01,6.90e+01,2.80e+01
-8.13e+01,-3.62e+01,6.10e+01,2.70e+01
-8.07e+01,-4.69e+01,7.10e+01,2.90e+01
-7.92e+01,-5.64e+01,6.20e+01,2.80e+01
-8.33e+01,-5.62e+01,6.90e+01,2.90e+01
-8.76e+01,-4.35e+01,6.40e+01,2.80e+01
-8.10e+01,-4.67e+01,6.10e+01,2.70e+01
-8.75e+01,-5.44e+01,6.30e+01,2.80e+01
-9.12e+01,-4.72e+01,6.40e+01,2.80e+01
-7.50e+01,-5.12e+01,7.00e+01,2.90e+01
-7.75e+01,-4.12e+01,6.00e+01,2.70e+01
-7.83e+01,-5.80e+01,6.30e+01,2.70e+01
-7.97e+01,-4.50e+01,6.30e+01,2.80e+01
-8.14e+01,-5.21e+01,6.40e+01,2.90e+01
-9.67e+01,-4.90e+01,6.40e+01,2.80e+01
-7.18e+01,-4.45e+01,6.90e+01,2.80e+01
-8.45e+01,-4.34e+01,6.10e+01,2.80e+01
-9.08e+01,-4.35e+01,6.90e+01,2.80e+01
-8.30e+01,-5.48e+01,6.30e+01,2.80e+01
-4.11e+02,-1.93e+02,6.00e+01,2.70e+01
-7.62e+01,-5.03e+01,6.10e+01,2.70e+01
-7.82e+01,-4.25e+01,6.10e+01,2.70e+01
-2.76e+02,-5.46e+01,6.40e+01,2.80e+01
-8.29e+01,-5.22e+01,7.10e+01,3.00e+01
-7.31e+01,-4.48e+01,7.10e+01,3.00e+01
-7.61e+01,-4.55e+01,7.10e+01,2.90e+01
-8.61e+01,-5.46e+01,6.00e+01,2.70e+01
-7.42e+01,-4.02e+01,6.10e+01,2.80e+01
-7.72e+01,-4.09e+01,6.90e+01,2.90e+01
-7.10e+01,-4.00e+01,6.80e+01,3.00e+01
-9.57e+01,-5.82e+01,6.10e+01,2.70e+01
-7.70e+01,-5.22e+01,6.90e+01,2.80e+01
-7.82e+01,-5.16e+01,6.30e+01,2.80e+01
-7.68e+01,-4.90e+01,6.00e+01,2.70e+01
-7.05e+01,-4.46e+01,6.20e+01,2.80e+01
-8.20e+01,-5.40e+01,6.40e+01,2.80e+01
-7.78e+01,-4.63e+01,6.40e+01,2.80e+01
-1.29e+02,-4.77e+01,6.70e+01,3.00e+01
-1.66e+02,-4.51e+01,6.00e+01,2.70e+01
-1.02e+02,-4.69e+01,6.30e+01,2.80e+01
-4.12e+02,-1.92e+02,6.30e+01,2.80e+01
-7.40e+01,-4.37e+01,6.90e+01,2.80e+01
-8.00e+01,-4.53e+01,6.30e+01,2.80e+01
-7.46e+01,-4.77e+01,7.10e+01,2.90e+01
-8.54e+01,-4.37e+01,6.90e+01,2.80e+01
-7.57e+01,-5.40e+01,6.00e+01,2.70e+01
-7.27e+01,-3.87e+01,6.50e+01,2.90e+01
-8.19e+01,-3.95e+01,6.00e+01,2.70e+01
-8.13e+01,-5.20e+01,7.00e+01,2.90e+01
-7.78e+01,-5.26e+01,6.20e+01,2.70e+01
-2.43e+02,-1.25e+02,6.90e+01,2.90e+01
-1.42e+02,-5.54e+01,6.90e+01,2.80e+01
-8.17e+01,-4.56e+01,7.00e+01,3.00e+01
-1.27e+02,-4.44e+01,6.80e+01,2.80e+01
-8.93e+01,-5.40e+01,6.80e+01,2.80e+01
-7.84e+01,-6.06e+01,6.40e+01,2.80e+01
-7.44e+01,-4.54e+01,6.20e+01,2.80e+01
-7.17e+01,-5.03e+01,6.10e+01,2.70e+01
-7.53e+01,-4.76e+01,6.20e+01,2.70e+01
-7.84e+01,-4.82e+01,7.10e+01,3.10e+01
-3.49e+02,-4.37e+01,6.10e+01,2.70e+01
-8.14e+01,-4.57e+01,6.80e+01,2.80e+01
-8.03e+01,-4.29e+01,6.90e+01,2.80e+01
-7.28e+01,-4.79e+01,6.90e+01,2.80e+01
-8.41e+01,-4.65e+01,6.80e+01,2.80e+01
-8.93e+01,-4.60e+01,7.20e+01,3.00e+01
-8.42e+01,-4.47e+01,6.90e+01,2.90e+01
-8.35e+01,-5.87e+01,6.90e+01,2.80e+01
-7.41e+01,-4.79e+01,6.10e+01,2.70e+01
-7.42e+01,-4.30e+01,6.50e+01,2.80e+01
-7.77e+01,-5.09e+01,6.40e+01,2.80e+01
-7.67e+01,-4.59e+01,6.10e+01,2.70e+01
-8.56e+01,-5.44e+01,6.00e+01,2.70e+01
-7.42e+01,-4.15e+01,7.00e+01,2.90e+01
-7.16e+01,-4.37e+01,7.20e+01,3.00e+01
-7.78e+01,-5.11e+01,6.40e+01,2.80e+01
-8.12e+01,-5.13e+01,6.10e+01,2.70e+01
-7.89e+01,-4.70e+01,6.30e+01,2.80e+01
-7.71e+01,-5.94e+01,6.40e+01,2.80e+01
-7.35e+01,-3.83e+01,6.40e+01,2.80e+01
-8.29e+01,-5.04e+01,6.50e+01,2.80e+01
-7.93e+01,-4.81e+01,6.00e+01,2.70e+01
-7.52e+01,-5.13e+01,6.10e+01,2.70e+01
-1.25e+02,-4.34e+01,6.90e+01,2.80e+01
-7.65e+01,-4.34e+01,6.30e+01,2.80e+01
-7.52e+01,-4.43e+01,6.40e+01,2.80e+01
-1.81e+02,-4.91e+01,6.80e+01,2.80e+01
-7.25e+01,-4.65e+01,6.00e+01,2.70e+01
-1.00e+02,-4.73e+01,6.40e+01,2.80e+01
-7.49e+01,-5.00e+01,6.00e+01,2.70e+01
-7.03e+01,-4.78e+01,6.00e+01,2.70e+01
-1.13e+02,-6.69e+01,7.00e+01,2.80e+01
-7.51e+01,-5.15e+01,6.00e+01,2.70e+01
-7.69e+01,-4.25e+01,7.00e+01,2.90e+01
-8.12e+01,-4.74e+01,6.80e+01,2.80e+01
-8.54e+01,-4.24e+01,6.30e+01,2.80e+01
-7.68e+01,-4.11e+01,6.00e+01,2.70e+01
-7.85e+01,-4.36e+01,6.50e+01,2.80e+01
-7.09e+01,-3.85e+01,6.00e+01,2.70e+01
-8.00e+01,-3.99e+01,6.10e+01,2.70e+01
-7.67e+01,-4.90e+01,6.10e+01,2.80e+01
-8.64e+01,-5.40e+01,6.40e+01,2.90e+01
-7.74e+01,-4.94e+01,6.10e+01,2.70e+01
-8.65e+01,-4.68e+01,6.00e+01,2.70e+01
-1.09e+02,-4.34e+01,6.00e+01,2.70e+01
