-8.29e+01,-5.49e+01,1.14e+02,4.50e+01
-8.44e+01,-5.18e+01,1.09e+02,4.30e+01
-7.07e+01,-4.25e+01,1.06e+02,4.10e+01
-7.81e+01,-4.29e+01,1.10e+02,4.30e+01
-7.59e+01,-4.49e+01,1.12e+02,4.30e+01
-8.09e+01,-6.07e+01,1.12e+02,4.40e+01
-7.40e+01,-5.43e+01,1.06e+02,4.10e+01
-7.62e+01,-4.57e+01,1.08e+02,4.10e+01
-8.94e+01,-5.30e+01,1.09e+02,4.30e+01
-7.24e+01,-4.38e+01,1.11e+02,4.30e+01
-7.93e+01,-4.98e+01,1.11e+02,4.10e+01
-8.22e+01,-4.35e+01,1.10e+02,4.30e+01
-7.67e+01,-5.46e+01,1.10e+02,4.30e+01
-7.60e+01,-4.20e+01,1.11e+02,4.40e+01
-7.36e+01,-4.50e+01,1.07e+02,4.10e+01
-7.67e+01,-5.31e+01,1.06e+02,4.10e+01
-7.71e+01,-4.87e+01,1.08e+02,4.20e+01
-7.61e+01,-4.93e+01,1.12e+02,4.30e+01
-6.88e+01,-3.86e+01,1.09e+02,4.30e+01
-8.97e+01,-4.64e+01,1.13e+02,4.30e+01
-7.08e+01,-3.98e+01,1.09e+02,4.30e+01
-7.42e+01,-4.58e+01,1.07e+02,4.10e+01
-7.68e+01,-4.85e+01,1.12e+02,4.20e+01
-7.73e+01,-3.99e+01,1.10e+02,4.30e+01
-8.47e+01,-5.40e+01,1.13e+02,4.30e+01
-7.61e+01,-5.55e+01,1.12e+02,4.30e+01
-9.35e+01,-4.86e+01,1.09e+02,4.30e+01
-6.91e+01,-4.46e+01,1.06e+02,4.10e+01
-7.94e+01,-4.28e+01,1.10e+02,4.30e+01
-7.03e+01,-4.22e+01,1.06e+02,4.10e+01
-7.72e+01,-4.07e+01,1.09e+02,4.30e+01
-7.20e+01,-5.07e+01,1.06e+02,4.10e+01
-6.93e+01,-4.06e+01,1.10e+02,4.10e+01
-7.46e+01,-4.92e+01,1.09e+02,4.30e+01
-8.18e+01,-5.09e+01,1.15e+02,4.50e+01
-3.51e+02,-5.32e+01,1.07e+02,4.10e+01
-7.02e+01,-4.05e+01,1.09e+02,4.30e+01
-1.21e+02,-4.75e+01,1.12e+02,4.30e+01
-7.96e+01,-4.34e+01,1.09e+02,4.30e+01
-6.89e+01,-4.07e+01,1.13e+02,4.40e+01
-7.49e+01,-5.07e+01,1.10e+02,4.30e+01
-7.40e+01,-4.68e+01,1.07e+02,4.10e+01
-7.80e+01,-4.84e+01,1.08e+02,4.20e+01
-7.20e+01,-3.99e+01,1.12e+02,4.30e+01
-8.12e+01,-5.80e+01,1.12e+02,4.10e+01
-7.29e+01,-4.56e+01,1.09e+02,4.30e+01
-7.24e+01,-4.78e+01,1.09e+02,4.30e+01
-7.48e+01,-5.47e+01,1.10e+02,4.30e+01
-8.40e+01,-5.14e+01,1.11e+02,4.40e+01
-1.34e+02,-4.29e+01,1.12e+02,4.30e+01
-7.77e+01,-4.72e+01,1.07e+02,4.20e+01
-8.35e+01,-4.23e+01,1.06e+02,4.10e+01
-6.75e+01,-4.64e+01,1.12e+02,4.30e+01
-7.31e+01,-4.09e+01,1.10e+02,4.30e+01
-7.38e+01,-4.32e+01,1.16e+02,4.60e+01
-8.77e+01,-4.67e+01,1.06e+02,4.10e+01
-8.73e+01,-5.17e+01,1.12e+02,4.30e+01
-7.14e+01,-5.15e+01,1.07e+02,4.10e+01
-7.23e+01,-4.67e+01,1.07e+02,4.10e+01
-7.04e+01,-4.70e+01,1.13e+02,4.30e+01
-8.37e+01,-5.31e+01,1.08e+02,4.10e+01
-7.98e+01,-5.12e+01,1.08e+02,4.20e+01
-1.24e+02,-4.43e+01,1.06e+02,4.10e+01
-7.34e+01,-5.06e+01,1.14e+02,4.50e+01
-7.71e+01,-4.41e+01,1.08e+02,4.10e+01
-7.36e+01,-4.96e+01,1.10e+02,4.20e+01
-1.23e+02,-3.83e+01,1.14e+02,4.50e+01
-3.99e+02,-1.18e+02,1.12e+02,4.20e+01
-6.85e+01,-4.14e+01,1.12e+02,4.40e+01
-9.12e+01,-4.93e+01,1.10e+02,4.40e+01
-8.00e+01,-4.58e+01,1.12e+02,4.30e+01
-7.84e+01,-4.74e+01,1.10e+02,4.30e+01
-9.27e+01,-4.84e+01,1.06e+02,4.10e+01
-9.83e+01,-4.09e+01,1.06e+02,4.10e+01
-7.89e+01,-4.08e+01,1.08e+02,4.10e+01
-7.70e+01,-4.03e+01,1.12e+02,4.40e+01
-7.35e+01,-4.16e+01,1.15e+02,4.50e+01
-7.37e+01,-4.18e+01,1.14e+02,4.50e+01
-8.04e+01,-4.88e+01,1.10e+02,4.30e+01
-6.80e+01,-4.44e+01,1.07e+02,4.10e+01
-7.31e+01,-5.27e+01,1.06e+02,4.10e+01
-7.24e+01,-4.70e+01,1.07e+02,4.10e+01
-7.29e+01,-4.51e+01,1.10e+02,4.30e+01
-6.84e+01,-4.43e+01,1.11e+02,4.10e+01
-7.58e+01,-5.14e+01,1.13e+02,4.40e+01
-7.30e+01,-4.56e+01,1.13e+02,4.30e+01
-7.60e+01,-5.29e+01,1.09e+02,4.30e+01
-7.34e+01,-4.36e+01,1.06e+02,4.10e+01
-9.09e+01,-4.90e+01,1.06e+02,4.10e+01
-7.25e+01,-4.79e+01,1.13e+02,4.20e+01
-6.82e+01,-4.70e+01,1.10e+02,4.30e+01
-7.84e+01,-5.40e+01,1.14e+02,4.50e+01
-7.64e+01,-5.37e+01,1.08e+02,4.20e+01
-7.10e+01,-4.33e+01,1.06e+02,4.10e+01
-7.27e+01,-4.70e+01,1.09e+02,4.30e+01
-9.27e+01,-5.28e+01,1.06e+02,4.10e+01
-7.22e+01,-4.85e+01,1.11e+02,4.30e+01
-6.78e+01,-4.71e+01,1.13e+02,4.40e+01
-7.47e+01,-4.69e+01,1.14e+02,4.50e+01
-6.88e+01,-4.55e+01,1.06e+02,4.10e+01
-6.55e+01,-3.99e+01,1.09e+02,4.30e+01
-7.49e+01,-5.48e+01,1.14e+02,4.50e+01
-7.14e+01,-4.53e+01,1.12e+02,4.30e+01
-7.05e+01,-4.26e+01,1.11e+02,4.30e+01
-7.89e+01,-4.88e+01,1.10e+02,4.30e+01
-7.61e+01,-4.85e+01,1.11e+02,4.40e+01
-7.47e+01,-4.60e+01,1.10e+02,4.30e+01
-6.58e+01,-4.43e+01,1.14e+02,4.50e+01
-7.78e+01,-5.43e+01,1.09e+02,4.30e+01
-8.57e+01,-4.75e+01,1.06e+02,4.10e+01
-7.65e+01,-4.84e+01,1.06e+02,4.10e+01
-8.13e+01,-4.59e+01,1.14e+02,4.50e+01
-7.31e+01,-4.70e+01,1.13e+02,4.30e+01
-7.29e+01,-5.06e+01,1.11e+02,4.40e+01
-7.22e+01,-4.95e+01,1.11e+02,4.30e+01
-7.54e+01,-3.82e+01,1.12e+02,4.40e+01
-7.53e+01,-4.65e+01,1.10e+02,4.30e+01
-7.87e+01,-5.53e+01,1.06e+02,4.10e+01
-8.56e+01,-4.40e+01,1.13e+02,4.30e+01
-7.09e+01,-4.82e+01,1.11e+02,4.30e+01
-6.98e+01,-3.92e+01,1.07e+02,4.10e+01
-6.98e+01,-4.07e+01,1.10e+02,4.30e+01
-1.43e+02,-5.39e+01,1.10e+02,4.30e+01
-7.44e+01,-4.47e+01,1.09e+02,4.30e+01
-6.83e+01,-4.63e+01,1.06e+02,4.10e+01
-7.33e+01,-5.36e+01,1.09e+02,4.10e+01
-8.26e+01,-3.84e+01,1.10e+02,4.30e+01
-7.97e+01,-5.16e+01,1.07e+02,4.10e+01
-3.96e+02,-1.17e+02,1.12e+02,4.40e+01
-7.43e+01,-4.28e+01,1.06e+02,4.10e+01
-3.80e+02,-1.26e+02,1.11e+02,4.30e+01
-7.27e+01,-4.49e+01,1.11e+02,4.40e+01
-8.23e+01,-5.24e+01,1.09e+02,4.30e+01
-7.61e+01,-4.60e+01,1.10e+02,4.40e+01
-7.29e+01,-5.40e+01,1.10e+02,4.30e+01
-7.25e+01,-4.57e+01,1.13e+02,4.30e+01
-8.51e+01,-4.09e+01,1.12e+02,4.10e+01
-7.83e+01,-5.10e+01,1.10e+02,4.30e+01
-8.03e+01,-5.17e+01,1.10e+02,4.30e+01
-8.03e+01,-5.57e+01,1.07e+02,4.10e+01
-7.93e+01,-5.51e+01,1.09e+02,4.30e+01
-6.87e+01,-4.59e+01,1.11e+02,4.30e+01
-7.22e+01,-4.94e+01,1.11e+02,4.40e+01
-8.76e+01,-6.16e+01,1.15e+02,4.50e+01
-7.88e+01,-5.72e+01,1.12e+02,4.40e+01
-7.51e+01,-5.12e+01,1.10e+02,4.30e+01
-7.50e+01,-3.97e+01,1.09e+02,4.30e+01
-7.40e+01,-4.36e+01,1.13e+02,4.40e+01
-7.31e+01,-4.32e+01,1.10e+02,4.30e+01
-8.15e+01,-4.79e+01,1.11e+02,4.30e+01
-7.70e+01,-4.66e+01,1.10e+02,4.30e+01
-7.26e+01,-4.83e+01,1.10e+02,4.30e+01
-1.26e+02,-4.75e+01,1.06e+02,4.10e+01
-7.39e+01,-4.31e+01,1.11e+02,4.40e+01
-7.32e+01,-4.20e+01,1.13e+02,4.30e+01
-7.46e+01,-4.70e+01,1.10e+02,4.30e+01
-7.13e+01,-5.03e+01,1.12e+02,4.40e+01
-6.94e+01,-5.24e+01,1.07e+02,4.10e+01
-7.26e+01,-4.80e+01,1.10e+02,4.30e+01
-7.36e+01,-4.30e+01,1.14e+02,4.50e+01
-6.91e+01,-4.19e+01,1.13e+02,4.30e+01
-7.04e+01,-4.63e+01,1.06e+02,4.10e+01
-8.23e+01,-6.46e+01,1.12e+02,4.30e+01
-6.83e+01,-4.78e+01,1.07e+02,4.10e+01
-8.27e+01,-5.76e+01,1.08e+02,4.20e+01
-7.28e+01,-4.85e+01,1.15e+02,4.50e+01
-7.33e+01,-4.82e+01,1.14e+02,4.30e+01
-8.00e+01,-4.11e+01,1.10e+02,4.30e+01
-8.30e+01,-5.54e+01,1.13e+02,4.50e+01
-6.86e+01,-4.83e+01,1.14e+02,4.50e+01
-7.69e+01,-4.17e+01,1.10e+02,4.40e+01
-6.83e+01,-4.49e+01,1.12e+02,4.40e+01
-7.76e+01,-4.71e+01,1.10e+02,4.30e+01
-7.35e+01,-4.66e+01,1.09e+02,4.20e+01
-7.90e+01,-5.38e+01,1.13e+02,4.30e+01
-7.45e+01,-4.89e+01,1.10e+02,4.30e+01
-7.59e+01,-4.41e+01,1.14e+02,4.30e+01
-8.04e+01,-5.36e+01,1.07e+02,4.10e+01
-7.07e+01,-4.66e+01,1.07e+02,4.10e+01
-7.24e+01,-4.29e+01,1.10e+02,4.30e+01
-8.25e+01,-4.02e+01,1.13e+02,4.30e+01
-1.31e+02,-4.64e+01,1.12e+02,4.30e+01
-6.87e+01,-4.72e+01,1.13e+02,4.40e+01
-7.50e+01,-4.96e+01,1.11e+02,4.40e+01
-7.74e+01,-5.18e+01,1.10e+02,4.30e+01
-3.98e+02,-1.18e+02,1.06e+02,4.10e+01
-7.03e+01,-4.09e+01,1.07e+02,4.10e+01
-9.29e+01,-4.55e+01,1.10e+02,4.30e+01
-8.11e+01,-5.10e+01,1.11e+02,4.30e+01
-8.45e+01,-4.04e+01,1.09e+02,4.30e+01
-1.16e+02,-5.25e+01,1.12e+02,4.30e+01
-7.78e+01,-4.88e+01,1.14e+02,4.50e+01
