-2.32e+02,-8.35e+01,7.00e+00,1.00e+01
-2.39e+02,-7.73e+01,7.00e+00,1.00e+01
-2.40e+02,-8.53e+01,7.00e+00,1.00e+01
-2.32e+02,-6.75e+01,7.00e+00,1.00e+01
-2.26e+02,-6.90e+01,8.00e+00,1.00e+01
-2.25e+02,-6.74e+01,7.00e+00,1.00e+01
-2.33e+02,-7.86e+01,8.00e+00,1.00e+01
-2.28e+02,-6.76e+01,7.00e+00,1.00e+01
-2.26e+02,-6.68e+01,7.00e+00,1.00e+01
-2.34e+02,-8.42e+01,8.00e+00,1.00e+01
-2.28e+02,-7.36e+01,7.00e+00,1.00e+01
-2.28e+02,-7.08e+01,8.00e+00,1.10e+01
-2.30e+02,-7.40e+01,7.00e+00,1.00e+01
-2.41e+02,-9.03e+01,8.00e+00,1.00e+01
-2.27e+02,-7.28e+01,7.00e+00,1.00e+01
-2.32e+02,-7.81e+01,9.00e+00,1.00e+01
-2.39e+02,-8.43e+01,7.00e+00,1.00e+01
-2.32e+02,-7.76e+01,7.00e+00,1.00e+01
-2.28e+02,-7.32e+01,8.00e+00,1.00e+01
-2.30e+02,-6.84e+01,7.00e+00,1.00e+01
-3.27e+02,-9.11e+01,7.00e+00,1.00e+01
-5.00e+02,-5.00e+02,8.00e+00,1.10e+01
-2.29e+02,-6.96e+01,8.00e+00,1.00e+01
-4.07e+02,-2.14e+02,8.00e+00,1.10e+01
-2.33e+02,-7.47e+01,8.00e+00,1.00e+01
-5.00e+02,-5.00e+02,7.00e+00,1.00e+01
-2.29e+02,-6.79e+01,7.00e+00,1.00e+01
-2.90e+02,-6.98e+01,7.00e+00,1.00e+01
-2.26e+02,-6.76e+01,7.00e+00,1.00e+01
-2.31e+02,-7.84e+01,7.00e+00,1.00e+01
-2.38e+02,-6.86e+01,7.00e+00,1.00e+01
-2.52e+02,-1.18e+02,8.00e+00,1.00e+01
-2.27e+02,-6.58e+01,7.00e+00,1.00e+01
-2.33e+02,-7.97e+01,7.00e+00,1.00e+01
-2.32e+02,-7.38e+01,8.00e+00,1.00e+01
-2.32e+02,-7.11e+01,7.00e+00,1.00e+01
-2.33e+02,-7.04e+01,7.00e+00,1.00e+01
-2.29e+02,-7.17e+01,7.00e+00,1.00e+01
-2.31e+02,-6.75e+01,7.00e+00,1.00e+01
-2.27e+02,-6.04e+01,8.00e+00,1.00e+01
-2.30e+02,-7.60e+01,7.00e+00,1.00e+01
-3.20e+02,-9.82e+01,8.00e+00,1.00e+01
-4.06e+02,-1.57e+02,7.00e+00,1.00e+01
-4.14e+02,-2.39e+02,7.00e+00,1.00e+01
-2.34e+02,-7.89e+01,8.00e+00,1.00e+01
-5.00e+02,-5.00e+02,7.00e+00,1.00e+01
-4.72e+02,-3.71e+02,8.00e+00,1.00e+01
-2.45e+02,-7.07e+01,7.00e+00,1.00e+01
-2.26e+02,-6.61e+01,8.00e+00,1.00e+01
-2.36e+02,-9.43e+01,8.00e+00,1.00e+01
-2.31e+02,-7.07e+01,7.00e+00,1.00e+01
-5.00e+02,-5.00e+02,7.00e+00,1.00e+01
-3.27e+02,-1.10e+02,8.00e+00,1.00e+01
-2.27e+02,-6.88e+01,7.00e+00,1.00e+01
-5.00e+02,-5.00e+02,7.00e+00,1.00e+01
-2.38e+02,-8.07e+01,8.00e+00,1.00e+01
-2.42e+02,-6.60e+01,7.00e+00,1.00e+01
-2.35e+02,-7.18e+01,8.00e+00,1.00e+01
-4.49e+02,-3.39e+02,8.00e+00,1.00e+01
-2.29e+02,-6.77e+01,7.00e+00,1.00e+01
-3.40e+02,-1.12e+02,7.00e+00,1.00e+01
-5.00e+02,-5.00e+02,7.00e+00,1.00e+01
-2.48e+02,-6.79e+01,7.00e+00,1.00e+01
-2.26e+02,-7.55e+01,7.00e+00,1.00e+01
-2.41e+02,-8.89e+01,7.00e+00,1.00e+01
-3.42e+02,-9.79e+01,7.00e+00,1.00e+01
-2.28e+02,-6.74e+01,8.00e+00,1.00e+01
-2.27e+02,-6.47e+01,7.00e+00,1.00e+01
-2.31e+02,-7.50e+01,7.00e+00,1.00e+01
-2.40e+02,-6.96e+01,7.00e+00,1.00e+01
-4.45e+02,-1.68e+02,8.00e+00,1.10e+01
-2.35e+02,-8.22e+01,8.00e+00,1.00e+01
-2.24e+02,-6.80e+01,7.00e+00,1.00e+01
-2.29e+02,-6.83e+01,7.00e+00,1.00e+01
-2.25e+02,-6.77e+01,7.00e+00,1.00e+01
-2.29e+02,-6.86e+01,8.00e+00,1.00e+01
-2.43e+02,-7.07e+01,7.00e+00,1.00e+01
-2.40e+02,-6.96e+01,7.00e+00,1.00e+01
-5.00e+02,-5.00e+02,8.00e+00,1.00e+01
-2.72e+02,-7.98e+01,7.00e+00,1.00e+01
-2.37e+02,-7.47e+01,8.00e+00,1.00e+01
-2.34e+02,-8.66e+01,8.00e+00,1.00e+01
-2.27e+02,-6.66e+01,7.00e+00,1.00e+01
-4.30e+02,-2.19e+02,8.00e+00,1.00e+01
-3.83e+02,-1.76e+02,7.00e+00,1.00e+01
-2.31e+02,-8.09e+01,7.00e+00,1.00e+01
-2.33e+02,-8.50e+01,7.00e+00,1.00e+01
-2.33e+02,-7.49e+01,7.00e+00,1.00e+01
-2.28e+02,-6.27e+01,8.00e+00,1.00e+01
-2.35e+02,-8.29e+01,7.00e+00,1.00e+01
-3.46e+02,-1.16e+02,8.00e+00,1.10e+01
-5.00e+02,-5.00e+02,8.00e+00,1.00e+01
-2.31e+02,-8.03e+01,7.00e+00,1.00e+01
-3.45e+02,-1.16e+02,7.00e+00,1.00e+01
-2.30e+02,-7.20e+01,7.00e+00,1.00e+01
-3.03e+02,-7.54e+01,7.00e+00,1.00e+01
-4.53e+02,-2.18e+02,7.00e+00,1.00e+01
-2.31e+02,-7.53e+01,7.00e+00,1.00e+01
-2.28e+02,-7.12e+01,7.00e+00,1.00e+01
-2.48e+02,-8.15e+01,7.00e+00,1.00e+01
-2.33e+02,-6.83e+01,7.00e+00,1.00e+01
-2.32e+02,-8.14e+01,7.00e+00,1.00e+01
-3.13e+02,-7.94e+01,8.00e+00,1.00e+01
-2.28e+02,-7.22e+01,7.00e+00,1.00e+01
-2.35e+02,-7.57e+01,7.00e+00,1.00e+01
-5.00e+02,-5.00e+02,7.00e+00,1.00e+01
-5.00e+02,-5.00e+02,7.00e+00,1.00e+01
-5.00e+02,-5.00e+02,8.00e+00,1.00e+01
-2.34e+02,-6.98e+01,7.00e+00,1.00e+01
-5.00e+02,-5.00e+02,8.00e+00,1.00e+01
-2.33e+02,-8.17e+01,7.00e+00,1.00e+01
-4.97e+02,-4.85e+02,8.00e+00,1.00e+01
-2.31e+02,-7.77e+01,7.00e+00,1.00e+01
-3.16e+02,-8.91e+01,8.00e+00,1.00e+01
-5.00e+02,-5.00e+02,8.00e+00,1.00e+01
-2.53e+02,-1.03e+02,8.00e+00,1.00e+01
-2.37e+02,-7.92e+01,7.00e+00,1.00e+01
-2.32e+02,-7.97e+01,8.00e+00,1.00e+01
-2.27e+02,-6.10e+01,8.00e+00,1.00e+01
-2.30e+02,-8.07e+01,7.00e+00,1.00e+01
-2.34e+02,-8.10e+01,7.00e+00,1.00e+01
-2.43e+02,-8.85e+01,8.00e+00,1.00e+01
-5.00e+02,-5.00e+02,9.00e+00,1.00e+01
-2.41e+02,-8.09e+01,7.00e+00,1.00e+01
-5.00e+02,-5.00e+02,8.00e+00,1.00e+01
-2.30e+02,-7.11e+01,7.00e+00,1.00e+01
-2.27e+02,-7.92e+01,7.00e+00,1.00e+01
-3.29e+02,-9.34e+01,8.00e+00,1.00e+01
-2.30e+02,-8.02e+01,8.00e+00,1.00e+01
-4.41e+02,-1.50e+02,7.00e+00,1.00e+01
-3.35e+02,-1.15e+02,7.00e+00,1.00e+01
-2.56e+02,-1.22e+02,8.00e+00,1.00e+01
-3.52e+02,-1.05e+02,7.00e+00,1.00e+01
-3.99e+02,-1.88e+02,7.00e+00,1.00e+01
-2.90e+02,-6.90e+01,7.00e+00,1.00e+01
-3.14e+02,-9.18e+01,8.00e+00,1.00e+01
-2.34e+02,-7.13e+01,7.00e+00,1.00e+01
-2.82e+02,-9.78e+01,8.00e+00,1.10e+01
-2.34e+02,-8.38e+01,7.00e+00,1.00e+01
-4.98e+02,-4.89e+02,8.00e+00,1.00e+01
-5.00e+02,-5.00e+02,8.00e+00,1.00e+01
-2.40e+02,-7.13e+01,7.00e+00,1.00e+01
-2.41e+02,-7.18e+01,7.00e+00,1.00e+01
-4.35e+02,-2.74e+02,7.00e+00,1.00e+01
-3.18e+02,-8.48e+01,9.00e+00,1.10e+01
-5.00e+02,-5.00e+02,7.00e+00,1.00e+01
-4.40e+02,-1.42e+02,7.00e+00,1.00e+01
-2.63e+02,-6.67e+01,8.00e+00,1.00e+01
-2.31e+02,-7.73e+01,7.00e+00,1.00e+01
-2.34e+02,-7.30e+01,8.00e+00,1.00e+01
-4.23e+02,-2.09e+02,8.00e+00,1.00e+01
-2.28e+02,-6.54e+01,7.00e+00,1.00e+01
-5.00e+02,-5.00e+02,8.00e+00,1.00e+01
-2.36e+02,-8.15e+01,8.00e+00,1.00e+01
-2.27e+02,-6.35e+01,7.00e+00,1.00e+01
-2.53e+02,-1.19e+02,8.00e+00,1.00e+01
-2.25e+02,-5.90e+01,7.00e+00,1.00e+01
-5.00e+02,-5.00e+02,7.00e+00,1.00e+01
-2.29e+02,-6.46e+01,7.00e+00,1.00e+01
-5.00e+02,-5.00e+02,7.00e+00,1.00e+01
-2.60e+02,-6.95e+01,8.00e+00,1.00e+01
-2.47e+02,-8.47e+01,8.00e+00,1.10e+01
-5.00e+02,-5.00e+02,8.00e+00,1.00e+01
-3.08e+02,-8.36e+01,7.00e+00,1.00e+01
-2.28e+02,-7.49e+01,8.00e+00,1.00e+01
-2.29e+02,-6.30e+01,7.00e+00,1.00e+01
-2.32e+02,-6.96e+01,8.00e+00,1.10e+01
-2.31e+02,-6.88e+01,7.00e+00,1.00e+01
-2.53e+02,-1.19e+02,8.00e+00,1.00e+01
-4.58e+02,-2.49e+02,7.00e+00,1.00e+01
-5.00e+02,-5.00e+02,7.00e+00,1.00e+01
-5.00e+02,-5.00e+02,7.00e+00,1.00e+01
-2.29e+02,-7.36e+01,7.00e+00,1.00e+01
-2.27e+02,-7.38e+01,9.00e+00,1.10e+01
-3.45e+02,-8.87e+01,7.00e+00,1.00e+01
-4.43e+02,-2.45e+02,9.00e+00,1.10e+01
-2.33e+02,-7.30e+01,7.00e+00,1.00e+01
-5.00e+02,-5.00e+02,8.00e+00,1.00e+01
-2.44e+02,-8.59e+01,8.00e+00,1.00e+01
-2.34e+02,-7.50e+01,7.00e+00,1.00e+01
-2.37e+02,-7.85e+01,7.00e+00,1.00e+01
-2.38e+02,-7.80e+01,8.00e+00,1.00e+01
-5.00e+02,-5.00e+02,8.00e+00,1.00e+01
-2.30e+02,-7.78e+01,8.00e+00,1.00e+01
-2.30e+02,-7.62e+01,8.00e+00,1.00e+01
-2.30e+02,-7.76e+01,7.00e+00,1.00e+01
-5.00e+02,-5.00e+02,7.00e+00,1.00e+01
-2.49e+02,-7.92e+01,8.00e+00,1.00e+01
-3.19e+02,-1.06e+02,8.00e+00,1.00e+01
-2.39e+02,-6.82e+01,7.00e+00,1.00e+01
-4.98e+02,-4.88e+02,8.00e+00,1.00e+01
-2.26e+02,-5.86e+01,7.00e+00,1.00e+01
