-2.31e+02,-7.63e+01,1.00e+01,1.00e+01
-2.33e+02,-6.29e+01,1.10e+01,1.00e+01
-2.28e+02,-6.93e+01,1.00e+01,1.00e+01
-2.26e+02,-6.61e+01,1.10e+01,1.00e+01
-2.30e+02,-7.66e+01,1.00e+01,1.00e+01
-2.27e+02,-6.85e+01,1.10e+01,1.00e+01
-2.34e+02,-7.21e+01,1.00e+01,1.00e+01
-2.28e+02,-7.23e+01,1.10e+01,1.00e+01
-2.35e+02,-7.04e+01,1.00e+01,1.00e+01
-2.30e+02,-7.30e+01,1.10e+01,1.10e+01
-2.35e+02,-7.21e+01,1.00e+01,1.00e+01
-2.27e+02,-6.55e+01,1.10e+01,1.00e+01
-2.32e+02,-8.18e+01,1.00e+01,1.00e+01
-2.28e+02,-7.12e+01,1.10e+01,1.00e+01
-2.31e+02,-7.57e+01,1.00e+01,1.00e+01
-2.35e+02,-7.83e+01,1.10e+01,1.00e+01
-2.38e+02,-8.42e+01,1.00e+01,1.00e+01
-4.03e+02,-1.85e+02,1.20e+01,1.10e+01
-2.27e+02,-7.13e+01,1.20e+01,1.10e+01
-2.66e+02,-7.29e+01,1.10e+01,1.00e+01
-2.31e+02,-6.14e+01,1.10e+01,1.00e+01
-5.00e+02,-4.99e+02,1.00e+01,1.00e+01
-2.31e+02,-7.90e+01,1.20e+01,1.20e+01
-2.30e+02,-7.23e+01,1.00e+01,1.00e+01
-2.36e+02,-6.92e+01,1.10e+01,1.00e+01
-2.91e+02,-9.31e+01,1.00e+01,1.00e+01
-2.32e+02,-7.32e+01,1.00e+01,1.00e+01
-2.24e+02,-6.46e+01,1.10e+01,1.00e+01
-3.38e+02,-1.28e+02,1.00e+01,1.00e+01
-2.30e+02,-7.08e+01,1.10e+01,1.00e+01
-2.23e+02,-6.71e+01,1.20e+01,1.00e+01
-2.33e+02,-7.40e+01,1.20e+01,1.10e+01
-2.30e+02,-7.60e+01,1.10e+01,1.10e+01
-2.64e+02,-7.00e+01,1.00e+01,1.00e+01
-2.55e+02,-6.99e+01,1.10e+01,1.00e+01
-2.63e+02,-6.92e+01,1.00e+01,1.00e+01
-3.25e+02,-1.38e+02,1.20e+01,1.00e+01
-2.38e+02,-8.10e+01,1.00e+01,1.00e+01
-2.32e+02,-6.50e+01,1.10e+01,1.00e+01
-4.59e+02,-2.56e+02,1.10e+01,1.00e+01
-2.76e+02,-9.26e+01,1.10e+01,1.00e+01
-2.35e+02,-7.52e+01,1.20e+01,1.00e+01
-2.46e+02,-8.89e+01,1.10e+01,1.00e+01
-3.82e+02,-1.60e+02,1.10e+01,1.00e+01
-2.35e+02,-7.87e+01,1.00e+01,1.00e+01
-2.92e+02,-6.96e+01,1.00e+01,1.00e+01
-5.00e+02,-5.00e+02,1.00e+01,1.00e+01
-4.88e+02,-4.28e+02,1.20e+01,1.00e+01
-2.27e+02,-7.43e+01,1.00e+01,1.00e+01
-5.00e+02,-5.00e+02,1.00e+01,1.00e+01
-2.34e+02,-7.57e+01,1.10e+01,1.00e+01
-2.30e+02,-6.82e+01,1.00e+01,1.00e+01
-5.00e+02,-5.00e+02,1.10e+01,1.00e+01
-2.32e+02,-7.59e+01,1.10e+01,1.00e+01
-4.52e+02,-2.13e+02,1.10e+01,1.00e+01
-5.00e+02,-5.00e+02,1.00e+01,1.00e+01
-2.30e+02,-7.26e+01,1.00e+01,1.00e+01
-2.34e+02,-8.86e+01,1.10e+01,1.00e+01
-2.35e+02,-7.44e+01,1.10e+01,1.00e+01
-3.90e+02,-1.58e+02,1.10e+01,1.00e+01
-2.32e+02,-7.36e+01,1.10e+01,1.00e+01
-4.11e+02,-2.27e+02,1.10e+01,1.10e+01
-3.98e+02,-1.78e+02,1.20e+01,1.10e+01
-2.58e+02,-7.60e+01,1.00e+01,1.00e+01
-2.42e+02,-7.71e+01,1.10e+01,1.00e+01
-2.29e+02,-7.08e+01,1.00e+01,1.00e+01
-2.36e+02,-6.97e+01,1.10e+01,1.00e+01
-2.43e+02,-7.06e+01,1.00e+01,1.00e+01
-2.29e+02,-7.12e+01,1.00e+01,1.00e+01
-3.78e+02,-1.23e+02,1.10e+01,1.00e+01
-2.34e+02,-6.55e+01,1.10e+01,1.00e+01
-4.75e+02,-3.49e+02,1.10e+01,1.00e+01
-2.39e+02,-6.73e+01,1.00e+01,1.00e+01
-4.11e+02,-2.32e+02,1.10e+01,1.00e+01
-2.32e+02,-7.21e+01,1.00e+01,1.00e+01
-4.26e+02,-2.76e+02,1.10e+01,1.00e+01
-2.33e+02,-6.82e+01,1.00e+01,1.00e+01
-5.00e+02,-4.99e+02,1.10e+01,1.10e+01
-2.42e+02,-8.42e+01,1.00e+01,1.00e+01
-5.00e+02,-5.00e+02,1.20e+01,1.00e+01
-2.43e+02,-6.96e+01,1.10e+01,1.00e+01
-5.00e+02,-5.00e+02,1.10e+01,1.00e+01
-2.29e+02,-6.64e+01,1.00e+01,1.00e+01
-2.31e+02,-6.93e+01,1.00e+01,1.00e+01
-2.93e+02,-7.41e+01,1.00e+01,1.00e+01
-2.29e+02,-6.30e+01,1.00e+01,1.00e+01
-3.26e+02,-1.05e+02,1.00e+01,1.00e+01
-2.32e+02,-8.04e+01,1.00e+01,1.00e+01
-2.42e+02,-7.02e+01,1.00e+01,1.00e+01
-3.24e+02,-1.01e+02,1.10e+01,1.00e+01
-2.31e+02,-6.90e+01,1.00e+01,1.00e+01
-3.65e+02,-9.56e+01,1.10e+01,1.00e+01
-4.81e+02,-3.85e+02,1.10e+01,1.00e+01
-2.31e+02,-6.90e+01,1.10e+01,1.00e+01
-2.29e+02,-6.67e+01,1.00e+01,1.00e+01
-2.31e+02,-7.59e+01,1.10e+01,1.00e+01
-2.40e+02,-6.99e+01,1.10e+01,1.00e+01
-5.00e+02,-5.00e+02,1.00e+01,1.00e+01
-5.00e+02,-5.00e+02,1.10e+01,1.00e+01
-2.32e+02,-6.85e+01,1.10e+01,1.00e+01
-2.39e+02,-8.26e+01,1.00e+01,1.00e+01
-2.34e+02,-7.82e+01,1.00e+01,1.00e+01
-2.25e+02,-6.60e+01,1.10e+01,1.00e+01
-2.53e+02,-7.39e+01,1.00e+01,1.00e+01
-2.90e+02,-7.28e+01,1.10e+01,1.00e+01
-5.00e+02,-5.00e+02,1.10e+01,1.00e+01
-2.87e+02,-7.16e+01,1.00e+01,1.00e+01
-2.25e+02,-6.39e+01,1.10e+01,1.00e+01
-2.32e+02,-7.68e+01,1.00e+01,1.00e+01
-2.28e+02,-5.80e+01,1.00e+01,1.00e+01
-2.31e+02,-6.63e+01,1.10e+01,1.00e+01
-2.32e+02,-7.06e+01,1.00e+01,1.00e+01
-4.99e+02,-4.97e+02,1.10e+01,1.00e+01
-2.28e+02,-6.63e+01,1.00e+01,1.00e+01
-5.00e+02,-5.00e+02,1.10e+01,1.00e+01
-2.32e+02,-6.90e+01,1.00e+01,1.00e+01
-2.35e+02,-7.74e+01,1.00e+01,1.00e+01
-2.29e+02,-7.45e+01,1.10e+01,1.00e+01
-4.48e+02,-1.87e+02,1.10e+01,1.00e+01
-3.07e+02,-9.16e+01,1.00e+01,1.00e+01
-3.08e+02,-1.03e+02,1.10e+01,1.00e+01
-2.30e+02,-6.10e+01,1.20e+01,1.10e+01
-2.54e+02,-7.57e+01,1.00e+01,1.00e+01
-2.30e+02,-8.17e+01,1.10e+01,1.00e+01
-2.59e+02,-8.71e+01,1.00e+01,1.00e+01
-2.28e+02,-7.02e+01,1.10e+01,1.00e+01
-2.32e+02,-7.44e+01,1.10e+01,1.00e+01
-2.34e+02,-7.68e+01,1.00e+01,1.00e+01
-2.31e+02,-8.26e+01,1.10e+01,1.00e+01
-2.63e+02,-7.55e+01,1.10e+01,1.00e+01
-2.34e+02,-7.42e+01,1.00e+01,1.00e+01
-2.29e+02,-7.07e+01,1.00e+01,1.00e+01
-2.34e+02,-7.27e+01,1.00e+01,1.00e+01
-3.22e+02,-9.67e+01,1.10e+01,1.00e+01
-2.44e+02,-6.18e+01,1.10e+01,1.00e+01
-2.32e+02,-7.83e+01,1.20e+01,1.00e+01
-3.05e+02,-9.53e+01,1.10e+01,1.00e+01
-2.94e+02,-7.95e+01,1.10e+01,1.00e+01
-5.00e+02,-5.00e+02,1.20e+01,1.10e+01
-3.22e+02,-1.01e+02,1.00e+01,1.00e+01
-2.32e+02,-7.34e+01,1.00e+01,1.00e+01
-5.00e+02,-5.00e+02,1.00e+01,1.00e+01
-2.35e+02,-8.39e+01,1.00e+01,1.00e+01
-2.40e+02,-7.21e+01,1.10e+01,1.00e+01
-4.76e+02,-3.57e+02,1.10e+01,1.00e+01
-2.82e+02,-7.29e+01,1.00e+01,1.00e+01
-2.26e+02,-6.66e+01,1.10e+01,1.00e+01
-2.32e+02,-6.97e+01,1.10e+01,1.00e+01
-2.33e+02,-7.49e+01,1.10e+01,1.00e+01
-2.91e+02,-6.87e+01,1.10e+01,1.00e+01
-3.05e+02,-8.74e+01,1.10e+01,1.00e+01
-5.00e+02,-5.00e+02,1.10e+01,1.00e+01
-2.26e+02,-7.47e+01,1.20e+01,1.00e+01
-2.32e+02,-7.42e+01,1.10e+01,1.00e+01
-2.31e+02,-7.61e+01,1.10e+01,1.00e+01
-2.30e+02,-7.37e+01,1.10e+01,1.00e+01
-4.73e+02,-3.37e+02,1.10e+01,1.00e+01
-2.27e+02,-7.06e+01,1.00e+01,1.00e+01
-4.21e+02,-2.46e+02,1.20e+01,1.10e+01
-2.36e+02,-7.31e+01,1.00e+01,1.00e+01
-2.32e+02,-7.37e+01,1.00e+01,1.00e+01
-4.00e+02,-1.95e+02,1.10e+01,1.00e+01
-5.00e+02,-5.00e+02,1.10e+01,1.00e+01
-2.30e+02,-7.00e+01,1.00e+01,1.00e+01
-2.44e+02,-8.25e+01,1.10e+01,1.00e+01
-4.93e+02,-4.59e+02,1.10e+01,1.00e+01
-3.97e+02,-1.85e+02,1.20e+01,1.10e+01
-3.93e+02,-1.68e+02,1.10e+01,1.10e+01
-2.33e+02,-7.77e+01,1.00e+01,1.00e+01
-2.32e+02,-6.88e+01,1.10e+01,1.00e+01
-2.33e+02,-6.14e+01,1.00e+01,1.00e+01
-2.32e+02,-7.26e+01,1.10e+01,1.00e+01
-2.97e+02,-7.66e+01,1.00e+01,1.00e+01
-2.38e+02,-7.79e+01,1.00e+01,1.00e+01
-5.00e+02,-5.00e+02,1.00e+01,1.00e+01
-4.07e+02,-1.92e+02,1.00e+01,1.00e+01
-5.00e+02,-5.00e+02,1.00e+01,1.00e+01
-2.28e+02,-6.66e+01,1.00e+01,1.00e+01
-3.03e+02,-7.96e+01,1.10e+01,1.00e+01
-2.42e+02,-9.68e+01,1.00e+01,1.00e+01
-2.30e+02,-7.18e+01,1.10e+01,1.00e+01
-5.00e+02,-5.00e+02,1.10e+01,1.00e+01
-2.31e+02,-6.83e+01,1.20e+01,1.00e+01
-2.25e+02,-6.91e+01,1.00e+01,1.00e+01
-2.34e+02,-6.82e+01,1.10e+01,1.00e+01
-2.29e+02,-6.38e+01,1.00e+01,1.00e+01
-2.32e+02,-6.13e+01,1.10e+01,1.00e+01
-2.38e+02,-8.80e+01,1.10e+01,1.00e+01
-4.50e+02,-2.02e+02,1.20e+01,1.00e+01
-3.98e+02,-1.93e+02,1.10e+01,1.10e+01
-3.08e+02,-9.49e+01,1.10e+01,1.00e+01
-4.13e+02,-2.23e+02,1.00e+01,1.00e+01
