-2.32e+02,-7.68e+01,1.80e+01,1.20e+01
-2.29e+02,-7.22e+01,1.00e+01,1.00e+01
-2.30e+02,-6.98e+01,1.00e+01,1.00e+01
-2.33e+02,-7.81e+01,1.00e+01,1.00e+01
-2.36e+02,-6.99e+01,1.90e+01,1.20e+01
-2.35e+02,-7.18e+01,1.00e+01,1.00e+01
-2.31e+02,-6.77e+01,1.90e+01,1.20e+01
-2.27e+02,-7.18e+01,1.00e+01,1.00e+01
-2.36e+02,-7.79e+01,1.90e+01,1.20e+01
-2.26e+02,-6.80e+01,1.00e+01,1.00e+01
-2.29e+02,-7.08e+01,1.90e+01,1.20e+01
-2.31e+02,-7.08e+01,1.00e+01,1.00e+01
-2.30e+02,-8.02e+01,1.90e+01,1.10e+01
-2.38e+02,-7.52e+01,1.00e+01,1.00e+01
-2.41e+02,-7.09e+01,1.90e+01,1.20e+01
-2.29e+02,-6.22e+01,1.00e+01,1.00e+01
-2.34e+02,-7.59e+01,1.00e+01,1.00e+01
-2.30e+02,-6.95e+01,1.00e+01,1.00e+01
-2.80e+02,-6.92e+01,1.00e+01,1.00e+01
-2.28e+02,-7.09e+01,1.00e+01,1.00e+01
-2.30e+02,-6.78e+01,1.80e+01,1.20e+01
-2.35e+02,-7.08e+01,2.00e+01,1.20e+01
-2.25e+02,-7.41e+01,1.90e+01,1.20e+01
-4.61e+02,-2.96e+02,1.00e+01,1.00e+01
-2.63e+02,-1.10e+02,1.10e+01,1.00e+01
-2.38e+02,-9.07e+01,2.00e+01,1.20e+01
-2.28e+02,-7.01e+01,1.10e+01,1.00e+01
-5.00e+02,-5.00e+02,1.00e+01,1.00e+01
-2.32e+02,-6.50e+01,2.00e+01,1.20e+01
-2.39e+02,-7.93e+01,2.00e+01,1.20e+01
-2.32e+02,-5.98e+01,1.90e+01,1.20e+01
-2.28e+02,-6.84e+01,1.00e+01,1.00e+01
-2.31e+02,-7.57e+01,1.90e+01,1.20e+01
-5.00e+02,-5.00e+02,1.80e+01,1.20e+01
-3.41e+02,-1.52e+02,1.00e+01,1.00e+01
-4.52e+02,-2.13e+02,1.10e+01,1.00e+01
-2.32e+02,-7.45e+01,1.00e+01,1.00e+01
-5.00e+02,-5.00e+02,1.90e+01,1.20e+01
-2.31e+02,-7.21e+01,1.00e+01,1.00e+01
-2.53e+02,-9.42e+01,1.10e+01,1.00e+01
-2.41e+02,-6.18e+01,1.10e+01,1.10e+01
-2.24e+02,-6.26e+01,1.00e+01,1.00e+01
-2.38e+02,-9.15e+01,1.00e+01,1.00e+01
-4.14e+02,-2.35e+02,1.00e+01,1.00e+01
-2.25e+02,-6.47e+01,1.00e+01,1.00e+01
-2.30e+02,-6.57e+01,1.90e+01,1.20e+01
-2.49e+02,-1.12e+02,1.10e+01,1.10e+01
-5.00e+02,-5.00e+02,1.10e+01,1.00e+01
-2.37e+02,-8.08e+01,1.90e+01,1.20e+01
-2.31e+02,-7.21e+01,1.90e+01,1.30e+01
-2.28e+02,-7.13e+01,1.90e+01,1.20e+01
-5.00e+02,-5.00e+02,1.10e+01,1.00e+01
-2.31e+02,-7.08e+01,1.90e+01,1.20e+01
-2.31e+02,-8.28e+01,1.10e+01,1.00e+01
-2.28e+02,-6.45e+01,1.00e+01,1.00e+01
-2.32e+02,-7.71e+01,1.00e+01,1.00e+01
-2.34e+02,-6.80e+01,1.90e+01,1.20e+01
-2.31e+02,-7.44e+01,1.90e+01,1.20e+01
-5.00e+02,-5.00e+02,1.90e+01,1.20e+01
-2.60e+02,-1.10e+02,1.10e+01,1.00e+01
-3.51e+02,-1.28e+02,1.00e+01,1.00e+01
-2.38e+02,-8.15e+01,1.10e+01,1.00e+01
-2.28e+02,-6.56e+01,1.90e+01,1.20e+01
-2.39e+02,-8.40e+01,1.00e+01,1.00e+01
-3.48e+02,-1.46e+02,1.00e+01,1.00e+01
-2.34e+02,-7.32e+01,1.00e+01,1.00e+01
-2.34e+02,-7.79e+01,2.00e+01,1.20e+01
-2.34e+02,-8.46e+01,1.00e+01,1.00e+01
-2.29e+02,-6.99e+01,1.00e+01,1.00e+01
-5.00e+02,-4.99e+02,1.10e+01,1.10e+01
-2.34e+02,-8.29e+01,1.90e+01,1.20e+01
-5.00e+02,-5.00e+02,1.10e+01,1.00e+01
-2.37e+02,-7.68e+01,1.00e+01,1.00e+01
-5.00e+02,-5.00e+02,1.10e+01,1.00e+01
-3.57e+02,-1.41e+02,1.80e+01,1.20e+01
-2.40e+02,-7.02e+01,1.80e+01,1.20e+01
-3.73e+02,-1.05e+02,1.10e+01,1.00e+01
-2.28e+02,-5.88e+01,1.00e+01,1.00e+01
-2.38e+02,-6.84e+01,1.00e+01,1.00e+01
-2.88e+02,-6.85e+01,1.00e+01,1.00e+01
-5.00e+02,-5.00e+02,1.90e+01,1.20e+01
-5.00e+02,-5.00e+02,1.90e+01,1.20e+01
-2.30e+02,-6.30e+01,1.00e+01,1.00e+01
-5.00e+02,-4.99e+02,1.00e+01,1.00e+01
-4.54e+02,-2.27e+02,1.90e+01,1.20e+01
-2.30e+02,-6.92e+01,1.90e+01,1.20e+01
-5.00e+02,-5.00e+02,1.90e+01,1.20e+01
-2.34e+02,-6.59e+01,1.90e+01,1.20e+01
-2.27e+02,-6.47e+01,1.90e+01,1.20e+01
-4.15e+02,-2.39e+02,1.80e+01,1.20e+01
-2.36e+02,-8.65e+01,1.90e+01,1.20e+01
-2.43e+02,-7.82e+01,1.80e+01,1.20e+01
-2.27e+02,-6.70e+01,1.00e+01,1.00e+01
-2.32e+02,-7.62e+01,2.00e+01,1.30e+01
-4.49e+02,-1.94e+02,1.00e+01,1.00e+01
-5.00e+02,-5.00e+02,2.00e+01,1.20e+01
-2.33e+02,-6.50e+01,1.90e+01,1.20e+01
-2.36e+02,-8.16e+01,1.00e+01,1.00e+01
-4.54e+02,-3.17e+02,1.90e+01,1.20e+01
-5.00e+02,-5.00e+02,2.00e+01,1.20e+01
-2.31e+02,-7.27e+01,1.00e+01,1.00e+01
-2.27e+02,-6.98e+01,1.00e+01,1.00e+01
-2.37e+02,-7.42e+01,1.80e+01,1.20e+01
-2.76e+02,-7.81e+01,1.80e+01,1.20e+01
-2.62e+02,-7.48e+01,1.10e+01,1.10e+01
-3.96e+02,-1.84e+02,1.90e+01,1.20e+01
-2.26e+02,-6.50e+01,1.80e+01,1.20e+01
-2.30e+02,-6.98e+01,1.10e+01,1.10e+01
-2.28e+02,-6.82e+01,1.90e+01,1.20e+01
-5.00e+02,-5.00e+02,1.10e+01,1.00e+01
-3.83e+02,-1.10e+02,1.90e+01,1.20e+01
-3.01e+02,-8.63e+01,1.00e+01,1.00e+01
-2.50e+02,-9.44e+01,1.90e+01,1.30e+01
-2.39e+02,-7.67e+01,1.90e+01,1.20e+01
-2.28e+02,-7.26e+01,1.90e+01,1.20e+01
-4.27e+02,-2.77e+02,1.80e+01,1.20e+01
-5.00e+02,-5.00e+02,2.00e+01,1.20e+01
-5.00e+02,-5.00e+02,1.00e+01,1.00e+01
-2.32e+02,-7.06e+01,2.00e+01,1.20e+01
-2.56e+02,-7.66e+01,1.00e+01,1.00e+01
-2.33e+02,-7.28e+01,2.00e+01,1.20e+01
-2.62e+02,-6.66e+01,1.00e+01,1.00e+01
-2.38e+02,-7.70e+01,1.00e+01,1.00e+01
-2.39e+02,-8.59e+01,1.10e+01,1.00e+01
-2.45e+02,-7.05e+01,1.90e+01,1.20e+01
-2.29e+02,-6.78e+01,1.10e+01,1.00e+01
-2.46e+02,-7.00e+01,1.80e+01,1.20e+01
-2.89e+02,-6.66e+01,1.00e+01,1.00e+01
-2.30e+02,-7.60e+01,1.00e+01,1.00e+01
-2.34e+02,-8.26e+01,1.90e+01,1.20e+01
-2.31e+02,-7.48e+01,1.00e+01,1.00e+01
-3.25e+02,-1.04e+02,1.90e+01,1.20e+01
-5.00e+02,-5.00e+02,2.00e+01,1.20e+01
-3.66e+02,-1.41e+02,1.00e+01,1.00e+01
-3.97e+02,-1.81e+02,1.00e+01,1.00e+01
-4.58e+02,-2.49e+02,1.00e+01,1.00e+01
-2.32e+02,-7.45e+01,1.10e+01,1.10e+01
-2.28e+02,-6.99e+01,1.00e+01,1.00e+01
-2.33e+02,-8.25e+01,1.00e+01,1.00e+01
-3.11e+02,-1.18e+02,1.90e+01,1.20e+01
-3.35e+02,-1.02e+02,1.00e+01,1.00e+01
-2.34e+02,-8.00e+01,1.90e+01,1.20e+01
-2.31e+02,-6.34e+01,1.10e+01,1.10e+01
-2.29e+02,-6.60e+01,1.00e+01,1.00e+01
-2.36e+02,-7.02e+01,1.00e+01,1.00e+01
-2.35e+02,-8.21e+01,1.90e+01,1.20e+01
-5.00e+02,-5.00e+02,1.80e+01,1.20e+01
-3.14e+02,-9.58e+01,1.80e+01,1.20e+01
-2.31e+02,-7.35e+01,1.90e+01,1.20e+01
-2.28e+02,-6.67e+01,1.00e+01,1.00e+01
-4.26e+02,-2.42e+02,1.00e+01,1.00e+01
-2.34e+02,-6.88e+01,1.00e+01,1.00e+01
-4.48e+02,-1.88e+02,1.10e+01,1.00e+01
-2.57e+02,-1.18e+02,1.10e+01,1.00e+01
-3.71e+02,-9.55e+01,1.00e+01,1.00e+01
-2.28e+02,-7.30e+01,1.00e+01,1.00e+01
-3.12e+02,-1.21e+02,1.90e+01,1.20e+01
-4.53e+02,-2.20e+02,1.10e+01,1.00e+01
-2.28e+02,-6.60e+01,1.00e+01,1.00e+01
-2.33e+02,-7.12e+01,1.90e+01,1.20e+01
-2.31e+02,-7.34e+01,1.00e+01,1.00e+01
-2.43e+02,-7.71e+01,1.80e+01,1.20e+01
-2.52e+02,-7.71e+01,1.00e+01,1.00e+01
-2.30e+02,-6.87e+01,1.00e+01,1.00e+01
-2.31e+02,-7.05e+01,1.00e+01,1.00e+01
-2.25e+02,-6.80e+01,1.80e+01,1.20e+01
-2.61e+02,-8.62e+01,1.10e+01,1.10e+01
-2.35e+02,-7.43e+01,1.00e+01,1.00e+01
-2.34e+02,-7.14e+01,1.00e+01,1.00e+01
-2.34e+02,-7.34e+01,1.00e+01,1.00e+01
-4.80e+02,-3.83e+02,1.00e+01,1.00e+01
-2.31e+02,-7.00e+01,1.90e+01,1.20e+01
-4.17e+02,-2.33e+02,1.00e+01,1.00e+01
-2.35e+02,-7.53e+01,2.00e+01,1.20e+01
-2.36e+02,-6.49e+01,1.00e+01,1.00e+01
-2.30e+02,-7.23e+01,1.00e+01,1.00e+01
-2.58e+02,-7.78e+01,1.00e+01,1.00e+01
-2.40e+02,-8.50e+01,1.10e+01,1.00e+01
-5.00e+02,-5.00e+02,1.10e+01,1.00e+01
-3.70e+02,-1.03e+02,1.10e+01,1.00e+01
-2.37e+02,-7.84e+01,1.00e+01,1.00e+01
-4.22e+02,-2.57e+02,1.80e+01,1.20e+01
-2.30e+02,-8.41e+01,1.00e+01,1.00e+01
-5.00e+02,-5.00e+02,1.00e+01,1.00e+01
-2.33e+02,-6.78e+01,1.90e+01,1.20e+01
-2.31e+02,-7.60e+01,1.00e+01,1.00e+01
-2.30e+02,-6.66e+01,1.80e+01,1.20e+01
-2.32e+02,-7.05e+01,1.90e+01,1.20e+01
-3.95e+02,-1.82e+02,1.00e+01,1.00e+01
-2.33e+02,-7.81e+01,1.00e+01,1.00e+01
-2.32e+02,-7.14e+01,1.90e+01,1.20e+01
-2.29e+02,-7.36e+01,1.90e+01,1.20e+01
