-2.54e+01,7.93e+01,1.68e+02,6.20e+01
2.31e+01,1.47e+02,1.72e+02,6.30e+01
1.96e+00,8.22e+01,1.70e+02,6.30e+01
-8.74e+00,1.41e+02,1.68e+02,6.10e+01
1.11e+01,1.37e+02,1.68e+02,6.10e+01
8.21e+00,1.27e+02,1.68e+02,6.10e+01
8.08e-01,1.38e+02,1.68e+02,6.10e+01
-4.68e+01,9.52e+01,1.69e+02,6.20e+01
-3.99e+01,3.10e+01,1.69e+02,6.30e+01
1.35e+01,2.10e+02,1.69e+02,6.20e+01
-1.95e+01,4.45e+01,1.70e+02,6.20e+01
-7.25e+00,1.20e+02,1.69e+02,6.20e+01
-8.08e+00,8.12e+01,1.72e+02,6.30e+01
1.49e+00,1.58e+02,1.72e+02,6.40e+01
4.19e+01,2.01e+02,1.68e+02,6.10e+01
-5.75e+00,1.43e+02,1.70e+02,6.30e+01
4.08e+00,1.29e+02,1.69e+02,6.20e+01
2.38e+01,1.53e+02,1.72e+02,6.30e+01
-5.00e+00,6.74e+01,1.72e+02,6.40e+01
1.15e+01,1.28e+02,1.72e+02,6.30e+01
-1.84e+01,1.29e+02,1.68e+02,6.10e+01
-1.97e+01,4.61e+01,1.69e+02,6.10e+01
3.32e+01,1.99e+02,1.68e+02,6.10e+01
-3.06e+01,5.63e+01,1.72e+02,6.30e+01
5.29e+00,1.37e+02,1.73e+02,6.30e+01
-1.39e+01,7.20e+01,1.68e+02,6.10e+01
-1.37e+01,1.01e+02,1.68e+02,6.20e+01
-2.64e+01,6.15e+01,1.70e+02,6.30e+01
4.94e+01,2.66e+02,1.68e+02,6.10e+01
3.94e+01,2.57e+02,1.73e+02,6.30e+01
-3.29e+01,9.54e+01,1.72e+02,6.30e+01
1.25e+01,2.71e+02,1.72e+02,6.30e+01
1.89e+01,1.74e+02,1.72e+02,6.30e+01
-1.41e+00,1.42e+02,1.72e+02,6.30e+01
3.17e+01,2.46e+02,1.69e+02,6.10e+01
4.39e+01,2.18e+02,1.68e+02,6.20e+01
1.15e+01,1.62e+02,1.70e+02,6.30e+01
-2.16e+00,1.19e+02,1.73e+02,6.30e+01
-3.77e+01,1.60e+01,1.71e+02,6.30e+01
-2.88e+01,4.80e+01,1.72e+02,6.30e+01
-3.43e+01,3.19e+01,1.73e+02,6.30e+01
2.37e+01,1.73e+02,1.72e+02,6.30e+01
2.45e+01,1.94e+02,1.68e+02,6.20e+01
-3.63e+01,5.68e+01,1.72e+02,6.30e+01
-3.15e+01,2.75e+01,1.71e+02,6.30e+01
4.58e+01,2.95e+02,1.69e+02,6.10e+01
-3.00e+01,9.06e+01,1.69e+02,6.20e+01
-2.28e-02,1.55e+02,1.73e+02,6.30e+01
2.97e+01,2.08e+02,1.68e+02,6.10e+01
2.74e+01,1.58e+02,1.70e+02,6.20e+01
3.93e+01,2.24e+02,1.69e+02,6.20e+01
1.82e+00,1.10e+02,1.72e+02,6.30e+01
-4.42e+00,1.44e+02,1.68e+02,6.10e+01
7.43e+00,1.52e+02,1.69e+02,6.20e+01
-2.18e+00,1.15e+02,1.68e+02,6.20e+01
-1.98e+01,6.44e+01,1.69e+02,6.20e+01
2.88e+01,2.04e+02,1.69e+02,6.20e+01
9.29e+00,1.71e+02,1.69e+02,6.30e+01
-1.71e+01,8.24e+01,1.68e+02,6.20e+01
-2.03e+01,1.47e+02,1.74e+02,6.40e+01
-1.72e+01,9.78e+01,1.73e+02,6.30e+01
-1.74e+01,3.41e+01,1.68e+02,6.20e+01
-8.38e+00,1.53e+02,1.69e+02,6.10e+01
3.12e+00,1.22e+02,1.70e+02,6.30e+01
-2.17e+01,1.95e+02,1.68e+02,6.20e+01
-3.06e+01,7.84e+01,1.71e+02,6.30e+01
8.90e+00,1.71e+02,1.72e+02,6.30e+01
2.71e+01,2.90e+02,1.73e+02,6.30e+01
4.13e+01,2.00e+02,1.70e+02,6.30e+01
2.50e+01,2.23e+02,1.72e+02,6.30e+01
2.14e+01,2.00e+02,1.72e+02,6.30e+01
1.53e+01,1.59e+02,1.68e+02,6.20e+01
2.23e+01,2.14e+02,1.68e+02,6.10e+01
2.07e+01,2.12e+02,1.69e+02,6.20e+01
1.25e+01,2.71e+02,1.68e+02,6.10e+01
-2.46e+00,7.20e+01,1.68e+02,6.20e+01
-7.38e+00,1.74e+02,1.69e+02,6.20e+01
-9.44e+00,9.27e+01,1.73e+02,6.30e+01
-1.52e+01,6.13e+01,1.68e+02,6.20e+01
-7.78e+00,1.61e+02,1.69e+02,6.20e+01
-1.99e+01,1.41e+02,1.69e+02,6.10e+01
-3.14e+01,5.71e+01,1.68e+02,6.20e+01
-1.47e+01,5.90e+01,1.73e+02,6.30e+01
-3.36e+01,1.18e+02,1.72e+02,6.40e+01
-2.80e+01,8.56e+01,1.73e+02,6.30e+01
-5.34e+00,1.72e+02,1.68e+02,6.10e+01
-1.40e+01,1.64e+02,1.69e+02,6.10e+01
-9.51e+00,1.54e+02,1.68e+02,6.10e+01
1.67e+00,1.88e+02,1.73e+02,6.30e+01
-2.63e+01,1.40e+01,1.71e+02,6.20e+01
1.46e+01,1.46e+02,1.69e+02,6.20e+01
6.36e+01,2.95e+02,1.68e+02,6.20e+01
6.36e+00,2.27e+02,1.73e+02,6.30e+01
1.44e+01,1.95e+02,1.72e+02,6.30e+01
-3.22e+01,1.20e+02,1.69e+02,6.20e+01
-2.69e+01,1.55e+02,1.68e+02,6.10e+01
1.34e+01,1.62e+02,1.70e+02,6.30e+01
4.68e+01,2.50e+02,1.74e+02,6.40e+01
-3.34e+00,8.46e+01,1.71e+02,6.30e+01
7.78e-01,8.62e+01,1.69e+02,6.20e+01
-2.71e+01,2.95e+01,1.71e+02,6.30e+01
-1.04e+01,1.10e+02,1.68e+02,6.10e+01
-1.39e+01,7.43e+01,1.68e+02,6.20e+01
6.74e+00,1.81e+02,1.68e+02,6.20e+01
-3.04e+01,5.03e+01,1.73e+02,6.30e+01
-1.19e+01,5.96e+01,1.68e+02,6.20e+01
-1.15e+01,8.26e+01,1.69e+02,6.10e+01
1.56e+01,1.78e+02,1.72e+02,6.30e+01
-2.19e+01,1.25e+02,1.70e+02,6.30e+01
-1.43e+00,1.29e+02,1.68e+02,6.20e+01
-2.89e+01,4.11e+01,1.70e+02,6.30e+01
-7.23e-01,1.25e+02,1.68e+02,6.10e+01
-3.97e+01,1.73e+02,1.69e+02,6.20e+01
-2.56e+01,6.09e+01,1.68e+02,6.20e+01
2.68e+01,1.85e+02,1.68e+02,6.20e+01
-2.44e+01,6.76e+01,1.68e+02,6.20e+01
-7.14e+00,1.19e+02,1.72e+02,6.30e+01
-2.02e+01,5.12e+01,1.69e+02,6.30e+01
3.83e-01,1.46e+02,1.68e+02,6.20e+01
-2.68e+01,1.03e+02,1.68e+02,6.10e+01
2.93e+00,1.45e+02,1.68e+02,6.20e+01
-4.01e+01,6.10e+01,1.72e+02,6.30e+01
7.58e+00,1.73e+02,1.68e+02,6.20e+01
-2.31e+00,1.36e+02,1.69e+02,6.20e+01
3.48e+01,2.70e+02,1.72e+02,6.30e+01
9.13e+00,1.55e+02,1.72e+02,6.30e+01
-1.07e+01,9.57e+01,1.74e+02,6.40e+01
-2.34e+01,2.68e+01,1.70e+02,6.30e+01
