1.49e+02,3.84e+02,3.00e+01,2.30e+01
6.29e+01,5.47e+02,3.10e+01,2.30e+01
1.25e+02,3.50e+02,3.20e+01,2.40e+01
1.12e+02,3.31e+02,3.40e+01,2.60e+01
9.43e+01,2.38e+02,3.30e+01,2.50e+01
1.57e+02,3.42e+02,3.20e+01,2.40e+01
1.45e+02,3.84e+02,3.10e+01,2.40e+01
9.34e+01,2.47e+02,3.40e+01,2.40e+01
1.74e+02,4.22e+02,3.20e+01,2.40e+01
2.14e+02,7.08e+02,3.20e+01,2.30e+01
1.60e+02,3.30e+02,3.00e+01,2.30e+01
1.69e+02,5.51e+02,3.20e+01,2.40e+01
1.21e+02,3.21e+02,3.00e+01,2.30e+01
1.72e+02,3.32e+02,3.00e+01,2.30e+01
1.73e+02,5.15e+02,3.00e+01,2.30e+01
1.47e+02,7.87e+02,3.30e+01,2.40e+01
1.03e+02,2.06e+02,3.20e+01,2.40e+01
1.66e+02,5.19e+02,3.00e+01,2.30e+01
1.89e+02,5.37e+02,3.10e+01,2.40e+01
1.54e+02,4.34e+02,3.10e+01,2.30e+01
7.82e+01,5.29e+02,3.00e+01,2.30e+01
1.17e+02,2.47e+02,3.30e+01,2.40e+01
1.68e+02,4.46e+02,3.00e+01,2.30e+01
1.40e+02,4.01e+02,3.30e+01,2.30e+01
1.47e+02,4.23e+02,3.00e+01,2.30e+01
8.50e+01,6.27e+02,3.30e+01,2.40e+01
1.90e+02,5.39e+02,3.10e+01,2.40e+01
1.25e+02,3.14e+02,3.10e+01,2.40e+01
1.64e+02,4.71e+02,3.10e+01,2.40e+01
1.73e+02,6.14e+02,3.40e+01,2.40e+01
1.66e+02,5.97e+02,3.00e+01,2.30e+01
1.47e+02,3.45e+02,3.00e+01,2.30e+01
1.51e+02,5.55e+02,3.00e+01,2.30e+01
7.94e+01,4.86e+02,3.30e+01,2.40e+01
1.47e+02,3.20e+02,3.40e+01,2.60e+01
1.33e+02,2.79e+02,3.20e+01,2.40e+01
2.12e+02,5.26e+02,3.10e+01,2.30e+01
1.51e+02,5.18e+02,3.00e+01,2.30e+01
1.43e+02,2.44e+02,3.20e+01,2.30e+01
1.26e+02,2.88e+02,3.40e+01,2.60e+01
1.54e+02,5.17e+02,3.00e+01,2.30e+01
1.66e+02,4.15e+02,3.20e+01,2.40e+01
4.67e+01,1.21e+02,3.00e+01,2.30e+01
1.56e+02,4.16e+02,3.40e+01,2.60e+01
6.66e+01,4.87e+02,3.10e+01,2.30e+01
1.28e+02,2.11e+02,3.40e+01,2.60e+01
4.71e+01,3.82e+02,3.10e+01,2.30e+01
1.28e+02,2.24e+02,3.30e+01,2.50e+01
1.65e+02,5.02e+02,3.20e+01,2.40e+01
1.67e+02,4.37e+02,3.20e+01,2.40e+01
1.51e+02,4.63e+02,3.40e+01,2.40e+01
9.12e+01,5.27e+02,3.50e+01,2.50e+01
1.36e+02,2.80e+02,3.00e+01,2.30e+01
1.46e+02,2.59e+02,3.20e+01,2.40e+01
9.43e+01,6.25e+02,3.30e+01,2.40e+01
1.37e+02,3.63e+02,3.10e+01,2.30e+01
1.46e+02,4.53e+02,3.20e+01,2.40e+01
1.07e+02,6.16e+02,3.00e+01,2.30e+01
1.22e+02,3.21e+02,3.00e+01,2.30e+01
1.59e+02,5.54e+02,3.20e+01,2.40e+01
1.66e+02,4.80e+02,3.00e+01,2.30e+01
7.26e+01,1.03e+02,3.00e+01,2.30e+01
1.73e+02,5.03e+02,3.40e+01,2.60e+01
1.25e+02,4.03e+02,3.50e+01,2.50e+01
6.94e+01,5.74e+02,3.10e+01,2.30e+01
1.58e+02,4.28e+02,3.40e+01,2.60e+01
1.32e+02,2.56e+02,3.00e+01,2.30e+01
1.00e+02,2.12e+02,3.10e+01,2.40e+01
1.53e+02,4.14e+02,3.00e+01,2.30e+01
1.53e+02,4.93e+02,3.00e+01,2.30e+01
1.38e+02,3.94e+02,3.30e+01,2.50e+01
1.16e+02,2.46e+02,3.40e+01,2.40e+01
1.45e+02,4.58e+02,3.00e+01,2.30e+01
1.24e+02,4.62e+02,3.20e+01,2.40e+01
1.29e+02,2.72e+02,3.40e+01,2.60e+01
1.68e+02,5.74e+02,3.40e+01,2.50e+01
1.03e+02,2.01e+02,3.30e+01,2.50e+01
1.26e+02,3.27e+02,3.00e+01,2.30e+01
1.59e+02,5.06e+02,3.00e+01,2.30e+01
1.97e+02,5.85e+02,3.20e+01,2.40e+01
1.46e+02,3.09e+02,3.30e+01,2.50e+01
1.24e+02,1.70e+02,3.00e+01,2.30e+01
1.50e+02,4.52e+02,3.40e+01,2.40e+01
1.27e+02,4.01e+02,3.00e+01,2.30e+01
1.72e+02,5.69e+02,3.40e+01,2.60e+01
8.18e+01,5.63e+02,3.00e+01,2.30e+01
1.55e+02,4.96e+02,3.20e+01,2.40e+01
1.07e+02,2.76e+02,3.30e+01,2.40e+01
1.95e+02,8.12e+02,3.30e+01,2.50e+01
8.25e+01,2.51e+02,3.00e+01,2.30e+01
1.28e+02,2.98e+02,3.00e+01,2.30e+01
8.77e+01,5.94e+02,3.30e+01,2.40e+01
1.45e+02,3.38e+02,3.20e+01,2.40e+01
1.38e+02,2.47e+02,3.10e+01,2.30e+01
1.46e+02,4.43e+02,3.30e+01,2.40e+01
8.91e+01,1.52e+02,3.20e+01,2.40e+01
5.40e+01,5.03e+02,3.10e+01,2.40e+01
1.40e+02,3.18e+02,3.20e+01,2.30e+01
9.73e+01,6.67e+02,3.30e+01,2.40e+01
1.91e+02,6.56e+02,3.00e+01,2.30e+01
1.11e+02,2.45e+02,3.20e+01,2.40e+01
1.33e+02,3.25e+02,3.20e+01,2.40e+01
1.06e+02,2.15e+02,3.10e+01,2.30e+01
1.09e+02,3.09e+02,3.40e+01,2.40e+01
1.84e+02,4.03e+02,3.40e+01,2.60e+01
1.55e+02,4.81e+02,3.20e+01,2.30e+01
1.69e+02,4.83e+02,3.00e+01,2.30e+01
1.94e+02,5.61e+02,3.20e+01,2.40e+01
1.16e+02,2.80e+02,3.00e+01,2.30e+01
1.70e+02,4.72e+02,3.10e+01,2.40e+01
1.19e+02,2.15e+02,3.10e+01,2.40e+01
4.60e+01,7.15e+01,3.40e+01,2.40e+01
1.35e+02,4.37e+02,3.10e+01,2.40e+01
1.15e+02,2.86e+02,3.30e+01,2.40e+01
1.95e+02,6.68e+02,3.10e+01,2.30e+01
1.13e+02,2.38e+02,3.40e+01,2.60e+01
5.79e+01,5.47e+02,3.10e+01,2.30e+01
9.74e+01,1.71e+02,3.00e+01,2.30e+01
1.78e+02,5.77e+02,3.10e+01,2.40e+01
1.65e+02,5.26e+02,3.00e+01,2.30e+01
1.71e+02,4.72e+02,3.40e+01,2.60e+01
1.27e+02,3.06e+02,3.40e+01,2.40e+01
1.32e+02,3.99e+02,3.50e+01,2.60e+01
8.37e+01,5.97e+02,3.30e+01,2.40e+01
1.56e+02,4.48e+02,3.40e+01,2.40e+01
1.07e+02,2.02e+02,3.00e+01,2.30e+01
1.82e+02,5.81e+02,3.10e+01,2.40e+01
8.44e+01,5.28e+02,3.00e+01,2.30e+01
1.10e+02,2.21e+02,3.30e+01,2.50e+01
1.57e+02,6.16e+02,3.10e+01,2.30e+01
1.79e+02,5.40e+02,3.20e+01,2.40e+01
1.56e+02,4.53e+02,3.10e+01,2.30e+01
1.86e+02,6.47e+02,3.20e+01,2.30e+01
1.48e+02,3.21e+02,3.00e+01,2.30e+01
1.50e+02,4.73e+02,3.00e+01,2.30e+01
9.97e+01,6.55e+02,3.40e+01,2.40e+01
1.00e+02,6.31e+02,3.10e+01,2.30e+01
1.90e+02,5.64e+02,3.30e+01,2.50e+01
1.40e+02,4.51e+02,3.20e+01,2.40e+01
1.12e+02,2.04e+02,3.20e+01,2.40e+01
1.65e+02,2.52e+02,3.00e+01,2.30e+01
1.51e+02,2.91e+02,3.00e+01,2.30e+01
1.54e+02,4.40e+02,3.00e+01,2.30e+01
1.21e+02,2.07e+02,3.20e+01,2.40e+01
1.38e+02,4.09e+02,3.30e+01,2.40e+01
1.64e+02,3.97e+02,3.40e+01,2.40e+01
9.09e+01,2.73e+02,3.30e+01,2.40e+01
1.86e+02,5.84e+02,3.00e+01,2.30e+01
9.52e+01,5.87e+02,3.20e+01,2.40e+01
1.50e+02,4.83e+02,3.00e+01,2.30e+01
1.76e+02,5.18e+02,3.00e+01,2.30e+01
1.52e+02,3.63e+02,3.00e+01,2.30e+01
1.47e+02,4.19e+02,3.00e+01,2.30e+01
2.17e+02,6.32e+02,3.30e+01,2.50e+01
9.49e+01,5.54e+02,3.10e+01,2.30e+01
1.71e+02,4.37e+02,3.40e+01,2.40e+01
1.43e+02,4.84e+02,3.10e+01,2.40e+01
1.67e+02,4.00e+02,3.00e+01,2.30e+01
1.67e+02,6.07e+02,3.30e+01,2.30e+01
5.86e+01,4.31e+02,3.10e+01,2.30e+01
1.21e+02,7.71e+02,3.30e+01,2.40e+01
1.82e+02,6.19e+02,3.30e+01,2.30e+01
1.76e+02,4.59e+02,3.10e+01,2.40e+01
1.35e+02,3.52e+02,3.00e+01,2.30e+01
1.63e+02,4.56e+02,3.10e+01,2.40e+01
7.11e+01,5.24e+02,3.30e+01,2.40e+01
1.87e+02,6.16e+02,3.40e+01,2.60e+01
1.51e+02,4.78e+02,3.20e+01,2.40e+01
1.47e+02,4.42e+02,3.40e+01,2.40e+01
1.90e+02,5.24e+02,3.00e+01,2.30e+01
2.48e+01,2.80e+02,3.10e+01,2.30e+01
1.27e+02,2.97e+02,3.00e+01,2.30e+01
1.57e+02,4.39e+02,3.20e+01,2.40e+01
1.43e+02,5.38e+02,3.20e+01,2.40e+01
1.68e+02,4.05e+02,3.40e+01,2.50e+01
1.09e+02,3.26e+02,3.30e+01,2.40e+01
1.01e+02,2.01e+02,3.10e+01,2.40e+01
1.51e+02,4.38e+02,3.00e+01,2.30e+01
1.34e+02,2.68e+02,3.10e+01,2.40e+01
1.27e+02,2.68e+02,3.10e+01,2.30e+01
1.04e+02,3.74e+02,3.10e+01,2.40e+01
1.19e+02,2.03e+02,3.00e+01,2.30e+01
1.34e+02,3.88e+02,3.30e+01,2.30e+01
1.70e+02,3.97e+02,3.30e+01,2.50e+01
1.52e+02,3.62e+02,3.20e+01,2.40e+01
1.63e+02,4.41e+02,3.20e+01,2.40e+01
1.01e+02,5.76e+02,3.10e+01,2.30e+01
1.38e+02,3.05e+02,3.00e+01,2.30e+01
1.11e+02,2.07e+02,3.40e+01,2.50e+01
1.78e+02,5.90e+02,3.10e+01,2.40e+01
1.60e+02,5.02e+02,3.20e+01,2.40e+01
1.46e+02,4.75e+02,3.00e+01,2.30e+01
1.47e+02,4.25e+02,3.00e+01,2.30e+01
1.43e+02,4.00e+02,3.20e+01,2.40e+01
1.23e+02,2.20e+02,3.20e+01,2.40e+01
1.35e+02,3.86e+02,3.40e+01,2.60e+01
8.89e+01,5.38e+02,3.10e+01,2.30e+01
1.40e+02,3.51e+02,3.10e+01,2.40e+01
1.69e+02,5.21e+02,3.00e+01,2.30e+01
1.60e+02,4.06e+02,3.00e+01,2.30e+01
8.18e+01,4.84e+02,3.30e+01,2.40e+01
1.34e+02,7.09e+02,3.10e+01,2.30e+01
1.31e+02,3.19e+02,3.30e+01,2.30e+01
1.37e+02,3.75e+02,3.00e+01,2.30e+01
1.23e+02,3.77e+02,3.30e+01,2.30e+01
1.85e+02,6.40e+02,3.00e+01,2.30e+01
1.68e+02,5.46e+02,3.10e+01,2.40e+01
1.35e+02,3.40e+02,3.20e+01,2.40e+01
2.01e+02,5.38e+02,3.30e+01,2.40e+01
1.56e+02,4.47e+02,3.20e+01,2.30e+01
1.36e+02,2.92e+02,3.40e+01,2.40e+01
1.55e+02,4.64e+02,3.00e+01,2.30e+01
1.41e+02,4.41e+02,3.20e+01,2.40e+01
1.68e+02,4.88e+02,3.00e+01,2.30e+01
1.28e+02,4.06e+02,3.40e+01,2.40e+01
1.16e+02,3.59e+02,3.00e+01,2.30e+01
1.35e+02,3.08e+02,3.30e+01,2.40e+01
1.54e+02,6.18e+02,3.40e+01,2.40e+01
1.22e+02,2.83e+02,3.10e+01,2.40e+01
1.48e+02,4.03e+02,3.40e+01,2.60e+01
1.76e+02,5.70e+02,3.00e+01,2.30e+01
1.17e+02,2.98e+02,3.30e+01,2.50e+01
9.77e+01,3.48e+02,3.20e+01,2.40e+01
1.26e+02,3.57e+02,3.40e+01,2.50e+01
1.65e+02,4.43e+02,3.00e+01,2.30e+01
8.11e+01,6.60e+02,3.10e+01,2.30e+01
6.52e+01,1.85e+02,3.20e+01,2.40e+01
1.63e+02,5.46e+02,3.10e+01,2.40e+01
1.59e+02,4.43e+02,3.00e+01,2.30e+01
1.67e+02,5.54e+02,3.00e+01,2.30e+01
1.57e+02,4.53e+02,3.10e+01,2.40e+01
1.53e+02,3.80e+02,3.00e+01,2.30e+01
4.49e+01,1.27e+02,3.20e+01,2.40e+01
9.59e+01,1.65e+02,3.30e+01,2.40e+01
1.71e+02,4.33e+02,3.20e+01,2.40e+01
1.65e+02,6.76e+02,3.00e+01,2.30e+01
1.38e+02,4.51e+02,3.00e+01,2.30e+01
1.38e+02,3.30e+02,3.00e+01,2.30e+01
1.05e+02,2.48e+02,3.20e+01,2.40e+01
3.93e+01,8.58e+01,3.30e+01,2.30e+01
7.66e+01,5.24e+02,3.00e+01,2.30e+01
1.40e+02,3.98e+02,3.00e+01,2.30e+01
1.36e+02,4.17e+02,3.00e+01,2.30e+01
1.41e+02,5.55e+02,3.00e+01,2.30e+01
1.88e+02,4.28e+02,3.20e+01,2.40e+01
1.28e+02,2.48e+02,3.10e+01,2.40e+01
1.71e+02,5.45e+02,3.00e+01,2.30e+01
1.28e+02,3.12e+02,3.10e+01,2.40e+01
1.55e+02,3.72e+02,3.30e+01,2.50e+01
1.62e+02,4.57e+02,3.00e+01,2.30e+01
1.51e+02,4.65e+02,3.20e+01,2.40e+01
4.68e+01,3.75e+02,3.10e+01,2.30e+01
1.39e+02,3.10e+02,3.40e+01,2.40e+01
1.24e+02,3.41e+02,3.40e+01,2.40e+01
1.30e+02,3.98e+02,3.20e+01,2.40e+01
1.53e+02,2.92e+02,3.30e+01,2.50e+01
1.08e+02,2.95e+02,3.20e+01,2.40e+01
1.84e+02,5.41e+02,3.00e+01,2.30e+01
1.16e+02,1.97e+02,3.00e+01,2.30e+01
1.35e+02,3.18e+02,3.20e+01,2.40e+01
1.61e+02,4.81e+02,3.20e+01,2.40e+01
1.09e+02,1.98e+02,3.00e+01,2.30e+01
9.97e+01,1.46e+02,3.00e+01,2.30e+01
1.32e+02,4.14e+02,3.50e+01,2.50e+01
7.43e+01,1.73e+02,3.30e+01,2.50e+01
1.37e+02,3.68e+02,3.00e+01,2.30e+01
1.40e+02,4.58e+02,3.30e+01,2.40e+01
1.31e+02,3.47e+02,3.30e+01,2.50e+01
2.99e+01,1.37e+02,3.20e+01,2.40e+01
6.85e+01,2.04e+02,3.20e+01,2.40e+01
1.88e+02,6.51e+02,3.10e+01,2.40e+01
1.79e+02,4.50e+02,3.20e+01,2.40e+01
8.76e+01,6.35e+02,3.20e+01,2.40e+01
1.47e+02,3.38e+02,3.30e+01,2.50e+01
1.12e+02,1.57e+02,3.00e+01,2.30e+01
7.87e+01,2.06e+02,3.10e+01,2.30e+01
8.09e+01,5.15e+02,3.10e+01,2.30e+01
6.79e+01,5.62e+02,3.10e+01,2.30e+01
1.03e+02,2.54e+02,3.30e+01,2.40e+01
8.40e+01,5.76e+02,3.00e+01,2.30e+01
9.69e+01,6.82e+02,3.10e+01,2.30e+01
1.88e+02,6.12e+02,3.10e+01,2.40e+01
1.50e+02,2.94e+02,3.20e+01,2.40e+01
1.82e+02,5.57e+02,3.00e+01,2.30e+01
1.04e+02,2.39e+02,3.10e+01,2.30e+01
1.52e+02,4.33e+02,3.00e+01,2.30e+01
1.33e+02,4.45e+02,3.00e+01,2.30e+01
1.77e+02,4.62e+02,3.00e+01,2.30e+01
1.10e+02,3.19e+02,3.10e+01,2.30e+01
1.43e+02,3.38e+02,3.20e+01,2.40e+01
1.27e+02,4.08e+02,3.20e+01,2.30e+01
9.87e+01,1.69e+02,3.20e+01,2.40e+01
1.45e+02,4.74e+02,3.10e+01,2.30e+01
8.97e+01,3.14e+02,3.40e+01,2.60e+01
1.02e+02,6.74e+02,3.10e+01,2.30e+01
1.12e+02,2.44e+02,3.00e+01,2.30e+01
1.50e+02,3.92e+02,3.10e+01,2.40e+01
1.86e+02,5.63e+02,3.00e+01,2.30e+01
1.64e+02,5.40e+02,3.30e+01,2.40e+01
1.38e+02,3.26e+02,3.00e+01,2.30e+01
1.24e+02,3.31e+02,3.50e+01,2.40e+01
1.41e+02,3.50e+02,3.30e+01,2.40e+01
2.12e+02,6.97e+02,3.00e+01,2.30e+01
1.19e+02,4.50e+02,3.30e+01,2.50e+01
1.81e+02,5.41e+02,3.20e+01,2.40e+01
1.30e+02,3.20e+02,3.40e+01,2.60e+01
1.68e+02,4.43e+02,3.10e+01,2.40e+01
1.16e+02,2.83e+02,3.40e+01,2.50e+01
1.12e+02,2.92e+02,3.30e+01,2.50e+01
1.20e+02,2.53e+02,3.20e+01,2.40e+01
1.64e+02,4.48e+02,3.20e+01,2.40e+01
1.12e+02,4.12e+02,3.00e+01,2.30e+01
1.46e+02,3.19e+02,3.10e+01,2.40e+01
1.39e+02,2.05e+02,3.40e+01,2.40e+01
6.33e+01,5.33e+02,3.30e+01,2.40e+01
-3.17e+01,4.30e+01,3.10e+01,2.30e+01
1.60e+02,3.85e+02,3.20e+01,2.40e+01
1.13e+02,2.63e+02,3.40e+01,2.50e+01
1.42e+02,4.09e+02,3.10e+01,2.30e+01
1.81e+02,5.85e+02,3.10e+01,2.40e+01
1.77e+02,6.11e+02,3.40e+01,2.60e+01
1.52e+02,4.00e+02,3.30e+01,2.30e+01
1.62e+02,4.00e+02,3.30e+01,2.50e+01
4.59e+01,9.38e+01,3.00e+01,2.30e+01
1.16e+02,2.83e+02,3.40e+01,2.60e+01
1.34e+02,5.02e+02,3.30e+01,2.30e+01
9.50e+01,1.72e+02,3.40e+01,2.40e+01
1.51e+02,4.59e+02,3.20e+01,2.40e+01
1.35e+02,2.64e+02,3.10e+01,2.40e+01
9.64e+01,1.81e+02,3.50e+01,2.40e+01
1.35e+02,2.36e+02,3.00e+01,2.30e+01
1.47e+02,4.11e+02,3.00e+01,2.30e+01
8.50e+01,1.33e+02,3.20e+01,2.40e+01
6.45e+01,2.25e+02,3.10e+01,2.40e+01
1.56e+02,2.94e+02,3.00e+01,2.30e+01
1.81e+02,6.40e+02,3.10e+01,2.30e+01
1.11e+02,2.10e+02,3.00e+01,2.30e+01
1.69e+02,3.59e+02,3.40e+01,2.50e+01
1.64e+02,5.92e+02,3.00e+01,2.30e+01
1.31e+02,2.54e+02,3.10e+01,2.40e+01
1.14e+02,2.98e+02,3.30e+01,2.40e+01
5.67e+01,4.80e+02,3.30e+01,2.40e+01
1.61e+02,6.54e+02,3.20e+01,2.40e+01
1.27e+02,4.97e+02,3.10e+01,2.30e+01
1.29e+02,2.64e+02,3.20e+01,2.40e+01
1.23e+02,4.37e+02,3.20e+01,2.30e+01
1.05e+02,3.31e+02,3.00e+01,2.30e+01
1.59e+02,4.31e+02,3.40e+01,2.60e+01
1.24e+02,2.98e+02,3.00e+01,2.30e+01
1.57e+02,4.31e+02,3.20e+01,2.40e+01
8.36e+01,5.08e+02,3.10e+01,2.30e+01
1.91e+02,5.21e+02,3.20e+01,2.40e+01
1.42e+02,2.64e+02,3.40e+01,2.60e+01
1.28e+02,2.40e+02,3.20e+01,2.40e+01
1.49e+02,4.07e+02,3.10e+01,2.40e+01
1.01e+02,2.62e+02,3.20e+01,2.40e+01
1.71e+02,4.39e+02,3.40e+01,2.60e+01
1.40e+02,4.55e+02,3.20e+01,2.40e+01
1.42e+02,3.83e+02,3.10e+01,2.30e+01
1.71e+02,5.67e+02,3.30e+01,2.40e+01
1.30e+02,3.47e+02,3.30e+01,2.50e+01
8.39e+01,3.18e+02,3.00e+01,2.30e+01
1.15e+02,1.87e+02,3.20e+01,2.40e+01
9.15e+01,5.83e+02,3.30e+01,2.40e+01
1.57e+02,3.29e+02,3.00e+01,2.30e+01
1.76e+02,5.67e+02,3.50e+01,2.50e+01
1.76e+02,5.59e+02,3.10e+01,2.30e+01
1.26e+02,3.24e+02,3.00e+01,2.30e+01
1.12e+02,2.25e+02,3.20e+01,2.40e+01
9.14e+01,7.45e+02,3.30e+01,2.40e+01
5.21e+01,1.27e+02,3.10e+01,2.40e+01
5.05e+01,4.39e+02,3.20e+01,2.30e+01
1.73e+02,4.96e+02,3.30e+01,2.40e+01
1.63e+02,5.25e+02,3.30e+01,2.50e+01
2.02e+02,7.63e+02,3.10e+01,2.30e+01
1.45e+02,4.52e+02,3.00e+01,2.30e+01
1.81e+02,5.33e+02,3.00e+01,2.30e+01
1.55e+02,3.47e+02,3.00e+01,2.30e+01
1.28e+02,3.31e+02,3.10e+01,2.40e+01
5.56e+01,3.70e+02,3.20e+01,2.30e+01
1.68e+02,4.74e+02,3.20e+01,2.40e+01
1.62e+02,3.97e+02,3.00e+01,2.30e+01
1.40e+02,5.04e+02,3.30e+01,2.50e+01
1.36e+02,2.95e+02,3.00e+01,2.30e+01
1.45e+02,3.21e+02,3.20e+01,2.40e+01
1.61e+02,5.19e+02,3.30e+01,2.30e+01
1.18e+02,2.78e+02,3.00e+01,2.30e+01
1.53e+02,3.40e+02,3.20e+01,2.40e+01
1.46e+02,3.71e+02,3.30e+01,2.30e+01
1.22e+02,2.44e+02,3.00e+01,2.30e+01
1.65e+02,5.34e+02,3.40e+01,2.60e+01
1.45e+02,4.10e+02,3.00e+01,2.30e+01
1.61e+02,4.87e+02,3.00e+01,2.30e+01
1.45e+02,3.68e+02,3.10e+01,2.40e+01
1.03e+02,2.33e+02,3.40e+01,2.60e+01
9.96e+01,3.34e+02,3.00e+01,2.30e+01
8.88e+01,7.54e+02,3.30e+01,2.40e+01
1.41e+02,4.21e+02,3.10e+01,2.40e+01
1.24e+02,4.33e+02,3.20e+01,2.40e+01
1.49e+02,5.03e+02,3.40e+01,2.60e+01
1.53e+02,4.09e+02,3.00e+01,2.30e+01
1.49e+02,4.11e+02,3.40e+01,2.40e+01
1.42e+02,4.22e+02,3.30e+01,2.40e+01
6.86e+01,1.75e+02,3.20e+01,2.40e+01
1.68e+02,4.76e+02,3.20e+01,2.40e+01
1.55e+02,4.43e+02,3.00e+01,2.30e+01
1.80e+02,6.06e+02,3.40e+01,2.60e+01
1.15e+02,3.05e+02,3.20e+01,2.30e+01
1.36e+02,3.60e+02,3.50e+01,2.70e+01
6.45e+01,2.23e+02,3.10e+01,2.30e+01
1.23e+02,3.31e+02,3.20e+01,2.40e+01
1.60e+02,4.39e+02,3.00e+01,2.30e+01
1.17e+02,2.64e+02,3.10e+01,2.30e+01
8.26e+01,6.54e+02,3.30e+01,2.40e+01
1.11e+02,2.74e+02,3.00e+01,2.30e+01
1.45e+02,4.46e+02,3.00e+01,2.30e+01
1.27e+02,3.50e+02,3.00e+01,2.30e+01
1.45e+02,5.31e+02,3.20e+01,2.30e+01
1.49e+02,3.98e+02,3.10e+01,2.40e+01
1.52e+02,2.51e+02,3.20e+01,2.40e+01
2.07e+02,5.75e+02,3.20e+01,2.40e+01
1.50e+02,5.20e+02,3.30e+01,2.50e+01
1.44e+02,4.43e+02,3.30e+01,2.40e+01
1.65e+02,4.73e+02,3.30e+01,2.40e+01
1.36e+02,3.62e+02,3.30e+01,2.50e+01
1.49e+02,4.43e+02,3.00e+01,2.30e+01
1.55e+02,4.75e+02,3.00e+01,2.30e+01
1.10e+02,1.96e+02,3.10e+01,2.40e+01
1.53e+02,4.52e+02,3.10e+01,2.40e+01
1.59e+02,4.15e+02,3.00e+01,2.30e+01
1.71e+02,4.12e+02,3.00e+01,2.30e+01
1.74e+02,5.02e+02,3.20e+01,2.40e+01
1.30e+02,3.13e+02,3.00e+01,2.30e+01
1.67e+02,4.19e+02,3.20e+01,2.40e+01
1.05e+02,2.43e+02,3.00e+01,2.30e+01
1.39e+02,3.68e+02,3.30e+01,2.50e+01
8.44e+01,5.93e+02,3.30e+01,2.40e+01
3.79e+01,4.01e+02,3.40e+01,2.50e+01
6.53e+01,1.81e+02,3.20e+01,2.40e+01
1.51e+02,3.46e+02,3.10e+01,2.40e+01
1.50e+02,4.52e+02,3.20e+01,2.40e+01
1.74e+02,4.58e+02,3.30e+01,2.50e+01
1.04e+02,2.46e+02,3.00e+01,2.30e+01
1.49e+02,3.47e+02,3.20e+01,2.40e+01
1.12e+02,2.33e+02,3.20e+01,2.40e+01
8.48e+01,1.72e+02,3.30e+01,2.50e+01
1.37e+02,2.64e+02,3.10e+01,2.40e+01
1.29e+02,3.56e+02,3.00e+01,2.30e+01
1.28e+02,4.52e+02,3.20e+01,2.30e+01
1.48e+02,3.90e+02,3.40e+01,2.40e+01
1.72e+02,5.04e+02,3.30e+01,2.40e+01
1.57e+02,5.25e+02,3.20e+01,2.30e+01
1.62e+02,4.99e+02,3.20e+01,2.40e+01
1.51e+02,4.64e+02,3.30e+01,2.50e+01
1.76e+02,5.88e+02,3.00e+01,2.30e+01
1.69e+02,4.72e+02,3.40e+01,2.40e+01
1.60e+02,5.39e+02,3.00e+01,2.30e+01
1.88e+02,5.64e+02,3.10e+01,2.40e+01
1.36e+02,3.84e+02,3.00e+01,2.30e+01
3.60e+01,4.50e+02,3.50e+01,2.70e+01
1.66e+02,4.65e+02,3.20e+01,2.30e+01
1.29e+02,3.77e+02,3.30e+01,2.50e+01
1.58e+02,5.10e+02,3.10e+01,2.40e+01
1.58e+02,3.19e+02,3.20e+01,2.40e+01
9.81e+01,6.86e+02,3.30e+01,2.40e+01
1.22e+02,3.81e+02,3.30e+01,2.30e+01
1.33e+02,3.08e+02,3.20e+01,2.40e+01
3.58e+01,3.77e+02,3.20e+01,2.30e+01
1.08e+02,4.32e+02,3.30e+01,2.50e+01
2.14e+02,6.55e+02,3.00e+01,2.30e+01
1.54e+02,4.78e+02,3.40e+01,2.40e+01
1.44e+02,4.49e+02,3.00e+01,2.30e+01
1.63e+02,3.89e+02,3.20e+01,2.40e+01
1.85e+02,4.26e+02,3.20e+01,2.40e+01
1.25e+02,4.02e+02,3.00e+01,2.30e+01
1.48e+02,5.20e+02,3.30e+01,2.40e+01
1.16e+02,2.52e+02,3.00e+01,2.30e+01
1.36e+02,3.54e+02,3.20e+01,2.40e+01
1.46e+02,3.93e+02,3.00e+01,2.30e+01
1.05e+02,6.52e+02,3.10e+01,2.30e+01
