3.20e+02,1.30e+03,4.40e+01,2.90e+01
1.82e+02,1.13e+03,4.40e+01,2.90e+01
2.24e+02,8.96e+02,4.60e+01,3.00e+01
3.12e+02,9.84e+02,4.40e+01,2.90e+01
2.58e+02,8.59e+02,4.60e+01,3.00e+01
2.76e+02,1.25e+03,4.40e+01,2.90e+01
3.03e+02,1.16e+03,4.60e+01,3.00e+01
3.04e+02,1.30e+03,4.40e+01,2.90e+01
2.98e+02,9.93e+02,5.10e+01,3.30e+01
2.34e+02,1.15e+03,4.70e+01,3.00e+01
2.62e+02,1.38e+03,4.80e+01,3.10e+01
2.96e+02,1.41e+03,4.40e+01,2.90e+01
2.04e+02,8.97e+02,5.10e+01,3.30e+01
3.68e+02,1.45e+03,4.70e+01,3.00e+01
1.67e+02,9.80e+02,5.00e+01,3.10e+01
2.75e+02,1.10e+03,4.50e+01,2.90e+01
2.61e+02,1.00e+03,4.60e+01,3.00e+01
3.22e+02,1.26e+03,4.40e+01,2.90e+01
3.02e+02,1.04e+03,5.00e+01,3.20e+01
3.63e+02,1.16e+03,4.50e+01,2.90e+01
3.31e+02,1.16e+03,4.80e+01,3.10e+01
2.11e+02,9.36e+02,4.60e+01,3.00e+01
3.39e+02,1.26e+03,4.70e+01,3.00e+01
2.98e+02,1.40e+03,4.60e+01,3.00e+01
2.66e+02,1.16e+03,4.40e+01,2.90e+01
2.18e+02,1.19e+03,4.50e+01,2.90e+01
3.45e+02,1.17e+03,4.70e+01,3.00e+01
2.97e+02,1.00e+03,4.40e+01,2.90e+01
3.33e+02,1.28e+03,4.50e+01,2.90e+01
2.82e+02,1.25e+03,4.60e+01,3.00e+01
2.46e+02,9.36e+02,4.70e+01,3.00e+01
3.36e+02,1.22e+03,4.40e+01,2.90e+01
3.19e+02,1.19e+03,4.60e+01,3.00e+01
3.96e+02,1.38e+03,5.10e+01,3.30e+01
3.53e+02,1.41e+03,4.50e+01,2.90e+01
3.00e+02,1.08e+03,4.50e+01,2.90e+01
2.44e+02,1.29e+03,4.40e+01,2.90e+01
2.32e+02,8.04e+02,4.50e+01,2.90e+01
1.79e+02,5.85e+02,4.60e+01,3.00e+01
2.81e+02,1.08e+03,4.60e+01,3.00e+01
3.77e+02,1.22e+03,4.40e+01,2.90e+01
2.49e+02,1.38e+03,5.10e+01,3.30e+01
3.54e+02,1.44e+03,5.00e+01,3.20e+01
2.73e+02,9.08e+02,4.80e+01,3.10e+01
2.91e+02,9.88e+02,4.40e+01,2.90e+01
4.07e+02,1.40e+03,4.40e+01,2.90e+01
-4.37e+01,6.56e+01,5.10e+01,3.30e+01
2.24e+02,1.17e+03,4.60e+01,3.00e+01
1.95e+02,1.12e+03,4.40e+01,2.90e+01
2.27e+02,9.79e+02,5.10e+01,3.30e+01
2.40e+02,9.49e+02,4.40e+01,2.90e+01
3.10e+02,1.33e+03,4.70e+01,3.00e+01
2.60e+02,1.15e+03,4.90e+01,3.10e+01
2.67e+02,1.01e+03,4.50e+01,2.90e+01
2.25e+02,1.07e+03,4.50e+01,2.90e+01
3.56e+02,1.16e+03,4.40e+01,2.90e+01
6.75e+01,2.34e+02,5.00e+01,3.20e+01
3.52e+02,1.14e+03,4.60e+01,3.00e+01
2.62e+02,9.02e+02,4.40e+01,2.90e+01
2.18e+02,1.13e+03,4.40e+01,2.90e+01
2.04e+02,1.01e+03,4.40e+01,2.90e+01
3.50e+02,1.13e+03,4.60e+01,3.00e+01
2.82e+02,1.20e+03,4.70e+01,3.00e+01
2.39e+02,1.18e+03,5.10e+01,3.30e+01
3.01e+02,1.38e+03,4.40e+01,2.90e+01
3.34e+02,1.38e+03,4.40e+01,2.90e+01
2.70e+02,1.32e+03,4.40e+01,2.90e+01
2.10e+02,1.04e+03,5.00e+01,3.10e+01
1.39e+02,1.04e+03,5.10e+01,3.20e+01
2.33e+02,1.12e+03,4.60e+01,3.00e+01
3.08e+02,1.08e+03,4.90e+01,3.10e+01
-1.93e+01,7.64e+01,4.40e+01,2.90e+01
2.59e+02,9.13e+02,4.40e+01,2.90e+01
3.70e+02,1.34e+03,5.10e+01,3.30e+01
3.40e+02,1.19e+03,4.50e+01,2.90e+01
3.22e+02,1.40e+03,4.70e+01,3.00e+01
2.58e+02,9.22e+02,4.70e+01,3.00e+01
2.80e+02,1.04e+03,4.40e+01,2.90e+01
1.76e+01,1.99e+02,4.60e+01,2.90e+01
2.49e+02,1.02e+03,4.60e+01,3.00e+01
3.14e+02,1.12e+03,4.40e+01,2.90e+01
3.59e+02,1.43e+03,4.40e+01,2.90e+01
2.23e+02,7.90e+02,4.70e+01,3.00e+01
1.92e+02,9.00e+02,4.60e+01,3.00e+01
3.16e+02,1.41e+03,4.60e+01,3.00e+01
2.71e+02,1.14e+03,4.80e+01,3.10e+01
1.92e+02,6.80e+02,4.40e+01,2.90e+01
9.59e+01,5.42e+02,4.70e+01,3.00e+01
1.49e+02,6.96e+02,4.40e+01,2.90e+01
1.74e+02,6.81e+02,4.60e+01,3.00e+01
3.04e+02,1.16e+03,4.50e+01,2.90e+01
3.05e+02,1.17e+03,5.10e+01,3.30e+01
-5.76e+01,-2.28e+01,4.50e+01,2.90e+01
2.67e+02,1.36e+03,4.40e+01,2.90e+01
2.14e+02,9.43e+02,4.40e+01,2.90e+01
5.75e+01,2.81e+02,4.80e+01,3.10e+01
3.04e+02,9.52e+02,4.40e+01,2.90e+01
3.77e+02,1.25e+03,4.50e+01,2.90e+01
1.52e+02,9.40e+02,4.50e+01,2.90e+01
2.21e+02,8.54e+02,4.70e+01,3.00e+01
3.20e+02,1.13e+03,4.40e+01,2.90e+01
2.38e+02,1.17e+03,4.40e+01,2.90e+01
2.36e+02,9.16e+02,4.90e+01,3.10e+01
2.16e+02,1.00e+03,4.80e+01,3.10e+01
2.30e+02,1.39e+03,4.40e+01,2.90e+01
5.91e+01,2.65e+02,4.70e+01,3.00e+01
2.22e+02,9.40e+02,4.80e+01,3.10e+01
3.46e+02,1.20e+03,4.70e+01,3.00e+01
3.28e+02,1.08e+03,4.40e+01,2.90e+01
2.31e+02,8.67e+02,4.40e+01,2.90e+01
2.15e+02,1.26e+03,4.70e+01,3.00e+01
2.90e+02,1.06e+03,5.10e+01,3.30e+01
2.40e+02,8.32e+02,4.50e+01,2.90e+01
3.31e+02,1.46e+03,4.40e+01,2.90e+01
3.80e+02,1.25e+03,4.60e+01,3.00e+01
2.20e+02,9.50e+02,4.50e+01,2.90e+01
2.78e+02,1.15e+03,4.60e+01,3.00e+01
2.08e+02,8.31e+02,4.60e+01,3.00e+01
2.39e+02,9.21e+02,4.80e+01,3.10e+01
2.35e+02,8.65e+02,4.40e+01,2.90e+01
9.48e+01,7.34e+02,4.40e+01,2.90e+01
2.19e+02,9.58e+02,4.40e+01,2.90e+01
2.90e+02,1.01e+03,4.80e+01,3.10e+01
3.63e+02,1.16e+03,4.40e+01,2.90e+01
3.08e+02,1.14e+03,4.40e+01,2.90e+01
2.82e+02,1.15e+03,4.60e+01,3.00e+01
2.80e+02,1.27e+03,4.60e+01,3.00e+01
2.57e+02,8.97e+02,4.40e+01,2.90e+01
3.21e+02,1.35e+03,4.60e+01,3.00e+01
2.79e+02,1.08e+03,4.70e+01,3.00e+01
3.57e+02,1.26e+03,4.40e+01,2.90e+01
-1.50e+01,7.65e+01,4.60e+01,3.00e+01
3.88e+02,1.36e+03,4.70e+01,3.00e+01
2.01e+02,1.05e+03,4.50e+01,2.90e+01
5.50e+01,5.37e+02,5.10e+01,3.30e+01
3.04e+02,1.14e+03,4.60e+01,2.90e+01
3.01e+02,1.19e+03,4.60e+01,3.00e+01
1.74e+02,7.51e+02,4.40e+01,2.90e+01
2.29e+02,1.14e+03,4.50e+01,2.90e+01
1.97e+02,7.82e+02,4.50e+01,2.90e+01
3.39e+02,1.12e+03,4.60e+01,3.00e+01
3.08e+02,1.04e+03,4.40e+01,2.90e+01
3.78e+02,1.36e+03,4.40e+01,2.90e+01
3.42e+02,1.14e+03,4.40e+01,2.90e+01
6.19e+01,3.57e+02,4.40e+01,2.90e+01
4.95e+01,3.30e+02,4.40e+01,2.90e+01
3.33e+02,1.29e+03,4.60e+01,3.00e+01
2.96e+02,1.11e+03,4.40e+01,2.90e+01
3.43e+02,1.14e+03,5.10e+01,3.30e+01
3.11e+02,1.26e+03,4.40e+01,2.90e+01
2.18e+02,8.62e+02,4.40e+01,2.90e+01
1.72e+02,7.09e+02,4.40e+01,2.90e+01
2.79e+02,1.00e+03,4.60e+01,3.00e+01
2.61e+02,1.16e+03,4.40e+01,2.90e+01
1.35e+02,8.02e+02,4.40e+01,2.90e+01
3.10e+02,1.34e+03,4.60e+01,3.00e+01
3.41e+02,1.38e+03,4.80e+01,3.10e+01
2.34e+02,1.34e+03,4.40e+01,2.90e+01
2.33e+02,8.65e+02,4.40e+01,2.90e+01
3.19e+02,1.35e+03,4.50e+01,2.90e+01
-3.97e+01,-8.17e-01,4.40e+01,2.90e+01
2.86e+02,1.01e+03,4.60e+01,3.00e+01
2.93e+02,9.78e+02,5.10e+01,3.30e+01
3.68e+02,1.42e+03,4.60e+01,3.00e+01
1.24e+02,7.43e+02,4.60e+01,3.00e+01
2.48e+02,1.32e+03,4.40e+01,2.90e+01
2.37e+02,1.14e+03,4.70e+01,3.00e+01
7.18e+01,6.10e+02,4.70e+01,3.00e+01
2.60e+02,1.16e+03,4.40e+01,2.90e+01
2.94e+02,1.02e+03,4.40e+01,2.90e+01
2.73e+02,1.36e+03,4.70e+01,3.00e+01
2.91e+02,9.83e+02,4.60e+01,3.00e+01
3.00e+02,1.25e+03,4.60e+01,3.00e+01
3.11e+02,1.17e+03,4.50e+01,2.90e+01
2.38e+02,9.17e+02,4.70e+01,3.10e+01
2.95e+02,1.38e+03,4.40e+01,2.90e+01
2.99e+02,1.15e+03,4.70e+01,3.00e+01
3.07e+02,1.24e+03,4.70e+01,3.00e+01
2.04e+02,8.40e+02,4.50e+01,2.90e+01
2.51e+02,1.03e+03,4.40e+01,2.90e+01
2.45e+02,8.54e+02,4.60e+01,3.00e+01
2.64e+02,1.01e+03,4.40e+01,2.90e+01
3.96e+02,1.39e+03,4.50e+01,2.90e+01
1.34e+02,4.85e+02,4.40e+01,2.90e+01
2.91e+02,1.21e+03,4.60e+01,3.00e+01
3.73e+02,1.40e+03,4.60e+01,3.00e+01
-3.59e+01,-1.08e+01,4.80e+01,3.10e+01
2.94e+02,9.85e+02,4.40e+01,2.90e+01
9.10e+01,3.80e+02,5.10e+01,3.10e+01
3.34e+02,1.12e+03,4.40e+01,2.90e+01
8.23e+01,5.44e+02,4.70e+01,3.00e+01
7.18e+01,3.17e+02,4.50e+01,2.90e+01
2.76e+02,1.38e+03,4.80e+01,3.10e+01
2.26e+02,9.23e+02,5.10e+01,3.30e+01
3.40e+02,1.26e+03,5.10e+01,3.30e+01
2.39e+02,8.57e+02,4.60e+01,3.00e+01
3.75e+02,1.32e+03,4.60e+01,3.00e+01
2.86e+02,1.14e+03,5.10e+01,3.20e+01
1.76e+02,9.70e+02,5.10e+01,3.30e+01
3.98e+02,1.33e+03,4.50e+01,2.90e+01
1.88e+02,9.95e+02,4.40e+01,2.90e+01
2.81e+02,1.00e+03,4.60e+01,3.00e+01
2.09e+01,2.45e+02,4.70e+01,3.00e+01
2.98e+02,1.13e+03,4.70e+01,3.10e+01
2.93e+02,1.10e+03,4.40e+01,2.90e+01
2.19e+02,9.80e+02,4.70e+01,3.00e+01
1.49e+02,7.20e+02,5.10e+01,3.30e+01
2.65e+02,1.16e+03,5.20e+01,3.30e+01
1.63e+02,7.18e+02,4.40e+01,2.90e+01
1.11e+02,4.24e+02,4.40e+01,2.90e+01
3.19e+02,1.19e+03,4.40e+01,2.90e+01
1.59e+02,8.43e+02,4.60e+01,3.00e+01
1.25e+02,7.26e+02,5.10e+01,3.30e+01
3.32e+02,1.30e+03,4.80e+01,3.10e+01
2.66e+02,9.58e+02,4.50e+01,2.90e+01
3.59e+02,1.15e+03,4.50e+01,2.90e+01
2.83e+02,1.02e+03,4.50e+01,3.00e+01
2.81e+02,9.55e+02,4.40e+01,2.90e+01
2.45e+02,1.31e+03,4.70e+01,3.00e+01
2.28e+02,9.31e+02,4.40e+01,2.90e+01
-1.21e+00,1.01e+02,4.70e+01,3.10e+01
1.79e+02,6.71e+02,4.40e+01,2.90e+01
3.49e+02,1.13e+03,4.60e+01,3.00e+01
3.13e+02,1.35e+03,4.40e+01,2.90e+01
-2.23e+01,6.30e+01,5.00e+01,3.10e+01
3.51e+02,1.39e+03,4.60e+01,3.00e+01
3.04e+02,1.25e+03,4.50e+01,2.90e+01
2.78e+02,9.36e+02,4.40e+01,2.90e+01
2.26e+02,8.89e+02,5.10e+01,3.30e+01
2.61e+02,9.30e+02,4.50e+01,2.90e+01
1.64e+02,9.76e+02,4.80e+01,3.10e+01
1.64e+02,1.19e+03,4.40e+01,2.90e+01
2.19e+02,1.16e+03,4.60e+01,3.00e+01
2.92e+02,1.41e+03,4.60e+01,3.00e+01
2.40e+02,1.12e+03,4.50e+01,2.90e+01
3.72e+02,1.37e+03,4.40e+01,2.90e+01
3.12e+02,1.35e+03,4.60e+01,3.00e+01
2.96e+02,1.17e+03,4.40e+01,2.90e+01
3.17e+02,1.41e+03,4.70e+01,3.00e+01
3.03e+02,1.32e+03,4.40e+01,2.90e+01
2.81e+02,9.51e+02,5.00e+01,3.10e+01
1.61e+02,8.88e+02,4.40e+01,2.90e+01
3.36e+02,1.07e+03,4.40e+01,2.90e+01
2.92e+02,1.03e+03,4.40e+01,2.90e+01
4.19e+02,1.38e+03,4.70e+01,3.00e+01
3.15e+02,1.12e+03,4.60e+01,3.00e+01
3.59e+02,1.28e+03,4.40e+01,2.90e+01
2.15e+02,7.55e+02,4.60e+01,3.00e+01
2.27e+02,1.35e+03,5.10e+01,3.30e+01
1.69e+02,7.25e+02,4.40e+01,2.90e+01
3.44e+02,1.36e+03,4.80e+01,3.10e+01
2.45e+02,9.02e+02,4.60e+01,3.00e+01
2.09e+02,8.91e+02,4.40e+01,2.90e+01
2.01e+02,7.45e+02,4.50e+01,2.90e+01
2.41e+02,1.00e+03,4.70e+01,3.00e+01
2.17e+02,9.92e+02,5.10e+01,3.30e+01
2.62e+02,1.23e+03,4.70e+01,3.00e+01
2.62e+02,9.65e+02,4.60e+01,3.00e+01
2.57e+02,1.35e+03,4.60e+01,3.00e+01
3.09e+02,1.05e+03,4.70e+01,3.00e+01
2.27e+02,9.80e+02,4.70e+01,3.00e+01
1.71e+02,7.24e+02,4.50e+01,2.90e+01
2.53e+02,8.80e+02,4.60e+01,3.00e+01
1.80e+02,7.44e+02,5.10e+01,3.30e+01
2.11e+02,1.08e+03,4.40e+01,2.90e+01
3.01e+02,9.56e+02,4.70e+01,3.00e+01
3.35e+02,1.14e+03,4.40e+01,2.90e+01
1.85e+02,1.30e+03,4.40e+01,2.90e+01
2.62e+02,9.33e+02,4.70e+01,3.00e+01
2.87e+02,9.82e+02,4.40e+01,2.90e+01
3.36e+02,1.40e+03,4.70e+01,3.10e+01
2.93e+02,1.37e+03,4.60e+01,2.90e+01
7.07e+01,5.31e+02,4.40e+01,2.90e+01
2.97e+02,1.16e+03,4.60e+01,3.00e+01
2.97e+02,1.09e+03,4.60e+01,3.00e+01
6.55e+01,5.68e+02,4.40e+01,2.90e+01
2.98e+02,1.02e+03,4.40e+01,2.90e+01
-4.24e+01,-2.37e+01,4.70e+01,3.00e+01
3.31e+01,2.78e+02,4.40e+01,2.90e+01
3.12e+02,1.12e+03,4.80e+01,3.10e+01
2.64e+02,1.14e+03,4.70e+01,3.00e+01
2.35e+02,8.93e+02,4.80e+01,3.10e+01
2.76e+02,1.14e+03,4.60e+01,3.00e+01
2.26e+02,9.39e+02,4.50e+01,2.90e+01
2.77e+02,9.20e+02,4.40e+01,2.90e+01
3.92e+02,1.34e+03,4.70e+01,3.00e+01
3.70e+02,1.39e+03,4.40e+01,2.90e+01
3.52e+02,1.20e+03,4.40e+01,2.90e+01
3.42e+02,1.28e+03,5.10e+01,3.30e+01
2.80e+02,1.27e+03,5.00e+01,3.10e+01
3.63e+02,1.37e+03,4.50e+01,3.00e+01
1.36e+02,8.62e+02,4.40e+01,2.90e+01
3.56e+02,1.34e+03,5.00e+01,3.20e+01
2.35e+02,1.09e+03,4.40e+01,2.90e+01
2.48e+02,1.12e+03,4.60e+01,3.00e+01
3.34e+02,1.19e+03,4.50e+01,2.90e+01
3.06e+02,1.31e+03,4.80e+01,3.10e+01
1.12e+02,5.32e+02,4.70e+01,3.00e+01
2.69e+02,9.55e+02,4.40e+01,2.90e+01
2.87e+02,1.01e+03,4.70e+01,3.00e+01
3.29e+02,1.38e+03,4.60e+01,3.00e+01
2.59e+02,1.04e+03,4.60e+01,3.00e+01
2.19e+02,9.26e+02,4.40e+01,2.90e+01
3.58e+02,1.30e+03,4.70e+01,3.00e+01
2.55e+02,1.05e+03,4.40e+01,2.90e+01
3.61e+02,1.24e+03,4.60e+01,3.00e+01
2.00e+02,7.70e+02,4.40e+01,2.90e+01
2.32e+02,7.95e+02,4.80e+01,3.10e+01
2.26e+02,7.81e+02,4.60e+01,3.00e+01
2.18e+02,1.08e+03,5.10e+01,3.30e+01
2.53e+02,1.12e+03,4.40e+01,2.90e+01
2.24e+02,1.10e+03,4.60e+01,3.00e+01
2.67e+02,1.02e+03,4.40e+01,2.90e+01
2.79e+02,1.00e+03,4.40e+01,2.90e+01
2.65e+02,1.11e+03,5.00e+01,3.10e+01
3.77e+02,1.40e+03,4.60e+01,3.00e+01
2.06e+02,7.16e+02,5.10e+01,3.30e+01
2.92e+02,1.02e+03,4.40e+01,2.90e+01
2.51e+02,1.03e+03,4.70e+01,3.00e+01
1.96e+02,9.39e+02,4.90e+01,3.10e+01
3.06e+02,1.14e+03,4.70e+01,3.00e+01
3.58e+02,1.18e+03,5.10e+01,3.30e+01
3.27e+02,1.28e+03,4.60e+01,3.00e+01
2.97e+02,1.11e+03,4.50e+01,3.00e+01
2.73e+02,1.38e+03,4.40e+01,2.90e+01
-4.44e+01,-2.79e+01,4.80e+01,3.10e+01
2.57e+02,1.10e+03,4.40e+01,2.90e+01
3.01e+02,1.14e+03,4.40e+01,2.90e+01
2.67e+02,1.37e+03,4.40e+01,2.90e+01
2.52e+02,1.40e+03,4.60e+01,3.00e+01
3.35e+02,1.20e+03,4.40e+01,2.90e+01
2.77e+02,1.11e+03,4.60e+01,3.00e+01
2.60e+02,1.28e+03,4.80e+01,3.00e+01
2.53e+02,8.94e+02,4.50e+01,2.90e+01
5.63e+01,4.63e+02,4.70e+01,3.00e+01
2.11e+02,9.67e+02,4.40e+01,2.90e+01
2.13e+02,1.30e+03,4.40e+01,2.90e+01
3.12e+02,1.19e+03,4.60e+01,3.00e+01
2.28e+02,8.06e+02,4.70e+01,3.00e+01
3.52e+02,1.13e+03,4.40e+01,2.90e+01
2.32e+02,1.12e+03,4.60e+01,3.00e+01
-2.81e+01,1.21e+01,4.40e+01,2.90e+01
3.59e+02,1.28e+03,4.70e+01,3.00e+01
2.86e+02,1.15e+03,4.60e+01,3.00e+01
2.89e+02,1.02e+03,4.90e+01,3.10e+01
3.13e+02,1.37e+03,4.70e+01,3.00e+01
2.51e+02,8.63e+02,4.40e+01,2.90e+01
2.03e+02,7.93e+02,4.40e+01,2.90e+01
1.24e+02,6.66e+02,5.10e+01,3.30e+01
2.54e+02,1.27e+03,4.40e+01,2.90e+01
2.69e+02,1.19e+03,5.10e+01,3.30e+01
2.40e+02,9.15e+02,4.50e+01,2.90e+01
3.04e+02,1.22e+03,4.50e+01,2.90e+01
2.55e+02,1.42e+03,4.50e+01,2.90e+01
3.07e+02,1.06e+03,4.40e+01,2.90e+01
2.54e+02,1.07e+03,4.60e+01,3.00e+01
2.35e+02,1.11e+03,4.60e+01,3.00e+01
2.92e+02,1.06e+03,4.40e+01,2.90e+01
1.98e+02,1.08e+03,4.40e+01,2.90e+01
1.16e+02,3.11e+02,5.20e+01,3.30e+01
9.37e+01,4.79e+02,4.40e+01,2.90e+01
2.15e+02,9.53e+02,4.40e+01,2.90e+01
2.54e+02,1.18e+03,4.60e+01,3.00e+01
3.02e+02,1.18e+03,4.50e+01,2.90e+01
3.13e+02,1.13e+03,4.40e+01,2.90e+01
2.72e+02,1.19e+03,4.50e+01,2.90e+01
6.74e+01,2.56e+02,4.40e+01,2.90e+01
8.46e+01,6.17e+02,4.60e+01,3.00e+01
7.78e+01,3.32e+02,4.40e+01,2.90e+01
2.55e+02,9.66e+02,4.40e+01,2.90e+01
2.29e+02,8.69e+02,4.70e+01,3.10e+01
2.87e+02,1.17e+03,4.80e+01,3.10e+01
3.43e+02,1.20e+03,5.10e+01,3.30e+01
3.31e+02,1.23e+03,4.70e+01,3.00e+01
3.02e+02,1.03e+03,4.60e+01,3.00e+01
3.30e+02,1.43e+03,4.50e+01,2.90e+01
2.16e+02,1.16e+03,4.60e+01,3.00e+01
3.63e+02,1.36e+03,4.60e+01,3.00e+01
2.61e+02,9.69e+02,4.40e+01,2.90e+01
2.63e+02,1.09e+03,4.70e+01,3.00e+01
2.54e+02,1.03e+03,4.70e+01,3.00e+01
2.52e+02,1.09e+03,4.40e+01,2.90e+01
-4.83e+01,-2.59e+01,4.40e+01,2.90e+01
3.00e+02,1.22e+03,4.60e+01,3.00e+01
3.82e+02,1.40e+03,4.60e+01,3.00e+01
3.53e+02,1.34e+03,4.80e+01,3.10e+01
2.52e+02,9.08e+02,4.40e+01,2.90e+01
2.83e+02,1.29e+03,4.40e+01,2.90e+01
1.61e+02,9.49e+02,4.60e+01,3.00e+01
3.42e+02,1.13e+03,4.70e+01,3.00e+01
2.95e+02,1.39e+03,4.40e+01,2.90e+01
1.95e+02,8.18e+02,4.50e+01,2.90e+01
-3.12e+01,4.20e-03,5.00e+01,3.10e+01
3.32e+02,1.28e+03,4.60e+01,3.00e+01
2.93e+02,1.18e+03,4.40e+01,2.90e+01
3.42e+02,1.40e+03,4.40e+01,2.90e+01
1.81e+02,6.90e+02,4.40e+01,2.90e+01
2.99e+02,1.43e+03,4.60e+01,3.00e+01
2.36e+02,9.57e+02,4.50e+01,3.00e+01
3.05e+02,1.19e+03,4.60e+01,2.90e+01
2.97e+02,1.38e+03,4.40e+01,2.90e+01
3.55e+02,1.32e+03,5.10e+01,3.30e+01
2.44e+02,9.87e+02,4.60e+01,3.00e+01
6.98e+01,6.83e+02,4.40e+01,2.90e+01
3.23e+02,1.37e+03,4.60e+01,3.00e+01
7.26e+01,2.22e+02,4.60e+01,3.00e+01
3.09e+02,1.39e+03,4.40e+01,2.90e+01
2.71e+02,1.01e+03,5.00e+01,3.10e+01
-3.47e+01,-2.40e+01,4.80e+01,3.10e+01
2.51e+02,8.88e+02,4.60e+01,3.00e+01
2.13e+02,8.76e+02,4.40e+01,2.90e+01
2.74e+02,1.23e+03,4.50e+01,2.90e+01
7.04e+01,5.64e+02,4.40e+01,2.90e+01
2.83e+02,1.39e+03,4.40e+01,2.90e+01
2.22e+02,9.25e+02,4.40e+01,2.90e+01
-5.38e+01,1.91e+01,4.60e+01,3.00e+01
3.56e+02,1.33e+03,4.40e+01,2.90e+01
2.66e+02,9.95e+02,4.40e+01,2.90e+01
2.48e+02,1.11e+03,4.40e+01,2.90e+01
3.33e+02,1.27e+03,5.10e+01,3.30e+01
2.84e+02,1.18e+03,4.40e+01,2.90e+01
2.69e+02,9.54e+02,4.40e+01,2.90e+01
3.09e+02,1.16e+03,4.50e+01,2.90e+01
2.56e+02,9.48e+02,4.60e+01,3.00e+01
3.04e+02,1.23e+03,5.10e+01,3.30e+01
2.19e+02,9.73e+02,4.40e+01,2.90e+01
2.84e+02,1.11e+03,5.10e+01,3.30e+01
2.54e+02,8.73e+02,4.50e+01,2.90e+01
3.04e+02,1.09e+03,4.60e+01,3.00e+01
2.42e+02,9.22e+02,5.00e+01,3.10e+01
3.37e+02,1.31e+03,4.90e+01,3.10e+01
3.03e+02,1.44e+03,4.60e+01,3.00e+01
1.98e+02,8.28e+02,4.60e+01,2.90e+01
3.01e+02,1.21e+03,5.00e+01,3.20e+01
3.06e+02,1.20e+03,4.80e+01,3.10e+01
1.03e+02,6.18e+02,4.40e+01,2.90e+01
2.30e+02,1.11e+03,4.40e+01,2.90e+01
3.16e+02,1.17e+03,4.40e+01,2.90e+01
3.70e+02,1.22e+03,4.40e+01,2.90e+01
2.19e+02,1.05e+03,4.40e+01,2.90e+01
2.27e+02,1.11e+03,4.70e+01,3.00e+01
2.51e+02,9.03e+02,5.10e+01,3.30e+01
3.06e+02,1.17e+03,4.80e+01,3.10e+01
2.19e+02,8.94e+02,4.60e+01,3.00e+01
2.69e+02,9.40e+02,4.40e+01,2.90e+01
1.24e+02,8.18e+02,4.60e+01,3.00e+01
2.17e+02,9.22e+02,4.40e+01,2.90e+01
2.53e+02,1.22e+03,4.60e+01,3.00e+01
2.29e+02,8.58e+02,4.60e+01,3.00e+01
8.32e+01,2.39e+02,5.10e+01,3.20e+01
2.86e+02,1.35e+03,4.70e+01,3.00e+01
3.11e+02,1.13e+03,4.40e+01,2.90e+01
1.55e+02,7.91e+02,4.60e+01,3.00e+01
3.36e+02,1.29e+03,4.40e+01,2.90e+01
1.42e+02,7.64e+02,4.40e+01,2.90e+01
2.66e+02,1.03e+03,4.40e+01,2.90e+01
2.55e+02,1.20e+03,4.40e+01,2.90e+01
2.92e+02,1.35e+03,4.40e+01,2.90e+01
3.22e+02,1.14e+03,4.40e+01,2.90e+01
1.37e+02,5.75e+02,4.40e+01,2.90e+01
3.31e+02,1.12e+03,4.40e+01,2.90e+01
2.99e+02,1.34e+03,4.60e+01,3.00e+01
2.82e+02,8.92e+02,4.70e+01,3.00e+01
3.37e+02,1.27e+03,4.40e+01,2.90e+01
1.83e+02,9.23e+02,4.90e+01,3.10e+01
2.34e+02,8.04e+02,4.60e+01,3.00e+01
6.61e+01,5.47e+02,4.70e+01,3.00e+01
2.61e+02,1.14e+03,4.60e+01,3.00e+01
2.15e+02,9.65e+02,5.00e+01,3.10e+01
2.82e+02,1.29e+03,4.70e+01,3.00e+01
2.92e+02,9.88e+02,4.60e+01,3.00e+01
3.09e+02,1.13e+03,4.60e+01,3.00e+01
3.70e+02,1.35e+03,4.80e+01,3.10e+01
2.33e+02,8.38e+02,4.60e+01,3.00e+01
3.13e+02,1.09e+03,4.70e+01,3.10e+01
1.64e+02,8.62e+02,5.10e+01,3.30e+01
2.91e+02,1.31e+03,4.40e+01,2.90e+01
2.47e+02,1.00e+03,4.70e+01,3.00e+01
2.49e+02,1.19e+03,4.60e+01,3.00e+01
2.33e+02,1.19e+03,4.40e+01,2.90e+01
