2.61e+02,3.74e+02,2.80e+01,1.90e+01
1.51e+02,4.47e+02,2.70e+01,1.90e+01
1.89e+02,3.79e+02,2.70e+01,1.90e+01
2.57e+02,3.76e+02,2.70e+01,1.90e+01
2.59e+02,3.76e+02,2.70e+01,1.90e+01
2.60e+02,3.76e+02,2.60e+01,1.90e+01
2.61e+02,3.74e+02,2.70e+01,1.90e+01
2.61e+02,3.75e+02,2.70e+01,1.90e+01
2.61e+02,3.75e+02,2.70e+01,1.90e+01
2.61e+02,3.74e+02,2.70e+01,1.90e+01
2.61e+02,3.74e+02,2.90e+01,2.00e+01
2.61e+02,3.74e+02,2.70e+01,1.90e+01
2.61e+02,3.74e+02,2.70e+01,1.90e+01
2.61e+02,3.74e+02,2.90e+01,2.00e+01
2.61e+02,3.74e+02,2.70e+01,1.90e+01
2.61e+02,3.74e+02,2.70e+01,1.90e+01
2.61e+02,3.74e+02,2.70e+01,1.90e+01
2.61e+02,3.74e+02,2.70e+01,1.90e+01
2.61e+02,3.74e+02,2.80e+01,1.90e+01
1.27e+02,3.79e+02,2.70e+01,2.00e+01
1.89e+02,3.79e+02,2.80e+01,2.00e+01
2.58e+02,3.76e+02,2.80e+01,1.90e+01
2.61e+02,3.75e+02,2.80e+01,2.00e+01
1.89e+02,3.79e+02,2.80e+01,1.90e+01
1.89e+02,3.79e+02,2.70e+01,1.90e+01
2.61e+02,3.74e+02,2.90e+01,2.00e+01
1.47e+02,3.71e+02,2.70e+01,1.90e+01
2.59e+02,3.76e+02,2.80e+01,1.90e+01
2.59e+02,3.75e+02,2.90e+01,2.00e+01
2.22e+02,2.99e+02,2.70e+01,1.90e+01
1.95e+02,3.69e+02,2.80e+01,1.90e+01
1.60e+02,2.39e+02,2.70e+01,1.90e+01
1.89e+02,3.78e+02,2.70e+01,1.90e+01
1.89e+02,3.79e+02,2.70e+01,1.90e+01
2.20e+02,3.76e+02,2.60e+01,1.90e+01
2.61e+02,3.74e+02,2.80e+01,1.90e+01
2.15e+02,3.74e+02,2.90e+01,2.00e+01
2.46e+02,3.01e+02,2.80e+01,1.90e+01
2.02e+02,2.92e+02,2.80e+01,1.90e+01
1.89e+02,3.79e+02,2.70e+01,1.90e+01
1.89e+02,3.78e+02,2.60e+01,1.90e+01
2.31e+02,2.86e+02,2.80e+01,1.90e+01
1.90e+02,3.74e+02,2.70e+01,1.90e+01
2.20e+02,2.98e+02,2.70e+01,1.90e+01
2.04e+02,3.70e+02,2.90e+01,2.00e+01
1.47e+02,3.77e+02,2.70e+01,1.90e+01
2.54e+02,3.72e+02,2.80e+01,2.00e+01
2.57e+02,3.69e+02,2.90e+01,2.00e+01
2.53e+02,3.68e+02,2.90e+01,2.00e+01
-7.21e+01,-2.13e+01,2.70e+01,1.90e+01
2.31e+02,2.91e+02,2.80e+01,1.90e+01
2.57e+02,3.76e+02,2.80e+01,1.90e+01
1.98e+02,3.74e+02,2.80e+01,1.90e+01
1.03e+02,2.81e+02,2.80e+01,2.00e+01
1.50e+02,2.50e+02,2.80e+01,2.00e+01
2.60e+02,3.75e+02,2.70e+01,1.90e+01
2.52e+02,3.41e+02,2.80e+01,1.90e+01
2.15e+02,3.74e+02,2.80e+01,1.90e+01
1.03e+02,4.47e+02,2.70e+01,1.90e+01
2.61e+02,3.74e+02,2.80e+01,1.90e+01
1.44e+02,3.68e+02,2.70e+01,1.90e+01
2.21e+02,2.95e+02,2.80e+01,1.90e+01
1.86e+02,3.76e+02,2.80e+01,2.00e+01
2.30e+02,3.75e+02,2.70e+01,1.90e+01
2.50e+02,3.51e+02,2.70e+01,1.90e+01
1.56e+02,2.39e+02,2.70e+01,1.90e+01
2.54e+02,3.57e+02,2.90e+01,2.00e+01
2.20e+02,3.75e+02,2.70e+01,1.90e+01
1.28e+02,2.51e+02,2.80e+01,2.00e+01
2.21e+02,2.95e+02,2.80e+01,1.90e+01
7.54e+01,2.21e+02,2.70e+01,1.90e+01
2.59e+02,3.74e+02,2.80e+01,1.90e+01
1.74e+01,1.86e+02,2.80e+01,1.90e+01
2.57e+02,3.76e+02,2.70e+01,1.90e+01
1.15e+02,2.92e+02,2.80e+01,1.90e+01
9.25e+01,2.46e+02,2.80e+01,2.00e+01
2.51e+02,3.62e+02,2.80e+01,1.90e+01
1.91e+02,2.41e+02,2.80e+01,2.00e+01
2.61e+02,3.74e+02,2.90e+01,2.00e+01
2.02e+02,2.92e+02,2.80e+01,1.90e+01
1.89e+02,3.78e+02,2.70e+01,1.90e+01
2.61e+02,3.74e+02,2.80e+01,2.00e+01
2.57e+02,3.71e+02,2.80e+01,1.90e+01
1.91e+02,2.41e+02,2.80e+01,2.00e+01
2.60e+02,3.74e+02,2.80e+01,1.90e+01
-6.57e+01,2.33e+01,2.80e+01,1.90e+01
2.59e+02,3.74e+02,2.80e+01,1.90e+01
2.61e+02,3.74e+02,2.90e+01,2.00e+01
1.38e+02,3.72e+02,2.70e+01,1.90e+01
2.20e+02,2.69e+02,2.90e+01,2.00e+01
2.03e+02,3.71e+02,2.80e+01,2.00e+01
2.59e+02,3.76e+02,2.70e+01,1.90e+01
1.89e+02,3.79e+02,2.80e+01,2.00e+01
1.93e+02,2.51e+02,2.90e+01,2.00e+01
1.89e+02,3.79e+02,2.90e+01,2.00e+01
2.31e+02,2.91e+02,2.80e+01,1.90e+01
1.51e+02,4.47e+02,2.70e+01,1.90e+01
1.89e+02,3.79e+02,2.70e+01,1.90e+01
2.54e+02,3.57e+02,2.80e+01,2.00e+01
1.83e+02,3.76e+02,2.70e+01,2.00e+01
2.20e+02,3.00e+02,2.80e+01,2.00e+01
2.54e+02,3.73e+02,2.70e+01,1.90e+01
1.89e+02,3.79e+02,2.80e+01,2.00e+01
1.29e+02,2.99e+02,2.70e+01,1.90e+01
7.25e+00,1.26e+02,2.70e+01,1.90e+01
2.61e+02,3.74e+02,2.70e+01,1.90e+01
2.32e+02,2.99e+02,2.80e+01,2.00e+01
2.59e+02,3.69e+02,2.70e+01,2.00e+01
2.50e+02,3.51e+02,2.70e+01,1.90e+01
8.43e+01,4.36e+02,2.80e+01,2.00e+01
2.33e+02,2.93e+02,2.90e+01,2.00e+01
1.88e+02,3.90e+02,2.70e+01,1.90e+01
8.43e+01,1.67e+02,2.70e+01,1.90e+01
2.51e+02,3.62e+02,2.70e+01,1.90e+01
1.56e+02,4.46e+02,2.70e+01,1.90e+01
1.89e+02,3.77e+02,2.80e+01,1.90e+01
1.26e+02,3.78e+02,2.70e+01,1.90e+01
1.89e+02,3.80e+02,2.80e+01,2.00e+01
-5.99e+01,2.40e+01,2.70e+01,1.90e+01
1.55e+02,3.75e+02,2.70e+01,1.90e+01
2.37e+02,3.59e+02,2.70e+01,1.90e+01
1.11e+02,3.76e+02,2.80e+01,2.00e+01
1.91e+02,3.80e+02,2.90e+01,2.00e+01
2.33e+02,2.93e+02,3.00e+01,2.10e+01
2.00e+02,3.74e+02,2.70e+01,1.90e+01
2.24e+02,3.71e+02,2.80e+01,2.00e+01
2.60e+02,3.75e+02,2.90e+01,2.00e+01
2.59e+02,3.75e+02,2.70e+01,2.00e+01
