1.92e+02,5.54e+02,7.40e+01,3.80e+01
1.92e+02,5.54e+02,7.90e+01,4.20e+01
1.92e+02,5.54e+02,7.90e+01,4.20e+01
1.92e+02,5.54e+02,7.40e+01,3.80e+01
1.92e+02,5.54e+02,7.90e+01,4.20e+01
1.92e+02,5.54e+02,7.90e+01,4.20e+01
1.92e+02,5.54e+02,7.90e+01,4.20e+01
1.92e+02,5.54e+02,7.90e+01,4.20e+01
1.92e+02,5.54e+02,7.90e+01,4.20e+01
1.92e+02,5.54e+02,7.40e+01,3.80e+01
1.92e+02,5.54e+02,7.90e+01,4.20e+01
1.92e+02,5.54e+02,7.90e+01,4.20e+01
1.92e+02,5.54e+02,7.90e+01,4.20e+01
1.92e+02,5.54e+02,7.90e+01,4.20e+01
1.92e+02,5.54e+02,7.90e+01,4.20e+01
1.92e+02,5.54e+02,7.40e+01,3.80e+01
1.92e+02,5.54e+02,7.90e+01,4.20e+01
1.92e+02,5.54e+02,7.90e+01,4.20e+01
1.92e+02,5.54e+02,7.90e+01,4.20e+01
1.92e+02,5.54e+02,7.90e+01,4.20e+01
1.91e+02,5.54e+02,7.40e+01,3.80e+01
1.92e+02,5.54e+02,8.00e+01,4.20e+01
1.92e+02,5.54e+02,7.90e+01,4.20e+01
1.92e+02,5.54e+02,7.50e+01,3.80e+01
1.91e+02,5.54e+02,7.40e+01,3.80e+01
1.92e+02,5.54e+02,8.00e+01,4.20e+01
1.92e+02,5.54e+02,7.50e+01,3.80e+01
1.92e+02,5.54e+02,7.50e+01,3.80e+01
1.92e+02,5.54e+02,7.50e+01,3.90e+01
1.92e+02,5.54e+02,7.50e+01,3.80e+01
1.92e+02,5.54e+02,7.50e+01,3.80e+01
1.41e+02,3.55e+02,7.90e+01,4.20e+01
1.91e+02,5.54e+02,8.00e+01,4.20e+01
1.92e+02,5.54e+02,7.60e+01,3.90e+01
8.79e+01,1.62e+02,7.90e+01,4.20e+01
1.92e+02,5.54e+02,8.10e+01,4.30e+01
1.92e+02,5.54e+02,7.50e+01,3.90e+01
1.92e+02,5.54e+02,7.90e+01,4.20e+01
1.92e+02,5.54e+02,8.10e+01,4.30e+01
1.22e+02,3.39e+02,8.00e+01,4.30e+01
1.71e+02,5.54e+02,7.60e+01,3.90e+01
1.71e+02,5.54e+02,7.90e+01,4.20e+01
1.73e+02,5.54e+02,7.90e+01,4.20e+01
1.92e+02,5.54e+02,7.90e+01,4.20e+01
1.92e+02,5.54e+02,7.50e+01,3.80e+01
1.92e+02,5.54e+02,7.90e+01,4.20e+01
1.92e+02,5.54e+02,7.90e+01,4.20e+01
1.92e+02,5.54e+02,8.00e+01,4.30e+01
1.91e+02,5.52e+02,7.50e+01,3.80e+01
1.92e+02,5.54e+02,8.00e+01,4.20e+01
1.35e+02,3.57e+02,7.50e+01,3.90e+01
1.69e+02,5.50e+02,7.40e+01,3.80e+01
1.92e+02,5.54e+02,8.10e+01,4.30e+01
1.71e+02,5.54e+02,7.50e+01,3.90e+01
1.92e+02,5.54e+02,7.90e+01,4.20e+01
1.92e+02,5.54e+02,7.60e+01,3.90e+01
1.92e+02,5.54e+02,8.10e+01,4.30e+01
1.92e+02,5.54e+02,7.90e+01,4.20e+01
1.92e+02,5.54e+02,7.90e+01,4.20e+01
1.59e+02,3.59e+02,8.00e+01,4.30e+01
1.91e+02,5.54e+02,7.90e+01,4.20e+01
1.80e+02,5.54e+02,7.50e+01,3.80e+01
1.92e+02,5.54e+02,8.10e+01,4.30e+01
6.23e+01,2.89e+02,7.90e+01,4.20e+01
-5.18e+01,9.96e+01,7.90e+01,4.20e+01
1.92e+02,5.54e+02,7.40e+01,3.80e+01
1.89e+02,5.54e+02,8.00e+01,4.30e+01
1.21e+02,3.65e+02,8.00e+01,4.30e+01
1.92e+02,5.54e+02,7.50e+01,3.90e+01
1.67e+02,5.37e+02,7.60e+01,3.90e+01
1.38e+02,3.56e+02,7.40e+01,3.80e+01
1.92e+02,5.54e+02,8.00e+01,4.30e+01
1.39e+02,3.55e+02,7.90e+01,4.20e+01
1.58e+02,3.53e+02,7.90e+01,4.20e+01
1.92e+02,5.54e+02,7.60e+01,3.90e+01
1.92e+02,5.54e+02,7.50e+01,3.90e+01
1.35e+02,3.57e+02,8.00e+01,4.30e+01
1.92e+02,5.54e+02,7.90e+01,4.20e+01
1.02e+02,2.78e+02,8.00e+01,4.30e+01
1.89e+02,5.54e+02,8.00e+01,4.30e+01
8.21e+01,1.98e+02,7.50e+01,3.90e+01
8.26e+01,2.22e+02,7.40e+01,3.80e+01
1.74e+02,5.54e+02,7.50e+01,3.90e+01
1.92e+02,5.54e+02,8.10e+01,4.30e+01
1.92e+02,5.54e+02,7.90e+01,4.20e+01
1.12e+02,2.90e+02,7.90e+01,4.20e+01
1.58e+02,5.54e+02,8.00e+01,4.30e+01
1.92e+02,5.54e+02,7.60e+01,3.90e+01
1.30e+02,3.42e+02,7.90e+01,4.20e+01
1.92e+02,5.54e+02,7.50e+01,3.90e+01
1.92e+02,5.54e+02,7.60e+01,3.90e+01
1.92e+02,5.54e+02,8.10e+01,4.30e+01
1.58e+02,4.32e+02,7.40e+01,3.80e+01
1.25e+02,3.60e+02,7.50e+01,3.90e+01
1.92e+02,5.54e+02,8.00e+01,4.30e+01
1.92e+02,5.54e+02,7.60e+01,3.90e+01
1.92e+02,5.54e+02,8.00e+01,4.20e+01
1.92e+02,5.54e+02,8.00e+01,4.20e+01
-2.61e+01,4.59e+01,7.90e+01,4.20e+01
1.92e+02,5.54e+02,7.90e+01,4.20e+01
1.92e+02,5.54e+02,7.60e+01,3.90e+01
1.65e+02,5.54e+02,8.10e+01,4.30e+01
1.92e+02,5.54e+02,8.00e+01,4.30e+01
1.39e+02,3.55e+02,8.00e+01,4.30e+01
1.71e+02,5.54e+02,8.00e+01,4.30e+01
1.92e+02,5.54e+02,7.90e+01,4.20e+01
1.92e+02,5.54e+02,8.10e+01,4.30e+01
1.67e+02,5.54e+02,8.10e+01,4.30e+01
1.71e+02,5.54e+02,8.10e+01,4.30e+01
1.91e+02,5.54e+02,8.10e+01,4.30e+01
1.92e+02,5.54e+02,8.10e+01,4.30e+01
1.92e+02,5.54e+02,7.60e+01,3.90e+01
1.71e+02,4.32e+02,8.00e+01,4.30e+01
1.35e+02,3.57e+02,8.00e+01,4.30e+01
1.92e+02,5.54e+02,8.10e+01,4.30e+01
8.77e+01,1.62e+02,8.00e+01,4.20e+01
1.91e+02,5.54e+02,7.90e+01,4.20e+01
1.92e+02,5.54e+02,8.10e+01,4.30e+01
1.92e+02,5.54e+02,7.90e+01,4.20e+01
1.92e+02,5.54e+02,8.10e+01,4.30e+01
1.74e+02,4.46e+02,7.90e+01,4.20e+01
1.92e+02,5.54e+02,8.00e+01,4.20e+01
1.92e+02,5.54e+02,7.90e+01,4.20e+01
1.75e+02,5.54e+02,7.50e+01,3.90e+01
8.28e+01,2.22e+02,7.90e+01,4.20e+01
1.67e+02,5.54e+02,8.00e+01,4.30e+01
1.67e+02,5.54e+02,8.00e+01,4.30e+01
1.71e+02,5.54e+02,7.90e+01,4.20e+01
