-1.24e+02,-4.50e+01,2.20e+01,2.10e+01
-9.47e+01,-5.45e+01,3.00e+01,2.40e+01
-8.06e+01,-5.53e+01,3.10e+01,2.30e+01
-1.21e+02,-4.15e+01,2.20e+01,2.00e+01
-8.42e+01,-5.24e+01,3.10e+01,2.30e+01
-1.23e+02,-3.92e+01,2.30e+01,2.00e+01
-1.24e+02,-4.20e+01,2.10e+01,2.00e+01
-1.22e+02,-4.12e+01,2.00e+01,1.90e+01
-1.24e+02,-4.49e+01,2.20e+01,2.00e+01
-8.50e+01,-5.05e+01,3.20e+01,2.30e+01
-1.29e+02,-4.42e+01,2.20e+01,2.00e+01
-8.99e+01,-4.88e+01,2.70e+01,2.30e+01
-1.24e+02,-4.30e+01,2.10e+01,2.00e+01
-8.20e+01,-4.38e+01,3.10e+01,2.30e+01
-1.28e+02,-4.79e+01,2.20e+01,2.10e+01
-1.33e+02,-4.54e+01,2.30e+01,2.00e+01
-1.22e+02,-4.00e+01,2.30e+01,2.00e+01
-8.09e+01,-5.45e+01,3.20e+01,2.30e+01
-1.23e+02,-4.10e+01,2.10e+01,2.00e+01
-8.06e+01,-4.10e+01,2.90e+01,2.20e+01
-1.25e+02,-4.20e+01,2.10e+01,2.00e+01
-9.19e+01,-5.69e+01,2.80e+01,2.30e+01
-9.82e+01,-6.59e+01,2.90e+01,2.30e+01
-8.44e+01,-4.67e+01,3.20e+01,2.30e+01
-1.34e+02,-3.94e+01,2.40e+01,2.20e+01
-1.21e+02,-4.00e+01,1.90e+01,1.90e+01
-9.08e+01,-6.61e+01,3.10e+01,2.30e+01
-9.33e+01,-6.74e+01,2.80e+01,2.30e+01
-1.45e+02,-4.37e+01,1.90e+01,1.90e+01
-7.83e+01,-4.87e+01,2.70e+01,2.20e+01
-1.25e+02,-4.73e+01,2.30e+01,2.10e+01
-7.80e+01,-4.29e+01,2.90e+01,2.20e+01
-1.23e+02,-4.27e+01,1.90e+01,1.90e+01
-7.60e+01,-5.55e+01,3.10e+01,2.30e+01
-7.73e+01,-4.51e+01,2.80e+01,2.30e+01
-8.48e+01,-5.75e+01,2.90e+01,2.20e+01
-1.25e+02,-3.81e+01,2.10e+01,2.00e+01
-1.24e+02,-4.06e+01,2.10e+01,2.00e+01
-9.19e+01,-3.96e+01,2.70e+01,2.20e+01
-8.48e+01,-4.49e+01,2.80e+01,2.30e+01
-8.40e+01,-5.92e+01,2.70e+01,2.20e+01
-8.23e+01,-4.73e+01,3.00e+01,2.40e+01
-8.56e+01,-4.79e+01,3.00e+01,2.40e+01
-1.27e+02,-4.71e+01,2.10e+01,2.00e+01
-8.42e+01,-5.41e+01,3.10e+01,2.40e+01
-8.63e+01,-5.11e+01,3.10e+01,2.30e+01
-1.26e+02,-4.58e+01,2.20e+01,2.00e+01
-8.78e+01,-4.34e+01,2.90e+01,2.20e+01
-8.61e+01,-5.04e+01,3.30e+01,2.40e+01
-1.69e+02,-8.75e+01,3.00e+01,2.20e+01
-4.24e+02,-4.50e+01,2.30e+01,2.00e+01
-8.45e+01,-4.31e+01,3.20e+01,2.30e+01
-1.25e+02,-4.12e+01,2.10e+01,2.00e+01
-1.29e+02,-4.79e+01,2.20e+01,2.10e+01
-1.29e+02,-4.46e+01,2.20e+01,2.00e+01
-8.83e+01,-5.15e+01,3.30e+01,2.40e+01
-1.23e+02,-4.28e+01,2.30e+01,2.10e+01
-1.27e+02,-4.20e+01,2.40e+01,2.00e+01
-8.53e+01,-5.08e+01,3.20e+01,2.30e+01
-1.23e+02,-4.21e+01,2.40e+01,2.20e+01
-8.36e+01,-4.95e+01,2.80e+01,2.30e+01
-1.26e+02,-4.60e+01,2.20e+01,2.10e+01
-8.36e+01,-4.85e+01,2.80e+01,2.40e+01
-9.78e+01,-6.36e+01,3.10e+01,2.30e+01
-1.35e+02,-4.65e+01,1.90e+01,1.90e+01
-1.26e+02,-4.07e+01,2.20e+01,2.00e+01
-1.24e+02,-4.39e+01,2.20e+01,2.10e+01
-1.27e+02,-4.25e+01,2.10e+01,2.00e+01
-1.25e+02,-4.22e+01,1.90e+01,1.90e+01
-1.24e+02,-4.20e+01,2.10e+01,2.00e+01
-1.23e+02,-4.23e+01,2.20e+01,2.10e+01
-1.48e+02,-5.06e+01,3.10e+01,2.30e+01
-1.23e+02,-4.45e+01,1.90e+01,1.90e+01
-9.44e+01,-4.81e+01,3.30e+01,2.40e+01
-3.50e+02,-4.31e+01,2.10e+01,2.00e+01
-1.29e+02,-4.37e+01,2.20e+01,2.00e+01
-3.77e+02,-1.28e+02,3.10e+01,2.50e+01
-7.90e+01,-4.73e+01,3.10e+01,2.40e+01
-8.29e+01,-4.93e+01,3.10e+01,2.40e+01
-1.27e+02,-4.55e+01,2.30e+01,2.00e+01
-1.24e+02,-4.02e+01,2.30e+01,2.00e+01
-1.24e+02,-4.01e+01,2.30e+01,2.00e+01
-1.24e+02,-3.87e+01,2.40e+01,2.20e+01
-3.49e+02,-4.54e+01,2.30e+01,2.00e+01
-1.23e+02,-4.45e+01,1.90e+01,1.90e+01
-1.24e+02,-4.16e+01,2.20e+01,2.00e+01
-1.26e+02,-4.53e+01,2.10e+01,2.00e+01
-1.27e+02,-4.01e+01,2.20e+01,2.10e+01
-8.59e+01,-4.83e+01,3.20e+01,2.30e+01
-1.24e+02,-3.89e+01,2.10e+01,2.00e+01
-8.05e+01,-4.45e+01,3.30e+01,2.30e+01
-8.31e+01,-5.34e+01,3.20e+01,2.30e+01
-1.27e+02,-4.71e+01,2.40e+01,2.10e+01
-8.23e+01,-4.82e+01,3.00e+01,2.40e+01
-1.44e+02,-5.04e+01,3.20e+01,2.30e+01
-1.24e+02,-4.35e+01,2.20e+01,2.00e+01
-1.25e+02,-4.14e+01,2.10e+01,2.00e+01
-8.42e+01,-5.08e+01,3.10e+01,2.40e+01
-1.03e+02,-5.70e+01,3.20e+01,2.30e+01
-8.12e+01,-4.55e+01,2.90e+01,2.40e+01
-9.17e+01,-5.76e+01,3.00e+01,2.40e+01
-8.07e+01,-4.84e+01,3.20e+01,2.30e+01
-1.30e+02,-4.85e+01,2.40e+01,2.00e+01
-1.25e+02,-4.30e+01,2.20e+01,2.10e+01
-3.53e+02,-1.62e+02,3.10e+01,2.30e+01
-8.74e+01,-4.99e+01,2.80e+01,2.30e+01
-1.27e+02,-4.05e+01,1.90e+01,1.90e+01
-8.60e+01,-4.99e+01,3.20e+01,2.30e+01
-1.34e+02,-5.34e+01,2.10e+01,2.00e+01
-1.25e+02,-4.19e+01,2.10e+01,2.00e+01
-1.23e+02,-4.31e+01,2.30e+01,2.00e+01
-8.53e+01,-5.31e+01,3.20e+01,2.30e+01
-1.27e+02,-4.81e+01,2.00e+01,1.90e+01
-8.70e+01,-5.47e+01,2.80e+01,2.30e+01
-1.23e+02,-4.43e+01,2.40e+01,2.20e+01
-9.62e+01,-4.86e+01,3.10e+01,2.30e+01
-1.22e+02,-4.18e+01,2.20e+01,2.00e+01
-1.31e+02,-4.72e+01,2.20e+01,2.10e+01
-8.56e+01,-5.10e+01,3.00e+01,2.40e+01
-1.32e+02,-5.23e+01,2.30e+01,2.00e+01
-1.62e+02,-5.37e+01,2.80e+01,2.30e+01
-8.60e+01,-5.05e+01,3.30e+01,2.40e+01
-7.73e+01,-4.60e+01,3.10e+01,2.30e+01
-1.23e+02,-4.28e+01,2.30e+01,2.00e+01
-1.34e+02,-4.76e+01,2.30e+01,2.20e+01
-1.24e+02,-4.17e+01,2.10e+01,2.00e+01
-8.56e+01,-5.96e+01,3.10e+01,2.30e+01
-9.29e+01,-4.97e+01,3.10e+01,2.30e+01
-1.29e+02,-4.35e+01,2.30e+01,2.00e+01
-8.93e+01,-4.66e+01,2.70e+01,2.30e+01
-1.31e+02,-4.23e+01,3.00e+01,2.40e+01
-1.22e+02,-4.10e+01,2.30e+01,2.00e+01
-3.74e+02,-1.21e+02,2.70e+01,2.30e+01
-3.70e+02,-1.08e+02,3.10e+01,2.30e+01
-1.25e+02,-3.90e+01,2.20e+01,2.00e+01
-1.24e+02,-4.56e+01,2.40e+01,2.10e+01
-1.23e+02,-4.29e+01,2.20e+01,2.00e+01
-9.23e+01,-5.51e+01,2.90e+01,2.30e+01
-8.54e+01,-5.21e+01,3.10e+01,2.40e+01
-8.39e+01,-5.66e+01,3.10e+01,2.30e+01
-8.03e+01,-5.15e+01,3.10e+01,2.40e+01
-8.50e+01,-5.18e+01,3.20e+01,2.40e+01
-9.23e+01,-5.17e+01,3.10e+01,2.40e+01
-1.29e+02,-4.62e+01,2.30e+01,2.10e+01
-9.49e+01,-5.91e+01,3.00e+01,2.40e+01
-1.23e+02,-3.60e+01,2.20e+01,2.00e+01
-2.24e+02,-5.44e+01,3.10e+01,2.40e+01
-1.37e+02,-4.03e+01,2.10e+01,2.00e+01
-1.32e+02,-5.15e+01,2.50e+01,2.20e+01
-1.28e+02,-4.24e+01,2.30e+01,2.10e+01
-8.95e+01,-4.63e+01,2.80e+01,2.30e+01
-8.94e+01,-5.14e+01,3.10e+01,2.30e+01
-1.22e+02,-3.82e+01,2.30e+01,2.00e+01
-1.31e+02,-4.76e+01,2.40e+01,2.00e+01
-1.27e+02,-4.31e+01,2.20e+01,2.00e+01
-1.22e+02,-4.16e+01,2.40e+01,2.20e+01
-8.73e+01,-4.93e+01,3.10e+01,2.30e+01
-8.83e+01,-5.96e+01,3.00e+01,2.40e+01
-3.08e+02,-1.18e+02,3.10e+01,2.30e+01
-1.23e+02,-4.32e+01,2.00e+01,1.90e+01
-1.26e+02,-4.57e+01,2.10e+01,2.00e+01
-1.26e+02,-3.82e+01,2.20e+01,2.10e+01
-9.07e+01,-4.71e+01,3.10e+01,2.30e+01
-8.69e+01,-4.31e+01,3.20e+01,2.50e+01
-3.54e+02,-5.90e+01,2.20e+01,2.00e+01
-9.22e+01,-5.22e+01,3.20e+01,2.30e+01
-8.17e+01,-4.27e+01,3.10e+01,2.30e+01
-8.55e+01,-4.92e+01,3.30e+01,2.30e+01
-1.26e+02,-4.45e+01,2.10e+01,1.90e+01
-1.25e+02,-4.27e+01,2.30e+01,2.10e+01
-7.97e+01,-4.72e+01,2.80e+01,2.30e+01
-8.87e+01,-6.25e+01,3.20e+01,2.30e+01
-9.40e+01,-5.57e+01,3.10e+01,2.30e+01
-9.65e+01,-4.67e+01,3.20e+01,2.40e+01
-8.99e+01,-5.23e+01,3.10e+01,2.30e+01
-8.52e+01,-4.83e+01,3.10e+01,2.40e+01
-1.30e+02,-4.43e+01,3.30e+01,2.40e+01
-8.92e+01,-6.59e+01,3.20e+01,2.30e+01
-1.26e+02,-3.94e+01,2.10e+01,2.00e+01
-1.24e+02,-3.94e+01,2.20e+01,2.10e+01
-8.39e+01,-5.19e+01,3.00e+01,2.30e+01
-1.23e+02,-4.45e+01,2.20e+01,2.00e+01
-8.96e+01,-5.90e+01,3.20e+01,2.40e+01
-4.25e+02,-5.27e+01,2.20e+01,2.00e+01
-1.22e+02,-4.50e+01,2.20e+01,2.10e+01
-1.40e+02,-5.00e+01,2.20e+01,2.10e+01
-1.24e+02,-3.90e+01,2.30e+01,2.20e+01
-1.24e+02,-3.99e+01,2.10e+01,2.00e+01
-8.52e+01,-4.72e+01,3.10e+01,2.30e+01
-2.39e+02,-7.03e+01,2.80e+01,2.30e+01
-8.72e+01,-5.59e+01,3.00e+01,2.40e+01
-8.48e+01,-5.39e+01,3.30e+01,2.40e+01
