-8.32e+01,-4.48e+01,8.00e+01,3.60e+01
-8.72e+01,-6.04e+01,7.90e+01,3.60e+01
-8.61e+01,-4.31e+01,7.90e+01,3.60e+01
-8.08e+01,-5.20e+01,8.00e+01,3.60e+01
-9.01e+01,-4.76e+01,8.20e+01,3.80e+01
-8.09e+01,-4.69e+01,8.20e+01,3.80e+01
-8.29e+01,-4.63e+01,8.20e+01,3.80e+01
-8.48e+01,-4.53e+01,8.00e+01,3.50e+01
-8.69e+01,-5.16e+01,7.90e+01,3.50e+01
-8.60e+01,-5.01e+01,8.30e+01,3.70e+01
-7.80e+01,-4.65e+01,7.90e+01,3.50e+01
-9.07e+01,-5.11e+01,8.40e+01,3.80e+01
-7.92e+01,-4.49e+01,8.10e+01,3.60e+01
-8.65e+01,-5.01e+01,8.20e+01,3.80e+01
-9.07e+01,-5.35e+01,7.90e+01,3.60e+01
-7.90e+01,-4.44e+01,7.90e+01,3.50e+01
-9.23e+01,-5.30e+01,7.90e+01,3.50e+01
-2.20e+02,-5.84e+01,8.10e+01,3.60e+01
-8.03e+01,-4.37e+01,8.20e+01,3.70e+01
-8.21e+01,-4.72e+01,8.30e+01,3.80e+01
-8.38e+01,-4.63e+01,8.30e+01,3.80e+01
-8.74e+01,-6.13e+01,8.00e+01,3.50e+01
-8.55e+01,-4.73e+01,7.90e+01,3.50e+01
-8.56e+01,-4.52e+01,8.00e+01,3.50e+01
-8.38e+01,-4.24e+01,7.90e+01,3.50e+01
-8.29e+01,-4.95e+01,8.20e+01,3.70e+01
-8.34e+01,-4.94e+01,8.00e+01,3.60e+01
-7.56e+01,-4.93e+01,7.90e+01,3.60e+01
-9.75e+01,-4.56e+01,8.30e+01,3.80e+01
-7.88e+01,-4.17e+01,8.30e+01,3.80e+01
-7.91e+01,-4.39e+01,8.00e+01,3.50e+01
-8.26e+01,-4.55e+01,7.90e+01,3.50e+01
-8.94e+01,-5.94e+01,8.30e+01,3.70e+01
-8.14e+01,-4.77e+01,8.10e+01,3.60e+01
-8.28e+01,-5.15e+01,8.00e+01,3.50e+01
-1.73e+02,-4.87e+01,8.30e+01,3.80e+01
-8.34e+01,-4.38e+01,8.30e+01,3.70e+01
-8.67e+01,-4.89e+01,8.00e+01,3.60e+01
-8.30e+01,-5.31e+01,8.00e+01,3.70e+01
-8.00e+01,-4.03e+01,7.90e+01,3.50e+01
-8.06e+01,-4.70e+01,8.00e+01,3.50e+01
-1.01e+02,-5.94e+01,8.10e+01,3.70e+01
-8.46e+01,-5.61e+01,8.00e+01,3.50e+01
-7.96e+01,-4.25e+01,8.00e+01,3.60e+01
-3.21e+02,-1.12e+02,8.10e+01,3.60e+01
-8.12e+01,-5.23e+01,7.90e+01,3.60e+01
-8.58e+01,-4.94e+01,8.00e+01,3.70e+01
-8.17e+01,-4.56e+01,8.20e+01,3.80e+01
-8.85e+01,-4.72e+01,8.10e+01,3.70e+01
-9.04e+01,-5.99e+01,7.90e+01,3.50e+01
-7.86e+01,-4.34e+01,8.10e+01,3.60e+01
-8.33e+01,-4.97e+01,8.00e+01,3.50e+01
-8.40e+01,-5.35e+01,8.10e+01,3.60e+01
-8.48e+01,-5.01e+01,8.10e+01,3.60e+01
-1.25e+02,-4.48e+01,7.90e+01,3.60e+01
-8.48e+01,-4.81e+01,7.90e+01,3.60e+01
-7.79e+01,-4.97e+01,8.30e+01,3.90e+01
-8.45e+01,-4.29e+01,8.10e+01,3.60e+01
-8.17e+01,-5.03e+01,8.20e+01,3.80e+01
-8.00e+01,-4.31e+01,8.00e+01,3.60e+01
-8.35e+01,-4.33e+01,8.00e+01,3.50e+01
-8.14e+01,-4.56e+01,8.00e+01,3.60e+01
-7.97e+01,-4.77e+01,8.50e+01,3.80e+01
-8.39e+01,-4.84e+01,7.90e+01,3.50e+01
-8.83e+01,-4.76e+01,8.40e+01,3.70e+01
-8.97e+01,-4.60e+01,7.90e+01,3.60e+01
-8.93e+01,-4.64e+01,8.40e+01,3.70e+01
-9.42e+01,-4.47e+01,8.20e+01,3.80e+01
-8.45e+01,-3.97e+01,8.30e+01,3.80e+01
-8.69e+01,-5.13e+01,8.00e+01,3.60e+01
-8.91e+01,-5.49e+01,8.00e+01,3.60e+01
-7.86e+01,-4.56e+01,8.10e+01,3.60e+01
-7.62e+01,-4.69e+01,7.90e+01,3.60e+01
-8.99e+01,-5.08e+01,8.40e+01,3.80e+01
-8.24e+01,-5.31e+01,7.90e+01,3.60e+01
-7.23e+01,-3.97e+01,8.30e+01,3.70e+01
-8.29e+01,-4.94e+01,7.90e+01,3.60e+01
-7.61e+01,-4.95e+01,7.90e+01,3.50e+01
-8.16e+01,-4.98e+01,8.00e+01,3.50e+01
-8.34e+01,-4.39e+01,7.90e+01,3.50e+01
-1.53e+02,-5.07e+01,8.00e+01,3.50e+01
-8.67e+01,-4.75e+01,8.20e+01,3.80e+01
-9.66e+01,-5.72e+01,8.00e+01,3.60e+01
-8.06e+01,-4.80e+01,8.00e+01,3.50e+01
-7.62e+01,-4.10e+01,8.30e+01,3.80e+01
-9.65e+01,-4.26e+01,8.40e+01,3.80e+01
-7.72e+01,-4.48e+01,8.00e+01,3.60e+01
-8.97e+01,-6.80e+01,7.90e+01,3.50e+01
-8.21e+01,-5.15e+01,7.90e+01,3.60e+01
-8.07e+01,-4.68e+01,8.50e+01,3.80e+01
-8.38e+01,-5.10e+01,8.00e+01,3.60e+01
-2.97e+02,-9.74e+01,8.20e+01,3.80e+01
-8.17e+01,-4.56e+01,7.90e+01,3.60e+01
-8.50e+01,-5.07e+01,7.90e+01,3.50e+01
-8.74e+01,-5.90e+01,7.90e+01,3.60e+01
-9.65e+01,-5.58e+01,8.00e+01,3.60e+01
-1.11e+02,-4.84e+01,7.90e+01,3.60e+01
-7.69e+01,-4.19e+01,7.90e+01,3.50e+01
-8.74e+01,-4.71e+01,8.50e+01,3.80e+01
-9.28e+01,-5.89e+01,8.20e+01,3.80e+01
-8.46e+01,-5.30e+01,8.20e+01,3.80e+01
-7.91e+01,-4.90e+01,7.90e+01,3.50e+01
-3.76e+02,-1.25e+02,7.90e+01,3.50e+01
-8.30e+01,-4.36e+01,8.20e+01,3.80e+01
-8.84e+01,-4.10e+01,8.00e+01,3.60e+01
-2.39e+02,-5.96e+01,7.90e+01,3.60e+01
-8.06e+01,-4.64e+01,8.20e+01,3.80e+01
-7.95e+01,-4.84e+01,8.10e+01,3.60e+01
-9.37e+01,-5.98e+01,8.10e+01,3.60e+01
-9.55e+01,-5.23e+01,8.50e+01,3.90e+01
-8.27e+01,-5.44e+01,8.40e+01,3.80e+01
-9.00e+01,-5.22e+01,8.20e+01,3.70e+01
-7.84e+01,-4.64e+01,8.20e+01,3.80e+01
-8.12e+01,-4.72e+01,8.10e+01,3.70e+01
-2.85e+02,-1.06e+02,8.40e+01,3.80e+01
-8.34e+01,-5.32e+01,8.40e+01,3.80e+01
-1.74e+02,-4.88e+01,8.40e+01,3.80e+01
-8.41e+01,-4.91e+01,8.10e+01,3.70e+01
-8.50e+01,-4.03e+01,8.20e+01,3.80e+01
-9.93e+01,-4.66e+01,7.90e+01,3.60e+01
-7.53e+01,-3.77e+01,8.00e+01,3.60e+01
-7.69e+01,-3.97e+01,7.90e+01,3.50e+01
-8.77e+01,-4.69e+01,8.70e+01,3.60e+01
-9.39e+01,-4.65e+01,8.00e+01,3.60e+01
-8.25e+01,-4.85e+01,8.30e+01,3.80e+01
-8.26e+01,-5.03e+01,8.00e+01,3.70e+01
-8.39e+01,-4.37e+01,8.10e+01,3.50e+01
-8.31e+01,-4.74e+01,8.10e+01,3.60e+01
-9.15e+01,-4.24e+01,8.00e+01,3.70e+01
-1.26e+02,-4.63e+01,7.90e+01,3.50e+01
-3.04e+02,-9.35e+01,8.20e+01,3.80e+01
-9.86e+01,-6.03e+01,8.20e+01,3.70e+01
-8.38e+01,-4.66e+01,8.00e+01,3.50e+01
-8.02e+01,-5.53e+01,7.90e+01,3.50e+01
-8.19e+01,-4.47e+01,8.00e+01,3.50e+01
-7.99e+01,-4.46e+01,8.10e+01,3.60e+01
-7.98e+01,-5.05e+01,8.30e+01,3.70e+01
-8.73e+01,-5.13e+01,8.00e+01,3.50e+01
-7.91e+01,-4.50e+01,8.30e+01,3.80e+01
-8.57e+01,-4.20e+01,7.90e+01,3.60e+01
-8.98e+01,-5.18e+01,8.20e+01,3.80e+01
-8.71e+01,-4.89e+01,8.00e+01,3.60e+01
-1.76e+02,-4.50e+01,8.30e+01,3.80e+01
-7.82e+01,-4.40e+01,8.00e+01,3.60e+01
-8.37e+01,-4.93e+01,8.20e+01,3.80e+01
-8.88e+01,-5.33e+01,7.90e+01,3.60e+01
-2.89e+02,-1.13e+02,8.00e+01,3.60e+01
-8.16e+01,-4.61e+01,8.00e+01,3.60e+01
-8.65e+01,-4.36e+01,8.30e+01,3.70e+01
-8.92e+01,-4.51e+01,8.10e+01,3.60e+01
-9.48e+01,-7.23e+01,8.30e+01,3.80e+01
-7.90e+01,-4.58e+01,8.30e+01,3.70e+01
-8.46e+01,-5.57e+01,8.00e+01,3.60e+01
-9.64e+01,-5.81e+01,8.00e+01,3.50e+01
-8.12e+01,-4.95e+01,7.90e+01,3.60e+01
-8.80e+01,-5.07e+01,8.20e+01,3.80e+01
-8.79e+01,-5.62e+01,8.00e+01,3.60e+01
-9.35e+01,-6.08e+01,7.90e+01,3.60e+01
-9.30e+01,-5.14e+01,8.30e+01,3.70e+01
-7.78e+01,-4.17e+01,8.10e+01,3.70e+01
-8.12e+01,-5.04e+01,7.90e+01,3.60e+01
-8.94e+01,-4.98e+01,8.30e+01,3.80e+01
-9.21e+01,-5.02e+01,8.30e+01,3.80e+01
-8.41e+01,-4.55e+01,8.60e+01,3.90e+01
-8.81e+01,-4.62e+01,8.00e+01,3.50e+01
-8.21e+01,-4.29e+01,7.90e+01,3.50e+01
-1.27e+02,-4.70e+01,8.00e+01,3.50e+01
-9.75e+01,-5.07e+01,8.00e+01,3.50e+01
-1.17e+02,-6.96e+01,8.30e+01,3.80e+01
-7.69e+01,-4.09e+01,8.20e+01,3.70e+01
-8.42e+01,-4.32e+01,7.90e+01,3.50e+01
-7.31e+01,-4.07e+01,8.00e+01,3.50e+01
-8.04e+01,-4.39e+01,8.10e+01,3.50e+01
-7.95e+01,-4.39e+01,8.30e+01,3.80e+01
-8.24e+01,-5.22e+01,8.20e+01,3.80e+01
-8.73e+01,-4.82e+01,8.00e+01,3.50e+01
-8.84e+01,-4.95e+01,7.90e+01,3.60e+01
-9.04e+01,-5.49e+01,8.40e+01,3.90e+01
-8.34e+01,-5.03e+01,8.00e+01,3.70e+01
-8.22e+01,-5.54e+01,8.00e+01,3.60e+01
-8.53e+01,-4.29e+01,8.30e+01,3.90e+01
-9.13e+01,-4.63e+01,8.10e+01,3.70e+01
-8.40e+01,-4.48e+01,8.20e+01,3.80e+01
-8.43e+01,-4.58e+01,8.00e+01,3.60e+01
-7.64e+01,-4.77e+01,8.30e+01,3.80e+01
-7.72e+01,-4.57e+01,7.90e+01,3.60e+01
-9.41e+01,-4.88e+01,7.90e+01,3.60e+01
-8.89e+01,-5.04e+01,8.30e+01,3.80e+01
-7.89e+01,-4.41e+01,8.40e+01,3.80e+01
-7.90e+01,-4.12e+01,8.20e+01,3.80e+01
-9.17e+01,-4.62e+01,8.20e+01,3.80e+01
-8.23e+01,-5.20e+01,8.20e+01,3.80e+01
