2.44e+01,3.12e+02,7.00e+01,3.30e+01
2.50e+01,3.12e+02,7.20e+01,3.20e+01
2.50e+01,3.12e+02,7.20e+01,3.20e+01
2.44e+01,3.12e+02,7.00e+01,3.30e+01
2.48e+01,3.12e+02,7.10e+01,3.20e+01
2.48e+01,3.12e+02,7.10e+01,3.20e+01
2.48e+01,3.12e+02,7.10e+01,3.20e+01
2.50e+01,3.12e+02,7.20e+01,3.20e+01
2.48e+01,3.12e+02,7.10e+01,3.20e+01
2.48e+01,3.12e+02,7.10e+01,3.20e+01
2.48e+01,3.12e+02,7.10e+01,3.20e+01
2.48e+01,3.12e+02,7.10e+01,3.20e+01
2.44e+01,3.12e+02,7.00e+01,3.30e+01
2.48e+01,3.12e+02,7.10e+01,3.20e+01
2.48e+01,3.12e+02,7.10e+01,3.20e+01
2.48e+01,3.12e+02,7.10e+01,3.20e+01
2.48e+01,3.12e+02,7.10e+01,3.20e+01
2.48e+01,3.12e+02,7.10e+01,3.20e+01
2.48e+01,3.12e+02,7.10e+01,3.20e+01
2.50e+01,3.12e+02,7.20e+01,3.20e+01
-1.06e+01,1.92e+02,7.20e+01,3.20e+01
2.44e+01,3.12e+02,7.10e+01,3.20e+01
2.50e+01,3.12e+02,7.40e+01,3.30e+01
1.13e+01,3.12e+02,7.20e+01,3.30e+01
2.48e+01,3.12e+02,7.40e+01,3.30e+01
2.48e+01,3.12e+02,7.10e+01,3.20e+01
2.44e+01,3.12e+02,7.30e+01,3.20e+01
2.48e+01,3.12e+02,7.10e+01,3.20e+01
1.51e-01,1.94e+02,7.20e+01,3.20e+01
6.73e+00,2.98e+02,7.10e+01,3.20e+01
5.80e+00,1.99e+02,7.30e+01,3.20e+01
2.03e+01,3.12e+02,7.20e+01,3.20e+01
8.59e+00,3.12e+02,7.10e+01,3.20e+01
2.48e+01,3.12e+02,7.20e+01,3.20e+01
2.47e+01,3.12e+02,7.20e+01,3.20e+01
2.48e+01,3.12e+02,7.10e+01,3.20e+01
2.42e+01,3.12e+02,7.20e+01,3.20e+01
-9.51e+00,1.94e+02,7.30e+01,3.20e+01
2.48e+01,3.12e+02,7.30e+01,3.30e+01
-5.93e+00,1.93e+02,7.00e+01,3.30e+01
1.13e+01,3.12e+02,7.20e+01,3.30e+01
-7.60e+00,1.93e+02,7.20e+01,3.20e+01
2.50e+01,3.12e+02,7.30e+01,3.20e+01
-2.18e+01,1.90e+02,7.00e+01,3.30e+01
2.31e+01,3.05e+02,7.10e+01,3.20e+01
-2.71e+01,1.66e+02,7.20e+01,3.20e+01
-6.19e+01,7.44e+00,7.10e+01,3.20e+01
-4.10e+01,7.69e+01,7.10e+01,3.20e+01
1.11e+01,2.37e+02,7.10e+01,3.20e+01
2.44e+01,3.12e+02,7.20e+01,3.30e+01
2.45e+01,3.12e+02,7.20e+01,3.20e+01
2.45e+01,3.12e+02,7.10e+01,3.20e+01
1.31e+01,2.87e+02,7.10e+01,3.20e+01
-2.00e+01,1.66e+02,7.30e+01,3.20e+01
-1.02e+01,1.75e+02,7.20e+01,3.20e+01
-2.77e+01,1.46e+02,7.20e+01,3.30e+01
1.12e+01,3.12e+02,7.10e+01,3.20e+01
1.22e+01,2.39e+02,7.20e+01,3.20e+01
2.31e+01,3.07e+02,7.20e+01,3.20e+01
2.48e+01,3.12e+02,7.10e+01,3.20e+01
2.45e+01,3.12e+02,7.20e+01,3.20e+01
1.49e+01,2.87e+02,7.20e+01,3.20e+01
2.45e+01,3.12e+02,7.20e+01,3.20e+01
2.48e+01,3.12e+02,7.10e+01,3.20e+01
4.03e-01,1.93e+02,7.10e+01,3.20e+01
-5.93e+00,2.20e+02,7.10e+01,3.20e+01
1.12e+01,3.12e+02,7.20e+01,3.20e+01
2.21e+01,3.07e+02,7.10e+01,3.20e+01
7.40e+00,2.38e+02,7.10e+01,3.30e+01
1.39e+00,1.86e+02,7.30e+01,3.20e+01
2.48e+01,3.12e+02,7.10e+01,3.20e+01
2.00e+01,2.86e+02,7.30e+01,3.20e+01
2.25e+01,3.07e+02,7.10e+01,3.20e+01
2.44e+01,3.12e+02,7.00e+01,3.30e+01
-1.25e+01,1.95e+02,7.20e+01,3.20e+01
-1.41e+01,1.47e+02,7.10e+01,3.20e+01
2.14e+01,2.96e+02,7.10e+01,3.20e+01
2.46e+01,3.12e+02,7.10e+01,3.20e+01
2.05e+01,2.87e+02,7.10e+01,3.20e+01
2.50e+01,3.12e+02,7.20e+01,3.20e+01
-6.34e+01,-1.00e+00,7.00e+01,3.30e+01
-6.93e+01,-8.34e+00,7.10e+01,3.20e+01
-1.67e+01,1.66e+02,7.20e+01,3.20e+01
2.48e+01,3.12e+02,7.20e+01,3.20e+01
-2.50e+01,1.24e+02,7.20e+01,3.20e+01
2.26e+01,3.07e+02,7.20e+01,3.30e+01
-6.05e+01,9.75e+00,7.00e+01,3.30e+01
1.19e+01,2.36e+02,7.20e+01,3.20e+01
2.48e+01,3.12e+02,7.10e+01,3.20e+01
7.49e+00,2.38e+02,7.20e+01,3.20e+01
-6.05e+01,9.31e+00,7.10e+01,3.20e+01
1.94e+01,3.12e+02,7.10e+01,3.20e+01
2.48e+01,3.12e+02,7.20e+01,3.20e+01
2.49e+01,3.12e+02,7.10e+01,3.20e+01
-2.97e+01,1.05e+02,7.00e+01,3.30e+01
2.44e+01,3.12e+02,7.00e+01,3.30e+01
-1.53e+01,1.58e+02,7.20e+01,3.20e+01
6.56e+00,2.09e+02,7.10e+01,3.20e+01
2.48e+01,3.12e+02,7.30e+01,3.30e+01
1.99e+01,3.12e+02,7.20e+01,3.20e+01
2.05e+01,2.87e+02,7.10e+01,3.20e+01
-2.83e+01,9.68e+01,7.20e+01,3.30e+01
1.47e+01,3.01e+02,7.20e+01,3.20e+01
-2.05e+01,1.58e+02,7.20e+01,3.30e+01
2.50e+01,3.12e+02,7.20e+01,3.20e+01
2.43e+01,3.12e+02,7.30e+01,3.30e+01
1.95e+01,2.94e+02,7.10e+01,3.20e+01
-1.24e+01,1.91e+02,7.20e+01,3.30e+01
2.48e+01,3.12e+02,7.30e+01,3.30e+01
2.48e+01,3.12e+02,7.10e+01,3.20e+01
2.48e+01,3.12e+02,7.10e+01,3.20e+01
-1.34e+01,1.90e+02,7.10e+01,3.20e+01
2.48e+01,3.12e+02,7.10e+01,3.20e+01
-1.70e+01,1.93e+02,7.10e+01,3.20e+01
2.48e+01,3.12e+02,7.20e+01,3.20e+01
5.31e+00,2.00e+02,7.20e+01,3.20e+01
2.48e+01,3.12e+02,7.30e+01,3.30e+01
2.00e+01,2.86e+02,7.20e+01,3.20e+01
1.84e+00,2.09e+02,7.20e+01,3.30e+01
2.40e+01,3.11e+02,7.10e+01,3.20e+01
5.25e+00,1.95e+02,7.10e+01,3.20e+01
1.78e+01,2.78e+02,7.10e+01,3.20e+01
6.39e+00,2.09e+02,7.20e+01,3.30e+01
1.05e+01,2.95e+02,7.20e+01,3.20e+01
2.48e+01,3.12e+02,7.30e+01,3.20e+01
1.51e+01,2.57e+02,7.10e+01,3.20e+01
-4.10e+01,7.69e+01,7.10e+01,3.20e+01
1.85e+01,3.12e+02,7.30e+01,3.20e+01
