2.54e+01,3.13e+02,8.50e+01,3.50e+01
2.48e+01,3.13e+02,8.00e+01,3.30e+01
2.54e+01,3.13e+02,8.30e+01,3.40e+01
2.52e+01,3.13e+02,8.30e+01,3.40e+01
2.52e+01,3.13e+02,8.10e+01,3.30e+01
2.54e+01,3.13e+02,8.30e+01,3.40e+01
2.52e+01,3.13e+02,8.30e+01,3.30e+01
2.52e+01,3.13e+02,8.10e+01,3.30e+01
2.54e+01,3.13e+02,8.40e+01,3.40e+01
2.52e+01,3.13e+02,8.20e+01,3.30e+01
2.52e+01,3.13e+02,8.40e+01,3.50e+01
2.52e+01,3.13e+02,8.30e+01,3.40e+01
2.52e+01,3.13e+02,8.20e+01,3.30e+01
2.52e+01,3.13e+02,8.50e+01,3.50e+01
2.52e+01,3.13e+02,8.30e+01,3.40e+01
2.52e+01,3.13e+02,8.10e+01,3.40e+01
2.52e+01,3.13e+02,8.00e+01,3.30e+01
2.52e+01,3.13e+02,8.30e+01,3.30e+01
2.52e+01,3.13e+02,8.20e+01,3.30e+01
2.47e+01,3.13e+02,8.60e+01,3.50e+01
2.52e+01,3.13e+02,8.30e+01,3.30e+01
3.77e+00,2.15e+02,8.20e+01,3.50e+01
-2.25e+01,1.37e+02,8.40e+01,3.40e+01
3.73e+00,2.37e+02,8.50e+01,3.50e+01
2.05e+01,3.13e+02,8.70e+01,3.60e+01
2.54e+01,3.13e+02,8.40e+01,3.40e+01
2.52e+01,3.13e+02,8.10e+01,3.30e+01
2.52e+01,3.13e+02,8.30e+01,3.30e+01
-3.43e+01,1.28e+02,8.10e+01,3.30e+01
2.51e+01,3.13e+02,8.40e+01,3.40e+01
2.51e+01,3.13e+02,8.30e+01,3.40e+01
2.52e+01,3.13e+02,8.60e+01,3.50e+01
2.05e+01,3.13e+02,8.40e+01,3.40e+01
1.96e+01,3.13e+02,8.30e+01,3.30e+01
2.27e+01,3.07e+02,8.50e+01,3.50e+01
2.52e+01,3.13e+02,8.20e+01,3.30e+01
2.52e+01,3.13e+02,8.20e+01,3.30e+01
2.48e+01,3.13e+02,8.00e+01,3.30e+01
2.50e+01,3.12e+02,8.40e+01,3.40e+01
-1.35e+01,1.50e+02,8.20e+01,3.30e+01
2.48e+01,3.13e+02,8.10e+01,3.30e+01
2.54e+01,3.13e+02,8.60e+01,3.50e+01
2.52e+01,3.13e+02,8.20e+01,3.30e+01
1.99e+01,3.12e+02,8.10e+01,3.30e+01
2.17e+01,2.96e+02,8.10e+01,3.30e+01
2.52e+01,3.13e+02,8.10e+01,3.40e+01
-5.25e+01,5.65e+01,8.10e+01,3.30e+01
5.56e+00,1.98e+02,8.30e+01,3.40e+01
2.52e+01,3.13e+02,8.30e+01,3.40e+01
-1.21e+01,1.67e+02,8.30e+01,3.40e+01
-1.93e+01,1.58e+02,8.40e+01,3.40e+01
2.53e+01,3.13e+02,8.40e+01,3.40e+01
2.52e+01,3.13e+02,8.70e+01,3.60e+01
2.26e+01,2.97e+02,8.40e+01,3.50e+01
-3.03e+01,9.69e+01,8.10e+01,3.30e+01
2.48e+01,3.13e+02,8.30e+01,3.40e+01
2.52e+01,3.13e+02,8.20e+01,3.40e+01
-1.98e+01,1.48e+02,8.40e+01,3.40e+01
1.27e+00,1.97e+02,8.10e+01,3.30e+01
2.52e+01,3.13e+02,8.40e+01,3.50e+01
2.52e+01,3.13e+02,8.40e+01,3.40e+01
1.95e+01,2.83e+02,8.10e+01,3.30e+01
5.70e+00,1.98e+02,8.30e+01,3.40e+01
2.52e+01,3.13e+02,8.20e+01,3.30e+01
2.52e+01,3.13e+02,8.50e+01,3.50e+01
-4.78e+00,1.94e+02,8.40e+01,3.40e+01
2.52e+01,3.13e+02,8.70e+01,3.60e+01
2.50e+01,3.13e+02,8.30e+01,3.40e+01
5.14e+00,1.98e+02,8.40e+01,3.30e+01
-2.29e+01,1.16e+02,8.40e+01,3.40e+01
2.41e+01,3.08e+02,8.10e+01,3.30e+01
2.48e+01,3.13e+02,8.10e+01,3.30e+01
2.53e+01,3.13e+02,8.70e+01,3.50e+01
1.23e+01,3.13e+02,8.00e+01,3.30e+01
2.52e+01,3.13e+02,8.30e+01,3.40e+01
2.49e+01,3.13e+02,8.30e+01,3.40e+01
2.48e+01,3.13e+02,8.40e+01,3.40e+01
2.49e+01,3.13e+02,8.30e+01,3.40e+01
-1.75e+01,1.30e+02,8.30e+01,3.40e+01
2.52e+01,3.13e+02,8.10e+01,3.30e+01
2.54e+01,3.13e+02,8.30e+01,3.40e+01
2.48e+01,3.13e+02,8.30e+01,3.40e+01
2.52e+01,3.13e+02,8.40e+01,3.50e+01
2.53e+01,3.13e+02,8.30e+01,3.40e+01
2.33e+01,3.07e+02,8.30e+01,3.40e+01
2.47e+01,3.13e+02,8.40e+01,3.40e+01
2.17e+01,2.96e+02,8.30e+01,3.40e+01
-2.00e+01,1.34e+02,8.40e+01,3.40e+01
-2.85e+01,1.51e+02,8.40e+01,3.40e+01
2.51e+01,3.13e+02,8.20e+01,3.30e+01
2.52e+01,3.13e+02,8.10e+01,3.30e+01
2.47e+01,3.13e+02,8.30e+01,3.40e+01
2.48e+01,3.13e+02,8.10e+01,3.30e+01
2.51e+01,3.13e+02,8.10e+01,3.30e+01
2.48e+01,3.13e+02,8.50e+01,3.50e+01
-2.72e+01,1.15e+02,8.50e+01,3.40e+01
2.38e+01,3.09e+02,8.00e+01,3.30e+01
-1.83e+01,1.66e+02,8.50e+01,3.40e+01
-6.05e+00,1.79e+02,8.10e+01,3.40e+01
2.51e+01,3.13e+02,8.30e+01,3.40e+01
2.00e+01,3.13e+02,8.30e+01,3.40e+01
-1.90e+01,1.58e+02,8.50e+01,3.50e+01
-2.55e+01,1.24e+02,8.20e+01,3.40e+01
2.54e+01,3.13e+02,8.50e+01,3.50e+01
2.52e+01,3.13e+02,8.40e+01,3.50e+01
2.45e+01,3.13e+02,8.30e+01,3.40e+01
-2.03e+01,1.32e+02,8.10e+01,3.30e+01
2.52e+01,3.13e+02,8.60e+01,3.60e+01
-1.42e+00,2.31e+02,8.30e+01,3.30e+01
1.67e+01,3.05e+02,8.20e+01,3.40e+01
2.52e+01,3.13e+02,8.10e+01,3.30e+01
2.52e+01,3.13e+02,8.30e+01,3.40e+01
2.52e+01,3.13e+02,8.20e+01,3.30e+01
2.30e+01,3.02e+02,8.10e+01,3.30e+01
2.52e+01,3.13e+02,8.50e+01,3.50e+01
1.84e+01,3.09e+02,8.00e+01,3.30e+01
-1.33e+01,1.45e+02,8.10e+01,3.30e+01
2.43e+01,3.13e+02,8.50e+01,3.50e+01
2.52e+01,3.13e+02,8.50e+01,3.50e+01
2.52e+01,3.13e+02,8.50e+01,3.50e+01
2.52e+01,3.13e+02,8.70e+01,3.60e+01
2.47e+01,3.13e+02,8.40e+01,3.30e+01
-1.92e+01,1.40e+02,8.60e+01,3.60e+01
2.52e+01,3.13e+02,8.20e+01,3.50e+01
2.54e+01,3.13e+02,8.50e+01,3.40e+01
-1.43e+01,1.67e+02,8.40e+01,3.40e+01
-2.35e+01,1.48e+02,8.10e+01,3.40e+01
2.54e+01,3.13e+02,8.60e+01,3.50e+01
