1.57e+02,2.95e+02,8.10e+01,5.70e+01
1.02e+02,2.85e+02,8.10e+01,5.70e+01
1.15e+02,2.83e+02,8.40e+01,5.90e+01
1.04e+02,2.58e+02,8.50e+01,5.90e+01
1.11e+02,3.44e+02,8.10e+01,5.70e+01
1.46e+02,3.18e+02,8.30e+01,5.80e+01
9.12e+01,3.36e+02,8.40e+01,5.90e+01
1.45e+02,4.46e+02,8.10e+01,5.70e+01
1.59e+02,4.65e+02,8.10e+01,5.70e+01
1.29e+02,3.78e+02,8.10e+01,5.70e+01
1.16e+02,3.00e+02,8.10e+01,5.70e+01
1.42e+02,3.75e+02,8.30e+01,5.80e+01
1.50e+02,3.26e+02,8.30e+01,5.80e+01
1.19e+02,3.63e+02,8.10e+01,5.70e+01
1.31e+02,4.11e+02,8.20e+01,5.80e+01
9.47e+01,2.75e+02,8.40e+01,5.90e+01
1.70e+02,4.79e+02,8.10e+01,5.70e+01
1.45e+02,4.26e+02,8.10e+01,5.70e+01
1.62e+02,4.63e+02,8.50e+01,5.90e+01
1.37e+02,4.76e+02,8.20e+01,5.70e+01
1.32e+02,3.02e+02,8.50e+01,6.00e+01
1.53e+02,4.41e+02,8.70e+01,6.00e+01
1.14e+02,2.05e+02,8.20e+01,5.70e+01
1.76e+02,3.21e+02,8.60e+01,5.90e+01
1.09e+02,5.27e+02,8.10e+01,5.70e+01
1.37e+02,3.15e+02,8.20e+01,5.70e+01
1.08e+02,2.33e+02,8.50e+01,5.90e+01
1.13e+02,4.00e+02,8.30e+01,5.80e+01
1.62e+02,3.11e+02,8.10e+01,5.70e+01
1.31e+02,3.10e+02,8.60e+01,6.00e+01
8.31e+01,2.20e+02,8.10e+01,5.70e+01
1.56e+02,4.34e+02,8.20e+01,5.80e+01
1.54e+02,3.67e+02,8.40e+01,5.90e+01
9.32e+01,1.53e+02,8.10e+01,5.70e+01
1.19e+02,3.11e+02,8.50e+01,5.90e+01
1.22e+02,3.64e+02,8.10e+01,5.70e+01
1.02e+02,2.57e+02,8.10e+01,5.70e+01
1.70e+02,4.58e+02,8.20e+01,5.70e+01
1.55e+02,4.49e+02,8.30e+01,5.80e+01
5.34e+01,1.56e+02,8.20e+01,5.80e+01
1.43e+02,2.72e+02,8.20e+01,5.80e+01
1.05e+02,2.23e+02,8.40e+01,5.90e+01
1.04e+02,2.34e+02,8.10e+01,5.70e+01
1.58e+02,2.53e+02,8.60e+01,6.00e+01
1.20e+02,2.07e+02,8.10e+01,5.70e+01
1.09e+02,2.76e+02,8.10e+01,5.70e+01
1.23e+02,3.93e+02,8.30e+01,5.80e+01
1.62e+02,3.28e+02,8.30e+01,5.80e+01
6.69e+01,1.51e+02,8.20e+01,5.80e+01
1.31e+02,3.69e+02,8.50e+01,5.90e+01
1.45e+02,4.47e+02,8.20e+01,5.80e+01
1.70e+02,2.84e+02,8.20e+01,5.70e+01
1.10e+02,2.37e+02,8.60e+01,6.00e+01
1.42e+02,2.31e+02,8.20e+01,5.70e+01
1.02e+02,2.55e+02,8.30e+01,5.80e+01
1.07e+02,2.30e+02,8.60e+01,6.00e+01
1.27e+02,2.65e+02,8.10e+01,5.70e+01
1.60e+02,3.74e+02,8.10e+01,5.60e+01
9.15e+01,2.44e+02,8.60e+01,6.00e+01
9.44e+01,1.93e+02,8.30e+01,5.80e+01
1.63e+02,2.76e+02,8.10e+01,5.70e+01
1.41e+02,4.14e+02,8.10e+01,5.70e+01
1.53e+02,3.96e+02,8.20e+01,5.70e+01
9.85e+01,3.23e+02,8.20e+01,5.80e+01
1.12e+02,2.52e+02,8.20e+01,5.80e+01
1.46e+02,3.87e+02,8.60e+01,6.00e+01
1.23e+02,2.58e+02,8.30e+01,5.80e+01
1.19e+02,2.52e+02,8.10e+01,5.70e+01
1.88e+02,4.82e+02,8.70e+01,6.00e+01
1.24e+02,2.57e+02,8.50e+01,5.90e+01
9.99e+01,2.79e+02,8.30e+01,5.80e+01
1.26e+02,2.73e+02,8.30e+01,5.80e+01
1.39e+02,2.79e+02,8.30e+01,5.80e+01
9.95e+01,2.65e+02,8.20e+01,5.70e+01
1.70e+02,4.18e+02,8.10e+01,5.70e+01
1.43e+02,2.76e+02,8.10e+01,5.70e+01
9.81e+01,2.49e+02,8.50e+01,5.90e+01
1.55e+02,3.15e+02,8.50e+01,5.90e+01
1.05e+02,2.05e+02,8.60e+01,6.00e+01
9.13e+01,2.54e+02,8.50e+01,6.00e+01
1.10e+02,3.25e+02,8.60e+01,5.90e+01
1.46e+02,2.86e+02,8.20e+01,5.70e+01
1.09e+02,4.53e+02,8.50e+01,5.90e+01
1.19e+02,3.82e+02,8.40e+01,5.90e+01
1.22e+02,2.66e+02,8.20e+01,5.70e+01
1.32e+02,3.96e+02,8.20e+01,5.70e+01
1.76e+02,4.78e+02,8.30e+01,5.80e+01
1.08e+02,1.93e+02,8.10e+01,5.70e+01
1.08e+02,1.59e+02,8.30e+01,5.80e+01
7.67e+01,1.63e+02,8.70e+01,6.00e+01
1.30e+02,3.29e+02,8.10e+01,5.70e+01
1.64e+02,3.92e+02,8.20e+01,5.70e+01
1.21e+02,1.91e+02,8.50e+01,5.90e+01
1.10e+02,2.75e+02,8.40e+01,5.90e+01
1.30e+02,2.68e+02,8.30e+01,5.80e+01
1.40e+02,4.02e+02,8.10e+01,5.70e+01
1.55e+02,3.86e+02,8.40e+01,5.90e+01
1.29e+02,3.89e+02,8.10e+01,5.70e+01
1.45e+02,4.90e+02,8.20e+01,5.70e+01
1.16e+02,2.60e+02,8.20e+01,5.70e+01
9.57e+01,3.49e+02,8.40e+01,5.90e+01
7.45e+01,1.91e+02,8.20e+01,5.80e+01
1.49e+02,3.50e+02,8.50e+01,5.90e+01
1.83e+02,3.55e+02,8.40e+01,5.90e+01
1.53e+02,3.95e+02,8.10e+01,5.70e+01
1.24e+02,3.18e+02,8.30e+01,5.80e+01
1.47e+02,2.52e+02,8.60e+01,6.00e+01
1.30e+02,2.82e+02,8.30e+01,5.80e+01
1.52e+02,3.80e+02,8.20e+01,5.80e+01
1.94e+02,4.74e+02,8.10e+01,5.70e+01
9.57e+01,2.45e+02,8.40e+01,5.90e+01
1.23e+02,2.59e+02,8.30e+01,5.80e+01
1.44e+02,3.80e+02,8.30e+01,5.80e+01
1.49e+02,4.18e+02,8.10e+01,5.70e+01
1.58e+02,2.81e+02,8.10e+01,5.70e+01
1.50e+02,3.01e+02,8.50e+01,5.90e+01
1.22e+02,3.35e+02,8.30e+01,5.80e+01
7.17e+01,2.21e+02,8.10e+01,5.70e+01
1.18e+02,2.86e+02,8.20e+01,5.70e+01
1.30e+02,3.38e+02,8.70e+01,6.00e+01
1.25e+02,3.81e+02,8.20e+01,5.80e+01
1.33e+02,2.62e+02,8.50e+01,6.00e+01
1.68e+02,4.77e+02,8.20e+01,5.80e+01
1.64e+02,4.99e+02,8.20e+01,5.70e+01
8.09e+01,2.84e+02,8.10e+01,5.70e+01
1.53e+02,3.23e+02,8.30e+01,5.80e+01
1.01e+02,3.04e+02,8.10e+01,5.70e+01
1.43e+02,4.59e+02,8.10e+01,5.70e+01
