-2.04e+02,-4.67e+01,7.50e+01,4.20e+01
-7.92e+01,-5.88e+01,8.30e+01,4.70e+01
-2.01e+02,-7.04e+01,6.90e+01,3.80e+01
-7.06e+01,-5.85e+01,8.90e+01,5.10e+01
-7.31e+01,-6.00e+01,8.00e+01,4.50e+01
-7.09e+01,-5.34e+01,8.60e+01,4.80e+01
-2.48e+02,-3.95e+01,6.80e+01,3.80e+01
-7.46e+01,-6.52e+01,7.90e+01,4.50e+01
-2.25e+02,-4.26e+01,6.80e+01,3.70e+01
-7.00e+01,-5.92e+01,8.80e+01,5.00e+01
-1.96e+02,-4.51e+01,6.70e+01,3.70e+01
-2.09e+02,-7.22e+01,6.70e+01,3.70e+01
-8.19e+01,-5.19e+01,8.00e+01,4.60e+01
-7.16e+01,-5.78e+01,8.00e+01,4.60e+01
-7.59e+01,-6.14e+01,8.20e+01,4.60e+01
-7.00e+01,-6.12e+01,7.90e+01,4.50e+01
-7.31e+01,-6.70e+01,8.20e+01,4.70e+01
-7.16e+01,-6.48e+01,8.00e+01,4.50e+01
-2.20e+02,-4.46e+01,6.90e+01,3.80e+01
-5.00e+02,-5.00e+02,8.90e+01,5.00e+01
-2.31e+02,-4.99e+01,6.70e+01,3.70e+01
-7.48e+01,-5.83e+01,8.00e+01,4.60e+01
-8.30e+01,-5.46e+01,8.30e+01,4.70e+01
-1.84e+02,-5.07e+01,7.00e+01,3.80e+01
-7.35e+01,-6.34e+01,9.10e+01,5.20e+01
-7.22e+01,-6.60e+01,8.40e+01,4.80e+01
-7.43e+01,-5.93e+01,8.90e+01,5.10e+01
-7.12e+01,-5.69e+01,9.00e+01,5.10e+01
-2.03e+02,-6.49e+01,7.70e+01,4.30e+01
-2.98e+02,-5.65e+01,6.80e+01,3.80e+01
-8.35e+01,-5.94e+01,8.90e+01,5.00e+01
-3.22e+02,-9.12e+01,6.80e+01,3.80e+01
-7.39e+01,-6.14e+01,8.00e+01,4.60e+01
-2.17e+02,-4.76e+01,6.90e+01,3.80e+01
-3.12e+02,-9.10e+01,7.60e+01,4.20e+01
-2.05e+02,-4.64e+01,7.50e+01,4.20e+01
-8.37e+01,-5.82e+01,8.40e+01,4.70e+01
-2.28e+02,-7.02e+01,7.50e+01,4.20e+01
-7.16e+01,-6.09e+01,8.90e+01,5.10e+01
-4.39e+02,-1.36e+02,7.90e+01,4.50e+01
-6.78e+01,-6.08e+01,8.10e+01,4.60e+01
-7.64e+01,-5.48e+01,7.90e+01,4.50e+01
-7.19e+01,-6.22e+01,7.90e+01,4.50e+01
-7.89e+01,-6.69e+01,8.20e+01,4.70e+01
-7.57e+01,-6.46e+01,8.30e+01,4.70e+01
-7.58e+01,-6.22e+01,8.90e+01,5.10e+01
-4.72e+02,-3.36e+02,7.00e+01,3.80e+01
-2.05e+02,-4.12e+01,6.90e+01,3.80e+01
-7.78e+01,-5.74e+01,8.20e+01,4.60e+01
-6.76e+01,-6.03e+01,8.00e+01,4.50e+01
-1.99e+02,-5.43e+01,7.60e+01,4.20e+01
-2.03e+02,-5.30e+01,6.90e+01,3.80e+01
-7.19e+01,-5.87e+01,8.20e+01,4.60e+01
-7.09e+01,-6.04e+01,8.20e+01,4.70e+01
-7.57e+01,-6.60e+01,8.10e+01,4.60e+01
-2.59e+02,-7.65e+01,6.80e+01,3.80e+01
-1.85e+02,-4.09e+01,7.10e+01,4.00e+01
-7.16e+01,-5.64e+01,8.30e+01,4.70e+01
-7.39e+01,-5.71e+01,8.40e+01,4.80e+01
-6.20e+01,-4.82e+01,8.30e+01,4.60e+01
-2.19e+02,-5.92e+01,7.00e+01,3.80e+01
-8.28e+01,-5.78e+01,8.30e+01,4.70e+01
-2.14e+02,-7.02e+01,6.80e+01,3.80e+01
-6.74e+01,-6.07e+01,8.00e+01,4.60e+01
-2.15e+02,-5.84e+01,6.70e+01,3.70e+01
-8.36e+01,-7.10e+01,8.10e+01,4.60e+01
-2.95e+02,-1.21e+02,6.90e+01,3.70e+01
-2.35e+02,-6.76e+01,7.00e+01,3.80e+01
-7.64e+01,-6.15e+01,8.40e+01,4.70e+01
-7.13e+01,-6.32e+01,8.00e+01,4.50e+01
-6.40e+01,-6.06e+01,8.00e+01,4.50e+01
-2.95e+02,-7.47e+01,7.60e+01,4.20e+01
-8.83e+01,-5.99e+01,8.00e+01,4.50e+01
-2.03e+02,-4.72e+01,7.00e+01,3.90e+01
-7.49e+01,-5.97e+01,8.80e+01,5.00e+01
-7.78e+01,-5.71e+01,8.60e+01,4.80e+01
-7.36e+01,-5.55e+01,8.90e+01,5.10e+01
-2.05e+02,-6.51e+01,7.10e+01,3.90e+01
-2.05e+02,-6.37e+01,7.50e+01,4.20e+01
-7.93e+01,-6.39e+01,8.90e+01,5.00e+01
-7.55e+01,-6.36e+01,8.00e+01,4.60e+01
-2.01e+02,-5.72e+01,7.70e+01,4.30e+01
-5.00e+02,-5.00e+02,8.40e+01,4.80e+01
-3.02e+02,-6.27e+01,6.80e+01,3.80e+01
-5.00e+02,-5.00e+02,8.70e+01,4.80e+01
-2.15e+02,-4.46e+01,6.70e+01,3.70e+01
-1.83e+02,-3.99e+01,6.80e+01,3.80e+01
-2.12e+02,-6.98e+01,7.70e+01,4.30e+01
-2.41e+02,-6.80e+01,8.00e+01,4.50e+01
-5.00e+02,-5.00e+02,9.00e+01,5.20e+01
-7.02e+01,-6.56e+01,8.00e+01,4.50e+01
-5.00e+02,-5.00e+02,8.10e+01,4.60e+01
-1.92e+02,-5.70e+01,6.80e+01,3.70e+01
-8.44e+01,-5.78e+01,8.50e+01,4.80e+01
-7.32e+01,-6.52e+01,8.90e+01,5.10e+01
-8.32e+01,-6.15e+01,9.00e+01,5.20e+01
-2.08e+02,-4.12e+01,7.10e+01,3.90e+01
-7.96e+01,-6.03e+01,8.20e+01,4.60e+01
-3.61e+02,-4.55e+01,7.60e+01,4.20e+01
-2.49e+02,-5.83e+01,8.30e+01,4.60e+01
-6.98e+01,-5.05e+01,8.30e+01,4.70e+01
-5.00e+02,-5.00e+02,8.30e+01,4.70e+01
-2.22e+02,-6.04e+01,6.70e+01,3.70e+01
-8.71e+01,-6.30e+01,8.40e+01,4.70e+01
-7.94e+01,-6.11e+01,8.10e+01,4.60e+01
-1.96e+02,-6.69e+01,7.00e+01,3.80e+01
-6.45e+01,-5.41e+01,7.90e+01,4.50e+01
-6.35e+01,-5.25e+01,8.80e+01,5.00e+01
-2.27e+02,-6.10e+01,6.90e+01,3.80e+01
-8.85e+01,-6.24e+01,8.30e+01,4.70e+01
-2.05e+02,-4.47e+01,6.80e+01,3.80e+01
-3.83e+02,-1.02e+02,6.80e+01,3.70e+01
-2.04e+02,-4.60e+01,6.70e+01,3.70e+01
-7.00e+01,-6.23e+01,8.30e+01,4.70e+01
-6.33e+01,-4.96e+01,8.80e+01,5.00e+01
-7.04e+01,-6.17e+01,8.00e+01,4.50e+01
-2.39e+02,-7.73e+01,7.50e+01,4.20e+01
-6.71e+01,-5.09e+01,9.10e+01,5.20e+01
-6.85e+01,-5.51e+01,8.90e+01,5.00e+01
-5.00e+02,-5.00e+02,7.60e+01,4.30e+01
-6.70e+01,-5.34e+01,8.50e+01,4.80e+01
-6.60e+01,-6.10e+01,8.10e+01,4.60e+01
-8.47e+01,-6.00e+01,8.20e+01,4.70e+01
-4.30e+02,-8.12e+01,8.80e+01,5.00e+01
-2.22e+02,-5.57e+01,6.90e+01,3.80e+01
-7.35e+01,-6.38e+01,8.10e+01,4.60e+01
-7.80e+01,-5.73e+01,8.60e+01,4.80e+01
-3.02e+02,-1.01e+02,6.90e+01,3.70e+01
-2.26e+02,-6.85e+01,7.00e+01,3.80e+01
-7.28e+01,-6.61e+01,8.20e+01,4.60e+01
-4.66e+02,-3.00e+02,8.00e+01,4.50e+01
-7.36e+01,-6.17e+01,7.90e+01,4.50e+01
-2.59e+02,-1.01e+02,7.00e+01,3.90e+01
-7.09e+01,-6.76e+01,8.10e+01,4.60e+01
-2.16e+02,-7.15e+01,7.00e+01,3.80e+01
-7.81e+01,-6.24e+01,8.00e+01,4.50e+01
-2.41e+02,-6.22e+01,8.10e+01,4.60e+01
-7.44e+01,-6.17e+01,8.80e+01,4.90e+01
-6.82e+01,-5.43e+01,8.90e+01,5.10e+01
-2.60e+02,-5.34e+01,6.80e+01,3.80e+01
-2.07e+02,-6.33e+01,6.90e+01,3.80e+01
-2.11e+02,-4.72e+01,6.80e+01,3.70e+01
-5.00e+02,-5.00e+02,8.70e+01,4.90e+01
-2.07e+02,-6.04e+01,7.70e+01,4.30e+01
-6.77e+01,-5.43e+01,8.30e+01,4.70e+01
-8.47e+01,-5.87e+01,8.30e+01,4.70e+01
-2.48e+02,-4.67e+01,7.00e+01,3.90e+01
-7.52e+01,-6.22e+01,8.60e+01,4.80e+01
-7.39e+01,-6.14e+01,8.00e+01,4.60e+01
-2.52e+02,-5.03e+01,7.00e+01,3.90e+01
-1.98e+02,-4.00e+01,6.80e+01,3.70e+01
-7.07e+01,-5.16e+01,8.00e+01,4.50e+01
-7.11e+01,-5.58e+01,8.60e+01,4.80e+01
-1.80e+02,-5.58e+01,7.10e+01,3.90e+01
-7.32e+01,-5.98e+01,8.70e+01,4.80e+01
-2.51e+02,-5.17e+01,6.90e+01,3.80e+01
-8.28e+01,-7.14e+01,8.00e+01,4.60e+01
-1.95e+02,-4.81e+01,6.90e+01,3.80e+01
-4.46e+02,-1.76e+02,6.90e+01,3.80e+01
-2.28e+02,-8.07e+01,6.90e+01,3.80e+01
-2.49e+02,-7.62e+01,6.90e+01,3.80e+01
-5.00e+02,-5.00e+02,8.30e+01,4.70e+01
-8.09e+01,-5.72e+01,8.20e+01,4.70e+01
-6.43e+01,-5.21e+01,9.10e+01,5.20e+01
-5.00e+02,-5.00e+02,8.70e+01,4.80e+01
-5.00e+02,-5.00e+02,8.90e+01,5.10e+01
-2.45e+02,-4.31e+01,6.90e+01,3.90e+01
-7.15e+01,-5.31e+01,7.90e+01,4.50e+01
-9.43e+01,-7.45e+01,8.00e+01,4.50e+01
-7.15e+01,-5.81e+01,8.80e+01,5.00e+01
-8.08e+01,-5.87e+01,8.40e+01,4.80e+01
-7.43e+01,-5.93e+01,8.10e+01,4.60e+01
-9.18e+01,-6.13e+01,8.10e+01,4.60e+01
-2.09e+02,-6.83e+01,7.50e+01,4.20e+01
-2.22e+02,-6.35e+01,6.90e+01,3.80e+01
-7.55e+01,-6.21e+01,8.60e+01,4.80e+01
-2.48e+02,-5.58e+01,6.90e+01,3.80e+01
-1.95e+02,-4.51e+01,7.50e+01,4.20e+01
-7.91e+01,-6.67e+01,8.40e+01,4.70e+01
-1.90e+02,-5.66e+01,7.10e+01,3.90e+01
-7.95e+01,-5.78e+01,8.20e+01,4.70e+01
-8.19e+01,-5.86e+01,8.10e+01,4.60e+01
-1.86e+02,-4.90e+01,6.80e+01,3.80e+01
-1.80e+02,-5.15e+01,7.10e+01,3.90e+01
-7.04e+01,-6.03e+01,8.00e+01,4.60e+01
-2.28e+02,-8.03e+01,6.80e+01,3.80e+01
-7.21e+01,-5.81e+01,8.00e+01,4.60e+01
-2.91e+02,-7.05e+01,9.00e+01,5.10e+01
-7.45e+01,-5.82e+01,8.80e+01,5.00e+01
-2.10e+02,-4.17e+01,6.90e+01,3.80e+01
-2.13e+02,-4.85e+01,7.70e+01,4.30e+01
-2.10e+02,-6.54e+01,6.80e+01,3.70e+01
