-6.32e+01,-5.70e+01,1.91e+02,8.40e+01
-6.78e+01,-4.33e+01,1.93e+02,8.50e+01
-7.26e+01,-4.68e+01,1.97e+02,8.60e+01
-6.76e+01,-4.08e+01,1.96e+02,8.60e+01
-7.16e+01,-6.21e+01,1.91e+02,8.40e+01
-6.34e+01,-4.90e+01,1.91e+02,8.40e+01
-8.06e+01,-5.88e+01,1.92e+02,8.40e+01
-7.44e+01,-5.61e+01,1.92e+02,8.40e+01
-6.10e+01,-5.28e+01,1.92e+02,8.40e+01
-6.30e+01,-4.84e+01,1.97e+02,8.70e+01
-8.09e+01,-4.75e+01,1.91e+02,8.40e+01
-6.99e+01,-4.67e+01,1.93e+02,8.50e+01
-6.85e+01,-5.02e+01,1.93e+02,8.50e+01
-6.18e+01,-4.32e+01,1.94e+02,8.50e+01
-6.69e+01,-5.05e+01,1.96e+02,8.70e+01
-6.54e+01,-4.82e+01,1.93e+02,8.50e+01
-6.71e+01,-5.41e+01,1.97e+02,8.70e+01
-7.08e+01,-5.79e+01,1.94e+02,8.50e+01
-6.84e+01,-4.88e+01,1.91e+02,8.40e+01
-3.53e+02,-4.76e+01,1.92e+02,8.40e+01
-6.10e+01,-5.12e+01,1.92e+02,8.50e+01
-6.89e+01,-5.72e+01,1.93e+02,8.50e+01
-7.54e+01,-4.74e+01,1.97e+02,8.70e+01
-3.52e+02,-5.62e+01,1.93e+02,8.40e+01
-6.97e+01,-4.53e+01,1.92e+02,8.40e+01
-6.50e+01,-5.12e+01,1.91e+02,8.40e+01
-7.12e+01,-4.81e+01,1.92e+02,8.40e+01
-6.54e+01,-5.55e+01,1.92e+02,8.40e+01
-7.69e+01,-5.67e+01,1.92e+02,8.40e+01
-5.98e+01,-4.98e+01,1.97e+02,8.60e+01
-6.41e+01,-5.23e+01,1.93e+02,8.50e+01
-8.39e+01,-6.09e+01,1.93e+02,8.40e+01
-7.47e+01,-5.05e+01,1.92e+02,8.40e+01
-6.65e+01,-4.71e+01,1.99e+02,8.80e+01
-7.04e+01,-5.61e+01,1.93e+02,8.50e+01
-6.59e+01,-4.97e+01,1.99e+02,8.80e+01
-7.11e+01,-5.47e+01,1.93e+02,8.40e+01
-6.77e+01,-5.28e+01,1.98e+02,8.80e+01
-6.23e+01,-5.36e+01,1.92e+02,8.50e+01
-6.72e+01,-5.18e+01,1.94e+02,8.60e+01
-7.49e+01,-6.04e+01,1.91e+02,8.40e+01
-7.52e+01,-5.13e+01,1.92e+02,8.40e+01
-6.57e+01,-4.83e+01,1.92e+02,8.40e+01
-6.95e+01,-5.86e+01,1.94e+02,8.50e+01
-6.60e+01,-4.88e+01,1.92e+02,8.50e+01
-6.72e+01,-5.66e+01,1.91e+02,8.40e+01
-6.43e+01,-5.10e+01,1.98e+02,8.80e+01
-6.61e+01,-4.95e+01,1.97e+02,8.70e+01
-6.29e+01,-4.57e+01,1.95e+02,8.60e+01
-6.74e+01,-5.12e+01,1.91e+02,8.40e+01
-3.51e+02,-4.61e+01,1.98e+02,8.70e+01
-7.07e+01,-5.99e+01,1.97e+02,8.60e+01
-5.00e+02,-5.00e+02,1.92e+02,8.40e+01
-6.66e+01,-4.78e+01,1.93e+02,8.50e+01
-7.07e+01,-4.95e+01,1.98e+02,8.60e+01
-6.80e+01,-4.40e+01,1.93e+02,8.40e+01
-6.86e+01,-5.21e+01,1.95e+02,8.60e+01
-6.37e+01,-4.94e+01,1.96e+02,8.60e+01
-6.68e+01,-5.25e+01,1.93e+02,8.50e+01
-6.38e+01,-4.36e+01,1.97e+02,8.70e+01
-7.69e+01,-6.32e+01,1.94e+02,8.50e+01
-6.12e+01,-4.80e+01,1.98e+02,8.70e+01
-6.70e+01,-4.56e+01,1.99e+02,8.80e+01
-6.62e+01,-3.80e+01,1.92e+02,8.40e+01
-1.21e+02,-4.76e+01,1.91e+02,8.40e+01
-7.23e+01,-5.55e+01,1.95e+02,8.60e+01
-7.09e+01,-6.42e+01,1.91e+02,8.40e+01
-8.10e+01,-4.56e+01,1.94e+02,8.50e+01
-6.75e+01,-4.68e+01,1.91e+02,8.40e+01
-6.85e+01,-4.59e+01,1.96e+02,8.70e+01
-6.26e+01,-3.77e+01,1.96e+02,8.60e+01
-6.43e+01,-4.21e+01,1.98e+02,8.70e+01
-6.19e+01,-4.68e+01,1.91e+02,8.40e+01
-6.46e+01,-4.95e+01,1.96e+02,8.60e+01
-6.32e+01,-5.36e+01,1.94e+02,8.60e+01
-6.95e+01,-5.19e+01,1.92e+02,8.40e+01
-7.20e+01,-5.92e+01,1.97e+02,8.60e+01
-8.04e+01,-6.24e+01,1.96e+02,8.60e+01
-5.00e+02,-5.00e+02,1.97e+02,8.60e+01
-6.37e+01,-4.77e+01,1.92e+02,8.40e+01
-6.69e+01,-4.64e+01,1.93e+02,8.50e+01
-8.30e+01,-5.82e+01,1.95e+02,8.60e+01
-6.22e+01,-4.98e+01,1.94e+02,8.50e+01
-6.61e+01,-5.18e+01,1.94e+02,8.60e+01
-3.54e+02,-5.71e+01,1.97e+02,8.60e+01
-6.24e+01,-4.69e+01,1.97e+02,8.60e+01
-6.95e+01,-5.28e+01,1.91e+02,8.40e+01
-6.35e+01,-5.23e+01,1.94e+02,8.50e+01
-6.67e+01,-4.23e+01,1.95e+02,8.60e+01
-2.20e+02,-6.44e+01,1.97e+02,8.60e+01
-7.61e+01,-4.76e+01,1.91e+02,8.40e+01
-7.50e+01,-5.28e+01,1.91e+02,8.40e+01
-5.00e+02,-5.00e+02,1.95e+02,8.60e+01
-6.22e+01,-4.59e+01,1.99e+02,8.70e+01
-7.11e+01,-4.75e+01,1.91e+02,8.40e+01
-6.42e+01,-4.92e+01,1.93e+02,8.50e+01
-6.88e+01,-5.11e+01,1.97e+02,8.60e+01
-6.50e+01,-3.73e+01,1.97e+02,8.70e+01
-6.73e+01,-5.16e+01,1.93e+02,8.50e+01
-7.06e+01,-4.16e+01,1.93e+02,8.50e+01
-6.82e+01,-4.28e+01,1.91e+02,8.40e+01
-6.71e+01,-4.42e+01,1.94e+02,8.50e+01
-7.74e+01,-5.21e+01,1.97e+02,8.60e+01
-7.86e+01,-6.68e+01,1.91e+02,8.40e+01
-6.91e+01,-4.77e+01,1.91e+02,8.40e+01
-6.99e+01,-4.47e+01,1.93e+02,8.50e+01
-6.47e+01,-5.22e+01,1.91e+02,8.40e+01
-6.11e+01,-4.70e+01,1.98e+02,8.70e+01
-6.62e+01,-5.32e+01,1.92e+02,8.40e+01
-6.92e+01,-5.16e+01,1.97e+02,8.70e+01
-6.31e+01,-5.13e+01,1.93e+02,8.50e+01
-6.29e+01,-4.16e+01,1.93e+02,8.40e+01
-3.51e+02,-4.81e+01,1.97e+02,8.60e+01
-6.64e+01,-4.82e+01,1.99e+02,8.70e+01
-6.16e+01,-4.96e+01,1.93e+02,8.50e+01
-7.14e+01,-4.57e+01,1.99e+02,8.80e+01
-6.73e+01,-4.78e+01,1.97e+02,8.60e+01
-6.78e+01,-4.82e+01,1.97e+02,8.60e+01
-6.65e+01,-5.94e+01,1.97e+02,8.70e+01
-6.67e+01,-5.28e+01,1.97e+02,8.60e+01
-6.57e+01,-4.99e+01,1.96e+02,8.60e+01
-7.20e+01,-5.55e+01,1.92e+02,8.40e+01
-6.16e+01,-4.48e+01,1.93e+02,8.50e+01
-6.80e+01,-5.61e+01,1.93e+02,8.50e+01
-7.23e+01,-5.69e+01,1.93e+02,8.50e+01
-7.21e+01,-4.95e+01,1.94e+02,8.60e+01
-8.02e+01,-6.74e+01,1.94e+02,8.50e+01
-6.49e+01,-4.83e+01,1.93e+02,8.50e+01
-5.87e+01,-4.51e+01,1.98e+02,8.70e+01
-7.09e+01,-5.47e+01,1.96e+02,8.60e+01
-7.91e+01,-6.07e+01,1.91e+02,8.40e+01
-6.36e+01,-4.79e+01,1.93e+02,8.50e+01
-6.58e+01,-5.67e+01,1.99e+02,8.70e+01
-6.51e+01,-5.07e+01,1.96e+02,8.60e+01
-6.28e+01,-4.83e+01,1.93e+02,8.50e+01
-6.73e+01,-6.17e+01,1.96e+02,8.60e+01
-6.28e+01,-3.93e+01,1.91e+02,8.40e+01
-6.50e+01,-4.54e+01,1.93e+02,8.50e+01
-7.53e+01,-5.99e+01,1.92e+02,8.40e+01
-6.35e+01,-4.88e+01,1.92e+02,8.50e+01
-6.45e+01,-4.74e+01,1.98e+02,8.70e+01
-3.52e+02,-5.40e+01,1.98e+02,8.70e+01
-6.81e+01,-5.96e+01,1.93e+02,8.40e+01
-6.41e+01,-4.95e+01,1.93e+02,8.50e+01
-7.32e+01,-4.75e+01,1.93e+02,8.50e+01
-7.91e+01,-4.54e+01,1.95e+02,8.60e+01
-6.30e+01,-5.07e+01,1.98e+02,8.70e+01
-6.13e+01,-4.69e+01,1.97e+02,8.60e+01
-6.45e+01,-4.49e+01,1.97e+02,8.60e+01
-6.35e+01,-4.06e+01,1.91e+02,8.40e+01
-7.55e+01,-5.22e+01,1.96e+02,8.60e+01
-7.08e+01,-5.59e+01,1.98e+02,8.60e+01
-5.96e+01,-4.38e+01,1.95e+02,8.60e+01
-6.28e+01,-5.43e+01,1.95e+02,8.60e+01
-3.51e+02,-5.03e+01,1.91e+02,8.40e+01
-6.22e+01,-4.54e+01,1.93e+02,8.50e+01
-6.91e+01,-4.66e+01,1.92e+02,8.40e+01
-7.36e+01,-5.90e+01,1.97e+02,8.70e+01
-7.19e+01,-4.54e+01,1.99e+02,8.80e+01
-7.04e+01,-4.76e+01,1.92e+02,8.40e+01
-6.90e+01,-4.64e+01,1.96e+02,8.70e+01
-5.72e+01,-5.02e+01,1.97e+02,8.60e+01
-7.18e+01,-4.43e+01,1.96e+02,8.60e+01
-8.47e+01,-6.52e+01,1.92e+02,8.40e+01
-6.27e+01,-4.85e+01,1.92e+02,8.40e+01
-6.47e+01,-5.12e+01,1.93e+02,8.50e+01
-7.62e+01,-5.47e+01,1.95e+02,8.60e+01
-5.00e+02,-5.00e+02,1.94e+02,8.50e+01
-7.10e+01,-4.93e+01,1.97e+02,8.60e+01
-3.50e+02,-5.03e+01,1.97e+02,8.70e+01
-6.65e+01,-4.61e+01,1.96e+02,8.60e+01
-6.23e+01,-5.19e+01,1.94e+02,8.50e+01
-6.58e+01,-5.34e+01,1.93e+02,8.50e+01
-6.97e+01,-4.58e+01,1.96e+02,8.60e+01
-7.68e+01,-4.35e+01,1.94e+02,8.60e+01
-7.60e+01,-5.47e+01,1.93e+02,8.50e+01
-6.56e+01,-5.25e+01,1.93e+02,8.40e+01
-9.09e+01,-6.19e+01,1.97e+02,8.70e+01
-6.05e+01,-4.70e+01,1.91e+02,8.40e+01
-5.90e+01,-4.39e+01,1.93e+02,8.50e+01
-6.74e+01,-3.87e+01,1.97e+02,8.60e+01
-7.28e+01,-4.82e+01,1.92e+02,8.40e+01
-6.28e+01,-5.30e+01,1.92e+02,8.40e+01
-6.23e+01,-4.92e+01,1.92e+02,8.40e+01
-6.28e+01,-5.05e+01,1.96e+02,8.70e+01
-8.36e+01,-6.47e+01,1.96e+02,8.70e+01
-6.50e+01,-5.08e+01,1.92e+02,8.40e+01
-7.28e+01,-4.87e+01,1.97e+02,8.60e+01
-6.10e+01,-4.70e+01,1.91e+02,8.40e+01
-6.93e+01,-5.02e+01,1.92e+02,8.50e+01
-6.08e+01,-5.42e+01,1.92e+02,8.40e+01
-8.33e+01,-5.66e+01,1.94e+02,8.50e+01
