6.54e+01,1.60e+02,2.05e+02,7.20e+01
8.65e+01,2.51e+02,2.06e+02,7.10e+01
1.15e+02,4.27e+02,2.07e+02,7.30e+01
8.22e+01,1.11e+02,2.07e+02,7.20e+01
6.65e+01,1.54e+02,2.07e+02,7.30e+01
5.70e+01,1.34e+02,2.05e+02,7.10e+01
1.43e+02,5.55e+02,2.06e+02,7.20e+01
8.07e+01,1.85e+02,2.05e+02,7.20e+01
4.47e+01,2.00e+02,2.05e+02,7.10e+01
9.56e+01,2.81e+02,2.06e+02,7.10e+01
7.14e+01,1.28e+02,2.05e+02,7.10e+01
9.76e+01,3.36e+02,2.07e+02,7.30e+01
1.05e+02,4.03e+02,2.06e+02,7.20e+01
1.11e+02,4.11e+02,2.09e+02,7.20e+01
3.75e+01,1.23e+02,2.06e+02,7.10e+01
6.46e+01,1.35e+02,2.06e+02,7.10e+01
1.09e+02,2.75e+02,2.05e+02,7.20e+01
7.53e+01,2.36e+02,2.04e+02,7.10e+01
8.91e+01,1.98e+02,2.06e+02,7.20e+01
8.75e+01,2.63e+02,2.06e+02,7.10e+01
6.91e+01,1.84e+02,2.06e+02,7.30e+01
7.88e+01,1.47e+02,2.06e+02,7.20e+01
7.37e+01,1.43e+02,2.05e+02,7.30e+01
1.03e+02,3.41e+02,2.05e+02,7.30e+01
8.56e+01,1.49e+02,2.07e+02,7.10e+01
1.51e+02,5.44e+02,2.08e+02,7.40e+01
4.63e+01,8.54e+01,2.05e+02,7.10e+01
1.14e+02,4.19e+02,2.08e+02,7.40e+01
1.21e+02,4.30e+02,2.06e+02,7.30e+01
9.42e+01,2.18e+02,2.07e+02,7.30e+01
7.22e+01,9.52e+01,2.09e+02,7.40e+01
8.57e+01,1.56e+02,2.07e+02,7.10e+01
1.11e+02,2.53e+02,2.06e+02,7.20e+01
8.86e+01,2.97e+02,2.05e+02,7.20e+01
4.32e+01,8.65e+01,2.08e+02,7.30e+01
1.59e+02,2.97e+02,2.06e+02,7.20e+01
8.75e+01,1.43e+02,2.08e+02,7.30e+01
3.05e+01,7.10e+01,2.06e+02,7.10e+01
2.28e+01,6.45e+01,2.08e+02,7.30e+01
6.51e+01,1.70e+02,2.07e+02,7.20e+01
7.60e+01,2.80e+02,2.07e+02,7.10e+01
7.02e+01,1.50e+02,2.08e+02,7.40e+01
7.51e+01,2.16e+02,2.07e+02,7.10e+01
5.93e+01,1.79e+02,2.06e+02,7.10e+01
6.02e+01,1.30e+02,2.06e+02,7.20e+01
5.96e+01,1.09e+02,2.05e+02,7.30e+01
7.04e+01,1.61e+02,2.06e+02,7.10e+01
1.07e+02,2.40e+02,2.05e+02,7.20e+01
1.10e+02,2.84e+02,2.08e+02,7.30e+01
1.18e+02,3.73e+02,2.07e+02,7.20e+01
2.60e+01,5.76e+01,2.07e+02,7.20e+01
3.44e+01,6.30e+01,2.08e+02,7.40e+01
1.03e+02,2.34e+02,2.06e+02,7.20e+01
6.01e+01,1.44e+02,2.05e+02,7.20e+01
1.60e+02,5.32e+02,2.08e+02,7.20e+01
6.98e+01,1.63e+02,2.08e+02,7.40e+01
5.60e+01,1.20e+02,2.05e+02,7.10e+01
5.63e+01,1.43e+02,2.07e+02,7.20e+01
7.60e+01,1.60e+02,2.06e+02,7.10e+01
1.52e+02,5.01e+02,2.07e+02,7.30e+01
7.84e+01,1.48e+02,2.06e+02,7.20e+01
6.73e+01,1.65e+02,2.07e+02,7.20e+01
7.91e+01,2.19e+02,2.06e+02,7.20e+01
8.46e+01,1.54e+02,2.08e+02,7.40e+01
8.84e+01,2.93e+02,2.07e+02,7.30e+01
4.74e+01,1.08e+02,2.06e+02,7.20e+01
8.96e+01,2.70e+02,2.05e+02,7.10e+01
7.22e+01,2.53e+02,2.06e+02,7.20e+01
9.02e+01,2.82e+02,2.06e+02,7.20e+01
1.10e+02,2.31e+02,2.05e+02,7.10e+01
1.01e+02,3.35e+02,2.05e+02,7.10e+01
6.62e+01,1.27e+02,2.05e+02,7.20e+01
1.27e+02,5.33e+02,2.07e+02,7.20e+01
5.00e+01,1.92e+02,2.06e+02,7.10e+01
7.03e+01,1.63e+02,2.08e+02,7.30e+01
6.20e+01,1.03e+02,2.07e+02,7.10e+01
7.59e+01,1.73e+02,2.06e+02,7.20e+01
7.15e+01,1.70e+02,2.08e+02,7.40e+01
1.28e+02,3.97e+02,2.04e+02,7.10e+01
5.07e+01,8.92e+01,2.07e+02,7.40e+01
1.35e+02,4.31e+02,2.07e+02,7.10e+01
1.12e+02,3.42e+02,2.06e+02,7.20e+01
1.16e+02,4.79e+02,2.06e+02,7.10e+01
9.02e+01,2.59e+02,2.10e+02,7.30e+01
4.30e+01,1.54e+02,2.06e+02,7.10e+01
1.26e+02,4.10e+02,2.05e+02,7.20e+01
5.58e+01,9.90e+01,2.07e+02,7.30e+01
7.74e+01,2.36e+02,2.07e+02,7.30e+01
7.82e+01,3.24e+02,2.07e+02,7.30e+01
9.94e+01,3.54e+02,2.08e+02,7.30e+01
7.73e+01,1.62e+02,2.07e+02,7.30e+01
1.06e+02,2.99e+02,2.08e+02,7.30e+01
6.93e+01,1.18e+02,2.06e+02,7.10e+01
6.37e+01,1.78e+02,2.08e+02,7.40e+01
8.68e+01,1.19e+02,2.06e+02,7.20e+01
1.08e+02,2.87e+02,2.07e+02,7.20e+01
5.92e+01,1.16e+02,2.07e+02,7.30e+01
6.23e+01,1.56e+02,2.07e+02,7.20e+01
1.16e+02,3.00e+02,2.08e+02,7.30e+01
1.12e+02,3.86e+02,2.07e+02,7.10e+01
1.08e+02,3.26e+02,2.09e+02,7.40e+01
1.35e+02,3.45e+02,2.04e+02,7.10e+01
6.44e+01,1.24e+02,2.07e+02,7.20e+01
1.58e+02,5.27e+02,2.06e+02,7.30e+01
9.39e+01,1.49e+02,2.05e+02,7.20e+01
6.31e+01,2.18e+02,2.08e+02,7.30e+01
6.16e+01,1.02e+02,2.08e+02,7.30e+01
1.23e+02,3.41e+02,2.05e+02,7.20e+01
9.96e+01,1.93e+02,2.07e+02,7.10e+01
1.85e+01,6.71e+01,2.06e+02,7.20e+01
1.12e+02,3.82e+02,2.08e+02,7.20e+01
1.61e+02,4.76e+02,2.06e+02,7.20e+01
9.63e+01,3.23e+02,2.06e+02,7.10e+01
6.30e+01,1.08e+02,2.07e+02,7.10e+01
-1.61e+01,1.00e+02,2.06e+02,7.10e+01
1.60e+02,4.30e+02,2.09e+02,7.40e+01
7.68e+01,2.54e+02,2.08e+02,7.20e+01
1.19e+02,2.87e+02,2.06e+02,7.30e+01
1.47e+02,4.78e+02,2.08e+02,7.30e+01
1.32e+02,3.04e+02,2.07e+02,7.30e+01
5.11e+01,1.10e+02,2.07e+02,7.20e+01
3.89e+01,1.20e+02,2.07e+02,7.30e+01
7.81e+01,2.61e+02,2.08e+02,7.30e+01
4.64e+01,8.11e+01,2.08e+02,7.20e+01
9.24e+01,2.98e+02,2.07e+02,7.20e+01
5.80e+01,1.15e+02,2.06e+02,7.30e+01
1.25e+02,2.35e+02,2.07e+02,7.30e+01
6.13e+01,1.59e+02,2.07e+02,7.30e+01
