1.14e+02,2.75e+02,1.90e+01,1.80e+01
1.74e+02,5.70e+02,2.00e+01,1.80e+01
1.40e+02,3.77e+02,1.90e+01,1.80e+01
1.57e+02,5.68e+02,2.50e+01,2.00e+01
1.90e+02,7.63e+02,2.50e+01,2.00e+01
2.02e+02,7.85e+02,1.90e+01,1.80e+01
1.36e+02,4.00e+02,1.90e+01,1.80e+01
1.33e+02,4.14e+02,2.40e+01,2.00e+01
1.38e+02,4.80e+02,1.90e+01,1.80e+01
1.65e+02,4.71e+02,1.90e+01,1.80e+01
1.39e+02,2.73e+02,1.90e+01,1.80e+01
2.08e+02,7.72e+02,2.10e+01,1.90e+01
1.17e+02,3.58e+02,1.90e+01,1.80e+01
1.09e+02,2.20e+02,1.90e+01,1.80e+01
1.75e+02,5.33e+02,1.90e+01,1.80e+01
1.42e+02,4.18e+02,1.90e+01,1.80e+01
1.72e+02,7.69e+02,2.40e+01,2.00e+01
1.37e+02,3.99e+02,2.10e+01,1.90e+01
1.33e+02,4.77e+02,2.00e+01,1.90e+01
1.21e+02,2.41e+02,1.90e+01,1.80e+01
1.87e+02,7.66e+02,1.90e+01,1.80e+01
1.98e+02,6.23e+02,2.00e+01,1.80e+01
1.39e+02,2.86e+02,2.10e+01,1.80e+01
1.67e+02,5.92e+02,1.90e+01,1.80e+01
1.74e+02,5.79e+02,2.00e+01,1.80e+01
1.48e+02,6.08e+02,1.90e+01,1.80e+01
1.32e+02,5.92e+02,1.90e+01,1.80e+01
1.20e+02,3.52e+02,2.10e+01,1.90e+01
2.01e+02,7.93e+02,2.00e+01,1.80e+01
1.54e+02,4.34e+02,1.90e+01,1.80e+01
8.63e+01,1.56e+02,1.90e+01,1.80e+01
1.55e+02,5.46e+02,2.10e+01,1.90e+01
1.58e+02,5.28e+02,2.50e+01,2.00e+01
1.63e+02,4.84e+02,2.00e+01,1.80e+01
1.82e+02,7.42e+02,2.00e+01,1.80e+01
1.60e+02,4.10e+02,2.00e+01,1.80e+01
1.37e+02,4.51e+02,1.90e+01,1.80e+01
1.79e+02,6.01e+02,1.90e+01,1.80e+01
1.53e+02,4.79e+02,2.00e+01,1.80e+01
1.18e+02,3.20e+02,1.90e+01,1.80e+01
1.80e+02,5.97e+02,1.90e+01,1.80e+01
1.51e+02,5.98e+02,2.00e+01,1.80e+01
1.48e+02,5.33e+02,2.50e+01,2.00e+01
1.41e+02,5.82e+02,2.00e+01,1.80e+01
1.67e+02,6.37e+02,1.90e+01,1.80e+01
2.13e+02,7.43e+02,2.00e+01,1.80e+01
1.32e+02,3.43e+02,2.40e+01,2.00e+01
2.21e+02,8.93e+02,1.90e+01,1.80e+01
1.84e+02,6.52e+02,2.50e+01,2.00e+01
1.37e+02,3.30e+02,2.10e+01,1.90e+01
1.61e+02,5.69e+02,2.10e+01,1.90e+01
1.18e+02,2.37e+02,1.90e+01,1.80e+01
1.21e+02,3.05e+02,1.90e+01,1.80e+01
1.65e+02,6.66e+02,2.00e+01,1.90e+01
1.68e+02,5.78e+02,2.00e+01,1.80e+01
1.51e+02,5.82e+02,1.90e+01,1.80e+01
9.33e+01,1.75e+02,1.90e+01,1.80e+01
9.44e+01,2.16e+02,1.90e+01,1.80e+01
1.54e+02,6.11e+02,2.60e+01,2.10e+01
2.44e+02,1.05e+03,1.90e+01,1.80e+01
1.24e+02,3.15e+02,2.50e+01,2.00e+01
1.83e+02,6.91e+02,2.00e+01,1.80e+01
1.49e+02,5.06e+02,1.90e+01,1.80e+01
2.05e+02,7.54e+02,1.90e+01,1.80e+01
1.74e+02,5.27e+02,1.90e+01,1.80e+01
1.66e+02,6.18e+02,2.40e+01,2.00e+01
1.58e+02,6.21e+02,1.90e+01,1.80e+01
1.97e+02,7.64e+02,2.50e+01,2.00e+01
2.72e+01,7.42e+01,1.90e+01,1.80e+01
1.52e+02,4.83e+02,1.90e+01,1.80e+01
1.56e+02,4.89e+02,2.00e+01,1.80e+01
2.20e+02,7.44e+02,2.00e+01,1.80e+01
9.37e+01,2.38e+02,1.90e+01,1.80e+01
1.23e+02,2.90e+02,2.40e+01,2.00e+01
1.60e+02,5.83e+02,1.90e+01,1.80e+01
1.97e+02,8.18e+02,2.00e+01,1.80e+01
9.53e+01,1.80e+02,1.90e+01,1.80e+01
2.01e+02,7.87e+02,1.90e+01,1.80e+01
9.41e+01,1.87e+02,2.40e+01,2.00e+01
1.91e+02,5.47e+02,1.90e+01,1.80e+01
1.08e+02,2.67e+02,2.00e+01,1.90e+01
1.72e+02,7.55e+02,2.00e+01,1.80e+01
1.56e+02,6.59e+02,1.90e+01,1.80e+01
1.61e+02,5.47e+02,2.00e+01,1.80e+01
9.14e+01,2.94e+02,2.00e+01,1.90e+01
1.18e+02,2.29e+02,2.00e+01,1.80e+01
1.95e+02,7.46e+02,2.50e+01,2.00e+01
1.06e+02,2.40e+02,1.90e+01,1.80e+01
1.95e+02,7.60e+02,2.40e+01,2.00e+01
1.63e+02,4.99e+02,1.90e+01,1.80e+01
7.74e+01,1.57e+02,1.90e+01,1.80e+01
-1.49e+01,7.82e+01,2.50e+01,2.00e+01
1.92e+02,7.95e+02,1.90e+01,1.80e+01
1.32e+02,4.55e+02,2.00e+01,1.80e+01
2.00e+02,7.31e+02,2.50e+01,2.00e+01
2.10e+02,6.04e+02,1.90e+01,1.80e+01
1.93e+02,5.94e+02,1.90e+01,1.80e+01
1.58e+02,5.28e+02,1.90e+01,1.80e+01
4.97e+01,3.63e+02,1.90e+01,1.80e+01
2.01e+02,8.45e+02,2.50e+01,2.00e+01
-3.19e+01,7.01e+01,1.90e+01,1.80e+01
1.25e+02,2.46e+02,2.10e+01,1.90e+01
1.26e+02,3.93e+02,1.90e+01,1.80e+01
1.55e+02,5.01e+02,2.10e+01,1.90e+01
1.26e+02,4.25e+02,1.90e+01,1.80e+01
1.56e+02,4.04e+02,1.90e+01,1.80e+01
1.30e+02,2.62e+02,2.10e+01,1.80e+01
1.56e+02,5.65e+02,1.90e+01,1.80e+01
1.08e+02,3.09e+02,2.00e+01,1.90e+01
1.53e+02,4.57e+02,1.90e+01,1.80e+01
1.58e+02,5.76e+02,2.40e+01,2.00e+01
9.71e+01,2.83e+02,2.10e+01,1.80e+01
7.17e+01,1.23e+02,2.50e+01,2.00e+01
1.84e+02,7.85e+02,2.40e+01,2.00e+01
1.64e+02,4.35e+02,1.90e+01,1.80e+01
9.38e+01,1.92e+02,2.00e+01,1.90e+01
1.52e+02,5.36e+02,2.00e+01,1.80e+01
1.81e+02,6.24e+02,1.90e+01,1.80e+01
2.23e+02,9.07e+02,2.50e+01,2.10e+01
1.42e+02,3.73e+02,2.00e+01,1.90e+01
1.67e+02,4.47e+02,2.00e+01,1.80e+01
1.65e+02,5.79e+02,2.00e+01,1.80e+01
2.03e+02,9.20e+02,2.00e+01,1.90e+01
1.69e+02,6.38e+02,2.10e+01,1.90e+01
1.51e+02,5.55e+02,1.90e+01,1.80e+01
9.74e+01,2.31e+02,1.90e+01,1.80e+01
1.51e+02,4.39e+02,1.90e+01,1.80e+01
1.46e+02,4.01e+02,1.90e+01,1.80e+01
1.87e+02,7.69e+02,2.40e+01,2.00e+01
1.40e+02,4.27e+02,1.90e+01,1.80e+01
1.95e+02,7.59e+02,1.90e+01,1.80e+01
1.65e+02,4.77e+02,2.10e+01,1.90e+01
1.67e+02,6.25e+02,1.90e+01,1.80e+01
1.03e+02,1.86e+02,1.90e+01,1.80e+01
1.30e+02,3.87e+02,1.90e+01,1.80e+01
1.13e+01,2.62e+02,2.00e+01,1.90e+01
1.19e+02,4.96e+02,1.90e+01,1.80e+01
2.09e+02,7.12e+02,2.10e+01,1.80e+01
1.19e+02,2.86e+02,2.50e+01,2.00e+01
1.05e+02,1.77e+02,1.90e+01,1.80e+01
1.25e+02,4.04e+02,1.90e+01,1.80e+01
1.67e+02,6.44e+02,1.90e+01,1.80e+01
1.26e+02,4.72e+02,1.90e+01,1.80e+01
8.36e+01,1.57e+02,2.40e+01,2.00e+01
2.46e+02,9.06e+02,2.10e+01,1.90e+01
1.60e+02,5.13e+02,1.90e+01,1.80e+01
1.27e+02,3.21e+02,2.00e+01,1.80e+01
1.96e+02,6.59e+02,2.10e+01,1.90e+01
1.45e+02,4.85e+02,2.10e+01,1.90e+01
5.95e+01,1.22e+02,1.90e+01,1.80e+01
1.48e+02,4.40e+02,1.90e+01,1.80e+01
2.09e+02,7.74e+02,1.90e+01,1.80e+01
1.54e+02,4.74e+02,1.90e+01,1.80e+01
1.71e+02,7.64e+02,1.90e+01,1.80e+01
9.04e+01,2.91e+02,2.40e+01,2.00e+01
1.32e+02,3.87e+02,2.00e+01,1.80e+01
1.82e+02,5.83e+02,1.90e+01,1.80e+01
1.28e+02,3.25e+02,1.90e+01,1.80e+01
1.39e+02,4.13e+02,1.90e+01,1.80e+01
1.13e+02,2.28e+02,1.90e+01,1.80e+01
9.22e+01,2.13e+02,1.90e+01,1.80e+01
1.30e+02,4.15e+02,2.10e+01,1.90e+01
1.93e+02,7.73e+02,2.10e+01,1.90e+01
1.20e+02,3.01e+02,1.90e+01,1.80e+01
1.82e+02,6.36e+02,1.90e+01,1.80e+01
1.92e+02,5.80e+02,1.90e+01,1.80e+01
1.42e+02,3.63e+02,1.90e+01,1.80e+01
1.75e+02,5.52e+02,2.40e+01,2.00e+01
1.14e+02,2.21e+02,1.90e+01,1.80e+01
1.60e+02,4.31e+02,2.00e+01,1.80e+01
1.60e+02,2.94e+02,1.90e+01,1.80e+01
8.06e+01,2.38e+02,2.00e+01,1.80e+01
1.44e+02,5.44e+02,1.90e+01,1.80e+01
1.84e+02,6.15e+02,2.10e+01,1.90e+01
2.06e+02,7.22e+02,2.10e+01,1.90e+01
1.06e+02,1.69e+02,2.50e+01,2.00e+01
1.63e+02,4.87e+02,2.10e+01,1.90e+01
1.53e+02,2.72e+02,2.00e+01,1.90e+01
1.73e+02,5.68e+02,2.10e+01,1.80e+01
1.41e+02,5.74e+02,2.20e+01,1.90e+01
1.96e+02,7.74e+02,2.50e+01,2.00e+01
1.50e+02,5.84e+02,2.50e+01,2.00e+01
1.86e+02,6.08e+02,1.90e+01,1.80e+01
2.08e+02,7.54e+02,1.90e+01,1.80e+01
1.38e+02,3.75e+02,1.90e+01,1.80e+01
9.21e+01,2.25e+02,2.00e+01,1.80e+01
1.09e+02,2.09e+02,2.20e+01,1.90e+01
9.59e+01,2.04e+02,2.50e+01,2.00e+01
1.02e+02,2.34e+02,1.90e+01,1.80e+01
2.12e+02,7.46e+02,1.90e+01,1.80e+01
1.53e+02,5.93e+02,1.90e+01,1.80e+01
1.68e+02,4.98e+02,2.10e+01,1.90e+01
1.65e+02,4.85e+02,2.10e+01,1.90e+01
1.93e+02,5.92e+02,1.90e+01,1.80e+01
2.05e+02,7.17e+02,1.90e+01,1.80e+01
2.02e+02,7.96e+02,1.90e+01,1.80e+01
1.59e+02,6.06e+02,1.90e+01,1.80e+01
9.96e+01,2.20e+02,1.90e+01,1.80e+01
1.38e+02,4.35e+02,2.00e+01,1.90e+01
1.92e+02,7.42e+02,1.90e+01,1.80e+01
1.55e+02,4.63e+02,1.90e+01,1.80e+01
1.75e+02,5.95e+02,1.90e+01,1.80e+01
3.79e+01,5.22e+02,2.00e+01,1.90e+01
2.00e+02,6.81e+02,1.90e+01,1.80e+01
4.68e+01,2.12e+02,2.00e+01,1.90e+01
1.95e+02,5.69e+02,1.90e+01,1.80e+01
1.20e+02,2.36e+02,2.00e+01,1.90e+01
1.04e+02,2.66e+02,1.90e+01,1.80e+01
1.47e+02,4.52e+02,2.10e+01,1.80e+01
1.45e+02,4.68e+02,2.00e+01,1.80e+01
1.57e+02,6.14e+02,1.90e+01,1.80e+01
1.19e+02,4.09e+02,2.40e+01,2.00e+01
1.28e+02,4.29e+02,2.10e+01,1.90e+01
1.54e+02,6.36e+02,1.90e+01,1.80e+01
1.33e+02,3.40e+02,1.90e+01,1.80e+01
1.14e+02,3.34e+02,1.90e+01,1.80e+01
2.17e+02,8.82e+02,2.00e+01,1.80e+01
1.18e+02,3.08e+02,1.90e+01,1.80e+01
1.77e+02,6.88e+02,2.50e+01,2.00e+01
2.00e+02,7.41e+02,1.90e+01,1.80e+01
9.62e+01,2.99e+02,2.40e+01,2.00e+01
1.54e+02,4.57e+02,2.10e+01,1.90e+01
-5.37e+01,-1.79e+01,1.90e+01,1.80e+01
8.67e+01,1.90e+02,2.00e+01,1.80e+01
1.19e+02,2.61e+02,2.50e+01,2.00e+01
1.21e+02,2.96e+02,1.90e+01,1.80e+01
8.36e+01,2.02e+02,1.90e+01,1.80e+01
1.48e+02,5.70e+02,1.90e+01,1.80e+01
1.53e+02,5.54e+02,1.90e+01,1.80e+01
1.59e+02,5.58e+02,2.00e+01,1.80e+01
1.23e+02,3.65e+02,1.90e+01,1.80e+01
9.87e+01,2.27e+02,2.60e+01,2.00e+01
1.31e+02,4.50e+02,1.90e+01,1.80e+01
2.02e+02,6.26e+02,2.50e+01,2.00e+01
8.59e+01,2.54e+02,2.50e+01,2.00e+01
8.89e+01,2.59e+02,1.90e+01,1.80e+01
1.46e+02,5.76e+02,1.90e+01,1.80e+01
1.50e+02,5.71e+02,1.90e+01,1.80e+01
1.50e+02,4.15e+02,1.90e+01,1.80e+01
1.66e+02,5.57e+02,1.90e+01,1.80e+01
3.63e+01,9.90e+01,1.90e+01,1.80e+01
1.47e+02,4.55e+02,2.40e+01,2.00e+01
1.35e+02,5.15e+02,1.90e+01,1.80e+01
6.42e+01,1.73e+02,1.90e+01,1.80e+01
1.28e+02,4.39e+02,1.90e+01,1.80e+01
3.59e+01,3.43e+02,2.40e+01,2.00e+01
1.27e+02,2.35e+02,1.90e+01,1.80e+01
1.25e+02,3.83e+02,2.00e+01,1.90e+01
1.56e+02,5.04e+02,1.90e+01,1.80e+01
1.97e+02,7.40e+02,1.90e+01,1.80e+01
1.95e+02,7.89e+02,2.00e+01,1.80e+01
1.34e+02,4.22e+02,2.60e+01,2.00e+01
9.46e+01,2.01e+02,1.90e+01,1.80e+01
1.76e+02,5.87e+02,2.00e+01,1.90e+01
1.46e+02,3.67e+02,2.50e+01,2.00e+01
1.48e+02,4.08e+02,1.90e+01,1.80e+01
1.62e+02,6.04e+02,1.90e+01,1.80e+01
1.59e+02,5.02e+02,2.00e+01,1.90e+01
1.17e+02,2.53e+02,1.90e+01,1.80e+01
1.39e+02,4.50e+02,2.00e+01,1.80e+01
1.66e+02,5.02e+02,1.90e+01,1.80e+01
1.31e+02,2.67e+02,2.00e+01,1.90e+01
1.70e+02,5.73e+02,2.00e+01,1.80e+01
1.70e+02,5.34e+02,1.90e+01,1.80e+01
1.57e+02,4.56e+02,1.90e+01,1.80e+01
1.07e+02,2.27e+02,1.90e+01,1.80e+01
1.12e+02,2.55e+02,1.90e+01,1.80e+01
1.42e+02,4.88e+02,1.90e+01,1.80e+01
1.30e+02,4.37e+02,2.00e+01,1.90e+01
2.21e+02,8.99e+02,2.10e+01,1.90e+01
1.76e+02,6.42e+02,2.50e+01,2.00e+01
8.21e+01,1.51e+02,2.50e+01,2.00e+01
1.36e+02,4.26e+02,1.90e+01,1.80e+01
1.19e+02,1.91e+02,2.10e+01,1.90e+01
1.07e+02,2.99e+02,1.90e+01,1.80e+01
1.93e+02,7.26e+02,1.90e+01,1.80e+01
1.95e+02,6.48e+02,1.90e+01,1.80e+01
-4.90e+01,0.00e+00,2.00e+01,1.90e+01
2.52e+02,9.46e+02,2.50e+01,2.00e+01
1.14e+02,2.54e+02,1.90e+01,1.80e+01
9.39e+01,3.01e+02,1.90e+01,1.80e+01
1.80e+02,5.56e+02,1.90e+01,1.80e+01
1.02e+02,2.84e+02,2.50e+01,2.00e+01
1.46e+02,4.67e+02,2.10e+01,1.90e+01
1.06e+02,2.94e+02,1.90e+01,1.80e+01
1.88e+02,6.37e+02,2.10e+01,1.90e+01
1.91e+02,6.08e+02,2.00e+01,1.80e+01
1.45e+02,5.07e+02,2.10e+01,1.80e+01
9.24e+01,2.34e+02,1.90e+01,1.80e+01
1.73e+02,7.08e+02,2.00e+01,1.80e+01
1.56e+02,4.88e+02,1.90e+01,1.80e+01
2.93e+01,1.76e+02,2.50e+01,2.00e+01
1.60e+02,5.64e+02,1.90e+01,1.80e+01
1.30e+02,4.46e+02,2.50e+01,2.00e+01
1.86e+02,4.90e+02,1.90e+01,1.80e+01
1.62e+02,5.54e+02,1.90e+01,1.80e+01
1.30e+02,4.15e+02,1.90e+01,1.80e+01
1.84e+02,7.86e+02,2.10e+01,1.90e+01
1.07e+02,2.35e+02,1.90e+01,1.80e+01
1.28e+02,2.90e+02,1.90e+01,1.80e+01
1.34e+02,4.39e+02,2.00e+01,1.80e+01
1.16e+02,4.01e+02,1.90e+01,1.80e+01
2.18e+02,9.46e+02,2.70e+01,2.10e+01
3.08e+01,2.52e+02,1.90e+01,1.80e+01
1.60e+02,5.75e+02,1.90e+01,1.80e+01
1.61e+02,5.76e+02,1.90e+01,1.80e+01
1.90e+02,7.51e+02,1.90e+01,1.80e+01
1.22e+02,5.61e+02,2.50e+01,2.00e+01
2.01e+02,7.85e+02,2.50e+01,2.00e+01
2.20e+02,9.32e+02,1.90e+01,1.80e+01
1.86e+02,7.90e+02,2.50e+01,2.00e+01
1.30e+02,5.06e+02,2.50e+01,2.00e+01
1.09e+02,2.85e+02,1.90e+01,1.80e+01
7.83e+01,1.71e+02,2.50e+01,2.00e+01
5.37e+01,1.52e+02,2.50e+01,2.00e+01
1.96e+02,7.67e+02,1.90e+01,1.80e+01
1.69e+02,4.75e+02,2.40e+01,2.00e+01
1.29e+02,4.72e+02,2.10e+01,1.90e+01
1.44e+02,4.74e+02,2.40e+01,2.00e+01
1.32e+02,4.24e+02,2.50e+01,2.00e+01
1.47e+02,4.59e+02,2.50e+01,2.00e+01
1.40e+02,5.94e+02,2.50e+01,2.00e+01
1.42e+02,4.19e+02,1.90e+01,1.80e+01
1.82e+02,6.10e+02,1.90e+01,1.80e+01
1.51e+02,4.09e+02,1.90e+01,1.80e+01
6.27e+01,4.97e+02,1.90e+01,1.80e+01
1.62e+02,6.06e+02,1.90e+01,1.80e+01
2.24e+02,9.16e+02,1.90e+01,1.80e+01
1.49e+02,4.73e+02,2.00e+01,1.80e+01
1.32e+02,3.94e+02,2.00e+01,1.80e+01
1.18e+02,3.83e+02,2.00e+01,1.90e+01
1.18e+02,3.08e+02,1.90e+01,1.80e+01
1.11e+02,4.84e+02,1.90e+01,1.80e+01
1.29e+02,4.46e+02,1.90e+01,1.80e+01
1.39e+02,4.79e+02,2.40e+01,2.00e+01
1.57e+02,4.90e+02,2.40e+01,2.00e+01
1.10e+02,2.59e+02,2.10e+01,1.80e+01
1.63e+02,6.07e+02,2.20e+01,1.90e+01
1.64e+02,5.58e+02,2.10e+01,1.90e+01
1.10e+02,1.63e+02,1.90e+01,1.80e+01
1.83e+02,4.85e+02,1.90e+01,1.80e+01
2.34e+02,9.39e+02,1.90e+01,1.80e+01
1.74e+02,5.84e+02,2.00e+01,1.80e+01
2.16e+02,9.11e+02,1.90e+01,1.80e+01
1.18e+02,1.81e+02,1.90e+01,1.80e+01
-5.17e+01,-2.60e+01,1.90e+01,1.80e+01
1.88e+02,6.28e+02,2.10e+01,1.90e+01
1.22e+02,3.68e+02,1.90e+01,1.80e+01
1.79e+02,5.75e+02,2.00e+01,1.80e+01
1.52e+02,4.66e+02,1.90e+01,1.80e+01
1.83e+02,7.27e+02,1.90e+01,1.80e+01
1.75e+02,6.23e+02,1.90e+01,1.80e+01
8.27e+01,5.91e+02,1.90e+01,1.80e+01
1.74e+02,7.53e+02,1.90e+01,1.80e+01
1.16e+02,3.04e+02,1.90e+01,1.80e+01
1.36e+02,4.55e+02,2.10e+01,1.90e+01
1.93e+02,6.33e+02,1.90e+01,1.80e+01
1.43e+02,6.17e+02,1.90e+01,1.80e+01
1.49e+02,4.33e+02,2.00e+01,1.80e+01
1.56e+02,5.58e+02,2.40e+01,2.00e+01
1.66e+02,5.76e+02,1.90e+01,1.80e+01
1.55e+02,4.27e+02,2.50e+01,2.00e+01
1.58e+02,6.31e+02,1.90e+01,1.80e+01
-5.91e+01,-3.38e+01,2.10e+01,1.90e+01
6.49e+01,1.29e+02,1.90e+01,1.80e+01
1.23e+02,2.65e+02,1.90e+01,1.80e+01
1.73e+02,8.03e+02,2.00e+01,1.90e+01
1.30e+02,3.45e+02,1.90e+01,1.80e+01
1.34e+02,4.63e+02,1.90e+01,1.80e+01
7.16e+01,1.22e+02,2.00e+01,1.80e+01
1.25e+02,2.98e+02,2.00e+01,1.90e+01
1.05e+02,2.52e+02,1.90e+01,1.80e+01
1.63e+02,5.96e+02,2.00e+01,1.90e+01
1.90e+02,7.18e+02,1.90e+01,1.80e+01
1.80e+02,6.07e+02,1.90e+01,1.80e+01
1.81e+02,6.04e+02,1.90e+01,1.80e+01
1.41e+02,4.88e+02,1.90e+01,1.80e+01
1.32e+02,4.70e+02,1.90e+01,1.80e+01
1.57e+02,5.71e+02,2.40e+01,2.00e+01
1.71e+02,7.37e+02,2.50e+01,2.00e+01
1.12e+02,3.38e+02,1.90e+01,1.80e+01
1.40e+02,3.73e+02,2.10e+01,1.90e+01
1.11e+02,3.08e+02,1.90e+01,1.80e+01
1.40e+02,4.43e+02,1.90e+01,1.80e+01
-5.94e+01,-3.13e+01,1.90e+01,1.80e+01
1.29e+02,4.88e+02,2.00e+01,1.80e+01
1.70e+02,5.50e+02,2.00e+01,1.90e+01
1.33e+02,3.03e+02,2.00e+01,1.80e+01
1.21e+02,4.01e+02,2.00e+01,1.80e+01
3.05e+01,8.24e+01,1.90e+01,1.80e+01
1.23e+02,4.25e+02,2.10e+01,1.80e+01
9.58e+01,1.59e+02,1.90e+01,1.80e+01
1.84e+02,5.78e+02,1.90e+01,1.80e+01
1.50e+02,5.58e+02,1.90e+01,1.80e+01
1.71e+02,7.65e+02,1.90e+01,1.80e+01
2.03e+02,7.26e+02,1.90e+01,1.80e+01
1.58e+02,5.59e+02,1.90e+01,1.80e+01
1.79e+02,6.12e+02,2.00e+01,1.80e+01
1.84e+02,7.97e+02,2.00e+01,1.90e+01
1.75e+02,5.86e+02,1.90e+01,1.80e+01
1.07e+02,2.73e+02,1.90e+01,1.80e+01
2.18e+02,9.07e+02,1.90e+01,1.80e+01
1.02e+02,1.82e+02,1.90e+01,1.80e+01
-2.02e+01,9.76e+01,2.50e+01,2.00e+01
1.39e+02,4.21e+02,1.90e+01,1.80e+01
1.78e+02,7.41e+02,1.90e+01,1.80e+01
1.52e+02,4.60e+02,2.60e+01,2.10e+01
9.44e+01,2.57e+02,2.10e+01,2.00e+01
1.02e+02,2.14e+02,1.90e+01,1.80e+01
1.27e+02,4.37e+02,2.50e+01,2.00e+01
1.69e+02,3.91e+02,2.20e+01,1.90e+01
1.65e+02,5.98e+02,1.90e+01,1.80e+01
1.84e+02,5.60e+02,2.10e+01,1.80e+01
8.13e+01,1.59e+02,1.90e+01,1.80e+01
1.72e+02,5.28e+02,2.50e+01,2.00e+01
1.16e+02,3.07e+02,2.00e+01,1.80e+01
1.29e+02,3.17e+02,2.20e+01,2.00e+01
-5.55e+01,-2.90e+01,2.00e+01,1.80e+01
2.05e+02,8.55e+02,2.40e+01,2.00e+01
2.22e+02,9.00e+02,1.90e+01,1.80e+01
8.19e+01,1.66e+02,2.50e+01,2.00e+01
1.20e+02,3.88e+02,1.90e+01,1.80e+01
1.62e+02,4.58e+02,2.00e+01,1.80e+01
1.54e+02,5.66e+02,1.90e+01,1.80e+01
1.41e+02,4.85e+02,1.90e+01,1.80e+01
1.55e+02,5.42e+02,1.90e+01,1.80e+01
1.04e+02,3.08e+02,1.90e+01,1.80e+01
2.20e+02,8.89e+02,2.00e+01,1.80e+01
1.60e+02,5.40e+02,1.90e+01,1.80e+01
1.14e+02,3.46e+02,2.00e+01,1.80e+01
1.95e+02,7.74e+02,2.40e+01,2.00e+01
1.50e+02,3.85e+02,2.10e+01,1.80e+01
1.39e+02,2.50e+02,2.00e+01,1.90e+01
1.95e+02,6.23e+02,1.90e+01,1.80e+01
1.79e+02,6.91e+02,2.00e+01,1.80e+01
1.33e+02,5.60e+02,2.00e+01,1.90e+01
1.05e+02,2.67e+02,2.60e+01,2.10e+01
1.82e+02,6.69e+02,1.90e+01,1.80e+01
1.68e+02,6.47e+02,1.90e+01,1.80e+01
1.22e+02,3.68e+02,1.90e+01,1.80e+01
1.91e+02,7.90e+02,2.00e+01,1.80e+01
1.73e+02,5.70e+02,1.90e+01,1.80e+01
1.57e+02,5.43e+02,1.90e+01,1.80e+01
7.96e+01,1.45e+02,2.00e+01,1.80e+01
1.35e+02,4.70e+02,1.90e+01,1.80e+01
1.34e+02,2.78e+02,2.00e+01,1.80e+01
1.39e+02,4.36e+02,1.90e+01,1.80e+01
1.48e+02,4.73e+02,1.90e+01,1.80e+01
1.18e+02,3.03e+02,1.90e+01,1.80e+01
7.44e+01,1.48e+02,2.50e+01,2.00e+01
1.54e+02,4.72e+02,2.00e+01,1.80e+01
1.83e+02,7.22e+02,2.50e+01,2.00e+01
1.87e+02,4.93e+02,1.90e+01,1.80e+01
2.67e+02,9.10e+02,2.50e+01,2.00e+01
2.14e+02,7.82e+02,2.50e+01,2.00e+01
2.08e+02,7.46e+02,1.90e+01,1.80e+01
1.73e+02,4.50e+02,1.90e+01,1.80e+01
1.23e+02,2.64e+02,1.90e+01,1.80e+01
1.33e+02,4.50e+02,2.00e+01,1.80e+01
1.40e+02,4.42e+02,2.40e+01,2.00e+01
1.55e+02,5.85e+02,1.90e+01,1.80e+01
1.22e+02,3.20e+02,1.90e+01,1.80e+01
3.00e+01,8.09e+01,1.90e+01,1.80e+01
1.78e+02,7.40e+02,1.90e+01,1.80e+01
7.72e+01,2.13e+02,1.90e+01,1.80e+01
1.08e+02,3.23e+02,1.90e+01,1.80e+01
1.57e+02,4.92e+02,1.90e+01,1.80e+01
1.87e+02,5.65e+02,1.90e+01,1.80e+01
1.23e+02,4.21e+02,1.90e+01,1.80e+01
2.05e+02,7.55e+02,2.40e+01,2.00e+01
1.86e+02,7.29e+02,2.00e+01,1.80e+01
1.66e+02,5.84e+02,2.10e+01,1.90e+01
8.37e+01,6.97e+02,1.90e+01,1.80e+01
8.93e+01,1.86e+02,1.90e+01,1.80e+01
1.71e+02,5.41e+02,2.50e+01,2.00e+01
1.60e+02,5.46e+02,1.90e+01,1.80e+01
1.80e+02,8.36e+02,1.90e+01,1.80e+01
1.86e+02,5.96e+02,1.90e+01,1.80e+01
7.67e+01,2.21e+02,2.50e+01,2.00e+01
9.37e+01,2.08e+02,1.90e+01,1.80e+01
