-2.86e+02,-7.65e+01,1.40e+01,1.00e+01
-2.65e+02,-8.65e+01,1.40e+01,1.00e+01
-2.75e+02,-9.61e+01,1.40e+01,1.00e+01
-2.84e+02,-8.13e+01,1.40e+01,1.00e+01
-2.89e+02,-9.04e+01,1.40e+01,1.00e+01
-2.67e+02,-1.08e+02,1.40e+01,1.00e+01
-2.85e+02,-7.22e+01,1.40e+01,1.00e+01
-2.74e+02,-8.91e+01,1.50e+01,1.00e+01
-2.82e+02,-8.23e+01,1.40e+01,1.00e+01
-2.87e+02,-8.63e+01,1.40e+01,1.00e+01
-2.72e+02,-6.63e+01,1.40e+01,1.00e+01
-2.58e+02,-9.06e+01,1.40e+01,1.00e+01
-2.76e+02,-7.43e+01,1.40e+01,1.00e+01
-2.61e+02,-8.48e+01,1.40e+01,1.00e+01
-2.72e+02,-8.70e+01,1.50e+01,1.10e+01
-3.01e+02,-8.33e+01,1.40e+01,1.00e+01
-2.60e+02,-7.34e+01,1.40e+01,1.00e+01
-2.78e+02,-6.65e+01,1.40e+01,1.00e+01
-2.67e+02,-7.65e+01,1.40e+01,1.00e+01
-2.62e+02,-7.44e+01,1.40e+01,1.00e+01
-2.58e+02,-8.43e+01,1.40e+01,1.00e+01
-2.59e+02,-6.65e+01,1.40e+01,1.00e+01
-2.55e+02,-8.72e+01,1.40e+01,1.00e+01
-2.99e+02,-9.94e+01,1.40e+01,1.00e+01
-2.84e+02,-8.94e+01,1.40e+01,1.00e+01
-2.77e+02,-6.87e+01,1.40e+01,1.00e+01
-2.87e+02,-1.03e+02,1.40e+01,1.00e+01
-3.05e+02,-7.14e+01,1.40e+01,1.00e+01
-3.25e+02,-7.17e+01,1.40e+01,1.00e+01
-4.35e+02,-1.11e+02,1.50e+01,1.10e+01
-3.71e+02,-1.13e+02,1.50e+01,1.10e+01
-3.09e+02,-1.46e+02,1.50e+01,1.10e+01
-2.76e+02,-8.46e+01,1.50e+01,1.10e+01
-2.69e+02,-1.07e+02,1.40e+01,1.00e+01
-2.69e+02,-8.34e+01,1.40e+01,1.00e+01
-2.71e+02,-7.66e+01,1.40e+01,1.00e+01
-2.59e+02,-7.61e+01,1.40e+01,1.00e+01
-2.82e+02,-9.06e+01,1.40e+01,1.00e+01
-3.91e+02,-1.47e+02,1.50e+01,1.00e+01
-2.94e+02,-1.22e+02,1.40e+01,1.00e+01
-2.66e+02,-6.94e+01,1.40e+01,1.00e+01
-2.89e+02,-8.12e+01,1.40e+01,1.00e+01
-2.81e+02,-8.99e+01,1.40e+01,1.00e+01
-2.76e+02,-1.02e+02,1.40e+01,1.00e+01
-5.00e+02,-5.00e+02,1.40e+01,1.00e+01
-2.62e+02,-6.71e+01,1.40e+01,1.00e+01
-3.53e+02,-7.81e+01,1.40e+01,1.00e+01
-4.65e+02,-2.89e+02,1.40e+01,1.00e+01
-4.19e+02,-3.04e+02,1.40e+01,1.00e+01
-2.81e+02,-9.19e+01,1.40e+01,1.00e+01
-2.80e+02,-1.02e+02,1.40e+01,1.00e+01
-2.70e+02,-8.49e+01,1.40e+01,1.00e+01
-2.73e+02,-1.04e+02,1.40e+01,1.00e+01
-4.62e+02,-2.71e+02,1.40e+01,1.00e+01
-2.75e+02,-7.50e+01,1.40e+01,1.00e+01
-3.66e+02,-2.06e+02,1.40e+01,1.00e+01
-2.63e+02,-8.23e+01,1.40e+01,1.00e+01
-2.90e+02,-9.85e+01,1.40e+01,1.00e+01
-2.79e+02,-8.21e+01,1.40e+01,1.00e+01
-2.71e+02,-7.69e+01,1.40e+01,1.00e+01
-2.81e+02,-1.03e+02,1.40e+01,1.00e+01
-3.82e+02,-2.23e+02,1.40e+01,1.00e+01
-3.91e+02,-1.83e+02,1.50e+01,1.10e+01
-2.95e+02,-9.30e+01,1.40e+01,1.00e+01
-2.69e+02,-7.17e+01,1.40e+01,1.00e+01
-4.57e+02,-2.43e+02,1.40e+01,1.00e+01
-3.53e+02,-1.44e+02,1.40e+01,1.00e+01
-2.93e+02,-8.15e+01,1.40e+01,1.00e+01
-2.54e+02,-7.59e+01,1.50e+01,1.10e+01
-3.00e+02,-7.90e+01,1.40e+01,1.00e+01
-3.77e+02,-6.90e+01,1.40e+01,1.00e+01
-2.66e+02,-8.27e+01,1.40e+01,1.00e+01
-2.63e+02,-7.41e+01,1.50e+01,1.10e+01
-3.28e+02,-1.53e+02,1.50e+01,1.10e+01
-2.64e+02,-9.87e+01,1.40e+01,1.00e+01
-2.71e+02,-8.96e+01,1.40e+01,1.00e+01
-3.79e+02,-2.68e+02,1.40e+01,1.00e+01
-2.59e+02,-9.85e+01,1.40e+01,1.00e+01
-2.82e+02,-7.37e+01,1.40e+01,1.00e+01
-2.74e+02,-9.63e+01,1.40e+01,1.00e+01
-2.76e+02,-7.18e+01,1.40e+01,1.00e+01
-3.19e+02,-8.14e+01,1.40e+01,1.00e+01
-2.72e+02,-8.03e+01,1.40e+01,1.00e+01
-5.00e+02,-5.00e+02,1.40e+01,1.00e+01
-4.35e+02,-2.16e+02,1.40e+01,1.00e+01
-3.77e+02,-1.47e+02,1.50e+01,1.10e+01
-2.68e+02,-8.63e+01,1.40e+01,1.00e+01
-2.82e+02,-1.02e+02,1.40e+01,1.00e+01
-2.90e+02,-8.41e+01,1.50e+01,1.00e+01
-2.72e+02,-9.52e+01,1.40e+01,1.00e+01
-2.71e+02,-8.66e+01,1.40e+01,1.00e+01
-4.38e+02,-1.31e+02,1.50e+01,1.10e+01
-2.70e+02,-7.09e+01,1.40e+01,1.00e+01
-2.63e+02,-7.08e+01,1.40e+01,1.00e+01
-2.61e+02,-9.24e+01,1.40e+01,1.00e+01
-2.62e+02,-1.08e+02,1.40e+01,1.00e+01
