-2.15e+02,-9.42e+01,1.10e+01,1.10e+01
-2.10e+02,-8.76e+01,1.20e+01,1.10e+01
-2.07e+02,-8.51e+01,1.20e+01,1.10e+01
-2.10e+02,-7.55e+01,1.30e+01,1.10e+01
-2.04e+02,-8.52e+01,1.20e+01,1.10e+01
-2.01e+02,-8.06e+01,1.20e+01,1.10e+01
-2.08e+02,-8.34e+01,1.30e+01,1.10e+01
-2.04e+02,-8.92e+01,1.20e+01,1.10e+01
-2.12e+02,-7.51e+01,1.30e+01,1.10e+01
-2.17e+02,-8.78e+01,1.20e+01,1.10e+01
-2.07e+02,-8.03e+01,1.30e+01,1.10e+01
-2.00e+02,-6.80e+01,1.20e+01,1.10e+01
-2.09e+02,-7.58e+01,1.30e+01,1.10e+01
-2.15e+02,-6.26e+01,1.20e+01,1.10e+01
-2.09e+02,-1.01e+02,1.30e+01,1.10e+01
-2.09e+02,-6.61e+01,1.20e+01,1.10e+01
-3.21e+02,-8.44e+01,1.40e+01,1.10e+01
-4.03e+02,-1.42e+02,1.20e+01,1.10e+01
-2.13e+02,-6.18e+01,1.20e+01,1.10e+01
-2.39e+02,-9.57e+01,1.30e+01,1.10e+01
-5.00e+02,-5.00e+02,1.10e+01,1.10e+01
-5.00e+02,-5.00e+02,1.30e+01,1.10e+01
-3.52e+02,-8.79e+01,1.30e+01,1.10e+01
-2.44e+02,-8.95e+01,1.30e+01,1.10e+01
-2.10e+02,-7.39e+01,1.20e+01,1.10e+01
-2.30e+02,-7.42e+01,1.30e+01,1.10e+01
-5.00e+02,-4.99e+02,1.20e+01,1.10e+01
-2.29e+02,-6.99e+01,1.30e+01,1.10e+01
-4.54e+02,-2.24e+02,1.20e+01,1.10e+01
-3.28e+02,-8.81e+01,1.20e+01,1.10e+01
-4.56e+02,-2.34e+02,1.20e+01,1.10e+01
-3.35e+02,-7.85e+01,1.30e+01,1.10e+01
-2.13e+02,-1.02e+02,1.20e+01,1.10e+01
-2.28e+02,-8.58e+01,1.20e+01,1.10e+01
-2.10e+02,-8.04e+01,1.10e+01,1.10e+01
-2.21e+02,-9.13e+01,1.10e+01,1.10e+01
-2.23e+02,-7.10e+01,1.20e+01,1.10e+01
-2.16e+02,-1.05e+02,1.30e+01,1.10e+01
-2.02e+02,-8.80e+01,1.30e+01,1.10e+01
-2.73e+02,-1.21e+02,1.30e+01,1.10e+01
-3.93e+02,-8.98e+01,1.30e+01,1.10e+01
-2.18e+02,-1.09e+02,1.30e+01,1.10e+01
-3.84e+02,-8.28e+01,1.20e+01,1.10e+01
-2.25e+02,-8.79e+01,1.40e+01,1.20e+01
-3.92e+02,-1.07e+02,1.30e+01,1.10e+01
-2.68e+02,-1.11e+02,1.30e+01,1.10e+01
-2.19e+02,-7.57e+01,1.30e+01,1.10e+01
-2.28e+02,-9.16e+01,1.30e+01,1.10e+01
-3.76e+02,-1.08e+02,1.30e+01,1.10e+01
-2.59e+02,-9.34e+01,1.20e+01,1.10e+01
-2.20e+02,-1.04e+02,1.30e+01,1.10e+01
-3.96e+02,-1.05e+02,1.30e+01,1.10e+01
-3.83e+02,-1.15e+02,1.30e+01,1.10e+01
-4.69e+02,-3.15e+02,1.30e+01,1.10e+01
-2.32e+02,-7.76e+01,1.30e+01,1.10e+01
-5.00e+02,-5.00e+02,1.30e+01,1.10e+01
-2.77e+02,-1.39e+02,1.10e+01,1.10e+01
-3.40e+02,-1.07e+02,1.30e+01,1.10e+01
-2.18e+02,-8.02e+01,1.10e+01,1.10e+01
-2.21e+02,-7.72e+01,1.20e+01,1.10e+01
-2.14e+02,-7.98e+01,1.10e+01,1.10e+01
-2.19e+02,-9.80e+01,1.30e+01,1.10e+01
-2.18e+02,-8.55e+01,1.20e+01,1.10e+01
-2.19e+02,-7.60e+01,1.20e+01,1.10e+01
-2.10e+02,-7.95e+01,1.20e+01,1.10e+01
-3.30e+02,-9.89e+01,1.30e+01,1.10e+01
-3.61e+02,-8.49e+01,1.20e+01,1.10e+01
-2.41e+02,-1.02e+02,1.30e+01,1.10e+01
-3.30e+02,-9.30e+01,1.40e+01,1.10e+01
-4.99e+02,-4.95e+02,1.30e+01,1.20e+01
-4.52e+02,-2.12e+02,1.30e+01,1.10e+01
-3.76e+02,-9.75e+01,1.40e+01,1.10e+01
-4.00e+02,-7.36e+01,1.20e+01,1.10e+01
-2.58e+02,-8.70e+01,1.30e+01,1.10e+01
-3.24e+02,-9.34e+01,1.30e+01,1.10e+01
-5.00e+02,-5.00e+02,1.10e+01,1.10e+01
-2.17e+02,-7.59e+01,1.20e+01,1.10e+01
-3.84e+02,-9.16e+01,1.20e+01,1.10e+01
-5.00e+02,-5.00e+02,1.30e+01,1.10e+01
-2.65e+02,-8.12e+01,1.10e+01,1.10e+01
-3.02e+02,-1.60e+02,1.30e+01,1.10e+01
-3.91e+02,-2.01e+02,1.30e+01,1.10e+01
-4.32e+02,-1.67e+02,1.30e+01,1.20e+01
-3.31e+02,-9.50e+01,1.40e+01,1.10e+01
-2.38e+02,-7.72e+01,1.10e+01,1.10e+01
-2.57e+02,-1.07e+02,1.10e+01,1.10e+01
-4.99e+02,-4.95e+02,1.20e+01,1.10e+01
-3.59e+02,-8.77e+01,1.40e+01,1.10e+01
-4.99e+02,-4.93e+02,1.20e+01,1.10e+01
-2.74e+02,-1.25e+02,1.30e+01,1.20e+01
-3.35e+02,-1.15e+02,1.40e+01,1.10e+01
-2.70e+02,-1.18e+02,1.40e+01,1.20e+01
-2.18e+02,-7.59e+01,1.20e+01,1.10e+01
-2.80e+02,-1.15e+02,1.20e+01,1.10e+01
-2.76e+02,-8.23e+01,1.20e+01,1.10e+01
-2.31e+02,-6.84e+01,1.20e+01,1.10e+01
-2.26e+02,-8.69e+01,1.20e+01,1.10e+01
-2.47e+02,-8.63e+01,1.10e+01,1.10e+01
-2.11e+02,-7.31e+01,1.20e+01,1.10e+01
-2.01e+02,-8.17e+01,1.20e+01,1.10e+01
-3.36e+02,-9.33e+01,1.30e+01,1.10e+01
-2.33e+02,-7.68e+01,1.20e+01,1.10e+01
-4.99e+02,-4.93e+02,1.10e+01,1.10e+01
-2.13e+02,-7.39e+01,1.20e+01,1.10e+01
-2.09e+02,-1.04e+02,1.40e+01,1.10e+01
-2.07e+02,-8.69e+01,1.10e+01,1.10e+01
-3.34e+02,-1.21e+02,1.30e+01,1.10e+01
-2.34e+02,-7.27e+01,1.20e+01,1.10e+01
-3.97e+02,-1.08e+02,1.40e+01,1.10e+01
-2.28e+02,-8.83e+01,1.20e+01,1.10e+01
-1.98e+02,-9.00e+01,1.20e+01,1.10e+01
-2.25e+02,-6.93e+01,1.40e+01,1.20e+01
-2.22e+02,-8.16e+01,1.30e+01,1.10e+01
-4.60e+02,-2.64e+02,1.30e+01,1.10e+01
-2.03e+02,-7.04e+01,1.20e+01,1.10e+01
-2.11e+02,-9.84e+01,1.40e+01,1.10e+01
-3.95e+02,-9.51e+01,1.20e+01,1.10e+01
-2.13e+02,-7.51e+01,1.20e+01,1.10e+01
-2.19e+02,-6.36e+01,1.30e+01,1.10e+01
-5.00e+02,-5.00e+02,1.30e+01,1.10e+01
-5.00e+02,-5.00e+02,1.40e+01,1.10e+01
-2.44e+02,-7.34e+01,1.20e+01,1.10e+01
-2.28e+02,-8.32e+01,1.20e+01,1.10e+01
-2.26e+02,-8.11e+01,1.20e+01,1.10e+01
-2.13e+02,-8.45e+01,1.30e+01,1.10e+01
-2.16e+02,-8.44e+01,1.20e+01,1.10e+01
-5.00e+02,-5.00e+02,1.10e+01,1.10e+01
-2.41e+02,-9.82e+01,1.20e+01,1.10e+01
-5.00e+02,-5.00e+02,1.20e+01,1.10e+01
-5.00e+02,-5.00e+02,1.40e+01,1.10e+01
-2.20e+02,-8.08e+01,1.40e+01,1.10e+01
-5.00e+02,-5.00e+02,1.30e+01,1.10e+01
-2.25e+02,-1.04e+02,1.30e+01,1.10e+01
-4.53e+02,-2.21e+02,1.20e+01,1.10e+01
-2.07e+02,-8.41e+01,1.30e+01,1.10e+01
-2.38e+02,-8.13e+01,1.20e+01,1.10e+01
-2.48e+02,-8.25e+01,1.10e+01,1.10e+01
-3.50e+02,-8.52e+01,1.40e+01,1.10e+01
-5.00e+02,-5.00e+02,1.20e+01,1.10e+01
-2.37e+02,-9.51e+01,1.30e+01,1.20e+01
-3.95e+02,-1.02e+02,1.40e+01,1.10e+01
-2.12e+02,-7.31e+01,1.20e+01,1.10e+01
-5.00e+02,-5.00e+02,1.30e+01,1.10e+01
-2.11e+02,-1.00e+02,1.30e+01,1.20e+01
-2.38e+02,-8.80e+01,1.20e+01,1.10e+01
-2.12e+02,-7.97e+01,1.10e+01,1.10e+01
-5.00e+02,-5.00e+02,1.20e+01,1.10e+01
-2.80e+02,-1.01e+02,1.20e+01,1.10e+01
-2.70e+02,-1.22e+02,1.20e+01,1.20e+01
-5.00e+02,-5.00e+02,1.10e+01,1.10e+01
-3.79e+02,-1.07e+02,1.30e+01,1.10e+01
-5.00e+02,-5.00e+02,1.40e+01,1.10e+01
-5.00e+02,-5.00e+02,1.10e+01,1.10e+01
-3.85e+02,-1.14e+02,1.30e+01,1.10e+01
-3.42e+02,-1.21e+02,1.30e+01,1.10e+01
-4.91e+02,-4.83e+02,1.20e+01,1.10e+01
-5.00e+02,-5.00e+02,1.20e+01,1.10e+01
-2.54e+02,-8.11e+01,1.10e+01,1.10e+01
-2.19e+02,-9.26e+01,1.30e+01,1.10e+01
-2.13e+02,-7.39e+01,1.30e+01,1.10e+01
-2.13e+02,-8.00e+01,1.10e+01,1.10e+01
-3.62e+02,-1.85e+02,1.20e+01,1.20e+01
-4.54e+02,-2.26e+02,1.20e+01,1.10e+01
-2.05e+02,-9.50e+01,1.30e+01,1.10e+01
-2.11e+02,-7.33e+01,1.20e+01,1.10e+01
-2.14e+02,-6.94e+01,1.20e+01,1.10e+01
-3.31e+02,-1.65e+02,1.40e+01,1.10e+01
-2.26e+02,-6.79e+01,1.20e+01,1.10e+01
-3.28e+02,-9.46e+01,1.30e+01,1.10e+01
-5.00e+02,-5.00e+02,1.20e+01,1.10e+01
-2.14e+02,-6.76e+01,1.20e+01,1.10e+01
-2.10e+02,-8.08e+01,1.40e+01,1.10e+01
-3.27e+02,-1.07e+02,1.30e+01,1.10e+01
-5.00e+02,-5.00e+02,1.10e+01,1.10e+01
-2.50e+02,-8.71e+01,1.20e+01,1.10e+01
-5.00e+02,-5.00e+02,1.20e+01,1.10e+01
-3.98e+02,-1.15e+02,1.30e+01,1.10e+01
-5.00e+02,-5.00e+02,1.20e+01,1.10e+01
-3.89e+02,-1.03e+02,1.30e+01,1.10e+01
-2.81e+02,-6.89e+01,1.10e+01,1.10e+01
-3.82e+02,-1.12e+02,1.40e+01,1.10e+01
-3.38e+02,-1.19e+02,1.30e+01,1.10e+01
-2.00e+02,-8.69e+01,1.20e+01,1.10e+01
-2.10e+02,-8.28e+01,1.20e+01,1.10e+01
-2.30e+02,-8.54e+01,1.20e+01,1.10e+01
-3.86e+02,-1.20e+02,1.30e+01,1.10e+01
-2.10e+02,-9.23e+01,1.20e+01,1.10e+01
-2.37e+02,-8.05e+01,1.10e+01,1.10e+01
-2.06e+02,-7.13e+01,1.20e+01,1.10e+01
-3.85e+02,-9.24e+01,1.20e+01,1.10e+01
-3.94e+02,-8.53e+01,1.30e+01,1.10e+01
-4.50e+02,-1.98e+02,1.30e+01,1.10e+01
