-1.81e+02,-6.08e+01,2.60e+01,1.50e+01
-1.95e+02,-7.82e+01,2.60e+01,1.50e+01
-1.93e+02,-7.28e+01,2.60e+01,1.50e+01
-1.99e+02,-8.73e+01,2.80e+01,1.50e+01
-1.98e+02,-6.98e+01,2.70e+01,1.50e+01
-1.95e+02,-8.59e+01,2.60e+01,1.50e+01
-1.84e+02,-6.73e+01,2.70e+01,1.50e+01
-2.02e+02,-8.11e+01,2.60e+01,1.50e+01
-2.01e+02,-6.64e+01,2.70e+01,1.50e+01
-1.98e+02,-7.95e+01,2.60e+01,1.50e+01
-1.91e+02,-7.35e+01,3.10e+01,1.60e+01
-1.96e+02,-6.42e+01,2.70e+01,1.50e+01
-1.88e+02,-6.68e+01,2.60e+01,1.50e+01
-2.05e+02,-5.95e+01,2.70e+01,1.50e+01
-2.01e+02,-6.83e+01,2.60e+01,1.50e+01
-1.97e+02,-7.36e+01,2.80e+01,1.50e+01
-2.40e+02,-7.32e+01,2.60e+01,1.50e+01
-3.27e+02,-1.09e+02,2.90e+01,1.50e+01
-1.84e+02,-7.29e+01,2.70e+01,1.50e+01
-1.96e+02,-7.54e+01,2.80e+01,1.50e+01
-2.01e+02,-6.26e+01,2.60e+01,1.50e+01
-1.89e+02,-6.34e+01,2.70e+01,1.50e+01
-2.01e+02,-8.44e+01,2.90e+01,1.50e+01
-2.12e+02,-8.49e+01,2.70e+01,1.50e+01
-5.00e+02,-5.00e+02,2.60e+01,1.50e+01
-1.95e+02,-8.02e+01,2.60e+01,1.50e+01
-5.00e+02,-5.00e+02,2.70e+01,1.50e+01
-1.89e+02,-7.42e+01,2.60e+01,1.50e+01
-2.51e+02,-1.05e+02,2.70e+01,1.50e+01
-2.15e+02,-8.63e+01,2.70e+01,1.50e+01
-3.23e+02,-9.10e+01,2.80e+01,1.50e+01
-1.88e+02,-7.25e+01,2.70e+01,1.50e+01
-2.12e+02,-7.14e+01,2.80e+01,1.50e+01
-3.81e+02,-8.34e+01,2.70e+01,1.50e+01
-2.97e+02,-8.89e+01,2.70e+01,1.50e+01
-1.98e+02,-9.94e+01,2.70e+01,1.50e+01
-2.24e+02,-6.47e+01,2.60e+01,1.50e+01
-1.88e+02,-8.26e+01,2.90e+01,1.50e+01
-2.37e+02,-6.98e+01,2.60e+01,1.50e+01
-2.58e+02,-9.13e+01,2.60e+01,1.50e+01
-1.92e+02,-5.87e+01,2.80e+01,1.60e+01
-2.13e+02,-8.91e+01,2.60e+01,1.50e+01
-5.00e+02,-5.00e+02,2.60e+01,1.50e+01
-1.94e+02,-6.38e+01,2.80e+01,1.50e+01
-2.00e+02,-6.73e+01,2.70e+01,1.50e+01
-2.28e+02,-7.40e+01,2.60e+01,1.50e+01
-2.46e+02,-9.79e+01,2.60e+01,1.50e+01
-2.15e+02,-8.42e+01,2.60e+01,1.50e+01
-2.22e+02,-8.06e+01,2.70e+01,1.50e+01
-1.93e+02,-6.64e+01,2.60e+01,1.50e+01
-1.93e+02,-6.97e+01,2.60e+01,1.50e+01
-2.47e+02,-1.07e+02,2.70e+01,1.50e+01
-3.81e+02,-8.61e+01,2.70e+01,1.50e+01
-2.22e+02,-6.07e+01,2.60e+01,1.50e+01
-2.20e+02,-8.56e+01,2.70e+01,1.50e+01
-1.93e+02,-6.40e+01,2.60e+01,1.50e+01
-2.63e+02,-1.25e+02,2.60e+01,1.50e+01
-5.00e+02,-5.00e+02,2.70e+01,1.50e+01
-5.00e+02,-5.00e+02,2.80e+01,1.50e+01
-5.00e+02,-5.00e+02,2.70e+01,1.50e+01
-2.00e+02,-8.16e+01,2.80e+01,1.50e+01
-1.98e+02,-7.00e+01,2.60e+01,1.50e+01
-1.94e+02,-6.50e+01,2.70e+01,1.50e+01
-2.02e+02,-8.47e+01,2.60e+01,1.50e+01
-1.96e+02,-7.00e+01,2.60e+01,1.50e+01
-5.00e+02,-5.00e+02,2.60e+01,1.50e+01
-1.87e+02,-6.35e+01,2.70e+01,1.50e+01
-1.95e+02,-7.56e+01,2.70e+01,1.50e+01
-3.79e+02,-2.06e+02,2.70e+01,1.50e+01
-1.87e+02,-6.35e+01,2.80e+01,1.50e+01
-5.00e+02,-5.00e+02,2.60e+01,1.50e+01
-2.24e+02,-5.45e+01,3.10e+01,1.60e+01
-2.19e+02,-6.70e+01,2.60e+01,1.50e+01
-1.90e+02,-7.98e+01,2.60e+01,1.50e+01
-3.87e+02,-1.05e+02,2.70e+01,1.50e+01
-1.92e+02,-7.01e+01,2.80e+01,1.50e+01
-2.41e+02,-8.98e+01,2.60e+01,1.50e+01
-2.21e+02,-8.22e+01,2.90e+01,1.50e+01
-2.78e+02,-1.15e+02,2.80e+01,1.50e+01
-2.26e+02,-7.85e+01,2.60e+01,1.50e+01
-3.86e+02,-1.87e+02,2.80e+01,1.50e+01
-1.96e+02,-6.25e+01,2.70e+01,1.50e+01
-2.05e+02,-8.19e+01,2.60e+01,1.50e+01
-1.94e+02,-5.87e+01,2.70e+01,1.50e+01
-1.97e+02,-7.59e+01,2.70e+01,1.50e+01
-1.96e+02,-6.90e+01,2.60e+01,1.50e+01
-2.58e+02,-7.98e+01,2.60e+01,1.50e+01
-2.05e+02,-7.65e+01,2.60e+01,1.50e+01
-2.24e+02,-7.05e+01,2.60e+01,1.50e+01
-1.95e+02,-6.44e+01,2.70e+01,1.50e+01
-1.89e+02,-6.92e+01,2.70e+01,1.50e+01
-2.30e+02,-7.01e+01,2.60e+01,1.50e+01
-3.91e+02,-1.30e+02,2.70e+01,1.50e+01
-2.41e+02,-9.18e+01,2.60e+01,1.50e+01
-3.83e+02,-8.35e+01,2.70e+01,1.50e+01
-3.90e+02,-1.18e+02,2.80e+01,1.50e+01
-2.16e+02,-6.87e+01,2.60e+01,1.50e+01
-2.12e+02,-7.14e+01,2.60e+01,1.50e+01
-1.91e+02,-5.74e+01,2.70e+01,1.50e+01
-2.20e+02,-5.50e+01,2.70e+01,1.50e+01
-1.96e+02,-6.23e+01,2.60e+01,1.50e+01
-2.28e+02,-7.00e+01,2.70e+01,1.50e+01
-1.97e+02,-6.71e+01,2.90e+01,1.50e+01
-4.78e+02,-3.71e+02,2.60e+01,1.50e+01
-2.25e+02,-6.25e+01,2.60e+01,1.50e+01
-4.97e+02,-4.86e+02,2.70e+01,1.60e+01
-3.74e+02,-1.96e+02,2.70e+01,1.50e+01
-2.01e+02,-7.98e+01,2.70e+01,1.60e+01
-5.00e+02,-4.99e+02,3.20e+01,1.60e+01
-5.00e+02,-5.00e+02,2.70e+01,1.50e+01
-4.96e+02,-4.80e+02,2.70e+01,1.60e+01
-1.96e+02,-6.53e+01,2.60e+01,1.50e+01
-2.89e+02,-5.97e+01,2.60e+01,1.50e+01
-2.10e+02,-6.58e+01,2.60e+01,1.50e+01
-1.91e+02,-8.05e+01,2.60e+01,1.50e+01
-2.19e+02,-6.63e+01,2.70e+01,1.50e+01
-2.26e+02,-6.67e+01,3.10e+01,1.60e+01
-2.01e+02,-7.07e+01,2.80e+01,1.50e+01
-3.33e+02,-2.03e+02,2.70e+01,1.60e+01
-3.78e+02,-8.05e+01,2.70e+01,1.50e+01
-5.00e+02,-5.00e+02,2.60e+01,1.50e+01
-4.54e+02,-2.25e+02,3.20e+01,1.60e+01
-5.00e+02,-5.00e+02,2.60e+01,1.50e+01
-2.01e+02,-7.34e+01,2.70e+01,1.50e+01
-3.75e+02,-1.91e+02,2.90e+01,1.50e+01
-5.00e+02,-5.00e+02,2.60e+01,1.50e+01
-5.00e+02,-5.00e+02,2.80e+01,1.50e+01
-2.00e+02,-6.54e+01,2.90e+01,1.50e+01
-3.91e+02,-1.33e+02,2.70e+01,1.50e+01
-2.45e+02,-8.44e+01,2.60e+01,1.50e+01
-2.01e+02,-6.68e+01,2.90e+01,1.50e+01
-2.57e+02,-8.88e+01,2.80e+01,1.50e+01
-2.11e+02,-5.88e+01,2.80e+01,1.50e+01
-1.99e+02,-6.96e+01,2.70e+01,1.50e+01
-2.10e+02,-7.56e+01,2.60e+01,1.50e+01
-2.29e+02,-6.85e+01,2.80e+01,1.50e+01
-2.39e+02,-7.68e+01,2.80e+01,1.50e+01
-2.05e+02,-6.16e+01,2.80e+01,1.50e+01
-1.88e+02,-6.35e+01,2.60e+01,1.50e+01
-2.68e+02,-7.11e+01,2.70e+01,1.50e+01
-3.26e+02,-9.70e+01,2.70e+01,1.50e+01
-4.54e+02,-2.26e+02,3.20e+01,1.60e+01
-2.14e+02,-8.40e+01,2.70e+01,1.50e+01
-2.04e+02,-8.24e+01,2.90e+01,1.50e+01
-2.13e+02,-6.00e+01,2.60e+01,1.50e+01
-1.95e+02,-6.34e+01,2.60e+01,1.50e+01
-3.86e+02,-1.14e+02,2.70e+01,1.50e+01
-1.85e+02,-6.69e+01,2.70e+01,1.50e+01
-2.43e+02,-8.07e+01,2.60e+01,1.50e+01
-1.98e+02,-8.76e+01,2.70e+01,1.50e+01
-3.71e+02,-1.85e+02,2.70e+01,1.50e+01
-2.46e+02,-9.19e+01,2.60e+01,1.50e+01
-2.04e+02,-6.31e+01,2.70e+01,1.50e+01
-2.00e+02,-7.21e+01,2.60e+01,1.50e+01
-5.00e+02,-5.00e+02,2.60e+01,1.50e+01
-1.98e+02,-7.10e+01,2.80e+01,1.50e+01
-2.03e+02,-7.26e+01,2.60e+01,1.50e+01
-2.03e+02,-6.97e+01,2.60e+01,1.50e+01
-1.91e+02,-6.51e+01,2.70e+01,1.50e+01
-4.60e+02,-2.58e+02,2.70e+01,1.50e+01
-1.97e+02,-6.67e+01,2.70e+01,1.50e+01
-1.96e+02,-5.97e+01,2.70e+01,1.50e+01
-3.21e+02,-1.07e+02,2.70e+01,1.50e+01
-1.95e+02,-7.00e+01,2.90e+01,1.50e+01
-4.44e+02,-1.65e+02,2.70e+01,1.50e+01
-2.16e+02,-9.11e+01,2.60e+01,1.50e+01
-1.98e+02,-8.28e+01,2.60e+01,1.50e+01
-1.89e+02,-7.81e+01,2.70e+01,1.50e+01
-5.00e+02,-4.99e+02,2.60e+01,1.50e+01
-1.92e+02,-6.78e+01,2.70e+01,1.50e+01
-4.50e+02,-1.97e+02,2.90e+01,1.50e+01
-2.41e+02,-1.03e+02,2.70e+01,1.50e+01
-2.02e+02,-8.20e+01,2.60e+01,1.50e+01
-2.54e+02,-1.13e+02,2.80e+01,1.50e+01
-2.60e+02,-1.10e+02,2.60e+01,1.50e+01
-2.28e+02,-8.22e+01,2.60e+01,1.50e+01
-2.00e+02,-7.02e+01,2.70e+01,1.50e+01
-5.00e+02,-5.00e+02,2.60e+01,1.50e+01
-2.07e+02,-7.77e+01,2.60e+01,1.50e+01
-1.96e+02,-7.35e+01,2.90e+01,1.50e+01
-2.52e+02,-1.02e+02,2.60e+01,1.50e+01
-2.89e+02,-6.54e+01,2.60e+01,1.50e+01
-3.86e+02,-8.34e+01,2.80e+01,1.50e+01
-3.78e+02,-2.22e+02,2.70e+01,1.50e+01
-1.95e+02,-9.49e+01,2.70e+01,1.50e+01
-2.72e+02,-7.08e+01,2.60e+01,1.50e+01
-1.96e+02,-7.78e+01,2.60e+01,1.50e+01
-1.96e+02,-6.74e+01,2.80e+01,1.50e+01
-3.26e+02,-8.79e+01,2.80e+01,1.50e+01
-3.78e+02,-7.28e+01,2.70e+01,1.50e+01
-3.56e+02,-2.13e+02,2.90e+01,1.50e+01
-1.91e+02,-7.30e+01,2.70e+01,1.50e+01
