-1.62e+02,-5.79e+01,7.10e+01,2.10e+01
-1.58e+02,-6.43e+01,7.40e+01,2.10e+01
-1.72e+02,-5.86e+01,7.20e+01,2.10e+01
-1.53e+02,-6.42e+01,7.30e+01,2.10e+01
-1.68e+02,-6.62e+01,7.10e+01,2.10e+01
-1.59e+02,-6.54e+01,7.50e+01,2.10e+01
-1.54e+02,-5.90e+01,7.30e+01,2.10e+01
-1.62e+02,-7.21e+01,7.20e+01,2.10e+01
-1.59e+02,-6.17e+01,7.40e+01,2.10e+01
-1.61e+02,-5.67e+01,7.10e+01,2.10e+01
-1.64e+02,-5.67e+01,7.60e+01,2.10e+01
-1.55e+02,-6.49e+01,7.20e+01,2.10e+01
-1.67e+02,-7.01e+01,7.30e+01,2.10e+01
-1.57e+02,-5.98e+01,7.40e+01,2.10e+01
-1.70e+02,-6.92e+01,7.10e+01,2.10e+01
-1.58e+02,-7.15e+01,7.40e+01,2.10e+01
-5.00e+02,-5.00e+02,7.30e+01,2.10e+01
-1.73e+02,-6.43e+01,7.20e+01,2.10e+01
-1.60e+02,-5.56e+01,7.40e+01,2.10e+01
-5.00e+02,-5.00e+02,7.10e+01,2.10e+01
-1.57e+02,-5.77e+01,7.50e+01,2.10e+01
-2.62e+02,-8.23e+01,7.40e+01,2.10e+01
-2.02e+02,-7.30e+01,7.40e+01,2.10e+01
-1.67e+02,-6.18e+01,7.40e+01,2.10e+01
-3.72e+02,-9.99e+01,7.20e+01,2.10e+01
-5.00e+02,-5.00e+02,7.20e+01,2.10e+01
-1.62e+02,-5.75e+01,7.30e+01,2.10e+01
-1.81e+02,-7.16e+01,7.30e+01,2.10e+01
-2.91e+02,-6.62e+01,7.50e+01,2.10e+01
-1.70e+02,-6.03e+01,7.10e+01,2.10e+01
-1.65e+02,-7.24e+01,7.20e+01,2.10e+01
-1.68e+02,-5.84e+01,7.10e+01,2.10e+01
-3.97e+02,-2.04e+02,7.50e+01,2.10e+01
-1.73e+02,-6.40e+01,7.40e+01,2.10e+01
-1.63e+02,-6.64e+01,7.20e+01,2.10e+01
-4.81e+02,-3.88e+02,7.50e+01,2.10e+01
-1.63e+02,-6.25e+01,7.20e+01,2.10e+01
-4.38e+02,-1.29e+02,7.20e+01,2.10e+01
-1.70e+02,-7.56e+01,7.20e+01,2.10e+01
-1.66e+02,-5.56e+01,7.20e+01,2.10e+01
-1.63e+02,-5.73e+01,7.10e+01,2.10e+01
-1.67e+02,-6.15e+01,7.20e+01,2.10e+01
-3.69e+02,-1.03e+02,7.40e+01,2.10e+01
-4.28e+02,-2.30e+02,7.30e+01,2.10e+01
-1.69e+02,-7.24e+01,7.20e+01,2.10e+01
-1.61e+02,-5.75e+01,7.20e+01,2.10e+01
-5.00e+02,-4.99e+02,7.30e+01,2.10e+01
-5.00e+02,-5.00e+02,7.20e+01,2.10e+01
-1.84e+02,-5.66e+01,7.50e+01,2.10e+01
-1.57e+02,-7.82e+01,7.40e+01,2.10e+01
-3.62e+02,-7.09e+01,7.50e+01,2.10e+01
-3.82e+02,-1.09e+02,7.40e+01,2.10e+01
-4.28e+02,-1.74e+02,7.20e+01,2.10e+01
-1.58e+02,-6.78e+01,7.30e+01,2.10e+01
-1.62e+02,-6.01e+01,7.10e+01,2.10e+01
-2.55e+02,-1.16e+02,7.50e+01,2.10e+01
-1.62e+02,-6.21e+01,7.40e+01,2.10e+01
-2.07e+02,-7.97e+01,7.40e+01,2.10e+01
-1.67e+02,-6.25e+01,7.20e+01,2.10e+01
-1.92e+02,-7.66e+01,7.30e+01,2.10e+01
-1.69e+02,-5.80e+01,7.40e+01,2.10e+01
-5.00e+02,-5.00e+02,7.40e+01,2.10e+01
-1.83e+02,-6.26e+01,7.30e+01,2.10e+01
-1.55e+02,-5.14e+01,7.50e+01,2.10e+01
-5.00e+02,-5.00e+02,7.40e+01,2.10e+01
-1.57e+02,-6.08e+01,7.50e+01,2.10e+01
-1.54e+02,-4.97e+01,7.60e+01,2.10e+01
-1.60e+02,-7.08e+01,7.40e+01,2.10e+01
-5.00e+02,-5.00e+02,7.20e+01,2.10e+01
-1.68e+02,-6.30e+01,7.10e+01,2.10e+01
-2.03e+02,-6.38e+01,7.10e+01,2.10e+01
-5.00e+02,-5.00e+02,7.20e+01,2.10e+01
-1.60e+02,-5.68e+01,7.40e+01,2.10e+01
-1.67e+02,-6.26e+01,7.10e+01,2.10e+01
-2.58e+02,-1.03e+02,7.20e+01,2.10e+01
-1.67e+02,-5.52e+01,7.30e+01,2.10e+01
-1.56e+02,-6.69e+01,7.40e+01,2.10e+01
-1.76e+02,-7.23e+01,7.50e+01,2.10e+01
-1.77e+02,-6.42e+01,7.40e+01,2.10e+01
-1.61e+02,-5.97e+01,7.50e+01,2.10e+01
-5.00e+02,-5.00e+02,7.30e+01,2.10e+01
-5.00e+02,-5.00e+02,7.60e+01,2.10e+01
-3.34e+02,-6.70e+01,7.40e+01,2.10e+01
-1.57e+02,-6.93e+01,7.40e+01,2.10e+01
-1.77e+02,-6.32e+01,7.30e+01,2.10e+01
-2.07e+02,-7.43e+01,7.10e+01,2.10e+01
-2.20e+02,-7.68e+01,7.20e+01,2.10e+01
-1.64e+02,-7.09e+01,7.10e+01,2.10e+01
-1.63e+02,-6.11e+01,7.20e+01,2.20e+01
-1.69e+02,-7.00e+01,7.20e+01,2.10e+01
-2.26e+02,-7.06e+01,7.10e+01,2.10e+01
-3.50e+02,-1.94e+02,7.20e+01,2.10e+01
-1.62e+02,-6.63e+01,7.20e+01,2.10e+01
-1.87e+02,-6.54e+01,7.10e+01,2.10e+01
-1.96e+02,-7.73e+01,7.50e+01,2.10e+01
-1.57e+02,-5.54e+01,7.50e+01,2.10e+01
-5.00e+02,-5.00e+02,7.30e+01,2.10e+01
-2.19e+02,-7.38e+01,7.10e+01,2.10e+01
-1.64e+02,-7.12e+01,7.20e+01,2.10e+01
-1.73e+02,-6.73e+01,7.10e+01,2.10e+01
-1.61e+02,-7.05e+01,7.20e+01,2.10e+01
-2.50e+02,-9.35e+01,7.40e+01,2.10e+01
-5.00e+02,-5.00e+02,7.20e+01,2.10e+01
-1.60e+02,-6.08e+01,7.10e+01,2.10e+01
-2.32e+02,-7.34e+01,7.10e+01,2.10e+01
-3.00e+02,-7.85e+01,7.20e+01,2.10e+01
-3.87e+02,-2.52e+02,7.10e+01,2.10e+01
-1.60e+02,-5.51e+01,7.10e+01,2.10e+01
-2.46e+02,-9.09e+01,7.30e+01,2.10e+01
-1.85e+02,-7.63e+01,7.40e+01,2.10e+01
-1.65e+02,-6.77e+01,7.20e+01,2.20e+01
-3.69e+02,-7.64e+01,7.20e+01,2.10e+01
-1.59e+02,-5.91e+01,7.30e+01,2.10e+01
-1.55e+02,-6.42e+01,7.40e+01,2.10e+01
-1.69e+02,-6.37e+01,7.30e+01,2.10e+01
-5.00e+02,-5.00e+02,7.20e+01,2.10e+01
-2.75e+02,-1.10e+02,7.10e+01,2.10e+01
-1.56e+02,-5.75e+01,7.40e+01,2.10e+01
-1.67e+02,-7.01e+01,7.60e+01,2.10e+01
-1.58e+02,-5.95e+01,7.10e+01,2.10e+01
-4.03e+02,-1.65e+02,7.40e+01,2.10e+01
-1.60e+02,-6.17e+01,7.10e+01,2.10e+01
-1.70e+02,-7.64e+01,7.30e+01,2.20e+01
-1.98e+02,-8.74e+01,7.40e+01,2.10e+01
-2.62e+02,-1.01e+02,7.10e+01,2.10e+01
-2.67e+02,-1.18e+02,7.20e+01,2.10e+01
-1.58e+02,-6.06e+01,7.40e+01,2.10e+01
-4.35e+02,-1.10e+02,7.30e+01,2.10e+01
-1.59e+02,-5.60e+01,7.50e+01,2.10e+01
-1.59e+02,-6.51e+01,7.30e+01,2.10e+01
-1.55e+02,-5.36e+01,7.50e+01,2.20e+01
-1.64e+02,-6.25e+01,7.20e+01,2.10e+01
-4.91e+02,-4.68e+02,7.20e+01,2.10e+01
-1.65e+02,-6.18e+01,7.20e+01,2.10e+01
-1.62e+02,-6.15e+01,7.60e+01,2.10e+01
-1.63e+02,-6.08e+01,7.20e+01,2.10e+01
-2.10e+02,-1.08e+02,7.20e+01,2.10e+01
-1.76e+02,-6.11e+01,7.10e+01,2.10e+01
-3.72e+02,-9.29e+01,7.20e+01,2.10e+01
-1.63e+02,-6.53e+01,7.40e+01,2.10e+01
-4.62e+02,-2.75e+02,7.50e+01,2.20e+01
-1.58e+02,-6.59e+01,7.40e+01,2.10e+01
-1.86e+02,-8.69e+01,7.20e+01,2.10e+01
-4.43e+02,-1.60e+02,7.20e+01,2.10e+01
-2.61e+02,-1.13e+02,7.50e+01,2.10e+01
-1.82e+02,-6.46e+01,7.20e+01,2.10e+01
-1.67e+02,-6.52e+01,7.20e+01,2.10e+01
-3.64e+02,-7.99e+01,7.20e+01,2.10e+01
-1.66e+02,-5.45e+01,7.20e+01,2.10e+01
-1.62e+02,-6.63e+01,7.20e+01,2.10e+01
-1.70e+02,-6.74e+01,7.20e+01,2.10e+01
-1.72e+02,-5.28e+01,7.10e+01,2.10e+01
-1.63e+02,-6.35e+01,7.10e+01,2.10e+01
-2.25e+02,-7.64e+01,7.40e+01,2.10e+01
-1.61e+02,-6.97e+01,7.50e+01,2.10e+01
-5.00e+02,-5.00e+02,7.70e+01,2.10e+01
-5.00e+02,-5.00e+02,7.40e+01,2.10e+01
-1.58e+02,-5.47e+01,7.20e+01,2.10e+01
-1.66e+02,-6.03e+01,7.30e+01,2.20e+01
-2.66e+02,-1.13e+02,7.50e+01,2.10e+01
-1.92e+02,-8.21e+01,7.20e+01,2.10e+01
-3.48e+02,-1.72e+02,7.20e+01,2.10e+01
-2.01e+02,-8.27e+01,7.40e+01,2.10e+01
-4.34e+02,-3.01e+02,7.40e+01,2.10e+01
-3.67e+02,-7.62e+01,7.20e+01,2.10e+01
-1.69e+02,-7.47e+01,7.20e+01,2.10e+01
-4.09e+02,-2.35e+02,7.50e+01,2.10e+01
-1.64e+02,-5.69e+01,7.10e+01,2.10e+01
-1.63e+02,-7.38e+01,7.40e+01,2.10e+01
-3.45e+02,-1.77e+02,7.20e+01,2.10e+01
-1.69e+02,-6.99e+01,7.10e+01,2.10e+01
-1.57e+02,-5.72e+01,7.60e+01,2.10e+01
-1.66e+02,-6.00e+01,7.10e+01,2.10e+01
-5.00e+02,-5.00e+02,7.10e+01,2.10e+01
-1.70e+02,-6.01e+01,7.30e+01,2.10e+01
-1.70e+02,-5.92e+01,7.50e+01,2.20e+01
-1.69e+02,-7.61e+01,7.40e+01,2.10e+01
-4.34e+02,-1.03e+02,7.20e+01,2.10e+01
-1.63e+02,-6.70e+01,7.20e+01,2.10e+01
-1.81e+02,-5.80e+01,7.30e+01,2.10e+01
-1.65e+02,-6.02e+01,7.20e+01,2.10e+01
-1.68e+02,-6.37e+01,7.20e+01,2.10e+01
-2.92e+02,-7.62e+01,7.50e+01,2.10e+01
-4.35e+02,-1.09e+02,7.30e+01,2.10e+01
-3.65e+02,-7.24e+01,7.20e+01,2.10e+01
-5.00e+02,-5.00e+02,7.20e+01,2.10e+01
-1.96e+02,-6.46e+01,7.20e+01,2.10e+01
-1.68e+02,-6.50e+01,7.20e+01,2.10e+01
-1.68e+02,-6.85e+01,7.20e+01,2.10e+01
-3.96e+02,-2.42e+02,7.50e+01,2.10e+01
-2.14e+02,-8.49e+01,7.50e+01,2.10e+01
-1.69e+02,-8.53e+01,7.20e+01,2.10e+01
