-1.43e+02,-5.93e+01,1.42e+02,3.40e+01
-1.41e+02,-4.83e+01,1.41e+02,3.40e+01
-1.41e+02,-5.66e+01,1.40e+02,3.40e+01
-1.47e+02,-5.60e+01,1.39e+02,3.40e+01
-1.43e+02,-5.30e+01,1.40e+02,3.40e+01
-1.39e+02,-4.67e+01,1.42e+02,3.40e+01
-1.38e+02,-5.70e+01,1.41e+02,3.50e+01
-1.47e+02,-5.06e+01,1.43e+02,3.40e+01
-1.40e+02,-5.60e+01,1.40e+02,3.40e+01
-1.39e+02,-4.90e+01,1.39e+02,3.40e+01
-1.48e+02,-6.02e+01,1.42e+02,3.40e+01
-1.44e+02,-5.25e+01,1.41e+02,3.40e+01
-1.42e+02,-5.12e+01,1.43e+02,3.40e+01
-1.41e+02,-4.64e+01,1.41e+02,3.50e+01
-1.38e+02,-4.75e+01,1.43e+02,3.40e+01
-1.40e+02,-5.12e+01,1.43e+02,3.50e+01
-1.46e+02,-5.77e+01,1.40e+02,3.40e+01
-1.44e+02,-5.70e+01,1.42e+02,3.40e+01
-3.29e+02,-1.23e+02,1.43e+02,3.50e+01
-1.57e+02,-5.96e+01,1.41e+02,3.40e+01
-3.03e+02,-1.01e+02,1.40e+02,3.40e+01
-2.23e+02,-6.78e+01,1.40e+02,3.40e+01
-1.45e+02,-6.22e+01,1.43e+02,3.50e+01
-1.42e+02,-5.45e+01,1.43e+02,3.40e+01
-1.38e+02,-4.71e+01,1.40e+02,3.40e+01
-1.42e+02,-5.32e+01,1.42e+02,3.40e+01
-1.45e+02,-4.76e+01,1.42e+02,3.40e+01
-1.41e+02,-5.77e+01,1.39e+02,3.40e+01
-1.49e+02,-4.93e+01,1.44e+02,3.50e+01
-1.43e+02,-5.51e+01,1.42e+02,3.50e+01
-1.41e+02,-4.24e+01,1.41e+02,3.40e+01
-4.26e+02,-1.43e+02,1.42e+02,3.40e+01
-1.47e+02,-5.64e+01,1.42e+02,3.40e+01
-1.44e+02,-5.71e+01,1.43e+02,3.40e+01
-4.96e+02,-4.74e+02,1.43e+02,3.40e+01
-2.00e+02,-5.06e+01,1.40e+02,3.40e+01
-1.43e+02,-5.42e+01,1.41e+02,3.40e+01
-1.69e+02,-5.34e+01,1.40e+02,3.40e+01
-1.39e+02,-5.35e+01,1.41e+02,3.40e+01
-1.40e+02,-5.33e+01,1.42e+02,3.40e+01
-4.45e+02,-2.50e+02,1.41e+02,3.40e+01
-2.15e+02,-5.50e+01,1.42e+02,3.40e+01
-1.41e+02,-6.08e+01,1.41e+02,3.50e+01
-1.44e+02,-4.83e+01,1.39e+02,3.40e+01
-5.00e+02,-4.99e+02,1.42e+02,3.40e+01
-1.46e+02,-5.03e+01,1.40e+02,3.40e+01
-1.42e+02,-5.25e+01,1.41e+02,3.40e+01
-1.46e+02,-5.36e+01,1.43e+02,3.40e+01
-1.39e+02,-5.20e+01,1.43e+02,3.40e+01
-1.41e+02,-5.25e+01,1.42e+02,3.40e+01
-1.42e+02,-5.33e+01,1.43e+02,3.40e+01
-5.00e+02,-5.00e+02,1.39e+02,3.40e+01
-1.45e+02,-6.08e+01,1.42e+02,3.40e+01
-1.43e+02,-5.50e+01,1.41e+02,3.50e+01
-1.49e+02,-5.29e+01,1.41e+02,3.40e+01
-1.50e+02,-5.51e+01,1.41e+02,3.40e+01
-1.38e+02,-4.98e+01,1.39e+02,3.40e+01
-3.66e+02,-7.50e+01,1.41e+02,3.40e+01
-5.00e+02,-5.00e+02,1.41e+02,3.40e+01
-1.53e+02,-6.20e+01,1.42e+02,3.40e+01
-1.45e+02,-5.23e+01,1.41e+02,3.40e+01
-1.45e+02,-4.89e+01,1.39e+02,3.40e+01
-1.41e+02,-5.47e+01,1.41e+02,3.40e+01
-1.46e+02,-6.03e+01,1.43e+02,3.40e+01
-1.44e+02,-5.47e+01,1.43e+02,3.40e+01
-1.73e+02,-6.16e+01,1.42e+02,3.40e+01
-5.00e+02,-5.00e+02,1.43e+02,3.40e+01
-2.24e+02,-6.30e+01,1.39e+02,3.40e+01
-4.22e+02,-1.16e+02,1.43e+02,3.40e+01
-1.42e+02,-5.69e+01,1.41e+02,3.50e+01
-1.43e+02,-5.56e+01,1.42e+02,3.40e+01
-1.45e+02,-5.77e+01,1.42e+02,3.40e+01
-1.38e+02,-5.58e+01,1.43e+02,3.40e+01
-1.43e+02,-5.45e+01,1.41e+02,3.40e+01
-1.39e+02,-5.00e+01,1.40e+02,3.40e+01
-1.44e+02,-5.67e+01,1.41e+02,3.40e+01
-1.44e+02,-5.42e+01,1.42e+02,3.40e+01
-1.78e+02,-5.85e+01,1.39e+02,3.40e+01
-1.48e+02,-6.50e+01,1.40e+02,3.40e+01
-1.45e+02,-5.46e+01,1.44e+02,3.40e+01
-2.46e+02,-9.04e+01,1.41e+02,3.40e+01
-1.41e+02,-5.20e+01,1.42e+02,3.40e+01
-1.41e+02,-4.85e+01,1.42e+02,3.40e+01
-1.96e+02,-5.09e+01,1.41e+02,3.40e+01
-1.45e+02,-5.56e+01,1.44e+02,3.40e+01
-1.43e+02,-5.16e+01,1.40e+02,3.40e+01
-2.79e+02,-6.87e+01,1.43e+02,3.40e+01
-1.42e+02,-5.18e+01,1.42e+02,3.50e+01
-1.41e+02,-5.56e+01,1.41e+02,3.40e+01
-1.40e+02,-4.89e+01,1.40e+02,3.40e+01
-1.48e+02,-5.30e+01,1.40e+02,3.40e+01
-1.54e+02,-6.75e+01,1.41e+02,3.40e+01
-1.60e+02,-5.26e+01,1.41e+02,3.40e+01
-1.42e+02,-4.60e+01,1.42e+02,3.40e+01
-1.42e+02,-5.52e+01,1.39e+02,3.40e+01
-1.39e+02,-4.79e+01,1.43e+02,3.40e+01
-1.59e+02,-5.55e+01,1.42e+02,3.40e+01
-1.38e+02,-5.32e+01,1.42e+02,3.50e+01
-1.49e+02,-5.19e+01,1.40e+02,3.40e+01
-1.45e+02,-4.80e+01,1.43e+02,3.40e+01
-2.88e+02,-1.22e+02,1.40e+02,3.40e+01
-1.46e+02,-5.21e+01,1.40e+02,3.40e+01
-1.41e+02,-5.58e+01,1.42e+02,3.40e+01
-1.45e+02,-5.07e+01,1.43e+02,3.40e+01
-1.45e+02,-4.93e+01,1.41e+02,3.40e+01
-2.30e+02,-8.01e+01,1.40e+02,3.40e+01
-1.54e+02,-5.69e+01,1.43e+02,3.40e+01
-1.70e+02,-6.81e+01,1.40e+02,3.40e+01
-1.42e+02,-5.40e+01,1.44e+02,3.40e+01
-1.40e+02,-4.85e+01,1.44e+02,3.40e+01
-1.42e+02,-5.36e+01,1.41e+02,3.50e+01
-3.67e+02,-8.52e+01,1.41e+02,3.40e+01
-1.45e+02,-4.93e+01,1.41e+02,3.40e+01
-1.38e+02,-5.60e+01,1.44e+02,3.50e+01
-1.48e+02,-6.09e+01,1.41e+02,3.40e+01
-1.46e+02,-5.24e+01,1.43e+02,3.40e+01
-1.37e+02,-5.52e+01,1.41e+02,3.40e+01
-1.89e+02,-5.02e+01,1.40e+02,3.40e+01
-1.42e+02,-4.60e+01,1.42e+02,3.40e+01
-1.45e+02,-5.41e+01,1.41e+02,3.40e+01
-3.01e+02,-7.18e+01,1.41e+02,3.40e+01
-1.36e+02,-5.26e+01,1.42e+02,3.40e+01
-5.00e+02,-5.00e+02,1.40e+02,3.40e+01
-1.47e+02,-5.10e+01,1.43e+02,3.40e+01
-1.50e+02,-6.22e+01,1.41e+02,3.40e+01
-1.42e+02,-6.03e+01,1.43e+02,3.40e+01
-1.69e+02,-7.12e+01,1.42e+02,3.40e+01
-1.42e+02,-5.47e+01,1.43e+02,3.40e+01
-1.45e+02,-5.10e+01,1.42e+02,3.40e+01
-1.50e+02,-5.95e+01,1.41e+02,3.50e+01
-1.42e+02,-5.70e+01,1.42e+02,3.40e+01
-1.45e+02,-5.67e+01,1.43e+02,3.40e+01
-1.39e+02,-5.32e+01,1.42e+02,3.40e+01
-1.46e+02,-4.61e+01,1.43e+02,3.40e+01
-4.46e+02,-2.09e+02,1.41e+02,3.40e+01
-1.46e+02,-5.78e+01,1.43e+02,3.40e+01
-1.43e+02,-5.54e+01,1.43e+02,3.50e+01
-5.00e+02,-5.00e+02,1.42e+02,3.40e+01
-5.00e+02,-5.00e+02,1.40e+02,3.40e+01
-5.00e+02,-5.00e+02,1.42e+02,3.40e+01
-4.26e+02,-1.39e+02,1.43e+02,3.40e+01
-1.57e+02,-5.96e+01,1.39e+02,3.40e+01
-1.46e+02,-4.65e+01,1.42e+02,3.40e+01
-1.50e+02,-5.25e+01,1.43e+02,3.40e+01
-5.00e+02,-5.00e+02,1.42e+02,3.40e+01
-4.74e+02,-3.45e+02,1.42e+02,3.40e+01
-1.49e+02,-5.31e+01,1.42e+02,3.40e+01
-1.86e+02,-5.49e+01,1.39e+02,3.40e+01
-1.46e+02,-5.29e+01,1.40e+02,3.40e+01
-1.56e+02,-5.51e+01,1.43e+02,3.40e+01
-1.48e+02,-5.28e+01,1.41e+02,3.40e+01
-1.50e+02,-6.74e+01,1.40e+02,3.40e+01
-1.50e+02,-4.94e+01,1.42e+02,3.40e+01
-1.45e+02,-5.32e+01,1.42e+02,3.40e+01
-1.40e+02,-5.06e+01,1.41e+02,3.40e+01
-1.48e+02,-5.16e+01,1.41e+02,3.40e+01
-5.00e+02,-5.00e+02,1.43e+02,3.40e+01
-1.40e+02,-5.08e+01,1.40e+02,3.40e+01
-5.00e+02,-5.00e+02,1.41e+02,3.40e+01
-1.39e+02,-4.89e+01,1.40e+02,3.40e+01
-1.70e+02,-6.05e+01,1.42e+02,3.40e+01
-1.45e+02,-5.67e+01,1.39e+02,3.40e+01
-1.39e+02,-5.15e+01,1.42e+02,3.40e+01
-1.43e+02,-6.18e+01,1.43e+02,3.40e+01
-1.41e+02,-5.51e+01,1.42e+02,3.40e+01
-1.46e+02,-5.72e+01,1.44e+02,3.50e+01
-1.44e+02,-5.43e+01,1.40e+02,3.40e+01
-5.00e+02,-5.00e+02,1.42e+02,3.40e+01
-2.22e+02,-6.21e+01,1.41e+02,3.40e+01
-1.41e+02,-5.23e+01,1.42e+02,3.40e+01
-4.94e+02,-4.66e+02,1.43e+02,3.40e+01
-1.58e+02,-5.86e+01,1.41e+02,3.40e+01
-1.47e+02,-5.86e+01,1.42e+02,3.40e+01
-1.38e+02,-4.74e+01,1.43e+02,3.40e+01
-1.45e+02,-5.73e+01,1.43e+02,3.40e+01
-4.31e+02,-1.41e+02,1.42e+02,3.50e+01
-1.41e+02,-5.62e+01,1.39e+02,3.40e+01
-1.52e+02,-6.15e+01,1.39e+02,3.40e+01
-1.47e+02,-6.17e+01,1.43e+02,3.50e+01
-1.44e+02,-5.63e+01,1.40e+02,3.40e+01
-1.42e+02,-5.20e+01,1.41e+02,3.40e+01
-1.44e+02,-4.70e+01,1.39e+02,3.40e+01
-1.43e+02,-4.77e+01,1.42e+02,3.40e+01
-1.43e+02,-4.81e+01,1.43e+02,3.40e+01
-4.80e+02,-3.82e+02,1.43e+02,3.40e+01
-1.37e+02,-5.33e+01,1.42e+02,3.40e+01
-1.44e+02,-5.72e+01,1.43e+02,3.50e+01
-4.87e+02,-4.34e+02,1.41e+02,3.40e+01
-2.12e+02,-5.46e+01,1.40e+02,3.40e+01
-1.51e+02,-6.09e+01,1.41e+02,3.40e+01
-2.92e+02,-8.94e+01,1.40e+02,3.40e+01
-1.47e+02,-6.14e+01,1.42e+02,3.40e+01
