-5.12e+01,0.00e+00,1.60e+01,1.20e+01
-4.04e+01,-2.71e+01,1.30e+01,1.20e+01
-2.91e+01,-1.46e+01,1.50e+01,1.20e+01
-7.72e+01,-2.20e+01,1.40e+01,1.20e+01
-3.48e+01,-2.34e+01,1.20e+01,1.20e+01
-4.53e+01,-2.72e+01,1.50e+01,1.20e+01
-7.43e+01,-5.13e+01,1.20e+01,1.20e+01
-5.34e+01,-1.11e+01,1.40e+01,1.20e+01
-8.08e+01,-3.25e+01,1.30e+01,1.20e+01
-4.58e+01,-2.02e+01,1.80e+01,1.20e+01
-4.24e+01,-1.24e+01,1.30e+01,1.20e+01
-7.15e+01,-1.14e+01,1.20e+01,1.20e+01
-4.06e+01,-2.23e+01,1.40e+01,1.20e+01
-3.75e+01,-1.28e+01,1.40e+01,1.20e+01
-7.63e+01,-4.17e+01,1.60e+01,1.20e+01
-4.28e+01,-2.99e+01,1.50e+01,1.20e+01
-6.05e+01,-2.87e+01,1.40e+01,1.20e+01
-4.96e+01,-1.74e+01,1.50e+01,1.20e+01
-5.10e+01,-2.63e+01,1.70e+01,1.20e+01
-4.55e+01,-2.19e+01,1.40e+01,1.20e+01
-7.07e+01,-3.15e+01,1.30e+01,1.20e+01
-6.05e+01,-2.20e+01,1.50e+01,1.20e+01
-6.67e+01,-2.32e+01,1.30e+01,1.20e+01
-3.76e+01,-1.52e+01,1.70e+01,1.20e+01
-3.48e+01,-1.33e+01,1.70e+01,1.20e+01
-4.77e+01,-1.31e+01,1.90e+01,1.20e+01
-5.03e+01,-3.83e+01,1.50e+01,1.20e+01
-6.75e+01,-3.28e+01,1.30e+01,1.20e+01
-5.22e+01,-1.44e+01,1.50e+01,1.20e+01
-6.34e+01,-7.90e+00,1.70e+01,1.20e+01
-4.66e+01,-1.90e+01,1.40e+01,1.20e+01
-3.22e+01,3.18e+00,1.70e+01,1.20e+01
-5.22e+01,-1.32e+01,1.30e+01,1.20e+01
-3.97e+01,-1.25e+01,1.70e+01,1.20e+01
-6.13e+01,-3.06e+01,1.60e+01,1.20e+01
-5.46e+01,-2.52e+01,1.50e+01,1.20e+01
-4.30e+01,-1.17e+01,1.30e+01,1.20e+01
-4.57e+01,-1.82e+01,1.50e+01,1.20e+01
-7.59e+01,-2.70e+01,1.50e+01,1.20e+01
-8.18e+01,-2.83e+01,1.20e+01,1.20e+01
-4.89e+01,-2.08e+01,1.70e+01,1.20e+01
-3.42e+01,-1.03e+01,1.60e+01,1.20e+01
-6.36e+01,-1.30e+01,1.60e+01,1.20e+01
-3.94e+01,-1.76e+01,1.30e+01,1.20e+01
-7.70e+01,-3.41e+01,1.10e+01,1.20e+01
-9.23e+01,-9.84e+00,1.70e+01,1.20e+01
-3.58e+01,-1.88e+01,1.50e+01,1.20e+01
-4.01e+01,0.00e+00,1.90e+01,1.20e+01
-4.47e+01,0.00e+00,1.40e+01,1.20e+01
-7.61e+01,-3.69e+01,1.60e+01,1.20e+01
-6.59e+01,-2.98e+01,1.20e+01,1.20e+01
-8.18e+01,-3.47e+01,1.10e+01,1.20e+01
-4.07e+01,-4.42e-01,1.70e+01,1.20e+01
-5.19e+01,-1.30e+01,1.30e+01,1.20e+01
-8.22e+01,-2.34e+01,1.40e+01,1.20e+01
-4.60e+01,-2.21e+01,1.30e+01,1.20e+01
-6.03e+01,-2.57e+01,1.60e+01,1.20e+01
-4.45e+01,-2.29e+01,1.40e+01,1.20e+01
-5.44e+01,-2.57e+01,1.20e+01,1.20e+01
-5.75e+01,-2.72e+01,1.20e+01,1.20e+01
-3.75e+01,-2.18e+01,1.20e+01,1.20e+01
-6.29e+01,-3.14e+01,9.00e+00,1.20e+01
-4.44e+01,-2.79e+01,1.20e+01,1.20e+01
-6.89e+01,-3.29e+01,1.70e+01,1.20e+01
-9.31e+01,-1.18e+01,1.20e+01,1.20e+01
-3.81e+01,2.34e+00,1.80e+01,1.20e+01
-1.93e+01,7.12e+01,1.70e+01,1.20e+01
-6.04e+01,0.00e+00,1.80e+01,1.20e+01
-4.56e+01,-1.10e+01,1.70e+01,1.20e+01
-4.67e+01,5.44e+01,1.70e+01,1.20e+01
-5.11e+01,-2.56e+01,1.60e+01,1.20e+01
-5.07e+01,-2.07e+01,1.60e+01,1.20e+01
-3.64e+01,-1.17e+01,1.40e+01,1.20e+01
-3.74e+01,-1.01e+01,1.70e+01,1.20e+01
-4.03e+01,-1.90e+01,1.20e+01,1.20e+01
-5.40e+01,-3.11e+01,1.20e+01,1.20e+01
-4.15e+01,-2.74e+01,1.40e+01,1.20e+01
-6.68e+01,-1.61e+01,1.50e+01,1.20e+01
-5.14e+01,-1.05e+01,1.40e+01,1.20e+01
-6.65e+01,-3.02e+01,1.50e+01,1.20e+01
-8.05e+01,-2.08e+01,1.40e+01,1.20e+01
-4.45e+01,-1.91e+01,1.50e+01,1.20e+01
-4.62e+01,-1.88e+01,1.50e+01,1.20e+01
-6.36e+01,-3.34e+01,1.40e+01,1.20e+01
-4.09e+01,-2.41e+01,1.00e+01,1.20e+01
-6.08e+01,-3.28e+00,1.50e+01,1.20e+01
-5.44e+01,-1.87e+01,1.30e+01,1.20e+01
-6.09e+01,-1.64e+01,1.80e+01,1.20e+01
-2.89e+01,-1.15e+01,1.50e+01,1.20e+01
-5.78e+01,-2.17e+00,1.70e+01,1.20e+01
-4.03e+01,7.20e+01,1.60e+01,1.20e+01
-3.76e+01,-2.64e+01,1.30e+01,1.20e+01
-4.61e+01,-1.64e+01,1.40e+01,1.20e+01
-3.54e+01,-1.37e+01,1.20e+01,1.20e+01
-3.57e+01,3.27e+01,1.60e+01,1.20e+01
-6.02e+01,-1.51e+01,1.80e+01,1.20e+01
-6.79e+01,-2.58e+01,1.40e+01,1.20e+01
-4.08e+01,-1.66e+01,1.30e+01,1.20e+01
-4.43e+01,-2.54e+01,1.70e+01,1.20e+01
-5.23e+01,-1.73e+01,1.40e+01,1.20e+01
-5.39e+01,-1.95e+01,1.30e+01,1.20e+01
-5.22e+01,-2.91e+01,1.30e+01,1.20e+01
-5.45e+01,-1.98e+01,1.60e+01,1.20e+01
-3.82e+01,0.00e+00,1.60e+01,1.20e+01
-6.30e+01,-2.10e+01,1.50e+01,1.20e+01
-3.60e+01,-1.57e+01,1.50e+01,1.20e+01
-4.37e+01,-1.85e+01,1.60e+01,1.20e+01
-6.27e+01,-1.90e+01,1.50e+01,1.20e+01
-4.38e+01,0.00e+00,1.50e+01,1.20e+01
-3.49e+01,-1.45e+01,1.20e+01,1.20e+01
-3.71e+01,-1.86e+01,1.20e+01,1.20e+01
-4.30e+01,-1.48e+01,1.10e+01,1.20e+01
-3.59e+01,-2.00e+01,1.30e+01,1.20e+01
-4.80e+01,-1.82e+01,1.40e+01,1.20e+01
-5.96e+01,-2.04e+01,1.70e+01,1.20e+01
-5.72e+01,-2.02e+01,1.50e+01,1.20e+01
-5.45e+01,-1.52e+01,1.60e+01,1.20e+01
-4.12e+01,-1.81e+01,1.20e+01,1.20e+01
-6.03e+01,-2.19e+01,1.40e+01,1.20e+01
-4.61e+01,-3.09e+01,1.50e+01,1.20e+01
-7.08e+01,-2.85e+01,1.20e+01,1.20e+01
-4.74e+01,-2.29e+01,1.60e+01,1.20e+01
-5.35e+01,-1.63e+01,1.40e+01,1.20e+01
-6.14e+01,-4.19e+01,1.50e+01,1.20e+01
-3.77e+01,-2.21e+01,1.10e+01,1.20e+01
-2.96e+01,0.00e+00,1.60e+01,1.20e+01
-5.85e+01,-2.28e+01,1.50e+01,1.20e+01
-4.32e+01,-3.06e+01,1.50e+01,1.20e+01
