1.19e+02,3.73e+02,4.50e+01,3.90e+01
1.41e+02,3.48e+02,4.70e+01,3.90e+01
1.61e+02,4.30e+02,4.90e+01,4.00e+01
2.00e+02,5.90e+02,4.60e+01,3.90e+01
1.13e+02,3.18e+02,4.20e+01,3.60e+01
1.34e+02,2.71e+02,4.20e+01,3.60e+01
1.14e+02,3.93e+02,4.80e+01,3.90e+01
1.33e+02,3.19e+02,4.80e+01,3.90e+01
1.23e+02,2.19e+02,4.20e+01,3.60e+01
1.36e+02,3.15e+02,4.90e+01,4.10e+01
1.43e+02,2.35e+02,4.50e+01,3.70e+01
1.38e+02,3.95e+02,4.40e+01,3.70e+01
1.73e+02,4.62e+02,4.30e+01,3.70e+01
1.23e+02,3.54e+02,4.10e+01,3.50e+01
1.59e+02,4.62e+02,4.20e+01,3.70e+01
1.74e+02,5.30e+02,4.20e+01,3.70e+01
1.58e+02,3.00e+02,5.00e+01,4.00e+01
1.30e+02,3.33e+02,4.30e+01,3.60e+01
1.94e+02,5.98e+02,4.10e+01,3.50e+01
1.49e+02,3.47e+02,4.20e+01,3.70e+01
1.23e+02,2.77e+02,4.70e+01,3.90e+01
1.30e+02,3.39e+02,4.70e+01,3.90e+01
1.06e+02,3.09e+02,4.50e+01,3.90e+01
1.62e+02,3.96e+02,4.80e+01,3.90e+01
1.38e+02,3.22e+02,4.40e+01,3.80e+01
1.59e+02,4.78e+02,4.40e+01,3.80e+01
1.40e+02,4.15e+02,4.10e+01,3.50e+01
7.88e+01,2.28e+02,4.30e+01,3.60e+01
1.62e+02,3.99e+02,4.30e+01,3.80e+01
1.49e+02,3.85e+02,4.80e+01,3.90e+01
1.01e+02,2.15e+02,5.00e+01,4.00e+01
1.49e+02,3.71e+02,4.20e+01,3.60e+01
1.15e+02,3.82e+02,4.30e+01,3.80e+01
1.45e+02,2.84e+02,4.50e+01,3.90e+01
1.04e+02,1.93e+02,4.20e+01,3.60e+01
1.54e+02,3.22e+02,4.50e+01,3.70e+01
1.81e+02,5.05e+02,4.70e+01,3.90e+01
1.35e+02,3.55e+02,4.50e+01,3.80e+01
1.37e+02,3.17e+02,4.20e+01,3.70e+01
1.41e+02,4.16e+02,4.10e+01,3.50e+01
1.48e+02,4.12e+02,4.30e+01,3.80e+01
1.33e+02,3.54e+02,4.90e+01,4.00e+01
1.63e+02,3.39e+02,4.50e+01,3.80e+01
1.60e+02,4.99e+02,4.90e+01,4.10e+01
1.73e+02,4.78e+02,4.20e+01,3.70e+01
1.47e+02,4.09e+02,4.50e+01,3.80e+01
9.89e+01,2.98e+02,4.40e+01,3.70e+01
1.70e+02,3.96e+02,4.30e+01,3.70e+01
1.36e+02,2.96e+02,4.90e+01,4.00e+01
9.78e+01,1.58e+02,4.30e+01,3.60e+01
1.36e+02,3.15e+02,4.20e+01,3.60e+01
1.18e+02,2.55e+02,4.30e+01,3.80e+01
1.57e+02,3.75e+02,4.30e+01,3.80e+01
1.48e+02,3.75e+02,4.70e+01,3.90e+01
1.77e+02,4.72e+02,4.50e+01,3.80e+01
1.23e+02,3.96e+02,4.50e+01,3.90e+01
1.60e+02,4.57e+02,4.30e+01,3.80e+01
1.46e+02,3.69e+02,4.40e+01,3.70e+01
1.61e+02,4.45e+02,4.80e+01,3.90e+01
1.05e+02,2.74e+02,4.80e+01,3.90e+01
1.41e+02,2.75e+02,4.50e+01,3.80e+01
1.50e+02,4.80e+02,4.50e+01,3.90e+01
1.65e+02,3.15e+02,4.30e+01,3.80e+01
1.32e+02,2.79e+02,4.10e+01,3.50e+01
1.24e+02,3.25e+02,4.70e+01,3.90e+01
1.61e+02,4.15e+02,4.30e+01,3.80e+01
1.70e+02,4.58e+02,5.00e+01,4.00e+01
1.31e+02,3.36e+02,4.60e+01,3.90e+01
1.82e+02,6.07e+02,4.80e+01,3.90e+01
1.67e+02,4.53e+02,4.70e+01,3.90e+01
1.24e+02,2.52e+02,4.30e+01,3.60e+01
1.40e+02,3.57e+02,4.20e+01,3.70e+01
1.43e+02,3.63e+02,4.40e+01,3.70e+01
1.57e+02,4.16e+02,4.20e+01,3.70e+01
1.14e+02,2.23e+02,4.40e+01,3.80e+01
1.24e+02,3.86e+02,4.30e+01,3.60e+01
1.44e+02,3.83e+02,4.40e+01,3.80e+01
1.10e+02,2.55e+02,4.50e+01,3.90e+01
1.74e+02,5.99e+02,4.20e+01,3.70e+01
1.39e+02,4.93e+02,4.20e+01,3.70e+01
1.39e+02,3.26e+02,4.50e+01,3.80e+01
1.43e+02,4.17e+02,4.90e+01,4.00e+01
1.64e+02,2.83e+02,4.40e+01,3.70e+01
1.69e+02,4.50e+02,4.10e+01,3.50e+01
7.18e+01,1.37e+02,5.10e+01,4.20e+01
1.32e+02,4.33e+02,4.20e+01,3.60e+01
1.44e+02,4.31e+02,4.40e+01,3.80e+01
1.54e+02,3.34e+02,4.50e+01,3.80e+01
1.20e+02,2.96e+02,4.90e+01,4.00e+01
8.09e+01,2.19e+02,4.70e+01,3.90e+01
1.22e+02,3.46e+02,4.20e+01,3.60e+01
1.24e+02,2.53e+02,4.50e+01,3.90e+01
1.92e+02,4.94e+02,4.70e+01,3.80e+01
1.42e+02,3.69e+02,4.50e+01,3.80e+01
1.33e+02,2.96e+02,4.30e+01,3.80e+01
9.54e+01,2.19e+02,4.90e+01,4.10e+01
-4.69e+01,-2.46e+01,4.30e+01,3.70e+01
1.82e+02,5.73e+02,4.80e+01,3.90e+01
1.33e+02,3.71e+02,4.40e+01,3.80e+01
1.79e+02,3.62e+02,4.50e+01,3.90e+01
1.39e+02,3.83e+02,4.80e+01,3.90e+01
1.43e+02,3.10e+02,4.50e+01,3.90e+01
1.17e+02,2.56e+02,4.40e+01,3.80e+01
1.34e+02,3.46e+02,4.60e+01,3.90e+01
1.00e+02,2.83e+02,4.70e+01,3.90e+01
1.30e+02,3.56e+02,4.80e+01,3.90e+01
1.18e+02,3.64e+02,4.10e+01,3.50e+01
1.22e+02,2.51e+02,4.20e+01,3.60e+01
8.65e+01,1.73e+02,4.30e+01,3.70e+01
1.47e+02,4.05e+02,5.00e+01,4.00e+01
1.89e+02,6.04e+02,4.70e+01,4.00e+01
1.43e+02,4.45e+02,4.20e+01,3.60e+01
1.42e+02,2.84e+02,4.30e+01,3.70e+01
1.48e+02,3.25e+02,4.80e+01,3.90e+01
1.68e+02,5.20e+02,4.90e+01,4.00e+01
1.38e+02,3.48e+02,4.10e+01,3.50e+01
1.39e+02,3.92e+02,4.20e+01,3.60e+01
1.44e+02,4.59e+02,4.70e+01,3.90e+01
1.52e+02,4.08e+02,4.20e+01,3.60e+01
1.34e+02,3.26e+02,4.50e+01,3.90e+01
1.24e+02,3.50e+02,4.60e+01,3.80e+01
1.25e+02,3.25e+02,4.20e+01,3.60e+01
1.35e+02,2.61e+02,4.20e+01,3.60e+01
1.43e+02,3.61e+02,4.20e+01,3.70e+01
1.45e+02,3.53e+02,4.40e+01,3.70e+01
1.66e+02,4.43e+02,4.70e+01,4.00e+01
1.40e+02,3.47e+02,4.90e+01,4.00e+01
9.29e+01,2.94e+02,4.40e+01,3.70e+01
1.40e+02,3.72e+02,4.80e+01,3.90e+01
1.24e+02,2.47e+02,4.30e+01,3.80e+01
1.22e+02,2.64e+02,4.60e+01,3.90e+01
1.33e+02,2.92e+02,4.70e+01,3.90e+01
1.13e+02,2.32e+02,4.30e+01,3.70e+01
1.36e+02,4.15e+02,4.70e+01,3.80e+01
1.81e+02,4.99e+02,4.20e+01,3.60e+01
1.41e+02,4.06e+02,4.70e+01,3.90e+01
1.72e+02,5.45e+02,4.30e+01,3.60e+01
1.65e+02,4.01e+02,4.20e+01,3.60e+01
1.53e+02,4.69e+02,4.20e+01,3.70e+01
1.41e+02,2.79e+02,4.50e+01,3.90e+01
1.92e+02,5.64e+02,4.40e+01,3.70e+01
1.24e+02,2.79e+02,4.80e+01,3.90e+01
1.31e+02,2.28e+02,4.20e+01,3.60e+01
1.42e+02,3.91e+02,4.40e+01,3.70e+01
1.42e+02,3.77e+02,4.30e+01,3.60e+01
1.55e+02,4.51e+02,4.40e+01,3.80e+01
1.29e+02,3.57e+02,4.40e+01,3.80e+01
8.41e+01,2.13e+02,4.80e+01,4.00e+01
9.37e+01,2.60e+02,4.90e+01,4.00e+01
1.85e+02,5.01e+02,4.20e+01,3.60e+01
1.64e+02,3.32e+02,4.90e+01,4.00e+01
1.54e+02,3.03e+02,4.20e+01,3.70e+01
1.19e+02,3.15e+02,4.20e+01,3.60e+01
1.47e+02,2.61e+02,4.70e+01,3.90e+01
1.19e+02,2.31e+02,4.80e+01,3.90e+01
1.34e+02,2.95e+02,4.70e+01,3.90e+01
9.88e+01,1.81e+02,4.90e+01,4.00e+01
1.54e+02,4.02e+02,4.30e+01,3.70e+01
1.48e+02,3.96e+02,4.60e+01,3.90e+01
1.20e+02,2.20e+02,4.80e+01,3.90e+01
1.20e+02,2.37e+02,4.60e+01,3.80e+01
1.45e+02,2.79e+02,4.50e+01,3.80e+01
1.01e+02,2.31e+02,4.90e+01,4.10e+01
1.44e+02,3.32e+02,4.90e+01,4.00e+01
1.19e+02,4.19e+02,4.20e+01,3.60e+01
8.23e+01,1.95e+02,4.20e+01,3.70e+01
-5.59e+01,-3.20e+01,4.20e+01,3.60e+01
5.54e+01,1.78e+02,4.20e+01,3.60e+01
1.39e+02,3.91e+02,4.80e+01,3.90e+01
1.13e+02,2.30e+02,4.70e+01,3.90e+01
8.94e+01,1.96e+02,4.20e+01,3.60e+01
1.18e+02,3.20e+02,4.20e+01,3.60e+01
1.45e+02,3.15e+02,4.40e+01,3.70e+01
1.50e+02,3.47e+02,4.50e+01,3.70e+01
1.85e+02,5.92e+02,4.10e+01,3.50e+01
1.29e+02,2.25e+02,4.80e+01,3.90e+01
1.21e+02,2.51e+02,4.50e+01,3.90e+01
1.16e+02,4.07e+02,4.80e+01,3.90e+01
-1.70e+01,1.67e+02,4.50e+01,3.90e+01
1.31e+02,3.76e+02,4.20e+01,3.60e+01
1.52e+02,3.90e+02,4.90e+01,4.10e+01
1.37e+02,2.66e+02,4.10e+01,3.50e+01
1.64e+02,4.59e+02,4.50e+01,3.70e+01
1.25e+02,2.83e+02,4.70e+01,3.90e+01
2.01e+02,4.87e+02,4.90e+01,4.00e+01
8.62e+01,2.29e+02,4.60e+01,3.90e+01
1.65e+02,4.43e+02,4.80e+01,3.90e+01
1.56e+02,3.75e+02,4.90e+01,4.00e+01
1.32e+02,3.11e+02,4.80e+01,3.90e+01
1.23e+02,2.60e+02,4.60e+01,3.90e+01
1.84e+02,3.83e+02,4.20e+01,3.60e+01
1.18e+02,2.17e+02,4.50e+01,3.90e+01
1.50e+02,3.81e+02,4.60e+01,3.90e+01
1.45e+02,4.26e+02,5.00e+01,4.00e+01
1.13e+02,3.35e+02,4.50e+01,3.90e+01
1.05e+02,1.78e+02,4.20e+01,3.60e+01
1.34e+02,3.74e+02,4.20e+01,3.60e+01
1.19e+02,3.68e+02,4.10e+01,3.50e+01
1.63e+02,3.86e+02,4.60e+01,3.90e+01
1.24e+02,2.17e+02,4.80e+01,3.90e+01
1.27e+02,2.82e+02,4.50e+01,3.70e+01
1.44e+02,3.37e+02,4.60e+01,3.90e+01
1.19e+02,2.61e+02,4.20e+01,3.60e+01
1.57e+02,3.63e+02,4.20e+01,3.70e+01
-4.02e+01,-5.08e+00,4.70e+01,4.00e+01
1.28e+02,2.79e+02,4.30e+01,3.80e+01
1.64e+02,4.79e+02,4.20e+01,3.60e+01
1.75e+02,4.37e+02,4.40e+01,3.70e+01
1.22e+02,4.21e+02,4.80e+01,3.90e+01
1.58e+02,4.15e+02,4.80e+01,3.90e+01
1.56e+02,4.75e+02,4.40e+01,3.80e+01
1.35e+02,3.85e+02,4.80e+01,3.90e+01
1.33e+02,4.54e+02,4.60e+01,3.80e+01
1.37e+02,3.89e+02,4.20e+01,3.60e+01
1.52e+02,3.58e+02,4.90e+01,4.00e+01
1.36e+02,3.27e+02,4.70e+01,3.90e+01
1.32e+02,4.09e+02,4.50e+01,3.70e+01
1.19e+02,2.81e+02,4.90e+01,4.00e+01
1.51e+02,4.73e+02,4.70e+01,4.00e+01
1.32e+02,3.87e+02,4.60e+01,3.90e+01
1.37e+02,2.85e+02,4.50e+01,3.70e+01
1.44e+02,4.21e+02,4.80e+01,3.90e+01
1.05e+02,2.10e+02,4.30e+01,3.80e+01
1.10e+02,2.66e+02,4.50e+01,3.90e+01
1.45e+02,3.14e+02,4.30e+01,3.70e+01
1.70e+02,5.06e+02,4.90e+01,4.00e+01
1.37e+02,3.04e+02,4.20e+01,3.60e+01
1.58e+02,3.41e+02,4.80e+01,4.00e+01
1.27e+02,3.50e+02,4.40e+01,3.70e+01
1.41e+02,2.25e+02,4.40e+01,3.70e+01
1.33e+02,3.47e+02,4.10e+01,3.50e+01
1.42e+02,5.29e+02,4.50e+01,3.70e+01
1.60e+02,4.19e+02,4.50e+01,3.90e+01
1.41e+02,2.83e+02,4.90e+01,4.00e+01
1.43e+02,3.79e+02,4.50e+01,3.70e+01
1.08e+02,2.40e+02,4.90e+01,4.00e+01
1.44e+02,5.93e+02,4.60e+01,3.90e+01
8.61e+01,2.48e+02,4.90e+01,4.00e+01
1.23e+02,3.31e+02,4.50e+01,3.70e+01
1.31e+02,2.06e+02,4.30e+01,3.60e+01
1.24e+02,4.03e+02,4.50e+01,3.90e+01
9.76e+01,1.82e+02,4.90e+01,4.00e+01
1.35e+02,3.02e+02,4.60e+01,3.90e+01
1.45e+02,3.19e+02,4.20e+01,3.70e+01
1.45e+02,3.66e+02,4.70e+01,3.90e+01
1.51e+02,5.07e+02,4.40e+01,3.70e+01
1.28e+02,2.85e+02,4.80e+01,3.90e+01
1.08e+02,2.17e+02,4.80e+01,3.90e+01
1.22e+02,4.06e+02,4.50e+01,3.70e+01
9.06e+01,2.01e+02,4.60e+01,3.90e+01
1.27e+02,2.31e+02,4.20e+01,3.50e+01
1.51e+02,3.48e+02,4.90e+01,4.00e+01
1.10e+02,1.76e+02,4.30e+01,3.80e+01
1.67e+02,3.60e+02,4.80e+01,3.90e+01
1.21e+02,4.15e+02,4.20e+01,3.60e+01
1.47e+02,4.58e+02,4.10e+01,3.50e+01
1.89e+02,4.89e+02,4.70e+01,3.80e+01
1.11e+02,1.56e+02,4.80e+01,3.90e+01
1.29e+02,2.95e+02,4.90e+01,4.00e+01
1.34e+02,3.65e+02,5.00e+01,4.00e+01
1.26e+02,2.85e+02,4.70e+01,4.00e+01
1.18e+02,2.25e+02,4.10e+01,3.50e+01
1.06e+02,2.49e+02,4.50e+01,3.90e+01
1.52e+02,4.44e+02,5.10e+01,4.10e+01
6.55e+01,1.18e+02,4.30e+01,3.60e+01
1.72e+02,4.96e+02,4.30e+01,3.70e+01
1.49e+02,4.23e+02,4.50e+01,3.80e+01
8.08e+01,1.66e+02,4.50e+01,3.70e+01
1.48e+02,2.76e+02,5.00e+01,4.00e+01
1.25e+02,3.19e+02,4.80e+01,4.00e+01
1.34e+02,4.50e+02,4.30e+01,3.60e+01
1.53e+02,3.90e+02,4.30e+01,3.60e+01
1.23e+02,2.80e+02,4.20e+01,3.60e+01
1.52e+02,3.34e+02,4.50e+01,3.70e+01
1.18e+02,3.94e+02,4.20e+01,3.70e+01
7.55e+01,2.27e+02,4.50e+01,3.90e+01
1.83e+02,5.24e+02,4.70e+01,4.00e+01
1.29e+02,2.57e+02,4.40e+01,3.70e+01
1.62e+02,4.41e+02,4.30e+01,3.70e+01
1.44e+02,5.17e+02,4.10e+01,3.50e+01
1.65e+02,4.45e+02,4.20e+01,3.60e+01
1.37e+02,4.30e+02,4.20e+01,3.60e+01
1.77e+02,3.60e+02,4.20e+01,3.70e+01
2.10e+02,5.20e+02,4.20e+01,3.60e+01
1.40e+02,3.22e+02,4.30e+01,3.60e+01
1.25e+02,3.34e+02,4.90e+01,4.10e+01
1.14e+02,2.95e+02,4.90e+01,4.10e+01
1.55e+02,4.10e+02,4.20e+01,3.70e+01
1.14e+02,3.38e+02,5.10e+01,4.10e+01
9.22e+01,2.19e+02,4.60e+01,3.80e+01
1.32e+02,3.58e+02,4.80e+01,3.90e+01
1.41e+02,3.08e+02,4.20e+01,3.70e+01
1.86e+02,5.07e+02,4.20e+01,3.60e+01
1.50e+02,3.67e+02,4.40e+01,3.70e+01
1.58e+02,3.71e+02,5.00e+01,4.10e+01
1.34e+02,3.22e+02,4.20e+01,3.60e+01
1.35e+02,3.07e+02,4.90e+01,4.00e+01
1.62e+02,5.76e+02,4.60e+01,3.90e+01
1.53e+02,3.64e+02,4.50e+01,3.70e+01
1.33e+02,4.81e+02,4.20e+01,3.70e+01
1.46e+02,4.33e+02,4.50e+01,3.90e+01
1.18e+02,3.69e+02,4.10e+01,3.50e+01
1.00e+02,1.57e+02,4.60e+01,3.90e+01
1.05e+02,2.15e+02,4.50e+01,3.80e+01
1.20e+02,2.70e+02,4.50e+01,3.90e+01
1.22e+02,2.77e+02,4.60e+01,3.80e+01
1.03e+02,2.32e+02,4.20e+01,3.60e+01
1.44e+02,2.60e+02,4.50e+01,3.70e+01
1.65e+02,3.87e+02,4.50e+01,3.70e+01
1.76e+02,5.78e+02,4.30e+01,3.60e+01
1.20e+02,3.59e+02,4.20e+01,3.60e+01
1.55e+02,4.35e+02,4.20e+01,3.70e+01
1.24e+02,2.36e+02,4.20e+01,3.60e+01
1.36e+02,3.87e+02,4.50e+01,3.90e+01
8.75e+01,1.53e+02,4.90e+01,4.10e+01
9.42e+01,1.83e+02,4.20e+01,3.60e+01
1.13e+02,3.61e+02,4.90e+01,4.00e+01
9.01e+01,2.43e+02,4.60e+01,3.90e+01
1.75e+02,5.59e+02,4.40e+01,3.70e+01
3.71e+01,1.25e+02,4.90e+01,4.00e+01
1.05e+02,1.93e+02,4.20e+01,3.70e+01
1.51e+02,3.66e+02,5.00e+01,4.00e+01
1.39e+02,3.57e+02,4.70e+01,3.90e+01
1.14e+02,2.73e+02,4.40e+01,3.80e+01
1.28e+02,2.99e+02,4.30e+01,3.70e+01
1.47e+02,3.80e+02,4.90e+01,4.00e+01
1.33e+02,3.83e+02,4.90e+01,4.00e+01
8.88e+01,1.96e+02,5.10e+01,4.10e+01
1.58e+02,3.51e+02,4.90e+01,4.00e+01
1.42e+02,4.00e+02,4.70e+01,3.90e+01
1.88e+02,4.29e+02,4.70e+01,3.90e+01
1.72e+02,4.55e+02,4.60e+01,4.00e+01
1.43e+02,4.27e+02,4.60e+01,3.90e+01
1.52e+02,4.34e+02,4.10e+01,3.50e+01
9.09e+01,1.86e+02,4.20e+01,3.70e+01
1.13e+02,2.99e+02,4.60e+01,4.00e+01
1.60e+02,4.16e+02,4.30e+01,3.60e+01
1.68e+02,5.36e+02,4.50e+01,3.90e+01
1.44e+02,3.22e+02,4.80e+01,3.90e+01
1.20e+02,1.85e+02,4.90e+01,4.10e+01
9.85e+01,2.89e+02,4.70e+01,3.90e+01
1.07e+02,3.73e+02,4.50e+01,3.90e+01
1.61e+02,3.63e+02,4.90e+01,4.10e+01
1.63e+02,6.08e+02,4.80e+01,3.90e+01
1.60e+02,3.18e+02,4.30e+01,3.70e+01
1.33e+02,3.59e+02,4.30e+01,3.70e+01
1.25e+02,2.88e+02,4.20e+01,3.70e+01
1.35e+02,3.07e+02,4.70e+01,3.90e+01
1.72e+02,4.86e+02,4.50e+01,3.90e+01
1.10e+02,2.93e+02,4.10e+01,3.50e+01
1.16e+02,2.64e+02,4.80e+01,3.90e+01
1.42e+02,2.50e+02,4.80e+01,4.00e+01
8.75e+01,1.53e+02,4.90e+01,4.00e+01
1.49e+02,3.66e+02,4.10e+01,3.50e+01
-4.74e+01,-1.06e+01,4.80e+01,4.00e+01
8.34e+01,1.70e+02,4.20e+01,3.60e+01
1.41e+02,2.55e+02,4.80e+01,3.90e+01
1.48e+02,3.65e+02,4.50e+01,3.90e+01
1.24e+02,4.19e+02,4.30e+01,3.80e+01
1.48e+02,3.85e+02,4.60e+01,3.90e+01
1.34e+02,3.88e+02,4.20e+01,3.70e+01
1.36e+02,2.48e+02,4.50e+01,3.90e+01
1.44e+02,4.63e+02,4.40e+01,3.70e+01
1.16e+02,3.29e+02,4.80e+01,3.90e+01
1.14e+02,2.77e+02,4.20e+01,3.60e+01
1.25e+02,3.47e+02,4.50e+01,3.90e+01
1.53e+02,3.94e+02,4.90e+01,4.00e+01
1.50e+02,4.93e+02,4.30e+01,3.70e+01
1.86e+02,7.14e+02,4.20e+01,3.60e+01
1.22e+02,2.93e+02,4.90e+01,4.00e+01
2.10e+02,5.90e+02,4.20e+01,3.60e+01
1.38e+02,2.50e+02,5.00e+01,4.00e+01
1.41e+02,2.77e+02,4.30e+01,3.60e+01
1.54e+02,3.98e+02,4.70e+01,4.00e+01
1.46e+02,3.54e+02,4.40e+01,3.70e+01
1.43e+02,4.37e+02,4.70e+01,3.90e+01
1.28e+02,3.26e+02,4.20e+01,3.60e+01
1.56e+02,3.26e+02,4.80e+01,3.90e+01
1.59e+02,3.81e+02,4.20e+01,3.60e+01
1.08e+02,1.88e+02,4.60e+01,3.80e+01
1.81e+02,4.68e+02,4.50e+01,3.90e+01
7.77e+01,1.62e+02,4.10e+01,3.50e+01
1.24e+02,2.92e+02,4.20e+01,3.60e+01
1.71e+02,5.27e+02,4.90e+01,4.00e+01
1.54e+02,4.15e+02,4.60e+01,3.90e+01
1.18e+02,3.07e+02,4.50e+01,3.90e+01
1.64e+02,5.04e+02,4.30e+01,3.60e+01
1.13e+02,2.95e+02,5.00e+01,4.00e+01
1.19e+02,3.54e+02,4.90e+01,4.10e+01
1.39e+02,3.46e+02,4.10e+01,3.50e+01
1.42e+02,2.68e+02,4.90e+01,4.00e+01
1.18e+02,3.46e+02,4.50e+01,3.90e+01
1.73e+02,5.16e+02,4.20e+01,3.70e+01
1.71e+02,4.73e+02,4.90e+01,4.00e+01
1.55e+02,4.37e+02,4.60e+01,3.90e+01
1.63e+02,3.75e+02,4.30e+01,3.80e+01
1.63e+02,6.12e+02,4.90e+01,4.00e+01
1.62e+02,3.36e+02,4.50e+01,3.90e+01
1.13e+02,2.79e+02,4.70e+01,3.90e+01
-4.42e+01,-1.92e+01,4.80e+01,3.90e+01
1.40e+02,2.57e+02,4.10e+01,3.50e+01
1.49e+02,3.65e+02,4.70e+01,3.90e+01
1.53e+02,3.78e+02,4.50e+01,3.70e+01
1.44e+02,2.94e+02,4.10e+01,3.50e+01
1.64e+02,4.13e+02,4.90e+01,4.00e+01
1.59e+02,3.77e+02,4.80e+01,3.90e+01
1.37e+02,2.93e+02,4.20e+01,3.60e+01
1.34e+02,4.04e+02,4.30e+01,3.70e+01
1.46e+02,3.70e+02,4.50e+01,3.90e+01
9.50e+01,2.00e+02,4.60e+01,3.90e+01
1.60e+02,5.74e+02,5.00e+01,4.00e+01
1.39e+02,4.71e+02,4.80e+01,3.90e+01
1.24e+02,3.37e+02,4.90e+01,4.10e+01
1.60e+02,4.29e+02,4.50e+01,3.90e+01
1.54e+02,4.22e+02,4.20e+01,3.70e+01
1.29e+02,1.98e+02,4.20e+01,3.70e+01
9.59e+01,1.73e+02,4.30e+01,3.60e+01
5.66e+01,2.23e+02,4.80e+01,3.90e+01
9.56e+01,1.65e+02,4.80e+01,3.90e+01
1.12e+02,2.30e+02,4.70e+01,3.90e+01
1.61e+02,4.18e+02,4.20e+01,3.60e+01
1.32e+02,2.55e+02,4.90e+01,4.00e+01
1.66e+02,4.51e+02,5.10e+01,4.10e+01
1.54e+02,5.21e+02,4.70e+01,3.90e+01
1.42e+02,2.80e+02,4.70e+01,3.90e+01
1.35e+02,2.70e+02,4.90e+01,4.00e+01
1.33e+02,4.00e+02,4.50e+01,3.70e+01
1.33e+02,4.19e+02,4.90e+01,4.10e+01
1.66e+02,4.71e+02,4.70e+01,3.90e+01
1.74e+02,4.59e+02,4.30e+01,3.70e+01
1.43e+02,3.64e+02,4.50e+01,3.90e+01
-4.28e+01,1.26e+01,4.70e+01,3.90e+01
1.43e+02,4.61e+02,4.40e+01,3.70e+01
1.29e+02,2.71e+02,5.00e+01,4.10e+01
1.86e+02,4.56e+02,4.90e+01,4.10e+01
1.04e+02,2.66e+02,4.10e+01,3.50e+01
1.47e+02,4.90e+02,5.00e+01,4.00e+01
1.45e+02,3.58e+02,4.40e+01,3.80e+01
1.20e+02,3.56e+02,4.20e+01,3.70e+01
1.31e+02,2.80e+02,4.20e+01,3.70e+01
1.38e+02,1.97e+02,4.30e+01,3.60e+01
1.18e+02,3.22e+02,4.90e+01,4.00e+01
1.82e+02,6.15e+02,4.60e+01,4.00e+01
1.65e+02,3.81e+02,4.90e+01,4.00e+01
1.31e+02,3.48e+02,4.50e+01,3.70e+01
1.19e+02,2.18e+02,4.50e+01,3.90e+01
1.50e+02,5.46e+02,4.20e+01,3.60e+01
9.57e+01,2.18e+02,4.20e+01,3.60e+01
1.35e+02,2.72e+02,4.40e+01,3.70e+01
1.64e+02,4.38e+02,5.10e+01,4.10e+01
1.55e+02,3.16e+02,4.20e+01,3.70e+01
1.01e+02,3.22e+02,4.50e+01,3.90e+01
1.04e+02,2.32e+02,4.20e+01,3.60e+01
1.27e+02,2.17e+02,4.30e+01,3.80e+01
1.42e+02,4.12e+02,4.40e+01,3.70e+01
1.07e+02,3.28e+02,4.60e+01,3.90e+01
7.93e+01,2.94e+02,4.20e+01,3.70e+01
1.13e+02,3.27e+02,4.10e+01,3.50e+01
1.16e+02,3.46e+02,4.20e+01,3.60e+01
1.15e+02,2.82e+02,4.20e+01,3.70e+01
1.64e+02,4.60e+02,4.70e+01,3.90e+01
6.72e+01,1.46e+02,4.40e+01,3.70e+01
1.58e+02,4.07e+02,4.20e+01,3.60e+01
1.45e+02,4.36e+02,4.70e+01,3.90e+01
1.45e+02,3.44e+02,4.20e+01,3.60e+01
1.50e+02,3.59e+02,4.20e+01,3.70e+01
1.30e+02,3.56e+02,4.50e+01,3.90e+01
1.60e+02,4.22e+02,4.50e+01,3.70e+01
9.20e+01,1.96e+02,4.10e+01,3.50e+01
1.17e+02,2.51e+02,4.70e+01,3.90e+01
1.43e+02,4.46e+02,4.80e+01,3.90e+01
1.07e+02,2.15e+02,4.30e+01,3.60e+01
9.89e+01,3.45e+02,4.30e+01,3.60e+01
1.12e+02,3.25e+02,4.30e+01,3.70e+01
1.74e+02,4.38e+02,5.00e+01,4.00e+01
1.34e+02,2.20e+02,4.20e+01,3.70e+01
1.27e+02,2.44e+02,4.90e+01,4.10e+01
1.41e+02,3.31e+02,4.40e+01,3.80e+01
1.54e+02,4.25e+02,4.90e+01,4.00e+01
9.36e+01,2.30e+02,4.40e+01,3.70e+01
