-5.00e+02,-5.00e+02,6.00e+00,1.00e+01
-5.00e+02,-5.00e+02,6.00e+00,1.00e+01
-4.97e+02,-4.86e+02,5.00e+00,1.00e+01
-5.00e+02,-5.00e+02,4.00e+00,1.00e+01
-5.00e+02,-5.00e+02,3.00e+00,1.00e+01
-4.97e+02,-4.81e+02,7.00e+00,1.00e+01
-5.00e+02,-5.00e+02,5.00e+00,1.00e+01
-5.00e+02,-4.99e+02,6.00e+00,1.00e+01
-4.99e+02,-4.95e+02,6.00e+00,1.00e+01
-4.94e+02,-4.67e+02,4.00e+00,1.00e+01
-5.00e+02,-5.00e+02,3.00e+00,1.00e+01
-5.00e+02,-5.00e+02,0.00e+00,1.00e+01
-4.99e+02,-4.96e+02,7.00e+00,1.00e+01
-5.00e+02,-5.00e+02,3.00e+00,1.00e+01
-5.00e+02,-5.00e+02,4.00e+00,1.00e+01
-5.00e+02,-5.00e+02,4.00e+00,1.00e+01
-5.00e+02,-5.00e+02,2.00e+00,1.00e+01
-4.50e+02,-2.31e+02,6.00e+00,1.00e+01
-5.00e+02,-5.00e+02,6.00e+00,1.00e+01
-4.98e+02,-4.93e+02,8.00e+00,1.00e+01
-5.00e+02,-5.00e+02,6.00e+00,1.00e+01
-5.00e+02,-5.00e+02,3.00e+00,1.00e+01
-5.00e+02,-5.00e+02,7.00e+00,1.00e+01
-4.98e+02,-4.90e+02,5.00e+00,1.00e+01
-4.98e+02,-4.88e+02,5.00e+00,1.00e+01
-5.00e+02,-5.00e+02,1.00e+00,1.00e+01
-5.00e+02,-5.00e+02,3.00e+00,1.00e+01
-5.00e+02,-5.00e+02,5.00e+00,1.00e+01
-5.00e+02,-5.00e+02,1.00e+00,1.00e+01
-5.00e+02,-5.00e+02,4.00e+00,1.00e+01
-4.99e+02,-4.98e+02,8.00e+00,1.00e+01
-5.00e+02,-5.00e+02,0.00e+00,1.00e+01
-5.00e+02,-5.00e+02,2.00e+00,1.00e+01
-4.72e+02,-3.37e+02,6.00e+00,1.00e+01
-4.99e+02,-4.97e+02,5.00e+00,1.00e+01
-5.00e+02,-5.00e+02,6.00e+00,1.00e+01
-5.00e+02,-5.00e+02,4.00e+00,1.00e+01
-5.00e+02,-5.00e+02,3.00e+00,1.00e+01
-5.00e+02,-5.00e+02,4.00e+00,1.00e+01
-5.00e+02,-5.00e+02,5.00e+00,1.00e+01
-5.00e+02,-4.99e+02,4.00e+00,1.00e+01
-5.00e+02,-5.00e+02,1.00e+00,1.00e+01
-4.61e+02,-3.15e+02,8.00e+00,1.00e+01
-5.00e+02,-4.99e+02,6.00e+00,1.00e+01
-5.00e+02,-5.00e+02,6.00e+00,1.00e+01
-5.00e+02,-5.00e+02,4.00e+00,1.00e+01
-5.00e+02,-5.00e+02,3.00e+00,1.00e+01
-5.00e+02,-5.00e+02,5.00e+00,1.00e+01
-5.00e+02,-5.00e+02,3.00e+00,1.00e+01
-5.00e+02,-5.00e+02,7.00e+00,1.00e+01
-5.00e+02,-5.00e+02,4.00e+00,1.00e+01
-5.00e+02,-5.00e+02,3.00e+00,1.00e+01
-5.00e+02,-5.00e+02,5.00e+00,1.00e+01
-5.00e+02,-4.99e+02,6.00e+00,1.00e+01
-5.00e+02,-5.00e+02,6.00e+00,1.00e+01
-4.93e+02,-4.60e+02,5.00e+00,1.00e+01
-4.96e+02,-4.78e+02,3.00e+00,1.00e+01
-5.00e+02,-5.00e+02,3.00e+00,1.00e+01
-5.00e+02,-5.00e+02,4.00e+00,1.00e+01
-5.00e+02,-5.00e+02,1.00e+00,1.00e+01
-5.00e+02,-5.00e+02,2.00e+00,1.00e+01
-5.00e+02,-5.00e+02,3.00e+00,1.00e+01
-5.00e+02,-5.00e+02,4.00e+00,1.00e+01
-5.00e+02,-4.99e+02,3.00e+00,1.00e+01
-5.00e+02,-5.00e+02,6.00e+00,1.00e+01
-5.00e+02,-5.00e+02,4.00e+00,1.00e+01
-4.97e+02,-4.83e+02,5.00e+00,1.00e+01
-5.00e+02,-5.00e+02,3.00e+00,1.00e+01
-5.00e+02,-4.99e+02,7.00e+00,1.00e+01
-5.00e+02,-5.00e+02,3.00e+00,1.00e+01
-5.00e+02,-5.00e+02,3.00e+00,1.00e+01
-5.00e+02,-5.00e+02,7.00e+00,1.00e+01
-5.00e+02,-5.00e+02,4.00e+00,1.00e+01
-5.00e+02,-5.00e+02,6.00e+00,1.00e+01
-5.00e+02,-5.00e+02,4.00e+00,1.00e+01
-5.00e+02,-5.00e+02,7.00e+00,1.00e+01
-5.00e+02,-5.00e+02,2.00e+00,1.00e+01
-5.00e+02,-5.00e+02,3.00e+00,1.00e+01
-4.90e+02,-4.41e+02,7.00e+00,1.00e+01
-5.00e+02,-5.00e+02,6.00e+00,1.00e+01
-4.82e+02,-3.94e+02,7.00e+00,1.00e+01
-5.00e+02,-5.00e+02,0.00e+00,1.00e+01
-5.00e+02,-5.00e+02,6.00e+00,1.00e+01
-5.00e+02,-5.00e+02,4.00e+00,1.00e+01
-5.00e+02,-5.00e+02,4.00e+00,1.00e+01
-5.00e+02,-5.00e+02,4.00e+00,1.00e+01
-5.00e+02,-5.00e+02,3.00e+00,1.00e+01
-4.99e+02,-4.97e+02,4.00e+00,1.00e+01
-5.00e+02,-5.00e+02,4.00e+00,1.00e+01
-5.00e+02,-5.00e+02,3.00e+00,1.00e+01
-5.00e+02,-5.00e+02,5.00e+00,1.00e+01
-5.00e+02,-5.00e+02,6.00e+00,1.00e+01
-5.00e+02,-5.00e+02,4.00e+00,1.00e+01
-5.00e+02,-5.00e+02,5.00e+00,1.00e+01
-5.00e+02,-5.00e+02,1.00e+00,1.00e+01
-4.79e+02,-3.73e+02,6.00e+00,1.00e+01
-5.00e+02,-5.00e+02,4.00e+00,1.00e+01
-5.00e+02,-5.00e+02,3.00e+00,1.00e+01
-5.00e+02,-5.00e+02,5.00e+00,1.00e+01
-5.00e+02,-5.00e+02,3.00e+00,1.00e+01
-5.00e+02,-5.00e+02,4.00e+00,1.00e+01
-5.00e+02,-4.99e+02,4.00e+00,1.00e+01
-5.00e+02,-5.00e+02,8.00e+00,1.00e+01
-5.00e+02,-5.00e+02,3.00e+00,1.00e+01
-5.00e+02,-5.00e+02,6.00e+00,1.00e+01
-5.00e+02,-5.00e+02,5.00e+00,1.00e+01
-5.00e+02,-5.00e+02,3.00e+00,1.00e+01
-5.00e+02,-5.00e+02,5.00e+00,1.00e+01
-5.00e+02,-5.00e+02,4.00e+00,1.00e+01
-4.99e+02,-4.94e+02,3.00e+00,1.00e+01
-5.00e+02,-5.00e+02,2.00e+00,1.00e+01
-5.00e+02,-5.00e+02,6.00e+00,1.00e+01
-5.00e+02,-5.00e+02,2.00e+00,1.00e+01
-5.00e+02,-5.00e+02,7.00e+00,1.00e+01
-5.00e+02,-5.00e+02,4.00e+00,1.00e+01
-4.39e+02,-1.81e+02,3.00e+00,1.00e+01
-5.00e+02,-5.00e+02,3.00e+00,1.00e+01
-5.00e+02,-5.00e+02,6.00e+00,1.00e+01
-4.95e+02,-4.85e+02,7.00e+00,1.00e+01
-5.00e+02,-5.00e+02,4.00e+00,1.00e+01
-4.76e+02,-3.57e+02,3.00e+00,1.00e+01
-5.00e+02,-5.00e+02,4.00e+00,1.00e+01
-5.00e+02,-5.00e+02,3.00e+00,1.00e+01
-5.00e+02,-5.00e+02,6.00e+00,1.00e+01
-4.99e+02,-4.96e+02,5.00e+00,1.00e+01
-5.00e+02,-5.00e+02,4.00e+00,1.00e+01
-5.00e+02,-5.00e+02,4.00e+00,1.00e+01
-5.00e+02,-5.00e+02,4.00e+00,1.00e+01
-4.99e+02,-4.96e+02,5.00e+00,1.00e+01
-5.00e+02,-5.00e+02,4.00e+00,1.00e+01
-5.00e+02,-5.00e+02,5.00e+00,1.00e+01
-5.00e+02,-5.00e+02,4.00e+00,1.00e+01
-5.00e+02,-5.00e+02,3.00e+00,1.00e+01
-5.00e+02,-5.00e+02,3.00e+00,1.00e+01
-5.00e+02,-5.00e+02,3.00e+00,1.00e+01
-4.49e+02,-2.65e+02,5.00e+00,1.00e+01
-4.81e+02,-3.90e+02,5.00e+00,1.00e+01
-5.00e+02,-5.00e+02,3.00e+00,1.00e+01
-5.00e+02,-5.00e+02,3.00e+00,1.00e+01
-5.00e+02,-5.00e+02,4.00e+00,1.00e+01
-5.00e+02,-5.00e+02,4.00e+00,1.00e+01
-4.94e+02,-4.65e+02,6.00e+00,1.00e+01
-5.00e+02,-5.00e+02,5.00e+00,1.00e+01
-5.00e+02,-5.00e+02,4.00e+00,1.00e+01
-5.00e+02,-5.00e+02,4.00e+00,1.00e+01
-5.00e+02,-5.00e+02,8.00e+00,1.00e+01
-5.00e+02,-5.00e+02,4.00e+00,1.00e+01
-5.00e+02,-5.00e+02,7.00e+00,1.00e+01
-5.00e+02,-5.00e+02,3.00e+00,1.00e+01
-5.00e+02,-5.00e+02,4.00e+00,1.00e+01
-4.87e+02,-4.23e+02,6.00e+00,1.00e+01
-5.00e+02,-5.00e+02,0.00e+00,1.00e+01
-5.00e+02,-5.00e+02,7.00e+00,1.00e+01
-4.99e+02,-4.95e+02,3.00e+00,1.00e+01
-5.00e+02,-5.00e+02,3.00e+00,1.00e+01
-5.00e+02,-5.00e+02,2.00e+00,1.00e+01
-5.00e+02,-5.00e+02,3.00e+00,1.00e+01
-5.00e+02,-5.00e+02,3.00e+00,1.00e+01
-5.00e+02,-4.99e+02,2.00e+00,1.00e+01
-5.00e+02,-5.00e+02,7.00e+00,1.00e+01
-5.00e+02,-5.00e+02,4.00e+00,1.00e+01
-5.00e+02,-5.00e+02,2.00e+00,1.00e+01
-4.90e+02,-4.43e+02,5.00e+00,1.00e+01
-5.00e+02,-5.00e+02,3.00e+00,1.00e+01
-5.00e+02,-5.00e+02,7.00e+00,1.00e+01
-5.00e+02,-5.00e+02,4.00e+00,1.00e+01
-5.00e+02,-5.00e+02,2.00e+00,1.00e+01
-4.85e+02,-4.09e+02,8.00e+00,1.00e+01
-5.00e+02,-5.00e+02,3.00e+00,1.00e+01
-5.00e+02,-5.00e+02,3.00e+00,1.00e+01
-4.98e+02,-4.90e+02,4.00e+00,1.00e+01
-5.00e+02,-5.00e+02,5.00e+00,1.00e+01
-5.00e+02,-5.00e+02,6.00e+00,1.00e+01
-5.00e+02,-5.00e+02,5.00e+00,1.00e+01
-5.00e+02,-5.00e+02,1.00e+00,1.00e+01
-5.00e+02,-5.00e+02,5.00e+00,1.00e+01
-5.00e+02,-5.00e+02,4.00e+00,1.00e+01
-4.99e+02,-4.97e+02,5.00e+00,1.00e+01
-5.00e+02,-5.00e+02,5.00e+00,1.00e+01
-4.99e+02,-4.93e+02,7.00e+00,1.00e+01
-4.94e+02,-4.65e+02,5.00e+00,1.00e+01
-5.00e+02,-5.00e+02,5.00e+00,1.00e+01
-5.00e+02,-5.00e+02,3.00e+00,1.00e+01
-5.00e+02,-5.00e+02,1.00e+00,1.00e+01
-5.00e+02,-4.99e+02,5.00e+00,1.00e+01
-4.98e+02,-4.91e+02,6.00e+00,1.00e+01
-5.00e+02,-5.00e+02,6.00e+00,1.00e+01
-5.00e+02,-5.00e+02,4.00e+00,1.00e+01
-5.00e+02,-5.00e+02,4.00e+00,1.00e+01
-5.00e+02,-4.99e+02,4.00e+00,1.00e+01
-5.00e+02,-5.00e+02,5.00e+00,1.00e+01
-5.00e+02,-5.00e+02,5.00e+00,1.00e+01
