-2.24e+02,-5.55e+01,2.90e+01,1.70e+01
-2.19e+02,-6.57e+01,3.40e+01,1.90e+01
-2.20e+02,-6.80e+01,3.10e+01,1.80e+01
-2.22e+02,-6.91e+01,3.00e+01,1.70e+01
-2.28e+02,-5.88e+01,2.90e+01,1.70e+01
-2.22e+02,-6.71e+01,3.40e+01,2.00e+01
-2.31e+02,-6.18e+01,3.00e+01,1.70e+01
-2.26e+02,-8.37e+01,3.10e+01,1.80e+01
-2.17e+02,-5.71e+01,3.20e+01,1.80e+01
-2.32e+02,-6.43e+01,3.30e+01,1.80e+01
-2.27e+02,-6.60e+01,2.90e+01,1.70e+01
-2.27e+02,-5.65e+01,3.50e+01,2.00e+01
-2.32e+02,-6.08e+01,3.00e+01,1.70e+01
-2.22e+02,-7.46e+01,3.10e+01,1.60e+01
-2.17e+02,-5.98e+01,3.40e+01,2.00e+01
-2.28e+02,-6.29e+01,2.90e+01,1.70e+01
-2.25e+02,-5.77e+01,3.30e+01,1.90e+01
-2.35e+02,-7.30e+01,3.00e+01,1.70e+01
-2.21e+02,-5.66e+01,2.90e+01,1.70e+01
-2.54e+02,-8.56e+01,3.50e+01,1.90e+01
-2.22e+02,-6.60e+01,3.40e+01,1.90e+01
-2.19e+02,-6.69e+01,3.20e+01,1.80e+01
-2.34e+02,-5.48e+01,2.90e+01,1.70e+01
-2.21e+02,-6.39e+01,3.10e+01,1.70e+01
-2.22e+02,-5.90e+01,3.40e+01,2.00e+01
-4.39e+02,-1.34e+02,3.00e+01,1.70e+01
-4.75e+02,-3.51e+02,3.10e+01,1.80e+01
-2.31e+02,-5.49e+01,3.20e+01,1.80e+01
-2.20e+02,-6.81e+01,3.10e+01,1.70e+01
-2.25e+02,-6.88e+01,3.30e+01,1.80e+01
-2.20e+02,-6.81e+01,3.40e+01,2.00e+01
-2.23e+02,-5.92e+01,3.00e+01,1.70e+01
-2.23e+02,-6.93e+01,3.50e+01,1.90e+01
-3.27e+02,-9.54e+01,3.50e+01,2.00e+01
-2.36e+02,-6.17e+01,2.90e+01,1.70e+01
-2.24e+02,-5.64e+01,3.20e+01,1.80e+01
-2.35e+02,-7.48e+01,2.90e+01,1.70e+01
-2.33e+02,-7.77e+01,3.20e+01,1.80e+01
-2.25e+02,-7.70e+01,3.10e+01,1.80e+01
-2.36e+02,-5.76e+01,3.50e+01,2.00e+01
-2.16e+02,-5.85e+01,3.20e+01,1.80e+01
-2.21e+02,-5.83e+01,3.40e+01,2.00e+01
-2.26e+02,-5.88e+01,3.00e+01,1.70e+01
-3.47e+02,-1.62e+02,3.40e+01,1.90e+01
-2.33e+02,-6.34e+01,3.00e+01,1.70e+01
-2.46e+02,-9.77e+01,3.50e+01,2.00e+01
-2.26e+02,-7.32e+01,3.50e+01,1.90e+01
-2.32e+02,-6.78e+01,3.20e+01,1.80e+01
-2.35e+02,-6.75e+01,3.00e+01,1.70e+01
-2.20e+02,-6.39e+01,2.90e+01,1.70e+01
-2.23e+02,-6.43e+01,3.10e+01,1.80e+01
-2.41e+02,-8.09e+01,3.20e+01,1.80e+01
-2.28e+02,-7.91e+01,3.00e+01,1.70e+01
-2.28e+02,-5.33e+01,2.90e+01,1.70e+01
-2.22e+02,-6.71e+01,3.20e+01,1.90e+01
-2.28e+02,-7.19e+01,3.00e+01,1.70e+01
-2.94e+02,-9.34e+01,3.50e+01,2.00e+01
-2.28e+02,-6.04e+01,3.00e+01,1.70e+01
-2.17e+02,-5.98e+01,3.30e+01,1.80e+01
-3.05e+02,-8.05e+01,2.90e+01,1.70e+01
-4.18e+02,-2.22e+02,3.20e+01,1.90e+01
-2.23e+02,-5.18e+01,2.90e+01,1.70e+01
-2.30e+02,-6.95e+01,3.10e+01,1.80e+01
-2.20e+02,-5.14e+01,3.30e+01,1.80e+01
-2.23e+02,-6.22e+01,3.00e+01,1.70e+01
-2.27e+02,-5.40e+01,3.00e+01,1.80e+01
-2.25e+02,-5.79e+01,3.10e+01,1.80e+01
-2.19e+02,-6.15e+01,3.20e+01,1.80e+01
-2.21e+02,-5.81e+01,3.20e+01,1.80e+01
-4.34e+02,-1.07e+02,3.10e+01,1.80e+01
-2.34e+02,-6.09e+01,3.00e+01,1.80e+01
-2.30e+02,-6.46e+01,3.20e+01,1.90e+01
-2.19e+02,-6.59e+01,3.20e+01,1.80e+01
-2.83e+02,-7.02e+01,3.20e+01,1.60e+01
-2.21e+02,-5.62e+01,3.10e+01,1.80e+01
-4.99e+02,-4.95e+02,3.00e+01,1.70e+01
-2.93e+02,-7.06e+01,3.50e+01,1.90e+01
-5.00e+02,-5.00e+02,3.20e+01,1.80e+01
-2.61e+02,-7.04e+01,3.20e+01,1.70e+01
-2.20e+02,-6.68e+01,3.10e+01,1.80e+01
-4.79e+02,-3.74e+02,3.10e+01,1.80e+01
-2.77e+02,-5.79e+01,3.40e+01,1.90e+01
-2.96e+02,-7.61e+01,3.10e+01,1.80e+01
-2.65e+02,-1.18e+02,3.40e+01,1.80e+01
-2.23e+02,-6.36e+01,3.50e+01,2.10e+01
-2.38e+02,-7.80e+01,3.20e+01,1.80e+01
-2.28e+02,-6.12e+01,3.50e+01,1.90e+01
-2.22e+02,-5.22e+01,3.50e+01,1.90e+01
-2.31e+02,-5.58e+01,2.90e+01,1.70e+01
-2.15e+02,-6.33e+01,3.50e+01,1.90e+01
-2.20e+02,-6.38e+01,3.20e+01,1.80e+01
-2.21e+02,-6.16e+01,3.20e+01,1.90e+01
-3.48e+02,-6.71e+01,3.50e+01,1.90e+01
-2.20e+02,-6.41e+01,3.60e+01,2.00e+01
-3.79e+02,-1.12e+02,3.00e+01,1.60e+01
-2.31e+02,-4.99e+01,3.00e+01,1.70e+01
-2.74e+02,-5.91e+01,3.10e+01,1.80e+01
-2.25e+02,-4.64e+01,3.50e+01,2.00e+01
-2.29e+02,-5.62e+01,3.10e+01,1.70e+01
-2.20e+02,-6.17e+01,3.50e+01,2.00e+01
-3.83e+02,-8.23e+01,3.20e+01,1.80e+01
-2.73e+02,-6.49e+01,3.40e+01,1.90e+01
-2.39e+02,-7.54e+01,3.00e+01,1.70e+01
-2.38e+02,-8.26e+01,3.00e+01,1.80e+01
-2.58e+02,-6.68e+01,3.10e+01,1.80e+01
-2.38e+02,-7.47e+01,2.90e+01,1.70e+01
-2.34e+02,-5.35e+01,3.00e+01,1.70e+01
-2.25e+02,-7.92e+01,3.20e+01,1.80e+01
-2.28e+02,-6.40e+01,3.30e+01,1.80e+01
-4.47e+02,-1.83e+02,3.40e+01,1.90e+01
-2.28e+02,-7.54e+01,3.40e+01,1.90e+01
-2.32e+02,-6.48e+01,3.40e+01,1.90e+01
-2.22e+02,-6.42e+01,3.50e+01,2.00e+01
-2.24e+02,-5.44e+01,3.10e+01,1.80e+01
-2.29e+02,-6.59e+01,3.10e+01,1.80e+01
-4.33e+02,-2.63e+02,3.00e+01,1.80e+01
-2.26e+02,-5.83e+01,3.00e+01,1.70e+01
-2.24e+02,-5.96e+01,2.90e+01,1.70e+01
-2.22e+02,-6.61e+01,3.10e+01,1.80e+01
-2.22e+02,-5.05e+01,3.10e+01,1.80e+01
-2.26e+02,-5.94e+01,3.60e+01,2.00e+01
-2.29e+02,-7.36e+01,3.50e+01,2.00e+01
-4.85e+02,-4.37e+02,3.00e+01,1.70e+01
-2.21e+02,-6.85e+01,3.40e+01,1.80e+01
-3.63e+02,-8.00e+01,3.00e+01,1.80e+01
-2.44e+02,-6.00e+01,3.20e+01,1.80e+01
-2.26e+02,-7.05e+01,3.00e+01,1.80e+01
-2.25e+02,-7.65e+01,3.40e+01,1.90e+01
-2.35e+02,-6.95e+01,3.10e+01,1.60e+01
-2.26e+02,-7.00e+01,3.10e+01,1.80e+01
-4.35e+02,-1.10e+02,3.40e+01,1.90e+01
-2.63e+02,-7.43e+01,3.40e+01,2.00e+01
-2.20e+02,-6.13e+01,3.40e+01,1.90e+01
-2.24e+02,-6.33e+01,3.40e+01,1.90e+01
-2.24e+02,-6.28e+01,3.00e+01,1.70e+01
-3.11e+02,-8.73e+01,3.10e+01,1.70e+01
-2.44e+02,-6.19e+01,3.00e+01,1.70e+01
-3.64e+02,-8.44e+01,3.10e+01,1.80e+01
-2.37e+02,-6.02e+01,3.30e+01,1.90e+01
-2.32e+02,-7.83e+01,3.70e+01,2.10e+01
-2.30e+02,-7.51e+01,3.10e+01,1.80e+01
-2.21e+02,-7.11e+01,3.30e+01,1.90e+01
-2.25e+02,-6.31e+01,3.40e+01,1.80e+01
-2.69e+02,-9.26e+01,3.00e+01,1.70e+01
-2.24e+02,-7.38e+01,3.20e+01,1.70e+01
-2.23e+02,-6.91e+01,3.20e+01,1.90e+01
-2.23e+02,-5.98e+01,3.40e+01,1.90e+01
-2.35e+02,-5.91e+01,3.00e+01,1.70e+01
-2.34e+02,-8.34e+01,3.00e+01,1.70e+01
-2.99e+02,-5.51e+01,2.90e+01,1.70e+01
-2.35e+02,-5.92e+01,3.00e+01,1.70e+01
-2.22e+02,-6.06e+01,3.50e+01,2.10e+01
-2.24e+02,-5.96e+01,3.10e+01,1.70e+01
-2.17e+02,-6.23e+01,3.20e+01,1.80e+01
-2.19e+02,-6.43e+01,3.20e+01,1.80e+01
-3.59e+02,-6.70e+01,3.40e+01,1.90e+01
-2.29e+02,-6.58e+01,3.50e+01,2.00e+01
-2.32e+02,-6.48e+01,3.60e+01,2.10e+01
-2.22e+02,-6.67e+01,3.00e+01,1.70e+01
-2.26e+02,-6.99e+01,3.10e+01,1.70e+01
-2.20e+02,-5.42e+01,3.50e+01,2.00e+01
-2.17e+02,-6.31e+01,3.30e+01,1.80e+01
-4.26e+02,-6.01e+01,3.40e+01,1.90e+01
-2.24e+02,-6.88e+01,3.20e+01,1.80e+01
-3.14e+02,-8.03e+01,3.00e+01,1.70e+01
-2.30e+02,-5.84e+01,3.00e+01,1.70e+01
-2.33e+02,-7.14e+01,3.00e+01,1.70e+01
-2.89e+02,-1.09e+02,3.40e+01,2.00e+01
-2.28e+02,-7.89e+01,3.10e+01,1.70e+01
-2.97e+02,-6.87e+01,3.00e+01,1.80e+01
-2.27e+02,-6.14e+01,3.40e+01,1.90e+01
-5.00e+02,-5.00e+02,3.00e+01,1.70e+01
-2.23e+02,-7.15e+01,3.50e+01,2.00e+01
-2.30e+02,-5.37e+01,3.60e+01,2.10e+01
-3.16e+02,-6.16e+01,3.20e+01,1.80e+01
-2.32e+02,-5.97e+01,3.00e+01,1.70e+01
-2.20e+02,-5.17e+01,3.40e+01,1.80e+01
-4.98e+02,-4.89e+02,3.00e+01,1.70e+01
-2.55e+02,-6.73e+01,3.00e+01,1.80e+01
-2.14e+02,-6.04e+01,3.20e+01,1.80e+01
-4.21e+02,-8.10e+01,3.30e+01,1.80e+01
-3.09e+02,-7.22e+01,2.90e+01,1.70e+01
-2.26e+02,-6.85e+01,3.10e+01,1.70e+01
-2.19e+02,-6.45e+01,3.50e+01,2.00e+01
-2.25e+02,-6.62e+01,3.20e+01,1.80e+01
-2.24e+02,-6.52e+01,3.00e+01,1.70e+01
-2.30e+02,-5.62e+01,3.40e+01,2.00e+01
-2.32e+02,-6.59e+01,3.00e+01,1.70e+01
-2.28e+02,-6.81e+01,3.10e+01,1.70e+01
-2.35e+02,-5.26e+01,2.90e+01,1.70e+01
-2.92e+02,-6.93e+01,2.90e+01,1.70e+01
-3.84e+02,-9.04e+01,3.00e+01,1.80e+01
