-1.58e+02,-7.17e+01,9.90e+01,4.60e+01
-2.23e+02,-5.67e+01,9.10e+01,4.60e+01
-2.27e+02,-7.67e+01,9.00e+01,4.50e+01
-1.57e+02,-6.82e+01,9.50e+01,4.30e+01
-1.59e+02,-6.32e+01,9.90e+01,4.60e+01
-1.66e+02,-7.78e+01,1.00e+02,4.60e+01
-2.16e+02,-5.02e+01,9.10e+01,4.60e+01
-1.63e+02,-8.05e+01,9.50e+01,4.30e+01
-2.22e+02,-5.57e+01,9.10e+01,4.60e+01
-1.58e+02,-6.36e+01,9.20e+01,4.20e+01
-1.59e+02,-6.06e+01,9.40e+01,4.40e+01
-1.53e+02,-5.32e+01,9.50e+01,4.30e+01
-1.61e+02,-6.56e+01,1.00e+02,4.60e+01
-1.71e+02,-7.75e+01,9.40e+01,4.40e+01
-1.64e+02,-6.49e+01,9.20e+01,4.20e+01
-1.67e+02,-7.03e+01,9.40e+01,4.20e+01
-2.27e+02,-7.49e+01,8.90e+01,4.50e+01
-2.27e+02,-6.28e+01,9.00e+01,4.50e+01
-1.62e+02,-5.92e+01,9.70e+01,4.40e+01
-1.77e+02,-7.32e+01,1.00e+02,4.60e+01
-2.25e+02,-6.07e+01,9.00e+01,4.50e+01
-2.30e+02,-5.09e+01,9.10e+01,4.60e+01
-2.63e+02,-9.02e+01,9.50e+01,4.30e+01
-1.62e+02,-6.32e+01,1.02e+02,4.70e+01
-2.21e+02,-5.82e+01,9.10e+01,4.60e+01
-1.53e+02,-6.11e+01,9.90e+01,4.40e+01
-1.63e+02,-7.46e+01,1.00e+02,4.60e+01
-1.59e+02,-6.88e+01,9.80e+01,4.40e+01
-1.95e+02,-6.73e+01,1.00e+02,4.60e+01
-1.65e+02,-7.87e+01,9.90e+01,4.60e+01
-1.61e+02,-7.21e+01,9.60e+01,4.40e+01
-2.28e+02,-5.46e+01,9.20e+01,4.60e+01
-1.60e+02,-6.86e+01,9.50e+01,4.30e+01
-1.54e+02,-5.84e+01,1.01e+02,4.70e+01
-2.24e+02,-6.13e+01,9.30e+01,4.70e+01
-1.60e+02,-7.10e+01,9.50e+01,4.50e+01
-2.25e+02,-5.43e+01,9.10e+01,4.60e+01
-2.25e+02,-6.74e+01,9.20e+01,4.60e+01
-2.18e+02,-5.61e+01,8.90e+01,4.50e+01
-1.56e+02,-6.47e+01,1.00e+02,4.70e+01
-1.66e+02,-8.62e+01,9.40e+01,4.30e+01
-1.52e+02,-5.44e+01,1.00e+02,4.60e+01
-1.95e+02,-6.66e+01,1.00e+02,4.70e+01
-2.60e+02,-9.65e+01,9.10e+01,4.60e+01
-2.22e+02,-5.64e+01,9.30e+01,4.70e+01
-1.62e+02,-6.37e+01,9.50e+01,4.30e+01
-2.19e+02,-6.16e+01,9.10e+01,4.50e+01
-1.62e+02,-7.53e+01,9.40e+01,4.30e+01
-1.60e+02,-6.72e+01,9.50e+01,4.30e+01
-2.87e+02,-7.55e+01,1.00e+02,4.60e+01
-1.67e+02,-6.58e+01,1.01e+02,4.60e+01
-5.00e+02,-5.00e+02,9.00e+01,4.50e+01
-2.21e+02,-4.63e+01,9.10e+01,4.50e+01
-2.39e+02,-7.13e+01,9.00e+01,4.50e+01
-1.74e+02,-8.09e+01,9.30e+01,4.20e+01
-1.66e+02,-6.27e+01,9.20e+01,4.20e+01
-2.27e+02,-7.26e+01,9.00e+01,4.50e+01
-2.18e+02,-5.20e+01,9.10e+01,4.60e+01
-1.60e+02,-7.18e+01,9.60e+01,4.50e+01
-2.32e+02,-6.54e+01,9.20e+01,4.60e+01
-1.59e+02,-6.71e+01,1.00e+02,4.60e+01
-1.70e+02,-7.13e+01,9.40e+01,4.40e+01
-1.60e+02,-6.15e+01,1.00e+02,4.60e+01
-1.61e+02,-6.12e+01,9.60e+01,4.30e+01
-2.96e+02,-8.41e+01,9.20e+01,4.60e+01
-1.61e+02,-6.33e+01,9.60e+01,4.30e+01
-1.59e+02,-7.14e+01,9.90e+01,4.60e+01
-1.64e+02,-7.42e+01,1.00e+02,4.60e+01
-1.54e+02,-5.96e+01,1.01e+02,4.70e+01
-1.73e+02,-7.68e+01,1.00e+02,4.60e+01
-1.61e+02,-8.02e+01,9.40e+01,4.40e+01
-2.40e+02,-9.63e+01,9.70e+01,4.50e+01
-1.69e+02,-9.17e+01,9.50e+01,4.30e+01
-2.20e+02,-5.10e+01,9.20e+01,4.60e+01
-2.25e+02,-5.87e+01,9.00e+01,4.50e+01
-2.25e+02,-6.75e+01,9.10e+01,4.60e+01
-1.64e+02,-6.87e+01,9.90e+01,4.60e+01
-2.27e+02,-7.32e+01,9.20e+01,4.60e+01
-2.19e+02,-5.67e+01,9.20e+01,4.60e+01
-2.23e+02,-5.80e+01,9.10e+01,4.60e+01
-1.97e+02,-6.31e+01,9.40e+01,4.40e+01
-2.20e+02,-5.80e+01,9.10e+01,4.50e+01
-2.27e+02,-4.86e+01,9.10e+01,4.60e+01
-1.56e+02,-5.95e+01,9.90e+01,4.60e+01
-2.21e+02,-5.46e+01,9.20e+01,4.70e+01
-2.23e+02,-6.51e+01,9.20e+01,4.60e+01
-2.16e+02,-5.02e+01,9.00e+01,4.50e+01
-1.64e+02,-7.22e+01,9.80e+01,4.40e+01
-1.56e+02,-6.21e+01,9.70e+01,4.40e+01
-1.57e+02,-6.28e+01,9.50e+01,4.30e+01
-1.64e+02,-7.54e+01,9.50e+01,4.30e+01
-1.58e+02,-5.66e+01,9.50e+01,4.20e+01
-1.61e+02,-7.09e+01,9.90e+01,4.60e+01
-1.73e+02,-6.73e+01,1.01e+02,4.70e+01
-1.61e+02,-7.85e+01,9.50e+01,4.30e+01
-2.25e+02,-6.02e+01,9.20e+01,4.60e+01
-1.52e+02,-5.59e+01,9.60e+01,4.40e+01
-2.19e+02,-6.02e+01,1.00e+02,4.70e+01
-2.20e+02,-6.03e+01,9.20e+01,4.70e+01
-2.32e+02,-6.18e+01,9.30e+01,4.70e+01
-1.60e+02,-5.85e+01,9.90e+01,4.60e+01
-1.61e+02,-7.01e+01,9.90e+01,4.60e+01
-1.54e+02,-6.11e+01,9.70e+01,4.40e+01
-1.59e+02,-6.22e+01,1.00e+02,4.60e+01
-1.75e+02,-6.59e+01,1.02e+02,4.70e+01
-2.28e+02,-6.04e+01,9.30e+01,4.70e+01
-1.61e+02,-5.93e+01,9.20e+01,4.20e+01
-1.66e+02,-6.50e+01,9.60e+01,4.30e+01
-2.19e+02,-6.22e+01,9.00e+01,4.50e+01
-1.66e+02,-9.07e+01,9.50e+01,4.20e+01
-2.23e+02,-6.66e+01,9.10e+01,4.60e+01
-2.38e+02,-5.18e+01,9.20e+01,4.70e+01
-2.23e+02,-5.67e+01,9.10e+01,4.60e+01
-1.59e+02,-7.33e+01,9.50e+01,4.30e+01
-1.56e+02,-6.19e+01,9.50e+01,4.30e+01
-1.51e+02,-4.87e+01,1.00e+02,4.70e+01
-2.74e+02,-5.37e+01,9.10e+01,4.50e+01
-1.63e+02,-7.51e+01,1.00e+02,4.60e+01
-1.65e+02,-6.99e+01,9.40e+01,4.20e+01
-1.58e+02,-6.65e+01,1.00e+02,4.70e+01
-1.64e+02,-6.09e+01,9.20e+01,4.20e+01
-2.22e+02,-6.49e+01,9.00e+01,4.50e+01
-2.41e+02,-5.26e+01,9.20e+01,4.60e+01
-1.54e+02,-6.36e+01,9.60e+01,4.30e+01
-1.57e+02,-6.24e+01,1.00e+02,4.60e+01
-1.61e+02,-6.29e+01,9.20e+01,4.20e+01
-1.75e+02,-7.15e+01,1.01e+02,4.60e+01
-1.59e+02,-6.51e+01,9.50e+01,4.30e+01
-2.23e+02,-5.77e+01,9.10e+01,4.60e+01
-1.65e+02,-7.13e+01,9.60e+01,4.30e+01
-1.55e+02,-6.17e+01,1.00e+02,4.70e+01
-2.33e+02,-7.11e+01,9.20e+01,4.60e+01
-1.54e+02,-6.60e+01,9.90e+01,4.60e+01
-1.56e+02,-6.64e+01,1.00e+02,4.60e+01
-3.12e+02,-9.48e+01,9.30e+01,4.30e+01
-2.19e+02,-5.04e+01,9.00e+01,4.50e+01
-2.52e+02,-7.30e+01,9.20e+01,4.20e+01
-2.39e+02,-7.04e+01,9.10e+01,4.60e+01
-1.64e+02,-7.67e+01,9.30e+01,4.20e+01
-2.85e+02,-1.21e+02,9.50e+01,4.30e+01
-1.62e+02,-6.08e+01,1.01e+02,4.70e+01
-1.65e+02,-5.91e+01,9.50e+01,4.30e+01
-2.18e+02,-5.51e+01,9.20e+01,4.60e+01
-1.61e+02,-6.57e+01,9.90e+01,4.60e+01
-1.64e+02,-6.92e+01,1.02e+02,4.70e+01
-1.82e+02,-6.15e+01,9.60e+01,4.30e+01
-3.80e+02,-1.15e+02,9.60e+01,4.40e+01
-1.63e+02,-8.36e+01,9.80e+01,4.50e+01
-1.62e+02,-6.17e+01,9.50e+01,4.50e+01
-1.99e+02,-5.60e+01,1.00e+02,4.60e+01
-2.30e+02,-6.71e+01,9.20e+01,4.70e+01
-1.72e+02,-6.32e+01,9.40e+01,4.40e+01
-1.59e+02,-7.75e+01,1.01e+02,4.60e+01
-1.61e+02,-7.27e+01,9.50e+01,4.30e+01
-1.60e+02,-5.80e+01,9.50e+01,4.20e+01
-2.28e+02,-8.41e+01,9.10e+01,4.60e+01
-1.57e+02,-6.27e+01,1.00e+02,4.60e+01
-2.18e+02,-5.63e+01,9.20e+01,4.60e+01
-1.52e+02,-6.30e+01,1.00e+02,4.60e+01
-1.59e+02,-6.48e+01,9.60e+01,4.40e+01
-1.66e+02,-7.21e+01,1.00e+02,4.60e+01
-1.73e+02,-8.18e+01,9.50e+01,4.30e+01
-1.59e+02,-7.11e+01,9.60e+01,4.30e+01
-1.61e+02,-7.27e+01,9.40e+01,4.20e+01
-2.23e+02,-5.02e+01,9.10e+01,4.60e+01
-2.26e+02,-6.17e+01,9.20e+01,4.70e+01
-4.40e+02,-1.39e+02,9.20e+01,4.70e+01
-2.35e+02,-6.52e+01,9.60e+01,4.30e+01
-2.21e+02,-6.09e+01,9.10e+01,4.60e+01
-1.62e+02,-7.86e+01,1.01e+02,4.70e+01
-1.65e+02,-6.51e+01,9.50e+01,4.30e+01
-1.60e+02,-6.30e+01,9.60e+01,4.30e+01
-1.57e+02,-6.63e+01,9.50e+01,4.30e+01
-1.55e+02,-6.94e+01,1.00e+02,4.60e+01
-2.18e+02,-6.42e+01,9.20e+01,4.60e+01
-1.54e+02,-5.77e+01,1.01e+02,4.70e+01
-1.65e+02,-6.67e+01,9.70e+01,4.40e+01
-1.59e+02,-7.06e+01,9.30e+01,4.30e+01
-2.30e+02,-6.62e+01,9.10e+01,4.50e+01
-2.17e+02,-5.20e+01,9.00e+01,4.50e+01
-1.62e+02,-6.34e+01,1.01e+02,4.70e+01
-2.17e+02,-4.69e+01,9.20e+01,4.60e+01
-1.55e+02,-6.38e+01,9.50e+01,4.50e+01
-1.65e+02,-7.30e+01,9.90e+01,4.60e+01
-2.20e+02,-5.49e+01,9.20e+01,4.60e+01
-2.23e+02,-6.78e+01,9.10e+01,4.50e+01
-1.60e+02,-7.21e+01,9.50e+01,4.40e+01
-1.55e+02,-6.41e+01,9.60e+01,4.30e+01
-1.57e+02,-6.40e+01,1.01e+02,4.70e+01
-1.55e+02,-5.80e+01,9.70e+01,4.40e+01
-1.58e+02,-6.42e+01,9.50e+01,4.30e+01
-1.59e+02,-8.07e+01,9.50e+01,4.30e+01
