-1.51e+02,-5.98e+01,1.11e+02,5.00e+01
-2.19e+02,-5.45e+01,9.70e+01,5.00e+01
-2.17e+02,-5.03e+01,1.00e+02,5.10e+01
-1.78e+02,-6.98e+01,1.05e+02,4.80e+01
-1.76e+02,-8.51e+01,1.06e+02,4.80e+01
-1.63e+02,-4.98e+01,1.05e+02,4.80e+01
-2.26e+02,-6.09e+01,1.01e+02,5.10e+01
-1.56e+02,-5.99e+01,1.07e+02,4.90e+01
-1.56e+02,-6.67e+01,1.07e+02,4.90e+01
-1.59e+02,-6.64e+01,1.05e+02,4.80e+01
-2.21e+02,-4.90e+01,9.70e+01,5.00e+01
-1.54e+02,-5.34e+01,1.12e+02,5.00e+01
-1.59e+02,-5.96e+01,1.05e+02,4.80e+01
-2.25e+02,-5.91e+01,1.02e+02,5.20e+01
-1.56e+02,-6.22e+01,1.06e+02,4.90e+01
-2.93e+02,-5.56e+01,9.50e+01,4.90e+01
-1.55e+02,-6.71e+01,1.09e+02,4.90e+01
-2.18e+02,-5.45e+01,9.50e+01,4.90e+01
-1.55e+02,-5.62e+01,1.11e+02,5.00e+01
-1.61e+02,-5.84e+01,1.06e+02,4.80e+01
-2.21e+02,-5.57e+01,1.00e+02,5.10e+01
-1.63e+02,-6.89e+01,1.07e+02,4.90e+01
-1.55e+02,-6.45e+01,1.10e+02,4.90e+01
-1.59e+02,-5.80e+01,1.07e+02,4.90e+01
-1.62e+02,-5.73e+01,1.12e+02,5.00e+01
-1.55e+02,-6.06e+01,1.08e+02,5.00e+01
-1.72e+02,-6.63e+01,1.06e+02,4.80e+01
-1.65e+02,-6.40e+01,1.09e+02,5.00e+01
-1.59e+02,-6.40e+01,1.12e+02,5.10e+01
-2.13e+02,-5.08e+01,9.80e+01,5.10e+01
-3.28e+02,-8.81e+01,1.03e+02,5.20e+01
-2.22e+02,-5.19e+01,9.70e+01,5.00e+01
-2.27e+02,-6.05e+01,1.01e+02,5.10e+01
-2.16e+02,-6.11e+01,1.00e+02,5.10e+01
-1.55e+02,-4.28e+01,1.06e+02,4.90e+01
-2.92e+02,-6.29e+01,1.11e+02,5.00e+01
-2.21e+02,-5.66e+01,1.03e+02,5.20e+01
-1.59e+02,-5.86e+01,1.07e+02,4.90e+01
-1.63e+02,-8.47e+01,1.07e+02,5.00e+01
-2.23e+02,-5.84e+01,9.80e+01,5.10e+01
-1.63e+02,-6.03e+01,1.08e+02,4.90e+01
-1.70e+02,-6.65e+01,1.07e+02,4.90e+01
-2.27e+02,-5.79e+01,1.02e+02,5.10e+01
-1.59e+02,-5.61e+01,1.05e+02,4.80e+01
-1.57e+02,-6.70e+01,1.08e+02,4.90e+01
-2.21e+02,-5.65e+01,9.80e+01,5.00e+01
-1.62e+02,-7.25e+01,1.08e+02,4.90e+01
-1.59e+02,-7.29e+01,1.06e+02,4.80e+01
-2.22e+02,-5.59e+01,9.80e+01,5.00e+01
-1.63e+02,-6.27e+01,1.05e+02,4.80e+01
-2.21e+02,-5.12e+01,1.01e+02,5.10e+01
-1.48e+02,-5.14e+01,1.05e+02,4.80e+01
-1.51e+02,-6.34e+01,1.08e+02,5.00e+01
-1.56e+02,-5.89e+01,1.06e+02,4.80e+01
-1.53e+02,-6.46e+01,1.13e+02,5.10e+01
-2.27e+02,-6.23e+01,1.02e+02,5.20e+01
-1.58e+02,-5.38e+01,1.05e+02,4.80e+01
-1.60e+02,-5.71e+01,1.13e+02,5.10e+01
-2.29e+02,-6.06e+01,1.07e+02,4.90e+01
-1.65e+02,-7.73e+01,1.05e+02,4.80e+01
-1.57e+02,-6.96e+01,1.06e+02,4.90e+01
-2.15e+02,-4.60e+01,9.70e+01,5.00e+01
-2.29e+02,-4.53e+01,9.90e+01,5.10e+01
-2.22e+02,-5.63e+01,9.70e+01,5.00e+01
-1.76e+02,-8.21e+01,1.06e+02,4.80e+01
-2.35e+02,-6.51e+01,1.03e+02,5.20e+01
-1.54e+02,-6.19e+01,1.12e+02,5.00e+01
-1.51e+02,-5.87e+01,1.13e+02,5.10e+01
-1.60e+02,-6.46e+01,1.12e+02,5.00e+01
-2.27e+02,-6.72e+01,1.01e+02,5.20e+01
-2.42e+02,-6.84e+01,1.10e+02,4.90e+01
-1.58e+02,-6.49e+01,1.07e+02,4.90e+01
-2.25e+02,-4.97e+01,9.70e+01,5.00e+01
-1.74e+02,-5.62e+01,1.05e+02,4.80e+01
-1.60e+02,-6.11e+01,1.12e+02,5.10e+01
-2.14e+02,-4.78e+01,1.00e+02,5.10e+01
-1.61e+02,-6.91e+01,1.11e+02,5.00e+01
-3.30e+02,-6.11e+01,1.01e+02,5.10e+01
-2.21e+02,-6.08e+01,9.80e+01,5.10e+01
-1.57e+02,-6.04e+01,1.06e+02,4.80e+01
-2.55e+02,-6.37e+01,1.08e+02,4.90e+01
-1.59e+02,-5.52e+01,1.07e+02,4.90e+01
-2.30e+02,-4.82e+01,1.03e+02,5.30e+01
-1.71e+02,-7.03e+01,1.11e+02,5.00e+01
-1.64e+02,-8.29e+01,1.06e+02,4.90e+01
-1.56e+02,-5.91e+01,1.11e+02,5.00e+01
-2.35e+02,-4.88e+01,9.70e+01,5.00e+01
-1.61e+02,-6.66e+01,1.06e+02,4.80e+01
-1.66e+02,-8.38e+01,1.06e+02,4.90e+01
-1.57e+02,-5.48e+01,1.11e+02,5.00e+01
-2.26e+02,-5.46e+01,9.70e+01,5.00e+01
-1.78e+02,-7.40e+01,1.05e+02,4.80e+01
-2.22e+02,-5.73e+01,9.80e+01,5.00e+01
-1.55e+02,-6.69e+01,1.06e+02,4.90e+01
-1.62e+02,-6.04e+01,1.05e+02,4.80e+01
-1.67e+02,-6.11e+01,1.11e+02,5.00e+01
-1.92e+02,-5.65e+01,1.05e+02,4.80e+01
-1.65e+02,-6.40e+01,1.08e+02,5.00e+01
-2.91e+02,-7.85e+01,9.70e+01,5.00e+01
-2.17e+02,-5.67e+01,1.03e+02,5.20e+01
-1.67e+02,-6.41e+01,1.05e+02,4.80e+01
-1.67e+02,-6.20e+01,1.06e+02,4.90e+01
-1.56e+02,-5.22e+01,1.06e+02,4.80e+01
-2.30e+02,-7.82e+01,9.70e+01,5.00e+01
-1.55e+02,-5.93e+01,1.12e+02,5.00e+01
-2.28e+02,-5.96e+01,1.01e+02,5.10e+01
-1.58e+02,-5.07e+01,1.12e+02,5.00e+01
-2.16e+02,-5.81e+01,9.80e+01,5.00e+01
-1.64e+02,-6.82e+01,1.09e+02,4.90e+01
-1.58e+02,-6.11e+01,1.14e+02,5.10e+01
-1.58e+02,-7.12e+01,1.05e+02,4.80e+01
-1.64e+02,-6.96e+01,1.07e+02,4.90e+01
-2.29e+02,-6.31e+01,1.01e+02,5.10e+01
-2.41e+02,-7.96e+01,1.08e+02,4.90e+01
-1.57e+02,-6.33e+01,1.05e+02,4.80e+01
-1.59e+02,-6.28e+01,1.09e+02,5.00e+01
-1.57e+02,-7.23e+01,1.07e+02,4.90e+01
-2.21e+02,-6.30e+01,9.80e+01,5.00e+01
-1.55e+02,-5.29e+01,1.06e+02,4.80e+01
-2.19e+02,-5.42e+01,1.02e+02,5.20e+01
-1.60e+02,-6.26e+01,1.07e+02,4.90e+01
-1.60e+02,-5.94e+01,1.07e+02,4.90e+01
-1.58e+02,-5.19e+01,1.08e+02,4.90e+01
-2.35e+02,-6.21e+01,1.03e+02,5.20e+01
-1.59e+02,-6.61e+01,1.12e+02,5.00e+01
-2.18e+02,-6.34e+01,9.70e+01,5.00e+01
-2.90e+02,-6.31e+01,1.06e+02,4.80e+01
-2.23e+02,-5.61e+01,9.80e+01,5.00e+01
-1.53e+02,-6.35e+01,1.10e+02,4.90e+01
-2.27e+02,-5.66e+01,1.02e+02,5.20e+01
-1.63e+02,-6.85e+01,1.07e+02,4.90e+01
-1.59e+02,-6.90e+01,1.06e+02,4.90e+01
-1.65e+02,-6.10e+01,1.11e+02,5.00e+01
-1.68e+02,-5.94e+01,1.06e+02,4.80e+01
-2.19e+02,-6.48e+01,1.02e+02,5.20e+01
-1.59e+02,-5.58e+01,1.05e+02,4.80e+01
-2.22e+02,-5.38e+01,9.60e+01,4.80e+01
-1.83e+02,-5.97e+01,1.06e+02,4.80e+01
-1.63e+02,-6.52e+01,1.06e+02,4.80e+01
-2.27e+02,-7.06e+01,9.90e+01,5.10e+01
-2.31e+02,-5.42e+01,1.03e+02,5.20e+01
-1.61e+02,-7.41e+01,1.14e+02,5.10e+01
-1.60e+02,-6.98e+01,1.07e+02,4.90e+01
-2.62e+02,-9.37e+01,1.06e+02,4.80e+01
-2.24e+02,-5.90e+01,9.50e+01,4.90e+01
-2.18e+02,-6.81e+01,1.06e+02,4.90e+01
-2.30e+02,-7.13e+01,9.70e+01,5.00e+01
-1.54e+02,-5.73e+01,1.05e+02,4.80e+01
-2.20e+02,-4.93e+01,9.50e+01,4.90e+01
-2.34e+02,-7.24e+01,1.08e+02,4.90e+01
-2.27e+02,-6.72e+01,9.60e+01,5.00e+01
-1.61e+02,-6.97e+01,1.12e+02,5.10e+01
-2.91e+02,-5.92e+01,9.60e+01,5.00e+01
-2.25e+02,-6.35e+01,9.70e+01,5.00e+01
-1.55e+02,-5.40e+01,1.09e+02,5.00e+01
-1.52e+02,-6.30e+01,1.12e+02,5.00e+01
-1.60e+02,-5.80e+01,1.05e+02,4.80e+01
-2.37e+02,-5.46e+01,1.08e+02,4.90e+01
-3.19e+02,-8.27e+01,1.06e+02,4.80e+01
-1.58e+02,-5.71e+01,1.11e+02,5.00e+01
-2.18e+02,-5.21e+01,9.50e+01,4.90e+01
-2.25e+02,-6.28e+01,1.00e+02,5.10e+01
-1.57e+02,-6.84e+01,1.09e+02,5.00e+01
-2.25e+02,-6.27e+01,9.80e+01,5.00e+01
-1.65e+02,-8.76e+01,1.06e+02,4.90e+01
-1.97e+02,-8.51e+01,1.06e+02,4.90e+01
-2.20e+02,-5.58e+01,1.01e+02,5.10e+01
-2.25e+02,-7.11e+01,1.01e+02,5.10e+01
-2.25e+02,-7.41e+01,9.80e+01,5.00e+01
-2.20e+02,-6.12e+01,1.02e+02,5.10e+01
-1.57e+02,-6.68e+01,1.11e+02,5.00e+01
-1.54e+02,-6.19e+01,1.12e+02,5.00e+01
-1.57e+02,-6.40e+01,1.06e+02,4.90e+01
-2.22e+02,-5.79e+01,1.02e+02,5.20e+01
-1.57e+02,-6.49e+01,1.07e+02,4.90e+01
-2.26e+02,-6.34e+01,9.90e+01,5.10e+01
-2.15e+02,-4.69e+01,1.02e+02,5.10e+01
-2.19e+02,-4.87e+01,1.00e+02,5.10e+01
-1.75e+02,-5.88e+01,1.05e+02,4.80e+01
-1.64e+02,-6.68e+01,1.06e+02,4.80e+01
-3.31e+02,-1.02e+02,1.11e+02,5.00e+01
-2.30e+02,-7.39e+01,1.12e+02,5.00e+01
-1.91e+02,-5.35e+01,1.06e+02,4.80e+01
-2.27e+02,-4.90e+01,1.01e+02,5.10e+01
-1.52e+02,-5.80e+01,1.12e+02,5.10e+01
-1.64e+02,-5.61e+01,1.06e+02,4.80e+01
-1.51e+02,-5.66e+01,1.08e+02,4.90e+01
-1.52e+02,-5.82e+01,1.06e+02,4.90e+01
-1.58e+02,-5.88e+01,1.12e+02,5.10e+01
-2.29e+02,-5.68e+01,1.04e+02,5.30e+01
-2.27e+02,-5.90e+01,1.00e+02,5.10e+01
-2.24e+02,-5.76e+01,9.70e+01,5.00e+01
