-1.52e+02,-4.57e+01,2.33e+02,9.20e+01
-1.57e+02,-5.44e+01,2.42e+02,9.30e+01
-1.51e+02,-5.06e+01,2.33e+02,9.20e+01
-1.66e+02,-4.99e+01,2.36e+02,9.30e+01
-1.48e+02,-4.50e+01,2.35e+02,9.20e+01
-1.51e+02,-4.55e+01,2.33e+02,9.20e+01
-1.63e+02,-4.27e+01,2.39e+02,9.50e+01
-1.48e+02,-5.37e+01,2.35e+02,9.20e+01
-1.47e+02,-4.73e+01,2.34e+02,9.20e+01
-1.54e+02,-5.79e+01,2.33e+02,9.20e+01
-1.48e+02,-4.53e+01,2.37e+02,9.40e+01
-1.51e+02,-4.67e+01,2.34e+02,9.20e+01
-1.54e+02,-6.62e+01,2.35e+02,9.30e+01
-1.58e+02,-4.95e+01,2.36e+02,9.30e+01
-1.51e+02,-6.26e+01,2.33e+02,9.20e+01
-1.53e+02,-5.44e+01,2.37e+02,9.40e+01
-1.48e+02,-5.46e+01,2.34e+02,9.20e+01
-1.56e+02,-5.86e+01,2.36e+02,9.30e+01
-1.54e+02,-5.80e+01,2.33e+02,9.20e+01
-1.53e+02,-5.36e+01,2.35e+02,9.30e+01
-1.60e+02,-5.05e+01,2.34e+02,9.20e+01
-1.58e+02,-6.34e+01,2.43e+02,9.30e+01
-1.57e+02,-5.19e+01,2.36e+02,9.30e+01
-1.48e+02,-4.53e+01,2.34e+02,9.20e+01
-1.48e+02,-5.06e+01,2.38e+02,9.40e+01
-1.55e+02,-5.38e+01,2.37e+02,9.30e+01
-1.53e+02,-6.29e+01,2.37e+02,9.30e+01
-1.48e+02,-4.23e+01,2.33e+02,9.20e+01
-1.58e+02,-7.09e+01,2.34e+02,9.20e+01
-1.52e+02,-4.37e+01,2.36e+02,9.30e+01
-1.51e+02,-5.64e+01,2.39e+02,9.50e+01
-1.54e+02,-4.84e+01,2.37e+02,9.30e+01
-2.30e+02,-6.83e+01,2.43e+02,9.40e+01
-1.53e+02,-5.01e+01,2.35e+02,9.30e+01
-1.52e+02,-6.24e+01,2.42e+02,9.30e+01
-1.67e+02,-5.84e+01,2.33e+02,9.20e+01
-2.84e+02,-7.71e+01,2.37e+02,9.30e+01
-1.56e+02,-4.05e+01,2.36e+02,9.30e+01
-1.59e+02,-6.66e+01,2.35e+02,9.30e+01
-1.53e+02,-6.75e+01,2.35e+02,9.20e+01
-1.52e+02,-5.42e+01,2.34e+02,9.30e+01
-1.56e+02,-7.33e+01,2.36e+02,9.40e+01
-1.56e+02,-5.10e+01,2.34e+02,9.30e+01
-2.91e+02,-6.88e+01,2.37e+02,9.30e+01
-1.45e+02,-4.97e+01,2.36e+02,9.30e+01
-1.57e+02,-4.64e+01,2.34e+02,9.20e+01
-1.55e+02,-6.60e+01,2.36e+02,9.30e+01
-1.81e+02,-6.97e+01,2.43e+02,9.30e+01
-1.53e+02,-5.60e+01,2.35e+02,9.20e+01
-1.52e+02,-4.44e+01,2.34e+02,9.30e+01
-1.58e+02,-4.78e+01,2.34e+02,9.20e+01
-1.62e+02,-4.84e+01,2.33e+02,9.20e+01
-1.53e+02,-4.66e+01,2.38e+02,9.40e+01
-1.58e+02,-5.44e+01,2.34e+02,9.20e+01
-1.55e+02,-7.24e+01,2.34e+02,9.20e+01
-1.50e+02,-4.95e+01,2.35e+02,9.20e+01
-1.54e+02,-6.40e+01,2.37e+02,9.30e+01
-1.56e+02,-5.36e+01,2.34e+02,9.30e+01
-1.55e+02,-5.83e+01,2.35e+02,9.20e+01
-1.68e+02,-4.80e+01,2.34e+02,9.20e+01
-2.28e+02,-6.38e+01,2.34e+02,9.20e+01
-1.50e+02,-4.56e+01,2.35e+02,9.30e+01
-1.48e+02,-5.34e+01,2.43e+02,9.30e+01
-1.50e+02,-5.32e+01,2.35e+02,9.30e+01
-1.55e+02,-5.54e+01,2.40e+02,9.50e+01
-1.51e+02,-5.48e+01,2.34e+02,9.30e+01
-1.50e+02,-5.15e+01,2.37e+02,9.40e+01
-1.62e+02,-4.59e+01,2.42e+02,9.30e+01
-2.19e+02,-5.62e+01,2.43e+02,9.30e+01
-1.61e+02,-5.16e+01,2.35e+02,9.30e+01
-1.53e+02,-5.03e+01,2.36e+02,9.20e+01
-1.53e+02,-5.87e+01,2.42e+02,9.30e+01
-1.59e+02,-7.01e+01,2.35e+02,9.30e+01
-2.22e+02,-6.68e+01,2.37e+02,9.40e+01
-1.53e+02,-4.61e+01,2.43e+02,9.30e+01
-2.26e+02,-7.39e+01,2.35e+02,9.30e+01
-1.71e+02,-7.80e+01,2.35e+02,9.30e+01
-1.60e+02,-5.71e+01,2.36e+02,9.30e+01
-1.54e+02,-5.68e+01,2.37e+02,9.30e+01
-1.53e+02,-5.01e+01,2.33e+02,9.20e+01
-1.51e+02,-4.48e+01,2.38e+02,9.40e+01
-1.54e+02,-5.64e+01,2.35e+02,9.30e+01
-1.61e+02,-5.99e+01,2.36e+02,9.20e+01
-1.57e+02,-5.15e+01,2.34e+02,9.20e+01
-1.48e+02,-4.26e+01,2.35e+02,9.20e+01
-1.51e+02,-5.26e+01,2.36e+02,9.20e+01
-1.53e+02,-5.62e+01,2.35e+02,9.30e+01
-1.54e+02,-5.43e+01,2.42e+02,9.30e+01
-1.56e+02,-5.53e+01,2.34e+02,9.20e+01
-1.53e+02,-4.97e+01,2.37e+02,9.40e+01
-1.51e+02,-5.64e+01,2.33e+02,9.20e+01
-1.57e+02,-5.67e+01,2.42e+02,9.40e+01
-1.45e+02,-4.48e+01,2.39e+02,9.50e+01
-1.56e+02,-5.21e+01,2.33e+02,9.20e+01
-1.59e+02,-4.50e+01,2.37e+02,9.30e+01
-1.58e+02,-4.40e+01,2.35e+02,9.20e+01
-1.58e+02,-6.70e+01,2.38e+02,9.40e+01
-1.50e+02,-4.04e+01,2.37e+02,9.30e+01
-1.58e+02,-6.16e+01,2.33e+02,9.20e+01
-3.02e+02,-7.06e+01,2.37e+02,9.30e+01
-1.58e+02,-8.17e+01,2.36e+02,9.20e+01
-1.50e+02,-4.52e+01,2.35e+02,9.20e+01
-1.50e+02,-5.92e+01,2.39e+02,9.50e+01
-1.55e+02,-5.31e+01,2.35e+02,9.30e+01
-2.24e+02,-6.11e+01,2.34e+02,9.30e+01
-1.50e+02,-4.75e+01,2.36e+02,9.30e+01
-1.57e+02,-4.92e+01,2.35e+02,9.30e+01
-2.29e+02,-5.30e+01,2.36e+02,9.20e+01
-1.50e+02,-5.04e+01,2.34e+02,9.20e+01
-1.49e+02,-5.43e+01,2.39e+02,9.50e+01
-1.60e+02,-6.40e+01,2.34e+02,9.20e+01
-1.48e+02,-5.37e+01,2.36e+02,9.30e+01
-1.59e+02,-4.90e+01,2.37e+02,9.30e+01
-1.55e+02,-7.02e+01,2.36e+02,9.20e+01
-1.52e+02,-4.91e+01,2.35e+02,9.20e+01
-1.52e+02,-4.98e+01,2.37e+02,9.30e+01
-1.54e+02,-5.95e+01,2.35e+02,9.20e+01
-1.49e+02,-4.36e+01,2.44e+02,9.40e+01
-1.51e+02,-4.80e+01,2.35e+02,9.30e+01
-1.59e+02,-6.96e+01,2.37e+02,9.30e+01
-1.55e+02,-6.37e+01,2.34e+02,9.20e+01
-1.54e+02,-3.82e+01,2.39e+02,9.50e+01
-1.56e+02,-5.31e+01,2.42e+02,9.30e+01
-1.58e+02,-5.79e+01,2.37e+02,9.20e+01
-1.57e+02,-6.08e+01,2.35e+02,9.30e+01
-1.54e+02,-5.12e+01,2.36e+02,9.20e+01
-3.73e+02,-9.99e+01,2.34e+02,9.30e+01
-1.47e+02,-5.35e+01,2.43e+02,9.30e+01
-1.64e+02,-5.50e+01,2.44e+02,9.40e+01
-1.57e+02,-4.12e+01,2.36e+02,9.30e+01
-1.79e+02,-6.51e+01,2.40e+02,9.60e+01
-1.51e+02,-5.00e+01,2.36e+02,9.20e+01
-1.57e+02,-6.70e+01,2.33e+02,9.20e+01
-2.14e+02,-5.92e+01,2.37e+02,9.40e+01
-1.59e+02,-5.83e+01,2.33e+02,9.20e+01
-1.48e+02,-5.18e+01,2.39e+02,9.50e+01
-1.55e+02,-5.51e+01,2.37e+02,9.30e+01
-1.51e+02,-5.42e+01,2.37e+02,9.30e+01
-1.58e+02,-4.22e+01,2.34e+02,9.30e+01
-1.52e+02,-3.97e+01,2.33e+02,9.20e+01
-1.55e+02,-6.58e+01,2.42e+02,9.30e+01
-1.51e+02,-5.90e+01,2.33e+02,9.20e+01
-1.62e+02,-5.77e+01,2.34e+02,9.30e+01
-1.54e+02,-6.06e+01,2.33e+02,9.20e+01
-1.56e+02,-5.40e+01,2.36e+02,9.30e+01
-1.53e+02,-4.76e+01,2.37e+02,9.30e+01
-1.46e+02,-4.85e+01,2.34e+02,9.30e+01
-1.52e+02,-4.92e+01,2.38e+02,9.40e+01
-1.55e+02,-5.67e+01,2.33e+02,9.20e+01
-1.58e+02,-5.37e+01,2.35e+02,9.30e+01
-1.53e+02,-6.28e+01,2.35e+02,9.20e+01
-1.51e+02,-4.80e+01,2.34e+02,9.20e+01
-1.50e+02,-5.11e+01,2.44e+02,9.50e+01
-1.50e+02,-6.07e+01,2.35e+02,9.30e+01
-1.62e+02,-5.98e+01,2.35e+02,9.20e+01
-1.65e+02,-7.33e+01,2.35e+02,9.30e+01
-1.67e+02,-8.49e+01,2.33e+02,9.20e+01
-1.49e+02,-4.49e+01,2.38e+02,9.50e+01
-2.61e+02,-5.05e+01,2.34e+02,9.20e+01
-1.58e+02,-6.21e+01,2.34e+02,9.20e+01
-1.56e+02,-5.37e+01,2.38e+02,9.30e+01
-1.60e+02,-4.71e+01,2.34e+02,9.20e+01
-1.51e+02,-5.05e+01,2.35e+02,9.20e+01
-1.53e+02,-4.83e+01,2.33e+02,9.20e+01
-1.55e+02,-4.67e+01,2.36e+02,9.30e+01
-1.60e+02,-5.41e+01,2.44e+02,9.40e+01
-1.50e+02,-4.93e+01,2.35e+02,9.30e+01
-1.50e+02,-4.76e+01,2.33e+02,9.20e+01
-2.26e+02,-5.26e+01,2.34e+02,9.20e+01
-1.61e+02,-4.84e+01,2.33e+02,9.20e+01
-1.75e+02,-6.31e+01,2.33e+02,9.20e+01
-1.56e+02,-6.57e+01,2.33e+02,9.20e+01
-1.48e+02,-5.25e+01,2.44e+02,9.40e+01
-1.50e+02,-4.12e+01,2.34e+02,9.20e+01
-1.61e+02,-5.97e+01,2.33e+02,9.20e+01
-4.25e+02,-2.35e+02,2.33e+02,9.20e+01
-1.50e+02,-5.74e+01,2.35e+02,9.30e+01
-2.35e+02,-4.23e+01,2.34e+02,9.20e+01
-1.75e+02,-6.52e+01,2.33e+02,9.20e+01
-1.56e+02,-7.10e+01,2.34e+02,9.30e+01
-1.55e+02,-4.68e+01,2.34e+02,9.20e+01
-1.50e+02,-4.43e+01,2.43e+02,9.30e+01
-1.65e+02,-4.87e+01,2.34e+02,9.20e+01
-1.48e+02,-4.80e+01,2.33e+02,9.20e+01
-1.53e+02,-4.87e+01,2.44e+02,9.40e+01
-1.48e+02,-5.01e+01,2.37e+02,9.30e+01
-1.47e+02,-4.35e+01,2.36e+02,9.30e+01
-1.60e+02,-5.64e+01,2.33e+02,9.20e+01
-1.55e+02,-5.31e+01,2.34e+02,9.20e+01
-1.50e+02,-5.61e+01,2.36e+02,9.20e+01
-1.55e+02,-7.23e+01,2.36e+02,9.20e+01
-1.54e+02,-6.33e+01,2.34e+02,9.20e+01
