-2.41e+02,-8.32e+01,9.00e+00,1.00e+01
-2.32e+02,-8.23e+01,9.00e+00,1.00e+01
-2.31e+02,-7.41e+01,1.00e+01,1.00e+01
-2.32e+02,-6.31e+01,9.00e+00,1.00e+01
-2.25e+02,-6.93e+01,9.00e+00,1.00e+01
-2.34e+02,-6.64e+01,9.00e+00,1.00e+01
-2.29e+02,-6.12e+01,9.00e+00,1.00e+01
-2.29e+02,-7.10e+01,9.00e+00,1.00e+01
-2.31e+02,-8.02e+01,9.00e+00,1.00e+01
-2.33e+02,-7.40e+01,9.00e+00,1.00e+01
-2.43e+02,-7.07e+01,1.00e+01,1.00e+01
-2.27e+02,-5.76e+01,9.00e+00,1.00e+01
-2.36e+02,-7.91e+01,1.00e+01,1.10e+01
-2.31e+02,-5.54e+01,9.00e+00,1.00e+01
-2.30e+02,-6.78e+01,1.00e+01,1.00e+01
-2.41e+02,-7.70e+01,9.00e+00,1.00e+01
-2.29e+02,-7.50e+01,9.00e+00,1.00e+01
-2.30e+02,-7.26e+01,9.00e+00,1.00e+01
-5.00e+02,-5.00e+02,9.00e+00,1.00e+01
-4.26e+02,-1.68e+02,9.00e+00,1.00e+01
-2.52e+02,-6.15e+01,9.00e+00,1.00e+01
-2.28e+02,-7.06e+01,1.00e+01,1.00e+01
-2.41e+02,-5.84e+01,9.00e+00,1.00e+01
-4.05e+02,-2.80e+02,9.00e+00,1.00e+01
-2.64e+02,-6.52e+01,9.00e+00,1.00e+01
-2.27e+02,-7.09e+01,9.00e+00,1.00e+01
-2.26e+02,-6.66e+01,9.00e+00,1.00e+01
-2.29e+02,-7.06e+01,9.00e+00,1.00e+01
-2.37e+02,-7.08e+01,9.00e+00,1.00e+01
-2.45e+02,-8.66e+01,9.00e+00,1.00e+01
-2.29e+02,-6.74e+01,9.00e+00,1.00e+01
-2.28e+02,-6.90e+01,1.10e+01,1.10e+01
-2.24e+02,-6.18e+01,9.00e+00,1.00e+01
-4.36e+02,-2.95e+02,9.00e+00,1.00e+01
-5.00e+02,-5.00e+02,9.00e+00,1.00e+01
-5.00e+02,-5.00e+02,1.00e+01,1.10e+01
-4.48e+02,-1.89e+02,1.00e+01,1.00e+01
-2.27e+02,-6.48e+01,1.10e+01,1.00e+01
-5.00e+02,-5.00e+02,1.10e+01,1.00e+01
-5.00e+02,-5.00e+02,9.00e+00,1.00e+01
-3.31e+02,-1.21e+02,9.00e+00,1.00e+01
-2.58e+02,-7.17e+01,9.00e+00,1.00e+01
-2.26e+02,-6.70e+01,9.00e+00,1.00e+01
-3.23e+02,-8.05e+01,9.00e+00,1.00e+01
-2.24e+02,-6.44e+01,9.00e+00,1.00e+01
-4.49e+02,-1.97e+02,9.00e+00,1.00e+01
-4.18e+02,-1.96e+02,9.00e+00,1.00e+01
-4.45e+02,-1.70e+02,1.00e+01,1.00e+01
-2.29e+02,-7.09e+01,1.00e+01,1.00e+01
-2.34e+02,-6.83e+01,9.00e+00,1.00e+01
-4.80e+02,-3.82e+02,1.10e+01,1.00e+01
-4.60e+02,-2.60e+02,9.00e+00,1.00e+01
-2.33e+02,-7.72e+01,9.00e+00,1.00e+01
-2.76e+02,-7.52e+01,9.00e+00,1.00e+01
-2.32e+02,-7.98e+01,9.00e+00,1.00e+01
-2.30e+02,-7.06e+01,9.00e+00,1.00e+01
-2.29e+02,-6.46e+01,1.00e+01,1.00e+01
-2.42e+02,-9.76e+01,9.00e+00,1.00e+01
-2.29e+02,-7.76e+01,1.00e+01,1.10e+01
-2.57e+02,-6.44e+01,9.00e+00,1.00e+01
-2.26e+02,-6.71e+01,9.00e+00,1.00e+01
-2.34e+02,-8.54e+01,9.00e+00,1.00e+01
-2.34e+02,-6.64e+01,9.00e+00,1.00e+01
-2.99e+02,-8.70e+01,9.00e+00,1.00e+01
-2.36e+02,-7.48e+01,1.00e+01,1.00e+01
-4.79e+02,-3.72e+02,1.00e+01,1.00e+01
-5.00e+02,-5.00e+02,9.00e+00,1.00e+01
-2.29e+02,-6.11e+01,9.00e+00,1.00e+01
-5.00e+02,-5.00e+02,9.00e+00,1.00e+01
-2.30e+02,-6.82e+01,9.00e+00,1.00e+01
-4.52e+02,-2.10e+02,9.00e+00,1.00e+01
-2.65e+02,-6.75e+01,1.00e+01,1.00e+01
-2.38e+02,-7.13e+01,9.00e+00,1.00e+01
-3.46e+02,-8.91e+01,9.00e+00,1.00e+01
-5.00e+02,-5.00e+02,1.00e+01,1.10e+01
-2.36e+02,-7.63e+01,9.00e+00,1.00e+01
-4.97e+02,-4.83e+02,1.00e+01,1.00e+01
-2.32e+02,-7.85e+01,9.00e+00,1.00e+01
-2.28e+02,-6.72e+01,1.00e+01,1.10e+01
-2.29e+02,-7.07e+01,1.00e+01,1.00e+01
-4.77e+02,-3.65e+02,1.00e+01,1.00e+01
-2.31e+02,-7.51e+01,9.00e+00,1.00e+01
-2.28e+02,-6.70e+01,9.00e+00,1.00e+01
-2.29e+02,-6.23e+01,9.00e+00,1.00e+01
-3.82e+02,-1.74e+02,1.00e+01,1.00e+01
-2.31e+02,-7.78e+01,9.00e+00,1.00e+01
-2.26e+02,-6.97e+01,9.00e+00,1.00e+01
-2.33e+02,-8.56e+01,9.00e+00,1.00e+01
-2.26e+02,-7.58e+01,9.00e+00,1.00e+01
-2.35e+02,-9.22e+01,9.00e+00,1.00e+01
-4.73e+02,-3.41e+02,1.00e+01,1.00e+01
-4.97e+02,-4.85e+02,1.00e+01,1.00e+01
-2.32e+02,-7.12e+01,1.00e+01,1.00e+01
-4.48e+02,-1.86e+02,1.00e+01,1.10e+01
-2.41e+02,-7.10e+01,9.00e+00,1.00e+01
-5.00e+02,-5.00e+02,1.10e+01,1.00e+01
-2.43e+02,-8.30e+01,9.00e+00,1.00e+01
-2.30e+02,-7.68e+01,1.00e+01,1.00e+01
-2.35e+02,-7.24e+01,1.00e+01,1.00e+01
-2.32e+02,-6.49e+01,1.00e+01,1.00e+01
-2.32e+02,-7.86e+01,9.00e+00,1.00e+01
-5.00e+02,-5.00e+02,9.00e+00,1.00e+01
-4.81e+02,-3.85e+02,1.00e+01,1.00e+01
-2.34e+02,-6.75e+01,9.00e+00,1.00e+01
-4.17e+02,-2.35e+02,9.00e+00,1.00e+01
-2.41e+02,-8.73e+01,1.00e+01,1.10e+01
-2.29e+02,-7.80e+01,9.00e+00,1.00e+01
-2.26e+02,-6.72e+01,9.00e+00,1.00e+01
-2.31e+02,-6.83e+01,1.00e+01,1.10e+01
-2.25e+02,-6.43e+01,9.00e+00,1.00e+01
-5.00e+02,-5.00e+02,1.00e+01,1.00e+01
-2.28e+02,-6.94e+01,9.00e+00,1.00e+01
-4.89e+02,-4.36e+02,1.00e+01,1.00e+01
-2.55e+02,-7.05e+01,9.00e+00,1.00e+01
-3.35e+02,-1.13e+02,9.00e+00,1.00e+01
-2.27e+02,-6.28e+01,9.00e+00,1.00e+01
-4.45e+02,-1.72e+02,1.00e+01,1.00e+01
-2.29e+02,-7.32e+01,9.00e+00,1.00e+01
-2.26e+02,-6.54e+01,9.00e+00,1.00e+01
-2.55e+02,-6.63e+01,1.00e+01,1.00e+01
-2.24e+02,-5.32e+01,1.00e+01,1.00e+01
-4.33e+02,-2.30e+02,9.00e+00,1.00e+01
-4.98e+02,-4.91e+02,1.00e+01,1.00e+01
-2.32e+02,-7.95e+01,9.00e+00,1.00e+01
-4.97e+02,-4.83e+02,1.00e+01,1.00e+01
-2.40e+02,-6.94e+01,9.00e+00,1.00e+01
-2.32e+02,-7.64e+01,9.00e+00,1.00e+01
-2.33e+02,-7.39e+01,9.00e+00,1.00e+01
-2.30e+02,-6.59e+01,9.00e+00,1.00e+01
-2.26e+02,-5.54e+01,9.00e+00,1.00e+01
-2.23e+02,-6.24e+01,1.00e+01,1.00e+01
-2.30e+02,-7.82e+01,9.00e+00,1.00e+01
-2.39e+02,-8.64e+01,9.00e+00,1.00e+01
-2.33e+02,-7.89e+01,1.00e+01,1.00e+01
-2.78e+02,-7.37e+01,9.00e+00,1.00e+01
-4.84e+02,-4.08e+02,1.00e+01,1.00e+01
-2.36e+02,-8.69e+01,1.00e+01,1.00e+01
-4.07e+02,-3.01e+02,9.00e+00,1.00e+01
-3.28e+02,-1.43e+02,1.00e+01,1.00e+01
-3.32e+02,-9.76e+01,1.00e+01,1.00e+01
-2.34e+02,-5.94e+01,1.00e+01,1.00e+01
-2.35e+02,-7.24e+01,9.00e+00,1.00e+01
-2.28e+02,-6.88e+01,9.00e+00,1.00e+01
-2.30e+02,-7.98e+01,1.00e+01,1.00e+01
-2.25e+02,-6.85e+01,1.00e+01,1.00e+01
-3.18e+02,-1.01e+02,9.00e+00,1.00e+01
-3.33e+02,-1.83e+02,9.00e+00,1.00e+01
-5.00e+02,-5.00e+02,9.00e+00,1.00e+01
-2.29e+02,-6.90e+01,9.00e+00,1.00e+01
-2.30e+02,-7.67e+01,1.00e+01,1.00e+01
-4.28e+02,-2.83e+02,9.00e+00,1.00e+01
-4.55e+02,-2.32e+02,1.00e+01,1.00e+01
-2.33e+02,-6.72e+01,1.00e+01,1.00e+01
-4.39e+02,-2.84e+02,1.00e+01,1.10e+01
-2.30e+02,-7.23e+01,9.00e+00,1.00e+01
-2.30e+02,-7.99e+01,9.00e+00,1.00e+01
-4.98e+02,-4.88e+02,1.10e+01,1.00e+01
-4.26e+02,-1.47e+02,9.00e+00,1.00e+01
-2.30e+02,-6.58e+01,1.00e+01,1.00e+01
-2.32e+02,-7.13e+01,9.00e+00,1.00e+01
-2.91e+02,-6.99e+01,9.00e+00,1.00e+01
-4.40e+02,-2.92e+02,9.00e+00,1.00e+01
-3.87e+02,-1.88e+02,9.00e+00,1.00e+01
-3.28e+02,-1.25e+02,9.00e+00,1.00e+01
-2.39e+02,-8.68e+01,9.00e+00,1.00e+01
-2.43e+02,-8.49e+01,9.00e+00,1.00e+01
-4.97e+02,-4.84e+02,1.00e+01,1.00e+01
-2.30e+02,-7.24e+01,1.00e+01,1.00e+01
-2.38e+02,-7.24e+01,9.00e+00,1.00e+01
-4.47e+02,-1.82e+02,1.00e+01,1.00e+01
-3.18e+02,-9.57e+01,1.00e+01,1.00e+01
-4.39e+02,-2.23e+02,1.00e+01,1.00e+01
-2.33e+02,-7.00e+01,1.00e+01,1.00e+01
-3.34e+02,-1.16e+02,1.00e+01,1.00e+01
-5.00e+02,-5.00e+02,1.00e+01,1.10e+01
-2.41e+02,-6.96e+01,9.00e+00,1.00e+01
-2.28e+02,-6.60e+01,9.00e+00,1.00e+01
-4.28e+02,-2.43e+02,9.00e+00,1.00e+01
-2.25e+02,-6.72e+01,9.00e+00,1.00e+01
-2.48e+02,-1.08e+02,1.00e+01,1.00e+01
-4.48e+02,-1.90e+02,1.00e+01,1.00e+01
-4.97e+02,-4.81e+02,1.10e+01,1.00e+01
-2.31e+02,-6.95e+01,9.00e+00,1.00e+01
-4.41e+02,-1.46e+02,9.00e+00,1.00e+01
-4.86e+02,-4.16e+02,1.00e+01,1.00e+01
-2.25e+02,-6.30e+01,9.00e+00,1.00e+01
-3.20e+02,-7.95e+01,9.00e+00,1.00e+01
-2.29e+02,-7.27e+01,9.00e+00,1.00e+01
-3.18e+02,-9.29e+01,1.00e+01,1.00e+01
-3.34e+02,-1.12e+02,9.00e+00,1.00e+01
-2.38e+02,-7.97e+01,9.00e+00,1.00e+01
-5.00e+02,-5.00e+02,1.10e+01,1.00e+01
