-2.28e+02,-6.87e+01,1.00e+01,1.00e+01
-2.30e+02,-8.06e+01,9.00e+00,1.00e+01
-2.32e+02,-6.92e+01,1.00e+01,1.00e+01
-2.45e+02,-6.64e+01,9.00e+00,1.00e+01
-2.23e+02,-6.30e+01,1.00e+01,1.00e+01
-2.32e+02,-8.03e+01,9.00e+00,1.00e+01
-2.29e+02,-7.06e+01,1.00e+01,1.00e+01
-2.32e+02,-7.13e+01,9.00e+00,1.00e+01
-2.32e+02,-7.33e+01,1.00e+01,1.00e+01
-2.36e+02,-8.51e+01,9.00e+00,1.00e+01
-2.32e+02,-7.00e+01,9.00e+00,1.00e+01
-2.33e+02,-7.10e+01,9.00e+00,1.00e+01
-2.31e+02,-7.52e+01,9.00e+00,1.00e+01
-2.26e+02,-6.54e+01,9.00e+00,1.00e+01
-2.33e+02,-8.13e+01,1.00e+01,1.00e+01
-2.30e+02,-7.74e+01,9.00e+00,1.00e+01
-2.33e+02,-8.47e+01,1.00e+01,1.00e+01
-2.30e+02,-7.33e+01,9.00e+00,1.00e+01
-5.00e+02,-5.00e+02,1.10e+01,1.00e+01
-5.00e+02,-5.00e+02,9.00e+00,1.00e+01
-3.30e+02,-9.91e+01,9.00e+00,1.00e+01
-2.69e+02,-7.56e+01,9.00e+00,1.00e+01
-2.25e+02,-5.70e+01,1.00e+01,1.00e+01
-2.30e+02,-6.07e+01,1.00e+01,1.00e+01
-2.26e+02,-6.68e+01,9.00e+00,1.00e+01
-3.19e+02,-9.92e+01,1.00e+01,1.00e+01
-5.00e+02,-5.00e+02,1.00e+01,1.00e+01
-2.33e+02,-7.96e+01,9.00e+00,1.00e+01
-2.69e+02,-7.94e+01,9.00e+00,1.00e+01
-3.20e+02,-1.13e+02,1.00e+01,1.00e+01
-4.48e+02,-3.41e+02,1.00e+01,1.00e+01
-2.35e+02,-7.24e+01,1.00e+01,1.10e+01
-2.35e+02,-7.15e+01,9.00e+00,1.00e+01
-3.32e+02,-1.00e+02,9.00e+00,1.00e+01
-2.30e+02,-6.28e+01,1.10e+01,1.10e+01
-3.19e+02,-1.04e+02,1.00e+01,1.00e+01
-4.78e+02,-3.67e+02,1.10e+01,1.00e+01
-3.26e+02,-9.20e+01,1.00e+01,1.00e+01
-2.33e+02,-7.12e+01,1.00e+01,1.00e+01
-2.54e+02,-1.17e+02,1.10e+01,1.00e+01
-4.08e+02,-2.20e+02,9.00e+00,1.00e+01
-4.46e+02,-1.75e+02,1.10e+01,1.00e+01
-2.26e+02,-7.03e+01,1.00e+01,1.00e+01
-5.00e+02,-5.00e+02,1.00e+01,1.00e+01
-2.28e+02,-7.35e+01,9.00e+00,1.00e+01
-4.06e+02,-2.93e+02,1.00e+01,1.00e+01
-2.29e+02,-6.64e+01,1.00e+01,1.00e+01
-3.39e+02,-1.11e+02,9.00e+00,1.00e+01
-3.22e+02,-1.30e+02,1.00e+01,1.00e+01
-2.32e+02,-7.95e+01,1.00e+01,1.00e+01
-2.60e+02,-6.79e+01,1.00e+01,1.00e+01
-2.63e+02,-7.65e+01,1.00e+01,1.00e+01
-2.41e+02,-8.70e+01,9.00e+00,1.00e+01
-2.31e+02,-6.08e+01,1.00e+01,1.00e+01
-4.38e+02,-1.32e+02,1.00e+01,1.00e+01
-2.58e+02,-6.84e+01,9.00e+00,1.00e+01
-2.40e+02,-6.47e+01,1.00e+01,1.00e+01
-3.17e+02,-9.18e+01,1.00e+01,1.00e+01
-4.98e+02,-4.88e+02,1.00e+01,1.00e+01
-5.00e+02,-5.00e+02,1.10e+01,1.00e+01
-2.24e+02,-6.18e+01,1.00e+01,1.00e+01
-2.36e+02,-7.57e+01,1.00e+01,1.00e+01
-3.95e+02,-1.86e+02,9.00e+00,1.00e+01
-3.19e+02,-1.00e+02,1.00e+01,1.00e+01
-2.37e+02,-7.47e+01,1.00e+01,1.00e+01
-5.00e+02,-5.00e+02,1.00e+01,1.00e+01
-2.32e+02,-7.31e+01,1.00e+01,1.00e+01
-2.38e+02,-7.08e+01,1.00e+01,1.00e+01
-2.23e+02,-5.47e+01,1.00e+01,1.00e+01
-2.35e+02,-7.56e+01,1.00e+01,1.00e+01
-2.33e+02,-7.41e+01,9.00e+00,1.00e+01
-5.00e+02,-5.00e+02,1.00e+01,1.00e+01
-4.48e+02,-1.90e+02,1.00e+01,1.00e+01
-2.61e+02,-6.40e+01,1.00e+01,1.00e+01
-5.00e+02,-5.00e+02,1.10e+01,1.00e+01
-2.24e+02,-6.15e+01,1.00e+01,1.00e+01
-4.81e+02,-3.89e+02,1.00e+01,1.00e+01
-4.52e+02,-2.15e+02,1.00e+01,1.00e+01
-2.47e+02,-6.41e+01,1.00e+01,1.00e+01
-2.34e+02,-6.63e+01,1.00e+01,1.00e+01
-3.46e+02,-1.02e+02,1.00e+01,1.00e+01
-3.94e+02,-2.53e+02,1.00e+01,1.00e+01
-2.31e+02,-6.43e+01,1.00e+01,1.00e+01
-4.83e+02,-3.99e+02,1.10e+01,1.00e+01
-4.45e+02,-1.72e+02,1.00e+01,1.00e+01
-4.31e+02,-2.75e+02,1.00e+01,1.00e+01
-2.26e+02,-6.51e+01,1.00e+01,1.00e+01
-4.07e+02,-2.95e+02,1.00e+01,1.00e+01
-2.35e+02,-6.99e+01,9.00e+00,1.00e+01
-2.30e+02,-7.54e+01,1.00e+01,1.00e+01
-3.40e+02,-1.77e+02,9.00e+00,1.00e+01
-2.65e+02,-5.99e+01,1.00e+01,1.00e+01
-4.81e+02,-3.90e+02,1.10e+01,1.00e+01
-4.03e+02,-1.46e+02,1.00e+01,1.00e+01
-5.00e+02,-5.00e+02,1.10e+01,1.00e+01
-2.39e+02,-6.43e+01,9.00e+00,1.00e+01
-2.36e+02,-7.09e+01,1.00e+01,1.00e+01
-4.98e+02,-4.88e+02,1.10e+01,1.00e+01
-2.42e+02,-9.39e+01,9.00e+00,1.00e+01
-5.00e+02,-5.00e+02,1.10e+01,1.00e+01
-2.30e+02,-6.92e+01,1.00e+01,1.00e+01
-5.00e+02,-5.00e+02,1.00e+01,1.00e+01
-3.40e+02,-1.15e+02,1.00e+01,1.00e+01
-4.15e+02,-1.37e+02,1.00e+01,1.00e+01
-2.31e+02,-7.76e+01,9.00e+00,1.00e+01
-2.30e+02,-7.61e+01,1.00e+01,1.00e+01
-2.38e+02,-7.08e+01,1.00e+01,1.00e+01
-2.26e+02,-6.37e+01,1.00e+01,1.00e+01
-2.26e+02,-7.18e+01,9.00e+00,1.00e+01
-2.37e+02,-8.41e+01,1.00e+01,1.00e+01
-4.48e+02,-1.90e+02,1.00e+01,1.00e+01
-2.28e+02,-6.52e+01,1.10e+01,1.10e+01
-4.29e+02,-2.60e+02,9.00e+00,1.00e+01
-2.44e+02,-9.77e+01,9.00e+00,1.00e+01
-4.39e+02,-1.34e+02,1.00e+01,1.00e+01
-2.77e+02,-7.79e+01,1.00e+01,1.00e+01
-2.26e+02,-6.50e+01,1.00e+01,1.00e+01
-3.27e+02,-1.21e+02,1.10e+01,1.00e+01
-2.53e+02,-6.82e+01,1.00e+01,1.00e+01
-5.00e+02,-5.00e+02,1.10e+01,1.00e+01
-2.47e+02,-1.05e+02,1.00e+01,1.00e+01
-2.27e+02,-5.97e+01,9.00e+00,1.00e+01
-2.29e+02,-7.48e+01,1.10e+01,1.00e+01
-5.00e+02,-5.00e+02,1.10e+01,1.00e+01
-5.00e+02,-5.00e+02,1.10e+01,1.00e+01
-2.32e+02,-7.02e+01,1.00e+01,1.00e+01
-4.40e+02,-2.89e+02,9.00e+00,1.00e+01
-5.00e+02,-5.00e+02,1.00e+01,1.00e+01
-4.47e+02,-1.82e+02,1.10e+01,1.00e+01
-5.00e+02,-5.00e+02,9.00e+00,1.00e+01
-2.36e+02,-7.57e+01,9.00e+00,1.00e+01
-2.26e+02,-6.01e+01,9.00e+00,1.00e+01
-2.27e+02,-7.07e+01,1.00e+01,1.00e+01
-3.76e+02,-1.90e+02,1.00e+01,1.00e+01
-2.30e+02,-7.15e+01,1.00e+01,1.00e+01
-2.27e+02,-7.42e+01,1.00e+01,1.00e+01
-3.36e+02,-1.33e+02,1.00e+01,1.00e+01
-2.32e+02,-7.73e+01,9.00e+00,1.00e+01
-2.28e+02,-6.50e+01,9.00e+00,1.00e+01
-2.28e+02,-6.67e+01,9.00e+00,1.00e+01
-2.43e+02,-7.19e+01,9.00e+00,1.00e+01
-4.98e+02,-4.87e+02,1.10e+01,1.00e+01
-2.29e+02,-7.29e+01,9.00e+00,1.00e+01
-2.32e+02,-6.25e+01,1.00e+01,1.00e+01
-3.31e+02,-9.97e+01,1.00e+01,1.00e+01
-3.04e+02,-1.31e+02,9.00e+00,1.00e+01
-2.39e+02,-8.58e+01,1.00e+01,1.00e+01
-2.29e+02,-6.50e+01,1.00e+01,1.00e+01
-2.35e+02,-8.29e+01,1.10e+01,1.00e+01
-4.09e+02,-2.16e+02,1.00e+01,1.10e+01
-2.44e+02,-7.88e+01,9.00e+00,1.00e+01
-3.81e+02,-1.98e+02,1.00e+01,1.00e+01
-2.35e+02,-8.65e+01,1.10e+01,1.00e+01
-2.29e+02,-6.17e+01,1.00e+01,1.00e+01
-2.29e+02,-7.10e+01,9.00e+00,1.00e+01
-2.33e+02,-7.35e+01,1.00e+01,1.00e+01
-2.28e+02,-6.47e+01,9.00e+00,1.00e+01
-4.01e+02,-2.02e+02,9.00e+00,1.00e+01
-2.41e+02,-7.22e+01,9.00e+00,1.00e+01
-2.25e+02,-6.28e+01,1.00e+01,1.00e+01
-2.28e+02,-6.74e+01,1.00e+01,1.00e+01
-2.30e+02,-7.69e+01,1.00e+01,1.00e+01
-5.00e+02,-5.00e+02,1.00e+01,1.00e+01
-2.37e+02,-7.26e+01,1.10e+01,1.00e+01
-2.24e+02,-5.55e+01,1.00e+01,1.00e+01
-2.26e+02,-6.46e+01,9.00e+00,1.00e+01
-3.26e+02,-9.58e+01,9.00e+00,1.00e+01
-2.41e+02,-6.46e+01,1.00e+01,1.00e+01
-3.79e+02,-1.78e+02,1.00e+01,1.10e+01
-2.30e+02,-6.99e+01,1.00e+01,1.00e+01
-2.81e+02,-1.18e+02,1.10e+01,1.10e+01
-2.35e+02,-7.02e+01,9.00e+00,1.00e+01
-5.00e+02,-5.00e+02,1.00e+01,1.00e+01
-5.00e+02,-5.00e+02,1.00e+01,1.00e+01
-2.31e+02,-7.71e+01,1.10e+01,1.00e+01
-2.32e+02,-8.32e+01,1.00e+01,1.00e+01
-2.31e+02,-6.73e+01,1.00e+01,1.00e+01
-2.44e+02,-9.45e+01,9.00e+00,1.00e+01
-2.93e+02,-7.66e+01,1.00e+01,1.00e+01
-2.28e+02,-6.26e+01,9.00e+00,1.00e+01
-2.24e+02,-5.76e+01,1.00e+01,1.00e+01
-4.53e+02,-2.20e+02,9.00e+00,1.00e+01
-4.98e+02,-4.89e+02,1.10e+01,1.00e+01
-5.00e+02,-5.00e+02,9.00e+00,1.00e+01
-4.02e+02,-1.99e+02,9.00e+00,1.00e+01
-2.31e+02,-7.09e+01,1.00e+01,1.00e+01
-2.30e+02,-7.43e+01,1.00e+01,1.00e+01
-5.00e+02,-5.00e+02,1.10e+01,1.10e+01
-2.33e+02,-7.31e+01,1.00e+01,1.00e+01
-2.24e+02,-7.29e+01,9.00e+00,1.00e+01
-2.30e+02,-7.49e+01,1.00e+01,1.00e+01
-2.34e+02,-8.62e+01,1.00e+01,1.00e+01
