-2.35e+02,-8.86e+01,9.00e+00,1.00e+01
-2.43e+02,-8.78e+01,9.00e+00,1.00e+01
-2.40e+02,-8.82e+01,9.00e+00,1.00e+01
-2.30e+02,-7.19e+01,9.00e+00,1.00e+01
-2.31e+02,-6.71e+01,9.00e+00,1.00e+01
-2.29e+02,-7.95e+01,9.00e+00,1.00e+01
-2.29e+02,-6.70e+01,9.00e+00,1.00e+01
-2.26e+02,-6.48e+01,9.00e+00,1.00e+01
-2.29e+02,-7.39e+01,9.00e+00,1.00e+01
-2.26e+02,-6.24e+01,9.00e+00,1.00e+01
-2.31e+02,-6.09e+01,9.00e+00,1.00e+01
-2.30e+02,-7.91e+01,9.00e+00,1.00e+01
-2.25e+02,-5.56e+01,9.00e+00,1.00e+01
-2.36e+02,-7.11e+01,9.00e+00,1.00e+01
-2.30e+02,-7.30e+01,9.00e+00,1.00e+01
-2.28e+02,-7.23e+01,9.00e+00,1.00e+01
-4.47e+02,-1.85e+02,1.00e+01,1.00e+01
-2.29e+02,-6.93e+01,9.00e+00,1.00e+01
-2.29e+02,-6.08e+01,9.00e+00,1.00e+01
-4.62e+02,-2.74e+02,9.00e+00,1.00e+01
-2.39e+02,-6.61e+01,9.00e+00,1.00e+01
-4.53e+02,-2.17e+02,9.00e+00,1.00e+01
-4.46e+02,-1.78e+02,1.00e+01,1.00e+01
-5.00e+02,-5.00e+02,9.00e+00,1.00e+01
-2.50e+02,-6.79e+01,1.00e+01,1.10e+01
-2.30e+02,-7.69e+01,9.00e+00,1.00e+01
-2.26e+02,-6.95e+01,9.00e+00,1.00e+01
-2.43e+02,-8.64e+01,9.00e+00,1.00e+01
-2.28e+02,-6.66e+01,9.00e+00,1.00e+01
-2.32e+02,-7.58e+01,9.00e+00,1.00e+01
-2.35e+02,-7.59e+01,9.00e+00,1.00e+01
-5.00e+02,-5.00e+02,9.00e+00,1.00e+01
-2.29e+02,-7.56e+01,9.00e+00,1.00e+01
-2.37e+02,-7.71e+01,9.00e+00,1.00e+01
-3.43e+02,-9.28e+01,9.00e+00,1.00e+01
-2.33e+02,-8.66e+01,1.00e+01,1.00e+01
-2.35e+02,-7.75e+01,9.00e+00,1.00e+01
-4.80e+02,-3.82e+02,1.00e+01,1.00e+01
-2.33e+02,-7.30e+01,9.00e+00,1.00e+01
-2.51e+02,-1.17e+02,1.00e+01,1.00e+01
-2.26e+02,-6.56e+01,9.00e+00,1.00e+01
-2.42e+02,-6.52e+01,1.00e+01,1.00e+01
-3.77e+02,-1.66e+02,1.00e+01,1.10e+01
-2.28e+02,-7.72e+01,1.00e+01,1.10e+01
-2.26e+02,-7.26e+01,1.00e+01,1.00e+01
-2.28e+02,-6.94e+01,9.00e+00,1.00e+01
-3.37e+02,-9.67e+01,9.00e+00,1.00e+01
-2.34e+02,-8.68e+01,1.00e+01,1.00e+01
-2.64e+02,-6.83e+01,9.00e+00,1.00e+01
-2.31e+02,-6.74e+01,9.00e+00,1.00e+01
-2.27e+02,-6.32e+01,9.00e+00,1.00e+01
-5.00e+02,-5.00e+02,9.00e+00,1.00e+01
-3.82e+02,-2.58e+02,9.00e+00,1.00e+01
-4.52e+02,-2.10e+02,1.00e+01,1.00e+01
-5.00e+02,-5.00e+02,1.00e+01,1.00e+01
-3.11e+02,-1.04e+02,1.00e+01,1.10e+01
-2.34e+02,-6.78e+01,9.00e+00,1.00e+01
-2.27e+02,-5.43e+01,9.00e+00,1.00e+01
-4.54e+02,-2.24e+02,9.00e+00,1.00e+01
-2.33e+02,-7.50e+01,9.00e+00,1.00e+01
-4.47e+02,-2.91e+02,9.00e+00,1.00e+01
-5.00e+02,-5.00e+02,1.00e+01,1.00e+01
-4.78e+02,-3.69e+02,1.00e+01,1.00e+01
-5.00e+02,-5.00e+02,1.00e+01,1.00e+01
-4.78e+02,-3.68e+02,1.00e+01,1.00e+01
-4.06e+02,-2.05e+02,1.00e+01,1.10e+01
-2.29e+02,-6.95e+01,1.00e+01,1.10e+01
-4.10e+02,-2.21e+02,1.00e+01,1.10e+01
-2.30e+02,-7.47e+01,9.00e+00,1.00e+01
-2.27e+02,-6.34e+01,9.00e+00,1.00e+01
-5.00e+02,-5.00e+02,9.00e+00,1.00e+01
-2.35e+02,-8.07e+01,1.00e+01,1.10e+01
-3.26e+02,-8.54e+01,9.00e+00,1.00e+01
-2.60e+02,-6.06e+01,9.00e+00,1.00e+01
-4.64e+02,-2.87e+02,9.00e+00,1.00e+01
-4.18e+02,-2.19e+02,9.00e+00,1.00e+01
-2.76e+02,-7.02e+01,9.00e+00,1.00e+01
-5.00e+02,-5.00e+02,1.00e+01,1.00e+01
-4.47e+02,-1.81e+02,1.00e+01,1.00e+01
-4.26e+02,-2.38e+02,9.00e+00,1.00e+01
-2.37e+02,-8.62e+01,9.00e+00,1.00e+01
-2.29e+02,-7.44e+01,1.00e+01,1.10e+01
-4.59e+02,-2.57e+02,9.00e+00,1.00e+01
-2.36e+02,-7.68e+01,9.00e+00,1.00e+01
-3.25e+02,-8.77e+01,9.00e+00,1.00e+01
-2.33e+02,-6.48e+01,9.00e+00,1.00e+01
-4.84e+02,-4.03e+02,1.00e+01,1.00e+01
-4.38e+02,-1.27e+02,9.00e+00,1.00e+01
-4.97e+02,-4.85e+02,1.00e+01,1.00e+01
-2.35e+02,-8.84e+01,9.00e+00,1.00e+01
-2.48e+02,-8.56e+01,1.00e+01,1.00e+01
-2.25e+02,-6.73e+01,9.00e+00,1.00e+01
-2.44e+02,-7.72e+01,9.00e+00,1.00e+01
-3.87e+02,-1.98e+02,9.00e+00,1.00e+01
-2.31e+02,-7.62e+01,9.00e+00,1.00e+01
-2.24e+02,-6.02e+01,9.00e+00,1.00e+01
-2.32e+02,-6.10e+01,9.00e+00,1.00e+01
-2.32e+02,-7.88e+01,9.00e+00,1.00e+01
-2.27e+02,-6.33e+01,9.00e+00,1.00e+01
-2.33e+02,-6.44e+01,9.00e+00,1.00e+01
-2.33e+02,-8.47e+01,9.00e+00,1.00e+01
-2.41e+02,-9.92e+01,1.00e+01,1.00e+01
-2.53e+02,-6.46e+01,9.00e+00,1.00e+01
-3.28e+02,-8.89e+01,9.00e+00,1.00e+01
-2.45e+02,-7.40e+01,9.00e+00,1.00e+01
-2.30e+02,-6.17e+01,9.00e+00,1.00e+01
-2.28e+02,-7.22e+01,9.00e+00,1.00e+01
-2.25e+02,-5.87e+01,9.00e+00,1.00e+01
-5.00e+02,-4.99e+02,1.00e+01,1.00e+01
-3.08e+02,-1.43e+02,9.00e+00,1.00e+01
-5.00e+02,-5.00e+02,9.00e+00,1.00e+01
-3.32e+02,-1.07e+02,9.00e+00,1.00e+01
-5.00e+02,-5.00e+02,1.00e+01,1.10e+01
-2.36e+02,-7.16e+01,9.00e+00,1.00e+01
-2.30e+02,-7.97e+01,1.00e+01,1.00e+01
-5.00e+02,-5.00e+02,9.00e+00,1.00e+01
-2.33e+02,-7.59e+01,9.00e+00,1.00e+01
-2.45e+02,-6.86e+01,9.00e+00,1.00e+01
-2.27e+02,-6.84e+01,9.00e+00,1.00e+01
-2.27e+02,-6.93e+01,1.00e+01,1.00e+01
-3.26e+02,-9.60e+01,9.00e+00,1.00e+01
-4.99e+02,-4.94e+02,1.00e+01,1.00e+01
-3.98e+02,-1.87e+02,9.00e+00,1.00e+01
-2.25e+02,-6.37e+01,9.00e+00,1.00e+01
-5.00e+02,-5.00e+02,1.00e+01,1.00e+01
-5.00e+02,-5.00e+02,1.00e+01,1.00e+01
-2.75e+02,-7.73e+01,9.00e+00,1.00e+01
-5.00e+02,-5.00e+02,9.00e+00,1.00e+01
-4.54e+02,-2.24e+02,9.00e+00,1.00e+01
-5.00e+02,-4.98e+02,1.00e+01,1.00e+01
-2.32e+02,-7.56e+01,9.00e+00,1.00e+01
-3.18e+02,-9.46e+01,1.00e+01,1.00e+01
-2.26e+02,-7.18e+01,9.00e+00,1.00e+01
-2.26e+02,-7.15e+01,9.00e+00,1.00e+01
-3.01e+02,-1.31e+02,9.00e+00,1.00e+01
-4.91e+02,-4.49e+02,1.00e+01,1.00e+01
-5.00e+02,-5.00e+02,9.00e+00,1.00e+01
-2.35e+02,-7.99e+01,1.00e+01,1.00e+01
-2.26e+02,-7.11e+01,9.00e+00,1.00e+01
-2.31e+02,-6.96e+01,9.00e+00,1.00e+01
-4.99e+02,-4.97e+02,1.00e+01,1.00e+01
-2.60e+02,-8.36e+01,9.00e+00,1.00e+01
-2.26e+02,-5.73e+01,9.00e+00,1.00e+01
-4.38e+02,-2.87e+02,9.00e+00,1.00e+01
-2.29e+02,-7.01e+01,9.00e+00,1.00e+01
-3.82e+02,-1.72e+02,9.00e+00,1.00e+01
-4.34e+02,-2.66e+02,9.00e+00,1.00e+01
-2.32e+02,-7.06e+01,9.00e+00,1.00e+01
-2.30e+02,-5.65e+01,9.00e+00,1.00e+01
-4.33e+02,-2.73e+02,1.00e+01,1.10e+01
-2.30e+02,-7.50e+01,9.00e+00,1.00e+01
-2.78e+02,-6.43e+01,9.00e+00,1.00e+01
-2.91e+02,-7.50e+01,9.00e+00,1.00e+01
-2.30e+02,-7.71e+01,9.00e+00,1.00e+01
-2.40e+02,-7.19e+01,9.00e+00,1.00e+01
-2.28e+02,-7.46e+01,9.00e+00,1.00e+01
-2.93e+02,-8.17e+01,9.00e+00,1.00e+01
-5.00e+02,-5.00e+02,9.00e+00,1.00e+01
-2.29e+02,-6.98e+01,1.00e+01,1.10e+01
-5.00e+02,-5.00e+02,1.00e+01,1.00e+01
-4.11e+02,-1.99e+02,9.00e+00,1.00e+01
-3.32e+02,-1.01e+02,9.00e+00,1.00e+01
-3.05e+02,-1.06e+02,9.00e+00,1.00e+01
-2.36e+02,-9.33e+01,1.00e+01,1.10e+01
-2.25e+02,-7.19e+01,9.00e+00,1.00e+01
-2.29e+02,-7.07e+01,9.00e+00,1.00e+01
-2.29e+02,-6.08e+01,9.00e+00,1.00e+01
-4.94e+02,-4.62e+02,1.00e+01,1.00e+01
-2.40e+02,-7.72e+01,9.00e+00,1.00e+01
-2.30e+02,-6.01e+01,9.00e+00,1.00e+01
-2.27e+02,-6.22e+01,9.00e+00,1.00e+01
-3.21e+02,-8.45e+01,9.00e+00,1.00e+01
-2.50e+02,-8.33e+01,9.00e+00,1.00e+01
-4.59e+02,-2.53e+02,1.00e+01,1.00e+01
-2.58e+02,-6.40e+01,9.00e+00,1.00e+01
-2.27e+02,-7.00e+01,9.00e+00,1.00e+01
-2.29e+02,-5.90e+01,1.00e+01,1.00e+01
-5.00e+02,-5.00e+02,9.00e+00,1.00e+01
-5.00e+02,-5.00e+02,9.00e+00,1.00e+01
-3.28e+02,-9.58e+01,9.00e+00,1.00e+01
-2.35e+02,-9.01e+01,9.00e+00,1.00e+01
-2.25e+02,-7.12e+01,9.00e+00,1.00e+01
-4.36e+02,-3.08e+02,9.00e+00,1.00e+01
-2.31e+02,-6.84e+01,9.00e+00,1.00e+01
-2.33e+02,-6.95e+01,9.00e+00,1.00e+01
-2.30e+02,-7.19e+01,9.00e+00,1.00e+01
-2.45e+02,-7.86e+01,1.00e+01,1.10e+01
-4.47e+02,-1.85e+02,9.00e+00,1.00e+01
-2.28e+02,-7.01e+01,9.00e+00,1.00e+01
-2.28e+02,-6.06e+01,9.00e+00,1.00e+01
-2.29e+02,-6.43e+01,9.00e+00,1.00e+01
-2.36e+02,-6.83e+01,9.00e+00,1.00e+01
