-2.32e+02,-6.20e+01,1.10e+01,1.00e+01
-2.32e+02,-6.57e+01,1.00e+01,1.00e+01
-2.31e+02,-7.86e+01,1.00e+01,1.00e+01
-2.34e+02,-6.67e+01,1.00e+01,1.00e+01
-2.30e+02,-7.01e+01,1.00e+01,1.00e+01
-2.26e+02,-6.97e+01,1.00e+01,1.00e+01
-2.36e+02,-6.41e+01,1.00e+01,1.00e+01
-2.34e+02,-7.83e+01,1.00e+01,1.00e+01
-2.33e+02,-7.28e+01,1.00e+01,1.00e+01
-2.25e+02,-5.98e+01,1.00e+01,1.00e+01
-2.22e+02,-6.39e+01,2.00e+01,1.10e+01
-2.28e+02,-6.77e+01,1.00e+01,1.00e+01
-2.38e+02,-7.33e+01,1.00e+01,1.00e+01
-2.31e+02,-6.47e+01,1.00e+01,1.00e+01
-2.27e+02,-7.09e+01,1.00e+01,1.00e+01
-2.35e+02,-7.51e+01,1.00e+01,1.00e+01
-5.00e+02,-5.00e+02,1.20e+01,1.00e+01
-5.00e+02,-5.00e+02,1.10e+01,1.00e+01
-3.78e+02,-2.01e+02,1.10e+01,1.00e+01
-2.90e+02,-1.29e+02,1.00e+01,1.00e+01
-2.33e+02,-6.76e+01,1.00e+01,1.00e+01
-2.30e+02,-8.18e+01,1.10e+01,1.00e+01
-3.91e+02,-1.92e+02,1.00e+01,1.00e+01
-5.00e+02,-5.00e+02,1.10e+01,1.00e+01
-4.10e+02,-1.94e+02,1.00e+01,1.00e+01
-2.29e+02,-6.13e+01,1.10e+01,1.00e+01
-2.41e+02,-6.27e+01,1.10e+01,1.00e+01
-2.37e+02,-9.03e+01,1.20e+01,1.00e+01
-4.47e+02,-1.81e+02,1.20e+01,1.00e+01
-2.49e+02,-6.66e+01,1.10e+01,1.00e+01
-2.28e+02,-6.46e+01,1.00e+01,1.00e+01
-2.31e+02,-6.89e+01,1.00e+01,1.00e+01
-4.48e+02,-1.88e+02,1.20e+01,1.00e+01
-2.27e+02,-5.98e+01,1.00e+01,1.00e+01
-2.27e+02,-6.29e+01,1.00e+01,1.00e+01
-2.31e+02,-7.10e+01,1.00e+01,1.00e+01
-2.32e+02,-6.97e+01,1.00e+01,1.00e+01
-5.00e+02,-5.00e+02,1.00e+01,1.00e+01
-4.41e+02,-1.46e+02,1.00e+01,1.00e+01
-2.25e+02,-6.53e+01,1.10e+01,1.00e+01
-2.36e+02,-8.01e+01,1.00e+01,1.00e+01
-2.36e+02,-8.08e+01,1.20e+01,1.10e+01
-2.31e+02,-8.62e+01,1.00e+01,1.00e+01
-2.28e+02,-6.53e+01,1.00e+01,1.00e+01
-3.28e+02,-8.37e+01,1.00e+01,1.00e+01
-4.45e+02,-1.69e+02,1.10e+01,1.00e+01
-5.00e+02,-5.00e+02,1.10e+01,1.00e+01
-2.30e+02,-6.41e+01,1.00e+01,1.00e+01
-2.25e+02,-6.22e+01,1.00e+01,1.00e+01
-4.39e+02,-1.36e+02,1.00e+01,1.00e+01
-2.34e+02,-6.93e+01,1.10e+01,1.10e+01
-3.13e+02,-8.98e+01,1.10e+01,1.00e+01
-2.41e+02,-8.50e+01,1.10e+01,1.00e+01
-3.74e+02,-1.64e+02,1.10e+01,1.10e+01
-4.98e+02,-4.86e+02,1.10e+01,1.00e+01
-4.87e+02,-4.24e+02,1.10e+01,1.00e+01
-2.90e+02,-7.41e+01,1.00e+01,1.00e+01
-5.00e+02,-5.00e+02,1.10e+01,1.00e+01
-2.44e+02,-6.76e+01,1.00e+01,1.00e+01
-2.26e+02,-5.85e+01,1.00e+01,1.00e+01
-4.27e+02,-2.39e+02,1.00e+01,1.00e+01
-2.36e+02,-8.34e+01,1.00e+01,1.00e+01
-2.53e+02,-1.22e+02,1.10e+01,1.00e+01
-2.45e+02,-8.69e+01,1.00e+01,1.00e+01
-3.32e+02,-8.70e+01,1.10e+01,1.10e+01
-2.37e+02,-6.34e+01,1.00e+01,1.00e+01
-4.55e+02,-2.28e+02,1.00e+01,1.00e+01
-2.29e+02,-7.33e+01,1.00e+01,1.00e+01
-3.90e+02,-1.89e+02,1.00e+01,1.00e+01
-2.29e+02,-7.23e+01,1.00e+01,1.00e+01
-2.43e+02,-7.63e+01,1.00e+01,1.00e+01
-4.34e+02,-2.05e+02,1.00e+01,1.00e+01
-2.31e+02,-7.86e+01,1.10e+01,1.00e+01
-3.33e+02,-9.05e+01,1.00e+01,1.00e+01
-4.10e+02,-1.89e+02,1.00e+01,1.00e+01
-2.30e+02,-7.74e+01,1.00e+01,1.00e+01
-2.27e+02,-7.02e+01,1.10e+01,1.00e+01
-2.91e+02,-6.42e+01,1.00e+01,1.00e+01
-2.31e+02,-8.08e+01,1.00e+01,1.00e+01
-2.30e+02,-7.06e+01,1.10e+01,1.10e+01
-4.30e+02,-2.72e+02,1.10e+01,1.00e+01
-4.38e+02,-1.29e+02,1.00e+01,1.00e+01
-4.40e+02,-2.82e+02,1.00e+01,1.00e+01
-2.31e+02,-6.38e+01,1.10e+01,1.00e+01
-2.24e+02,-6.54e+01,1.10e+01,1.00e+01
-2.29e+02,-7.40e+01,1.10e+01,1.00e+01
-2.27e+02,-7.36e+01,1.00e+01,1.00e+01
-2.29e+02,-7.13e+01,1.00e+01,1.00e+01
-2.22e+02,-6.14e+01,1.00e+01,1.00e+01
-3.31e+02,-9.50e+01,1.00e+01,1.00e+01
-2.24e+02,-5.76e+01,1.00e+01,1.00e+01
-5.00e+02,-5.00e+02,1.00e+01,1.00e+01
-2.34e+02,-8.08e+01,1.00e+01,1.00e+01
-2.30e+02,-7.56e+01,1.10e+01,1.10e+01
-2.28e+02,-6.34e+01,1.10e+01,1.00e+01
-2.26e+02,-6.17e+01,1.10e+01,1.00e+01
-3.33e+02,-1.07e+02,1.00e+01,1.00e+01
-4.18e+02,-2.23e+02,1.10e+01,1.00e+01
-2.93e+02,-6.75e+01,1.00e+01,1.00e+01
-2.36e+02,-8.55e+01,1.00e+01,1.00e+01
-2.32e+02,-7.13e+01,1.10e+01,1.00e+01
-2.38e+02,-6.95e+01,1.10e+01,1.00e+01
-2.71e+02,-6.94e+01,1.00e+01,1.00e+01
-2.25e+02,-6.32e+01,1.00e+01,1.00e+01
-2.43e+02,-7.01e+01,1.00e+01,1.00e+01
-2.35e+02,-7.63e+01,1.20e+01,1.00e+01
-3.71e+02,-1.69e+02,1.20e+01,1.10e+01
-4.45e+02,-2.90e+02,1.10e+01,1.10e+01
-4.44e+02,-2.96e+02,1.10e+01,1.10e+01
-5.00e+02,-5.00e+02,1.10e+01,1.00e+01
-2.39e+02,-7.34e+01,1.10e+01,1.00e+01
-2.34e+02,-8.61e+01,1.10e+01,1.00e+01
-2.28e+02,-7.18e+01,1.00e+01,1.00e+01
-5.00e+02,-5.00e+02,1.20e+01,1.10e+01
-2.56e+02,-1.26e+02,1.10e+01,1.00e+01
-4.97e+02,-4.86e+02,1.10e+01,1.00e+01
-5.00e+02,-5.00e+02,1.10e+01,1.10e+01
-3.78e+02,-1.75e+02,1.00e+01,1.00e+01
-2.39e+02,-7.07e+01,1.00e+01,1.00e+01
-2.32e+02,-8.60e+01,1.00e+01,1.00e+01
-2.28e+02,-7.61e+01,1.00e+01,1.00e+01
-4.58e+02,-2.50e+02,1.20e+01,1.00e+01
-5.00e+02,-5.00e+02,1.00e+01,1.00e+01
-3.20e+02,-7.87e+01,1.20e+01,1.00e+01
-3.18e+02,-6.71e+01,1.10e+01,1.00e+01
-2.41e+02,-7.01e+01,1.00e+01,1.00e+01
-4.55e+02,-2.33e+02,1.10e+01,1.00e+01
-2.39e+02,-7.04e+01,1.00e+01,1.00e+01
-2.41e+02,-7.86e+01,1.10e+01,1.00e+01
-2.32e+02,-6.62e+01,1.00e+01,1.00e+01
-2.32e+02,-8.17e+01,1.10e+01,1.00e+01
-2.31e+02,-7.89e+01,1.00e+01,1.00e+01
-2.27e+02,-6.08e+01,1.00e+01,1.00e+01
-4.48e+02,-1.89e+02,1.10e+01,1.00e+01
-3.12e+02,-8.61e+01,1.10e+01,1.00e+01
-2.39e+02,-8.85e+01,1.00e+01,1.00e+01
-4.97e+02,-4.86e+02,1.10e+01,1.00e+01
-2.36e+02,-8.08e+01,2.10e+01,1.20e+01
-2.29e+02,-6.49e+01,1.00e+01,1.00e+01
-2.33e+02,-8.66e+01,1.00e+01,1.00e+01
-2.28e+02,-5.67e+01,1.10e+01,1.00e+01
-3.52e+02,-1.88e+02,1.00e+01,1.00e+01
-2.27e+02,-7.20e+01,1.20e+01,1.00e+01
-2.38e+02,-8.47e+01,1.20e+01,1.00e+01
-2.32e+02,-6.69e+01,1.00e+01,1.00e+01
-4.23e+02,-2.37e+02,1.00e+01,1.00e+01
-2.30e+02,-7.29e+01,1.00e+01,1.00e+01
-4.97e+02,-4.85e+02,1.10e+01,1.00e+01
-2.26e+02,-6.33e+01,1.00e+01,1.00e+01
-2.35e+02,-7.33e+01,1.10e+01,1.00e+01
-2.24e+02,-5.34e+01,1.00e+01,1.00e+01
-4.13e+02,-2.32e+02,1.10e+01,1.00e+01
-4.45e+02,-1.72e+02,1.10e+01,1.00e+01
-5.00e+02,-5.00e+02,1.10e+01,1.00e+01
-5.00e+02,-5.00e+02,1.10e+01,1.00e+01
-2.27e+02,-6.01e+01,1.10e+01,1.00e+01
-2.30e+02,-7.19e+01,1.10e+01,1.10e+01
-4.53e+02,-2.22e+02,1.00e+01,1.00e+01
-2.34e+02,-8.38e+01,1.10e+01,1.00e+01
-2.35e+02,-8.91e+01,2.00e+01,1.10e+01
-2.36e+02,-7.21e+01,1.10e+01,1.00e+01
-2.53e+02,-9.70e+01,1.20e+01,1.00e+01
-2.27e+02,-6.20e+01,1.00e+01,1.00e+01
-5.00e+02,-5.00e+02,1.10e+01,1.00e+01
-2.30e+02,-6.74e+01,1.10e+01,1.10e+01
-5.00e+02,-5.00e+02,1.10e+01,1.00e+01
-4.06e+02,-1.49e+02,1.10e+01,1.00e+01
-2.39e+02,-6.94e+01,1.00e+01,1.00e+01
-2.34e+02,-7.49e+01,1.00e+01,1.00e+01
-2.36e+02,-7.00e+01,1.00e+01,1.00e+01
-5.00e+02,-5.00e+02,1.10e+01,1.00e+01
-2.29e+02,-6.48e+01,1.00e+01,1.00e+01
-2.37e+02,-7.85e+01,1.00e+01,1.00e+01
-5.00e+02,-5.00e+02,1.00e+01,1.00e+01
-5.00e+02,-5.00e+02,1.10e+01,1.00e+01
-2.32e+02,-7.88e+01,1.10e+01,1.00e+01
-4.38e+02,-2.46e+02,1.20e+01,1.00e+01
-2.34e+02,-8.09e+01,1.10e+01,1.00e+01
-2.29e+02,-7.58e+01,1.00e+01,1.00e+01
-2.32e+02,-6.78e+01,1.10e+01,1.10e+01
-5.00e+02,-5.00e+02,1.00e+01,1.00e+01
-4.53e+02,-2.21e+02,1.10e+01,1.00e+01
-2.35e+02,-8.10e+01,1.00e+01,1.00e+01
-4.19e+02,-1.40e+02,1.00e+01,1.00e+01
-2.32e+02,-6.96e+01,1.10e+01,1.00e+01
-2.48e+02,-7.50e+01,1.10e+01,1.00e+01
-4.37e+02,-2.72e+02,1.10e+01,1.00e+01
-4.44e+02,-1.66e+02,1.20e+01,1.00e+01
-3.96e+02,-1.86e+02,1.10e+01,1.00e+01
-2.38e+02,-7.25e+01,1.20e+01,1.10e+01
-4.97e+02,-4.82e+02,1.20e+01,1.00e+01
-2.31e+02,-8.17e+01,1.00e+01,1.00e+01
