8.93e+01,4.55e+02,1.55e+02,4.80e+01
1.15e+02,6.10e+02,1.54e+02,4.80e+01
6.58e+01,2.46e+02,1.55e+02,4.80e+01
6.88e+01,3.12e+02,1.56e+02,4.80e+01
4.48e+01,1.45e+02,1.55e+02,4.80e+01
1.47e+02,8.21e+02,1.56e+02,4.80e+01
1.05e+02,6.06e+02,1.54e+02,4.80e+01
1.42e+02,6.30e+02,1.55e+02,4.80e+01
1.06e+02,5.83e+02,1.56e+02,4.80e+01
1.38e+02,8.52e+02,1.56e+02,4.90e+01
7.43e+01,4.94e+02,1.55e+02,4.80e+01
1.57e+02,7.72e+02,1.58e+02,5.00e+01
1.18e+02,6.25e+02,1.56e+02,4.80e+01
1.59e+02,8.59e+02,1.55e+02,4.80e+01
8.08e+01,4.44e+02,1.54e+02,4.80e+01
1.06e+02,5.47e+02,1.56e+02,4.80e+01
1.32e+02,7.56e+02,1.56e+02,4.80e+01
1.21e+02,6.04e+02,1.55e+02,4.80e+01
1.58e+02,8.60e+02,1.57e+02,4.90e+01
1.03e+02,5.92e+02,1.55e+02,4.80e+01
1.40e+02,7.54e+02,1.56e+02,4.80e+01
7.12e+01,2.81e+02,1.56e+02,4.80e+01
5.82e+01,1.49e+02,1.54e+02,4.80e+01
8.46e+01,4.81e+02,1.55e+02,4.80e+01
7.12e+01,4.98e+02,1.56e+02,4.80e+01
-2.22e+01,5.89e+01,1.56e+02,4.80e+01
1.06e+02,5.61e+02,1.58e+02,5.00e+01
1.69e+02,9.20e+02,1.56e+02,4.80e+01
1.43e+02,8.74e+02,1.56e+02,4.80e+01
3.82e+01,1.13e+02,1.57e+02,4.80e+01
1.60e+02,7.98e+02,1.55e+02,4.80e+01
1.57e+02,7.69e+02,1.56e+02,4.80e+01
5.71e+01,3.01e+02,1.55e+02,4.80e+01
9.93e+01,3.72e+02,1.56e+02,4.80e+01
-1.85e+01,5.65e+01,1.55e+02,4.80e+01
1.30e+02,6.01e+02,1.57e+02,4.80e+01
5.35e+01,3.65e+02,1.55e+02,4.80e+01
4.21e+01,1.00e+02,1.56e+02,4.80e+01
5.38e+01,2.53e+02,1.54e+02,4.80e+01
1.14e+02,6.57e+02,1.56e+02,4.80e+01
1.71e+02,8.26e+02,1.56e+02,4.90e+01
9.07e+01,5.71e+02,1.56e+02,4.80e+01
9.14e+01,5.74e+02,1.56e+02,4.80e+01
1.17e+02,5.64e+02,1.55e+02,4.80e+01
1.72e+02,8.59e+02,1.56e+02,4.80e+01
1.66e+02,9.02e+02,1.55e+02,4.80e+01
1.17e+02,5.10e+02,1.55e+02,4.80e+01
3.98e+01,2.93e+02,1.56e+02,4.90e+01
1.66e+02,7.13e+02,1.54e+02,4.80e+01
1.54e+02,7.13e+02,1.56e+02,4.80e+01
1.11e+02,6.07e+02,1.56e+02,4.80e+01
1.05e+02,5.91e+02,1.55e+02,4.80e+01
1.21e+02,5.59e+02,1.55e+02,4.80e+01
1.42e+02,6.85e+02,1.57e+02,4.90e+01
1.52e+02,8.29e+02,1.57e+02,4.80e+01
6.00e+01,2.42e+02,1.55e+02,4.80e+01
1.32e+02,7.26e+02,1.57e+02,4.90e+01
1.16e+02,5.73e+02,1.56e+02,4.90e+01
5.04e+01,2.36e+02,1.56e+02,4.80e+01
1.04e+02,5.97e+02,1.57e+02,4.80e+01
8.10e+01,4.56e+02,1.56e+02,4.80e+01
1.09e+02,5.11e+02,1.57e+02,4.80e+01
1.61e+02,8.61e+02,1.57e+02,4.90e+01
9.55e+01,6.76e+02,1.54e+02,4.80e+01
-2.33e+01,8.35e+01,1.56e+02,4.90e+01
7.55e+01,4.04e+02,1.56e+02,4.90e+01
1.59e+02,9.12e+02,1.57e+02,4.80e+01
6.97e+01,2.89e+02,1.55e+02,4.80e+01
3.86e+01,1.56e+02,1.57e+02,4.90e+01
1.76e+01,8.47e+01,1.54e+02,4.80e+01
1.78e+02,9.06e+02,1.58e+02,4.90e+01
1.24e+02,6.53e+02,1.54e+02,4.80e+01
6.32e+01,1.83e+02,1.55e+02,4.80e+01
9.15e+01,5.25e+02,1.55e+02,4.80e+01
1.28e+02,5.75e+02,1.54e+02,4.80e+01
4.51e+01,1.93e+02,1.57e+02,4.90e+01
5.42e+01,1.86e+02,1.55e+02,4.80e+01
1.69e+02,8.85e+02,1.57e+02,4.90e+01
1.50e+02,7.20e+02,1.56e+02,4.80e+01
1.58e+02,8.54e+02,1.55e+02,4.80e+01
6.29e+01,3.20e+02,1.54e+02,4.80e+01
1.00e+02,4.73e+02,1.56e+02,4.80e+01
1.10e+02,5.85e+02,1.54e+02,4.80e+01
1.08e+02,4.75e+02,1.55e+02,4.80e+01
1.32e+02,6.15e+02,1.55e+02,4.80e+01
1.34e+02,5.94e+02,1.55e+02,4.80e+01
7.04e+01,3.12e+02,1.55e+02,4.80e+01
2.97e+01,1.04e+02,1.55e+02,4.80e+01
9.13e+01,5.01e+02,1.56e+02,4.80e+01
5.53e+01,3.35e+02,1.55e+02,4.80e+01
8.90e+01,5.04e+02,1.56e+02,4.80e+01
1.53e+01,9.47e+01,1.55e+02,4.80e+01
1.63e+02,8.95e+02,1.56e+02,4.80e+01
6.95e+01,3.21e+02,1.55e+02,4.80e+01
1.05e+02,5.62e+02,1.55e+02,4.80e+01
4.65e+01,2.56e+02,1.54e+02,4.80e+01
1.09e+02,5.79e+02,1.55e+02,4.80e+01
6.62e+01,2.35e+02,1.56e+02,4.80e+01
-6.03e+00,3.12e+01,1.56e+02,4.80e+01
1.62e+02,7.97e+02,1.55e+02,4.80e+01
1.15e+02,6.43e+02,1.56e+02,4.80e+01
1.44e+02,7.82e+02,1.55e+02,4.80e+01
9.61e+01,4.35e+02,1.56e+02,4.80e+01
1.62e+02,8.78e+02,1.56e+02,4.80e+01
1.57e+02,8.63e+02,1.55e+02,4.80e+01
1.42e+02,6.77e+02,1.57e+02,4.80e+01
1.33e+02,8.31e+02,1.56e+02,4.90e+01
9.52e+01,5.82e+02,1.54e+02,4.80e+01
5.24e+01,2.49e+02,1.55e+02,4.80e+01
2.93e+01,2.07e+02,1.54e+02,4.80e+01
1.16e+02,5.62e+02,1.56e+02,4.80e+01
5.12e+01,1.83e+02,1.55e+02,4.80e+01
1.07e+02,5.07e+02,1.55e+02,4.80e+01
1.18e+02,4.82e+02,1.55e+02,4.80e+01
9.41e+01,4.48e+02,1.55e+02,4.80e+01
8.66e+01,5.64e+02,1.58e+02,4.90e+01
1.25e+02,6.34e+02,1.55e+02,4.80e+01
8.32e+01,5.35e+02,1.57e+02,4.80e+01
9.00e+01,5.32e+02,1.54e+02,4.80e+01
1.43e+02,7.91e+02,1.55e+02,4.80e+01
6.08e+01,2.97e+02,1.56e+02,4.80e+01
6.56e+01,3.95e+02,1.56e+02,4.90e+01
1.38e+02,7.61e+02,1.56e+02,4.80e+01
6.37e+01,3.43e+02,1.55e+02,4.80e+01
1.44e+02,8.50e+02,1.56e+02,4.80e+01
1.57e+02,8.95e+02,1.54e+02,4.80e+01
4.06e+01,3.60e+02,1.55e+02,4.80e+01
9.13e+01,6.09e+02,1.56e+02,4.80e+01
