1.15e+02,2.91e+02,7.80e+01,2.50e+01
1.58e+02,2.75e+02,8.50e+01,2.70e+01
1.94e+02,3.26e+02,7.80e+01,2.50e+01
1.94e+02,4.40e+02,7.90e+01,2.50e+01
8.07e+01,1.81e+02,7.80e+01,2.50e+01
2.32e+02,5.88e+02,7.90e+01,2.60e+01
1.10e+02,2.12e+02,7.80e+01,2.50e+01
1.65e+02,3.69e+02,7.90e+01,2.60e+01
1.45e+02,2.40e+02,7.80e+01,2.50e+01
1.48e+02,2.38e+02,8.00e+01,2.60e+01
1.23e+02,2.33e+02,7.90e+01,2.60e+01
1.02e+02,2.25e+02,7.80e+01,2.50e+01
1.15e+02,2.48e+02,8.60e+01,2.70e+01
1.51e+02,4.21e+02,7.90e+01,2.60e+01
1.36e+02,2.82e+02,7.90e+01,2.50e+01
6.97e+01,1.92e+02,7.80e+01,2.50e+01
9.86e+01,2.36e+02,7.80e+01,2.50e+01
8.92e+01,2.62e+02,7.80e+01,2.50e+01
1.78e+02,3.29e+02,8.00e+01,2.70e+01
1.16e+02,1.74e+02,7.80e+01,2.50e+01
1.43e+02,2.90e+02,7.80e+01,2.50e+01
-2.19e+00,7.35e+01,8.50e+01,2.70e+01
5.65e+01,1.13e+02,8.50e+01,2.70e+01
1.97e+02,3.89e+02,7.80e+01,2.50e+01
1.53e+02,2.59e+02,7.80e+01,2.50e+01
2.27e+02,6.33e+02,7.80e+01,2.50e+01
8.84e+01,1.95e+02,8.50e+01,2.70e+01
1.07e+02,2.30e+02,7.80e+01,2.50e+01
1.57e+02,2.49e+02,7.90e+01,2.50e+01
2.84e+02,5.03e+02,8.00e+01,2.70e+01
1.75e+02,3.98e+02,7.90e+01,2.60e+01
1.84e+02,4.25e+02,8.00e+01,2.70e+01
6.96e+01,2.63e+02,8.60e+01,2.70e+01
1.39e+02,4.12e+02,7.90e+01,2.60e+01
6.92e+01,1.98e+02,8.50e+01,2.70e+01
1.42e+02,4.29e+02,8.60e+01,2.70e+01
1.73e+02,2.77e+02,8.60e+01,2.70e+01
1.24e+02,3.65e+02,7.80e+01,2.50e+01
9.33e+01,2.26e+02,7.80e+01,2.50e+01
1.11e+02,1.78e+02,7.90e+01,2.50e+01
8.79e+01,2.04e+02,7.90e+01,2.50e+01
1.75e+02,5.80e+02,8.50e+01,2.70e+01
1.40e+02,3.82e+02,7.80e+01,2.50e+01
1.09e+02,2.94e+02,7.90e+01,2.50e+01
1.21e+02,2.10e+02,7.80e+01,2.50e+01
2.23e+02,3.79e+02,7.90e+01,2.60e+01
1.22e+02,3.86e+02,7.80e+01,2.50e+01
1.26e+02,2.11e+02,7.90e+01,2.60e+01
1.46e+02,3.48e+02,7.90e+01,2.50e+01
8.83e+01,1.94e+02,8.50e+01,2.70e+01
2.02e+02,3.22e+02,7.90e+01,2.60e+01
1.83e+02,2.96e+02,7.80e+01,2.50e+01
1.03e+02,1.65e+02,7.80e+01,2.50e+01
1.08e+02,2.47e+02,7.80e+01,2.50e+01
1.20e+02,2.13e+02,8.50e+01,2.70e+01
1.43e+02,2.86e+02,7.80e+01,2.50e+01
1.06e+02,2.23e+02,8.10e+01,2.60e+01
1.04e+02,2.51e+02,8.50e+01,2.70e+01
1.76e+02,4.88e+02,7.90e+01,2.60e+01
1.92e+02,3.16e+02,7.80e+01,2.50e+01
2.10e+02,4.44e+02,7.80e+01,2.50e+01
1.63e+02,3.41e+02,7.90e+01,2.60e+01
1.07e+02,1.73e+02,7.90e+01,2.50e+01
7.44e+01,1.42e+02,7.90e+01,2.50e+01
8.33e+01,2.54e+02,7.80e+01,2.50e+01
1.24e+02,2.36e+02,7.80e+01,2.50e+01
8.85e+01,2.25e+02,7.80e+01,2.50e+01
5.96e+01,1.33e+02,7.80e+01,2.50e+01
7.80e+01,2.11e+02,7.90e+01,2.60e+01
4.17e+01,2.00e+02,7.80e+01,2.50e+01
1.84e+02,3.78e+02,7.80e+01,2.50e+01
1.31e+02,2.76e+02,7.80e+01,2.50e+01
2.00e+02,4.66e+02,8.00e+01,2.70e+01
1.00e+02,2.04e+02,7.80e+01,2.50e+01
1.80e+02,3.55e+02,7.90e+01,2.60e+01
1.20e+02,5.38e+02,7.90e+01,2.50e+01
1.14e+02,2.70e+02,8.50e+01,2.70e+01
2.74e+02,5.47e+02,8.00e+01,2.60e+01
9.97e+01,2.01e+02,7.90e+01,2.50e+01
2.12e+02,4.45e+02,7.90e+01,2.50e+01
1.82e+02,4.31e+02,7.90e+01,2.60e+01
1.61e+02,3.15e+02,7.80e+01,2.50e+01
1.51e+02,2.16e+02,7.80e+01,2.50e+01
9.68e+01,2.51e+02,7.80e+01,2.50e+01
1.29e+02,2.86e+02,7.80e+01,2.50e+01
9.51e+01,4.30e+02,8.50e+01,2.70e+01
1.56e+02,2.80e+02,7.80e+01,2.50e+01
1.73e+02,4.03e+02,7.90e+01,2.50e+01
9.58e+01,1.98e+02,7.80e+01,2.50e+01
5.26e+01,1.58e+02,8.00e+01,2.70e+01
1.79e+02,5.49e+02,7.80e+01,2.50e+01
1.21e+02,3.12e+02,8.50e+01,2.70e+01
1.57e+02,3.51e+02,7.90e+01,2.60e+01
1.94e+02,3.67e+02,7.80e+01,2.50e+01
1.14e+02,3.10e+02,7.80e+01,2.50e+01
1.12e+02,2.61e+02,7.80e+01,2.50e+01
1.94e+02,4.07e+02,7.90e+01,2.60e+01
1.68e+02,3.05e+02,8.50e+01,2.70e+01
1.23e+02,1.95e+02,7.90e+01,2.50e+01
8.34e+01,2.21e+02,7.90e+01,2.60e+01
6.96e+01,2.80e+02,7.80e+01,2.50e+01
1.33e+02,2.72e+02,8.50e+01,2.70e+01
9.43e+01,1.72e+02,7.90e+01,2.50e+01
1.05e+02,2.67e+02,7.90e+01,2.50e+01
1.28e+02,3.41e+02,7.90e+01,2.60e+01
1.99e+02,4.29e+02,7.90e+01,2.50e+01
1.38e+02,2.56e+02,8.10e+01,2.60e+01
1.64e+02,6.04e+02,8.50e+01,2.70e+01
1.04e+02,1.54e+02,8.50e+01,2.70e+01
1.41e+02,2.81e+02,7.80e+01,2.50e+01
5.66e+01,9.43e+01,7.80e+01,2.50e+01
8.08e+00,1.03e+02,7.90e+01,2.50e+01
7.79e+01,1.27e+02,7.90e+01,2.50e+01
8.99e+00,9.45e+01,7.90e+01,2.60e+01
2.08e+02,3.97e+02,8.00e+01,2.60e+01
-3.22e+01,5.21e+01,7.90e+01,2.60e+01
7.75e+01,1.87e+02,8.00e+01,2.60e+01
1.71e+02,5.31e+02,7.80e+01,2.50e+01
1.53e+02,2.63e+02,7.90e+01,2.60e+01
8.37e+01,3.19e+02,7.80e+01,2.50e+01
1.43e+02,2.32e+02,7.80e+01,2.50e+01
1.23e+02,2.62e+02,8.00e+01,2.60e+01
8.53e+01,1.54e+02,7.90e+01,2.50e+01
1.10e+02,2.28e+02,7.90e+01,2.60e+01
1.32e+02,4.15e+02,7.90e+01,2.60e+01
1.04e+02,2.25e+02,7.80e+01,2.50e+01
1.85e+02,3.63e+02,7.80e+01,2.50e+01
1.88e+02,2.93e+02,7.90e+01,2.50e+01
