3.75e+01,9.23e+01,1.30e+01,1.20e+01
-3.22e+00,5.51e+01,7.00e+00,1.20e+01
-1.41e+01,2.94e+01,1.20e+01,1.20e+01
1.02e+01,5.65e+01,1.20e+01,1.20e+01
5.84e+01,1.16e+02,1.60e+01,1.20e+01
3.43e+01,1.25e+02,1.70e+01,1.20e+01
2.99e+00,5.21e+01,1.50e+01,1.20e+01
2.81e+00,6.41e+01,1.30e+01,1.20e+01
1.64e+01,7.82e+01,1.40e+01,1.20e+01
3.70e+01,1.46e+02,1.20e+01,1.20e+01
2.71e+01,8.13e+01,1.30e+01,1.20e+01
1.19e+01,8.21e+01,1.50e+01,1.20e+01
1.11e+01,9.31e+01,1.20e+01,1.20e+01
2.09e+01,9.03e+01,1.30e+01,1.20e+01
7.88e+00,9.62e+01,1.30e+01,1.20e+01
7.14e+00,5.87e+01,1.00e+01,1.20e+01
8.04e+00,6.12e+01,1.10e+01,1.20e+01
-1.18e+01,4.39e+01,1.30e+01,1.20e+01
1.73e+01,7.26e+01,1.40e+01,1.20e+01
4.25e+01,1.47e+02,1.40e+01,1.20e+01
-1.28e+01,1.26e+02,1.40e+01,1.20e+01
-3.11e+01,1.65e+01,1.10e+01,1.20e+01
2.83e+00,7.52e+01,1.30e+01,1.20e+01
-7.85e+00,3.39e+01,1.20e+01,1.20e+01
3.36e+00,5.24e+01,1.30e+01,1.20e+01
-2.49e+00,1.86e+01,1.60e+01,1.20e+01
8.41e+00,4.19e+01,1.00e+01,1.20e+01
1.41e+00,4.07e+01,1.30e+01,1.20e+01
5.91e+00,9.09e+01,1.30e+01,1.20e+01
1.99e+01,1.19e+02,1.00e+01,1.20e+01
1.20e+01,6.87e+01,1.20e+01,1.20e+01
3.51e+01,1.33e+02,9.00e+00,1.20e+01
1.33e+01,5.40e+01,1.20e+01,1.20e+01
-9.76e+00,5.83e+01,1.00e+01,1.20e+01
1.47e+01,8.76e+01,1.20e+01,1.20e+01
1.05e+01,1.01e+02,1.40e+01,1.20e+01
3.62e+01,1.10e+02,1.20e+01,1.20e+01
-8.99e+00,6.27e+01,9.00e+00,1.20e+01
8.45e-01,4.91e+01,1.00e+01,1.20e+01
2.23e+01,6.32e+01,9.00e+00,1.20e+01
1.44e+01,5.93e+01,1.10e+01,1.20e+01
-2.99e+01,1.97e+01,9.00e+00,1.20e+01
1.52e+01,7.07e+01,1.30e+01,1.20e+01
9.39e+00,5.34e+01,1.50e+01,1.20e+01
1.71e+01,6.46e+01,1.60e+01,1.20e+01
5.11e+00,6.08e+01,1.20e+01,1.20e+01
-7.71e+00,4.93e+01,1.00e+01,1.20e+01
-6.63e+00,6.53e+01,1.20e+01,1.20e+01
1.94e+01,5.62e+01,1.50e+01,1.20e+01
1.93e+01,1.35e+02,1.20e+01,1.20e+01
-1.04e+00,8.10e+01,1.40e+01,1.20e+01
2.53e+01,7.63e+01,1.80e+01,1.20e+01
3.44e+01,1.10e+02,1.40e+01,1.20e+01
5.97e+00,5.64e+01,1.20e+01,1.20e+01
3.22e+01,6.84e+01,1.30e+01,1.20e+01
2.50e+01,6.89e+01,1.50e+01,1.20e+01
3.99e+00,7.14e+01,1.40e+01,1.20e+01
2.47e+01,9.57e+01,1.80e+01,1.20e+01
1.55e+01,7.11e+01,1.70e+01,1.20e+01
2.85e+01,5.85e+01,1.50e+01,1.20e+01
-1.55e+01,5.96e+01,1.00e+01,1.20e+01
3.13e+00,7.96e+01,1.30e+01,1.20e+01
-2.94e+01,2.28e+01,1.20e+01,1.20e+01
1.15e+01,1.04e+02,1.30e+01,1.20e+01
-5.80e+00,4.32e+01,1.40e+01,1.20e+01
3.55e+01,8.63e+01,1.10e+01,1.20e+01
2.73e+01,8.93e+01,1.30e+01,1.20e+01
1.91e+01,5.86e+01,1.20e+01,1.20e+01
2.02e+01,7.38e+01,1.30e+01,1.20e+01
-2.57e+01,5.66e+01,1.50e+01,1.20e+01
1.14e+01,5.03e+01,1.30e+01,1.20e+01
2.18e+01,1.02e+02,1.30e+01,1.20e+01
-7.40e+00,5.82e+01,1.50e+01,1.20e+01
2.18e+01,9.70e+01,1.50e+01,1.20e+01
1.98e+01,8.31e+01,1.70e+01,1.20e+01
-1.72e+01,5.58e+01,1.60e+01,1.20e+01
-3.82e+01,8.38e+01,7.00e+00,1.20e+01
3.15e+01,5.30e+01,1.30e+01,1.20e+01
3.05e+01,5.59e+01,1.40e+01,1.20e+01
-2.66e+00,2.45e+01,1.00e+01,1.20e+01
-4.43e+00,8.36e+01,1.00e+01,1.20e+01
1.58e+01,9.49e+01,9.00e+00,1.20e+01
6.68e+00,7.06e+01,1.30e+01,1.20e+01
3.89e+01,1.30e+02,1.70e+01,1.20e+01
1.60e+01,3.64e+01,1.40e+01,1.20e+01
1.21e+01,3.36e+01,1.40e+01,1.20e+01
4.37e+00,4.32e+01,1.40e+01,1.20e+01
2.14e+01,1.01e+02,1.20e+01,1.20e+01
1.74e+00,1.03e+02,1.40e+01,1.20e+01
3.19e+00,6.88e+01,1.20e+01,1.20e+01
-5.34e+00,5.78e+01,1.50e+01,1.20e+01
2.64e+01,9.71e+01,1.70e+01,1.20e+01
2.34e+01,7.14e+01,1.70e+01,1.20e+01
3.88e+00,4.06e+01,1.10e+01,1.20e+01
1.45e+01,6.24e+01,1.30e+01,1.20e+01
1.89e+01,8.11e+01,1.50e+01,1.20e+01
1.95e+01,5.58e+01,1.40e+01,1.20e+01
1.99e+01,1.18e+02,1.30e+01,1.20e+01
1.34e+01,8.91e+01,1.30e+01,1.20e+01
2.54e+01,6.47e+01,1.40e+01,1.20e+01
3.54e+01,1.68e+02,1.30e+01,1.20e+01
-1.50e+01,3.84e+01,1.40e+01,1.20e+01
1.59e+00,5.65e+01,1.50e+01,1.20e+01
1.80e+01,1.16e+02,1.00e+01,1.20e+01
3.30e+01,7.84e+01,1.40e+01,1.20e+01
-1.70e+01,3.97e+01,1.10e+01,1.20e+01
2.94e+01,1.39e+02,1.30e+01,1.20e+01
3.14e+01,8.54e+01,1.40e+01,1.20e+01
2.31e+01,4.97e+01,1.60e+01,1.20e+01
2.44e+01,6.93e+01,1.30e+01,1.20e+01
3.79e+01,1.27e+02,1.40e+01,1.20e+01
-6.39e+00,3.34e+01,1.20e+01,1.20e+01
-7.28e+00,1.23e+01,1.00e+01,1.20e+01
1.90e+01,5.27e+01,1.20e+01,1.20e+01
-1.23e+01,5.35e+01,1.30e+01,1.20e+01
3.91e+01,1.05e+02,1.30e+01,1.20e+01
2.22e+01,6.80e+01,1.40e+01,1.20e+01
1.89e+01,8.86e+01,1.40e+01,1.20e+01
-1.02e+01,3.09e+01,1.30e+01,1.20e+01
8.92e+00,5.26e+01,1.10e+01,1.20e+01
-3.13e+00,4.15e+01,1.20e+01,1.20e+01
1.24e+01,5.33e+01,1.70e+01,1.20e+01
1.78e+01,7.14e+01,1.20e+01,1.20e+01
5.85e+01,1.36e+02,1.70e+01,1.20e+01
2.96e+00,4.93e+01,1.50e+01,1.20e+01
2.15e+01,7.46e+01,9.00e+00,1.20e+01
1.53e+01,4.44e+01,1.20e+01,1.20e+01
-2.25e+00,7.17e+01,1.40e+01,1.20e+01
