-4.55e+02,-2.29e+02,1.10e+01,1.00e+01
-4.99e+02,-4.97e+02,8.00e+00,1.00e+01
-5.00e+02,-5.00e+02,9.00e+00,1.00e+01
-3.26e+02,-1.37e+02,9.00e+00,1.00e+01
-4.99e+02,-4.98e+02,1.20e+01,1.00e+01
-4.69e+02,-3.14e+02,7.00e+00,1.00e+01
-5.00e+02,-5.00e+02,1.00e+01,1.00e+01
-4.73e+02,-3.37e+02,4.00e+00,1.00e+01
-4.87e+02,-4.25e+02,1.10e+01,1.00e+01
-5.00e+02,-5.00e+02,1.00e+01,1.00e+01
-5.00e+02,-5.00e+02,9.00e+00,1.00e+01
-5.00e+02,-5.00e+02,9.00e+00,1.00e+01
-4.96e+02,-4.79e+02,8.00e+00,1.00e+01
-5.00e+02,-5.00e+02,7.00e+00,1.00e+01
-5.00e+02,-5.00e+02,8.00e+00,1.00e+01
-4.28e+02,-2.66e+02,9.00e+00,1.00e+01
-4.91e+02,-4.50e+02,1.10e+01,1.00e+01
-5.00e+02,-5.00e+02,9.00e+00,1.00e+01
-5.00e+02,-5.00e+02,5.00e+00,1.00e+01
-5.00e+02,-5.00e+02,1.10e+01,1.00e+01
-4.61e+02,-2.68e+02,1.40e+01,1.00e+01
-4.66e+02,-2.98e+02,1.20e+01,1.00e+01
-5.00e+02,-5.00e+02,1.00e+01,1.00e+01
-5.00e+02,-5.00e+02,1.20e+01,1.00e+01
-4.31e+02,-2.16e+02,1.00e+01,1.00e+01
-5.00e+02,-5.00e+02,6.00e+00,1.00e+01
-5.00e+02,-5.00e+02,5.00e+00,1.00e+01
-5.00e+02,-5.00e+02,1.20e+01,1.00e+01
-5.00e+02,-5.00e+02,7.00e+00,1.00e+01
-5.00e+02,-5.00e+02,7.00e+00,1.00e+01
-5.00e+02,-5.00e+02,9.00e+00,1.00e+01
-4.99e+02,-4.95e+02,8.00e+00,1.00e+01
-4.86e+02,-4.17e+02,1.30e+01,1.00e+01
-4.99e+02,-4.96e+02,1.00e+01,1.00e+01
-5.00e+02,-4.99e+02,1.00e+01,1.00e+01
-5.00e+02,-5.00e+02,1.00e+01,1.00e+01
-5.00e+02,-5.00e+02,1.00e+01,1.00e+01
-4.99e+02,-4.98e+02,1.00e+01,1.00e+01
-5.00e+02,-4.99e+02,7.00e+00,1.00e+01
-4.95e+02,-4.69e+02,1.00e+01,1.00e+01
-5.00e+02,-5.00e+02,1.20e+01,1.00e+01
-4.33e+02,-1.34e+02,7.00e+00,1.00e+01
-5.00e+02,-5.00e+02,9.00e+00,1.00e+01
-5.00e+02,-4.99e+02,9.00e+00,1.00e+01
-4.30e+02,-1.36e+02,8.00e+00,1.00e+01
-4.72e+02,-3.32e+02,1.40e+01,1.00e+01
-5.00e+02,-5.00e+02,1.00e+01,1.00e+01
-4.94e+02,-4.68e+02,1.00e+01,1.00e+01
-5.00e+02,-5.00e+02,1.20e+01,1.00e+01
-4.99e+02,-4.98e+02,1.10e+01,1.00e+01
-4.99e+02,-4.97e+02,1.20e+01,1.00e+01
-5.00e+02,-4.99e+02,8.00e+00,1.00e+01
-5.00e+02,-5.00e+02,7.00e+00,1.00e+01
-4.97e+02,-4.84e+02,1.10e+01,1.00e+01
-5.00e+02,-5.00e+02,4.00e+00,1.00e+01
-4.97e+02,-4.88e+02,1.10e+01,1.00e+01
-5.00e+02,-5.00e+02,8.00e+00,1.00e+01
-5.00e+02,-5.00e+02,9.00e+00,1.00e+01
-5.00e+02,-5.00e+02,1.10e+01,1.00e+01
-4.99e+02,-4.98e+02,1.00e+01,1.00e+01
-4.52e+02,-2.91e+02,9.00e+00,1.00e+01
-4.99e+02,-4.97e+02,9.00e+00,1.00e+01
-5.00e+02,-5.00e+02,9.00e+00,1.00e+01
-5.00e+02,-5.00e+02,9.00e+00,1.00e+01
-4.44e+02,-1.68e+02,1.10e+01,1.00e+01
-5.00e+02,-5.00e+02,7.00e+00,1.00e+01
-5.00e+02,-5.00e+02,5.00e+00,1.00e+01
-5.00e+02,-5.00e+02,1.10e+01,1.00e+01
-5.00e+02,-5.00e+02,1.00e+01,1.00e+01
-4.96e+02,-4.76e+02,8.00e+00,1.00e+01
-4.99e+02,-4.98e+02,6.00e+00,1.00e+01
-4.97e+02,-4.85e+02,9.00e+00,1.00e+01
-5.00e+02,-5.00e+02,1.10e+01,1.00e+01
-5.00e+02,-5.00e+02,9.00e+00,1.00e+01
-5.00e+02,-5.00e+02,9.00e+00,1.00e+01
-5.00e+02,-5.00e+02,4.00e+00,1.00e+01
-5.00e+02,-5.00e+02,9.00e+00,1.00e+01
-5.00e+02,-5.00e+02,5.00e+00,1.00e+01
-5.00e+02,-5.00e+02,1.00e+01,1.00e+01
-4.99e+02,-4.95e+02,8.00e+00,1.00e+01
-5.00e+02,-5.00e+02,7.00e+00,1.00e+01
-5.00e+02,-5.00e+02,9.00e+00,1.00e+01
-5.00e+02,-5.00e+02,1.00e+01,1.00e+01
-4.99e+02,-4.96e+02,8.00e+00,1.00e+01
-5.00e+02,-5.00e+02,7.00e+00,1.00e+01
-4.99e+02,-4.95e+02,1.00e+01,1.00e+01
-5.00e+02,-5.00e+02,8.00e+00,1.00e+01
-5.00e+02,-5.00e+02,1.20e+01,1.00e+01
-5.00e+02,-5.00e+02,1.00e+01,1.00e+01
-5.00e+02,-5.00e+02,8.00e+00,1.00e+01
-5.00e+02,-5.00e+02,8.00e+00,1.00e+01
-4.99e+02,-4.97e+02,1.10e+01,1.00e+01
-5.00e+02,-5.00e+02,1.10e+01,1.00e+01
-5.00e+02,-5.00e+02,8.00e+00,1.00e+01
-5.00e+02,-5.00e+02,1.00e+01,1.00e+01
-5.00e+02,-5.00e+02,8.00e+00,1.00e+01
-5.00e+02,-4.99e+02,8.00e+00,1.00e+01
-5.00e+02,-5.00e+02,6.00e+00,1.00e+01
-5.00e+02,-5.00e+02,1.20e+01,1.00e+01
-5.00e+02,-5.00e+02,8.00e+00,1.00e+01
-5.00e+02,-5.00e+02,1.20e+01,1.00e+01
-4.28e+02,-2.90e+02,1.10e+01,1.00e+01
-5.00e+02,-4.98e+02,9.00e+00,1.00e+01
-5.00e+02,-5.00e+02,1.00e+01,1.00e+01
-5.00e+02,-5.00e+02,1.00e+01,1.00e+01
-5.00e+02,-5.00e+02,9.00e+00,1.00e+01
-5.00e+02,-5.00e+02,1.40e+01,1.00e+01
-5.00e+02,-5.00e+02,5.00e+00,1.00e+01
-5.00e+02,-5.00e+02,9.00e+00,1.00e+01
-5.00e+02,-5.00e+02,1.00e+01,1.00e+01
-5.00e+02,-5.00e+02,1.10e+01,1.00e+01
-5.00e+02,-5.00e+02,9.00e+00,1.00e+01
-5.00e+02,-5.00e+02,1.40e+01,1.00e+01
-5.00e+02,-5.00e+02,9.00e+00,1.00e+01
-4.70e+02,-3.22e+02,8.00e+00,1.00e+01
-5.00e+02,-5.00e+02,6.00e+00,1.00e+01
-5.00e+02,-5.00e+02,1.00e+01,1.00e+01
-5.00e+02,-5.00e+02,1.20e+01,1.00e+01
-4.93e+02,-4.59e+02,1.10e+01,1.00e+01
-5.00e+02,-5.00e+02,1.20e+01,1.00e+01
-5.00e+02,-5.00e+02,1.30e+01,1.00e+01
-5.00e+02,-4.99e+02,7.00e+00,1.00e+01
-4.92e+02,-4.55e+02,9.00e+00,1.00e+01
-5.00e+02,-5.00e+02,1.00e+01,1.00e+01
-5.00e+02,-5.00e+02,1.10e+01,1.00e+01
-4.86e+02,-4.17e+02,1.00e+01,1.00e+01
-5.00e+02,-5.00e+02,1.00e+01,1.00e+01
-4.89e+02,-4.38e+02,1.20e+01,1.00e+01
-5.00e+02,-5.00e+02,6.00e+00,1.00e+01
-5.00e+02,-5.00e+02,9.00e+00,1.00e+01
-4.90e+02,-4.39e+02,1.00e+01,1.00e+01
-5.00e+02,-5.00e+02,1.10e+01,1.00e+01
-4.99e+02,-4.95e+02,6.00e+00,1.00e+01
-5.00e+02,-5.00e+02,1.00e+01,1.00e+01
-5.00e+02,-5.00e+02,9.00e+00,1.00e+01
-5.00e+02,-5.00e+02,1.00e+01,1.00e+01
-5.00e+02,-5.00e+02,1.10e+01,1.00e+01
-5.00e+02,-5.00e+02,1.10e+01,1.00e+01
-4.99e+02,-4.97e+02,1.00e+01,1.00e+01
-5.00e+02,-5.00e+02,9.00e+00,1.00e+01
-4.95e+02,-4.71e+02,1.00e+01,1.00e+01
-5.00e+02,-5.00e+02,8.00e+00,1.00e+01
-5.00e+02,-5.00e+02,9.00e+00,1.00e+01
-5.00e+02,-5.00e+02,1.10e+01,1.00e+01
-5.00e+02,-5.00e+02,6.00e+00,1.00e+01
-5.00e+02,-5.00e+02,1.30e+01,1.00e+01
-5.00e+02,-5.00e+02,7.00e+00,1.00e+01
-5.00e+02,-5.00e+02,9.00e+00,1.00e+01
-5.00e+02,-5.00e+02,7.00e+00,1.00e+01
-5.00e+02,-5.00e+02,1.00e+01,1.00e+01
-5.00e+02,-5.00e+02,4.00e+00,1.00e+01
-5.00e+02,-5.00e+02,7.00e+00,1.00e+01
-5.00e+02,-5.00e+02,1.10e+01,1.00e+01
-5.00e+02,-5.00e+02,8.00e+00,1.00e+01
-5.00e+02,-4.99e+02,8.00e+00,1.00e+01
-5.00e+02,-5.00e+02,5.00e+00,1.00e+01
-5.00e+02,-5.00e+02,7.00e+00,1.00e+01
-5.00e+02,-5.00e+02,1.10e+01,1.00e+01
-5.00e+02,-5.00e+02,8.00e+00,1.00e+01
-5.00e+02,-5.00e+02,8.00e+00,1.00e+01
-4.88e+02,-4.27e+02,8.00e+00,1.00e+01
-5.00e+02,-5.00e+02,1.20e+01,1.00e+01
-4.99e+02,-4.94e+02,9.00e+00,1.00e+01
-5.00e+02,-5.00e+02,8.00e+00,1.00e+01
-5.00e+02,-5.00e+02,7.00e+00,1.00e+01
-4.95e+02,-4.69e+02,1.20e+01,1.00e+01
-5.00e+02,-5.00e+02,8.00e+00,1.00e+01
-5.00e+02,-5.00e+02,9.00e+00,1.00e+01
-5.00e+02,-5.00e+02,6.00e+00,1.00e+01
-5.00e+02,-5.00e+02,9.00e+00,1.00e+01
-5.00e+02,-5.00e+02,6.00e+00,1.00e+01
-5.00e+02,-5.00e+02,6.00e+00,1.00e+01
-5.00e+02,-5.00e+02,1.10e+01,1.00e+01
-4.10e+02,-1.78e+02,9.00e+00,1.00e+01
-5.00e+02,-5.00e+02,1.10e+01,1.00e+01
-4.28e+02,-2.47e+02,9.00e+00,1.00e+01
-5.00e+02,-5.00e+02,8.00e+00,1.00e+01
-5.00e+02,-5.00e+02,1.00e+01,1.00e+01
-5.00e+02,-5.00e+02,1.10e+01,1.00e+01
-5.00e+02,-5.00e+02,7.00e+00,1.00e+01
-5.00e+02,-5.00e+02,1.30e+01,1.00e+01
-5.00e+02,-5.00e+02,9.00e+00,1.00e+01
-4.99e+02,-4.94e+02,1.10e+01,1.00e+01
-5.00e+02,-5.00e+02,5.00e+00,1.00e+01
-5.00e+02,-5.00e+02,1.20e+01,1.00e+01
-5.00e+02,-4.99e+02,8.00e+00,1.00e+01
-4.99e+02,-4.97e+02,1.00e+01,1.00e+01
-5.00e+02,-5.00e+02,7.00e+00,1.00e+01
-5.00e+02,-5.00e+02,1.00e+01,1.00e+01
-5.00e+02,-5.00e+02,1.10e+01,1.00e+01
-5.00e+02,-5.00e+02,6.00e+00,1.00e+01
-5.00e+02,-5.00e+02,7.00e+00,1.00e+01
