1.17e+03,1.55e+03,6.70e+01,3.90e+01
1.17e+03,1.55e+03,6.60e+01,4.00e+01
1.20e+03,1.55e+03,8.40e+01,4.20e+01
1.20e+03,1.55e+03,8.60e+01,4.30e+01
1.20e+03,1.55e+03,8.40e+01,4.20e+01
1.17e+03,1.55e+03,6.90e+01,4.00e+01
1.20e+03,1.55e+03,8.80e+01,4.30e+01
1.20e+03,1.55e+03,8.50e+01,4.30e+01
1.20e+03,1.55e+03,8.50e+01,4.30e+01
1.20e+03,1.55e+03,8.50e+01,4.30e+01
1.17e+03,1.55e+03,6.30e+01,3.90e+01
1.20e+03,1.55e+03,8.50e+01,4.20e+01
1.20e+03,1.55e+03,8.60e+01,4.20e+01
1.20e+03,1.55e+03,8.70e+01,4.30e+01
1.17e+03,1.55e+03,6.70e+01,4.00e+01
1.17e+03,1.55e+03,6.60e+01,3.90e+01
1.20e+03,1.55e+03,8.60e+01,4.30e+01
1.17e+03,1.55e+03,6.70e+01,3.90e+01
1.20e+03,1.54e+03,8.30e+01,4.20e+01
1.13e+03,1.55e+03,6.30e+01,3.90e+01
2.28e+02,4.06e+02,6.60e+01,4.00e+01
1.20e+03,1.54e+03,8.70e+01,4.30e+01
1.20e+03,1.55e+03,8.80e+01,4.30e+01
1.12e+03,1.55e+03,6.70e+01,4.00e+01
1.16e+03,1.55e+03,6.60e+01,4.00e+01
1.13e+03,1.54e+03,8.70e+01,4.40e+01
2.68e+02,4.06e+02,8.40e+01,4.20e+01
1.12e+03,1.49e+03,8.40e+01,4.20e+01
1.42e+02,2.49e+02,8.40e+01,4.20e+01
1.20e+03,1.55e+03,8.60e+01,4.30e+01
1.13e+03,1.54e+03,8.70e+01,4.20e+01
1.16e+03,1.54e+03,8.60e+01,4.30e+01
1.17e+03,1.55e+03,6.30e+01,3.90e+01
1.17e+03,1.55e+03,6.80e+01,3.90e+01
1.19e+03,1.54e+03,8.40e+01,4.20e+01
1.20e+03,1.54e+03,8.60e+01,4.30e+01
1.20e+03,1.54e+03,8.90e+01,4.40e+01
1.19e+03,1.54e+03,8.50e+01,4.30e+01
1.14e+03,1.54e+03,8.80e+01,4.30e+01
1.17e+03,1.55e+03,6.60e+01,4.00e+01
1.17e+03,1.55e+03,6.30e+01,3.90e+01
1.14e+03,1.54e+03,8.50e+01,4.20e+01
1.16e+03,1.55e+03,6.90e+01,4.00e+01
-7.15e+01,-1.65e+01,6.30e+01,3.90e+01
1.17e+03,1.55e+03,6.60e+01,3.90e+01
1.20e+03,1.55e+03,8.80e+01,4.40e+01
1.15e+03,1.54e+03,8.50e+01,4.20e+01
1.12e+03,1.54e+03,9.00e+01,4.50e+01
1.18e+03,1.54e+03,8.30e+01,4.20e+01
1.17e+03,1.55e+03,6.60e+01,4.00e+01
1.17e+03,1.55e+03,7.10e+01,4.10e+01
1.20e+03,1.54e+03,8.50e+01,4.20e+01
1.17e+03,1.55e+03,6.90e+01,4.00e+01
1.08e+03,1.55e+03,6.70e+01,4.00e+01
8.12e+02,1.54e+03,8.60e+01,4.30e+01
1.11e+03,1.47e+03,8.50e+01,4.30e+01
1.14e+03,1.54e+03,8.30e+01,4.20e+01
1.13e+03,1.54e+03,8.90e+01,4.30e+01
1.20e+03,1.55e+03,8.70e+01,4.40e+01
1.38e+01,6.71e+01,8.50e+01,4.20e+01
1.16e+03,1.55e+03,6.80e+01,3.90e+01
1.16e+03,1.54e+03,8.90e+01,4.30e+01
1.16e+03,1.54e+03,8.60e+01,4.30e+01
1.19e+03,1.54e+03,8.70e+01,4.30e+01
1.20e+03,1.55e+03,8.60e+01,4.20e+01
2.36e+02,1.06e+03,8.60e+01,4.30e+01
7.30e+02,1.29e+03,8.40e+01,4.20e+01
1.20e+03,1.55e+03,8.60e+01,4.30e+01
1.20e+03,1.55e+03,9.10e+01,4.50e+01
3.91e+02,1.23e+03,8.40e+01,4.20e+01
1.11e+03,1.55e+03,6.70e+01,3.90e+01
1.07e+03,1.53e+03,8.30e+01,4.20e+01
1.14e+02,1.06e+03,8.40e+01,4.20e+01
1.15e+03,1.54e+03,8.60e+01,4.30e+01
1.16e+03,1.55e+03,6.30e+01,3.90e+01
1.96e+02,8.44e+02,6.80e+01,3.90e+01
1.12e+03,1.47e+03,8.60e+01,4.30e+01
1.17e+03,1.55e+03,6.70e+01,4.00e+01
1.20e+03,1.55e+03,9.00e+01,4.40e+01
1.12e+03,1.54e+03,8.50e+01,4.20e+01
1.13e+03,1.55e+03,6.50e+01,3.90e+01
7.18e+02,1.33e+03,8.40e+01,4.20e+01
2.72e+02,1.16e+03,8.60e+01,4.30e+01
1.19e+03,1.54e+03,8.70e+01,4.30e+01
1.20e+03,1.55e+03,8.60e+01,4.20e+01
7.30e+02,1.29e+03,8.50e+01,4.20e+01
1.17e+03,1.55e+03,6.90e+01,4.00e+01
1.17e+03,1.55e+03,6.30e+01,3.90e+01
1.16e+03,1.55e+03,6.90e+01,4.10e+01
1.03e+03,1.55e+03,6.60e+01,3.90e+01
1.17e+03,1.55e+03,6.90e+01,4.00e+01
1.17e+03,1.55e+03,6.70e+01,4.00e+01
1.16e+03,1.54e+03,8.50e+01,4.30e+01
1.15e+03,1.54e+03,8.50e+01,4.30e+01
1.20e+03,1.54e+03,8.40e+01,4.20e+01
1.20e+03,1.55e+03,8.80e+01,4.30e+01
9.92e+02,1.54e+03,8.50e+01,4.30e+01
1.20e+03,1.55e+03,8.30e+01,4.20e+01
1.20e+03,1.54e+03,8.60e+01,4.20e+01
1.16e+03,1.55e+03,6.80e+01,3.90e+01
9.99e+02,1.55e+03,6.90e+01,4.00e+01
-7.41e+00,2.85e+02,8.50e+01,4.30e+01
9.40e+02,1.54e+03,8.60e+01,4.20e+01
1.13e+03,1.55e+03,7.00e+01,4.00e+01
2.30e+02,1.04e+03,8.60e+01,4.30e+01
1.19e+03,1.54e+03,8.50e+01,4.20e+01
1.20e+03,1.55e+03,8.50e+01,4.20e+01
1.16e+03,1.55e+03,6.70e+01,3.90e+01
1.20e+03,1.55e+03,8.50e+01,4.30e+01
4.16e+02,1.16e+03,6.70e+01,3.90e+01
1.13e+03,1.55e+03,6.80e+01,4.10e+01
8.70e+02,1.54e+03,8.70e+01,4.30e+01
1.17e+03,1.55e+03,6.80e+01,4.10e+01
1.17e+03,1.55e+03,6.90e+01,4.00e+01
1.35e+02,1.82e+02,8.80e+01,4.30e+01
-7.14e+01,-1.65e+01,8.50e+01,4.30e+01
1.20e+03,1.54e+03,8.70e+01,4.30e+01
1.20e+03,1.55e+03,8.50e+01,4.20e+01
1.20e+03,1.55e+03,8.70e+01,4.30e+01
1.16e+03,1.55e+03,6.80e+01,3.90e+01
1.09e+03,1.47e+03,8.60e+01,4.30e+01
1.20e+03,1.55e+03,8.80e+01,4.30e+01
1.20e+03,1.55e+03,8.50e+01,4.20e+01
-7.15e+01,-1.65e+01,6.60e+01,3.90e+01
1.14e+03,1.54e+03,8.80e+01,4.40e+01
2.36e+02,1.06e+03,8.60e+01,4.20e+01
7.30e+02,1.29e+03,8.50e+01,4.30e+01
1.11e+03,1.45e+03,6.60e+01,4.00e+01
