-2.41e+02,-5.29e+01,2.60e+01,1.40e+01
-2.44e+02,-7.42e+01,2.40e+01,1.40e+01
-2.45e+02,-6.41e+01,2.50e+01,1.40e+01
-2.65e+02,-6.18e+01,2.60e+01,1.40e+01
-2.46e+02,-9.31e+01,2.40e+01,1.40e+01
-2.45e+02,-6.92e+01,2.60e+01,1.40e+01
-2.53e+02,-7.76e+01,2.40e+01,1.40e+01
-2.31e+02,-6.64e+01,2.60e+01,1.40e+01
-2.48e+02,-8.56e+01,2.40e+01,1.40e+01
-2.52e+02,-9.02e+01,2.80e+01,1.40e+01
-2.74e+02,-7.78e+01,2.50e+01,1.40e+01
-2.29e+02,-5.92e+01,2.60e+01,1.40e+01
-2.46e+02,-5.92e+01,2.50e+01,1.40e+01
-2.56e+02,-6.29e+01,2.70e+01,1.40e+01
-2.40e+02,-6.09e+01,2.50e+01,1.40e+01
-2.46e+02,-9.41e+01,2.40e+01,1.40e+01
-2.46e+02,-5.95e+01,2.70e+01,1.40e+01
-2.65e+02,-5.96e+01,2.40e+01,1.40e+01
-3.05e+02,-8.06e+01,2.40e+01,1.40e+01
-2.60e+02,-5.13e+01,2.50e+01,1.40e+01
-3.94e+02,-1.06e+02,2.50e+01,1.40e+01
-2.43e+02,-5.82e+01,2.50e+01,1.40e+01
-3.43e+02,-9.21e+01,2.50e+01,1.40e+01
-2.35e+02,-7.08e+01,2.70e+01,1.40e+01
-2.57e+02,-5.15e+01,2.60e+01,1.40e+01
-2.35e+02,-6.66e+01,2.60e+01,1.40e+01
-3.70e+02,-7.31e+01,2.40e+01,1.40e+01
-2.43e+02,-5.40e+01,2.60e+01,1.40e+01
-5.00e+02,-5.00e+02,2.60e+01,1.40e+01
-3.08e+02,-5.90e+01,2.90e+01,1.40e+01
-2.66e+02,-6.95e+01,2.70e+01,1.40e+01
-4.35e+02,-2.73e+02,2.60e+01,1.40e+01
-2.33e+02,-6.63e+01,2.90e+01,1.40e+01
-3.73e+02,-7.16e+01,2.50e+01,1.40e+01
-2.68e+02,-1.27e+02,2.80e+01,1.40e+01
-5.00e+02,-4.99e+02,2.60e+01,1.40e+01
-2.37e+02,-6.95e+01,2.90e+01,1.40e+01
-2.34e+02,-6.11e+01,2.60e+01,1.40e+01
-2.91e+02,-7.51e+01,2.60e+01,1.40e+01
-2.85e+02,-9.91e+01,2.50e+01,1.40e+01
-4.41e+02,-1.47e+02,2.60e+01,1.40e+01
-2.42e+02,-5.93e+01,2.50e+01,1.40e+01
-2.55e+02,-9.41e+01,2.40e+01,1.40e+01
-2.29e+02,-7.07e+01,2.70e+01,1.40e+01
-2.49e+02,-7.37e+01,2.50e+01,1.40e+01
-2.77e+02,-1.31e+02,2.40e+01,1.40e+01
-2.39e+02,-8.09e+01,2.60e+01,1.40e+01
-3.58e+02,-7.22e+01,2.40e+01,1.40e+01
-2.34e+02,-7.69e+01,2.60e+01,1.40e+01
-2.59e+02,-7.04e+01,2.50e+01,1.40e+01
-2.48e+02,-6.18e+01,2.60e+01,1.40e+01
-2.41e+02,-5.85e+01,2.50e+01,1.40e+01
-2.48e+02,-1.08e+02,2.40e+01,1.40e+01
-2.32e+02,-8.13e+01,2.40e+01,1.40e+01
-2.42e+02,-7.26e+01,2.50e+01,1.40e+01
-2.48e+02,-7.11e+01,2.50e+01,1.50e+01
-2.42e+02,-6.38e+01,2.50e+01,1.40e+01
-2.46e+02,-7.38e+01,2.70e+01,1.40e+01
-2.43e+02,-6.26e+01,2.70e+01,1.40e+01
-2.38e+02,-6.94e+01,2.60e+01,1.40e+01
-2.31e+02,-6.27e+01,2.70e+01,1.40e+01
-2.44e+02,-6.48e+01,2.40e+01,1.40e+01
-2.35e+02,-6.50e+01,2.90e+01,1.40e+01
-2.52e+02,-7.56e+01,2.60e+01,1.40e+01
-2.51e+02,-6.21e+01,2.70e+01,1.40e+01
-3.97e+02,-6.78e+01,2.60e+01,1.40e+01
-2.44e+02,-8.22e+01,2.70e+01,1.40e+01
-5.00e+02,-4.99e+02,2.50e+01,1.40e+01
-3.69e+02,-7.62e+01,2.40e+01,1.40e+01
-2.29e+02,-5.93e+01,2.50e+01,1.40e+01
-2.56e+02,-7.27e+01,2.70e+01,1.40e+01
-2.64e+02,-7.31e+01,2.70e+01,1.40e+01
-2.68e+02,-1.29e+02,2.60e+01,1.40e+01
-4.07e+02,-9.23e+01,2.60e+01,1.40e+01
-2.40e+02,-5.66e+01,2.50e+01,1.40e+01
-2.35e+02,-8.48e+01,2.70e+01,1.40e+01
-3.17e+02,-5.79e+01,2.60e+01,1.40e+01
-2.59e+02,-7.20e+01,2.50e+01,1.40e+01
-2.38e+02,-5.86e+01,2.70e+01,1.40e+01
-2.43e+02,-7.07e+01,2.80e+01,1.40e+01
-2.43e+02,-6.20e+01,2.60e+01,1.40e+01
-2.38e+02,-7.87e+01,2.60e+01,1.40e+01
-2.51e+02,-6.61e+01,2.70e+01,1.40e+01
-2.48e+02,-6.72e+01,2.50e+01,1.40e+01
-2.38e+02,-7.02e+01,2.50e+01,1.40e+01
-2.39e+02,-7.78e+01,2.70e+01,1.50e+01
-2.58e+02,-7.94e+01,2.50e+01,1.40e+01
-2.32e+02,-6.03e+01,2.50e+01,1.40e+01
-3.92e+02,-8.92e+01,2.60e+01,1.40e+01
-3.78e+02,-7.85e+01,2.40e+01,1.40e+01
-2.29e+02,-6.74e+01,2.70e+01,1.40e+01
-3.83e+02,-7.32e+01,2.70e+01,1.40e+01
-2.74e+02,-7.71e+01,2.50e+01,1.40e+01
-2.38e+02,-6.42e+01,2.40e+01,1.40e+01
-2.72e+02,-9.76e+01,2.50e+01,1.40e+01
-2.83e+02,-1.30e+02,2.40e+01,1.40e+01
