1.14e+02,3.73e+02,4.50e+01,2.60e+01
1.14e+02,3.73e+02,4.50e+01,2.60e+01
1.14e+02,3.73e+02,4.50e+01,2.60e+01
1.14e+02,3.73e+02,4.50e+01,2.60e+01
1.14e+02,3.73e+02,4.50e+01,2.60e+01
1.14e+02,3.73e+02,4.50e+01,2.60e+01
1.14e+02,3.73e+02,4.50e+01,2.60e+01
1.14e+02,3.73e+02,4.50e+01,2.60e+01
1.14e+02,3.73e+02,4.50e+01,2.60e+01
1.14e+02,3.73e+02,4.50e+01,2.60e+01
1.14e+02,3.73e+02,4.50e+01,2.60e+01
1.14e+02,3.73e+02,4.50e+01,2.60e+01
1.14e+02,3.73e+02,4.50e+01,2.60e+01
1.14e+02,3.73e+02,4.50e+01,2.60e+01
1.14e+02,3.73e+02,4.50e+01,2.60e+01
1.14e+02,3.73e+02,4.50e+01,2.60e+01
1.14e+02,3.73e+02,4.50e+01,2.60e+01
1.14e+02,3.73e+02,4.50e+01,2.60e+01
1.14e+02,3.73e+02,4.50e+01,2.60e+01
1.14e+02,3.73e+02,4.50e+01,2.60e+01
1.14e+02,3.73e+02,4.50e+01,2.60e+01
1.14e+02,3.73e+02,4.50e+01,2.60e+01
1.14e+02,3.73e+02,4.50e+01,2.60e+01
1.14e+02,3.73e+02,4.50e+01,2.60e+01
1.14e+02,3.73e+02,4.50e+01,2.60e+01
1.14e+02,3.73e+02,4.50e+01,2.60e+01
1.14e+02,3.73e+02,4.50e+01,2.60e+01
1.14e+02,3.73e+02,4.60e+01,2.60e+01
1.07e+02,3.73e+02,4.60e+01,2.60e+01
1.14e+02,3.73e+02,4.60e+01,2.60e+01
1.14e+02,3.73e+02,4.50e+01,2.60e+01
1.00e+02,3.73e+02,4.50e+01,2.60e+01
1.06e+02,3.30e+02,4.50e+01,2.60e+01
1.14e+02,3.73e+02,4.60e+01,2.70e+01
1.00e+02,3.73e+02,4.50e+01,2.60e+01
1.14e+02,3.73e+02,4.60e+01,2.60e+01
1.11e+02,3.73e+02,4.60e+01,2.60e+01
9.70e+01,2.73e+02,4.50e+01,2.60e+01
1.13e+02,3.71e+02,4.50e+01,2.60e+01
1.14e+02,3.73e+02,4.60e+01,2.60e+01
8.02e+00,1.30e+02,4.50e+01,2.60e+01
1.14e+02,3.73e+02,4.60e+01,2.60e+01
9.84e+01,3.77e+02,4.50e+01,2.60e+01
1.02e+02,3.29e+02,4.50e+01,2.60e+01
7.64e+01,3.74e+02,4.50e+01,2.60e+01
1.14e+02,3.73e+02,4.50e+01,2.60e+01
9.05e+01,3.74e+02,4.60e+01,2.60e+01
1.14e+02,3.73e+02,4.60e+01,2.60e+01
1.14e+02,3.73e+02,4.60e+01,2.70e+01
1.13e+02,3.73e+02,4.50e+01,2.60e+01
1.14e+02,3.73e+02,4.60e+01,2.60e+01
1.06e+02,3.29e+02,4.50e+01,2.60e+01
1.14e+02,3.73e+02,4.50e+01,2.60e+01
3.92e-01,9.09e+01,4.60e+01,2.70e+01
1.14e+02,3.73e+02,4.50e+01,2.60e+01
1.14e+02,3.73e+02,4.50e+01,2.60e+01
1.14e+02,3.73e+02,4.50e+01,2.60e+01
1.14e+02,3.73e+02,4.60e+01,2.60e+01
1.13e+02,3.73e+02,4.50e+01,2.60e+01
1.14e+02,3.73e+02,4.60e+01,2.60e+01
9.58e+01,3.71e+02,4.50e+01,2.60e+01
1.14e+02,3.73e+02,4.50e+01,2.60e+01
1.14e+02,3.73e+02,4.50e+01,2.60e+01
1.14e+02,3.73e+02,4.60e+01,2.70e+01
1.14e+02,3.73e+02,4.60e+01,2.60e+01
1.14e+02,3.73e+02,4.50e+01,2.60e+01
8.62e+01,2.08e+02,4.50e+01,2.60e+01
1.14e+02,3.73e+02,4.60e+01,2.60e+01
9.55e+01,3.71e+02,4.50e+01,2.60e+01
9.70e+01,2.73e+02,4.50e+01,2.60e+01
1.14e+02,3.73e+02,4.60e+01,2.60e+01
1.07e+02,3.73e+02,4.60e+01,2.60e+01
7.44e+01,3.73e+02,4.60e+01,2.60e+01
1.14e+02,3.73e+02,4.60e+01,2.60e+01
1.00e+02,3.73e+02,4.50e+01,2.60e+01
1.07e+02,3.73e+02,4.50e+01,2.60e+01
1.06e+02,3.73e+02,4.50e+01,2.60e+01
1.14e+02,3.73e+02,4.60e+01,2.60e+01
1.13e+02,3.73e+02,4.50e+01,2.60e+01
1.01e+02,3.73e+02,4.50e+01,2.60e+01
1.14e+02,3.73e+02,4.60e+01,2.60e+01
1.14e+02,3.73e+02,4.60e+01,2.60e+01
1.14e+02,3.73e+02,4.60e+01,2.60e+01
1.14e+02,3.73e+02,4.60e+01,2.60e+01
8.73e+01,3.73e+02,4.50e+01,2.60e+01
1.14e+02,3.73e+02,4.50e+01,2.60e+01
9.55e+01,3.71e+02,4.50e+01,2.60e+01
1.13e+02,3.73e+02,4.50e+01,2.60e+01
1.14e+02,3.73e+02,4.50e+01,2.60e+01
1.06e+02,3.29e+02,4.50e+01,2.60e+01
1.06e+02,3.29e+02,4.60e+01,2.70e+01
1.09e+02,3.48e+02,4.50e+01,2.60e+01
1.11e+02,3.73e+02,4.60e+01,2.60e+01
8.66e+01,3.73e+02,4.50e+01,2.60e+01
1.14e+02,3.73e+02,4.60e+01,2.60e+01
1.14e+02,3.73e+02,4.60e+01,2.60e+01
1.14e+02,3.73e+02,4.60e+01,2.60e+01
1.14e+02,3.73e+02,4.60e+01,2.60e+01
1.14e+02,3.73e+02,4.60e+01,2.60e+01
1.14e+02,3.73e+02,4.60e+01,2.70e+01
1.06e+02,3.30e+02,4.60e+01,2.70e+01
1.14e+02,3.73e+02,4.50e+01,2.60e+01
9.00e+01,3.73e+02,4.60e+01,2.60e+01
1.09e+02,3.48e+02,4.50e+01,2.60e+01
1.14e+02,3.73e+02,4.60e+01,2.70e+01
9.55e+01,3.71e+02,4.50e+01,2.60e+01
1.09e+02,3.47e+02,4.50e+01,2.60e+01
1.14e+02,3.73e+02,4.50e+01,2.60e+01
1.14e+02,3.73e+02,4.60e+01,2.60e+01
1.14e+02,3.73e+02,4.50e+01,2.60e+01
1.07e+02,3.73e+02,4.50e+01,2.60e+01
9.84e+01,3.77e+02,4.50e+01,2.60e+01
1.06e+02,3.28e+02,4.50e+01,2.60e+01
1.14e+02,3.73e+02,4.50e+01,2.60e+01
1.14e+02,3.73e+02,4.60e+01,2.60e+01
1.14e+02,3.73e+02,4.60e+01,2.60e+01
7.92e+01,3.72e+02,4.50e+01,2.60e+01
1.14e+02,3.73e+02,4.50e+01,2.60e+01
1.14e+02,3.73e+02,4.60e+01,2.60e+01
1.13e+02,3.73e+02,4.60e+01,2.70e+01
1.14e+02,3.73e+02,4.50e+01,2.60e+01
1.14e+02,3.73e+02,4.60e+01,2.70e+01
9.61e+01,3.73e+02,4.60e+01,2.60e+01
1.14e+02,3.73e+02,4.70e+01,2.70e+01
1.14e+02,3.73e+02,4.60e+01,2.60e+01
1.74e+01,7.22e+01,4.50e+01,2.60e+01
1.14e+02,3.73e+02,4.50e+01,2.60e+01
1.07e+02,3.73e+02,4.50e+01,2.60e+01
