1.28e+02,4.86e+02,4.82e+02,1.05e+02
1.20e+02,5.26e+02,4.92e+02,1.06e+02
1.47e+02,6.82e+02,4.83e+02,1.05e+02
1.84e+02,7.79e+02,4.85e+02,1.05e+02
1.22e+02,4.64e+02,4.88e+02,1.04e+02
9.27e+01,3.88e+02,4.82e+02,1.05e+02
1.29e+02,5.56e+02,4.87e+02,1.04e+02
1.49e+02,5.86e+02,4.84e+02,1.06e+02
1.21e+02,6.06e+02,4.83e+02,1.05e+02
8.53e+01,4.04e+02,4.82e+02,1.05e+02
1.45e+02,6.10e+02,4.93e+02,1.05e+02
1.21e+02,4.61e+02,4.83e+02,1.05e+02
1.38e+02,4.95e+02,4.87e+02,1.04e+02
1.79e+02,7.75e+02,4.85e+02,1.06e+02
1.05e+02,3.94e+02,4.82e+02,1.05e+02
1.28e+02,5.09e+02,4.93e+02,1.05e+02
1.53e+02,6.69e+02,4.83e+02,1.05e+02
1.16e+02,4.52e+02,4.86e+02,1.04e+02
9.26e+01,5.17e+02,4.84e+02,1.05e+02
1.43e+02,5.79e+02,4.83e+02,1.05e+02
3.72e+01,1.71e+02,4.94e+02,1.05e+02
9.56e+01,3.91e+02,4.82e+02,1.05e+02
1.10e+02,4.27e+02,4.82e+02,1.05e+02
1.42e+02,6.34e+02,4.90e+02,1.04e+02
9.84e+01,3.68e+02,4.82e+02,1.05e+02
1.50e+02,6.10e+02,4.84e+02,1.05e+02
6.32e+01,2.78e+02,4.92e+02,1.06e+02
1.84e+02,7.54e+02,4.86e+02,1.05e+02
8.90e+01,4.82e+02,4.89e+02,1.05e+02
1.41e+02,6.16e+02,4.94e+02,1.05e+02
1.05e+02,4.89e+02,4.85e+02,1.06e+02
1.39e+02,6.79e+02,4.89e+02,1.05e+02
1.39e+02,7.91e+02,4.83e+02,1.05e+02
1.37e+02,5.55e+02,4.82e+02,1.05e+02
8.50e+01,3.42e+02,4.86e+02,1.04e+02
9.91e+01,4.59e+02,4.82e+02,1.05e+02
1.60e+02,6.52e+02,4.83e+02,1.05e+02
1.00e+02,4.42e+02,4.83e+02,1.05e+02
6.83e+01,3.67e+02,4.83e+02,1.05e+02
1.04e+02,5.01e+02,4.91e+02,1.06e+02
1.57e+02,6.66e+02,4.93e+02,1.06e+02
1.24e+02,5.29e+02,4.87e+02,1.04e+02
1.01e+02,3.95e+02,4.93e+02,1.06e+02
1.77e+02,6.74e+02,4.95e+02,1.04e+02
1.30e+02,4.59e+02,4.83e+02,1.05e+02
1.11e+02,3.75e+02,4.86e+02,1.04e+02
1.08e+02,5.34e+02,4.88e+02,1.04e+02
1.09e+02,4.52e+02,4.90e+02,1.05e+02
3.31e+00,7.50e+01,4.82e+02,1.05e+02
1.19e+02,4.36e+02,4.86e+02,1.06e+02
1.15e+02,4.73e+02,4.83e+02,1.05e+02
1.25e+02,5.16e+02,4.84e+02,1.05e+02
1.35e+02,5.38e+02,4.92e+02,1.06e+02
8.11e+01,3.34e+02,4.84e+02,1.05e+02
1.12e+02,4.12e+02,4.85e+02,1.05e+02
1.51e+02,5.85e+02,4.88e+02,1.04e+02
1.05e+02,4.62e+02,4.87e+02,1.04e+02
1.09e+02,5.04e+02,4.84e+02,1.05e+02
1.46e+02,5.41e+02,4.87e+02,1.04e+02
1.32e+02,4.68e+02,4.83e+02,1.05e+02
1.06e+02,3.45e+02,4.87e+02,1.04e+02
1.21e+02,5.29e+02,4.85e+02,1.05e+02
8.80e+01,4.09e+02,4.83e+02,1.05e+02
1.25e+02,5.40e+02,4.82e+02,1.05e+02
1.58e+02,7.41e+02,4.84e+02,1.05e+02
1.30e+02,5.61e+02,4.82e+02,1.05e+02
5.70e+01,3.28e+02,4.82e+02,1.05e+02
1.46e+02,5.84e+02,4.84e+02,1.05e+02
1.60e+02,6.85e+02,4.89e+02,1.04e+02
1.39e+02,5.09e+02,4.92e+02,1.06e+02
9.09e+01,3.71e+02,4.83e+02,1.05e+02
1.48e+02,6.58e+02,4.88e+02,1.04e+02
9.13e+01,4.30e+02,4.91e+02,1.06e+02
1.43e+02,7.46e+02,4.88e+02,1.04e+02
1.47e+02,7.80e+02,4.87e+02,1.04e+02
1.20e+02,4.85e+02,4.91e+02,1.06e+02
1.29e+02,4.63e+02,4.91e+02,1.04e+02
1.13e+02,5.00e+02,4.97e+02,1.05e+02
1.07e+02,4.42e+02,4.89e+02,1.05e+02
9.67e+01,4.54e+02,4.84e+02,1.05e+02
7.64e+01,4.33e+02,4.92e+02,1.05e+02
-4.97e+00,1.75e+02,4.87e+02,1.04e+02
1.21e+02,5.41e+02,4.83e+02,1.05e+02
1.34e+02,6.34e+02,4.94e+02,1.05e+02
1.37e+02,5.80e+02,4.85e+02,1.05e+02
1.48e+02,6.57e+02,4.85e+02,1.06e+02
9.37e+01,4.34e+02,4.83e+02,1.05e+02
1.83e+02,7.09e+02,4.82e+02,1.05e+02
1.49e+02,8.16e+02,4.88e+02,1.04e+02
1.31e+02,5.79e+02,4.85e+02,1.06e+02
1.29e+02,5.97e+02,4.93e+02,1.07e+02
1.36e+02,5.36e+02,4.86e+02,1.05e+02
9.86e+01,5.21e+02,4.94e+02,1.05e+02
1.49e+02,6.54e+02,4.82e+02,1.05e+02
1.47e+02,6.52e+02,4.92e+02,1.06e+02
1.17e+02,4.27e+02,4.91e+02,1.05e+02
1.60e+02,6.49e+02,4.86e+02,1.06e+02
1.59e+02,6.01e+02,4.84e+02,1.05e+02
1.38e+02,7.08e+02,4.88e+02,1.04e+02
6.80e+01,3.66e+02,4.85e+02,1.06e+02
1.37e+02,5.01e+02,4.92e+02,1.06e+02
1.04e+02,3.65e+02,4.94e+02,1.05e+02
1.21e+02,4.34e+02,4.85e+02,1.06e+02
1.46e+02,5.89e+02,4.87e+02,1.07e+02
1.06e+02,4.76e+02,4.86e+02,1.06e+02
1.33e+02,6.89e+02,4.88e+02,1.04e+02
9.16e+01,3.82e+02,4.84e+02,1.06e+02
1.02e+02,3.97e+02,4.83e+02,1.05e+02
1.58e+02,6.51e+02,4.93e+02,1.05e+02
7.37e+01,3.77e+02,4.84e+02,1.05e+02
1.32e+02,6.28e+02,4.92e+02,1.07e+02
1.45e+02,6.62e+02,4.95e+02,1.06e+02
1.20e+02,4.49e+02,4.95e+02,1.06e+02
1.26e+02,5.68e+02,4.83e+02,1.05e+02
1.40e+02,5.84e+02,4.85e+02,1.05e+02
8.34e+01,3.37e+02,4.82e+02,1.05e+02
1.24e+02,4.61e+02,4.83e+02,1.05e+02
1.59e+02,7.39e+02,4.86e+02,1.06e+02
1.75e+02,7.28e+02,4.89e+02,1.05e+02
1.23e+02,5.55e+02,4.83e+02,1.05e+02
1.51e+02,6.59e+02,4.85e+02,1.06e+02
1.01e+02,4.68e+02,4.89e+02,1.05e+02
1.15e+02,5.88e+02,4.88e+02,1.04e+02
1.30e+02,4.76e+02,4.86e+02,1.06e+02
1.29e+02,4.71e+02,4.83e+02,1.06e+02
1.24e+02,6.02e+02,4.94e+02,1.05e+02
1.54e+02,5.92e+02,4.88e+02,1.04e+02
1.00e+02,4.98e+02,4.85e+02,1.06e+02
1.41e+02,5.50e+02,4.83e+02,1.05e+02
1.50e+02,6.67e+02,4.84e+02,1.06e+02
1.28e+02,4.80e+02,4.83e+02,1.06e+02
1.76e+02,7.40e+02,4.82e+02,1.05e+02
1.33e+02,5.34e+02,4.88e+02,1.04e+02
1.49e+02,6.16e+02,4.92e+02,1.04e+02
9.73e+01,4.10e+02,4.83e+02,1.05e+02
1.56e+02,5.90e+02,4.88e+02,1.04e+02
7.40e+01,3.20e+02,4.82e+02,1.05e+02
1.17e+02,6.70e+02,4.94e+02,1.05e+02
1.32e+02,5.18e+02,4.83e+02,1.06e+02
8.44e+01,4.00e+02,4.83e+02,1.05e+02
1.11e+02,3.96e+02,4.83e+02,1.05e+02
1.59e+02,7.07e+02,4.83e+02,1.05e+02
1.24e+02,5.81e+02,4.85e+02,1.05e+02
1.31e+02,6.18e+02,4.88e+02,1.04e+02
8.02e+01,3.58e+02,4.92e+02,1.06e+02
2.05e+01,1.47e+02,4.84e+02,1.05e+02
1.98e+02,8.23e+02,4.89e+02,1.05e+02
1.76e+02,8.12e+02,4.89e+02,1.04e+02
8.84e+01,3.77e+02,4.87e+02,1.04e+02
6.74e+01,2.93e+02,4.88e+02,1.04e+02
1.27e+02,5.17e+02,4.87e+02,1.04e+02
1.15e+02,4.46e+02,4.89e+02,1.05e+02
1.18e+02,5.58e+02,4.89e+02,1.04e+02
9.48e+01,3.90e+02,4.84e+02,1.05e+02
3.64e+01,2.48e+02,4.84e+02,1.05e+02
1.16e+02,6.31e+02,4.91e+02,1.05e+02
1.87e+02,7.70e+02,4.89e+02,1.05e+02
1.53e+02,6.05e+02,4.89e+02,1.04e+02
1.18e+02,4.57e+02,4.83e+02,1.05e+02
7.94e+01,3.91e+02,4.88e+02,1.04e+02
1.39e+02,5.91e+02,4.93e+02,1.04e+02
1.20e+02,5.03e+02,4.82e+02,1.05e+02
1.05e+02,4.62e+02,4.83e+02,1.05e+02
1.05e+02,4.89e+02,4.87e+02,1.04e+02
1.07e+02,5.06e+02,4.93e+02,1.05e+02
1.04e+02,4.60e+02,4.93e+02,1.05e+02
8.97e+01,3.93e+02,4.85e+02,1.06e+02
1.71e+02,8.03e+02,4.89e+02,1.05e+02
1.27e+02,6.12e+02,4.85e+02,1.06e+02
8.64e+01,3.68e+02,4.83e+02,1.05e+02
1.63e+02,7.66e+02,4.86e+02,1.06e+02
1.54e+02,5.80e+02,4.87e+02,1.04e+02
1.08e+02,4.20e+02,4.83e+02,1.05e+02
1.35e+02,5.82e+02,4.84e+02,1.05e+02
9.09e+01,3.81e+02,4.89e+02,1.04e+02
1.60e+02,7.38e+02,4.84e+02,1.05e+02
8.13e+01,3.09e+02,4.90e+02,1.05e+02
1.64e+02,6.06e+02,4.88e+02,1.04e+02
1.52e+02,6.64e+02,4.90e+02,1.05e+02
1.18e+02,4.20e+02,4.85e+02,1.06e+02
1.20e+02,4.77e+02,4.84e+02,1.05e+02
1.15e+02,4.72e+02,4.91e+02,1.05e+02
1.22e+02,4.56e+02,4.92e+02,1.06e+02
8.31e+01,4.27e+02,4.86e+02,1.04e+02
1.60e+02,6.45e+02,4.83e+02,1.05e+02
1.14e+02,4.13e+02,4.82e+02,1.05e+02
9.58e+01,4.30e+02,4.87e+02,1.04e+02
1.17e+02,5.68e+02,4.85e+02,1.06e+02
1.20e+02,5.59e+02,4.85e+02,1.05e+02
7.94e+01,5.12e+02,4.88e+02,1.04e+02
1.76e+02,7.32e+02,4.88e+02,1.04e+02
1.32e+02,4.54e+02,4.93e+02,1.05e+02
1.57e+02,6.23e+02,4.84e+02,1.05e+02
5.91e+01,2.98e+02,4.92e+02,1.06e+02
5.34e+01,3.20e+02,4.86e+02,1.06e+02
1.41e+02,6.46e+02,4.87e+02,1.04e+02
1.50e+02,6.77e+02,4.87e+02,1.04e+02
1.65e+02,7.15e+02,4.83e+02,1.05e+02
1.99e+01,1.65e+02,4.82e+02,1.05e+02
1.26e+02,4.63e+02,4.83e+02,1.05e+02
1.20e+02,5.50e+02,4.87e+02,1.04e+02
6.81e+01,3.81e+02,4.90e+02,1.06e+02
1.67e+02,6.69e+02,4.93e+02,1.06e+02
1.77e+02,7.26e+02,4.85e+02,1.06e+02
1.45e+02,7.85e+02,4.90e+02,1.04e+02
1.46e+02,5.65e+02,4.83e+02,1.05e+02
1.19e+02,4.67e+02,4.82e+02,1.05e+02
1.23e+02,5.28e+02,4.82e+02,1.05e+02
1.82e+02,8.16e+02,4.83e+02,1.05e+02
1.27e+02,5.43e+02,4.84e+02,1.06e+02
1.56e+02,6.30e+02,4.85e+02,1.06e+02
1.50e+02,5.74e+02,4.92e+02,1.06e+02
1.25e+02,5.32e+02,4.96e+02,1.05e+02
9.12e+01,3.40e+02,4.90e+02,1.05e+02
7.47e+01,4.40e+02,4.93e+02,1.05e+02
1.18e+02,5.51e+02,4.85e+02,1.05e+02
1.24e+02,4.46e+02,4.84e+02,1.06e+02
1.77e+02,7.45e+02,4.83e+02,1.05e+02
1.54e+02,6.00e+02,4.82e+02,1.05e+02
1.09e+02,4.55e+02,4.84e+02,1.05e+02
8.31e+01,3.58e+02,4.92e+02,1.07e+02
1.12e+02,5.22e+02,4.93e+02,1.06e+02
7.98e+00,7.02e+01,4.93e+02,1.05e+02
1.89e+02,7.94e+02,4.87e+02,1.04e+02
1.16e+02,5.74e+02,4.88e+02,1.05e+02
1.36e+02,5.76e+02,4.87e+02,1.04e+02
1.68e+02,7.94e+02,4.84e+02,1.05e+02
8.44e+01,3.93e+02,4.83e+02,1.05e+02
7.63e+01,2.97e+02,4.84e+02,1.05e+02
1.24e+02,5.23e+02,4.83e+02,1.05e+02
1.09e+02,3.92e+02,4.88e+02,1.04e+02
5.16e+01,2.96e+02,4.90e+02,1.05e+02
1.54e+02,6.30e+02,4.83e+02,1.05e+02
9.47e+01,4.61e+02,4.83e+02,1.05e+02
1.54e+02,5.82e+02,4.90e+02,1.05e+02
8.32e+01,3.22e+02,4.82e+02,1.05e+02
1.31e+02,4.97e+02,4.93e+02,1.06e+02
1.37e+02,6.05e+02,4.84e+02,1.05e+02
9.38e+01,3.84e+02,4.82e+02,1.05e+02
1.44e+02,6.62e+02,4.90e+02,1.04e+02
1.36e+02,5.06e+02,4.84e+02,1.05e+02
1.53e+02,6.77e+02,4.85e+02,1.06e+02
6.45e+01,3.99e+02,4.82e+02,1.05e+02
1.62e+02,6.86e+02,4.93e+02,1.07e+02
1.10e+02,4.50e+02,4.88e+02,1.05e+02
4.45e+01,2.71e+02,4.89e+02,1.05e+02
1.34e+02,6.81e+02,4.86e+02,1.04e+02
1.89e+01,1.76e+02,4.84e+02,1.05e+02
1.64e+02,7.56e+02,4.87e+02,1.04e+02
1.16e+02,5.11e+02,4.83e+02,1.05e+02
1.03e+02,4.75e+02,4.83e+02,1.05e+02
6.39e+01,3.12e+02,4.83e+02,1.05e+02
1.38e+02,5.92e+02,4.83e+02,1.05e+02
1.66e+02,7.83e+02,4.85e+02,1.07e+02
1.55e+02,7.62e+02,4.93e+02,1.04e+02
6.63e+01,3.82e+02,4.87e+02,1.06e+02
1.34e+01,2.38e+02,4.87e+02,1.04e+02
5.97e+01,3.05e+02,4.85e+02,1.05e+02
1.44e+02,7.40e+02,4.85e+02,1.05e+02
1.46e+02,8.66e+02,4.86e+02,1.07e+02
1.37e+02,6.67e+02,4.92e+02,1.07e+02
1.18e+02,4.96e+02,4.90e+02,1.05e+02
1.48e+02,6.31e+02,4.93e+02,1.06e+02
1.23e+02,4.97e+02,4.92e+02,1.07e+02
1.21e+02,5.87e+02,4.83e+02,1.05e+02
1.36e+02,5.18e+02,4.87e+02,1.04e+02
1.58e+02,6.15e+02,4.83e+02,1.05e+02
1.28e+02,5.89e+02,4.92e+02,1.06e+02
1.47e+02,5.93e+02,4.84e+02,1.05e+02
1.39e+02,5.88e+02,4.86e+02,1.07e+02
8.70e+01,3.42e+02,4.83e+02,1.05e+02
1.39e+02,4.97e+02,4.88e+02,1.04e+02
7.59e+01,3.26e+02,4.82e+02,1.05e+02
1.65e+02,6.35e+02,4.83e+02,1.05e+02
1.54e+02,6.77e+02,4.85e+02,1.05e+02
1.11e+02,4.59e+02,4.84e+02,1.06e+02
1.06e+02,5.36e+02,4.92e+02,1.06e+02
1.44e+02,6.00e+02,4.83e+02,1.05e+02
1.26e+02,4.71e+02,4.85e+02,1.05e+02
1.10e+02,4.62e+02,4.82e+02,1.05e+02
8.86e+01,3.83e+02,4.83e+02,1.05e+02
1.26e+02,4.68e+02,4.85e+02,1.06e+02
1.46e+02,8.08e+02,4.92e+02,1.07e+02
1.41e+02,5.87e+02,4.93e+02,1.05e+02
1.34e+02,5.41e+02,4.84e+02,1.05e+02
1.17e+02,4.48e+02,4.93e+02,1.06e+02
1.47e+02,5.36e+02,4.87e+02,1.04e+02
1.14e+02,5.25e+02,4.87e+02,1.07e+02
1.38e+02,5.38e+02,4.83e+02,1.06e+02
1.58e+02,5.97e+02,4.82e+02,1.05e+02
8.19e+01,3.74e+02,4.88e+02,1.04e+02
1.18e+02,4.91e+02,4.87e+02,1.04e+02
1.14e+02,4.77e+02,4.84e+02,1.06e+02
1.37e+02,6.08e+02,4.93e+02,1.05e+02
1.19e+02,6.69e+02,4.89e+02,1.05e+02
1.42e+02,6.67e+02,4.84e+02,1.05e+02
1.37e+02,5.47e+02,4.93e+02,1.06e+02
1.09e+02,4.52e+02,4.84e+02,1.05e+02
4.15e+01,2.41e+02,4.91e+02,1.05e+02
1.07e+02,5.65e+02,4.91e+02,1.06e+02
1.29e+02,4.94e+02,4.86e+02,1.04e+02
1.52e+02,6.25e+02,4.88e+02,1.04e+02
1.14e+02,4.50e+02,4.83e+02,1.05e+02
1.70e+02,7.95e+02,4.87e+02,1.04e+02
1.83e+02,8.31e+02,4.89e+02,1.05e+02
1.27e+02,4.70e+02,4.87e+02,1.04e+02
1.73e+02,7.39e+02,4.83e+02,1.05e+02
7.78e+01,3.49e+02,4.92e+02,1.06e+02
1.43e+02,6.40e+02,4.90e+02,1.04e+02
1.09e+02,4.49e+02,4.87e+02,1.04e+02
1.37e+02,4.89e+02,4.83e+02,1.05e+02
7.59e+01,3.76e+02,4.86e+02,1.04e+02
9.94e+01,3.95e+02,4.94e+02,1.07e+02
9.19e+01,4.45e+02,4.85e+02,1.06e+02
1.53e+02,5.87e+02,4.92e+02,1.06e+02
8.58e+01,3.67e+02,4.86e+02,1.06e+02
1.59e+02,7.83e+02,4.85e+02,1.06e+02
1.09e+02,5.44e+02,4.88e+02,1.04e+02
1.26e+02,5.19e+02,4.88e+02,1.04e+02
6.82e+01,4.15e+02,4.84e+02,1.06e+02
1.30e+02,5.54e+02,4.83e+02,1.06e+02
1.55e+02,5.58e+02,4.84e+02,1.06e+02
7.70e+01,3.28e+02,4.88e+02,1.04e+02
1.15e+02,6.30e+02,4.86e+02,1.06e+02
-1.42e+00,5.97e+01,4.82e+02,1.05e+02
7.80e+01,4.01e+02,4.83e+02,1.06e+02
1.30e+02,5.80e+02,4.82e+02,1.05e+02
1.07e+02,4.97e+02,4.87e+02,1.04e+02
7.46e+01,3.48e+02,4.92e+02,1.05e+02
1.31e+02,4.72e+02,4.87e+02,1.07e+02
7.34e+01,3.16e+02,4.83e+02,1.05e+02
1.23e+02,4.73e+02,4.85e+02,1.05e+02
1.21e+02,5.91e+02,4.86e+02,1.06e+02
1.27e+02,6.10e+02,4.91e+02,1.06e+02
1.04e+02,4.54e+02,4.92e+02,1.06e+02
8.71e+01,3.25e+02,4.83e+02,1.05e+02
9.04e+01,3.75e+02,4.92e+02,1.06e+02
9.80e+01,4.60e+02,4.88e+02,1.04e+02
7.02e+01,3.13e+02,4.83e+02,1.06e+02
1.22e+02,5.00e+02,4.88e+02,1.04e+02
1.00e+02,4.01e+02,4.82e+02,1.05e+02
1.67e+02,7.50e+02,4.88e+02,1.04e+02
1.40e+02,6.42e+02,4.93e+02,1.05e+02
1.47e+02,7.24e+02,4.93e+02,1.05e+02
1.03e+02,4.57e+02,4.86e+02,1.07e+02
1.24e+02,5.61e+02,4.85e+02,1.06e+02
1.01e+02,3.90e+02,4.86e+02,1.04e+02
1.46e+02,5.95e+02,4.92e+02,1.06e+02
3.57e+01,1.51e+02,4.85e+02,1.05e+02
1.59e+02,6.54e+02,4.93e+02,1.05e+02
1.02e+02,4.27e+02,4.92e+02,1.06e+02
1.50e+02,5.75e+02,4.84e+02,1.05e+02
8.84e+01,3.80e+02,4.86e+02,1.05e+02
9.52e+01,4.44e+02,4.84e+02,1.05e+02
1.45e+02,6.42e+02,4.82e+02,1.05e+02
8.91e+01,4.09e+02,4.83e+02,1.06e+02
1.44e+02,6.45e+02,4.88e+02,1.04e+02
1.01e+02,4.62e+02,4.86e+02,1.04e+02
1.27e+02,4.44e+02,4.85e+02,1.06e+02
1.30e+02,5.41e+02,4.93e+02,1.04e+02
1.19e+02,4.61e+02,4.83e+02,1.05e+02
1.04e+02,4.24e+02,4.93e+02,1.06e+02
1.21e+02,4.87e+02,4.92e+02,1.06e+02
1.72e+02,6.75e+02,4.91e+02,1.05e+02
8.44e+01,3.38e+02,4.83e+02,1.05e+02
1.36e+02,5.32e+02,4.87e+02,1.06e+02
1.19e+02,5.78e+02,4.92e+02,1.04e+02
1.62e+02,6.05e+02,4.83e+02,1.05e+02
1.45e+02,8.09e+02,4.90e+02,1.04e+02
1.30e+02,5.42e+02,4.86e+02,1.06e+02
1.40e+02,5.27e+02,4.88e+02,1.04e+02
1.02e+02,3.59e+02,4.82e+02,1.05e+02
1.17e+02,5.07e+02,4.86e+02,1.06e+02
1.09e+02,4.05e+02,4.86e+02,1.05e+02
9.20e+01,3.74e+02,4.83e+02,1.05e+02
1.22e+02,4.74e+02,4.89e+02,1.04e+02
1.08e+02,5.19e+02,4.84e+02,1.06e+02
1.23e+02,4.28e+02,4.83e+02,1.05e+02
1.93e+02,7.95e+02,4.83e+02,1.05e+02
1.42e+02,5.30e+02,4.83e+02,1.05e+02
1.29e+02,5.21e+02,4.90e+02,1.04e+02
1.35e+02,5.62e+02,4.85e+02,1.06e+02
9.50e+01,4.50e+02,4.84e+02,1.06e+02
7.12e+01,3.10e+02,4.92e+02,1.06e+02
1.30e+02,4.62e+02,4.83e+02,1.05e+02
1.02e+02,4.29e+02,4.93e+02,1.06e+02
5.48e+01,4.18e+02,4.86e+02,1.04e+02
1.04e+02,3.99e+02,4.83e+02,1.05e+02
1.16e+02,5.59e+02,4.91e+02,1.04e+02
1.33e+02,6.31e+02,4.93e+02,1.04e+02
1.20e+02,5.39e+02,4.85e+02,1.05e+02
1.36e+02,5.38e+02,4.84e+02,1.05e+02
1.50e+02,5.80e+02,4.88e+02,1.04e+02
1.27e+02,5.44e+02,4.94e+02,1.05e+02
1.35e+02,6.13e+02,4.91e+02,1.05e+02
8.75e+01,3.97e+02,4.85e+02,1.06e+02
1.50e+02,6.62e+02,4.87e+02,1.04e+02
1.75e+02,8.04e+02,4.96e+02,1.04e+02
1.24e+02,5.24e+02,4.94e+02,1.07e+02
1.23e+02,4.67e+02,4.92e+02,1.04e+02
1.32e+02,5.88e+02,4.88e+02,1.04e+02
1.41e+02,6.96e+02,4.89e+02,1.05e+02
1.39e+02,5.83e+02,4.83e+02,1.05e+02
1.44e+02,5.70e+02,4.84e+02,1.06e+02
1.20e+02,4.57e+02,4.84e+02,1.05e+02
1.43e+02,6.18e+02,4.84e+02,1.06e+02
8.15e+01,3.08e+02,4.88e+02,1.04e+02
1.17e+02,5.05e+02,4.83e+02,1.05e+02
1.20e+02,4.72e+02,4.87e+02,1.04e+02
1.39e+02,5.40e+02,4.84e+02,1.06e+02
8.92e+01,3.85e+02,4.83e+02,1.05e+02
7.74e+00,1.04e+02,4.83e+02,1.05e+02
1.09e+02,4.02e+02,4.88e+02,1.04e+02
9.79e+01,4.99e+02,4.85e+02,1.06e+02
8.88e+01,3.63e+02,4.93e+02,1.07e+02
1.11e+02,5.32e+02,4.92e+02,1.07e+02
1.67e+02,7.92e+02,4.87e+02,1.04e+02
1.46e+02,5.88e+02,4.89e+02,1.04e+02
1.12e+02,4.39e+02,4.84e+02,1.06e+02
6.30e+00,7.74e+01,4.91e+02,1.05e+02
9.70e+01,3.73e+02,4.91e+02,1.04e+02
1.26e+02,4.60e+02,4.88e+02,1.04e+02
1.12e+02,4.27e+02,4.83e+02,1.05e+02
1.22e+02,5.08e+02,4.83e+02,1.05e+02
1.16e+02,4.82e+02,4.88e+02,1.04e+02
1.11e+02,5.20e+02,4.92e+02,1.04e+02
1.50e+02,5.84e+02,4.86e+02,1.06e+02
1.35e+02,5.70e+02,4.93e+02,1.06e+02
1.19e+02,4.71e+02,4.83e+02,1.05e+02
8.20e+01,3.99e+02,4.87e+02,1.04e+02
1.26e+02,5.10e+02,4.88e+02,1.04e+02
1.06e+02,4.31e+02,4.94e+02,1.07e+02
1.42e+02,6.73e+02,4.86e+02,1.06e+02
1.14e+02,4.31e+02,4.87e+02,1.04e+02
8.54e+01,3.53e+02,4.87e+02,1.04e+02
1.35e+02,4.71e+02,4.89e+02,1.04e+02
1.10e+02,5.16e+02,4.87e+02,1.04e+02
1.23e+02,4.36e+02,4.83e+02,1.05e+02
1.26e+02,4.62e+02,4.83e+02,1.05e+02
1.43e+02,5.08e+02,4.83e+02,1.05e+02
1.89e+02,8.19e+02,4.87e+02,1.04e+02
1.21e+02,4.81e+02,4.90e+02,1.04e+02
1.54e+02,7.04e+02,4.83e+02,1.05e+02
1.23e+02,5.90e+02,4.91e+02,1.05e+02
9.97e+01,5.42e+02,4.83e+02,1.05e+02
1.38e+02,5.09e+02,4.83e+02,1.05e+02
1.51e+02,7.91e+02,4.86e+02,1.04e+02
1.53e+02,6.40e+02,4.85e+02,1.05e+02
8.59e+01,4.65e+02,4.85e+02,1.06e+02
1.08e+02,4.47e+02,4.83e+02,1.05e+02
1.18e+02,5.03e+02,4.94e+02,1.06e+02
8.64e+00,5.09e+01,4.92e+02,1.05e+02
7.11e+01,3.04e+02,4.83e+02,1.05e+02
1.31e+02,6.04e+02,4.93e+02,1.05e+02
1.48e+02,6.20e+02,4.92e+02,1.06e+02
1.02e+02,4.98e+02,4.93e+02,1.06e+02
1.46e+02,6.45e+02,4.86e+02,1.04e+02
1.37e+02,5.07e+02,4.87e+02,1.04e+02
1.10e+02,5.60e+02,4.85e+02,1.06e+02
1.46e+02,6.29e+02,4.83e+02,1.05e+02
1.28e+02,4.69e+02,4.82e+02,1.05e+02
1.06e+02,4.37e+02,4.89e+02,1.04e+02
1.56e+02,6.75e+02,4.85e+02,1.06e+02
1.60e+02,6.33e+02,4.84e+02,1.05e+02
1.47e+02,5.19e+02,4.83e+02,1.05e+02
1.71e+02,7.40e+02,4.87e+02,1.04e+02
1.53e+02,6.28e+02,4.90e+02,1.05e+02
1.32e+02,5.60e+02,4.83e+02,1.05e+02
1.46e+02,6.49e+02,4.85e+02,1.06e+02
9.57e+01,4.07e+02,4.83e+02,1.05e+02
8.06e+01,3.22e+02,4.83e+02,1.05e+02
4.93e+01,3.95e+02,4.88e+02,1.04e+02
1.41e+02,6.15e+02,4.93e+02,1.07e+02
1.01e+02,4.65e+02,4.82e+02,1.05e+02
1.51e+02,7.47e+02,4.87e+02,1.04e+02
1.12e+02,5.11e+02,4.95e+02,1.06e+02
1.00e+02,4.59e+02,4.91e+02,1.05e+02
1.50e+02,6.47e+02,4.83e+02,1.05e+02
7.73e+00,2.48e+02,4.82e+02,1.05e+02
1.59e+02,6.60e+02,4.83e+02,1.05e+02
