1.12e+01,8.89e+01,1.30e+02,4.30e+01
2.33e+01,1.40e+02,1.28e+02,4.30e+01
3.91e+00,1.23e+02,1.28e+02,4.20e+01
7.04e+00,5.37e+01,1.30e+02,4.30e+01
5.53e-02,6.65e+01,1.28e+02,4.20e+01
9.22e+00,2.89e+02,1.29e+02,4.30e+01
-2.22e+00,5.27e+01,1.28e+02,4.20e+01
1.85e+01,7.18e+01,1.28e+02,4.20e+01
4.69e+01,2.73e+02,1.29e+02,4.20e+01
-7.19e+00,5.65e+01,1.28e+02,4.20e+01
-1.92e+01,2.51e+01,1.27e+02,4.20e+01
3.70e+01,1.38e+02,1.27e+02,4.20e+01
3.39e+01,1.75e+02,1.26e+02,4.20e+01
3.67e+01,2.29e+02,1.28e+02,4.20e+01
1.47e+01,1.45e+02,1.28e+02,4.20e+01
1.09e+01,9.52e+01,1.26e+02,4.20e+01
3.85e+01,2.89e+02,1.28e+02,4.30e+01
3.24e+01,8.89e+01,1.28e+02,4.20e+01
2.01e+01,1.68e+02,1.29e+02,4.20e+01
2.22e+01,1.18e+02,1.27e+02,4.20e+01
4.56e+01,2.85e+02,1.28e+02,4.20e+01
2.59e+01,1.37e+02,1.28e+02,4.20e+01
3.82e+01,2.33e+02,1.29e+02,4.20e+01
2.63e+01,1.78e+02,1.28e+02,4.20e+01
1.17e+01,1.32e+02,1.28e+02,4.20e+01
3.17e+01,1.23e+02,1.28e+02,4.20e+01
2.34e+01,1.09e+02,1.28e+02,4.20e+01
5.10e+01,2.47e+02,1.28e+02,4.30e+01
2.62e+01,1.59e+02,1.29e+02,4.30e+01
1.51e+01,1.42e+02,1.31e+02,4.30e+01
9.77e+00,4.63e+01,1.30e+02,4.30e+01
6.10e+01,2.64e+02,1.29e+02,4.30e+01
-4.82e-01,5.92e+01,1.31e+02,4.30e+01
2.85e+01,1.41e+02,1.30e+02,4.30e+01
3.35e+01,2.04e+02,1.30e+02,4.30e+01
2.89e+01,1.47e+02,1.28e+02,4.20e+01
2.42e+01,1.69e+02,1.31e+02,4.30e+01
7.58e+00,5.81e+01,1.31e+02,4.30e+01
3.43e+01,1.38e+02,1.26e+02,4.20e+01
3.85e+01,1.48e+02,1.28e+02,4.30e+01
3.09e+00,1.78e+02,1.31e+02,4.30e+01
-9.26e+00,6.12e+01,1.29e+02,4.40e+01
3.04e+01,1.72e+02,1.30e+02,4.30e+01
3.12e+01,1.46e+02,1.30e+02,4.30e+01
-3.21e+00,7.41e+01,1.29e+02,4.30e+01
1.33e+01,1.47e+02,1.29e+02,4.30e+01
2.40e+01,1.37e+02,1.29e+02,4.20e+01
2.06e+01,1.46e+02,1.30e+02,4.30e+01
3.63e+00,9.44e+01,1.28e+02,4.20e+01
1.91e+01,1.62e+02,1.27e+02,4.20e+01
2.71e+01,1.74e+02,1.31e+02,4.30e+01
1.22e+01,1.46e+02,1.28e+02,4.20e+01
2.70e+01,1.17e+02,1.28e+02,4.20e+01
8.95e+00,1.40e+02,1.30e+02,4.30e+01
-5.54e+00,5.57e+01,1.30e+02,4.30e+01
2.43e+01,2.30e+02,1.29e+02,4.30e+01
2.33e+01,1.15e+02,1.30e+02,4.30e+01
4.03e+01,1.43e+02,1.28e+02,4.30e+01
-3.49e+00,3.81e+01,1.30e+02,4.30e+01
3.40e+01,2.28e+02,1.29e+02,4.30e+01
4.40e+01,2.47e+02,1.29e+02,4.20e+01
5.95e+01,2.46e+02,1.31e+02,4.30e+01
-7.91e+00,9.06e+01,1.30e+02,4.20e+01
1.87e+01,1.21e+02,1.30e+02,4.30e+01
3.03e+01,2.18e+02,1.30e+02,4.30e+01
1.80e+01,1.90e+02,1.31e+02,4.40e+01
1.64e+01,8.62e+01,1.31e+02,4.30e+01
-7.97e+00,1.09e+02,1.32e+02,4.40e+01
-4.19e+01,7.90e+01,1.30e+02,4.30e+01
4.27e+01,1.63e+02,1.28e+02,4.30e+01
4.38e+00,1.04e+02,1.31e+02,4.30e+01
5.41e+01,2.90e+02,1.29e+02,4.20e+01
-1.62e-01,4.07e+01,1.28e+02,4.30e+01
2.38e+01,1.63e+02,1.30e+02,4.30e+01
4.71e+01,3.00e+02,1.30e+02,4.30e+01
3.34e+00,6.09e+01,1.30e+02,4.20e+01
5.21e+01,1.54e+02,1.31e+02,4.30e+01
1.88e+01,1.46e+02,1.30e+02,4.30e+01
3.44e+01,2.75e+02,1.29e+02,4.30e+01
6.25e+00,4.20e+01,1.29e+02,4.20e+01
-1.87e+01,3.12e+01,1.31e+02,4.40e+01
4.15e+01,2.86e+02,1.30e+02,4.20e+01
2.50e+01,2.66e+02,1.30e+02,4.30e+01
1.68e+01,1.63e+02,1.31e+02,4.30e+01
-1.36e+01,5.69e+01,1.30e+02,4.30e+01
-8.02e+00,1.16e+02,1.28e+02,4.20e+01
7.95e+00,1.27e+02,1.29e+02,4.20e+01
2.70e+01,2.81e+02,1.29e+02,4.20e+01
2.53e+01,1.42e+02,1.29e+02,4.20e+01
1.71e+00,1.36e+02,1.30e+02,4.30e+01
4.91e+01,2.89e+02,1.29e+02,4.20e+01
4.33e+01,1.55e+02,1.28e+02,4.20e+01
6.59e+00,7.46e+01,1.28e+02,4.20e+01
-5.64e+00,5.11e+01,1.30e+02,4.30e+01
2.31e+01,2.34e+02,1.30e+02,4.30e+01
1.57e+01,1.60e+02,1.30e+02,4.30e+01
3.75e+01,1.57e+02,1.29e+02,4.30e+01
3.63e+00,1.48e+02,1.29e+02,4.30e+01
2.87e+01,1.47e+02,1.31e+02,4.30e+01
9.29e+00,7.42e+01,1.30e+02,4.30e+01
1.31e+01,1.31e+02,1.30e+02,4.20e+01
2.50e+00,6.84e+01,1.29e+02,4.30e+01
1.28e+01,1.34e+02,1.30e+02,4.30e+01
-1.39e+01,8.63e+01,1.30e+02,4.30e+01
7.61e+00,1.11e+02,1.30e+02,4.30e+01
2.85e+01,1.64e+02,1.28e+02,4.20e+01
3.99e+01,1.69e+02,1.31e+02,4.30e+01
-2.07e+01,2.67e+01,1.30e+02,4.30e+01
5.95e+01,2.65e+02,1.28e+02,4.20e+01
1.14e+01,1.23e+02,1.31e+02,4.40e+01
7.68e+00,6.16e+01,1.30e+02,4.30e+01
2.49e+00,3.89e+01,1.28e+02,4.20e+01
4.63e-01,5.53e+01,1.28e+02,4.30e+01
3.83e+01,2.84e+02,1.28e+02,4.30e+01
3.44e+01,1.82e+02,1.28e+02,4.20e+01
1.73e+01,2.17e+02,1.31e+02,4.30e+01
4.36e+00,1.42e+02,1.28e+02,4.30e+01
1.47e+01,1.22e+02,1.31e+02,4.30e+01
1.20e+00,5.97e+01,1.32e+02,4.40e+01
-4.79e+00,7.41e+01,1.30e+02,4.40e+01
1.85e+01,8.79e+01,1.28e+02,4.20e+01
1.21e+01,1.51e+02,1.27e+02,4.20e+01
1.07e+01,1.24e+02,1.29e+02,4.40e+01
3.48e+01,2.47e+02,1.31e+02,4.30e+01
-1.88e+01,6.35e+01,1.27e+02,4.20e+01
2.58e+01,1.63e+02,1.31e+02,4.30e+01
3.39e+01,3.02e+02,1.30e+02,4.30e+01
3.28e+01,1.54e+02,1.28e+02,4.20e+01
