2.01e+02,8.30e+02,1.90e+01,1.60e+01
1.14e+02,4.53e+02,1.70e+01,1.70e+01
1.59e+02,6.02e+02,1.70e+01,1.70e+01
1.23e+02,3.57e+02,1.50e+01,1.50e+01
1.28e+02,4.73e+02,1.50e+01,1.50e+01
1.40e+02,5.07e+02,1.90e+01,1.60e+01
8.12e+01,1.78e+02,1.50e+01,1.50e+01
2.07e+02,9.63e+02,1.50e+01,1.50e+01
1.32e+02,4.49e+02,1.50e+01,1.50e+01
1.42e+02,5.06e+02,1.50e+01,1.50e+01
1.78e+02,8.08e+02,1.60e+01,1.50e+01
1.72e+02,7.21e+02,1.50e+01,1.50e+01
1.22e+02,4.41e+02,1.50e+01,1.50e+01
1.91e+02,8.02e+02,1.50e+01,1.50e+01
1.39e+02,4.35e+02,1.90e+01,1.60e+01
1.08e+02,4.43e+02,1.50e+01,1.50e+01
1.36e+02,5.05e+02,1.50e+01,1.50e+01
1.74e+02,6.15e+02,1.90e+01,1.60e+01
1.32e+02,4.50e+02,1.90e+01,1.60e+01
1.67e+02,6.72e+02,1.70e+01,1.50e+01
1.42e+02,5.73e+02,1.70e+01,1.60e+01
1.38e+02,5.38e+02,1.60e+01,1.50e+01
1.17e+02,3.57e+02,1.50e+01,1.50e+01
1.41e+02,6.79e+02,1.60e+01,1.50e+01
1.55e+02,6.78e+02,1.60e+01,1.50e+01
9.00e+01,2.68e+02,1.50e+01,1.50e+01
8.41e+01,2.14e+02,1.60e+01,1.50e+01
2.48e+02,1.14e+03,1.60e+01,1.50e+01
1.19e+02,4.55e+02,1.90e+01,1.60e+01
2.26e+02,9.57e+02,2.00e+01,1.70e+01
1.28e+02,6.21e+02,1.60e+01,1.50e+01
1.13e+02,3.50e+02,1.60e+01,1.60e+01
8.93e+01,2.46e+02,1.50e+01,1.50e+01
1.46e+02,4.84e+02,1.60e+01,1.60e+01
1.65e+02,6.79e+02,1.70e+01,1.60e+01
1.81e+02,6.79e+02,1.50e+01,1.50e+01
1.46e+02,6.03e+02,1.60e+01,1.60e+01
5.66e+01,1.37e+02,1.70e+01,1.70e+01
1.20e+02,4.09e+02,1.50e+01,1.50e+01
1.52e+02,5.67e+02,1.50e+01,1.50e+01
1.39e+02,5.20e+02,1.60e+01,1.50e+01
1.38e+02,3.88e+02,1.80e+01,1.70e+01
5.58e+01,1.13e+02,1.50e+01,1.50e+01
1.54e+02,6.81e+02,1.70e+01,1.70e+01
1.02e+02,2.55e+02,1.50e+01,1.50e+01
9.12e+01,1.72e+02,1.70e+01,1.70e+01
1.24e+02,4.46e+02,1.50e+01,1.50e+01
1.29e+02,5.29e+02,1.50e+01,1.50e+01
7.80e+01,1.40e+02,1.60e+01,1.50e+01
6.51e+01,5.10e+02,1.70e+01,1.70e+01
1.08e+02,3.82e+02,1.50e+01,1.50e+01
1.16e+02,3.83e+02,2.00e+01,1.70e+01
1.65e+02,5.98e+02,1.50e+01,1.50e+01
2.02e+02,8.28e+02,1.50e+01,1.50e+01
1.44e+02,4.72e+02,1.70e+01,1.70e+01
1.29e+02,4.69e+02,1.50e+01,1.50e+01
1.37e+02,4.91e+02,1.60e+01,1.50e+01
1.33e+02,4.70e+02,1.50e+01,1.50e+01
1.42e+02,5.09e+02,1.50e+01,1.50e+01
1.32e+02,4.80e+02,1.60e+01,1.60e+01
1.86e+02,7.81e+02,1.50e+01,1.50e+01
1.69e+02,6.75e+02,1.50e+01,1.50e+01
1.21e+02,3.38e+02,1.50e+01,1.50e+01
1.08e+02,3.45e+02,1.50e+01,1.50e+01
1.28e+02,6.28e+02,1.50e+01,1.50e+01
1.52e+02,5.87e+02,1.50e+01,1.50e+01
1.48e+02,6.22e+02,2.00e+01,1.60e+01
1.26e+02,5.22e+02,1.80e+01,1.80e+01
1.81e+02,7.75e+02,1.70e+01,1.70e+01
3.74e+01,4.19e+02,1.90e+01,1.60e+01
7.20e+01,1.68e+02,1.60e+01,1.50e+01
1.76e+02,8.27e+02,1.50e+01,1.50e+01
1.53e+02,6.25e+02,1.60e+01,1.50e+01
1.03e+02,2.98e+02,2.00e+01,1.70e+01
-5.93e+01,-3.60e+01,1.50e+01,1.50e+01
9.48e+01,2.60e+02,1.90e+01,1.60e+01
1.79e+02,7.53e+02,1.60e+01,1.50e+01
1.11e+02,4.52e+02,1.50e+01,1.50e+01
1.99e+02,8.28e+02,1.50e+01,1.50e+01
1.64e+02,6.59e+02,1.50e+01,1.50e+01
7.19e+01,1.86e+02,1.50e+01,1.50e+01
8.13e+01,3.09e+02,1.50e+01,1.50e+01
9.47e+01,3.24e+02,1.90e+01,1.60e+01
1.65e+02,6.95e+02,1.90e+01,1.60e+01
1.11e+02,3.01e+02,1.60e+01,1.50e+01
1.83e+02,7.79e+02,1.90e+01,1.60e+01
1.61e+02,6.55e+02,1.60e+01,1.50e+01
1.21e+02,5.18e+02,1.50e+01,1.50e+01
9.09e+01,3.18e+02,1.50e+01,1.50e+01
6.32e+01,1.62e+02,1.90e+01,1.60e+01
1.45e+02,5.96e+02,1.50e+01,1.50e+01
1.65e+02,5.93e+02,1.90e+01,1.60e+01
1.70e+02,6.54e+02,1.70e+01,1.70e+01
9.24e+01,2.68e+02,1.70e+01,1.70e+01
9.66e+01,2.44e+02,1.90e+01,1.60e+01
1.79e+02,6.83e+02,2.00e+01,1.60e+01
1.64e+02,6.14e+02,1.60e+01,1.60e+01
-1.93e+01,7.85e+01,1.90e+01,1.60e+01
1.45e+02,6.19e+02,1.60e+01,1.50e+01
1.42e+02,5.76e+02,1.80e+01,1.70e+01
1.58e+02,6.31e+02,1.70e+01,1.70e+01
1.04e+02,4.16e+02,1.60e+01,1.50e+01
7.57e+01,2.39e+02,1.50e+01,1.50e+01
1.65e+02,7.42e+02,1.90e+01,1.60e+01
1.03e+02,3.36e+02,1.70e+01,1.70e+01
1.93e+02,7.54e+02,1.50e+01,1.50e+01
1.43e+02,5.06e+02,1.50e+01,1.50e+01
1.83e+02,7.88e+02,1.60e+01,1.60e+01
1.48e+02,5.98e+02,1.50e+01,1.50e+01
8.16e+01,2.50e+02,1.60e+01,1.50e+01
1.21e+02,4.39e+02,1.50e+01,1.50e+01
1.46e+02,5.67e+02,1.50e+01,1.50e+01
1.38e+02,4.86e+02,1.60e+01,1.50e+01
1.89e+02,7.71e+02,1.50e+01,1.50e+01
1.53e+02,6.13e+02,1.90e+01,1.60e+01
1.00e+02,2.60e+02,1.70e+01,1.70e+01
1.41e+02,5.18e+02,1.70e+01,1.70e+01
1.75e+02,6.49e+02,1.90e+01,1.60e+01
1.89e+02,8.08e+02,1.50e+01,1.50e+01
1.44e+02,6.23e+02,1.70e+01,1.60e+01
1.40e+02,5.06e+02,1.90e+01,1.60e+01
1.24e+02,4.27e+02,1.50e+01,1.50e+01
1.31e+02,2.99e+02,1.50e+01,1.50e+01
1.68e+02,6.41e+02,1.60e+01,1.50e+01
9.63e+01,2.47e+02,1.70e+01,1.70e+01
1.32e+02,4.58e+02,1.60e+01,1.50e+01
1.46e+02,5.85e+02,1.50e+01,1.50e+01
-4.58e+01,-2.50e+01,1.50e+01,1.50e+01
1.92e+02,7.53e+02,1.70e+01,1.70e+01
1.04e+02,2.93e+02,1.70e+01,1.70e+01
8.02e+01,2.19e+02,1.50e+01,1.50e+01
9.35e+01,2.88e+02,1.50e+01,1.50e+01
1.07e+02,3.22e+02,1.50e+01,1.50e+01
5.33e+01,4.92e+02,1.50e+01,1.50e+01
1.54e+02,6.21e+02,1.90e+01,1.60e+01
1.27e+02,4.43e+02,1.90e+01,1.60e+01
8.23e+01,3.04e+02,1.50e+01,1.50e+01
6.83e+01,1.76e+02,1.90e+01,1.60e+01
1.41e+02,4.80e+02,1.70e+01,1.70e+01
2.06e+01,2.64e+02,1.60e+01,1.50e+01
1.94e+02,8.15e+02,1.60e+01,1.60e+01
1.28e+02,4.42e+02,1.50e+01,1.50e+01
1.15e+02,3.76e+02,1.90e+01,1.60e+01
9.62e+01,1.61e+02,1.90e+01,1.60e+01
2.25e+02,9.93e+02,1.50e+01,1.50e+01
1.72e+02,6.65e+02,1.90e+01,1.60e+01
1.66e+02,6.26e+02,1.70e+01,1.50e+01
8.51e+01,2.87e+02,1.50e+01,1.50e+01
1.55e+02,6.24e+02,1.50e+01,1.50e+01
9.03e+01,2.42e+02,1.60e+01,1.50e+01
1.38e+02,4.71e+02,1.70e+01,1.50e+01
1.65e+02,6.92e+02,1.60e+01,1.60e+01
1.59e+02,6.91e+02,1.80e+01,1.80e+01
7.77e+01,3.12e+02,1.90e+01,1.60e+01
1.44e+02,5.29e+02,1.50e+01,1.50e+01
9.15e+01,1.85e+02,1.50e+01,1.50e+01
8.18e+01,1.68e+02,1.60e+01,1.60e+01
1.12e+02,4.39e+02,1.60e+01,1.50e+01
1.53e+02,6.06e+02,1.50e+01,1.50e+01
1.87e+02,7.89e+02,2.00e+01,1.70e+01
1.93e+02,8.04e+02,1.50e+01,1.50e+01
-4.43e+01,-2.72e+01,1.50e+01,1.50e+01
1.31e+02,4.70e+02,1.50e+01,1.50e+01
1.63e+02,7.03e+02,1.60e+01,1.50e+01
1.04e+02,3.02e+02,1.60e+01,1.50e+01
1.75e+02,6.26e+02,1.90e+01,1.60e+01
1.28e+02,5.04e+02,1.90e+01,1.60e+01
1.47e+02,6.35e+02,1.50e+01,1.50e+01
-5.04e+01,-2.52e+01,1.50e+01,1.50e+01
1.40e+02,4.50e+02,1.50e+01,1.50e+01
2.02e+02,7.99e+02,1.50e+01,1.50e+01
8.85e+01,2.91e+02,1.50e+01,1.50e+01
1.65e+02,5.76e+02,1.50e+01,1.50e+01
1.01e+02,3.24e+02,1.60e+01,1.50e+01
1.53e+02,6.06e+02,1.60e+01,1.50e+01
1.59e+02,6.89e+02,1.70e+01,1.50e+01
1.64e+02,6.07e+02,1.60e+01,1.50e+01
5.42e+01,4.99e+02,1.70e+01,1.70e+01
1.48e+02,6.42e+02,1.50e+01,1.50e+01
1.78e+02,7.74e+02,1.50e+01,1.50e+01
1.90e+02,7.97e+02,1.90e+01,1.60e+01
3.06e+01,2.92e+02,1.90e+01,1.60e+01
1.68e+02,8.17e+02,1.90e+01,1.60e+01
-6.14e+01,-4.61e+01,1.50e+01,1.50e+01
1.74e+02,7.85e+02,1.50e+01,1.50e+01
1.20e+02,4.39e+02,1.90e+01,1.60e+01
3.65e+01,9.43e+01,1.60e+01,1.50e+01
1.55e+02,5.05e+02,1.70e+01,1.50e+01
9.72e+01,3.84e+02,1.70e+01,1.70e+01
2.07e+02,9.19e+02,1.50e+01,1.50e+01
1.09e+02,3.53e+02,1.70e+01,1.70e+01
-3.10e+01,8.95e+01,1.60e+01,1.60e+01
5.36e+01,1.42e+02,1.60e+01,1.50e+01
1.15e+02,4.38e+02,1.50e+01,1.50e+01
1.12e+02,3.07e+02,1.70e+01,1.50e+01
1.36e+02,6.16e+02,1.50e+01,1.50e+01
2.16e+02,9.97e+02,1.90e+01,1.60e+01
6.45e+01,1.22e+02,1.90e+01,1.60e+01
1.24e+02,3.96e+02,1.50e+01,1.50e+01
1.47e+02,6.41e+02,1.90e+01,1.60e+01
1.59e+02,6.05e+02,1.50e+01,1.50e+01
1.38e+02,4.67e+02,1.50e+01,1.50e+01
1.18e+02,3.50e+02,1.50e+01,1.50e+01
1.82e+02,7.54e+02,1.50e+01,1.50e+01
9.28e+01,3.04e+02,1.60e+01,1.50e+01
1.56e+02,5.91e+02,1.50e+01,1.50e+01
1.64e+02,6.52e+02,1.90e+01,1.60e+01
1.19e+02,4.59e+02,1.90e+01,1.60e+01
1.09e+02,2.75e+02,1.50e+01,1.50e+01
1.62e+02,6.34e+02,1.50e+01,1.50e+01
2.22e+01,2.49e+02,1.60e+01,1.50e+01
1.25e+02,4.56e+02,1.50e+01,1.50e+01
2.26e+02,9.67e+02,1.90e+01,1.60e+01
1.57e+02,6.31e+02,1.70e+01,1.50e+01
1.83e+02,6.80e+02,2.00e+01,1.70e+01
1.91e+02,8.17e+02,1.60e+01,1.50e+01
4.18e+01,1.42e+02,1.70e+01,1.70e+01
1.85e+02,8.24e+02,1.60e+01,1.50e+01
1.49e+02,6.26e+02,1.60e+01,1.50e+01
9.75e+01,2.79e+02,1.60e+01,1.50e+01
1.46e+02,4.59e+02,1.50e+01,1.50e+01
1.28e+02,4.67e+02,1.90e+01,1.60e+01
7.54e+01,1.33e+02,1.60e+01,1.50e+01
1.30e+02,4.31e+02,1.50e+01,1.50e+01
8.33e+01,2.44e+02,1.50e+01,1.50e+01
9.35e+01,4.39e+02,1.70e+01,1.70e+01
1.53e+02,6.28e+02,1.70e+01,1.70e+01
1.04e+02,3.18e+02,2.00e+01,1.70e+01
7.90e+01,1.40e+02,1.60e+01,1.50e+01
9.28e+01,3.23e+02,1.60e+01,1.50e+01
1.67e+02,6.37e+02,1.70e+01,1.70e+01
1.14e+02,4.96e+02,1.90e+01,1.60e+01
1.45e+02,6.07e+02,1.60e+01,1.50e+01
1.43e+02,6.18e+02,1.90e+01,1.60e+01
1.39e+02,5.65e+02,2.00e+01,1.70e+01
1.91e+02,7.91e+02,1.50e+01,1.50e+01
9.25e+01,4.10e+02,1.70e+01,1.60e+01
1.49e+02,6.27e+02,2.00e+01,1.70e+01
1.78e+02,7.81e+02,1.90e+01,1.60e+01
1.44e+02,4.77e+02,1.50e+01,1.50e+01
1.41e+02,4.51e+02,1.90e+01,1.60e+01
1.99e+02,8.36e+02,1.50e+01,1.50e+01
1.00e+02,3.13e+02,1.50e+01,1.50e+01
1.59e+02,6.57e+02,1.60e+01,1.50e+01
6.60e+01,2.42e+02,1.90e+01,1.60e+01
1.72e+02,8.17e+02,1.90e+01,1.60e+01
1.26e+02,4.17e+02,1.50e+01,1.50e+01
1.21e+02,4.29e+02,1.50e+01,1.50e+01
1.40e+02,5.26e+02,1.50e+01,1.50e+01
4.79e+01,8.74e+01,1.70e+01,1.60e+01
1.89e+02,7.95e+02,1.70e+01,1.70e+01
1.52e+02,6.42e+02,1.50e+01,1.50e+01
-6.15e+01,-3.19e+01,1.70e+01,1.70e+01
1.48e+02,5.33e+02,1.50e+01,1.50e+01
1.21e+02,4.59e+02,1.70e+01,1.60e+01
1.30e+02,6.48e+02,1.70e+01,1.60e+01
1.85e+02,7.78e+02,1.50e+01,1.50e+01
1.28e+02,4.90e+02,1.50e+01,1.50e+01
1.55e+02,6.18e+02,1.50e+01,1.50e+01
7.14e+01,1.30e+02,1.50e+01,1.50e+01
7.36e+01,1.95e+02,1.50e+01,1.50e+01
5.94e+01,1.44e+02,1.50e+01,1.50e+01
7.02e+01,5.40e+02,1.60e+01,1.50e+01
2.01e+02,8.26e+02,1.90e+01,1.60e+01
1.40e+02,5.98e+02,1.50e+01,1.50e+01
2.04e+02,8.33e+02,1.90e+01,1.60e+01
1.01e+02,3.33e+02,1.70e+01,1.70e+01
9.44e+01,1.93e+02,1.90e+01,1.60e+01
9.78e+01,2.68e+02,1.50e+01,1.50e+01
1.02e+02,1.77e+02,1.90e+01,1.60e+01
1.08e+02,2.73e+02,1.50e+01,1.50e+01
9.87e+01,3.59e+02,1.60e+01,1.60e+01
1.40e+02,4.72e+02,1.90e+01,1.60e+01
1.33e+02,4.43e+02,1.50e+01,1.50e+01
9.58e+01,2.47e+02,1.90e+01,1.60e+01
1.49e+02,6.09e+02,1.60e+01,1.60e+01
2.01e+02,7.55e+02,2.00e+01,1.70e+01
1.89e+02,7.90e+02,1.70e+01,1.70e+01
1.62e+02,6.96e+02,1.60e+01,1.50e+01
1.56e+02,6.63e+02,1.50e+01,1.50e+01
1.70e+02,7.72e+02,1.60e+01,1.50e+01
5.45e+01,3.89e+02,1.50e+01,1.50e+01
1.63e+02,6.67e+02,1.50e+01,1.50e+01
1.33e+02,5.28e+02,1.60e+01,1.50e+01
1.03e+02,3.88e+02,1.70e+01,1.60e+01
1.13e+02,3.39e+02,1.60e+01,1.60e+01
1.86e+02,8.62e+02,1.60e+01,1.50e+01
7.09e+01,1.37e+02,1.50e+01,1.50e+01
1.41e+02,4.65e+02,1.70e+01,1.70e+01
7.21e+01,2.37e+02,1.70e+01,1.60e+01
1.59e+02,6.30e+02,1.50e+01,1.50e+01
1.18e+02,3.79e+02,1.60e+01,1.50e+01
1.60e+02,6.09e+02,1.60e+01,1.50e+01
1.88e+02,7.80e+02,1.50e+01,1.50e+01
1.23e+02,4.58e+02,1.90e+01,1.60e+01
1.04e+02,4.43e+02,1.50e+01,1.50e+01
8.81e+01,1.64e+02,1.90e+01,1.60e+01
1.52e+02,5.46e+02,1.90e+01,1.60e+01
1.21e+02,4.76e+02,1.60e+01,1.50e+01
1.29e+02,4.32e+02,1.50e+01,1.50e+01
1.34e+02,4.77e+02,1.60e+01,1.50e+01
1.37e+02,5.20e+02,1.50e+01,1.50e+01
1.78e+02,7.46e+02,2.00e+01,1.60e+01
9.32e+01,4.06e+02,1.70e+01,1.70e+01
1.13e+02,3.70e+02,1.50e+01,1.50e+01
1.26e+02,4.66e+02,1.50e+01,1.50e+01
1.57e+02,6.54e+02,1.60e+01,1.50e+01
1.36e+02,4.79e+02,1.90e+01,1.60e+01
2.15e+02,9.59e+02,1.70e+01,1.70e+01
9.30e+01,2.46e+02,2.00e+01,1.70e+01
1.17e+02,4.92e+02,1.50e+01,1.50e+01
7.81e+01,1.65e+02,1.70e+01,1.50e+01
9.06e+01,2.07e+02,1.50e+01,1.50e+01
1.41e+02,4.87e+02,1.70e+01,1.70e+01
9.43e+01,3.04e+02,1.90e+01,1.60e+01
1.22e+02,4.28e+02,1.90e+01,1.60e+01
3.52e+01,7.08e+01,1.60e+01,1.60e+01
8.58e+01,2.54e+02,1.50e+01,1.50e+01
1.20e+02,4.28e+02,1.50e+01,1.50e+01
1.46e+02,5.93e+02,1.50e+01,1.50e+01
1.83e+02,8.11e+02,1.60e+01,1.50e+01
1.51e+02,6.40e+02,1.50e+01,1.50e+01
9.87e+01,2.97e+02,1.60e+01,1.50e+01
1.22e+02,5.08e+02,1.60e+01,1.50e+01
1.78e+02,7.69e+02,1.50e+01,1.50e+01
1.64e+02,6.76e+02,1.50e+01,1.50e+01
1.09e+02,2.66e+02,1.90e+01,1.60e+01
9.05e+01,2.38e+02,1.50e+01,1.50e+01
1.09e+02,3.86e+02,1.60e+01,1.50e+01
1.36e+02,5.51e+02,1.90e+01,1.60e+01
1.62e+02,6.75e+02,1.70e+01,1.70e+01
1.44e+02,5.82e+02,1.60e+01,1.50e+01
1.27e+02,3.75e+02,1.50e+01,1.50e+01
1.90e+02,7.81e+02,1.70e+01,1.70e+01
1.59e+02,6.68e+02,1.60e+01,1.50e+01
1.73e+02,5.88e+02,1.90e+01,1.60e+01
1.14e+02,3.27e+02,1.50e+01,1.50e+01
7.62e+01,1.66e+02,1.60e+01,1.50e+01
1.99e+02,7.91e+02,1.50e+01,1.50e+01
2.21e+02,9.77e+02,1.90e+01,1.60e+01
9.80e+01,2.13e+02,1.60e+01,1.50e+01
1.18e+02,4.62e+02,1.90e+01,1.60e+01
8.14e+01,1.09e+02,1.90e+01,1.60e+01
9.30e+01,2.61e+02,1.50e+01,1.50e+01
1.63e+02,6.69e+02,1.50e+01,1.50e+01
2.12e+02,9.38e+02,1.50e+01,1.50e+01
1.62e+02,6.75e+02,1.50e+01,1.50e+01
1.20e+02,3.37e+02,1.90e+01,1.60e+01
1.66e+02,6.52e+02,1.50e+01,1.50e+01
1.02e+02,2.77e+02,1.50e+01,1.50e+01
1.55e+02,4.89e+02,1.50e+01,1.50e+01
1.44e+02,4.75e+02,1.50e+01,1.50e+01
1.26e+02,4.90e+02,1.80e+01,1.80e+01
2.23e+02,9.63e+02,1.90e+01,1.60e+01
1.48e+02,4.78e+02,1.60e+01,1.50e+01
8.18e+01,2.31e+02,1.50e+01,1.50e+01
9.65e+01,3.08e+02,1.50e+01,1.50e+01
2.83e+01,2.95e+02,1.50e+01,1.50e+01
7.19e+01,1.27e+02,1.90e+01,1.60e+01
3.81e+01,1.33e+02,1.90e+01,1.60e+01
8.10e+01,1.71e+02,1.60e+01,1.50e+01
9.98e+01,4.38e+02,1.50e+01,1.50e+01
1.61e+02,6.51e+02,1.90e+01,1.60e+01
1.50e+02,6.20e+02,1.60e+01,1.50e+01
9.94e+01,2.70e+02,1.50e+01,1.50e+01
8.99e+01,1.55e+02,1.50e+01,1.50e+01
1.69e+02,6.46e+02,1.60e+01,1.50e+01
1.36e+02,3.92e+02,1.50e+01,1.50e+01
1.79e+02,8.11e+02,1.50e+01,1.50e+01
1.10e+02,2.55e+02,1.80e+01,1.80e+01
1.37e+02,4.86e+02,1.90e+01,1.60e+01
1.36e+02,7.35e+02,1.70e+01,1.60e+01
2.21e+02,9.41e+02,1.50e+01,1.50e+01
1.57e+02,4.89e+02,2.00e+01,1.60e+01
1.37e+02,5.05e+02,1.50e+01,1.50e+01
1.68e+02,6.32e+02,1.90e+01,1.60e+01
7.51e+01,1.18e+02,1.50e+01,1.50e+01
1.50e+02,4.74e+02,1.90e+01,1.60e+01
1.12e+02,3.17e+02,2.00e+01,1.60e+01
1.12e+02,4.07e+02,1.50e+01,1.50e+01
1.01e+02,2.30e+02,1.50e+01,1.50e+01
8.75e+01,2.14e+02,1.50e+01,1.50e+01
1.69e+02,7.56e+02,1.50e+01,1.50e+01
2.22e+02,9.46e+02,1.50e+01,1.50e+01
1.23e+02,4.75e+02,1.50e+01,1.50e+01
1.22e+02,3.60e+02,1.50e+01,1.50e+01
1.18e+02,4.61e+02,1.50e+01,1.50e+01
8.86e+01,3.05e+02,1.70e+01,1.70e+01
1.51e+02,5.99e+02,1.60e+01,1.50e+01
1.03e+02,3.38e+02,1.90e+01,1.60e+01
1.13e+02,4.35e+02,1.50e+01,1.50e+01
1.21e+02,5.11e+02,1.50e+01,1.50e+01
2.73e+01,3.03e+02,1.50e+01,1.50e+01
1.59e+02,6.18e+02,1.50e+01,1.50e+01
1.12e+02,3.83e+02,1.50e+01,1.50e+01
1.34e+02,4.86e+02,1.50e+01,1.50e+01
1.69e+02,8.10e+02,1.60e+01,1.50e+01
1.48e+02,6.43e+02,1.70e+01,1.70e+01
1.81e+02,7.80e+02,1.50e+01,1.50e+01
1.60e+02,6.17e+02,1.50e+01,1.50e+01
6.07e+01,4.20e+02,1.50e+01,1.50e+01
1.67e+02,6.28e+02,1.70e+01,1.70e+01
9.32e+01,2.21e+02,1.90e+01,1.60e+01
1.09e+02,3.85e+02,1.70e+01,1.70e+01
8.53e+01,1.30e+02,1.50e+01,1.50e+01
1.34e+02,4.96e+02,2.00e+01,1.60e+01
1.20e+02,3.65e+02,2.00e+01,1.70e+01
1.64e+02,6.34e+02,1.50e+01,1.50e+01
1.63e+02,6.72e+02,1.60e+01,1.50e+01
1.49e+02,6.00e+02,1.60e+01,1.50e+01
1.47e+02,5.89e+02,1.70e+01,1.60e+01
1.40e+02,5.82e+02,1.90e+01,1.60e+01
9.70e+01,2.47e+02,1.70e+01,1.50e+01
6.80e+01,2.17e+02,1.90e+01,1.60e+01
1.37e+02,5.63e+02,1.50e+01,1.50e+01
1.90e+02,7.14e+02,1.60e+01,1.50e+01
1.22e+02,4.56e+02,1.80e+01,1.70e+01
1.58e+02,6.17e+02,1.60e+01,1.50e+01
3.43e+01,1.58e+02,1.70e+01,1.60e+01
7.72e+01,2.40e+02,1.60e+01,1.50e+01
1.84e+02,8.20e+02,1.50e+01,1.50e+01
1.80e+02,7.90e+02,1.80e+01,1.80e+01
1.02e+02,3.26e+02,1.50e+01,1.50e+01
1.60e+02,6.03e+02,1.70e+01,1.70e+01
7.41e+01,2.52e+02,1.50e+01,1.50e+01
2.12e+01,2.42e+02,1.50e+01,1.50e+01
1.17e+02,4.66e+02,1.70e+01,1.70e+01
1.89e+02,7.50e+02,1.50e+01,1.50e+01
1.35e+02,5.01e+02,1.70e+01,1.70e+01
5.44e+01,1.05e+02,1.50e+01,1.50e+01
1.65e+02,6.33e+02,1.50e+01,1.50e+01
1.00e+02,4.13e+02,2.00e+01,1.60e+01
5.37e+01,1.34e+02,1.50e+01,1.50e+01
1.40e+02,5.63e+02,1.90e+01,1.60e+01
1.03e+02,2.92e+02,1.60e+01,1.60e+01
1.71e+02,7.01e+02,1.60e+01,1.60e+01
1.18e+02,4.33e+02,1.70e+01,1.70e+01
1.07e+02,4.31e+02,1.50e+01,1.50e+01
6.88e+01,1.38e+02,1.90e+01,1.60e+01
9.45e+01,1.80e+02,1.90e+01,1.60e+01
1.73e+02,7.78e+02,1.90e+01,1.60e+01
6.56e+01,9.81e+01,1.70e+01,1.70e+01
1.86e+02,9.61e+02,1.80e+01,1.70e+01
1.85e+02,8.20e+02,1.60e+01,1.50e+01
1.47e+02,6.90e+02,1.70e+01,1.70e+01
1.64e+02,6.35e+02,1.50e+01,1.50e+01
1.31e+02,5.13e+02,1.50e+01,1.50e+01
6.49e+01,1.28e+02,1.50e+01,1.50e+01
1.62e+02,6.33e+02,1.90e+01,1.60e+01
8.85e+01,3.07e+02,1.50e+01,1.50e+01
9.96e+01,3.52e+02,1.50e+01,1.50e+01
9.30e+01,1.83e+02,1.70e+01,1.70e+01
8.88e+01,1.89e+02,1.50e+01,1.50e+01
6.21e+01,1.41e+02,1.50e+01,1.50e+01
9.14e+01,3.42e+02,1.50e+01,1.50e+01
1.52e+02,6.46e+02,1.70e+01,1.70e+01
1.78e+02,7.52e+02,1.50e+01,1.50e+01
8.09e+01,2.92e+02,1.70e+01,1.70e+01
1.21e+02,4.58e+02,1.50e+01,1.50e+01
1.69e+02,6.42e+02,1.70e+01,1.70e+01
1.17e+02,5.16e+02,1.60e+01,1.50e+01
7.73e+01,2.12e+02,1.50e+01,1.50e+01
1.85e+02,6.86e+02,1.90e+01,1.60e+01
1.73e+02,6.18e+02,1.90e+01,1.60e+01
2.11e+02,9.62e+02,1.80e+01,1.80e+01
8.32e+01,2.61e+02,1.50e+01,1.50e+01
1.55e+02,6.48e+02,1.50e+01,1.50e+01
1.18e+02,4.73e+02,1.50e+01,1.50e+01
1.15e+02,3.72e+02,1.90e+01,1.60e+01
1.54e+02,4.45e+02,1.90e+01,1.60e+01
5.58e+01,1.07e+02,1.90e+01,1.60e+01
1.20e+02,4.20e+02,1.50e+01,1.50e+01
1.71e+02,6.20e+02,1.90e+01,1.60e+01
1.05e+02,1.56e+02,1.60e+01,1.50e+01
8.72e+01,2.29e+02,1.50e+01,1.50e+01
1.74e+02,8.00e+02,1.80e+01,1.70e+01
1.44e+02,6.60e+02,1.50e+01,1.50e+01
8.84e+01,2.21e+02,1.60e+01,1.60e+01
1.11e+02,2.10e+02,1.60e+01,1.50e+01
8.12e+01,2.50e+02,1.90e+01,1.60e+01
