7.20e+01,2.39e+02,1.40e+01,2.80e+01
9.37e+01,3.32e+02,1.40e+01,2.70e+01
1.46e+01,1.29e+02,8.00e+00,2.30e+01
4.83e+01,2.27e+02,1.10e+01,2.40e+01
6.68e+01,2.34e+02,9.00e+00,2.30e+01
5.41e+01,2.24e+02,1.10e+01,2.40e+01
6.35e+01,2.36e+02,1.20e+01,2.40e+01
6.98e+01,2.26e+02,1.10e+01,2.40e+01
4.14e+01,2.30e+02,1.20e+01,2.40e+01
3.19e+01,1.44e+02,1.30e+01,2.60e+01
6.32e+01,2.45e+02,1.40e+01,2.90e+01
3.33e+01,2.27e+02,1.00e+01,2.40e+01
7.20e+01,3.32e+02,9.00e+00,2.30e+01
4.94e+01,1.36e+02,1.00e+01,2.40e+01
7.43e+01,2.37e+02,1.20e+01,2.50e+01
7.55e+01,2.38e+02,1.20e+01,2.70e+01
5.81e+01,1.29e+02,1.00e+01,2.50e+01
-7.17e+01,-3.90e+01,1.30e+01,2.50e+01
6.28e+01,2.32e+02,1.20e+01,2.40e+01
3.71e+01,1.25e+02,1.30e+01,2.60e+01
-7.07e+01,-2.82e+01,1.30e+01,2.60e+01
3.84e+01,2.45e+02,1.00e+01,2.40e+01
8.20e+01,3.32e+02,1.20e+01,2.50e+01
6.10e+01,3.32e+02,1.00e+01,2.30e+01
-4.59e+01,-2.74e+01,1.20e+01,2.70e+01
-2.31e+01,9.59e+01,1.10e+01,2.40e+01
8.72e+01,2.33e+02,1.00e+01,2.40e+01
1.72e+01,1.16e+02,1.40e+01,2.60e+01
6.57e+01,2.28e+02,1.50e+01,2.80e+01
3.57e+00,2.23e+02,1.20e+01,2.40e+01
-6.14e+01,-3.14e+01,1.30e+01,2.50e+01
6.78e+01,2.27e+02,1.20e+01,2.40e+01
5.35e+01,2.30e+02,8.00e+00,2.30e+01
8.39e+01,3.32e+02,1.10e+01,2.50e+01
5.35e+01,2.34e+02,1.30e+01,2.40e+01
3.61e+01,1.47e+02,1.10e+01,2.40e+01
4.98e+01,2.34e+02,1.40e+01,2.70e+01
3.24e+01,2.23e+02,1.10e+01,2.60e+01
8.34e+01,3.32e+02,1.40e+01,2.80e+01
6.45e+01,2.33e+02,1.40e+01,2.80e+01
6.19e+01,2.34e+02,1.40e+01,2.80e+01
7.23e+01,3.32e+02,1.10e+01,2.40e+01
4.40e+01,1.61e+02,1.10e+01,2.40e+01
7.18e+01,2.26e+02,1.30e+01,2.50e+01
4.71e+01,2.43e+02,1.40e+01,2.60e+01
4.74e+01,1.26e+02,1.10e+01,2.40e+01
3.04e+01,1.25e+02,1.60e+01,3.00e+01
6.18e+01,2.24e+02,9.00e+00,2.30e+01
6.74e+01,3.32e+02,1.00e+01,2.30e+01
-7.98e+01,-2.65e+01,1.00e+01,2.40e+01
6.26e+01,2.34e+02,1.20e+01,2.50e+01
7.82e+01,2.24e+02,1.40e+01,2.90e+01
-6.25e+01,-3.59e+01,1.20e+01,2.50e+01
7.04e+01,3.32e+02,1.20e+01,2.40e+01
2.60e+01,1.23e+02,1.50e+01,2.90e+01
2.59e+01,1.18e+02,1.40e+01,2.60e+01
1.53e+01,7.25e+01,1.10e+01,2.40e+01
6.76e+01,2.33e+02,1.10e+01,2.50e+01
4.71e+01,2.26e+02,1.20e+01,2.40e+01
-6.53e+01,-8.57e+00,1.30e+01,2.80e+01
2.41e+01,1.28e+02,1.10e+01,2.50e+01
5.59e+01,2.24e+02,1.30e+01,2.50e+01
7.03e+01,2.24e+02,1.40e+01,2.70e+01
4.79e+01,3.32e+02,1.40e+01,2.90e+01
-5.58e+01,-1.43e+01,1.30e+01,2.50e+01
8.20e+01,3.32e+02,1.40e+01,2.70e+01
3.02e+01,2.29e+02,1.20e+01,2.50e+01
2.72e+01,1.19e+02,9.00e+00,2.30e+01
-4.63e+01,-3.94e+01,1.10e+01,2.50e+01
2.07e+01,1.23e+02,1.30e+01,2.50e+01
1.91e+01,1.24e+02,1.30e+01,2.60e+01
-4.43e+01,-1.54e+01,1.30e+01,2.60e+01
-7.70e+01,-2.68e+01,1.00e+01,2.40e+01
5.98e+01,2.46e+02,1.20e+01,2.70e+01
7.28e+01,2.23e+02,1.40e+01,2.90e+01
7.34e+01,2.40e+02,1.50e+01,2.80e+01
5.87e+01,3.32e+02,9.00e+00,2.30e+01
7.20e+01,3.32e+02,1.00e+01,2.40e+01
-4.48e+01,-1.96e+01,1.10e+01,2.50e+01
6.83e+01,2.29e+02,1.40e+01,2.80e+01
8.06e+01,3.32e+02,1.50e+01,2.80e+01
7.39e+01,2.23e+02,9.00e+00,2.30e+01
3.44e+01,1.41e+02,1.20e+01,2.50e+01
3.93e+01,1.34e+02,1.30e+01,2.60e+01
7.82e+01,2.35e+02,1.10e+01,2.40e+01
5.42e+01,2.41e+02,1.20e+01,2.60e+01
9.50e+01,3.32e+02,1.20e+01,2.50e+01
2.59e+01,1.16e+02,9.00e+00,2.30e+01
3.88e+01,1.47e+02,1.30e+01,2.50e+01
1.04e+02,3.32e+02,1.30e+01,2.50e+01
5.12e+01,2.26e+02,9.00e+00,2.30e+01
7.34e+01,2.35e+02,1.50e+01,2.90e+01
6.30e+01,3.32e+02,1.20e+01,2.50e+01
7.54e+01,2.25e+02,1.50e+01,2.70e+01
4.72e+01,1.33e+02,1.30e+01,2.40e+01
-4.40e+01,-2.71e+01,1.30e+01,2.50e+01
8.96e+01,3.32e+02,1.20e+01,2.40e+01
2.50e+01,1.31e+02,1.10e+01,2.40e+01
3.86e+01,2.25e+02,1.10e+01,2.40e+01
8.58e+01,3.32e+02,1.10e+01,2.40e+01
9.12e+00,9.96e+01,1.00e+01,2.40e+01
7.13e+00,9.59e+01,9.00e+00,2.30e+01
-7.30e+01,0.00e+00,1.50e+01,2.80e+01
1.28e+01,9.63e+01,1.30e+01,2.50e+01
6.13e+01,2.55e+02,9.00e+00,2.30e+01
6.41e+01,3.32e+02,8.00e+00,2.30e+01
4.19e+01,2.28e+02,1.20e+01,2.50e+01
6.22e+01,2.32e+02,1.10e+01,2.40e+01
3.72e+01,2.31e+02,1.00e+01,2.40e+01
4.86e+01,2.23e+02,1.10e+01,2.40e+01
7.45e+01,2.25e+02,1.10e+01,2.50e+01
8.93e+00,1.28e+02,1.10e+01,2.60e+01
-3.46e+01,2.97e+01,1.40e+01,2.70e+01
3.57e+01,2.22e+02,1.40e+01,2.80e+01
4.99e+01,1.44e+02,1.30e+01,2.80e+01
6.63e+01,1.25e+02,1.20e+01,2.50e+01
1.95e+01,1.35e+02,1.00e+01,2.40e+01
2.45e+01,1.17e+02,1.10e+01,2.50e+01
8.76e+01,2.25e+02,1.00e+01,2.50e+01
-4.52e+00,1.42e+02,9.00e+00,2.30e+01
-4.57e+01,0.00e+00,1.20e+01,2.40e+01
5.27e+01,2.24e+02,1.20e+01,2.50e+01
7.35e+01,2.37e+02,1.10e+01,2.50e+01
3.37e+01,1.31e+02,1.20e+01,2.40e+01
2.21e+01,1.39e+02,1.20e+01,2.50e+01
2.25e+01,1.26e+02,1.40e+01,2.90e+01
4.74e+01,2.31e+02,1.50e+01,2.80e+01
4.48e+01,1.43e+02,1.10e+01,2.40e+01
