-2.45e+01,1.23e+01,1.50e+01,1.20e+01
-5.96e+01,1.58e+00,1.10e+01,1.20e+01
-2.55e+01,5.90e+01,1.20e+01,1.20e+01
-4.36e+01,-2.16e+01,9.00e+00,1.20e+01
-3.91e+00,8.05e+01,1.40e+01,1.20e+01
-3.47e+00,5.23e+01,1.90e+01,1.20e+01
2.58e+00,5.39e+01,1.40e+01,1.20e+01
-5.09e+01,-9.78e+00,1.20e+01,1.20e+01
-1.28e+01,7.02e+01,1.20e+01,1.20e+01
-3.59e+01,1.64e+02,1.30e+01,1.20e+01
-1.23e+01,5.52e+01,1.40e+01,1.20e+01
3.07e+00,1.14e+02,1.10e+01,1.20e+01
3.75e+00,4.02e+01,1.20e+01,1.20e+01
-2.94e+00,5.33e+01,1.60e+01,1.20e+01
7.43e+00,9.90e+01,1.30e+01,1.20e+01
-3.04e+01,5.08e+00,1.40e+01,1.20e+01
-2.87e+01,5.77e+01,1.40e+01,1.20e+01
-6.05e+00,5.49e+01,1.70e+01,1.20e+01
-9.29e+00,5.75e+01,1.00e+01,1.20e+01
2.34e+00,5.35e+01,1.20e+01,1.20e+01
-2.38e+01,4.20e+01,1.30e+01,1.20e+01
1.61e+01,5.83e+01,1.20e+01,1.20e+01
-7.42e+00,8.48e+01,1.20e+01,1.20e+01
4.78e+00,7.88e+01,1.30e+01,1.20e+01
-3.55e+01,3.87e+01,1.10e+01,1.20e+01
-5.50e+00,6.95e+01,1.70e+01,1.20e+01
-8.06e-01,8.87e+01,1.20e+01,1.20e+01
-2.67e+01,-4.00e+00,1.30e+01,1.20e+01
-2.15e+01,1.18e+02,1.20e+01,1.20e+01
1.18e+01,1.18e+02,1.10e+01,1.20e+01
-1.91e+01,3.35e+01,1.30e+01,1.20e+01
-2.34e+01,3.00e+01,1.30e+01,1.20e+01
1.00e+01,7.15e+01,1.30e+01,1.20e+01
1.58e+01,6.07e+01,1.60e+01,1.20e+01
-3.36e+01,1.48e+01,1.20e+01,1.20e+01
-1.24e+01,3.36e+01,1.50e+01,1.20e+01
-1.64e-02,6.24e+01,1.20e+01,1.20e+01
-3.31e+01,3.35e+01,1.30e+01,1.20e+01
-6.43e+00,5.01e+01,1.60e+01,1.20e+01
7.03e+00,5.06e+01,1.40e+01,1.20e+01
-9.71e+00,5.77e+01,1.30e+01,1.20e+01
2.65e+01,8.65e+01,1.40e+01,1.20e+01
-1.19e+00,7.60e+01,1.30e+01,1.20e+01
-3.08e+01,5.77e+01,1.20e+01,1.20e+01
-4.96e+00,5.67e+01,1.40e+01,1.20e+01
1.09e+01,6.20e+01,1.30e+01,1.20e+01
2.65e+00,5.61e+01,1.20e+01,1.20e+01
-9.28e+00,3.76e+01,1.30e+01,1.20e+01
6.79e+00,3.80e+01,1.40e+01,1.20e+01
-2.11e+01,6.21e+00,1.50e+01,1.20e+01
-7.93e+00,9.23e+01,1.30e+01,1.20e+01
3.58e+00,6.32e+01,1.60e+01,1.20e+01
1.77e+01,8.56e+01,1.40e+01,1.20e+01
2.74e+01,1.88e+02,1.20e+01,1.20e+01
-3.72e+01,1.57e+01,9.00e+00,1.20e+01
3.53e+00,7.72e+01,1.60e+01,1.20e+01
2.88e-01,8.61e+01,1.20e+01,1.20e+01
2.92e+00,4.70e+01,1.40e+01,1.20e+01
-2.46e+01,4.10e+01,9.00e+00,1.20e+01
-4.56e+01,6.20e+01,1.30e+01,1.20e+01
1.49e+01,8.19e+01,1.30e+01,1.20e+01
-1.27e+01,8.36e+01,1.00e+01,1.20e+01
-2.61e+01,2.47e+01,1.30e+01,1.20e+01
-3.00e+01,1.93e+01,1.40e+01,1.20e+01
-1.69e+01,6.58e+01,1.50e+01,1.20e+01
-1.42e+01,5.66e+01,1.00e+01,1.20e+01
-2.75e+01,4.82e+01,1.20e+01,1.20e+01
9.22e+00,5.67e+01,1.40e+01,1.20e+01
7.85e+00,8.37e+01,1.10e+01,1.20e+01
-8.88e-01,6.38e+01,1.40e+01,1.20e+01
-6.72e+01,-2.29e+01,8.00e+00,1.20e+01
-5.69e+00,5.23e+01,1.50e+01,1.20e+01
-5.75e-01,4.37e+01,1.20e+01,1.20e+01
6.35e+00,5.92e+01,1.40e+01,1.20e+01
1.62e+00,5.22e+01,1.70e+01,1.20e+01
-2.40e+01,4.19e+01,9.00e+00,1.20e+01
-3.07e+01,4.03e+01,1.20e+01,1.20e+01
-1.41e+01,6.08e+01,1.50e+01,1.20e+01
-1.41e+01,1.23e+02,1.10e+01,1.20e+01
-1.68e+01,1.76e+02,9.00e+00,1.20e+01
-6.15e+00,4.66e+01,1.50e+01,1.20e+01
-3.50e+01,4.23e+01,1.20e+01,1.20e+01
-3.39e+01,9.32e+00,1.50e+01,1.20e+01
-2.14e+00,7.13e+01,1.50e+01,1.20e+01
-2.69e+01,5.13e+01,1.40e+01,1.20e+01
-9.06e+00,3.33e+01,1.20e+01,1.20e+01
-1.28e+01,8.99e+01,1.40e+01,1.20e+01
-1.27e+01,3.92e+01,1.20e+01,1.20e+01
1.30e+01,9.74e+01,1.70e+01,1.20e+01
-1.29e+01,7.32e+01,1.30e+01,1.20e+01
2.18e+01,8.25e+01,1.20e+01,1.20e+01
3.60e+01,1.06e+02,1.50e+01,1.20e+01
-3.08e+00,6.36e+01,1.50e+01,1.20e+01
8.13e+00,4.94e+01,1.40e+01,1.20e+01
-7.19e+00,2.75e+01,1.20e+01,1.20e+01
2.08e+01,8.95e+01,1.90e+01,1.20e+01
-5.76e-01,8.19e+01,1.60e+01,1.20e+01
-1.75e+01,3.99e+01,1.10e+01,1.20e+01
1.01e+01,9.41e+01,1.10e+01,1.20e+01
2.52e+00,7.28e+01,1.50e+01,1.20e+01
-1.68e+01,4.27e+01,1.30e+01,1.20e+01
1.64e+01,9.79e+01,1.40e+01,1.20e+01
-8.82e+00,7.03e+01,1.20e+01,1.20e+01
-1.92e+01,4.16e+01,1.00e+01,1.20e+01
-1.06e+01,7.16e+01,1.40e+01,1.20e+01
2.44e+00,1.08e+02,1.30e+01,1.20e+01
1.43e+01,6.76e+01,1.50e+01,1.20e+01
1.46e+01,7.31e+01,1.40e+01,1.20e+01
-2.10e+01,5.02e+01,1.30e+01,1.20e+01
-7.26e+00,6.89e+01,1.10e+01,1.20e+01
-2.67e+01,1.97e+01,9.00e+00,1.20e+01
-6.80e+00,4.88e+01,1.40e+01,1.20e+01
-3.05e+01,6.76e+01,1.20e+01,1.20e+01
-1.21e+01,1.26e+02,1.30e+01,1.20e+01
-2.36e+01,6.32e+01,1.20e+01,1.20e+01
-1.35e+00,4.54e+01,1.80e+01,1.20e+01
5.21e+00,1.02e+02,1.30e+01,1.20e+01
-1.33e+01,3.87e+01,1.50e+01,1.20e+01
-1.03e+01,7.56e+01,1.30e+01,1.20e+01
-2.51e+01,1.67e+01,1.20e+01,1.20e+01
-5.02e+01,-2.40e+01,9.00e+00,1.20e+01
-5.57e-01,8.42e+01,1.10e+01,1.20e+01
-1.35e+01,2.56e+01,9.00e+00,1.20e+01
-3.45e+00,7.41e+01,1.00e+01,1.20e+01
1.17e+01,5.29e+01,1.20e+01,1.20e+01
-1.98e+01,4.95e+01,1.50e+01,1.20e+01
-1.37e+01,6.90e+01,1.40e+01,1.20e+01
1.40e+01,1.23e+02,1.30e+01,1.20e+01
