-1.02e+02,-8.42e+01,3.80e+01,2.00e+01
-1.00e+02,-8.35e+01,4.00e+01,2.10e+01
-9.86e+01,-7.93e+01,3.80e+01,2.00e+01
-1.01e+02,-8.09e+01,4.10e+01,2.00e+01
-1.03e+02,-8.27e+01,3.90e+01,2.10e+01
-1.01e+02,-7.61e+01,3.80e+01,2.00e+01
-1.00e+02,-8.24e+01,4.10e+01,2.10e+01
-1.02e+02,-7.69e+01,3.90e+01,2.00e+01
-1.01e+02,-8.44e+01,4.00e+01,2.00e+01
-1.04e+02,-8.69e+01,3.80e+01,2.00e+01
-9.97e+01,-8.40e+01,4.30e+01,2.30e+01
-9.58e+01,-7.60e+01,3.90e+01,2.00e+01
-9.99e+01,-8.01e+01,4.10e+01,2.00e+01
-9.90e+01,-7.94e+01,3.80e+01,2.00e+01
-9.91e+01,-7.55e+01,4.30e+01,2.30e+01
-1.01e+02,-8.26e+01,3.90e+01,2.10e+01
-1.01e+02,-8.02e+01,3.80e+01,2.00e+01
-9.98e+01,-7.90e+01,4.40e+01,2.20e+01
-9.95e+01,-7.68e+01,3.90e+01,2.00e+01
-1.02e+02,-8.27e+01,4.30e+01,2.20e+01
-1.00e+02,-8.74e+01,3.80e+01,2.00e+01
-1.02e+02,-8.60e+01,4.40e+01,2.30e+01
-9.94e+01,-8.13e+01,3.90e+01,2.10e+01
-1.01e+02,-8.39e+01,4.10e+01,2.00e+01
-1.00e+02,-8.37e+01,4.20e+01,2.20e+01
-9.92e+01,-8.21e+01,3.80e+01,2.00e+01
-1.04e+02,-8.75e+01,4.40e+01,2.20e+01
-1.00e+02,-8.09e+01,3.90e+01,2.00e+01
-1.04e+02,-9.00e+01,4.20e+01,2.20e+01
-1.03e+02,-9.32e+01,4.30e+01,2.00e+01
-9.83e+01,-7.95e+01,3.90e+01,2.00e+01
-9.85e+01,-7.98e+01,4.00e+01,2.10e+01
-1.02e+02,-8.73e+01,4.10e+01,2.10e+01
-1.04e+02,-8.75e+01,4.00e+01,2.10e+01
-1.00e+02,-8.24e+01,4.00e+01,2.00e+01
-9.82e+01,-7.21e+01,4.50e+01,2.30e+01
-9.99e+01,-8.15e+01,4.00e+01,2.10e+01
-1.47e+02,-9.33e+01,3.90e+01,2.10e+01
-9.74e+01,-7.63e+01,3.80e+01,2.00e+01
-1.02e+02,-8.26e+01,4.00e+01,2.10e+01
-9.90e+01,-7.68e+01,3.90e+01,2.00e+01
-1.00e+02,-8.24e+01,4.50e+01,2.40e+01
-9.97e+01,-8.41e+01,4.00e+01,2.10e+01
-9.96e+01,-8.14e+01,4.20e+01,2.10e+01
-9.74e+01,-7.86e+01,3.90e+01,2.00e+01
-1.06e+02,-9.35e+01,4.00e+01,2.10e+01
-1.03e+02,-7.73e+01,3.90e+01,2.00e+01
-1.02e+02,-8.36e+01,4.10e+01,2.10e+01
-9.92e+01,-8.10e+01,3.90e+01,2.00e+01
-1.01e+02,-8.78e+01,4.50e+01,2.40e+01
-1.00e+02,-8.58e+01,3.80e+01,2.00e+01
-1.05e+02,-8.59e+01,4.10e+01,2.00e+01
-1.01e+02,-8.42e+01,4.20e+01,2.10e+01
-1.19e+02,-1.03e+02,4.00e+01,2.00e+01
-1.01e+02,-8.34e+01,4.10e+01,2.00e+01
-1.05e+02,-8.51e+01,4.20e+01,2.10e+01
-1.01e+02,-8.78e+01,4.00e+01,2.00e+01
-1.32e+02,-8.40e+01,4.20e+01,2.20e+01
-9.97e+01,-7.55e+01,4.10e+01,2.00e+01
-9.89e+01,-7.20e+01,4.10e+01,2.00e+01
-1.04e+02,-8.26e+01,3.80e+01,2.00e+01
-9.88e+01,-7.17e+01,3.90e+01,2.00e+01
-1.22e+02,-7.39e+01,4.10e+01,2.00e+01
-1.02e+02,-8.42e+01,4.20e+01,2.10e+01
-1.01e+02,-8.08e+01,3.90e+01,2.00e+01
-1.02e+02,-8.04e+01,4.40e+01,2.40e+01
-1.05e+02,-8.67e+01,4.10e+01,2.00e+01
-9.98e+01,-8.02e+01,4.30e+01,2.30e+01
-1.30e+02,-8.40e+01,3.80e+01,2.00e+01
-1.01e+02,-8.52e+01,3.90e+01,2.00e+01
-1.57e+02,-1.01e+02,3.90e+01,2.00e+01
-1.01e+02,-7.52e+01,3.90e+01,2.00e+01
-9.91e+01,-8.07e+01,4.10e+01,2.10e+01
-1.08e+02,-8.81e+01,3.90e+01,2.00e+01
-9.97e+01,-8.61e+01,4.30e+01,2.20e+01
-9.93e+01,-7.97e+01,4.10e+01,2.10e+01
-1.01e+02,-7.97e+01,4.20e+01,2.00e+01
-1.02e+02,-7.98e+01,3.80e+01,2.00e+01
-1.00e+02,-8.32e+01,3.90e+01,2.00e+01
-9.90e+01,-8.35e+01,3.90e+01,2.10e+01
-1.11e+02,-9.21e+01,3.90e+01,2.10e+01
-1.00e+02,-8.00e+01,4.30e+01,2.10e+01
-9.95e+01,-8.37e+01,4.20e+01,2.10e+01
-1.01e+02,-8.22e+01,4.10e+01,2.00e+01
-1.09e+02,-8.78e+01,4.10e+01,2.00e+01
-1.00e+02,-8.57e+01,3.90e+01,2.00e+01
-1.05e+02,-9.01e+01,3.90e+01,2.00e+01
-9.89e+01,-8.17e+01,3.90e+01,2.00e+01
-9.63e+01,-7.30e+01,4.00e+01,2.10e+01
-1.02e+02,-9.06e+01,4.20e+01,2.10e+01
-1.00e+02,-8.16e+01,4.00e+01,2.10e+01
-1.01e+02,-8.64e+01,4.10e+01,2.00e+01
-1.01e+02,-8.27e+01,4.20e+01,2.10e+01
-1.03e+02,-8.56e+01,4.10e+01,2.10e+01
-1.04e+02,-9.30e+01,3.80e+01,2.00e+01
-1.10e+02,-9.11e+01,4.30e+01,2.30e+01
-1.11e+02,-8.57e+01,4.00e+01,2.10e+01
-1.12e+02,-8.95e+01,3.90e+01,2.00e+01
-9.77e+01,-7.19e+01,4.00e+01,2.10e+01
-1.03e+02,-8.31e+01,3.90e+01,2.00e+01
-1.02e+02,-8.57e+01,4.00e+01,2.00e+01
-1.01e+02,-8.11e+01,3.90e+01,2.00e+01
-1.96e+02,-1.95e+02,4.10e+01,2.00e+01
-1.08e+02,-9.40e+01,3.80e+01,2.00e+01
-1.17e+02,-8.12e+01,4.10e+01,2.10e+01
-1.27e+02,-8.51e+01,3.80e+01,2.00e+01
-1.03e+02,-8.32e+01,4.00e+01,2.10e+01
-1.01e+02,-8.86e+01,3.80e+01,2.00e+01
-1.10e+02,-9.23e+01,4.00e+01,2.00e+01
-9.94e+01,-8.27e+01,4.10e+01,2.10e+01
-1.02e+02,-7.72e+01,3.80e+01,2.00e+01
-1.03e+02,-9.06e+01,4.10e+01,2.20e+01
-1.00e+02,-8.60e+01,4.00e+01,2.10e+01
-1.01e+02,-8.45e+01,3.80e+01,2.00e+01
-1.04e+02,-7.72e+01,4.10e+01,2.20e+01
-1.10e+02,-8.24e+01,4.30e+01,2.10e+01
-1.02e+02,-7.26e+01,4.00e+01,2.10e+01
-1.01e+02,-8.56e+01,4.40e+01,2.30e+01
-1.28e+02,-8.57e+01,3.80e+01,2.00e+01
-1.61e+02,-9.49e+01,3.90e+01,2.00e+01
-1.00e+02,-8.02e+01,3.90e+01,2.10e+01
-1.00e+02,-8.43e+01,4.30e+01,2.20e+01
-1.01e+02,-8.20e+01,4.00e+01,2.10e+01
-1.56e+02,-8.99e+01,3.90e+01,2.10e+01
-9.87e+01,-7.89e+01,4.00e+01,2.00e+01
-1.00e+02,-8.29e+01,4.40e+01,2.30e+01
-1.01e+02,-8.49e+01,3.90e+01,2.10e+01
-1.05e+02,-7.97e+01,4.00e+01,2.10e+01
-9.79e+01,-7.76e+01,4.50e+01,2.40e+01
-1.00e+02,-7.66e+01,4.20e+01,2.00e+01
-1.00e+02,-7.63e+01,4.10e+01,2.10e+01
-1.02e+02,-8.01e+01,4.10e+01,2.00e+01
-1.03e+02,-8.80e+01,4.40e+01,2.30e+01
-1.01e+02,-7.82e+01,4.00e+01,2.10e+01
-9.81e+01,-8.05e+01,3.90e+01,2.00e+01
-1.03e+02,-8.29e+01,4.00e+01,2.10e+01
-1.07e+02,-8.60e+01,4.30e+01,2.10e+01
-9.80e+01,-7.43e+01,4.10e+01,2.10e+01
-1.52e+02,-8.89e+01,3.90e+01,2.10e+01
-1.13e+02,-8.92e+01,3.90e+01,2.10e+01
-1.00e+02,-8.66e+01,3.90e+01,2.00e+01
-1.02e+02,-8.32e+01,4.10e+01,2.00e+01
-1.00e+02,-7.51e+01,4.00e+01,2.10e+01
-9.48e+01,-7.16e+01,3.90e+01,2.00e+01
-1.11e+02,-9.06e+01,3.80e+01,2.00e+01
-9.99e+01,-8.56e+01,4.30e+01,2.30e+01
-1.08e+02,-8.75e+01,4.40e+01,2.30e+01
-1.01e+02,-8.05e+01,3.90e+01,2.10e+01
-1.10e+02,-9.54e+01,4.30e+01,2.20e+01
-1.00e+02,-8.09e+01,3.90e+01,2.00e+01
-1.01e+02,-8.83e+01,4.10e+01,2.20e+01
-1.01e+02,-8.95e+01,3.90e+01,2.00e+01
-1.10e+02,-9.25e+01,3.80e+01,2.00e+01
-1.02e+02,-8.11e+01,4.30e+01,2.10e+01
-1.01e+02,-8.19e+01,3.80e+01,2.00e+01
-1.03e+02,-8.53e+01,4.00e+01,2.10e+01
-9.92e+01,-7.91e+01,4.10e+01,2.00e+01
-9.90e+01,-8.06e+01,4.00e+01,2.10e+01
-1.03e+02,-8.90e+01,4.20e+01,2.00e+01
-1.01e+02,-7.90e+01,4.00e+01,2.10e+01
-1.03e+02,-7.62e+01,4.20e+01,2.10e+01
-1.01e+02,-8.29e+01,4.30e+01,2.30e+01
-9.91e+01,-7.91e+01,3.90e+01,2.00e+01
-1.47e+02,-9.46e+01,4.00e+01,2.10e+01
-1.02e+02,-7.58e+01,4.10e+01,2.00e+01
-1.02e+02,-7.60e+01,4.40e+01,2.40e+01
-1.00e+02,-8.75e+01,4.10e+01,2.00e+01
-1.00e+02,-7.86e+01,3.80e+01,2.00e+01
-9.92e+01,-7.35e+01,3.90e+01,2.00e+01
-1.11e+02,-8.49e+01,3.90e+01,2.00e+01
-1.00e+02,-8.39e+01,3.90e+01,2.00e+01
-9.94e+01,-8.10e+01,4.10e+01,2.10e+01
-1.03e+02,-8.75e+01,4.30e+01,2.30e+01
-1.10e+02,-9.25e+01,3.90e+01,2.10e+01
-1.00e+02,-8.03e+01,4.00e+01,2.10e+01
-9.78e+01,-7.57e+01,4.30e+01,2.30e+01
-1.04e+02,-7.99e+01,3.90e+01,2.00e+01
-1.03e+02,-8.57e+01,3.80e+01,2.00e+01
-9.88e+01,-8.35e+01,3.90e+01,2.00e+01
-9.81e+01,-7.71e+01,4.50e+01,2.20e+01
-1.00e+02,-8.32e+01,3.90e+01,2.00e+01
-1.02e+02,-8.49e+01,4.40e+01,2.30e+01
-1.55e+02,-7.86e+01,4.00e+01,2.10e+01
-9.88e+01,-7.96e+01,3.90e+01,2.00e+01
-1.02e+02,-8.37e+01,4.00e+01,2.10e+01
-1.00e+02,-8.58e+01,4.10e+01,2.20e+01
-1.64e+02,-8.81e+01,3.90e+01,2.00e+01
-1.05e+02,-8.92e+01,3.90e+01,2.00e+01
-1.04e+02,-9.14e+01,4.10e+01,2.10e+01
-9.92e+01,-8.14e+01,4.40e+01,2.30e+01
-1.59e+02,-9.22e+01,3.90e+01,2.00e+01
-1.50e+02,-8.06e+01,3.90e+01,2.10e+01
