5.07e+01,1.51e+02,7.10e+01,2.40e+01
-3.52e+01,0.00e+00,6.90e+01,2.40e+01
-3.47e+01,0.00e+00,6.50e+01,2.40e+01
-3.12e+01,1.15e+00,6.90e+01,2.40e+01
-4.49e+01,-1.99e+01,7.10e+01,2.40e+01
-2.13e+01,6.89e+00,6.90e+01,2.40e+01
4.24e+01,9.09e+01,6.40e+01,2.40e+01
1.91e+01,6.94e+01,7.30e+01,2.40e+01
-3.42e+01,0.00e+00,7.60e+01,2.40e+01
-2.05e+01,-6.47e-13,6.30e+01,2.40e+01
-2.27e+01,0.00e+00,6.70e+01,2.40e+01
4.16e+01,7.51e+01,6.20e+01,2.40e+01
-3.95e+01,7.60e+00,6.40e+01,2.40e+01
-2.22e+01,1.64e+01,7.20e+01,2.40e+01
5.73e+01,1.32e+02,6.50e+01,2.40e+01
4.85e+01,1.37e+02,6.40e+01,2.40e+01
-6.54e+01,-3.06e+01,6.80e+01,2.40e+01
-9.13e+00,1.35e+01,6.70e+01,2.40e+01
-5.91e+00,1.78e+01,6.20e+01,2.40e+01
-3.94e+01,0.00e+00,7.50e+01,2.40e+01
-3.20e+01,4.20e+01,6.10e+01,2.40e+01
6.05e+01,1.31e+02,6.50e+01,2.40e+01
3.30e+01,5.44e+01,6.90e+01,2.40e+01
-1.33e+00,3.46e+01,6.70e+01,2.40e+01
4.02e+01,9.84e+01,7.10e+01,2.40e+01
3.18e+01,1.17e+02,6.40e+01,2.40e+01
-5.72e+01,0.00e+00,6.90e+01,2.40e+01
-8.76e+00,3.43e+01,7.20e+01,2.40e+01
7.61e+01,1.71e+02,6.10e+01,2.40e+01
-3.03e+01,-5.81e+00,7.50e+01,2.40e+01
2.76e+01,6.79e+01,6.50e+01,2.40e+01
1.55e+01,7.45e+01,6.70e+01,2.40e+01
-2.38e+01,1.01e+01,6.40e+01,2.40e+01
3.77e+01,8.78e+01,6.60e+01,2.40e+01
-4.57e+01,-4.38e+00,6.80e+01,2.40e+01
-5.24e+00,1.33e+01,7.80e+01,2.40e+01
6.57e+01,1.50e+02,7.10e+01,2.40e+01
1.93e+01,9.12e+01,6.30e+01,2.40e+01
-5.13e+01,-2.05e+01,6.80e+01,2.40e+01
-3.52e+01,3.67e+01,6.90e+01,2.40e+01
-4.68e+01,-2.21e+01,7.40e+01,2.40e+01
-3.40e+01,0.00e+00,7.40e+01,2.40e+01
3.40e+01,5.42e+01,7.90e+01,2.40e+01
2.85e+01,7.22e+01,6.60e+01,2.40e+01
-3.98e+00,1.58e+01,6.70e+01,2.40e+01
5.29e+01,1.23e+02,6.80e+01,2.40e+01
-5.67e+01,-2.84e+01,8.50e+01,2.40e+01
-1.22e+01,5.75e+01,6.70e+01,2.40e+01
-3.64e+01,-9.92e+00,6.40e+01,2.40e+01
4.98e+01,1.18e+02,7.00e+01,2.40e+01
4.02e+01,1.03e+02,6.60e+01,2.40e+01
4.13e+01,1.10e+02,6.40e+01,2.40e+01
2.59e+01,6.27e+01,6.20e+01,2.40e+01
-2.74e+01,3.72e+00,8.50e+01,2.40e+01
4.90e+01,8.13e+01,6.90e+01,2.40e+01
-4.43e+01,0.00e+00,6.70e+01,2.40e+01
-5.02e+01,-9.65e+00,6.40e+01,2.40e+01
-4.50e+01,0.00e+00,6.60e+01,2.40e+01
-1.28e+01,0.00e+00,7.00e+01,2.40e+01
5.01e+01,6.63e+01,6.40e+01,2.40e+01
1.36e+01,3.05e+01,6.50e+01,2.40e+01
-7.87e+00,8.77e+00,6.80e+01,2.40e+01
-3.65e+01,-6.50e+00,6.10e+01,2.40e+01
2.80e+01,4.73e+01,7.30e+01,2.40e+01
-5.04e+01,1.46e+01,6.40e+01,2.40e+01
3.70e+01,7.09e+01,7.30e+01,2.40e+01
2.01e+01,5.28e+01,5.90e+01,2.40e+01
3.82e+01,1.22e+02,6.20e+01,2.40e+01
-1.48e+01,1.43e+01,7.10e+01,2.40e+01
-4.89e+01,-1.17e+01,6.90e+01,2.40e+01
2.36e+01,7.68e+01,7.50e+01,2.40e+01
-2.75e+01,7.10e+00,6.00e+01,2.40e+01
-7.18e+00,1.89e+01,6.80e+01,2.40e+01
-4.56e+01,-1.25e+01,6.70e+01,2.40e+01
-1.23e+01,1.55e+01,7.30e+01,2.40e+01
-3.75e-01,4.53e+01,7.60e+01,2.40e+01
1.45e+01,8.85e+01,6.90e+01,2.40e+01
6.40e+01,8.42e+01,7.10e+01,2.40e+01
-2.84e+01,-6.54e+00,6.20e+01,2.40e+01
2.08e+01,3.65e+01,6.20e+01,2.40e+01
4.13e+01,8.08e+01,5.90e+01,2.40e+01
-1.12e+01,6.13e+01,6.80e+01,2.40e+01
6.55e+01,1.25e+02,7.20e+01,2.40e+01
1.14e+01,5.10e+01,6.50e+01,2.40e+01
5.61e+01,1.40e+02,7.20e+01,2.40e+01
4.37e+01,1.12e+02,7.20e+01,2.40e+01
6.95e+01,1.57e+02,5.90e+01,2.40e+01
-1.97e+01,5.49e+01,7.00e+01,2.40e+01
-3.60e+01,1.02e+01,6.40e+01,2.40e+01
-9.00e+01,-4.43e+01,7.10e+01,2.40e+01
2.84e+01,7.55e+01,7.10e+01,2.40e+01
-3.53e+01,2.21e+01,7.30e+01,2.40e+01
4.32e+01,1.57e+02,8.20e+01,2.40e+01
2.86e+01,9.26e+01,7.30e+01,2.40e+01
-5.62e+01,-1.66e+01,7.50e+01,2.40e+01
-2.95e+01,5.07e+01,7.20e+01,2.40e+01
4.54e+01,5.95e+01,7.20e+01,2.40e+01
2.28e+01,8.60e+01,7.20e+01,2.40e+01
5.91e+01,1.12e+02,7.70e+01,2.40e+01
3.97e+01,6.62e+01,7.40e+01,2.40e+01
-3.84e+01,-1.19e+01,6.80e+01,2.40e+01
4.48e+01,1.57e+02,6.90e+01,2.40e+01
4.44e+01,1.20e+02,7.70e+01,2.40e+01
5.62e+01,1.80e+02,6.40e+01,2.40e+01
6.27e+01,1.49e+02,7.30e+01,2.40e+01
1.39e+01,2.92e+01,6.40e+01,2.40e+01
-2.95e+01,2.49e+01,6.90e+01,2.40e+01
-2.69e+00,9.40e+01,6.60e+01,2.40e+01
2.95e+01,5.32e+01,7.70e+01,2.40e+01
5.39e+01,1.20e+02,6.20e+01,2.40e+01
-3.68e+01,0.00e+00,7.30e+01,2.40e+01
-3.02e+01,-1.04e-12,6.80e+01,2.40e+01
-5.47e+00,2.28e+01,6.70e+01,2.40e+01
3.91e+01,8.06e+01,7.60e+01,2.40e+01
3.47e+01,5.97e+01,7.10e+01,2.40e+01
6.37e+01,1.00e+02,7.30e+01,2.40e+01
3.85e+01,5.87e+01,6.60e+01,2.40e+01
2.82e+01,4.68e+01,7.10e+01,2.40e+01
2.60e+01,1.10e+02,6.60e+01,2.40e+01
1.45e+01,5.17e+01,5.80e+01,2.40e+01
-4.85e+01,0.00e+00,6.40e+01,2.40e+01
-2.81e+00,3.94e+01,6.80e+01,2.40e+01
-4.23e+01,-8.23e+00,6.50e+01,2.40e+01
3.89e+01,7.08e+01,6.60e+01,2.40e+01
-3.92e+01,0.00e+00,6.40e+01,2.40e+01
5.17e+01,1.41e+02,6.40e+01,2.40e+01
-5.49e+01,-3.17e+00,7.20e+01,2.40e+01
2.50e+01,9.58e+01,6.20e+01,2.40e+01
