-2.35e+02,-9.26e+01,3.10e+01,1.60e+01
-4.27e+02,-6.44e+01,3.20e+01,1.70e+01
-3.00e+02,-7.41e+01,3.20e+01,1.60e+01
-2.48e+02,-8.31e+01,3.80e+01,1.80e+01
-3.02e+02,-7.41e+01,3.30e+01,1.60e+01
-2.98e+02,-8.02e+01,3.20e+01,1.60e+01
-2.31e+02,-8.07e+01,3.30e+01,1.80e+01
-4.27e+02,-6.35e+01,3.20e+01,1.70e+01
-2.95e+02,-7.57e+01,3.20e+01,1.60e+01
-2.43e+02,-7.62e+01,3.80e+01,1.80e+01
-3.02e+02,-7.98e+01,3.20e+01,1.60e+01
-2.27e+02,-8.53e+01,3.20e+01,1.70e+01
-2.38e+02,-9.27e+01,3.30e+01,1.70e+01
-2.35e+02,-8.80e+01,3.10e+01,1.60e+01
-4.32e+02,-8.99e+01,3.30e+01,1.70e+01
-2.96e+02,-7.92e+01,3.30e+01,1.70e+01
-2.96e+02,-7.89e+01,3.30e+01,1.60e+01
-2.27e+02,-7.56e+01,3.80e+01,1.80e+01
-3.08e+02,-7.47e+01,3.20e+01,1.60e+01
-2.31e+02,-8.56e+01,3.30e+01,1.70e+01
-2.33e+02,-9.50e+01,3.40e+01,1.70e+01
-2.30e+02,-7.78e+01,3.30e+01,1.70e+01
-2.37e+02,-8.88e+01,3.10e+01,1.60e+01
-2.35e+02,-8.50e+01,3.20e+01,1.60e+01
-4.29e+02,-7.38e+01,3.30e+01,1.70e+01
-2.96e+02,-8.59e+01,3.30e+01,1.70e+01
-2.33e+02,-9.08e+01,3.40e+01,1.70e+01
-2.30e+02,-8.68e+01,3.80e+01,1.80e+01
-2.40e+02,-8.34e+01,3.10e+01,1.60e+01
-2.96e+02,-6.54e+01,3.20e+01,1.60e+01
-4.26e+02,-5.82e+01,3.20e+01,1.70e+01
-5.00e+02,-5.00e+02,3.30e+01,1.60e+01
-2.54e+02,-6.65e+01,3.90e+01,1.90e+01
-2.44e+02,-8.30e+01,3.90e+01,1.90e+01
-2.35e+02,-7.95e+01,3.40e+01,1.70e+01
-2.98e+02,-8.55e+01,3.40e+01,1.60e+01
-2.27e+02,-8.62e+01,3.10e+01,1.60e+01
-2.57e+02,-8.67e+01,3.80e+01,1.80e+01
-3.33e+02,-1.02e+02,3.20e+01,1.60e+01
-4.46e+02,-2.11e+02,3.80e+01,1.80e+01
-2.98e+02,-7.47e+01,3.40e+01,1.70e+01
-4.28e+02,-7.03e+01,3.20e+01,1.70e+01
-4.30e+02,-8.33e+01,3.20e+01,1.70e+01
-3.00e+02,-7.51e+01,3.30e+01,1.60e+01
-2.29e+02,-8.21e+01,3.30e+01,1.70e+01
-2.96e+02,-7.99e+01,3.20e+01,1.60e+01
-5.00e+02,-5.00e+02,3.40e+01,1.60e+01
-2.27e+02,-7.84e+01,3.30e+01,1.70e+01
-4.26e+02,-5.43e+01,3.20e+01,1.70e+01
-2.99e+02,-8.10e+01,3.40e+01,1.60e+01
-2.56e+02,-1.09e+02,3.80e+01,1.80e+01
-4.28e+02,-6.81e+01,3.40e+01,1.80e+01
-2.99e+02,-8.29e+01,3.20e+01,1.60e+01
-3.06e+02,-8.25e+01,3.20e+01,1.60e+01
-2.96e+02,-7.91e+01,3.30e+01,1.60e+01
-3.04e+02,-7.16e+01,3.30e+01,1.60e+01
-3.08e+02,-8.43e+01,3.80e+01,1.80e+01
-2.32e+02,-8.12e+01,3.20e+01,1.60e+01
-3.03e+02,-7.43e+01,3.40e+01,1.70e+01
-2.42e+02,-7.37e+01,3.90e+01,1.90e+01
-4.32e+02,-9.52e+01,3.30e+01,1.70e+01
-2.29e+02,-7.71e+01,3.20e+01,1.70e+01
-2.60e+02,-9.91e+01,3.80e+01,1.80e+01
-3.05e+02,-7.78e+01,3.20e+01,1.60e+01
-2.38e+02,-8.02e+01,3.50e+01,1.90e+01
-2.95e+02,-7.04e+01,3.20e+01,1.60e+01
-4.51e+02,-2.05e+02,3.30e+01,1.60e+01
-4.27e+02,-6.31e+01,3.20e+01,1.70e+01
-3.11e+02,-9.93e+01,3.30e+01,1.60e+01
-4.27e+02,-6.21e+01,3.20e+01,1.70e+01
-3.22e+02,-9.02e+01,3.20e+01,1.60e+01
-2.33e+02,-9.09e+01,3.10e+01,1.60e+01
-2.30e+02,-8.68e+01,3.20e+01,1.60e+01
-2.51e+02,-1.10e+02,3.10e+01,1.60e+01
-2.45e+02,-8.54e+01,3.10e+01,1.60e+01
-2.30e+02,-7.66e+01,3.20e+01,1.70e+01
-5.00e+02,-5.00e+02,3.20e+01,1.70e+01
-3.01e+02,-8.11e+01,3.40e+01,1.80e+01
-2.31e+02,-8.70e+01,3.20e+01,1.70e+01
-2.62e+02,-1.11e+02,3.80e+01,1.80e+01
-2.99e+02,-8.38e+01,3.30e+01,1.60e+01
-2.27e+02,-7.36e+01,3.30e+01,1.70e+01
-2.49e+02,-8.28e+01,3.90e+01,1.80e+01
-3.57e+02,-6.84e+01,3.30e+01,1.70e+01
-5.00e+02,-5.00e+02,3.20e+01,1.70e+01
-4.27e+02,-6.05e+01,3.30e+01,1.70e+01
-2.95e+02,-7.44e+01,3.30e+01,1.60e+01
-2.26e+02,-7.71e+01,3.30e+01,1.80e+01
-3.77e+02,-1.25e+02,3.50e+01,1.70e+01
-2.96e+02,-7.28e+01,3.20e+01,1.60e+01
-2.93e+02,-7.03e+01,3.30e+01,1.80e+01
-4.30e+02,-7.88e+01,3.30e+01,1.80e+01
-2.96e+02,-8.21e+01,3.20e+01,1.60e+01
-2.97e+02,-8.54e+01,3.20e+01,1.60e+01
-2.98e+02,-9.17e+01,3.20e+01,1.60e+01
-5.00e+02,-5.00e+02,3.30e+01,1.70e+01
-2.26e+02,-8.49e+01,3.30e+01,1.70e+01
-3.71e+02,-9.01e+01,3.30e+01,1.60e+01
-2.98e+02,-7.45e+01,3.20e+01,1.60e+01
-3.73e+02,-1.17e+02,3.30e+01,1.60e+01
-4.27e+02,-6.39e+01,3.20e+01,1.70e+01
-4.03e+02,-2.60e+02,3.20e+01,1.70e+01
-2.58e+02,-8.34e+01,3.30e+01,1.60e+01
-2.29e+02,-9.08e+01,3.20e+01,1.60e+01
-4.28e+02,-6.64e+01,3.30e+01,1.70e+01
-2.32e+02,-8.46e+01,3.10e+01,1.60e+01
-4.28e+02,-6.79e+01,3.20e+01,1.70e+01
-4.27e+02,-5.99e+01,3.30e+01,1.70e+01
-4.33e+02,-9.62e+01,3.20e+01,1.70e+01
-2.30e+02,-9.26e+01,3.30e+01,1.60e+01
-5.00e+02,-5.00e+02,3.90e+01,1.80e+01
-4.29e+02,-7.32e+01,3.20e+01,1.70e+01
-4.27e+02,-6.30e+01,3.30e+01,1.70e+01
-2.97e+02,-7.20e+01,3.30e+01,1.60e+01
-4.26e+02,-5.81e+01,3.30e+01,1.70e+01
-3.08e+02,-6.78e+01,3.20e+01,1.60e+01
-4.29e+02,-7.72e+01,3.30e+01,1.80e+01
-2.24e+02,-8.14e+01,3.40e+01,1.90e+01
-4.43e+02,-1.61e+02,3.20e+01,1.60e+01
-2.35e+02,-7.98e+01,3.50e+01,1.70e+01
-2.94e+02,-6.79e+01,3.30e+01,1.70e+01
-2.33e+02,-7.96e+01,3.50e+01,1.70e+01
-2.32e+02,-8.65e+01,3.10e+01,1.60e+01
-2.32e+02,-9.13e+01,3.20e+01,1.70e+01
-2.26e+02,-8.04e+01,3.20e+01,1.70e+01
-2.34e+02,-8.58e+01,3.20e+01,1.70e+01
-2.99e+02,-7.67e+01,3.20e+01,1.60e+01
-4.28e+02,-7.14e+01,3.30e+01,1.70e+01
-2.97e+02,-6.96e+01,3.20e+01,1.60e+01
-2.29e+02,-7.88e+01,3.10e+01,1.60e+01
-4.27e+02,-6.16e+01,3.20e+01,1.70e+01
-2.97e+02,-7.89e+01,3.20e+01,1.60e+01
-2.97e+02,-7.61e+01,3.40e+01,1.60e+01
-4.27e+02,-6.24e+01,3.40e+01,1.80e+01
-4.13e+02,-7.56e+01,3.30e+01,1.70e+01
-2.32e+02,-7.65e+01,3.30e+01,1.70e+01
-2.97e+02,-7.42e+01,3.30e+01,1.60e+01
-2.45e+02,-8.15e+01,3.80e+01,1.80e+01
-2.31e+02,-8.09e+01,3.30e+01,1.80e+01
-4.42e+02,-1.51e+02,3.40e+01,1.70e+01
-3.00e+02,-9.22e+01,3.30e+01,1.60e+01
-5.00e+02,-5.00e+02,3.30e+01,1.80e+01
-4.29e+02,-7.48e+01,3.30e+01,1.70e+01
-3.02e+02,-8.43e+01,3.30e+01,1.60e+01
-4.34e+02,-1.06e+02,3.30e+01,1.60e+01
-5.00e+02,-5.00e+02,3.20e+01,1.60e+01
-3.83e+02,-1.47e+02,3.20e+01,1.60e+01
-2.64e+02,-1.14e+02,3.80e+01,1.80e+01
-2.99e+02,-8.23e+01,3.30e+01,1.70e+01
-4.52e+02,-2.13e+02,3.80e+01,1.80e+01
-2.52e+02,-9.61e+01,3.80e+01,1.80e+01
-5.00e+02,-5.00e+02,3.40e+01,1.60e+01
-2.27e+02,-7.89e+01,3.30e+01,1.80e+01
-5.00e+02,-5.00e+02,3.20e+01,1.60e+01
-2.95e+02,-7.00e+01,3.40e+01,1.70e+01
-2.97e+02,-7.66e+01,3.30e+01,1.60e+01
-3.11e+02,-7.73e+01,3.20e+01,1.60e+01
-2.96e+02,-6.72e+01,3.20e+01,1.60e+01
-3.33e+02,-1.63e+02,3.20e+01,1.60e+01
-2.26e+02,-7.49e+01,3.10e+01,1.60e+01
-2.39e+02,-9.42e+01,3.20e+01,1.60e+01
-3.08e+02,-1.04e+02,3.30e+01,1.70e+01
-2.99e+02,-8.31e+01,3.30e+01,1.60e+01
-2.98e+02,-7.65e+01,3.40e+01,1.60e+01
-4.32e+02,-9.22e+01,3.30e+01,1.70e+01
-3.01e+02,-9.40e+01,3.40e+01,1.60e+01
-2.61e+02,-9.11e+01,3.90e+01,1.80e+01
-5.00e+02,-5.00e+02,3.10e+01,1.60e+01
-2.66e+02,-1.12e+02,3.90e+01,1.80e+01
-5.00e+02,-5.00e+02,3.30e+01,1.70e+01
-2.31e+02,-8.59e+01,3.10e+01,1.60e+01
-4.31e+02,-8.94e+01,3.30e+01,1.70e+01
-3.01e+02,-7.18e+01,3.30e+01,1.60e+01
-3.12e+02,-8.36e+01,3.20e+01,1.60e+01
-4.48e+02,-1.87e+02,3.80e+01,1.80e+01
-2.49e+02,-8.97e+01,3.80e+01,1.80e+01
-4.54e+02,-2.24e+02,3.90e+01,1.80e+01
-4.47e+02,-1.83e+02,3.80e+01,1.80e+01
-2.68e+02,-7.63e+01,3.30e+01,1.60e+01
-5.00e+02,-5.00e+02,3.20e+01,1.70e+01
-2.24e+02,-7.42e+01,3.10e+01,1.60e+01
-2.27e+02,-8.66e+01,3.20e+01,1.60e+01
-2.95e+02,-7.51e+01,3.30e+01,1.60e+01
-4.83e+02,-3.96e+02,3.20e+01,1.70e+01
-5.00e+02,-5.00e+02,3.30e+01,1.60e+01
-4.74e+02,-4.03e+02,3.10e+01,1.60e+01
-2.29e+02,-8.95e+01,3.20e+01,1.60e+01
-2.61e+02,-1.10e+02,3.90e+01,1.80e+01
-2.32e+02,-8.69e+01,3.20e+01,1.60e+01
-2.32e+02,-8.46e+01,3.10e+01,1.60e+01
-2.29e+02,-8.58e+01,3.10e+01,1.60e+01
-2.33e+02,-8.13e+01,3.30e+01,1.80e+01
