8.54e+00,7.84e+01,1.70e+01,1.20e+01
-4.37e+01,4.02e+01,1.40e+01,1.20e+01
8.62e+00,6.66e+01,1.60e+01,1.20e+01
-8.94e+00,4.34e+01,1.30e+01,1.20e+01
-1.91e+01,5.55e+01,1.40e+01,1.20e+01
2.92e+00,6.45e+01,1.80e+01,1.20e+01
2.41e+00,1.30e+02,1.60e+01,1.20e+01
7.93e+00,9.94e+01,1.40e+01,1.20e+01
-3.59e+01,2.95e+01,1.50e+01,1.20e+01
-1.14e+01,7.17e+01,1.70e+01,1.20e+01
-7.11e+00,4.12e+01,1.50e+01,1.20e+01
-1.95e-01,4.49e+01,1.60e+01,1.20e+01
-1.43e+01,4.38e+01,1.50e+01,1.20e+01
-7.58e+00,5.78e+01,1.70e+01,1.20e+01
-7.79e-01,5.41e+01,1.80e+01,1.20e+01
-9.37e+00,8.63e+01,1.70e+01,1.20e+01
6.25e+00,1.22e+02,1.70e+01,1.20e+01
-2.50e+00,3.15e+01,1.70e+01,1.20e+01
-7.73e+00,4.37e+01,1.40e+01,1.20e+01
-8.07e+00,8.59e+01,1.50e+01,1.20e+01
-2.37e+01,3.08e+01,1.50e+01,1.20e+01
-1.03e+01,3.88e+01,1.60e+01,1.20e+01
-1.19e+00,7.95e+01,1.20e+01,1.20e+01
-2.63e+01,5.74e+01,1.20e+01,1.20e+01
4.63e+00,7.40e+01,1.80e+01,1.20e+01
9.45e+00,4.32e+01,1.90e+01,1.20e+01
1.64e+00,8.47e+01,2.00e+01,1.20e+01
-2.03e+00,5.95e+01,1.80e+01,1.20e+01
7.02e+00,3.73e+01,1.70e+01,1.20e+01
-2.98e+01,3.26e+01,1.50e+01,1.20e+01
1.21e+01,6.14e+01,1.60e+01,1.20e+01
1.43e+01,6.54e+01,1.60e+01,1.20e+01
-1.58e+01,1.32e+01,1.60e+01,1.20e+01
-1.03e+01,2.89e+01,1.20e+01,1.20e+01
-1.68e+01,2.24e+01,1.40e+01,1.20e+01
-3.69e+00,7.06e+01,1.60e+01,1.20e+01
-2.01e+00,4.89e+01,1.90e+01,1.20e+01
-5.65e+00,4.92e+01,1.40e+01,1.20e+01
-4.33e+00,5.72e+01,1.80e+01,1.20e+01
-3.40e+01,4.10e+01,1.60e+01,1.20e+01
-7.80e-01,3.90e+01,1.60e+01,1.20e+01
2.00e-01,8.91e+01,1.80e+01,1.20e+01
1.06e+01,8.26e+01,1.70e+01,1.20e+01
3.56e+01,1.23e+02,1.40e+01,1.20e+01
-1.64e+01,4.52e+01,1.30e+01,1.20e+01
-1.45e+01,3.85e+01,1.90e+01,1.20e+01
-2.32e+01,1.20e+01,1.20e+01,1.20e+01
-4.97e+01,1.69e+01,1.70e+01,1.20e+01
-6.65e-01,3.72e+01,1.80e+01,1.20e+01
2.61e+01,1.04e+02,1.60e+01,1.20e+01
3.27e+01,9.39e+01,1.60e+01,1.20e+01
-1.45e+01,5.41e+01,1.90e+01,1.20e+01
-8.88e+00,3.65e+01,1.60e+01,1.20e+01
-1.28e+01,4.34e+01,1.50e+01,1.20e+01
4.90e-01,2.83e+01,1.50e+01,1.20e+01
1.33e+01,7.03e+01,1.50e+01,1.20e+01
-8.86e+00,4.24e+01,1.70e+01,1.20e+01
-3.57e+00,7.73e+01,1.50e+01,1.20e+01
-2.11e+01,6.76e+01,1.50e+01,1.20e+01
3.98e+00,5.44e+01,1.90e+01,1.20e+01
5.54e+00,7.47e+01,1.60e+01,1.20e+01
2.22e+01,8.39e+01,1.40e+01,1.20e+01
-5.27e+00,5.45e+01,1.50e+01,1.20e+01
2.01e+00,9.75e+01,1.70e+01,1.20e+01
9.10e+00,5.69e+01,1.50e+01,1.20e+01
-3.02e+01,6.90e+01,1.70e+01,1.20e+01
5.49e+00,5.75e+01,1.80e+01,1.20e+01
-1.06e+00,1.08e+02,1.50e+01,1.20e+01
-1.26e+01,7.58e+01,1.40e+01,1.20e+01
-4.18e+00,9.60e+01,1.70e+01,1.20e+01
-3.51e+01,4.12e+01,1.60e+01,1.20e+01
1.06e+01,6.25e+01,1.60e+01,1.20e+01
5.97e+00,8.54e+01,1.50e+01,1.20e+01
2.74e+00,7.58e+01,2.00e+01,1.20e+01
-6.44e+00,4.50e+01,1.80e+01,1.20e+01
1.72e+01,9.14e+01,1.70e+01,1.20e+01
1.41e+01,7.97e+01,1.80e+01,1.20e+01
3.91e+00,7.69e+01,1.40e+01,1.20e+01
8.77e+00,1.10e+02,1.70e+01,1.20e+01
7.11e+00,4.87e+01,1.60e+01,1.20e+01
3.66e+00,8.41e+01,1.30e+01,1.20e+01
-2.41e+01,3.29e+01,1.10e+01,1.20e+01
3.43e+00,1.44e+02,1.40e+01,1.20e+01
1.25e+01,6.55e+01,1.60e+01,1.20e+01
3.55e+00,1.04e+02,2.00e+01,1.20e+01
2.05e+01,5.94e+01,1.60e+01,1.20e+01
1.57e+01,9.04e+01,1.50e+01,1.20e+01
-7.31e+00,2.31e+01,1.90e+01,1.20e+01
6.20e+00,6.05e+01,1.20e+01,1.20e+01
3.49e-01,7.39e+01,1.20e+01,1.20e+01
-1.62e+01,5.06e+01,1.50e+01,1.20e+01
-1.37e+01,4.77e+01,1.30e+01,1.20e+01
-6.25e+00,7.50e+01,1.60e+01,1.20e+01
-1.10e+01,7.38e+01,1.60e+01,1.20e+01
-2.11e+01,4.70e+01,1.60e+01,1.20e+01
2.24e+01,9.22e+01,1.40e+01,1.20e+01
1.32e+01,6.17e+01,1.40e+01,1.20e+01
-4.67e+01,-4.23e-01,1.20e+01,1.20e+01
3.71e+01,1.11e+02,1.70e+01,1.20e+01
3.39e+00,1.10e+02,1.70e+01,1.20e+01
1.52e+00,6.37e+01,1.40e+01,1.20e+01
2.90e+01,9.05e+01,1.70e+01,1.20e+01
-6.69e+00,6.57e+01,1.80e+01,1.20e+01
-1.89e+01,5.87e+01,1.60e+01,1.20e+01
2.07e-01,6.90e+01,1.70e+01,1.20e+01
-3.44e+00,6.66e+01,1.60e+01,1.20e+01
1.27e+01,5.06e+01,1.40e+01,1.20e+01
-1.12e+01,3.84e+01,1.50e+01,1.20e+01
9.49e+00,5.34e+01,1.30e+01,1.20e+01
3.79e-01,6.86e+01,1.60e+01,1.20e+01
3.10e+00,9.07e+01,1.50e+01,1.20e+01
1.35e+01,7.88e+01,1.70e+01,1.20e+01
-4.82e+00,5.15e+01,1.80e+01,1.20e+01
2.09e+01,9.85e+01,1.70e+01,1.20e+01
2.36e+00,1.27e+02,1.50e+01,1.20e+01
4.08e+00,9.45e+01,1.60e+01,1.20e+01
-9.27e+00,4.11e+01,1.90e+01,1.20e+01
1.08e+01,7.81e+01,1.60e+01,1.20e+01
3.32e+00,7.94e+01,1.50e+01,1.20e+01
-1.35e+01,5.75e+01,1.30e+01,1.20e+01
-1.63e+01,6.20e+01,1.70e+01,1.20e+01
-9.87e+00,5.44e+01,1.10e+01,1.20e+01
-9.93e-01,9.90e+01,1.60e+01,1.20e+01
-7.47e+00,5.86e+01,1.50e+01,1.20e+01
1.26e+01,8.27e+01,1.40e+01,1.20e+01
-3.72e+00,8.13e+01,1.80e+01,1.20e+01
-6.87e+00,4.51e+01,1.80e+01,1.20e+01
2.23e+01,5.35e+01,1.60e+01,1.20e+01
