-1.26e+02,-4.62e+01,1.70e+01,2.00e+01
-1.24e+02,-4.43e+01,1.80e+01,2.10e+01
-1.37e+02,-3.74e+01,1.60e+01,1.90e+01
-1.27e+02,-4.19e+01,1.60e+01,1.90e+01
-2.07e+02,-4.96e+01,1.60e+01,1.90e+01
-1.23e+02,-4.11e+01,1.70e+01,2.00e+01
-1.33e+02,-4.73e+01,1.80e+01,2.00e+01
-4.53e+02,-2.16e+02,1.90e+01,2.20e+01
-1.92e+02,-1.06e+02,1.80e+01,2.10e+01
-1.21e+02,-3.45e+01,1.80e+01,2.10e+01
-1.42e+02,-4.03e+01,1.70e+01,2.00e+01
-3.60e+02,-3.96e+01,1.90e+01,2.20e+01
-1.45e+02,-4.50e+01,1.90e+01,2.10e+01
-3.69e+02,-1.21e+02,1.70e+01,2.00e+01
-1.32e+02,-4.28e+01,1.70e+01,2.00e+01
-1.76e+02,-7.46e+01,1.70e+01,2.00e+01
-1.25e+02,-3.97e+01,1.80e+01,2.10e+01
-5.00e+02,-5.00e+02,1.70e+01,2.00e+01
-1.27e+02,-4.65e+01,1.70e+01,2.00e+01
-1.37e+02,-4.62e+01,1.60e+01,1.90e+01
-2.05e+02,-4.52e+01,1.70e+01,1.90e+01
-1.33e+02,-4.11e+01,1.70e+01,2.00e+01
-1.23e+02,-3.61e+01,1.70e+01,2.00e+01
-1.26e+02,-3.87e+01,1.60e+01,1.90e+01
-1.70e+02,-3.60e+01,1.70e+01,1.90e+01
-1.25e+02,-3.92e+01,1.70e+01,2.00e+01
-1.22e+02,-4.33e+01,1.80e+01,2.10e+01
-1.21e+02,-3.39e+01,1.70e+01,2.00e+01
-5.00e+02,-5.00e+02,1.70e+01,2.00e+01
-5.00e+02,-5.00e+02,1.60e+01,1.90e+01
-1.30e+02,-4.21e+01,1.80e+01,2.10e+01
-3.54e+02,-5.45e+01,1.80e+01,2.10e+01
-1.36e+02,-3.43e+01,1.80e+01,2.10e+01
-1.38e+02,-4.74e+01,1.70e+01,2.00e+01
-1.26e+02,-4.02e+01,1.90e+01,2.10e+01
-1.27e+02,-4.42e+01,1.70e+01,2.00e+01
-1.22e+02,-4.42e+01,1.70e+01,2.00e+01
-4.11e+02,-2.09e+02,1.60e+01,1.90e+01
-1.30e+02,-4.72e+01,1.90e+01,2.20e+01
-2.02e+02,-3.44e+01,1.70e+01,1.90e+01
-1.28e+02,-3.88e+01,1.80e+01,2.00e+01
-1.23e+02,-3.59e+01,1.70e+01,2.00e+01
-1.30e+02,-4.32e+01,1.70e+01,2.00e+01
-1.24e+02,-3.85e+01,1.60e+01,1.90e+01
-1.29e+02,-3.65e+01,1.90e+01,2.20e+01
-1.31e+02,-5.02e+01,1.70e+01,1.90e+01
-1.33e+02,-4.58e+01,1.60e+01,1.90e+01
-1.21e+02,-3.92e+01,1.90e+01,2.10e+01
-1.22e+02,-3.55e+01,1.70e+01,1.90e+01
-1.24e+02,-3.61e+01,1.70e+01,2.00e+01
-1.36e+02,-4.00e+01,1.80e+01,2.00e+01
-4.67e+02,-3.01e+02,1.70e+01,2.00e+01
-1.24e+02,-4.40e+01,1.90e+01,2.10e+01
-1.28e+02,-4.00e+01,1.70e+01,2.00e+01
-1.77e+02,-8.25e+01,1.80e+01,2.10e+01
-5.00e+02,-5.00e+02,1.70e+01,1.90e+01
-1.21e+02,-3.80e+01,1.70e+01,2.00e+01
-1.29e+02,-4.77e+01,1.80e+01,2.10e+01
-1.27e+02,-3.89e+01,1.70e+01,2.00e+01
-1.24e+02,-3.67e+01,1.80e+01,2.10e+01
-1.30e+02,-3.75e+01,1.70e+01,2.00e+01
-1.34e+02,-4.36e+01,1.70e+01,2.00e+01
-1.43e+02,-4.18e+01,1.90e+01,2.10e+01
-1.23e+02,-3.49e+01,1.70e+01,2.00e+01
-1.31e+02,-4.64e+01,1.60e+01,1.90e+01
-1.33e+02,-4.15e+01,1.60e+01,1.90e+01
-1.32e+02,-3.41e+01,1.70e+01,2.00e+01
-1.24e+02,-3.80e+01,1.90e+01,2.00e+01
-3.56e+02,-6.66e+01,1.70e+01,1.90e+01
-5.00e+02,-4.99e+02,1.70e+01,2.00e+01
-4.00e+02,-8.69e+01,1.70e+01,2.00e+01
-1.30e+02,-4.37e+01,1.70e+01,2.00e+01
-4.51e+02,-2.10e+02,1.60e+01,1.90e+01
-1.27e+02,-4.00e+01,1.80e+01,2.10e+01
-1.27e+02,-3.85e+01,1.70e+01,2.00e+01
-1.22e+02,-3.15e+01,1.80e+01,2.10e+01
-1.28e+02,-4.38e+01,1.80e+01,2.00e+01
-1.42e+02,-3.52e+01,1.70e+01,2.00e+01
-1.24e+02,-3.71e+01,1.80e+01,2.10e+01
-1.36e+02,-4.13e+01,1.70e+01,2.00e+01
-1.32e+02,-3.90e+01,1.80e+01,2.00e+01
-1.23e+02,-4.03e+01,1.80e+01,2.10e+01
-1.40e+02,-4.66e+01,1.70e+01,1.90e+01
-1.28e+02,-3.98e+01,1.80e+01,2.10e+01
-1.31e+02,-5.09e+01,1.80e+01,2.10e+01
-1.54e+02,-3.82e+01,1.80e+01,2.10e+01
-1.45e+02,-5.08e+01,1.60e+01,1.90e+01
-1.29e+02,-4.58e+01,1.70e+01,2.00e+01
-1.20e+02,-4.19e+01,1.70e+01,1.90e+01
-1.25e+02,-4.00e+01,1.80e+01,2.00e+01
-1.21e+02,-3.53e+01,1.80e+01,2.10e+01
-1.30e+02,-3.77e+01,1.90e+01,2.20e+01
-1.27e+02,-3.47e+01,1.80e+01,2.00e+01
-1.34e+02,-4.86e+01,1.80e+01,2.10e+01
-1.46e+02,-3.09e+01,1.70e+01,2.00e+01
-1.29e+02,-4.82e+01,1.90e+01,2.10e+01
