-2.47e+02,-9.77e+01,2.60e+01,1.60e+01
-2.51e+02,-9.99e+01,9.00e+00,1.00e+01
-2.40e+02,-9.48e+01,2.50e+01,1.50e+01
-2.44e+02,-6.89e+01,7.00e+00,1.00e+01
-2.46e+02,-7.32e+01,2.50e+01,1.60e+01
-2.43e+02,-7.60e+01,2.70e+01,1.60e+01
-2.46e+02,-7.38e+01,2.60e+01,1.70e+01
-2.45e+02,-9.80e+01,2.60e+01,1.70e+01
-2.43e+02,-8.10e+01,2.40e+01,1.60e+01
-2.45e+02,-8.74e+01,2.50e+01,1.60e+01
-4.30e+02,-8.13e+01,7.00e+00,1.00e+01
-2.41e+02,-7.16e+01,2.40e+01,1.60e+01
-2.48e+02,-8.78e+01,7.00e+00,1.00e+01
-2.72e+02,-1.10e+02,2.40e+01,1.60e+01
-2.46e+02,-8.47e+01,2.40e+01,1.50e+01
-2.41e+02,-8.85e+01,8.00e+00,1.00e+01
-2.68e+02,-1.19e+02,2.50e+01,1.60e+01
-2.53e+02,-9.31e+01,7.00e+00,1.00e+01
-2.46e+02,-8.69e+01,2.60e+01,1.60e+01
-2.50e+02,-8.20e+01,2.50e+01,1.60e+01
-2.41e+02,-8.92e+01,2.50e+01,1.60e+01
-2.45e+02,-6.44e+01,8.00e+00,1.00e+01
-2.49e+02,-9.09e+01,2.50e+01,1.60e+01
-2.47e+02,-6.73e+01,2.40e+01,1.60e+01
-2.43e+02,-9.29e+01,7.00e+00,1.00e+01
-2.47e+02,-1.03e+02,2.60e+01,1.70e+01
-2.44e+02,-9.07e+01,2.50e+01,1.60e+01
-2.55e+02,-7.60e+01,2.60e+01,1.60e+01
-2.41e+02,-6.67e+01,2.50e+01,1.70e+01
-4.33e+02,-9.94e+01,2.60e+01,1.60e+01
-2.42e+02,-8.83e+01,2.70e+01,1.80e+01
-2.45e+02,-7.47e+01,2.40e+01,1.60e+01
-2.56e+02,-1.12e+02,2.60e+01,1.70e+01
-2.48e+02,-6.66e+01,2.60e+01,1.60e+01
-3.79e+02,-9.95e+01,8.00e+00,1.10e+01
-2.56e+02,-7.69e+01,2.40e+01,1.60e+01
-2.49e+02,-9.19e+01,2.60e+01,1.60e+01
-2.73e+02,-8.41e+01,2.40e+01,1.60e+01
-2.53e+02,-8.43e+01,2.60e+01,1.60e+01
-5.00e+02,-5.00e+02,7.00e+00,1.00e+01
-3.20e+02,-1.13e+02,9.00e+00,1.00e+01
-3.20e+02,-1.37e+02,8.00e+00,1.00e+01
-4.31e+02,-8.57e+01,7.00e+00,1.00e+01
-4.02e+02,-8.02e+01,2.50e+01,1.50e+01
-2.42e+02,-7.06e+01,2.50e+01,1.70e+01
-2.37e+02,-7.69e+01,2.40e+01,1.60e+01
-3.13e+02,-1.02e+02,9.00e+00,1.00e+01
-3.15e+02,-9.41e+01,2.60e+01,1.60e+01
-3.85e+02,-1.30e+02,2.40e+01,1.60e+01
-2.57e+02,-1.14e+02,2.60e+01,1.60e+01
-5.00e+02,-5.00e+02,2.50e+01,1.60e+01
-5.00e+02,-5.00e+02,9.00e+00,1.00e+01
-3.17e+02,-1.15e+02,2.60e+01,1.60e+01
-2.53e+02,-9.11e+01,2.60e+01,1.60e+01
-5.00e+02,-5.00e+02,2.70e+01,1.70e+01
-3.49e+02,-9.25e+01,8.00e+00,1.10e+01
-2.56e+02,-6.87e+01,2.40e+01,1.60e+01
-2.45e+02,-7.83e+01,2.70e+01,1.60e+01
-2.45e+02,-8.85e+01,2.70e+01,1.60e+01
-2.49e+02,-1.05e+02,2.70e+01,1.70e+01
-2.46e+02,-6.92e+01,2.70e+01,1.60e+01
-2.40e+02,-8.88e+01,2.60e+01,1.60e+01
-2.51e+02,-8.49e+01,2.60e+01,1.60e+01
-3.29e+02,-1.36e+02,2.60e+01,1.60e+01
-2.40e+02,-7.68e+01,2.70e+01,1.70e+01
-3.16e+02,-1.18e+02,8.00e+00,1.10e+01
-2.46e+02,-8.15e+01,2.50e+01,1.60e+01
-2.42e+02,-8.58e+01,2.50e+01,1.70e+01
-2.47e+02,-1.08e+02,2.60e+01,1.60e+01
-2.50e+02,-6.38e+01,8.00e+00,1.00e+01
-2.40e+02,-8.35e+01,2.50e+01,1.60e+01
-2.46e+02,-9.29e+01,2.80e+01,1.70e+01
-3.92e+02,-7.79e+01,2.50e+01,1.60e+01
-3.25e+02,-1.26e+02,9.00e+00,1.00e+01
-3.98e+02,-1.71e+02,2.40e+01,1.60e+01
-5.00e+02,-5.00e+02,2.80e+01,1.60e+01
-2.47e+02,-7.68e+01,2.50e+01,1.60e+01
-3.74e+02,-1.21e+02,8.00e+00,1.10e+01
-3.76e+02,-1.22e+02,8.00e+00,1.10e+01
-2.46e+02,-9.43e+01,2.60e+01,1.60e+01
-5.00e+02,-5.00e+02,2.60e+01,1.60e+01
-2.54e+02,-7.98e+01,9.00e+00,1.00e+01
-3.09e+02,-1.11e+02,2.70e+01,1.60e+01
-2.50e+02,-7.09e+01,2.50e+01,1.70e+01
-2.44e+02,-9.79e+01,8.00e+00,1.00e+01
-2.45e+02,-8.47e+01,2.60e+01,1.50e+01
-2.60e+02,-1.10e+02,2.60e+01,1.70e+01
-5.00e+02,-5.00e+02,2.60e+01,1.60e+01
-2.51e+02,-1.10e+02,7.00e+00,1.00e+01
-2.52e+02,-1.02e+02,2.60e+01,1.60e+01
-2.53e+02,-1.04e+02,2.50e+01,1.60e+01
-5.00e+02,-5.00e+02,2.50e+01,1.60e+01
-2.72e+02,-1.14e+02,2.70e+01,1.60e+01
-2.42e+02,-9.39e+01,2.70e+01,1.60e+01
-2.45e+02,-8.65e+01,2.50e+01,1.50e+01
-2.44e+02,-6.59e+01,2.40e+01,1.50e+01
-2.44e+02,-8.65e+01,2.50e+01,1.60e+01
-2.40e+02,-9.39e+01,7.00e+00,1.00e+01
-2.53e+02,-8.75e+01,9.00e+00,1.00e+01
-2.42e+02,-9.68e+01,2.40e+01,1.60e+01
-3.05e+02,-9.88e+01,7.00e+00,1.00e+01
-3.29e+02,-1.29e+02,7.00e+00,1.00e+01
-2.43e+02,-8.21e+01,2.50e+01,1.60e+01
-2.44e+02,-9.35e+01,2.60e+01,1.70e+01
-2.57e+02,-1.22e+02,2.60e+01,1.70e+01
-2.53e+02,-8.62e+01,7.00e+00,1.00e+01
-2.49e+02,-9.35e+01,2.60e+01,1.60e+01
-2.51e+02,-7.20e+01,2.70e+01,1.60e+01
-3.27e+02,-1.41e+02,2.70e+01,1.60e+01
-5.00e+02,-5.00e+02,2.60e+01,1.70e+01
-2.50e+02,-8.33e+01,8.00e+00,1.00e+01
-5.00e+02,-5.00e+02,2.50e+01,1.60e+01
-2.47e+02,-9.35e+01,2.60e+01,1.70e+01
-2.54e+02,-9.01e+01,9.00e+00,1.00e+01
-2.48e+02,-6.63e+01,2.50e+01,1.60e+01
-2.44e+02,-1.00e+02,2.40e+01,1.60e+01
-3.20e+02,-1.36e+02,2.70e+01,1.60e+01
-2.47e+02,-8.08e+01,2.60e+01,1.70e+01
-4.33e+02,-9.67e+01,9.00e+00,1.00e+01
-2.52e+02,-1.02e+02,2.50e+01,1.60e+01
-2.43e+02,-8.16e+01,9.00e+00,1.00e+01
-3.28e+02,-1.15e+02,2.60e+01,1.50e+01
-2.42e+02,-7.29e+01,2.50e+01,1.60e+01
-2.51e+02,-1.03e+02,2.60e+01,1.70e+01
-2.49e+02,-1.04e+02,2.50e+01,1.50e+01
-3.14e+02,-1.09e+02,2.40e+01,1.60e+01
-2.54e+02,-1.04e+02,2.60e+01,1.60e+01
-2.49e+02,-1.04e+02,9.00e+00,1.00e+01
-2.40e+02,-7.59e+01,2.60e+01,1.60e+01
-5.00e+02,-5.00e+02,7.00e+00,1.00e+01
-5.00e+02,-5.00e+02,2.70e+01,1.70e+01
-2.47e+02,-8.92e+01,2.60e+01,1.70e+01
-2.49e+02,-8.67e+01,2.50e+01,1.50e+01
-4.44e+02,-1.67e+02,8.00e+00,1.00e+01
-4.27e+02,-6.61e+01,2.70e+01,1.60e+01
-2.48e+02,-9.29e+01,2.70e+01,1.70e+01
-3.12e+02,-1.05e+02,9.00e+00,1.00e+01
-2.47e+02,-8.51e+01,2.50e+01,1.60e+01
-2.52e+02,-1.00e+02,7.00e+00,1.00e+01
-2.45e+02,-9.66e+01,7.00e+00,1.00e+01
-3.10e+02,-8.35e+01,9.00e+00,1.00e+01
-3.75e+02,-1.19e+02,9.00e+00,1.10e+01
-2.40e+02,-6.83e+01,2.50e+01,1.60e+01
-3.04e+02,-9.17e+01,2.70e+01,1.60e+01
-2.69e+02,-1.11e+02,2.60e+01,1.60e+01
-2.51e+02,-8.45e+01,2.60e+01,1.60e+01
-2.54e+02,-9.87e+01,2.40e+01,1.60e+01
-3.11e+02,-1.11e+02,2.60e+01,1.60e+01
-2.55e+02,-8.68e+01,7.00e+00,1.00e+01
-3.18e+02,-1.30e+02,2.40e+01,1.60e+01
-2.52e+02,-9.45e+01,2.50e+01,1.60e+01
-2.47e+02,-9.66e+01,2.50e+01,1.50e+01
-2.77e+02,-7.88e+01,2.60e+01,1.60e+01
-3.24e+02,-1.26e+02,2.40e+01,1.60e+01
-2.47e+02,-7.40e+01,2.50e+01,1.60e+01
-4.43e+02,-1.59e+02,7.00e+00,1.00e+01
-4.30e+02,-8.28e+01,7.00e+00,1.00e+01
-3.17e+02,-1.15e+02,9.00e+00,1.00e+01
-2.52e+02,-8.02e+01,7.00e+00,1.00e+01
-5.00e+02,-5.00e+02,8.00e+00,1.00e+01
-2.41e+02,-8.28e+01,2.40e+01,1.60e+01
-4.31e+02,-8.48e+01,9.00e+00,1.00e+01
-2.49e+02,-9.84e+01,2.60e+01,1.60e+01
-2.44e+02,-7.65e+01,2.70e+01,1.70e+01
-2.50e+02,-9.44e+01,2.70e+01,1.70e+01
-2.40e+02,-6.82e+01,2.60e+01,1.60e+01
-2.67e+02,-1.23e+02,2.50e+01,1.60e+01
-3.20e+02,-1.28e+02,2.70e+01,1.60e+01
-2.55e+02,-1.05e+02,2.40e+01,1.50e+01
-2.45e+02,-8.91e+01,2.60e+01,1.60e+01
-2.53e+02,-8.67e+01,2.40e+01,1.60e+01
-4.36e+02,-1.15e+02,1.00e+01,1.00e+01
-2.52e+02,-9.12e+01,2.40e+01,1.60e+01
-4.31e+02,-8.66e+01,7.00e+00,1.00e+01
-3.25e+02,-1.21e+02,8.00e+00,1.00e+01
-2.43e+02,-9.43e+01,2.50e+01,1.60e+01
-4.34e+02,-1.07e+02,1.00e+01,1.00e+01
-2.48e+02,-9.02e+01,2.60e+01,1.60e+01
-3.20e+02,-1.21e+02,1.00e+01,1.10e+01
-3.16e+02,-1.04e+02,2.50e+01,1.60e+01
-2.53e+02,-9.95e+01,2.70e+01,1.80e+01
-5.00e+02,-4.99e+02,2.60e+01,1.70e+01
-2.39e+02,-6.69e+01,2.70e+01,1.70e+01
-2.45e+02,-9.05e+01,2.60e+01,1.70e+01
-2.46e+02,-7.94e+01,2.40e+01,1.60e+01
-4.35e+02,-1.14e+02,7.00e+00,1.00e+01
-2.51e+02,-9.55e+01,2.40e+01,1.60e+01
-2.41e+02,-8.05e+01,2.60e+01,1.60e+01
-2.40e+02,-6.93e+01,7.00e+00,1.00e+01
-2.48e+02,-1.03e+02,2.50e+01,1.60e+01
-3.76e+02,-1.12e+02,8.00e+00,1.00e+01
-2.45e+02,-7.60e+01,2.60e+01,1.60e+01
