-2.24e+02,-7.12e+01,8.10e+01,3.00e+01
-2.18e+02,-6.22e+01,8.10e+01,3.00e+01
-2.22e+02,-5.81e+01,8.00e+01,2.90e+01
-2.19e+02,-6.46e+01,8.30e+01,2.90e+01
-2.25e+02,-6.62e+01,8.60e+01,3.10e+01
-2.23e+02,-6.08e+01,8.50e+01,3.00e+01
-2.25e+02,-7.51e+01,8.10e+01,2.90e+01
-2.26e+02,-7.74e+01,8.30e+01,3.00e+01
-2.21e+02,-6.34e+01,8.40e+01,2.90e+01
-2.18e+02,-7.44e+01,8.00e+01,3.00e+01
-2.20e+02,-6.24e+01,8.60e+01,3.10e+01
-2.20e+02,-5.02e+01,7.90e+01,2.90e+01
-2.23e+02,-6.20e+01,8.10e+01,3.00e+01
-2.19e+02,-7.24e+01,8.10e+01,2.90e+01
-2.20e+02,-5.98e+01,8.30e+01,2.90e+01
-2.20e+02,-6.70e+01,8.10e+01,3.00e+01
-2.17e+02,-5.86e+01,8.50e+01,3.00e+01
-2.23e+02,-7.40e+01,7.90e+01,2.90e+01
-2.17e+02,-6.39e+01,8.10e+01,2.90e+01
-2.36e+02,-7.48e+01,8.00e+01,2.90e+01
-2.25e+02,-6.28e+01,8.00e+01,3.00e+01
-2.21e+02,-7.05e+01,8.40e+01,2.90e+01
-2.24e+02,-7.23e+01,7.90e+01,3.00e+01
-3.02e+02,-8.99e+01,8.50e+01,3.00e+01
-2.39e+02,-7.21e+01,8.00e+01,2.90e+01
-2.16e+02,-6.18e+01,8.30e+01,2.90e+01
-2.24e+02,-7.15e+01,8.40e+01,3.00e+01
-3.08e+02,-8.36e+01,7.90e+01,2.90e+01
-2.22e+02,-7.59e+01,8.30e+01,2.90e+01
-2.18e+02,-6.33e+01,8.10e+01,3.00e+01
-5.00e+02,-5.00e+02,8.30e+01,3.00e+01
-3.02e+02,-7.92e+01,8.50e+01,3.00e+01
-2.21e+02,-7.68e+01,8.50e+01,3.00e+01
-2.94e+02,-6.27e+01,8.60e+01,3.00e+01
-2.21e+02,-6.27e+01,8.10e+01,3.00e+01
-3.00e+02,-9.73e+01,8.40e+01,3.00e+01
-2.21e+02,-5.97e+01,8.60e+01,3.00e+01
-2.27e+02,-6.90e+01,8.10e+01,3.00e+01
-2.18e+02,-6.69e+01,8.10e+01,2.90e+01
-2.18e+02,-6.95e+01,8.40e+01,2.90e+01
-2.19e+02,-6.43e+01,8.20e+01,3.10e+01
-2.20e+02,-6.96e+01,8.50e+01,3.00e+01
-2.17e+02,-6.83e+01,8.20e+01,3.00e+01
-2.23e+02,-7.00e+01,8.80e+01,3.20e+01
-2.30e+02,-6.88e+01,8.20e+01,2.90e+01
-2.57e+02,-8.36e+01,8.10e+01,3.00e+01
-2.15e+02,-6.50e+01,8.70e+01,3.10e+01
-2.21e+02,-7.49e+01,8.60e+01,3.10e+01
-2.40e+02,-7.33e+01,8.10e+01,3.00e+01
-2.20e+02,-6.89e+01,8.20e+01,3.00e+01
-2.24e+02,-7.34e+01,8.10e+01,2.90e+01
-2.20e+02,-7.75e+01,8.10e+01,3.00e+01
-2.20e+02,-6.70e+01,8.00e+01,2.90e+01
-2.99e+02,-6.87e+01,8.20e+01,2.90e+01
-2.31e+02,-7.19e+01,8.00e+01,2.90e+01
-2.18e+02,-7.28e+01,8.10e+01,2.90e+01
-2.32e+02,-6.96e+01,8.50e+01,2.90e+01
-2.22e+02,-7.13e+01,8.70e+01,3.20e+01
-2.27e+02,-8.03e+01,8.10e+01,3.00e+01
-2.37e+02,-7.77e+01,8.00e+01,2.90e+01
-2.18e+02,-6.63e+01,8.40e+01,3.10e+01
-2.24e+02,-7.21e+01,8.10e+01,3.00e+01
-2.21e+02,-7.22e+01,8.10e+01,3.00e+01
-2.25e+02,-6.82e+01,8.10e+01,2.90e+01
-2.25e+02,-7.13e+01,8.20e+01,3.00e+01
-2.27e+02,-6.98e+01,8.10e+01,2.90e+01
-2.16e+02,-6.12e+01,8.40e+01,2.90e+01
-3.02e+02,-8.77e+01,8.60e+01,3.00e+01
-2.31e+02,-6.22e+01,8.50e+01,2.90e+01
-3.02e+02,-8.96e+01,8.20e+01,3.00e+01
-2.90e+02,-6.93e+01,8.10e+01,3.00e+01
-2.19e+02,-6.41e+01,8.60e+01,3.00e+01
-2.19e+02,-6.59e+01,8.50e+01,3.00e+01
-2.21e+02,-6.97e+01,8.10e+01,2.90e+01
-2.27e+02,-7.62e+01,8.90e+01,3.10e+01
-2.16e+02,-6.53e+01,8.40e+01,3.20e+01
-4.45e+02,-1.73e+02,8.50e+01,2.90e+01
-2.19e+02,-7.45e+01,8.40e+01,3.00e+01
-2.21e+02,-7.54e+01,8.00e+01,2.90e+01
-4.37e+02,-1.22e+02,8.20e+01,3.00e+01
-2.16e+02,-6.91e+01,8.60e+01,3.10e+01
-2.30e+02,-8.05e+01,8.10e+01,3.00e+01
-2.21e+02,-6.53e+01,8.10e+01,3.10e+01
-2.20e+02,-5.60e+01,8.00e+01,2.90e+01
-2.17e+02,-6.94e+01,8.40e+01,3.00e+01
-2.25e+02,-6.52e+01,8.50e+01,3.00e+01
-2.29e+02,-8.01e+01,8.60e+01,3.00e+01
-2.16e+02,-6.95e+01,8.30e+01,2.90e+01
-2.18e+02,-6.42e+01,8.20e+01,2.90e+01
-2.30e+02,-8.73e+01,8.10e+01,3.00e+01
-2.29e+02,-6.60e+01,8.10e+01,2.90e+01
-2.34e+02,-8.94e+01,8.20e+01,3.00e+01
-2.21e+02,-6.06e+01,8.20e+01,3.10e+01
-2.27e+02,-7.79e+01,8.20e+01,3.10e+01
-4.36e+02,-1.16e+02,8.40e+01,2.90e+01
-2.91e+02,-6.56e+01,8.70e+01,3.20e+01
-2.26e+02,-6.99e+01,8.40e+01,2.90e+01
-2.19e+02,-6.45e+01,8.70e+01,3.10e+01
-2.97e+02,-8.79e+01,8.50e+01,3.00e+01
-2.24e+02,-7.65e+01,8.20e+01,3.00e+01
-4.36e+02,-1.19e+02,8.40e+01,2.90e+01
-2.35e+02,-6.85e+01,8.40e+01,2.90e+01
-2.29e+02,-7.45e+01,8.10e+01,2.90e+01
-2.36e+02,-6.76e+01,8.20e+01,3.00e+01
-2.28e+02,-7.44e+01,8.20e+01,3.10e+01
-2.22e+02,-6.16e+01,8.10e+01,2.90e+01
-2.23e+02,-7.94e+01,8.50e+01,3.00e+01
-2.38e+02,-7.77e+01,8.10e+01,3.00e+01
-2.19e+02,-6.81e+01,8.30e+01,2.90e+01
-2.29e+02,-7.30e+01,8.10e+01,3.00e+01
-2.25e+02,-6.91e+01,8.10e+01,3.00e+01
-2.23e+02,-6.80e+01,8.10e+01,2.90e+01
-2.15e+02,-6.23e+01,8.30e+01,3.00e+01
-2.18e+02,-7.17e+01,8.50e+01,2.90e+01
-2.21e+02,-6.89e+01,8.60e+01,3.10e+01
-2.16e+02,-6.56e+01,8.40e+01,2.90e+01
-2.21e+02,-6.84e+01,8.50e+01,3.00e+01
-2.21e+02,-7.20e+01,8.70e+01,3.10e+01
-3.01e+02,-6.92e+01,8.10e+01,3.00e+01
-2.16e+02,-5.35e+01,8.10e+01,2.90e+01
-2.23e+02,-6.66e+01,8.70e+01,3.10e+01
-2.22e+02,-7.41e+01,8.30e+01,2.90e+01
-2.21e+02,-7.13e+01,8.40e+01,3.10e+01
-2.32e+02,-7.68e+01,8.70e+01,3.20e+01
-2.28e+02,-6.00e+01,8.10e+01,2.90e+01
-2.31e+02,-8.76e+01,8.10e+01,2.90e+01
-2.16e+02,-6.88e+01,8.40e+01,2.90e+01
-2.25e+02,-6.63e+01,8.20e+01,3.00e+01
-2.95e+02,-7.67e+01,8.20e+01,2.90e+01
-3.84e+02,-6.50e+01,7.90e+01,2.90e+01
-2.23e+02,-8.15e+01,8.10e+01,3.00e+01
-2.31e+02,-8.21e+01,8.10e+01,3.00e+01
-2.39e+02,-8.53e+01,8.10e+01,2.90e+01
-2.34e+02,-9.51e+01,8.20e+01,3.00e+01
-2.26e+02,-6.78e+01,8.00e+01,3.00e+01
-2.16e+02,-6.32e+01,8.20e+01,3.00e+01
-2.25e+02,-7.50e+01,8.10e+01,3.00e+01
-2.26e+02,-6.84e+01,8.10e+01,3.00e+01
-2.18e+02,-6.96e+01,8.60e+01,3.00e+01
-2.22e+02,-7.41e+01,8.50e+01,3.10e+01
-2.19e+02,-6.59e+01,8.10e+01,2.90e+01
-2.23e+02,-6.61e+01,8.10e+01,3.00e+01
-2.17e+02,-6.37e+01,8.40e+01,3.00e+01
-2.21e+02,-7.40e+01,8.70e+01,3.20e+01
-4.31e+02,-8.80e+01,8.10e+01,2.90e+01
-2.23e+02,-6.97e+01,8.30e+01,2.90e+01
-2.21e+02,-6.92e+01,8.10e+01,3.00e+01
-2.20e+02,-6.51e+01,8.10e+01,3.00e+01
-2.21e+02,-6.85e+01,8.40e+01,3.00e+01
-2.19e+02,-6.61e+01,8.00e+01,2.90e+01
-4.29e+02,-7.45e+01,8.00e+01,3.00e+01
-2.22e+02,-7.08e+01,7.90e+01,2.90e+01
-3.00e+02,-6.43e+01,8.40e+01,2.90e+01
-2.32e+02,-7.95e+01,8.10e+01,2.90e+01
-4.33e+02,-9.69e+01,8.60e+01,3.00e+01
-2.20e+02,-6.62e+01,8.30e+01,2.90e+01
-2.31e+02,-7.21e+01,8.40e+01,2.90e+01
-2.26e+02,-6.23e+01,8.30e+01,2.90e+01
-2.24e+02,-8.14e+01,8.60e+01,3.00e+01
-2.39e+02,-9.32e+01,8.20e+01,3.00e+01
-2.33e+02,-6.92e+01,8.10e+01,3.10e+01
-2.18e+02,-5.71e+01,8.60e+01,3.10e+01
-2.21e+02,-7.69e+01,8.40e+01,2.90e+01
-4.35e+02,-1.12e+02,8.70e+01,3.10e+01
-2.21e+02,-6.28e+01,8.40e+01,3.10e+01
-2.49e+02,-8.80e+01,8.10e+01,2.90e+01
-4.28e+02,-6.78e+01,8.20e+01,3.00e+01
-2.21e+02,-7.22e+01,8.40e+01,2.90e+01
-2.23e+02,-7.65e+01,8.60e+01,3.00e+01
-2.30e+02,-8.40e+01,8.10e+01,3.00e+01
-2.23e+02,-7.63e+01,8.10e+01,2.90e+01
-2.21e+02,-7.22e+01,8.10e+01,3.00e+01
-2.92e+02,-7.40e+01,8.30e+01,2.90e+01
-2.29e+02,-7.34e+01,7.90e+01,2.90e+01
-2.25e+02,-7.46e+01,8.20e+01,3.00e+01
-2.41e+02,-8.23e+01,7.90e+01,2.90e+01
-2.94e+02,-7.29e+01,8.10e+01,3.00e+01
-2.20e+02,-6.25e+01,8.30e+01,2.90e+01
-2.94e+02,-7.85e+01,8.10e+01,2.90e+01
-2.22e+02,-7.06e+01,8.20e+01,3.10e+01
-2.18e+02,-6.64e+01,8.50e+01,3.00e+01
-2.24e+02,-6.73e+01,8.50e+01,3.00e+01
-4.28e+02,-6.63e+01,8.20e+01,3.10e+01
-3.06e+02,-7.86e+01,8.30e+01,2.90e+01
-2.24e+02,-7.61e+01,8.10e+01,3.00e+01
-2.33e+02,-7.75e+01,8.10e+01,3.00e+01
-2.75e+02,-7.20e+01,8.00e+01,3.00e+01
-2.31e+02,-7.72e+01,8.70e+01,3.10e+01
-2.16e+02,-5.62e+01,8.10e+01,2.90e+01
-2.22e+02,-6.01e+01,8.20e+01,3.00e+01
-3.03e+02,-1.02e+02,8.00e+01,3.00e+01
-2.27e+02,-8.09e+01,8.00e+01,2.90e+01
