-2.24e+02,-6.39e+01,1.55e+02,4.60e+01
-2.25e+02,-5.45e+01,1.65e+02,4.90e+01
-2.20e+02,-5.98e+01,1.64e+02,4.90e+01
-2.16e+02,-5.78e+01,1.60e+02,4.80e+01
-2.19e+02,-7.02e+01,1.61e+02,4.90e+01
-2.23e+02,-7.30e+01,1.55e+02,4.60e+01
-2.18e+02,-5.88e+01,1.65e+02,4.90e+01
-2.13e+02,-4.98e+01,1.56e+02,4.60e+01
-2.16e+02,-6.30e+01,1.57e+02,4.70e+01
-2.20e+02,-6.33e+01,1.60e+02,4.90e+01
-2.22e+02,-6.61e+01,1.64e+02,5.00e+01
-2.19e+02,-5.88e+01,1.61e+02,4.80e+01
-2.24e+02,-7.38e+01,1.56e+02,4.70e+01
-2.09e+02,-5.56e+01,1.65e+02,4.90e+01
-2.17e+02,-6.39e+01,1.57e+02,4.70e+01
-2.16e+02,-6.35e+01,1.60e+02,4.80e+01
-2.18e+02,-5.58e+01,1.64e+02,5.00e+01
-2.16e+02,-6.67e+01,1.61e+02,4.80e+01
-2.26e+02,-7.90e+01,1.56e+02,4.60e+01
-2.17e+02,-6.12e+01,1.66e+02,4.90e+01
-2.18e+02,-6.56e+01,1.57e+02,4.70e+01
-2.16e+02,-6.40e+01,1.60e+02,4.90e+01
-2.18e+02,-5.94e+01,1.65e+02,4.90e+01
-2.26e+02,-5.34e+01,1.62e+02,4.90e+01
-2.10e+02,-5.40e+01,1.61e+02,4.80e+01
-2.22e+02,-6.00e+01,1.56e+02,4.70e+01
-2.19e+02,-6.12e+01,1.66e+02,5.00e+01
-2.20e+02,-4.93e+01,1.64e+02,4.90e+01
-2.17e+02,-6.64e+01,1.65e+02,4.90e+01
-2.86e+02,-6.45e+01,1.61e+02,4.80e+01
-5.00e+02,-5.00e+02,1.60e+02,4.90e+01
-2.17e+02,-6.53e+01,1.66e+02,5.10e+01
-2.20e+02,-6.56e+01,1.61e+02,4.80e+01
-2.24e+02,-6.61e+01,1.66e+02,5.00e+01
-2.23e+02,-6.13e+01,1.66e+02,4.90e+01
-2.15e+02,-6.20e+01,1.66e+02,5.00e+01
-2.25e+02,-6.32e+01,1.64e+02,4.90e+01
-3.41e+02,-6.81e+01,1.61e+02,4.80e+01
-3.61e+02,-7.75e+01,1.57e+02,4.70e+01
-2.19e+02,-6.24e+01,1.62e+02,4.80e+01
-2.18e+02,-6.48e+01,1.60e+02,4.80e+01
-2.20e+02,-6.29e+01,1.64e+02,5.00e+01
-2.17e+02,-6.77e+01,1.62e+02,4.90e+01
-2.27e+02,-5.95e+01,1.60e+02,4.90e+01
-2.15e+02,-6.02e+01,1.66e+02,4.90e+01
-3.14e+02,-8.96e+01,1.61e+02,4.90e+01
-2.19e+02,-6.50e+01,1.62e+02,5.00e+01
-2.31e+02,-9.22e+01,1.56e+02,4.60e+01
-3.62e+02,-8.11e+01,1.56e+02,4.60e+01
-2.16e+02,-6.23e+01,1.65e+02,5.00e+01
-2.21e+02,-5.69e+01,1.56e+02,4.60e+01
-2.15e+02,-6.56e+01,1.66e+02,5.00e+01
-2.32e+02,-7.32e+01,1.56e+02,4.60e+01
-2.19e+02,-5.67e+01,1.55e+02,4.60e+01
-2.18e+02,-6.56e+01,1.66e+02,4.90e+01
-2.95e+02,-6.99e+01,1.58e+02,4.70e+01
-2.22e+02,-7.28e+01,1.60e+02,4.80e+01
-2.15e+02,-5.96e+01,1.65e+02,4.90e+01
-2.24e+02,-6.58e+01,1.57e+02,4.70e+01
-2.19e+02,-5.72e+01,1.57e+02,4.70e+01
-2.26e+02,-6.37e+01,1.61e+02,4.80e+01
-2.16e+02,-6.53e+01,1.61e+02,4.90e+01
-2.16e+02,-5.56e+01,1.56e+02,4.60e+01
-2.19e+02,-6.77e+01,1.60e+02,4.80e+01
-2.15e+02,-6.42e+01,1.60e+02,4.80e+01
-2.19e+02,-6.30e+01,1.62e+02,5.00e+01
-2.19e+02,-6.42e+01,1.62e+02,4.80e+01
-2.16e+02,-6.06e+01,1.62e+02,4.90e+01
-2.25e+02,-6.34e+01,1.60e+02,4.90e+01
-2.22e+02,-6.37e+01,1.66e+02,4.90e+01
-2.25e+02,-6.64e+01,1.56e+02,4.70e+01
-2.16e+02,-6.58e+01,1.65e+02,4.90e+01
-2.21e+02,-6.66e+01,1.66e+02,4.90e+01
-3.66e+02,-6.70e+01,1.66e+02,4.90e+01
-2.17e+02,-6.01e+01,1.65e+02,4.90e+01
-2.13e+02,-6.06e+01,1.62e+02,4.90e+01
-2.29e+02,-6.98e+01,1.57e+02,4.60e+01
-2.18e+02,-5.96e+01,1.56e+02,4.70e+01
-2.20e+02,-5.55e+01,1.66e+02,5.00e+01
-2.20e+02,-6.28e+01,1.61e+02,4.80e+01
-2.29e+02,-6.80e+01,1.55e+02,4.60e+01
-2.16e+02,-5.64e+01,1.65e+02,5.00e+01
-2.15e+02,-6.50e+01,1.62e+02,4.90e+01
-2.15e+02,-5.37e+01,1.64e+02,4.90e+01
-2.18e+02,-6.15e+01,1.55e+02,4.60e+01
-2.19e+02,-6.35e+01,1.65e+02,5.00e+01
-2.21e+02,-6.23e+01,1.65e+02,5.00e+01
-2.21e+02,-6.69e+01,1.65e+02,4.90e+01
-2.91e+02,-6.24e+01,1.65e+02,4.90e+01
-3.02e+02,-7.57e+01,1.61e+02,4.80e+01
-2.18e+02,-6.52e+01,1.63e+02,5.00e+01
-2.15e+02,-5.81e+01,1.65e+02,5.00e+01
-2.15e+02,-6.27e+01,1.61e+02,4.90e+01
-2.50e+02,-7.56e+01,1.55e+02,4.60e+01
-2.25e+02,-7.47e+01,1.58e+02,4.70e+01
-2.14e+02,-5.69e+01,1.67e+02,5.00e+01
-2.19e+02,-6.07e+01,1.57e+02,4.70e+01
-2.21e+02,-5.64e+01,1.61e+02,4.80e+01
-2.14e+02,-5.73e+01,1.57e+02,4.70e+01
-2.11e+02,-5.71e+01,1.60e+02,4.90e+01
-2.23e+02,-5.87e+01,1.57e+02,4.70e+01
-2.28e+02,-7.27e+01,1.57e+02,4.60e+01
-2.23e+02,-6.32e+01,1.66e+02,4.90e+01
-2.18e+02,-6.59e+01,1.66e+02,4.90e+01
-2.33e+02,-7.66e+01,1.66e+02,4.90e+01
-2.23e+02,-7.55e+01,1.56e+02,4.60e+01
-2.19e+02,-6.95e+01,1.57e+02,4.70e+01
-2.18e+02,-5.75e+01,1.66e+02,4.90e+01
-2.26e+02,-6.17e+01,1.55e+02,4.60e+01
-2.24e+02,-6.46e+01,1.61e+02,4.90e+01
-2.23e+02,-6.12e+01,1.66e+02,5.00e+01
-2.24e+02,-5.69e+01,1.62e+02,4.90e+01
-2.33e+02,-7.65e+01,1.57e+02,4.70e+01
-2.19e+02,-7.25e+01,1.62e+02,4.90e+01
-2.15e+02,-6.10e+01,1.60e+02,4.90e+01
-2.18e+02,-5.51e+01,1.61e+02,4.90e+01
-2.23e+02,-6.20e+01,1.57e+02,4.70e+01
-2.18e+02,-7.06e+01,1.56e+02,4.60e+01
-2.13e+02,-5.87e+01,1.64e+02,4.90e+01
-2.21e+02,-7.50e+01,1.57e+02,4.70e+01
-2.17e+02,-6.57e+01,1.61e+02,4.90e+01
-2.15e+02,-5.76e+01,1.65e+02,4.90e+01
-2.43e+02,-5.91e+01,1.55e+02,4.60e+01
-2.14e+02,-5.94e+01,1.65e+02,4.90e+01
-2.22e+02,-6.28e+01,1.60e+02,4.90e+01
-2.22e+02,-7.45e+01,1.57e+02,4.70e+01
-2.21e+02,-5.83e+01,1.65e+02,4.90e+01
-2.24e+02,-6.19e+01,1.64e+02,4.90e+01
-2.14e+02,-5.90e+01,1.60e+02,4.80e+01
-2.13e+02,-5.47e+01,1.56e+02,4.70e+01
-2.22e+02,-6.55e+01,1.56e+02,4.60e+01
-2.16e+02,-5.77e+01,1.56e+02,4.60e+01
-2.95e+02,-6.36e+01,1.60e+02,4.80e+01
-2.17e+02,-6.45e+01,1.65e+02,4.90e+01
-2.28e+02,-6.51e+01,1.64e+02,4.90e+01
-2.97e+02,-8.06e+01,1.55e+02,4.60e+01
-2.15e+02,-5.83e+01,1.61e+02,4.80e+01
-2.23e+02,-7.21e+01,1.60e+02,4.80e+01
-2.15e+02,-5.24e+01,1.60e+02,4.80e+01
-2.20e+02,-7.09e+01,1.57e+02,4.60e+01
-2.23e+02,-6.28e+01,1.65e+02,4.90e+01
-2.15e+02,-5.90e+01,1.62e+02,4.90e+01
-2.24e+02,-6.03e+01,1.64e+02,4.90e+01
-2.96e+02,-8.10e+01,1.60e+02,4.90e+01
-2.21e+02,-6.35e+01,1.61e+02,4.80e+01
-2.21e+02,-6.57e+01,1.66e+02,4.90e+01
-2.23e+02,-7.25e+01,1.56e+02,4.60e+01
-2.14e+02,-6.09e+01,1.65e+02,4.90e+01
-2.24e+02,-6.89e+01,1.65e+02,4.90e+01
-2.13e+02,-6.22e+01,1.65e+02,4.90e+01
-2.22e+02,-6.50e+01,1.62e+02,4.90e+01
-2.30e+02,-6.95e+01,1.57e+02,4.70e+01
-2.34e+02,-8.37e+01,1.58e+02,4.70e+01
-4.29e+02,-7.31e+01,1.66e+02,4.90e+01
-2.19e+02,-5.72e+01,1.64e+02,4.90e+01
-2.20e+02,-6.45e+01,1.60e+02,4.80e+01
-2.17e+02,-6.55e+01,1.66e+02,5.00e+01
-3.02e+02,-8.44e+01,1.60e+02,4.80e+01
-2.20e+02,-6.09e+01,1.56e+02,4.60e+01
-2.16e+02,-6.05e+01,1.67e+02,5.00e+01
-2.23e+02,-7.58e+01,1.59e+02,4.80e+01
-2.24e+02,-7.19e+01,1.61e+02,4.80e+01
-2.26e+02,-6.15e+01,1.65e+02,4.90e+01
-2.29e+02,-6.83e+01,1.58e+02,4.70e+01
-2.26e+02,-7.15e+01,1.56e+02,4.60e+01
-2.18e+02,-6.65e+01,1.56e+02,4.70e+01
-2.14e+02,-6.01e+01,1.61e+02,4.80e+01
-2.20e+02,-5.82e+01,1.62e+02,4.90e+01
-2.28e+02,-6.95e+01,1.56e+02,4.60e+01
-2.20e+02,-6.65e+01,1.55e+02,4.60e+01
-2.27e+02,-6.46e+01,1.61e+02,4.80e+01
-2.17e+02,-6.46e+01,1.57e+02,4.60e+01
-2.17e+02,-6.99e+01,1.65e+02,4.90e+01
-2.16e+02,-6.09e+01,1.61e+02,4.80e+01
-3.01e+02,-9.83e+01,1.56e+02,4.70e+01
-2.13e+02,-5.84e+01,1.61e+02,4.90e+01
-2.18e+02,-6.86e+01,1.57e+02,4.70e+01
-2.18e+02,-6.45e+01,1.56e+02,4.60e+01
-2.16e+02,-6.55e+01,1.64e+02,5.00e+01
-2.13e+02,-5.55e+01,1.60e+02,4.80e+01
-2.18e+02,-7.08e+01,1.56e+02,4.70e+01
-2.14e+02,-6.34e+01,1.64e+02,4.90e+01
-2.18e+02,-6.36e+01,1.57e+02,4.70e+01
-2.16e+02,-5.83e+01,1.65e+02,5.10e+01
-2.13e+02,-5.43e+01,1.60e+02,4.90e+01
-2.17e+02,-6.34e+01,1.60e+02,4.80e+01
-5.00e+02,-5.00e+02,1.60e+02,4.90e+01
-2.27e+02,-6.64e+01,1.55e+02,4.60e+01
-4.31e+02,-8.92e+01,1.60e+02,4.90e+01
-2.22e+02,-5.90e+01,1.56e+02,4.70e+01
-2.16e+02,-6.61e+01,1.65e+02,4.90e+01
-2.16e+02,-5.70e+01,1.60e+02,4.90e+01
