-1.28e+02,-4.67e+01,2.30e+01,1.80e+01
-9.31e+01,-5.19e+01,2.60e+01,2.00e+01
-9.11e+01,-5.31e+01,2.40e+01,1.90e+01
-8.96e+01,-6.28e+01,2.50e+01,1.90e+01
-1.26e+02,-4.47e+01,2.30e+01,1.80e+01
-7.83e+01,-5.21e+01,2.80e+01,2.00e+01
-9.00e+01,-5.56e+01,2.40e+01,1.90e+01
-8.04e+01,-5.76e+01,2.50e+01,1.90e+01
-1.33e+02,-4.83e+01,2.30e+01,1.80e+01
-7.97e+01,-4.93e+01,2.80e+01,1.90e+01
-7.97e+01,-5.21e+01,2.40e+01,1.90e+01
-7.82e+01,-4.63e+01,2.50e+01,1.90e+01
-1.27e+02,-4.80e+01,2.30e+01,1.80e+01
-7.82e+01,-4.31e+01,2.80e+01,1.90e+01
-9.25e+01,-4.75e+01,2.40e+01,1.90e+01
-8.03e+01,-5.06e+01,2.60e+01,2.00e+01
-8.24e+01,-4.75e+01,2.50e+01,1.90e+01
-1.30e+02,-4.79e+01,2.30e+01,1.80e+01
-7.60e+01,-4.98e+01,2.80e+01,1.90e+01
-8.84e+01,-5.48e+01,2.40e+01,1.90e+01
-7.55e+01,-5.08e+01,2.60e+01,1.90e+01
-8.36e+01,-5.57e+01,2.50e+01,1.90e+01
-1.24e+02,-4.56e+01,2.30e+01,1.80e+01
-7.95e+01,-5.01e+01,2.80e+01,2.00e+01
-9.81e+01,-5.35e+01,2.40e+01,1.90e+01
-8.35e+01,-5.15e+01,2.50e+01,1.90e+01
-9.37e+01,-6.65e+01,2.60e+01,2.00e+01
-8.34e+01,-6.78e+01,2.70e+01,2.00e+01
-8.81e+01,-4.71e+01,2.50e+01,1.90e+01
-8.04e+01,-5.31e+01,2.50e+01,1.90e+01
-1.24e+02,-4.73e+01,2.40e+01,1.90e+01
-8.31e+01,-6.21e+01,2.60e+01,2.00e+01
-3.68e+02,-8.08e+01,2.60e+01,2.00e+01
-1.28e+02,-4.26e+01,2.30e+01,1.80e+01
-9.41e+01,-5.22e+01,2.40e+01,1.90e+01
-1.30e+02,-4.72e+01,2.40e+01,1.90e+01
-4.24e+02,-4.56e+01,2.30e+01,1.80e+01
-8.95e+01,-5.06e+01,2.60e+01,1.90e+01
-8.18e+01,-4.90e+01,2.50e+01,1.90e+01
-1.29e+02,-4.48e+01,2.30e+01,1.80e+01
-1.25e+02,-4.55e+01,2.30e+01,1.80e+01
-9.13e+01,-4.82e+01,2.70e+01,2.10e+01
-1.32e+02,-4.80e+01,2.30e+01,1.80e+01
-1.64e+02,-4.33e+01,2.40e+01,1.90e+01
-1.26e+02,-4.63e+01,2.30e+01,1.80e+01
-1.32e+02,-4.67e+01,2.30e+01,1.80e+01
-7.43e+01,-4.75e+01,2.60e+01,1.90e+01
-1.67e+02,-4.93e+01,2.40e+01,1.90e+01
-9.01e+01,-5.11e+01,2.70e+01,2.10e+01
-2.01e+02,-4.44e+01,2.30e+01,1.80e+01
-9.20e+01,-4.85e+01,2.60e+01,2.00e+01
-8.52e+01,-5.70e+01,2.80e+01,1.90e+01
-1.25e+02,-4.63e+01,2.30e+01,1.80e+01
-7.92e+01,-4.37e+01,2.60e+01,1.90e+01
-9.54e+01,-5.69e+01,2.60e+01,2.00e+01
-1.28e+02,-4.46e+01,2.60e+01,2.00e+01
-9.83e+01,-6.05e+01,2.40e+01,1.90e+01
-1.24e+02,-4.72e+01,2.30e+01,1.80e+01
-1.26e+02,-4.38e+01,2.30e+01,1.80e+01
-9.31e+01,-4.67e+01,2.60e+01,2.00e+01
-8.76e+01,-5.76e+01,2.50e+01,1.90e+01
-9.31e+01,-4.67e+01,2.70e+01,2.10e+01
-7.81e+01,-4.46e+01,2.70e+01,2.10e+01
-1.33e+02,-4.72e+01,2.80e+01,2.00e+01
-1.34e+02,-4.03e+01,2.30e+01,1.80e+01
-2.07e+02,-4.61e+01,2.60e+01,2.00e+01
-1.18e+02,-6.68e+01,2.60e+01,2.00e+01
-1.53e+02,-4.77e+01,2.50e+01,1.90e+01
-9.01e+01,-5.14e+01,2.40e+01,1.90e+01
-8.57e+01,-4.86e+01,2.60e+01,2.00e+01
-1.24e+02,-4.47e+01,2.30e+01,1.80e+01
-1.38e+02,-4.67e+01,2.30e+01,1.80e+01
-1.24e+02,-4.67e+01,2.40e+01,1.90e+01
-9.59e+01,-4.26e+01,2.60e+01,2.00e+01
-1.28e+02,-4.48e+01,2.30e+01,1.80e+01
-9.93e+01,-6.06e+01,2.80e+01,1.90e+01
-8.85e+01,-4.83e+01,2.80e+01,2.00e+01
-1.30e+02,-4.69e+01,2.30e+01,1.80e+01
-1.56e+02,-4.78e+01,2.80e+01,2.00e+01
-1.09e+02,-5.61e+01,2.50e+01,1.90e+01
-1.26e+02,-4.55e+01,2.30e+01,1.80e+01
-8.49e+01,-4.86e+01,2.40e+01,1.90e+01
-8.74e+01,-4.60e+01,2.50e+01,1.90e+01
-9.03e+01,-6.63e+01,2.60e+01,2.00e+01
-1.48e+02,-5.01e+01,2.60e+01,2.00e+01
-1.08e+02,-5.38e+01,2.80e+01,1.90e+01
-9.84e+01,-5.64e+01,2.50e+01,1.90e+01
-8.51e+01,-5.33e+01,2.50e+01,1.90e+01
-1.23e+02,-4.59e+01,2.30e+01,1.80e+01
-8.58e+01,-5.25e+01,2.50e+01,2.00e+01
-1.25e+02,-4.71e+01,2.30e+01,1.80e+01
-1.73e+02,-4.33e+01,2.40e+01,1.90e+01
-9.89e+01,-7.29e+01,2.40e+01,1.90e+01
-9.84e+01,-5.57e+01,2.40e+01,1.90e+01
-1.25e+02,-4.37e+01,2.60e+01,2.00e+01
-1.27e+02,-4.47e+01,2.30e+01,1.80e+01
-7.87e+01,-5.10e+01,2.70e+01,2.10e+01
-9.32e+01,-5.25e+01,2.40e+01,1.90e+01
-5.00e+02,-5.00e+02,2.40e+01,1.90e+01
-8.14e+01,-5.15e+01,2.50e+01,1.90e+01
-1.31e+02,-4.91e+01,2.30e+01,1.80e+01
-1.36e+02,-4.74e+01,2.40e+01,1.90e+01
-8.64e+01,-5.80e+01,2.60e+01,2.00e+01
-7.82e+01,-5.20e+01,2.60e+01,2.00e+01
-1.26e+02,-4.70e+01,2.30e+01,1.80e+01
-1.21e+02,-4.36e+01,2.30e+01,1.80e+01
-1.29e+02,-4.70e+01,2.40e+01,1.90e+01
-8.90e+01,-5.26e+01,2.60e+01,2.00e+01
-8.62e+01,-4.79e+01,2.50e+01,1.90e+01
-8.01e+01,-5.41e+01,2.80e+01,1.90e+01
-8.89e+01,-4.17e+01,2.50e+01,1.90e+01
-3.75e+02,-8.97e+01,2.70e+01,2.10e+01
-8.96e+01,-4.60e+01,2.60e+01,2.00e+01
-1.35e+02,-4.65e+01,2.30e+01,1.80e+01
-8.38e+01,-4.95e+01,2.40e+01,1.90e+01
-1.30e+02,-4.53e+01,2.30e+01,1.80e+01
-9.46e+01,-4.51e+01,2.40e+01,1.90e+01
-8.69e+01,-4.90e+01,2.50e+01,1.90e+01
-1.24e+02,-4.51e+01,2.30e+01,1.80e+01
-8.15e+01,-5.28e+01,2.50e+01,1.90e+01
-9.90e+01,-5.84e+01,2.50e+01,1.90e+01
-1.29e+02,-4.78e+01,2.60e+01,2.00e+01
-9.30e+01,-6.11e+01,2.50e+01,1.90e+01
-9.37e+01,-5.88e+01,2.60e+01,2.00e+01
-1.26e+02,-4.62e+01,2.30e+01,1.80e+01
-1.26e+02,-4.13e+01,2.30e+01,1.80e+01
-8.80e+01,-5.35e+01,2.40e+01,1.90e+01
-1.14e+02,-6.04e+01,2.50e+01,1.90e+01
-8.32e+01,-4.25e+01,2.50e+01,1.90e+01
-1.29e+02,-4.52e+01,2.30e+01,1.80e+01
-1.57e+02,-5.74e+01,2.40e+01,1.90e+01
-1.27e+02,-4.67e+01,2.30e+01,1.80e+01
-1.02e+02,-5.95e+01,2.60e+01,2.00e+01
-1.26e+02,-4.35e+01,2.30e+01,1.80e+01
-9.30e+01,-6.08e+01,2.80e+01,1.90e+01
-1.32e+02,-8.94e+01,2.50e+01,2.00e+01
-7.76e+01,-4.71e+01,2.90e+01,2.00e+01
-8.19e+01,-4.58e+01,2.50e+01,2.00e+01
-1.26e+02,-4.70e+01,2.50e+01,1.90e+01
-1.25e+02,-4.75e+01,2.40e+01,1.90e+01
-1.71e+02,-5.27e+01,2.40e+01,1.90e+01
-8.08e+01,-5.34e+01,2.70e+01,2.00e+01
-7.93e+01,-4.71e+01,2.60e+01,2.00e+01
-1.34e+02,-4.54e+01,2.30e+01,1.80e+01
-1.28e+02,-4.83e+01,2.30e+01,1.80e+01
-1.27e+02,-4.82e+01,2.40e+01,1.90e+01
-1.66e+02,-5.56e+01,2.80e+01,2.00e+01
-1.30e+02,-4.45e+01,2.30e+01,1.80e+01
-1.28e+02,-4.66e+01,2.40e+01,1.90e+01
-7.83e+01,-5.18e+01,2.70e+01,2.00e+01
-7.99e+01,-5.46e+01,2.60e+01,2.00e+01
-9.74e+01,-4.66e+01,2.70e+01,2.10e+01
-1.71e+02,-4.27e+01,2.40e+01,1.90e+01
-9.00e+01,-4.70e+01,2.50e+01,2.00e+01
-7.65e+01,-5.08e+01,2.70e+01,2.00e+01
-1.03e+02,-5.58e+01,2.60e+01,2.00e+01
-1.30e+02,-4.41e+01,2.40e+01,1.80e+01
-8.51e+01,-4.80e+01,2.40e+01,1.90e+01
-1.46e+02,-1.22e+02,2.50e+01,1.90e+01
-1.28e+02,-4.75e+01,2.40e+01,1.90e+01
-1.09e+02,-6.38e+01,2.80e+01,2.00e+01
-8.89e+01,-5.17e+01,2.50e+01,1.90e+01
-8.32e+01,-4.98e+01,2.40e+01,1.90e+01
-1.25e+02,-4.48e+01,2.30e+01,1.80e+01
-1.01e+02,-5.27e+01,2.50e+01,1.90e+01
-8.25e+01,-4.89e+01,2.40e+01,1.90e+01
-1.24e+02,-4.19e+01,2.30e+01,1.80e+01
-8.30e+01,-5.32e+01,2.60e+01,2.00e+01
-1.27e+02,-4.63e+01,2.40e+01,1.80e+01
-2.02e+02,-4.44e+01,2.30e+01,1.80e+01
-9.10e+01,-6.15e+01,2.80e+01,2.00e+01
-9.62e+01,-5.43e+01,2.50e+01,1.90e+01
-1.23e+02,-4.20e+01,2.30e+01,1.80e+01
-8.51e+01,-4.42e+01,2.50e+01,1.90e+01
-7.96e+01,-4.64e+01,2.80e+01,1.90e+01
-1.28e+02,-4.83e+01,2.40e+01,1.90e+01
-1.34e+02,-4.58e+01,2.30e+01,1.80e+01
-8.67e+01,-4.97e+01,2.70e+01,2.10e+01
-1.26e+02,-4.59e+01,2.40e+01,1.90e+01
-7.80e+01,-4.54e+01,2.60e+01,2.00e+01
-7.91e+01,-4.17e+01,2.50e+01,1.90e+01
-1.25e+02,-4.50e+01,2.30e+01,1.80e+01
-8.73e+01,-6.49e+01,2.70e+01,2.10e+01
-8.89e+01,-5.72e+01,2.60e+01,2.00e+01
-3.73e+02,-8.51e+01,2.50e+01,1.90e+01
-1.29e+02,-4.97e+01,2.30e+01,1.80e+01
-8.12e+01,-5.11e+01,2.60e+01,1.90e+01
-1.30e+02,-4.82e+01,2.30e+01,1.80e+01
-1.25e+02,-4.64e+01,2.40e+01,1.90e+01
-8.30e+01,-5.01e+01,2.40e+01,1.90e+01
-1.02e+02,-5.37e+01,2.50e+01,1.90e+01
-4.28e+02,-6.75e+01,2.30e+01,1.80e+01
