-2.23e+02,-6.20e+01,2.00e+01,1.40e+01
-2.21e+02,-6.11e+01,1.80e+01,1.30e+01
-2.27e+02,-6.11e+01,1.90e+01,1.40e+01
-2.30e+02,-6.70e+01,1.80e+01,1.30e+01
-2.26e+02,-6.32e+01,3.20e+01,2.00e+01
-2.25e+02,-5.48e+01,1.90e+01,1.30e+01
-2.15e+02,-6.63e+01,2.70e+01,1.80e+01
-2.21e+02,-7.45e+01,3.00e+01,1.90e+01
-2.21e+02,-5.26e+01,3.10e+01,2.00e+01
-2.19e+02,-5.97e+01,2.90e+01,1.90e+01
-2.22e+02,-7.72e+01,1.80e+01,1.30e+01
-2.22e+02,-5.70e+01,3.20e+01,2.10e+01
-2.15e+02,-5.74e+01,1.90e+01,1.40e+01
-2.21e+02,-6.91e+01,2.60e+01,1.80e+01
-2.19e+02,-7.41e+01,2.80e+01,1.80e+01
-2.18e+02,-4.95e+01,2.90e+01,1.80e+01
-2.18e+02,-6.96e+01,1.80e+01,1.30e+01
-2.20e+02,-5.86e+01,3.50e+01,1.90e+01
-2.20e+02,-5.52e+01,2.60e+01,1.80e+01
-2.24e+02,-7.69e+01,1.90e+01,1.40e+01
-2.23e+02,-6.51e+01,2.00e+01,1.30e+01
-2.20e+02,-5.46e+01,2.90e+01,1.90e+01
-2.27e+02,-5.58e+01,1.80e+01,1.30e+01
-2.16e+02,-5.17e+01,3.00e+01,1.80e+01
-2.21e+02,-7.51e+01,1.90e+01,1.40e+01
-2.14e+02,-5.40e+01,2.10e+01,1.40e+01
-2.29e+02,-5.92e+01,2.60e+01,1.80e+01
-2.18e+02,-7.01e+01,1.80e+01,1.30e+01
-2.32e+02,-6.35e+01,3.20e+01,2.10e+01
-2.18e+02,-7.00e+01,2.00e+01,1.30e+01
-2.31e+02,-7.99e+01,2.60e+01,1.80e+01
-2.17e+02,-6.43e+01,1.80e+01,1.30e+01
-2.23e+02,-5.99e+01,3.50e+01,2.00e+01
-2.23e+02,-6.91e+01,2.70e+01,1.80e+01
-2.26e+02,-7.43e+01,2.00e+01,1.30e+01
-2.24e+02,-7.79e+01,1.90e+01,1.40e+01
-2.31e+02,-9.18e+01,1.80e+01,1.30e+01
-2.22e+02,-5.49e+01,2.90e+01,1.80e+01
-2.27e+02,-8.13e+01,2.60e+01,1.80e+01
-2.23e+02,-6.93e+01,2.70e+01,1.80e+01
-2.30e+02,-7.08e+01,1.80e+01,1.30e+01
-5.00e+02,-5.00e+02,1.80e+01,1.30e+01
-2.20e+02,-6.22e+01,3.10e+01,2.00e+01
-3.85e+02,-1.48e+02,1.90e+01,1.30e+01
-4.45e+02,-1.72e+02,1.80e+01,1.30e+01
-2.26e+02,-8.16e+01,3.40e+01,2.10e+01
-2.26e+02,-5.86e+01,2.70e+01,1.80e+01
-2.25e+02,-7.74e+01,2.70e+01,1.90e+01
-3.69e+02,-7.72e+01,1.90e+01,1.30e+01
-2.20e+02,-5.59e+01,3.00e+01,1.90e+01
-3.03e+02,-9.42e+01,3.00e+01,1.90e+01
-2.21e+02,-5.66e+01,1.90e+01,1.40e+01
-2.20e+02,-5.96e+01,3.20e+01,2.10e+01
-2.26e+02,-7.55e+01,1.90e+01,1.40e+01
-2.99e+02,-8.42e+01,2.10e+01,1.30e+01
-2.27e+02,-7.40e+01,2.00e+01,1.40e+01
-5.00e+02,-5.00e+02,2.60e+01,1.80e+01
-2.19e+02,-5.78e+01,2.00e+01,1.30e+01
-2.20e+02,-6.56e+01,2.80e+01,1.90e+01
-2.43e+02,-8.11e+01,1.80e+01,1.30e+01
-3.69e+02,-1.10e+02,2.00e+01,1.40e+01
-5.00e+02,-5.00e+02,2.90e+01,1.90e+01
-2.19e+02,-4.97e+01,1.90e+01,1.40e+01
-2.94e+02,-7.39e+01,2.80e+01,1.80e+01
-3.67e+02,-7.24e+01,1.80e+01,1.30e+01
-2.50e+02,-6.14e+01,2.90e+01,1.90e+01
-2.22e+02,-6.52e+01,2.00e+01,1.50e+01
-2.32e+02,-8.05e+01,1.80e+01,1.30e+01
-2.19e+02,-6.53e+01,3.50e+01,1.90e+01
-2.19e+02,-5.90e+01,2.00e+01,1.40e+01
-3.44e+02,-9.78e+01,3.60e+01,2.00e+01
-2.27e+02,-7.92e+01,2.00e+01,1.40e+01
-2.20e+02,-6.65e+01,3.10e+01,1.90e+01
-2.16e+02,-5.43e+01,2.60e+01,1.80e+01
-3.27e+02,-9.43e+01,1.80e+01,1.30e+01
-2.16e+02,-5.29e+01,3.00e+01,1.80e+01
-2.92e+02,-7.36e+01,2.70e+01,1.80e+01
-2.18e+02,-6.73e+01,2.10e+01,1.40e+01
-3.11e+02,-9.38e+01,1.80e+01,1.30e+01
-2.24e+02,-7.08e+01,1.80e+01,1.30e+01
-2.23e+02,-7.37e+01,3.20e+01,2.10e+01
-2.19e+02,-6.45e+01,2.60e+01,1.80e+01
-2.91e+02,-8.12e+01,1.80e+01,1.30e+01
-2.43e+02,-7.98e+01,2.00e+01,1.50e+01
-2.91e+02,-6.85e+01,1.80e+01,1.30e+01
-2.23e+02,-6.00e+01,2.10e+01,1.40e+01
-2.26e+02,-6.40e+01,3.10e+01,1.90e+01
-2.18e+02,-6.67e+01,1.90e+01,1.40e+01
-2.18e+02,-6.35e+01,2.60e+01,1.80e+01
-2.35e+02,-7.40e+01,2.90e+01,1.90e+01
-5.00e+02,-5.00e+02,1.80e+01,1.30e+01
-2.90e+02,-7.28e+01,1.80e+01,1.30e+01
-2.93e+02,-7.48e+01,2.60e+01,1.80e+01
-2.99e+02,-8.55e+01,1.80e+01,1.30e+01
-2.39e+02,-7.97e+01,1.90e+01,1.40e+01
-2.12e+02,-5.48e+01,1.90e+01,1.40e+01
-2.20e+02,-6.60e+01,2.00e+01,1.30e+01
-2.36e+02,-8.43e+01,1.80e+01,1.30e+01
-2.27e+02,-5.42e+01,3.20e+01,2.00e+01
-2.20e+02,-6.50e+01,1.90e+01,1.30e+01
-5.00e+02,-5.00e+02,2.00e+01,1.30e+01
-2.32e+02,-7.81e+01,3.20e+01,2.10e+01
-2.21e+02,-6.32e+01,1.80e+01,1.30e+01
-2.28e+02,-6.47e+01,1.90e+01,1.40e+01
-2.19e+02,-5.42e+01,2.60e+01,1.80e+01
-2.22e+02,-5.98e+01,1.80e+01,1.30e+01
-2.28e+02,-7.71e+01,1.80e+01,1.30e+01
-2.98e+02,-7.72e+01,2.00e+01,1.40e+01
-2.24e+02,-7.58e+01,1.90e+01,1.40e+01
-5.00e+02,-5.00e+02,1.90e+01,1.40e+01
-2.20e+02,-6.95e+01,2.00e+01,1.40e+01
-2.80e+02,-9.20e+01,2.90e+01,1.90e+01
-2.18e+02,-6.59e+01,1.80e+01,1.30e+01
-3.54e+02,-7.70e+01,1.90e+01,1.40e+01
-2.37e+02,-8.11e+01,2.60e+01,1.80e+01
-2.19e+02,-5.47e+01,2.90e+01,1.80e+01
-2.32e+02,-8.06e+01,1.80e+01,1.30e+01
-2.20e+02,-6.34e+01,2.90e+01,1.90e+01
-2.35e+02,-7.48e+01,2.80e+01,1.90e+01
-2.40e+02,-8.82e+01,1.80e+01,1.30e+01
-2.22e+02,-5.99e+01,2.00e+01,1.40e+01
-2.21e+02,-4.93e+01,3.20e+01,2.00e+01
-2.80e+02,-1.02e+02,1.90e+01,1.40e+01
-2.93e+02,-7.71e+01,2.90e+01,1.90e+01
-3.66e+02,-7.23e+01,2.00e+01,1.30e+01
-2.22e+02,-6.23e+01,1.90e+01,1.30e+01
-5.00e+02,-5.00e+02,2.90e+01,1.90e+01
-3.24e+02,-1.18e+02,1.90e+01,1.30e+01
-2.85e+02,-1.29e+02,3.30e+01,2.00e+01
-2.30e+02,-8.50e+01,2.00e+01,1.50e+01
-2.36e+02,-7.78e+01,2.90e+01,1.80e+01
-2.32e+02,-7.08e+01,2.00e+01,1.40e+01
-2.22e+02,-6.56e+01,1.80e+01,1.30e+01
-2.93e+02,-7.93e+01,3.10e+01,2.00e+01
-2.32e+02,-7.80e+01,2.90e+01,1.90e+01
-2.21e+02,-5.72e+01,2.20e+01,1.50e+01
-2.32e+02,-8.43e+01,1.90e+01,1.30e+01
-2.28e+02,-7.23e+01,2.70e+01,1.80e+01
-2.16e+02,-6.11e+01,3.00e+01,1.80e+01
-2.26e+02,-6.46e+01,3.00e+01,1.90e+01
-5.00e+02,-5.00e+02,2.80e+01,1.80e+01
-2.17e+02,-5.19e+01,2.00e+01,1.40e+01
-2.19e+02,-6.79e+01,1.90e+01,1.40e+01
-5.00e+02,-5.00e+02,2.70e+01,1.80e+01
-2.28e+02,-5.57e+01,3.10e+01,2.00e+01
-4.30e+02,-8.42e+01,2.60e+01,1.80e+01
-2.38e+02,-7.95e+01,1.90e+01,1.40e+01
-3.00e+02,-1.08e+02,2.80e+01,1.80e+01
-2.23e+02,-5.76e+01,1.80e+01,1.30e+01
-2.48e+02,-1.11e+02,1.80e+01,1.30e+01
-3.69e+02,-1.04e+02,1.90e+01,1.30e+01
-2.18e+02,-6.58e+01,2.60e+01,1.80e+01
-2.22e+02,-6.94e+01,3.10e+01,2.00e+01
-2.21e+02,-5.38e+01,1.80e+01,1.30e+01
-2.34e+02,-5.99e+01,1.80e+01,1.30e+01
-2.32e+02,-6.40e+01,1.80e+01,1.30e+01
-3.69e+02,-8.40e+01,1.90e+01,1.30e+01
-2.30e+02,-8.16e+01,3.10e+01,2.00e+01
-2.22e+02,-5.63e+01,2.60e+01,1.80e+01
-5.00e+02,-5.00e+02,1.80e+01,1.30e+01
-2.52e+02,-7.52e+01,2.00e+01,1.40e+01
-2.21e+02,-5.91e+01,1.80e+01,1.30e+01
-3.89e+02,-1.62e+02,2.00e+01,1.40e+01
-2.17e+02,-5.55e+01,2.00e+01,1.50e+01
-3.71e+02,-9.00e+01,3.20e+01,2.10e+01
-2.24e+02,-4.99e+01,3.20e+01,2.00e+01
-2.99e+02,-9.50e+01,1.90e+01,1.40e+01
-2.21e+02,-6.50e+01,2.70e+01,1.80e+01
-2.95e+02,-7.88e+01,1.90e+01,1.30e+01
-2.26e+02,-6.49e+01,3.20e+01,2.00e+01
-2.14e+02,-5.83e+01,3.40e+01,2.20e+01
-2.30e+02,-7.64e+01,2.00e+01,1.30e+01
-5.00e+02,-5.00e+02,2.90e+01,1.90e+01
-2.18e+02,-6.16e+01,3.40e+01,2.20e+01
-2.16e+02,-5.57e+01,2.20e+01,1.50e+01
-5.00e+02,-5.00e+02,2.00e+01,1.30e+01
-2.27e+02,-6.17e+01,3.50e+01,1.90e+01
-2.39e+02,-8.25e+01,2.70e+01,1.80e+01
-2.28e+02,-8.43e+01,2.00e+01,1.30e+01
-2.53e+02,-7.64e+01,3.00e+01,1.80e+01
-2.26e+02,-7.53e+01,1.90e+01,1.30e+01
-5.00e+02,-5.00e+02,3.10e+01,2.00e+01
-2.25e+02,-5.92e+01,3.20e+01,2.10e+01
-3.41e+02,-1.01e+02,2.70e+01,1.80e+01
-5.00e+02,-5.00e+02,2.60e+01,1.80e+01
-2.21e+02,-7.63e+01,2.90e+01,1.90e+01
-2.39e+02,-8.47e+01,1.80e+01,1.30e+01
-2.20e+02,-5.87e+01,3.50e+01,2.00e+01
-2.91e+02,-7.59e+01,2.10e+01,1.30e+01
-2.27e+02,-5.48e+01,2.10e+01,1.50e+01
-2.24e+02,-6.51e+01,2.60e+01,1.80e+01
-3.69e+02,-7.16e+01,2.10e+01,1.40e+01
