-2.20e+02,-5.86e+01,3.40e+01,2.00e+01
-2.20e+02,-7.10e+01,3.10e+01,2.00e+01
-2.22e+02,-6.88e+01,3.60e+01,2.10e+01
-2.23e+02,-7.82e+01,3.70e+01,2.20e+01
-2.24e+02,-6.63e+01,3.40e+01,2.10e+01
-2.22e+02,-6.93e+01,3.40e+01,2.10e+01
-2.28e+02,-7.89e+01,3.30e+01,2.10e+01
-2.21e+02,-7.43e+01,3.40e+01,2.20e+01
-2.97e+02,-7.47e+01,3.40e+01,2.00e+01
-2.25e+02,-6.74e+01,3.30e+01,2.10e+01
-2.17e+02,-5.17e+01,3.50e+01,2.10e+01
-2.21e+02,-6.70e+01,3.50e+01,2.20e+01
-2.20e+02,-7.67e+01,3.80e+01,2.20e+01
-2.18e+02,-5.30e+01,3.10e+01,2.00e+01
-2.23e+02,-7.14e+01,3.60e+01,2.10e+01
-2.21e+02,-5.78e+01,3.40e+01,2.00e+01
-2.21e+02,-5.62e+01,3.40e+01,2.10e+01
-2.22e+02,-6.77e+01,3.70e+01,2.20e+01
-2.27e+02,-6.08e+01,3.40e+01,2.10e+01
-2.24e+02,-6.62e+01,3.30e+01,2.10e+01
-2.31e+02,-6.50e+01,3.60e+01,2.10e+01
-2.14e+02,-6.41e+01,3.40e+01,2.20e+01
-2.19e+02,-7.33e+01,3.20e+01,2.00e+01
-2.22e+02,-7.51e+01,3.70e+01,2.20e+01
-2.20e+02,-5.86e+01,3.40e+01,2.10e+01
-2.27e+02,-5.81e+01,3.20e+01,2.10e+01
-2.20e+02,-6.69e+01,3.40e+01,2.10e+01
-2.20e+02,-5.37e+01,3.70e+01,2.20e+01
-2.86e+02,-5.24e+01,3.30e+01,2.10e+01
-2.24e+02,-6.64e+01,3.50e+01,2.20e+01
-2.19e+02,-5.72e+01,3.40e+01,2.20e+01
-2.19e+02,-5.57e+01,3.40e+01,2.10e+01
-2.22e+02,-6.25e+01,3.30e+01,2.10e+01
-2.22e+02,-5.91e+01,3.20e+01,2.10e+01
-2.19e+02,-7.44e+01,3.80e+01,2.20e+01
-2.17e+02,-5.80e+01,3.30e+01,2.10e+01
-2.20e+02,-6.62e+01,3.20e+01,2.00e+01
-2.20e+02,-7.68e+01,3.20e+01,2.10e+01
-2.30e+02,-6.93e+01,3.30e+01,2.10e+01
-2.28e+02,-7.90e+01,3.60e+01,2.20e+01
-2.23e+02,-7.86e+01,3.10e+01,2.00e+01
-2.92e+02,-6.45e+01,3.40e+01,2.00e+01
-2.26e+02,-7.74e+01,3.30e+01,2.10e+01
-2.23e+02,-6.10e+01,3.10e+01,2.00e+01
-2.32e+02,-8.87e+01,3.60e+01,2.10e+01
-2.24e+02,-6.55e+01,3.40e+01,2.10e+01
-2.18e+02,-6.15e+01,3.20e+01,2.00e+01
-2.21e+02,-6.96e+01,3.70e+01,2.20e+01
-3.00e+02,-8.62e+01,3.40e+01,2.00e+01
-2.95e+02,-7.89e+01,3.20e+01,2.00e+01
-3.77e+02,-8.58e+01,3.90e+01,2.20e+01
-2.23e+02,-5.75e+01,3.50e+01,2.20e+01
-2.26e+02,-5.07e+01,3.90e+01,2.20e+01
-2.22e+02,-6.34e+01,3.50e+01,2.30e+01
-2.22e+02,-6.46e+01,3.40e+01,2.10e+01
-2.22e+02,-6.32e+01,3.40e+01,2.10e+01
-2.28e+02,-6.31e+01,3.30e+01,2.10e+01
-2.46e+02,-9.25e+01,3.40e+01,2.10e+01
-4.33e+02,-9.86e+01,3.50e+01,2.20e+01
-2.33e+02,-8.42e+01,3.50e+01,2.20e+01
-2.22e+02,-7.55e+01,3.40e+01,2.20e+01
-2.27e+02,-6.75e+01,3.50e+01,2.20e+01
-2.19e+02,-5.64e+01,3.40e+01,2.10e+01
-2.24e+02,-6.09e+01,3.80e+01,2.20e+01
-2.23e+02,-6.08e+01,3.60e+01,2.20e+01
-2.18e+02,-7.03e+01,3.40e+01,2.10e+01
-2.27e+02,-6.69e+01,3.30e+01,2.10e+01
-2.22e+02,-6.72e+01,3.30e+01,2.10e+01
-2.27e+02,-7.77e+01,3.60e+01,2.10e+01
-2.23e+02,-6.29e+01,3.40e+01,2.10e+01
-2.41e+02,-8.93e+01,3.60e+01,2.10e+01
-2.37e+02,-7.46e+01,3.40e+01,2.00e+01
-2.21e+02,-6.57e+01,3.50e+01,2.20e+01
-2.22e+02,-6.13e+01,3.40e+01,2.10e+01
-2.17e+02,-5.97e+01,3.40e+01,2.20e+01
-2.15e+02,-5.76e+01,3.50e+01,2.10e+01
-2.16e+02,-6.04e+01,3.70e+01,2.20e+01
-2.95e+02,-8.86e+01,3.40e+01,2.00e+01
-2.31e+02,-5.11e+01,3.50e+01,2.10e+01
-2.28e+02,-7.95e+01,3.50e+01,2.20e+01
-2.21e+02,-5.22e+01,3.80e+01,2.20e+01
-2.36e+02,-8.79e+01,3.40e+01,2.10e+01
-2.92e+02,-7.85e+01,3.40e+01,2.10e+01
-2.27e+02,-6.19e+01,3.60e+01,2.10e+01
-2.23e+02,-7.07e+01,3.80e+01,2.20e+01
-3.67e+02,-9.70e+01,3.40e+01,2.20e+01
-2.17e+02,-6.58e+01,3.30e+01,2.00e+01
-5.00e+02,-5.00e+02,3.10e+01,2.00e+01
-2.17e+02,-5.35e+01,3.80e+01,2.20e+01
-2.28e+02,-6.31e+01,3.40e+01,2.10e+01
-2.22e+02,-6.60e+01,3.40e+01,2.20e+01
-2.37e+02,-8.74e+01,3.40e+01,2.10e+01
-2.19e+02,-5.53e+01,3.40e+01,2.10e+01
-2.30e+02,-7.44e+01,3.40e+01,2.00e+01
-3.04e+02,-7.68e+01,3.40e+01,2.10e+01
-2.17e+02,-5.05e+01,3.80e+01,2.20e+01
-2.23e+02,-6.17e+01,3.60e+01,2.20e+01
-2.25e+02,-8.15e+01,3.40e+01,2.20e+01
-2.33e+02,-7.01e+01,3.40e+01,2.10e+01
-2.91e+02,-7.98e+01,3.20e+01,2.00e+01
-2.31e+02,-4.97e+01,3.20e+01,2.00e+01
-3.29e+02,-1.26e+02,3.40e+01,2.10e+01
-2.18e+02,-6.37e+01,3.40e+01,2.20e+01
-2.24e+02,-7.68e+01,3.60e+01,2.10e+01
-2.17e+02,-5.15e+01,3.50e+01,2.20e+01
-3.07e+02,-1.04e+02,3.30e+01,2.10e+01
-3.32e+02,-8.45e+01,3.40e+01,2.20e+01
-2.18e+02,-6.77e+01,3.60e+01,2.10e+01
-2.36e+02,-7.39e+01,3.40e+01,2.10e+01
-2.23e+02,-6.89e+01,3.50e+01,2.00e+01
-2.24e+02,-8.12e+01,3.40e+01,2.20e+01
-2.24e+02,-5.84e+01,3.40e+01,2.20e+01
-2.21e+02,-7.47e+01,3.60e+01,2.10e+01
-2.42e+02,-8.73e+01,3.20e+01,2.10e+01
-2.19e+02,-5.23e+01,3.10e+01,2.00e+01
-2.21e+02,-6.08e+01,3.10e+01,2.00e+01
-2.24e+02,-5.94e+01,3.40e+01,2.00e+01
-4.43e+02,-1.57e+02,3.60e+01,2.10e+01
-2.75e+02,-1.22e+02,3.70e+01,2.20e+01
-2.93e+02,-6.36e+01,3.50e+01,2.20e+01
-2.25e+02,-6.39e+01,3.10e+01,2.00e+01
-2.20e+02,-4.88e+01,3.40e+01,2.10e+01
-2.28e+02,-7.40e+01,3.40e+01,2.10e+01
-2.31e+02,-8.64e+01,3.40e+01,2.10e+01
-2.20e+02,-5.15e+01,3.30e+01,2.10e+01
-2.26e+02,-7.18e+01,3.60e+01,2.10e+01
-2.25e+02,-5.80e+01,3.60e+01,2.10e+01
-2.29e+02,-5.61e+01,3.70e+01,2.20e+01
-2.29e+02,-8.34e+01,3.40e+01,2.20e+01
-2.21e+02,-6.63e+01,3.10e+01,2.00e+01
-3.12e+02,-6.44e+01,3.40e+01,2.00e+01
-2.97e+02,-7.96e+01,3.40e+01,2.00e+01
-2.71e+02,-7.44e+01,3.50e+01,2.10e+01
-2.21e+02,-6.89e+01,3.10e+01,2.00e+01
-2.81e+02,-8.24e+01,3.50e+01,2.10e+01
-2.18e+02,-5.94e+01,3.90e+01,2.30e+01
-2.21e+02,-7.36e+01,3.70e+01,2.20e+01
-3.64e+02,-8.00e+01,3.40e+01,2.10e+01
-2.24e+02,-7.52e+01,3.40e+01,2.10e+01
-2.93e+02,-8.12e+01,3.40e+01,2.00e+01
-2.52e+02,-7.60e+01,3.70e+01,2.20e+01
-2.25e+02,-6.79e+01,3.10e+01,2.00e+01
-2.29e+02,-7.94e+01,3.40e+01,2.00e+01
-2.27e+02,-5.75e+01,3.60e+01,2.10e+01
-2.91e+02,-7.91e+01,3.40e+01,2.00e+01
-2.23e+02,-6.87e+01,3.60e+01,2.10e+01
-2.17e+02,-6.15e+01,3.50e+01,2.10e+01
-2.19e+02,-6.86e+01,3.40e+01,2.20e+01
-2.23e+02,-5.87e+01,3.40e+01,2.10e+01
-2.22e+02,-6.22e+01,3.40e+01,2.10e+01
-2.58e+02,-6.87e+01,3.60e+01,2.10e+01
-3.95e+02,-1.64e+02,3.50e+01,2.10e+01
-2.23e+02,-6.06e+01,3.50e+01,2.10e+01
-2.18e+02,-5.58e+01,3.30e+01,2.10e+01
-2.23e+02,-7.68e+01,3.70e+01,2.20e+01
-2.18e+02,-5.83e+01,3.40e+01,2.00e+01
-2.55e+02,-8.98e+01,3.60e+01,2.40e+01
-4.28e+02,-2.21e+02,3.40e+01,2.00e+01
-2.26e+02,-8.08e+01,3.30e+01,2.10e+01
-2.35e+02,-8.22e+01,3.70e+01,2.20e+01
-2.31e+02,-7.16e+01,3.40e+01,2.10e+01
-3.72e+02,-9.79e+01,3.30e+01,2.10e+01
-2.16e+02,-5.28e+01,3.50e+01,2.10e+01
-2.28e+02,-7.22e+01,3.70e+01,2.20e+01
-2.22e+02,-6.81e+01,3.60e+01,2.20e+01
-2.57e+02,-8.22e+01,3.80e+01,2.20e+01
-2.24e+02,-5.52e+01,3.70e+01,2.20e+01
-2.31e+02,-7.45e+01,3.20e+01,2.10e+01
-2.18e+02,-5.55e+01,3.40e+01,2.10e+01
-2.29e+02,-8.23e+01,3.40e+01,2.10e+01
-2.16e+02,-5.26e+01,3.50e+01,2.20e+01
-2.21e+02,-6.87e+01,3.40e+01,2.10e+01
-3.71e+02,-1.23e+02,3.50e+01,2.20e+01
-3.35e+02,-8.56e+01,3.40e+01,2.00e+01
-2.92e+02,-8.36e+01,3.50e+01,2.30e+01
-2.26e+02,-5.84e+01,3.40e+01,2.10e+01
-2.91e+02,-6.61e+01,3.60e+01,2.10e+01
-2.21e+02,-6.75e+01,3.20e+01,2.00e+01
-2.93e+02,-7.79e+01,3.40e+01,2.00e+01
-2.20e+02,-6.42e+01,3.30e+01,2.10e+01
-2.22e+02,-7.03e+01,3.60e+01,2.10e+01
-5.00e+02,-5.00e+02,3.70e+01,2.20e+01
-2.20e+02,-6.44e+01,3.60e+01,2.10e+01
-2.23e+02,-7.06e+01,3.70e+01,2.20e+01
-2.97e+02,-7.40e+01,3.70e+01,2.20e+01
-2.18e+02,-5.18e+01,3.40e+01,2.20e+01
-3.76e+02,-1.13e+02,3.40e+01,2.10e+01
-2.64e+02,-7.80e+01,3.40e+01,2.00e+01
-2.49e+02,-6.84e+01,3.20e+01,2.00e+01
-2.22e+02,-6.62e+01,3.50e+01,2.10e+01
-2.17e+02,-6.20e+01,3.20e+01,2.10e+01
-2.24e+02,-7.16e+01,3.60e+01,2.30e+01
