-2.22e+02,-7.55e+01,3.10e+01,2.00e+01
-2.18e+02,-5.96e+01,3.40e+01,2.20e+01
-2.23e+02,-6.16e+01,3.20e+01,2.10e+01
-2.17e+02,-6.03e+01,3.10e+01,2.00e+01
-2.18e+02,-5.51e+01,3.40e+01,2.10e+01
-2.23e+02,-6.02e+01,3.20e+01,2.00e+01
-2.16e+02,-5.40e+01,3.30e+01,2.10e+01
-2.20e+02,-5.83e+01,3.10e+01,2.00e+01
-2.24e+02,-5.72e+01,3.30e+01,2.00e+01
-2.17e+02,-5.99e+01,3.20e+01,2.00e+01
-2.18e+02,-5.60e+01,3.10e+01,2.00e+01
-2.18e+02,-6.16e+01,3.50e+01,2.20e+01
-2.26e+02,-5.68e+01,3.30e+01,2.00e+01
-2.22e+02,-5.91e+01,3.20e+01,2.00e+01
-2.29e+02,-5.95e+01,3.10e+01,2.00e+01
-2.25e+02,-7.13e+01,3.30e+01,2.00e+01
-2.22e+02,-5.90e+01,3.20e+01,2.00e+01
-2.19e+02,-6.86e+01,3.10e+01,2.00e+01
-2.21e+02,-6.14e+01,3.50e+01,2.00e+01
-2.17e+02,-5.66e+01,3.30e+01,2.00e+01
-2.26e+02,-5.88e+01,3.20e+01,2.00e+01
-2.36e+02,-5.92e+01,3.40e+01,2.10e+01
-2.16e+02,-5.36e+01,3.10e+01,2.00e+01
-2.20e+02,-5.37e+01,3.40e+01,2.20e+01
-2.16e+02,-6.02e+01,3.30e+01,2.10e+01
-2.34e+02,-5.66e+01,3.20e+01,2.10e+01
-2.19e+02,-6.17e+01,3.10e+01,2.00e+01
-2.19e+02,-5.77e+01,4.10e+01,2.30e+01
-2.17e+02,-6.25e+01,3.40e+01,2.10e+01
-2.25e+02,-5.04e+01,3.20e+01,2.00e+01
-2.18e+02,-7.12e+01,3.30e+01,2.10e+01
-2.19e+02,-7.11e+01,3.10e+01,2.00e+01
-2.14e+02,-5.64e+01,3.50e+01,2.00e+01
-2.32e+02,-8.41e+01,3.30e+01,2.00e+01
-2.22e+02,-6.21e+01,3.20e+01,2.00e+01
-2.15e+02,-6.26e+01,3.40e+01,2.10e+01
-2.21e+02,-5.63e+01,3.10e+01,2.00e+01
-2.24e+02,-5.96e+01,3.30e+01,2.10e+01
-2.24e+02,-6.78e+01,3.20e+01,2.00e+01
-2.37e+02,-7.56e+01,3.10e+01,2.00e+01
-3.02e+02,-9.91e+01,3.20e+01,2.00e+01
-3.13e+02,-7.30e+01,3.30e+01,2.00e+01
-2.31e+02,-7.54e+01,3.30e+01,2.00e+01
-2.27e+02,-6.70e+01,3.20e+01,2.00e+01
-2.26e+02,-7.70e+01,3.10e+01,2.00e+01
-2.19e+02,-6.94e+01,3.30e+01,2.10e+01
-3.61e+02,-8.29e+01,3.40e+01,2.10e+01
-2.24e+02,-5.45e+01,3.30e+01,2.10e+01
-2.19e+02,-5.42e+01,3.40e+01,2.10e+01
-2.17e+02,-6.05e+01,3.50e+01,2.10e+01
-3.75e+02,-9.45e+01,3.50e+01,2.10e+01
-2.93e+02,-8.03e+01,3.20e+01,2.00e+01
-2.20e+02,-5.00e+01,3.60e+01,2.20e+01
-2.18e+02,-5.50e+01,3.50e+01,2.00e+01
-2.34e+02,-8.97e+01,3.20e+01,2.00e+01
-2.25e+02,-7.45e+01,3.40e+01,2.20e+01
-2.19e+02,-5.52e+01,4.10e+01,2.30e+01
-2.21e+02,-5.83e+01,3.20e+01,2.00e+01
-2.22e+02,-5.63e+01,3.10e+01,2.00e+01
-2.24e+02,-6.66e+01,3.20e+01,2.10e+01
-2.19e+02,-6.07e+01,3.10e+01,2.00e+01
-2.29e+02,-8.82e+01,3.30e+01,2.00e+01
-2.17e+02,-5.78e+01,3.10e+01,2.00e+01
-4.29e+02,-7.83e+01,3.20e+01,2.00e+01
-2.22e+02,-6.18e+01,3.10e+01,2.00e+01
-2.22e+02,-5.80e+01,3.20e+01,2.10e+01
-2.26e+02,-5.92e+01,3.30e+01,2.00e+01
-2.32e+02,-8.49e+01,3.40e+01,2.20e+01
-2.36e+02,-6.85e+01,3.30e+01,2.10e+01
-3.01e+02,-8.71e+01,3.30e+01,2.00e+01
-2.29e+02,-7.72e+01,4.10e+01,2.30e+01
-2.16e+02,-6.38e+01,3.20e+01,2.00e+01
-3.74e+02,-1.06e+02,3.10e+01,2.00e+01
-4.03e+02,-1.83e+02,3.30e+01,2.00e+01
-2.18e+02,-5.37e+01,3.40e+01,2.00e+01
-2.19e+02,-6.48e+01,3.20e+01,2.10e+01
-2.19e+02,-6.14e+01,3.30e+01,2.00e+01
-2.28e+02,-7.76e+01,3.30e+01,2.00e+01
-2.36e+02,-7.40e+01,3.20e+01,2.00e+01
-2.26e+02,-7.14e+01,3.30e+01,2.00e+01
-3.02e+02,-7.51e+01,3.40e+01,2.20e+01
-2.32e+02,-7.31e+01,3.20e+01,2.00e+01
-5.00e+02,-5.00e+02,3.40e+01,2.10e+01
-2.19e+02,-7.34e+01,3.20e+01,2.10e+01
-5.00e+02,-5.00e+02,3.30e+01,2.00e+01
-2.23e+02,-6.99e+01,3.30e+01,2.00e+01
-2.38e+02,-5.76e+01,3.10e+01,2.00e+01
-2.26e+02,-5.41e+01,3.30e+01,2.10e+01
-2.16e+02,-5.79e+01,3.20e+01,2.10e+01
-2.25e+02,-6.16e+01,3.20e+01,2.00e+01
-2.68e+02,-1.16e+02,3.40e+01,2.20e+01
-5.00e+02,-5.00e+02,3.20e+01,2.10e+01
-3.69e+02,-9.00e+01,3.60e+01,2.00e+01
-2.14e+02,-4.99e+01,3.40e+01,2.10e+01
-2.15e+02,-5.11e+01,4.10e+01,2.30e+01
-2.21e+02,-6.32e+01,3.40e+01,2.10e+01
-2.22e+02,-6.04e+01,3.30e+01,2.00e+01
-2.24e+02,-7.36e+01,3.30e+01,2.10e+01
-2.18e+02,-5.26e+01,3.10e+01,2.00e+01
-2.18e+02,-6.73e+01,3.30e+01,2.00e+01
-2.24e+02,-7.62e+01,3.30e+01,2.00e+01
-2.24e+02,-6.06e+01,3.20e+01,2.00e+01
-2.20e+02,-7.65e+01,3.30e+01,2.10e+01
-2.32e+02,-7.89e+01,3.20e+01,2.00e+01
-2.28e+02,-5.30e+01,3.10e+01,2.00e+01
-2.22e+02,-7.46e+01,3.20e+01,2.00e+01
-2.22e+02,-5.71e+01,3.10e+01,2.00e+01
-2.22e+02,-7.13e+01,3.10e+01,2.00e+01
-2.23e+02,-7.02e+01,3.30e+01,2.10e+01
-2.21e+02,-7.16e+01,3.20e+01,2.00e+01
-2.34e+02,-6.60e+01,3.20e+01,2.10e+01
-3.02e+02,-7.94e+01,3.20e+01,2.00e+01
-3.73e+02,-8.37e+01,3.20e+01,2.00e+01
-2.26e+02,-6.92e+01,3.50e+01,2.20e+01
-2.27e+02,-5.46e+01,3.50e+01,2.10e+01
-2.26e+02,-6.13e+01,3.20e+01,2.00e+01
-2.76e+02,-8.67e+01,3.20e+01,2.00e+01
-2.26e+02,-6.47e+01,3.30e+01,2.00e+01
-2.24e+02,-6.90e+01,3.30e+01,2.10e+01
-2.38e+02,-9.91e+01,3.30e+01,2.00e+01
-5.00e+02,-5.00e+02,3.10e+01,2.00e+01
-2.21e+02,-5.68e+01,3.20e+01,2.10e+01
-2.23e+02,-6.74e+01,3.50e+01,2.20e+01
-2.29e+02,-8.33e+01,3.40e+01,2.10e+01
-2.22e+02,-6.58e+01,3.60e+01,2.30e+01
-2.24e+02,-5.14e+01,3.40e+01,2.00e+01
-2.16e+02,-5.53e+01,3.30e+01,2.00e+01
-3.64e+02,-8.55e+01,3.50e+01,2.20e+01
-2.62e+02,-8.31e+01,3.20e+01,2.10e+01
-3.69e+02,-9.23e+01,3.30e+01,2.10e+01
-2.31e+02,-8.76e+01,3.10e+01,2.00e+01
-2.24e+02,-5.91e+01,3.60e+01,2.00e+01
-2.39e+02,-9.05e+01,3.40e+01,2.20e+01
-2.25e+02,-6.35e+01,3.20e+01,2.10e+01
-2.29e+02,-5.61e+01,3.50e+01,2.00e+01
-2.24e+02,-6.53e+01,3.30e+01,2.10e+01
-2.27e+02,-7.75e+01,3.30e+01,2.10e+01
-2.18e+02,-6.35e+01,3.30e+01,2.00e+01
-2.24e+02,-7.24e+01,3.50e+01,2.20e+01
-2.26e+02,-7.75e+01,3.10e+01,2.00e+01
-2.20e+02,-5.97e+01,3.50e+01,2.20e+01
-2.21e+02,-6.64e+01,4.10e+01,2.30e+01
-3.49e+02,-8.49e+01,3.30e+01,2.00e+01
-2.66e+02,-7.68e+01,3.30e+01,2.10e+01
-2.19e+02,-5.83e+01,3.30e+01,2.00e+01
-3.66e+02,-8.14e+01,3.20e+01,2.00e+01
-2.25e+02,-5.23e+01,3.40e+01,2.00e+01
-2.30e+02,-8.00e+01,3.50e+01,2.20e+01
-2.30e+02,-7.96e+01,3.50e+01,2.00e+01
-2.17e+02,-5.64e+01,3.20e+01,2.00e+01
-2.28e+02,-6.56e+01,3.30e+01,2.00e+01
-2.29e+02,-6.87e+01,3.20e+01,2.00e+01
-2.22e+02,-5.32e+01,3.40e+01,2.20e+01
-2.81e+02,-7.26e+01,3.30e+01,2.00e+01
-2.36e+02,-7.26e+01,3.40e+01,2.20e+01
-2.24e+02,-6.00e+01,3.20e+01,2.00e+01
-4.10e+02,-1.05e+02,3.40e+01,2.20e+01
-2.23e+02,-6.98e+01,3.10e+01,2.00e+01
-2.13e+02,-5.32e+01,3.30e+01,2.00e+01
-2.20e+02,-5.94e+01,3.30e+01,2.10e+01
-2.24e+02,-5.73e+01,3.20e+01,2.00e+01
-3.38e+02,-7.97e+01,3.50e+01,2.00e+01
-2.18e+02,-5.46e+01,3.60e+01,2.30e+01
-2.19e+02,-7.22e+01,3.60e+01,2.20e+01
-2.22e+02,-6.33e+01,3.20e+01,2.00e+01
-2.22e+02,-6.63e+01,3.10e+01,2.00e+01
-2.19e+02,-6.13e+01,3.20e+01,2.00e+01
-2.31e+02,-7.89e+01,3.30e+01,2.00e+01
-2.32e+02,-8.65e+01,3.10e+01,2.00e+01
-2.40e+02,-8.76e+01,3.40e+01,2.10e+01
-2.41e+02,-7.46e+01,3.40e+01,2.20e+01
-2.97e+02,-7.70e+01,3.20e+01,2.00e+01
-2.20e+02,-5.82e+01,3.20e+01,2.10e+01
-5.00e+02,-5.00e+02,3.20e+01,2.00e+01
-2.17e+02,-6.17e+01,3.30e+01,2.10e+01
-2.21e+02,-6.41e+01,4.00e+01,2.30e+01
-2.22e+02,-7.34e+01,3.30e+01,2.10e+01
-2.24e+02,-7.55e+01,3.50e+01,2.00e+01
-2.25e+02,-5.91e+01,3.40e+01,2.10e+01
-2.19e+02,-7.14e+01,3.20e+01,2.00e+01
-2.33e+02,-6.65e+01,3.30e+01,2.10e+01
-2.31e+02,-6.95e+01,3.30e+01,2.10e+01
-2.28e+02,-5.49e+01,3.70e+01,2.30e+01
-2.16e+02,-4.77e+01,3.10e+01,2.00e+01
-2.33e+02,-7.27e+01,3.50e+01,2.20e+01
-2.20e+02,-5.46e+01,3.30e+01,2.00e+01
-2.56e+02,-7.90e+01,3.20e+01,2.10e+01
-2.29e+02,-7.41e+01,3.20e+01,2.00e+01
-2.89e+02,-5.80e+01,3.40e+01,2.10e+01
-2.22e+02,-5.44e+01,3.30e+01,2.10e+01
-2.16e+02,-5.71e+01,3.40e+01,2.20e+01
-2.38e+02,-8.26e+01,3.20e+01,2.00e+01
