-2.26e+02,-6.07e+01,3.80e+01,2.20e+01
-2.24e+02,-5.57e+01,3.50e+01,2.10e+01
-2.31e+02,-8.20e+01,4.00e+01,2.20e+01
-2.22e+02,-7.56e+01,3.90e+01,2.20e+01
-2.21e+02,-5.89e+01,3.60e+01,2.10e+01
-2.22e+02,-7.78e+01,4.10e+01,2.20e+01
-2.21e+02,-4.86e+01,3.60e+01,2.20e+01
-2.17e+02,-6.67e+01,3.80e+01,2.20e+01
-2.17e+02,-6.05e+01,3.50e+01,2.10e+01
-2.20e+02,-5.53e+01,3.90e+01,2.20e+01
-2.17e+02,-5.49e+01,4.00e+01,2.30e+01
-2.21e+02,-7.30e+01,3.90e+01,2.20e+01
-2.25e+02,-6.84e+01,4.00e+01,2.30e+01
-2.25e+02,-5.97e+01,3.60e+01,2.10e+01
-2.20e+02,-5.92e+01,3.50e+01,2.10e+01
-2.24e+02,-7.06e+01,4.00e+01,2.30e+01
-2.23e+02,-6.06e+01,4.00e+01,2.20e+01
-2.29e+02,-5.88e+01,3.50e+01,2.10e+01
-2.26e+02,-6.07e+01,3.50e+01,2.10e+01
-2.25e+02,-6.42e+01,4.00e+01,2.30e+01
-2.42e+02,-8.75e+01,4.10e+01,2.30e+01
-2.16e+02,-6.95e+01,4.20e+01,2.30e+01
-2.25e+02,-8.10e+01,3.90e+01,2.20e+01
-2.21e+02,-5.21e+01,3.70e+01,2.10e+01
-2.17e+02,-5.25e+01,4.10e+01,2.30e+01
-2.24e+02,-7.36e+01,4.20e+01,2.50e+01
-2.21e+02,-5.54e+01,3.90e+01,2.30e+01
-2.35e+02,-6.78e+01,4.00e+01,2.40e+01
-2.17e+02,-5.89e+01,3.60e+01,2.10e+01
-2.23e+02,-5.99e+01,3.90e+01,2.20e+01
-2.31e+02,-7.38e+01,3.60e+01,2.10e+01
-2.20e+02,-6.82e+01,3.60e+01,2.10e+01
-2.27e+02,-6.00e+01,3.80e+01,2.20e+01
-2.23e+02,-6.32e+01,3.70e+01,2.20e+01
-2.31e+02,-8.46e+01,4.00e+01,2.20e+01
-2.16e+02,-5.27e+01,3.70e+01,2.10e+01
-2.22e+02,-4.63e+01,3.90e+01,2.20e+01
-2.23e+02,-6.59e+01,4.00e+01,2.30e+01
-2.24e+02,-6.53e+01,3.90e+01,2.20e+01
-2.21e+02,-6.28e+01,4.30e+01,2.50e+01
-2.20e+02,-6.52e+01,3.90e+01,2.20e+01
-2.26e+02,-8.11e+01,4.00e+01,2.30e+01
-2.16e+02,-4.89e+01,4.30e+01,2.40e+01
-2.23e+02,-6.38e+01,3.60e+01,2.10e+01
-2.22e+02,-5.72e+01,3.60e+01,2.10e+01
-2.31e+02,-7.17e+01,3.60e+01,2.10e+01
-2.30e+02,-5.94e+01,3.70e+01,2.20e+01
-2.18e+02,-4.70e+01,4.00e+01,2.30e+01
-2.17e+02,-6.30e+01,4.20e+01,2.40e+01
-2.21e+02,-5.98e+01,4.00e+01,2.20e+01
-2.31e+02,-6.75e+01,4.00e+01,2.20e+01
-2.98e+02,-8.29e+01,4.00e+01,2.20e+01
-2.17e+02,-5.36e+01,4.10e+01,2.30e+01
-3.47e+02,-1.03e+02,3.50e+01,2.10e+01
-2.26e+02,-8.20e+01,3.90e+01,2.20e+01
-2.28e+02,-5.11e+01,4.00e+01,2.30e+01
-2.19e+02,-5.23e+01,4.00e+01,2.20e+01
-2.19e+02,-5.29e+01,3.90e+01,2.20e+01
-2.19e+02,-6.50e+01,3.50e+01,2.10e+01
-2.35e+02,-8.41e+01,3.70e+01,2.10e+01
-2.16e+02,-5.97e+01,4.20e+01,2.30e+01
-2.18e+02,-6.63e+01,3.60e+01,2.10e+01
-2.19e+02,-5.36e+01,3.60e+01,2.10e+01
-2.24e+02,-8.07e+01,4.00e+01,2.40e+01
-2.42e+02,-8.11e+01,3.90e+01,2.20e+01
-2.24e+02,-7.47e+01,4.10e+01,2.20e+01
-2.52e+02,-8.85e+01,4.20e+01,2.20e+01
-2.96e+02,-8.23e+01,3.50e+01,2.10e+01
-2.29e+02,-6.80e+01,3.50e+01,2.10e+01
-2.19e+02,-6.57e+01,3.50e+01,2.10e+01
-2.24e+02,-5.59e+01,3.50e+01,2.10e+01
-2.24e+02,-7.06e+01,3.90e+01,2.20e+01
-2.48e+02,-7.78e+01,3.50e+01,2.10e+01
-2.33e+02,-6.78e+01,3.80e+01,2.20e+01
-2.19e+02,-6.29e+01,3.70e+01,2.20e+01
-2.27e+02,-6.20e+01,4.00e+01,2.30e+01
-2.16e+02,-5.74e+01,3.60e+01,2.10e+01
-2.21e+02,-5.93e+01,3.90e+01,2.20e+01
-2.19e+02,-5.82e+01,4.00e+01,2.20e+01
-2.24e+02,-6.86e+01,4.20e+01,2.30e+01
-2.18e+02,-6.41e+01,3.90e+01,2.20e+01
-4.32e+02,-9.17e+01,4.00e+01,2.30e+01
-2.18e+02,-6.32e+01,4.10e+01,2.20e+01
-2.38e+02,-7.38e+01,4.00e+01,2.20e+01
-2.26e+02,-7.87e+01,3.60e+01,2.10e+01
-3.28e+02,-1.15e+02,4.10e+01,2.30e+01
-2.73e+02,-9.43e+01,4.00e+01,2.30e+01
-2.19e+02,-5.48e+01,3.70e+01,2.20e+01
-2.18e+02,-7.42e+01,3.60e+01,2.10e+01
-2.21e+02,-6.00e+01,4.10e+01,2.20e+01
-2.22e+02,-6.04e+01,4.00e+01,2.20e+01
-2.17e+02,-6.01e+01,4.00e+01,2.20e+01
-2.90e+02,-7.56e+01,3.60e+01,2.10e+01
-2.23e+02,-5.29e+01,3.90e+01,2.20e+01
-2.23e+02,-7.84e+01,4.20e+01,2.50e+01
-2.27e+02,-4.49e+01,4.10e+01,2.40e+01
-2.18e+02,-5.15e+01,4.00e+01,2.30e+01
-2.25e+02,-6.09e+01,3.60e+01,2.20e+01
-2.21e+02,-5.99e+01,3.50e+01,2.10e+01
-3.73e+02,-1.05e+02,3.90e+01,2.20e+01
-2.93e+02,-7.27e+01,4.00e+01,2.30e+01
-3.18e+02,-8.07e+01,3.70e+01,2.10e+01
-2.19e+02,-6.67e+01,4.10e+01,2.40e+01
-2.77e+02,-8.81e+01,3.50e+01,2.10e+01
-2.25e+02,-5.40e+01,3.80e+01,2.20e+01
-2.20e+02,-6.46e+01,3.60e+01,2.10e+01
-2.41e+02,-6.52e+01,4.00e+01,2.20e+01
-4.44e+02,-1.64e+02,4.40e+01,2.50e+01
-2.24e+02,-8.03e+01,4.00e+01,2.30e+01
-2.77e+02,-8.19e+01,3.90e+01,2.20e+01
-2.33e+02,-8.34e+01,4.10e+01,2.40e+01
-2.18e+02,-5.54e+01,3.80e+01,2.20e+01
-2.21e+02,-6.33e+01,4.10e+01,2.20e+01
-4.46e+02,-1.78e+02,4.00e+01,2.20e+01
-2.26e+02,-5.53e+01,4.00e+01,2.20e+01
-2.17e+02,-5.65e+01,4.20e+01,2.40e+01
-4.36e+02,-1.20e+02,3.80e+01,2.10e+01
-2.25e+02,-7.01e+01,3.90e+01,2.20e+01
-2.19e+02,-5.44e+01,4.00e+01,2.30e+01
-2.27e+02,-6.62e+01,4.00e+01,2.30e+01
-3.00e+02,-8.18e+01,4.00e+01,2.20e+01
-2.20e+02,-5.60e+01,4.00e+01,2.40e+01
-2.23e+02,-6.95e+01,3.80e+01,2.30e+01
-2.21e+02,-5.83e+01,4.40e+01,2.50e+01
-2.22e+02,-7.82e+01,3.60e+01,2.10e+01
-2.19e+02,-7.10e+01,4.10e+01,2.20e+01
-2.21e+02,-7.32e+01,4.00e+01,2.20e+01
-2.26e+02,-5.43e+01,3.80e+01,2.20e+01
-2.21e+02,-7.61e+01,4.10e+01,2.20e+01
-2.19e+02,-5.24e+01,4.10e+01,2.30e+01
-2.23e+02,-6.89e+01,3.70e+01,2.10e+01
-4.30e+02,-8.28e+01,4.00e+01,2.30e+01
-5.00e+02,-5.00e+02,4.00e+01,2.30e+01
-2.36e+02,-7.46e+01,3.50e+01,2.10e+01
-3.79e+02,-1.18e+02,3.60e+01,2.10e+01
-2.18e+02,-7.09e+01,4.20e+01,2.30e+01
-2.17e+02,-7.24e+01,4.00e+01,2.20e+01
-2.21e+02,-5.50e+01,4.00e+01,2.20e+01
-2.21e+02,-6.69e+01,3.90e+01,2.30e+01
-3.06e+02,-9.47e+01,3.80e+01,2.20e+01
-2.30e+02,-8.93e+01,3.80e+01,2.10e+01
-2.23e+02,-5.80e+01,4.00e+01,2.30e+01
-3.89e+02,-1.60e+02,4.00e+01,2.20e+01
-2.92e+02,-7.73e+01,3.90e+01,2.20e+01
-2.22e+02,-6.52e+01,3.70e+01,2.20e+01
-2.57e+02,-7.31e+01,4.00e+01,2.30e+01
-2.17e+02,-6.06e+01,4.30e+01,2.40e+01
-2.60e+02,-6.66e+01,3.50e+01,2.10e+01
-3.67e+02,-9.06e+01,4.10e+01,2.30e+01
-2.22e+02,-6.13e+01,3.90e+01,2.20e+01
-2.22e+02,-6.14e+01,4.00e+01,2.30e+01
-2.36e+02,-6.56e+01,4.10e+01,2.30e+01
-2.21e+02,-6.92e+01,3.60e+01,2.10e+01
-2.19e+02,-5.69e+01,4.00e+01,2.30e+01
-2.35e+02,-5.56e+01,4.30e+01,2.30e+01
-2.33e+02,-6.99e+01,4.20e+01,2.50e+01
-2.23e+02,-5.48e+01,3.80e+01,2.30e+01
-2.23e+02,-7.13e+01,4.00e+01,2.30e+01
-3.02e+02,-7.19e+01,3.60e+01,2.10e+01
-2.24e+02,-6.72e+01,3.80e+01,2.20e+01
-2.19e+02,-5.96e+01,3.60e+01,2.20e+01
-2.20e+02,-5.69e+01,3.90e+01,2.20e+01
-2.22e+02,-5.75e+01,4.20e+01,2.30e+01
-2.20e+02,-6.16e+01,4.40e+01,2.50e+01
-2.19e+02,-5.04e+01,3.50e+01,2.10e+01
-2.21e+02,-6.62e+01,3.80e+01,2.20e+01
-2.24e+02,-5.12e+01,4.00e+01,2.30e+01
-2.24e+02,-7.66e+01,3.80e+01,2.20e+01
-2.22e+02,-5.84e+01,3.90e+01,2.30e+01
-2.22e+02,-5.43e+01,4.00e+01,2.30e+01
-3.70e+02,-8.19e+01,3.90e+01,2.20e+01
-2.17e+02,-5.54e+01,4.00e+01,2.30e+01
-2.22e+02,-6.33e+01,3.60e+01,2.10e+01
-2.59e+02,-7.80e+01,3.50e+01,2.10e+01
-2.92e+02,-7.75e+01,4.10e+01,2.30e+01
-2.37e+02,-8.42e+01,4.20e+01,2.30e+01
-5.00e+02,-5.00e+02,3.60e+01,2.10e+01
-2.34e+02,-7.02e+01,3.50e+01,2.10e+01
-2.27e+02,-7.71e+01,4.00e+01,2.20e+01
-2.38e+02,-8.60e+01,4.20e+01,2.50e+01
-2.68e+02,-6.80e+01,3.60e+01,2.10e+01
-3.52e+02,-7.64e+01,3.50e+01,2.10e+01
-2.20e+02,-5.82e+01,4.00e+01,2.30e+01
-2.20e+02,-6.12e+01,3.60e+01,2.20e+01
-2.18e+02,-5.20e+01,4.00e+01,2.20e+01
-2.22e+02,-5.94e+01,3.90e+01,2.30e+01
-3.39e+02,-7.56e+01,3.60e+01,2.10e+01
-2.24e+02,-6.08e+01,3.90e+01,2.20e+01
-2.53e+02,-7.36e+01,4.10e+01,2.20e+01
-2.25e+02,-5.67e+01,4.60e+01,2.60e+01
-4.33e+02,-9.85e+01,3.70e+01,2.20e+01
-3.72e+02,-1.08e+02,4.00e+01,2.30e+01
