-5.00e+02,-5.00e+02,6.00e+00,1.00e+01
-5.00e+02,-5.00e+02,1.00e+01,1.00e+01
-5.00e+02,-4.99e+02,7.00e+00,1.00e+01
-5.00e+02,-5.00e+02,5.00e+00,1.00e+01
-4.98e+02,-4.88e+02,1.30e+01,1.00e+01
-5.00e+02,-5.00e+02,1.10e+01,1.00e+01
-5.00e+02,-5.00e+02,7.00e+00,1.00e+01
-5.00e+02,-5.00e+02,9.00e+00,1.00e+01
-5.00e+02,-5.00e+02,1.10e+01,1.00e+01
-5.00e+02,-5.00e+02,1.10e+01,1.00e+01
-5.00e+02,-4.99e+02,1.00e+01,1.00e+01
-5.00e+02,-4.99e+02,6.00e+00,1.00e+01
-5.00e+02,-4.98e+02,9.00e+00,1.00e+01
-5.00e+02,-5.00e+02,1.00e+01,1.00e+01
-5.00e+02,-5.00e+02,1.20e+01,1.00e+01
-4.62e+02,-2.90e+02,1.00e+01,1.00e+01
-5.00e+02,-4.99e+02,7.00e+00,1.00e+01
-4.99e+02,-4.98e+02,9.00e+00,1.00e+01
-4.99e+02,-4.96e+02,1.10e+01,1.00e+01
-5.00e+02,-5.00e+02,1.30e+01,1.00e+01
-4.98e+02,-4.90e+02,1.20e+01,1.00e+01
-5.00e+02,-5.00e+02,9.00e+00,1.00e+01
-5.00e+02,-5.00e+02,8.00e+00,1.00e+01
-5.00e+02,-5.00e+02,1.20e+01,1.00e+01
-4.66e+02,-3.73e+02,1.00e+01,1.00e+01
-4.70e+02,-3.21e+02,9.00e+00,1.00e+01
-5.00e+02,-5.00e+02,9.00e+00,1.00e+01
-4.82e+02,-3.97e+02,7.00e+00,1.00e+01
-4.99e+02,-4.93e+02,9.00e+00,1.00e+01
-5.00e+02,-5.00e+02,1.30e+01,1.00e+01
-4.79e+02,-3.74e+02,5.00e+00,1.00e+01
-5.00e+02,-5.00e+02,9.00e+00,1.00e+01
-4.99e+02,-4.97e+02,1.10e+01,1.00e+01
-5.00e+02,-5.00e+02,8.00e+00,1.00e+01
-4.91e+02,-4.45e+02,1.30e+01,1.00e+01
-5.00e+02,-5.00e+02,8.00e+00,1.00e+01
-4.67e+02,-3.98e+02,8.00e+00,1.00e+01
-5.00e+02,-4.99e+02,7.00e+00,1.00e+01
-4.99e+02,-4.99e+02,1.10e+01,1.00e+01
-4.64e+02,-2.87e+02,8.00e+00,1.00e+01
-5.00e+02,-4.99e+02,1.10e+01,1.00e+01
-5.00e+02,-5.00e+02,1.30e+01,1.00e+01
-5.00e+02,-5.00e+02,1.00e+01,1.00e+01
-4.95e+02,-4.69e+02,1.20e+01,1.00e+01
-4.98e+02,-4.92e+02,1.10e+01,1.00e+01
-5.00e+02,-5.00e+02,1.00e+01,1.00e+01
-4.99e+02,-4.95e+02,7.00e+00,1.00e+01
-4.98e+02,-4.87e+02,9.00e+00,1.00e+01
-4.77e+02,-3.62e+02,6.00e+00,1.00e+01
-5.00e+02,-5.00e+02,1.20e+01,1.00e+01
-5.00e+02,-5.00e+02,1.20e+01,1.00e+01
-5.00e+02,-5.00e+02,6.00e+00,1.00e+01
-5.00e+02,-5.00e+02,1.00e+01,1.00e+01
-4.98e+02,-4.94e+02,1.20e+01,1.00e+01
-4.99e+02,-4.97e+02,7.00e+00,1.00e+01
-5.00e+02,-5.00e+02,9.00e+00,1.00e+01
-5.00e+02,-5.00e+02,8.00e+00,1.00e+01
-5.00e+02,-5.00e+02,5.00e+00,1.00e+01
-5.00e+02,-5.00e+02,1.00e+01,1.00e+01
-3.13e+02,-1.18e+02,9.00e+00,1.00e+01
-4.75e+02,-3.51e+02,9.00e+00,1.00e+01
-5.00e+02,-5.00e+02,8.00e+00,1.00e+01
-5.00e+02,-5.00e+02,8.00e+00,1.00e+01
-5.00e+02,-4.99e+02,7.00e+00,1.00e+01
-4.99e+02,-4.94e+02,1.00e+01,1.00e+01
-5.00e+02,-5.00e+02,9.00e+00,1.00e+01
-5.00e+02,-4.99e+02,7.00e+00,1.00e+01
-3.41e+02,-1.36e+02,9.00e+00,1.00e+01
-5.00e+02,-5.00e+02,9.00e+00,1.00e+01
-5.00e+02,-5.00e+02,9.00e+00,1.00e+01
-5.00e+02,-4.99e+02,6.00e+00,1.00e+01
-4.96e+02,-4.82e+02,9.00e+00,1.00e+01
-4.98e+02,-4.88e+02,1.30e+01,1.00e+01
-5.00e+02,-5.00e+02,8.00e+00,1.00e+01
-5.00e+02,-4.99e+02,8.00e+00,1.00e+01
-5.00e+02,-5.00e+02,1.10e+01,1.00e+01
-5.00e+02,-5.00e+02,1.20e+01,1.00e+01
-5.00e+02,-5.00e+02,9.00e+00,1.00e+01
-5.00e+02,-5.00e+02,7.00e+00,1.00e+01
-4.99e+02,-4.97e+02,1.30e+01,1.00e+01
-5.00e+02,-4.99e+02,8.00e+00,1.00e+01
-5.00e+02,-5.00e+02,8.00e+00,1.00e+01
-4.98e+02,-4.87e+02,1.10e+01,1.00e+01
-5.00e+02,-4.99e+02,1.10e+01,1.00e+01
-5.00e+02,-4.99e+02,7.00e+00,1.00e+01
-5.00e+02,-5.00e+02,1.20e+01,1.00e+01
-5.00e+02,-5.00e+02,7.00e+00,1.00e+01
-5.00e+02,-4.99e+02,8.00e+00,1.00e+01
-4.88e+02,-4.32e+02,8.00e+00,1.00e+01
-4.99e+02,-4.96e+02,8.00e+00,1.00e+01
-4.45e+02,-1.71e+02,1.20e+01,1.00e+01
-5.00e+02,-4.99e+02,4.00e+00,1.00e+01
-5.00e+02,-5.00e+02,9.00e+00,1.00e+01
-5.00e+02,-5.00e+02,1.20e+01,1.00e+01
-5.00e+02,-5.00e+02,9.00e+00,1.00e+01
-4.98e+02,-4.89e+02,1.00e+01,1.00e+01
