7.18e+01,1.64e+02,4.30e+01,3.30e+01
4.77e+01,1.30e+02,4.70e+01,3.50e+01
1.76e+01,3.68e+01,4.40e+01,3.40e+01
6.83e+01,2.35e+02,4.50e+01,3.50e+01
4.73e+01,1.43e+02,4.30e+01,3.30e+01
5.10e+01,1.41e+02,4.40e+01,3.40e+01
2.65e+01,1.32e+02,4.60e+01,3.60e+01
4.93e+01,1.39e+02,4.30e+01,3.30e+01
2.87e+01,6.36e+01,4.40e+01,3.30e+01
2.57e+01,1.39e+02,4.50e+01,3.50e+01
1.54e+01,7.86e+01,4.70e+01,3.70e+01
5.53e+01,2.01e+02,4.30e+01,3.30e+01
5.51e+01,1.15e+02,4.40e+01,3.40e+01
6.47e+01,1.27e+02,4.60e+01,3.40e+01
7.28e+01,2.29e+02,4.50e+01,3.40e+01
7.60e+01,3.35e+02,4.70e+01,3.70e+01
3.22e+01,6.52e+01,4.30e+01,3.30e+01
5.46e+01,2.28e+02,4.40e+01,3.40e+01
2.65e+01,1.24e+02,4.50e+01,3.50e+01
7.55e+01,1.41e+02,4.60e+01,3.40e+01
8.39e+01,3.32e+02,4.60e+01,3.60e+01
6.31e+01,2.40e+02,4.30e+01,3.30e+01
1.55e+01,9.36e+01,4.40e+01,3.40e+01
9.85e+01,3.32e+02,4.50e+01,3.40e+01
5.14e+01,2.34e+02,4.60e+01,3.60e+01
5.59e+01,7.85e+01,4.30e+01,3.30e+01
3.19e+01,2.23e+02,4.60e+01,3.60e+01
4.00e+01,1.57e+02,4.70e+01,3.50e+01
3.30e+01,2.38e+02,4.50e+01,3.50e+01
2.57e+01,6.08e+01,4.70e+01,3.50e+01
7.57e+01,2.38e+02,4.60e+01,3.40e+01
8.12e+00,5.20e+01,4.50e+01,3.50e+01
6.00e+01,1.32e+02,4.30e+01,3.30e+01
2.29e+01,1.07e+02,4.40e+01,3.30e+01
5.37e+01,1.43e+02,4.80e+01,3.60e+01
7.42e+01,1.27e+02,4.40e+01,3.40e+01
6.06e+01,1.49e+02,4.40e+01,3.40e+01
7.48e+01,3.32e+02,4.50e+01,3.50e+01
7.77e+01,1.39e+02,4.30e+01,3.30e+01
4.25e+01,2.22e+02,4.60e+01,3.60e+01
6.24e+01,1.40e+02,4.70e+01,3.50e+01
9.94e+01,3.32e+02,4.70e+01,3.50e+01
5.42e+01,1.49e+02,4.50e+01,3.50e+01
6.46e+01,1.42e+02,4.70e+01,3.50e+01
9.18e+01,2.23e+02,4.40e+01,3.40e+01
8.49e+01,1.43e+02,4.80e+01,3.50e+01
3.81e+01,2.27e+02,4.60e+01,3.60e+01
6.21e+01,2.35e+02,4.70e+01,3.60e+01
2.97e+01,6.45e+01,4.60e+01,3.40e+01
8.37e+01,2.07e+02,4.30e+01,3.30e+01
1.01e+02,2.21e+02,4.30e+01,3.30e+01
2.34e+01,1.26e+02,4.50e+01,3.50e+01
5.13e+01,1.53e+02,4.40e+01,3.40e+01
5.24e+01,2.31e+02,4.70e+01,3.60e+01
3.34e+01,1.06e+02,4.40e+01,3.40e+01
9.43e+01,2.09e+02,4.30e+01,3.30e+01
2.75e+01,1.27e+02,4.80e+01,3.60e+01
5.05e+01,2.26e+02,4.70e+01,3.70e+01
8.28e+01,3.32e+02,4.80e+01,3.60e+01
5.74e+01,9.43e+01,4.70e+01,3.50e+01
7.03e+01,2.27e+02,4.30e+01,3.30e+01
4.01e+01,1.50e+02,4.40e+01,3.40e+01
5.59e+01,1.36e+02,4.30e+01,3.30e+01
5.62e+01,2.36e+02,4.30e+01,3.30e+01
7.90e+01,2.37e+02,4.30e+01,3.30e+01
3.32e+01,1.50e+02,4.60e+01,3.60e+01
5.71e+01,1.31e+02,4.40e+01,3.40e+01
4.03e+01,1.33e+02,4.70e+01,3.70e+01
8.68e+01,2.13e+02,4.60e+01,3.60e+01
6.12e+01,1.25e+02,4.30e+01,3.30e+01
5.55e+01,1.32e+02,4.30e+01,3.30e+01
2.97e+01,8.40e+01,4.50e+01,3.50e+01
7.19e+01,1.31e+02,4.70e+01,3.50e+01
5.13e+01,1.33e+02,4.60e+01,3.40e+01
4.78e+01,2.30e+02,4.60e+01,3.50e+01
4.37e+01,1.26e+02,4.40e+01,3.30e+01
5.83e+01,3.32e+02,4.40e+01,3.40e+01
7.53e+01,2.32e+02,4.70e+01,3.70e+01
2.76e+01,8.91e+01,4.30e+01,3.30e+01
5.01e+01,2.50e+02,4.80e+01,3.60e+01
5.96e+01,2.27e+02,4.50e+01,3.50e+01
3.80e+01,1.23e+02,4.40e+01,3.40e+01
-3.78e+01,-1.49e+01,4.60e+01,3.60e+01
8.96e+01,2.26e+02,4.50e+01,3.50e+01
3.01e+01,1.23e+02,4.50e+01,3.50e+01
5.52e+01,2.18e+02,4.40e+01,3.40e+01
9.38e+01,3.32e+02,4.40e+01,3.40e+01
5.73e+01,2.27e+02,4.40e+01,3.40e+01
5.90e+01,1.32e+02,4.60e+01,3.60e+01
6.47e+01,1.29e+02,4.30e+01,3.30e+01
8.06e+01,1.68e+02,4.70e+01,3.50e+01
5.54e+01,2.23e+02,4.50e+01,3.50e+01
9.18e+01,2.35e+02,4.30e+01,3.30e+01
4.76e+01,8.15e+01,4.30e+01,3.30e+01
7.25e+01,2.25e+02,4.70e+01,3.50e+01
4.08e+01,1.28e+02,4.90e+01,3.80e+01
3.22e+01,1.25e+02,4.50e+01,3.40e+01
4.93e+01,1.17e+02,4.30e+01,3.30e+01
5.72e+01,2.26e+02,4.40e+01,3.40e+01
1.00e+02,3.32e+02,4.50e+01,3.50e+01
5.49e+01,1.30e+02,4.40e+01,3.30e+01
7.33e+01,1.29e+02,4.30e+01,3.30e+01
1.56e+01,1.18e+02,4.30e+01,3.30e+01
9.08e+01,3.32e+02,4.30e+01,3.30e+01
4.20e+01,8.33e+01,4.30e+01,3.30e+01
5.06e+01,1.14e+02,4.80e+01,3.60e+01
6.23e+01,1.35e+02,4.40e+01,3.30e+01
3.12e+01,2.25e+02,4.50e+01,3.50e+01
3.92e+01,1.21e+02,4.30e+01,3.30e+01
9.46e+01,3.32e+02,4.80e+01,3.80e+01
8.10e+01,3.35e+02,4.50e+01,3.50e+01
2.67e+01,1.24e+02,4.70e+01,3.50e+01
-3.26e+01,-2.09e+01,4.70e+01,3.70e+01
3.91e+01,1.22e+02,4.30e+01,3.30e+01
6.80e+01,1.39e+02,4.30e+01,3.30e+01
8.16e+01,2.45e+02,4.40e+01,3.30e+01
8.89e+01,2.31e+02,4.50e+01,3.40e+01
6.25e+01,1.27e+02,4.40e+01,3.40e+01
6.81e+01,1.36e+02,4.70e+01,3.50e+01
8.93e+01,1.56e+02,4.40e+01,3.40e+01
7.84e+01,2.09e+02,4.30e+01,3.30e+01
9.03e+01,2.28e+02,4.60e+01,3.60e+01
4.86e+01,1.34e+02,4.70e+01,3.70e+01
4.77e+01,2.28e+02,4.50e+01,3.40e+01
6.10e+01,9.35e+01,4.60e+01,3.40e+01
4.24e+01,1.34e+02,4.50e+01,3.50e+01
9.06e+01,2.57e+02,4.50e+01,3.50e+01
4.20e+01,8.03e+01,4.30e+01,3.30e+01
