-3.00e+02,-5.02e+01,5.00e+01,3.00e+01
-1.11e+02,-5.62e+01,6.10e+01,3.10e+01
-1.17e+02,-9.69e+01,6.00e+01,3.10e+01
-1.13e+02,-6.49e+01,5.70e+01,3.00e+01
-1.79e+02,-6.38e+01,4.60e+01,2.80e+01
-1.82e+02,-4.74e+01,5.00e+01,3.00e+01
-1.74e+02,-4.85e+01,4.50e+01,2.80e+01
-1.18e+02,-5.94e+01,5.80e+01,3.00e+01
-1.19e+02,-7.81e+01,6.20e+01,3.20e+01
-1.79e+02,-5.44e+01,4.50e+01,2.80e+01
-1.10e+02,-8.43e+01,6.20e+01,3.30e+01
-1.14e+02,-6.53e+01,6.30e+01,3.20e+01
-1.78e+02,-5.64e+01,4.70e+01,2.90e+01
-1.80e+02,-4.73e+01,4.50e+01,2.80e+01
-1.77e+02,-4.55e+01,5.10e+01,3.00e+01
-1.77e+02,-4.88e+01,4.50e+01,2.80e+01
-1.81e+02,-6.29e+01,4.90e+01,3.00e+01
-1.08e+02,-6.78e+01,6.00e+01,3.10e+01
-1.14e+02,-6.35e+01,5.80e+01,3.00e+01
-1.75e+02,-5.59e+01,4.60e+01,2.80e+01
-1.10e+02,-5.65e+01,6.20e+01,3.20e+01
-1.19e+02,-6.63e+01,6.00e+01,3.10e+01
-1.17e+02,-5.79e+01,5.70e+01,3.00e+01
-1.18e+02,-5.98e+01,5.80e+01,3.00e+01
-1.82e+02,-5.71e+01,4.70e+01,3.00e+01
-1.75e+02,-6.42e+01,4.80e+01,2.90e+01
-1.71e+02,-7.05e+01,4.90e+01,2.90e+01
-1.77e+02,-5.31e+01,5.00e+01,3.00e+01
-1.76e+02,-5.92e+01,4.70e+01,3.00e+01
-1.80e+02,-4.83e+01,4.80e+01,2.90e+01
-3.03e+02,-4.82e+01,4.60e+01,2.90e+01
-1.12e+02,-8.93e+01,6.30e+01,3.20e+01
-1.72e+02,-4.58e+01,4.70e+01,2.90e+01
-1.09e+02,-6.33e+01,5.80e+01,3.00e+01
-1.08e+02,-6.08e+01,5.70e+01,3.00e+01
-1.19e+02,-5.06e+01,6.00e+01,3.10e+01
-1.71e+02,-5.31e+01,4.70e+01,2.90e+01
-1.77e+02,-4.96e+01,5.00e+01,3.00e+01
-1.82e+02,-8.70e+01,4.60e+01,2.80e+01
-1.73e+02,-6.00e+01,4.80e+01,2.90e+01
-1.08e+02,-7.26e+01,6.00e+01,3.10e+01
-1.59e+02,-8.57e+01,5.80e+01,3.00e+01
-1.82e+02,-6.75e+01,5.00e+01,3.00e+01
-1.83e+02,-4.62e+01,5.00e+01,3.00e+01
-1.69e+02,-5.32e+01,4.60e+01,2.80e+01
-1.48e+02,-9.06e+01,5.80e+01,3.00e+01
-1.10e+02,-6.82e+01,6.00e+01,3.10e+01
-1.13e+02,-7.08e+01,6.20e+01,3.20e+01
-1.87e+02,-5.21e+01,4.50e+01,2.80e+01
-1.76e+02,-5.94e+01,4.50e+01,2.80e+01
-5.00e+02,-5.00e+02,6.00e+01,3.10e+01
-1.84e+02,-4.71e+01,5.00e+01,3.00e+01
-5.00e+02,-5.00e+02,6.10e+01,3.10e+01
-3.05e+02,-5.23e+01,5.00e+01,3.00e+01
-1.67e+02,-4.91e+01,4.90e+01,3.00e+01
-2.04e+02,-1.08e+02,4.80e+01,2.90e+01
-3.05e+02,-5.12e+01,4.60e+01,2.90e+01
-1.14e+02,-7.56e+01,6.40e+01,3.20e+01
-2.39e+02,-4.43e+01,4.80e+01,2.90e+01
-2.38e+02,-4.89e+01,4.50e+01,2.80e+01
-1.28e+02,-6.61e+01,6.00e+01,3.10e+01
-1.11e+02,-5.75e+01,5.70e+01,3.00e+01
-2.34e+02,-6.09e+01,6.30e+01,3.20e+01
-1.19e+02,-5.48e+01,6.00e+01,3.10e+01
-3.04e+02,-8.83e+01,5.10e+01,3.00e+01
-1.30e+02,-5.81e+01,5.70e+01,3.00e+01
-1.08e+02,-5.58e+01,5.90e+01,3.00e+01
-1.14e+02,-7.47e+01,6.00e+01,3.10e+01
-1.53e+02,-9.42e+01,6.20e+01,3.30e+01
-1.23e+02,-6.88e+01,5.80e+01,3.00e+01
-1.71e+02,-5.26e+01,4.80e+01,2.90e+01
-2.56e+02,-7.98e+01,5.00e+01,3.10e+01
-1.15e+02,-7.87e+01,6.10e+01,3.10e+01
-1.20e+02,-6.21e+01,6.20e+01,3.10e+01
-3.07e+02,-6.34e+01,5.20e+01,3.00e+01
-3.03e+02,-5.61e+01,5.10e+01,3.00e+01
-1.13e+02,-6.17e+01,6.40e+01,3.30e+01
-2.45e+02,-7.29e+01,5.80e+01,3.00e+01
-1.17e+02,-6.54e+01,6.20e+01,3.20e+01
-1.72e+02,-5.17e+01,4.80e+01,3.00e+01
-1.77e+02,-4.97e+01,5.10e+01,3.00e+01
-1.18e+02,-6.97e+01,6.20e+01,3.20e+01
-1.07e+02,-5.82e+01,5.70e+01,3.00e+01
-1.81e+02,-8.03e+01,6.10e+01,3.10e+01
-1.76e+02,-5.14e+01,5.00e+01,3.00e+01
-2.95e+02,-5.69e+01,4.70e+01,2.90e+01
-1.04e+02,-5.63e+01,6.20e+01,3.20e+01
-2.98e+02,-5.51e+01,5.10e+01,3.00e+01
-1.93e+02,-9.01e+01,4.50e+01,2.80e+01
-1.15e+02,-8.32e+01,6.20e+01,3.30e+01
-2.76e+02,-1.28e+02,5.00e+01,3.00e+01
-2.04e+02,-1.14e+02,4.60e+01,2.80e+01
-1.66e+02,-6.08e+01,4.70e+01,2.90e+01
-1.84e+02,-5.45e+01,4.50e+01,2.80e+01
-1.76e+02,-5.82e+01,4.90e+01,3.00e+01
-1.80e+02,-5.55e+01,4.60e+01,2.80e+01
-1.18e+02,-6.26e+01,6.00e+01,3.10e+01
-1.78e+02,-6.57e+01,4.80e+01,2.90e+01
-1.08e+02,-5.90e+01,6.10e+01,3.10e+01
-3.04e+02,-4.57e+01,4.50e+01,2.80e+01
-3.15e+02,-1.25e+02,4.70e+01,2.90e+01
-2.32e+02,-8.25e+01,5.80e+01,3.00e+01
-2.67e+02,-1.12e+02,5.10e+01,3.00e+01
-3.08e+02,-7.27e+01,4.70e+01,2.80e+01
-1.73e+02,-5.33e+01,4.60e+01,2.80e+01
-2.40e+02,-7.51e+01,6.20e+01,3.30e+01
-1.77e+02,-5.19e+01,4.80e+01,2.90e+01
-1.79e+02,-4.61e+01,4.80e+01,2.90e+01
-1.80e+02,-4.68e+01,5.20e+01,3.10e+01
-2.51e+02,-4.60e+01,5.10e+01,3.00e+01
-1.71e+02,-5.14e+01,5.10e+01,3.10e+01
-1.80e+02,-7.48e+01,4.90e+01,2.90e+01
-1.72e+02,-5.46e+01,4.70e+01,3.00e+01
-9.71e+01,-6.06e+01,6.20e+01,3.20e+01
-2.30e+02,-5.59e+01,6.30e+01,3.20e+01
-1.84e+02,-6.69e+01,6.10e+01,3.10e+01
-2.26e+02,-7.50e+01,4.70e+01,2.90e+01
-2.23e+02,-6.15e+01,4.60e+01,2.80e+01
-1.04e+02,-5.32e+01,6.10e+01,3.10e+01
-1.12e+02,-5.51e+01,5.70e+01,3.00e+01
-1.91e+02,-7.99e+01,6.10e+01,3.10e+01
-1.87e+02,-4.86e+01,4.80e+01,2.90e+01
-1.21e+02,-6.62e+01,6.20e+01,3.20e+01
-1.21e+02,-5.80e+01,5.80e+01,3.00e+01
-3.77e+02,-1.27e+02,6.20e+01,3.20e+01
-1.11e+02,-6.26e+01,6.40e+01,3.20e+01
-2.39e+02,-6.10e+01,6.20e+01,3.30e+01
-5.00e+02,-5.00e+02,5.90e+01,3.00e+01
-2.94e+02,-9.77e+01,5.00e+01,2.90e+01
-3.08e+02,-5.40e+01,5.90e+01,3.10e+01
-2.41e+02,-5.95e+01,6.40e+01,3.30e+01
-2.81e+02,-1.09e+02,5.90e+01,3.00e+01
-1.77e+02,-5.83e+01,4.90e+01,3.00e+01
-5.00e+02,-5.00e+02,5.70e+01,3.00e+01
-1.40e+02,-6.47e+01,6.20e+01,3.30e+01
-1.17e+02,-6.40e+01,6.20e+01,3.20e+01
-2.49e+02,-9.33e+01,6.00e+01,3.10e+01
-1.74e+02,-5.82e+01,4.50e+01,2.80e+01
-5.00e+02,-5.00e+02,4.50e+01,2.80e+01
-1.09e+02,-4.56e+01,5.80e+01,3.00e+01
-1.53e+02,-8.12e+01,5.80e+01,3.00e+01
-1.06e+02,-7.59e+01,6.20e+01,3.20e+01
-2.35e+02,-7.05e+01,5.70e+01,3.00e+01
-1.09e+02,-6.27e+01,5.70e+01,3.00e+01
-2.36e+02,-4.45e+01,4.60e+01,2.80e+01
-1.76e+02,-8.32e+01,6.00e+01,3.10e+01
-1.13e+02,-6.02e+01,6.40e+01,3.40e+01
-1.81e+02,-5.25e+01,4.90e+01,2.90e+01
-1.75e+02,-4.91e+01,5.10e+01,3.00e+01
-2.78e+02,-1.22e+02,4.50e+01,2.80e+01
-1.12e+02,-6.18e+01,6.30e+01,3.30e+01
-2.99e+02,-4.51e+01,5.00e+01,3.00e+01
-2.98e+02,-5.81e+01,5.00e+01,3.00e+01
-1.71e+02,-5.92e+01,4.80e+01,2.90e+01
-1.18e+02,-6.29e+01,6.20e+01,3.10e+01
-1.71e+02,-4.67e+01,4.50e+01,2.80e+01
-1.79e+02,-7.15e+01,6.20e+01,3.30e+01
-1.69e+02,-6.48e+01,4.90e+01,3.00e+01
-1.10e+02,-5.54e+01,6.10e+01,3.20e+01
-2.98e+02,-4.81e+01,5.00e+01,3.00e+01
-1.20e+02,-6.68e+01,5.70e+01,3.00e+01
-2.36e+02,-1.22e+02,5.80e+01,3.00e+01
-1.82e+02,-5.48e+01,5.10e+01,3.00e+01
-1.75e+02,-4.68e+01,4.50e+01,2.80e+01
-1.39e+02,-8.54e+01,6.00e+01,3.10e+01
-3.13e+02,-1.11e+02,4.90e+01,3.00e+01
-1.13e+02,-5.41e+01,6.40e+01,3.20e+01
-1.14e+02,-7.64e+01,5.70e+01,3.00e+01
-1.74e+02,-5.68e+01,4.50e+01,2.80e+01
-1.21e+02,-7.06e+01,5.80e+01,3.00e+01
-3.77e+02,-1.27e+02,5.10e+01,3.00e+01
-1.74e+02,-5.85e+01,4.70e+01,2.90e+01
-3.01e+02,-6.59e+01,4.70e+01,3.00e+01
-1.16e+02,-7.60e+01,6.20e+01,3.20e+01
-4.53e+02,-2.22e+02,5.00e+01,3.00e+01
-1.79e+02,-4.79e+01,4.90e+01,3.00e+01
-2.40e+02,-7.25e+01,6.20e+01,3.20e+01
-1.17e+02,-6.29e+01,6.20e+01,3.10e+01
-1.13e+02,-7.44e+01,6.20e+01,3.20e+01
-1.75e+02,-5.62e+01,4.50e+01,2.80e+01
-5.00e+02,-5.00e+02,6.00e+01,3.10e+01
-1.12e+02,-5.71e+01,5.80e+01,3.00e+01
-1.77e+02,-4.72e+01,4.60e+01,2.80e+01
-1.68e+02,-5.20e+01,4.50e+01,2.80e+01
-2.47e+02,-7.85e+01,5.00e+01,3.00e+01
-1.03e+02,-5.64e+01,6.40e+01,3.20e+01
-1.71e+02,-5.68e+01,4.50e+01,2.80e+01
-5.00e+02,-5.00e+02,4.60e+01,2.80e+01
-1.11e+02,-5.79e+01,6.10e+01,3.10e+01
-1.70e+02,-5.62e+01,5.00e+01,2.90e+01
-1.09e+02,-6.86e+01,6.10e+01,3.10e+01
-3.21e+02,-1.35e+02,5.70e+01,3.00e+01
