2.02e+02,4.03e+02,3.41e+02,1.31e+02
2.36e+02,3.54e+02,3.42e+02,1.30e+02
1.89e+02,3.72e+02,3.42e+02,1.31e+02
1.81e+02,3.42e+02,3.38e+02,1.30e+02
2.21e+02,5.85e+02,3.41e+02,1.31e+02
1.96e+02,5.09e+02,3.39e+02,1.30e+02
2.10e+02,6.17e+02,3.37e+02,1.28e+02
2.21e+02,4.00e+02,3.35e+02,1.27e+02
2.22e+02,8.90e+02,3.41e+02,1.31e+02
2.53e+02,5.32e+02,3.37e+02,1.28e+02
2.44e+02,5.76e+02,3.39e+02,1.30e+02
2.60e+02,7.37e+02,3.37e+02,1.29e+02
3.41e+02,8.35e+02,3.42e+02,1.31e+02
8.20e+01,2.76e+02,3.41e+02,1.30e+02
2.31e+02,4.28e+02,3.44e+02,1.33e+02
2.92e+02,4.37e+02,3.41e+02,1.31e+02
2.02e+02,3.76e+02,3.44e+02,1.32e+02
1.80e+02,3.20e+02,3.35e+02,1.27e+02
1.98e+02,6.19e+02,3.37e+02,1.29e+02
1.50e+02,3.19e+02,3.37e+02,1.28e+02
2.27e+02,3.38e+02,3.45e+02,1.32e+02
2.92e+02,5.21e+02,3.41e+02,1.31e+02
1.86e+02,3.72e+02,3.45e+02,1.33e+02
1.46e+02,3.57e+02,3.39e+02,1.30e+02
4.12e+02,7.52e+02,3.43e+02,1.31e+02
2.70e+02,4.17e+02,3.42e+02,1.31e+02
1.88e+02,3.29e+02,3.40e+02,1.31e+02
2.10e+02,4.90e+02,3.43e+02,1.32e+02
2.18e+02,4.32e+02,3.41e+02,1.31e+02
3.10e+02,5.72e+02,3.40e+02,1.31e+02
2.12e+02,3.85e+02,3.43e+02,1.32e+02
2.46e+02,5.48e+02,3.41e+02,1.31e+02
3.51e+02,6.81e+02,3.42e+02,1.32e+02
2.05e+02,4.29e+02,3.43e+02,1.30e+02
2.97e+02,5.39e+02,3.44e+02,1.31e+02
2.57e+02,4.08e+02,3.41e+02,1.31e+02
3.03e+02,3.97e+02,3.43e+02,1.31e+02
2.32e+02,5.42e+02,3.43e+02,1.32e+02
2.95e+02,8.35e+02,3.42e+02,1.32e+02
1.68e+02,2.49e+02,3.42e+02,1.32e+02
2.46e+02,4.70e+02,3.42e+02,1.31e+02
2.41e+02,5.51e+02,3.40e+02,1.30e+02
-4.38e+01,4.52e+01,3.41e+02,1.31e+02
2.06e+02,3.25e+02,3.42e+02,1.31e+02
3.23e+02,6.02e+02,3.41e+02,1.31e+02
2.47e+02,6.57e+02,3.43e+02,1.30e+02
2.11e+02,4.97e+02,3.40e+02,1.31e+02
2.60e+02,8.70e+02,3.42e+02,1.32e+02
2.31e+02,6.68e+02,3.43e+02,1.31e+02
3.03e+02,4.52e+02,3.42e+02,1.32e+02
1.60e+02,3.10e+02,3.39e+02,1.30e+02
1.93e+02,6.16e+02,3.41e+02,1.31e+02
2.39e+02,4.30e+02,3.41e+02,1.31e+02
2.63e+02,8.72e+02,3.38e+02,1.28e+02
2.92e+02,5.13e+02,3.42e+02,1.30e+02
2.61e+02,8.31e+02,3.42e+02,1.31e+02
2.23e+02,4.80e+02,3.43e+02,1.32e+02
1.60e+02,3.65e+02,3.39e+02,1.30e+02
-4.06e+01,-1.46e+00,3.41e+02,1.31e+02
2.54e+02,5.09e+02,3.43e+02,1.30e+02
2.60e+02,8.65e+02,3.43e+02,1.30e+02
2.16e+02,6.37e+02,3.39e+02,1.30e+02
6.20e+01,2.21e+02,3.40e+02,1.31e+02
2.03e+02,4.78e+02,3.42e+02,1.32e+02
3.11e+02,6.60e+02,3.44e+02,1.32e+02
1.73e+02,4.83e+02,3.41e+02,1.31e+02
2.92e+02,6.79e+02,3.43e+02,1.30e+02
1.43e+02,4.55e+02,3.41e+02,1.31e+02
2.83e+02,4.96e+02,3.42e+02,1.32e+02
1.51e+02,3.00e+02,3.44e+02,1.32e+02
2.13e+02,3.81e+02,3.42e+02,1.31e+02
3.27e+02,6.42e+02,3.39e+02,1.30e+02
2.04e+02,3.80e+02,3.41e+02,1.31e+02
1.65e+02,2.99e+02,3.42e+02,1.31e+02
2.98e+02,4.99e+02,3.42e+02,1.31e+02
1.21e+02,2.02e+02,3.42e+02,1.31e+02
2.74e+02,5.68e+02,3.42e+02,1.31e+02
2.47e+02,7.46e+02,3.42e+02,1.31e+02
2.42e+02,4.57e+02,3.38e+02,1.29e+02
1.70e+02,2.99e+02,3.42e+02,1.31e+02
2.20e+02,5.71e+02,3.42e+02,1.31e+02
2.52e+02,4.03e+02,3.42e+02,1.31e+02
2.13e+02,4.81e+02,3.39e+02,1.30e+02
1.72e+02,3.59e+02,3.40e+02,1.30e+02
1.97e+02,3.05e+02,3.42e+02,1.30e+02
2.45e+02,5.80e+02,3.35e+02,1.27e+02
2.53e+02,5.78e+02,3.43e+02,1.30e+02
2.11e+02,3.86e+02,3.43e+02,1.30e+02
3.41e+02,5.99e+02,3.42e+02,1.30e+02
1.64e+02,3.65e+02,3.41e+02,1.31e+02
1.64e+02,2.83e+02,3.40e+02,1.31e+02
1.96e+02,6.46e+02,3.41e+02,1.31e+02
2.90e+02,7.41e+02,3.43e+02,1.31e+02
3.19e+02,6.74e+02,3.42e+02,1.32e+02
2.57e+02,3.94e+02,3.38e+02,1.29e+02
2.08e+02,6.90e+02,3.42e+02,1.30e+02
1.95e+02,5.21e+02,3.38e+02,1.28e+02
2.66e+02,6.73e+02,3.39e+02,1.31e+02
1.72e+02,5.45e+02,3.43e+02,1.31e+02
1.54e+02,3.23e+02,3.41e+02,1.31e+02
1.79e+02,3.55e+02,3.43e+02,1.31e+02
1.67e+02,2.84e+02,3.42e+02,1.31e+02
2.79e+02,3.96e+02,3.43e+02,1.31e+02
2.54e+02,5.39e+02,3.42e+02,1.31e+02
1.21e+02,3.47e+02,3.43e+02,1.31e+02
2.47e+02,5.32e+02,3.40e+02,1.30e+02
2.12e+02,4.45e+02,3.41e+02,1.31e+02
2.46e+02,4.26e+02,3.42e+02,1.31e+02
2.92e+02,4.62e+02,3.43e+02,1.31e+02
3.45e+02,6.80e+02,3.37e+02,1.28e+02
1.93e+02,3.60e+02,3.35e+02,1.27e+02
2.43e+02,3.90e+02,3.43e+02,1.32e+02
2.75e+02,4.29e+02,3.41e+02,1.31e+02
2.04e+02,6.57e+02,3.43e+02,1.31e+02
2.47e+02,3.88e+02,3.39e+02,1.30e+02
1.65e+02,3.16e+02,3.39e+02,1.31e+02
2.02e+02,4.06e+02,3.43e+02,1.30e+02
2.29e+02,5.86e+02,3.43e+02,1.30e+02
2.49e+02,6.96e+02,3.43e+02,1.32e+02
2.90e+02,5.02e+02,3.40e+02,1.30e+02
2.94e+02,8.02e+02,3.43e+02,1.32e+02
1.66e+02,2.98e+02,3.38e+02,1.30e+02
2.34e+02,5.45e+02,3.35e+02,1.27e+02
3.78e+02,6.41e+02,3.37e+02,1.28e+02
3.13e+02,5.51e+02,3.43e+02,1.32e+02
1.57e+02,2.66e+02,3.40e+02,1.31e+02
2.71e+02,6.67e+02,3.43e+02,1.32e+02
2.57e+02,4.79e+02,3.41e+02,1.31e+02
