-1.08e+02,-9.41e+01,1.99e+02,7.10e+01
-1.06e+02,-8.21e+01,1.99e+02,7.10e+01
-1.10e+02,-1.03e+02,1.97e+02,7.00e+01
-1.03e+02,-9.22e+01,1.99e+02,7.10e+01
-1.11e+02,-8.21e+01,1.96e+02,7.00e+01
-1.16e+02,-9.39e+01,2.00e+02,7.10e+01
-1.12e+02,-9.44e+01,1.96e+02,7.00e+01
-9.62e+01,-8.59e+01,1.99e+02,7.10e+01
-1.10e+02,-9.10e+01,1.97e+02,7.00e+01
-9.48e+01,-8.12e+01,1.99e+02,7.10e+01
-1.13e+02,-9.89e+01,1.99e+02,7.10e+01
-1.07e+02,-7.48e+01,1.99e+02,7.00e+01
-1.15e+02,-9.79e+01,2.01e+02,7.20e+01
-1.10e+02,-7.52e+01,1.95e+02,6.90e+01
-1.08e+02,-9.18e+01,1.95e+02,6.90e+01
-1.09e+02,-8.78e+01,1.99e+02,7.10e+01
-1.08e+02,-8.61e+01,1.96e+02,7.00e+01
-1.12e+02,-9.14e+01,1.95e+02,7.00e+01
-1.16e+02,-8.14e+01,2.00e+02,7.10e+01
-1.09e+02,-1.01e+02,2.00e+02,7.10e+01
-1.01e+02,-7.12e+01,1.98e+02,7.10e+01
-1.24e+02,-9.70e+01,1.96e+02,6.90e+01
-1.02e+02,-8.56e+01,1.98e+02,7.00e+01
-1.12e+02,-9.79e+01,1.96e+02,7.10e+01
-1.07e+02,-8.16e+01,2.00e+02,7.10e+01
-1.06e+02,-8.14e+01,1.96e+02,7.00e+01
-9.90e+01,-7.18e+01,1.99e+02,7.10e+01
-1.07e+02,-7.74e+01,2.00e+02,7.10e+01
-1.11e+02,-9.49e+01,1.96e+02,6.90e+01
-1.11e+02,-9.21e+01,1.96e+02,7.00e+01
-1.06e+02,-8.28e+01,2.00e+02,7.10e+01
-1.10e+02,-9.09e+01,1.99e+02,7.10e+01
-1.00e+02,-7.82e+01,1.99e+02,7.10e+01
-9.62e+01,-7.60e+01,2.00e+02,7.10e+01
-1.15e+02,-8.76e+01,1.98e+02,7.10e+01
-1.10e+02,-8.69e+01,2.01e+02,7.10e+01
-1.16e+02,-1.03e+02,1.98e+02,7.00e+01
-1.14e+02,-1.01e+02,2.00e+02,7.10e+01
-9.31e+01,-7.80e+01,1.96e+02,7.00e+01
-1.17e+02,-9.62e+01,1.99e+02,7.10e+01
-1.10e+02,-9.88e+01,1.99e+02,7.00e+01
-1.10e+02,-9.29e+01,1.98e+02,7.00e+01
-9.78e+01,-8.16e+01,2.00e+02,7.20e+01
-1.10e+02,-9.26e+01,2.00e+02,7.20e+01
-1.03e+02,-9.40e+01,1.98e+02,7.10e+01
-1.09e+02,-9.05e+01,2.00e+02,7.10e+01
-1.12e+02,-8.20e+01,1.97e+02,7.00e+01
-1.08e+02,-8.90e+01,1.99e+02,7.10e+01
-1.09e+02,-9.29e+01,1.99e+02,7.10e+01
-1.08e+02,-9.31e+01,1.99e+02,7.10e+01
-1.09e+02,-1.01e+02,2.00e+02,7.10e+01
-1.01e+02,-8.34e+01,2.01e+02,7.20e+01
-1.16e+02,-9.32e+01,1.99e+02,7.10e+01
-1.17e+02,-7.73e+01,1.99e+02,7.10e+01
-1.06e+02,-9.31e+01,1.97e+02,7.00e+01
-1.05e+02,-7.58e+01,2.03e+02,7.30e+01
-1.11e+02,-9.50e+01,1.99e+02,7.10e+01
-1.11e+02,-9.08e+01,2.00e+02,7.20e+01
-1.10e+02,-9.36e+01,1.98e+02,7.10e+01
-1.09e+02,-9.44e+01,2.00e+02,7.10e+01
-9.90e+01,-8.41e+01,1.99e+02,7.00e+01
-1.07e+02,-9.58e+01,2.01e+02,7.20e+01
-1.11e+02,-9.74e+01,1.98e+02,7.10e+01
-1.09e+02,-9.05e+01,1.99e+02,7.10e+01
-1.02e+02,-7.98e+01,1.96e+02,6.90e+01
-1.03e+02,-9.10e+01,1.97e+02,7.00e+01
-1.14e+02,-1.02e+02,2.03e+02,7.30e+01
-1.57e+02,-1.01e+02,1.97e+02,7.00e+01
-1.05e+02,-8.81e+01,1.99e+02,7.10e+01
-1.13e+02,-9.30e+01,2.02e+02,7.30e+01
-9.51e+01,-8.39e+01,1.96e+02,7.00e+01
-1.07e+02,-9.72e+01,1.99e+02,7.10e+01
-1.09e+02,-8.44e+01,1.96e+02,7.00e+01
-1.06e+02,-9.19e+01,1.97e+02,7.00e+01
-1.10e+02,-8.28e+01,2.00e+02,7.10e+01
-1.15e+02,-1.05e+02,1.99e+02,7.10e+01
-1.06e+02,-9.53e+01,1.96e+02,7.00e+01
-1.13e+02,-9.15e+01,1.99e+02,7.10e+01
-1.06e+02,-7.83e+01,2.00e+02,7.10e+01
-1.07e+02,-8.74e+01,2.00e+02,7.10e+01
-1.05e+02,-9.07e+01,1.98e+02,7.10e+01
-1.10e+02,-1.03e+02,2.00e+02,7.10e+01
-1.16e+02,-8.76e+01,2.00e+02,7.20e+01
-1.08e+02,-8.84e+01,2.00e+02,7.10e+01
-1.12e+02,-1.03e+02,1.99e+02,7.00e+01
-9.75e+01,-8.40e+01,2.01e+02,7.20e+01
-1.10e+02,-9.88e+01,1.99e+02,7.10e+01
-9.70e+01,-8.76e+01,1.98e+02,7.00e+01
-1.15e+02,-7.90e+01,2.00e+02,7.20e+01
-1.05e+02,-8.45e+01,1.98e+02,7.10e+01
-1.11e+02,-9.23e+01,1.98e+02,7.10e+01
-1.06e+02,-8.47e+01,2.00e+02,7.10e+01
-1.08e+02,-9.00e+01,2.00e+02,7.10e+01
-1.04e+02,-9.28e+01,1.98e+02,7.10e+01
-1.08e+02,-1.02e+02,1.96e+02,6.90e+01
-1.04e+02,-8.50e+01,1.99e+02,7.10e+01
-1.09e+02,-8.67e+01,1.99e+02,7.10e+01
-1.12e+02,-9.77e+01,1.97e+02,7.00e+01
-1.13e+02,-9.65e+01,2.00e+02,7.20e+01
-1.05e+02,-9.05e+01,1.99e+02,7.10e+01
-1.22e+02,-1.03e+02,2.00e+02,7.10e+01
-1.07e+02,-9.53e+01,2.01e+02,7.20e+01
-1.02e+02,-8.15e+01,2.00e+02,7.20e+01
-1.11e+02,-9.72e+01,1.97e+02,7.00e+01
-1.04e+02,-8.76e+01,1.97e+02,7.00e+01
-1.18e+02,-1.02e+02,2.00e+02,7.10e+01
-1.21e+02,-1.04e+02,2.00e+02,7.10e+01
-1.10e+02,-1.02e+02,1.96e+02,6.90e+01
-1.14e+02,-1.01e+02,2.00e+02,7.10e+01
-1.11e+02,-9.57e+01,2.00e+02,7.10e+01
-1.09e+02,-9.62e+01,1.97e+02,7.00e+01
-1.06e+02,-8.94e+01,2.02e+02,7.20e+01
-1.13e+02,-9.41e+01,1.98e+02,7.10e+01
-1.02e+02,-7.95e+01,1.99e+02,7.10e+01
-1.09e+02,-8.44e+01,1.97e+02,7.00e+01
-1.11e+02,-9.88e+01,1.95e+02,6.90e+01
-1.18e+02,-1.01e+02,2.00e+02,7.10e+01
-1.12e+02,-8.65e+01,1.99e+02,7.10e+01
-1.15e+02,-1.01e+02,2.00e+02,7.10e+01
-1.09e+02,-9.52e+01,1.98e+02,7.00e+01
-1.05e+02,-8.07e+01,1.99e+02,7.10e+01
-1.09e+02,-1.05e+02,2.00e+02,7.10e+01
-1.00e+02,-8.17e+01,2.01e+02,7.20e+01
-1.18e+02,-9.47e+01,2.00e+02,7.10e+01
-1.06e+02,-9.67e+01,2.00e+02,7.10e+01
-1.08e+02,-9.30e+01,2.00e+02,7.20e+01
-1.02e+02,-8.20e+01,1.96e+02,7.00e+01
-1.14e+02,-9.67e+01,1.96e+02,7.00e+01
-1.17e+02,-9.08e+01,1.99e+02,7.10e+01
-1.24e+02,-9.23e+01,1.99e+02,7.00e+01
-1.10e+02,-8.59e+01,1.95e+02,6.90e+01
-1.07e+02,-8.76e+01,1.99e+02,7.10e+01
-1.09e+02,-9.62e+01,2.00e+02,7.10e+01
-9.95e+01,-8.55e+01,1.95e+02,6.90e+01
-1.12e+02,-8.91e+01,1.99e+02,7.10e+01
-1.04e+02,-8.34e+01,1.96e+02,7.00e+01
-1.12e+02,-9.67e+01,1.96e+02,7.00e+01
-1.03e+02,-8.88e+01,2.00e+02,7.10e+01
-1.10e+02,-8.79e+01,2.01e+02,7.20e+01
-1.06e+02,-9.35e+01,2.01e+02,7.10e+01
-1.08e+02,-9.42e+01,2.00e+02,7.10e+01
-1.12e+02,-8.05e+01,1.99e+02,7.10e+01
-1.10e+02,-9.40e+01,1.95e+02,6.90e+01
-1.19e+02,-9.54e+01,1.99e+02,7.10e+01
-1.09e+02,-9.18e+01,1.99e+02,7.10e+01
-1.00e+02,-8.09e+01,1.97e+02,7.00e+01
-1.14e+02,-9.57e+01,1.99e+02,7.10e+01
-1.11e+02,-9.13e+01,1.98e+02,7.00e+01
-1.11e+02,-8.04e+01,1.99e+02,7.10e+01
-1.15e+02,-9.74e+01,1.99e+02,7.10e+01
-1.05e+02,-9.95e+01,1.98e+02,7.00e+01
-1.12e+02,-9.49e+01,1.97e+02,7.00e+01
-1.05e+02,-8.55e+01,2.01e+02,7.20e+01
-9.54e+01,-7.59e+01,1.96e+02,7.00e+01
-1.10e+02,-1.02e+02,2.00e+02,7.10e+01
-1.11e+02,-9.85e+01,2.00e+02,7.10e+01
-1.18e+02,-1.00e+02,1.98e+02,7.00e+01
-1.15e+02,-1.04e+02,1.99e+02,7.10e+01
-1.09e+02,-9.25e+01,2.01e+02,7.20e+01
-1.05e+02,-8.92e+01,2.00e+02,7.10e+01
-1.04e+02,-9.43e+01,2.00e+02,7.10e+01
-9.85e+01,-9.13e+01,2.00e+02,7.10e+01
-1.21e+02,-1.08e+02,1.97e+02,7.00e+01
-1.10e+02,-9.34e+01,1.96e+02,7.00e+01
-1.03e+02,-9.41e+01,1.97e+02,7.00e+01
-1.05e+02,-9.23e+01,1.99e+02,7.10e+01
-9.83e+01,-8.06e+01,1.97e+02,7.00e+01
-1.08e+02,-9.39e+01,2.00e+02,7.10e+01
-9.95e+01,-8.59e+01,2.00e+02,7.20e+01
-1.00e+02,-6.96e+01,1.97e+02,7.00e+01
-1.11e+02,-9.31e+01,2.00e+02,7.10e+01
-1.13e+02,-1.01e+02,2.00e+02,7.10e+01
-1.08e+02,-9.43e+01,1.97e+02,7.00e+01
-1.09e+02,-9.04e+01,1.96e+02,7.00e+01
-1.09e+02,-8.78e+01,2.02e+02,7.20e+01
-1.10e+02,-9.80e+01,1.99e+02,7.10e+01
-1.14e+02,-9.62e+01,2.00e+02,7.10e+01
-1.10e+02,-9.42e+01,1.97e+02,7.00e+01
-1.10e+02,-9.26e+01,2.01e+02,7.20e+01
-1.02e+02,-9.84e+01,1.98e+02,7.10e+01
-1.15e+02,-1.03e+02,1.98e+02,7.00e+01
-1.10e+02,-1.03e+02,2.00e+02,7.10e+01
-1.15e+02,-9.53e+01,1.99e+02,7.10e+01
-1.03e+02,-8.34e+01,2.00e+02,7.10e+01
-1.06e+02,-9.43e+01,2.01e+02,7.20e+01
-1.10e+02,-8.47e+01,2.00e+02,7.10e+01
-1.07e+02,-7.53e+01,2.00e+02,7.10e+01
-1.13e+02,-9.30e+01,1.99e+02,7.10e+01
-1.11e+02,-7.90e+01,1.96e+02,7.00e+01
-1.03e+02,-8.35e+01,2.00e+02,7.10e+01
-1.07e+02,-9.23e+01,1.97e+02,7.00e+01
-1.02e+02,-9.56e+01,2.01e+02,7.20e+01
