6.73e+02,1.07e+03,1.22e+02,6.40e+01
6.72e+02,1.07e+03,1.24e+02,6.50e+01
6.72e+02,1.07e+03,1.24e+02,6.50e+01
6.72e+02,1.07e+03,1.23e+02,6.40e+01
6.72e+02,1.07e+03,1.24e+02,6.50e+01
6.72e+02,1.07e+03,1.25e+02,6.60e+01
6.72e+02,1.07e+03,1.23e+02,6.40e+01
6.72e+02,1.07e+03,1.24e+02,6.50e+01
6.72e+02,1.07e+03,1.22e+02,6.40e+01
6.72e+02,1.07e+03,1.22e+02,6.40e+01
6.72e+02,1.07e+03,1.23e+02,6.40e+01
6.72e+02,1.07e+03,1.25e+02,6.50e+01
6.72e+02,1.07e+03,1.24e+02,6.50e+01
6.72e+02,1.07e+03,1.24e+02,6.50e+01
6.72e+02,1.07e+03,1.22e+02,6.40e+01
6.72e+02,1.07e+03,1.23e+02,6.50e+01
6.53e+02,1.07e+03,1.24e+02,6.50e+01
6.56e+02,9.91e+02,1.24e+02,6.50e+01
6.71e+02,1.07e+03,1.25e+02,6.60e+01
6.72e+02,1.07e+03,1.22e+02,6.40e+01
6.72e+02,1.07e+03,1.25e+02,6.50e+01
6.72e+02,1.07e+03,1.24e+02,6.40e+01
6.72e+02,1.07e+03,1.25e+02,6.60e+01
6.36e+02,9.87e+02,1.23e+02,6.40e+01
6.72e+02,1.07e+03,1.25e+02,6.50e+01
6.72e+02,1.07e+03,1.23e+02,6.50e+01
-1.26e+01,2.55e+01,1.23e+02,6.40e+01
6.72e+02,1.07e+03,1.24e+02,6.50e+01
6.60e+02,1.07e+03,1.23e+02,6.50e+01
6.72e+02,1.07e+03,1.26e+02,6.60e+01
6.47e+02,1.03e+03,1.24e+02,6.50e+01
6.72e+02,1.07e+03,1.26e+02,6.60e+01
6.67e+02,1.07e+03,1.24e+02,6.50e+01
5.53e+02,9.65e+02,1.26e+02,6.60e+01
6.67e+02,1.07e+03,1.24e+02,6.50e+01
6.72e+02,1.07e+03,1.25e+02,6.60e+01
3.00e+02,1.03e+03,1.24e+02,6.40e+01
6.68e+02,1.07e+03,1.24e+02,6.50e+01
6.12e+02,1.03e+03,1.24e+02,6.60e+01
6.72e+02,1.07e+03,1.24e+02,6.50e+01
6.70e+02,1.07e+03,1.23e+02,6.50e+01
6.72e+02,1.07e+03,1.22e+02,6.40e+01
6.68e+02,1.07e+03,1.23e+02,6.40e+01
6.66e+02,1.07e+03,1.25e+02,6.60e+01
6.72e+02,1.07e+03,1.24e+02,6.50e+01
6.72e+02,1.07e+03,1.24e+02,6.50e+01
6.72e+02,1.07e+03,1.25e+02,6.50e+01
6.72e+02,1.07e+03,1.24e+02,6.50e+01
6.72e+02,1.07e+03,1.23e+02,6.40e+01
6.71e+02,1.07e+03,1.24e+02,6.50e+01
6.67e+02,1.07e+03,1.22e+02,6.40e+01
6.72e+02,1.07e+03,1.22e+02,6.40e+01
6.72e+02,1.07e+03,1.23e+02,6.40e+01
6.58e+02,1.07e+03,1.22e+02,6.40e+01
6.72e+02,1.07e+03,1.25e+02,6.50e+01
6.72e+02,1.07e+03,1.23e+02,6.50e+01
6.72e+02,1.07e+03,1.24e+02,6.50e+01
6.66e+02,1.07e+03,1.23e+02,6.50e+01
6.70e+02,1.07e+03,1.25e+02,6.50e+01
6.72e+02,1.07e+03,1.22e+02,6.40e+01
1.82e+02,2.89e+02,1.23e+02,6.40e+01
6.65e+02,1.07e+03,1.25e+02,6.60e+01
6.70e+02,1.07e+03,1.25e+02,6.60e+01
6.72e+02,1.07e+03,1.23e+02,6.50e+01
6.72e+02,1.07e+03,1.24e+02,6.50e+01
3.58e+02,8.14e+02,1.22e+02,6.40e+01
6.72e+02,1.07e+03,1.23e+02,6.40e+01
6.72e+02,1.07e+03,1.24e+02,6.50e+01
6.09e+02,1.03e+03,1.26e+02,6.70e+01
6.72e+02,1.07e+03,1.25e+02,6.50e+01
6.72e+02,1.07e+03,1.23e+02,6.50e+01
6.59e+02,1.03e+03,1.23e+02,6.50e+01
6.72e+02,1.07e+03,1.25e+02,6.50e+01
6.55e+02,1.07e+03,1.24e+02,6.50e+01
6.23e+02,1.07e+03,1.22e+02,6.40e+01
6.72e+02,1.07e+03,1.22e+02,6.40e+01
6.72e+02,1.07e+03,1.22e+02,6.40e+01
6.72e+02,1.07e+03,1.26e+02,6.50e+01
6.72e+02,1.07e+03,1.23e+02,6.40e+01
6.72e+02,1.07e+03,1.23e+02,6.40e+01
6.72e+02,1.07e+03,1.26e+02,6.60e+01
6.72e+02,1.07e+03,1.25e+02,6.60e+01
6.20e+02,1.07e+03,1.24e+02,6.50e+01
6.67e+02,1.07e+03,1.24e+02,6.50e+01
6.60e+02,1.07e+03,1.23e+02,6.50e+01
6.72e+02,1.07e+03,1.24e+02,6.50e+01
6.72e+02,1.07e+03,1.22e+02,6.40e+01
6.72e+02,1.07e+03,1.25e+02,6.60e+01
6.72e+02,1.07e+03,1.25e+02,6.50e+01
6.65e+02,1.07e+03,1.23e+02,6.40e+01
6.55e+02,1.07e+03,1.24e+02,6.50e+01
6.71e+02,1.07e+03,1.24e+02,6.50e+01
6.72e+02,1.07e+03,1.22e+02,6.40e+01
5.69e+02,1.04e+03,1.25e+02,6.60e+01
4.45e+02,7.93e+02,1.24e+02,6.50e+01
6.59e+02,1.07e+03,1.24e+02,6.50e+01
6.72e+02,1.07e+03,1.23e+02,6.40e+01
6.66e+02,1.07e+03,1.24e+02,6.50e+01
6.72e+02,1.07e+03,1.22e+02,6.40e+01
1.74e+02,3.71e+02,1.24e+02,6.50e+01
6.66e+02,1.07e+03,1.22e+02,6.40e+01
4.42e+02,8.24e+02,1.24e+02,6.50e+01
6.72e+02,1.07e+03,1.23e+02,6.40e+01
6.72e+02,1.07e+03,1.27e+02,6.50e+01
6.72e+02,1.07e+03,1.24e+02,6.50e+01
6.70e+02,1.07e+03,1.25e+02,6.60e+01
6.72e+02,1.07e+03,1.24e+02,6.50e+01
6.67e+02,1.07e+03,1.24e+02,6.50e+01
6.70e+02,1.07e+03,1.24e+02,6.50e+01
6.15e+02,1.01e+03,1.24e+02,6.50e+01
5.87e+02,1.07e+03,1.23e+02,6.40e+01
6.57e+02,1.07e+03,1.24e+02,6.50e+01
6.72e+02,1.07e+03,1.22e+02,6.40e+01
6.72e+02,1.07e+03,1.25e+02,6.60e+01
6.72e+02,1.07e+03,1.25e+02,6.50e+01
4.87e+02,7.79e+02,1.22e+02,6.40e+01
6.66e+02,1.07e+03,1.22e+02,6.40e+01
6.68e+02,1.07e+03,1.24e+02,6.50e+01
6.72e+02,1.07e+03,1.25e+02,6.60e+01
6.72e+02,1.07e+03,1.24e+02,6.50e+01
6.71e+02,1.07e+03,1.25e+02,6.50e+01
6.11e+02,1.03e+03,1.22e+02,6.40e+01
6.72e+02,1.07e+03,1.24e+02,6.50e+01
6.71e+02,1.07e+03,1.25e+02,6.50e+01
6.55e+02,1.07e+03,1.26e+02,6.60e+01
6.72e+02,1.07e+03,1.25e+02,6.50e+01
6.70e+02,1.07e+03,1.22e+02,6.40e+01
6.72e+02,1.07e+03,1.24e+02,6.50e+01
