-4.59e+01,-3.16e+01,8.00e+00,1.20e+01
-5.29e+01,-2.82e+01,1.20e+01,1.20e+01
-5.77e+01,-2.57e+01,1.20e+01,1.20e+01
-7.98e+01,-1.15e+01,1.60e+01,1.20e+01
-6.73e+01,-3.71e+01,1.00e+01,1.20e+01
-5.13e+01,-2.27e+01,1.20e+01,1.20e+01
-4.72e+01,-3.12e+01,1.10e+01,1.20e+01
-5.19e+01,-1.48e+01,9.00e+00,1.20e+01
-5.23e+01,-2.43e+01,5.00e+00,1.20e+01
-3.53e+01,-1.19e+01,1.10e+01,1.20e+01
-5.05e+01,-2.59e+01,1.40e+01,1.20e+01
-7.20e+01,-2.95e+01,1.00e+01,1.20e+01
-5.16e+01,-2.41e+01,1.20e+01,1.20e+01
-5.29e+01,-2.32e+01,1.10e+01,1.20e+01
-6.91e+01,-2.51e+01,1.10e+01,1.20e+01
-8.04e+01,-4.00e+01,9.00e+00,1.20e+01
-3.71e+01,-1.94e+01,1.10e+01,1.20e+01
-5.38e+01,-1.96e+01,1.30e+01,1.20e+01
-2.77e+01,-8.43e+00,1.30e+01,1.20e+01
-5.17e+01,-1.74e+01,8.00e+00,1.20e+01
-6.50e+01,-3.40e+01,1.20e+01,1.20e+01
-6.84e+01,-3.95e+01,1.00e+01,1.20e+01
-3.54e+01,-1.88e+01,1.10e+01,1.20e+01
-5.42e+01,-3.60e+01,9.00e+00,1.20e+01
-5.13e+01,-3.33e+01,1.20e+01,1.20e+01
-5.25e+01,-4.27e+01,9.00e+00,1.20e+01
-4.15e+01,-2.21e+01,1.30e+01,1.20e+01
-3.74e+01,-2.27e+01,1.30e+01,1.20e+01
-3.73e+01,-1.58e+01,1.10e+01,1.20e+01
-4.95e+01,-2.11e+01,1.20e+01,1.20e+01
-4.77e+01,-1.78e+01,8.00e+00,1.20e+01
-6.56e+01,-2.06e+01,6.00e+00,1.20e+01
-4.21e+01,-2.01e+01,1.00e+01,1.20e+01
-4.35e+01,-2.72e+01,1.10e+01,1.20e+01
-6.30e+01,-1.20e+01,1.20e+01,1.20e+01
-5.49e+01,-2.78e+01,1.20e+01,1.20e+01
-5.52e+01,-2.21e+01,1.20e+01,1.20e+01
-4.46e+01,-9.50e+00,1.10e+01,1.20e+01
-4.34e+01,-1.08e+01,1.30e+01,1.20e+01
-4.08e+01,-2.14e+01,1.30e+01,1.20e+01
-3.58e+01,-2.09e+01,1.00e+01,1.20e+01
-3.91e+01,-8.33e+00,1.00e+01,1.20e+01
-8.25e+01,-1.96e+01,1.20e+01,1.20e+01
-5.97e+01,-3.46e+01,9.00e+00,1.20e+01
-3.74e+01,-1.75e+01,1.10e+01,1.20e+01
-5.05e+01,-1.87e+01,1.00e+01,1.20e+01
-6.11e+01,-4.11e+01,9.00e+00,1.20e+01
-5.14e+01,-1.59e+01,8.00e+00,1.20e+01
-5.41e+01,-8.76e+00,9.00e+00,1.20e+01
-4.33e+01,-1.91e+01,1.00e+01,1.20e+01
-4.86e+01,-2.22e+01,1.00e+01,1.20e+01
-4.65e+01,-1.50e+01,1.10e+01,1.20e+01
-6.65e+01,-1.38e+01,1.20e+01,1.20e+01
-8.15e+01,-4.26e+01,1.00e+01,1.20e+01
-4.25e+01,-2.45e+01,1.30e+01,1.20e+01
-5.56e+01,-3.17e+01,8.00e+00,1.20e+01
-6.47e+01,-4.07e+01,1.10e+01,1.20e+01
-5.77e+01,-2.92e+01,1.10e+01,1.20e+01
-4.17e+01,-9.06e+00,1.20e+01,1.20e+01
-3.25e+01,0.00e+00,1.30e+01,1.20e+01
-6.29e+01,-2.88e+01,1.30e+01,1.20e+01
-4.74e+01,-2.03e+01,1.10e+01,1.20e+01
-3.43e+01,-1.97e+01,1.00e+01,1.20e+01
-4.37e+01,-2.53e+01,1.40e+01,1.20e+01
-4.90e+01,-2.75e+01,1.40e+01,1.20e+01
-5.41e+01,-1.56e+01,8.00e+00,1.20e+01
-6.10e+01,-3.12e+01,1.10e+01,1.20e+01
-7.07e+01,-2.70e+01,9.00e+00,1.20e+01
-4.05e+01,-2.81e+01,1.20e+01,1.20e+01
-5.29e+01,-2.52e+01,1.00e+01,1.20e+01
-6.51e+01,-2.63e+01,1.20e+01,1.20e+01
-4.28e+01,-2.73e+01,8.00e+00,1.20e+01
-4.24e+01,-1.82e+01,1.40e+01,1.20e+01
-6.52e+01,-1.96e+01,1.30e+01,1.20e+01
-7.57e+01,-4.38e+01,9.00e+00,1.20e+01
-3.66e+01,-1.07e+01,1.20e+01,1.20e+01
-8.34e+01,-3.47e+01,1.30e+01,1.20e+01
-5.81e+01,-1.19e+01,1.40e+01,1.20e+01
-4.39e+01,0.00e+00,1.20e+01,1.20e+01
-6.81e+01,-2.26e+01,1.00e+01,1.20e+01
-4.82e+01,-1.35e+01,1.30e+01,1.20e+01
-4.69e+01,-2.77e+01,1.20e+01,1.20e+01
-5.84e+01,-1.68e+01,8.00e+00,1.20e+01
-2.87e+01,-1.35e+01,1.30e+01,1.20e+01
-3.93e+01,-2.78e+01,1.20e+01,1.20e+01
-4.87e+01,-2.10e+01,9.00e+00,1.20e+01
-3.98e+01,-1.25e+01,6.00e+00,1.20e+01
-3.38e+01,-2.27e+01,1.00e+01,1.20e+01
-6.18e+01,-2.01e+01,7.00e+00,1.20e+01
-5.24e+01,-2.11e+01,1.10e+01,1.20e+01
-6.05e+01,-2.73e+01,1.20e+01,1.20e+01
-2.98e+01,-1.78e+01,1.30e+01,1.20e+01
-5.13e+01,-3.04e+01,1.00e+01,1.20e+01
-6.58e+01,-4.74e+01,1.20e+01,1.20e+01
-5.88e+01,-2.87e+01,8.00e+00,1.20e+01
-4.72e+01,-1.22e+01,1.40e+01,1.20e+01
-7.55e+01,-3.15e+01,8.00e+00,1.20e+01
-8.60e+01,-4.27e+01,9.00e+00,1.20e+01
-3.49e+01,-6.03e+00,1.10e+01,1.20e+01
-9.21e+01,-3.96e+01,1.50e+01,1.20e+01
-5.48e+01,-3.92e+01,1.20e+01,1.20e+01
-6.38e+01,-2.24e+01,1.20e+01,1.20e+01
-3.59e+01,-7.14e+00,9.00e+00,1.20e+01
-4.76e+01,-1.88e+01,9.00e+00,1.20e+01
-6.45e+01,-1.98e+01,7.00e+00,1.20e+01
-6.74e+01,-7.14e-01,1.10e+01,1.20e+01
-6.25e+01,-2.61e+01,1.20e+01,1.20e+01
-4.76e+01,-2.80e+01,1.10e+01,1.20e+01
-7.49e+01,-2.70e+01,1.40e+01,1.20e+01
-3.36e+01,-1.81e+01,1.00e+01,1.20e+01
-3.48e+01,-1.00e+01,1.00e+01,1.20e+01
-6.05e+01,-3.10e+01,1.50e+01,1.20e+01
-7.04e+01,-3.35e+01,9.00e+00,1.20e+01
-7.84e+01,-4.06e+01,1.00e+01,1.20e+01
-3.38e+01,-1.46e+01,1.10e+01,1.20e+01
-3.85e+01,-2.47e+01,1.10e+01,1.20e+01
-4.71e+01,-2.05e+01,1.20e+01,1.20e+01
-5.11e+01,-1.75e+01,1.10e+01,1.20e+01
-7.34e+01,-3.88e+01,1.30e+01,1.20e+01
-5.71e+01,-2.81e+01,1.10e+01,1.20e+01
-4.31e+01,-5.29e+00,1.30e+01,1.20e+01
-3.02e+01,-1.61e+01,1.10e+01,1.20e+01
-5.53e+01,-1.50e+01,1.10e+01,1.20e+01
-8.23e+01,-3.54e+01,8.00e+00,1.20e+01
-4.75e+01,-2.22e+01,9.00e+00,1.20e+01
-5.07e+01,-2.35e+01,9.00e+00,1.20e+01
-1.03e+02,-5.28e+01,1.40e+01,1.20e+01
-4.19e+01,-2.08e+01,8.00e+00,1.20e+01
