-1.56e+01,6.77e+01,1.40e+01,1.20e+01
7.74e+00,6.68e+01,1.60e+01,1.20e+01
1.54e+01,1.04e+02,1.60e+01,1.20e+01
1.43e+01,5.04e+01,1.50e+01,1.20e+01
1.66e+01,9.95e+01,1.60e+01,1.20e+01
2.00e+01,7.22e+01,1.30e+01,1.20e+01
1.48e+01,5.68e+01,1.80e+01,1.20e+01
-3.47e+00,4.14e+01,1.70e+01,1.20e+01
-2.22e+01,6.45e+01,1.30e+01,1.20e+01
1.05e+01,7.27e+01,1.40e+01,1.20e+01
6.50e+00,6.57e+01,1.70e+01,1.20e+01
8.20e-02,4.92e+01,1.60e+01,1.20e+01
-5.39e+01,1.19e+00,1.50e+01,1.20e+01
1.03e+01,1.42e+02,1.80e+01,1.20e+01
-4.41e+01,2.99e+01,1.10e+01,1.20e+01
-3.43e+01,-4.09e+00,1.10e+01,1.20e+01
5.89e+00,6.62e+01,1.40e+01,1.20e+01
-9.26e+00,5.66e+01,1.50e+01,1.20e+01
2.70e+01,9.90e+01,1.70e+01,1.20e+01
2.26e+01,7.11e+01,1.30e+01,1.20e+01
1.99e+01,1.10e+02,1.70e+01,1.20e+01
3.45e+01,8.25e+01,1.70e+01,1.20e+01
1.10e+01,8.08e+01,1.30e+01,1.20e+01
3.09e+00,5.51e+01,1.10e+01,1.20e+01
-2.89e+01,5.49e+01,1.40e+01,1.20e+01
-8.25e+00,3.91e+01,1.70e+01,1.20e+01
2.30e+00,5.79e+01,1.60e+01,1.20e+01
2.50e+00,4.96e+01,1.40e+01,1.20e+01
2.75e+01,1.32e+02,1.40e+01,1.20e+01
1.46e+01,5.49e+01,1.80e+01,1.20e+01
6.09e+00,7.37e+01,1.50e+01,1.20e+01
-4.26e+01,-3.33e+00,1.20e+01,1.20e+01
-3.12e+01,4.64e+01,1.50e+01,1.20e+01
-1.20e+01,3.43e+01,1.20e+01,1.20e+01
1.42e+01,5.30e+01,1.70e+01,1.20e+01
5.27e+00,6.83e+01,1.70e+01,1.20e+01
2.20e+01,1.11e+02,1.70e+01,1.20e+01
-2.84e+01,9.05e+01,1.60e+01,1.20e+01
-2.18e+00,5.05e+01,1.50e+01,1.20e+01
-4.18e+01,4.53e+01,1.30e+01,1.20e+01
-4.72e+00,5.11e+01,1.70e+01,1.20e+01
-1.43e+01,4.32e+01,1.40e+01,1.20e+01
-3.05e+01,3.02e+01,1.50e+01,1.20e+01
-4.12e+01,3.33e+01,1.30e+01,1.20e+01
8.19e+00,6.52e+01,1.50e+01,1.20e+01
-2.12e+01,7.99e+01,1.70e+01,1.20e+01
-3.72e+01,7.37e+00,9.00e+00,1.20e+01
3.92e+00,6.98e+01,1.80e+01,1.20e+01
1.52e+01,5.83e+01,1.70e+01,1.20e+01
-2.31e+01,4.21e+01,1.20e+01,1.20e+01
-3.40e+01,-1.86e+00,1.30e+01,1.20e+01
9.75e+00,7.00e+01,1.70e+01,1.20e+01
1.83e+01,1.05e+02,1.60e+01,1.20e+01
5.58e+00,6.65e+01,1.60e+01,1.20e+01
2.91e+01,5.38e+01,1.80e+01,1.20e+01
1.61e+01,1.21e+02,1.10e+01,1.20e+01
1.18e+01,1.45e+02,1.90e+01,1.20e+01
1.27e+01,9.44e+01,1.60e+01,1.20e+01
-4.39e+01,2.40e+01,1.50e+01,1.20e+01
-2.89e-01,9.50e+01,1.50e+01,1.20e+01
6.76e+00,4.85e+01,1.30e+01,1.20e+01
1.08e+01,6.92e+01,1.80e+01,1.20e+01
-1.64e+00,6.28e+01,1.40e+01,1.20e+01
3.15e+01,1.20e+02,1.40e+01,1.20e+01
8.17e+00,6.05e+01,1.20e+01,1.20e+01
-2.29e+00,6.78e+01,1.20e+01,1.20e+01
6.28e-01,3.93e+01,1.40e+01,1.20e+01
7.60e+00,6.09e+01,1.50e+01,1.20e+01
5.31e-01,4.91e+01,1.40e+01,1.20e+01
-8.55e+00,5.40e+01,1.50e+01,1.20e+01
-2.08e+00,6.77e+01,1.20e+01,1.20e+01
-1.31e+01,1.18e+02,1.60e+01,1.20e+01
-4.45e+00,5.88e+01,1.40e+01,1.20e+01
-6.83e+00,3.50e+01,1.30e+01,1.20e+01
1.09e+01,4.70e+01,1.30e+01,1.20e+01
-5.73e+00,5.87e+01,1.30e+01,1.20e+01
-2.04e+01,5.75e+01,1.20e+01,1.20e+01
-2.03e+00,5.63e+01,1.70e+01,1.20e+01
-2.04e+00,7.81e+01,1.70e+01,1.20e+01
2.07e+01,8.21e+01,1.30e+01,1.20e+01
8.12e+00,3.91e+01,1.40e+01,1.20e+01
5.93e+00,6.42e+01,1.20e+01,1.20e+01
-2.96e+00,5.00e+01,1.60e+01,1.20e+01
9.41e+00,4.65e+01,1.80e+01,1.20e+01
9.50e+00,1.16e+02,1.40e+01,1.20e+01
-1.14e+01,2.66e+01,1.40e+01,1.20e+01
1.07e+01,6.24e+01,1.50e+01,1.20e+01
2.10e+01,5.12e+01,1.20e+01,1.20e+01
-2.50e+01,5.36e+01,1.40e+01,1.20e+01
2.57e+00,4.58e+01,1.60e+01,1.20e+01
9.97e-01,4.11e+01,1.90e+01,1.20e+01
2.79e+00,1.07e+02,1.50e+01,1.20e+01
1.06e+01,5.15e+01,1.50e+01,1.20e+01
1.78e+01,1.12e+02,1.60e+01,1.20e+01
-1.62e+01,5.19e+01,1.30e+01,1.20e+01
1.25e+01,8.95e+01,1.40e+01,1.20e+01
4.45e+00,5.44e+01,1.70e+01,1.20e+01
2.43e+01,1.17e+02,1.60e+01,1.20e+01
1.02e+01,5.99e+01,1.40e+01,1.20e+01
-1.88e+01,2.49e+01,1.40e+01,1.20e+01
1.03e+01,4.80e+01,1.50e+01,1.20e+01
-1.96e+01,1.21e+02,1.70e+01,1.20e+01
-1.41e+01,5.56e+01,1.70e+01,1.20e+01
-9.13e+00,3.78e+01,1.60e+01,1.20e+01
-9.00e+00,5.07e+01,1.40e+01,1.20e+01
6.39e+00,6.90e+01,1.50e+01,1.20e+01
-1.49e+00,5.69e+01,1.10e+01,1.20e+01
-9.15e+00,4.25e+01,1.30e+01,1.20e+01
1.14e+01,4.34e+01,1.60e+01,1.20e+01
4.06e+00,1.33e+02,1.60e+01,1.20e+01
1.51e+01,7.41e+01,1.30e+01,1.20e+01
1.95e+01,8.86e+01,1.90e+01,1.20e+01
4.92e+00,7.67e+01,1.90e+01,1.20e+01
-1.07e+01,3.44e+01,1.70e+01,1.20e+01
8.30e+00,6.16e+01,1.80e+01,1.20e+01
-5.79e-01,4.58e+01,1.60e+01,1.20e+01
-1.89e+00,4.95e+01,1.50e+01,1.20e+01
-3.33e+01,2.91e+01,1.40e+01,1.20e+01
7.89e+00,5.47e+01,1.00e+01,1.20e+01
-6.06e+00,7.71e+01,1.40e+01,1.20e+01
-1.58e+01,3.37e+01,1.50e+01,1.20e+01
-3.84e+01,1.06e+02,1.70e+01,1.20e+01
-3.08e+00,4.01e+01,1.50e+01,1.20e+01
8.51e+00,4.67e+01,1.80e+01,1.20e+01
3.78e+01,1.08e+02,1.60e+01,1.20e+01
3.63e+00,6.89e+01,1.40e+01,1.20e+01
2.58e+01,8.03e+01,1.70e+01,1.20e+01
1.17e+01,7.81e+01,1.30e+01,1.20e+01
