2.71e+02,5.70e+02,3.40e+01,2.40e+01
2.20e+02,9.71e+02,3.90e+01,2.70e+01
2.71e+02,5.70e+02,3.40e+01,2.40e+01
2.31e+02,8.07e+02,3.80e+01,2.60e+01
2.52e+02,6.15e+02,3.50e+01,2.60e+01
2.52e+02,6.15e+02,3.40e+01,2.50e+01
2.71e+02,6.04e+02,3.30e+01,2.40e+01
2.53e+02,4.94e+02,3.40e+01,2.40e+01
-4.72e+01,1.08e+02,3.40e+01,2.40e+01
2.71e+02,6.04e+02,3.60e+01,2.60e+01
2.56e+02,6.10e+02,3.90e+01,2.70e+01
2.56e+02,6.10e+02,3.70e+01,2.60e+01
2.70e+02,6.04e+02,3.30e+01,2.40e+01
2.52e+02,6.15e+02,3.50e+01,2.50e+01
2.31e+02,8.07e+02,4.10e+01,2.70e+01
2.49e+02,6.10e+02,3.80e+01,2.70e+01
2.31e+02,8.07e+02,3.80e+01,2.60e+01
2.07e+02,6.64e+02,3.90e+01,2.70e+01
2.54e+02,6.10e+02,3.70e+01,2.60e+01
4.45e+01,1.70e+02,3.90e+01,2.80e+01
2.71e+02,5.70e+02,3.40e+01,2.40e+01
2.73e+02,6.10e+02,3.50e+01,2.50e+01
2.17e+02,3.70e+02,3.90e+01,2.70e+01
2.69e+02,5.86e+02,3.40e+01,2.40e+01
2.29e+02,8.07e+02,3.80e+01,2.60e+01
2.52e+02,6.15e+02,3.50e+01,2.50e+01
2.56e+02,6.10e+02,3.70e+01,2.60e+01
2.56e+02,6.10e+02,3.70e+01,2.60e+01
2.14e+02,6.08e+02,3.70e+01,2.70e+01
2.23e+02,7.61e+02,3.90e+01,2.60e+01
2.49e+02,6.10e+02,3.70e+01,2.60e+01
1.35e+02,5.87e+02,3.80e+01,2.60e+01
2.27e+02,6.10e+02,3.90e+01,2.70e+01
2.56e+02,6.10e+02,3.80e+01,2.60e+01
2.56e+02,6.10e+02,3.90e+01,2.70e+01
2.24e+02,5.07e+02,3.40e+01,2.40e+01
2.20e+02,9.71e+02,3.90e+01,2.70e+01
2.52e+02,6.15e+02,3.50e+01,2.60e+01
2.25e+02,6.15e+02,3.60e+01,2.70e+01
2.56e+02,6.10e+02,3.80e+01,2.60e+01
2.18e+02,9.71e+02,3.80e+01,2.70e+01
2.56e+02,6.10e+02,3.80e+01,2.60e+01
2.31e+02,8.07e+02,3.90e+01,2.60e+01
2.36e+02,1.08e+03,3.80e+01,2.60e+01
2.71e+02,5.70e+02,3.50e+01,2.50e+01
2.51e+02,6.15e+02,3.50e+01,2.60e+01
2.20e+02,9.71e+02,4.10e+01,2.80e+01
2.56e+02,6.10e+02,4.00e+01,2.80e+01
2.18e+02,9.61e+02,3.90e+01,2.70e+01
2.31e+02,8.07e+02,3.90e+01,2.70e+01
2.18e+02,9.71e+02,4.00e+01,2.70e+01
2.56e+02,6.10e+02,3.70e+01,2.60e+01
2.71e+02,5.70e+02,3.60e+01,2.60e+01
2.71e+02,6.04e+02,3.40e+01,2.40e+01
2.71e+02,5.70e+02,3.50e+01,2.40e+01
2.69e+02,5.70e+02,3.50e+01,2.50e+01
2.30e+02,1.28e+03,3.70e+01,2.60e+01
9.82e+01,2.28e+02,3.90e+01,2.70e+01
2.52e+02,6.15e+02,3.60e+01,2.60e+01
2.18e+02,9.71e+02,3.90e+01,2.70e+01
2.71e+02,5.70e+02,3.40e+01,2.40e+01
2.14e+02,9.71e+02,4.00e+01,2.80e+01
2.49e+02,5.24e+02,3.40e+01,2.40e+01
2.26e+02,5.39e+02,3.60e+01,2.60e+01
2.16e+02,6.15e+02,3.70e+01,2.70e+01
2.71e+02,6.04e+02,3.50e+01,2.50e+01
2.31e+02,8.07e+02,3.80e+01,2.60e+01
2.42e+02,5.95e+02,3.40e+01,2.50e+01
1.87e+02,5.45e+02,3.90e+01,2.70e+01
2.31e+02,8.07e+02,4.00e+01,2.70e+01
2.51e+02,6.15e+02,3.80e+01,2.80e+01
2.31e+02,8.07e+02,3.90e+01,2.70e+01
1.47e+02,2.29e+02,3.70e+01,2.80e+01
9.79e+00,1.55e+02,3.40e+01,2.50e+01
2.52e+02,6.15e+02,3.60e+01,2.60e+01
2.54e+02,1.19e+03,3.90e+01,2.60e+01
2.39e+02,6.15e+02,3.50e+01,2.50e+01
2.30e+02,5.15e+02,3.70e+01,2.70e+01
2.71e+02,5.70e+02,3.40e+01,2.40e+01
2.68e+02,5.90e+02,3.30e+01,2.40e+01
1.13e+02,1.81e+02,3.70e+01,2.70e+01
2.52e+02,6.15e+02,3.50e+01,2.50e+01
1.27e+01,1.07e+02,4.00e+01,2.80e+01
1.11e+02,3.90e+02,3.90e+01,2.70e+01
2.57e+02,5.88e+02,3.70e+01,2.60e+01
2.31e+02,8.07e+02,3.80e+01,2.60e+01
2.21e+02,7.58e+02,3.80e+01,2.60e+01
2.56e+02,6.10e+02,3.90e+01,2.70e+01
2.11e+02,9.71e+02,4.10e+01,2.80e+01
2.71e+02,6.04e+02,3.30e+01,2.40e+01
2.55e+02,6.10e+02,3.50e+01,2.60e+01
2.71e+02,6.04e+02,3.40e+01,2.40e+01
2.27e+02,5.41e+02,3.70e+01,2.80e+01
2.58e+02,6.10e+02,3.80e+01,2.70e+01
2.71e+02,6.04e+02,3.40e+01,2.40e+01
9.31e+01,2.43e+02,3.40e+01,2.40e+01
2.52e+02,6.15e+02,3.50e+01,2.60e+01
2.18e+02,9.71e+02,3.80e+01,2.60e+01
2.71e+02,5.70e+02,3.60e+01,2.50e+01
2.18e+02,9.71e+02,3.90e+01,2.60e+01
2.51e+02,6.15e+02,3.50e+01,2.60e+01
2.56e+02,6.10e+02,3.90e+01,2.70e+01
9.54e+01,2.11e+02,4.00e+01,2.60e+01
1.38e+02,4.57e+02,3.90e+01,2.70e+01
2.71e+02,5.70e+02,3.50e+01,2.40e+01
2.71e+02,5.70e+02,3.60e+01,2.50e+01
2.30e+02,8.07e+02,3.90e+01,2.70e+01
2.10e+02,9.71e+02,3.80e+01,2.70e+01
2.57e+02,6.10e+02,3.60e+01,2.60e+01
2.56e+02,6.10e+02,3.70e+01,2.60e+01
2.31e+02,5.89e+02,3.50e+01,2.60e+01
2.18e+02,9.71e+02,3.80e+01,2.70e+01
2.56e+02,6.10e+02,3.60e+01,2.70e+01
2.58e+02,6.10e+02,4.00e+01,2.80e+01
2.51e+02,6.15e+02,3.60e+01,2.70e+01
2.25e+02,6.15e+02,3.60e+01,2.70e+01
2.71e+02,5.70e+02,3.40e+01,2.40e+01
2.31e+02,8.07e+02,4.00e+01,2.70e+01
2.56e+02,6.10e+02,3.90e+01,2.70e+01
2.50e+02,6.15e+02,3.70e+01,2.70e+01
2.52e+02,6.15e+02,3.50e+01,2.60e+01
1.82e+02,3.38e+02,3.50e+01,2.60e+01
2.71e+02,5.70e+02,3.50e+01,2.40e+01
2.71e+02,5.70e+02,3.50e+01,2.50e+01
2.56e+02,6.10e+02,3.80e+01,2.70e+01
2.48e+02,1.10e+03,3.70e+01,2.60e+01
2.10e+02,9.71e+02,3.90e+01,2.70e+01
2.30e+02,8.07e+02,3.90e+01,2.70e+01
