1.26e+02,2.62e+02,1.90e+02,6.00e+01
1.26e+02,2.62e+02,1.93e+02,6.20e+01
1.28e+02,2.61e+02,2.00e+02,5.90e+01
1.28e+02,2.61e+02,1.99e+02,5.90e+01
1.26e+02,2.62e+02,1.86e+02,5.90e+01
1.28e+02,2.61e+02,1.98e+02,5.90e+01
1.26e+02,2.62e+02,1.91e+02,6.00e+01
1.26e+02,2.62e+02,1.86e+02,5.90e+01
1.28e+02,2.61e+02,1.98e+02,5.90e+01
1.28e+02,2.61e+02,1.95e+02,5.70e+01
1.26e+02,2.62e+02,1.91e+02,5.90e+01
1.26e+02,2.62e+02,1.85e+02,5.80e+01
1.26e+02,2.62e+02,1.90e+02,5.90e+01
1.28e+02,2.61e+02,1.98e+02,5.90e+01
1.28e+02,2.61e+02,1.99e+02,6.00e+01
1.28e+02,2.61e+02,1.97e+02,5.70e+01
1.26e+02,2.62e+02,1.91e+02,5.90e+01
1.26e+02,2.62e+02,1.91e+02,5.90e+01
1.26e+02,2.62e+02,1.87e+02,5.90e+01
1.26e+02,2.62e+02,1.92e+02,5.90e+01
1.28e+02,2.61e+02,1.96e+02,5.70e+01
1.28e+02,2.61e+02,2.00e+02,5.90e+01
1.26e+02,2.62e+02,1.89e+02,5.90e+01
1.26e+02,2.62e+02,1.92e+02,6.10e+01
1.28e+02,2.61e+02,1.99e+02,5.90e+01
1.28e+02,2.61e+02,1.98e+02,5.90e+01
1.26e+02,2.62e+02,1.90e+02,5.80e+01
1.28e+02,2.61e+02,1.98e+02,5.80e+01
1.28e+02,2.61e+02,1.98e+02,5.80e+01
1.26e+02,2.62e+02,1.90e+02,5.90e+01
1.26e+02,2.62e+02,1.91e+02,5.90e+01
1.28e+02,2.61e+02,1.98e+02,5.80e+01
1.28e+02,2.61e+02,1.98e+02,5.90e+01
1.28e+02,2.61e+02,2.00e+02,6.00e+01
1.26e+02,2.62e+02,1.93e+02,6.10e+01
1.26e+02,2.62e+02,1.91e+02,6.00e+01
1.26e+02,2.62e+02,1.90e+02,5.90e+01
1.26e+02,2.62e+02,1.91e+02,5.90e+01
1.26e+02,2.62e+02,1.94e+02,6.20e+01
1.28e+02,2.61e+02,1.99e+02,5.90e+01
1.28e+02,2.61e+02,1.98e+02,5.80e+01
1.28e+02,2.61e+02,1.98e+02,5.80e+01
1.28e+02,2.61e+02,1.97e+02,5.70e+01
1.28e+02,2.61e+02,1.99e+02,5.90e+01
1.27e+02,2.61e+02,1.99e+02,5.90e+01
1.26e+02,2.62e+02,1.91e+02,5.90e+01
1.25e+02,2.62e+02,1.97e+02,5.90e+01
1.26e+02,2.62e+02,1.96e+02,6.30e+01
1.26e+02,2.62e+02,1.86e+02,5.90e+01
1.26e+02,2.62e+02,1.93e+02,6.20e+01
1.26e+02,2.62e+02,1.91e+02,5.90e+01
1.27e+02,2.61e+02,1.99e+02,5.90e+01
1.26e+02,2.62e+02,1.87e+02,5.90e+01
1.26e+02,2.62e+02,1.92e+02,5.90e+01
1.28e+02,2.61e+02,1.98e+02,5.90e+01
1.26e+02,2.62e+02,1.91e+02,5.90e+01
1.28e+02,2.61e+02,1.99e+02,6.00e+01
1.26e+02,2.62e+02,1.91e+02,6.00e+01
1.28e+02,2.61e+02,2.00e+02,6.00e+01
2.83e+01,1.89e+02,1.97e+02,5.90e+01
1.28e+02,2.61e+02,2.00e+02,5.90e+01
1.26e+02,2.62e+02,1.91e+02,6.10e+01
1.28e+02,2.61e+02,1.96e+02,5.70e+01
1.28e+02,2.61e+02,2.00e+02,5.90e+01
1.28e+02,2.61e+02,1.99e+02,5.90e+01
1.12e+02,2.61e+02,1.98e+02,5.90e+01
1.28e+02,2.61e+02,2.00e+02,5.90e+01
1.26e+02,2.62e+02,1.95e+02,6.30e+01
1.26e+02,2.62e+02,1.90e+02,5.90e+01
1.28e+02,2.61e+02,2.00e+02,6.00e+01
1.28e+02,2.61e+02,2.01e+02,5.90e+01
1.25e+02,2.62e+02,1.92e+02,6.10e+01
1.28e+02,2.61e+02,1.97e+02,5.90e+01
1.28e+02,2.61e+02,1.98e+02,5.70e+01
1.28e+02,2.61e+02,2.00e+02,5.90e+01
1.27e+02,2.61e+02,2.01e+02,6.00e+01
1.26e+02,2.62e+02,1.93e+02,6.00e+01
1.26e+02,2.62e+02,1.91e+02,5.90e+01
1.26e+02,2.62e+02,1.92e+02,6.10e+01
1.27e+02,2.61e+02,2.00e+02,5.90e+01
1.26e+02,2.62e+02,1.87e+02,5.90e+01
1.26e+02,2.62e+02,1.86e+02,5.90e+01
1.26e+02,2.62e+02,1.91e+02,5.90e+01
1.28e+02,2.61e+02,2.02e+02,6.00e+01
1.26e+02,2.62e+02,1.90e+02,5.90e+01
1.11e+02,2.61e+02,1.98e+02,5.90e+01
1.13e+02,2.62e+02,1.85e+02,5.80e+01
1.27e+02,2.61e+02,1.99e+02,5.90e+01
1.28e+02,2.61e+02,1.95e+02,5.70e+01
1.26e+02,2.62e+02,1.87e+02,6.00e+01
1.28e+02,2.61e+02,2.00e+02,5.90e+01
1.26e+02,2.62e+02,1.92e+02,5.90e+01
1.26e+02,2.62e+02,1.90e+02,5.80e+01
1.26e+02,2.62e+02,1.92e+02,5.90e+01
1.26e+02,2.62e+02,1.92e+02,6.00e+01
1.26e+02,2.62e+02,1.93e+02,6.10e+01
1.26e+02,2.62e+02,1.94e+02,6.20e+01
1.28e+02,2.61e+02,2.01e+02,6.10e+01
1.28e+02,2.61e+02,2.00e+02,5.90e+01
1.28e+02,2.61e+02,2.00e+02,5.90e+01
1.28e+02,2.61e+02,1.99e+02,5.90e+01
1.28e+02,2.61e+02,1.97e+02,5.70e+01
1.28e+02,2.61e+02,1.97e+02,5.80e+01
1.26e+02,2.62e+02,1.92e+02,6.10e+01
1.26e+02,2.62e+02,1.85e+02,5.80e+01
1.26e+02,2.62e+02,1.94e+02,6.20e+01
1.28e+02,2.61e+02,1.99e+02,5.90e+01
1.28e+02,2.61e+02,1.99e+02,5.90e+01
1.28e+02,2.61e+02,1.99e+02,6.00e+01
1.26e+02,2.62e+02,1.93e+02,6.20e+01
1.27e+02,2.61e+02,1.98e+02,5.90e+01
2.76e+01,2.41e+02,1.98e+02,5.90e+01
1.26e+02,2.62e+02,1.92e+02,6.10e+01
1.26e+02,2.62e+02,1.92e+02,5.90e+01
1.27e+02,2.61e+02,1.99e+02,6.00e+01
1.28e+02,2.61e+02,2.00e+02,6.00e+01
1.26e+02,2.62e+02,1.87e+02,5.90e+01
1.09e+02,2.62e+02,1.94e+02,6.20e+01
1.26e+02,2.62e+02,1.90e+02,5.90e+01
1.27e+02,2.61e+02,1.95e+02,5.70e+01
1.28e+02,2.61e+02,2.00e+02,6.00e+01
1.08e+02,2.61e+02,1.98e+02,5.90e+01
1.26e+02,2.62e+02,1.91e+02,5.90e+01
1.26e+02,2.62e+02,1.86e+02,5.80e+01
1.28e+02,2.61e+02,2.01e+02,5.90e+01
1.26e+02,2.62e+02,1.92e+02,5.90e+01
1.26e+02,2.62e+02,1.92e+02,6.10e+01
1.26e+02,2.62e+02,1.89e+02,6.00e+01
