1.30e+02,4.71e+02,3.90e+01,1.80e+01
4.03e+01,9.73e+01,3.60e+01,1.80e+01
7.94e+01,1.53e+02,3.60e+01,1.80e+01
4.14e+01,1.52e+02,3.60e+01,1.80e+01
1.38e+02,5.03e+02,4.00e+01,1.90e+01
6.27e+01,1.77e+02,3.70e+01,1.80e+01
1.08e+02,4.53e+02,3.60e+01,1.80e+01
1.65e+02,8.36e+02,3.70e+01,1.80e+01
1.69e+02,7.44e+02,3.90e+01,1.80e+01
1.36e+02,4.86e+02,3.80e+01,1.80e+01
1.21e+02,4.62e+02,3.60e+01,1.80e+01
1.44e+02,4.51e+02,3.60e+01,1.80e+01
1.75e+02,8.38e+02,3.90e+01,1.90e+01
9.12e+01,4.18e+02,3.90e+01,2.00e+01
4.28e+01,8.55e+01,3.80e+01,1.90e+01
5.39e+01,1.30e+02,3.80e+01,1.80e+01
1.30e+02,5.16e+02,3.80e+01,1.80e+01
1.27e+02,5.28e+02,3.70e+01,1.90e+01
1.33e+02,5.00e+02,3.70e+01,1.80e+01
6.66e+01,1.54e+02,3.90e+01,2.00e+01
1.68e+02,7.83e+02,3.70e+01,1.80e+01
1.15e+02,4.83e+02,3.70e+01,1.80e+01
1.20e+02,4.23e+02,3.60e+01,1.80e+01
6.27e+01,1.76e+02,4.20e+01,2.00e+01
1.28e+02,4.21e+02,3.60e+01,1.80e+01
1.69e+02,8.15e+02,3.80e+01,1.80e+01
1.34e+02,4.75e+02,4.00e+01,2.00e+01
1.06e+02,4.84e+02,4.00e+01,1.80e+01
1.12e+02,4.09e+02,3.80e+01,1.90e+01
5.69e+01,1.65e+02,4.20e+01,2.00e+01
2.23e+02,1.11e+03,3.60e+01,1.80e+01
1.21e+02,4.56e+02,4.10e+01,1.90e+01
1.68e+01,6.13e+01,3.80e+01,1.80e+01
9.59e+01,4.47e+02,3.70e+01,1.80e+01
6.04e+01,1.23e+02,3.70e+01,1.90e+01
1.04e+02,3.76e+02,3.60e+01,1.80e+01
1.90e+02,7.45e+02,4.00e+01,1.90e+01
5.78e+01,1.61e+02,4.20e+01,2.10e+01
1.61e+02,7.34e+02,3.70e+01,1.80e+01
1.42e+02,4.58e+02,3.70e+01,1.80e+01
1.90e+02,8.41e+02,4.00e+01,1.90e+01
3.53e+01,8.39e+01,3.90e+01,1.80e+01
1.20e+02,4.35e+02,4.00e+01,2.10e+01
1.78e+02,8.05e+02,4.00e+01,1.90e+01
1.45e+02,5.17e+02,3.70e+01,1.80e+01
1.43e+02,7.83e+02,3.90e+01,1.90e+01
1.24e+02,4.46e+02,3.70e+01,1.80e+01
1.87e+02,8.47e+02,3.90e+01,2.00e+01
9.59e+01,2.52e+02,3.90e+01,1.90e+01
1.46e+02,5.16e+02,4.10e+01,1.90e+01
8.24e+01,4.62e+02,3.70e+01,1.80e+01
1.75e+02,7.95e+02,3.80e+01,1.90e+01
5.75e+01,1.36e+02,3.80e+01,1.80e+01
1.60e+02,5.69e+02,3.90e+01,1.80e+01
1.53e+02,7.74e+02,3.90e+01,1.80e+01
1.19e+02,4.36e+02,3.80e+01,1.90e+01
5.58e+01,1.30e+02,3.70e+01,1.80e+01
3.58e+01,1.07e+02,4.10e+01,1.90e+01
1.56e+02,7.35e+02,4.00e+01,1.80e+01
1.81e+02,7.52e+02,3.70e+01,1.80e+01
1.95e+02,8.55e+02,3.70e+01,1.80e+01
1.44e+02,4.36e+02,3.90e+01,2.00e+01
1.14e+02,3.97e+02,3.90e+01,1.90e+01
1.72e+02,8.16e+02,3.80e+01,1.80e+01
1.33e+02,5.08e+02,3.60e+01,1.80e+01
6.16e+01,1.15e+02,3.90e+01,2.00e+01
2.56e+02,1.10e+03,4.00e+01,2.00e+01
8.37e+01,2.30e+02,4.00e+01,2.10e+01
1.63e+02,7.44e+02,4.00e+01,1.80e+01
1.48e+02,5.51e+02,4.00e+01,1.90e+01
2.10e+02,1.11e+03,3.70e+01,1.80e+01
1.54e+02,7.57e+02,3.70e+01,1.80e+01
6.53e+01,2.17e+02,4.00e+01,1.80e+01
1.85e+02,8.44e+02,3.70e+01,1.80e+01
2.15e+02,1.13e+03,3.70e+01,1.80e+01
1.29e+02,5.10e+02,3.70e+01,1.80e+01
1.29e+02,4.51e+02,3.80e+01,2.00e+01
5.04e+01,1.56e+02,3.90e+01,1.80e+01
-4.36e+01,-1.88e+01,3.60e+01,1.80e+01
1.25e+02,5.36e+02,3.80e+01,1.80e+01
2.31e+02,1.10e+03,3.90e+01,1.80e+01
1.80e+02,7.55e+02,3.90e+01,2.00e+01
6.65e+01,1.89e+02,3.80e+01,1.80e+01
1.06e+02,4.13e+02,4.00e+01,2.00e+01
8.80e+01,2.15e+02,3.80e+01,1.80e+01
1.59e+02,7.02e+02,3.90e+01,1.80e+01
1.85e+02,8.36e+02,3.80e+01,1.80e+01
6.16e+01,1.12e+02,4.10e+01,1.90e+01
-3.32e+01,6.71e+01,3.70e+01,1.90e+01
5.31e+01,1.96e+02,4.00e+01,1.90e+01
1.22e+02,4.31e+02,3.90e+01,1.80e+01
1.85e+02,7.85e+02,3.80e+01,1.80e+01
1.06e+02,4.69e+02,3.90e+01,1.80e+01
1.10e+02,4.45e+02,3.70e+01,1.90e+01
1.42e+02,4.62e+02,4.00e+01,1.80e+01
6.55e+01,1.51e+02,3.80e+01,1.90e+01
1.31e+02,5.01e+02,3.80e+01,1.90e+01
2.30e+02,1.10e+03,4.00e+01,1.90e+01
2.31e+02,1.12e+03,3.80e+01,1.80e+01
1.43e+02,5.30e+02,3.80e+01,1.90e+01
2.27e+02,1.12e+03,3.90e+01,1.90e+01
1.10e+02,3.98e+02,3.70e+01,1.80e+01
1.81e+02,7.99e+02,3.80e+01,1.80e+01
1.63e+02,8.02e+02,3.80e+01,1.80e+01
1.16e+02,4.57e+02,3.70e+01,1.80e+01
1.75e+02,8.07e+02,3.80e+01,1.80e+01
1.13e+02,3.84e+02,3.60e+01,1.80e+01
1.14e+02,4.71e+02,3.60e+01,1.80e+01
1.78e+02,7.51e+02,3.80e+01,1.80e+01
1.87e+02,8.39e+02,3.80e+01,1.80e+01
1.15e+02,4.84e+02,4.20e+01,2.00e+01
1.13e+02,4.23e+02,3.80e+01,1.80e+01
1.14e+02,4.01e+02,3.90e+01,1.90e+01
1.47e+02,5.30e+02,3.80e+01,1.80e+01
9.17e+01,1.89e+02,3.80e+01,1.80e+01
1.80e+02,8.80e+02,3.60e+01,1.80e+01
1.22e+02,4.64e+02,3.80e+01,1.80e+01
1.12e+02,5.00e+02,3.90e+01,1.80e+01
1.76e+02,7.42e+02,3.70e+01,1.80e+01
5.26e+01,1.01e+02,3.90e+01,1.80e+01
1.02e+02,2.55e+02,3.70e+01,1.80e+01
1.02e+02,4.02e+02,3.70e+01,1.80e+01
3.95e+01,1.57e+02,3.60e+01,1.80e+01
1.53e+02,7.52e+02,4.00e+01,1.80e+01
7.51e+01,2.19e+02,3.90e+01,1.80e+01
1.62e+02,8.00e+02,4.00e+01,1.80e+01
1.88e+02,7.83e+02,3.90e+01,2.00e+01
7.14e+01,2.05e+02,3.90e+01,1.80e+01
