1.89e+02,6.15e+02,2.10e+01,2.00e+01
2.06e+02,3.65e+02,2.30e+01,2.00e+01
2.38e+02,5.06e+02,2.20e+01,2.00e+01
1.66e+02,4.86e+02,2.10e+01,2.00e+01
1.69e+02,4.05e+02,2.50e+01,2.40e+01
1.67e+02,3.05e+02,2.30e+01,2.20e+01
1.78e+02,4.48e+02,2.40e+01,2.20e+01
1.91e+02,5.74e+02,2.10e+01,2.00e+01
1.40e+02,2.73e+02,2.40e+01,2.20e+01
1.86e+02,5.12e+02,2.30e+01,2.20e+01
1.79e+02,2.95e+02,2.20e+01,2.00e+01
1.78e+02,3.35e+02,2.10e+01,2.00e+01
2.30e+02,6.89e+02,2.50e+01,2.30e+01
1.26e+02,1.78e+02,2.30e+01,2.20e+01
1.21e+02,2.85e+02,2.20e+01,2.00e+01
1.91e+02,4.70e+02,2.10e+01,2.00e+01
2.72e+02,4.88e+02,2.50e+01,2.30e+01
2.68e+02,6.42e+02,2.40e+01,2.30e+01
2.37e+02,6.36e+02,2.30e+01,2.20e+01
1.35e+02,5.12e+02,2.20e+01,2.00e+01
1.76e+02,4.92e+02,2.10e+01,2.00e+01
2.19e+02,4.14e+02,2.50e+01,2.30e+01
1.08e+02,1.98e+02,2.20e+01,2.10e+01
1.85e+02,2.34e+02,2.40e+01,2.20e+01
1.43e+02,2.69e+02,2.30e+01,2.20e+01
1.55e+02,3.53e+02,2.10e+01,2.00e+01
1.29e+02,2.95e+02,2.50e+01,2.40e+01
1.27e+02,5.20e+02,2.20e+01,2.00e+01
1.38e+02,3.02e+02,2.10e+01,2.00e+01
2.66e+02,7.04e+02,2.50e+01,2.20e+01
2.11e+02,5.99e+02,2.30e+01,2.20e+01
1.36e+02,2.46e+02,2.20e+01,2.00e+01
1.97e+02,4.16e+02,2.30e+01,2.00e+01
1.08e+02,1.68e+02,2.20e+01,2.00e+01
1.82e+02,3.28e+02,2.20e+01,2.00e+01
6.75e+01,1.05e+02,2.10e+01,2.00e+01
2.23e+02,7.75e+02,2.40e+01,2.30e+01
1.57e+02,2.82e+02,2.20e+01,2.00e+01
1.58e+02,2.70e+02,2.20e+01,2.00e+01
-4.52e+01,-2.25e+01,2.20e+01,2.00e+01
1.23e+02,1.77e+02,2.30e+01,2.00e+01
1.94e+02,3.31e+02,2.10e+01,2.00e+01
1.86e+02,6.76e+02,2.10e+01,2.00e+01
2.08e+02,5.27e+02,2.30e+01,2.20e+01
1.56e+02,2.41e+02,2.10e+01,2.00e+01
2.16e+02,4.71e+02,2.30e+01,2.00e+01
7.29e+01,1.84e+02,2.10e+01,2.00e+01
2.08e+02,3.03e+02,2.20e+01,2.00e+01
1.69e+02,4.38e+02,2.40e+01,2.00e+01
1.67e+02,3.09e+02,2.20e+01,2.00e+01
1.47e+02,3.17e+02,2.30e+01,2.20e+01
2.60e+02,7.43e+02,2.10e+01,2.00e+01
1.65e+02,4.79e+02,2.30e+01,2.20e+01
1.93e+02,3.95e+02,2.40e+01,2.20e+01
1.94e+02,4.40e+02,2.10e+01,2.00e+01
-5.71e-01,7.36e+01,2.20e+01,2.00e+01
2.40e+02,5.85e+02,2.50e+01,2.30e+01
1.91e+02,5.79e+02,2.40e+01,2.20e+01
1.90e+02,4.98e+02,2.40e+01,2.20e+01
1.66e+02,4.24e+02,2.40e+01,2.20e+01
1.53e+02,2.74e+02,2.40e+01,2.20e+01
1.34e+02,2.38e+02,2.20e+01,2.00e+01
-1.88e+01,6.81e+01,2.10e+01,2.00e+01
1.79e+02,2.79e+02,2.40e+01,2.30e+01
-2.42e+01,5.21e+01,2.10e+01,2.00e+01
1.75e+02,3.80e+02,2.10e+01,2.00e+01
1.95e+02,4.76e+02,2.40e+01,2.20e+01
1.26e+02,2.86e+02,2.10e+01,2.00e+01
1.68e+02,2.84e+02,2.20e+01,2.00e+01
2.19e+01,9.05e+01,2.50e+01,2.30e+01
1.38e+02,2.05e+02,2.10e+01,2.00e+01
1.52e+02,2.13e+02,2.40e+01,2.20e+01
2.51e+02,6.14e+02,2.40e+01,2.20e+01
4.39e+00,8.79e+01,2.50e+01,2.40e+01
9.59e+01,2.24e+02,2.30e+01,2.20e+01
1.98e+02,7.06e+02,2.20e+01,2.10e+01
2.02e+02,5.74e+02,2.20e+01,2.10e+01
1.83e+02,4.43e+02,2.20e+01,2.00e+01
2.20e+02,4.15e+02,2.10e+01,2.00e+01
1.71e+02,6.80e+02,2.60e+01,2.40e+01
1.58e+02,2.10e+02,2.10e+01,2.00e+01
1.52e+02,3.39e+02,2.50e+01,2.40e+01
1.61e+02,3.46e+02,2.30e+01,2.00e+01
2.11e+02,4.89e+02,2.20e+01,2.00e+01
-2.12e+01,5.53e+01,2.50e+01,2.40e+01
1.56e+02,2.64e+02,2.20e+01,2.00e+01
1.42e+02,4.05e+02,2.10e+01,2.00e+01
-1.49e+00,4.19e+01,2.10e+01,2.00e+01
1.23e+02,3.54e+02,2.30e+01,2.00e+01
1.61e+02,4.37e+02,2.20e+01,2.10e+01
2.16e+02,5.05e+02,2.50e+01,2.40e+01
1.58e+02,3.09e+02,2.10e+01,2.00e+01
1.35e+02,3.47e+02,2.40e+01,2.20e+01
1.51e+02,2.66e+02,2.30e+01,2.00e+01
1.65e+02,3.71e+02,2.30e+01,2.20e+01
1.42e+02,2.54e+02,2.20e+01,2.00e+01
1.32e+02,2.17e+02,2.40e+01,2.20e+01
1.71e+02,3.17e+02,2.20e+01,2.00e+01
1.84e+02,4.28e+02,2.20e+01,2.00e+01
1.46e+02,3.65e+02,2.10e+01,2.00e+01
1.64e+02,5.41e+02,2.40e+01,2.20e+01
-1.61e+01,8.18e+01,2.30e+01,2.00e+01
1.85e+02,3.98e+02,2.20e+01,2.10e+01
1.97e+02,3.77e+02,2.20e+01,2.10e+01
1.49e+02,3.84e+02,2.10e+01,2.00e+01
1.44e+02,2.20e+02,2.50e+01,2.40e+01
1.26e+02,2.15e+02,2.10e+01,2.00e+01
1.79e+02,4.31e+02,2.10e+01,2.00e+01
1.74e+02,4.16e+02,2.20e+01,2.00e+01
1.08e+02,1.76e+02,2.60e+01,2.50e+01
1.88e+02,4.75e+02,2.20e+01,2.00e+01
9.51e+01,2.08e+02,2.20e+01,2.10e+01
1.66e+02,3.16e+02,2.20e+01,2.00e+01
2.07e+02,3.99e+02,2.30e+01,2.20e+01
1.03e+02,1.78e+02,2.30e+01,2.00e+01
1.40e+02,1.97e+02,2.10e+01,2.00e+01
1.60e+02,2.90e+02,2.20e+01,2.10e+01
1.51e+02,2.40e+02,2.10e+01,2.00e+01
1.60e+02,3.07e+02,2.20e+01,2.10e+01
1.89e+02,5.12e+02,2.40e+01,2.00e+01
2.09e+02,3.74e+02,2.20e+01,2.00e+01
2.10e+02,4.80e+02,2.40e+01,2.10e+01
1.21e+02,1.94e+02,2.20e+01,2.00e+01
1.52e+02,3.39e+02,2.20e+01,2.00e+01
1.67e+02,4.46e+02,2.40e+01,2.20e+01
1.72e+02,3.55e+02,2.10e+01,2.00e+01
1.86e+02,2.74e+02,2.20e+01,2.00e+01
2.00e+02,5.05e+02,2.20e+01,2.10e+01
