-3.58e+00,6.18e+01,1.77e+02,8.20e+01
-6.61e+00,6.30e+01,1.78e+02,8.20e+01
2.69e+01,1.19e+02,1.80e+02,8.30e+01
-7.64e+00,1.23e+02,1.82e+02,8.30e+01
1.15e+00,1.20e+02,1.82e+02,8.30e+01
5.26e+00,4.87e+01,1.86e+02,8.70e+01
-3.08e+00,1.01e+02,1.77e+02,8.30e+01
-4.44e+00,1.29e+02,1.86e+02,8.70e+01
-1.21e+01,3.18e+01,1.79e+02,8.30e+01
2.78e+01,1.36e+02,1.78e+02,8.10e+01
1.50e-01,8.13e+01,1.81e+02,8.30e+01
7.89e+00,4.40e+01,1.81e+02,8.20e+01
-8.88e+00,7.96e+01,1.78e+02,8.20e+01
2.06e+01,1.41e+02,1.83e+02,8.30e+01
-1.35e+01,6.04e+01,1.80e+02,8.40e+01
-1.23e+00,1.03e+02,1.79e+02,8.20e+01
1.41e+00,5.26e+01,1.78e+02,8.10e+01
3.83e+00,6.66e+01,1.80e+02,8.30e+01
3.49e+00,9.57e+01,1.79e+02,8.30e+01
8.53e-01,1.10e+02,1.87e+02,8.70e+01
-1.42e+01,5.04e+01,1.77e+02,8.10e+01
8.21e+00,1.07e+02,1.82e+02,8.40e+01
1.05e+01,1.11e+02,1.80e+02,8.30e+01
1.18e+01,1.12e+02,1.79e+02,8.30e+01
-9.53e+00,8.94e+01,1.81e+02,8.40e+01
1.54e+01,1.11e+02,1.88e+02,8.80e+01
3.97e+00,9.57e+01,1.81e+02,8.40e+01
-7.61e-01,5.68e+01,1.77e+02,8.20e+01
9.20e+00,8.75e+01,1.79e+02,8.30e+01
3.82e+00,7.20e+01,1.80e+02,8.20e+01
-3.43e+00,1.99e+01,1.87e+02,8.80e+01
2.14e+01,1.56e+02,1.78e+02,8.20e+01
-1.52e+01,4.22e+01,1.78e+02,8.30e+01
1.86e+01,2.25e+02,1.82e+02,8.30e+01
1.29e+01,1.14e+02,1.80e+02,8.40e+01
-1.55e+00,7.84e+01,1.77e+02,8.10e+01
4.40e+00,7.08e+01,1.79e+02,8.30e+01
-5.53e-01,5.46e+01,1.78e+02,8.30e+01
6.25e+00,1.18e+02,1.82e+02,8.30e+01
1.29e+01,1.09e+02,1.83e+02,8.30e+01
3.01e+01,1.24e+02,1.78e+02,8.20e+01
2.07e+00,1.10e+02,1.80e+02,8.30e+01
1.45e+01,1.49e+02,1.80e+02,8.30e+01
1.75e+01,7.19e+01,1.79e+02,8.30e+01
1.28e+01,1.38e+02,1.78e+02,8.30e+01
-8.48e+00,4.28e+01,1.78e+02,8.20e+01
1.89e+01,5.15e+01,1.83e+02,8.40e+01
3.86e+01,1.49e+02,1.87e+02,8.70e+01
-4.39e+00,5.84e+01,1.80e+02,8.30e+01
1.53e+01,1.07e+02,1.82e+02,8.30e+01
3.06e+01,1.24e+02,1.78e+02,8.20e+01
-6.82e+00,5.28e+01,1.78e+02,8.20e+01
1.30e+01,9.56e+01,1.78e+02,8.30e+01
-1.56e+01,4.46e+01,1.78e+02,8.20e+01
2.19e+01,2.03e+02,1.80e+02,8.30e+01
3.72e+01,1.63e+02,1.79e+02,8.40e+01
1.57e+01,1.80e+02,1.82e+02,8.40e+01
1.09e+01,7.43e+01,1.79e+02,8.20e+01
3.53e+01,2.32e+02,1.79e+02,8.30e+01
2.03e+01,8.21e+01,1.87e+02,8.70e+01
-2.04e+00,4.72e+01,1.81e+02,8.50e+01
1.49e+01,1.71e+02,1.77e+02,8.20e+01
-9.09e+00,5.76e+01,1.82e+02,8.30e+01
1.16e-01,1.07e+02,1.78e+02,8.20e+01
-5.01e+00,1.08e+02,1.83e+02,8.40e+01
1.57e+01,1.44e+02,1.83e+02,8.30e+01
1.11e+01,8.23e+01,1.78e+02,8.30e+01
-1.53e+01,8.51e+01,1.82e+02,8.40e+01
3.97e+00,9.05e+01,1.78e+02,8.30e+01
8.17e+00,1.06e+02,1.86e+02,8.70e+01
8.49e+00,1.14e+02,1.83e+02,8.50e+01
-1.36e+01,2.50e+01,1.81e+02,8.50e+01
2.06e+01,9.01e+01,1.79e+02,8.20e+01
1.52e+01,1.16e+02,1.86e+02,8.70e+01
-1.31e+01,4.04e+01,1.88e+02,8.90e+01
1.05e+01,8.75e+01,1.84e+02,8.50e+01
2.70e+00,1.44e+02,1.82e+02,8.30e+01
-7.06e+00,1.61e+02,1.79e+02,8.20e+01
1.06e+00,6.17e+01,1.81e+02,8.30e+01
3.39e+00,3.72e+01,1.87e+02,8.70e+01
1.02e+01,1.16e+02,1.82e+02,8.20e+01
-4.80e+01,3.39e+01,1.80e+02,8.40e+01
-4.85e+00,4.29e+01,1.90e+02,8.90e+01
-2.21e+01,7.98e+01,1.82e+02,8.40e+01
-2.20e+01,6.46e+01,1.84e+02,8.40e+01
4.92e+00,6.92e+01,1.89e+02,8.90e+01
5.93e+01,1.90e+02,1.77e+02,8.30e+01
3.11e+01,1.71e+02,1.82e+02,8.40e+01
-2.08e+01,6.20e+01,1.77e+02,8.20e+01
1.09e+01,7.83e+01,1.79e+02,8.40e+01
-1.68e+00,7.16e+01,1.81e+02,8.40e+01
4.93e+00,1.30e+02,1.87e+02,8.70e+01
-5.70e+00,5.85e+01,1.79e+02,8.30e+01
-4.61e+00,1.04e+02,1.82e+02,8.40e+01
1.62e+01,2.17e+02,1.82e+02,8.40e+01
5.69e+00,8.75e+01,1.82e+02,8.40e+01
4.63e+01,1.41e+02,1.76e+02,8.10e+01
-1.33e+01,6.34e+01,1.82e+02,8.30e+01
-8.37e+00,4.19e+01,1.79e+02,8.30e+01
-1.64e+00,1.15e+02,1.82e+02,8.50e+01
9.97e-01,1.32e+02,1.81e+02,8.30e+01
3.20e+00,1.32e+02,1.78e+02,8.20e+01
-2.06e+00,6.63e+01,1.81e+02,8.40e+01
4.84e+01,2.01e+02,1.84e+02,8.40e+01
1.39e+01,7.03e+01,1.78e+02,8.30e+01
-3.42e+00,8.67e+01,1.81e+02,8.40e+01
1.66e+01,1.16e+02,1.77e+02,8.10e+01
5.56e+01,2.50e+02,1.82e+02,8.40e+01
1.52e+01,1.48e+02,1.83e+02,8.40e+01
1.34e+01,8.37e+01,1.79e+02,8.30e+01
1.19e+01,9.35e+01,1.78e+02,8.30e+01
4.18e+00,6.09e+01,1.79e+02,8.30e+01
2.74e+01,1.07e+02,1.78e+02,8.20e+01
-5.61e+00,4.59e+01,1.79e+02,8.30e+01
2.40e+00,8.70e+01,1.79e+02,8.20e+01
4.21e+01,2.87e+02,1.80e+02,8.20e+01
9.93e+00,1.89e+02,1.81e+02,8.40e+01
1.70e+01,1.55e+02,1.79e+02,8.30e+01
1.76e+01,9.01e+01,1.81e+02,8.40e+01
1.89e+01,1.42e+02,1.84e+02,8.40e+01
-2.40e+01,5.98e+01,1.80e+02,8.20e+01
2.26e+01,1.63e+02,1.78e+02,8.20e+01
-2.63e+00,6.07e+01,1.82e+02,8.50e+01
1.00e+00,1.07e+02,1.84e+02,8.40e+01
-6.94e+00,3.50e+01,1.89e+02,8.90e+01
5.18e+00,7.63e+01,1.83e+02,8.30e+01
1.05e+01,6.75e+01,1.78e+02,8.20e+01
1.27e+01,8.72e+01,1.83e+02,8.30e+01
