4.98e+02,8.44e+02,1.42e+02,6.90e+01
4.14e+02,8.78e+02,1.43e+02,6.90e+01
5.56e+02,7.82e+02,1.43e+02,6.90e+01
3.21e+02,4.77e+02,1.43e+02,7.00e+01
5.44e+02,8.90e+02,1.45e+02,7.20e+01
4.19e+02,6.34e+02,1.44e+02,7.00e+01
5.94e+02,9.40e+02,1.43e+02,6.90e+01
4.08e+02,7.99e+02,1.38e+02,6.80e+01
5.41e+02,7.52e+02,1.43e+02,7.00e+01
4.61e+02,8.31e+02,1.44e+02,7.00e+01
3.48e+02,7.03e+02,1.44e+02,7.10e+01
5.55e+02,9.35e+02,1.43e+02,6.90e+01
4.97e+02,8.52e+02,1.42e+02,6.90e+01
3.44e+02,5.39e+02,1.44e+02,7.00e+01
4.78e+02,8.32e+02,1.41e+02,7.00e+01
5.92e+02,8.81e+02,1.38e+02,6.80e+01
3.98e+02,6.75e+02,1.43e+02,7.00e+01
5.67e+02,7.96e+02,1.43e+02,6.90e+01
5.03e+02,8.56e+02,1.43e+02,6.90e+01
6.35e+02,7.68e+02,1.42e+02,6.90e+01
3.57e+02,6.56e+02,1.42e+02,6.90e+01
5.13e+02,7.92e+02,1.43e+02,7.00e+01
5.18e+02,9.24e+02,1.45e+02,7.10e+01
5.70e+02,8.29e+02,1.42e+02,7.00e+01
4.23e+02,6.63e+02,1.36e+02,6.70e+01
5.52e+02,8.61e+02,1.42e+02,6.90e+01
5.62e+02,8.75e+02,1.43e+02,6.90e+01
5.46e+02,7.60e+02,1.43e+02,7.00e+01
6.11e+02,9.48e+02,1.44e+02,7.00e+01
4.72e+02,9.52e+02,1.44e+02,7.10e+01
4.08e+02,7.63e+02,1.44e+02,7.10e+01
6.24e+02,7.91e+02,1.43e+02,6.90e+01
4.37e+02,5.89e+02,1.41e+02,7.00e+01
5.11e+02,8.83e+02,1.45e+02,7.20e+01
1.31e+02,3.60e+02,1.42e+02,6.90e+01
3.11e+02,5.15e+02,1.43e+02,7.00e+01
4.95e+02,7.80e+02,1.43e+02,6.90e+01
4.60e+02,7.37e+02,1.42e+02,6.90e+01
3.35e+02,6.42e+02,1.44e+02,7.00e+01
5.01e+02,7.29e+02,1.43e+02,6.90e+01
5.31e+02,8.99e+02,1.43e+02,6.90e+01
4.39e+02,8.14e+02,1.45e+02,7.20e+01
3.62e+02,6.29e+02,1.44e+02,7.00e+01
4.67e+02,8.26e+02,1.42e+02,6.90e+01
5.34e+02,7.20e+02,1.44e+02,7.00e+01
3.37e+02,6.95e+02,1.44e+02,6.90e+01
6.09e+02,8.04e+02,1.44e+02,6.90e+01
2.47e+02,3.41e+02,1.43e+02,6.90e+01
4.29e+02,7.74e+02,1.43e+02,6.90e+01
5.24e+02,7.52e+02,1.44e+02,7.00e+01
5.19e+02,7.84e+02,1.44e+02,7.00e+01
4.42e+02,7.33e+02,1.42e+02,6.90e+01
5.28e+02,7.95e+02,1.44e+02,7.00e+01
4.88e+02,7.87e+02,1.42e+02,7.10e+01
-6.59e+01,-1.87e+01,1.42e+02,6.90e+01
3.71e+02,6.83e+02,1.43e+02,6.90e+01
4.83e+02,8.06e+02,1.43e+02,6.90e+01
4.58e+02,6.35e+02,1.42e+02,6.90e+01
5.87e+02,8.42e+02,1.42e+02,6.90e+01
4.68e+02,7.59e+02,1.42e+02,6.90e+01
5.29e+02,9.21e+02,1.45e+02,7.10e+01
4.26e+02,6.40e+02,1.43e+02,7.00e+01
4.11e+02,6.78e+02,1.44e+02,7.00e+01
5.59e+02,7.75e+02,1.46e+02,7.30e+01
5.08e+02,8.04e+02,1.44e+02,7.00e+01
2.51e+02,5.00e+02,1.43e+02,6.90e+01
5.00e+02,8.46e+02,1.42e+02,6.90e+01
3.97e+02,7.87e+02,1.44e+02,6.90e+01
3.63e+02,6.93e+02,1.44e+02,6.90e+01
4.76e+02,6.94e+02,1.43e+02,6.90e+01
4.13e+02,5.60e+02,1.43e+02,7.00e+01
5.39e+02,8.31e+02,1.42e+02,6.90e+01
5.10e+02,8.17e+02,1.45e+02,7.20e+01
3.27e+02,5.21e+02,1.42e+02,6.90e+01
3.75e+02,6.88e+02,1.43e+02,7.00e+01
4.20e+02,8.07e+02,1.44e+02,6.90e+01
4.42e+02,7.28e+02,1.43e+02,7.00e+01
4.71e+02,6.81e+02,1.43e+02,6.90e+01
4.52e+02,8.45e+02,1.44e+02,7.00e+01
3.62e+02,6.05e+02,1.46e+02,7.20e+01
4.50e+02,7.09e+02,1.44e+02,7.10e+01
5.39e+02,8.43e+02,1.38e+02,6.80e+01
5.16e+02,7.40e+02,1.44e+02,7.00e+01
4.64e+02,7.00e+02,1.43e+02,7.00e+01
4.78e+02,9.57e+02,1.43e+02,6.90e+01
4.23e+02,7.23e+02,1.43e+02,7.00e+01
3.65e+02,6.34e+02,1.43e+02,7.00e+01
6.01e+02,9.21e+02,1.44e+02,7.10e+01
4.48e+02,8.52e+02,1.42e+02,6.90e+01
2.31e+02,4.82e+02,1.43e+02,7.00e+01
4.60e+02,8.15e+02,1.43e+02,7.00e+01
5.10e+02,7.78e+02,1.44e+02,7.00e+01
5.35e+02,8.77e+02,1.43e+02,6.90e+01
4.97e+02,7.93e+02,1.39e+02,6.90e+01
4.72e+02,6.55e+02,1.42e+02,6.90e+01
5.53e+02,8.54e+02,1.42e+02,6.90e+01
5.60e+02,7.92e+02,1.44e+02,7.10e+01
4.31e+02,8.04e+02,1.41e+02,7.00e+01
4.39e+02,8.52e+02,1.42e+02,6.90e+01
4.62e+02,7.40e+02,1.42e+02,6.90e+01
4.90e+02,7.91e+02,1.43e+02,7.00e+01
4.74e+02,7.15e+02,1.43e+02,7.00e+01
3.53e+02,5.84e+02,1.46e+02,7.30e+01
4.96e+02,7.74e+02,1.44e+02,7.10e+01
5.54e+02,7.90e+02,1.44e+02,7.00e+01
4.50e+02,7.25e+02,1.44e+02,7.00e+01
2.82e+02,5.70e+02,1.44e+02,7.00e+01
4.32e+02,6.77e+02,1.44e+02,6.90e+01
4.44e+02,8.87e+02,1.42e+02,6.90e+01
5.06e+02,6.84e+02,1.43e+02,7.00e+01
4.89e+02,6.67e+02,1.43e+02,7.00e+01
3.48e+02,8.94e+02,1.43e+02,7.00e+01
4.33e+02,8.61e+02,1.38e+02,6.80e+01
4.67e+02,6.57e+02,1.44e+02,7.00e+01
5.36e+02,8.15e+02,1.45e+02,7.20e+01
3.36e+02,5.30e+02,1.44e+02,7.00e+01
2.56e+02,5.30e+02,1.43e+02,6.90e+01
3.24e+02,5.51e+02,1.45e+02,7.20e+01
4.95e+02,8.99e+02,1.44e+02,7.00e+01
5.91e+02,8.88e+02,1.45e+02,7.10e+01
4.46e+02,7.14e+02,1.42e+02,6.90e+01
5.13e+02,8.78e+02,1.43e+02,7.00e+01
5.05e+02,8.38e+02,1.43e+02,7.00e+01
3.75e+02,6.66e+02,1.43e+02,6.90e+01
4.87e+02,7.44e+02,1.44e+02,7.00e+01
4.66e+02,8.61e+02,1.43e+02,6.90e+01
4.57e+02,7.36e+02,1.42e+02,6.90e+01
3.90e+02,5.84e+02,1.43e+02,6.90e+01
