9.54e+01,2.20e+02,2.20e+01,2.10e+01
2.65e+01,5.52e+01,1.70e+01,1.80e+01
1.03e+02,3.32e+02,1.80e+01,1.90e+01
3.29e+01,8.83e+01,1.90e+01,2.00e+01
1.34e+02,2.51e+02,2.30e+01,2.30e+01
9.65e+01,2.24e+02,1.70e+01,1.80e+01
8.85e+01,2.28e+02,2.10e+01,2.10e+01
1.24e+02,2.51e+02,1.90e+01,1.90e+01
5.92e+01,1.68e+02,1.80e+01,1.80e+01
6.39e+01,2.39e+02,2.20e+01,2.10e+01
7.62e+01,1.71e+02,1.70e+01,1.80e+01
6.56e+01,1.47e+02,2.10e+01,1.90e+01
5.34e+01,1.24e+02,1.80e+01,1.90e+01
5.82e+01,1.41e+02,1.90e+01,1.90e+01
6.48e+01,1.60e+02,2.30e+01,2.30e+01
8.13e+01,3.32e+02,1.70e+01,1.90e+01
9.29e+01,2.30e+02,1.80e+01,1.90e+01
9.46e+01,3.32e+02,2.20e+01,2.00e+01
2.72e+01,1.16e+02,2.00e+01,2.10e+01
8.32e+01,1.74e+02,1.70e+01,1.80e+01
6.40e+01,1.58e+02,1.90e+01,1.90e+01
4.72e+01,1.19e+02,2.20e+01,2.00e+01
6.52e+01,2.36e+02,2.00e+01,1.90e+01
9.16e+01,1.45e+02,1.80e+01,1.90e+01
6.20e+01,2.23e+02,2.20e+01,2.10e+01
5.85e+01,1.24e+02,1.80e+01,1.90e+01
6.17e+01,1.39e+02,2.00e+01,1.90e+01
9.96e+01,2.43e+02,1.90e+01,1.90e+01
5.52e+01,1.76e+02,1.80e+01,1.80e+01
7.66e+01,1.38e+02,2.00e+01,1.90e+01
7.42e+01,2.10e+02,2.40e+01,2.30e+01
9.09e+01,2.35e+02,1.80e+01,1.80e+01
8.31e+01,2.30e+02,1.80e+01,1.80e+01
7.25e+01,2.29e+02,1.80e+01,1.80e+01
2.93e+01,6.97e+01,1.80e+01,1.80e+01
5.63e+01,1.17e+02,2.20e+01,2.10e+01
1.04e+02,3.33e+02,2.00e+01,1.90e+01
6.95e+01,2.38e+02,1.80e+01,1.90e+01
6.84e+01,1.28e+02,2.10e+01,1.90e+01
6.66e+01,2.42e+02,1.90e+01,1.90e+01
5.80e+01,2.25e+02,2.00e+01,1.90e+01
9.98e+01,2.33e+02,1.70e+01,1.80e+01
7.09e+01,2.00e+02,1.90e+01,1.90e+01
3.37e+01,7.92e+01,1.90e+01,1.90e+01
4.25e+01,1.32e+02,1.80e+01,1.90e+01
6.27e+01,2.30e+02,1.80e+01,1.90e+01
5.56e+01,1.38e+02,1.90e+01,1.90e+01
7.12e+01,1.24e+02,2.40e+01,2.40e+01
9.04e+01,2.39e+02,1.80e+01,1.90e+01
7.14e+01,1.63e+02,1.80e+01,1.80e+01
7.51e+01,2.26e+02,1.80e+01,1.90e+01
6.48e+01,1.49e+02,2.20e+01,2.10e+01
5.61e+01,1.21e+02,1.70e+01,1.80e+01
3.09e+01,1.28e+02,1.90e+01,2.00e+01
9.70e+01,2.20e+02,2.40e+01,2.40e+01
1.06e+02,3.32e+02,1.90e+01,2.00e+01
4.52e+01,1.22e+02,2.00e+01,2.10e+01
4.07e+01,1.04e+02,1.80e+01,1.80e+01
4.68e+01,1.20e+02,2.20e+01,2.10e+01
1.11e+02,2.26e+02,2.30e+01,2.30e+01
7.06e+00,9.29e+01,1.70e+01,1.80e+01
9.21e+01,2.26e+02,1.80e+01,1.80e+01
-1.96e+01,9.79e+01,1.90e+01,2.00e+01
5.69e+01,1.74e+02,1.90e+01,2.00e+01
6.32e+01,1.42e+02,2.20e+01,2.20e+01
8.11e+01,1.95e+02,1.80e+01,1.90e+01
6.89e+01,2.28e+02,1.90e+01,1.90e+01
5.51e+01,1.41e+02,2.50e+01,2.30e+01
4.50e+01,1.48e+02,1.90e+01,2.00e+01
4.74e+01,2.27e+02,1.90e+01,1.90e+01
4.72e+01,1.19e+02,1.70e+01,1.80e+01
9.73e+01,3.32e+02,1.70e+01,1.80e+01
5.55e+01,1.11e+02,2.40e+01,2.30e+01
6.68e+01,2.52e+02,1.80e+01,1.80e+01
1.09e+02,3.32e+02,2.40e+01,2.20e+01
6.18e+01,1.84e+02,2.20e+01,2.10e+01
9.18e+01,3.32e+02,1.70e+01,1.80e+01
8.62e+01,1.57e+02,1.90e+01,2.00e+01
4.13e+01,1.26e+02,2.40e+01,2.20e+01
7.66e+01,1.27e+02,2.20e+01,2.20e+01
3.55e+01,6.50e+01,1.80e+01,1.80e+01
8.11e+01,1.51e+02,1.90e+01,1.90e+01
9.31e+01,2.24e+02,2.30e+01,2.20e+01
8.31e+01,2.28e+02,1.80e+01,1.90e+01
1.09e+02,2.75e+02,2.30e+01,2.10e+01
5.51e+01,1.48e+02,2.20e+01,2.10e+01
7.05e+01,1.22e+02,1.80e+01,2.00e+01
9.93e+01,2.25e+02,2.00e+01,2.00e+01
6.18e+01,1.26e+02,1.90e+01,2.00e+01
4.17e+01,1.18e+02,2.30e+01,2.20e+01
7.95e+01,1.29e+02,2.00e+01,2.00e+01
7.39e+01,2.32e+02,2.40e+01,2.20e+01
5.85e+01,1.29e+02,2.30e+01,2.30e+01
4.99e+01,1.19e+02,2.40e+01,2.40e+01
5.73e+01,1.25e+02,1.90e+01,1.80e+01
4.71e+01,1.28e+02,2.20e+01,2.00e+01
8.48e+01,2.36e+02,1.70e+01,1.80e+01
4.95e+01,2.30e+02,1.90e+01,2.00e+01
7.43e+01,2.29e+02,1.80e+01,1.80e+01
5.75e+01,1.34e+02,1.90e+01,1.90e+01
5.68e+01,1.32e+02,1.70e+01,1.80e+01
9.39e+01,3.35e+02,2.20e+01,2.10e+01
7.47e+01,1.53e+02,2.10e+01,2.10e+01
5.85e+01,1.36e+02,2.00e+01,2.00e+01
8.54e+01,2.23e+02,1.90e+01,1.90e+01
7.74e+01,1.33e+02,1.80e+01,1.90e+01
8.35e+01,2.40e+02,2.30e+01,2.20e+01
6.24e+01,1.58e+02,2.20e+01,2.10e+01
8.60e+01,1.87e+02,2.20e+01,2.10e+01
1.21e+02,3.32e+02,1.80e+01,2.00e+01
9.32e+01,3.32e+02,1.80e+01,1.90e+01
9.56e+01,2.58e+02,2.20e+01,2.10e+01
8.08e+01,3.32e+02,1.90e+01,2.00e+01
4.61e+01,1.02e+02,1.70e+01,1.80e+01
1.03e+02,3.35e+02,2.00e+01,2.00e+01
9.58e+01,2.34e+02,1.90e+01,1.90e+01
1.11e+02,2.31e+02,1.70e+01,1.80e+01
3.66e+01,7.38e+01,1.80e+01,1.90e+01
6.42e+01,1.41e+02,2.30e+01,2.10e+01
4.80e+01,1.37e+02,2.10e+01,2.10e+01
6.13e+01,1.32e+02,1.70e+01,1.80e+01
9.66e+01,2.26e+02,2.40e+01,2.40e+01
9.42e+01,2.30e+02,2.20e+01,2.10e+01
4.66e+01,1.36e+02,2.00e+01,2.10e+01
7.17e+01,1.86e+02,2.40e+01,2.40e+01
6.63e+01,2.23e+02,2.30e+01,2.20e+01
6.30e+01,1.44e+02,2.30e+01,2.10e+01
4.97e+01,1.29e+02,2.20e+01,2.00e+01
