1.54e+02,5.04e+02,1.57e+02,5.90e+01
1.54e+02,5.04e+02,1.57e+02,6.00e+01
1.54e+02,5.04e+02,1.55e+02,5.70e+01
1.54e+02,5.04e+02,1.58e+02,6.00e+01
1.54e+02,5.04e+02,1.58e+02,6.00e+01
1.54e+02,5.04e+02,1.57e+02,6.10e+01
1.54e+02,5.04e+02,1.57e+02,5.90e+01
1.54e+02,5.04e+02,1.56e+02,5.90e+01
1.54e+02,5.04e+02,1.55e+02,5.70e+01
1.54e+02,5.04e+02,1.58e+02,6.10e+01
1.54e+02,5.04e+02,1.53e+02,5.50e+01
1.54e+02,5.04e+02,1.56e+02,5.80e+01
1.54e+02,5.04e+02,1.58e+02,6.10e+01
1.54e+02,5.04e+02,1.57e+02,5.80e+01
1.25e+02,3.35e+02,1.56e+02,5.80e+01
1.21e+02,3.38e+02,1.59e+02,6.10e+01
1.54e+02,5.04e+02,1.56e+02,5.80e+01
1.37e+02,5.04e+02,1.58e+02,5.90e+01
1.54e+02,5.02e+02,1.60e+02,6.10e+01
1.37e+02,5.04e+02,1.58e+02,6.00e+01
1.54e+02,5.04e+02,1.58e+02,5.90e+01
1.38e+02,5.04e+02,1.59e+02,6.10e+01
1.54e+02,5.03e+02,1.58e+02,6.00e+01
1.54e+02,5.04e+02,1.57e+02,5.90e+01
1.13e+02,2.74e+02,1.57e+02,6.00e+01
1.54e+02,5.04e+02,1.58e+02,6.10e+01
1.16e+02,3.47e+02,1.57e+02,5.90e+01
1.54e+02,5.04e+02,1.53e+02,5.60e+01
1.54e+02,5.04e+02,1.57e+02,5.90e+01
1.54e+02,5.04e+02,1.57e+02,5.90e+01
1.54e+02,5.04e+02,1.51e+02,5.50e+01
9.85e+01,2.37e+02,1.58e+02,5.90e+01
1.53e+02,5.01e+02,1.55e+02,5.80e+01
1.54e+02,5.04e+02,1.57e+02,6.00e+01
1.54e+02,5.04e+02,1.57e+02,5.90e+01
1.47e+02,4.59e+02,1.60e+02,6.00e+01
1.54e+02,5.04e+02,1.56e+02,5.60e+01
4.83e+01,9.19e+01,1.56e+02,5.70e+01
1.54e+02,5.04e+02,1.55e+02,5.80e+01
1.54e+02,5.04e+02,1.53e+02,5.60e+01
1.26e+02,3.73e+02,1.52e+02,5.50e+01
1.54e+02,5.04e+02,1.57e+02,5.80e+01
1.54e+02,5.04e+02,1.58e+02,5.90e+01
1.20e+02,3.21e+02,1.55e+02,5.70e+01
1.54e+02,5.04e+02,1.59e+02,6.00e+01
1.54e+02,5.04e+02,1.58e+02,6.00e+01
1.43e+02,5.04e+02,1.55e+02,5.70e+01
1.54e+02,5.04e+02,1.58e+02,6.10e+01
1.54e+02,5.04e+02,1.58e+02,6.10e+01
1.54e+02,5.04e+02,1.56e+02,5.80e+01
1.54e+02,5.04e+02,1.59e+02,6.10e+01
1.54e+02,5.04e+02,1.57e+02,5.80e+01
1.54e+02,5.04e+02,1.56e+02,6.00e+01
1.54e+02,5.04e+02,1.56e+02,5.70e+01
1.04e+02,2.96e+02,1.53e+02,5.50e+01
1.54e+02,5.03e+02,1.58e+02,6.00e+01
1.54e+02,5.04e+02,1.59e+02,6.00e+01
1.54e+02,5.04e+02,1.55e+02,5.60e+01
7.07e+01,1.61e+02,1.58e+02,6.10e+01
1.54e+02,5.04e+02,1.53e+02,5.60e+01
1.54e+02,5.04e+02,1.54e+02,5.60e+01
1.54e+02,5.04e+02,1.58e+02,5.90e+01
1.54e+02,5.04e+02,1.57e+02,5.80e+01
1.37e+02,5.04e+02,1.56e+02,5.80e+01
1.54e+02,5.04e+02,1.58e+02,5.90e+01
1.54e+02,5.04e+02,1.57e+02,5.90e+01
1.16e+02,2.81e+02,1.55e+02,5.80e+01
1.27e+02,2.71e+02,1.55e+02,5.70e+01
1.38e+02,5.04e+02,1.56e+02,5.80e+01
6.33e+01,2.17e+02,1.58e+02,6.00e+01
5.83e+01,2.40e+02,1.58e+02,6.00e+01
1.51e+02,5.04e+02,1.58e+02,6.10e+01
1.34e+02,4.12e+02,1.55e+02,5.70e+01
1.54e+02,5.04e+02,1.59e+02,6.00e+01
1.54e+02,5.04e+02,1.55e+02,5.70e+01
1.54e+02,5.04e+02,1.56e+02,5.80e+01
1.28e+02,4.88e+02,1.57e+02,5.90e+01
1.51e+02,5.04e+02,1.58e+02,6.00e+01
1.54e+02,5.04e+02,1.59e+02,6.10e+01
1.54e+02,5.04e+02,1.58e+02,6.00e+01
1.54e+02,5.04e+02,1.51e+02,5.50e+01
1.51e+02,4.86e+02,1.55e+02,5.60e+01
1.54e+02,5.04e+02,1.59e+02,6.10e+01
1.54e+02,5.04e+02,1.59e+02,6.20e+01
1.34e+02,5.04e+02,1.56e+02,5.90e+01
1.54e+02,5.04e+02,1.56e+02,6.00e+01
1.54e+02,5.01e+02,1.58e+02,6.10e+01
1.54e+02,5.04e+02,1.52e+02,5.50e+01
6.64e+01,1.74e+02,1.58e+02,6.00e+01
1.34e+02,5.04e+02,1.55e+02,5.70e+01
1.33e+02,4.12e+02,1.59e+02,6.20e+01
7.33e+01,2.84e+02,1.58e+02,6.00e+01
1.54e+02,5.01e+02,1.55e+02,5.60e+01
1.54e+02,5.04e+02,1.55e+02,5.60e+01
1.54e+02,5.04e+02,1.59e+02,6.00e+01
1.54e+02,5.02e+02,1.57e+02,5.80e+01
1.35e+02,5.04e+02,1.58e+02,5.90e+01
1.54e+02,5.04e+02,1.57e+02,5.90e+01
1.54e+02,5.04e+02,1.51e+02,5.50e+01
1.54e+02,5.04e+02,1.58e+02,5.90e+01
1.54e+02,5.04e+02,1.58e+02,5.90e+01
1.04e+02,2.96e+02,1.55e+02,5.80e+01
1.47e+02,4.60e+02,1.58e+02,6.00e+01
1.53e+02,4.96e+02,1.51e+02,5.50e+01
1.54e+02,5.04e+02,1.57e+02,6.00e+01
1.54e+02,5.04e+02,1.56e+02,6.00e+01
1.54e+02,5.04e+02,1.55e+02,5.60e+01
1.14e+02,2.77e+02,1.58e+02,6.00e+01
1.54e+02,5.04e+02,1.58e+02,6.20e+01
1.54e+02,5.04e+02,1.56e+02,6.00e+01
1.54e+02,5.04e+02,1.57e+02,6.10e+01
1.54e+02,5.04e+02,1.59e+02,6.20e+01
1.39e+02,5.04e+02,1.55e+02,5.70e+01
1.01e+02,1.98e+02,1.58e+02,6.00e+01
1.53e+02,5.01e+02,1.58e+02,6.00e+01
1.54e+02,5.04e+02,1.56e+02,5.70e+01
3.84e+01,1.31e+02,1.56e+02,6.00e+01
1.54e+02,5.04e+02,1.56e+02,5.70e+01
1.45e+02,4.53e+02,1.57e+02,6.00e+01
1.46e+02,4.55e+02,1.55e+02,5.70e+01
1.54e+02,5.04e+02,1.57e+02,5.90e+01
1.54e+02,5.04e+02,1.53e+02,5.50e+01
1.02e+02,3.51e+02,1.59e+02,6.00e+01
9.76e+01,2.84e+02,1.59e+02,6.00e+01
1.39e+02,4.15e+02,1.58e+02,6.00e+01
1.04e+02,4.50e+02,1.55e+02,5.70e+01
1.07e+02,3.55e+02,1.59e+02,6.20e+01
9.31e+01,3.89e+02,1.55e+02,5.70e+01
