-2.25e+02,-6.78e+01,3.50e+01,1.70e+01
-2.30e+02,-6.15e+01,2.70e+01,1.40e+01
-2.30e+02,-6.15e+01,2.70e+01,1.40e+01
-2.28e+02,-6.50e+01,3.10e+01,1.70e+01
-2.30e+02,-6.15e+01,2.70e+01,1.40e+01
-2.25e+02,-6.78e+01,3.50e+01,1.70e+01
-2.28e+02,-6.50e+01,3.10e+01,1.70e+01
-2.30e+02,-6.15e+01,2.70e+01,1.40e+01
-2.25e+02,-6.78e+01,3.50e+01,1.70e+01
-2.28e+02,-6.50e+01,3.10e+01,1.70e+01
-2.25e+02,-6.78e+01,3.50e+01,1.70e+01
-2.25e+02,-6.78e+01,3.50e+01,1.70e+01
-2.25e+02,-6.78e+01,3.50e+01,1.70e+01
-2.25e+02,-6.78e+01,3.50e+01,1.70e+01
-2.25e+02,-6.78e+01,3.50e+01,1.70e+01
-2.30e+02,-6.15e+01,2.70e+01,1.40e+01
-2.37e+02,-6.15e+01,2.70e+01,1.40e+01
-2.30e+02,-6.15e+01,2.70e+01,1.40e+01
-3.72e+02,-1.54e+02,2.80e+01,1.40e+01
-5.00e+02,-4.99e+02,3.60e+01,1.70e+01
-2.25e+02,-6.78e+01,3.50e+01,1.70e+01
-2.25e+02,-6.78e+01,3.50e+01,1.70e+01
-2.37e+02,-6.15e+01,2.70e+01,1.40e+01
-2.32e+02,-6.50e+01,3.20e+01,1.70e+01
-2.30e+02,-6.15e+01,2.90e+01,1.50e+01
-2.25e+02,-6.78e+01,3.60e+01,1.70e+01
-2.33e+02,-6.78e+01,3.60e+01,1.70e+01
-2.27e+02,-6.78e+01,3.60e+01,1.80e+01
-2.25e+02,-6.78e+01,3.60e+01,1.70e+01
-2.34e+02,-6.78e+01,3.50e+01,1.70e+01
-2.36e+02,-7.60e+01,3.60e+01,1.70e+01
-2.25e+02,-6.78e+01,3.60e+01,1.70e+01
-2.37e+02,-6.15e+01,2.80e+01,1.50e+01
-4.08e+02,-1.25e+02,2.80e+01,1.40e+01
-2.30e+02,-6.15e+01,2.70e+01,1.40e+01
-2.30e+02,-6.15e+01,2.80e+01,1.40e+01
-5.00e+02,-4.99e+02,2.70e+01,1.40e+01
-4.99e+02,-4.95e+02,2.80e+01,1.40e+01
-5.00e+02,-5.00e+02,3.60e+01,1.70e+01
-5.00e+02,-4.99e+02,3.50e+01,1.70e+01
-2.28e+02,-8.47e+01,3.60e+01,1.70e+01
-4.47e+02,-1.85e+02,2.80e+01,1.50e+01
-2.37e+02,-6.15e+01,2.70e+01,1.40e+01
-2.28e+02,-6.50e+01,3.20e+01,1.70e+01
-4.25e+02,-2.40e+02,2.80e+01,1.40e+01
-2.25e+02,-6.78e+01,3.50e+01,1.70e+01
-2.55e+02,-9.79e+01,3.50e+01,1.70e+01
-2.25e+02,-6.78e+01,3.60e+01,1.70e+01
-2.48e+02,-9.89e+01,2.80e+01,1.40e+01
-2.28e+02,-6.50e+01,3.10e+01,1.70e+01
-2.54e+02,-7.73e+01,2.80e+01,1.40e+01
-2.28e+02,-6.50e+01,3.10e+01,1.70e+01
-2.30e+02,-6.15e+01,2.70e+01,1.40e+01
-2.28e+02,-6.50e+01,3.20e+01,1.70e+01
-2.73e+02,-7.46e+01,3.60e+01,1.70e+01
-2.28e+02,-6.50e+01,3.10e+01,1.70e+01
-2.25e+02,-6.78e+01,3.60e+01,1.70e+01
-2.89e+02,-7.99e+01,3.60e+01,1.70e+01
-5.00e+02,-5.00e+02,2.80e+01,1.40e+01
-5.00e+02,-4.99e+02,3.20e+01,1.70e+01
-2.35e+02,-6.78e+01,3.50e+01,1.70e+01
-3.27e+02,-1.53e+02,3.60e+01,1.70e+01
-5.00e+02,-5.00e+02,2.70e+01,1.40e+01
-2.30e+02,-6.15e+01,2.70e+01,1.40e+01
-3.53e+02,-1.60e+02,2.70e+01,1.40e+01
-2.28e+02,-6.50e+01,3.20e+01,1.70e+01
-2.30e+02,-6.15e+01,2.80e+01,1.40e+01
-2.30e+02,-6.15e+01,2.70e+01,1.40e+01
-4.52e+02,-2.10e+02,3.60e+01,1.80e+01
-2.49e+02,-8.63e+01,3.50e+01,1.70e+01
-4.68e+02,-3.25e+02,3.60e+01,1.80e+01
-2.28e+02,-6.50e+01,3.20e+01,1.70e+01
-2.30e+02,-6.15e+01,2.80e+01,1.40e+01
-2.30e+02,-6.15e+01,2.90e+01,1.50e+01
-2.28e+02,-6.50e+01,3.10e+01,1.70e+01
-2.34e+02,-6.15e+01,2.70e+01,1.40e+01
-2.41e+02,-1.02e+02,2.70e+01,1.40e+01
-2.30e+02,-6.15e+01,2.80e+01,1.50e+01
-3.07e+02,-6.15e+01,2.80e+01,1.40e+01
-2.44e+02,-9.21e+01,3.50e+01,1.70e+01
-5.00e+02,-4.99e+02,2.70e+01,1.40e+01
-2.30e+02,-6.15e+01,2.80e+01,1.40e+01
-4.88e+02,-4.31e+02,3.50e+01,1.70e+01
-2.49e+02,-6.15e+01,2.70e+01,1.40e+01
-2.28e+02,-6.50e+01,3.10e+01,1.70e+01
-3.14e+02,-1.04e+02,2.80e+01,1.50e+01
-3.49e+02,-1.75e+02,2.80e+01,1.50e+01
-4.48e+02,-1.94e+02,2.70e+01,1.40e+01
-2.73e+02,-7.46e+01,3.60e+01,1.70e+01
-2.49e+02,-6.15e+01,2.70e+01,1.40e+01
-4.53e+02,-2.19e+02,3.50e+01,1.70e+01
-4.08e+02,-1.25e+02,2.80e+01,1.40e+01
-2.30e+02,-6.15e+01,2.80e+01,1.40e+01
-2.42e+02,-7.32e+01,3.50e+01,1.70e+01
-2.40e+02,-7.61e+01,3.10e+01,1.70e+01
-2.28e+02,-6.50e+01,3.20e+01,1.70e+01
