-9.62e+01,-9.54e+01,1.70e+01,1.20e+01
-1.33e+02,-8.46e+01,2.60e+01,1.10e+01
-9.61e+01,-9.51e+01,1.60e+01,1.20e+01
-9.45e+01,-8.65e+01,1.60e+01,1.20e+01
-9.97e+01,-9.48e+01,2.10e+01,1.30e+01
-9.70e+01,-8.12e+01,1.50e+01,1.10e+01
-9.54e+01,-8.76e+01,1.60e+01,1.20e+01
-9.51e+01,-8.74e+01,1.60e+01,1.10e+01
-9.43e+01,-8.31e+01,2.00e+01,1.20e+01
-1.06e+02,-9.74e+01,1.60e+01,1.20e+01
-9.55e+01,-8.67e+01,1.90e+01,1.20e+01
-9.59e+01,-8.72e+01,1.60e+01,1.10e+01
-9.55e+01,-8.81e+01,1.90e+01,1.20e+01
-9.66e+01,-9.51e+01,1.50e+01,1.10e+01
-9.64e+01,-9.20e+01,1.60e+01,1.20e+01
-9.84e+01,-9.14e+01,1.60e+01,1.10e+01
-9.51e+01,-8.12e+01,1.50e+01,1.10e+01
-9.70e+01,-9.61e+01,1.50e+01,1.10e+01
-9.47e+01,-8.77e+01,1.80e+01,1.40e+01
-9.60e+01,-9.12e+01,1.60e+01,1.20e+01
-9.53e+01,-8.76e+01,1.50e+01,1.10e+01
-9.65e+01,-9.17e+01,1.50e+01,1.10e+01
-9.88e+01,-9.10e+01,2.00e+01,1.30e+01
-9.62e+01,-9.23e+01,1.70e+01,1.20e+01
-9.66e+01,-9.53e+01,1.50e+01,1.10e+01
-9.57e+01,-9.22e+01,1.60e+01,1.20e+01
-9.66e+01,-9.20e+01,1.70e+01,1.30e+01
-1.00e+02,-7.58e+01,2.10e+01,1.40e+01
-9.64e+01,-9.13e+01,1.50e+01,1.10e+01
-9.73e+01,-8.44e+01,1.60e+01,1.20e+01
-9.61e+01,-9.24e+01,1.60e+01,1.20e+01
-9.66e+01,-9.53e+01,1.70e+01,1.20e+01
-9.62e+01,-9.22e+01,1.50e+01,1.10e+01
-9.66e+01,-9.58e+01,1.60e+01,1.10e+01
-9.78e+01,-8.69e+01,1.50e+01,1.10e+01
-9.64e+01,-9.13e+01,1.50e+01,1.10e+01
-9.52e+01,-8.95e+01,1.70e+01,1.20e+01
-1.27e+02,-7.97e+01,1.70e+01,1.10e+01
-9.70e+01,-7.78e+01,1.60e+01,1.10e+01
-1.37e+02,-9.65e+01,2.70e+01,1.10e+01
-1.90e+02,-1.70e+02,2.00e+01,1.20e+01
-1.36e+02,-9.07e+01,2.60e+01,1.10e+01
-9.47e+01,-8.28e+01,1.80e+01,1.30e+01
-1.92e+02,-1.66e+02,1.60e+01,1.20e+01
-9.53e+01,-8.98e+01,1.90e+01,1.20e+01
-1.00e+02,-9.63e+01,1.70e+01,1.20e+01
-9.76e+01,-9.56e+01,2.00e+01,1.20e+01
-9.51e+01,-8.62e+01,1.60e+01,1.20e+01
-1.95e+02,-1.90e+02,1.60e+01,1.20e+01
-9.52e+01,-8.67e+01,2.00e+01,1.30e+01
-1.33e+02,-9.26e+01,2.60e+01,1.10e+01
-1.35e+02,-8.72e+01,2.60e+01,1.10e+01
-1.84e+02,-1.81e+02,1.70e+01,1.30e+01
-9.91e+01,-9.53e+01,1.90e+01,1.50e+01
-9.50e+01,-8.64e+01,1.70e+01,1.20e+01
-1.96e+02,-1.96e+02,1.70e+01,1.10e+01
-9.58e+01,-9.16e+01,1.70e+01,1.20e+01
-9.49e+01,-8.16e+01,2.00e+01,1.20e+01
-1.15e+02,-8.99e+01,1.60e+01,1.20e+01
-9.59e+01,-9.50e+01,2.00e+01,1.20e+01
-9.38e+01,-7.87e+01,1.60e+01,1.20e+01
-9.73e+01,-9.63e+01,1.60e+01,1.20e+01
-9.99e+01,-9.64e+01,1.50e+01,1.10e+01
-9.76e+01,-8.38e+01,1.90e+01,1.20e+01
-1.35e+02,-9.25e+01,2.60e+01,1.10e+01
-9.58e+01,-9.17e+01,1.60e+01,1.10e+01
-9.55e+01,-8.46e+01,1.60e+01,1.10e+01
-1.32e+02,-9.02e+01,2.60e+01,1.10e+01
-9.56e+01,-9.17e+01,2.10e+01,1.30e+01
-1.32e+02,-9.60e+01,1.60e+01,1.10e+01
-1.84e+02,-1.81e+02,1.50e+01,1.10e+01
-9.80e+01,-9.10e+01,1.70e+01,1.20e+01
-9.58e+01,-8.66e+01,2.00e+01,1.30e+01
-9.47e+01,-8.57e+01,1.70e+01,1.20e+01
-1.38e+02,-9.32e+01,2.70e+01,1.10e+01
-9.43e+01,-8.26e+01,1.50e+01,1.10e+01
-1.93e+02,-1.74e+02,1.90e+01,1.20e+01
-9.57e+01,-8.70e+01,1.60e+01,1.20e+01
-2.00e+02,-2.00e+02,1.50e+01,1.10e+01
-9.51e+01,-8.69e+01,1.80e+01,1.30e+01
-9.48e+01,-8.68e+01,1.70e+01,1.20e+01
-9.67e+01,-9.13e+01,1.60e+01,1.20e+01
-9.69e+01,-9.52e+01,2.00e+01,1.20e+01
-9.87e+01,-9.14e+01,1.50e+01,1.10e+01
-9.61e+01,-9.17e+01,1.60e+01,1.20e+01
-1.59e+02,-1.03e+02,2.60e+01,1.10e+01
-1.93e+02,-1.72e+02,1.60e+01,1.20e+01
-1.94e+02,-1.89e+02,2.10e+01,1.30e+01
-9.54e+01,-8.64e+01,1.70e+01,1.20e+01
-1.35e+02,-9.24e+01,2.60e+01,1.10e+01
-1.19e+02,-1.01e+02,1.60e+01,1.10e+01
-9.59e+01,-9.18e+01,1.70e+01,1.20e+01
-9.64e+01,-9.08e+01,2.10e+01,1.30e+01
-1.10e+02,-9.58e+01,1.60e+01,1.20e+01
-9.66e+01,-9.56e+01,2.00e+01,1.20e+01
-9.63e+01,-9.23e+01,1.60e+01,1.20e+01
-1.32e+02,-8.28e+01,2.70e+01,1.10e+01
-9.86e+01,-9.13e+01,1.70e+01,1.20e+01
-9.64e+01,-9.15e+01,1.80e+01,1.20e+01
-1.33e+02,-8.89e+01,2.70e+01,1.10e+01
-9.95e+01,-9.46e+01,1.60e+01,1.20e+01
-9.63e+01,-8.82e+01,1.80e+01,1.20e+01
-9.60e+01,-8.70e+01,1.60e+01,1.20e+01
-1.35e+02,-9.78e+01,2.60e+01,1.10e+01
-1.17e+02,-9.37e+01,1.60e+01,1.20e+01
-1.29e+02,-7.53e+01,2.70e+01,1.10e+01
-1.95e+02,-1.89e+02,1.70e+01,1.20e+01
-9.43e+01,-8.14e+01,2.10e+01,1.30e+01
-1.03e+02,-9.50e+01,1.60e+01,1.10e+01
-9.99e+01,-9.55e+01,1.60e+01,1.20e+01
-9.89e+01,-9.25e+01,1.50e+01,1.10e+01
-1.95e+02,-1.82e+02,1.50e+01,1.10e+01
-9.43e+01,-8.22e+01,1.70e+01,1.20e+01
-9.63e+01,-8.95e+01,2.00e+01,1.20e+01
-9.82e+01,-9.12e+01,1.60e+01,1.10e+01
-9.34e+01,-7.65e+01,1.70e+01,1.20e+01
-1.95e+02,-1.90e+02,1.60e+01,1.20e+01
-1.62e+02,-8.21e+01,1.90e+01,1.20e+01
-9.54e+01,-8.69e+01,1.60e+01,1.20e+01
-9.63e+01,-9.27e+01,1.90e+01,1.20e+01
-1.94e+02,-1.89e+02,1.60e+01,1.20e+01
-9.57e+01,-9.23e+01,2.10e+01,1.30e+01
-9.46e+01,-8.66e+01,1.60e+01,1.20e+01
-9.73e+01,-9.63e+01,1.60e+01,1.10e+01
-9.65e+01,-9.54e+01,1.60e+01,1.20e+01
-1.00e+02,-9.43e+01,1.70e+01,1.30e+01
-9.62e+01,-9.21e+01,2.10e+01,1.20e+01
-1.04e+02,-7.12e+01,1.60e+01,1.20e+01
-1.79e+02,-1.03e+02,2.60e+01,1.10e+01
-1.94e+02,-1.85e+02,2.60e+01,1.10e+01
-9.58e+01,-8.77e+01,1.60e+01,1.20e+01
-9.75e+01,-8.11e+01,1.70e+01,1.20e+01
-9.62e+01,-9.17e+01,1.70e+01,1.20e+01
-9.52e+01,-8.68e+01,1.80e+01,1.20e+01
-9.61e+01,-9.14e+01,2.10e+01,1.20e+01
-1.84e+02,-1.81e+02,1.50e+01,1.10e+01
-1.93e+02,-1.75e+02,1.70e+01,1.20e+01
-9.49e+01,-8.64e+01,1.60e+01,1.20e+01
-9.80e+01,-9.61e+01,1.70e+01,1.20e+01
-1.30e+02,-7.91e+01,2.60e+01,1.10e+01
-1.94e+02,-1.91e+02,1.80e+01,1.40e+01
-9.40e+01,-8.31e+01,1.50e+01,1.10e+01
-1.00e+02,-9.58e+01,2.20e+01,1.30e+01
-9.93e+01,-9.18e+01,1.70e+01,1.20e+01
-9.64e+01,-9.21e+01,1.50e+01,1.10e+01
-9.91e+01,-9.35e+01,1.50e+01,1.10e+01
-1.85e+02,-1.81e+02,2.00e+01,1.20e+01
-9.69e+01,-9.30e+01,2.10e+01,1.30e+01
-9.53e+01,-7.77e+01,1.60e+01,1.20e+01
-1.91e+02,-1.68e+02,1.60e+01,1.20e+01
-9.58e+01,-9.09e+01,1.60e+01,1.20e+01
-1.96e+02,-1.95e+02,1.70e+01,1.10e+01
-9.88e+01,-9.33e+01,1.50e+01,1.10e+01
-9.63e+01,-9.20e+01,1.70e+01,1.20e+01
-2.00e+02,-2.00e+02,2.00e+01,1.20e+01
-9.55e+01,-9.02e+01,1.70e+01,1.20e+01
-1.96e+02,-1.96e+02,2.20e+01,1.50e+01
-9.37e+01,-8.06e+01,2.10e+01,1.30e+01
-1.90e+02,-1.62e+02,1.60e+01,1.20e+01
-1.40e+02,-9.26e+01,2.70e+01,1.10e+01
-1.98e+02,-1.96e+02,1.90e+01,1.20e+01
-1.00e+02,-9.37e+01,2.10e+01,1.30e+01
-1.10e+02,-9.55e+01,1.70e+01,1.20e+01
-9.36e+01,-7.75e+01,1.60e+01,1.20e+01
-9.88e+01,-9.35e+01,1.70e+01,1.20e+01
-1.18e+02,-9.54e+01,1.60e+01,1.20e+01
-9.43e+01,-8.31e+01,1.80e+01,1.20e+01
-9.78e+01,-9.65e+01,1.80e+01,1.40e+01
-9.68e+01,-9.08e+01,1.70e+01,1.20e+01
-9.74e+01,-9.46e+01,1.60e+01,1.10e+01
-1.94e+02,-1.86e+02,2.60e+01,1.10e+01
-1.85e+02,-1.81e+02,1.60e+01,1.10e+01
-1.31e+02,-8.23e+01,2.60e+01,1.10e+01
-2.00e+02,-2.00e+02,1.60e+01,1.10e+01
-1.13e+02,-9.63e+01,1.60e+01,1.20e+01
-9.41e+01,-8.10e+01,1.70e+01,1.20e+01
-1.86e+02,-1.81e+02,1.60e+01,1.10e+01
-1.03e+02,-9.70e+01,1.60e+01,1.20e+01
-1.32e+02,-7.22e+01,2.60e+01,1.10e+01
-9.42e+01,-8.10e+01,1.60e+01,1.10e+01
-1.02e+02,-9.58e+01,2.00e+01,1.20e+01
-9.57e+01,-9.44e+01,2.20e+01,1.30e+01
-1.17e+02,-9.65e+01,1.60e+01,1.10e+01
-9.71e+01,-8.22e+01,1.70e+01,1.20e+01
-9.61e+01,-9.46e+01,1.60e+01,1.20e+01
-9.62e+01,-9.22e+01,1.60e+01,1.20e+01
-9.62e+01,-9.40e+01,1.70e+01,1.20e+01
-9.50e+01,-8.80e+01,1.70e+01,1.20e+01
-1.95e+02,-1.91e+02,1.70e+01,1.20e+01
-9.56e+01,-9.22e+01,2.10e+01,1.30e+01
-1.94e+02,-1.90e+02,1.70e+01,1.20e+01
-9.47e+01,-8.60e+01,1.90e+01,1.20e+01
