-1.20e+02,-4.15e+01,2.10e+01,2.10e+01
-1.28e+02,-4.44e+01,1.40e+01,1.80e+01
-1.29e+02,-4.24e+01,2.10e+01,2.00e+01
-1.22e+02,-4.28e+01,1.30e+01,1.80e+01
-1.28e+02,-4.33e+01,2.10e+01,2.10e+01
-1.29e+02,-4.07e+01,1.30e+01,1.80e+01
-1.26e+02,-4.49e+01,1.40e+01,1.80e+01
-1.28e+02,-4.26e+01,1.30e+01,1.80e+01
-1.24e+02,-4.03e+01,1.80e+01,2.00e+01
-1.30e+02,-4.03e+01,2.00e+01,2.00e+01
-1.21e+02,-3.77e+01,1.50e+01,1.80e+01
-1.21e+02,-4.08e+01,1.40e+01,1.90e+01
-1.30e+02,-4.07e+01,2.10e+01,2.10e+01
-1.30e+02,-4.81e+01,1.60e+01,1.90e+01
-1.22e+02,-3.96e+01,1.40e+01,1.80e+01
-1.25e+02,-4.25e+01,1.60e+01,2.10e+01
-1.22e+02,-4.12e+01,1.30e+01,1.80e+01
-1.43e+02,-4.14e+01,1.40e+01,1.90e+01
-1.21e+02,-4.17e+01,2.10e+01,2.10e+01
-1.24e+02,-4.39e+01,1.30e+01,1.80e+01
-1.22e+02,-4.37e+01,1.50e+01,1.90e+01
-1.22e+02,-4.06e+01,1.40e+01,1.80e+01
-1.32e+02,-4.19e+01,1.90e+01,1.90e+01
-1.21e+02,-3.77e+01,1.70e+01,2.00e+01
-1.27e+02,-4.26e+01,2.10e+01,2.00e+01
-1.22e+02,-4.02e+01,1.30e+01,1.80e+01
-1.31e+02,-4.81e+01,1.40e+01,1.80e+01
-1.28e+02,-4.28e+01,2.10e+01,2.00e+01
-1.25e+02,-4.33e+01,1.40e+01,1.80e+01
-1.24e+02,-4.64e+01,2.20e+01,2.10e+01
-1.27e+02,-4.70e+01,1.40e+01,1.80e+01
-1.24e+02,-4.03e+01,1.90e+01,1.90e+01
-1.33e+02,-4.28e+01,1.60e+01,1.90e+01
-1.28e+02,-4.41e+01,2.20e+01,2.20e+01
-1.29e+02,-3.90e+01,1.60e+01,2.00e+01
-1.26e+02,-4.04e+01,1.50e+01,1.90e+01
-1.30e+02,-4.80e+01,1.50e+01,1.80e+01
-1.23e+02,-4.33e+01,1.90e+01,1.90e+01
-1.24e+02,-4.21e+01,1.30e+01,1.80e+01
-1.25e+02,-4.12e+01,1.40e+01,1.90e+01
-1.25e+02,-3.77e+01,1.40e+01,1.90e+01
-1.23e+02,-4.17e+01,1.50e+01,1.80e+01
-1.63e+02,-4.19e+01,1.70e+01,2.00e+01
-1.22e+02,-4.17e+01,1.40e+01,1.80e+01
-1.23e+02,-4.29e+01,1.30e+01,1.80e+01
-1.23e+02,-4.68e+01,2.10e+01,2.10e+01
-1.23e+02,-4.41e+01,2.20e+01,2.10e+01
-1.24e+02,-4.01e+01,1.30e+01,1.80e+01
-1.23e+02,-3.96e+01,1.30e+01,1.80e+01
-1.27e+02,-4.59e+01,1.50e+01,1.90e+01
-2.73e+02,-4.43e+01,1.30e+01,1.80e+01
-1.48e+02,-4.15e+01,2.20e+01,2.10e+01
-1.23e+02,-4.10e+01,1.30e+01,1.80e+01
-1.26e+02,-4.53e+01,2.10e+01,2.10e+01
-1.28e+02,-4.84e+01,1.30e+01,1.80e+01
-1.21e+02,-4.27e+01,1.30e+01,1.80e+01
-1.23e+02,-4.05e+01,1.50e+01,2.00e+01
-1.24e+02,-4.32e+01,1.50e+01,1.90e+01
-1.26e+02,-3.95e+01,1.70e+01,2.00e+01
-1.33e+02,-4.59e+01,1.30e+01,1.80e+01
-1.28e+02,-4.83e+01,1.30e+01,1.80e+01
-1.23e+02,-3.61e+01,1.40e+01,1.80e+01
-1.25e+02,-4.05e+01,1.40e+01,1.90e+01
-1.29e+02,-3.76e+01,1.40e+01,1.80e+01
-1.28e+02,-4.01e+01,1.30e+01,1.80e+01
-1.23e+02,-4.08e+01,1.90e+01,1.90e+01
-1.26e+02,-4.47e+01,2.20e+01,2.10e+01
-1.26e+02,-4.04e+01,1.40e+01,1.90e+01
-1.26e+02,-4.42e+01,1.50e+01,2.00e+01
-1.32e+02,-4.75e+01,1.30e+01,1.80e+01
-1.26e+02,-4.53e+01,1.90e+01,1.90e+01
-1.30e+02,-4.82e+01,2.10e+01,2.10e+01
-1.25e+02,-3.80e+01,2.10e+01,2.00e+01
-1.32e+02,-3.78e+01,2.20e+01,2.20e+01
-1.21e+02,-3.76e+01,2.20e+01,2.00e+01
-5.00e+02,-5.00e+02,1.40e+01,1.80e+01
-5.00e+02,-5.00e+02,2.10e+01,2.00e+01
-1.24e+02,-4.04e+01,2.10e+01,2.10e+01
-1.26e+02,-4.51e+01,2.00e+01,2.00e+01
-1.25e+02,-4.66e+01,1.90e+01,2.00e+01
-1.21e+02,-4.45e+01,2.20e+01,2.10e+01
-1.24e+02,-3.95e+01,1.80e+01,2.00e+01
-1.20e+02,-4.04e+01,2.10e+01,2.10e+01
-1.25e+02,-4.53e+01,2.10e+01,2.10e+01
-1.26e+02,-4.20e+01,2.10e+01,2.10e+01
-1.24e+02,-3.69e+01,1.50e+01,1.90e+01
-1.26e+02,-4.09e+01,1.40e+01,1.80e+01
-4.51e+02,-2.08e+02,2.20e+01,2.20e+01
-1.30e+02,-3.65e+01,1.40e+01,1.80e+01
-1.29e+02,-4.67e+01,2.10e+01,2.10e+01
-5.00e+02,-5.00e+02,1.40e+01,1.80e+01
-1.25e+02,-4.65e+01,1.40e+01,1.80e+01
-1.32e+02,-5.35e+01,1.50e+01,1.90e+01
-1.23e+02,-4.03e+01,2.20e+01,2.20e+01
-1.37e+02,-5.48e+01,1.50e+01,1.80e+01
-1.29e+02,-4.61e+01,1.40e+01,1.80e+01
-1.29e+02,-4.12e+01,2.10e+01,2.10e+01
-1.20e+02,-3.82e+01,2.10e+01,2.10e+01
-1.36e+02,-4.49e+01,2.10e+01,2.00e+01
-1.26e+02,-4.48e+01,1.30e+01,1.80e+01
-1.21e+02,-4.03e+01,2.10e+01,2.10e+01
-4.48e+02,-1.88e+02,2.20e+01,2.10e+01
-1.27e+02,-4.57e+01,2.10e+01,2.10e+01
-4.39e+02,-1.33e+02,1.30e+01,1.80e+01
-4.55e+02,-2.33e+02,1.70e+01,2.00e+01
-1.27e+02,-4.12e+01,1.30e+01,1.80e+01
-1.30e+02,-5.18e+01,2.20e+01,2.10e+01
-1.26e+02,-3.39e+01,1.50e+01,1.80e+01
-1.24e+02,-3.92e+01,2.10e+01,2.10e+01
-4.46e+02,-1.77e+02,1.90e+01,2.10e+01
-1.24e+02,-3.87e+01,1.40e+01,1.80e+01
-1.33e+02,-4.57e+01,2.20e+01,2.20e+01
-1.22e+02,-4.34e+01,1.30e+01,1.80e+01
-1.28e+02,-4.47e+01,2.00e+01,2.00e+01
-1.41e+02,-4.21e+01,1.40e+01,1.80e+01
-1.31e+02,-4.44e+01,2.10e+01,2.10e+01
-1.29e+02,-4.49e+01,1.50e+01,1.80e+01
-1.25e+02,-4.59e+01,2.20e+01,2.20e+01
-1.25e+02,-4.51e+01,1.50e+01,1.80e+01
-1.30e+02,-3.99e+01,1.30e+01,1.80e+01
-1.25e+02,-4.02e+01,2.20e+01,2.20e+01
-2.77e+02,-4.53e+01,1.40e+01,1.80e+01
-1.28e+02,-4.66e+01,1.80e+01,2.00e+01
-1.25e+02,-4.44e+01,1.40e+01,1.80e+01
-4.42e+02,-1.50e+02,1.50e+01,1.90e+01
-1.70e+02,-7.72e+01,2.20e+01,2.20e+01
-1.81e+02,-8.20e+01,1.40e+01,1.90e+01
-1.20e+02,-3.93e+01,2.20e+01,2.10e+01
-1.41e+02,-5.30e+01,1.30e+01,1.80e+01
-1.29e+02,-4.49e+01,2.20e+01,2.20e+01
-1.24e+02,-4.20e+01,1.40e+01,1.80e+01
-1.26e+02,-3.44e+01,1.50e+01,1.90e+01
-1.23e+02,-4.33e+01,1.40e+01,1.90e+01
-1.23e+02,-4.48e+01,1.50e+01,1.90e+01
-1.29e+02,-4.34e+01,1.60e+01,1.90e+01
-1.24e+02,-3.42e+01,1.90e+01,2.00e+01
-1.23e+02,-4.00e+01,2.10e+01,2.10e+01
-1.32e+02,-4.58e+01,2.20e+01,2.10e+01
-1.22e+02,-3.91e+01,2.10e+01,2.10e+01
-1.24e+02,-4.12e+01,1.50e+01,1.80e+01
-4.51e+02,-2.06e+02,2.10e+01,2.10e+01
-1.24e+02,-4.45e+01,2.20e+01,2.20e+01
-1.27e+02,-4.46e+01,2.10e+01,2.00e+01
-1.23e+02,-4.02e+01,1.40e+01,1.90e+01
-1.27e+02,-4.52e+01,1.40e+01,1.90e+01
-1.31e+02,-4.51e+01,2.20e+01,2.00e+01
-1.28e+02,-4.61e+01,2.20e+01,2.20e+01
-4.14e+02,-1.26e+02,1.40e+01,1.80e+01
-1.28e+02,-4.56e+01,1.40e+01,1.80e+01
-1.29e+02,-4.09e+01,2.10e+01,2.00e+01
-1.22e+02,-4.21e+01,2.10e+01,2.10e+01
-1.30e+02,-3.63e+01,2.10e+01,2.10e+01
-1.22e+02,-3.97e+01,1.40e+01,1.90e+01
-4.37e+02,-1.22e+02,1.30e+01,1.80e+01
-1.29e+02,-4.03e+01,1.40e+01,1.80e+01
-1.29e+02,-4.41e+01,1.30e+01,1.80e+01
-1.31e+02,-4.76e+01,2.20e+01,2.10e+01
-1.24e+02,-3.97e+01,1.70e+01,2.20e+01
-1.26e+02,-4.30e+01,1.40e+01,1.80e+01
-1.27e+02,-3.91e+01,2.10e+01,2.00e+01
-1.23e+02,-4.34e+01,1.40e+01,1.80e+01
-1.23e+02,-4.32e+01,2.10e+01,2.10e+01
-1.24e+02,-4.32e+01,1.40e+01,1.80e+01
-1.21e+02,-4.23e+01,2.30e+01,2.20e+01
-1.23e+02,-4.30e+01,2.10e+01,2.10e+01
-1.26e+02,-4.32e+01,1.70e+01,2.00e+01
-4.42e+02,-1.52e+02,1.30e+01,1.80e+01
-1.37e+02,-5.17e+01,1.30e+01,1.80e+01
-1.42e+02,-4.51e+01,1.40e+01,1.80e+01
-1.26e+02,-4.31e+01,2.10e+01,2.10e+01
-1.27e+02,-4.92e+01,2.10e+01,2.10e+01
-1.27e+02,-4.82e+01,1.30e+01,1.80e+01
-1.24e+02,-4.24e+01,1.80e+01,2.00e+01
-1.24e+02,-4.50e+01,2.10e+01,2.10e+01
-1.37e+02,-4.96e+01,2.00e+01,2.00e+01
-1.76e+02,-5.57e+01,1.40e+01,1.90e+01
-1.25e+02,-4.53e+01,1.60e+01,2.10e+01
-1.25e+02,-4.38e+01,1.40e+01,1.80e+01
-1.27e+02,-4.00e+01,2.00e+01,2.00e+01
-2.76e+02,-4.29e+01,1.30e+01,1.80e+01
-5.00e+02,-5.00e+02,1.40e+01,1.90e+01
-1.27e+02,-4.20e+01,2.00e+01,2.00e+01
-1.31e+02,-4.40e+01,2.20e+01,2.20e+01
-1.27e+02,-4.20e+01,2.00e+01,2.00e+01
-1.36e+02,-4.52e+01,1.60e+01,1.90e+01
-1.22e+02,-3.82e+01,1.50e+01,1.80e+01
-1.43e+02,-4.50e+01,1.50e+01,1.80e+01
-4.47e+02,-1.81e+02,1.60e+01,1.90e+01
-1.24e+02,-3.65e+01,2.10e+01,2.00e+01
-1.27e+02,-3.98e+01,2.10e+01,2.10e+01
-1.22e+02,-3.84e+01,2.10e+01,2.10e+01
-4.47e+02,-1.84e+02,1.90e+01,2.10e+01
