2.65e+02,6.77e+02,5.90e+01,3.60e+01
3.17e+02,7.29e+02,5.60e+01,3.60e+01
1.74e+02,4.22e+02,5.70e+01,3.50e+01
1.37e+02,3.67e+02,5.80e+01,3.60e+01
2.00e+02,4.96e+02,5.20e+01,3.40e+01
2.87e+02,4.40e+02,5.60e+01,3.50e+01
2.68e+02,5.37e+02,5.70e+01,3.50e+01
2.38e+02,4.63e+02,5.80e+01,3.60e+01
1.97e+02,2.95e+02,5.70e+01,3.40e+01
1.07e+02,2.46e+02,5.70e+01,3.50e+01
1.99e+02,3.33e+02,5.70e+01,3.50e+01
2.23e+02,4.76e+02,5.30e+01,3.40e+01
1.38e+02,3.88e+02,5.80e+01,3.60e+01
2.51e+02,7.68e+02,5.80e+01,3.50e+01
1.10e+02,3.32e+02,5.90e+01,3.70e+01
1.57e+02,4.93e+02,5.60e+01,3.50e+01
2.52e+02,6.55e+02,5.70e+01,3.60e+01
2.61e+02,7.30e+02,5.70e+01,3.60e+01
1.68e+02,5.10e+02,5.80e+01,3.70e+01
3.89e+02,1.01e+03,5.80e+01,3.50e+01
1.75e+02,5.04e+02,6.00e+01,3.60e+01
2.73e+02,5.58e+02,5.20e+01,3.40e+01
1.73e+02,3.21e+02,5.80e+01,3.60e+01
2.06e+02,6.78e+02,6.10e+01,3.70e+01
2.39e+02,6.34e+02,5.90e+01,3.60e+01
1.89e+02,4.89e+02,6.00e+01,3.70e+01
1.79e+02,3.68e+02,5.70e+01,3.70e+01
2.17e+02,5.95e+02,5.80e+01,3.50e+01
4.63e+01,2.06e+02,5.70e+01,3.70e+01
2.08e+02,3.80e+02,5.70e+01,3.50e+01
2.26e+02,6.50e+02,5.40e+01,3.40e+01
2.30e+02,7.55e+02,5.70e+01,3.70e+01
3.52e+01,1.77e+02,5.80e+01,3.50e+01
2.79e+02,8.78e+02,6.00e+01,3.60e+01
2.38e+02,4.15e+02,5.90e+01,3.60e+01
2.54e+02,7.25e+02,6.00e+01,3.60e+01
1.32e+02,3.85e+02,5.80e+01,3.50e+01
2.37e+02,5.23e+02,5.80e+01,3.50e+01
2.30e+02,8.30e+02,5.80e+01,3.40e+01
1.63e+02,3.24e+02,5.40e+01,3.40e+01
3.49e+02,7.66e+02,6.10e+01,3.70e+01
1.27e+02,3.51e+02,5.40e+01,3.40e+01
2.63e+02,8.40e+02,5.80e+01,3.60e+01
2.01e+02,5.24e+02,5.70e+01,3.70e+01
1.40e+02,2.32e+02,5.70e+01,3.60e+01
3.21e+02,4.75e+02,5.70e+01,3.60e+01
2.36e+02,5.02e+02,5.80e+01,3.60e+01
2.68e+02,6.36e+02,5.70e+01,3.60e+01
3.39e+02,6.51e+02,5.70e+01,3.70e+01
5.07e+01,2.64e+02,5.90e+01,3.60e+01
3.00e+02,3.47e+02,5.30e+01,3.40e+01
1.79e+02,5.76e+02,5.90e+01,3.60e+01
4.40e+02,1.20e+03,6.00e+01,3.60e+01
2.85e+02,7.67e+02,5.80e+01,3.60e+01
2.29e+02,6.79e+02,5.80e+01,3.60e+01
2.71e+02,4.28e+02,5.80e+01,3.60e+01
2.31e+02,4.01e+02,5.20e+01,3.40e+01
3.44e+02,8.44e+02,5.80e+01,3.60e+01
9.83e+01,2.43e+02,5.90e+01,3.70e+01
4.54e+02,1.07e+03,5.80e+01,3.50e+01
3.10e+02,6.60e+02,5.90e+01,3.60e+01
2.92e+00,5.20e+01,5.40e+01,3.40e+01
2.99e+02,5.91e+02,5.70e+01,3.50e+01
2.20e+02,4.55e+02,5.80e+01,3.60e+01
3.48e+02,6.84e+02,6.00e+01,3.70e+01
8.81e+01,3.37e+02,5.80e+01,3.60e+01
3.83e+02,1.16e+03,6.00e+01,3.70e+01
2.01e+02,4.33e+02,6.00e+01,3.60e+01
2.96e+02,6.07e+02,6.00e+01,3.60e+01
4.09e+02,9.57e+02,5.80e+01,3.60e+01
1.33e+02,4.69e+02,6.00e+01,3.70e+01
1.25e+02,3.41e+02,5.80e+01,3.60e+01
9.55e+01,2.50e+02,5.70e+01,3.60e+01
2.42e+02,7.51e+02,5.20e+01,3.40e+01
5.57e+01,2.16e+02,6.00e+01,3.70e+01
2.72e+02,7.63e+02,5.80e+01,3.50e+01
2.90e+02,4.03e+02,5.70e+01,3.50e+01
1.72e+02,5.94e+02,5.90e+01,3.60e+01
2.20e+02,1.01e+03,5.70e+01,3.60e+01
3.20e+02,5.32e+02,5.70e+01,3.50e+01
2.73e+02,5.16e+02,6.10e+01,3.70e+01
1.11e+02,1.94e+02,5.90e+01,3.60e+01
2.22e+02,3.73e+02,5.80e+01,3.50e+01
-1.08e+01,5.77e+01,5.40e+01,3.40e+01
1.21e+02,4.04e+02,5.30e+01,3.40e+01
2.23e+02,3.02e+02,5.90e+01,3.60e+01
2.27e+02,3.74e+02,6.00e+01,3.60e+01
2.99e+02,6.74e+02,5.70e+01,3.60e+01
3.12e+02,6.08e+02,5.90e+01,3.60e+01
2.24e+02,5.62e+02,5.80e+01,3.50e+01
2.86e+02,6.84e+02,5.90e+01,3.60e+01
3.33e+02,5.75e+02,5.80e+01,3.50e+01
2.99e+02,6.56e+02,5.30e+01,3.40e+01
7.92e+01,1.72e+02,5.90e+01,3.60e+01
1.39e+02,3.68e+02,5.80e+01,3.60e+01
1.78e+02,4.65e+02,6.00e+01,3.60e+01
1.76e+02,7.17e+02,5.40e+01,3.50e+01
4.84e+01,1.65e+02,5.70e+01,3.60e+01
1.77e+02,4.86e+02,6.00e+01,3.60e+01
8.61e+01,1.80e+02,5.40e+01,3.40e+01
1.64e+02,4.71e+02,5.90e+01,3.60e+01
2.94e+02,7.53e+02,6.00e+01,3.60e+01
2.23e+02,4.24e+02,5.70e+01,3.60e+01
1.84e+02,4.11e+02,5.80e+01,3.50e+01
1.65e+02,4.89e+02,5.60e+01,3.50e+01
3.30e+02,8.52e+02,6.00e+01,3.60e+01
2.98e+02,7.95e+02,5.90e+01,3.60e+01
3.28e+02,7.86e+02,5.70e+01,3.70e+01
2.33e+02,7.63e+02,6.10e+01,3.70e+01
1.79e+02,3.62e+02,5.40e+01,3.50e+01
2.33e+02,7.35e+02,6.10e+01,3.70e+01
1.35e+02,2.19e+02,5.80e+01,3.40e+01
2.56e+02,5.29e+02,5.70e+01,3.60e+01
1.00e+02,2.91e+02,5.30e+01,3.50e+01
1.53e+02,4.04e+02,5.40e+01,3.50e+01
4.22e+01,1.71e+02,5.30e+01,3.40e+01
1.89e+02,3.26e+02,6.00e+01,3.60e+01
3.57e+02,8.63e+02,6.00e+01,3.60e+01
2.23e+02,3.90e+02,5.90e+01,3.60e+01
1.83e+02,3.49e+02,5.80e+01,3.60e+01
3.89e+02,6.99e+02,5.80e+01,3.70e+01
1.92e+02,5.91e+02,6.00e+01,3.60e+01
4.32e+02,9.10e+02,5.40e+01,3.40e+01
2.58e+02,4.69e+02,5.90e+01,3.60e+01
1.52e+02,6.02e+02,5.80e+01,3.50e+01
3.12e+02,6.74e+02,5.70e+01,3.70e+01
3.09e+02,4.68e+02,5.30e+01,3.40e+01
3.03e+02,7.30e+02,5.80e+01,3.50e+01
