-1.27e+02,-4.69e+01,1.70e+01,1.70e+01
-1.22e+02,-3.98e+01,3.10e+01,2.50e+01
-1.24e+02,-4.21e+01,2.90e+01,2.20e+01
-1.24e+02,-4.26e+01,1.80e+01,1.70e+01
-1.25e+02,-4.29e+01,3.00e+01,2.40e+01
-1.24e+02,-4.23e+01,1.70e+01,1.70e+01
-1.28e+02,-4.92e+01,3.10e+01,2.30e+01
-1.25e+02,-3.88e+01,2.00e+01,1.70e+01
-1.23e+02,-4.11e+01,2.80e+01,2.20e+01
-1.30e+02,-3.98e+01,1.80e+01,1.80e+01
-1.25e+02,-4.80e+01,2.90e+01,2.20e+01
-1.25e+02,-4.12e+01,3.00e+01,2.30e+01
-1.22e+02,-4.53e+01,1.70e+01,1.70e+01
-1.23e+02,-4.38e+01,3.20e+01,2.50e+01
-1.24e+02,-4.11e+01,2.90e+01,2.10e+01
-1.22e+02,-4.12e+01,2.00e+01,1.80e+01
-1.26e+02,-4.67e+01,1.80e+01,1.80e+01
-1.27e+02,-4.33e+01,3.00e+01,2.30e+01
-1.30e+02,-4.59e+01,1.90e+01,1.70e+01
-1.28e+02,-4.65e+01,1.80e+01,1.80e+01
-1.25e+02,-3.86e+01,3.00e+01,2.20e+01
-1.31e+02,-4.50e+01,2.90e+01,2.20e+01
-1.27e+02,-4.34e+01,1.90e+01,1.70e+01
-1.27e+02,-4.91e+01,1.80e+01,1.80e+01
-1.22e+02,-4.14e+01,3.00e+01,2.20e+01
-1.25e+02,-4.69e+01,2.90e+01,2.20e+01
-1.24e+02,-4.51e+01,2.10e+01,1.90e+01
-1.25e+02,-4.63e+01,1.90e+01,1.80e+01
-1.23e+02,-4.14e+01,1.80e+01,1.70e+01
-1.24e+02,-4.58e+01,3.00e+01,2.20e+01
-1.25e+02,-4.32e+01,1.90e+01,1.80e+01
-1.27e+02,-4.35e+01,2.90e+01,2.20e+01
-1.31e+02,-4.57e+01,1.80e+01,1.80e+01
-1.40e+02,-4.08e+01,3.00e+01,2.30e+01
-1.26e+02,-3.91e+01,2.80e+01,2.40e+01
-1.22e+02,-4.25e+01,2.00e+01,1.80e+01
-1.26e+02,-4.31e+01,2.90e+01,2.20e+01
-1.29e+02,-4.26e+01,1.80e+01,1.70e+01
-1.25e+02,-4.37e+01,3.20e+01,2.60e+01
-1.24e+02,-4.63e+01,2.90e+01,2.10e+01
-1.23e+02,-3.94e+01,3.00e+01,2.20e+01
-1.23e+02,-4.28e+01,3.10e+01,2.30e+01
-1.23e+02,-4.28e+01,1.80e+01,1.80e+01
-1.23e+02,-4.03e+01,3.00e+01,2.20e+01
-1.41e+02,-4.05e+01,2.00e+01,1.90e+01
-1.24e+02,-4.14e+01,2.90e+01,2.30e+01
-3.30e+02,-1.67e+02,1.90e+01,1.90e+01
-1.22e+02,-3.67e+01,3.00e+01,2.20e+01
-1.31e+02,-4.42e+01,3.10e+01,2.50e+01
-1.23e+02,-4.45e+01,1.80e+01,1.70e+01
-1.30e+02,-4.10e+01,3.20e+01,2.50e+01
-1.32e+02,-4.42e+01,3.10e+01,2.50e+01
-1.33e+02,-4.51e+01,1.80e+01,1.70e+01
-1.29e+02,-3.98e+01,1.90e+01,1.80e+01
-1.23e+02,-4.53e+01,3.00e+01,2.20e+01
-1.27e+02,-3.93e+01,3.30e+01,2.60e+01
-1.32e+02,-4.78e+01,1.80e+01,1.80e+01
-1.34e+02,-4.59e+01,1.90e+01,1.80e+01
-1.27e+02,-4.23e+01,2.90e+01,2.20e+01
-1.25e+02,-4.21e+01,3.00e+01,2.30e+01
-1.29e+02,-4.16e+01,2.00e+01,1.90e+01
-1.27e+02,-4.10e+01,1.70e+01,1.70e+01
-1.24e+02,-4.05e+01,1.80e+01,1.80e+01
-1.43e+02,-5.21e+01,2.90e+01,2.20e+01
-5.00e+02,-5.00e+02,1.80e+01,1.70e+01
-2.90e+02,-8.27e+01,1.80e+01,1.80e+01
-1.28e+02,-4.60e+01,3.10e+01,2.50e+01
-1.24e+02,-4.35e+01,1.90e+01,1.80e+01
-1.31e+02,-4.61e+01,3.10e+01,2.50e+01
-3.75e+02,-8.47e+01,3.10e+01,2.40e+01
-1.24e+02,-3.77e+01,3.30e+01,2.50e+01
-1.29e+02,-4.42e+01,3.00e+01,2.20e+01
-1.24e+02,-4.34e+01,3.20e+01,2.30e+01
-1.37e+02,-4.58e+01,3.00e+01,2.20e+01
-1.76e+02,-4.22e+01,3.10e+01,2.50e+01
-1.32e+02,-4.27e+01,1.80e+01,1.70e+01
-1.25e+02,-4.21e+01,3.00e+01,2.20e+01
-1.23e+02,-4.20e+01,3.10e+01,2.40e+01
-1.32e+02,-4.95e+01,3.10e+01,2.30e+01
-1.26e+02,-4.45e+01,1.80e+01,1.80e+01
-3.46e+02,-8.78e+01,1.90e+01,1.80e+01
-1.28e+02,-4.50e+01,3.00e+01,2.20e+01
-2.19e+02,-6.19e+01,3.10e+01,2.50e+01
-1.24e+02,-4.09e+01,1.90e+01,1.80e+01
-1.23e+02,-4.27e+01,1.90e+01,1.80e+01
-1.30e+02,-4.72e+01,1.80e+01,1.80e+01
-1.50e+02,-4.57e+01,3.00e+01,2.20e+01
-1.23e+02,-4.13e+01,1.80e+01,1.70e+01
-1.23e+02,-4.05e+01,3.00e+01,2.40e+01
-4.53e+02,-2.21e+02,1.80e+01,1.70e+01
-3.07e+02,-1.67e+02,1.80e+01,1.80e+01
-1.23e+02,-4.21e+01,3.20e+01,2.60e+01
-1.28e+02,-4.30e+01,1.90e+01,1.90e+01
-1.58e+02,-7.59e+01,1.90e+01,1.80e+01
-1.23e+02,-4.19e+01,3.20e+01,2.60e+01
-1.31e+02,-5.29e+01,1.70e+01,1.70e+01
-1.21e+02,-3.82e+01,1.70e+01,1.70e+01
-1.29e+02,-4.03e+01,1.80e+01,1.70e+01
-1.26e+02,-4.23e+01,3.20e+01,2.60e+01
-1.28e+02,-4.34e+01,3.20e+01,2.60e+01
-4.96e+02,-4.78e+02,1.70e+01,1.70e+01
-1.22e+02,-4.02e+01,3.30e+01,2.40e+01
-1.29e+02,-4.59e+01,3.30e+01,2.40e+01
-4.39e+02,-1.35e+02,3.00e+01,2.30e+01
-1.26e+02,-4.31e+01,1.80e+01,1.70e+01
-1.25e+02,-4.40e+01,3.00e+01,2.20e+01
-1.25e+02,-4.52e+01,3.00e+01,2.20e+01
-3.35e+02,-6.10e+01,1.80e+01,1.80e+01
-1.43e+02,-4.31e+01,3.00e+01,2.30e+01
-1.25e+02,-4.34e+01,3.00e+01,2.20e+01
-4.37e+02,-1.23e+02,1.80e+01,1.80e+01
-3.30e+02,-5.09e+01,1.80e+01,1.80e+01
-1.28e+02,-4.57e+01,3.10e+01,2.40e+01
-1.24e+02,-4.37e+01,2.90e+01,2.30e+01
-1.30e+02,-4.99e+01,1.70e+01,1.70e+01
-1.31e+02,-4.13e+01,1.80e+01,1.70e+01
-1.30e+02,-4.11e+01,1.90e+01,1.70e+01
-1.28e+02,-4.64e+01,3.00e+01,2.40e+01
-1.33e+02,-4.62e+01,3.20e+01,2.50e+01
-1.29e+02,-4.45e+01,3.00e+01,2.20e+01
-1.25e+02,-4.16e+01,3.00e+01,2.20e+01
-3.80e+02,-1.54e+02,1.80e+01,1.70e+01
-1.25e+02,-4.58e+01,3.00e+01,2.20e+01
-1.27e+02,-4.89e+01,1.80e+01,1.70e+01
-2.92e+02,-1.25e+02,1.80e+01,1.70e+01
-1.25e+02,-4.17e+01,3.10e+01,2.40e+01
-1.30e+02,-4.79e+01,1.80e+01,1.80e+01
-1.24e+02,-4.42e+01,1.80e+01,1.80e+01
-5.00e+02,-5.00e+02,3.00e+01,2.40e+01
-1.40e+02,-4.38e+01,3.00e+01,2.20e+01
-1.31e+02,-5.13e+01,1.90e+01,1.80e+01
-3.80e+02,-1.16e+02,3.10e+01,2.50e+01
-1.29e+02,-4.05e+01,2.00e+01,1.90e+01
-1.27e+02,-4.13e+01,3.00e+01,2.30e+01
-1.24e+02,-3.86e+01,1.70e+01,1.70e+01
-1.22e+02,-4.19e+01,3.00e+01,2.20e+01
-1.25e+02,-4.67e+01,3.10e+01,2.40e+01
-1.36e+02,-4.06e+01,3.20e+01,2.30e+01
-1.31e+02,-4.35e+01,3.20e+01,2.50e+01
-2.41e+02,-7.93e+01,2.10e+01,1.80e+01
-1.84e+02,-6.40e+01,3.20e+01,2.50e+01
-1.32e+02,-4.12e+01,2.00e+01,1.70e+01
-1.23e+02,-4.32e+01,1.90e+01,1.70e+01
-1.25e+02,-4.24e+01,3.10e+01,2.50e+01
-1.26e+02,-4.31e+01,3.10e+01,2.50e+01
-1.35e+02,-4.62e+01,2.80e+01,2.20e+01
-1.24e+02,-4.23e+01,1.70e+01,1.70e+01
-1.23e+02,-4.01e+01,1.80e+01,1.70e+01
-2.82e+02,-5.76e+01,1.80e+01,1.70e+01
-1.24e+02,-4.70e+01,2.00e+01,1.70e+01
-1.22e+02,-4.12e+01,1.80e+01,1.80e+01
-1.26e+02,-4.43e+01,1.80e+01,1.70e+01
-4.99e+02,-4.93e+02,1.80e+01,1.80e+01
-4.39e+02,-1.32e+02,3.10e+01,2.30e+01
-1.27e+02,-4.24e+01,3.20e+01,2.60e+01
-1.24e+02,-4.46e+01,3.10e+01,2.20e+01
-1.26e+02,-3.48e+01,2.90e+01,2.20e+01
-1.26e+02,-4.59e+01,3.10e+01,2.40e+01
-1.32e+02,-3.96e+01,1.70e+01,1.70e+01
-1.23e+02,-3.81e+01,3.10e+01,2.30e+01
-1.29e+02,-4.51e+01,1.80e+01,1.80e+01
-1.21e+02,-4.36e+01,3.20e+01,2.50e+01
-1.29e+02,-4.34e+01,1.80e+01,1.70e+01
-4.99e+02,-4.95e+02,1.70e+01,1.70e+01
-1.30e+02,-4.53e+01,1.80e+01,1.80e+01
-1.29e+02,-4.96e+01,1.70e+01,1.70e+01
-1.24e+02,-4.36e+01,3.20e+01,2.50e+01
-1.36e+02,-4.41e+01,1.80e+01,1.80e+01
-4.35e+02,-1.12e+02,1.80e+01,1.80e+01
-1.23e+02,-4.08e+01,3.10e+01,2.20e+01
-1.24e+02,-4.52e+01,3.10e+01,2.40e+01
-1.29e+02,-5.00e+01,1.80e+01,1.80e+01
-5.00e+02,-5.00e+02,1.70e+01,1.70e+01
-1.24e+02,-4.34e+01,3.10e+01,2.30e+01
-1.34e+02,-4.68e+01,2.00e+01,1.70e+01
-1.28e+02,-4.25e+01,1.80e+01,1.70e+01
-1.26e+02,-4.28e+01,1.80e+01,1.70e+01
-2.00e+02,-4.12e+01,2.90e+01,2.20e+01
-1.23e+02,-4.13e+01,1.80e+01,1.70e+01
-1.25e+02,-4.41e+01,1.70e+01,1.70e+01
-1.29e+02,-4.51e+01,1.80e+01,1.70e+01
-1.27e+02,-4.15e+01,1.80e+01,1.80e+01
-1.23e+02,-4.36e+01,3.20e+01,2.60e+01
-1.75e+02,-6.85e+01,2.90e+01,2.10e+01
-1.25e+02,-4.59e+01,3.20e+01,2.30e+01
-1.74e+02,-5.93e+01,3.00e+01,2.30e+01
-1.27e+02,-4.18e+01,1.80e+01,1.70e+01
-1.24e+02,-4.38e+01,3.10e+01,2.50e+01
-1.24e+02,-4.07e+01,2.90e+01,2.20e+01
-1.24e+02,-3.87e+01,3.20e+01,2.50e+01
-1.23e+02,-4.02e+01,2.90e+01,2.20e+01
-1.28e+02,-4.68e+01,1.80e+01,1.80e+01
