1.35e+01,1.11e+02,5.00e+01,2.30e+01
1.76e+01,1.21e+02,4.80e+01,2.20e+01
1.05e+00,1.08e+02,4.80e+01,2.20e+01
1.97e+01,1.06e+02,5.80e+01,2.40e+01
1.80e+00,1.41e+02,4.90e+01,2.10e+01
3.54e+01,2.32e+02,4.80e+01,2.10e+01
1.18e+01,1.09e+02,5.00e+01,2.20e+01
-9.14e+00,4.79e+01,4.90e+01,2.20e+01
-7.39e-01,1.42e+02,4.80e+01,2.20e+01
1.45e+01,9.41e+01,5.60e+01,2.40e+01
4.18e+00,6.73e+01,5.90e+01,2.40e+01
1.82e+01,2.01e+02,5.00e+01,2.20e+01
1.02e+00,1.61e+02,4.80e+01,2.10e+01
4.41e+00,5.55e+01,5.00e+01,2.10e+01
3.23e+01,1.87e+02,5.90e+01,2.50e+01
4.32e+01,1.83e+02,5.20e+01,2.40e+01
1.16e+01,1.11e+02,4.90e+01,2.20e+01
1.36e+01,1.62e+02,4.80e+01,2.20e+01
-2.01e+01,3.92e+01,5.00e+01,2.10e+01
9.18e+00,1.77e+02,5.00e+01,2.10e+01
1.46e+01,9.80e+01,4.90e+01,2.20e+01
1.89e+01,9.64e+01,4.90e+01,2.10e+01
1.25e+01,1.16e+02,4.90e+01,2.10e+01
-5.83e-02,1.03e+02,5.90e+01,2.40e+01
5.95e+01,2.52e+02,5.10e+01,2.40e+01
1.49e+01,7.18e+01,5.00e+01,2.10e+01
1.40e+00,6.44e+01,4.90e+01,2.20e+01
-1.03e+01,2.42e+01,4.90e+01,2.20e+01
-1.28e+01,6.16e+01,5.10e+01,2.40e+01
-5.72e+00,7.67e+01,5.10e+01,2.30e+01
6.66e+00,1.23e+02,5.00e+01,2.20e+01
6.30e+00,8.18e+01,4.90e+01,2.20e+01
3.89e+01,1.39e+02,6.00e+01,2.40e+01
2.23e+00,1.23e+02,5.10e+01,2.40e+01
-4.84e+00,4.23e+01,5.10e+01,2.20e+01
1.46e+01,1.05e+02,5.10e+01,2.40e+01
-3.15e-01,7.26e+01,5.90e+01,2.40e+01
6.94e+00,7.04e+01,4.90e+01,2.30e+01
-4.59e+00,7.28e+01,4.80e+01,2.20e+01
2.25e+01,1.49e+02,5.10e+01,2.20e+01
-8.92e+00,4.43e+01,4.90e+01,2.20e+01
3.07e+01,1.26e+02,4.80e+01,2.20e+01
2.96e+00,5.69e+01,5.10e+01,2.20e+01
-4.31e-01,6.56e+01,4.90e+01,2.10e+01
3.77e+01,1.73e+02,6.20e+01,2.80e+01
-1.32e+01,6.74e+01,4.90e+01,2.20e+01
1.51e+01,6.87e+01,4.90e+01,2.10e+01
2.12e+01,1.68e+02,5.00e+01,2.30e+01
2.68e+01,1.56e+02,4.80e+01,2.20e+01
2.29e+00,3.40e+01,5.00e+01,2.10e+01
-4.45e+00,3.54e+01,5.00e+01,2.30e+01
1.74e+01,1.39e+02,5.10e+01,2.20e+01
1.40e+01,1.15e+02,4.90e+01,2.20e+01
1.85e+01,1.68e+02,4.80e+01,2.10e+01
1.61e+01,1.14e+02,4.90e+01,2.30e+01
1.62e+00,7.15e+01,4.80e+01,2.20e+01
1.36e+01,1.04e+02,4.90e+01,2.20e+01
5.34e-01,5.26e+01,5.10e+01,2.30e+01
-7.82e+00,4.22e+01,5.20e+01,2.40e+01
-7.77e+00,8.95e+01,5.00e+01,2.20e+01
7.57e+00,8.40e+01,4.90e+01,2.30e+01
1.26e+01,8.25e+01,4.90e+01,2.30e+01
1.75e+01,1.00e+02,5.10e+01,2.30e+01
1.81e+01,1.28e+02,4.90e+01,2.30e+01
2.41e+00,3.88e+01,5.00e+01,2.20e+01
-2.02e+01,1.00e+02,5.00e+01,2.20e+01
1.12e+01,1.54e+02,4.90e+01,2.10e+01
3.83e+01,1.82e+02,4.80e+01,2.20e+01
1.07e+01,1.30e+02,4.90e+01,2.30e+01
3.48e-01,8.15e+01,5.10e+01,2.40e+01
9.82e+00,8.57e+01,5.00e+01,2.10e+01
-7.52e+00,8.65e+01,5.10e+01,2.30e+01
6.05e+01,3.00e+02,4.90e+01,2.10e+01
1.31e-01,6.74e+01,5.00e+01,2.10e+01
2.25e+01,1.53e+02,5.90e+01,2.40e+01
1.93e+01,1.20e+02,4.90e+01,2.20e+01
1.15e+00,5.35e+01,5.10e+01,2.40e+01
1.81e+01,6.15e+01,6.00e+01,2.50e+01
-5.37e-01,6.79e+01,5.10e+01,2.30e+01
2.49e+00,5.32e+01,5.10e+01,2.30e+01
3.63e+01,1.54e+02,4.90e+01,2.20e+01
5.27e+00,8.22e+01,5.10e+01,2.30e+01
3.23e+01,1.29e+02,4.80e+01,2.20e+01
3.25e+01,2.29e+02,5.80e+01,2.40e+01
-4.57e+01,3.96e+01,5.10e+01,2.40e+01
1.51e+01,1.81e+02,4.80e+01,2.20e+01
4.68e+01,2.35e+02,5.80e+01,2.40e+01
1.57e+01,9.90e+01,4.80e+01,2.20e+01
3.56e+00,1.33e+02,5.10e+01,2.30e+01
1.46e+01,1.26e+02,5.00e+01,2.10e+01
1.12e+00,7.24e+01,5.10e+01,2.30e+01
1.24e+01,8.18e+01,5.00e+01,2.20e+01
1.08e+01,9.23e+01,4.90e+01,2.10e+01
6.80e+00,7.42e+01,5.10e+01,2.40e+01
-2.67e+00,1.15e+02,5.00e+01,2.30e+01
8.61e+00,1.13e+02,5.00e+01,2.20e+01
1.55e+01,1.71e+02,5.10e+01,2.30e+01
7.33e+00,6.76e+01,5.10e+01,2.30e+01
-1.26e+01,5.32e+01,5.00e+01,2.20e+01
2.64e+01,2.04e+02,4.80e+01,2.10e+01
4.14e+00,8.47e+01,5.00e+01,2.20e+01
9.90e+00,1.15e+02,5.20e+01,2.30e+01
1.63e+01,1.10e+02,5.00e+01,2.10e+01
1.40e+01,1.15e+02,4.90e+01,2.20e+01
1.15e+01,1.40e+02,5.90e+01,2.40e+01
1.39e+01,1.34e+02,4.90e+01,2.30e+01
-4.31e-02,1.01e+02,5.00e+01,2.10e+01
1.14e+00,1.23e+02,5.10e+01,2.30e+01
2.66e+01,1.58e+02,5.90e+01,2.40e+01
2.83e-01,5.36e+01,5.10e+01,2.20e+01
-3.64e+00,5.41e+01,5.10e+01,2.40e+01
-3.54e+00,5.17e+01,4.90e+01,2.20e+01
-3.12e+00,5.14e+01,5.90e+01,2.50e+01
2.46e+01,1.33e+02,5.10e+01,2.30e+01
1.87e+01,1.20e+02,5.00e+01,2.30e+01
4.83e+00,1.39e+02,5.00e+01,2.10e+01
-8.59e+00,5.21e+01,5.10e+01,2.40e+01
2.77e+01,7.20e+01,4.80e+01,2.20e+01
1.25e+01,9.62e+01,5.00e+01,2.20e+01
4.68e+01,3.06e+02,4.90e+01,2.20e+01
2.19e+01,8.03e+01,4.80e+01,2.10e+01
2.95e+01,1.43e+02,5.10e+01,2.30e+01
6.80e+00,8.68e+01,4.80e+01,2.20e+01
3.46e+01,1.77e+02,5.10e+01,2.40e+01
-1.77e+01,5.86e+01,5.80e+01,2.50e+01
2.02e+01,1.46e+02,5.80e+01,2.40e+01
-1.51e+01,7.21e+01,4.80e+01,2.20e+01
-1.84e+01,3.02e+01,5.10e+01,2.20e+01
