-5.00e+02,-4.99e+02,1.40e+01,1.00e+01
-4.98e+02,-4.93e+02,1.30e+01,1.00e+01
-5.00e+02,-5.00e+02,1.60e+01,1.00e+01
-5.00e+02,-5.00e+02,1.30e+01,1.00e+01
-5.00e+02,-5.00e+02,1.60e+01,1.00e+01
-5.00e+02,-5.00e+02,1.50e+01,1.00e+01
-5.00e+02,-4.99e+02,1.60e+01,1.00e+01
-5.00e+02,-5.00e+02,1.50e+01,1.00e+01
-5.00e+02,-5.00e+02,1.60e+01,1.00e+01
-5.00e+02,-4.98e+02,1.30e+01,1.00e+01
-5.00e+02,-5.00e+02,1.20e+01,1.00e+01
-5.00e+02,-5.00e+02,1.60e+01,1.00e+01
-5.00e+02,-5.00e+02,1.30e+01,1.00e+01
-5.00e+02,-5.00e+02,1.70e+01,1.00e+01
-4.98e+02,-4.90e+02,1.60e+01,1.00e+01
-5.00e+02,-4.98e+02,1.30e+01,1.00e+01
-5.00e+02,-4.99e+02,1.50e+01,1.00e+01
-4.84e+02,-4.07e+02,1.50e+01,1.00e+01
-4.73e+02,-3.39e+02,1.70e+01,1.00e+01
-5.00e+02,-5.00e+02,1.20e+01,1.00e+01
-5.00e+02,-5.00e+02,1.50e+01,1.00e+01
-5.00e+02,-5.00e+02,1.70e+01,1.00e+01
-5.00e+02,-5.00e+02,1.70e+01,1.00e+01
-5.00e+02,-4.99e+02,1.60e+01,1.00e+01
-5.00e+02,-5.00e+02,1.50e+01,1.00e+01
-5.00e+02,-4.99e+02,1.50e+01,1.00e+01
-4.99e+02,-4.96e+02,1.50e+01,1.00e+01
-5.00e+02,-5.00e+02,8.00e+00,1.00e+01
-5.00e+02,-5.00e+02,1.50e+01,1.00e+01
-5.00e+02,-5.00e+02,1.50e+01,1.00e+01
-5.00e+02,-5.00e+02,1.60e+01,1.00e+01
-5.00e+02,-5.00e+02,1.40e+01,1.00e+01
-5.00e+02,-5.00e+02,1.60e+01,1.00e+01
-4.99e+02,-4.97e+02,1.50e+01,1.00e+01
-4.99e+02,-4.98e+02,1.70e+01,1.00e+01
-5.00e+02,-5.00e+02,1.40e+01,1.00e+01
-4.94e+02,-4.68e+02,8.00e+00,1.00e+01
-4.76e+02,-3.57e+02,1.20e+01,1.00e+01
-5.00e+02,-5.00e+02,1.40e+01,1.00e+01
-5.00e+02,-5.00e+02,1.60e+01,1.00e+01
-5.00e+02,-5.00e+02,1.20e+01,1.00e+01
-5.00e+02,-5.00e+02,1.50e+01,1.00e+01
-5.00e+02,-5.00e+02,1.30e+01,1.00e+01
-4.99e+02,-4.95e+02,1.60e+01,1.00e+01
-5.00e+02,-5.00e+02,1.30e+01,1.00e+01
-5.00e+02,-5.00e+02,1.20e+01,1.00e+01
-5.00e+02,-5.00e+02,1.60e+01,1.00e+01
-4.64e+02,-4.18e+02,1.20e+01,1.00e+01
-5.00e+02,-4.99e+02,1.50e+01,1.00e+01
-5.00e+02,-5.00e+02,1.40e+01,1.00e+01
-5.00e+02,-4.99e+02,1.60e+01,1.00e+01
-4.98e+02,-4.92e+02,1.70e+01,1.00e+01
-5.00e+02,-5.00e+02,1.50e+01,1.00e+01
-5.00e+02,-5.00e+02,1.10e+01,1.00e+01
-5.00e+02,-4.99e+02,1.20e+01,1.00e+01
-5.00e+02,-5.00e+02,1.50e+01,1.00e+01
-5.00e+02,-5.00e+02,1.20e+01,1.00e+01
-5.00e+02,-4.98e+02,1.20e+01,1.00e+01
-5.00e+02,-5.00e+02,1.50e+01,1.00e+01
-4.99e+02,-4.95e+02,1.50e+01,1.00e+01
-4.98e+02,-4.88e+02,1.60e+01,1.00e+01
-5.00e+02,-4.99e+02,1.30e+01,1.00e+01
-5.00e+02,-5.00e+02,1.80e+01,1.00e+01
-4.99e+02,-4.98e+02,1.80e+01,1.00e+01
-5.00e+02,-5.00e+02,1.40e+01,1.00e+01
-5.00e+02,-4.99e+02,1.40e+01,1.00e+01
-5.00e+02,-5.00e+02,1.50e+01,1.00e+01
-5.00e+02,-5.00e+02,1.40e+01,1.00e+01
-5.00e+02,-5.00e+02,1.70e+01,1.00e+01
-5.00e+02,-5.00e+02,1.50e+01,1.00e+01
-5.00e+02,-5.00e+02,1.40e+01,1.00e+01
-4.98e+02,-4.88e+02,1.70e+01,1.00e+01
-5.00e+02,-5.00e+02,1.30e+01,1.00e+01
-4.97e+02,-4.83e+02,1.40e+01,1.00e+01
-4.93e+02,-4.60e+02,1.50e+01,1.00e+01
-5.00e+02,-5.00e+02,1.60e+01,1.00e+01
-5.00e+02,-5.00e+02,1.40e+01,1.00e+01
-5.00e+02,-5.00e+02,1.50e+01,1.00e+01
-5.00e+02,-5.00e+02,1.50e+01,1.00e+01
-5.00e+02,-5.00e+02,1.90e+01,1.00e+01
-5.00e+02,-5.00e+02,1.40e+01,1.00e+01
-5.00e+02,-5.00e+02,1.40e+01,1.00e+01
-4.99e+02,-4.98e+02,1.50e+01,1.00e+01
-5.00e+02,-4.99e+02,1.40e+01,1.00e+01
-5.00e+02,-4.99e+02,1.70e+01,1.00e+01
-5.00e+02,-4.99e+02,1.10e+01,1.00e+01
-4.99e+02,-4.93e+02,1.50e+01,1.00e+01
-5.00e+02,-5.00e+02,1.10e+01,1.00e+01
-5.00e+02,-5.00e+02,1.70e+01,1.00e+01
-5.00e+02,-5.00e+02,1.30e+01,1.00e+01
-4.96e+02,-4.75e+02,1.70e+01,1.00e+01
-5.00e+02,-4.99e+02,1.80e+01,1.00e+01
-5.00e+02,-5.00e+02,1.40e+01,1.00e+01
-5.00e+02,-4.99e+02,1.40e+01,1.00e+01
-5.00e+02,-5.00e+02,1.30e+01,1.00e+01
-4.90e+02,-4.49e+02,1.50e+01,1.00e+01
