2.51e+02,6.25e+02,3.20e+01,2.00e+01
2.51e+02,6.25e+02,3.40e+01,2.00e+01
2.51e+02,6.25e+02,3.40e+01,2.00e+01
2.51e+02,6.25e+02,3.30e+01,2.00e+01
2.51e+02,6.25e+02,3.30e+01,2.00e+01
2.51e+02,6.25e+02,3.30e+01,2.00e+01
2.51e+02,6.25e+02,3.40e+01,2.10e+01
2.51e+02,6.25e+02,3.40e+01,2.00e+01
2.51e+02,6.25e+02,3.40e+01,2.10e+01
2.51e+02,6.25e+02,3.40e+01,2.00e+01
2.51e+02,6.25e+02,3.30e+01,2.10e+01
2.51e+02,6.25e+02,3.50e+01,2.10e+01
2.51e+02,6.25e+02,3.50e+01,2.10e+01
2.51e+02,6.25e+02,3.40e+01,2.10e+01
2.51e+02,6.25e+02,3.40e+01,2.10e+01
2.51e+02,6.25e+02,3.30e+01,2.00e+01
2.51e+02,6.25e+02,3.60e+01,2.20e+01
2.34e+02,6.17e+02,3.40e+01,2.00e+01
2.50e+02,6.21e+02,3.40e+01,2.00e+01
2.47e+02,5.94e+02,3.20e+01,2.00e+01
1.81e+02,3.35e+02,3.50e+01,2.20e+01
2.51e+02,6.25e+02,3.50e+01,2.00e+01
2.51e+02,6.25e+02,3.40e+01,2.10e+01
2.50e+02,6.21e+02,3.60e+01,2.20e+01
2.51e+02,6.25e+02,3.60e+01,2.20e+01
2.51e+02,6.25e+02,3.40e+01,2.00e+01
2.50e+02,6.18e+02,3.40e+01,2.10e+01
2.51e+02,6.25e+02,3.60e+01,2.10e+01
2.51e+02,6.25e+02,3.40e+01,2.00e+01
2.51e+02,6.25e+02,3.50e+01,2.10e+01
1.76e+02,2.40e+02,3.50e+01,2.10e+01
2.51e+02,6.25e+02,3.40e+01,2.00e+01
2.46e+02,6.19e+02,3.40e+01,2.00e+01
2.34e+02,6.17e+02,3.40e+01,2.00e+01
2.51e+02,6.25e+02,3.40e+01,2.10e+01
2.41e+02,6.03e+02,3.40e+01,2.10e+01
2.50e+02,6.24e+02,3.50e+01,2.20e+01
2.51e+02,6.25e+02,3.40e+01,2.10e+01
1.73e+02,2.53e+02,3.40e+01,2.10e+01
2.51e+02,6.25e+02,3.60e+01,2.10e+01
2.48e+02,6.06e+02,3.40e+01,2.10e+01
2.51e+02,6.25e+02,3.50e+01,2.10e+01
1.85e+02,2.61e+02,3.40e+01,2.00e+01
2.51e+02,6.25e+02,3.40e+01,2.00e+01
2.30e+02,6.24e+02,3.30e+01,2.00e+01
2.51e+02,6.25e+02,3.30e+01,2.00e+01
1.75e+02,2.43e+02,3.40e+01,2.00e+01
2.47e+02,6.25e+02,3.30e+01,2.10e+01
3.84e+01,1.26e+02,3.40e+01,2.00e+01
1.90e+02,4.58e+02,3.50e+01,2.10e+01
2.51e+02,6.25e+02,3.40e+01,2.10e+01
2.41e+02,6.04e+02,3.50e+01,2.10e+01
2.51e+02,6.25e+02,3.40e+01,2.10e+01
2.47e+02,5.94e+02,3.20e+01,2.00e+01
2.32e+02,6.25e+02,3.30e+01,2.10e+01
1.85e+02,2.61e+02,3.50e+01,2.00e+01
2.44e+02,6.20e+02,3.20e+01,2.00e+01
1.68e+02,2.43e+02,3.30e+01,2.00e+01
2.39e+02,6.25e+02,3.60e+01,2.20e+01
1.74e+02,2.39e+02,3.40e+01,2.00e+01
2.51e+02,6.25e+02,3.40e+01,2.00e+01
1.52e+02,2.12e+02,3.20e+01,2.00e+01
2.51e+02,6.25e+02,3.50e+01,2.10e+01
2.39e+02,6.25e+02,3.70e+01,2.20e+01
1.86e+02,5.92e+02,3.50e+01,2.10e+01
1.76e+02,2.40e+02,3.30e+01,2.10e+01
2.51e+02,6.25e+02,3.40e+01,2.10e+01
1.74e+02,2.49e+02,3.50e+01,2.10e+01
2.34e+02,6.17e+02,3.20e+01,2.00e+01
2.12e+02,6.16e+02,3.30e+01,2.00e+01
1.60e+02,2.13e+02,3.50e+01,2.10e+01
2.51e+02,6.25e+02,3.40e+01,2.00e+01
2.51e+02,6.25e+02,3.50e+01,2.00e+01
1.10e+02,2.01e+02,3.30e+01,2.00e+01
1.47e+02,1.84e+02,3.30e+01,2.00e+01
2.51e+02,6.25e+02,3.50e+01,2.20e+01
9.66e+01,1.68e+02,3.40e+01,2.00e+01
2.51e+02,6.25e+02,3.50e+01,2.00e+01
2.50e+02,6.20e+02,3.50e+01,2.20e+01
2.51e+02,6.25e+02,3.40e+01,2.00e+01
2.51e+02,6.25e+02,3.30e+01,2.00e+01
2.51e+02,6.25e+02,3.40e+01,2.00e+01
2.47e+02,6.25e+02,3.40e+01,2.00e+01
2.30e+02,6.25e+02,3.40e+01,2.00e+01
9.47e+01,1.37e+02,3.40e+01,2.00e+01
2.51e+02,6.25e+02,3.40e+01,2.00e+01
2.47e+02,6.23e+02,3.50e+01,2.00e+01
2.50e+02,6.24e+02,3.40e+01,2.00e+01
2.43e+02,5.79e+02,3.40e+01,2.00e+01
2.51e+02,6.25e+02,3.60e+01,2.10e+01
2.51e+02,6.25e+02,3.30e+01,2.00e+01
2.51e+02,6.25e+02,3.50e+01,2.10e+01
2.51e+02,6.25e+02,3.50e+01,2.10e+01
2.49e+02,5.97e+02,3.50e+01,2.10e+01
3.82e+01,1.26e+02,3.40e+01,2.00e+01
9.66e+01,1.68e+02,3.20e+01,2.00e+01
2.50e+02,6.24e+02,3.40e+01,2.00e+01
2.00e+02,5.65e+02,3.50e+01,2.10e+01
3.11e+01,5.11e+01,3.30e+01,2.00e+01
2.14e+02,5.28e+02,3.30e+01,2.00e+01
2.34e+02,6.17e+02,3.40e+01,2.00e+01
1.65e+02,2.53e+02,3.40e+01,2.10e+01
1.48e+02,1.94e+02,3.60e+01,2.10e+01
2.50e+02,6.20e+02,3.60e+01,2.20e+01
1.65e+02,2.41e+02,3.50e+01,2.10e+01
1.74e+02,2.49e+02,3.40e+01,2.10e+01
2.07e+02,5.80e+02,3.40e+01,2.00e+01
2.51e+02,6.25e+02,3.40e+01,2.00e+01
2.47e+02,6.23e+02,3.50e+01,2.10e+01
2.51e+02,6.25e+02,3.50e+01,2.10e+01
2.51e+02,6.25e+02,3.30e+01,2.00e+01
2.47e+02,5.98e+02,3.30e+01,2.10e+01
2.32e+02,6.25e+02,3.60e+01,2.20e+01
2.51e+02,6.25e+02,3.30e+01,2.00e+01
2.14e+02,5.28e+02,3.30e+01,2.00e+01
2.51e+02,6.25e+02,3.50e+01,2.00e+01
2.51e+02,6.32e+02,3.20e+01,2.00e+01
2.21e+02,6.24e+02,3.30e+01,2.00e+01
2.39e+02,6.25e+02,3.40e+01,2.00e+01
1.88e+02,5.41e+02,3.20e+01,2.00e+01
1.68e+02,2.43e+02,3.40e+01,2.10e+01
2.50e+02,6.20e+02,3.20e+01,2.00e+01
3.81e+01,1.26e+02,3.20e+01,2.00e+01
2.51e+02,6.25e+02,3.60e+01,2.10e+01
2.51e+02,6.25e+02,3.40e+01,2.00e+01
2.51e+02,6.25e+02,3.40e+01,2.10e+01
2.39e+02,6.25e+02,3.50e+01,2.10e+01
2.24e+02,5.67e+02,3.50e+01,2.20e+01
