2.45e+01,1.38e+02,1.31e+02,6.50e+01
1.55e+01,1.17e+02,1.33e+02,6.60e+01
6.71e+00,5.54e+01,1.40e+02,7.00e+01
-4.03e+00,4.81e+01,1.32e+02,6.50e+01
5.29e+01,1.81e+02,1.31e+02,6.50e+01
4.15e+01,1.87e+02,1.41e+02,7.00e+01
9.37e+00,1.15e+02,1.42e+02,7.10e+01
-1.11e+01,7.91e+01,1.41e+02,7.00e+01
-1.15e+01,3.30e+01,1.38e+02,6.90e+01
2.37e+01,1.58e+02,1.35e+02,6.70e+01
1.45e+00,4.40e+01,1.33e+02,6.60e+01
1.74e+01,1.49e+02,1.34e+02,6.60e+01
-2.88e+00,5.52e+01,1.33e+02,6.60e+01
1.21e+01,9.99e+01,1.35e+02,6.70e+01
-2.06e+01,8.00e+01,1.33e+02,6.60e+01
8.91e+00,1.20e+02,1.31e+02,6.50e+01
4.63e+00,1.35e+02,1.33e+02,6.60e+01
1.72e+01,1.77e+02,1.41e+02,7.10e+01
3.78e+01,1.72e+02,1.32e+02,6.50e+01
2.68e+01,1.52e+02,1.33e+02,6.60e+01
1.31e+01,6.69e+01,1.40e+02,7.00e+01
-1.93e+01,1.08e+02,1.41e+02,7.00e+01
6.08e+00,1.85e+02,1.35e+02,6.70e+01
1.70e+01,1.50e+02,1.40e+02,7.00e+01
2.66e+01,1.80e+02,1.33e+02,6.60e+01
1.19e+01,1.12e+02,1.32e+02,6.60e+01
7.04e+00,5.97e+01,1.35e+02,6.70e+01
-2.01e+00,8.92e+01,1.40e+02,7.00e+01
8.70e+00,5.37e+01,1.31e+02,6.50e+01
-3.71e+01,6.34e+01,1.41e+02,7.00e+01
-1.16e+01,1.10e+02,1.42e+02,7.10e+01
1.19e+01,1.10e+02,1.32e+02,6.50e+01
3.51e+01,1.52e+02,1.34e+02,6.60e+01
1.74e+01,1.69e+02,1.41e+02,7.00e+01
1.11e+01,8.72e+01,1.33e+02,6.50e+01
2.80e+00,6.90e+01,1.38e+02,6.90e+01
-6.39e+00,5.99e+01,1.31e+02,6.50e+01
-2.30e+00,8.43e+01,1.32e+02,6.60e+01
1.87e+01,5.80e+01,1.42e+02,7.10e+01
3.24e+01,1.68e+02,1.39e+02,6.90e+01
-4.10e+01,3.48e+01,1.33e+02,6.60e+01
-8.50e+00,7.29e+01,1.31e+02,6.50e+01
2.48e+01,1.32e+02,1.33e+02,6.60e+01
4.62e+01,2.45e+02,1.32e+02,6.50e+01
2.85e+01,2.26e+02,1.31e+02,6.50e+01
2.91e+01,1.97e+02,1.42e+02,7.10e+01
2.04e+01,7.73e+01,1.40e+02,7.00e+01
-1.26e+00,5.24e+01,1.41e+02,7.00e+01
-6.22e+00,9.44e+01,1.33e+02,6.60e+01
-3.67e+00,1.21e+02,1.32e+02,6.50e+01
2.39e+01,1.74e+02,1.31e+02,6.50e+01
-1.13e+00,1.42e+02,1.31e+02,6.50e+01
8.28e+00,8.77e+01,1.41e+02,7.10e+01
-5.03e+01,3.49e+01,1.40e+02,7.00e+01
1.38e+01,1.23e+02,1.40e+02,7.00e+01
1.74e+01,1.06e+02,1.42e+02,7.00e+01
1.76e+01,1.07e+02,1.34e+02,6.60e+01
1.80e+01,1.72e+02,1.31e+02,6.50e+01
2.72e+01,1.66e+02,1.42e+02,7.10e+01
2.28e+01,1.24e+02,1.33e+02,6.60e+01
-7.81e+00,5.00e+01,1.32e+02,6.50e+01
2.05e+01,1.57e+02,1.35e+02,6.70e+01
3.48e+00,1.10e+02,1.42e+02,7.10e+01
1.95e+00,1.28e+02,1.33e+02,6.60e+01
1.35e+01,8.93e+01,1.35e+02,6.70e+01
2.49e+01,1.75e+02,1.42e+02,7.10e+01
5.18e+00,9.43e+01,1.31e+02,6.50e+01
-9.67e+00,5.12e+01,1.42e+02,7.10e+01
1.31e+01,1.29e+02,1.35e+02,6.70e+01
-4.54e+00,5.67e+01,1.41e+02,7.00e+01
2.00e+00,8.12e+01,1.31e+02,6.50e+01
2.54e+01,1.77e+02,1.33e+02,6.60e+01
6.28e+00,8.68e+01,1.43e+02,7.10e+01
-1.40e+01,4.36e+01,1.42e+02,7.10e+01
5.40e+00,1.38e+02,1.31e+02,6.50e+01
4.99e+00,7.06e+01,1.35e+02,6.70e+01
1.00e+01,2.24e+02,1.43e+02,7.10e+01
2.15e+01,1.98e+02,1.33e+02,6.60e+01
-1.52e+01,3.37e+01,1.31e+02,6.50e+01
1.30e+01,1.31e+02,1.41e+02,7.00e+01
1.43e+01,1.02e+02,1.32e+02,6.60e+01
1.34e+01,8.25e+01,1.32e+02,6.50e+01
7.04e+01,3.65e+02,1.42e+02,7.00e+01
9.04e+00,1.44e+02,1.40e+02,7.00e+01
1.22e+01,5.13e+01,1.32e+02,6.50e+01
8.48e+00,5.93e+01,1.32e+02,6.60e+01
4.49e+01,2.82e+02,1.31e+02,6.50e+01
2.33e+00,7.35e+01,1.32e+02,6.50e+01
6.60e+00,5.81e+01,1.41e+02,7.00e+01
1.59e+01,1.88e+02,1.39e+02,6.90e+01
3.22e+01,2.18e+02,1.32e+02,6.50e+01
1.11e+01,1.06e+02,1.41e+02,7.00e+01
9.73e+00,6.62e+01,1.42e+02,7.10e+01
-2.14e+00,3.87e+01,1.34e+02,6.60e+01
3.28e+01,1.13e+02,1.31e+02,6.50e+01
2.10e+01,1.31e+02,1.32e+02,6.50e+01
3.83e+01,2.43e+02,1.35e+02,6.70e+01
1.01e+01,1.00e+02,1.42e+02,7.00e+01
9.52e+00,7.43e+01,1.31e+02,6.50e+01
3.32e+01,2.74e+02,1.33e+02,6.60e+01
1.21e+01,6.67e+01,1.31e+02,6.50e+01
2.32e+01,1.30e+02,1.41e+02,7.00e+01
1.42e+01,1.65e+02,1.40e+02,7.00e+01
9.75e+00,4.80e+01,1.34e+02,6.60e+01
-1.38e+01,4.46e+01,1.32e+02,6.50e+01
-8.46e+00,1.05e+02,1.31e+02,6.50e+01
-9.84e-01,1.04e+02,1.32e+02,6.60e+01
1.96e+01,1.49e+02,1.33e+02,6.60e+01
-1.47e+01,7.94e+01,1.33e+02,6.60e+01
2.48e+01,2.48e+02,1.33e+02,6.50e+01
9.39e+00,1.15e+02,1.31e+02,6.50e+01
7.90e+00,1.26e+02,1.32e+02,6.50e+01
4.39e+00,6.49e+01,1.41e+02,7.00e+01
2.54e+01,2.30e+02,1.42e+02,7.10e+01
2.82e+01,1.96e+02,1.40e+02,7.00e+01
1.74e+01,7.60e+01,1.41e+02,7.00e+01
1.92e+01,1.79e+02,1.32e+02,6.60e+01
4.79e+00,8.67e+01,1.33e+02,6.60e+01
4.10e+01,3.05e+02,1.34e+02,6.60e+01
6.38e+00,4.62e+01,1.41e+02,7.00e+01
2.10e+01,1.63e+02,1.42e+02,7.00e+01
2.77e+01,2.50e+02,1.33e+02,6.60e+01
-1.24e+01,5.29e+01,1.34e+02,6.70e+01
2.18e+01,1.62e+02,1.41e+02,7.00e+01
2.96e+01,1.55e+02,1.33e+02,6.60e+01
1.31e+01,1.07e+02,1.32e+02,6.60e+01
-2.47e+01,4.09e+01,1.31e+02,6.50e+01
3.28e+01,2.91e+02,1.40e+02,7.00e+01
