-7.15e+01,-1.65e+01,2.00e+01,2.10e+01
-3.74e+01,-1.80e+01,1.50e+01,2.10e+01
-4.71e+01,-1.50e+01,1.60e+01,2.10e+01
-7.79e+00,3.20e+01,2.30e+01,2.10e+01
-4.85e+01,-2.09e+01,1.70e+01,2.10e+01
3.72e+00,4.83e+01,1.80e+01,2.10e+01
-6.52e+00,6.55e+01,2.00e+01,2.10e+01
-6.53e+01,-2.57e+01,1.80e+01,2.10e+01
-6.99e+01,-3.04e+01,1.90e+01,2.10e+01
-6.24e+01,-4.31e+01,2.00e+01,2.10e+01
-4.89e+01,-3.52e+01,1.60e+01,2.10e+01
-5.20e+01,-2.58e+01,1.90e+01,2.10e+01
-5.76e+00,4.12e+01,2.00e+01,2.10e+01
-5.21e+01,-2.69e+01,1.60e+01,2.10e+01
4.04e+01,2.34e+02,1.60e+01,2.10e+01
-1.41e+01,6.48e+01,2.00e+01,2.10e+01
4.83e+00,6.94e+01,1.80e+01,2.10e+01
9.13e-01,9.99e+01,2.30e+01,2.10e+01
-5.88e+01,-2.79e+01,1.90e+01,2.10e+01
-7.09e+00,6.75e+01,1.70e+01,2.10e+01
-4.93e+01,-8.22e+00,1.60e+01,2.10e+01
-3.71e+00,4.73e+01,2.10e+01,2.10e+01
4.06e+00,1.14e+02,1.40e+01,2.10e+01
1.64e+01,1.35e+02,1.80e+01,2.10e+01
-2.58e+00,6.04e+01,1.40e+01,2.10e+01
7.76e-01,6.19e+01,1.60e+01,2.10e+01
-7.30e+00,3.67e+01,1.90e+01,2.10e+01
-7.56e+01,-3.16e+01,2.60e+01,2.10e+01
-4.28e+01,-2.35e+01,1.80e+01,2.10e+01
1.26e+01,9.31e+01,2.20e+01,2.10e+01
-4.49e+01,-1.89e+01,1.70e+01,2.10e+01
-6.57e+01,-3.59e+01,1.40e+01,2.10e+01
-4.55e+01,-3.24e+01,2.00e+01,2.10e+01
2.80e+01,2.54e+02,2.10e+01,2.10e+01
1.83e+00,6.80e+01,1.60e+01,2.10e+01
-8.10e+01,-5.97e+01,1.60e+01,2.10e+01
-4.21e+01,-1.15e+01,1.50e+01,2.10e+01
-1.27e+00,5.55e+01,2.00e+01,2.10e+01
-7.56e+00,9.84e+01,2.20e+01,2.10e+01
-4.08e+01,-2.11e+01,1.90e+01,2.10e+01
-3.65e+01,-1.96e+01,1.70e+01,2.10e+01
1.25e+00,5.44e+01,2.30e+01,2.10e+01
-1.40e+01,3.78e+01,2.00e+01,2.10e+01
-6.53e+01,-2.80e+01,1.40e+01,2.10e+01
-8.42e+01,-5.25e+01,1.90e+01,2.10e+01
-8.79e-01,1.25e+02,2.10e+01,2.10e+01
-1.44e+01,3.73e+01,2.00e+01,2.10e+01
-5.04e+01,-3.14e+01,1.20e+01,2.10e+01
-3.67e+01,5.60e+01,1.80e+01,2.10e+01
-7.17e+00,5.35e+01,2.00e+01,2.10e+01
-5.55e+01,-1.65e+01,1.70e+01,2.10e+01
-6.91e+00,6.56e+01,1.70e+01,2.10e+01
-5.37e+01,-2.30e+01,2.10e+01,2.10e+01
-8.70e+01,-3.55e+01,1.60e+01,2.10e+01
-5.84e+01,-2.58e+01,1.90e+01,2.10e+01
-6.58e+01,-1.68e+01,2.00e+01,2.10e+01
-4.89e+01,-2.95e+01,1.70e+01,2.10e+01
-5.16e+01,-7.73e+00,1.70e+01,2.10e+01
-7.13e+01,-2.96e+01,1.90e+01,2.10e+01
-9.42e+00,3.49e+01,1.30e+01,2.10e+01
-5.96e+00,5.77e+01,2.10e+01,2.10e+01
-3.97e+01,-2.03e+01,1.70e+01,2.10e+01
6.21e+00,6.57e+01,1.80e+01,2.10e+01
-2.27e+01,6.61e+01,2.40e+01,2.10e+01
-6.06e+01,-2.68e+01,1.30e+01,2.10e+01
-6.11e+01,-2.58e+01,2.20e+01,2.10e+01
8.87e-01,5.56e+01,1.80e+01,2.10e+01
-4.15e+00,6.24e+01,2.40e+01,2.10e+01
-1.32e+01,4.94e+01,2.10e+01,2.10e+01
-7.24e+01,-1.60e+01,1.80e+01,2.10e+01
-1.03e+01,8.83e+01,2.10e+01,2.10e+01
2.71e+01,2.28e+02,1.60e+01,2.10e+01
-5.15e+01,-2.04e+01,1.70e+01,2.10e+01
-3.29e+00,5.00e+01,1.70e+01,2.10e+01
-5.03e+01,-2.48e+01,1.40e+01,2.10e+01
-4.65e+01,-1.74e+01,2.20e+01,2.10e+01
-7.83e+00,7.51e+01,1.60e+01,2.10e+01
1.13e+01,8.36e+01,1.60e+01,2.10e+01
-5.39e+01,-1.94e+01,1.60e+01,2.10e+01
-4.57e+01,-3.14e+01,2.10e+01,2.10e+01
-4.71e+00,4.19e+01,1.80e+01,2.10e+01
-5.45e+01,-4.61e+01,2.00e+01,2.10e+01
-1.17e+01,5.88e+01,2.20e+01,2.10e+01
-5.82e+01,-3.24e+01,2.20e+01,2.10e+01
-7.03e+01,-1.95e+01,2.10e+01,2.10e+01
-1.68e+00,9.37e+01,1.70e+01,2.10e+01
5.36e+00,6.71e+01,1.80e+01,2.10e+01
-3.70e+01,-1.25e+01,1.70e+01,2.10e+01
-1.91e+01,3.65e+01,1.90e+01,2.10e+01
-4.67e+01,-2.13e+01,1.90e+01,2.10e+01
-4.98e+01,-1.71e+01,2.00e+01,2.10e+01
-5.63e+01,-3.39e+01,1.50e+01,2.10e+01
-4.19e+01,-2.05e+01,1.70e+01,2.10e+01
6.56e+00,6.67e+01,2.10e+01,2.10e+01
-5.18e+01,-2.64e+01,1.30e+01,2.10e+01
-6.74e+00,9.17e+01,2.00e+01,2.10e+01
-1.53e+01,7.52e+01,1.70e+01,2.10e+01
2.74e+00,6.67e+01,2.40e+01,2.10e+01
1.76e+00,9.12e+01,1.90e+01,2.10e+01
1.18e+01,1.49e+02,1.30e+01,2.10e+01
-5.06e+01,-2.08e+01,1.30e+01,2.10e+01
-5.91e+01,-2.54e+01,1.80e+01,2.10e+01
-6.34e+01,-1.10e+01,1.60e+01,2.10e+01
-4.99e+01,-2.08e+01,2.00e+01,2.10e+01
-3.96e+01,-2.22e+01,1.40e+01,2.10e+01
-3.95e+01,-1.98e+01,1.70e+01,2.10e+01
-1.22e+01,5.15e+01,1.90e+01,2.10e+01
-4.55e+01,-1.30e+01,2.00e+01,2.10e+01
-3.86e+01,-1.83e+01,2.00e+01,2.10e+01
-3.68e+01,-1.79e+01,1.90e+01,2.10e+01
-4.77e+01,-2.35e+01,2.30e+01,2.10e+01
-8.62e-01,6.71e+01,2.10e+01,2.10e+01
-4.68e+01,-2.83e+01,1.60e+01,2.10e+01
-6.82e+01,-2.40e+01,1.60e+01,2.10e+01
-1.25e+01,6.78e+01,1.80e+01,2.10e+01
-1.56e+01,5.53e+01,1.90e+01,2.10e+01
-8.12e+00,9.27e+01,1.80e+01,2.10e+01
-5.98e+01,-1.52e+01,2.00e+01,2.10e+01
-5.00e+01,-2.55e+01,1.40e+01,2.10e+01
-5.29e+00,1.13e+02,1.80e+01,2.10e+01
-1.74e+01,6.30e+01,1.70e+01,2.10e+01
-3.58e+00,8.28e+01,1.90e+01,2.10e+01
5.19e+00,5.90e+01,1.80e+01,2.10e+01
-6.63e+00,4.27e+01,2.20e+01,2.10e+01
-1.08e+01,5.15e+01,2.30e+01,2.10e+01
4.07e+00,5.57e+01,2.20e+01,2.10e+01
-4.86e+01,-1.15e+01,2.10e+01,2.10e+01
-6.84e+00,6.54e+01,1.90e+01,2.10e+01
