-3.36e+01,3.80e+01,1.60e+01,1.20e+01
1.24e+01,7.09e+01,1.60e+01,1.20e+01
1.10e+00,6.38e+01,1.40e+01,1.20e+01
2.24e+00,1.00e+02,1.60e+01,1.20e+01
-2.22e+01,7.16e+01,1.70e+01,1.20e+01
-1.23e+01,7.22e+01,1.60e+01,1.20e+01
5.28e+00,6.69e+01,1.90e+01,1.20e+01
-5.97e+00,3.60e+01,1.70e+01,1.20e+01
-1.08e+01,6.31e+01,1.30e+01,1.20e+01
-1.47e+01,1.14e+02,1.30e+01,1.20e+01
-1.93e+01,2.66e+00,1.40e+01,1.20e+01
-5.91e+00,6.12e+01,1.50e+01,1.20e+01
6.06e+00,9.52e+01,1.50e+01,1.20e+01
9.14e+00,5.61e+01,1.90e+01,1.20e+01
-2.16e+00,5.93e+01,1.30e+01,1.20e+01
-2.02e+01,2.44e+01,1.80e+01,1.20e+01
5.29e+00,8.66e+01,1.70e+01,1.20e+01
-2.93e+01,6.88e+01,1.20e+01,1.20e+01
5.37e+00,1.16e+02,1.70e+01,1.20e+01
-2.19e+00,4.93e+01,1.70e+01,1.20e+01
1.43e+01,5.98e+01,1.60e+01,1.20e+01
-2.49e+01,3.57e+01,1.10e+01,1.20e+01
-1.54e+01,4.88e+01,1.60e+01,1.20e+01
2.61e+00,6.43e+01,1.50e+01,1.20e+01
-7.55e+00,5.90e+01,1.70e+01,1.20e+01
9.72e+00,5.78e+01,1.50e+01,1.20e+01
3.49e+00,4.52e+01,1.70e+01,1.20e+01
5.96e+00,6.17e+01,1.30e+01,1.20e+01
-3.95e+00,6.20e+01,1.30e+01,1.20e+01
2.25e+00,5.02e+01,1.70e+01,1.20e+01
-4.84e+00,3.21e+01,1.80e+01,1.20e+01
-1.11e+01,7.00e+01,1.50e+01,1.20e+01
2.09e+01,6.98e+01,1.80e+01,1.20e+01
-1.01e+01,6.15e+01,1.30e+01,1.20e+01
-2.56e+01,5.60e+01,1.40e+01,1.20e+01
-1.11e+01,4.58e+01,1.60e+01,1.20e+01
1.99e+01,7.86e+01,1.30e+01,1.20e+01
-7.32e+00,7.07e+01,1.80e+01,1.20e+01
-2.07e+01,1.71e+01,1.60e+01,1.20e+01
1.34e+01,1.11e+02,1.50e+01,1.20e+01
-1.80e+01,3.02e+01,1.60e+01,1.20e+01
-1.91e+01,2.91e+01,1.40e+01,1.20e+01
1.01e+01,9.49e+01,1.60e+01,1.20e+01
8.17e+00,8.30e+01,1.30e+01,1.20e+01
4.43e+00,6.00e+01,1.40e+01,1.20e+01
-3.34e+01,-1.00e+01,1.10e+01,1.20e+01
6.90e+00,6.97e+01,1.60e+01,1.20e+01
1.81e+01,7.87e+01,1.70e+01,1.20e+01
-5.32e+00,5.12e+01,1.20e+01,1.20e+01
-4.38e+00,7.88e+01,1.60e+01,1.20e+01
3.52e+00,5.50e+01,1.40e+01,1.20e+01
-1.61e+01,1.93e+01,1.70e+01,1.20e+01
8.34e+00,6.59e+01,1.70e+01,1.20e+01
-2.60e+01,4.50e+01,1.60e+01,1.20e+01
-2.01e+01,4.79e+01,1.10e+01,1.20e+01
2.14e+01,9.81e+01,1.60e+01,1.20e+01
1.14e+01,7.64e+01,1.30e+01,1.20e+01
-7.90e+00,8.60e+01,1.40e+01,1.20e+01
-9.46e+00,5.74e+01,1.60e+01,1.20e+01
-3.46e+01,3.93e+01,1.20e+01,1.20e+01
1.59e+00,7.62e+01,1.20e+01,1.20e+01
-1.04e+01,7.36e+01,1.40e+01,1.20e+01
-1.93e+00,4.14e+01,1.70e+01,1.20e+01
-9.44e+00,4.71e+01,1.50e+01,1.20e+01
2.01e+01,1.40e+02,1.20e+01,1.20e+01
3.11e-01,6.29e+01,1.60e+01,1.20e+01
6.56e+00,8.03e+01,1.90e+01,1.20e+01
-4.54e+01,1.46e+00,1.40e+01,1.20e+01
-8.15e+00,2.50e+01,1.80e+01,1.20e+01
-1.16e+01,8.26e+01,1.70e+01,1.20e+01
1.63e+01,1.34e+02,1.70e+01,1.20e+01
2.18e+01,8.56e+01,1.80e+01,1.20e+01
7.68e+00,1.21e+02,1.10e+01,1.20e+01
-2.09e+01,2.46e+01,1.20e+01,1.20e+01
-3.87e+00,4.00e+01,1.80e+01,1.20e+01
-1.62e+01,1.24e+02,1.40e+01,1.20e+01
-7.52e+00,6.00e+01,1.50e+01,1.20e+01
-9.34e+00,4.53e+01,1.40e+01,1.20e+01
-1.28e+01,6.27e+01,1.60e+01,1.20e+01
1.01e+00,1.09e+02,1.70e+01,1.20e+01
-2.97e+00,4.33e+01,1.80e+01,1.20e+01
-1.83e+01,4.21e+01,1.40e+01,1.20e+01
-1.52e+01,6.85e+01,1.60e+01,1.20e+01
-2.98e+01,3.01e+01,1.70e+01,1.20e+01
-1.27e+01,1.18e+02,1.30e+01,1.20e+01
-6.12e+00,3.77e+01,1.60e+01,1.20e+01
1.07e+01,5.81e+01,1.70e+01,1.20e+01
-2.39e+01,7.07e+01,1.70e+01,1.20e+01
3.64e+00,5.79e+01,1.30e+01,1.20e+01
-1.28e+01,3.98e+01,1.40e+01,1.20e+01
-3.41e+01,3.74e+01,1.20e+01,1.20e+01
-6.69e+00,6.18e+01,1.70e+01,1.20e+01
3.79e+00,6.59e+01,1.60e+01,1.20e+01
8.11e+00,6.21e+01,1.70e+01,1.20e+01
-9.03e+00,6.25e+01,1.50e+01,1.20e+01
2.85e+01,1.50e+02,1.30e+01,1.20e+01
-1.68e+00,5.01e+01,1.90e+01,1.20e+01
5.87e+00,8.57e+01,1.60e+01,1.20e+01
2.79e+00,5.62e+01,1.40e+01,1.20e+01
-2.15e+01,2.67e+01,1.50e+01,1.20e+01
1.78e+00,6.82e+01,1.50e+01,1.20e+01
5.39e+00,5.87e+01,1.40e+01,1.20e+01
-1.39e+01,8.17e+01,1.60e+01,1.20e+01
-3.15e+01,3.07e+01,1.30e+01,1.20e+01
1.38e+01,6.33e+01,1.80e+01,1.20e+01
-4.28e+01,1.58e+01,1.40e+01,1.20e+01
-4.24e+00,1.07e+02,1.50e+01,1.20e+01
-2.05e+01,5.18e+01,1.30e+01,1.20e+01
1.53e+00,6.38e+01,1.60e+01,1.20e+01
1.52e+01,5.26e+01,1.40e+01,1.20e+01
-1.21e+01,6.67e+01,1.40e+01,1.20e+01
-1.09e+01,3.56e+01,1.50e+01,1.20e+01
1.65e+00,3.24e+01,1.60e+01,1.20e+01
-1.00e+01,5.26e+01,1.40e+01,1.20e+01
3.93e+01,1.31e+02,1.60e+01,1.20e+01
1.59e+01,9.10e+01,1.50e+01,1.20e+01
-1.98e-01,6.97e+01,1.50e+01,1.20e+01
-1.97e+01,4.11e+01,1.50e+01,1.20e+01
6.70e-01,6.69e+01,1.50e+01,1.20e+01
-1.71e+01,6.03e+01,1.60e+01,1.20e+01
-1.74e+01,2.56e+01,1.40e+01,1.20e+01
-4.18e+00,3.32e+01,1.50e+01,1.20e+01
-3.00e+00,4.89e+01,1.40e+01,1.20e+01
1.77e+01,5.03e+01,1.70e+01,1.20e+01
-7.24e+00,8.00e+01,1.50e+01,1.20e+01
7.39e+00,7.79e+01,1.40e+01,1.20e+01
-7.48e-01,5.40e+01,1.40e+01,1.20e+01
-8.85e+00,5.93e+01,1.60e+01,1.20e+01
