-1.55e+02,-6.35e+01,1.80e+01,1.50e+01
-2.92e+02,-6.27e+01,2.10e+01,1.60e+01
-1.78e+02,-5.58e+01,2.00e+01,1.50e+01
-1.56e+02,-6.56e+01,2.50e+01,1.70e+01
-1.68e+02,-7.91e+01,2.10e+01,1.50e+01
-1.71e+02,-6.64e+01,2.40e+01,1.80e+01
-2.95e+02,-6.71e+01,2.00e+01,1.60e+01
-1.47e+02,-5.50e+01,2.40e+01,1.70e+01
-3.02e+02,-5.33e+01,2.10e+01,1.60e+01
-1.56e+02,-5.45e+01,2.40e+01,1.70e+01
-2.93e+02,-5.70e+01,2.00e+01,1.60e+01
-1.54e+02,-6.50e+01,1.80e+01,1.50e+01
-2.93e+02,-5.43e+01,2.00e+01,1.60e+01
-1.54e+02,-5.80e+01,1.90e+01,1.50e+01
-2.94e+02,-5.05e+01,2.10e+01,1.60e+01
-1.54e+02,-6.64e+01,2.40e+01,1.80e+01
-1.64e+02,-6.15e+01,2.10e+01,1.50e+01
-1.58e+02,-6.26e+01,2.40e+01,1.70e+01
-1.59e+02,-6.04e+01,1.90e+01,1.50e+01
-1.50e+02,-5.74e+01,2.40e+01,1.70e+01
-1.54e+02,-6.61e+01,1.80e+01,1.50e+01
-2.90e+02,-4.98e+01,2.10e+01,1.60e+01
-2.94e+02,-5.97e+01,2.50e+01,1.70e+01
-1.70e+02,-5.43e+01,1.90e+01,1.50e+01
-1.56e+02,-6.86e+01,1.90e+01,1.50e+01
-1.57e+02,-6.49e+01,2.00e+01,1.50e+01
-1.67e+02,-4.94e+01,2.00e+01,1.50e+01
-1.54e+02,-6.34e+01,1.90e+01,1.50e+01
-1.65e+02,-6.02e+01,2.60e+01,1.80e+01
-1.51e+02,-5.90e+01,1.80e+01,1.50e+01
-1.51e+02,-6.33e+01,2.50e+01,1.80e+01
-3.26e+02,-1.03e+02,2.10e+01,1.50e+01
-1.50e+02,-5.40e+01,2.00e+01,1.50e+01
-1.63e+02,-6.92e+01,1.90e+01,1.50e+01
-1.54e+02,-6.21e+01,2.50e+01,1.80e+01
-1.60e+02,-5.78e+01,2.00e+01,1.50e+01
-2.21e+02,-6.04e+01,2.00e+01,1.50e+01
-1.73e+02,-5.95e+01,2.10e+01,1.50e+01
-2.93e+02,-6.28e+01,2.20e+01,1.60e+01
-1.57e+02,-6.48e+01,1.80e+01,1.50e+01
-4.30e+02,-7.99e+01,2.50e+01,1.70e+01
-3.02e+02,-6.25e+01,2.00e+01,1.60e+01
-1.61e+02,-6.66e+01,1.80e+01,1.50e+01
-1.64e+02,-5.52e+01,2.20e+01,1.50e+01
-2.33e+02,-1.11e+02,1.90e+01,1.50e+01
-2.94e+02,-6.57e+01,2.20e+01,1.70e+01
-2.88e+02,-4.72e+01,2.10e+01,1.60e+01
-3.09e+02,-7.64e+01,2.20e+01,1.50e+01
-2.98e+02,-6.07e+01,2.50e+01,1.70e+01
-1.50e+02,-5.18e+01,1.80e+01,1.50e+01
-1.56e+02,-7.29e+01,2.50e+01,1.80e+01
-1.54e+02,-6.39e+01,1.80e+01,1.50e+01
-1.70e+02,-5.73e+01,2.20e+01,1.50e+01
-2.23e+02,-6.65e+01,2.00e+01,1.50e+01
-2.90e+02,-5.39e+01,2.10e+01,1.60e+01
-3.45e+02,-5.61e+01,2.10e+01,1.60e+01
-2.59e+02,-1.15e+02,1.90e+01,1.50e+01
-2.93e+02,-5.51e+01,2.20e+01,1.60e+01
-1.90e+02,-8.09e+01,2.10e+01,1.60e+01
-1.71e+02,-6.55e+01,2.50e+01,1.80e+01
-2.63e+02,-5.29e+01,2.20e+01,1.60e+01
-2.94e+02,-6.21e+01,2.10e+01,1.60e+01
-1.70e+02,-5.86e+01,2.10e+01,1.50e+01
-2.94e+02,-5.73e+01,2.10e+01,1.60e+01
-1.56e+02,-6.12e+01,1.80e+01,1.50e+01
-2.99e+02,-5.48e+01,2.10e+01,1.60e+01
-1.63e+02,-5.12e+01,2.00e+01,1.50e+01
-1.74e+02,-7.01e+01,2.10e+01,1.50e+01
-1.61e+02,-6.42e+01,1.90e+01,1.50e+01
-2.36e+02,-6.58e+01,1.80e+01,1.50e+01
-1.59e+02,-6.50e+01,1.80e+01,1.50e+01
-4.56e+02,-2.34e+02,2.40e+01,1.80e+01
-2.88e+02,-4.98e+01,2.10e+01,1.60e+01
-2.24e+02,-6.92e+01,2.40e+01,1.80e+01
-4.36e+02,-1.17e+02,2.10e+01,1.60e+01
-2.53e+02,-1.42e+02,1.90e+01,1.50e+01
-2.91e+02,-4.08e+01,2.00e+01,1.60e+01
-1.53e+02,-6.31e+01,2.50e+01,1.70e+01
-1.55e+02,-5.09e+01,2.60e+01,1.80e+01
-1.51e+02,-6.35e+01,1.90e+01,1.50e+01
-2.67e+02,-5.15e+01,2.00e+01,1.60e+01
-1.60e+02,-4.97e+01,2.20e+01,1.50e+01
-1.52e+02,-5.61e+01,2.10e+01,1.50e+01
-1.73e+02,-5.80e+01,2.20e+01,1.60e+01
-2.26e+02,-4.99e+01,2.10e+01,1.50e+01
-1.49e+02,-6.37e+01,2.50e+01,1.70e+01
-1.56e+02,-6.06e+01,2.40e+01,1.70e+01
-4.38e+02,-1.32e+02,2.10e+01,1.70e+01
-2.23e+02,-5.76e+01,2.00e+01,1.50e+01
-1.77e+02,-6.08e+01,2.00e+01,1.50e+01
-1.49e+02,-6.15e+01,2.40e+01,1.70e+01
-5.00e+02,-5.00e+02,2.60e+01,1.70e+01
-3.67e+02,-7.62e+01,2.50e+01,1.70e+01
-2.96e+02,-6.53e+01,2.00e+01,1.60e+01
-1.63e+02,-5.88e+01,2.00e+01,1.50e+01
-1.58e+02,-6.17e+01,2.50e+01,1.80e+01
-5.00e+02,-5.00e+02,2.10e+01,1.50e+01
-1.58e+02,-5.90e+01,2.40e+01,1.70e+01
-1.53e+02,-6.85e+01,2.50e+01,1.80e+01
-3.44e+02,-6.74e+01,2.20e+01,1.70e+01
-2.90e+02,-5.89e+01,2.10e+01,1.60e+01
-1.54e+02,-7.18e+01,2.40e+01,1.70e+01
-5.00e+02,-5.00e+02,2.50e+01,1.70e+01
-1.56e+02,-5.92e+01,2.00e+01,1.50e+01
-1.56e+02,-5.87e+01,1.90e+01,1.50e+01
-1.72e+02,-5.71e+01,2.10e+01,1.60e+01
-1.54e+02,-6.00e+01,2.50e+01,1.70e+01
-1.64e+02,-5.87e+01,2.50e+01,1.80e+01
-3.90e+02,-2.60e+02,2.00e+01,1.50e+01
-1.51e+02,-6.43e+01,1.90e+01,1.60e+01
-1.55e+02,-6.61e+01,2.40e+01,1.80e+01
-2.95e+02,-7.18e+01,2.10e+01,1.60e+01
-1.60e+02,-5.58e+01,2.50e+01,1.80e+01
-2.28e+02,-9.74e+01,2.60e+01,1.70e+01
-1.53e+02,-6.98e+01,2.50e+01,1.80e+01
-5.00e+02,-5.00e+02,2.10e+01,1.50e+01
-4.41e+02,-1.45e+02,2.00e+01,1.60e+01
-1.53e+02,-5.62e+01,2.20e+01,1.60e+01
-3.11e+02,-7.49e+01,2.20e+01,1.50e+01
-1.69e+02,-6.48e+01,1.90e+01,1.50e+01
-1.82e+02,-5.73e+01,2.00e+01,1.50e+01
-1.76e+02,-5.33e+01,2.10e+01,1.50e+01
-5.00e+02,-5.00e+02,2.00e+01,1.60e+01
-4.44e+02,-1.65e+02,2.40e+01,1.70e+01
-2.78e+02,-8.92e+01,1.90e+01,1.50e+01
-5.00e+02,-5.00e+02,2.60e+01,1.70e+01
-5.00e+02,-5.00e+02,2.00e+01,1.50e+01
-1.82e+02,-6.81e+01,2.10e+01,1.60e+01
-4.53e+02,-2.19e+02,2.40e+01,1.80e+01
-1.72e+02,-5.81e+01,2.60e+01,1.70e+01
-2.92e+02,-5.33e+01,2.20e+01,1.60e+01
-1.66e+02,-7.02e+01,1.80e+01,1.50e+01
-1.55e+02,-4.94e+01,1.90e+01,1.50e+01
-2.93e+02,-1.22e+02,2.60e+01,1.70e+01
-1.54e+02,-6.40e+01,1.90e+01,1.50e+01
-1.57e+02,-6.13e+01,2.40e+01,1.70e+01
-1.50e+02,-6.14e+01,1.80e+01,1.50e+01
-1.64e+02,-6.72e+01,2.40e+01,1.70e+01
-3.07e+02,-1.22e+02,2.20e+01,1.60e+01
-2.55e+02,-1.30e+02,2.50e+01,1.70e+01
-3.02e+02,-6.13e+01,2.10e+01,1.60e+01
-1.53e+02,-6.30e+01,2.50e+01,1.70e+01
-4.51e+02,-2.10e+02,2.40e+01,1.80e+01
-4.03e+02,-1.25e+02,2.20e+01,1.60e+01
-1.59e+02,-7.36e+01,1.80e+01,1.50e+01
-5.00e+02,-5.00e+02,1.80e+01,1.50e+01
-2.60e+02,-1.35e+02,2.10e+01,1.50e+01
-1.85e+02,-6.91e+01,2.10e+01,1.60e+01
-1.60e+02,-5.94e+01,2.40e+01,1.80e+01
-1.53e+02,-5.89e+01,2.50e+01,1.70e+01
-2.20e+02,-6.41e+01,2.10e+01,1.50e+01
-1.50e+02,-6.26e+01,1.90e+01,1.50e+01
-1.64e+02,-5.29e+01,2.40e+01,1.80e+01
-5.00e+02,-5.00e+02,2.10e+01,1.50e+01
-5.00e+02,-5.00e+02,2.10e+01,1.60e+01
-5.00e+02,-5.00e+02,2.50e+01,1.80e+01
-1.62e+02,-5.93e+01,2.00e+01,1.50e+01
-2.86e+02,-1.04e+02,2.20e+01,1.50e+01
-5.00e+02,-5.00e+02,2.10e+01,1.60e+01
-1.60e+02,-5.71e+01,1.90e+01,1.60e+01
-5.00e+02,-5.00e+02,2.20e+01,1.60e+01
-4.30e+02,-1.43e+02,2.10e+01,1.60e+01
-1.63e+02,-6.33e+01,1.80e+01,1.50e+01
-2.89e+02,-5.78e+01,2.00e+01,1.60e+01
-2.19e+02,-5.56e+01,2.10e+01,1.50e+01
-2.96e+02,-5.57e+01,2.10e+01,1.60e+01
-2.95e+02,-4.64e+01,2.20e+01,1.60e+01
-2.73e+02,-6.54e+01,2.50e+01,1.70e+01
-1.52e+02,-6.51e+01,2.50e+01,1.70e+01
-1.62e+02,-7.21e+01,2.40e+01,1.80e+01
-2.91e+02,-5.18e+01,2.10e+01,1.60e+01
-1.57e+02,-5.22e+01,2.40e+01,1.80e+01
-4.63e+02,-3.29e+02,2.10e+01,1.60e+01
-2.96e+02,-6.49e+01,2.00e+01,1.60e+01
-3.95e+02,-1.74e+02,1.90e+01,1.50e+01
-2.91e+02,-5.12e+01,2.20e+01,1.60e+01
-2.23e+02,-6.77e+01,2.10e+01,1.50e+01
-5.00e+02,-5.00e+02,2.20e+01,1.60e+01
-1.98e+02,-1.16e+02,2.10e+01,1.60e+01
-1.55e+02,-5.74e+01,1.90e+01,1.50e+01
-1.72e+02,-4.51e+01,2.00e+01,1.50e+01
-1.55e+02,-6.90e+01,1.90e+01,1.50e+01
-1.56e+02,-6.28e+01,2.70e+01,1.80e+01
-1.58e+02,-6.06e+01,2.50e+01,1.70e+01
-1.57e+02,-7.17e+01,2.00e+01,1.50e+01
-1.55e+02,-6.44e+01,1.80e+01,1.50e+01
-1.68e+02,-5.36e+01,2.10e+01,1.50e+01
-1.51e+02,-6.26e+01,2.50e+01,1.70e+01
-1.66e+02,-5.99e+01,2.00e+01,1.50e+01
-1.54e+02,-6.41e+01,2.10e+01,1.50e+01
-2.86e+02,-4.49e+01,2.10e+01,1.60e+01
-2.49e+02,-7.44e+01,2.20e+01,1.50e+01
