-1.51e+02,-5.39e+01,3.40e+01,1.70e+01
-1.53e+02,-6.05e+01,3.30e+01,1.70e+01
-1.55e+02,-6.60e+01,3.50e+01,1.80e+01
-1.53e+02,-5.80e+01,3.30e+01,1.70e+01
-1.48e+02,-5.19e+01,3.40e+01,1.70e+01
-1.57e+02,-6.67e+01,3.30e+01,1.70e+01
-1.48e+02,-5.58e+01,3.50e+01,1.70e+01
-1.50e+02,-5.75e+01,3.40e+01,1.80e+01
-1.52e+02,-5.30e+01,3.30e+01,1.70e+01
-1.47e+02,-5.28e+01,3.40e+01,1.70e+01
-1.44e+02,-5.55e+01,3.30e+01,1.70e+01
-1.52e+02,-5.74e+01,3.70e+01,1.90e+01
-1.54e+02,-5.20e+01,3.40e+01,1.80e+01
-1.47e+02,-5.10e+01,3.60e+01,1.80e+01
-1.63e+02,-5.04e+01,3.30e+01,1.70e+01
-1.50e+02,-5.60e+01,3.60e+01,1.80e+01
-1.50e+02,-5.44e+01,3.40e+01,1.70e+01
-1.53e+02,-5.30e+01,3.30e+01,1.70e+01
-1.44e+02,-5.87e+01,3.40e+01,1.80e+01
-1.46e+02,-4.86e+01,3.30e+01,1.70e+01
-1.55e+02,-6.53e+01,3.60e+01,1.80e+01
-1.47e+02,-5.19e+01,3.40e+01,1.70e+01
-1.56e+02,-5.43e+01,3.50e+01,1.70e+01
-1.46e+02,-5.11e+01,3.30e+01,1.70e+01
-1.49e+02,-5.77e+01,3.50e+01,1.80e+01
-1.46e+02,-5.01e+01,3.40e+01,1.80e+01
-1.51e+02,-5.18e+01,3.30e+01,1.70e+01
-1.45e+02,-5.04e+01,3.40e+01,1.70e+01
-1.57e+02,-6.03e+01,3.30e+01,1.70e+01
-1.46e+02,-5.44e+01,3.30e+01,1.70e+01
-1.51e+02,-5.44e+01,3.50e+01,1.80e+01
-1.67e+02,-5.95e+01,3.30e+01,1.70e+01
-1.47e+02,-5.01e+01,3.50e+01,1.90e+01
-1.48e+02,-5.40e+01,3.60e+01,1.80e+01
-1.56e+02,-5.44e+01,3.40e+01,1.70e+01
-2.26e+02,-6.99e+01,3.30e+01,1.70e+01
-2.35e+02,-7.45e+01,3.60e+01,1.80e+01
-1.74e+02,-5.33e+01,3.30e+01,1.70e+01
-1.48e+02,-5.88e+01,3.30e+01,1.70e+01
-1.55e+02,-6.58e+01,3.50e+01,1.80e+01
-1.52e+02,-5.70e+01,3.30e+01,1.70e+01
-3.77e+02,-1.35e+02,3.50e+01,1.70e+01
-1.46e+02,-5.50e+01,3.60e+01,1.70e+01
-1.50e+02,-5.16e+01,3.50e+01,1.80e+01
-1.57e+02,-6.26e+01,3.50e+01,1.70e+01
-1.57e+02,-5.38e+01,3.30e+01,1.70e+01
-1.58e+02,-6.24e+01,3.30e+01,1.70e+01
-1.48e+02,-4.94e+01,3.40e+01,1.70e+01
-1.56e+02,-5.95e+01,3.50e+01,1.70e+01
-1.52e+02,-5.22e+01,3.40e+01,1.80e+01
-1.58e+02,-6.54e+01,3.40e+01,1.70e+01
-1.49e+02,-5.95e+01,3.40e+01,1.70e+01
-4.37e+02,-1.25e+02,3.40e+01,1.70e+01
-1.50e+02,-4.90e+01,3.50e+01,1.80e+01
-1.43e+02,-5.47e+01,3.50e+01,1.80e+01
-1.59e+02,-6.06e+01,3.70e+01,1.80e+01
-1.50e+02,-5.09e+01,3.50e+01,1.70e+01
-1.47e+02,-5.47e+01,3.30e+01,1.70e+01
-1.54e+02,-5.21e+01,3.50e+01,1.70e+01
-1.53e+02,-5.92e+01,3.40e+01,1.80e+01
-5.00e+02,-5.00e+02,3.40e+01,1.70e+01
-1.49e+02,-5.57e+01,3.50e+01,1.70e+01
-1.43e+02,-5.55e+01,3.40e+01,1.80e+01
-4.65e+02,-2.92e+02,3.40e+01,1.70e+01
-1.49e+02,-5.06e+01,3.30e+01,1.70e+01
-5.00e+02,-5.00e+02,3.40e+01,1.70e+01
-2.18e+02,-5.52e+01,3.40e+01,1.80e+01
-3.14e+02,-1.17e+02,3.40e+01,1.80e+01
-1.53e+02,-6.86e+01,3.50e+01,1.70e+01
-1.47e+02,-5.92e+01,3.30e+01,1.70e+01
-1.64e+02,-4.43e+01,3.60e+01,1.80e+01
-1.51e+02,-5.16e+01,3.40e+01,1.70e+01
-1.53e+02,-6.35e+01,3.40e+01,1.70e+01
-1.47e+02,-4.88e+01,3.50e+01,1.70e+01
-1.47e+02,-5.72e+01,3.40e+01,1.70e+01
-1.50e+02,-5.51e+01,3.60e+01,1.80e+01
-4.37e+02,-1.21e+02,3.70e+01,1.90e+01
-1.50e+02,-6.40e+01,3.30e+01,1.70e+01
-1.52e+02,-6.35e+01,3.30e+01,1.70e+01
-1.47e+02,-5.74e+01,3.40e+01,1.70e+01
-1.57e+02,-6.05e+01,3.50e+01,1.80e+01
-1.46e+02,-5.47e+01,3.50e+01,1.70e+01
-1.48e+02,-5.74e+01,3.80e+01,1.90e+01
-1.51e+02,-6.33e+01,3.40e+01,1.70e+01
-1.58e+02,-5.67e+01,3.50e+01,1.70e+01
-2.35e+02,-7.40e+01,3.60e+01,1.80e+01
-2.86e+02,-1.02e+02,3.40e+01,1.70e+01
-1.49e+02,-5.31e+01,3.80e+01,1.90e+01
-2.99e+02,-8.28e+01,3.50e+01,1.80e+01
-1.52e+02,-5.11e+01,3.60e+01,1.80e+01
-3.05e+02,-1.00e+02,3.60e+01,1.90e+01
-1.54e+02,-5.64e+01,3.40e+01,1.70e+01
-1.54e+02,-6.15e+01,3.50e+01,1.80e+01
-1.47e+02,-4.97e+01,3.60e+01,1.70e+01
-2.96e+02,-8.10e+01,3.40e+01,1.70e+01
-1.47e+02,-5.77e+01,3.40e+01,1.70e+01
-1.51e+02,-6.26e+01,3.40e+01,1.80e+01
-1.58e+02,-6.96e+01,3.50e+01,1.80e+01
-2.24e+02,-5.82e+01,3.60e+01,1.80e+01
-1.50e+02,-5.88e+01,3.40e+01,1.70e+01
-1.44e+02,-5.67e+01,3.40e+01,1.70e+01
-1.59e+02,-6.29e+01,3.40e+01,1.80e+01
-1.58e+02,-7.00e+01,3.40e+01,1.70e+01
-4.53e+02,-3.05e+02,3.30e+01,1.70e+01
-2.84e+02,-1.08e+02,3.40e+01,1.70e+01
-2.37e+02,-5.61e+01,3.60e+01,1.80e+01
-1.50e+02,-5.41e+01,3.40e+01,1.70e+01
-1.52e+02,-5.63e+01,3.50e+01,1.80e+01
-1.60e+02,-6.51e+01,3.50e+01,1.70e+01
-1.57e+02,-6.02e+01,3.30e+01,1.70e+01
-2.52e+02,-5.65e+01,3.50e+01,1.70e+01
-1.63e+02,-8.28e+01,3.40e+01,1.70e+01
-1.55e+02,-6.83e+01,3.70e+01,1.80e+01
-2.30e+02,-7.80e+01,3.40e+01,1.80e+01
-1.49e+02,-5.02e+01,3.40e+01,1.70e+01
-1.52e+02,-5.40e+01,3.50e+01,1.70e+01
-1.52e+02,-5.01e+01,3.40e+01,1.70e+01
-1.50e+02,-5.78e+01,3.50e+01,1.70e+01
-5.00e+02,-5.00e+02,3.40e+01,1.70e+01
-1.50e+02,-5.59e+01,3.40e+01,1.80e+01
-1.46e+02,-6.03e+01,3.50e+01,1.70e+01
-1.55e+02,-6.05e+01,3.60e+01,1.80e+01
-2.84e+02,-1.18e+02,3.40e+01,1.70e+01
-1.54e+02,-5.36e+01,3.40e+01,1.70e+01
-1.55e+02,-6.22e+01,3.60e+01,1.80e+01
-4.44e+02,-3.00e+02,3.70e+01,1.80e+01
-1.46e+02,-5.51e+01,3.40e+01,1.70e+01
-2.66e+02,-8.77e+01,3.40e+01,1.70e+01
-1.47e+02,-5.75e+01,3.40e+01,1.70e+01
-2.13e+02,-5.52e+01,3.30e+01,1.70e+01
-1.78e+02,-7.13e+01,3.50e+01,1.70e+01
-1.45e+02,-5.56e+01,3.60e+01,1.70e+01
-2.32e+02,-7.69e+01,3.40e+01,1.70e+01
-1.53e+02,-5.93e+01,3.60e+01,1.80e+01
-1.44e+02,-5.17e+01,3.50e+01,1.70e+01
-1.48e+02,-5.11e+01,3.30e+01,1.70e+01
-3.84e+02,-1.26e+02,3.60e+01,1.70e+01
-2.17e+02,-6.04e+01,3.30e+01,1.70e+01
-1.61e+02,-7.66e+01,3.50e+01,1.70e+01
-1.56e+02,-5.28e+01,3.40e+01,1.70e+01
-1.46e+02,-4.73e+01,3.40e+01,1.70e+01
-4.40e+02,-2.88e+02,3.40e+01,1.80e+01
-1.57e+02,-5.90e+01,3.40e+01,1.70e+01
-1.52e+02,-4.37e+01,3.40e+01,1.70e+01
-2.23e+02,-6.35e+01,3.50e+01,1.70e+01
-1.53e+02,-6.48e+01,3.30e+01,1.70e+01
-1.54e+02,-4.66e+01,3.60e+01,1.80e+01
-1.42e+02,-5.07e+01,3.70e+01,1.90e+01
-1.54e+02,-6.34e+01,3.40e+01,1.70e+01
-1.54e+02,-6.37e+01,3.30e+01,1.70e+01
-1.73e+02,-5.68e+01,3.50e+01,1.70e+01
-1.63e+02,-8.31e+01,3.40e+01,1.70e+01
-1.54e+02,-5.67e+01,3.40e+01,1.70e+01
-2.28e+02,-6.40e+01,3.60e+01,1.70e+01
-1.52e+02,-5.61e+01,3.40e+01,1.80e+01
-1.55e+02,-5.85e+01,3.50e+01,1.70e+01
-1.50e+02,-5.21e+01,3.60e+01,1.70e+01
-1.58e+02,-6.02e+01,3.40e+01,1.70e+01
-2.33e+02,-6.28e+01,3.40e+01,1.80e+01
-1.58e+02,-6.14e+01,3.30e+01,1.70e+01
-1.49e+02,-4.82e+01,3.40e+01,1.70e+01
-1.48e+02,-5.78e+01,3.30e+01,1.70e+01
-1.50e+02,-6.20e+01,3.40e+01,1.70e+01
-3.04e+02,-8.95e+01,3.30e+01,1.70e+01
-1.45e+02,-5.42e+01,3.60e+01,1.80e+01
-1.51e+02,-5.47e+01,3.40e+01,1.70e+01
-1.48e+02,-4.88e+01,3.50e+01,1.80e+01
-1.57e+02,-5.04e+01,3.50e+01,1.80e+01
-1.43e+02,-5.52e+01,3.40e+01,1.70e+01
-2.96e+02,-8.32e+01,3.50e+01,1.70e+01
-1.64e+02,-5.64e+01,3.60e+01,1.80e+01
-2.21e+02,-5.97e+01,3.40e+01,1.80e+01
-2.14e+02,-5.44e+01,3.40e+01,1.70e+01
-1.57e+02,-7.44e+01,3.30e+01,1.70e+01
-2.92e+02,-7.17e+01,3.40e+01,1.70e+01
-3.96e+02,-1.65e+02,3.40e+01,1.70e+01
-2.31e+02,-8.52e+01,3.30e+01,1.70e+01
-1.65e+02,-5.95e+01,3.70e+01,1.90e+01
-1.61e+02,-6.71e+01,3.40e+01,1.70e+01
-1.51e+02,-5.93e+01,3.40e+01,1.70e+01
-1.57e+02,-6.45e+01,3.40e+01,1.80e+01
-4.62e+02,-2.74e+02,3.30e+01,1.70e+01
-1.55e+02,-6.28e+01,3.50e+01,1.70e+01
-2.21e+02,-5.70e+01,3.40e+01,1.70e+01
-1.51e+02,-5.68e+01,3.50e+01,1.80e+01
-4.39e+02,-2.89e+02,3.30e+01,1.70e+01
-1.50e+02,-4.90e+01,3.30e+01,1.70e+01
-1.48e+02,-4.93e+01,3.50e+01,1.70e+01
-1.50e+02,-6.23e+01,3.40e+01,1.70e+01
-1.47e+02,-5.74e+01,3.30e+01,1.70e+01
-1.57e+02,-5.74e+01,3.30e+01,1.70e+01
-1.58e+02,-5.70e+01,3.40e+01,1.70e+01
