-1.54e+02,-5.63e+01,3.40e+01,1.70e+01
-1.45e+02,-5.02e+01,3.40e+01,1.70e+01
-1.51e+02,-5.40e+01,3.40e+01,1.80e+01
-1.51e+02,-5.42e+01,3.90e+01,1.90e+01
-1.47e+02,-5.43e+01,3.50e+01,1.70e+01
-1.53e+02,-6.26e+01,3.70e+01,1.80e+01
-1.47e+02,-5.52e+01,3.40e+01,1.70e+01
-1.47e+02,-6.18e+01,4.20e+01,2.00e+01
-1.54e+02,-5.85e+01,3.70e+01,1.70e+01
-1.53e+02,-6.44e+01,3.70e+01,1.80e+01
-1.49e+02,-5.21e+01,3.50e+01,1.80e+01
-1.46e+02,-5.77e+01,3.50e+01,1.80e+01
-1.45e+02,-5.02e+01,4.20e+01,2.00e+01
-1.49e+02,-5.61e+01,3.50e+01,1.90e+01
-1.51e+02,-4.95e+01,3.40e+01,1.80e+01
-1.55e+02,-5.36e+01,3.50e+01,1.80e+01
-1.53e+02,-5.41e+01,3.80e+01,1.90e+01
-1.51e+02,-5.58e+01,3.80e+01,1.90e+01
-1.49e+02,-6.15e+01,3.70e+01,1.70e+01
-1.51e+02,-5.79e+01,3.80e+01,1.90e+01
-1.53e+02,-5.94e+01,3.50e+01,1.80e+01
-1.52e+02,-5.94e+01,4.10e+01,2.00e+01
-1.46e+02,-5.44e+01,3.70e+01,1.90e+01
-1.47e+02,-5.33e+01,3.40e+01,1.70e+01
-1.57e+02,-5.87e+01,3.80e+01,1.90e+01
-1.49e+02,-6.11e+01,3.70e+01,1.70e+01
-1.56e+02,-5.95e+01,3.70e+01,1.70e+01
-1.47e+02,-5.49e+01,3.90e+01,1.90e+01
-1.45e+02,-5.17e+01,3.50e+01,1.90e+01
-1.48e+02,-5.81e+01,3.50e+01,1.90e+01
-1.51e+02,-5.49e+01,3.70e+01,1.80e+01
-2.12e+02,-6.14e+01,4.20e+01,2.00e+01
-1.51e+02,-5.79e+01,3.40e+01,1.70e+01
-1.54e+02,-5.77e+01,3.70e+01,1.80e+01
-4.25e+02,-1.48e+02,3.50e+01,1.80e+01
-2.76e+02,-8.16e+01,3.60e+01,1.80e+01
-1.50e+02,-5.85e+01,3.40e+01,1.70e+01
-1.46e+02,-4.83e+01,3.50e+01,1.70e+01
-1.55e+02,-5.61e+01,3.80e+01,1.90e+01
-2.39e+02,-4.94e+01,3.70e+01,1.70e+01
-1.51e+02,-6.12e+01,3.80e+01,1.80e+01
-1.59e+02,-5.63e+01,3.40e+01,1.70e+01
-4.04e+02,-1.52e+02,3.40e+01,1.70e+01
-1.53e+02,-5.75e+01,3.70e+01,1.70e+01
-1.49e+02,-6.21e+01,3.50e+01,1.80e+01
-1.51e+02,-5.32e+01,3.80e+01,1.90e+01
-5.00e+02,-5.00e+02,3.50e+01,1.70e+01
-1.53e+02,-6.28e+01,3.70e+01,1.80e+01
-2.19e+02,-5.74e+01,3.40e+01,1.70e+01
-1.48e+02,-4.90e+01,3.50e+01,1.80e+01
-1.43e+02,-5.40e+01,3.50e+01,1.80e+01
-1.59e+02,-6.09e+01,3.50e+01,1.80e+01
-2.30e+02,-6.17e+01,3.80e+01,1.80e+01
-2.12e+02,-6.29e+01,3.70e+01,1.80e+01
-1.49e+02,-6.00e+01,3.50e+01,1.70e+01
-2.97e+02,-5.90e+01,3.60e+01,1.70e+01
-1.58e+02,-6.10e+01,3.40e+01,1.70e+01
-1.52e+02,-5.15e+01,3.90e+01,1.90e+01
-2.89e+02,-6.38e+01,3.70e+01,1.70e+01
-1.53e+02,-5.40e+01,3.60e+01,1.90e+01
-1.61e+02,-5.39e+01,3.40e+01,1.70e+01
-4.35e+02,-2.50e+02,3.40e+01,1.70e+01
-1.51e+02,-5.89e+01,3.60e+01,1.70e+01
-1.55e+02,-4.79e+01,3.80e+01,1.80e+01
-1.56e+02,-5.72e+01,3.60e+01,1.80e+01
-5.00e+02,-5.00e+02,3.50e+01,1.70e+01
-4.44e+02,-2.76e+02,4.20e+01,2.00e+01
-1.53e+02,-6.46e+01,3.60e+01,1.70e+01
-1.57e+02,-5.73e+01,4.20e+01,2.00e+01
-1.44e+02,-4.41e+01,3.40e+01,1.70e+01
-1.51e+02,-6.29e+01,4.20e+01,2.00e+01
-1.48e+02,-5.51e+01,3.40e+01,1.80e+01
-1.54e+02,-6.01e+01,3.40e+01,1.70e+01
-1.57e+02,-6.27e+01,3.50e+01,1.70e+01
-1.47e+02,-5.13e+01,3.60e+01,1.80e+01
-1.43e+02,-5.14e+01,3.50e+01,1.90e+01
-1.55e+02,-5.63e+01,3.50e+01,1.90e+01
-1.47e+02,-5.25e+01,3.50e+01,1.70e+01
-1.54e+02,-5.61e+01,3.40e+01,1.70e+01
-1.54e+02,-6.16e+01,3.50e+01,1.80e+01
-1.49e+02,-5.09e+01,4.20e+01,2.00e+01
-1.55e+02,-6.57e+01,3.60e+01,1.70e+01
-2.22e+02,-6.37e+01,3.70e+01,1.70e+01
-1.46e+02,-5.66e+01,3.60e+01,1.80e+01
-1.71e+02,-5.67e+01,3.70e+01,1.80e+01
-1.51e+02,-5.00e+01,3.60e+01,1.80e+01
-1.44e+02,-4.93e+01,4.30e+01,2.00e+01
-1.64e+02,-5.25e+01,3.50e+01,1.70e+01
-2.24e+02,-6.37e+01,3.90e+01,1.90e+01
-1.49e+02,-5.44e+01,3.40e+01,1.80e+01
-1.56e+02,-5.82e+01,3.90e+01,1.90e+01
-1.49e+02,-5.74e+01,3.90e+01,1.90e+01
-1.52e+02,-5.16e+01,3.80e+01,1.90e+01
-1.53e+02,-5.54e+01,3.50e+01,1.70e+01
-1.46e+02,-4.99e+01,3.60e+01,1.70e+01
-1.48e+02,-5.31e+01,3.90e+01,1.90e+01
-1.49e+02,-5.57e+01,3.40e+01,1.80e+01
-3.86e+02,-1.35e+02,3.50e+01,1.70e+01
-1.54e+02,-4.99e+01,3.60e+01,1.80e+01
-2.30e+02,-8.09e+01,3.80e+01,1.90e+01
-1.48e+02,-5.48e+01,3.70e+01,1.70e+01
-1.51e+02,-5.68e+01,4.00e+01,1.90e+01
-2.35e+02,-6.45e+01,3.70e+01,1.70e+01
-1.51e+02,-5.31e+01,3.50e+01,1.70e+01
-1.48e+02,-5.63e+01,4.00e+01,1.90e+01
-1.48e+02,-5.54e+01,3.50e+01,1.80e+01
-1.46e+02,-6.06e+01,3.40e+01,1.70e+01
-2.33e+02,-6.20e+01,3.50e+01,1.70e+01
-1.55e+02,-5.41e+01,3.50e+01,1.70e+01
-1.39e+02,-5.03e+01,3.70e+01,1.80e+01
-1.53e+02,-5.31e+01,3.50e+01,1.80e+01
-2.24e+02,-6.98e+01,3.50e+01,1.80e+01
-1.58e+02,-5.70e+01,3.50e+01,1.80e+01
-3.16e+02,-1.22e+02,4.00e+01,2.00e+01
-1.56e+02,-6.25e+01,3.70e+01,1.80e+01
-5.00e+02,-5.00e+02,3.50e+01,1.80e+01
-3.15e+02,-8.69e+01,3.40e+01,1.80e+01
-1.55e+02,-6.13e+01,3.40e+01,1.70e+01
-1.50e+02,-6.41e+01,3.50e+01,1.80e+01
-1.48e+02,-6.41e+01,3.50e+01,1.80e+01
-1.50e+02,-5.81e+01,3.70e+01,1.70e+01
-1.46e+02,-6.00e+01,3.60e+01,1.90e+01
-1.57e+02,-7.17e+01,3.40e+01,1.80e+01
-1.48e+02,-5.17e+01,3.50e+01,1.80e+01
-1.46e+02,-5.41e+01,4.00e+01,1.90e+01
-1.52e+02,-5.67e+01,3.50e+01,1.70e+01
-1.60e+02,-6.64e+01,3.80e+01,1.80e+01
-1.46e+02,-5.82e+01,3.40e+01,1.70e+01
-1.47e+02,-6.50e+01,3.40e+01,1.70e+01
-1.53e+02,-5.33e+01,3.40e+01,1.70e+01
-3.97e+02,-1.16e+02,3.60e+01,1.70e+01
-1.56e+02,-5.25e+01,3.80e+01,1.80e+01
-1.60e+02,-6.64e+01,3.80e+01,1.70e+01
-2.20e+02,-5.90e+01,3.40e+01,1.70e+01
-1.46e+02,-4.38e+01,3.40e+01,1.70e+01
-1.45e+02,-5.16e+01,4.00e+01,1.90e+01
-1.53e+02,-6.00e+01,3.50e+01,1.80e+01
-2.65e+02,-1.10e+02,3.50e+01,1.70e+01
-2.89e+02,-5.92e+01,3.50e+01,1.80e+01
-1.54e+02,-5.66e+01,3.70e+01,1.70e+01
-4.63e+02,-2.80e+02,3.40e+01,1.70e+01
-2.32e+02,-7.27e+01,4.20e+01,2.00e+01
-1.50e+02,-5.27e+01,3.40e+01,1.70e+01
-1.48e+02,-5.81e+01,3.50e+01,1.70e+01
-1.58e+02,-6.09e+01,3.50e+01,1.80e+01
-1.47e+02,-5.18e+01,3.40e+01,1.80e+01
-1.43e+02,-5.41e+01,3.40e+01,1.70e+01
-2.13e+02,-4.65e+01,3.50e+01,1.90e+01
-1.51e+02,-5.72e+01,4.20e+01,2.00e+01
-1.51e+02,-5.72e+01,3.50e+01,1.70e+01
-1.52e+02,-5.54e+01,4.20e+01,2.00e+01
-1.48e+02,-5.41e+01,3.40e+01,1.70e+01
-1.57e+02,-6.79e+01,3.40e+01,1.70e+01
-1.48e+02,-5.39e+01,3.40e+01,1.70e+01
-1.58e+02,-7.40e+01,3.80e+01,1.80e+01
-1.42e+02,-4.77e+01,3.50e+01,1.70e+01
-1.42e+02,-5.10e+01,4.00e+01,2.00e+01
-2.37e+02,-8.02e+01,3.50e+01,1.80e+01
-4.37e+02,-1.21e+02,3.50e+01,1.80e+01
-1.55e+02,-6.70e+01,3.50e+01,1.90e+01
-1.53e+02,-4.94e+01,3.50e+01,1.70e+01
-3.53e+02,-5.89e+01,3.40e+01,1.80e+01
-1.54e+02,-5.18e+01,3.90e+01,1.90e+01
-1.52e+02,-5.50e+01,3.50e+01,1.80e+01
-2.78e+02,-9.21e+01,3.50e+01,1.80e+01
-4.67e+02,-3.06e+02,3.40e+01,1.80e+01
-5.00e+02,-5.00e+02,3.40e+01,1.80e+01
-1.53e+02,-5.85e+01,3.40e+01,1.70e+01
-1.54e+02,-4.89e+01,3.40e+01,1.70e+01
-1.54e+02,-6.06e+01,3.70e+01,1.80e+01
-1.52e+02,-5.42e+01,4.10e+01,2.00e+01
-1.52e+02,-6.43e+01,4.20e+01,2.00e+01
-5.00e+02,-5.00e+02,3.70e+01,1.80e+01
-1.57e+02,-5.73e+01,4.20e+01,2.00e+01
-1.46e+02,-5.41e+01,4.30e+01,2.10e+01
-1.50e+02,-5.87e+01,4.30e+01,2.00e+01
-1.55e+02,-5.81e+01,3.70e+01,1.80e+01
-1.53e+02,-6.11e+01,3.50e+01,1.70e+01
-1.61e+02,-6.40e+01,3.50e+01,1.70e+01
-1.52e+02,-5.16e+01,3.50e+01,1.80e+01
-1.62e+02,-5.41e+01,4.20e+01,2.00e+01
-1.70e+02,-6.07e+01,4.30e+01,2.00e+01
-1.65e+02,-6.34e+01,3.50e+01,1.90e+01
-1.62e+02,-6.24e+01,4.30e+01,2.10e+01
-1.46e+02,-5.45e+01,3.90e+01,1.90e+01
-1.59e+02,-6.03e+01,3.40e+01,1.70e+01
-2.94e+02,-6.55e+01,3.60e+01,1.70e+01
-1.52e+02,-6.39e+01,3.50e+01,1.70e+01
-1.51e+02,-6.46e+01,3.50e+01,1.80e+01
-2.23e+02,-6.10e+01,3.50e+01,1.80e+01
-2.84e+02,-8.42e+01,3.70e+01,1.80e+01
-1.54e+02,-6.75e+01,3.40e+01,1.70e+01
