1.72e+02,6.14e+02,1.66e+02,5.60e+01
2.45e+02,9.21e+02,1.71e+02,5.70e+01
2.43e+02,9.25e+02,1.67e+02,5.60e+01
1.66e+02,7.58e+02,1.68e+02,5.70e+01
2.12e+02,9.13e+02,1.69e+02,5.60e+01
1.55e+02,6.11e+02,1.66e+02,5.60e+01
2.04e+02,7.70e+02,1.71e+02,5.70e+01
1.70e+02,7.67e+02,1.67e+02,5.60e+01
2.12e+02,7.67e+02,1.68e+02,5.60e+01
1.73e+02,6.97e+02,1.66e+02,5.60e+01
2.35e+02,9.23e+02,1.70e+02,5.70e+01
1.33e+02,6.11e+02,1.67e+02,5.60e+01
1.71e+02,6.16e+02,1.68e+02,5.60e+01
2.30e+02,7.94e+02,1.69e+02,5.70e+01
2.11e+02,7.73e+02,1.67e+02,5.60e+01
1.58e+02,6.16e+02,1.71e+02,5.80e+01
2.06e+02,7.69e+02,1.68e+02,5.60e+01
2.07e+02,7.59e+02,1.69e+02,5.60e+01
2.08e+02,9.15e+02,1.67e+02,5.60e+01
1.83e+02,6.91e+02,1.73e+02,5.80e+01
1.28e+02,7.65e+02,1.68e+02,5.60e+01
1.79e+02,9.25e+02,1.69e+02,5.90e+01
2.42e+02,9.17e+02,1.70e+02,5.80e+01
2.19e+02,7.84e+02,1.67e+02,5.60e+01
2.42e+02,9.13e+02,1.70e+02,5.70e+01
2.10e+02,7.70e+02,1.68e+02,5.60e+01
1.97e+02,7.64e+02,1.69e+02,5.70e+01
2.04e+02,7.69e+02,1.67e+02,5.60e+01
2.58e+02,9.25e+02,1.75e+02,5.90e+01
1.95e+02,9.25e+02,1.68e+02,5.60e+01
2.31e+02,9.21e+02,1.69e+02,5.60e+01
2.12e+02,9.21e+02,1.71e+02,5.60e+01
2.17e+02,7.60e+02,1.70e+02,5.70e+01
2.32e+02,8.24e+02,1.71e+02,5.90e+01
1.36e+02,6.93e+02,1.70e+02,5.70e+01
1.70e+02,7.58e+02,1.68e+02,5.60e+01
1.73e+02,7.68e+02,1.73e+02,5.80e+01
2.44e+02,8.38e+02,1.70e+02,5.70e+01
2.03e+02,7.71e+02,1.69e+02,5.60e+01
2.26e+02,9.03e+02,1.72e+02,5.80e+01
1.59e+02,7.63e+02,1.71e+02,5.80e+01
2.12e+02,7.78e+02,1.71e+02,5.70e+01
1.45e+02,7.68e+02,1.72e+02,5.70e+01
2.27e+02,9.24e+02,1.69e+02,5.70e+01
3.40e+01,2.40e+02,1.71e+02,5.80e+01
2.35e+02,9.24e+02,1.68e+02,5.60e+01
1.72e+02,9.14e+02,1.70e+02,5.70e+01
1.01e+02,6.17e+02,1.68e+02,5.60e+01
-5.44e+01,-2.20e+01,1.69e+02,5.60e+01
1.28e+02,5.70e+02,1.67e+02,5.60e+01
1.31e+02,5.36e+02,1.70e+02,5.60e+01
2.08e+01,1.76e+02,1.69e+02,5.70e+01
1.50e+02,8.13e+02,1.72e+02,5.70e+01
2.50e+02,9.25e+02,1.69e+02,5.70e+01
2.34e+02,8.29e+02,1.69e+02,5.70e+01
1.84e+02,7.70e+02,1.67e+02,5.60e+01
2.31e+02,9.28e+02,1.68e+02,5.60e+01
1.91e+02,7.71e+02,1.69e+02,5.70e+01
2.08e+02,7.53e+02,1.69e+02,5.70e+01
2.24e+02,9.24e+02,1.69e+02,5.60e+01
1.88e+02,7.70e+02,1.72e+02,5.60e+01
4.03e+01,3.15e+02,1.68e+02,5.80e+01
2.39e+02,9.18e+02,1.71e+02,5.70e+01
1.86e+02,6.90e+02,1.73e+02,5.70e+01
1.93e+02,7.69e+02,1.67e+02,5.60e+01
2.27e+02,9.15e+02,1.66e+02,5.60e+01
2.19e+02,9.23e+02,1.72e+02,5.80e+01
2.44e+02,9.13e+02,1.69e+02,5.60e+01
1.35e+02,5.43e+02,1.67e+02,5.60e+01
2.32e+02,9.02e+02,1.68e+02,5.60e+01
2.08e+02,7.61e+02,1.69e+02,5.60e+01
2.03e+02,8.06e+02,1.71e+02,5.70e+01
1.45e+01,1.90e+02,1.69e+02,5.60e+01
2.26e+02,9.09e+02,1.69e+02,5.70e+01
2.17e+02,9.11e+02,1.69e+02,5.60e+01
2.99e+01,1.83e+02,1.68e+02,5.60e+01
2.33e+02,8.33e+02,1.67e+02,5.60e+01
2.11e+02,7.67e+02,1.66e+02,5.60e+01
1.71e+02,7.69e+02,1.69e+02,5.60e+01
1.11e+02,5.78e+02,1.67e+02,5.60e+01
2.14e+02,8.42e+02,1.71e+02,5.70e+01
2.42e+02,9.23e+02,1.68e+02,5.70e+01
1.96e+02,8.05e+02,1.68e+02,5.60e+01
1.97e+02,7.74e+02,1.68e+02,5.60e+01
1.41e+02,7.25e+02,1.66e+02,5.60e+01
2.18e+02,7.81e+02,1.68e+02,5.70e+01
1.98e+02,7.72e+02,1.71e+02,5.60e+01
1.70e+02,7.70e+02,1.71e+02,5.70e+01
2.10e+02,7.73e+02,1.70e+02,5.80e+01
2.13e+02,7.61e+02,1.72e+02,5.80e+01
2.42e+02,9.25e+02,1.74e+02,5.90e+01
1.18e+02,5.75e+02,1.69e+02,5.60e+01
2.03e+02,7.68e+02,1.66e+02,5.60e+01
1.89e+02,7.00e+02,1.68e+02,5.60e+01
2.21e+02,8.32e+02,1.72e+02,5.80e+01
2.22e+02,9.22e+02,1.69e+02,5.60e+01
1.81e+02,7.74e+02,1.69e+02,5.70e+01
1.73e+02,7.53e+02,1.68e+02,5.60e+01
2.18e+02,7.72e+02,1.66e+02,5.60e+01
1.57e+02,6.15e+02,1.69e+02,5.60e+01
1.94e+02,7.70e+02,1.67e+02,5.60e+01
2.28e+02,8.55e+02,1.71e+02,5.80e+01
1.86e+02,6.55e+02,1.71e+02,5.80e+01
2.08e+02,9.09e+02,1.75e+02,5.90e+01
1.70e+02,7.69e+02,1.70e+02,5.60e+01
-2.14e+01,9.67e+01,1.68e+02,5.60e+01
1.28e+02,6.22e+02,1.68e+02,5.60e+01
2.25e+02,9.17e+02,1.71e+02,5.70e+01
2.31e+02,8.37e+02,1.73e+02,5.80e+01
2.04e+02,9.22e+02,1.71e+02,5.70e+01
2.13e+02,7.88e+02,1.69e+02,5.60e+01
1.99e+02,7.70e+02,1.70e+02,5.90e+01
2.09e+02,7.69e+02,1.69e+02,5.60e+01
2.37e+02,9.26e+02,1.70e+02,5.70e+01
3.85e+01,1.38e+02,1.71e+02,5.80e+01
3.02e+00,1.58e+02,1.69e+02,5.70e+01
2.21e+02,9.24e+02,1.66e+02,5.60e+01
1.57e+02,6.17e+02,1.69e+02,5.60e+01
2.49e+02,9.23e+02,1.68e+02,5.70e+01
1.85e+02,7.68e+02,1.67e+02,5.60e+01
-2.50e+01,2.64e+01,1.67e+02,5.60e+01
2.25e+02,9.19e+02,1.69e+02,5.70e+01
1.65e+02,7.69e+02,1.71e+02,5.80e+01
2.30e+02,8.45e+02,1.68e+02,5.60e+01
2.42e+02,9.24e+02,1.70e+02,5.80e+01
2.29e+02,9.07e+02,1.66e+02,5.60e+01
1.85e+02,7.77e+02,1.69e+02,5.60e+01
-5.45e+01,-3.23e+01,1.67e+02,5.60e+01
2.40e+02,9.21e+02,1.73e+02,5.80e+01
1.84e+02,8.37e+02,1.69e+02,5.60e+01
1.93e+02,7.66e+02,1.68e+02,5.70e+01
1.80e+02,7.66e+02,1.69e+02,5.70e+01
1.65e+02,6.16e+02,1.67e+02,5.60e+01
1.96e+02,7.69e+02,1.70e+02,5.60e+01
1.70e+02,7.66e+02,1.67e+02,5.60e+01
1.39e+02,6.07e+02,1.68e+02,5.60e+01
2.11e+02,9.23e+02,1.72e+02,5.70e+01
1.81e+02,7.68e+02,1.70e+02,5.70e+01
2.16e+02,9.22e+02,1.67e+02,5.60e+01
2.29e+02,9.14e+02,1.68e+02,5.60e+01
2.07e+02,7.59e+02,1.69e+02,5.60e+01
2.12e+02,9.22e+02,1.67e+02,5.60e+01
2.40e+02,9.19e+02,1.72e+02,5.70e+01
2.07e+02,9.23e+02,1.68e+02,5.60e+01
2.73e+01,1.84e+02,1.71e+02,5.80e+01
2.42e+02,9.14e+02,1.68e+02,5.60e+01
1.52e+02,7.74e+02,1.70e+02,5.70e+01
1.95e+02,9.14e+02,1.69e+02,5.60e+01
1.96e+02,7.46e+02,1.70e+02,5.70e+01
1.88e+02,7.70e+02,1.70e+02,5.70e+01
1.62e+02,6.57e+02,1.71e+02,5.80e+01
2.40e+02,8.18e+02,1.73e+02,5.70e+01
2.09e+02,9.16e+02,1.73e+02,5.70e+01
2.28e+02,8.23e+02,1.68e+02,5.70e+01
2.09e+02,7.72e+02,1.67e+02,5.60e+01
2.07e+02,9.21e+02,1.71e+02,5.70e+01
2.23e+02,9.14e+02,1.68e+02,5.60e+01
2.08e+02,7.72e+02,1.72e+02,5.60e+01
2.30e+02,9.13e+02,1.67e+02,5.60e+01
2.37e+02,8.30e+02,1.69e+02,5.60e+01
2.28e+02,7.65e+02,1.69e+02,5.90e+01
1.46e+02,6.13e+02,1.67e+02,5.60e+01
2.25e+02,9.24e+02,1.70e+02,5.60e+01
2.09e+02,7.65e+02,1.67e+02,5.60e+01
2.08e+02,9.23e+02,1.75e+02,5.90e+01
1.61e+02,6.03e+02,1.74e+02,5.80e+01
2.36e+02,7.99e+02,1.70e+02,5.60e+01
-4.06e+01,-2.56e+01,1.68e+02,5.60e+01
-6.05e+01,-2.94e+01,1.67e+02,5.60e+01
1.83e+02,9.17e+02,1.69e+02,5.70e+01
1.39e+02,5.70e+02,1.72e+02,5.70e+01
2.62e+02,9.17e+02,1.70e+02,5.80e+01
1.49e+02,7.64e+02,1.68e+02,5.60e+01
2.54e+02,9.18e+02,1.76e+02,5.90e+01
2.19e+02,9.22e+02,1.67e+02,5.60e+01
2.45e+02,9.22e+02,1.68e+02,5.60e+01
1.86e+02,7.59e+02,1.68e+02,5.60e+01
1.80e+02,7.67e+02,1.69e+02,5.60e+01
2.08e+02,8.97e+02,1.70e+02,5.80e+01
2.00e+02,7.64e+02,1.71e+02,5.70e+01
2.46e+02,9.28e+02,1.69e+02,5.60e+01
1.86e+02,7.62e+02,1.67e+02,5.60e+01
2.10e+02,7.59e+02,1.70e+02,5.80e+01
1.88e+02,7.69e+02,1.67e+02,5.60e+01
1.70e+02,7.73e+02,1.68e+02,5.60e+01
2.50e+02,9.17e+02,1.67e+02,5.60e+01
1.30e+02,7.67e+02,1.69e+02,5.60e+01
2.18e+02,7.68e+02,1.70e+02,5.90e+01
1.92e+02,7.61e+02,1.73e+02,5.80e+01
2.65e+02,9.23e+02,1.70e+02,5.60e+01
2.60e+02,9.24e+02,1.68e+02,5.70e+01
1.60e+02,8.39e+02,1.69e+02,5.70e+01
1.85e+02,7.67e+02,1.69e+02,5.70e+01
2.47e+02,9.15e+02,1.71e+02,5.70e+01
2.32e+02,8.46e+02,1.67e+02,5.60e+01
2.16e+02,7.73e+02,1.71e+02,5.70e+01
2.22e+02,9.11e+02,1.70e+02,5.70e+01
1.79e+02,7.72e+02,1.71e+02,5.60e+01
1.76e+02,6.66e+02,1.68e+02,5.60e+01
2.31e+02,9.26e+02,1.69e+02,5.60e+01
2.34e+02,7.79e+02,1.69e+02,5.60e+01
2.10e+02,7.68e+02,1.67e+02,5.60e+01
-1.68e-01,1.84e+02,1.70e+02,5.60e+01
1.60e+02,6.19e+02,1.69e+02,5.60e+01
2.00e+02,7.68e+02,1.68e+02,5.70e+01
2.13e+02,9.21e+02,1.70e+02,5.70e+01
1.68e+02,7.68e+02,1.68e+02,5.60e+01
7.77e+01,5.64e+02,1.68e+02,5.60e+01
1.33e+02,6.42e+02,1.68e+02,5.60e+01
2.34e+02,9.23e+02,1.68e+02,5.60e+01
-2.42e+01,2.27e+02,1.75e+02,5.90e+01
2.22e+02,9.23e+02,1.67e+02,5.60e+01
2.38e+02,9.24e+02,1.70e+02,5.60e+01
2.42e+02,9.25e+02,1.72e+02,5.80e+01
6.58e+01,3.59e+02,1.68e+02,5.60e+01
1.95e+02,7.67e+02,1.72e+02,5.80e+01
1.86e+02,7.68e+02,1.71e+02,5.70e+01
1.82e+02,7.68e+02,1.75e+02,5.90e+01
2.14e+02,9.21e+02,1.68e+02,5.60e+01
1.56e+01,1.42e+02,1.67e+02,5.60e+01
-1.36e+01,9.76e+01,1.70e+02,5.70e+01
2.09e+02,7.56e+02,1.68e+02,5.70e+01
1.88e+02,6.91e+02,1.69e+02,5.80e+01
1.39e+02,5.73e+02,1.71e+02,5.70e+01
-3.41e+01,0.00e+00,1.71e+02,5.70e+01
1.86e+02,7.67e+02,1.69e+02,5.70e+01
1.74e+02,6.16e+02,1.69e+02,5.70e+01
1.94e+02,7.69e+02,1.70e+02,5.60e+01
2.02e+02,8.42e+02,1.70e+02,5.60e+01
6.54e+01,1.87e+02,1.70e+02,5.70e+01
2.00e+02,9.11e+02,1.67e+02,5.60e+01
1.71e+02,7.60e+02,1.71e+02,5.80e+01
1.85e+02,7.09e+02,1.68e+02,5.60e+01
2.27e+02,9.20e+02,1.68e+02,5.70e+01
2.24e+02,7.67e+02,1.68e+02,5.60e+01
2.42e+02,9.20e+02,1.72e+02,5.80e+01
2.08e+02,9.23e+02,1.68e+02,5.60e+01
2.40e+02,8.35e+02,1.70e+02,5.60e+01
2.59e+02,9.19e+02,1.69e+02,5.60e+01
-5.24e+01,-2.88e+01,1.70e+02,5.80e+01
1.79e+02,9.22e+02,1.73e+02,5.80e+01
1.81e+02,7.69e+02,1.68e+02,5.60e+01
2.37e+02,9.20e+02,1.70e+02,5.70e+01
1.96e+02,7.73e+02,1.68e+02,5.60e+01
2.29e+02,8.16e+02,1.76e+02,5.90e+01
1.79e+02,8.25e+02,1.73e+02,5.70e+01
2.35e+02,8.85e+02,1.67e+02,5.60e+01
2.14e+02,7.74e+02,1.68e+02,5.60e+01
2.31e+02,9.21e+02,1.69e+02,5.70e+01
2.15e+02,9.19e+02,1.69e+02,5.60e+01
1.52e+02,6.13e+02,1.67e+02,5.60e+01
2.13e+02,7.68e+02,1.68e+02,5.60e+01
1.84e+02,6.30e+02,1.66e+02,5.60e+01
2.19e+02,9.33e+02,1.69e+02,5.70e+01
1.97e+02,7.69e+02,1.69e+02,5.60e+01
2.24e+02,8.33e+02,1.73e+02,5.70e+01
2.60e+02,9.23e+02,1.66e+02,5.60e+01
1.85e+02,8.45e+02,1.68e+02,5.60e+01
2.34e+02,9.10e+02,1.71e+02,5.70e+01
2.05e+02,9.26e+02,1.71e+02,5.70e+01
1.67e+02,6.13e+02,1.69e+02,5.60e+01
2.32e+02,9.21e+02,1.67e+02,5.60e+01
2.10e+02,9.16e+02,1.69e+02,5.80e+01
1.87e+02,8.47e+02,1.71e+02,5.70e+01
1.93e+02,7.55e+02,1.67e+02,5.60e+01
1.71e+02,7.65e+02,1.71e+02,5.70e+01
2.02e+02,7.66e+02,1.68e+02,5.60e+01
1.91e+02,7.01e+02,1.70e+02,5.80e+01
2.19e+02,7.68e+02,1.71e+02,5.60e+01
1.96e+02,9.21e+02,1.68e+02,5.60e+01
2.17e+02,9.24e+02,1.70e+02,5.70e+01
2.09e+02,9.14e+02,1.70e+02,5.70e+01
1.82e+02,9.14e+02,1.68e+02,5.60e+01
2.06e+02,7.61e+02,1.72e+02,5.70e+01
1.06e+02,5.61e+02,1.68e+02,5.60e+01
-4.32e+01,0.00e+00,1.72e+02,5.70e+01
-6.46e+01,-2.59e+01,1.72e+02,5.90e+01
2.29e+02,8.07e+02,1.67e+02,5.60e+01
1.73e+02,6.38e+02,1.69e+02,5.70e+01
2.33e+02,9.25e+02,1.71e+02,5.70e+01
2.11e+02,7.71e+02,1.68e+02,5.60e+01
2.11e+02,9.21e+02,1.71e+02,5.60e+01
1.99e+02,7.68e+02,1.76e+02,5.90e+01
2.09e+02,9.19e+02,1.71e+02,5.70e+01
1.92e+02,7.68e+02,1.68e+02,5.60e+01
2.09e+02,7.63e+02,1.70e+02,5.60e+01
2.38e+02,9.21e+02,1.70e+02,5.70e+01
1.63e+02,9.17e+02,1.68e+02,5.60e+01
2.17e+02,7.70e+02,1.68e+02,5.60e+01
2.11e+02,7.63e+02,1.68e+02,5.60e+01
2.31e+02,9.19e+02,1.68e+02,5.60e+01
2.15e+02,7.69e+02,1.69e+02,5.60e+01
1.95e+02,7.74e+02,1.69e+02,5.70e+01
2.31e+02,8.43e+02,1.73e+02,5.90e+01
1.91e+02,7.72e+02,1.70e+02,5.70e+01
2.09e+02,7.68e+02,1.70e+02,5.60e+01
1.88e+02,7.09e+02,1.72e+02,5.80e+01
1.90e+02,9.18e+02,1.67e+02,5.60e+01
2.06e+02,9.15e+02,1.68e+02,5.60e+01
1.92e+02,7.72e+02,1.69e+02,5.60e+01
1.85e+02,6.55e+02,1.69e+02,5.60e+01
2.21e+02,9.22e+02,1.72e+02,5.70e+01
2.37e+02,9.18e+02,1.71e+02,6.00e+01
2.30e+02,8.34e+02,1.67e+02,5.60e+01
2.24e+02,9.17e+02,1.70e+02,5.80e+01
2.48e+02,9.22e+02,1.69e+02,5.70e+01
2.30e+02,9.20e+02,1.70e+02,5.70e+01
3.03e+01,2.17e+02,1.67e+02,5.60e+01
1.92e+02,7.72e+02,1.72e+02,5.80e+01
2.61e+02,9.17e+02,1.73e+02,5.80e+01
1.59e+02,6.84e+02,1.68e+02,5.60e+01
2.00e+02,7.68e+02,1.67e+02,5.60e+01
2.59e+02,9.21e+02,1.70e+02,5.70e+01
2.17e+02,9.07e+02,1.67e+02,5.60e+01
2.62e+02,9.20e+02,1.71e+02,5.60e+01
1.76e+02,8.08e+02,1.70e+02,5.80e+01
1.98e+02,7.69e+02,1.70e+02,5.60e+01
4.27e+01,2.26e+02,1.68e+02,5.60e+01
1.77e+02,9.14e+02,1.73e+02,5.90e+01
2.36e+02,9.20e+02,1.67e+02,5.60e+01
2.15e+02,7.74e+02,1.67e+02,5.60e+01
2.35e+02,9.14e+02,1.71e+02,5.70e+01
1.37e+02,6.18e+02,1.67e+02,5.60e+01
2.14e+02,7.73e+02,1.74e+02,5.90e+01
2.15e+02,8.70e+02,1.67e+02,5.60e+01
2.06e+02,9.27e+02,1.67e+02,5.60e+01
1.96e+02,9.19e+02,1.67e+02,5.60e+01
2.28e+02,8.32e+02,1.67e+02,5.60e+01
2.18e+02,8.47e+02,1.73e+02,5.90e+01
1.90e+02,7.74e+02,1.71e+02,5.70e+01
2.14e+02,9.25e+02,1.72e+02,5.80e+01
2.65e+02,9.21e+02,1.68e+02,5.60e+01
1.64e+02,7.67e+02,1.69e+02,5.70e+01
1.67e+02,7.65e+02,1.67e+02,5.60e+01
1.35e+02,5.53e+02,1.68e+02,5.60e+01
2.25e+02,9.20e+02,1.71e+02,5.70e+01
1.87e+02,7.71e+02,1.68e+02,5.70e+01
2.14e+02,7.67e+02,1.72e+02,5.70e+01
2.37e+02,9.18e+02,1.72e+02,5.70e+01
2.02e+02,7.76e+02,1.74e+02,5.80e+01
1.70e+02,7.71e+02,1.73e+02,5.80e+01
1.93e+02,7.63e+02,1.71e+02,5.70e+01
2.15e+02,7.71e+02,1.70e+02,5.60e+01
2.20e+02,9.24e+02,1.67e+02,5.60e+01
2.15e+02,8.42e+02,1.73e+02,5.70e+01
1.17e+02,4.72e+02,1.67e+02,5.60e+01
-3.58e+01,-1.57e+01,1.68e+02,5.70e+01
2.16e+02,7.67e+02,1.69e+02,5.60e+01
1.22e+00,1.83e+02,1.66e+02,5.60e+01
1.86e+02,8.50e+02,1.68e+02,5.60e+01
2.13e+02,9.22e+02,1.73e+02,5.80e+01
2.44e+02,9.19e+02,1.71e+02,5.60e+01
1.92e+02,7.69e+02,1.67e+02,5.60e+01
2.25e+02,9.23e+02,1.71e+02,5.70e+01
1.92e+02,7.69e+02,1.68e+02,5.60e+01
1.94e+02,7.16e+02,1.73e+02,5.80e+01
2.11e+02,9.16e+02,1.67e+02,5.60e+01
2.04e+02,7.39e+02,1.69e+02,5.70e+01
1.94e+01,2.36e+02,1.73e+02,5.80e+01
-6.16e+01,-2.43e+01,1.66e+02,5.60e+01
2.27e+02,8.29e+02,1.68e+02,5.60e+01
1.46e+02,7.74e+02,1.72e+02,5.70e+01
2.41e+02,9.25e+02,1.71e+02,5.70e+01
1.39e+01,1.70e+02,1.68e+02,5.70e+01
1.89e+02,6.82e+02,1.70e+02,5.70e+01
1.99e+02,9.16e+02,1.69e+02,5.70e+01
-3.49e-02,1.75e+02,1.71e+02,5.80e+01
2.12e+02,8.26e+02,1.70e+02,6.00e+01
1.68e+02,7.84e+02,1.70e+02,5.60e+01
2.39e+02,9.25e+02,1.68e+02,5.60e+01
2.26e+02,9.23e+02,1.69e+02,5.60e+01
2.11e+02,7.71e+02,1.68e+02,5.60e+01
7.85e+01,4.37e+02,1.75e+02,5.80e+01
1.81e+02,7.44e+02,1.67e+02,5.60e+01
2.40e+02,8.52e+02,1.69e+02,5.70e+01
2.39e+02,9.20e+02,1.72e+02,5.60e+01
1.89e+02,9.19e+02,1.69e+02,5.60e+01
2.16e+02,7.69e+02,1.71e+02,5.60e+01
2.41e+02,9.21e+02,1.66e+02,5.60e+01
2.18e+02,9.22e+02,1.66e+02,5.60e+01
2.04e+02,8.24e+02,1.72e+02,5.80e+01
1.88e+02,6.89e+02,1.69e+02,5.90e+01
1.93e+02,7.46e+02,1.69e+02,5.90e+01
2.33e+02,9.19e+02,1.71e+02,5.80e+01
2.61e+02,9.17e+02,1.68e+02,5.60e+01
2.06e+02,7.63e+02,1.70e+02,5.70e+01
2.10e+02,7.67e+02,1.68e+02,5.60e+01
5.49e+01,2.69e+02,1.66e+02,5.60e+01
1.99e+02,7.72e+02,1.72e+02,5.80e+01
2.44e+02,9.13e+02,1.68e+02,5.70e+01
1.72e+02,8.47e+02,1.67e+02,5.60e+01
1.72e+02,7.58e+02,1.68e+02,5.60e+01
4.42e+01,2.40e+02,1.66e+02,5.60e+01
2.23e+02,8.29e+02,1.71e+02,5.60e+01
2.05e+02,8.92e+02,1.67e+02,5.60e+01
2.08e+02,7.72e+02,1.69e+02,5.60e+01
2.41e+02,9.20e+02,1.68e+02,5.60e+01
2.56e+02,9.21e+02,1.71e+02,5.80e+01
1.85e+02,7.70e+02,1.69e+02,5.70e+01
2.01e+02,7.67e+02,1.69e+02,5.70e+01
1.90e+02,7.70e+02,1.68e+02,5.60e+01
2.30e+02,9.26e+02,1.68e+02,5.60e+01
2.45e+02,9.26e+02,1.70e+02,5.80e+01
2.31e+02,9.13e+02,1.70e+02,5.70e+01
2.18e+01,1.75e+02,1.69e+02,5.70e+01
2.17e+02,9.20e+02,1.72e+02,5.80e+01
1.64e+02,7.67e+02,1.67e+02,5.60e+01
1.99e+02,6.85e+02,1.68e+02,5.60e+01
2.22e+02,9.20e+02,1.71e+02,5.70e+01
2.26e+02,9.19e+02,1.68e+02,5.60e+01
1.98e+02,7.67e+02,1.69e+02,5.60e+01
2.32e+02,9.28e+02,1.66e+02,5.60e+01
2.32e+02,8.38e+02,1.70e+02,5.60e+01
2.10e+02,9.16e+02,1.68e+02,5.60e+01
2.07e+02,7.66e+02,1.69e+02,5.60e+01
2.50e+02,9.19e+02,1.72e+02,5.80e+01
2.65e+02,9.27e+02,1.69e+02,5.70e+01
2.09e+02,7.70e+02,1.68e+02,5.60e+01
2.37e+02,8.28e+02,1.69e+02,5.60e+01
2.33e+02,9.28e+02,1.69e+02,5.60e+01
2.64e+02,9.21e+02,1.71e+02,5.70e+01
2.56e+02,9.26e+02,1.69e+02,5.70e+01
2.23e+02,9.26e+02,1.67e+02,5.60e+01
2.08e+02,9.23e+02,1.72e+02,5.70e+01
2.22e+02,8.74e+02,1.71e+02,5.70e+01
1.36e+02,8.27e+02,1.70e+02,5.60e+01
2.12e+02,9.22e+02,1.72e+02,5.70e+01
2.41e+02,8.53e+02,1.69e+02,5.70e+01
1.46e+02,6.14e+02,1.73e+02,5.80e+01
2.56e+02,9.26e+02,1.67e+02,5.60e+01
2.13e+02,9.23e+02,1.67e+02,5.60e+01
2.34e+02,8.59e+02,1.70e+02,5.70e+01
2.35e+02,8.39e+02,1.68e+02,5.60e+01
2.19e+02,7.61e+02,1.69e+02,5.60e+01
1.54e+02,7.70e+02,1.67e+02,5.60e+01
5.20e+01,3.72e+02,1.69e+02,5.70e+01
1.87e+02,7.69e+02,1.69e+02,5.60e+01
5.48e+01,3.31e+02,1.70e+02,5.60e+01
2.13e+02,9.12e+02,1.69e+02,5.60e+01
2.42e+02,9.21e+02,1.69e+02,5.70e+01
1.34e+02,5.56e+02,1.71e+02,5.70e+01
2.42e+02,9.21e+02,1.69e+02,5.70e+01
2.13e+02,7.96e+02,1.68e+02,5.60e+01
1.96e+02,9.16e+02,1.67e+02,5.60e+01
1.99e+02,7.69e+02,1.69e+02,5.60e+01
2.19e+02,7.71e+02,1.70e+02,5.70e+01
1.03e+02,5.05e+02,1.68e+02,5.60e+01
1.59e+02,6.12e+02,1.69e+02,5.60e+01
1.98e+02,7.35e+02,1.68e+02,5.60e+01
2.18e+02,9.17e+02,1.67e+02,5.70e+01
2.28e+02,8.03e+02,1.69e+02,5.80e+01
2.22e+02,8.16e+02,1.74e+02,5.80e+01
1.87e+02,6.87e+02,1.70e+02,5.80e+01
1.85e+02,7.63e+02,1.69e+02,5.70e+01
1.34e+02,6.19e+02,1.72e+02,5.70e+01
1.71e+02,6.35e+02,1.70e+02,5.70e+01
9.73e+01,4.46e+02,1.67e+02,5.60e+01
2.07e+02,7.67e+02,1.70e+02,5.80e+01
2.23e+02,9.27e+02,1.71e+02,5.60e+01
1.83e+02,8.12e+02,1.67e+02,5.60e+01
2.27e+02,8.22e+02,1.69e+02,5.70e+01
1.93e+02,7.67e+02,1.70e+02,5.70e+01
2.16e+02,7.67e+02,1.68e+02,5.60e+01
1.41e+02,6.14e+02,1.68e+02,5.70e+01
2.06e+02,7.72e+02,1.70e+02,5.70e+01
1.67e+02,7.06e+02,1.68e+02,5.60e+01
1.67e+02,6.15e+02,1.67e+02,5.70e+01
1.94e+02,7.78e+02,1.70e+02,5.60e+01
1.82e+02,6.64e+02,1.69e+02,5.60e+01
2.05e+02,8.35e+02,1.70e+02,5.60e+01
1.70e+02,9.19e+02,1.75e+02,5.90e+01
2.59e+02,9.16e+02,1.68e+02,5.60e+01
-2.54e+01,5.52e+01,1.70e+02,5.60e+01
1.14e+02,5.35e+02,1.68e+02,5.60e+01
2.08e+02,9.19e+02,1.69e+02,5.70e+01
1.98e+02,7.70e+02,1.69e+02,5.70e+01
2.12e+02,9.21e+02,1.68e+02,5.60e+01
1.88e+02,7.65e+02,1.71e+02,5.80e+01
2.60e+02,9.14e+02,1.69e+02,5.60e+01
1.84e+02,7.25e+02,1.66e+02,5.60e+01
