-1.79e+02,-9.19e+01,4.20e+01,2.30e+01
-2.20e+02,-6.00e+01,2.90e+01,1.90e+01
-2.20e+02,-5.73e+01,3.10e+01,2.00e+01
-2.06e+02,-5.75e+01,4.10e+01,2.30e+01
-2.10e+02,-4.19e+01,3.00e+01,2.00e+01
-5.00e+02,-4.99e+02,3.10e+01,2.00e+01
-2.25e+02,-5.51e+01,3.00e+01,2.00e+01
-1.93e+02,-1.01e+02,4.30e+01,2.50e+01
-4.28e+02,-7.11e+01,4.30e+01,2.30e+01
-1.61e+02,-5.44e+01,4.20e+01,2.30e+01
-2.90e+02,-6.13e+01,2.90e+01,1.90e+01
-1.86e+02,-7.46e+01,4.30e+01,2.30e+01
-2.19e+02,-5.18e+01,2.90e+01,1.90e+01
-1.74e+02,-8.09e+01,4.10e+01,2.30e+01
-2.15e+02,-4.61e+01,2.90e+01,1.90e+01
-1.94e+02,-7.66e+01,4.30e+01,2.40e+01
-2.19e+02,-6.07e+01,2.90e+01,1.90e+01
-2.21e+02,-5.36e+01,2.90e+01,1.90e+01
-1.77e+02,-7.90e+01,4.20e+01,2.30e+01
-1.93e+02,-7.72e+01,4.50e+01,2.60e+01
-2.24e+02,-5.65e+01,3.00e+01,1.90e+01
-1.62e+02,-7.12e+01,4.20e+01,2.30e+01
-1.69e+02,-5.86e+01,4.20e+01,2.30e+01
-1.74e+02,-7.95e+01,4.40e+01,2.40e+01
-5.00e+02,-5.00e+02,4.30e+01,2.30e+01
-2.99e+02,-1.60e+02,4.20e+01,2.30e+01
-1.69e+02,-7.54e+01,4.10e+01,2.30e+01
-2.34e+02,-6.96e+01,3.10e+01,2.10e+01
-2.18e+02,-5.14e+01,3.20e+01,2.00e+01
-1.63e+02,-7.82e+01,4.20e+01,2.30e+01
-1.74e+02,-6.50e+01,4.20e+01,2.30e+01
-2.21e+02,-5.64e+01,3.00e+01,1.90e+01
-1.70e+02,-6.70e+01,4.20e+01,2.30e+01
-1.88e+02,-9.72e+01,4.20e+01,2.30e+01
-2.18e+02,-4.85e+01,3.00e+01,2.00e+01
-2.21e+02,-5.98e+01,2.90e+01,1.90e+01
-1.67e+02,-6.84e+01,4.10e+01,2.30e+01
-1.68e+02,-7.21e+01,4.40e+01,2.40e+01
-1.75e+02,-7.18e+01,4.20e+01,2.30e+01
-4.61e+02,-2.75e+02,4.20e+01,2.30e+01
-1.67e+02,-7.21e+01,4.10e+01,2.30e+01
-2.79e+02,-1.45e+02,4.30e+01,2.30e+01
-2.19e+02,-6.74e+01,3.20e+01,2.10e+01
-2.21e+02,-5.85e+01,2.90e+01,1.90e+01
-1.75e+02,-5.77e+01,4.30e+01,2.30e+01
-2.14e+02,-6.44e+01,4.20e+01,2.30e+01
-3.95e+02,-1.69e+02,2.90e+01,1.90e+01
-1.95e+02,-7.76e+01,4.20e+01,2.30e+01
-1.83e+02,-9.42e+01,4.10e+01,2.30e+01
-4.85e+02,-4.13e+02,4.30e+01,2.30e+01
-2.13e+02,-4.96e+01,3.00e+01,1.90e+01
-2.26e+02,-6.10e+01,3.10e+01,2.10e+01
-1.75e+02,-7.57e+01,4.20e+01,2.30e+01
-1.82e+02,-7.88e+01,4.10e+01,2.30e+01
-2.25e+02,-6.65e+01,2.90e+01,1.90e+01
-2.33e+02,-6.91e+01,3.10e+01,2.00e+01
-1.86e+02,-9.90e+01,4.20e+01,2.30e+01
-1.91e+02,-9.19e+01,4.30e+01,2.30e+01
-2.16e+02,-5.70e+01,3.10e+01,2.00e+01
-2.24e+02,-6.90e+01,3.00e+01,2.00e+01
-1.83e+02,-1.05e+02,4.40e+01,2.40e+01
-4.42e+02,-1.50e+02,3.20e+01,2.10e+01
-2.24e+02,-6.01e+01,2.90e+01,1.90e+01
-1.78e+02,-8.14e+01,4.30e+01,2.40e+01
-1.91e+02,-8.76e+01,4.20e+01,2.30e+01
-1.66e+02,-7.44e+01,4.20e+01,2.30e+01
-2.24e+02,-5.37e+01,3.00e+01,2.00e+01
-4.45e+02,-1.73e+02,3.10e+01,2.10e+01
-2.19e+02,-9.11e+01,4.20e+01,2.40e+01
-2.27e+02,-7.09e+01,2.90e+01,1.90e+01
-5.00e+02,-5.00e+02,2.90e+01,1.90e+01
-1.69e+02,-8.38e+01,4.30e+01,2.40e+01
-1.62e+02,-6.80e+01,4.30e+01,2.30e+01
-2.19e+02,-5.95e+01,3.10e+01,2.00e+01
-2.21e+02,-5.92e+01,3.00e+01,2.00e+01
-2.22e+02,-5.08e+01,3.00e+01,1.90e+01
-2.20e+02,-5.45e+01,2.90e+01,1.90e+01
-4.57e+02,-2.41e+02,4.10e+01,2.30e+01
-2.21e+02,-5.06e+01,3.00e+01,1.90e+01
-2.26e+02,-4.50e+01,3.20e+01,2.00e+01
-1.84e+02,-7.45e+01,4.30e+01,2.30e+01
-2.27e+02,-4.92e+01,3.30e+01,2.10e+01
-1.64e+02,-6.85e+01,4.30e+01,2.50e+01
-1.76e+02,-6.58e+01,4.20e+01,2.30e+01
-1.77e+02,-7.37e+01,4.30e+01,2.40e+01
-1.74e+02,-8.08e+01,4.30e+01,2.30e+01
-2.27e+02,-5.44e+01,3.10e+01,2.00e+01
-4.29e+02,-7.35e+01,3.00e+01,2.00e+01
-1.72e+02,-9.33e+01,4.40e+01,2.60e+01
-2.15e+02,-5.80e+01,3.10e+01,2.00e+01
-2.11e+02,-7.46e+01,4.30e+01,2.30e+01
-1.76e+02,-7.31e+01,4.20e+01,2.30e+01
-1.76e+02,-8.35e+01,4.30e+01,2.30e+01
-2.41e+02,-6.61e+01,3.10e+01,2.00e+01
-1.62e+02,-7.55e+01,4.40e+01,2.40e+01
-2.37e+02,-7.17e+01,2.90e+01,1.90e+01
