-1.43e+02,-5.66e+01,1.30e+01,1.80e+01
-1.42e+02,-4.14e+01,1.40e+01,1.90e+01
-3.03e+02,-5.63e+01,1.50e+01,1.90e+01
-3.39e+02,-4.85e+01,1.60e+01,2.00e+01
-3.07e+02,-6.95e+01,1.20e+01,1.70e+01
-3.18e+02,-5.67e+01,1.40e+01,1.90e+01
-3.38e+02,-1.25e+02,1.60e+01,2.00e+01
-3.25e+02,-4.61e+01,1.20e+01,1.70e+01
-2.97e+02,-5.17e+01,1.30e+01,1.80e+01
-3.01e+02,-7.67e+01,1.40e+01,1.90e+01
-3.17e+02,-7.09e+01,1.50e+01,1.90e+01
-3.23e+02,-8.11e+01,1.20e+01,1.70e+01
-3.47e+02,-4.98e+01,1.20e+01,1.70e+01
-3.21e+02,-6.33e+01,1.30e+01,1.70e+01
-3.26e+02,-5.76e+01,1.20e+01,1.70e+01
-3.35e+02,-5.70e+01,1.20e+01,1.70e+01
-3.43e+02,-7.59e+01,1.40e+01,1.90e+01
-3.22e+02,-7.55e+01,1.40e+01,1.90e+01
-3.34e+02,-6.66e+01,1.60e+01,1.90e+01
-3.65e+02,-7.82e+01,1.30e+01,1.80e+01
-3.11e+02,-4.46e+01,1.20e+01,1.70e+01
-3.49e+02,-5.78e+01,1.30e+01,1.80e+01
-3.29e+02,-5.21e+01,1.30e+01,1.80e+01
-3.25e+02,-5.87e+01,1.60e+01,2.00e+01
-3.31e+02,-6.16e+01,1.60e+01,1.90e+01
-3.58e+02,-6.29e+01,1.40e+01,1.90e+01
-3.29e+02,-6.05e+01,1.40e+01,1.90e+01
-3.64e+02,-1.27e+02,1.30e+01,1.80e+01
-3.59e+02,-7.62e+01,1.30e+01,1.70e+01
-3.05e+02,-7.44e+01,1.40e+01,1.90e+01
-3.31e+02,-7.08e+01,1.40e+01,1.90e+01
-3.43e+02,-7.29e+01,1.20e+01,1.70e+01
-3.27e+02,-5.49e+01,1.20e+01,1.70e+01
-3.40e+02,-5.56e+01,1.50e+01,1.90e+01
-3.57e+02,-7.07e+01,1.50e+01,1.90e+01
-3.29e+02,-5.50e+01,1.40e+01,1.90e+01
-3.30e+02,-5.79e+01,1.40e+01,1.90e+01
-3.21e+02,-7.06e+01,1.20e+01,1.70e+01
-3.19e+02,-6.60e+01,1.40e+01,1.90e+01
-3.15e+02,-5.75e+01,1.50e+01,2.00e+01
-3.31e+02,-7.89e+01,1.40e+01,1.90e+01
-3.44e+02,-7.12e+01,1.50e+01,1.90e+01
-3.59e+02,-8.95e+01,1.50e+01,2.00e+01
-3.06e+02,-6.56e+01,1.20e+01,1.70e+01
-3.44e+02,-5.67e+01,1.50e+01,2.00e+01
-3.43e+02,-5.01e+01,1.30e+01,1.80e+01
-3.43e+02,-6.33e+01,1.20e+01,1.70e+01
-3.30e+02,-4.75e+01,1.50e+01,2.00e+01
-3.24e+02,-4.94e+01,1.40e+01,1.90e+01
-3.16e+02,-7.18e+01,1.40e+01,1.90e+01
-3.10e+02,-9.66e+01,1.30e+01,1.80e+01
-3.42e+02,-5.91e+01,1.40e+01,1.90e+01
-3.52e+02,-5.33e+01,1.30e+01,1.80e+01
-3.57e+02,-5.05e+01,1.50e+01,1.90e+01
-3.03e+02,-5.18e+01,1.20e+01,1.70e+01
-3.35e+02,-5.71e+01,1.60e+01,2.00e+01
-3.41e+02,-6.39e+01,1.20e+01,1.70e+01
-3.29e+02,-4.98e+01,1.40e+01,1.90e+01
-3.26e+02,-6.71e+01,1.20e+01,1.70e+01
-3.49e+02,-5.13e+01,1.50e+01,2.00e+01
-3.27e+02,-5.96e+01,1.30e+01,1.80e+01
-3.12e+02,-5.90e+01,1.40e+01,1.90e+01
-3.27e+02,-5.11e+01,1.60e+01,2.00e+01
-3.14e+02,-4.17e+01,1.50e+01,2.00e+01
-3.18e+02,-6.07e+01,1.50e+01,2.00e+01
-3.07e+02,-5.90e+01,1.20e+01,1.70e+01
-3.38e+02,-6.40e+01,1.50e+01,1.90e+01
-1.43e+02,-5.32e+01,1.40e+01,1.90e+01
-1.33e+02,-4.60e+01,1.50e+01,2.00e+01
-5.00e+02,-5.00e+02,1.30e+01,1.80e+01
-4.42e+02,-1.53e+02,1.20e+01,1.70e+01
-4.37e+02,-1.26e+02,1.20e+01,1.70e+01
-3.52e+02,-5.27e+01,1.60e+01,2.00e+01
-3.18e+02,-8.39e+01,1.60e+01,2.00e+01
-3.69e+02,-9.13e+01,1.30e+01,1.80e+01
-3.52e+02,-5.81e+01,1.40e+01,1.90e+01
-3.24e+02,-6.13e+01,1.20e+01,1.70e+01
-1.38e+02,-4.10e+01,1.30e+01,1.80e+01
-3.29e+02,-4.76e+01,1.40e+01,1.90e+01
-3.30e+02,-6.54e+01,1.60e+01,2.00e+01
-5.00e+02,-5.00e+02,1.20e+01,1.70e+01
-3.33e+02,-4.75e+01,1.30e+01,1.80e+01
-1.38e+02,-4.08e+01,1.30e+01,1.80e+01
-5.00e+02,-5.00e+02,1.60e+01,2.00e+01
-4.40e+02,-1.43e+02,1.50e+01,2.00e+01
-1.40e+02,-4.93e+01,1.40e+01,1.90e+01
-3.62e+02,-5.79e+01,1.40e+01,1.90e+01
-1.43e+02,-4.45e+01,1.40e+01,1.90e+01
-3.47e+02,-7.85e+01,1.50e+01,1.90e+01
-5.00e+02,-5.00e+02,1.70e+01,2.00e+01
-1.38e+02,-4.30e+01,1.40e+01,1.90e+01
-3.03e+02,-5.39e+01,1.70e+01,2.10e+01
-3.17e+02,-5.77e+01,1.30e+01,1.80e+01
-3.27e+02,-5.60e+01,1.20e+01,1.70e+01
-3.26e+02,-5.89e+01,1.20e+01,1.70e+01
-3.37e+02,-5.22e+01,1.20e+01,1.70e+01
-3.46e+02,-8.75e+01,1.50e+01,1.90e+01
-5.00e+02,-5.00e+02,1.30e+01,1.70e+01
-4.47e+02,-1.86e+02,1.30e+01,1.80e+01
-4.23e+02,-1.11e+02,1.50e+01,1.90e+01
-3.04e+02,-4.82e+01,1.60e+01,2.00e+01
-3.44e+02,-6.07e+01,1.30e+01,1.80e+01
-1.56e+02,-4.05e+01,1.40e+01,1.90e+01
-3.26e+02,-7.57e+01,1.30e+01,1.80e+01
-3.57e+02,-8.92e+01,1.50e+01,1.90e+01
-3.42e+02,-5.47e+01,1.50e+01,1.90e+01
-3.09e+02,-6.20e+01,1.40e+01,1.90e+01
-3.27e+02,-7.37e+01,1.20e+01,1.70e+01
-1.49e+02,-4.45e+01,1.30e+01,1.80e+01
-5.00e+02,-5.00e+02,1.20e+01,1.70e+01
-3.57e+02,-9.11e+01,1.60e+01,2.00e+01
-4.47e+02,-1.81e+02,1.40e+01,1.90e+01
-1.52e+02,-5.12e+01,1.40e+01,1.90e+01
-3.29e+02,-5.60e+01,1.20e+01,1.70e+01
-3.18e+02,-6.11e+01,1.70e+01,2.00e+01
-5.00e+02,-5.00e+02,1.40e+01,1.90e+01
-3.50e+02,-5.60e+01,1.20e+01,1.70e+01
-3.42e+02,-7.44e+01,1.40e+01,1.90e+01
-3.66e+02,-8.24e+01,1.40e+01,1.90e+01
-3.29e+02,-6.80e+01,1.40e+01,1.90e+01
-3.34e+02,-7.23e+01,1.30e+01,1.80e+01
-3.64e+02,-5.82e+01,1.20e+01,1.70e+01
-3.38e+02,-8.01e+01,1.60e+01,2.00e+01
-5.00e+02,-5.00e+02,1.50e+01,2.00e+01
-3.33e+02,-6.34e+01,1.60e+01,2.00e+01
-3.77e+02,-5.90e+01,1.60e+01,2.00e+01
-3.43e+02,-6.23e+01,1.40e+01,1.90e+01
-1.37e+02,-3.93e+01,1.50e+01,2.00e+01
-5.00e+02,-5.00e+02,1.40e+01,1.90e+01
-3.23e+02,-9.45e+01,1.50e+01,1.90e+01
-3.37e+02,-6.78e+01,1.60e+01,2.00e+01
-3.66e+02,-8.02e+01,1.20e+01,1.70e+01
-3.29e+02,-5.60e+01,1.40e+01,1.90e+01
-1.43e+02,-5.04e+01,1.40e+01,1.90e+01
-3.46e+02,-7.63e+01,1.20e+01,1.70e+01
-1.46e+02,-5.21e+01,1.30e+01,1.80e+01
-3.29e+02,-1.29e+02,1.20e+01,1.70e+01
-3.43e+02,-5.63e+01,1.70e+01,2.10e+01
-3.05e+02,-6.38e+01,1.30e+01,1.80e+01
-3.08e+02,-5.56e+01,1.30e+01,1.70e+01
-1.44e+02,-4.67e+01,1.50e+01,1.90e+01
-5.00e+02,-5.00e+02,1.40e+01,1.90e+01
-1.47e+02,-4.91e+01,1.30e+01,1.80e+01
-3.37e+02,-5.47e+01,1.30e+01,1.80e+01
-5.00e+02,-5.00e+02,1.40e+01,1.90e+01
-5.00e+02,-5.00e+02,1.30e+01,1.80e+01
-1.42e+02,-4.92e+01,1.40e+01,1.90e+01
-1.37e+02,-4.00e+01,1.30e+01,1.80e+01
-3.54e+02,-6.75e+01,1.30e+01,1.80e+01
-3.14e+02,-5.41e+01,1.30e+01,1.80e+01
-3.55e+02,-6.01e+01,1.40e+01,1.90e+01
-3.25e+02,-9.11e+01,1.60e+01,2.00e+01
-2.29e+02,-5.29e+01,1.40e+01,1.90e+01
-3.46e+02,-5.35e+01,1.40e+01,1.90e+01
-3.32e+02,-5.69e+01,1.20e+01,1.70e+01
-1.43e+02,-5.16e+01,1.30e+01,1.80e+01
-1.53e+02,-4.64e+01,1.40e+01,1.90e+01
-1.45e+02,-4.74e+01,1.50e+01,1.90e+01
-3.49e+02,-5.76e+01,1.50e+01,1.90e+01
-3.63e+02,-7.06e+01,1.20e+01,1.70e+01
-5.00e+02,-5.00e+02,1.30e+01,1.80e+01
-3.31e+02,-5.49e+01,1.60e+01,2.00e+01
-1.43e+02,-5.29e+01,1.40e+01,1.90e+01
-1.52e+02,-5.78e+01,1.50e+01,2.00e+01
-3.53e+02,-6.60e+01,1.60e+01,2.00e+01
-1.46e+02,-4.23e+01,1.30e+01,1.80e+01
-3.55e+02,-8.96e+01,1.30e+01,1.80e+01
-3.68e+02,-7.69e+01,1.20e+01,1.70e+01
-3.40e+02,-5.83e+01,1.50e+01,2.00e+01
-3.26e+02,-4.81e+01,1.40e+01,1.90e+01
-3.26e+02,-5.63e+01,1.60e+01,2.00e+01
-1.44e+02,-5.26e+01,1.40e+01,1.90e+01
-1.38e+02,-4.06e+01,1.40e+01,1.90e+01
-3.34e+02,-5.91e+01,1.20e+01,1.70e+01
-1.45e+02,-4.44e+01,1.30e+01,1.80e+01
-3.44e+02,-5.30e+01,1.20e+01,1.70e+01
-3.07e+02,-5.35e+01,1.40e+01,1.90e+01
-4.38e+02,-1.27e+02,1.30e+01,1.70e+01
-3.39e+02,-6.03e+01,1.60e+01,1.90e+01
-3.48e+02,-7.15e+01,1.20e+01,1.70e+01
-1.43e+02,-4.81e+01,1.30e+01,1.80e+01
-3.51e+02,-7.85e+01,1.50e+01,2.00e+01
-3.12e+02,-6.14e+01,1.20e+01,1.70e+01
-3.29e+02,-6.61e+01,1.60e+01,2.00e+01
-3.48e+02,-5.34e+01,1.60e+01,2.00e+01
-4.91e+02,-4.57e+02,1.30e+01,1.80e+01
-3.30e+02,-6.27e+01,1.60e+01,2.00e+01
-3.45e+02,-5.41e+01,1.40e+01,1.90e+01
-3.31e+02,-5.73e+01,1.50e+01,2.00e+01
-3.32e+02,-6.98e+01,1.70e+01,2.10e+01
-3.12e+02,-5.28e+01,1.20e+01,1.70e+01
-1.47e+02,-5.47e+01,1.40e+01,1.90e+01
