2.02e+02,7.70e+02,1.10e+01,1.60e+01
2.02e+02,7.70e+02,1.10e+01,1.60e+01
2.02e+02,7.70e+02,1.10e+01,1.60e+01
2.02e+02,7.70e+02,1.10e+01,1.60e+01
2.02e+02,7.70e+02,1.10e+01,1.60e+01
2.02e+02,7.70e+02,1.10e+01,1.60e+01
2.02e+02,7.70e+02,1.10e+01,1.60e+01
2.02e+02,7.70e+02,1.10e+01,1.60e+01
2.02e+02,7.70e+02,1.10e+01,1.60e+01
2.02e+02,7.70e+02,1.10e+01,1.60e+01
2.02e+02,7.70e+02,1.10e+01,1.60e+01
2.02e+02,7.70e+02,1.10e+01,1.60e+01
2.02e+02,7.70e+02,1.10e+01,1.60e+01
2.02e+02,7.70e+02,1.10e+01,1.60e+01
2.02e+02,7.70e+02,1.10e+01,1.60e+01
2.02e+02,7.70e+02,1.10e+01,1.60e+01
2.02e+02,7.70e+02,1.10e+01,1.60e+01
2.02e+02,7.70e+02,1.10e+01,1.60e+01
2.02e+02,7.70e+02,1.10e+01,1.60e+01
2.02e+02,7.70e+02,1.10e+01,1.60e+01
2.02e+02,7.70e+02,1.10e+01,1.60e+01
2.02e+02,7.70e+02,1.10e+01,1.60e+01
2.02e+02,7.70e+02,1.10e+01,1.60e+01
2.02e+02,7.70e+02,1.10e+01,1.60e+01
2.02e+02,7.70e+02,1.10e+01,1.60e+01
2.02e+02,7.70e+02,1.10e+01,1.60e+01
2.02e+02,7.70e+02,1.10e+01,1.60e+01
2.02e+02,7.70e+02,1.10e+01,1.60e+01
2.02e+02,7.70e+02,1.10e+01,1.60e+01
2.02e+02,7.70e+02,1.10e+01,1.60e+01
2.02e+02,7.70e+02,1.10e+01,1.60e+01
1.79e+02,6.74e+02,1.10e+01,1.60e+01
2.02e+02,7.70e+02,1.30e+01,1.70e+01
2.02e+02,7.70e+02,1.30e+01,1.60e+01
1.80e+02,6.83e+02,1.20e+01,1.70e+01
2.02e+02,7.70e+02,1.10e+01,1.60e+01
1.21e+02,3.01e+02,1.10e+01,1.60e+01
1.83e+02,6.58e+02,1.10e+01,1.60e+01
2.02e+02,7.70e+02,1.20e+01,1.60e+01
7.54e+01,2.41e+02,1.10e+01,1.60e+01
2.02e+02,7.70e+02,1.10e+01,1.60e+01
-7.14e+01,-1.65e+01,1.10e+01,1.60e+01
1.67e+02,5.54e+02,1.10e+01,1.60e+01
7.51e+01,2.41e+02,1.10e+01,1.60e+01
2.02e+02,7.70e+02,1.20e+01,1.60e+01
1.36e+02,4.34e+02,1.10e+01,1.60e+01
2.02e+02,7.70e+02,1.30e+01,1.70e+01
2.02e+02,7.70e+02,1.10e+01,1.60e+01
2.02e+02,7.70e+02,1.10e+01,1.60e+01
7.49e+01,2.41e+02,1.20e+01,1.70e+01
2.02e+02,7.70e+02,1.10e+01,1.60e+01
-7.14e+01,-1.65e+01,1.10e+01,1.60e+01
1.67e+02,5.54e+02,1.10e+01,1.60e+01
2.02e+02,7.70e+02,1.10e+01,1.60e+01
3.34e+00,2.75e+02,1.10e+01,1.60e+01
1.37e+02,4.34e+02,1.10e+01,1.60e+01
2.02e+02,7.70e+02,1.10e+01,1.60e+01
2.02e+02,7.70e+02,1.20e+01,1.60e+01
1.51e+02,4.56e+02,1.20e+01,1.60e+01
2.02e+02,7.70e+02,1.10e+01,1.60e+01
2.02e+02,7.70e+02,1.10e+01,1.60e+01
2.02e+02,7.70e+02,1.10e+01,1.60e+01
1.68e+02,5.54e+02,1.10e+01,1.60e+01
7.22e+01,2.41e+02,1.10e+01,1.60e+01
7.22e+01,2.41e+02,1.10e+01,1.60e+01
2.02e+02,7.70e+02,1.20e+01,1.60e+01
5.84e+01,2.25e+02,1.10e+01,1.60e+01
2.02e+02,7.70e+02,1.20e+01,1.70e+01
1.68e+02,5.54e+02,1.10e+01,1.60e+01
-7.14e+01,-1.65e+01,1.10e+01,1.60e+01
1.77e+02,6.18e+02,1.20e+01,1.60e+01
1.40e+02,4.43e+02,1.10e+01,1.60e+01
2.02e+02,7.70e+02,1.10e+01,1.60e+01
2.02e+02,7.70e+02,1.10e+01,1.60e+01
2.02e+02,7.70e+02,1.10e+01,1.60e+01
2.02e+02,7.70e+02,1.10e+01,1.60e+01
5.83e+01,2.25e+02,1.10e+01,1.60e+01
2.02e+02,7.70e+02,1.10e+01,1.60e+01
7.54e+01,2.41e+02,1.10e+01,1.60e+01
1.36e+02,4.31e+02,1.20e+01,1.70e+01
2.02e+02,7.70e+02,1.10e+01,1.60e+01
1.67e+02,5.54e+02,1.10e+01,1.60e+01
1.58e+02,5.54e+02,1.10e+01,1.60e+01
2.02e+02,7.70e+02,1.20e+01,1.60e+01
7.51e+01,2.41e+02,1.10e+01,1.60e+01
2.02e+02,7.70e+02,1.20e+01,1.60e+01
2.02e+02,7.70e+02,1.10e+01,1.60e+01
2.02e+02,7.70e+02,1.20e+01,1.60e+01
2.02e+02,7.70e+02,1.20e+01,1.60e+01
1.89e+02,6.79e+02,1.20e+01,1.60e+01
2.02e+02,7.70e+02,1.10e+01,1.60e+01
2.02e+02,7.70e+02,1.10e+01,1.60e+01
2.02e+02,7.70e+02,1.20e+01,1.60e+01
1.35e+02,4.31e+02,1.10e+01,1.60e+01
1.41e+02,4.64e+02,1.20e+01,1.60e+01
2.02e+02,7.70e+02,1.20e+01,1.60e+01
2.02e+02,7.70e+02,1.10e+01,1.60e+01
2.02e+02,7.70e+02,1.20e+01,1.60e+01
2.02e+02,7.70e+02,1.10e+01,1.60e+01
2.02e+02,7.70e+02,1.20e+01,1.60e+01
2.02e+02,7.70e+02,1.10e+01,1.60e+01
7.22e+01,2.41e+02,1.10e+01,1.60e+01
2.02e+02,7.70e+02,1.10e+01,1.60e+01
1.58e+02,5.54e+02,1.10e+01,1.60e+01
1.36e+02,4.35e+02,1.10e+01,1.60e+01
2.02e+02,7.70e+02,1.10e+01,1.60e+01
2.02e+02,7.70e+02,1.20e+01,1.60e+01
2.02e+02,7.70e+02,1.10e+01,1.60e+01
1.36e+02,4.35e+02,1.10e+01,1.60e+01
1.40e+02,4.43e+02,1.20e+01,1.60e+01
2.02e+02,7.70e+02,1.10e+01,1.60e+01
2.02e+02,7.70e+02,1.20e+01,1.60e+01
2.02e+02,7.70e+02,1.10e+01,1.60e+01
2.02e+02,7.70e+02,1.10e+01,1.60e+01
2.02e+02,7.70e+02,1.40e+01,1.70e+01
1.68e+02,5.54e+02,1.10e+01,1.60e+01
2.02e+02,7.70e+02,1.10e+01,1.60e+01
2.02e+02,7.70e+02,1.10e+01,1.60e+01
2.02e+02,7.70e+02,1.20e+01,1.60e+01
1.27e+02,4.40e+02,1.10e+01,1.60e+01
9.56e+01,1.56e+02,1.10e+01,1.60e+01
1.69e+02,5.54e+02,1.10e+01,1.60e+01
2.02e+02,7.70e+02,1.20e+01,1.70e+01
1.92e+02,7.09e+02,1.10e+01,1.60e+01
1.93e+02,7.12e+02,1.20e+01,1.70e+01
-6.32e+01,0.00e+00,1.20e+01,1.70e+01
2.02e+02,7.70e+02,1.10e+01,1.60e+01
1.58e+02,5.54e+02,1.10e+01,1.60e+01
