-1.76e+02,-8.11e+01,5.40e+01,3.30e+01
-3.56e+02,-6.66e+01,5.30e+01,3.30e+01
-2.52e+02,-8.70e+01,5.80e+01,3.60e+01
-1.76e+02,-8.25e+01,5.40e+01,3.30e+01
-1.75e+02,-7.95e+01,5.80e+01,3.60e+01
-2.36e+02,-8.17e+01,5.40e+01,3.40e+01
-1.83e+02,-9.25e+01,5.50e+01,3.40e+01
-1.76e+02,-8.64e+01,5.90e+01,3.60e+01
-2.29e+02,-7.51e+01,5.50e+01,3.40e+01
-1.81e+02,-9.49e+01,5.50e+01,3.30e+01
-2.27e+02,-7.34e+01,5.40e+01,3.30e+01
-3.56e+02,-6.26e+01,5.30e+01,3.30e+01
-1.86e+02,-8.47e+01,5.40e+01,3.30e+01
-2.27e+02,-7.70e+01,5.30e+01,3.30e+01
-2.32e+02,-7.89e+01,5.30e+01,3.30e+01
-2.27e+02,-7.64e+01,5.30e+01,3.30e+01
-1.75e+02,-7.52e+01,5.70e+01,3.50e+01
-1.78e+02,-8.37e+01,5.60e+01,3.30e+01
-1.69e+02,-7.45e+01,5.70e+01,3.50e+01
-2.26e+02,-6.00e+01,5.50e+01,3.40e+01
-1.79e+02,-7.79e+01,5.90e+01,3.70e+01
-3.56e+02,-6.54e+01,5.30e+01,3.30e+01
-3.55e+02,-5.71e+01,5.30e+01,3.30e+01
-1.76e+02,-7.63e+01,6.00e+01,3.60e+01
-3.34e+02,-1.09e+02,5.90e+01,3.70e+01
-1.74e+02,-8.41e+01,5.50e+01,3.30e+01
-1.73e+02,-8.86e+01,5.70e+01,3.50e+01
-2.25e+02,-7.87e+01,5.50e+01,3.40e+01
-2.28e+02,-1.01e+02,5.50e+01,3.30e+01
-2.28e+02,-8.78e+01,6.00e+01,3.60e+01
-1.79e+02,-7.80e+01,5.60e+01,3.40e+01
-4.27e+02,-6.36e+01,5.50e+01,3.40e+01
-1.81e+02,-9.58e+01,5.80e+01,3.60e+01
-1.75e+02,-9.02e+01,5.50e+01,3.40e+01
-2.24e+02,-6.06e+01,5.50e+01,3.50e+01
-1.70e+02,-8.25e+01,5.90e+01,3.60e+01
-2.43e+02,-7.95e+01,5.50e+01,3.40e+01
-1.76e+02,-9.30e+01,5.80e+01,3.50e+01
-3.28e+02,-1.03e+02,5.40e+01,3.30e+01
-1.71e+02,-7.49e+01,5.90e+01,3.50e+01
-1.78e+02,-9.46e+01,5.50e+01,3.40e+01
-1.85e+02,-8.83e+01,5.50e+01,3.30e+01
-1.85e+02,-9.07e+01,5.90e+01,3.60e+01
-3.61e+02,-7.16e+01,5.50e+01,3.40e+01
-3.12e+02,-8.91e+01,5.70e+01,3.40e+01
-2.76e+02,-7.61e+01,5.60e+01,3.40e+01
-1.77e+02,-7.53e+01,5.80e+01,3.60e+01
-3.56e+02,-6.99e+01,5.30e+01,3.30e+01
-2.30e+02,-7.71e+01,5.40e+01,3.40e+01
-2.50e+02,-1.01e+02,5.50e+01,3.40e+01
-2.35e+02,-7.65e+01,5.50e+01,3.40e+01
-1.76e+02,-8.74e+01,5.80e+01,3.60e+01
-1.90e+02,-9.43e+01,5.80e+01,3.70e+01
-2.30e+02,-7.34e+01,5.50e+01,3.30e+01
-1.81e+02,-8.62e+01,5.90e+01,3.60e+01
-2.92e+02,-5.76e+01,5.50e+01,3.40e+01
-1.77e+02,-7.62e+01,6.00e+01,3.60e+01
-3.56e+02,-6.43e+01,5.40e+01,3.30e+01
-1.74e+02,-7.24e+01,5.70e+01,3.50e+01
-1.78e+02,-8.00e+01,6.10e+01,3.70e+01
-2.19e+02,-7.21e+01,5.90e+01,3.60e+01
-3.57e+02,-1.20e+02,5.90e+01,3.70e+01
-2.27e+02,-7.31e+01,5.40e+01,3.30e+01
-1.76e+02,-8.42e+01,5.50e+01,3.40e+01
-2.43e+02,-8.49e+01,5.70e+01,3.40e+01
-4.41e+02,-1.45e+02,5.40e+01,3.30e+01
-3.77e+02,-1.15e+02,5.40e+01,3.30e+01
-1.77e+02,-9.30e+01,5.50e+01,3.30e+01
-3.53e+02,-5.85e+01,5.30e+01,3.30e+01
-2.23e+02,-7.62e+01,5.40e+01,3.40e+01
-2.19e+02,-5.36e+01,6.00e+01,3.70e+01
-1.72e+02,-8.85e+01,5.90e+01,3.60e+01
-1.80e+02,-8.51e+01,5.70e+01,3.50e+01
-3.52e+02,-5.75e+01,5.30e+01,3.30e+01
-1.78e+02,-8.39e+01,5.40e+01,3.30e+01
-3.63e+02,-7.01e+01,5.40e+01,3.30e+01
-1.82e+02,-8.10e+01,5.40e+01,3.30e+01
-3.03e+02,-7.47e+01,5.40e+01,3.30e+01
-3.06e+02,-7.98e+01,6.10e+01,3.80e+01
-3.55e+02,-6.29e+01,5.30e+01,3.30e+01
-2.42e+02,-9.32e+01,5.50e+01,3.40e+01
-1.84e+02,-7.93e+01,5.50e+01,3.40e+01
-1.86e+02,-9.18e+01,5.50e+01,3.30e+01
-1.74e+02,-8.19e+01,5.90e+01,3.60e+01
-4.27e+02,-6.25e+01,5.60e+01,3.40e+01
-2.43e+02,-9.43e+01,5.90e+01,3.70e+01
-1.86e+02,-9.57e+01,5.50e+01,3.30e+01
-2.33e+02,-7.07e+01,5.50e+01,3.50e+01
-2.34e+02,-8.42e+01,5.50e+01,3.40e+01
-1.93e+02,-7.92e+01,5.60e+01,3.30e+01
-1.77e+02,-8.78e+01,5.70e+01,3.40e+01
-2.25e+02,-7.56e+01,5.30e+01,3.30e+01
-3.58e+02,-6.10e+01,5.50e+01,3.40e+01
-1.75e+02,-7.87e+01,5.40e+01,3.30e+01
-2.25e+02,-6.67e+01,5.50e+01,3.40e+01
-1.79e+02,-8.25e+01,5.50e+01,3.40e+01
-1.74e+02,-9.44e+01,5.80e+01,3.60e+01
-1.71e+02,-8.59e+01,5.80e+01,3.60e+01
-1.81e+02,-1.00e+02,5.80e+01,3.60e+01
-3.03e+02,-8.13e+01,5.50e+01,3.40e+01
-3.54e+02,-6.09e+01,5.40e+01,3.30e+01
-1.79e+02,-8.22e+01,5.60e+01,3.40e+01
-2.30e+02,-5.57e+01,5.60e+01,3.40e+01
-2.15e+02,-6.24e+01,5.80e+01,3.60e+01
-2.25e+02,-7.10e+01,5.90e+01,3.60e+01
-3.04e+02,-7.00e+01,6.00e+01,3.70e+01
-2.47e+02,-9.37e+01,5.40e+01,3.30e+01
-2.27e+02,-7.14e+01,5.30e+01,3.30e+01
-2.28e+02,-7.94e+01,5.90e+01,3.60e+01
-2.25e+02,-7.65e+01,5.90e+01,3.60e+01
-2.42e+02,-1.01e+02,5.50e+01,3.50e+01
-1.79e+02,-9.15e+01,5.50e+01,3.40e+01
-3.58e+02,-7.04e+01,5.30e+01,3.30e+01
-1.78e+02,-1.00e+02,5.50e+01,3.30e+01
-2.31e+02,-5.52e+01,5.50e+01,3.40e+01
-2.23e+02,-7.63e+01,5.60e+01,3.50e+01
-3.57e+02,-6.49e+01,5.30e+01,3.30e+01
-2.23e+02,-7.04e+01,5.60e+01,3.50e+01
-3.70e+02,-9.77e+01,5.40e+01,3.30e+01
-4.29e+02,-7.55e+01,5.40e+01,3.30e+01
-1.71e+02,-8.52e+01,5.90e+01,3.60e+01
-2.27e+02,-7.05e+01,5.40e+01,3.30e+01
-3.17e+02,-7.80e+01,5.80e+01,3.60e+01
-4.26e+02,-6.03e+01,5.50e+01,3.40e+01
-1.77e+02,-8.28e+01,5.40e+01,3.30e+01
-3.55e+02,-6.21e+01,5.40e+01,3.30e+01
-3.16e+02,-7.31e+01,5.60e+01,3.50e+01
-3.54e+02,-6.35e+01,5.40e+01,3.40e+01
-1.92e+02,-9.08e+01,5.90e+01,3.60e+01
-2.22e+02,-6.99e+01,5.30e+01,3.30e+01
-1.74e+02,-8.49e+01,5.90e+01,3.40e+01
-2.26e+02,-7.80e+01,5.30e+01,3.30e+01
-1.79e+02,-9.73e+01,5.50e+01,3.40e+01
-3.04e+02,-7.31e+01,5.80e+01,3.60e+01
-3.06e+02,-6.46e+01,5.50e+01,3.40e+01
-1.72e+02,-8.91e+01,5.90e+01,3.60e+01
-3.60e+02,-6.81e+01,5.30e+01,3.30e+01
-2.47e+02,-9.07e+01,5.50e+01,3.30e+01
-1.72e+02,-7.76e+01,5.70e+01,3.50e+01
-1.87e+02,-8.17e+01,5.50e+01,3.30e+01
-4.31e+02,-8.65e+01,5.50e+01,3.40e+01
-2.29e+02,-7.88e+01,5.40e+01,3.40e+01
-1.70e+02,-8.08e+01,5.40e+01,3.30e+01
-2.35e+02,-6.46e+01,5.40e+01,3.30e+01
-1.89e+02,-8.50e+01,5.40e+01,3.30e+01
-1.73e+02,-7.36e+01,5.60e+01,3.30e+01
-2.43e+02,-8.91e+01,5.50e+01,3.40e+01
-2.23e+02,-6.00e+01,5.40e+01,3.30e+01
-3.80e+02,-1.25e+02,5.80e+01,3.60e+01
-1.98e+02,-1.04e+02,5.60e+01,3.30e+01
-1.84e+02,-8.64e+01,5.50e+01,3.40e+01
-1.74e+02,-9.14e+01,5.40e+01,3.30e+01
-2.25e+02,-7.10e+01,5.60e+01,3.50e+01
-2.32e+02,-6.87e+01,5.60e+01,3.50e+01
-2.34e+02,-6.99e+01,5.50e+01,3.50e+01
-1.80e+02,-9.17e+01,5.50e+01,3.40e+01
-4.41e+02,-1.50e+02,5.50e+01,3.30e+01
-1.79e+02,-9.20e+01,5.70e+01,3.50e+01
-1.82e+02,-8.55e+01,5.90e+01,3.60e+01
-2.09e+02,-1.05e+02,6.00e+01,3.50e+01
-1.78e+02,-8.86e+01,5.90e+01,3.60e+01
-1.72e+02,-8.34e+01,5.50e+01,3.40e+01
-1.72e+02,-8.32e+01,5.60e+01,3.30e+01
-1.73e+02,-9.24e+01,5.50e+01,3.30e+01
-1.81e+02,-9.14e+01,5.80e+01,3.60e+01
-1.81e+02,-1.00e+02,5.60e+01,3.40e+01
-2.32e+02,-7.11e+01,5.70e+01,3.50e+01
-1.85e+02,-8.22e+01,5.70e+01,3.40e+01
-3.32e+02,-7.14e+01,5.50e+01,3.40e+01
-2.29e+02,-7.62e+01,5.30e+01,3.30e+01
-1.72e+02,-8.21e+01,5.60e+01,3.30e+01
-3.02e+02,-8.40e+01,5.50e+01,3.30e+01
-2.90e+02,-7.57e+01,5.40e+01,3.40e+01
-2.32e+02,-8.44e+01,5.50e+01,3.40e+01
-5.00e+02,-5.00e+02,5.60e+01,3.30e+01
-1.92e+02,-1.04e+02,5.90e+01,3.60e+01
-1.82e+02,-1.00e+02,5.60e+01,3.30e+01
-1.67e+02,-7.59e+01,5.40e+01,3.30e+01
-1.78e+02,-8.52e+01,5.40e+01,3.30e+01
-1.76e+02,-7.95e+01,5.40e+01,3.30e+01
-1.71e+02,-8.62e+01,5.70e+01,3.50e+01
-2.21e+02,-7.27e+01,5.40e+01,3.30e+01
-1.81e+02,-9.17e+01,5.40e+01,3.30e+01
-2.19e+02,-9.61e+01,5.90e+01,3.50e+01
-2.24e+02,-7.25e+01,5.60e+01,3.50e+01
-1.86e+02,-8.51e+01,5.60e+01,3.40e+01
-2.44e+02,-9.34e+01,5.50e+01,3.40e+01
-1.80e+02,-9.02e+01,5.50e+01,3.30e+01
-2.26e+02,-8.15e+01,5.50e+01,3.40e+01
-3.22e+02,-1.16e+02,5.40e+01,3.30e+01
-2.29e+02,-7.72e+01,5.50e+01,3.30e+01
-2.84e+02,-5.71e+01,5.80e+01,3.60e+01
