-1.72e+02,-6.86e+01,1.06e+02,5.60e+01
-3.25e+02,-4.85e+01,9.90e+01,5.40e+01
-1.80e+02,-7.81e+01,1.06e+02,5.60e+01
-2.12e+02,-4.06e+01,9.80e+01,5.30e+01
-2.13e+02,-4.44e+01,1.02e+02,5.40e+01
-2.19e+02,-6.92e+01,1.04e+02,5.50e+01
-2.12e+02,-5.48e+01,9.90e+01,5.30e+01
-1.77e+02,-7.66e+01,1.08e+02,5.60e+01
-2.18e+02,-4.36e+01,9.70e+01,5.30e+01
-2.17e+02,-6.24e+01,9.70e+01,5.30e+01
-1.87e+02,-7.34e+01,1.04e+02,5.60e+01
-1.75e+02,-8.08e+01,1.04e+02,5.60e+01
-1.74e+02,-8.73e+01,1.06e+02,5.60e+01
-1.72e+02,-8.19e+01,1.04e+02,5.50e+01
-1.73e+02,-8.35e+01,1.05e+02,5.50e+01
-2.86e+02,-4.73e+01,9.70e+01,5.30e+01
-1.75e+02,-8.22e+01,1.05e+02,5.70e+01
-2.22e+02,-6.51e+01,9.80e+01,5.30e+01
-2.23e+02,-7.25e+01,9.80e+01,5.30e+01
-3.06e+02,-7.28e+01,1.05e+02,5.60e+01
-1.90e+02,-7.90e+01,1.08e+02,5.70e+01
-2.18e+02,-5.36e+01,1.03e+02,5.50e+01
-2.91e+02,-4.68e+01,1.03e+02,5.50e+01
-2.97e+02,-9.06e+01,9.70e+01,5.30e+01
-1.75e+02,-7.51e+01,1.06e+02,5.60e+01
-1.77e+02,-7.46e+01,1.08e+02,5.70e+01
-2.89e+02,-5.74e+01,9.80e+01,5.30e+01
-2.19e+02,-5.40e+01,1.04e+02,5.50e+01
-1.74e+02,-7.44e+01,1.04e+02,5.60e+01
-1.86e+02,-9.80e+01,1.07e+02,5.60e+01
-2.20e+02,-4.01e+01,1.04e+02,5.50e+01
-1.73e+02,-7.71e+01,1.08e+02,5.70e+01
-1.81e+02,-9.99e+01,1.06e+02,5.60e+01
-3.53e+02,-4.96e+01,9.80e+01,5.40e+01
-1.75e+02,-7.96e+01,1.06e+02,5.70e+01
-1.79e+02,-7.86e+01,1.06e+02,5.70e+01
-3.73e+02,-1.06e+02,1.09e+02,5.60e+01
-1.80e+02,-7.89e+01,1.05e+02,5.70e+01
-1.74e+02,-7.50e+01,1.09e+02,5.70e+01
-1.77e+02,-8.13e+01,1.04e+02,5.60e+01
-1.75e+02,-8.16e+01,1.05e+02,5.50e+01
-2.10e+02,-4.21e+01,1.02e+02,5.40e+01
-1.85e+02,-7.58e+01,1.06e+02,5.50e+01
-1.90e+02,-9.09e+01,1.07e+02,5.80e+01
-3.16e+02,-6.45e+01,9.90e+01,5.40e+01
-2.10e+02,-4.64e+01,1.02e+02,5.40e+01
-1.72e+02,-7.32e+01,1.08e+02,5.70e+01
-2.28e+02,-4.17e+01,9.90e+01,5.40e+01
-2.16e+02,-5.15e+01,9.80e+01,5.30e+01
-2.32e+02,-8.34e+01,1.08e+02,5.60e+01
-2.19e+02,-6.26e+01,9.70e+01,5.30e+01
-1.74e+02,-8.34e+01,1.06e+02,5.60e+01
-2.12e+02,-4.16e+01,1.04e+02,5.50e+01
-2.14e+02,-5.61e+01,1.02e+02,5.40e+01
-1.93e+02,-1.01e+02,1.09e+02,5.60e+01
-3.32e+02,-4.65e+01,1.01e+02,5.50e+01
-4.07e+02,-7.97e+01,1.00e+02,5.40e+01
-1.81e+02,-8.26e+01,1.07e+02,5.60e+01
-3.04e+02,-7.63e+01,1.06e+02,5.60e+01
-1.73e+02,-8.19e+01,1.07e+02,5.60e+01
-2.19e+02,-5.66e+01,9.90e+01,5.40e+01
-2.45e+02,-9.04e+01,9.80e+01,5.30e+01
-4.46e+02,-1.75e+02,1.05e+02,5.60e+01
-2.16e+02,-5.55e+01,9.80e+01,5.30e+01
-2.13e+02,-4.41e+01,9.80e+01,5.30e+01
-2.13e+02,-4.47e+01,1.00e+02,5.40e+01
-2.16e+02,-4.89e+01,9.80e+01,5.30e+01
-2.16e+02,-5.95e+01,1.05e+02,5.50e+01
-2.93e+02,-6.88e+01,9.80e+01,5.40e+01
-1.77e+02,-7.93e+01,1.07e+02,5.60e+01
-1.81e+02,-1.06e+02,1.08e+02,5.70e+01
-2.11e+02,-5.01e+01,9.90e+01,5.40e+01
-1.68e+02,-7.48e+01,1.09e+02,5.60e+01
-1.84e+02,-8.20e+01,1.05e+02,5.50e+01
-1.76e+02,-8.20e+01,1.06e+02,5.60e+01
-3.12e+02,-9.90e+01,1.05e+02,5.50e+01
-2.15e+02,-5.59e+01,1.01e+02,5.40e+01
-1.75e+02,-7.30e+01,1.09e+02,5.60e+01
-1.75e+02,-7.14e+01,1.08e+02,5.60e+01
-2.15e+02,-4.11e+01,9.70e+01,5.30e+01
-1.72e+02,-8.90e+01,1.10e+02,5.70e+01
-2.92e+02,-5.78e+01,1.04e+02,5.50e+01
-1.76e+02,-7.25e+01,1.07e+02,5.80e+01
-2.16e+02,-4.73e+01,9.90e+01,5.40e+01
-1.69e+02,-6.61e+01,1.07e+02,5.60e+01
-1.85e+02,-7.30e+01,1.06e+02,5.60e+01
-1.72e+02,-7.65e+01,1.09e+02,5.70e+01
-2.91e+02,-5.17e+01,9.80e+01,5.40e+01
-2.16e+02,-4.83e+01,9.90e+01,5.40e+01
-2.12e+02,-4.77e+01,9.80e+01,5.40e+01
-2.18e+02,-6.10e+01,9.90e+01,5.30e+01
-3.78e+02,-1.30e+02,1.06e+02,5.60e+01
-3.41e+02,-4.57e+01,1.00e+02,5.50e+01
-1.75e+02,-7.55e+01,1.04e+02,5.50e+01
-1.89e+02,-8.95e+01,1.08e+02,5.70e+01
-2.23e+02,-4.35e+01,1.04e+02,5.50e+01
-2.92e+02,-5.31e+01,9.90e+01,5.40e+01
-1.77e+02,-8.25e+01,1.05e+02,5.50e+01
-1.85e+02,-7.29e+01,1.08e+02,5.60e+01
-1.75e+02,-7.92e+01,1.08e+02,5.70e+01
-3.24e+02,-6.04e+01,1.01e+02,5.50e+01
-3.11e+02,-8.98e+01,1.07e+02,5.60e+01
-1.78e+02,-7.59e+01,1.06e+02,5.60e+01
-2.15e+02,-4.80e+01,9.80e+01,5.30e+01
-1.69e+02,-7.52e+01,1.07e+02,5.60e+01
-1.74e+02,-9.07e+01,1.07e+02,5.60e+01
-1.80e+02,-8.94e+01,1.09e+02,5.70e+01
-2.24e+02,-4.98e+01,9.70e+01,5.30e+01
-2.13e+02,-4.50e+01,9.90e+01,5.40e+01
-2.15e+02,-4.34e+01,1.03e+02,5.50e+01
-1.73e+02,-6.99e+01,1.07e+02,5.60e+01
-1.74e+02,-6.81e+01,1.08e+02,5.60e+01
-1.79e+02,-9.29e+01,1.06e+02,5.60e+01
-1.81e+02,-8.66e+01,1.08e+02,5.70e+01
-3.30e+02,-5.59e+01,9.90e+01,5.40e+01
-2.50e+02,-7.24e+01,1.07e+02,5.70e+01
-1.68e+02,-7.38e+01,1.06e+02,5.60e+01
-2.20e+02,-5.20e+01,1.03e+02,5.50e+01
-3.55e+02,-4.14e+01,1.00e+02,5.40e+01
-2.19e+02,-4.85e+01,9.90e+01,5.40e+01
-3.47e+02,-1.13e+02,1.06e+02,5.60e+01
-2.16e+02,-5.74e+01,1.04e+02,5.50e+01
-2.17e+02,-6.28e+01,1.00e+02,5.40e+01
-2.14e+02,-4.43e+01,1.00e+02,5.40e+01
-2.20e+02,-6.05e+01,9.80e+01,5.30e+01
-2.87e+02,-4.67e+01,9.70e+01,5.30e+01
-3.01e+02,-7.20e+01,9.70e+01,5.30e+01
-1.76e+02,-7.16e+01,1.07e+02,5.70e+01
-1.75e+02,-7.06e+01,1.08e+02,5.70e+01
-1.79e+02,-7.74e+01,1.05e+02,5.60e+01
-2.19e+02,-5.00e+01,9.90e+01,5.30e+01
-2.20e+02,-4.95e+01,9.80e+01,5.30e+01
-2.15e+02,-5.94e+01,9.80e+01,5.40e+01
-2.13e+02,-5.12e+01,1.00e+02,5.40e+01
-5.00e+02,-5.00e+02,9.80e+01,5.40e+01
-3.37e+02,-5.86e+01,1.01e+02,5.50e+01
-1.77e+02,-8.22e+01,1.09e+02,5.60e+01
-1.77e+02,-8.06e+01,1.05e+02,5.70e+01
-2.12e+02,-4.40e+01,9.80e+01,5.40e+01
-3.55e+02,-1.50e+02,1.07e+02,5.60e+01
-2.24e+02,-7.00e+01,1.03e+02,5.40e+01
-2.23e+02,-7.47e+01,9.80e+01,5.30e+01
-2.17e+02,-5.61e+01,9.70e+01,5.30e+01
-1.76e+02,-9.52e+01,1.08e+02,5.70e+01
-2.23e+02,-6.24e+01,9.90e+01,5.30e+01
-2.62e+02,-1.18e+02,1.06e+02,5.70e+01
-2.18e+02,-5.46e+01,9.70e+01,5.30e+01
-2.27e+02,-6.72e+01,1.00e+02,5.40e+01
-1.75e+02,-7.48e+01,1.06e+02,5.60e+01
-3.50e+02,-5.07e+01,1.05e+02,5.60e+01
-1.79e+02,-7.23e+01,1.06e+02,5.60e+01
-2.15e+02,-4.01e+01,1.00e+02,5.50e+01
-1.74e+02,-9.22e+01,1.07e+02,5.60e+01
-1.72e+02,-7.85e+01,1.06e+02,5.60e+01
-2.86e+02,-8.18e+01,1.07e+02,5.70e+01
-3.39e+02,-5.74e+01,1.01e+02,5.50e+01
-3.01e+02,-4.56e+01,1.00e+02,5.40e+01
-3.61e+02,-7.54e+01,9.90e+01,5.30e+01
-1.68e+02,-7.44e+01,1.06e+02,5.50e+01
-2.14e+02,-6.07e+01,9.80e+01,5.30e+01
-5.00e+02,-5.00e+02,1.04e+02,5.50e+01
-2.89e+02,-5.43e+01,1.00e+02,5.50e+01
-1.74e+02,-8.60e+01,1.07e+02,5.70e+01
-4.24e+02,-4.42e+01,1.03e+02,5.40e+01
-2.28e+02,-7.48e+01,1.02e+02,5.50e+01
-1.72e+02,-7.96e+01,1.06e+02,5.60e+01
-2.31e+02,-7.34e+01,9.70e+01,5.30e+01
-2.16e+02,-6.18e+01,1.04e+02,5.50e+01
-1.83e+02,-8.29e+01,1.08e+02,5.70e+01
-1.70e+02,-7.66e+01,1.05e+02,5.60e+01
-2.16e+02,-5.19e+01,9.80e+01,5.30e+01
-2.21e+02,-5.68e+01,9.90e+01,5.40e+01
-2.17e+02,-5.67e+01,1.04e+02,5.50e+01
-2.22e+02,-5.51e+01,9.80e+01,5.30e+01
-2.18e+02,-7.18e+01,1.03e+02,5.40e+01
-1.76e+02,-7.44e+01,1.08e+02,5.60e+01
-1.84e+02,-9.23e+01,1.07e+02,5.60e+01
-2.16e+02,-5.23e+01,1.05e+02,5.50e+01
-2.12e+02,-5.32e+01,9.80e+01,5.30e+01
-2.23e+02,-5.86e+01,9.80e+01,5.30e+01
-2.18e+02,-6.20e+01,9.80e+01,5.30e+01
-1.73e+02,-8.37e+01,1.09e+02,5.70e+01
-3.72e+02,-1.07e+02,1.07e+02,5.60e+01
-1.68e+02,-7.59e+01,1.06e+02,5.70e+01
-2.14e+02,-5.59e+01,9.80e+01,5.30e+01
-2.16e+02,-6.50e+01,9.80e+01,5.30e+01
-3.18e+02,-4.50e+01,1.00e+02,5.40e+01
-2.24e+02,-4.29e+01,1.00e+02,5.30e+01
-2.45e+02,-9.48e+01,1.04e+02,5.50e+01
-2.13e+02,-4.50e+01,1.04e+02,5.50e+01
-2.15e+02,-5.17e+01,1.04e+02,5.50e+01
-2.14e+02,-5.45e+01,9.70e+01,5.30e+01
