-1.81e+02,-7.86e+01,1.10e+02,5.70e+01
-2.16e+02,-5.38e+01,1.06e+02,5.60e+01
-2.14e+02,-5.57e+01,1.05e+02,5.50e+01
-1.78e+02,-8.77e+01,1.12e+02,5.80e+01
-1.73e+02,-7.25e+01,1.14e+02,5.90e+01
-2.21e+02,-5.95e+01,1.04e+02,5.50e+01
-1.77e+02,-8.00e+01,1.14e+02,5.90e+01
-2.13e+02,-4.52e+01,1.10e+02,5.80e+01
-1.84e+02,-7.20e+01,1.11e+02,5.80e+01
-2.20e+02,-5.07e+01,1.04e+02,5.50e+01
-1.85e+02,-8.02e+01,1.13e+02,5.70e+01
-2.13e+02,-4.05e+01,1.05e+02,5.50e+01
-2.15e+02,-4.98e+01,1.05e+02,5.50e+01
-1.78e+02,-7.14e+01,1.12e+02,5.80e+01
-2.18e+02,-5.57e+01,1.09e+02,5.80e+01
-2.14e+02,-4.51e+01,1.07e+02,5.60e+01
-1.72e+02,-7.52e+01,1.10e+02,5.70e+01
-1.79e+02,-9.13e+01,1.12e+02,5.80e+01
-1.81e+02,-7.46e+01,1.11e+02,5.70e+01
-1.87e+02,-8.31e+01,1.10e+02,5.70e+01
-2.14e+02,-4.51e+01,1.06e+02,5.60e+01
-1.76e+02,-7.30e+01,1.12e+02,5.70e+01
-2.18e+02,-6.17e+01,1.09e+02,5.80e+01
-2.20e+02,-5.95e+01,1.07e+02,5.60e+01
-1.74e+02,-7.66e+01,1.11e+02,5.70e+01
-2.23e+02,-7.00e+01,1.06e+02,5.50e+01
-1.79e+02,-8.86e+01,1.15e+02,5.90e+01
-2.18e+02,-8.44e+01,1.14e+02,5.90e+01
-3.79e+02,-1.08e+02,1.10e+02,5.70e+01
-2.21e+02,-4.56e+01,1.07e+02,5.60e+01
-2.14e+02,-4.48e+01,1.05e+02,5.50e+01
-2.48e+02,-8.49e+01,1.05e+02,5.50e+01
-2.35e+02,-7.50e+01,1.13e+02,5.70e+01
-1.74e+02,-8.15e+01,1.12e+02,5.80e+01
-1.70e+02,-7.68e+01,1.12e+02,5.70e+01
-2.16e+02,-4.71e+01,1.07e+02,5.60e+01
-1.84e+02,-7.80e+01,1.10e+02,5.70e+01
-2.14e+02,-5.44e+01,1.07e+02,5.70e+01
-1.71e+02,-8.71e+01,1.10e+02,5.70e+01
-2.19e+02,-4.49e+01,1.06e+02,5.50e+01
-1.79e+02,-7.51e+01,1.14e+02,5.90e+01
-1.77e+02,-7.00e+01,1.12e+02,5.80e+01
-1.71e+02,-7.48e+01,1.15e+02,5.90e+01
-1.83e+02,-7.59e+01,1.13e+02,5.80e+01
-3.51e+02,-4.64e+01,1.07e+02,5.70e+01
-2.17e+02,-6.91e+01,1.06e+02,5.50e+01
-3.14e+02,-1.01e+02,1.10e+02,5.70e+01
-2.17e+02,-5.49e+01,1.06e+02,5.50e+01
-3.08e+02,-1.05e+02,1.13e+02,5.80e+01
-2.15e+02,-5.24e+01,1.08e+02,5.70e+01
-2.16e+02,-4.87e+01,1.06e+02,5.50e+01
-1.87e+02,-7.81e+01,1.13e+02,5.90e+01
-2.17e+02,-4.14e+01,1.10e+02,5.90e+01
-1.82e+02,-8.55e+01,1.14e+02,5.90e+01
-2.25e+02,-6.82e+01,1.10e+02,5.70e+01
-3.71e+02,-8.71e+01,1.12e+02,5.70e+01
-1.77e+02,-6.76e+01,1.12e+02,5.80e+01
-4.24e+02,-4.29e+01,1.05e+02,5.50e+01
-2.20e+02,-6.61e+01,1.09e+02,5.80e+01
-1.87e+02,-8.71e+01,1.16e+02,6.00e+01
-2.16e+02,-4.25e+01,1.06e+02,5.50e+01
-1.84e+02,-8.11e+01,1.13e+02,5.80e+01
-3.70e+02,-8.50e+01,1.13e+02,5.80e+01
-2.22e+02,-7.00e+01,1.06e+02,5.60e+01
-1.78e+02,-7.69e+01,1.14e+02,5.90e+01
-1.84e+02,-7.30e+01,1.12e+02,5.80e+01
-2.18e+02,-4.66e+01,1.05e+02,5.50e+01
-1.72e+02,-7.29e+01,1.11e+02,5.70e+01
-2.15e+02,-5.18e+01,1.05e+02,5.50e+01
-2.92e+02,-7.19e+01,1.05e+02,5.50e+01
-1.73e+02,-7.79e+01,1.12e+02,5.80e+01
-2.17e+02,-5.20e+01,1.04e+02,5.50e+01
-2.20e+02,-5.81e+01,1.05e+02,5.50e+01
-2.13e+02,-4.63e+01,1.06e+02,5.50e+01
-1.98e+02,-9.93e+01,1.13e+02,5.80e+01
-1.78e+02,-7.66e+01,1.16e+02,6.00e+01
-1.71e+02,-6.98e+01,1.12e+02,5.80e+01
-1.82e+02,-9.32e+01,1.14e+02,5.70e+01
-1.73e+02,-8.52e+01,1.12e+02,5.80e+01
-3.22e+02,-6.71e+01,1.05e+02,5.50e+01
-3.51e+02,-4.47e+01,1.08e+02,5.70e+01
-1.97e+02,-9.07e+01,1.11e+02,5.80e+01
-2.16e+02,-4.64e+01,1.06e+02,5.60e+01
-2.13e+02,-5.11e+01,1.10e+02,5.90e+01
-1.72e+02,-6.55e+01,1.13e+02,5.90e+01
-2.12e+02,-4.32e+01,1.06e+02,5.50e+01
-1.69e+02,-7.14e+01,1.14e+02,5.90e+01
-2.12e+02,-4.16e+01,1.05e+02,5.50e+01
-3.74e+02,-1.07e+02,1.13e+02,5.70e+01
-1.76e+02,-8.22e+01,1.11e+02,5.80e+01
-1.70e+02,-6.82e+01,1.14e+02,5.90e+01
-1.78e+02,-8.30e+01,1.11e+02,5.70e+01
-2.19e+02,-5.69e+01,1.05e+02,5.50e+01
-2.19e+02,-4.23e+01,1.09e+02,5.70e+01
-2.20e+02,-4.82e+01,1.06e+02,5.60e+01
-2.43e+02,-8.35e+01,1.07e+02,5.50e+01
-2.45e+02,-1.03e+02,1.11e+02,5.80e+01
-1.85e+02,-9.24e+01,1.14e+02,5.90e+01
-1.79e+02,-8.51e+01,1.12e+02,5.80e+01
-2.53e+02,-7.73e+01,1.07e+02,5.60e+01
-2.11e+02,-8.30e+01,1.11e+02,5.80e+01
-1.77e+02,-8.52e+01,1.10e+02,5.70e+01
-2.32e+02,-8.20e+01,1.12e+02,5.80e+01
-1.74e+02,-8.07e+01,1.14e+02,5.90e+01
-2.14e+02,-6.20e+01,1.08e+02,5.70e+01
-1.83e+02,-7.73e+01,1.10e+02,5.70e+01
-1.82e+02,-8.31e+01,1.14e+02,5.70e+01
-2.27e+02,-7.70e+01,1.06e+02,5.60e+01
-2.17e+02,-5.74e+01,1.12e+02,5.90e+01
-2.18e+02,-6.02e+01,1.07e+02,5.60e+01
-2.19e+02,-4.74e+01,1.11e+02,5.90e+01
-2.20e+02,-6.00e+01,1.07e+02,5.70e+01
-2.15e+02,-4.45e+01,1.10e+02,5.80e+01
-1.72e+02,-7.57e+01,1.11e+02,5.70e+01
-2.14e+02,-4.66e+01,1.11e+02,5.90e+01
-1.81e+02,-9.32e+01,1.13e+02,5.80e+01
-1.76e+02,-7.93e+01,1.13e+02,5.80e+01
-1.77e+02,-8.17e+01,1.14e+02,5.90e+01
-1.91e+02,-7.19e+01,1.12e+02,5.80e+01
-1.79e+02,-8.90e+01,1.15e+02,5.90e+01
-1.78e+02,-7.74e+01,1.11e+02,5.80e+01
-2.22e+02,-6.97e+01,1.07e+02,5.60e+01
-1.80e+02,-9.45e+01,1.10e+02,5.70e+01
-1.83e+02,-8.64e+01,1.11e+02,5.70e+01
-2.11e+02,-4.74e+01,1.12e+02,5.90e+01
-2.18e+02,-4.62e+01,1.05e+02,5.50e+01
-2.18e+02,-5.59e+01,1.06e+02,5.60e+01
-2.16e+02,-5.67e+01,1.07e+02,5.70e+01
-1.77e+02,-8.54e+01,1.14e+02,5.90e+01
-2.17e+02,-5.91e+01,1.06e+02,5.60e+01
-1.77e+02,-8.24e+01,1.13e+02,5.70e+01
-1.82e+02,-9.50e+01,1.15e+02,5.90e+01
-1.83e+02,-7.77e+01,1.14e+02,5.90e+01
-1.73e+02,-7.60e+01,1.14e+02,5.90e+01
-1.78e+02,-8.82e+01,1.11e+02,5.70e+01
-1.86e+02,-8.17e+01,1.12e+02,5.80e+01
-3.42e+02,-4.71e+01,1.07e+02,5.60e+01
-1.75e+02,-7.61e+01,1.12e+02,5.90e+01
-1.78e+02,-7.37e+01,1.13e+02,5.80e+01
-1.74e+02,-7.56e+01,1.13e+02,5.80e+01
-3.30e+02,-1.04e+02,1.11e+02,5.70e+01
-2.17e+02,-6.04e+01,1.07e+02,5.60e+01
-2.14e+02,-4.82e+01,1.07e+02,5.60e+01
-2.16e+02,-5.53e+01,1.06e+02,5.50e+01
-2.29e+02,-8.11e+01,1.14e+02,5.90e+01
-2.46e+02,-9.61e+01,1.11e+02,5.70e+01
-2.14e+02,-4.53e+01,1.07e+02,5.60e+01
-1.82e+02,-8.01e+01,1.13e+02,5.90e+01
-1.74e+02,-7.61e+01,1.13e+02,5.90e+01
-2.43e+02,-8.47e+01,1.12e+02,5.80e+01
-2.13e+02,-4.75e+01,1.06e+02,5.50e+01
-1.75e+02,-7.53e+01,1.15e+02,5.90e+01
-1.82e+02,-7.23e+01,1.13e+02,5.90e+01
-1.85e+02,-8.23e+01,1.16e+02,6.00e+01
-5.00e+02,-5.00e+02,1.12e+02,5.80e+01
-1.73e+02,-7.83e+01,1.12e+02,5.80e+01
-2.18e+02,-4.85e+01,1.07e+02,5.60e+01
-1.69e+02,-7.12e+01,1.14e+02,5.90e+01
-1.90e+02,-8.35e+01,1.11e+02,5.80e+01
-1.73e+02,-7.40e+01,1.14e+02,5.90e+01
-2.19e+02,-6.17e+01,1.05e+02,5.60e+01
-2.34e+02,-8.19e+01,1.12e+02,5.90e+01
-2.25e+02,-7.23e+01,1.10e+02,5.80e+01
-1.73e+02,-8.12e+01,1.12e+02,5.70e+01
-2.31e+02,-8.48e+01,1.05e+02,5.50e+01
-2.17e+02,-4.39e+01,1.05e+02,5.50e+01
-2.16e+02,-4.78e+01,1.06e+02,5.60e+01
-1.74e+02,-7.70e+01,1.15e+02,5.90e+01
-1.86e+02,-7.75e+01,1.13e+02,5.80e+01
-4.26e+02,-5.74e+01,1.07e+02,5.60e+01
-1.80e+02,-7.64e+01,1.12e+02,5.80e+01
-1.76e+02,-9.20e+01,1.12e+02,5.80e+01
-2.13e+02,-4.03e+01,1.05e+02,5.50e+01
-1.77e+02,-9.09e+01,1.11e+02,5.70e+01
-3.53e+02,-5.13e+01,1.07e+02,5.60e+01
-2.36e+02,-5.97e+01,1.14e+02,5.90e+01
-1.76e+02,-7.86e+01,1.14e+02,5.70e+01
-2.14e+02,-5.37e+01,1.07e+02,5.60e+01
-1.73e+02,-8.05e+01,1.12e+02,5.80e+01
-1.78e+02,-8.13e+01,1.11e+02,5.80e+01
-2.57e+02,-9.96e+01,1.11e+02,5.70e+01
-2.20e+02,-6.13e+01,1.06e+02,5.60e+01
-1.73e+02,-8.40e+01,1.13e+02,5.90e+01
-2.21e+02,-6.16e+01,1.05e+02,5.50e+01
-2.15e+02,-6.17e+01,1.06e+02,5.60e+01
-1.85e+02,-7.69e+01,1.11e+02,5.80e+01
-4.26e+02,-5.68e+01,1.07e+02,5.60e+01
-3.28e+02,-1.30e+02,1.12e+02,5.90e+01
-2.19e+02,-6.74e+01,1.07e+02,5.60e+01
-2.19e+02,-5.89e+01,1.05e+02,5.50e+01
-2.99e+02,-5.00e+01,1.06e+02,5.60e+01
-3.03e+02,-8.56e+01,1.14e+02,5.90e+01
