-2.18e+02,-5.65e+01,1.06e+02,5.70e+01
-1.69e+02,-7.31e+01,1.12e+02,5.80e+01
-2.16e+02,-4.65e+01,1.06e+02,5.60e+01
-2.22e+02,-7.92e+01,1.06e+02,5.50e+01
-2.15e+02,-4.21e+01,1.05e+02,5.50e+01
-1.87e+02,-9.81e+01,1.12e+02,5.70e+01
-2.16e+02,-4.45e+01,1.06e+02,5.50e+01
-1.74e+02,-7.98e+01,1.12e+02,5.90e+01
-2.15e+02,-4.81e+01,1.09e+02,5.80e+01
-1.78e+02,-7.29e+01,1.10e+02,5.70e+01
-2.17e+02,-6.00e+01,1.07e+02,5.70e+01
-2.20e+02,-4.45e+01,1.10e+02,5.80e+01
-2.18e+02,-6.48e+01,1.09e+02,5.80e+01
-1.80e+02,-7.60e+01,1.13e+02,5.80e+01
-2.26e+02,-5.86e+01,1.06e+02,5.50e+01
-2.13e+02,-4.39e+01,1.06e+02,5.70e+01
-1.77e+02,-9.40e+01,1.11e+02,5.70e+01
-1.84e+02,-7.57e+01,1.11e+02,5.70e+01
-1.77e+02,-8.70e+01,1.11e+02,5.70e+01
-1.75e+02,-7.32e+01,1.13e+02,5.80e+01
-2.13e+02,-5.40e+01,1.06e+02,5.50e+01
-2.13e+02,-3.83e+01,1.07e+02,5.70e+01
-2.15e+02,-4.87e+01,1.06e+02,5.60e+01
-1.78e+02,-8.48e+01,1.13e+02,5.70e+01
-2.13e+02,-4.16e+01,1.11e+02,5.90e+01
-2.15e+02,-4.80e+01,1.06e+02,5.70e+01
-2.15e+02,-5.56e+01,1.06e+02,5.70e+01
-2.11e+02,-4.27e+01,1.06e+02,5.60e+01
-2.21e+02,-6.04e+01,1.06e+02,5.60e+01
-2.94e+02,-4.73e+01,1.06e+02,5.50e+01
-2.69e+02,-1.33e+02,1.12e+02,5.70e+01
-1.76e+02,-7.92e+01,1.10e+02,5.70e+01
-2.15e+02,-5.65e+01,1.07e+02,5.50e+01
-1.75e+02,-7.66e+01,1.15e+02,6.00e+01
-2.13e+02,-5.03e+01,1.06e+02,5.60e+01
-2.15e+02,-5.41e+01,1.07e+02,5.60e+01
-1.81e+02,-8.94e+01,1.13e+02,5.80e+01
-1.75e+02,-9.25e+01,1.11e+02,5.70e+01
-2.14e+02,-4.70e+01,1.08e+02,5.70e+01
-1.73e+02,-6.75e+01,1.11e+02,5.70e+01
-1.80e+02,-8.24e+01,1.13e+02,5.80e+01
-1.74e+02,-8.30e+01,1.12e+02,5.70e+01
-2.27e+02,-5.29e+01,1.06e+02,5.60e+01
-1.84e+02,-8.64e+01,1.14e+02,5.90e+01
-4.26e+02,-5.54e+01,1.07e+02,5.50e+01
-2.14e+02,-4.77e+01,1.07e+02,5.70e+01
-2.15e+02,-4.78e+01,1.08e+02,5.80e+01
-2.13e+02,-5.02e+01,1.05e+02,5.50e+01
-2.00e+02,-1.03e+02,1.13e+02,5.80e+01
-2.16e+02,-5.39e+01,1.07e+02,5.50e+01
-2.15e+02,-5.26e+01,1.07e+02,5.60e+01
-2.16e+02,-4.26e+01,1.08e+02,5.80e+01
-3.18e+02,-1.08e+02,1.13e+02,6.00e+01
-1.72e+02,-7.90e+01,1.12e+02,5.70e+01
-2.26e+02,-7.73e+01,1.06e+02,5.50e+01
-2.96e+02,-5.73e+01,1.07e+02,5.80e+01
-2.16e+02,-6.02e+01,1.07e+02,5.60e+01
-2.18e+02,-4.97e+01,1.08e+02,5.70e+01
-1.88e+02,-7.72e+01,1.13e+02,5.80e+01
-2.16e+02,-4.52e+01,1.07e+02,5.50e+01
-1.82e+02,-9.24e+01,1.13e+02,5.70e+01
-2.20e+02,-6.53e+01,1.10e+02,5.80e+01
-3.24e+02,-7.67e+01,1.07e+02,5.70e+01
-2.14e+02,-4.95e+01,1.10e+02,5.80e+01
-2.12e+02,-4.48e+01,1.11e+02,5.90e+01
-2.11e+02,-4.20e+01,1.07e+02,5.70e+01
-1.71e+02,-7.62e+01,1.11e+02,5.70e+01
-2.20e+02,-5.71e+01,1.09e+02,5.80e+01
-2.16e+02,-4.89e+01,1.06e+02,5.70e+01
-2.10e+02,-3.71e+01,1.07e+02,5.60e+01
-1.84e+02,-9.42e+01,1.12e+02,5.80e+01
-1.74e+02,-8.29e+01,1.11e+02,5.70e+01
-2.29e+02,-8.25e+01,1.12e+02,5.80e+01
-2.14e+02,-5.42e+01,1.06e+02,5.70e+01
-1.82e+02,-6.64e+01,1.12e+02,5.80e+01
-1.75e+02,-8.75e+01,1.13e+02,5.90e+01
-2.12e+02,-4.54e+01,1.07e+02,5.60e+01
-1.90e+02,-1.01e+02,1.14e+02,5.90e+01
-2.18e+02,-5.70e+01,1.06e+02,5.50e+01
-1.78e+02,-8.83e+01,1.10e+02,5.70e+01
-5.00e+02,-5.00e+02,1.06e+02,5.70e+01
-2.21e+02,-5.65e+01,1.08e+02,5.80e+01
-1.76e+02,-8.04e+01,1.13e+02,5.80e+01
-2.18e+02,-4.94e+01,1.06e+02,5.70e+01
-2.90e+02,-9.59e+01,1.13e+02,5.80e+01
-1.75e+02,-8.82e+01,1.11e+02,5.70e+01
-2.17e+02,-5.87e+01,1.09e+02,5.80e+01
-2.17e+02,-6.02e+01,1.07e+02,5.50e+01
-1.77e+02,-7.50e+01,1.13e+02,5.80e+01
-2.56e+02,-1.06e+02,1.13e+02,5.80e+01
-3.05e+02,-9.46e+01,1.07e+02,5.50e+01
-1.87e+02,-8.58e+01,1.13e+02,6.00e+01
-2.17e+02,-4.53e+01,1.11e+02,5.90e+01
-2.18e+02,-6.04e+01,1.06e+02,5.50e+01
-2.18e+02,-6.13e+01,1.06e+02,5.70e+01
-2.17e+02,-5.28e+01,1.06e+02,5.50e+01
-2.25e+02,-7.01e+01,1.06e+02,5.50e+01
-1.71e+02,-6.95e+01,1.14e+02,5.80e+01
-1.70e+02,-6.73e+01,1.10e+02,5.70e+01
-2.11e+02,-4.90e+01,1.07e+02,5.60e+01
-2.20e+02,-6.47e+01,1.06e+02,5.50e+01
-2.12e+02,-4.66e+01,1.07e+02,5.60e+01
-1.80e+02,-8.39e+01,1.12e+02,5.70e+01
-4.27e+02,-6.36e+01,1.07e+02,5.60e+01
-2.21e+02,-6.72e+01,1.06e+02,5.60e+01
-2.18e+02,-5.97e+01,1.06e+02,5.70e+01
-4.25e+02,-5.34e+01,1.11e+02,5.80e+01
-1.83e+02,-8.06e+01,1.12e+02,5.80e+01
-1.80e+02,-8.12e+01,1.15e+02,5.90e+01
-1.80e+02,-9.01e+01,1.12e+02,5.70e+01
-2.16e+02,-4.36e+01,1.07e+02,5.70e+01
-2.23e+02,-6.27e+01,1.10e+02,5.80e+01
-1.82e+02,-7.61e+01,1.13e+02,6.00e+01
-2.21e+02,-6.33e+01,1.07e+02,5.70e+01
-2.14e+02,-5.62e+01,1.08e+02,5.70e+01
-2.20e+02,-5.61e+01,1.08e+02,5.70e+01
-1.75e+02,-6.53e+01,1.14e+02,5.80e+01
-1.78e+02,-8.80e+01,1.13e+02,6.00e+01
-1.73e+02,-8.21e+01,1.13e+02,5.80e+01
-2.23e+02,-6.06e+01,1.07e+02,5.60e+01
-2.13e+02,-5.42e+01,1.07e+02,5.80e+01
-2.13e+02,-5.64e+01,1.07e+02,5.70e+01
-2.34e+02,-8.25e+01,1.14e+02,5.90e+01
-1.75e+02,-7.93e+01,1.13e+02,6.00e+01
-2.19e+02,-5.94e+01,1.07e+02,5.60e+01
-1.78e+02,-7.76e+01,1.12e+02,5.90e+01
-3.50e+02,-4.14e+01,1.07e+02,5.70e+01
-2.22e+02,-4.91e+01,1.07e+02,5.60e+01
-2.20e+02,-5.25e+01,1.07e+02,5.70e+01
-2.19e+02,-5.79e+01,1.05e+02,5.50e+01
-5.00e+02,-5.00e+02,1.12e+02,5.80e+01
-2.30e+02,-6.33e+01,1.08e+02,5.80e+01
-2.12e+02,-4.52e+01,1.08e+02,5.80e+01
-1.79e+02,-9.53e+01,1.15e+02,5.90e+01
-2.52e+02,-8.86e+01,1.13e+02,5.80e+01
-1.78e+02,-6.89e+01,1.14e+02,6.10e+01
-1.83e+02,-8.26e+01,1.11e+02,5.70e+01
-2.16e+02,-5.58e+01,1.10e+02,5.80e+01
-2.19e+02,-4.36e+01,1.07e+02,5.50e+01
-2.29e+02,-7.28e+01,1.08e+02,5.80e+01
-1.78e+02,-7.56e+01,1.13e+02,6.00e+01
-2.17e+02,-4.58e+01,1.07e+02,5.60e+01
-2.22e+02,-8.53e+01,1.12e+02,5.70e+01
-2.19e+02,-5.62e+01,1.06e+02,5.70e+01
-1.81e+02,-8.48e+01,1.13e+02,5.80e+01
-1.78e+02,-6.98e+01,1.13e+02,5.90e+01
-2.14e+02,-5.29e+01,1.06e+02,5.70e+01
-2.36e+02,-5.28e+01,1.07e+02,5.70e+01
-1.79e+02,-7.18e+01,1.12e+02,5.90e+01
-2.11e+02,-4.49e+01,1.06e+02,5.70e+01
-1.75e+02,-8.05e+01,1.10e+02,5.70e+01
-2.16e+02,-4.28e+01,1.10e+02,5.80e+01
-5.00e+02,-5.00e+02,1.06e+02,5.70e+01
-2.27e+02,-7.02e+01,1.09e+02,5.80e+01
-2.28e+02,-6.50e+01,1.08e+02,5.80e+01
-2.62e+02,-8.27e+01,1.12e+02,5.90e+01
-1.75e+02,-8.01e+01,1.13e+02,6.00e+01
-2.14e+02,-4.53e+01,1.06e+02,5.70e+01
-3.54e+02,-5.14e+01,1.10e+02,5.90e+01
-3.68e+02,-5.87e+01,1.07e+02,5.80e+01
-2.19e+02,-5.99e+01,1.07e+02,5.70e+01
-1.84e+02,-8.22e+01,1.12e+02,5.90e+01
-1.77e+02,-9.33e+01,1.15e+02,5.90e+01
-2.18e+02,-5.83e+01,1.06e+02,5.50e+01
-2.18e+02,-6.01e+01,1.06e+02,5.60e+01
-2.16e+02,-5.43e+01,1.05e+02,5.50e+01
-2.18e+02,-4.82e+01,1.08e+02,5.80e+01
-2.17e+02,-5.90e+01,1.07e+02,5.50e+01
-1.72e+02,-7.34e+01,1.13e+02,5.90e+01
-2.17e+02,-5.86e+01,1.07e+02,5.60e+01
-1.76e+02,-8.25e+01,1.10e+02,5.70e+01
-2.23e+02,-5.70e+01,1.07e+02,5.60e+01
-1.84e+02,-9.58e+01,1.13e+02,6.00e+01
-1.74e+02,-6.89e+01,1.13e+02,5.90e+01
-2.13e+02,-5.28e+01,1.08e+02,5.80e+01
-1.74e+02,-9.51e+01,1.13e+02,6.00e+01
-2.15e+02,-5.59e+01,1.08e+02,5.80e+01
-2.17e+02,-5.17e+01,1.07e+02,5.70e+01
-2.28e+02,-6.40e+01,1.10e+02,5.80e+01
-2.21e+02,-5.88e+01,1.06e+02,5.50e+01
-2.11e+02,-4.09e+01,1.06e+02,5.70e+01
-2.17e+02,-4.83e+01,1.07e+02,5.70e+01
-1.76e+02,-8.66e+01,1.13e+02,5.80e+01
-2.11e+02,-4.80e+01,1.06e+02,5.60e+01
-1.77e+02,-8.36e+01,1.14e+02,6.00e+01
-1.78e+02,-8.59e+01,1.12e+02,5.80e+01
-1.68e+02,-8.06e+01,1.13e+02,5.70e+01
-1.77e+02,-7.93e+01,1.12e+02,5.90e+01
-2.12e+02,-4.81e+01,1.06e+02,5.70e+01
-1.76e+02,-8.80e+01,1.12e+02,5.80e+01
-3.80e+02,-1.21e+02,1.12e+02,5.90e+01
-1.76e+02,-8.35e+01,1.10e+02,5.70e+01
