-1.78e+02,-7.88e+01,1.40e+02,7.00e+01
-2.09e+02,-5.50e+01,1.29e+02,6.50e+01
-2.05e+02,-4.25e+01,1.28e+02,6.50e+01
-1.75e+02,-7.03e+01,1.41e+02,7.10e+01
-1.79e+02,-7.01e+01,1.46e+02,7.30e+01
-1.70e+02,-7.46e+01,1.45e+02,7.30e+01
-2.05e+02,-4.75e+01,1.30e+02,6.40e+01
-1.75e+02,-8.74e+01,1.39e+02,7.00e+01
-2.12e+02,-5.54e+01,1.30e+02,6.40e+01
-2.09e+02,-5.57e+01,1.30e+02,6.60e+01
-1.80e+02,-7.85e+01,1.43e+02,7.20e+01
-2.03e+02,-4.24e+01,1.31e+02,6.60e+01
-1.77e+02,-8.63e+01,1.38e+02,7.00e+01
-1.77e+02,-8.67e+01,1.43e+02,7.30e+01
-1.70e+02,-7.41e+01,1.40e+02,7.10e+01
-2.08e+02,-4.98e+01,1.31e+02,6.50e+01
-1.75e+02,-8.46e+01,1.43e+02,7.30e+01
-2.04e+02,-4.80e+01,1.29e+02,6.60e+01
-1.72e+02,-7.24e+01,1.43e+02,7.20e+01
-1.86e+02,-9.36e+01,1.41e+02,7.00e+01
-1.75e+02,-7.88e+01,1.39e+02,7.00e+01
-1.73e+02,-7.28e+01,1.41e+02,7.10e+01
-2.09e+02,-5.33e+01,1.29e+02,6.50e+01
-1.76e+02,-7.61e+01,1.39e+02,7.10e+01
-2.10e+02,-5.13e+01,1.28e+02,6.50e+01
-2.04e+02,-5.15e+01,1.29e+02,6.50e+01
-1.82e+02,-8.17e+01,1.43e+02,7.30e+01
-2.74e+02,-1.09e+02,1.44e+02,7.20e+01
-3.73e+02,-1.37e+02,1.41e+02,7.10e+01
-2.08e+02,-5.86e+01,1.33e+02,6.60e+01
-1.72e+02,-7.58e+01,1.40e+02,7.00e+01
-1.78e+02,-7.34e+01,1.39e+02,7.10e+01
-1.76e+02,-8.61e+01,1.41e+02,7.00e+01
-4.29e+02,-7.66e+01,1.38e+02,6.90e+01
-2.09e+02,-5.80e+01,1.31e+02,6.50e+01
-2.32e+02,-8.91e+01,1.44e+02,7.40e+01
-1.79e+02,-7.35e+01,1.43e+02,7.20e+01
-2.10e+02,-5.09e+01,1.30e+02,6.40e+01
-3.01e+02,-8.83e+01,1.41e+02,7.00e+01
-2.07e+02,-5.31e+01,1.31e+02,6.60e+01
-1.70e+02,-7.91e+01,1.45e+02,7.30e+01
-1.76e+02,-7.75e+01,1.41e+02,7.10e+01
-2.01e+02,-4.44e+01,1.30e+02,6.60e+01
-2.10e+02,-4.86e+01,1.32e+02,6.50e+01
-1.72e+02,-6.90e+01,1.42e+02,7.20e+01
-2.11e+02,-3.77e+01,1.30e+02,6.60e+01
-1.72e+02,-7.28e+01,1.40e+02,7.00e+01
-2.04e+02,-4.40e+01,1.30e+02,6.60e+01
-4.40e+02,-1.42e+02,1.42e+02,7.10e+01
-1.74e+02,-7.59e+01,1.43e+02,7.20e+01
-2.03e+02,-4.38e+01,1.30e+02,6.40e+01
-2.05e+02,-4.32e+01,1.32e+02,6.60e+01
-2.07e+02,-5.35e+01,1.32e+02,6.70e+01
-2.74e+02,-4.83e+01,1.29e+02,6.60e+01
-1.75e+02,-8.53e+01,1.39e+02,7.00e+01
-2.08e+02,-5.34e+01,1.32e+02,6.50e+01
-2.06e+02,-4.74e+01,1.31e+02,6.60e+01
-3.57e+02,-6.52e+01,1.31e+02,6.50e+01
-1.76e+02,-8.09e+01,1.38e+02,6.90e+01
-1.76e+02,-8.47e+01,1.44e+02,7.40e+01
-1.77e+02,-9.31e+01,1.42e+02,7.10e+01
-1.87e+02,-9.52e+01,1.40e+02,7.00e+01
-5.00e+02,-5.00e+02,1.28e+02,6.50e+01
-2.06e+02,-4.05e+01,1.30e+02,6.40e+01
-2.13e+02,-5.59e+01,1.31e+02,6.40e+01
-1.98e+02,-7.50e+01,1.40e+02,7.00e+01
-1.84e+02,-7.44e+01,1.42e+02,7.10e+01
-2.06e+02,-4.72e+01,1.29e+02,6.50e+01
-2.03e+02,-4.60e+01,1.30e+02,6.50e+01
-1.80e+02,-8.56e+01,1.40e+02,7.00e+01
-1.73e+02,-7.73e+01,1.43e+02,7.20e+01
-2.04e+02,-4.61e+01,1.29e+02,6.50e+01
-2.05e+02,-4.87e+01,1.28e+02,6.50e+01
-1.87e+02,-1.05e+02,1.42e+02,7.10e+01
-1.81e+02,-7.35e+01,1.40e+02,7.10e+01
-1.71e+02,-8.26e+01,1.42e+02,7.10e+01
-2.09e+02,-4.58e+01,1.29e+02,6.50e+01
-1.71e+02,-6.72e+01,1.39e+02,7.00e+01
-2.06e+02,-5.15e+01,1.31e+02,6.60e+01
-2.02e+02,-4.54e+01,1.31e+02,6.60e+01
-1.79e+02,-8.59e+01,1.40e+02,7.10e+01
-2.08e+02,-5.35e+01,1.30e+02,6.40e+01
-2.05e+02,-4.34e+01,1.30e+02,6.40e+01
-1.70e+02,-8.07e+01,1.39e+02,7.00e+01
-2.09e+02,-4.29e+01,1.28e+02,6.50e+01
-1.81e+02,-6.81e+01,1.41e+02,7.10e+01
-2.15e+02,-8.15e+01,1.46e+02,7.30e+01
-2.06e+02,-4.44e+01,1.29e+02,6.60e+01
-1.74e+02,-8.03e+01,1.40e+02,7.00e+01
-2.06e+02,-4.81e+01,1.29e+02,6.50e+01
-2.11e+02,-5.96e+01,1.29e+02,6.50e+01
-1.77e+02,-7.17e+01,1.45e+02,7.30e+01
-1.73e+02,-9.10e+01,1.42e+02,7.20e+01
-2.44e+02,-8.58e+01,1.41e+02,7.10e+01
-2.03e+02,-4.64e+01,1.31e+02,6.70e+01
-1.75e+02,-7.06e+01,1.45e+02,7.40e+01
-2.31e+02,-8.91e+01,1.44e+02,7.30e+01
-3.62e+02,-7.44e+01,1.29e+02,6.50e+01
-2.04e+02,-4.71e+01,1.29e+02,6.60e+01
-2.13e+02,-4.51e+01,1.29e+02,6.50e+01
-2.52e+02,-1.09e+02,1.42e+02,7.20e+01
-3.13e+02,-1.26e+02,1.46e+02,7.30e+01
-1.81e+02,-8.68e+01,1.44e+02,7.40e+01
-2.05e+02,-4.86e+01,1.30e+02,6.50e+01
-1.82e+02,-8.38e+01,1.43e+02,7.30e+01
-2.10e+02,-4.50e+01,1.31e+02,6.60e+01
-2.04e+02,-5.02e+01,1.31e+02,6.50e+01
-1.72e+02,-8.31e+01,1.42e+02,7.10e+01
-1.76e+02,-8.02e+01,1.44e+02,7.30e+01
-1.75e+02,-8.15e+01,1.47e+02,7.30e+01
-3.48e+02,-3.99e+01,1.30e+02,6.40e+01
-1.79e+02,-8.12e+01,1.46e+02,7.30e+01
-2.99e+02,-9.04e+01,1.38e+02,6.90e+01
-1.75e+02,-8.65e+01,1.40e+02,7.00e+01
-2.85e+02,-4.58e+01,1.30e+02,6.40e+01
-3.77e+02,-1.12e+02,1.44e+02,7.30e+01
-1.80e+02,-8.92e+01,1.42e+02,7.20e+01
-1.70e+02,-6.55e+01,1.41e+02,7.10e+01
-2.08e+02,-5.17e+01,1.32e+02,6.70e+01
-1.77e+02,-7.20e+01,1.46e+02,7.30e+01
-1.85e+02,-7.30e+01,1.46e+02,7.40e+01
-2.07e+02,-5.38e+01,1.29e+02,6.50e+01
-1.69e+02,-6.91e+01,1.46e+02,7.40e+01
-1.83e+02,-7.60e+01,1.41e+02,7.00e+01
-1.92e+02,-7.81e+01,1.42e+02,7.10e+01
-2.14e+02,-4.78e+01,1.31e+02,6.40e+01
-2.29e+02,-5.25e+01,1.40e+02,7.00e+01
-1.70e+02,-6.98e+01,1.46e+02,7.30e+01
-1.82e+02,-7.26e+01,1.41e+02,7.10e+01
-2.04e+02,-4.56e+01,1.29e+02,6.50e+01
-3.64e+02,-8.59e+01,1.29e+02,6.50e+01
-1.79e+02,-7.71e+01,1.44e+02,7.40e+01
-3.72e+02,-1.04e+02,1.44e+02,7.30e+01
-2.12e+02,-4.40e+01,1.31e+02,6.50e+01
-2.13e+02,-4.72e+01,1.31e+02,6.40e+01
-2.06e+02,-5.05e+01,1.31e+02,6.70e+01
-1.76e+02,-7.94e+01,1.41e+02,7.10e+01
-1.74e+02,-7.66e+01,1.44e+02,7.30e+01
-1.79e+02,-7.39e+01,1.45e+02,7.30e+01
-1.73e+02,-7.86e+01,1.47e+02,7.40e+01
-3.56e+02,-6.18e+01,1.30e+02,6.40e+01
-1.79e+02,-8.10e+01,1.40e+02,7.00e+01
-1.72e+02,-8.35e+01,1.41e+02,7.20e+01
-2.20e+02,-5.51e+01,1.30e+02,6.40e+01
-1.75e+02,-8.70e+01,1.45e+02,7.30e+01
-1.71e+02,-7.34e+01,1.42e+02,7.10e+01
-1.75e+02,-6.68e+01,1.48e+02,7.40e+01
-2.10e+02,-4.62e+01,1.29e+02,6.50e+01
-2.06e+02,-4.98e+01,1.29e+02,6.60e+01
-1.75e+02,-9.20e+01,1.41e+02,7.10e+01
-1.86e+02,-9.20e+01,1.43e+02,7.20e+01
-1.87e+02,-9.46e+01,1.45e+02,7.30e+01
-2.07e+02,-4.92e+01,1.31e+02,6.40e+01
-2.11e+02,-5.10e+01,1.31e+02,6.50e+01
-1.87e+02,-8.64e+01,1.40e+02,7.00e+01
-2.85e+02,-6.37e+01,1.28e+02,6.50e+01
-1.76e+02,-7.84e+01,1.42e+02,7.10e+01
-2.87e+02,-8.58e+01,1.47e+02,7.30e+01
-1.77e+02,-7.31e+01,1.43e+02,7.20e+01
-2.13e+02,-5.79e+01,1.31e+02,6.40e+01
-1.86e+02,-9.12e+01,1.40e+02,7.00e+01
-1.73e+02,-8.36e+01,1.45e+02,7.30e+01
-2.10e+02,-5.67e+01,1.33e+02,6.60e+01
-1.75e+02,-8.96e+01,1.39e+02,7.00e+01
-1.84e+02,-7.62e+01,1.47e+02,7.30e+01
-1.75e+02,-9.47e+01,1.39e+02,7.10e+01
-2.08e+02,-4.60e+01,1.32e+02,6.50e+01
-2.06e+02,-4.48e+01,1.29e+02,6.60e+01
-1.74e+02,-8.09e+01,1.45e+02,7.30e+01
-2.05e+02,-4.94e+01,1.28e+02,6.50e+01
-1.80e+02,-9.25e+01,1.39e+02,7.00e+01
-1.72e+02,-7.43e+01,1.40e+02,7.00e+01
-1.80e+02,-8.22e+01,1.41e+02,7.00e+01
-1.76e+02,-6.94e+01,1.47e+02,7.30e+01
-2.05e+02,-9.34e+01,1.45e+02,7.30e+01
-1.75e+02,-8.59e+01,1.44e+02,7.30e+01
-2.50e+02,-4.44e+01,1.28e+02,6.50e+01
-2.12e+02,-4.97e+01,1.29e+02,6.50e+01
-2.05e+02,-4.15e+01,1.31e+02,6.40e+01
-1.75e+02,-8.76e+01,1.47e+02,7.30e+01
-2.44e+02,-9.88e+01,1.40e+02,7.00e+01
-1.79e+02,-7.83e+01,1.40e+02,7.00e+01
-2.13e+02,-6.05e+01,1.32e+02,6.60e+01
-1.73e+02,-7.51e+01,1.45e+02,7.30e+01
-1.77e+02,-7.77e+01,1.40e+02,7.00e+01
-3.52e+02,-1.10e+02,1.42e+02,7.20e+01
-2.04e+02,-4.59e+01,1.31e+02,6.50e+01
-2.13e+02,-6.20e+01,1.31e+02,6.40e+01
-1.84e+02,-8.45e+01,1.40e+02,7.00e+01
-1.74e+02,-9.22e+01,1.47e+02,7.40e+01
-2.06e+02,-4.66e+01,1.30e+02,6.60e+01
-2.13e+02,-5.22e+01,1.28e+02,6.50e+01
