1.73e+02,7.17e+02,5.90e+01,3.50e+01
2.19e+02,6.80e+02,5.70e+01,3.60e+01
2.19e+02,6.80e+02,5.80e+01,3.70e+01
1.77e+02,7.11e+02,5.70e+01,3.50e+01
1.77e+02,7.11e+02,5.80e+01,3.60e+01
2.19e+02,6.80e+02,5.80e+01,3.70e+01
1.06e+02,3.18e+02,5.90e+01,3.50e+01
8.90e+01,1.76e+02,5.70e+01,3.50e+01
1.33e+02,3.46e+02,5.90e+01,3.80e+01
1.22e+02,3.85e+02,5.80e+01,3.60e+01
1.70e+02,6.80e+02,5.90e+01,3.80e+01
2.19e+02,6.80e+02,5.60e+01,3.60e+01
1.77e+02,7.11e+02,5.80e+01,3.60e+01
9.98e+01,2.85e+02,6.00e+01,3.50e+01
8.92e+01,2.14e+02,5.80e+01,3.60e+01
1.73e+02,7.17e+02,6.00e+01,3.60e+01
1.71e+02,7.07e+02,6.00e+01,3.60e+01
9.24e+01,1.76e+02,5.80e+01,3.70e+01
2.19e+02,6.80e+02,6.10e+01,3.90e+01
1.12e+02,2.79e+02,5.80e+01,3.60e+01
2.19e+02,6.80e+02,5.90e+01,3.70e+01
1.77e+02,7.11e+02,5.70e+01,3.50e+01
1.77e+02,7.11e+02,5.80e+01,3.60e+01
1.46e+02,5.58e+02,5.80e+01,3.60e+01
1.44e+02,4.44e+02,5.70e+01,3.60e+01
1.65e+02,3.85e+02,5.90e+01,3.80e+01
1.17e+02,3.85e+02,5.90e+01,3.50e+01
1.53e+02,5.99e+02,6.00e+01,3.60e+01
1.63e+02,6.30e+02,5.90e+01,3.60e+01
1.75e+02,4.16e+02,6.10e+01,3.80e+01
1.62e+02,6.22e+02,5.80e+01,3.50e+01
9.12e+01,2.36e+02,5.70e+01,3.50e+01
2.16e+02,6.80e+02,5.80e+01,3.70e+01
2.04e+02,6.80e+02,5.90e+01,3.70e+01
2.19e+02,6.80e+02,5.90e+01,3.70e+01
1.67e+02,6.80e+02,5.60e+01,3.60e+01
1.82e+02,6.80e+02,5.70e+01,3.70e+01
1.62e+02,5.42e+02,5.80e+01,3.70e+01
9.40e+01,2.45e+02,6.00e+01,3.50e+01
1.63e+02,5.95e+02,5.80e+01,3.60e+01
5.91e+01,8.76e+01,5.70e+01,3.60e+01
1.03e+02,2.92e+02,5.90e+01,3.70e+01
1.18e+02,3.87e+02,6.00e+01,3.60e+01
1.08e+02,3.30e+02,5.70e+01,3.60e+01
1.64e+02,6.59e+02,5.90e+01,3.50e+01
1.90e+02,5.88e+02,5.80e+01,3.70e+01
1.50e+02,4.65e+02,5.80e+01,3.70e+01
1.14e+02,2.70e+02,5.80e+01,3.60e+01
1.73e+02,7.17e+02,6.00e+01,3.50e+01
1.07e+02,3.22e+02,5.80e+01,3.70e+01
1.72e+02,7.15e+02,5.90e+01,3.50e+01
1.73e+02,7.17e+02,6.10e+01,3.60e+01
1.90e+02,5.82e+02,5.80e+01,3.70e+01
1.63e+02,6.30e+02,5.80e+01,3.50e+01
7.55e+01,1.28e+02,5.90e+01,3.60e+01
2.19e+02,6.80e+02,5.80e+01,3.60e+01
9.84e+01,2.76e+02,5.70e+01,3.70e+01
1.44e+02,4.43e+02,5.70e+01,3.50e+01
1.40e+02,3.85e+02,5.90e+01,3.70e+01
1.02e+02,2.91e+02,6.00e+01,3.50e+01
1.71e+02,6.80e+02,5.70e+01,3.70e+01
1.73e+02,7.17e+02,5.90e+01,3.50e+01
1.66e+02,6.81e+02,6.00e+01,3.60e+01
1.72e+02,7.17e+02,5.90e+01,3.50e+01
2.17e+02,6.71e+02,5.90e+01,3.70e+01
2.19e+02,6.80e+02,5.60e+01,3.60e+01
1.09e+02,3.33e+02,5.80e+01,3.60e+01
1.45e+02,4.87e+02,5.70e+01,3.60e+01
1.72e+02,7.11e+02,5.70e+01,3.50e+01
7.35e+01,1.37e+02,6.00e+01,3.80e+01
1.13e+02,3.54e+02,6.00e+01,3.50e+01
2.19e+02,6.80e+02,5.70e+01,3.60e+01
1.71e+02,7.09e+02,6.00e+01,3.50e+01
9.33e+01,1.67e+02,5.80e+01,3.80e+01
9.86e+01,3.12e+02,5.90e+01,3.70e+01
1.46e+02,5.60e+02,5.90e+01,3.50e+01
1.57e+02,5.99e+02,5.60e+01,3.60e+01
1.56e+02,3.79e+02,5.90e+01,3.70e+01
1.04e+02,3.02e+02,5.80e+01,3.60e+01
1.34e+02,4.87e+02,5.90e+01,3.50e+01
1.66e+02,6.99e+02,5.80e+01,3.60e+01
1.30e+02,4.57e+02,5.90e+01,3.70e+01
1.29e+02,4.54e+02,5.90e+01,3.50e+01
9.84e+01,2.49e+02,5.80e+01,3.50e+01
1.37e+02,5.03e+02,6.00e+01,3.60e+01
1.77e+02,7.11e+02,5.60e+01,3.50e+01
9.35e+01,2.42e+02,5.90e+01,3.50e+01
1.30e+02,4.89e+02,5.70e+01,3.50e+01
1.71e+02,7.05e+02,5.90e+01,3.50e+01
1.95e+02,5.40e+02,5.60e+01,3.60e+01
1.37e+02,3.85e+02,5.90e+01,3.80e+01
9.19e+01,2.32e+02,5.80e+01,3.60e+01
9.35e+01,2.42e+02,5.90e+01,3.50e+01
1.22e+02,3.85e+02,5.90e+01,3.70e+01
1.47e+02,6.24e+02,5.70e+01,3.50e+01
2.19e+02,6.80e+02,5.80e+01,3.60e+01
6.48e+01,9.10e+01,5.80e+01,3.60e+01
2.03e+02,6.80e+02,5.90e+01,3.70e+01
2.19e+02,6.80e+02,5.80e+01,3.70e+01
1.33e+02,4.81e+02,5.70e+01,3.50e+01
9.97e+01,2.34e+02,5.90e+01,3.80e+01
1.71e+02,7.08e+02,5.90e+01,3.50e+01
7.36e+01,1.16e+02,5.90e+01,3.70e+01
2.19e+02,6.80e+02,5.70e+01,3.60e+01
6.23e+01,1.30e+02,5.80e+01,3.60e+01
9.80e+01,2.63e+02,5.70e+01,3.60e+01
1.29e+02,4.54e+02,5.60e+01,3.60e+01
8.78e+01,2.13e+02,5.90e+01,3.50e+01
6.53e+01,8.40e+01,5.80e+01,3.70e+01
1.36e+02,3.85e+02,5.60e+01,3.60e+01
1.03e+02,2.96e+02,5.80e+01,3.60e+01
1.57e+02,5.00e+02,5.80e+01,3.70e+01
2.19e+02,6.80e+02,5.80e+01,3.60e+01
2.19e+02,6.80e+02,5.90e+01,3.70e+01
2.19e+02,6.80e+02,5.80e+01,3.70e+01
8.82e+01,2.01e+02,5.90e+01,3.70e+01
1.80e+02,6.68e+02,5.70e+01,3.60e+01
1.77e+02,7.11e+02,5.70e+01,3.50e+01
1.03e+02,2.69e+02,5.80e+01,3.50e+01
1.28e+02,4.53e+02,5.80e+01,3.70e+01
7.35e+01,1.37e+02,5.80e+01,3.70e+01
1.72e+02,7.17e+02,6.00e+01,3.60e+01
1.25e+02,4.29e+02,5.90e+01,3.50e+01
2.19e+02,6.80e+02,5.90e+01,3.80e+01
2.17e+02,6.80e+02,5.60e+01,3.60e+01
1.10e+02,3.17e+02,5.90e+01,3.70e+01
1.73e+02,7.17e+02,6.00e+01,3.50e+01
1.20e+02,3.10e+02,5.70e+01,3.70e+01
