-2.27e+02,-6.56e+01,8.00e+01,3.40e+01
-2.16e+02,-5.26e+01,8.20e+01,3.40e+01
-2.15e+02,-5.09e+01,8.10e+01,3.50e+01
-2.14e+02,-4.74e+01,8.00e+01,3.40e+01
-2.31e+02,-7.98e+01,8.40e+01,3.40e+01
-2.23e+02,-5.41e+01,8.20e+01,3.40e+01
-2.14e+02,-5.02e+01,8.10e+01,3.40e+01
-2.13e+02,-5.02e+01,8.30e+01,3.50e+01
-2.29e+02,-6.66e+01,8.00e+01,3.40e+01
-2.22e+02,-6.41e+01,8.60e+01,3.70e+01
-2.15e+02,-5.13e+01,8.20e+01,3.60e+01
-2.28e+02,-7.51e+01,8.40e+01,3.50e+01
-2.14e+02,-5.76e+01,8.30e+01,3.40e+01
-2.24e+02,-7.65e+01,8.00e+01,3.40e+01
-2.19e+02,-5.90e+01,8.70e+01,3.80e+01
-2.19e+02,-6.27e+01,8.30e+01,3.40e+01
-2.19e+02,-5.73e+01,8.10e+01,3.40e+01
-2.17e+02,-6.29e+01,8.20e+01,3.50e+01
-2.21e+02,-5.53e+01,8.00e+01,3.40e+01
-2.19e+02,-4.73e+01,8.40e+01,3.50e+01
-2.23e+02,-6.27e+01,8.10e+01,3.40e+01
-2.19e+02,-5.31e+01,8.20e+01,3.60e+01
-2.21e+02,-5.23e+01,8.30e+01,3.40e+01
-2.33e+02,-5.51e+01,8.00e+01,3.40e+01
-2.16e+02,-5.74e+01,8.30e+01,3.40e+01
-2.16e+02,-5.74e+01,8.10e+01,3.50e+01
-2.24e+02,-6.45e+01,8.30e+01,3.50e+01
-2.19e+02,-6.25e+01,8.70e+01,3.70e+01
-2.14e+02,-4.50e+01,8.40e+01,3.50e+01
-5.00e+02,-5.00e+02,8.40e+01,3.50e+01
-2.15e+02,-5.82e+01,8.00e+01,3.40e+01
-2.19e+02,-5.15e+01,8.40e+01,3.50e+01
-2.20e+02,-6.20e+01,8.00e+01,3.40e+01
-2.19e+02,-5.97e+01,8.20e+01,3.50e+01
-2.20e+02,-5.63e+01,8.00e+01,3.40e+01
-2.21e+02,-6.45e+01,8.30e+01,3.40e+01
-4.99e+02,-4.97e+02,8.20e+01,3.40e+01
-2.18e+02,-5.43e+01,8.20e+01,3.40e+01
-2.25e+02,-7.15e+01,8.10e+01,3.50e+01
-2.17e+02,-5.33e+01,8.30e+01,3.50e+01
-2.28e+02,-6.20e+01,8.40e+01,3.60e+01
-2.19e+02,-5.58e+01,8.40e+01,3.50e+01
-5.00e+02,-5.00e+02,8.10e+01,3.40e+01
-2.19e+02,-4.63e+01,8.10e+01,3.40e+01
-5.00e+02,-4.99e+02,8.30e+01,3.40e+01
-2.19e+02,-4.94e+01,8.30e+01,3.40e+01
-2.20e+02,-5.32e+01,8.10e+01,3.40e+01
-2.24e+02,-5.48e+01,8.10e+01,3.40e+01
-2.22e+02,-7.29e+01,8.20e+01,3.50e+01
-2.17e+02,-5.21e+01,8.20e+01,3.50e+01
-4.78e+02,-3.70e+02,8.70e+01,3.70e+01
-2.16e+02,-5.32e+01,8.30e+01,3.40e+01
-2.26e+02,-6.89e+01,8.30e+01,3.70e+01
-2.22e+02,-6.04e+01,8.60e+01,3.70e+01
-2.31e+02,-5.51e+01,8.10e+01,3.50e+01
-2.21e+02,-5.60e+01,8.10e+01,3.50e+01
-2.21e+02,-5.73e+01,8.30e+01,3.50e+01
-2.18e+02,-6.00e+01,8.10e+01,3.50e+01
-5.00e+02,-5.00e+02,8.00e+01,3.40e+01
-3.78e+02,-7.96e+01,8.70e+01,3.70e+01
-2.25e+02,-6.12e+01,8.10e+01,3.50e+01
-2.17e+02,-5.87e+01,8.20e+01,3.50e+01
-5.00e+02,-5.00e+02,8.10e+01,3.40e+01
-2.24e+02,-5.77e+01,8.40e+01,3.50e+01
-2.20e+02,-5.36e+01,8.00e+01,3.40e+01
-2.20e+02,-5.61e+01,8.40e+01,3.70e+01
-2.19e+02,-6.28e+01,8.00e+01,3.40e+01
-2.17e+02,-4.83e+01,8.80e+01,3.80e+01
-2.21e+02,-5.58e+01,8.00e+01,3.40e+01
-3.25e+02,-8.37e+01,8.20e+01,3.50e+01
-2.25e+02,-6.69e+01,8.10e+01,3.40e+01
-2.22e+02,-4.99e+01,8.10e+01,3.40e+01
-2.20e+02,-6.90e+01,8.30e+01,3.50e+01
-2.21e+02,-5.43e+01,8.40e+01,3.50e+01
-2.26e+02,-5.61e+01,8.30e+01,3.40e+01
-2.26e+02,-7.19e+01,8.30e+01,3.50e+01
-2.26e+02,-4.96e+01,8.30e+01,3.50e+01
-5.00e+02,-5.00e+02,8.10e+01,3.50e+01
-2.13e+02,-4.59e+01,8.30e+01,3.60e+01
-2.22e+02,-5.52e+01,8.30e+01,3.50e+01
-2.19e+02,-6.11e+01,8.20e+01,3.50e+01
-2.25e+02,-7.54e+01,8.60e+01,3.70e+01
-2.23e+02,-5.23e+01,8.20e+01,3.40e+01
-2.15e+02,-5.33e+01,8.20e+01,3.40e+01
-2.18e+02,-6.47e+01,8.10e+01,3.40e+01
-2.19e+02,-5.91e+01,8.20e+01,3.50e+01
-2.21e+02,-4.76e+01,8.20e+01,3.50e+01
-2.19e+02,-5.59e+01,8.20e+01,3.60e+01
-5.00e+02,-5.00e+02,8.10e+01,3.40e+01
-2.26e+02,-6.27e+01,8.80e+01,3.80e+01
-2.22e+02,-6.60e+01,8.10e+01,3.50e+01
-2.26e+02,-4.59e+01,8.00e+01,3.40e+01
-2.30e+02,-6.25e+01,8.20e+01,3.50e+01
-2.19e+02,-6.07e+01,8.00e+01,3.40e+01
-2.21e+02,-6.47e+01,8.20e+01,3.40e+01
-5.00e+02,-5.00e+02,8.00e+01,3.40e+01
-2.15e+02,-4.81e+01,8.30e+01,3.40e+01
-2.20e+02,-5.31e+01,8.60e+01,3.60e+01
-3.84e+02,-1.28e+02,8.10e+01,3.50e+01
-2.20e+02,-4.99e+01,8.10e+01,3.50e+01
-2.24e+02,-5.04e+01,8.40e+01,3.70e+01
-2.26e+02,-6.87e+01,8.10e+01,3.50e+01
-2.20e+02,-4.63e+01,8.20e+01,3.40e+01
-2.16e+02,-5.58e+01,8.30e+01,3.60e+01
-2.24e+02,-6.32e+01,8.30e+01,3.70e+01
-2.25e+02,-5.11e+01,8.10e+01,3.50e+01
-2.19e+02,-5.24e+01,8.20e+01,3.40e+01
-2.15e+02,-6.30e+01,8.30e+01,3.60e+01
-2.18e+02,-6.14e+01,8.50e+01,3.40e+01
-3.88e+02,-1.31e+02,8.00e+01,3.40e+01
-2.17e+02,-4.79e+01,8.10e+01,3.40e+01
-4.99e+02,-4.98e+02,8.50e+01,3.40e+01
-2.24e+02,-6.24e+01,8.20e+01,3.50e+01
-2.19e+02,-6.03e+01,8.20e+01,3.40e+01
-2.43e+02,-9.02e+01,8.20e+01,3.50e+01
-2.20e+02,-6.34e+01,8.10e+01,3.50e+01
-2.17e+02,-5.04e+01,8.00e+01,3.40e+01
-2.17e+02,-5.12e+01,8.10e+01,3.40e+01
-4.40e+02,-1.41e+02,8.10e+01,3.50e+01
-2.20e+02,-5.28e+01,8.20e+01,3.40e+01
-2.29e+02,-6.85e+01,8.00e+01,3.40e+01
-2.18e+02,-5.63e+01,8.20e+01,3.50e+01
-2.22e+02,-6.52e+01,8.50e+01,3.40e+01
-4.35e+02,-1.11e+02,8.00e+01,3.40e+01
-2.20e+02,-6.25e+01,8.50e+01,3.50e+01
-5.00e+02,-5.00e+02,8.30e+01,3.50e+01
-2.21e+02,-6.07e+01,8.30e+01,3.40e+01
-2.17e+02,-5.24e+01,8.20e+01,3.40e+01
-2.12e+02,-4.82e+01,8.10e+01,3.50e+01
-4.97e+02,-4.81e+02,8.30e+01,3.40e+01
-5.00e+02,-5.00e+02,8.40e+01,3.50e+01
-2.24e+02,-6.03e+01,8.10e+01,3.50e+01
-2.19e+02,-5.95e+01,8.40e+01,3.50e+01
-2.27e+02,-6.43e+01,8.80e+01,3.80e+01
-2.20e+02,-6.28e+01,8.40e+01,3.60e+01
-2.16e+02,-5.52e+01,8.50e+01,3.50e+01
-2.23e+02,-7.29e+01,8.20e+01,3.60e+01
-2.22e+02,-6.09e+01,8.30e+01,3.60e+01
-2.14e+02,-5.29e+01,8.00e+01,3.40e+01
-2.21e+02,-4.36e+01,8.00e+01,3.40e+01
-5.00e+02,-5.00e+02,8.50e+01,3.50e+01
-2.23e+02,-6.84e+01,8.10e+01,3.40e+01
-2.28e+02,-5.61e+01,8.40e+01,3.50e+01
-2.21e+02,-4.83e+01,8.30e+01,3.40e+01
-2.22e+02,-6.54e+01,8.40e+01,3.50e+01
-2.26e+02,-5.56e+01,8.30e+01,3.50e+01
-2.21e+02,-5.68e+01,8.00e+01,3.40e+01
-2.25e+02,-6.79e+01,8.30e+01,3.40e+01
-5.00e+02,-5.00e+02,8.20e+01,3.50e+01
-2.18e+02,-6.52e+01,8.20e+01,3.50e+01
-2.23e+02,-5.04e+01,8.30e+01,3.40e+01
-2.15e+02,-5.60e+01,8.10e+01,3.40e+01
-2.23e+02,-5.75e+01,8.30e+01,3.40e+01
-2.27e+02,-6.54e+01,8.30e+01,3.40e+01
-2.20e+02,-6.53e+01,8.00e+01,3.40e+01
-2.16e+02,-5.52e+01,8.10e+01,3.50e+01
-3.16e+02,-1.24e+02,8.10e+01,3.50e+01
-2.23e+02,-5.70e+01,8.50e+01,3.40e+01
-2.18e+02,-5.71e+01,8.00e+01,3.40e+01
-2.16e+02,-5.17e+01,8.30e+01,3.40e+01
-2.20e+02,-5.16e+01,8.30e+01,3.50e+01
-2.19e+02,-5.38e+01,8.40e+01,3.50e+01
-2.22e+02,-6.28e+01,8.20e+01,3.50e+01
-2.23e+02,-7.64e+01,8.00e+01,3.40e+01
-2.22e+02,-5.33e+01,8.30e+01,3.50e+01
-2.20e+02,-5.92e+01,8.10e+01,3.40e+01
-2.18e+02,-5.37e+01,8.70e+01,3.80e+01
-4.31e+02,-8.64e+01,8.10e+01,3.40e+01
-2.26e+02,-5.68e+01,8.10e+01,3.50e+01
-2.22e+02,-5.20e+01,8.40e+01,3.40e+01
-2.31e+02,-6.19e+01,8.40e+01,3.50e+01
-2.18e+02,-6.75e+01,8.20e+01,3.50e+01
-2.27e+02,-6.45e+01,8.30e+01,3.60e+01
-2.21e+02,-4.54e+01,8.00e+01,3.40e+01
-4.31e+02,-8.44e+01,8.30e+01,3.60e+01
-2.18e+02,-5.56e+01,8.30e+01,3.40e+01
-2.23e+02,-5.75e+01,8.20e+01,3.60e+01
-2.28e+02,-5.97e+01,8.20e+01,3.50e+01
-2.19e+02,-5.33e+01,8.20e+01,3.50e+01
-4.30e+02,-8.14e+01,8.10e+01,3.40e+01
-2.16e+02,-5.56e+01,8.10e+01,3.50e+01
-2.14e+02,-4.65e+01,8.20e+01,3.60e+01
-2.20e+02,-6.33e+01,8.10e+01,3.40e+01
-5.00e+02,-5.00e+02,8.50e+01,3.50e+01
-5.00e+02,-5.00e+02,8.30e+01,3.40e+01
-2.22e+02,-5.10e+01,8.10e+01,3.50e+01
-2.14e+02,-4.58e+01,8.30e+01,3.50e+01
-2.20e+02,-4.77e+01,8.10e+01,3.50e+01
-3.05e+02,-1.02e+02,8.50e+01,3.40e+01
-2.19e+02,-4.78e+01,8.30e+01,3.50e+01
-2.21e+02,-5.46e+01,8.20e+01,3.40e+01
-2.20e+02,-6.20e+01,8.20e+01,3.50e+01
