-2.33e+02,-5.46e+01,9.10e+01,3.90e+01
-2.19e+02,-4.95e+01,8.80e+01,3.70e+01
-2.16e+02,-5.16e+01,8.80e+01,3.70e+01
-2.20e+02,-5.66e+01,8.90e+01,3.70e+01
-2.23e+02,-6.03e+01,8.70e+01,3.70e+01
-2.84e+02,-5.99e+01,8.70e+01,3.70e+01
-2.22e+02,-5.59e+01,8.70e+01,3.70e+01
-2.18e+02,-5.09e+01,8.90e+01,3.80e+01
-2.24e+02,-6.55e+01,9.10e+01,4.00e+01
-2.20e+02,-5.54e+01,8.90e+01,3.70e+01
-2.20e+02,-4.81e+01,8.90e+01,3.70e+01
-2.24e+02,-6.70e+01,9.10e+01,4.00e+01
-2.17e+02,-4.86e+01,8.90e+01,3.80e+01
-2.22e+02,-6.36e+01,8.90e+01,3.70e+01
-2.22e+02,-4.31e+01,8.80e+01,3.70e+01
-2.22e+02,-6.93e+01,8.80e+01,3.80e+01
-2.22e+02,-5.82e+01,8.80e+01,3.80e+01
-2.20e+02,-5.78e+01,8.70e+01,3.70e+01
-2.16e+02,-5.43e+01,9.10e+01,3.90e+01
-2.20e+02,-5.71e+01,8.80e+01,3.80e+01
-2.26e+02,-6.04e+01,8.90e+01,3.70e+01
-3.55e+02,-5.05e+01,8.90e+01,3.70e+01
-2.16e+02,-5.22e+01,8.90e+01,3.80e+01
-2.26e+02,-7.74e+01,9.00e+01,3.80e+01
-2.22e+02,-5.73e+01,9.00e+01,3.80e+01
-2.17e+02,-4.57e+01,9.00e+01,3.80e+01
-2.16e+02,-5.37e+01,8.80e+01,3.70e+01
-2.19e+02,-6.10e+01,9.10e+01,3.90e+01
-2.21e+02,-5.81e+01,8.90e+01,3.70e+01
-2.18e+02,-5.78e+01,8.80e+01,3.70e+01
-2.23e+02,-5.02e+01,8.70e+01,3.70e+01
-2.17e+02,-5.00e+01,8.80e+01,3.70e+01
-3.12e+02,-9.51e+01,9.20e+01,4.00e+01
-2.21e+02,-6.62e+01,8.80e+01,3.70e+01
-2.19e+02,-5.90e+01,8.90e+01,3.80e+01
-5.00e+02,-5.00e+02,9.00e+01,3.70e+01
-2.22e+02,-5.85e+01,9.20e+01,3.90e+01
-2.21e+02,-6.00e+01,8.70e+01,3.70e+01
-2.27e+02,-6.21e+01,8.80e+01,3.70e+01
-2.15e+02,-6.26e+01,9.00e+01,3.80e+01
-2.20e+02,-4.28e+01,9.00e+01,3.80e+01
-2.17e+02,-5.04e+01,9.00e+01,3.70e+01
-2.23e+02,-5.79e+01,8.90e+01,3.70e+01
-2.36e+02,-7.82e+01,9.00e+01,3.90e+01
-2.18e+02,-5.13e+01,8.90e+01,3.70e+01
-2.91e+02,-5.13e+01,8.70e+01,3.70e+01
-2.24e+02,-7.08e+01,9.20e+01,4.00e+01
-2.15e+02,-4.90e+01,9.20e+01,4.00e+01
-2.19e+02,-5.49e+01,8.80e+01,3.70e+01
-2.30e+02,-6.72e+01,8.90e+01,3.70e+01
-2.18e+02,-5.89e+01,8.80e+01,3.70e+01
-2.23e+02,-4.92e+01,8.80e+01,3.70e+01
-2.20e+02,-5.34e+01,8.90e+01,3.70e+01
-2.18e+02,-6.02e+01,9.00e+01,3.80e+01
-2.17e+02,-6.05e+01,9.00e+01,3.80e+01
-4.28e+02,-6.92e+01,8.90e+01,3.70e+01
-2.19e+02,-5.30e+01,8.80e+01,3.70e+01
-4.30e+02,-1.30e+02,8.90e+01,3.90e+01
-2.20e+02,-5.44e+01,8.90e+01,3.80e+01
-2.21e+02,-5.73e+01,9.20e+01,3.90e+01
-2.14e+02,-4.45e+01,8.90e+01,3.70e+01
-2.38e+02,-6.93e+01,9.30e+01,4.00e+01
-2.20e+02,-5.93e+01,9.30e+01,4.00e+01
-2.16e+02,-5.49e+01,8.90e+01,3.70e+01
-2.17e+02,-6.36e+01,9.00e+01,3.70e+01
-2.26e+02,-6.33e+01,9.00e+01,3.70e+01
-5.00e+02,-5.00e+02,9.00e+01,3.70e+01
-3.54e+02,-5.90e+01,9.00e+01,3.80e+01
-2.23e+02,-5.59e+01,8.90e+01,3.70e+01
-4.29e+02,-7.18e+01,8.80e+01,3.70e+01
-2.19e+02,-5.85e+01,9.10e+01,3.80e+01
-2.16e+02,-6.46e+01,8.90e+01,3.70e+01
-2.22e+02,-6.62e+01,9.00e+01,3.70e+01
-2.21e+02,-6.86e+01,8.90e+01,3.70e+01
-4.02e+02,-1.42e+02,8.70e+01,3.70e+01
-2.24e+02,-5.96e+01,9.20e+01,4.00e+01
-2.16e+02,-5.72e+01,9.30e+01,4.00e+01
-2.21e+02,-4.77e+01,8.80e+01,3.70e+01
-2.15e+02,-5.81e+01,9.00e+01,3.70e+01
-2.16e+02,-5.15e+01,8.90e+01,3.70e+01
-2.21e+02,-6.75e+01,9.20e+01,3.90e+01
-2.16e+02,-5.02e+01,8.90e+01,3.80e+01
-2.25e+02,-5.75e+01,8.80e+01,3.80e+01
-2.17e+02,-5.62e+01,8.90e+01,3.80e+01
-2.21e+02,-6.84e+01,9.20e+01,3.90e+01
-2.17e+02,-5.13e+01,9.20e+01,4.00e+01
-2.14e+02,-5.72e+01,8.80e+01,3.70e+01
-2.57e+02,-1.05e+02,8.90e+01,3.70e+01
-2.40e+02,-8.77e+01,9.20e+01,4.00e+01
-2.17e+02,-5.51e+01,9.20e+01,3.90e+01
-2.18e+02,-5.70e+01,8.80e+01,3.70e+01
-2.18e+02,-6.15e+01,8.70e+01,3.70e+01
-5.00e+02,-5.00e+02,9.00e+01,3.80e+01
-5.00e+02,-5.00e+02,9.00e+01,3.80e+01
-2.24e+02,-5.99e+01,9.00e+01,3.80e+01
-2.19e+02,-5.36e+01,9.10e+01,4.00e+01
-3.50e+02,-8.17e+01,8.90e+01,3.80e+01
-2.16e+02,-5.75e+01,9.20e+01,4.00e+01
-2.16e+02,-6.15e+01,8.80e+01,3.70e+01
-5.00e+02,-5.00e+02,8.90e+01,3.70e+01
-2.19e+02,-6.37e+01,8.90e+01,3.70e+01
-2.17e+02,-5.19e+01,9.20e+01,3.90e+01
-2.21e+02,-6.08e+01,9.30e+01,4.00e+01
-2.14e+02,-5.38e+01,8.90e+01,3.80e+01
-2.28e+02,-6.35e+01,9.30e+01,4.00e+01
-2.18e+02,-5.87e+01,8.80e+01,3.70e+01
-2.17e+02,-5.01e+01,8.90e+01,3.70e+01
-5.00e+02,-5.00e+02,9.10e+01,4.00e+01
-2.25e+02,-6.36e+01,8.90e+01,3.80e+01
-2.17e+02,-5.80e+01,8.90e+01,3.70e+01
-2.19e+02,-5.42e+01,8.90e+01,3.70e+01
-2.30e+02,-6.53e+01,9.30e+01,4.00e+01
-3.10e+02,-8.78e+01,8.70e+01,3.70e+01
-2.14e+02,-4.91e+01,8.80e+01,3.70e+01
-2.33e+02,-5.60e+01,9.00e+01,3.80e+01
-2.17e+02,-6.49e+01,9.00e+01,3.80e+01
-2.84e+02,-4.74e+01,8.90e+01,3.70e+01
-2.22e+02,-6.79e+01,8.90e+01,3.70e+01
-3.00e+02,-8.90e+01,9.00e+01,3.90e+01
-2.86e+02,-5.48e+01,8.90e+01,3.70e+01
-2.23e+02,-5.38e+01,8.80e+01,3.70e+01
-2.19e+02,-5.52e+01,9.10e+01,3.90e+01
-2.20e+02,-6.70e+01,8.90e+01,3.70e+01
-2.19e+02,-6.70e+01,9.00e+01,3.70e+01
-2.29e+02,-6.08e+01,8.80e+01,3.70e+01
-2.20e+02,-6.14e+01,9.20e+01,3.90e+01
-2.15e+02,-5.00e+01,9.00e+01,3.70e+01
-2.20e+02,-5.36e+01,9.00e+01,3.70e+01
-2.19e+02,-4.85e+01,8.90e+01,3.80e+01
-2.25e+02,-4.98e+01,8.90e+01,3.70e+01
-2.21e+02,-6.40e+01,9.20e+01,3.90e+01
-2.21e+02,-4.94e+01,8.90e+01,3.80e+01
-4.29e+02,-7.51e+01,8.90e+01,3.70e+01
-3.00e+02,-9.03e+01,8.80e+01,3.80e+01
-2.29e+02,-6.02e+01,8.90e+01,3.70e+01
-2.19e+02,-5.89e+01,9.00e+01,3.80e+01
-2.86e+02,-6.31e+01,9.00e+01,3.80e+01
-2.45e+02,-8.84e+01,9.20e+01,4.00e+01
-2.22e+02,-6.29e+01,9.10e+01,3.80e+01
-2.24e+02,-7.10e+01,8.90e+01,3.80e+01
-2.32e+02,-7.12e+01,9.00e+01,3.70e+01
-2.17e+02,-5.04e+01,8.80e+01,3.70e+01
-2.22e+02,-4.97e+01,8.90e+01,3.70e+01
-2.22e+02,-4.96e+01,8.90e+01,3.70e+01
-2.25e+02,-5.71e+01,9.30e+01,4.00e+01
-2.28e+02,-4.58e+01,9.00e+01,3.70e+01
-2.24e+02,-5.44e+01,8.90e+01,3.80e+01
-2.19e+02,-5.13e+01,9.20e+01,3.90e+01
-2.19e+02,-5.52e+01,9.10e+01,3.80e+01
-2.15e+02,-5.41e+01,8.90e+01,3.80e+01
-2.19e+02,-5.36e+01,9.00e+01,3.80e+01
-4.56e+02,-2.60e+02,9.20e+01,4.00e+01
-4.44e+02,-1.66e+02,9.00e+01,3.90e+01
-2.22e+02,-5.55e+01,9.10e+01,3.90e+01
-3.07e+02,-8.68e+01,9.00e+01,3.70e+01
-2.20e+02,-5.84e+01,9.10e+01,3.90e+01
-2.16e+02,-5.56e+01,8.90e+01,3.70e+01
-2.16e+02,-5.48e+01,8.90e+01,3.80e+01
-2.24e+02,-6.01e+01,8.80e+01,3.80e+01
-2.21e+02,-6.87e+01,9.10e+01,3.90e+01
-4.40e+02,-1.40e+02,8.80e+01,3.70e+01
-2.18e+02,-4.68e+01,9.10e+01,3.90e+01
-2.26e+02,-6.78e+01,8.70e+01,3.70e+01
-4.94e+02,-4.63e+02,9.20e+01,3.90e+01
-2.21e+02,-6.93e+01,9.00e+01,3.80e+01
-2.24e+02,-7.33e+01,8.80e+01,3.80e+01
-2.20e+02,-6.20e+01,9.10e+01,3.90e+01
-2.29e+02,-7.68e+01,9.30e+01,4.10e+01
-2.22e+02,-5.80e+01,8.80e+01,3.70e+01
-2.34e+02,-6.63e+01,8.90e+01,3.80e+01
-2.20e+02,-5.47e+01,8.80e+01,3.70e+01
-2.20e+02,-5.90e+01,8.90e+01,3.80e+01
-2.17e+02,-6.02e+01,8.90e+01,3.80e+01
-2.18e+02,-6.34e+01,8.80e+01,3.70e+01
-2.22e+02,-6.40e+01,9.00e+01,3.90e+01
-2.26e+02,-6.45e+01,8.90e+01,3.80e+01
-2.27e+02,-7.76e+01,8.80e+01,3.70e+01
-5.00e+02,-5.00e+02,8.90e+01,3.70e+01
-2.20e+02,-5.60e+01,9.20e+01,3.90e+01
-2.23e+02,-5.82e+01,8.90e+01,3.80e+01
-2.25e+02,-7.24e+01,9.10e+01,3.90e+01
-2.16e+02,-4.52e+01,9.00e+01,3.80e+01
-2.15e+02,-5.16e+01,9.20e+01,4.00e+01
-2.20e+02,-6.56e+01,9.00e+01,3.80e+01
-2.22e+02,-5.30e+01,8.90e+01,3.80e+01
-2.18e+02,-6.30e+01,9.00e+01,3.80e+01
-2.22e+02,-5.86e+01,8.90e+01,3.80e+01
-2.14e+02,-5.17e+01,9.00e+01,3.80e+01
-2.25e+02,-6.23e+01,9.10e+01,3.90e+01
-2.21e+02,-5.82e+01,9.00e+01,3.80e+01
-2.19e+02,-5.86e+01,8.80e+01,3.70e+01
-2.31e+02,-6.38e+01,9.10e+01,4.00e+01
