1.33e+02,2.60e+02,1.60e+01,1.60e+01
1.66e+02,4.81e+02,1.50e+01,1.60e+01
1.57e+02,5.14e+02,1.60e+01,1.60e+01
1.29e+02,4.40e+02,1.60e+01,1.60e+01
1.44e+02,4.41e+02,1.50e+01,1.60e+01
1.39e+02,4.14e+02,1.50e+01,1.60e+01
9.43e+01,2.12e+02,1.70e+01,1.70e+01
1.36e+02,4.69e+02,1.50e+01,1.60e+01
1.87e+02,6.07e+02,1.60e+01,1.60e+01
1.71e+02,5.52e+02,1.50e+01,1.60e+01
6.19e+01,4.27e+02,1.40e+01,1.60e+01
1.38e+02,2.81e+02,1.50e+01,1.60e+01
1.58e+02,5.55e+02,1.50e+01,1.60e+01
1.36e+02,4.43e+02,1.60e+01,1.60e+01
1.53e+02,5.01e+02,1.60e+01,1.60e+01
1.31e+02,4.75e+02,1.50e+01,1.60e+01
1.74e+02,4.82e+02,1.50e+01,1.60e+01
1.81e+02,5.70e+02,1.60e+01,1.60e+01
1.33e+02,2.08e+02,1.60e+01,1.60e+01
1.25e+02,3.22e+02,1.40e+01,1.60e+01
1.63e+02,3.56e+02,1.70e+01,1.60e+01
9.35e+01,3.51e+02,1.60e+01,1.60e+01
1.39e+02,3.05e+02,1.60e+01,1.60e+01
1.38e+02,3.31e+02,1.60e+01,1.60e+01
1.67e+02,4.41e+02,1.60e+01,1.60e+01
1.41e+02,3.65e+02,1.40e+01,1.60e+01
2.13e+02,8.53e+02,1.60e+01,1.60e+01
1.70e+02,4.53e+02,1.50e+01,1.60e+01
1.73e+02,5.92e+02,1.60e+01,1.70e+01
1.06e+02,2.41e+02,1.40e+01,1.60e+01
1.47e+02,3.73e+02,1.50e+01,1.60e+01
1.79e+02,5.80e+02,1.70e+01,1.70e+01
1.41e+02,4.78e+02,1.70e+01,1.60e+01
1.50e+02,4.66e+02,1.60e+01,1.60e+01
1.19e+02,2.63e+02,1.70e+01,1.60e+01
1.33e+02,4.07e+02,1.60e+01,1.60e+01
1.26e+02,2.81e+02,1.60e+01,1.60e+01
1.07e+02,4.29e+02,1.50e+01,1.60e+01
1.63e+02,4.40e+02,1.50e+01,1.60e+01
1.45e+02,3.89e+02,1.50e+01,1.60e+01
1.51e+02,4.03e+02,1.60e+01,1.60e+01
1.69e+02,3.93e+02,1.60e+01,1.60e+01
1.01e+02,2.62e+02,1.50e+01,1.60e+01
1.33e+02,3.51e+02,1.70e+01,1.60e+01
1.55e+02,4.19e+02,1.80e+01,1.70e+01
1.34e+02,4.69e+02,1.60e+01,1.60e+01
2.59e+01,3.43e+02,1.40e+01,1.60e+01
1.21e+02,2.55e+02,1.70e+01,1.70e+01
1.62e+02,5.71e+02,1.60e+01,1.60e+01
2.16e+01,2.15e+02,1.60e+01,1.60e+01
1.83e+02,4.50e+02,1.50e+01,1.60e+01
1.74e+02,5.39e+02,1.50e+01,1.60e+01
1.57e+02,5.35e+02,1.60e+01,1.60e+01
1.43e+02,2.80e+02,1.60e+01,1.60e+01
8.80e+01,6.27e+02,1.40e+01,1.60e+01
1.61e+02,3.46e+02,1.50e+01,1.60e+01
1.47e+02,3.90e+02,1.40e+01,1.60e+01
1.30e+02,2.80e+02,1.40e+01,1.60e+01
1.68e+02,5.66e+02,1.60e+01,1.70e+01
1.26e+02,2.36e+02,1.40e+01,1.60e+01
1.08e+02,2.63e+02,1.50e+01,1.60e+01
1.69e+02,3.94e+02,1.60e+01,1.60e+01
1.78e+02,5.24e+02,1.50e+01,1.60e+01
1.75e+02,5.39e+02,1.60e+01,1.60e+01
1.26e+02,3.35e+02,1.50e+01,1.60e+01
1.43e+02,3.85e+02,1.40e+01,1.60e+01
1.54e+02,3.98e+02,1.40e+01,1.60e+01
1.64e+02,5.20e+02,1.50e+01,1.60e+01
1.77e+02,5.58e+02,1.40e+01,1.60e+01
1.45e+02,4.88e+02,1.50e+01,1.60e+01
1.35e+02,4.20e+02,1.40e+01,1.60e+01
1.48e+02,3.24e+02,1.40e+01,1.60e+01
1.40e+02,3.62e+02,1.40e+01,1.60e+01
1.38e+02,4.79e+02,1.60e+01,1.60e+01
1.33e+02,2.66e+02,1.50e+01,1.60e+01
1.54e+02,4.84e+02,1.40e+01,1.60e+01
1.18e+02,3.43e+02,1.40e+01,1.60e+01
1.74e+02,4.73e+02,1.40e+01,1.60e+01
1.61e+02,4.71e+02,1.50e+01,1.60e+01
1.11e+02,2.22e+02,1.40e+01,1.60e+01
1.35e+02,3.09e+02,1.60e+01,1.60e+01
1.38e+02,3.41e+02,1.50e+01,1.60e+01
1.52e+02,3.83e+02,1.50e+01,1.60e+01
1.15e+02,3.51e+02,1.50e+01,1.60e+01
1.33e+02,3.01e+02,1.80e+01,1.70e+01
1.08e+02,2.47e+02,1.50e+01,1.60e+01
1.13e+02,2.75e+02,1.70e+01,1.70e+01
1.27e+02,1.96e+02,1.60e+01,1.60e+01
1.34e+02,3.62e+02,1.40e+01,1.60e+01
1.46e+02,4.88e+02,1.50e+01,1.60e+01
1.27e+02,4.57e+02,1.50e+01,1.60e+01
1.49e+02,4.81e+02,1.50e+01,1.60e+01
1.29e+02,3.54e+02,1.40e+01,1.60e+01
1.36e+02,3.95e+02,1.40e+01,1.60e+01
1.51e+02,4.19e+02,1.50e+01,1.60e+01
1.32e+02,5.20e+02,1.60e+01,1.60e+01
1.44e+02,5.07e+02,1.50e+01,1.60e+01
1.35e+02,2.69e+02,1.80e+01,1.70e+01
1.41e+02,4.07e+02,1.60e+01,1.60e+01
1.42e+02,5.01e+02,1.60e+01,1.60e+01
1.14e+02,2.18e+02,1.50e+01,1.60e+01
1.33e+02,3.66e+02,1.50e+01,1.60e+01
1.17e+02,3.54e+02,1.50e+01,1.60e+01
1.13e+02,3.47e+02,1.70e+01,1.70e+01
1.20e+02,3.38e+02,1.40e+01,1.60e+01
4.79e+01,4.54e+02,1.60e+01,1.60e+01
1.36e+02,2.31e+02,1.40e+01,1.60e+01
1.29e+02,3.16e+02,1.50e+01,1.60e+01
1.49e+02,4.71e+02,1.40e+01,1.60e+01
1.27e+02,3.84e+02,1.50e+01,1.60e+01
1.42e+02,4.56e+02,1.60e+01,1.60e+01
1.54e+02,5.33e+02,1.40e+01,1.60e+01
1.22e+02,3.13e+02,1.40e+01,1.60e+01
1.86e+02,3.84e+02,1.50e+01,1.60e+01
7.75e+01,6.88e+02,1.40e+01,1.60e+01
1.51e+02,3.79e+02,1.50e+01,1.60e+01
9.82e+01,2.84e+02,1.40e+01,1.60e+01
1.63e+02,5.47e+02,1.40e+01,1.60e+01
1.60e+02,4.96e+02,1.50e+01,1.60e+01
1.10e+02,3.11e+02,1.40e+01,1.60e+01
1.18e+02,1.82e+02,1.50e+01,1.70e+01
9.42e+01,3.63e+02,1.40e+01,1.60e+01
1.18e+02,2.93e+02,1.50e+01,1.60e+01
1.61e+02,3.72e+02,1.60e+01,1.70e+01
1.55e+02,3.97e+02,1.40e+01,1.60e+01
1.50e+02,5.07e+02,1.40e+01,1.60e+01
1.29e+02,3.94e+02,1.50e+01,1.60e+01
1.50e+02,4.65e+02,1.50e+01,1.60e+01
1.77e+02,5.90e+02,1.60e+01,1.60e+01
1.16e+02,3.11e+02,1.50e+01,1.60e+01
1.20e+02,2.57e+02,1.40e+01,1.60e+01
1.71e+02,5.33e+02,1.50e+01,1.60e+01
1.42e+02,3.40e+02,1.60e+01,1.60e+01
1.74e+02,5.37e+02,1.50e+01,1.60e+01
1.37e+02,3.60e+02,1.50e+01,1.60e+01
1.26e+02,3.92e+02,1.70e+01,1.70e+01
1.39e+02,3.93e+02,1.40e+01,1.60e+01
1.43e+02,4.89e+02,1.60e+01,1.60e+01
1.11e+02,2.01e+02,1.40e+01,1.60e+01
1.65e+02,5.22e+02,1.40e+01,1.60e+01
1.46e+02,4.86e+02,1.60e+01,1.60e+01
1.37e+02,4.29e+02,1.70e+01,1.60e+01
1.40e+02,4.44e+02,1.40e+01,1.60e+01
1.41e+02,2.55e+02,1.50e+01,1.60e+01
8.72e+01,5.78e+02,1.50e+01,1.60e+01
1.61e+02,5.52e+02,1.40e+01,1.60e+01
1.85e+02,4.25e+02,1.50e+01,1.60e+01
1.27e+02,3.67e+02,1.50e+01,1.60e+01
1.69e+02,5.86e+02,1.50e+01,1.60e+01
9.53e+01,2.76e+02,1.40e+01,1.60e+01
1.58e+02,4.69e+02,1.40e+01,1.60e+01
1.37e+02,4.72e+02,1.40e+01,1.60e+01
1.49e+02,2.58e+02,1.80e+01,1.70e+01
1.65e+02,4.34e+02,1.50e+01,1.60e+01
1.28e+02,4.51e+02,1.60e+01,1.60e+01
2.02e+02,5.94e+02,1.40e+01,1.60e+01
2.03e+02,6.24e+02,1.60e+01,1.60e+01
1.39e+02,3.17e+02,1.50e+01,1.60e+01
1.44e+02,3.64e+02,1.50e+01,1.60e+01
1.02e+02,2.68e+02,1.80e+01,1.70e+01
1.31e+02,2.43e+02,1.40e+01,1.60e+01
1.15e+02,2.30e+02,1.40e+01,1.60e+01
1.47e+02,4.37e+02,1.40e+01,1.60e+01
1.42e+02,3.17e+02,1.50e+01,1.60e+01
1.55e+02,3.39e+02,1.60e+01,1.60e+01
2.08e+02,6.40e+02,1.50e+01,1.60e+01
1.19e+02,3.56e+02,1.70e+01,1.70e+01
1.95e+02,5.53e+02,1.50e+01,1.60e+01
7.66e+01,1.35e+02,1.40e+01,1.60e+01
1.80e+02,6.14e+02,1.70e+01,1.70e+01
1.26e+02,4.55e+02,1.60e+01,1.60e+01
1.89e+02,5.57e+02,1.60e+01,1.60e+01
1.27e+02,3.44e+02,1.60e+01,1.60e+01
1.24e+02,3.72e+02,1.50e+01,1.60e+01
1.34e+02,3.77e+02,1.50e+01,1.60e+01
1.56e+02,4.28e+02,1.50e+01,1.60e+01
1.64e+02,4.16e+02,1.50e+01,1.60e+01
1.23e+02,3.49e+02,1.40e+01,1.60e+01
2.01e+02,5.49e+02,1.40e+01,1.60e+01
1.39e+02,3.53e+02,1.50e+01,1.70e+01
1.70e+02,2.82e+02,1.80e+01,1.70e+01
1.75e+02,4.69e+02,1.50e+01,1.60e+01
1.34e+02,4.08e+02,1.60e+01,1.60e+01
1.43e+02,3.21e+02,1.60e+01,1.60e+01
1.65e+02,4.43e+02,1.60e+01,1.70e+01
1.32e+02,3.39e+02,1.80e+01,1.80e+01
1.72e+02,3.96e+02,1.60e+01,1.70e+01
1.52e+02,4.38e+02,1.40e+01,1.60e+01
1.53e+02,4.83e+02,1.50e+01,1.60e+01
1.57e+02,5.09e+02,1.60e+01,1.60e+01
1.53e+02,2.52e+02,1.60e+01,1.60e+01
1.55e+02,5.01e+02,1.40e+01,1.60e+01
1.68e+02,5.80e+02,1.60e+01,1.60e+01
1.35e+02,3.45e+02,1.50e+01,1.60e+01
1.78e+02,5.94e+02,1.40e+01,1.60e+01
4.82e+01,1.35e+02,1.60e+01,1.60e+01
5.26e+01,4.66e+02,1.50e+01,1.60e+01
1.93e+02,6.59e+02,1.70e+01,1.60e+01
1.69e+02,4.55e+02,1.40e+01,1.60e+01
8.06e+01,6.47e+02,1.60e+01,1.60e+01
1.52e+02,4.25e+02,1.60e+01,1.60e+01
1.52e+02,3.24e+02,1.50e+01,1.60e+01
1.05e+02,2.28e+02,1.70e+01,1.60e+01
1.74e+02,5.55e+02,1.60e+01,1.60e+01
1.42e+02,4.43e+02,1.60e+01,1.60e+01
1.50e+02,3.31e+02,1.50e+01,1.60e+01
1.63e+02,4.52e+02,1.60e+01,1.70e+01
9.86e+01,6.92e+02,1.40e+01,1.60e+01
1.76e+02,5.83e+02,1.50e+01,1.60e+01
1.03e+02,2.74e+02,1.60e+01,1.60e+01
8.02e+01,6.03e+02,1.40e+01,1.60e+01
4.15e+01,3.49e+02,1.70e+01,1.60e+01
1.00e+02,1.59e+02,1.50e+01,1.60e+01
1.49e+02,4.34e+02,1.60e+01,1.60e+01
-3.81e+01,-1.85e+01,1.50e+01,1.60e+01
9.38e+01,2.13e+02,1.50e+01,1.60e+01
1.10e+02,3.28e+02,1.60e+01,1.60e+01
1.40e+02,2.79e+02,1.60e+01,1.70e+01
1.43e+02,4.32e+02,1.50e+01,1.60e+01
1.33e+02,2.75e+02,1.70e+01,1.60e+01
1.50e+02,5.51e+02,1.50e+01,1.60e+01
1.59e+02,4.30e+02,1.60e+01,1.60e+01
8.35e+01,5.93e+02,1.60e+01,1.60e+01
1.58e+02,5.61e+02,1.60e+01,1.60e+01
1.45e+02,3.93e+02,1.50e+01,1.60e+01
1.14e+02,2.27e+02,1.60e+01,1.60e+01
1.03e+02,2.03e+02,1.50e+01,1.60e+01
7.14e+01,4.30e+02,1.50e+01,1.60e+01
1.12e+02,1.69e+02,1.60e+01,1.60e+01
1.14e+02,2.37e+02,1.50e+01,1.60e+01
1.61e+02,4.80e+02,1.60e+01,1.60e+01
1.33e+02,3.02e+02,1.60e+01,1.60e+01
1.63e+02,4.29e+02,1.60e+01,1.60e+01
1.71e+02,3.77e+02,1.60e+01,1.70e+01
1.73e+02,5.08e+02,1.70e+01,1.70e+01
1.56e+02,3.45e+02,1.50e+01,1.60e+01
8.20e+01,2.31e+02,1.40e+01,1.60e+01
1.41e+02,3.12e+02,1.60e+01,1.60e+01
9.43e+01,2.36e+02,1.60e+01,1.60e+01
1.13e+02,3.86e+02,1.60e+01,1.70e+01
1.02e+02,1.99e+02,1.60e+01,1.70e+01
1.28e+02,4.84e+02,1.80e+01,1.70e+01
9.48e+01,1.81e+02,1.60e+01,1.60e+01
9.81e+01,2.20e+02,1.50e+01,1.60e+01
1.02e+02,2.34e+02,1.50e+01,1.60e+01
1.30e+02,2.98e+02,1.50e+01,1.60e+01
1.15e+02,2.54e+02,1.50e+01,1.60e+01
5.95e+01,1.05e+02,1.50e+01,1.60e+01
1.70e+02,5.25e+02,1.60e+01,1.60e+01
9.54e+01,6.31e+02,1.40e+01,1.60e+01
1.23e+02,4.48e+02,1.50e+01,1.60e+01
3.18e+01,6.77e+01,1.50e+01,1.60e+01
1.55e+02,5.55e+02,1.40e+01,1.60e+01
1.44e+02,2.76e+02,1.50e+01,1.60e+01
1.33e+02,4.02e+02,1.50e+01,1.60e+01
1.29e+02,3.57e+02,1.50e+01,1.60e+01
1.89e+02,5.56e+02,1.60e+01,1.60e+01
9.70e+01,3.16e+02,1.60e+01,1.60e+01
1.61e+02,4.88e+02,1.60e+01,1.60e+01
1.26e+02,3.84e+02,1.70e+01,1.60e+01
9.27e+01,1.50e+02,1.50e+01,1.60e+01
8.58e+01,1.73e+02,1.60e+01,1.60e+01
1.28e+02,3.55e+02,1.40e+01,1.60e+01
-4.79e+01,-2.77e+01,1.60e+01,1.60e+01
1.46e+02,4.52e+02,1.50e+01,1.60e+01
1.39e+02,2.80e+02,1.40e+01,1.60e+01
1.56e+02,3.69e+02,1.50e+01,1.60e+01
1.70e+02,5.97e+02,1.60e+01,1.60e+01
1.48e+02,3.35e+02,1.60e+01,1.60e+01
1.41e+02,3.91e+02,1.50e+01,1.60e+01
2.24e+02,6.95e+02,1.60e+01,1.70e+01
1.32e+02,3.16e+02,1.50e+01,1.60e+01
1.45e+02,5.62e+02,1.50e+01,1.60e+01
1.54e+02,2.83e+02,1.50e+01,1.60e+01
1.02e+02,6.94e+02,1.50e+01,1.60e+01
-4.63e+01,-3.01e+01,1.60e+01,1.60e+01
1.46e+02,4.17e+02,1.70e+01,1.60e+01
1.15e+02,1.73e+02,1.50e+01,1.60e+01
-2.25e+01,1.60e+02,1.60e+01,1.60e+01
1.29e+02,2.15e+02,1.50e+01,1.60e+01
1.11e+02,3.03e+02,1.60e+01,1.60e+01
1.33e+02,3.74e+02,1.60e+01,1.60e+01
1.73e+02,6.58e+02,1.50e+01,1.60e+01
1.67e+02,4.04e+02,1.60e+01,1.60e+01
1.46e+02,4.66e+02,1.50e+01,1.60e+01
1.05e+02,2.13e+02,1.70e+01,1.60e+01
1.12e+02,4.02e+02,1.60e+01,1.60e+01
1.43e+02,3.33e+02,1.60e+01,1.60e+01
1.77e+02,4.66e+02,1.70e+01,1.70e+01
1.57e+02,5.88e+02,1.50e+01,1.60e+01
1.61e+02,4.80e+02,1.70e+01,1.70e+01
1.26e+02,1.78e+02,1.60e+01,1.60e+01
1.51e+02,5.08e+02,1.70e+01,1.70e+01
1.22e+02,3.79e+02,1.50e+01,1.60e+01
8.09e+01,6.40e+02,1.50e+01,1.60e+01
1.95e+02,6.23e+02,1.60e+01,1.60e+01
1.54e+02,4.34e+02,1.40e+01,1.60e+01
9.03e+01,1.82e+02,1.50e+01,1.60e+01
1.19e+02,3.15e+02,1.80e+01,1.70e+01
1.35e+02,2.78e+02,1.70e+01,1.70e+01
1.69e+02,4.57e+02,1.50e+01,1.60e+01
7.79e+01,1.89e+02,1.60e+01,1.60e+01
-4.97e+00,1.35e+02,1.60e+01,1.60e+01
1.04e+02,3.77e+02,1.60e+01,1.60e+01
1.21e+02,3.42e+02,1.60e+01,1.60e+01
1.15e+02,2.59e+02,1.60e+01,1.60e+01
1.39e+02,3.37e+02,1.70e+01,1.70e+01
1.01e+02,3.26e+02,1.50e+01,1.60e+01
1.58e+02,3.63e+02,1.50e+01,1.60e+01
1.65e+02,4.48e+02,1.60e+01,1.60e+01
1.60e+02,5.87e+02,1.60e+01,1.60e+01
1.89e+02,6.17e+02,1.60e+01,1.60e+01
1.19e+02,3.30e+02,1.70e+01,1.60e+01
1.41e+02,2.47e+02,1.50e+01,1.60e+01
1.41e+02,3.73e+02,1.60e+01,1.60e+01
1.27e+02,7.32e+02,1.60e+01,1.70e+01
1.46e+01,1.94e+02,1.40e+01,1.60e+01
9.08e+01,1.34e+02,1.50e+01,1.60e+01
1.20e+02,2.90e+02,1.50e+01,1.60e+01
1.56e+02,4.77e+02,1.70e+01,1.60e+01
5.35e+01,1.25e+02,1.50e+01,1.60e+01
1.52e+02,4.61e+02,1.40e+01,1.60e+01
4.69e+01,3.17e+02,1.50e+01,1.60e+01
1.07e+02,3.23e+02,1.60e+01,1.60e+01
1.32e+02,3.49e+02,1.60e+01,1.60e+01
1.38e+02,2.85e+02,1.40e+01,1.60e+01
1.38e+02,3.26e+02,1.70e+01,1.70e+01
1.88e+02,5.57e+02,1.50e+01,1.60e+01
1.12e+02,1.76e+02,1.60e+01,1.70e+01
1.25e+02,2.32e+02,1.50e+01,1.60e+01
1.52e+02,3.29e+02,1.50e+01,1.60e+01
3.42e+01,6.17e+01,1.80e+01,1.70e+01
1.56e+02,4.65e+02,1.50e+01,1.60e+01
1.54e+02,4.41e+02,1.70e+01,1.60e+01
1.07e+02,1.86e+02,1.60e+01,1.60e+01
1.80e+02,4.94e+02,1.70e+01,1.70e+01
1.40e+02,2.31e+02,1.50e+01,1.60e+01
1.34e+02,3.20e+02,1.70e+01,1.60e+01
1.50e+02,3.77e+02,1.50e+01,1.60e+01
1.12e+02,2.99e+02,1.50e+01,1.60e+01
1.46e+02,2.70e+02,1.60e+01,1.60e+01
1.63e+02,5.19e+02,1.60e+01,1.60e+01
1.56e+02,4.03e+02,1.50e+01,1.60e+01
1.26e+02,3.00e+02,1.50e+01,1.60e+01
1.03e+02,2.10e+02,1.60e+01,1.60e+01
1.54e+02,5.04e+02,1.40e+01,1.60e+01
1.81e+02,6.41e+02,1.70e+01,1.60e+01
1.01e+02,1.94e+02,1.60e+01,1.60e+01
7.92e+01,2.30e+02,1.50e+01,1.60e+01
1.11e+02,1.92e+02,1.50e+01,1.60e+01
1.07e+02,3.39e+02,1.60e+01,1.60e+01
1.52e+02,3.77e+02,1.50e+01,1.60e+01
1.18e+02,7.76e+02,1.40e+01,1.60e+01
1.32e+02,2.58e+02,1.60e+01,1.60e+01
8.50e+01,1.92e+02,1.50e+01,1.60e+01
1.41e+02,3.32e+02,1.50e+01,1.60e+01
1.67e+02,4.57e+02,1.70e+01,1.70e+01
9.60e+01,2.10e+02,1.70e+01,1.60e+01
1.86e+02,4.99e+02,1.70e+01,1.60e+01
1.48e+02,3.32e+02,1.60e+01,1.60e+01
1.07e+02,2.91e+02,1.50e+01,1.60e+01
1.44e+02,3.35e+02,1.60e+01,1.60e+01
1.05e+02,2.52e+02,1.50e+01,1.60e+01
9.87e+01,2.38e+02,1.60e+01,1.60e+01
1.31e+02,3.98e+02,1.60e+01,1.60e+01
3.83e+01,2.14e+02,1.50e+01,1.60e+01
1.66e+02,5.68e+02,1.60e+01,1.60e+01
1.14e+02,2.10e+02,1.60e+01,1.60e+01
9.11e+01,6.66e+02,1.40e+01,1.60e+01
1.51e+02,3.81e+02,1.50e+01,1.60e+01
1.31e+02,2.90e+02,1.50e+01,1.60e+01
1.47e+02,3.27e+02,1.50e+01,1.60e+01
1.24e+02,3.42e+02,1.60e+01,1.60e+01
1.01e+02,2.61e+02,1.50e+01,1.60e+01
1.45e+02,5.54e+02,1.70e+01,1.60e+01
1.33e+02,3.02e+02,1.50e+01,1.60e+01
1.37e+02,3.75e+02,1.60e+01,1.60e+01
1.63e+02,5.02e+02,1.60e+01,1.60e+01
1.14e+02,2.31e+02,1.60e+01,1.60e+01
1.63e+02,5.44e+02,1.60e+01,1.60e+01
8.36e+01,1.71e+02,1.50e+01,1.60e+01
1.24e+02,4.24e+02,1.50e+01,1.60e+01
1.30e+02,3.37e+02,1.60e+01,1.60e+01
1.66e+02,3.24e+02,1.60e+01,1.60e+01
1.29e+02,3.66e+02,1.40e+01,1.60e+01
3.50e+01,3.56e+02,1.60e+01,1.70e+01
1.85e+02,6.33e+02,1.60e+01,1.60e+01
1.94e+02,4.58e+02,1.60e+01,1.60e+01
1.42e+02,3.94e+02,1.50e+01,1.60e+01
9.89e+01,6.54e+02,1.40e+01,1.60e+01
1.55e+02,4.42e+02,1.60e+01,1.60e+01
1.70e+02,5.58e+02,1.70e+01,1.60e+01
1.45e+02,3.95e+02,1.70e+01,1.70e+01
1.50e+02,2.57e+02,1.40e+01,1.60e+01
4.80e+01,3.93e+02,1.60e+01,1.60e+01
1.22e+02,1.91e+02,1.60e+01,1.70e+01
1.43e+02,4.50e+02,1.40e+01,1.60e+01
1.97e+02,4.52e+02,1.60e+01,1.70e+01
1.46e+02,5.07e+02,1.50e+01,1.60e+01
1.48e+02,5.68e+02,1.60e+01,1.60e+01
1.81e+02,5.29e+02,1.60e+01,1.60e+01
1.14e+02,3.24e+02,1.50e+01,1.60e+01
1.37e+02,4.31e+02,1.50e+01,1.60e+01
1.67e+02,3.54e+02,1.60e+01,1.60e+01
1.35e+02,3.43e+02,1.60e+01,1.60e+01
1.65e+02,5.61e+02,1.50e+01,1.60e+01
1.73e+02,5.21e+02,1.70e+01,1.70e+01
1.37e+02,3.60e+02,1.60e+01,1.60e+01
1.90e+02,5.87e+02,1.50e+01,1.60e+01
1.21e+02,2.23e+02,1.60e+01,1.60e+01
1.54e+02,4.08e+02,1.60e+01,1.60e+01
1.44e+02,3.11e+02,1.60e+01,1.60e+01
1.35e+02,3.67e+02,1.50e+01,1.60e+01
1.07e+02,2.18e+02,1.50e+01,1.60e+01
1.07e+02,2.49e+02,1.40e+01,1.60e+01
1.64e+02,4.71e+02,1.40e+01,1.60e+01
1.18e+02,2.71e+02,1.70e+01,1.60e+01
1.68e+02,4.05e+02,1.60e+01,1.60e+01
5.50e+01,5.24e+02,1.40e+01,1.60e+01
1.35e+02,2.87e+02,1.60e+01,1.60e+01
8.48e+01,2.38e+02,1.40e+01,1.60e+01
1.59e+02,4.30e+02,1.50e+01,1.60e+01
1.38e+02,4.34e+02,1.50e+01,1.60e+01
6.78e+01,1.55e+02,1.70e+01,1.70e+01
1.52e+02,2.62e+02,1.60e+01,1.60e+01
1.55e+02,3.10e+02,1.70e+01,1.70e+01
1.26e+02,2.32e+02,1.60e+01,1.60e+01
1.02e+02,3.61e+02,1.40e+01,1.60e+01
5.05e+01,4.52e+02,1.40e+01,1.60e+01
1.31e+02,2.31e+02,1.60e+01,1.60e+01
1.40e+02,3.29e+02,1.60e+01,1.60e+01
7.62e+01,6.54e+02,1.40e+01,1.60e+01
1.90e+02,7.14e+02,1.50e+01,1.60e+01
9.73e+01,2.22e+02,1.40e+01,1.60e+01
1.30e+02,3.26e+02,1.60e+01,1.60e+01
1.48e+02,4.09e+02,1.60e+01,1.60e+01
1.22e+02,2.74e+02,1.60e+01,1.60e+01
-5.91e+01,-3.41e+01,1.60e+01,1.60e+01
1.25e+02,2.20e+02,1.60e+01,1.60e+01
4.98e+01,4.27e+02,1.50e+01,1.60e+01
1.56e+02,5.27e+02,1.60e+01,1.60e+01
1.75e+02,4.98e+02,1.50e+01,1.60e+01
5.70e+01,1.72e+02,1.60e+01,1.60e+01
1.63e+02,5.97e+02,1.50e+01,1.60e+01
1.83e+02,6.16e+02,1.50e+01,1.60e+01
-5.01e+01,-2.76e+01,1.60e+01,1.60e+01
6.91e+01,1.33e+02,1.60e+01,1.60e+01
1.43e+02,3.39e+02,1.60e+01,1.70e+01
1.35e+02,3.82e+02,1.50e+01,1.60e+01
3.50e+01,9.16e+01,1.40e+01,1.60e+01
1.59e+02,5.97e+02,1.50e+01,1.60e+01
9.38e+01,2.33e+02,1.60e+01,1.60e+01
1.44e+02,4.57e+02,1.50e+01,1.60e+01
1.64e+02,3.99e+02,1.60e+01,1.60e+01
1.07e+02,2.14e+02,1.40e+01,1.60e+01
1.05e+02,1.96e+02,1.70e+01,1.60e+01
1.92e+02,6.54e+02,1.60e+01,1.60e+01
1.60e+02,4.40e+02,1.70e+01,1.60e+01
1.55e+02,3.71e+02,1.50e+01,1.60e+01
1.51e+02,4.37e+02,1.50e+01,1.60e+01
1.07e+02,1.90e+02,1.50e+01,1.60e+01
7.72e+01,1.79e+02,1.50e+01,1.60e+01
7.68e+01,1.36e+02,1.70e+01,1.60e+01
1.31e+02,4.58e+02,1.60e+01,1.60e+01
1.29e+02,2.82e+02,1.60e+01,1.60e+01
1.91e+02,6.54e+02,1.60e+01,1.60e+01
1.20e+02,2.47e+02,1.60e+01,1.60e+01
1.24e+02,3.03e+02,1.50e+01,1.60e+01
1.23e+02,1.92e+02,1.60e+01,1.60e+01
1.26e+02,4.45e+02,1.50e+01,1.60e+01
1.67e+02,5.35e+02,1.60e+01,1.60e+01
1.23e+02,2.60e+02,1.60e+01,1.60e+01
8.30e+01,1.84e+02,1.70e+01,1.60e+01
1.47e+02,4.80e+02,1.60e+01,1.60e+01
1.34e+02,4.95e+02,1.50e+01,1.60e+01
1.64e+02,3.45e+02,1.70e+01,1.60e+01
1.70e+02,5.39e+02,1.70e+01,1.60e+01
1.52e+02,3.86e+02,1.60e+01,1.60e+01
1.47e+02,3.58e+02,1.60e+01,1.60e+01
1.40e+02,2.87e+02,1.60e+01,1.60e+01
