1.90e+02,7.13e+02,4.80e+01,2.40e+01
1.90e+02,7.13e+02,4.70e+01,2.40e+01
1.90e+02,7.13e+02,4.80e+01,2.40e+01
1.90e+02,7.13e+02,5.00e+01,2.50e+01
1.90e+02,7.13e+02,4.30e+01,2.20e+01
1.90e+02,7.13e+02,4.70e+01,2.30e+01
1.90e+02,7.13e+02,4.70e+01,2.30e+01
1.90e+02,7.13e+02,4.70e+01,2.40e+01
1.90e+02,7.13e+02,4.30e+01,2.20e+01
1.90e+02,7.13e+02,4.60e+01,2.30e+01
1.90e+02,7.13e+02,4.40e+01,2.20e+01
1.90e+02,7.13e+02,4.70e+01,2.30e+01
1.90e+02,7.13e+02,4.80e+01,2.40e+01
1.90e+02,7.13e+02,4.40e+01,2.20e+01
1.90e+02,7.13e+02,4.90e+01,2.40e+01
1.90e+02,7.13e+02,5.10e+01,2.50e+01
1.90e+02,7.13e+02,4.50e+01,2.30e+01
1.73e+02,6.14e+02,4.70e+01,2.30e+01
1.16e+02,2.84e+02,4.70e+01,2.30e+01
7.79e+01,1.03e+02,4.80e+01,2.50e+01
9.50e+01,2.82e+02,4.80e+01,2.40e+01
1.08e+02,2.31e+02,4.70e+01,2.30e+01
1.01e+02,2.11e+02,5.00e+01,2.50e+01
5.98e+01,1.12e+02,4.40e+01,2.30e+01
9.07e+01,1.91e+02,4.90e+01,2.40e+01
9.89e+01,1.81e+02,4.80e+01,2.40e+01
7.59e+01,1.04e+02,4.90e+01,2.40e+01
1.67e+02,5.79e+02,4.60e+01,2.20e+01
1.34e+02,3.79e+02,4.50e+01,2.30e+01
1.70e+02,5.98e+02,4.80e+01,2.40e+01
1.32e+02,3.66e+02,4.70e+01,2.30e+01
1.67e+02,5.79e+02,4.80e+01,2.30e+01
1.11e+02,1.54e+02,4.80e+01,2.40e+01
1.57e+02,5.20e+02,4.80e+01,2.30e+01
1.89e+02,7.13e+02,4.90e+01,2.40e+01
1.90e+02,7.13e+02,4.90e+01,2.50e+01
1.25e+02,3.33e+02,4.90e+01,2.50e+01
8.14e+01,1.40e+02,4.70e+01,2.30e+01
1.90e+02,7.13e+02,4.80e+01,2.50e+01
1.72e+02,6.13e+02,4.30e+01,2.20e+01
1.89e+02,7.13e+02,4.80e+01,2.40e+01
8.40e+01,1.05e+02,4.50e+01,2.20e+01
1.90e+02,7.13e+02,5.20e+01,2.60e+01
7.59e+01,1.04e+02,4.80e+01,2.40e+01
1.10e+02,1.49e+02,5.00e+01,2.50e+01
7.84e+01,1.36e+02,4.80e+01,2.30e+01
6.96e+01,1.07e+02,4.80e+01,2.40e+01
1.90e+02,7.13e+02,5.10e+01,2.50e+01
1.57e+02,5.20e+02,4.80e+01,2.30e+01
1.08e+02,2.31e+02,4.90e+01,2.50e+01
9.02e+01,1.35e+02,4.60e+01,2.20e+01
9.01e+01,1.97e+02,4.70e+01,2.40e+01
1.90e+02,7.13e+02,4.60e+01,2.40e+01
1.90e+02,7.13e+02,4.90e+01,2.40e+01
1.31e+02,3.77e+02,4.90e+01,2.50e+01
9.25e+01,1.62e+02,4.70e+01,2.30e+01
1.88e+02,7.13e+02,4.80e+01,2.40e+01
1.33e+02,4.03e+02,4.80e+01,2.30e+01
9.17e+01,1.37e+02,4.40e+01,2.20e+01
1.29e+02,3.55e+02,4.70e+01,2.40e+01
1.13e+02,2.58e+02,4.90e+01,2.50e+01
1.06e+02,2.16e+02,4.80e+01,2.30e+01
1.74e+02,6.27e+02,4.90e+01,2.50e+01
1.90e+02,7.13e+02,4.80e+01,2.50e+01
1.47e+02,4.53e+02,4.90e+01,2.40e+01
1.64e+02,5.57e+02,4.80e+01,2.40e+01
1.90e+02,7.13e+02,4.80e+01,2.40e+01
1.64e+02,5.57e+02,4.50e+01,2.30e+01
1.90e+02,7.13e+02,4.90e+01,2.40e+01
1.69e+02,5.90e+02,5.10e+01,2.60e+01
1.18e+02,3.15e+02,4.50e+01,2.20e+01
1.17e+02,2.81e+02,4.80e+01,2.40e+01
9.19e+01,1.92e+02,4.80e+01,2.40e+01
7.53e+01,1.04e+02,4.80e+01,2.30e+01
1.32e+02,2.89e+02,4.80e+01,2.40e+01
9.13e+01,1.38e+02,4.90e+01,2.40e+01
1.45e+02,4.53e+02,4.30e+01,2.20e+01
1.46e+02,4.53e+02,4.80e+01,2.50e+01
1.32e+02,3.57e+02,4.40e+01,2.20e+01
1.90e+02,7.13e+02,4.70e+01,2.30e+01
1.90e+02,7.13e+02,4.80e+01,2.40e+01
7.81e+01,1.03e+02,5.10e+01,2.60e+01
1.68e+02,5.84e+02,4.40e+01,2.20e+01
1.20e+02,3.08e+02,4.50e+01,2.20e+01
1.11e+02,2.41e+02,4.90e+01,2.50e+01
1.90e+02,7.13e+02,4.50e+01,2.30e+01
9.10e+01,1.91e+02,5.00e+01,2.40e+01
1.08e+02,2.35e+02,4.50e+01,2.30e+01
1.44e+02,4.47e+02,4.80e+01,2.30e+01
1.90e+02,7.13e+02,4.70e+01,2.40e+01
1.90e+02,7.13e+02,4.80e+01,2.40e+01
1.63e+02,5.57e+02,4.70e+01,2.40e+01
1.90e+02,7.13e+02,4.90e+01,2.50e+01
1.90e+02,7.13e+02,4.80e+01,2.40e+01
1.88e+02,7.13e+02,5.20e+01,2.60e+01
1.90e+02,7.13e+02,4.80e+01,2.40e+01
1.49e+02,4.81e+02,4.90e+01,2.40e+01
1.17e+02,2.90e+02,4.90e+01,2.50e+01
1.38e+02,3.17e+02,4.80e+01,2.30e+01
1.50e+02,4.81e+02,4.60e+01,2.40e+01
7.53e+01,1.04e+02,4.80e+01,2.40e+01
-2.83e+01,1.18e+02,4.90e+01,2.40e+01
1.67e+02,5.79e+02,4.40e+01,2.20e+01
1.46e+02,4.53e+02,5.00e+01,2.50e+01
1.85e+02,6.87e+02,4.80e+01,2.40e+01
8.09e+01,1.23e+02,4.90e+01,2.40e+01
9.02e+01,1.35e+02,4.40e+01,2.20e+01
-2.81e+01,1.18e+02,4.80e+01,2.40e+01
1.07e+02,2.30e+02,4.70e+01,2.40e+01
1.44e+02,4.53e+02,4.90e+01,2.50e+01
1.70e+02,5.98e+02,4.90e+01,2.50e+01
9.07e+01,1.91e+02,5.10e+01,2.50e+01
9.78e+01,1.93e+02,4.80e+01,2.40e+01
1.37e+02,4.04e+02,4.30e+01,2.20e+01
1.90e+02,7.13e+02,4.70e+01,2.30e+01
1.09e+02,2.00e+02,4.80e+01,2.40e+01
1.89e+02,7.13e+02,4.80e+01,2.40e+01
1.89e+02,7.13e+02,4.80e+01,2.30e+01
1.90e+02,7.13e+02,5.00e+01,2.50e+01
9.44e+01,1.47e+02,4.80e+01,2.30e+01
1.57e+02,5.20e+02,4.40e+01,2.20e+01
1.04e+02,2.10e+02,4.80e+01,2.30e+01
1.64e+02,5.57e+02,4.80e+01,2.40e+01
1.05e+02,2.14e+02,4.90e+01,2.40e+01
1.67e+02,5.79e+02,4.50e+01,2.20e+01
1.23e+02,3.05e+02,4.30e+01,2.20e+01
1.90e+02,7.13e+02,4.70e+01,2.30e+01
1.89e+02,7.13e+02,4.90e+01,2.50e+01
