1.00e+02,4.31e+02,8.20e+01,3.20e+01
1.00e+02,4.31e+02,8.40e+01,3.30e+01
1.00e+02,4.31e+02,8.20e+01,3.20e+01
1.00e+02,4.31e+02,8.20e+01,3.20e+01
1.00e+02,4.31e+02,8.20e+01,3.20e+01
1.00e+02,4.31e+02,8.20e+01,3.20e+01
1.00e+02,4.31e+02,8.20e+01,3.20e+01
1.00e+02,4.31e+02,8.20e+01,3.20e+01
1.00e+02,4.31e+02,8.20e+01,3.20e+01
1.00e+02,4.31e+02,8.20e+01,3.20e+01
1.00e+02,4.31e+02,8.20e+01,3.20e+01
1.00e+02,4.31e+02,8.20e+01,3.20e+01
1.00e+02,4.31e+02,8.20e+01,3.20e+01
1.00e+02,4.31e+02,8.20e+01,3.20e+01
1.00e+02,4.31e+02,8.20e+01,3.20e+01
1.00e+02,4.31e+02,8.20e+01,3.20e+01
1.00e+02,4.31e+02,8.20e+01,3.20e+01
1.00e+02,4.31e+02,8.20e+01,3.20e+01
1.00e+02,4.31e+02,8.20e+01,3.20e+01
1.00e+02,4.31e+02,8.20e+01,3.20e+01
1.00e+02,4.31e+02,8.20e+01,3.20e+01
1.00e+02,4.31e+02,8.20e+01,3.20e+01
1.00e+02,4.31e+02,8.20e+01,3.20e+01
1.00e+02,4.31e+02,8.20e+01,3.20e+01
1.00e+02,4.31e+02,8.20e+01,3.20e+01
1.00e+02,4.31e+02,8.20e+01,3.20e+01
1.00e+02,4.31e+02,8.20e+01,3.20e+01
1.00e+02,4.31e+02,8.20e+01,3.20e+01
1.00e+02,4.31e+02,8.20e+01,3.20e+01
1.00e+02,4.31e+02,8.20e+01,3.20e+01
1.00e+02,4.31e+02,8.20e+01,3.20e+01
1.00e+02,4.31e+02,8.30e+01,3.30e+01
9.99e+01,4.30e+02,8.20e+01,3.20e+01
1.00e+02,4.31e+02,8.30e+01,3.30e+01
1.00e+02,4.31e+02,8.30e+01,3.20e+01
1.00e+02,4.31e+02,8.30e+01,3.20e+01
1.00e+02,4.31e+02,8.30e+01,3.30e+01
1.00e+02,4.31e+02,8.30e+01,3.30e+01
1.00e+02,4.31e+02,8.30e+01,3.20e+01
1.00e+02,4.31e+02,8.30e+01,3.30e+01
1.00e+02,4.31e+02,8.30e+01,3.20e+01
1.00e+02,4.31e+02,8.30e+01,3.20e+01
1.00e+02,4.31e+02,8.30e+01,3.30e+01
1.00e+02,4.31e+02,8.30e+01,3.20e+01
1.00e+02,4.31e+02,8.30e+01,3.20e+01
1.00e+02,4.31e+02,8.30e+01,3.20e+01
1.00e+02,4.31e+02,8.30e+01,3.30e+01
1.00e+02,4.31e+02,8.30e+01,3.20e+01
1.00e+02,4.31e+02,8.30e+01,3.30e+01
1.00e+02,4.31e+02,8.30e+01,3.20e+01
1.79e+01,2.00e+02,8.40e+01,3.30e+01
9.98e+01,4.30e+02,8.30e+01,3.30e+01
6.54e+01,2.22e+02,8.20e+01,3.20e+01
1.00e+02,4.31e+02,8.30e+01,3.30e+01
8.32e+01,3.35e+02,8.20e+01,3.20e+01
7.16e+01,2.64e+02,8.20e+01,3.20e+01
1.00e+02,4.31e+02,8.30e+01,3.30e+01
8.97e+01,3.71e+02,8.20e+01,3.20e+01
1.00e+02,4.31e+02,8.50e+01,3.30e+01
1.00e+02,4.31e+02,8.40e+01,3.30e+01
9.98e+01,4.30e+02,8.20e+01,3.20e+01
1.00e+02,4.31e+02,8.20e+01,3.20e+01
8.53e+01,3.45e+02,8.20e+01,3.20e+01
1.00e+02,4.31e+02,8.20e+01,3.20e+01
1.00e+02,4.31e+02,8.20e+01,3.20e+01
1.00e+02,4.31e+02,8.20e+01,3.20e+01
8.19e+01,3.27e+02,8.20e+01,3.20e+01
1.00e+02,4.31e+02,8.20e+01,3.20e+01
7.55e+01,2.85e+02,8.20e+01,3.20e+01
1.00e+02,4.31e+02,8.20e+01,3.20e+01
8.53e+01,3.45e+02,8.20e+01,3.20e+01
6.46e+01,2.19e+02,8.20e+01,3.20e+01
9.97e+01,4.29e+02,8.20e+01,3.20e+01
7.53e+01,2.84e+02,8.20e+01,3.20e+01
9.97e+01,4.30e+02,8.40e+01,3.30e+01
6.47e+01,2.19e+02,8.40e+01,3.30e+01
9.92e+01,4.27e+02,8.50e+01,3.40e+01
1.00e+02,4.31e+02,8.30e+01,3.20e+01
8.21e+01,3.28e+02,8.20e+01,3.20e+01
9.86e+01,4.23e+02,8.40e+01,3.30e+01
9.99e+01,4.30e+02,8.20e+01,3.20e+01
9.86e+01,4.22e+02,8.20e+01,3.20e+01
7.11e+01,2.90e+02,8.20e+01,3.20e+01
9.98e+01,4.30e+02,8.20e+01,3.20e+01
9.79e+01,4.17e+02,8.40e+01,3.30e+01
8.00e+01,3.13e+02,8.50e+01,3.40e+01
1.00e+02,4.31e+02,8.20e+01,3.20e+01
9.98e+01,4.30e+02,8.40e+01,3.30e+01
1.00e+02,4.31e+02,8.40e+01,3.30e+01
8.97e+01,3.71e+02,8.20e+01,3.20e+01
9.86e+01,4.22e+02,8.20e+01,3.20e+01
7.59e+01,2.86e+02,8.20e+01,3.20e+01
9.98e+01,4.30e+02,8.30e+01,3.30e+01
2.70e+00,4.12e+01,8.20e+01,3.20e+01
9.82e+01,4.21e+02,8.20e+01,3.20e+01
7.28e+01,2.72e+02,8.20e+01,3.20e+01
9.99e+01,4.30e+02,8.20e+01,3.20e+01
1.00e+02,4.31e+02,8.20e+01,3.20e+01
1.00e+02,4.31e+02,8.40e+01,3.30e+01
1.00e+02,4.31e+02,8.50e+01,3.40e+01
1.00e+02,4.31e+02,8.20e+01,3.20e+01
9.97e+01,4.29e+02,8.20e+01,3.20e+01
8.81e+01,3.59e+02,8.30e+01,3.30e+01
1.00e+02,4.31e+02,8.40e+01,3.30e+01
9.99e+01,4.30e+02,8.20e+01,3.20e+01
7.89e+01,3.07e+02,8.20e+01,3.20e+01
1.00e+02,4.31e+02,8.30e+01,3.20e+01
8.53e+01,3.45e+02,8.20e+01,3.20e+01
1.00e+02,4.31e+02,8.30e+01,3.30e+01
1.00e+02,4.31e+02,8.30e+01,3.20e+01
1.00e+02,4.31e+02,8.20e+01,3.20e+01
1.00e+02,4.31e+02,8.30e+01,3.30e+01
1.00e+02,4.31e+02,8.30e+01,3.20e+01
9.92e+01,4.27e+02,8.40e+01,3.30e+01
9.97e+01,4.29e+02,8.20e+01,3.20e+01
9.97e+01,4.29e+02,8.40e+01,3.30e+01
6.97e+01,2.58e+02,8.30e+01,3.30e+01
1.00e+02,4.31e+02,8.50e+01,3.40e+01
9.97e+01,4.29e+02,8.20e+01,3.20e+01
9.98e+01,4.29e+02,8.20e+01,3.20e+01
1.00e+02,4.31e+02,8.30e+01,3.20e+01
9.99e+01,4.31e+02,8.30e+01,3.30e+01
1.00e+02,4.31e+02,8.20e+01,3.20e+01
7.92e+01,3.08e+02,8.20e+01,3.20e+01
1.00e+02,4.31e+02,8.30e+01,3.20e+01
8.33e+01,3.31e+02,8.20e+01,3.20e+01
9.82e+01,4.21e+02,8.40e+01,3.30e+01
1.00e+02,4.31e+02,8.30e+01,3.20e+01
