3.42e+02,1.50e+03,1.02e+02,4.90e+01
1.32e+02,4.87e+02,1.03e+02,4.90e+01
2.73e+02,1.44e+03,1.03e+02,4.90e+01
2.54e+02,1.00e+03,1.03e+02,4.90e+01
2.57e+02,1.19e+03,9.70e+01,4.70e+01
3.02e+02,1.36e+03,1.07e+02,5.10e+01
2.50e+02,1.11e+03,1.05e+02,5.00e+01
2.97e+02,1.38e+03,1.03e+02,5.00e+01
2.99e+02,1.42e+03,1.05e+02,5.00e+01
2.15e+02,9.50e+02,1.02e+02,4.90e+01
2.59e+02,1.30e+03,1.03e+02,5.00e+01
2.11e+02,8.82e+02,1.05e+02,5.00e+01
2.56e+02,1.40e+03,1.06e+02,5.00e+01
2.36e+02,9.43e+02,1.02e+02,4.90e+01
2.08e+02,9.52e+02,1.05e+02,5.00e+01
2.84e+02,1.41e+03,1.03e+02,4.90e+01
1.05e+02,4.93e+02,1.02e+02,4.90e+01
2.61e+02,1.39e+03,1.03e+02,4.90e+01
2.92e+02,1.40e+03,1.04e+02,5.00e+01
2.87e+02,1.36e+03,1.05e+02,5.00e+01
1.99e+02,9.57e+02,9.80e+01,4.70e+01
2.40e+02,1.38e+03,1.02e+02,4.90e+01
2.08e+02,1.13e+03,1.02e+02,4.90e+01
2.60e+02,1.33e+03,9.80e+01,4.80e+01
1.76e+02,9.73e+02,9.70e+01,4.70e+01
1.84e+02,8.89e+02,1.02e+02,4.90e+01
2.10e+02,8.68e+02,1.03e+02,4.90e+01
2.92e+02,1.34e+03,1.04e+02,5.00e+01
3.03e+02,1.46e+03,1.04e+02,4.90e+01
2.89e+02,1.38e+03,1.04e+02,5.00e+01
2.02e+02,9.72e+02,1.02e+02,4.90e+01
2.50e+02,1.41e+03,1.03e+02,4.90e+01
3.29e+02,1.40e+03,1.02e+02,4.90e+01
1.79e+02,1.01e+03,1.02e+02,4.90e+01
7.88e+01,2.18e+02,1.04e+02,4.90e+01
2.71e+02,1.29e+03,1.02e+02,4.90e+01
1.27e+02,6.63e+02,1.03e+02,4.90e+01
8.81e+01,3.42e+02,1.03e+02,4.90e+01
2.72e+02,1.33e+03,1.05e+02,5.00e+01
-1.63e+01,8.82e+01,1.03e+02,4.90e+01
1.49e+02,7.52e+02,1.02e+02,4.90e+01
2.74e+02,1.40e+03,9.70e+01,4.70e+01
2.31e+02,1.32e+03,9.80e+01,4.70e+01
2.76e+02,1.40e+03,1.04e+02,4.90e+01
1.91e+02,9.38e+02,1.03e+02,4.90e+01
2.37e+02,1.37e+03,9.80e+01,4.70e+01
2.47e+02,8.77e+02,1.03e+02,4.90e+01
2.79e+02,1.28e+03,1.04e+02,5.00e+01
2.60e+02,1.30e+03,1.04e+02,4.90e+01
2.09e+02,1.03e+03,1.04e+02,4.90e+01
1.34e+02,5.72e+02,1.03e+02,4.90e+01
2.73e+02,1.39e+03,1.05e+02,5.00e+01
2.73e+02,1.35e+03,1.04e+02,5.10e+01
3.10e+02,1.48e+03,1.03e+02,4.90e+01
2.40e+02,1.00e+03,1.05e+02,5.00e+01
2.96e+02,1.30e+03,1.03e+02,4.90e+01
2.57e+02,1.09e+03,1.02e+02,4.90e+01
5.46e+01,2.91e+02,9.70e+01,4.70e+01
2.09e+02,8.31e+02,1.04e+02,5.00e+01
2.64e+02,1.45e+03,1.04e+02,5.00e+01
2.14e+02,9.60e+02,1.03e+02,4.90e+01
2.82e+02,1.31e+03,1.05e+02,5.00e+01
2.73e+02,1.33e+03,1.03e+02,4.90e+01
2.73e+02,1.33e+03,1.03e+02,4.90e+01
2.01e+02,9.46e+02,1.04e+02,4.90e+01
2.82e+02,1.39e+03,1.03e+02,4.90e+01
2.88e+02,1.41e+03,1.04e+02,4.90e+01
1.88e+02,8.35e+02,1.04e+02,5.00e+01
2.50e+02,1.11e+03,1.02e+02,4.90e+01
2.81e+02,1.44e+03,1.03e+02,4.90e+01
2.39e+02,1.42e+03,1.08e+02,5.10e+01
2.76e+02,1.32e+03,1.03e+02,4.90e+01
3.52e+02,1.42e+03,1.04e+02,4.90e+01
2.48e+02,1.36e+03,1.02e+02,4.90e+01
2.95e+02,1.42e+03,1.03e+02,5.00e+01
3.02e+02,1.45e+03,1.02e+02,4.90e+01
1.27e+02,5.07e+02,1.05e+02,5.00e+01
2.62e+02,1.39e+03,9.70e+01,4.70e+01
2.29e+02,1.33e+03,1.05e+02,5.10e+01
1.66e+02,5.19e+02,1.04e+02,5.00e+01
2.76e+02,1.35e+03,1.08e+02,5.10e+01
2.98e+02,1.43e+03,1.02e+02,4.90e+01
2.80e+02,1.40e+03,1.07e+02,5.10e+01
1.48e+02,7.07e+02,1.04e+02,5.10e+01
2.55e+02,1.08e+03,1.08e+02,5.20e+01
1.40e+02,4.61e+02,1.05e+02,5.00e+01
2.25e+02,1.05e+03,1.05e+02,5.00e+01
1.25e+02,6.06e+02,1.02e+02,4.90e+01
3.06e+02,1.32e+03,1.03e+02,4.90e+01
1.58e+02,7.26e+02,1.04e+02,5.00e+01
2.25e+02,1.27e+03,1.03e+02,4.90e+01
3.24e+02,1.37e+03,1.07e+02,5.10e+01
2.74e+02,1.38e+03,1.04e+02,4.90e+01
2.57e+02,1.40e+03,1.04e+02,5.00e+01
2.02e+02,7.27e+02,1.06e+02,5.00e+01
2.80e+02,1.43e+03,1.04e+02,5.00e+01
2.57e+02,1.30e+03,1.07e+02,5.10e+01
2.30e+02,1.06e+03,1.07e+02,5.10e+01
1.97e+02,8.54e+02,1.03e+02,4.90e+01
2.05e+02,9.23e+02,1.03e+02,5.00e+01
2.19e+02,9.70e+02,1.02e+02,4.90e+01
2.66e+02,1.27e+03,1.05e+02,5.00e+01
2.79e+02,1.44e+03,1.02e+02,4.90e+01
1.72e+02,8.37e+02,1.05e+02,5.00e+01
2.94e+02,1.40e+03,1.02e+02,4.90e+01
1.78e+02,1.00e+03,1.05e+02,5.00e+01
2.13e+02,8.14e+02,1.03e+02,5.00e+01
2.27e+02,9.03e+02,1.03e+02,4.90e+01
1.63e+02,7.80e+02,1.05e+02,5.00e+01
2.90e+02,1.42e+03,1.03e+02,4.90e+01
1.21e+02,4.99e+02,1.05e+02,5.00e+01
2.40e+02,1.21e+03,1.03e+02,4.90e+01
2.93e+02,1.43e+03,1.04e+02,4.90e+01
1.60e+02,8.91e+02,1.08e+02,5.10e+01
1.64e+02,7.47e+02,1.03e+02,4.90e+01
2.90e+02,1.38e+03,1.03e+02,4.90e+01
1.86e+02,9.22e+02,1.05e+02,5.00e+01
2.36e+02,1.28e+03,1.04e+02,5.00e+01
2.24e+02,9.56e+02,1.04e+02,4.90e+01
2.88e+02,1.33e+03,1.04e+02,5.00e+01
3.21e+02,1.46e+03,1.06e+02,5.00e+01
2.39e+02,1.03e+03,1.04e+02,4.90e+01
1.54e+02,5.06e+02,1.02e+02,4.90e+01
2.58e+02,1.44e+03,1.04e+02,5.00e+01
1.28e+02,5.40e+02,1.05e+02,5.00e+01
2.40e+02,1.17e+03,1.03e+02,4.90e+01
2.23e+02,1.06e+03,1.04e+02,4.90e+01
2.43e+02,1.20e+03,1.04e+02,5.00e+01
