9.03e+01,5.03e+02,8.10e+01,3.60e+01
1.90e+02,4.29e+02,8.50e+01,4.00e+01
1.99e+02,8.32e+02,8.20e+01,3.60e+01
7.35e+01,2.04e+02,8.30e+01,3.70e+01
2.28e+02,3.90e+02,8.50e+01,3.90e+01
1.29e+02,4.52e+02,8.40e+01,4.00e+01
7.27e+01,3.73e+02,8.60e+01,3.90e+01
1.25e+02,3.53e+02,8.30e+01,3.70e+01
3.10e+02,6.52e+02,8.60e+01,3.80e+01
-3.29e+01,1.29e+02,8.30e+01,3.90e+01
1.92e+02,4.07e+02,8.50e+01,4.00e+01
9.76e+01,4.56e+02,8.30e+01,3.70e+01
1.10e+02,4.96e+02,8.50e+01,4.00e+01
-1.45e+00,6.70e+01,8.20e+01,3.60e+01
2.01e+02,4.74e+02,8.50e+01,3.90e+01
1.79e+02,9.26e+02,8.30e+01,3.60e+01
1.31e+02,4.78e+02,8.20e+01,3.60e+01
1.01e+02,3.56e+02,8.50e+01,3.90e+01
1.66e+01,1.31e+02,8.40e+01,3.90e+01
3.54e+02,8.63e+02,8.20e+01,3.60e+01
1.27e+02,2.95e+02,8.20e+01,3.60e+01
1.52e+02,2.01e+02,8.20e+01,3.70e+01
6.28e+01,1.90e+02,8.60e+01,4.00e+01
1.36e+02,7.94e+02,8.60e+01,3.80e+01
1.19e+01,1.01e+02,8.50e+01,4.00e+01
1.51e+02,4.61e+02,8.50e+01,4.00e+01
6.81e+01,4.70e+02,8.40e+01,3.70e+01
4.49e+01,1.67e+02,8.40e+01,3.90e+01
7.04e+01,4.25e+02,8.30e+01,3.70e+01
1.36e+02,4.74e+02,8.20e+01,3.60e+01
-2.23e+01,1.13e+02,8.20e+01,3.70e+01
1.58e+02,7.49e+02,8.20e+01,3.60e+01
2.12e+02,4.87e+02,8.40e+01,3.90e+01
9.15e+01,4.67e+02,8.60e+01,4.10e+01
6.01e+01,1.87e+02,8.20e+01,3.60e+01
1.09e+02,3.72e+02,8.60e+01,4.00e+01
2.65e+02,4.68e+02,8.90e+01,4.30e+01
2.69e+02,7.97e+02,8.30e+01,3.60e+01
2.86e+02,4.20e+02,8.40e+01,3.70e+01
3.05e+02,8.48e+02,8.20e+01,3.60e+01
3.56e+02,4.50e+02,8.40e+01,3.90e+01
3.53e+02,7.37e+02,8.60e+01,4.00e+01
2.58e+02,9.10e+02,8.20e+01,3.70e+01
1.11e+02,3.93e+02,8.40e+01,3.70e+01
3.96e+02,8.31e+02,8.60e+01,4.10e+01
5.04e+01,1.34e+02,8.80e+01,4.30e+01
1.54e+02,3.98e+02,8.60e+01,4.00e+01
1.70e+02,6.55e+02,8.20e+01,3.70e+01
2.51e+02,4.50e+02,8.60e+01,4.00e+01
2.53e+02,7.52e+02,8.40e+01,3.70e+01
2.52e+02,5.34e+02,8.10e+01,3.60e+01
1.49e+02,7.37e+02,8.50e+01,4.00e+01
1.19e+02,3.92e+02,8.40e+01,3.90e+01
1.71e+02,5.72e+02,8.30e+01,3.60e+01
3.16e+02,8.83e+02,8.20e+01,3.60e+01
1.71e+02,3.82e+02,8.80e+01,4.20e+01
2.91e+02,8.69e+02,8.60e+01,4.00e+01
6.55e+01,3.93e+02,8.20e+01,3.60e+01
1.92e+02,1.09e+03,8.50e+01,3.90e+01
1.29e+02,4.04e+02,8.60e+01,4.00e+01
2.25e+02,5.43e+02,8.40e+01,3.90e+01
1.97e+02,5.25e+02,8.60e+01,4.00e+01
2.77e+02,5.27e+02,8.30e+01,3.60e+01
6.88e+01,3.83e+02,8.30e+01,3.60e+01
1.64e+02,7.90e+02,8.40e+01,4.00e+01
1.36e+02,5.30e+02,8.70e+01,4.00e+01
4.61e+01,3.17e+02,8.50e+01,3.90e+01
2.44e+01,1.52e+02,8.20e+01,3.60e+01
4.51e+02,9.52e+02,8.60e+01,4.00e+01
2.02e+02,6.09e+02,8.30e+01,3.90e+01
1.59e+02,9.02e+02,8.70e+01,4.20e+01
2.54e+02,8.23e+02,8.50e+01,4.00e+01
1.31e+02,5.18e+02,8.40e+01,3.90e+01
1.68e+02,4.09e+02,8.30e+01,3.90e+01
8.39e+01,4.08e+02,8.70e+01,4.10e+01
1.25e+02,4.50e+02,8.30e+01,3.90e+01
1.46e+02,4.86e+02,8.10e+01,3.60e+01
2.04e+02,4.82e+02,8.40e+01,3.90e+01
2.05e+02,6.26e+02,8.10e+01,3.60e+01
1.27e+02,8.26e+02,8.10e+01,3.60e+01
2.64e+02,8.57e+02,8.70e+01,4.20e+01
5.35e+01,1.36e+02,8.70e+01,4.20e+01
1.46e+02,5.74e+02,8.40e+01,3.70e+01
1.86e+02,4.03e+02,8.50e+01,4.00e+01
5.73e+01,2.38e+02,8.70e+01,4.10e+01
1.05e+02,4.59e+02,8.50e+01,3.90e+01
1.53e+02,4.42e+02,8.30e+01,3.90e+01
5.49e+01,2.05e+02,8.50e+01,4.00e+01
-9.82e+00,7.13e+01,8.60e+01,4.10e+01
1.38e+02,4.04e+02,8.70e+01,4.00e+01
-3.52e+01,-1.06e+01,8.40e+01,3.70e+01
2.94e+02,7.12e+02,8.30e+01,3.70e+01
1.00e+02,5.76e+02,8.30e+01,3.90e+01
3.49e+02,8.27e+02,8.40e+01,3.90e+01
2.39e+02,7.91e+02,8.40e+01,3.70e+01
1.41e+02,7.53e+02,8.70e+01,4.10e+01
2.68e+02,5.45e+02,8.60e+01,4.00e+01
2.08e+02,5.73e+02,8.70e+01,4.20e+01
2.64e+02,7.99e+02,8.20e+01,3.60e+01
1.73e+02,4.20e+02,8.60e+01,4.00e+01
1.41e+02,3.34e+02,8.30e+01,3.70e+01
2.18e+02,6.12e+02,8.30e+01,3.60e+01
1.82e+02,4.03e+02,8.40e+01,3.70e+01
4.07e+02,8.49e+02,8.30e+01,3.60e+01
2.11e+02,5.04e+02,8.60e+01,4.00e+01
2.88e+02,8.26e+02,8.10e+01,3.60e+01
2.41e+02,7.63e+02,8.30e+01,3.60e+01
1.20e+02,4.74e+02,8.70e+01,4.10e+01
2.44e+02,8.68e+02,8.60e+01,4.00e+01
1.61e+02,4.47e+02,8.30e+01,3.70e+01
2.31e+02,4.75e+02,8.70e+01,4.10e+01
3.45e+02,8.82e+02,8.70e+01,3.90e+01
1.07e+02,3.10e+02,8.50e+01,4.00e+01
1.60e+02,4.74e+02,8.20e+01,3.60e+01
2.63e+02,4.97e+02,8.20e+01,3.60e+01
2.01e+02,4.40e+02,8.50e+01,3.90e+01
5.57e+01,1.93e+02,8.60e+01,4.10e+01
4.00e+02,1.06e+03,8.40e+01,3.90e+01
1.50e+02,5.90e+02,8.60e+01,4.00e+01
1.42e+02,4.81e+02,8.60e+01,3.90e+01
1.28e+02,4.31e+02,8.30e+01,3.90e+01
2.43e+02,5.27e+02,8.40e+01,3.70e+01
3.91e+02,8.32e+02,8.30e+01,3.60e+01
-3.78e+00,5.10e+01,8.40e+01,3.90e+01
3.21e+02,7.51e+02,8.50e+01,4.00e+01
4.79e+01,1.56e+02,8.30e+01,3.60e+01
2.13e+02,4.81e+02,8.50e+01,4.00e+01
1.11e+02,3.88e+02,8.70e+01,4.00e+01
