1.15e+03,1.35e+03,8.10e+01,3.40e+01
1.09e+03,1.25e+03,8.30e+01,3.60e+01
1.14e+03,1.46e+03,8.10e+01,3.50e+01
1.21e+03,1.36e+03,7.70e+01,3.30e+01
1.14e+03,1.42e+03,7.90e+01,3.40e+01
1.19e+03,1.36e+03,7.70e+01,3.30e+01
1.18e+03,1.38e+03,7.80e+01,3.40e+01
1.16e+03,1.43e+03,7.70e+01,3.30e+01
1.02e+03,1.45e+03,8.80e+01,3.70e+01
1.10e+03,1.32e+03,8.20e+01,3.60e+01
1.19e+03,1.43e+03,8.10e+01,3.60e+01
1.12e+03,1.38e+03,8.20e+01,3.40e+01
1.20e+03,1.44e+03,8.10e+01,3.40e+01
1.07e+03,1.26e+03,8.30e+01,3.60e+01
1.04e+03,1.31e+03,8.70e+01,3.60e+01
1.15e+03,1.45e+03,7.60e+01,3.30e+01
1.11e+03,1.17e+03,7.80e+01,3.40e+01
1.12e+03,1.30e+03,8.40e+01,3.60e+01
1.16e+03,1.31e+03,8.20e+01,3.60e+01
1.18e+03,1.36e+03,8.10e+01,3.50e+01
1.12e+03,1.34e+03,7.90e+01,3.30e+01
1.04e+03,1.37e+03,8.20e+01,3.60e+01
1.03e+03,1.25e+03,7.90e+01,3.40e+01
1.20e+03,1.41e+03,7.70e+01,3.40e+01
1.21e+03,1.33e+03,8.20e+01,3.50e+01
9.85e+02,1.34e+03,8.10e+01,3.50e+01
9.27e+02,1.25e+03,8.00e+01,3.50e+01
1.20e+03,1.46e+03,8.10e+01,3.50e+01
9.76e+01,1.50e+02,8.20e+01,3.50e+01
1.14e+03,1.34e+03,7.90e+01,3.40e+01
1.16e+03,1.33e+03,7.90e+01,3.50e+01
1.23e+03,1.38e+03,8.10e+01,3.50e+01
1.08e+03,1.31e+03,7.70e+01,3.30e+01
1.10e+03,1.38e+03,8.30e+01,3.60e+01
1.11e+03,1.27e+03,8.20e+01,3.70e+01
1.19e+03,1.49e+03,8.20e+01,3.50e+01
1.13e+03,1.35e+03,9.10e+01,3.90e+01
1.21e+03,1.40e+03,8.80e+01,3.70e+01
1.16e+03,1.33e+03,8.40e+01,3.60e+01
1.06e+03,1.29e+03,8.30e+01,3.60e+01
9.80e+02,1.33e+03,7.70e+01,3.30e+01
9.11e+02,1.29e+03,8.00e+01,3.40e+01
1.12e+03,1.35e+03,8.20e+01,3.40e+01
1.06e+03,1.35e+03,8.20e+01,3.50e+01
1.09e+03,1.37e+03,8.20e+01,3.60e+01
4.19e+02,7.17e+02,8.20e+01,3.40e+01
1.21e+03,1.30e+03,7.70e+01,3.30e+01
1.10e+03,1.46e+03,8.20e+01,3.60e+01
5.17e+02,5.97e+02,8.20e+01,3.40e+01
1.04e+03,1.30e+03,8.00e+01,3.50e+01
1.01e+03,1.23e+03,7.80e+01,3.40e+01
1.03e+03,1.25e+03,8.10e+01,3.50e+01
1.12e+03,1.36e+03,8.10e+01,3.40e+01
1.02e+03,1.38e+03,8.40e+01,3.70e+01
1.07e+03,1.27e+03,7.60e+01,3.30e+01
1.10e+03,1.31e+03,8.00e+01,3.40e+01
1.08e+03,1.29e+03,8.20e+01,3.50e+01
1.01e+03,1.27e+03,7.90e+01,3.40e+01
1.06e+03,1.38e+03,8.30e+01,3.60e+01
1.02e+03,1.27e+03,8.50e+01,3.70e+01
1.13e+03,1.43e+03,8.10e+01,3.50e+01
1.35e+02,2.39e+02,7.80e+01,3.30e+01
1.16e+03,1.26e+03,8.20e+01,3.50e+01
1.01e+03,1.22e+03,8.10e+01,3.60e+01
1.01e+03,1.23e+03,8.10e+01,3.60e+01
1.47e+02,1.15e+03,8.10e+01,3.50e+01
1.12e+03,1.39e+03,8.30e+01,3.60e+01
1.12e+03,1.39e+03,8.00e+01,3.30e+01
3.72e+02,8.13e+02,8.00e+01,3.40e+01
7.96e+02,1.12e+03,7.70e+01,3.30e+01
1.10e+03,1.34e+03,8.40e+01,3.60e+01
1.03e+03,1.29e+03,7.90e+01,3.40e+01
1.02e+03,1.27e+03,8.20e+01,3.50e+01
1.07e+03,1.31e+03,7.80e+01,3.40e+01
1.10e+03,1.29e+03,7.90e+01,3.40e+01
1.01e+03,1.34e+03,8.70e+01,3.60e+01
9.91e+02,1.24e+03,8.20e+01,3.50e+01
9.74e+02,1.22e+03,7.80e+01,3.40e+01
1.17e+03,1.30e+03,7.90e+01,3.40e+01
7.67e+02,9.53e+02,8.80e+01,3.70e+01
1.14e+03,1.39e+03,8.30e+01,3.60e+01
9.93e+02,1.14e+03,8.00e+01,3.50e+01
1.10e+03,1.36e+03,8.00e+01,3.40e+01
2.68e+02,5.95e+02,8.10e+01,3.50e+01
1.07e+03,1.33e+03,7.70e+01,3.40e+01
1.11e+03,1.32e+03,7.90e+01,3.30e+01
1.24e+03,1.48e+03,8.50e+01,3.70e+01
1.14e+03,1.29e+03,8.30e+01,3.70e+01
1.06e+03,1.25e+03,8.30e+01,3.70e+01
1.15e+03,1.38e+03,8.10e+01,3.50e+01
1.09e+03,1.30e+03,8.30e+01,3.60e+01
1.15e+03,1.44e+03,8.00e+01,3.40e+01
9.49e+02,1.14e+03,7.80e+01,3.40e+01
1.01e+03,1.33e+03,7.70e+01,3.40e+01
1.17e+03,1.40e+03,8.00e+01,3.40e+01
8.68e+02,1.22e+03,8.00e+01,3.40e+01
1.07e+03,1.36e+03,7.80e+01,3.40e+01
1.17e+03,1.33e+03,7.90e+01,3.40e+01
1.05e+03,1.22e+03,8.30e+01,3.60e+01
1.17e+03,1.45e+03,7.90e+01,3.40e+01
1.10e+03,1.20e+03,8.30e+01,3.60e+01
1.10e+03,1.29e+03,8.20e+01,3.50e+01
1.08e+03,1.32e+03,8.00e+01,3.40e+01
9.51e+02,1.25e+03,8.40e+01,3.70e+01
7.50e+02,9.09e+02,8.40e+01,3.70e+01
1.14e+03,1.46e+03,8.20e+01,3.50e+01
1.13e+03,1.43e+03,7.90e+01,3.40e+01
1.17e+03,1.46e+03,7.60e+01,3.30e+01
1.12e+03,1.46e+03,8.10e+01,3.40e+01
1.16e+03,1.28e+03,7.90e+01,3.40e+01
1.08e+03,1.39e+03,8.30e+01,3.60e+01
1.02e+03,1.30e+03,7.90e+01,3.40e+01
1.21e+03,1.41e+03,7.70e+01,3.30e+01
1.05e+03,1.26e+03,7.80e+01,3.40e+01
1.10e+03,1.26e+03,8.10e+01,3.50e+01
1.18e+03,1.45e+03,8.30e+01,3.50e+01
1.06e+03,1.19e+03,8.10e+01,3.40e+01
1.11e+03,1.22e+03,7.90e+01,3.40e+01
1.15e+03,1.41e+03,7.80e+01,3.40e+01
1.08e+03,1.34e+03,8.20e+01,3.50e+01
1.23e+03,1.39e+03,8.10e+01,3.40e+01
1.08e+03,1.24e+03,8.10e+01,3.40e+01
1.09e+03,1.29e+03,7.80e+01,3.30e+01
1.14e+03,1.30e+03,8.20e+01,3.40e+01
1.20e+03,1.46e+03,7.80e+01,3.40e+01
6.12e+02,7.18e+02,7.80e+01,3.40e+01
1.15e+03,1.32e+03,7.90e+01,3.40e+01
1.06e+03,1.46e+03,8.10e+01,3.50e+01
1.08e+03,1.28e+03,8.00e+01,3.30e+01
1.07e+03,1.37e+03,8.30e+01,3.60e+01
1.05e+03,1.22e+03,8.10e+01,3.50e+01
1.07e+03,1.23e+03,8.00e+01,3.30e+01
1.08e+03,1.44e+03,8.10e+01,3.50e+01
1.08e+03,1.32e+03,7.70e+01,3.40e+01
1.11e+03,1.36e+03,8.10e+01,3.50e+01
3.57e+02,4.02e+02,8.40e+01,3.60e+01
7.11e+02,9.69e+02,8.20e+01,3.50e+01
1.06e+03,1.28e+03,7.80e+01,3.30e+01
1.06e+03,1.38e+03,7.80e+01,3.40e+01
1.14e+03,1.30e+03,8.40e+01,3.60e+01
1.11e+03,1.37e+03,8.20e+01,3.60e+01
1.11e+03,1.44e+03,8.10e+01,3.60e+01
1.11e+03,1.30e+03,7.90e+01,3.40e+01
1.07e+03,1.20e+03,8.10e+01,3.50e+01
1.11e+03,1.30e+03,7.80e+01,3.40e+01
8.81e+02,1.08e+03,8.00e+01,3.30e+01
1.14e+03,1.39e+03,8.10e+01,3.40e+01
1.11e+03,1.25e+03,8.20e+01,3.40e+01
1.12e+03,1.34e+03,8.20e+01,3.60e+01
1.16e+03,1.32e+03,8.20e+01,3.50e+01
1.06e+03,1.20e+03,7.90e+01,3.40e+01
1.21e+03,1.51e+03,8.40e+01,3.60e+01
1.12e+03,1.33e+03,8.00e+01,3.40e+01
1.11e+03,1.37e+03,8.10e+01,3.40e+01
1.14e+03,1.35e+03,7.90e+01,3.30e+01
1.17e+03,1.46e+03,8.10e+01,3.60e+01
1.19e+03,1.39e+03,9.00e+01,3.80e+01
1.15e+03,1.39e+03,8.40e+01,3.70e+01
9.74e+02,1.31e+03,7.80e+01,3.30e+01
1.16e+03,1.40e+03,8.20e+01,3.40e+01
1.07e+03,1.37e+03,7.70e+01,3.30e+01
1.20e+03,1.41e+03,8.10e+01,3.40e+01
8.72e+01,2.74e+02,8.10e+01,3.40e+01
9.87e+02,1.10e+03,7.90e+01,3.40e+01
1.15e+03,1.38e+03,8.20e+01,3.60e+01
1.13e+03,1.35e+03,8.00e+01,3.30e+01
2.78e+02,5.02e+02,8.20e+01,3.50e+01
1.83e+02,2.88e+02,7.90e+01,3.40e+01
1.13e+03,1.34e+03,7.80e+01,3.40e+01
1.08e+03,1.19e+03,8.10e+01,3.40e+01
-4.69e+01,-1.80e+01,7.80e+01,3.30e+01
1.03e+03,1.48e+03,8.10e+01,3.50e+01
1.18e+03,1.44e+03,7.90e+01,3.40e+01
1.22e+03,1.46e+03,8.20e+01,3.60e+01
1.08e+03,1.27e+03,8.70e+01,3.60e+01
9.78e+02,1.40e+03,8.80e+01,3.70e+01
3.60e+02,4.69e+02,8.30e+01,3.60e+01
1.19e+03,1.39e+03,8.00e+01,3.40e+01
7.86e+02,1.03e+03,8.30e+01,3.60e+01
1.14e+03,1.27e+03,8.90e+01,3.80e+01
1.11e+03,1.26e+03,8.20e+01,3.60e+01
1.11e+03,1.45e+03,7.90e+01,3.30e+01
1.28e+03,1.51e+03,8.30e+01,3.70e+01
1.13e+03,1.38e+03,8.10e+01,3.50e+01
8.87e+02,9.83e+02,8.20e+01,3.50e+01
1.18e+03,1.36e+03,7.90e+01,3.30e+01
1.14e+03,1.44e+03,8.00e+01,3.40e+01
1.11e+03,1.33e+03,8.20e+01,3.40e+01
1.15e+03,1.39e+03,8.20e+01,3.60e+01
1.21e+03,1.34e+03,7.70e+01,3.30e+01
9.42e+02,1.16e+03,8.10e+01,3.40e+01
3.62e+02,8.75e+02,7.70e+01,3.30e+01
1.07e+03,1.43e+03,8.20e+01,3.40e+01
1.10e+03,1.38e+03,8.10e+01,3.40e+01
5.11e+01,1.10e+02,8.10e+01,3.40e+01
7.31e+02,1.32e+03,8.20e+01,3.40e+01
1.09e+03,1.33e+03,8.00e+01,3.40e+01
6.25e+02,9.46e+02,8.30e+01,3.60e+01
1.08e+03,1.25e+03,7.90e+01,3.30e+01
1.15e+03,1.26e+03,8.40e+01,3.70e+01
1.10e+03,1.26e+03,7.90e+01,3.40e+01
1.09e+03,1.36e+03,8.70e+01,3.70e+01
4.84e+02,6.83e+02,8.00e+01,3.40e+01
7.37e+02,1.21e+03,8.00e+01,3.40e+01
1.12e+03,1.37e+03,8.30e+01,3.60e+01
9.52e+02,1.22e+03,8.80e+01,3.70e+01
1.05e+03,1.37e+03,7.70e+01,3.30e+01
1.16e+03,1.34e+03,7.90e+01,3.40e+01
1.10e+03,1.36e+03,8.20e+01,3.60e+01
1.16e+03,1.48e+03,8.20e+01,3.40e+01
1.19e+03,1.46e+03,8.20e+01,3.50e+01
1.10e+03,1.34e+03,8.70e+01,3.70e+01
1.10e+03,1.38e+03,7.90e+01,3.40e+01
1.13e+03,1.45e+03,8.40e+01,3.60e+01
1.20e+03,1.35e+03,8.10e+01,3.40e+01
8.96e+02,1.12e+03,7.90e+01,3.30e+01
1.12e+03,1.26e+03,8.30e+01,3.60e+01
1.05e+03,1.28e+03,7.80e+01,3.40e+01
1.21e+03,1.43e+03,8.80e+01,3.70e+01
1.11e+03,1.28e+03,7.70e+01,3.30e+01
1.07e+03,1.32e+03,8.10e+01,3.40e+01
1.11e+03,1.34e+03,8.10e+01,3.50e+01
1.15e+03,1.47e+03,8.10e+01,3.50e+01
1.16e+03,1.28e+03,8.20e+01,3.60e+01
1.15e+03,1.32e+03,7.70e+01,3.30e+01
1.15e+03,1.34e+03,8.10e+01,3.50e+01
1.08e+03,1.40e+03,7.70e+01,3.40e+01
1.22e+03,1.44e+03,8.00e+01,3.40e+01
1.10e+03,1.25e+03,8.30e+01,3.60e+01
1.08e+03,1.36e+03,8.10e+01,3.40e+01
1.12e+03,1.32e+03,8.20e+01,3.60e+01
2.86e+02,3.33e+02,7.60e+01,3.30e+01
5.13e+02,1.12e+03,8.40e+01,3.60e+01
1.26e+03,1.37e+03,7.70e+01,3.30e+01
1.12e+03,1.31e+03,8.10e+01,3.50e+01
-5.31e+01,-3.04e+01,8.20e+01,3.40e+01
4.02e+02,1.08e+03,8.10e+01,3.50e+01
1.12e+03,1.36e+03,7.70e+01,3.30e+01
1.16e+03,1.32e+03,8.80e+01,3.70e+01
1.06e+03,1.33e+03,8.20e+01,3.40e+01
1.21e+03,1.41e+03,7.70e+01,3.30e+01
1.03e+03,1.36e+03,8.30e+01,3.60e+01
1.09e+03,1.42e+03,7.80e+01,3.40e+01
1.16e+03,1.47e+03,7.90e+01,3.40e+01
6.95e+02,9.28e+02,8.00e+01,3.30e+01
3.83e+02,9.42e+02,8.20e+01,3.50e+01
1.04e+03,1.31e+03,7.80e+01,3.40e+01
1.06e+03,1.43e+03,8.10e+01,3.50e+01
8.67e+02,1.37e+03,8.30e+01,3.60e+01
1.18e+03,1.48e+03,8.90e+01,3.70e+01
9.83e+02,1.33e+03,7.80e+01,3.40e+01
1.13e+03,1.33e+03,8.50e+01,3.50e+01
1.03e+03,1.34e+03,7.80e+01,3.40e+01
1.19e+03,1.47e+03,8.70e+01,3.70e+01
1.08e+03,1.36e+03,8.40e+01,3.60e+01
1.21e+03,1.42e+03,8.50e+01,3.60e+01
2.72e+02,3.05e+02,7.80e+01,3.30e+01
1.13e+03,1.25e+03,8.20e+01,3.40e+01
1.23e+03,1.45e+03,8.10e+01,3.50e+01
1.28e+03,1.47e+03,7.80e+01,3.30e+01
1.18e+03,1.40e+03,8.10e+01,3.50e+01
1.11e+03,1.36e+03,8.90e+01,3.70e+01
1.18e+03,1.35e+03,7.90e+01,3.40e+01
1.09e+03,1.38e+03,8.00e+01,3.40e+01
1.17e+03,1.39e+03,7.90e+01,3.40e+01
1.12e+03,1.33e+03,7.70e+01,3.30e+01
1.20e+03,1.30e+03,7.80e+01,3.30e+01
1.18e+03,1.38e+03,8.10e+01,3.60e+01
1.05e+03,1.38e+03,8.10e+01,3.50e+01
9.84e+02,1.39e+03,8.20e+01,3.60e+01
6.29e+01,9.14e+01,7.90e+01,3.30e+01
1.11e+03,1.45e+03,8.20e+01,3.60e+01
1.11e+03,1.25e+03,8.30e+01,3.60e+01
1.15e+03,1.45e+03,8.20e+01,3.50e+01
1.04e+03,1.21e+03,7.80e+01,3.40e+01
1.02e+03,1.21e+03,8.20e+01,3.60e+01
1.05e+03,1.28e+03,8.30e+01,3.60e+01
1.08e+03,1.35e+03,8.10e+01,3.40e+01
1.14e+02,1.65e+02,8.20e+01,3.50e+01
1.02e+03,1.37e+03,8.20e+01,3.50e+01
2.60e+02,2.95e+02,7.90e+01,3.40e+01
1.09e+03,1.29e+03,7.90e+01,3.30e+01
1.14e+03,1.23e+03,8.10e+01,3.50e+01
1.11e+03,1.32e+03,8.10e+01,3.50e+01
1.10e+03,1.24e+03,8.20e+01,3.50e+01
1.11e+03,1.34e+03,8.10e+01,3.50e+01
1.07e+03,1.36e+03,7.80e+01,3.30e+01
1.17e+03,1.44e+03,8.80e+01,3.70e+01
9.94e+02,1.40e+03,7.70e+01,3.40e+01
1.09e+03,1.26e+03,8.20e+01,3.60e+01
1.20e+03,1.36e+03,8.20e+01,3.50e+01
1.11e+03,1.48e+03,7.90e+01,3.40e+01
1.11e+03,1.31e+03,8.30e+01,3.70e+01
1.07e+03,1.37e+03,7.90e+01,3.40e+01
1.13e+03,1.43e+03,8.30e+01,3.60e+01
1.01e+03,1.26e+03,8.10e+01,3.50e+01
1.14e+03,1.33e+03,8.00e+01,3.40e+01
1.07e+03,1.31e+03,8.30e+01,3.50e+01
9.52e+02,1.43e+03,8.20e+01,3.60e+01
1.19e+03,1.28e+03,8.10e+01,3.50e+01
1.14e+03,1.41e+03,8.70e+01,3.60e+01
1.12e+03,1.23e+03,8.70e+01,3.60e+01
6.21e+02,8.65e+02,7.80e+01,3.30e+01
1.06e+03,1.42e+03,7.80e+01,3.40e+01
1.17e+03,1.34e+03,7.90e+01,3.50e+01
1.13e+03,1.39e+03,7.70e+01,3.40e+01
9.36e+02,1.17e+03,8.00e+01,3.30e+01
1.04e+03,1.41e+03,8.80e+01,3.70e+01
1.17e+03,1.40e+03,8.10e+01,3.50e+01
1.21e+03,1.46e+03,8.00e+01,3.40e+01
1.05e+02,2.10e+02,7.90e+01,3.40e+01
1.18e+03,1.43e+03,8.90e+01,3.80e+01
1.11e+03,1.24e+03,8.00e+01,3.30e+01
1.14e+03,1.40e+03,8.10e+01,3.40e+01
1.09e+03,1.29e+03,8.20e+01,3.60e+01
1.13e+03,1.21e+03,8.00e+01,3.30e+01
1.22e+03,1.44e+03,8.20e+01,3.40e+01
1.03e+03,1.34e+03,8.10e+01,3.50e+01
7.38e+02,9.72e+02,8.20e+01,3.40e+01
1.21e+03,1.47e+03,8.10e+01,3.40e+01
1.19e+03,1.48e+03,8.00e+01,3.50e+01
1.10e+03,1.27e+03,8.20e+01,3.70e+01
1.19e+03,1.46e+03,7.90e+01,3.40e+01
1.13e+03,1.28e+03,8.00e+01,3.40e+01
1.12e+03,1.48e+03,8.10e+01,3.40e+01
1.18e+03,1.40e+03,8.10e+01,3.60e+01
1.11e+03,1.32e+03,8.30e+01,3.60e+01
1.03e+03,1.22e+03,8.10e+01,3.40e+01
1.09e+03,1.37e+03,8.80e+01,3.60e+01
1.12e+03,1.31e+03,8.30e+01,3.60e+01
1.01e+03,1.21e+03,8.20e+01,3.40e+01
9.96e+02,1.32e+03,7.90e+01,3.40e+01
1.13e+03,1.29e+03,8.20e+01,3.40e+01
1.18e+03,1.45e+03,7.70e+01,3.30e+01
3.00e+02,5.41e+02,8.20e+01,3.60e+01
1.04e+03,1.34e+03,7.90e+01,3.30e+01
1.17e+03,1.43e+03,9.00e+01,3.80e+01
1.19e+03,1.44e+03,8.20e+01,3.60e+01
9.72e+02,1.42e+03,8.20e+01,3.60e+01
1.05e+03,1.39e+03,7.90e+01,3.30e+01
1.17e+03,1.40e+03,7.70e+01,3.30e+01
1.31e+02,1.02e+03,8.10e+01,3.40e+01
1.16e+03,1.40e+03,8.10e+01,3.40e+01
1.19e+03,1.40e+03,8.40e+01,3.50e+01
1.08e+03,1.31e+03,7.60e+01,3.30e+01
1.05e+03,1.43e+03,7.80e+01,3.30e+01
1.08e+03,1.28e+03,8.40e+01,3.60e+01
1.17e+03,1.31e+03,8.20e+01,3.40e+01
1.10e+03,1.25e+03,8.10e+01,3.50e+01
1.01e+03,1.35e+03,8.20e+01,3.60e+01
1.17e+03,1.48e+03,8.00e+01,3.30e+01
4.19e+01,5.30e+01,7.90e+01,3.30e+01
1.06e+03,1.25e+03,8.00e+01,3.30e+01
1.15e+03,1.43e+03,8.10e+01,3.40e+01
1.06e+03,1.33e+03,7.60e+01,3.30e+01
1.03e+03,1.32e+03,8.00e+01,3.40e+01
2.20e+02,5.59e+02,8.90e+01,3.70e+01
1.05e+03,1.25e+03,7.70e+01,3.30e+01
9.63e+02,1.29e+03,7.80e+01,3.40e+01
1.10e+03,1.28e+03,8.80e+01,3.70e+01
1.17e+03,1.38e+03,8.20e+01,3.50e+01
3.33e+02,5.21e+02,7.70e+01,3.30e+01
1.08e+03,1.33e+03,8.30e+01,3.60e+01
1.17e+03,1.36e+03,8.20e+01,3.60e+01
1.11e+03,1.48e+03,7.80e+01,3.40e+01
9.99e+02,1.38e+03,8.40e+01,3.60e+01
-5.17e+01,-3.77e+01,8.20e+01,3.60e+01
1.20e+02,3.34e+02,8.30e+01,3.60e+01
1.16e+03,1.45e+03,7.90e+01,3.30e+01
1.15e+03,1.36e+03,8.00e+01,3.40e+01
1.10e+03,1.27e+03,7.70e+01,3.30e+01
1.20e+03,1.34e+03,8.30e+01,3.50e+01
4.59e+02,1.13e+03,7.90e+01,3.30e+01
1.20e+03,1.44e+03,8.10e+01,3.40e+01
1.19e+03,1.32e+03,8.10e+01,3.50e+01
9.78e+02,1.19e+03,8.20e+01,3.40e+01
1.09e+03,1.35e+03,8.40e+01,3.70e+01
1.12e+03,1.34e+03,8.40e+01,3.70e+01
6.97e+01,1.81e+02,8.70e+01,3.70e+01
1.07e+03,1.30e+03,8.80e+01,3.60e+01
1.07e+03,1.31e+03,8.80e+01,3.70e+01
1.11e+03,1.33e+03,8.10e+01,3.50e+01
1.13e+03,1.33e+03,7.90e+01,3.30e+01
1.19e+03,1.39e+03,8.20e+01,3.40e+01
1.04e+03,1.40e+03,8.20e+01,3.50e+01
1.18e+03,1.39e+03,8.10e+01,3.50e+01
1.11e+03,1.32e+03,8.30e+01,3.50e+01
1.17e+03,1.26e+03,7.80e+01,3.30e+01
3.54e+02,1.15e+03,8.30e+01,3.60e+01
9.90e+02,1.31e+03,8.30e+01,3.50e+01
6.25e+02,1.28e+03,7.70e+01,3.30e+01
9.70e+02,1.38e+03,8.70e+01,3.70e+01
8.51e+02,1.24e+03,7.70e+01,3.40e+01
1.11e+03,1.20e+03,8.30e+01,3.40e+01
1.23e+03,1.39e+03,8.30e+01,3.60e+01
2.38e+02,3.19e+02,8.10e+01,3.40e+01
1.15e+03,1.40e+03,8.30e+01,3.50e+01
1.07e+03,1.27e+03,8.10e+01,3.60e+01
1.03e+03,1.26e+03,8.10e+01,3.40e+01
1.05e+03,1.33e+03,8.00e+01,3.40e+01
9.64e+02,1.36e+03,8.00e+01,3.50e+01
1.11e+03,1.31e+03,8.30e+01,3.60e+01
9.31e+02,1.07e+03,8.00e+01,3.50e+01
1.21e+03,1.48e+03,7.80e+01,3.40e+01
1.13e+03,1.35e+03,8.00e+01,3.40e+01
1.19e+03,1.35e+03,7.90e+01,3.40e+01
1.23e+03,1.39e+03,8.20e+01,3.60e+01
9.93e+02,1.34e+03,7.70e+01,3.30e+01
1.04e+03,1.35e+03,8.10e+01,3.40e+01
1.05e+03,1.23e+03,7.70e+01,3.30e+01
1.11e+03,1.39e+03,8.10e+01,3.50e+01
1.00e+03,1.24e+03,8.10e+01,3.50e+01
1.04e+03,1.29e+03,8.10e+01,3.40e+01
1.12e+03,1.30e+03,8.90e+01,3.70e+01
1.17e+03,1.50e+03,7.90e+01,3.40e+01
1.03e+03,1.34e+03,8.30e+01,3.60e+01
1.06e+03,1.34e+03,8.80e+01,3.70e+01
1.07e+03,1.41e+03,8.00e+01,3.40e+01
1.17e+03,1.36e+03,8.20e+01,3.50e+01
1.10e+03,1.21e+03,7.70e+01,3.30e+01
1.06e+03,1.31e+03,8.90e+01,3.80e+01
1.16e+03,1.38e+03,8.20e+01,3.60e+01
1.01e+03,1.24e+03,8.30e+01,3.60e+01
1.19e+03,1.33e+03,8.10e+01,3.40e+01
1.07e+03,1.43e+03,8.20e+01,3.60e+01
1.04e+03,1.28e+03,8.20e+01,3.50e+01
9.49e+02,1.35e+03,8.90e+01,3.70e+01
1.06e+03,1.29e+03,7.90e+01,3.40e+01
1.02e+03,1.41e+03,8.20e+01,3.60e+01
1.15e+03,1.31e+03,8.10e+01,3.50e+01
9.96e+02,1.39e+03,8.80e+01,3.70e+01
1.16e+03,1.39e+03,8.00e+01,3.50e+01
1.11e+03,1.32e+03,8.20e+01,3.60e+01
1.07e+03,1.36e+03,7.70e+01,3.30e+01
1.14e+03,1.50e+03,8.50e+01,3.70e+01
1.21e+03,1.44e+03,9.10e+01,3.70e+01
1.12e+03,1.42e+03,8.00e+01,3.30e+01
1.17e+03,1.37e+03,8.80e+01,3.70e+01
1.12e+03,1.33e+03,8.40e+01,3.60e+01
1.23e+03,1.40e+03,8.00e+01,3.30e+01
1.03e+03,1.19e+03,8.10e+01,3.50e+01
1.11e+03,1.47e+03,8.10e+01,3.50e+01
1.11e+03,1.31e+03,8.20e+01,3.60e+01
1.16e+03,1.34e+03,7.90e+01,3.30e+01
1.23e+03,1.40e+03,7.80e+01,3.30e+01
1.16e+03,1.45e+03,8.30e+01,3.60e+01
1.04e+03,1.22e+03,8.00e+01,3.40e+01
9.92e+02,1.22e+03,8.50e+01,3.60e+01
1.01e+03,1.31e+03,8.90e+01,3.80e+01
7.24e+02,1.06e+03,8.40e+01,3.60e+01
1.14e+03,1.33e+03,7.70e+01,3.30e+01
1.14e+03,1.31e+03,8.10e+01,3.40e+01
1.02e+03,1.31e+03,7.80e+01,3.40e+01
1.10e+03,1.32e+03,8.10e+01,3.50e+01
6.74e+02,9.39e+02,7.80e+01,3.40e+01
1.15e+03,1.33e+03,7.90e+01,3.40e+01
1.13e+03,1.37e+03,7.70e+01,3.40e+01
1.06e+03,1.35e+03,8.00e+01,3.40e+01
1.13e+03,1.31e+03,8.40e+01,3.70e+01
1.14e+03,1.40e+03,8.00e+01,3.30e+01
1.11e+03,1.44e+03,8.00e+01,3.30e+01
1.06e+03,1.30e+03,8.10e+01,3.40e+01
1.22e+03,1.47e+03,8.30e+01,3.60e+01
1.18e+03,1.40e+03,7.80e+01,3.30e+01
1.07e+03,1.46e+03,8.40e+01,3.60e+01
1.02e+03,1.34e+03,8.00e+01,3.40e+01
1.12e+03,1.40e+03,8.80e+01,3.60e+01
1.03e+03,1.29e+03,8.10e+01,3.50e+01
1.12e+03,1.43e+03,8.40e+01,3.60e+01
9.50e+02,1.17e+03,8.20e+01,3.60e+01
1.11e+03,1.34e+03,7.80e+01,3.40e+01
1.22e+03,1.42e+03,8.10e+01,3.50e+01
1.19e+03,1.42e+03,8.10e+01,3.40e+01
1.08e+03,1.26e+03,8.20e+01,3.50e+01
1.10e+03,1.36e+03,8.10e+01,3.40e+01
1.14e+03,1.42e+03,7.90e+01,3.30e+01
1.22e+02,1.05e+03,8.10e+01,3.50e+01
1.13e+03,1.29e+03,8.70e+01,3.70e+01
1.10e+03,1.29e+03,8.70e+01,3.70e+01
1.16e+03,1.35e+03,8.80e+01,3.70e+01
