-1.77e+02,-1.01e+02,3.80e+01,2.10e+01
-2.03e+02,-1.00e+02,3.70e+01,2.10e+01
-2.03e+02,-1.00e+02,3.80e+01,2.10e+01
-1.77e+02,-1.01e+02,3.80e+01,2.20e+01
-2.03e+02,-1.00e+02,3.80e+01,2.20e+01
-1.77e+02,-1.01e+02,3.80e+01,2.10e+01
-1.77e+02,-1.01e+02,3.80e+01,2.10e+01
-1.77e+02,-1.01e+02,3.70e+01,2.10e+01
-1.77e+02,-1.01e+02,3.90e+01,2.20e+01
-1.77e+02,-1.01e+02,3.70e+01,2.00e+01
-1.77e+02,-1.01e+02,3.90e+01,2.10e+01
-2.03e+02,-1.00e+02,3.80e+01,2.20e+01
-1.77e+02,-1.01e+02,3.90e+01,2.20e+01
-2.03e+02,-1.00e+02,3.80e+01,2.10e+01
-1.80e+02,-1.01e+02,3.90e+01,2.20e+01
-2.20e+02,-1.29e+02,3.80e+01,2.10e+01
-1.77e+02,-1.01e+02,3.80e+01,2.10e+01
-2.03e+02,-1.00e+02,3.90e+01,2.10e+01
-1.77e+02,-1.01e+02,3.90e+01,2.20e+01
-2.03e+02,-1.00e+02,3.80e+01,2.10e+01
-1.77e+02,-1.01e+02,3.90e+01,2.00e+01
-1.77e+02,-1.01e+02,3.90e+01,2.20e+01
-2.03e+02,-1.00e+02,3.80e+01,2.20e+01
-5.00e+02,-5.00e+02,3.90e+01,2.10e+01
-2.03e+02,-1.00e+02,3.70e+01,2.10e+01
-1.77e+02,-1.01e+02,4.00e+01,2.20e+01
-1.77e+02,-1.01e+02,3.90e+01,2.20e+01
-1.77e+02,-1.01e+02,3.90e+01,2.20e+01
-2.65e+02,-1.44e+02,3.80e+01,2.10e+01
-2.03e+02,-1.00e+02,3.80e+01,2.10e+01
-1.77e+02,-1.01e+02,3.90e+01,2.20e+01
-2.03e+02,-1.00e+02,3.80e+01,2.20e+01
-1.77e+02,-1.01e+02,3.90e+01,2.30e+01
-1.77e+02,-1.01e+02,3.90e+01,2.20e+01
-2.03e+02,-1.00e+02,3.70e+01,2.10e+01
-2.03e+02,-1.00e+02,4.00e+01,2.20e+01
-1.77e+02,-1.01e+02,3.80e+01,2.10e+01
-2.03e+02,-1.00e+02,3.80e+01,2.10e+01
-1.77e+02,-1.01e+02,3.90e+01,2.10e+01
-2.07e+02,-1.35e+02,3.70e+01,2.10e+01
-1.77e+02,-1.01e+02,3.90e+01,2.20e+01
-2.03e+02,-1.00e+02,3.90e+01,2.30e+01
-1.77e+02,-1.01e+02,3.80e+01,2.10e+01
-2.03e+02,-1.00e+02,3.90e+01,2.10e+01
-3.00e+02,-1.32e+02,3.90e+01,2.10e+01
-4.35e+02,-1.10e+02,3.80e+01,2.20e+01
-1.77e+02,-1.01e+02,3.90e+01,2.20e+01
-1.77e+02,-1.01e+02,3.90e+01,2.20e+01
-5.00e+02,-5.00e+02,3.90e+01,2.10e+01
-2.03e+02,-1.00e+02,3.80e+01,2.10e+01
-4.35e+02,-1.10e+02,3.80e+01,2.20e+01
-2.03e+02,-1.00e+02,3.80e+01,2.10e+01
-1.77e+02,-1.01e+02,3.90e+01,2.20e+01
-2.03e+02,-1.00e+02,3.80e+01,2.10e+01
-1.77e+02,-1.01e+02,3.90e+01,2.20e+01
-1.77e+02,-1.01e+02,3.80e+01,2.00e+01
-1.77e+02,-1.01e+02,3.90e+01,2.10e+01
-1.77e+02,-1.01e+02,3.90e+01,2.10e+01
-1.77e+02,-1.01e+02,3.90e+01,2.10e+01
-1.77e+02,-1.01e+02,3.90e+01,2.20e+01
-1.77e+02,-1.01e+02,3.90e+01,2.30e+01
-1.77e+02,-1.01e+02,3.90e+01,2.10e+01
-2.03e+02,-1.00e+02,3.80e+01,2.10e+01
-1.80e+02,-1.01e+02,3.90e+01,2.20e+01
-2.73e+02,-1.40e+02,3.70e+01,2.10e+01
-1.77e+02,-1.01e+02,3.90e+01,2.20e+01
-2.03e+02,-1.00e+02,3.90e+01,2.30e+01
-1.77e+02,-1.01e+02,3.80e+01,2.10e+01
-1.77e+02,-1.01e+02,3.80e+01,2.20e+01
-2.03e+02,-1.00e+02,3.90e+01,2.20e+01
-1.78e+02,-1.01e+02,3.80e+01,2.10e+01
-1.77e+02,-1.01e+02,3.90e+01,2.20e+01
-2.03e+02,-1.00e+02,3.70e+01,2.10e+01
-1.77e+02,-1.01e+02,3.80e+01,2.10e+01
-2.03e+02,-1.00e+02,3.90e+01,2.20e+01
-1.77e+02,-1.01e+02,3.90e+01,2.20e+01
-2.06e+02,-1.27e+02,3.80e+01,2.10e+01
-5.00e+02,-5.00e+02,3.80e+01,2.10e+01
-1.77e+02,-1.01e+02,3.80e+01,2.10e+01
-1.77e+02,-1.01e+02,3.90e+01,2.20e+01
-2.03e+02,-1.00e+02,3.80e+01,2.10e+01
-1.77e+02,-1.01e+02,3.90e+01,2.10e+01
-2.03e+02,-1.00e+02,3.90e+01,2.10e+01
-2.03e+02,-1.00e+02,3.80e+01,2.10e+01
-1.77e+02,-1.01e+02,3.80e+01,2.10e+01
-1.77e+02,-1.01e+02,3.90e+01,2.20e+01
-2.03e+02,-1.00e+02,3.80e+01,2.10e+01
-1.77e+02,-1.01e+02,4.00e+01,2.20e+01
-1.77e+02,-1.01e+02,3.90e+01,2.20e+01
-2.03e+02,-1.00e+02,3.80e+01,2.20e+01
-1.80e+02,-1.01e+02,3.90e+01,2.20e+01
-2.02e+02,-1.00e+02,3.80e+01,2.10e+01
-1.77e+02,-1.01e+02,3.90e+01,2.20e+01
-2.03e+02,-1.00e+02,3.70e+01,2.10e+01
-2.03e+02,-1.00e+02,3.80e+01,2.20e+01
-5.00e+02,-5.00e+02,3.80e+01,2.10e+01
