-2.12e+02,-5.64e+01,4.80e+01,2.00e+01
-2.14e+02,-5.60e+01,5.10e+01,2.20e+01
-2.13e+02,-5.90e+01,4.80e+01,2.10e+01
-2.27e+02,-5.89e+01,5.10e+01,2.10e+01
-2.12e+02,-5.62e+01,4.60e+01,2.00e+01
-2.10e+02,-5.94e+01,5.20e+01,2.20e+01
-2.12e+02,-6.11e+01,4.70e+01,2.10e+01
-2.11e+02,-5.60e+01,5.00e+01,2.10e+01
-2.11e+02,-5.16e+01,4.70e+01,2.10e+01
-2.10e+02,-6.00e+01,4.80e+01,2.00e+01
-2.26e+02,-6.38e+01,4.90e+01,2.00e+01
-2.16e+02,-6.44e+01,4.80e+01,2.10e+01
-2.12e+02,-5.69e+01,4.70e+01,2.00e+01
-2.14e+02,-5.34e+01,4.80e+01,2.00e+01
-2.14e+02,-6.19e+01,4.80e+01,2.00e+01
-2.11e+02,-5.03e+01,5.10e+01,2.10e+01
-2.14e+02,-5.68e+01,4.60e+01,2.00e+01
-2.16e+02,-5.51e+01,4.70e+01,2.10e+01
-2.16e+02,-5.86e+01,5.10e+01,2.10e+01
-2.08e+02,-5.47e+01,4.60e+01,2.00e+01
-2.12e+02,-5.69e+01,4.70e+01,2.00e+01
-2.10e+02,-6.06e+01,4.60e+01,2.00e+01
-2.13e+02,-5.12e+01,4.70e+01,2.00e+01
-2.11e+02,-4.95e+01,4.90e+01,2.00e+01
-2.10e+02,-5.26e+01,4.90e+01,2.10e+01
-2.07e+02,-4.47e+01,4.70e+01,2.10e+01
-2.08e+02,-5.57e+01,5.20e+01,2.20e+01
-4.02e+02,-1.88e+02,4.90e+01,2.10e+01
-2.13e+02,-5.63e+01,5.20e+01,2.20e+01
-2.09e+02,-6.17e+01,5.20e+01,2.20e+01
-2.12e+02,-6.17e+01,4.90e+01,2.00e+01
-2.21e+02,-4.96e+01,5.20e+01,2.30e+01
-2.85e+02,-6.01e+01,5.10e+01,2.10e+01
-2.12e+02,-5.86e+01,5.20e+01,2.20e+01
-2.08e+02,-5.42e+01,5.30e+01,2.30e+01
-2.07e+02,-5.83e+01,5.10e+01,2.10e+01
-2.15e+02,-6.50e+01,5.20e+01,2.30e+01
-2.12e+02,-5.75e+01,4.70e+01,2.10e+01
-2.96e+02,-7.43e+01,5.30e+01,2.20e+01
-2.19e+02,-6.56e+01,4.60e+01,2.00e+01
-2.10e+02,-5.91e+01,4.90e+01,2.00e+01
-2.12e+02,-5.93e+01,5.20e+01,2.20e+01
-2.98e+02,-7.20e+01,5.10e+01,2.10e+01
-2.09e+02,-5.53e+01,5.20e+01,2.30e+01
-2.17e+02,-6.27e+01,4.70e+01,2.00e+01
-3.00e+02,-8.93e+01,4.80e+01,2.10e+01
-2.18e+02,-6.82e+01,4.90e+01,2.00e+01
-2.20e+02,-6.41e+01,4.80e+01,2.00e+01
-2.97e+02,-7.37e+01,4.80e+01,2.10e+01
-2.06e+02,-5.48e+01,4.80e+01,2.00e+01
-2.97e+02,-7.31e+01,5.20e+01,2.20e+01
-2.12e+02,-5.36e+01,4.80e+01,2.10e+01
-2.20e+02,-6.43e+01,4.90e+01,2.00e+01
-5.00e+02,-5.00e+02,4.90e+01,2.00e+01
-4.99e+02,-4.92e+02,4.90e+01,2.00e+01
-2.22e+02,-6.98e+01,5.20e+01,2.20e+01
-2.20e+02,-6.63e+01,4.70e+01,2.00e+01
-2.09e+02,-5.92e+01,4.90e+01,2.10e+01
-2.07e+02,-5.92e+01,5.20e+01,2.30e+01
-2.11e+02,-6.35e+01,4.70e+01,2.10e+01
-5.00e+02,-5.00e+02,5.20e+01,2.10e+01
-2.14e+02,-6.72e+01,5.20e+01,2.20e+01
-2.12e+02,-6.03e+01,4.80e+01,2.00e+01
-3.86e+02,-1.32e+02,4.80e+01,2.10e+01
-2.13e+02,-6.33e+01,4.90e+01,2.10e+01
-5.00e+02,-5.00e+02,4.80e+01,2.10e+01
-2.92e+02,-6.32e+01,4.60e+01,2.00e+01
-5.00e+02,-5.00e+02,5.20e+01,2.10e+01
-2.10e+02,-6.07e+01,4.80e+01,2.10e+01
-5.00e+02,-5.00e+02,4.80e+01,2.20e+01
-2.14e+02,-5.99e+01,5.20e+01,2.20e+01
-2.14e+02,-5.70e+01,4.90e+01,2.10e+01
-2.11e+02,-5.10e+01,5.30e+01,2.30e+01
-2.14e+02,-6.18e+01,4.90e+01,2.00e+01
-3.90e+02,-1.63e+02,4.70e+01,2.00e+01
-2.16e+02,-6.05e+01,5.30e+01,2.20e+01
-2.13e+02,-5.39e+01,4.90e+01,2.10e+01
-2.15e+02,-5.94e+01,4.90e+01,2.20e+01
-2.11e+02,-5.93e+01,5.10e+01,2.20e+01
-2.93e+02,-7.93e+01,4.90e+01,2.00e+01
-4.99e+02,-4.95e+02,4.70e+01,2.00e+01
-2.09e+02,-5.52e+01,4.90e+01,2.10e+01
-2.13e+02,-6.00e+01,5.20e+01,2.30e+01
-2.19e+02,-5.41e+01,4.90e+01,2.20e+01
-5.00e+02,-5.00e+02,5.10e+01,2.10e+01
-4.17e+02,-1.73e+02,5.20e+01,2.20e+01
-2.19e+02,-7.31e+01,5.10e+01,2.10e+01
-2.10e+02,-5.49e+01,4.90e+01,2.10e+01
-2.13e+02,-5.29e+01,4.90e+01,2.20e+01
-2.32e+02,-5.91e+01,5.20e+01,2.30e+01
-2.18e+02,-5.94e+01,4.80e+01,2.10e+01
-2.15e+02,-6.11e+01,4.70e+01,2.00e+01
-2.08e+02,-5.44e+01,4.90e+01,2.10e+01
-2.87e+02,-6.56e+01,4.80e+01,2.00e+01
-2.16e+02,-5.06e+01,4.90e+01,2.00e+01
-2.11e+02,-5.06e+01,4.80e+01,2.10e+01
-2.96e+02,-7.21e+01,5.30e+01,2.30e+01
-2.13e+02,-5.90e+01,4.90e+01,2.10e+01
-2.11e+02,-6.15e+01,4.60e+01,2.00e+01
-2.29e+02,-8.76e+01,5.20e+01,2.10e+01
-2.10e+02,-5.86e+01,4.60e+01,2.00e+01
-2.15e+02,-5.74e+01,5.20e+01,2.30e+01
-2.11e+02,-6.30e+01,5.20e+01,2.20e+01
-2.12e+02,-5.04e+01,4.80e+01,2.00e+01
-5.00e+02,-5.00e+02,4.80e+01,2.00e+01
-2.17e+02,-6.08e+01,5.10e+01,2.20e+01
-2.04e+02,-4.66e+01,5.20e+01,2.20e+01
-2.24e+02,-6.48e+01,5.20e+01,2.20e+01
-2.07e+02,-5.27e+01,4.90e+01,2.10e+01
-5.00e+02,-5.00e+02,4.70e+01,2.00e+01
-2.19e+02,-5.14e+01,4.80e+01,2.10e+01
-2.11e+02,-5.68e+01,5.20e+01,2.10e+01
-5.00e+02,-5.00e+02,5.30e+01,2.20e+01
-5.00e+02,-5.00e+02,5.00e+01,2.00e+01
-2.11e+02,-5.71e+01,4.90e+01,2.20e+01
-2.89e+02,-7.34e+01,4.70e+01,2.10e+01
-5.00e+02,-5.00e+02,4.90e+01,2.00e+01
-2.14e+02,-5.88e+01,4.70e+01,2.00e+01
-2.20e+02,-5.81e+01,4.90e+01,2.20e+01
-2.21e+02,-6.61e+01,4.90e+01,2.10e+01
-2.20e+02,-5.79e+01,4.70e+01,2.10e+01
-2.33e+02,-6.43e+01,4.70e+01,2.00e+01
-4.86e+02,-4.15e+02,4.90e+01,2.00e+01
-2.94e+02,-7.74e+01,4.90e+01,2.10e+01
-2.11e+02,-5.72e+01,4.90e+01,2.00e+01
-2.17e+02,-5.31e+01,4.90e+01,2.00e+01
-2.21e+02,-5.80e+01,5.10e+01,2.10e+01
-5.00e+02,-5.00e+02,5.20e+01,2.10e+01
-5.00e+02,-5.00e+02,5.10e+01,2.10e+01
-4.47e+02,-1.85e+02,4.90e+01,2.00e+01
-4.36e+02,-1.18e+02,4.70e+01,2.00e+01
-2.19e+02,-5.26e+01,4.80e+01,2.10e+01
-4.36e+02,-1.14e+02,4.70e+01,2.00e+01
-2.11e+02,-6.01e+01,5.20e+01,2.20e+01
-2.90e+02,-6.62e+01,5.10e+01,2.20e+01
-4.68e+02,-3.08e+02,4.70e+01,2.10e+01
-2.09e+02,-4.81e+01,4.80e+01,2.20e+01
-2.19e+02,-6.73e+01,4.90e+01,2.00e+01
-2.14e+02,-6.06e+01,4.80e+01,2.10e+01
-2.09e+02,-5.91e+01,4.80e+01,2.10e+01
-2.91e+02,-7.12e+01,4.90e+01,2.00e+01
-4.89e+02,-4.40e+02,5.10e+01,2.20e+01
-2.29e+02,-7.52e+01,5.20e+01,2.20e+01
-5.00e+02,-5.00e+02,5.20e+01,2.20e+01
-2.89e+02,-7.25e+01,4.70e+01,2.10e+01
-2.49e+02,-8.24e+01,4.80e+01,2.10e+01
-4.02e+02,-1.23e+02,5.10e+01,2.20e+01
-2.11e+02,-5.30e+01,5.20e+01,2.20e+01
-4.90e+02,-4.60e+02,4.80e+01,2.00e+01
-5.00e+02,-5.00e+02,5.20e+01,2.10e+01
-2.11e+02,-5.97e+01,5.30e+01,2.20e+01
-3.87e+02,-1.65e+02,4.80e+01,2.00e+01
-2.06e+02,-5.60e+01,5.20e+01,2.30e+01
-5.00e+02,-5.00e+02,4.90e+01,2.10e+01
-2.14e+02,-6.73e+01,5.20e+01,2.30e+01
-2.06e+02,-5.14e+01,5.20e+01,2.20e+01
-5.00e+02,-5.00e+02,4.90e+01,2.10e+01
-2.12e+02,-5.74e+01,5.10e+01,2.20e+01
-2.10e+02,-5.42e+01,4.80e+01,2.00e+01
-2.11e+02,-5.74e+01,4.70e+01,2.00e+01
-5.00e+02,-5.00e+02,4.90e+01,2.10e+01
-2.09e+02,-5.07e+01,4.90e+01,2.20e+01
-5.00e+02,-5.00e+02,4.80e+01,2.00e+01
-2.81e+02,-1.41e+02,4.80e+01,2.10e+01
-4.33e+02,-1.01e+02,4.80e+01,2.10e+01
-2.13e+02,-5.86e+01,4.80e+01,2.00e+01
-3.36e+02,-7.71e+01,4.80e+01,2.10e+01
-2.10e+02,-6.11e+01,5.20e+01,2.20e+01
-2.08e+02,-4.79e+01,5.20e+01,2.20e+01
-2.12e+02,-5.20e+01,5.10e+01,2.10e+01
-2.12e+02,-5.08e+01,4.80e+01,2.10e+01
-2.24e+02,-7.11e+01,5.10e+01,2.10e+01
-3.10e+02,-1.28e+02,5.10e+01,2.10e+01
-2.13e+02,-5.68e+01,4.90e+01,2.10e+01
-2.29e+02,-7.95e+01,5.20e+01,2.10e+01
-2.98e+02,-8.19e+01,4.70e+01,2.00e+01
-2.12e+02,-6.17e+01,4.70e+01,2.00e+01
-2.18e+02,-6.78e+01,4.60e+01,2.00e+01
-5.00e+02,-5.00e+02,5.10e+01,2.10e+01
-3.60e+02,-6.15e+01,4.80e+01,2.00e+01
-2.27e+02,-6.84e+01,4.90e+01,2.20e+01
-4.53e+02,-2.18e+02,5.30e+01,2.20e+01
-2.89e+02,-7.52e+01,4.90e+01,2.10e+01
-2.12e+02,-6.43e+01,5.20e+01,2.20e+01
-2.13e+02,-5.74e+01,5.00e+01,2.10e+01
-2.23e+02,-7.28e+01,5.20e+01,2.20e+01
-2.94e+02,-8.50e+01,4.90e+01,2.10e+01
-2.14e+02,-6.02e+01,5.20e+01,2.20e+01
-2.11e+02,-5.62e+01,5.20e+01,2.10e+01
-3.14e+02,-5.66e+01,4.80e+01,2.00e+01
-2.10e+02,-5.56e+01,5.20e+01,2.10e+01
-2.19e+02,-5.87e+01,4.80e+01,2.00e+01
