-2.07e+02,-5.44e+01,8.30e+01,3.10e+01
-2.12e+02,-5.72e+01,7.80e+01,2.80e+01
-2.06e+02,-5.15e+01,7.90e+01,2.90e+01
-2.15e+02,-5.08e+01,8.30e+01,3.00e+01
-2.12e+02,-4.48e+01,7.80e+01,2.80e+01
-2.07e+02,-4.98e+01,8.00e+01,2.90e+01
-2.07e+02,-4.90e+01,8.40e+01,3.10e+01
-2.13e+02,-5.27e+01,7.80e+01,2.80e+01
-2.12e+02,-6.07e+01,7.90e+01,2.80e+01
-2.07e+02,-4.91e+01,8.20e+01,3.00e+01
-2.04e+02,-4.97e+01,8.30e+01,3.00e+01
-2.23e+02,-5.73e+01,8.30e+01,3.10e+01
-2.12e+02,-5.04e+01,7.80e+01,2.80e+01
-2.10e+02,-4.04e+01,8.00e+01,2.90e+01
-2.09e+02,-4.41e+01,7.90e+01,2.80e+01
-2.11e+02,-6.43e+01,8.30e+01,3.00e+01
-2.07e+02,-5.31e+01,7.80e+01,2.80e+01
-2.07e+02,-4.28e+01,8.20e+01,3.00e+01
-2.09e+02,-6.00e+01,7.90e+01,2.90e+01
-2.08e+02,-4.79e+01,8.00e+01,2.90e+01
-2.09e+02,-5.17e+01,8.10e+01,3.00e+01
-2.08e+02,-5.50e+01,8.30e+01,3.00e+01
-2.16e+02,-6.23e+01,7.80e+01,2.80e+01
-2.18e+02,-5.37e+01,8.10e+01,2.90e+01
-2.07e+02,-4.44e+01,7.90e+01,2.80e+01
-2.09e+02,-5.86e+01,8.00e+01,3.00e+01
-2.06e+02,-5.74e+01,8.40e+01,3.00e+01
-2.12e+02,-6.24e+01,8.10e+01,3.00e+01
-2.10e+02,-5.05e+01,8.10e+01,3.00e+01
-2.12e+02,-5.91e+01,8.00e+01,2.90e+01
-2.14e+02,-5.61e+01,8.40e+01,3.20e+01
-2.12e+02,-5.84e+01,8.10e+01,2.90e+01
-2.20e+02,-6.72e+01,8.30e+01,3.10e+01
-2.10e+02,-5.64e+01,8.50e+01,3.10e+01
-2.18e+02,-4.81e+01,8.40e+01,3.20e+01
-2.06e+02,-4.73e+01,8.00e+01,2.90e+01
-2.10e+02,-5.62e+01,8.50e+01,3.20e+01
-2.08e+02,-5.35e+01,7.90e+01,2.80e+01
-2.13e+02,-5.81e+01,8.30e+01,3.10e+01
-2.09e+02,-5.22e+01,7.90e+01,2.90e+01
-2.08e+02,-5.51e+01,8.40e+01,3.10e+01
-2.08e+02,-4.77e+01,8.40e+01,3.00e+01
-5.00e+02,-5.00e+02,8.00e+01,2.90e+01
-2.06e+02,-5.14e+01,8.00e+01,2.80e+01
-4.41e+02,-1.96e+02,8.20e+01,3.00e+01
-2.11e+02,-5.27e+01,8.30e+01,3.00e+01
-2.13e+02,-5.27e+01,7.80e+01,2.80e+01
-2.15e+02,-6.29e+01,8.10e+01,3.00e+01
-2.09e+02,-4.41e+01,8.00e+01,2.80e+01
-4.94e+02,-4.68e+02,7.90e+01,2.80e+01
-2.12e+02,-5.65e+01,8.30e+01,3.10e+01
-2.07e+02,-5.45e+01,8.40e+01,3.10e+01
-2.11e+02,-5.95e+01,7.80e+01,2.80e+01
-2.08e+02,-4.02e+01,7.80e+01,2.80e+01
-5.00e+02,-5.00e+02,8.30e+01,3.10e+01
-3.37e+02,-9.24e+01,8.50e+01,3.20e+01
-2.13e+02,-4.92e+01,8.40e+01,3.10e+01
-2.10e+02,-5.68e+01,8.00e+01,2.90e+01
-2.08e+02,-4.93e+01,8.10e+01,2.90e+01
-2.19e+02,-6.28e+01,7.90e+01,2.80e+01
-2.09e+02,-5.77e+01,8.30e+01,3.00e+01
-2.10e+02,-5.65e+01,8.00e+01,3.00e+01
-2.11e+02,-5.13e+01,7.90e+01,2.90e+01
-5.00e+02,-5.00e+02,8.40e+01,3.00e+01
-2.12e+02,-5.07e+01,7.90e+01,2.90e+01
-2.09e+02,-6.27e+01,8.00e+01,3.00e+01
-2.11e+02,-5.08e+01,8.40e+01,3.00e+01
-2.04e+02,-4.30e+01,7.90e+01,2.90e+01
-3.13e+02,-8.16e+01,7.80e+01,2.80e+01
-2.11e+02,-4.72e+01,8.00e+01,2.90e+01
-2.12e+02,-5.17e+01,8.00e+01,2.90e+01
-2.96e+02,-8.12e+01,7.90e+01,2.80e+01
-2.10e+02,-6.23e+01,8.20e+01,3.00e+01
-2.13e+02,-5.81e+01,7.90e+01,2.80e+01
-2.17e+02,-6.35e+01,8.30e+01,3.00e+01
-2.12e+02,-5.14e+01,8.30e+01,3.10e+01
-2.14e+02,-5.35e+01,8.00e+01,2.90e+01
-2.11e+02,-5.68e+01,8.30e+01,3.00e+01
-5.00e+02,-5.00e+02,8.00e+01,2.90e+01
-2.17e+02,-6.83e+01,8.00e+01,3.00e+01
-2.15e+02,-6.22e+01,7.90e+01,2.80e+01
-2.15e+02,-5.57e+01,8.30e+01,3.10e+01
-5.00e+02,-5.00e+02,8.00e+01,2.90e+01
-2.07e+02,-4.81e+01,8.50e+01,3.10e+01
-2.17e+02,-5.52e+01,8.40e+01,3.10e+01
-2.12e+02,-5.55e+01,8.00e+01,2.90e+01
-2.11e+02,-5.24e+01,7.80e+01,2.80e+01
-2.14e+02,-5.23e+01,8.50e+01,3.20e+01
-2.06e+02,-5.43e+01,8.50e+01,3.10e+01
-2.15e+02,-5.18e+01,8.10e+01,3.00e+01
-2.08e+02,-4.47e+01,8.00e+01,2.90e+01
-2.22e+02,-7.34e+01,7.90e+01,2.80e+01
-2.13e+02,-6.11e+01,8.00e+01,2.90e+01
-2.14e+02,-6.35e+01,8.00e+01,2.80e+01
-2.10e+02,-5.70e+01,8.30e+01,3.00e+01
-2.15e+02,-6.19e+01,8.40e+01,3.20e+01
-2.09e+02,-5.50e+01,8.10e+01,2.90e+01
-2.10e+02,-4.94e+01,7.90e+01,2.90e+01
-2.16e+02,-4.88e+01,8.00e+01,2.90e+01
-2.14e+02,-4.90e+01,7.90e+01,2.80e+01
-2.11e+02,-6.07e+01,8.40e+01,3.00e+01
-2.14e+02,-5.39e+01,8.00e+01,2.90e+01
-2.21e+02,-5.77e+01,8.40e+01,3.00e+01
-2.06e+02,-5.41e+01,8.30e+01,3.00e+01
-4.67e+02,-3.00e+02,8.00e+01,3.00e+01
-2.10e+02,-4.86e+01,7.90e+01,2.90e+01
-2.08e+02,-4.88e+01,8.40e+01,3.10e+01
-2.05e+02,-4.78e+01,7.90e+01,2.80e+01
-2.10e+02,-4.41e+01,7.80e+01,2.80e+01
-2.05e+02,-4.95e+01,8.40e+01,3.20e+01
-5.00e+02,-5.00e+02,8.10e+01,3.00e+01
-2.09e+02,-5.36e+01,8.20e+01,3.10e+01
-2.42e+02,-8.32e+01,8.30e+01,3.00e+01
-5.00e+02,-5.00e+02,8.20e+01,3.00e+01
-2.30e+02,-6.75e+01,8.30e+01,3.10e+01
-2.10e+02,-5.03e+01,7.90e+01,2.80e+01
-3.00e+02,-9.07e+01,8.30e+01,3.00e+01
-2.07e+02,-4.80e+01,7.90e+01,2.80e+01
-2.12e+02,-5.74e+01,8.40e+01,3.10e+01
-2.07e+02,-5.05e+01,8.40e+01,3.10e+01
-2.10e+02,-5.50e+01,8.00e+01,2.80e+01
-2.08e+02,-5.61e+01,8.40e+01,3.00e+01
-2.12e+02,-5.87e+01,7.80e+01,2.80e+01
-2.14e+02,-6.42e+01,8.00e+01,2.80e+01
-2.10e+02,-4.67e+01,7.90e+01,2.80e+01
-2.10e+02,-5.32e+01,7.90e+01,2.80e+01
-2.13e+02,-6.11e+01,8.10e+01,3.00e+01
-4.89e+02,-4.56e+02,7.80e+01,2.80e+01
-2.10e+02,-5.79e+01,8.40e+01,3.10e+01
-2.11e+02,-5.88e+01,8.40e+01,3.10e+01
-2.13e+02,-4.91e+01,8.00e+01,2.90e+01
-2.16e+02,-5.76e+01,7.90e+01,2.90e+01
-3.60e+02,-7.51e+01,8.00e+01,3.00e+01
-2.10e+02,-5.31e+01,8.40e+01,3.10e+01
-2.09e+02,-4.47e+01,8.10e+01,2.90e+01
-2.19e+02,-4.44e+01,8.00e+01,2.90e+01
-5.00e+02,-5.00e+02,7.80e+01,2.80e+01
-2.10e+02,-5.34e+01,8.00e+01,2.90e+01
-2.09e+02,-5.42e+01,8.40e+01,3.00e+01
-2.85e+02,-5.87e+01,8.40e+01,3.10e+01
-2.11e+02,-5.04e+01,8.00e+01,2.90e+01
-2.18e+02,-6.14e+01,7.90e+01,2.80e+01
-3.90e+02,-2.31e+02,8.40e+01,3.00e+01
-3.25e+02,-7.28e+01,7.90e+01,2.90e+01
-2.06e+02,-5.20e+01,8.30e+01,3.00e+01
-2.14e+02,-5.95e+01,7.80e+01,2.80e+01
-2.08e+02,-5.25e+01,8.30e+01,3.10e+01
-2.23e+02,-5.68e+01,8.10e+01,2.90e+01
-3.35e+02,-1.01e+02,8.30e+01,3.10e+01
-2.07e+02,-4.80e+01,7.80e+01,2.80e+01
-4.44e+02,-1.64e+02,8.40e+01,3.10e+01
-2.12e+02,-5.52e+01,7.90e+01,2.80e+01
-2.12e+02,-5.17e+01,8.00e+01,2.90e+01
-2.45e+02,-9.97e+01,8.40e+01,3.10e+01
-2.11e+02,-5.14e+01,8.40e+01,3.20e+01
-2.10e+02,-5.17e+01,8.00e+01,2.90e+01
-2.10e+02,-5.19e+01,7.90e+01,2.90e+01
-2.10e+02,-5.73e+01,7.90e+01,2.90e+01
-2.09e+02,-4.67e+01,8.00e+01,2.90e+01
-2.10e+02,-5.08e+01,8.40e+01,3.20e+01
-4.46e+02,-1.78e+02,8.00e+01,2.80e+01
-5.00e+02,-5.00e+02,8.40e+01,3.10e+01
-2.12e+02,-5.02e+01,8.00e+01,2.90e+01
-2.09e+02,-5.11e+01,8.60e+01,3.20e+01
-5.00e+02,-5.00e+02,7.80e+01,2.80e+01
-2.09e+02,-5.24e+01,8.30e+01,3.00e+01
-2.07e+02,-4.79e+01,8.00e+01,2.90e+01
-2.11e+02,-5.86e+01,7.80e+01,2.80e+01
-2.03e+02,-4.50e+01,8.00e+01,2.80e+01
-3.88e+02,-2.26e+02,8.40e+01,3.00e+01
-2.13e+02,-5.21e+01,8.20e+01,3.00e+01
-2.10e+02,-5.84e+01,8.20e+01,3.10e+01
-5.00e+02,-5.00e+02,8.10e+01,2.90e+01
-2.12e+02,-5.73e+01,7.80e+01,2.80e+01
-2.09e+02,-5.29e+01,8.10e+01,3.00e+01
-2.07e+02,-5.46e+01,8.40e+01,3.20e+01
-2.12e+02,-5.95e+01,7.90e+01,2.80e+01
-2.08e+02,-4.88e+01,7.90e+01,2.80e+01
-2.07e+02,-4.94e+01,7.90e+01,2.80e+01
-2.09e+02,-5.71e+01,8.50e+01,3.20e+01
-4.95e+02,-4.72e+02,7.90e+01,2.80e+01
-2.13e+02,-5.22e+01,8.00e+01,2.90e+01
-2.07e+02,-5.83e+01,8.40e+01,3.00e+01
-4.48e+02,-1.90e+02,8.00e+01,2.80e+01
-2.09e+02,-5.69e+01,8.50e+01,3.20e+01
-2.12e+02,-5.47e+01,8.40e+01,3.20e+01
-5.00e+02,-5.00e+02,7.90e+01,2.80e+01
-4.24e+02,-1.18e+02,8.40e+01,3.10e+01
-4.73e+02,-3.41e+02,8.40e+01,3.00e+01
-2.09e+02,-4.60e+01,7.90e+01,2.90e+01
-2.12e+02,-6.23e+01,7.90e+01,2.90e+01
-2.12e+02,-5.12e+01,8.00e+01,2.90e+01
