-2.11e+02,-5.18e+01,8.50e+01,3.00e+01
-2.10e+02,-6.18e+01,8.40e+01,3.00e+01
-2.13e+02,-5.01e+01,8.60e+01,3.10e+01
-2.11e+02,-5.33e+01,8.40e+01,3.00e+01
-2.21e+02,-5.79e+01,8.50e+01,3.10e+01
-2.15e+02,-5.03e+01,8.70e+01,3.20e+01
-2.13e+02,-5.60e+01,8.40e+01,3.00e+01
-2.08e+02,-4.30e+01,8.50e+01,3.00e+01
-2.12e+02,-6.05e+01,8.70e+01,3.20e+01
-2.09e+02,-4.92e+01,8.40e+01,3.00e+01
-2.12e+02,-4.54e+01,8.50e+01,3.00e+01
-2.06e+02,-5.03e+01,8.60e+01,3.10e+01
-2.16e+02,-5.45e+01,8.60e+01,3.00e+01
-2.13e+02,-4.88e+01,8.40e+01,3.00e+01
-2.10e+02,-5.05e+01,8.50e+01,3.10e+01
-2.06e+02,-4.35e+01,8.60e+01,3.10e+01
-2.11e+02,-4.68e+01,8.40e+01,3.00e+01
-2.19e+02,-4.59e+01,8.50e+01,3.00e+01
-2.11e+02,-5.05e+01,8.60e+01,3.10e+01
-2.09e+02,-4.82e+01,8.40e+01,3.00e+01
-2.09e+02,-5.76e+01,8.50e+01,3.00e+01
-2.08e+02,-4.82e+01,8.60e+01,3.10e+01
-2.06e+02,-4.91e+01,8.40e+01,3.00e+01
-2.08e+02,-5.09e+01,8.50e+01,3.10e+01
-2.21e+02,-5.66e+01,8.70e+01,3.10e+01
-2.11e+02,-4.92e+01,8.40e+01,3.00e+01
-5.00e+02,-5.00e+02,8.50e+01,3.00e+01
-2.11e+02,-5.57e+01,8.50e+01,3.00e+01
-2.14e+02,-6.37e+01,8.70e+01,3.10e+01
-2.12e+02,-4.71e+01,8.40e+01,3.00e+01
-2.13e+02,-6.36e+01,8.70e+01,3.10e+01
-2.13e+02,-5.14e+01,8.50e+01,3.00e+01
-2.10e+02,-5.58e+01,8.40e+01,3.00e+01
-2.09e+02,-5.36e+01,8.70e+01,3.10e+01
-2.22e+02,-6.74e+01,8.50e+01,3.00e+01
-2.06e+02,-5.02e+01,8.50e+01,3.10e+01
-2.16e+02,-6.66e+01,8.50e+01,3.10e+01
-4.49e+02,-1.96e+02,8.80e+01,3.20e+01
-2.15e+02,-6.80e+01,8.40e+01,3.00e+01
-2.16e+02,-5.92e+01,8.60e+01,3.00e+01
-2.11e+02,-5.66e+01,8.60e+01,3.10e+01
-3.01e+02,-9.77e+01,8.60e+01,3.00e+01
-2.07e+02,-4.34e+01,8.70e+01,3.10e+01
-2.12e+02,-5.88e+01,8.40e+01,3.00e+01
-2.08e+02,-5.42e+01,8.70e+01,3.10e+01
-2.12e+02,-5.26e+01,8.70e+01,3.00e+01
-5.00e+02,-5.00e+02,8.50e+01,3.00e+01
-5.00e+02,-5.00e+02,8.60e+01,3.00e+01
-2.15e+02,-4.27e+01,8.50e+01,3.00e+01
-4.11e+02,-1.60e+02,8.50e+01,3.10e+01
-2.08e+02,-4.36e+01,8.40e+01,3.00e+01
-2.10e+02,-5.28e+01,8.60e+01,3.10e+01
-2.11e+02,-5.42e+01,8.80e+01,3.20e+01
-2.07e+02,-4.31e+01,8.50e+01,3.10e+01
-2.08e+02,-5.15e+01,8.70e+01,3.10e+01
-2.13e+02,-5.89e+01,8.60e+01,3.10e+01
-2.09e+02,-5.43e+01,8.50e+01,3.00e+01
-2.09e+02,-5.41e+01,8.70e+01,3.20e+01
-2.07e+02,-4.52e+01,8.70e+01,3.10e+01
-4.34e+02,-1.06e+02,8.70e+01,3.10e+01
-2.30e+02,-7.91e+01,8.60e+01,3.10e+01
-2.09e+02,-5.01e+01,8.70e+01,3.20e+01
-2.08e+02,-4.08e+01,8.60e+01,3.10e+01
-2.10e+02,-5.54e+01,8.50e+01,3.10e+01
-5.00e+02,-5.00e+02,8.50e+01,3.00e+01
-5.00e+02,-5.00e+02,8.50e+01,3.00e+01
-2.11e+02,-5.53e+01,8.60e+01,3.00e+01
-2.07e+02,-5.83e+01,8.60e+01,3.10e+01
-2.88e+02,-6.60e+01,8.50e+01,3.10e+01
-5.00e+02,-5.00e+02,8.70e+01,3.10e+01
-2.14e+02,-5.11e+01,8.90e+01,3.30e+01
-2.09e+02,-4.29e+01,8.70e+01,3.20e+01
-2.22e+02,-4.00e+01,8.60e+01,3.10e+01
-2.08e+02,-5.55e+01,8.80e+01,3.20e+01
-2.13e+02,-6.38e+01,8.50e+01,3.00e+01
-2.19e+02,-5.84e+01,8.60e+01,3.10e+01
-2.09e+02,-5.14e+01,8.50e+01,3.00e+01
-2.14e+02,-6.24e+01,8.50e+01,3.10e+01
-2.08e+02,-4.67e+01,8.50e+01,3.10e+01
-2.15e+02,-6.41e+01,8.60e+01,3.10e+01
-5.00e+02,-5.00e+02,8.50e+01,3.00e+01
-2.14e+02,-5.01e+01,8.60e+01,3.10e+01
-2.08e+02,-4.92e+01,8.70e+01,3.20e+01
-2.18e+02,-6.46e+01,8.50e+01,3.00e+01
-2.10e+02,-5.69e+01,8.60e+01,3.00e+01
-2.12e+02,-5.51e+01,8.70e+01,3.20e+01
-2.13e+02,-5.50e+01,8.60e+01,3.10e+01
-2.12e+02,-5.27e+01,8.40e+01,3.00e+01
-2.88e+02,-6.91e+01,8.50e+01,3.00e+01
-2.08e+02,-4.48e+01,8.60e+01,3.10e+01
-2.11e+02,-4.87e+01,8.70e+01,3.20e+01
-4.24e+02,-7.79e+01,8.70e+01,3.00e+01
-4.47e+02,-2.01e+02,8.50e+01,3.10e+01
-4.36e+02,-2.76e+02,8.50e+01,3.00e+01
-2.15e+02,-6.06e+01,8.40e+01,3.00e+01
-2.16e+02,-6.15e+01,8.60e+01,3.10e+01
-2.10e+02,-5.18e+01,8.40e+01,3.00e+01
-2.07e+02,-5.18e+01,8.50e+01,3.10e+01
-5.00e+02,-5.00e+02,8.60e+01,3.00e+01
-2.07e+02,-4.69e+01,8.70e+01,3.10e+01
-5.00e+02,-4.99e+02,8.50e+01,3.00e+01
-2.10e+02,-4.23e+01,8.50e+01,3.10e+01
-2.15e+02,-5.11e+01,8.50e+01,3.00e+01
-2.08e+02,-5.20e+01,8.50e+01,3.00e+01
-2.08e+02,-5.37e+01,8.80e+01,3.20e+01
-2.66e+02,-1.09e+02,8.50e+01,3.00e+01
-2.11e+02,-4.64e+01,8.60e+01,3.20e+01
-2.06e+02,-4.87e+01,8.60e+01,3.10e+01
-3.59e+02,-6.10e+01,8.40e+01,3.00e+01
-4.58e+02,-2.81e+02,8.60e+01,3.10e+01
-5.00e+02,-5.00e+02,8.60e+01,3.00e+01
-2.09e+02,-5.05e+01,8.50e+01,3.10e+01
-2.04e+02,-4.27e+01,8.50e+01,3.10e+01
-2.14e+02,-5.81e+01,8.50e+01,3.10e+01
-2.45e+02,-5.52e+01,8.50e+01,3.10e+01
-2.09e+02,-4.72e+01,8.50e+01,3.00e+01
-2.11e+02,-5.03e+01,8.50e+01,3.00e+01
-2.07e+02,-4.47e+01,8.60e+01,3.20e+01
-2.12e+02,-5.69e+01,8.50e+01,3.10e+01
-2.08e+02,-5.21e+01,8.60e+01,3.10e+01
-2.08e+02,-4.34e+01,8.50e+01,3.10e+01
-2.05e+02,-4.95e+01,8.50e+01,3.00e+01
-2.10e+02,-5.55e+01,8.80e+01,3.20e+01
-2.08e+02,-5.31e+01,8.60e+01,3.10e+01
-2.06e+02,-5.32e+01,8.80e+01,3.20e+01
-2.18e+02,-6.84e+01,8.40e+01,3.00e+01
-2.12e+02,-5.54e+01,8.70e+01,3.10e+01
-2.09e+02,-5.06e+01,8.60e+01,3.00e+01
-2.09e+02,-5.33e+01,8.80e+01,3.20e+01
-2.08e+02,-4.93e+01,8.40e+01,3.00e+01
-4.46e+02,-1.79e+02,8.50e+01,3.00e+01
-5.00e+02,-5.00e+02,8.50e+01,3.00e+01
-2.11e+02,-4.45e+01,8.50e+01,3.00e+01
-2.15e+02,-6.45e+01,8.50e+01,3.10e+01
-2.11e+02,-5.26e+01,8.50e+01,3.00e+01
-2.14e+02,-5.60e+01,8.60e+01,3.10e+01
-3.56e+02,-6.30e+01,8.50e+01,3.00e+01
-2.09e+02,-4.84e+01,8.60e+01,3.10e+01
-2.10e+02,-5.18e+01,8.60e+01,3.00e+01
-2.23e+02,-4.91e+01,8.70e+01,3.20e+01
-5.00e+02,-5.00e+02,8.50e+01,3.00e+01
-2.10e+02,-4.98e+01,8.80e+01,3.10e+01
-2.10e+02,-4.27e+01,8.50e+01,3.00e+01
-4.29e+02,-7.58e+01,8.60e+01,3.10e+01
-2.08e+02,-4.27e+01,8.80e+01,3.30e+01
-2.10e+02,-5.19e+01,8.60e+01,3.20e+01
-2.13e+02,-5.12e+01,8.60e+01,3.10e+01
-5.00e+02,-5.00e+02,8.60e+01,3.00e+01
-2.10e+02,-5.46e+01,8.70e+01,3.20e+01
-2.08e+02,-5.15e+01,8.50e+01,3.10e+01
-2.09e+02,-5.41e+01,8.50e+01,3.00e+01
-2.11e+02,-4.61e+01,8.40e+01,3.00e+01
-2.09e+02,-4.34e+01,8.70e+01,3.20e+01
-4.93e+02,-4.61e+02,8.50e+01,3.00e+01
-2.20e+02,-6.04e+01,8.60e+01,3.20e+01
-2.10e+02,-5.74e+01,8.60e+01,3.10e+01
-3.22e+02,-8.71e+01,8.60e+01,3.00e+01
-2.11e+02,-4.59e+01,8.90e+01,3.30e+01
-2.10e+02,-4.57e+01,8.50e+01,3.10e+01
-2.08e+02,-4.88e+01,8.50e+01,3.10e+01
-2.10e+02,-4.89e+01,8.90e+01,3.30e+01
-2.08e+02,-5.09e+01,8.50e+01,3.00e+01
-2.95e+02,-8.60e+01,8.60e+01,3.20e+01
-3.62e+02,-8.35e+01,8.80e+01,3.20e+01
-2.13e+02,-6.55e+01,8.70e+01,3.10e+01
-3.60e+02,-5.90e+01,8.60e+01,3.10e+01
-2.12e+02,-5.50e+01,8.50e+01,3.00e+01
-2.09e+02,-4.73e+01,8.60e+01,3.10e+01
-2.27e+02,-7.12e+01,8.50e+01,3.00e+01
-2.24e+02,-5.43e+01,8.70e+01,3.10e+01
-2.12e+02,-4.73e+01,8.70e+01,3.20e+01
-2.08e+02,-5.35e+01,8.80e+01,3.30e+01
-2.13e+02,-5.11e+01,8.60e+01,3.10e+01
-5.00e+02,-5.00e+02,8.70e+01,3.10e+01
-2.07e+02,-5.27e+01,8.40e+01,3.00e+01
-2.12e+02,-5.26e+01,8.60e+01,3.10e+01
-2.16e+02,-5.09e+01,8.70e+01,3.10e+01
-2.08e+02,-4.70e+01,8.40e+01,3.00e+01
-2.08e+02,-4.34e+01,8.50e+01,3.00e+01
-2.09e+02,-5.80e+01,8.40e+01,3.00e+01
-2.17e+02,-6.23e+01,8.50e+01,3.00e+01
-2.15e+02,-4.33e+01,8.40e+01,3.00e+01
-2.90e+02,-7.24e+01,8.50e+01,3.10e+01
-2.14e+02,-5.42e+01,8.70e+01,3.10e+01
-2.97e+02,-9.24e+01,8.80e+01,3.30e+01
-2.13e+02,-5.80e+01,8.70e+01,3.10e+01
-2.93e+02,-6.65e+01,8.40e+01,3.00e+01
-2.07e+02,-4.05e+01,8.70e+01,3.00e+01
-2.11e+02,-5.60e+01,8.80e+01,3.20e+01
-2.08e+02,-5.19e+01,8.60e+01,3.10e+01
-2.08e+02,-4.37e+01,8.60e+01,3.00e+01
-2.11e+02,-5.12e+01,8.70e+01,3.20e+01
