-2.11e+02,-5.14e+01,1.08e+02,4.00e+01
-2.12e+02,-5.05e+01,1.07e+02,4.00e+01
-2.11e+02,-5.44e+01,1.10e+02,4.20e+01
-2.09e+02,-4.89e+01,1.08e+02,4.10e+01
-2.10e+02,-5.15e+01,1.10e+02,4.10e+01
-2.10e+02,-5.03e+01,1.08e+02,4.00e+01
-2.16e+02,-6.45e+01,1.09e+02,4.00e+01
-2.17e+02,-5.01e+01,1.10e+02,4.20e+01
-2.07e+02,-4.38e+01,1.08e+02,4.00e+01
-2.12e+02,-5.16e+01,1.11e+02,4.20e+01
-2.08e+02,-5.10e+01,1.08e+02,4.00e+01
-2.07e+02,-5.24e+01,1.09e+02,4.10e+01
-2.09e+02,-4.23e+01,1.08e+02,4.00e+01
-2.08e+02,-5.37e+01,1.08e+02,4.00e+01
-2.09e+02,-5.06e+01,1.09e+02,4.00e+01
-2.15e+02,-4.85e+01,1.08e+02,4.00e+01
-2.11e+02,-5.75e+01,1.07e+02,4.00e+01
-2.06e+02,-5.11e+01,1.09e+02,4.00e+01
-2.11e+02,-4.35e+01,1.09e+02,4.10e+01
-2.08e+02,-4.98e+01,1.09e+02,4.00e+01
-2.09e+02,-4.86e+01,1.07e+02,4.00e+01
-2.09e+02,-4.82e+01,1.07e+02,4.00e+01
-2.10e+02,-4.69e+01,1.09e+02,4.10e+01
-2.08e+02,-4.16e+01,1.09e+02,4.10e+01
-2.11e+02,-5.49e+01,1.09e+02,4.10e+01
-2.07e+02,-5.18e+01,1.08e+02,4.00e+01
-2.08e+02,-4.42e+01,1.08e+02,4.00e+01
-4.29e+02,-7.74e+01,1.09e+02,4.00e+01
-2.09e+02,-5.04e+01,1.10e+02,4.10e+01
-2.12e+02,-5.50e+01,1.10e+02,4.20e+01
-2.13e+02,-6.01e+01,1.10e+02,4.10e+01
-2.08e+02,-5.48e+01,1.09e+02,4.00e+01
-2.12e+02,-5.66e+01,1.11e+02,4.30e+01
-5.00e+02,-5.00e+02,1.09e+02,4.00e+01
-2.10e+02,-5.92e+01,1.07e+02,4.00e+01
-2.08e+02,-5.17e+01,1.12e+02,4.30e+01
-2.13e+02,-5.94e+01,1.12e+02,4.30e+01
-2.16e+02,-5.46e+01,1.11e+02,4.10e+01
-2.15e+02,-5.32e+01,1.08e+02,4.00e+01
-2.13e+02,-6.70e+01,1.10e+02,4.00e+01
-2.12e+02,-5.42e+01,1.10e+02,4.20e+01
-2.14e+02,-4.86e+01,1.08e+02,4.00e+01
-2.15e+02,-5.14e+01,1.08e+02,4.00e+01
-2.16e+02,-5.30e+01,1.11e+02,4.10e+01
-2.68e+02,-1.02e+02,1.09e+02,4.10e+01
-2.07e+02,-4.98e+01,1.11e+02,4.20e+01
-2.09e+02,-5.09e+01,1.12e+02,4.20e+01
-4.76e+02,-3.54e+02,1.09e+02,4.10e+01
-2.10e+02,-5.56e+01,1.07e+02,4.00e+01
-2.13e+02,-5.59e+01,1.09e+02,4.00e+01
-2.10e+02,-5.51e+01,1.10e+02,4.10e+01
-2.13e+02,-6.25e+01,1.09e+02,4.10e+01
-5.00e+02,-5.00e+02,1.09e+02,4.00e+01
-2.07e+02,-4.93e+01,1.09e+02,4.20e+01
-2.87e+02,-6.09e+01,1.09e+02,4.20e+01
-5.00e+02,-5.00e+02,1.09e+02,4.00e+01
-2.13e+02,-5.67e+01,1.08e+02,4.10e+01
-2.08e+02,-4.33e+01,1.09e+02,4.00e+01
-2.08e+02,-5.06e+01,1.09e+02,4.10e+01
-2.22e+02,-4.99e+01,1.09e+02,4.10e+01
-2.14e+02,-6.35e+01,1.10e+02,4.20e+01
-2.86e+02,-5.80e+01,1.07e+02,4.00e+01
-2.08e+02,-5.34e+01,1.09e+02,4.00e+01
-2.84e+02,-1.05e+02,1.08e+02,4.00e+01
-2.11e+02,-6.49e+01,1.08e+02,4.10e+01
-2.17e+02,-6.35e+01,1.08e+02,4.00e+01
-2.14e+02,-6.12e+01,1.12e+02,4.30e+01
-2.10e+02,-4.96e+01,1.09e+02,4.10e+01
-4.76e+02,-3.59e+02,1.08e+02,4.10e+01
-2.09e+02,-4.82e+01,1.11e+02,4.30e+01
-2.12e+02,-4.67e+01,1.09e+02,4.10e+01
-4.32e+02,-9.47e+01,1.11e+02,4.10e+01
-2.07e+02,-4.74e+01,1.11e+02,4.20e+01
-2.14e+02,-6.12e+01,1.08e+02,4.00e+01
-2.07e+02,-3.90e+01,1.10e+02,4.10e+01
-2.15e+02,-4.56e+01,1.08e+02,4.10e+01
-2.11e+02,-4.59e+01,1.11e+02,4.20e+01
-2.13e+02,-4.10e+01,1.12e+02,4.20e+01
-2.11e+02,-5.22e+01,1.12e+02,4.30e+01
-2.07e+02,-5.54e+01,1.11e+02,4.10e+01
-2.16e+02,-5.60e+01,1.09e+02,4.00e+01
-2.08e+02,-4.73e+01,1.11e+02,4.20e+01
-2.85e+02,-6.27e+01,1.08e+02,4.00e+01
-2.16e+02,-6.40e+01,1.08e+02,4.00e+01
-2.08e+02,-5.18e+01,1.11e+02,4.20e+01
-2.08e+02,-5.07e+01,1.10e+02,4.20e+01
-2.10e+02,-5.32e+01,1.12e+02,4.30e+01
-2.10e+02,-4.59e+01,1.11e+02,4.10e+01
-2.08e+02,-5.42e+01,1.09e+02,4.00e+01
-2.20e+02,-6.29e+01,1.08e+02,4.00e+01
-2.12e+02,-5.49e+01,1.08e+02,4.00e+01
-2.15e+02,-5.16e+01,1.09e+02,4.00e+01
-4.71e+02,-3.29e+02,1.08e+02,4.10e+01
-2.94e+02,-7.61e+01,1.08e+02,4.00e+01
-5.00e+02,-5.00e+02,1.09e+02,4.10e+01
-3.22e+02,-1.14e+02,1.08e+02,4.00e+01
-2.83e+02,-5.52e+01,1.08e+02,4.10e+01
-2.14e+02,-5.46e+01,1.13e+02,4.30e+01
-2.15e+02,-5.90e+01,1.08e+02,4.00e+01
-5.00e+02,-5.00e+02,1.08e+02,4.00e+01
-2.37e+02,-5.47e+01,1.11e+02,4.30e+01
-2.16e+02,-5.63e+01,1.09e+02,4.10e+01
-2.14e+02,-6.66e+01,1.09e+02,4.00e+01
-2.11e+02,-5.76e+01,1.09e+02,4.10e+01
-2.18e+02,-4.66e+01,1.12e+02,4.30e+01
-3.17e+02,-8.84e+01,1.07e+02,4.00e+01
-3.16e+02,-9.10e+01,1.08e+02,4.10e+01
-2.04e+02,-3.72e+01,1.10e+02,4.20e+01
-2.25e+02,-6.38e+01,1.08e+02,4.10e+01
-2.14e+02,-5.16e+01,1.08e+02,4.10e+01
-2.09e+02,-5.06e+01,1.08e+02,4.10e+01
-2.07e+02,-4.90e+01,1.10e+02,4.20e+01
-2.13e+02,-4.94e+01,1.09e+02,4.20e+01
-2.13e+02,-4.04e+01,1.10e+02,4.00e+01
-2.11e+02,-5.93e+01,1.11e+02,4.20e+01
-2.07e+02,-4.43e+01,1.09e+02,4.00e+01
-2.12e+02,-5.17e+01,1.11e+02,4.10e+01
-2.09e+02,-5.42e+01,1.09e+02,4.10e+01
-2.11e+02,-5.54e+01,1.08e+02,4.00e+01
-2.14e+02,-5.20e+01,1.12e+02,4.20e+01
-2.11e+02,-4.70e+01,1.09e+02,4.00e+01
-3.79e+02,-1.74e+02,1.10e+02,4.20e+01
-2.06e+02,-4.63e+01,1.11e+02,4.30e+01
-2.10e+02,-5.35e+01,1.09e+02,4.00e+01
-2.08e+02,-5.21e+01,1.11e+02,4.20e+01
-2.09e+02,-5.64e+01,1.10e+02,4.10e+01
-2.08e+02,-5.49e+01,1.07e+02,4.00e+01
-4.55e+02,-2.85e+02,1.09e+02,4.10e+01
-2.09e+02,-4.73e+01,1.08e+02,4.00e+01
-2.10e+02,-5.34e+01,1.08e+02,4.10e+01
-2.08e+02,-3.73e+01,1.11e+02,4.10e+01
-2.07e+02,-4.94e+01,1.09e+02,4.00e+01
-5.00e+02,-5.00e+02,1.07e+02,4.00e+01
-2.09e+02,-5.09e+01,1.09e+02,4.10e+01
-2.09e+02,-4.86e+01,1.11e+02,4.20e+01
-2.18e+02,-5.98e+01,1.08e+02,4.00e+01
-2.87e+02,-6.57e+01,1.10e+02,4.20e+01
-2.08e+02,-4.44e+01,1.10e+02,4.00e+01
-2.12e+02,-5.47e+01,1.09e+02,4.10e+01
-2.06e+02,-5.05e+01,1.12e+02,4.30e+01
-2.06e+02,-4.01e+01,1.09e+02,4.20e+01
-2.05e+02,-4.01e+01,1.09e+02,4.00e+01
-2.11e+02,-5.50e+01,1.11e+02,4.10e+01
-2.10e+02,-5.38e+01,1.10e+02,4.10e+01
-2.12e+02,-4.44e+01,1.10e+02,4.10e+01
-2.13e+02,-4.87e+01,1.11e+02,4.20e+01
-2.07e+02,-4.24e+01,1.09e+02,4.00e+01
-2.13e+02,-5.93e+01,1.10e+02,4.20e+01
-2.12e+02,-5.93e+01,1.09e+02,4.00e+01
-2.08e+02,-5.18e+01,1.07e+02,4.00e+01
-4.30e+02,-8.06e+01,1.11e+02,4.20e+01
-4.30e+02,-8.40e+01,1.08e+02,4.00e+01
-2.11e+02,-4.76e+01,1.08e+02,4.10e+01
-2.08e+02,-4.63e+01,1.08e+02,4.00e+01
-2.12e+02,-4.07e+01,1.09e+02,4.00e+01
-2.09e+02,-5.49e+01,1.10e+02,4.20e+01
-2.09e+02,-4.36e+01,1.08e+02,4.00e+01
-2.09e+02,-4.70e+01,1.08e+02,4.00e+01
-5.00e+02,-5.00e+02,1.11e+02,4.10e+01
-2.15e+02,-4.48e+01,1.08e+02,4.00e+01
-2.10e+02,-5.40e+01,1.08e+02,4.10e+01
-2.09e+02,-4.30e+01,1.10e+02,4.10e+01
-2.11e+02,-5.00e+01,1.11e+02,4.20e+01
-2.10e+02,-5.03e+01,1.11e+02,4.10e+01
-2.04e+02,-3.83e+01,1.08e+02,4.00e+01
-2.06e+02,-4.73e+01,1.09e+02,4.10e+01
-2.08e+02,-5.10e+01,1.09e+02,4.10e+01
-4.28e+02,-6.70e+01,1.08e+02,4.00e+01
-2.09e+02,-4.93e+01,1.07e+02,4.00e+01
-2.09e+02,-4.77e+01,1.10e+02,4.10e+01
-2.04e+02,-4.74e+01,1.09e+02,4.00e+01
-2.09e+02,-4.99e+01,1.09e+02,4.10e+01
-2.13e+02,-4.94e+01,1.08e+02,4.10e+01
-2.09e+02,-5.58e+01,1.11e+02,4.20e+01
-2.90e+02,-6.97e+01,1.08e+02,4.00e+01
-2.09e+02,-4.71e+01,1.08e+02,4.10e+01
-2.11e+02,-4.68e+01,1.09e+02,4.00e+01
-2.08e+02,-4.70e+01,1.09e+02,4.00e+01
-2.87e+02,-6.83e+01,1.09e+02,4.10e+01
-2.89e+02,-6.42e+01,1.11e+02,4.30e+01
-2.36e+02,-7.30e+01,1.11e+02,4.20e+01
-2.10e+02,-5.99e+01,1.11e+02,4.20e+01
-2.78e+02,-9.27e+01,1.09e+02,4.00e+01
-2.07e+02,-4.52e+01,1.11e+02,4.30e+01
-2.09e+02,-5.42e+01,1.11e+02,4.30e+01
-2.17e+02,-4.96e+01,1.12e+02,4.30e+01
-2.11e+02,-5.53e+01,1.08e+02,4.00e+01
-2.06e+02,-4.63e+01,1.09e+02,4.10e+01
-2.14e+02,-5.26e+01,1.10e+02,4.10e+01
-2.06e+02,-5.29e+01,1.08e+02,4.00e+01
-2.09e+02,-5.23e+01,1.11e+02,4.20e+01
-2.08e+02,-4.45e+01,1.07e+02,4.00e+01
