-7.86e+00,2.69e+02,9.20e+01,3.70e+01
-7.43e+00,2.69e+02,9.50e+01,3.80e+01
-7.44e+00,2.69e+02,9.30e+01,3.70e+01
-8.19e+00,2.69e+02,9.20e+01,3.70e+01
-7.45e+00,2.69e+02,9.40e+01,3.70e+01
-7.46e+00,2.69e+02,9.30e+01,3.70e+01
-7.46e+00,2.69e+02,9.30e+01,3.70e+01
-7.46e+00,2.69e+02,9.30e+01,3.70e+01
-7.46e+00,2.69e+02,9.30e+01,3.70e+01
-7.46e+00,2.69e+02,9.30e+01,3.70e+01
-7.43e+00,2.69e+02,9.60e+01,3.90e+01
-2.64e+01,1.56e+02,9.40e+01,3.70e+01
-8.20e+00,2.69e+02,9.30e+01,3.80e+01
-1.15e+01,2.45e+02,9.40e+01,3.70e+01
-7.80e+00,2.69e+02,9.30e+01,3.70e+01
-2.98e+01,1.41e+02,9.20e+01,3.70e+01
-1.15e+01,2.45e+02,9.30e+01,3.70e+01
-7.86e+00,2.69e+02,9.30e+01,3.70e+01
-3.01e+01,1.36e+02,9.30e+01,3.80e+01
-8.13e+00,2.68e+02,9.40e+01,3.70e+01
-3.46e+01,1.07e+02,9.30e+01,3.70e+01
-7.44e+00,2.69e+02,9.30e+01,3.70e+01
-8.19e+00,2.69e+02,9.30e+01,3.70e+01
-7.86e+00,2.69e+02,9.30e+01,3.70e+01
-7.46e+00,2.69e+02,9.40e+01,3.70e+01
-7.52e+00,2.69e+02,9.30e+01,3.70e+01
-7.86e+00,2.69e+02,9.20e+01,3.70e+01
-7.46e+00,2.69e+02,9.50e+01,3.80e+01
-7.86e+00,2.69e+02,9.20e+01,3.70e+01
-7.46e+00,2.69e+02,9.30e+01,3.70e+01
-7.86e+00,2.69e+02,9.30e+01,3.70e+01
-7.86e+00,2.69e+02,9.30e+01,3.80e+01
-7.46e+00,2.69e+02,9.50e+01,3.70e+01
-1.15e+01,2.45e+02,9.40e+01,3.80e+01
-8.19e+00,2.69e+02,9.20e+01,3.70e+01
-7.43e+00,2.69e+02,9.50e+01,3.80e+01
-7.86e+00,2.69e+02,9.20e+01,3.70e+01
-7.86e+00,2.69e+02,9.30e+01,3.70e+01
-7.44e+00,2.69e+02,9.40e+01,3.70e+01
-3.60e+01,1.01e+02,9.20e+01,3.70e+01
-7.86e+00,2.69e+02,9.20e+01,3.70e+01
-7.86e+00,2.69e+02,9.30e+01,3.80e+01
-7.55e+00,2.69e+02,9.60e+01,3.80e+01
-8.19e+00,2.69e+02,9.30e+01,3.70e+01
-1.15e+01,2.45e+02,9.60e+01,3.90e+01
-8.19e+00,2.69e+02,9.30e+01,3.70e+01
-7.43e+00,2.69e+02,9.50e+01,3.80e+01
-8.24e+00,2.69e+02,9.30e+01,3.70e+01
-7.46e+00,2.69e+02,9.40e+01,3.70e+01
-7.43e+00,2.69e+02,9.60e+01,3.80e+01
-7.51e+00,2.69e+02,9.30e+01,3.70e+01
-7.46e+00,2.69e+02,9.40e+01,3.70e+01
-7.86e+00,2.69e+02,9.30e+01,3.70e+01
-7.46e+00,2.69e+02,9.30e+01,3.70e+01
-1.15e+01,2.45e+02,9.40e+01,3.80e+01
-7.46e+00,2.69e+02,9.40e+01,3.70e+01
-7.44e+00,2.69e+02,9.30e+01,3.70e+01
-1.18e+01,2.47e+02,9.30e+01,3.80e+01
-1.15e+01,2.45e+02,9.30e+01,3.70e+01
-8.19e+00,2.69e+02,9.30e+01,3.80e+01
-8.25e+00,2.69e+02,9.20e+01,3.70e+01
-3.24e+01,1.31e+02,9.30e+01,3.70e+01
-1.15e+01,2.45e+02,9.40e+01,3.70e+01
-7.46e+00,2.69e+02,9.40e+01,3.80e+01
-7.46e+00,2.69e+02,9.40e+01,3.80e+01
-7.48e+00,2.69e+02,9.40e+01,3.70e+01
-7.45e+00,2.69e+02,9.50e+01,3.70e+01
-7.44e+00,2.69e+02,9.40e+01,3.80e+01
-7.46e+00,2.69e+02,9.40e+01,3.80e+01
-3.72e+01,9.31e+01,9.30e+01,3.70e+01
-8.01e+00,2.69e+02,9.40e+01,3.80e+01
-7.44e+00,2.69e+02,9.40e+01,3.70e+01
-7.46e+00,2.69e+02,9.50e+01,3.70e+01
-7.50e+00,2.69e+02,9.30e+01,3.70e+01
-7.86e+00,2.69e+02,9.20e+01,3.70e+01
-7.44e+00,2.69e+02,9.30e+01,3.70e+01
-2.04e+01,1.91e+02,9.60e+01,3.80e+01
-1.36e+01,2.33e+02,9.40e+01,3.80e+01
-7.46e+00,2.69e+02,9.40e+01,3.70e+01
-2.29e+01,1.77e+02,9.30e+01,3.70e+01
-7.45e+00,2.69e+02,9.50e+01,3.70e+01
-7.46e+00,2.69e+02,9.40e+01,3.70e+01
-4.72e+01,3.73e+01,9.30e+01,3.70e+01
-7.86e+00,2.69e+02,9.30e+01,3.80e+01
-7.46e+00,2.69e+02,9.30e+01,3.70e+01
-7.86e+00,2.69e+02,9.20e+01,3.70e+01
-7.43e+00,2.69e+02,9.60e+01,3.90e+01
-3.26e+01,1.22e+02,9.20e+01,3.70e+01
-7.86e+00,2.69e+02,9.20e+01,3.70e+01
-7.43e+00,2.69e+02,9.60e+01,3.80e+01
-1.15e+01,2.45e+02,9.40e+01,3.70e+01
-7.43e+00,2.69e+02,9.60e+01,3.80e+01
-7.86e+00,2.69e+02,9.20e+01,3.70e+01
-1.34e+01,2.34e+02,9.30e+01,3.70e+01
-7.44e+00,2.69e+02,9.40e+01,3.80e+01
-7.43e+00,2.69e+02,9.70e+01,3.90e+01
-7.98e+00,2.69e+02,9.30e+01,3.80e+01
-7.47e+00,2.69e+02,9.40e+01,3.70e+01
-7.46e+00,2.69e+02,9.40e+01,3.80e+01
-7.56e+00,2.69e+02,9.40e+01,3.70e+01
-7.43e+00,2.69e+02,9.60e+01,3.80e+01
-2.04e+01,1.91e+02,9.60e+01,3.80e+01
-7.46e+00,2.69e+02,9.40e+01,3.70e+01
-7.44e+00,2.69e+02,9.40e+01,3.70e+01
-7.44e+00,2.69e+02,9.30e+01,3.70e+01
-1.15e+01,2.45e+02,9.50e+01,3.70e+01
-7.86e+00,2.69e+02,9.30e+01,3.70e+01
-2.03e+01,1.92e+02,9.40e+01,3.70e+01
-7.86e+00,2.69e+02,9.20e+01,3.70e+01
-7.82e+00,2.67e+02,9.40e+01,3.70e+01
-7.47e+00,2.69e+02,9.40e+01,3.80e+01
-7.46e+00,2.69e+02,9.30e+01,3.70e+01
-8.19e+00,2.69e+02,9.30e+01,3.80e+01
-8.20e+00,2.69e+02,9.30e+01,3.80e+01
-7.46e+00,2.69e+02,9.40e+01,3.70e+01
-7.46e+00,2.69e+02,9.40e+01,3.70e+01
-7.44e+00,2.69e+02,9.30e+01,3.70e+01
-2.97e+01,1.40e+02,9.30e+01,3.80e+01
-7.86e+00,2.69e+02,9.30e+01,3.80e+01
-7.47e+00,2.69e+02,9.40e+01,3.70e+01
-7.86e+00,2.69e+02,9.30e+01,3.70e+01
-3.24e+01,1.21e+02,9.30e+01,3.70e+01
-7.86e+00,2.69e+02,9.30e+01,3.70e+01
-7.43e+00,2.69e+02,9.70e+01,3.90e+01
-7.48e+00,2.69e+02,9.40e+01,3.80e+01
-7.45e+00,2.69e+02,9.40e+01,3.80e+01
-7.89e+00,2.69e+02,9.30e+01,3.70e+01
-7.46e+00,2.69e+02,9.40e+01,3.70e+01
