-2.21e+02,-6.66e+01,2.16e+02,9.00e+01
-2.13e+02,-4.76e+01,2.19e+02,9.20e+01
-2.19e+02,-6.53e+01,2.15e+02,9.00e+01
-2.19e+02,-7.11e+01,2.23e+02,9.40e+01
-2.17e+02,-5.46e+01,2.17e+02,9.10e+01
-2.15e+02,-4.94e+01,2.20e+02,9.30e+01
-2.19e+02,-4.83e+01,2.24e+02,9.50e+01
-2.21e+02,-5.00e+01,2.19e+02,9.20e+01
-2.24e+02,-5.09e+01,2.17e+02,9.10e+01
-2.34e+02,-5.00e+01,2.25e+02,9.50e+01
-2.16e+02,-6.45e+01,2.22e+02,9.40e+01
-2.20e+02,-4.85e+01,2.21e+02,9.20e+01
-2.21e+02,-5.24e+01,2.19e+02,9.20e+01
-2.17e+02,-4.72e+01,2.16e+02,9.10e+01
-2.14e+02,-4.71e+01,2.21e+02,9.20e+01
-2.21e+02,-7.23e+01,2.23e+02,9.40e+01
-2.17e+02,-4.36e+01,2.21e+02,9.20e+01
-2.14e+02,-4.78e+01,2.24e+02,9.40e+01
-2.14e+02,-4.75e+01,2.20e+02,9.20e+01
-2.13e+02,-4.40e+01,2.17e+02,9.00e+01
-2.19e+02,-5.36e+01,2.23e+02,9.30e+01
-2.13e+02,-4.68e+01,2.23e+02,9.30e+01
-2.21e+02,-5.33e+01,2.19e+02,9.20e+01
-3.53e+02,-5.28e+01,2.25e+02,9.50e+01
-2.16e+02,-4.63e+01,2.23e+02,9.30e+01
-2.76e+02,-5.51e+01,2.21e+02,9.30e+01
-2.19e+02,-5.22e+01,2.22e+02,9.20e+01
-2.17e+02,-4.41e+01,2.19e+02,9.20e+01
-2.16e+02,-5.44e+01,2.24e+02,9.50e+01
-2.19e+02,-4.50e+01,2.20e+02,9.30e+01
-2.18e+02,-5.68e+01,2.19e+02,9.20e+01
-2.22e+02,-5.13e+01,2.24e+02,9.50e+01
-2.18e+02,-5.72e+01,2.21e+02,9.40e+01
-2.09e+02,-4.28e+01,2.17e+02,9.10e+01
-2.15e+02,-5.69e+01,2.25e+02,9.50e+01
-2.21e+02,-4.99e+01,2.27e+02,9.60e+01
-2.91e+02,-4.83e+01,2.17e+02,9.20e+01
-2.24e+02,-4.41e+01,2.17e+02,9.10e+01
-4.27e+02,-6.36e+01,2.21e+02,9.30e+01
-3.45e+02,-5.73e+01,2.25e+02,9.60e+01
-2.15e+02,-4.69e+01,2.17e+02,9.10e+01
-2.17e+02,-5.35e+01,2.16e+02,9.00e+01
-2.86e+02,-5.01e+01,2.20e+02,9.30e+01
-2.17e+02,-4.73e+01,2.21e+02,9.30e+01
-2.14e+02,-5.14e+01,2.17e+02,9.10e+01
-2.12e+02,-5.40e+01,2.23e+02,9.40e+01
-2.14e+02,-5.95e+01,2.21e+02,9.20e+01
-2.84e+02,-5.57e+01,2.16e+02,9.00e+01
-2.23e+02,-5.03e+01,2.22e+02,9.40e+01
-2.14e+02,-4.96e+01,2.17e+02,9.10e+01
-2.21e+02,-5.01e+01,2.20e+02,9.20e+01
-2.23e+02,-4.83e+01,2.25e+02,9.50e+01
-2.20e+02,-5.04e+01,2.19e+02,9.20e+01
-2.18e+02,-6.73e+01,2.21e+02,9.30e+01
-2.25e+02,-5.96e+01,2.17e+02,9.10e+01
-2.17e+02,-5.68e+01,2.15e+02,9.00e+01
-3.52e+02,-8.81e+01,2.16e+02,9.00e+01
-2.14e+02,-5.08e+01,2.16e+02,9.00e+01
-2.16e+02,-4.99e+01,2.15e+02,9.00e+01
-2.14e+02,-4.58e+01,2.17e+02,9.10e+01
-2.29e+02,-5.62e+01,2.18e+02,9.10e+01
-2.18e+02,-4.54e+01,2.19e+02,9.20e+01
-2.19e+02,-6.36e+01,2.21e+02,9.20e+01
-2.15e+02,-4.80e+01,2.19e+02,9.20e+01
-2.17e+02,-5.59e+01,2.19e+02,9.20e+01
-2.16e+02,-5.26e+01,2.16e+02,9.10e+01
-2.16e+02,-4.73e+01,2.15e+02,9.00e+01
-2.20e+02,-5.13e+01,2.16e+02,9.00e+01
-4.29e+02,-7.49e+01,2.20e+02,9.20e+01
-3.64e+02,-6.02e+01,2.21e+02,9.40e+01
-2.17e+02,-4.93e+01,2.20e+02,9.30e+01
-2.15e+02,-5.11e+01,2.22e+02,9.20e+01
-2.15e+02,-4.60e+01,2.21e+02,9.30e+01
-2.11e+02,-4.57e+01,2.16e+02,9.00e+01
-2.17e+02,-6.01e+01,2.17e+02,9.00e+01
-2.15e+02,-4.54e+01,2.17e+02,9.00e+01
-2.18e+02,-4.82e+01,2.18e+02,9.10e+01
-2.16e+02,-4.69e+01,2.17e+02,9.10e+01
-2.16e+02,-4.90e+01,2.24e+02,9.50e+01
-2.82e+02,-4.48e+01,2.16e+02,9.00e+01
-2.23e+02,-5.16e+01,2.20e+02,9.20e+01
-2.88e+02,-4.69e+01,2.15e+02,9.00e+01
-2.98e+02,-8.67e+01,2.24e+02,9.40e+01
-2.18e+02,-5.02e+01,2.26e+02,9.50e+01
-2.19e+02,-5.85e+01,2.26e+02,9.60e+01
-2.14e+02,-4.59e+01,2.18e+02,9.10e+01
-2.19e+02,-4.62e+01,2.18e+02,9.10e+01
-2.19e+02,-5.79e+01,2.18e+02,9.10e+01
-2.14e+02,-4.69e+01,2.24e+02,9.40e+01
-2.13e+02,-5.26e+01,2.25e+02,9.40e+01
-2.25e+02,-5.28e+01,2.23e+02,9.40e+01
-2.19e+02,-6.24e+01,2.15e+02,9.00e+01
-2.14e+02,-5.11e+01,2.21e+02,9.30e+01
-2.24e+02,-6.96e+01,2.16e+02,9.10e+01
-2.22e+02,-4.49e+01,2.18e+02,9.10e+01
-2.12e+02,-5.06e+01,2.21e+02,9.40e+01
-2.16e+02,-4.83e+01,2.19e+02,9.20e+01
-2.30e+02,-5.01e+01,2.16e+02,9.10e+01
-2.21e+02,-7.32e+01,2.16e+02,9.00e+01
-2.19e+02,-5.25e+01,2.18e+02,9.10e+01
-2.18e+02,-5.11e+01,2.16e+02,9.00e+01
-2.13e+02,-4.55e+01,2.18e+02,9.10e+01
-2.25e+02,-4.91e+01,2.24e+02,9.40e+01
-2.34e+02,-7.87e+01,2.23e+02,9.30e+01
-2.14e+02,-4.23e+01,2.19e+02,9.20e+01
-2.17e+02,-5.49e+01,2.22e+02,9.40e+01
-2.28e+02,-4.44e+01,2.19e+02,9.10e+01
-2.13e+02,-4.50e+01,2.17e+02,9.10e+01
-2.15e+02,-5.83e+01,2.23e+02,9.40e+01
-2.13e+02,-4.96e+01,2.19e+02,9.20e+01
-2.16e+02,-5.27e+01,2.25e+02,9.60e+01
-2.19e+02,-5.87e+01,2.20e+02,9.30e+01
-2.16e+02,-4.94e+01,2.17e+02,9.00e+01
-2.19e+02,-4.31e+01,2.15e+02,9.00e+01
-2.19e+02,-4.44e+01,2.17e+02,9.10e+01
-2.28e+02,-6.20e+01,2.19e+02,9.20e+01
-4.25e+02,-5.32e+01,2.25e+02,9.50e+01
-2.17e+02,-4.76e+01,2.18e+02,9.20e+01
-2.15e+02,-5.15e+01,2.21e+02,9.30e+01
-2.17e+02,-6.35e+01,2.21e+02,9.20e+01
-2.22e+02,-5.15e+01,2.24e+02,9.40e+01
-2.33e+02,-4.72e+01,2.19e+02,9.20e+01
-2.16e+02,-6.46e+01,2.19e+02,9.20e+01
-2.18e+02,-6.23e+01,2.21e+02,9.20e+01
-2.17e+02,-6.90e+01,2.23e+02,9.40e+01
-2.18e+02,-5.21e+01,2.26e+02,9.50e+01
-2.18e+02,-4.91e+01,2.19e+02,9.20e+01
-2.82e+02,-5.68e+01,2.18e+02,9.20e+01
-2.15e+02,-4.75e+01,2.15e+02,9.00e+01
-2.14e+02,-4.69e+01,2.17e+02,9.10e+01
-2.22e+02,-5.85e+01,2.22e+02,9.40e+01
-2.15e+02,-5.26e+01,2.18e+02,9.10e+01
-2.17e+02,-4.40e+01,2.18e+02,9.10e+01
-2.20e+02,-4.90e+01,2.23e+02,9.40e+01
-4.31e+02,-8.54e+01,2.22e+02,9.20e+01
-3.62e+02,-7.25e+01,2.22e+02,9.20e+01
-2.15e+02,-4.84e+01,2.18e+02,9.10e+01
-2.15e+02,-5.04e+01,2.23e+02,9.30e+01
-2.15e+02,-4.90e+01,2.20e+02,9.20e+01
-2.14e+02,-4.33e+01,2.19e+02,9.20e+01
-2.29e+02,-7.92e+01,2.15e+02,9.00e+01
-2.16e+02,-4.39e+01,2.25e+02,9.50e+01
-2.21e+02,-4.76e+01,2.21e+02,9.30e+01
-2.13e+02,-4.90e+01,2.17e+02,9.10e+01
-2.19e+02,-5.75e+01,2.18e+02,9.10e+01
-2.15e+02,-5.00e+01,2.22e+02,9.20e+01
-2.28e+02,-5.46e+01,2.18e+02,9.10e+01
-2.95e+02,-5.09e+01,2.23e+02,9.40e+01
-2.22e+02,-5.63e+01,2.25e+02,9.50e+01
-2.15e+02,-4.95e+01,2.22e+02,9.40e+01
-3.56e+02,-7.63e+01,2.16e+02,9.00e+01
-2.26e+02,-6.57e+01,2.23e+02,9.40e+01
-2.20e+02,-4.60e+01,2.21e+02,9.30e+01
-2.31e+02,-4.98e+01,2.19e+02,9.20e+01
-2.22e+02,-6.08e+01,2.22e+02,9.40e+01
-2.15e+02,-4.79e+01,2.25e+02,9.40e+01
-2.16e+02,-5.47e+01,2.22e+02,9.40e+01
-2.14e+02,-4.60e+01,2.22e+02,9.20e+01
-2.20e+02,-6.21e+01,2.23e+02,9.40e+01
-2.15e+02,-5.18e+01,2.21e+02,9.30e+01
-3.52e+02,-4.50e+01,2.26e+02,9.50e+01
-2.21e+02,-5.87e+01,2.21e+02,9.30e+01
-3.95e+02,-7.94e+01,2.17e+02,9.10e+01
-2.13e+02,-5.53e+01,2.17e+02,9.10e+01
-2.16e+02,-5.44e+01,2.16e+02,9.00e+01
-2.22e+02,-7.07e+01,2.20e+02,9.20e+01
-2.12e+02,-4.76e+01,2.21e+02,9.30e+01
-2.31e+02,-6.10e+01,2.16e+02,9.10e+01
-2.15e+02,-4.29e+01,2.25e+02,9.50e+01
-2.10e+02,-4.73e+01,2.17e+02,9.10e+01
-2.27e+02,-4.95e+01,2.20e+02,9.20e+01
-2.22e+02,-4.48e+01,2.19e+02,9.20e+01
-2.18e+02,-4.63e+01,2.16e+02,9.00e+01
-2.14e+02,-4.92e+01,2.22e+02,9.40e+01
-2.14e+02,-4.86e+01,2.18e+02,9.20e+01
-2.20e+02,-6.39e+01,2.20e+02,9.20e+01
-2.12e+02,-5.29e+01,2.21e+02,9.20e+01
-2.20e+02,-5.43e+01,2.22e+02,9.20e+01
-2.13e+02,-4.27e+01,2.17e+02,9.10e+01
-2.22e+02,-5.43e+01,2.22e+02,9.30e+01
-2.14e+02,-5.42e+01,2.24e+02,9.40e+01
-2.15e+02,-5.02e+01,2.18e+02,9.10e+01
-2.15e+02,-4.96e+01,2.18e+02,9.10e+01
-2.15e+02,-5.93e+01,2.25e+02,9.50e+01
-2.18e+02,-5.54e+01,2.17e+02,9.00e+01
-2.15e+02,-4.61e+01,2.25e+02,9.50e+01
-2.14e+02,-5.81e+01,2.21e+02,9.40e+01
-2.18e+02,-6.82e+01,2.20e+02,9.30e+01
-2.24e+02,-5.83e+01,2.23e+02,9.40e+01
-2.17e+02,-5.04e+01,2.16e+02,9.00e+01
-2.23e+02,-5.36e+01,2.17e+02,9.10e+01
-2.15e+02,-4.91e+01,2.18e+02,9.20e+01
