-5.00e+02,-5.00e+02,7.00e+00,1.00e+01
-5.00e+02,-5.00e+02,4.00e+00,1.00e+01
-5.00e+02,-5.00e+02,9.00e+00,1.00e+01
-5.00e+02,-4.99e+02,3.00e+00,1.00e+01
-4.75e+02,-3.54e+02,7.00e+00,1.00e+01
-4.99e+02,-4.94e+02,6.00e+00,1.00e+01
-5.00e+02,-5.00e+02,5.00e+00,1.00e+01
-5.00e+02,-5.00e+02,8.00e+00,1.00e+01
-5.00e+02,-5.00e+02,7.00e+00,1.00e+01
-4.97e+02,-4.82e+02,6.00e+00,1.00e+01
-5.00e+02,-5.00e+02,4.00e+00,1.00e+01
-4.97e+02,-4.86e+02,7.00e+00,1.00e+01
-5.00e+02,-5.00e+02,8.00e+00,1.00e+01
-5.00e+02,-5.00e+02,4.00e+00,1.00e+01
-5.00e+02,-5.00e+02,8.00e+00,1.00e+01
-5.00e+02,-5.00e+02,7.00e+00,1.00e+01
-4.99e+02,-4.98e+02,5.00e+00,1.00e+01
-5.00e+02,-5.00e+02,5.00e+00,1.00e+01
-5.00e+02,-5.00e+02,3.00e+00,1.00e+01
-5.00e+02,-5.00e+02,8.00e+00,1.00e+01
-5.00e+02,-5.00e+02,2.00e+00,1.00e+01
-4.94e+02,-4.65e+02,3.00e+00,1.00e+01
-4.92e+02,-4.51e+02,7.00e+00,1.00e+01
-5.00e+02,-5.00e+02,7.00e+00,1.00e+01
-5.00e+02,-5.00e+02,7.00e+00,1.00e+01
-5.00e+02,-5.00e+02,6.00e+00,1.00e+01
-5.00e+02,-5.00e+02,4.00e+00,1.00e+01
-5.00e+02,-5.00e+02,7.00e+00,1.00e+01
-4.95e+02,-4.71e+02,3.00e+00,1.00e+01
-4.97e+02,-4.80e+02,8.00e+00,1.00e+01
-5.00e+02,-5.00e+02,1.00e+00,1.00e+01
-5.00e+02,-5.00e+02,6.00e+00,1.00e+01
-5.00e+02,-5.00e+02,3.00e+00,1.00e+01
-5.00e+02,-5.00e+02,7.00e+00,1.00e+01
-5.00e+02,-5.00e+02,3.00e+00,1.00e+01
-5.00e+02,-5.00e+02,6.00e+00,1.00e+01
-5.00e+02,-5.00e+02,3.00e+00,1.00e+01
-5.00e+02,-5.00e+02,4.00e+00,1.00e+01
-4.64e+02,-3.83e+02,7.00e+00,1.00e+01
-5.00e+02,-4.99e+02,2.00e+00,1.00e+01
-5.00e+02,-5.00e+02,5.00e+00,1.00e+01
-5.00e+02,-5.00e+02,1.00e+00,1.00e+01
-5.00e+02,-5.00e+02,3.00e+00,1.00e+01
-5.00e+02,-5.00e+02,5.00e+00,1.00e+01
-5.00e+02,-5.00e+02,3.00e+00,1.00e+01
-5.00e+02,-5.00e+02,0.00e+00,1.00e+01
-5.00e+02,-5.00e+02,7.00e+00,1.00e+01
-4.27e+02,-2.01e+02,6.00e+00,1.00e+01
-4.95e+02,-4.72e+02,7.00e+00,1.00e+01
-4.94e+02,-4.65e+02,1.00e+01,1.00e+01
-5.00e+02,-4.99e+02,7.00e+00,1.00e+01
-5.00e+02,-5.00e+02,4.00e+00,1.00e+01
-4.99e+02,-4.97e+02,5.00e+00,1.00e+01
-5.00e+02,-5.00e+02,6.00e+00,1.00e+01
-5.00e+02,-5.00e+02,7.00e+00,1.00e+01
-5.00e+02,-5.00e+02,5.00e+00,1.00e+01
-4.98e+02,-4.88e+02,1.00e+01,1.00e+01
-5.00e+02,-5.00e+02,1.00e+00,1.00e+01
-5.00e+02,-5.00e+02,7.00e+00,1.00e+01
-5.00e+02,-5.00e+02,2.00e+00,1.00e+01
-5.00e+02,-5.00e+02,6.00e+00,1.00e+01
-5.00e+02,-5.00e+02,5.00e+00,1.00e+01
-4.98e+02,-4.94e+02,6.00e+00,1.00e+01
-5.00e+02,-5.00e+02,7.00e+00,1.00e+01
-4.82e+02,-3.96e+02,5.00e+00,1.00e+01
-5.00e+02,-5.00e+02,7.00e+00,1.00e+01
-5.00e+02,-5.00e+02,4.00e+00,1.00e+01
-5.00e+02,-5.00e+02,5.00e+00,1.00e+01
-5.00e+02,-5.00e+02,6.00e+00,1.00e+01
-5.00e+02,-5.00e+02,3.00e+00,1.00e+01
-5.00e+02,-4.99e+02,5.00e+00,1.00e+01
-5.00e+02,-5.00e+02,4.00e+00,1.00e+01
-5.00e+02,-5.00e+02,8.00e+00,1.00e+01
-5.00e+02,-5.00e+02,7.00e+00,1.00e+01
-5.00e+02,-5.00e+02,4.00e+00,1.00e+01
-5.00e+02,-5.00e+02,6.00e+00,1.00e+01
-5.00e+02,-5.00e+02,5.00e+00,1.00e+01
-5.00e+02,-5.00e+02,5.00e+00,1.00e+01
-4.97e+02,-4.86e+02,3.00e+00,1.00e+01
-4.83e+02,-4.38e+02,6.00e+00,1.00e+01
-4.75e+02,-3.53e+02,3.00e+00,1.00e+01
-5.00e+02,-5.00e+02,3.00e+00,1.00e+01
-5.00e+02,-5.00e+02,5.00e+00,1.00e+01
-5.00e+02,-5.00e+02,8.00e+00,1.00e+01
-5.00e+02,-5.00e+02,4.00e+00,1.00e+01
-4.95e+02,-4.71e+02,4.00e+00,1.00e+01
-5.00e+02,-5.00e+02,5.00e+00,1.00e+01
-5.00e+02,-5.00e+02,7.00e+00,1.00e+01
-5.00e+02,-5.00e+02,9.00e+00,1.00e+01
-5.00e+02,-5.00e+02,8.00e+00,1.00e+01
-5.00e+02,-5.00e+02,6.00e+00,1.00e+01
-5.00e+02,-5.00e+02,7.00e+00,1.00e+01
-5.00e+02,-5.00e+02,8.00e+00,1.00e+01
-5.00e+02,-5.00e+02,7.00e+00,1.00e+01
-5.00e+02,-5.00e+02,6.00e+00,1.00e+01
-4.99e+02,-4.94e+02,7.00e+00,1.00e+01
-5.00e+02,-5.00e+02,3.00e+00,1.00e+01
-5.00e+02,-5.00e+02,5.00e+00,1.00e+01
-5.00e+02,-5.00e+02,6.00e+00,1.00e+01
-5.00e+02,-5.00e+02,5.00e+00,1.00e+01
-5.00e+02,-5.00e+02,4.00e+00,1.00e+01
-4.98e+02,-4.92e+02,4.00e+00,1.00e+01
-5.00e+02,-5.00e+02,6.00e+00,1.00e+01
-5.00e+02,-5.00e+02,5.00e+00,1.00e+01
-5.00e+02,-5.00e+02,5.00e+00,1.00e+01
-5.00e+02,-5.00e+02,4.00e+00,1.00e+01
-5.00e+02,-5.00e+02,1.00e+00,1.00e+01
-4.99e+02,-4.98e+02,4.00e+00,1.00e+01
-5.00e+02,-5.00e+02,4.00e+00,1.00e+01
-5.00e+02,-5.00e+02,2.00e+00,1.00e+01
-5.00e+02,-5.00e+02,7.00e+00,1.00e+01
-5.00e+02,-5.00e+02,2.00e+00,1.00e+01
-5.00e+02,-5.00e+02,5.00e+00,1.00e+01
-5.00e+02,-5.00e+02,5.00e+00,1.00e+01
-5.00e+02,-5.00e+02,9.00e+00,1.00e+01
-5.00e+02,-5.00e+02,1.10e+01,1.00e+01
-4.99e+02,-4.98e+02,5.00e+00,1.00e+01
-5.00e+02,-5.00e+02,7.00e+00,1.00e+01
-5.00e+02,-5.00e+02,6.00e+00,1.00e+01
-4.43e+02,-1.97e+02,4.00e+00,1.00e+01
-4.99e+02,-4.98e+02,4.00e+00,1.00e+01
-5.00e+02,-5.00e+02,2.00e+00,1.00e+01
-5.00e+02,-5.00e+02,4.00e+00,1.00e+01
-4.59e+02,-2.57e+02,5.00e+00,1.00e+01
-5.00e+02,-4.99e+02,5.00e+00,1.00e+01
-5.00e+02,-5.00e+02,5.00e+00,1.00e+01
-5.00e+02,-5.00e+02,4.00e+00,1.00e+01
-4.99e+02,-4.93e+02,6.00e+00,1.00e+01
-5.00e+02,-5.00e+02,4.00e+00,1.00e+01
-5.00e+02,-5.00e+02,9.00e+00,1.00e+01
-5.00e+02,-5.00e+02,3.00e+00,1.00e+01
-4.38e+02,-3.11e+02,5.00e+00,1.00e+01
-4.99e+02,-4.93e+02,4.00e+00,1.00e+01
-4.99e+02,-4.97e+02,6.00e+00,1.00e+01
-5.00e+02,-5.00e+02,7.00e+00,1.00e+01
-5.00e+02,-5.00e+02,8.00e+00,1.00e+01
-5.00e+02,-5.00e+02,8.00e+00,1.00e+01
-5.00e+02,-5.00e+02,2.00e+00,1.00e+01
-5.00e+02,-5.00e+02,5.00e+00,1.00e+01
-5.00e+02,-5.00e+02,4.00e+00,1.00e+01
-4.70e+02,-3.24e+02,4.00e+00,1.00e+01
-5.00e+02,-5.00e+02,3.00e+00,1.00e+01
-5.00e+02,-5.00e+02,6.00e+00,1.00e+01
-4.99e+02,-4.98e+02,7.00e+00,1.00e+01
-5.00e+02,-5.00e+02,4.00e+00,1.00e+01
-5.00e+02,-5.00e+02,5.00e+00,1.00e+01
-5.00e+02,-5.00e+02,8.00e+00,1.00e+01
-4.51e+02,-3.31e+02,6.00e+00,1.00e+01
-4.60e+02,-3.65e+02,1.00e+01,1.00e+01
-4.83e+02,-4.02e+02,9.00e+00,1.00e+01
-4.92e+02,-4.66e+02,6.00e+00,1.00e+01
-5.00e+02,-5.00e+02,8.00e+00,1.00e+01
-5.00e+02,-5.00e+02,7.00e+00,1.00e+01
-5.00e+02,-5.00e+02,3.00e+00,1.00e+01
-5.00e+02,-5.00e+02,6.00e+00,1.00e+01
-5.00e+02,-5.00e+02,8.00e+00,1.00e+01
-4.98e+02,-4.89e+02,4.00e+00,1.00e+01
-5.00e+02,-5.00e+02,7.00e+00,1.00e+01
-5.00e+02,-5.00e+02,5.00e+00,1.00e+01
-4.97e+02,-4.84e+02,7.00e+00,1.00e+01
-5.00e+02,-4.99e+02,8.00e+00,1.00e+01
-5.00e+02,-5.00e+02,9.00e+00,1.00e+01
-4.99e+02,-4.97e+02,5.00e+00,1.00e+01
-5.00e+02,-5.00e+02,7.00e+00,1.00e+01
-5.00e+02,-5.00e+02,8.00e+00,1.00e+01
-5.00e+02,-5.00e+02,3.00e+00,1.00e+01
-5.00e+02,-5.00e+02,5.00e+00,1.00e+01
-5.00e+02,-5.00e+02,1.10e+01,1.00e+01
-5.00e+02,-5.00e+02,4.00e+00,1.00e+01
-5.00e+02,-4.99e+02,6.00e+00,1.00e+01
-5.00e+02,-5.00e+02,3.00e+00,1.00e+01
-5.00e+02,-5.00e+02,4.00e+00,1.00e+01
-4.36e+02,-2.02e+02,7.00e+00,1.00e+01
-5.00e+02,-5.00e+02,5.00e+00,1.00e+01
-5.00e+02,-5.00e+02,3.00e+00,1.00e+01
-5.00e+02,-5.00e+02,8.00e+00,1.00e+01
-5.00e+02,-5.00e+02,6.00e+00,1.00e+01
-5.00e+02,-5.00e+02,5.00e+00,1.00e+01
-5.00e+02,-4.99e+02,7.00e+00,1.00e+01
-5.00e+02,-5.00e+02,9.00e+00,1.00e+01
-5.00e+02,-5.00e+02,6.00e+00,1.00e+01
-5.00e+02,-5.00e+02,9.00e+00,1.00e+01
-5.00e+02,-5.00e+02,3.00e+00,1.00e+01
-5.00e+02,-5.00e+02,5.00e+00,1.00e+01
-5.00e+02,-5.00e+02,5.00e+00,1.00e+01
-5.00e+02,-5.00e+02,8.00e+00,1.00e+01
-4.91e+02,-4.44e+02,4.00e+00,1.00e+01
-5.00e+02,-5.00e+02,6.00e+00,1.00e+01
-5.00e+02,-5.00e+02,8.00e+00,1.00e+01
-5.00e+02,-5.00e+02,5.00e+00,1.00e+01
-5.00e+02,-5.00e+02,5.00e+00,1.00e+01
-4.37e+02,-1.48e+02,8.00e+00,1.00e+01
