4.70e+02,1.44e+03,1.70e+01,1.80e+01
8.09e+02,1.38e+03,2.00e+01,2.10e+01
4.70e+02,1.44e+03,1.70e+01,1.80e+01
6.09e+02,1.34e+03,1.80e+01,1.90e+01
7.66e+02,1.38e+03,1.90e+01,2.10e+01
8.09e+02,1.38e+03,2.00e+01,2.10e+01
4.70e+02,1.44e+03,1.70e+01,1.80e+01
8.09e+02,1.38e+03,2.00e+01,2.10e+01
8.09e+02,1.38e+03,2.00e+01,2.10e+01
4.70e+02,1.44e+03,1.70e+01,1.80e+01
1.21e+02,2.12e+02,1.90e+01,1.90e+01
4.19e+02,8.39e+02,1.70e+01,1.80e+01
6.03e+02,1.38e+03,1.90e+01,2.00e+01
7.71e+02,1.38e+03,2.10e+01,2.10e+01
4.70e+02,1.44e+03,1.70e+01,1.80e+01
4.70e+02,1.44e+03,1.70e+01,1.80e+01
5.30e+02,6.63e+02,2.10e+01,2.20e+01
1.92e+02,2.73e+02,1.70e+01,1.80e+01
1.92e+02,2.71e+02,1.70e+01,1.80e+01
4.70e+02,1.44e+03,1.80e+01,1.80e+01
8.09e+02,1.38e+03,2.00e+01,2.10e+01
2.73e+02,5.70e+02,1.70e+01,1.80e+01
1.37e+02,1.84e+02,1.80e+01,1.80e+01
2.98e+02,6.35e+02,1.70e+01,1.80e+01
7.66e+02,1.38e+03,1.90e+01,2.10e+01
1.94e+02,5.48e+02,1.90e+01,2.00e+01
2.31e+02,4.35e+02,1.70e+01,1.80e+01
3.35e+02,9.79e+02,1.70e+01,1.80e+01
6.95e+02,1.38e+03,2.00e+01,2.20e+01
2.78e+02,5.70e+02,1.80e+01,1.90e+01
9.15e+01,3.84e+02,2.10e+01,2.20e+01
2.84e+02,6.97e+02,1.80e+01,1.80e+01
5.17e+02,8.36e+02,2.00e+01,2.10e+01
4.82e+02,1.07e+03,2.10e+01,2.10e+01
6.03e+02,1.35e+03,1.80e+01,1.90e+01
6.22e+02,1.34e+03,1.90e+01,2.00e+01
2.55e+02,5.30e+02,1.70e+01,1.80e+01
3.78e+02,8.88e+02,1.70e+01,1.80e+01
1.87e+02,4.68e+02,1.80e+01,1.80e+01
2.07e+01,6.84e+01,1.80e+01,1.80e+01
-5.54e+01,4.72e+01,1.70e+01,1.80e+01
1.87e+02,4.68e+02,1.80e+01,1.80e+01
4.55e+02,1.44e+03,1.70e+01,1.80e+01
2.47e+02,5.75e+02,1.70e+01,1.80e+01
1.37e+02,1.84e+02,1.80e+01,1.80e+01
3.08e+02,5.70e+02,1.70e+01,1.80e+01
2.13e+02,4.04e+02,2.10e+01,2.10e+01
2.80e+02,5.70e+02,1.70e+01,1.80e+01
3.16e+02,7.74e+02,1.70e+01,1.80e+01
4.28e+02,1.43e+03,1.70e+01,1.80e+01
4.70e+02,1.44e+03,1.70e+01,1.80e+01
2.24e+02,4.04e+02,2.00e+01,2.10e+01
2.74e+02,7.19e+02,1.80e+01,1.90e+01
7.53e+02,1.35e+03,1.90e+01,2.10e+01
2.39e+02,4.20e+02,1.70e+01,1.80e+01
2.82e+02,8.27e+02,1.90e+01,2.10e+01
4.70e+02,1.44e+03,1.70e+01,1.80e+01
3.69e+02,1.11e+03,1.80e+01,1.90e+01
3.45e+02,7.76e+02,1.70e+01,1.80e+01
2.98e+02,6.35e+02,1.70e+01,1.80e+01
4.70e+02,1.44e+03,1.70e+01,1.80e+01
8.08e+02,1.38e+03,2.00e+01,2.10e+01
2.69e+02,4.86e+02,1.80e+01,1.90e+01
8.09e+02,1.38e+03,2.00e+01,2.10e+01
4.82e+02,1.07e+03,2.10e+01,2.10e+01
6.67e+02,1.13e+03,1.90e+01,2.10e+01
3.65e+02,1.01e+03,1.70e+01,1.80e+01
4.70e+02,1.44e+03,1.70e+01,1.80e+01
6.09e+02,1.34e+03,1.80e+01,1.90e+01
3.39e+02,1.06e+03,1.70e+01,1.80e+01
-1.29e+01,2.52e+01,2.00e+01,2.10e+01
4.86e+02,7.75e+02,1.80e+01,1.90e+01
4.51e+02,8.72e+02,1.70e+01,1.80e+01
-3.85e+01,2.17e+01,1.70e+01,1.80e+01
7.64e+02,1.38e+03,1.90e+01,2.10e+01
1.82e+02,3.58e+02,1.80e+01,1.80e+01
5.17e+02,8.36e+02,2.00e+01,2.10e+01
5.31e+01,8.75e+01,1.80e+01,1.80e+01
5.56e+02,1.36e+03,2.10e+01,2.10e+01
6.09e+02,1.34e+03,1.80e+01,1.90e+01
7.64e+02,1.38e+03,2.00e+01,2.10e+01
1.83e+02,4.29e+02,1.80e+01,1.80e+01
2.55e+02,5.30e+02,1.70e+01,1.80e+01
2.95e+02,6.02e+02,1.70e+01,1.80e+01
3.98e+02,1.18e+03,2.00e+01,2.00e+01
1.94e+02,4.78e+02,1.80e+01,1.80e+01
6.66e+02,1.41e+03,2.00e+01,2.10e+01
2.36e+02,3.98e+02,1.70e+01,1.80e+01
1.62e+02,2.70e+02,1.80e+01,1.80e+01
3.98e+02,8.39e+02,1.70e+01,1.80e+01
7.27e+02,1.35e+03,2.00e+01,2.10e+01
2.36e+02,3.98e+02,1.70e+01,1.80e+01
8.47e+01,2.74e+02,2.00e+01,2.10e+01
7.86e+02,1.38e+03,2.10e+01,2.10e+01
1.87e+02,4.68e+02,1.80e+01,1.80e+01
4.70e+02,1.44e+03,1.70e+01,1.80e+01
3.37e+02,8.62e+02,1.80e+01,1.80e+01
5.47e+02,9.21e+02,2.10e+01,2.10e+01
5.51e+02,6.63e+02,2.00e+01,2.10e+01
3.65e+02,1.01e+03,1.70e+01,1.80e+01
3.10e+02,1.02e+03,1.70e+01,1.80e+01
7.61e+02,1.37e+03,2.00e+01,2.10e+01
7.34e+02,1.38e+03,2.00e+01,2.10e+01
8.08e+02,1.38e+03,2.00e+01,2.10e+01
7.61e+02,1.38e+03,2.00e+01,2.10e+01
6.90e+02,1.37e+03,2.00e+01,2.10e+01
7.61e+02,1.38e+03,2.00e+01,2.10e+01
5.72e+02,1.21e+03,1.80e+01,1.90e+01
4.61e+02,1.11e+03,1.80e+01,1.80e+01
4.70e+02,1.44e+03,1.70e+01,1.80e+01
2.11e+02,4.66e+02,2.00e+01,2.10e+01
3.07e+02,6.28e+02,1.70e+01,1.80e+01
9.35e+00,4.90e+01,1.80e+01,1.80e+01
2.74e+02,7.19e+02,1.80e+01,1.90e+01
6.95e+02,1.38e+03,2.00e+01,2.20e+01
4.70e+02,1.44e+03,1.70e+01,1.80e+01
5.42e+02,8.27e+02,2.00e+01,2.10e+01
5.22e+02,6.40e+02,2.00e+01,2.20e+01
4.42e+02,1.44e+03,1.90e+01,1.90e+01
4.22e+02,1.44e+03,1.80e+01,1.80e+01
2.72e+02,5.76e+02,1.70e+01,1.80e+01
3.24e+02,8.66e+02,1.80e+01,1.80e+01
3.00e+02,7.15e+02,1.70e+01,1.80e+01
5.47e+02,6.63e+02,2.20e+01,2.20e+01
4.09e+02,8.39e+02,1.70e+01,1.80e+01
3.67e+02,1.11e+03,1.70e+01,1.80e+01
4.22e+02,1.44e+03,1.90e+01,1.90e+01
7.57e+01,3.75e+02,2.10e+01,2.10e+01
