-2.23e+02,-5.89e+01,1.22e+02,5.20e+01
-1.71e+02,-8.10e+01,1.25e+02,5.30e+01
-2.07e+02,-6.56e+01,1.22e+02,5.20e+01
-1.81e+02,-9.01e+01,1.31e+02,5.60e+01
-1.83e+02,-7.55e+01,1.25e+02,5.30e+01
-1.72e+02,-8.23e+01,1.27e+02,5.40e+01
-1.72e+02,-8.83e+01,1.29e+02,5.50e+01
-1.85e+02,-8.44e+01,1.28e+02,5.50e+01
-2.06e+02,-6.95e+01,1.22e+02,5.20e+01
-1.84e+02,-7.94e+01,1.29e+02,5.50e+01
-1.80e+02,-7.93e+01,1.25e+02,5.30e+01
-1.71e+02,-9.17e+01,1.27e+02,5.40e+01
-1.74e+02,-7.89e+01,1.26e+02,5.30e+01
-1.82e+02,-6.12e+01,1.22e+02,5.20e+01
-1.68e+02,-8.17e+01,1.29e+02,5.50e+01
-1.77e+02,-8.45e+01,1.25e+02,5.30e+01
-1.75e+02,-7.23e+01,1.27e+02,5.40e+01
-1.75e+02,-8.00e+01,1.26e+02,5.30e+01
-2.16e+02,-7.13e+01,1.22e+02,5.20e+01
-2.05e+02,-8.54e+01,1.22e+02,5.20e+01
-1.76e+02,-6.80e+01,1.31e+02,5.60e+01
-2.33e+02,-7.58e+01,1.23e+02,5.20e+01
-1.95e+02,-7.71e+01,1.22e+02,5.20e+01
-2.01e+02,-1.02e+02,1.27e+02,5.30e+01
-1.79e+02,-6.83e+01,1.28e+02,5.40e+01
-1.79e+02,-9.15e+01,1.29e+02,5.50e+01
-1.67e+02,-8.52e+01,1.28e+02,5.40e+01
-1.93e+02,-7.85e+01,1.23e+02,5.30e+01
-1.91e+02,-9.75e+01,1.29e+02,5.50e+01
-1.77e+02,-7.74e+01,1.30e+02,5.60e+01
-2.04e+02,-7.89e+01,1.24e+02,5.30e+01
-1.89e+02,-9.48e+01,1.27e+02,5.40e+01
-1.58e+02,-7.22e+01,1.30e+02,5.50e+01
-2.30e+02,-6.73e+01,1.25e+02,5.30e+01
-1.75e+02,-9.45e+01,1.32e+02,5.60e+01
-2.25e+02,-6.71e+01,1.23e+02,5.20e+01
-3.83e+02,-1.31e+02,1.28e+02,5.50e+01
-2.62e+02,-1.12e+02,1.27e+02,5.30e+01
-1.80e+02,-8.11e+01,1.27e+02,5.40e+01
-2.03e+02,-8.14e+01,1.23e+02,5.20e+01
-1.93e+02,-6.51e+01,1.24e+02,5.30e+01
-3.26e+02,-1.00e+02,1.30e+02,5.50e+01
-1.85e+02,-8.58e+01,1.30e+02,5.60e+01
-2.39e+02,-8.59e+01,1.23e+02,5.30e+01
-1.58e+02,-6.83e+01,1.31e+02,5.60e+01
-2.02e+02,-6.14e+01,1.23e+02,5.20e+01
-1.72e+02,-7.26e+01,1.30e+02,5.50e+01
-1.65e+02,-7.58e+01,1.28e+02,5.50e+01
-1.82e+02,-7.55e+01,1.28e+02,5.40e+01
-1.63e+02,-8.01e+01,1.30e+02,5.60e+01
-1.83e+02,-7.54e+01,1.28e+02,5.40e+01
-1.70e+02,-8.14e+01,1.30e+02,5.50e+01
-1.84e+02,-7.99e+01,1.30e+02,5.60e+01
-1.74e+02,-6.79e+01,1.28e+02,5.40e+01
-1.70e+02,-7.73e+01,1.25e+02,5.30e+01
-1.70e+02,-8.18e+01,1.26e+02,5.30e+01
-1.84e+02,-7.84e+01,1.29e+02,5.50e+01
-1.89e+02,-8.03e+01,1.25e+02,5.30e+01
-2.02e+02,-8.71e+01,1.22e+02,5.20e+01
-2.01e+02,-1.11e+02,1.35e+02,5.70e+01
-2.06e+02,-6.97e+01,1.22e+02,5.20e+01
-1.77e+02,-8.05e+01,1.29e+02,5.50e+01
-1.67e+02,-8.68e+01,1.28e+02,5.40e+01
-2.54e+02,-8.28e+01,1.29e+02,5.50e+01
-1.80e+02,-6.89e+01,1.25e+02,5.30e+01
-2.07e+02,-7.02e+01,1.24e+02,5.30e+01
-1.72e+02,-8.05e+01,1.25e+02,5.30e+01
-1.89e+02,-7.46e+01,1.22e+02,5.20e+01
-1.73e+02,-9.12e+01,1.29e+02,5.50e+01
-1.93e+02,-9.55e+01,1.30e+02,5.60e+01
-1.78e+02,-9.08e+01,1.28e+02,5.40e+01
-1.86e+02,-9.37e+01,1.29e+02,5.50e+01
-1.60e+02,-7.63e+01,1.30e+02,5.50e+01
-4.97e+02,-4.82e+02,1.25e+02,5.30e+01
-1.85e+02,-8.91e+01,1.25e+02,5.30e+01
-1.80e+02,-8.32e+01,1.25e+02,5.30e+01
-2.04e+02,-6.22e+01,1.24e+02,5.30e+01
-1.86e+02,-6.38e+01,1.22e+02,5.20e+01
-1.78e+02,-9.21e+01,1.30e+02,5.60e+01
-1.70e+02,-8.43e+01,1.27e+02,5.40e+01
-1.67e+02,-6.29e+01,1.31e+02,5.60e+01
-1.69e+02,-7.94e+01,1.29e+02,5.50e+01
-1.70e+02,-7.19e+01,1.27e+02,5.40e+01
-2.09e+02,-7.78e+01,1.22e+02,5.20e+01
-1.77e+02,-8.41e+01,1.31e+02,5.60e+01
-1.75e+02,-8.40e+01,1.29e+02,5.50e+01
-2.25e+02,-7.37e+01,1.23e+02,5.30e+01
-1.97e+02,-7.41e+01,1.23e+02,5.30e+01
-1.96e+02,-8.56e+01,1.27e+02,5.30e+01
-1.83e+02,-7.65e+01,1.29e+02,5.50e+01
-1.90e+02,-7.92e+01,1.30e+02,5.60e+01
-4.39e+02,-1.52e+02,1.22e+02,5.20e+01
-1.80e+02,-8.21e+01,1.28e+02,5.40e+01
-1.82e+02,-7.95e+01,1.26e+02,5.30e+01
-2.42e+02,-7.61e+01,1.26e+02,5.30e+01
-2.34e+02,-6.87e+01,1.22e+02,5.20e+01
-1.69e+02,-6.90e+01,1.27e+02,5.40e+01
-1.86e+02,-6.98e+01,1.27e+02,5.30e+01
-2.63e+02,-6.69e+01,1.27e+02,5.40e+01
-2.13e+02,-7.48e+01,1.23e+02,5.30e+01
-2.27e+02,-8.15e+01,1.31e+02,5.60e+01
-1.84e+02,-8.65e+01,1.28e+02,5.40e+01
-1.67e+02,-7.74e+01,1.26e+02,5.30e+01
-1.74e+02,-7.98e+01,1.29e+02,5.50e+01
-1.68e+02,-8.18e+01,1.30e+02,5.60e+01
-1.64e+02,-7.69e+01,1.29e+02,5.60e+01
-1.75e+02,-7.72e+01,1.27e+02,5.30e+01
-1.74e+02,-8.43e+01,1.29e+02,5.50e+01
-2.26e+02,-7.87e+01,1.30e+02,5.60e+01
-2.12e+02,-6.42e+01,1.22e+02,5.20e+01
-1.87e+02,-7.19e+01,1.33e+02,5.70e+01
-1.85e+02,-7.72e+01,1.27e+02,5.40e+01
-1.71e+02,-7.38e+01,1.31e+02,5.60e+01
-1.75e+02,-8.93e+01,1.26e+02,5.30e+01
-2.76e+02,-9.94e+01,1.23e+02,5.30e+01
-1.97e+02,-6.05e+01,1.23e+02,5.20e+01
-4.07e+02,-1.24e+02,1.29e+02,5.50e+01
-2.29e+02,-9.04e+01,1.23e+02,5.20e+01
-2.02e+02,-6.78e+01,1.23e+02,5.30e+01
-3.07e+02,-8.06e+01,1.26e+02,5.40e+01
-1.75e+02,-7.65e+01,1.28e+02,5.40e+01
-2.07e+02,-6.59e+01,1.22e+02,5.20e+01
-2.27e+02,-7.24e+01,1.23e+02,5.20e+01
-1.77e+02,-8.40e+01,1.25e+02,5.30e+01
-1.60e+02,-7.46e+01,1.31e+02,5.60e+01
-1.58e+02,-6.51e+01,1.27e+02,5.40e+01
-2.54e+02,-8.96e+01,1.25e+02,5.30e+01
-1.72e+02,-7.06e+01,1.29e+02,5.50e+01
-1.69e+02,-8.69e+01,1.30e+02,5.50e+01
-1.70e+02,-9.54e+01,1.25e+02,5.30e+01
-2.14e+02,-6.22e+01,1.22e+02,5.20e+01
-1.77e+02,-8.30e+01,1.31e+02,5.60e+01
-1.97e+02,-6.21e+01,1.22e+02,5.20e+01
-1.79e+02,-8.51e+01,1.27e+02,5.40e+01
-1.74e+02,-7.88e+01,1.26e+02,5.30e+01
-2.00e+02,-7.21e+01,1.23e+02,5.30e+01
-3.82e+02,-1.35e+02,1.27e+02,5.30e+01
-3.13e+02,-7.21e+01,1.23e+02,5.20e+01
-2.52e+02,-1.02e+02,1.26e+02,5.30e+01
-2.17e+02,-7.58e+01,1.23e+02,5.20e+01
-1.93e+02,-8.40e+01,1.29e+02,5.50e+01
-1.63e+02,-6.26e+01,1.29e+02,5.50e+01
-1.74e+02,-8.28e+01,1.25e+02,5.30e+01
-1.78e+02,-8.18e+01,1.27e+02,5.40e+01
-2.03e+02,-7.52e+01,1.22e+02,5.20e+01
-2.13e+02,-6.88e+01,1.23e+02,5.20e+01
-1.83e+02,-8.21e+01,1.27e+02,5.30e+01
-1.68e+02,-8.32e+01,1.25e+02,5.30e+01
-1.70e+02,-8.55e+01,1.31e+02,5.60e+01
-2.26e+02,-8.50e+01,1.22e+02,5.20e+01
-1.72e+02,-8.46e+01,1.32e+02,5.70e+01
-1.70e+02,-6.79e+01,1.29e+02,5.50e+01
-1.71e+02,-8.04e+01,1.25e+02,5.30e+01
-1.87e+02,-7.91e+01,1.24e+02,5.30e+01
-1.76e+02,-8.58e+01,1.26e+02,5.30e+01
-1.95e+02,-8.81e+01,1.26e+02,5.30e+01
-1.82e+02,-7.97e+01,1.28e+02,5.40e+01
-1.73e+02,-9.02e+01,1.28e+02,5.40e+01
-2.62e+02,-1.22e+02,1.25e+02,5.30e+01
-2.05e+02,-7.15e+01,1.23e+02,5.20e+01
-1.64e+02,-7.88e+01,1.32e+02,5.60e+01
-2.19e+02,-6.37e+01,1.23e+02,5.30e+01
-2.48e+02,-8.95e+01,1.22e+02,5.20e+01
-1.92e+02,-6.90e+01,1.24e+02,5.30e+01
-1.63e+02,-7.74e+01,1.26e+02,5.30e+01
-2.08e+02,-9.76e+01,1.23e+02,5.30e+01
-1.77e+02,-8.50e+01,1.28e+02,5.40e+01
-1.70e+02,-7.28e+01,1.29e+02,5.50e+01
-1.70e+02,-8.63e+01,1.26e+02,5.30e+01
-3.02e+02,-7.87e+01,1.32e+02,5.70e+01
-1.75e+02,-7.94e+01,1.30e+02,5.60e+01
-1.76e+02,-8.54e+01,1.26e+02,5.40e+01
-3.04e+02,-7.58e+01,1.29e+02,5.50e+01
-2.48e+02,-9.48e+01,1.25e+02,5.30e+01
-1.71e+02,-8.28e+01,1.30e+02,5.50e+01
-1.92e+02,-5.74e+01,1.23e+02,5.20e+01
-1.64e+02,-7.46e+01,1.31e+02,5.60e+01
-1.79e+02,-6.78e+01,1.26e+02,5.40e+01
-2.30e+02,-7.70e+01,1.30e+02,5.60e+01
-1.74e+02,-8.08e+01,1.25e+02,5.30e+01
-2.17e+02,-7.54e+01,1.23e+02,5.20e+01
-1.84e+02,-9.06e+01,1.27e+02,5.40e+01
-4.46e+02,-1.76e+02,1.22e+02,5.20e+01
-2.94e+02,-6.47e+01,1.26e+02,5.30e+01
-1.74e+02,-7.40e+01,1.29e+02,5.50e+01
-3.56e+02,-8.96e+01,1.26e+02,5.30e+01
-2.01e+02,-7.35e+01,1.23e+02,5.20e+01
-2.06e+02,-7.24e+01,1.23e+02,5.30e+01
-1.79e+02,-7.96e+01,1.31e+02,5.60e+01
-1.81e+02,-7.54e+01,1.23e+02,5.30e+01
-1.69e+02,-7.13e+01,1.26e+02,5.30e+01
-1.74e+02,-8.57e+01,1.26e+02,5.40e+01
