-2.76e+01,2.21e+01,1.20e+01,1.20e+01
3.53e+00,4.86e+01,1.20e+01,1.20e+01
-4.26e+00,4.72e+01,1.10e+01,1.20e+01
-4.74e+00,1.27e+02,1.20e+01,1.20e+01
-2.39e+01,4.17e+01,1.00e+01,1.20e+01
-4.33e+01,-1.97e+01,9.00e+00,1.20e+01
-3.69e+01,2.88e+01,9.00e+00,1.20e+01
-6.92e+00,9.01e+01,1.00e+01,1.20e+01
1.26e+01,5.51e+01,1.30e+01,1.20e+01
-5.23e+01,-8.09e+00,8.00e+00,1.20e+01
4.26e-01,1.05e+02,1.10e+01,1.20e+01
-2.36e+01,3.83e+01,1.00e+01,1.20e+01
-7.24e+00,5.68e+01,8.00e+00,1.20e+01
-7.44e-01,3.98e+01,1.10e+01,1.20e+01
-1.73e+01,3.54e+01,7.00e+00,1.20e+01
-1.44e+01,3.51e+01,8.00e+00,1.20e+01
5.65e+00,8.41e+01,1.00e+01,1.20e+01
-3.90e+01,4.62e+01,1.20e+01,1.20e+01
-1.94e+01,5.77e+01,1.20e+01,1.20e+01
5.08e+00,6.85e+01,1.10e+01,1.20e+01
6.76e+00,9.28e+01,1.20e+01,1.20e+01
-1.33e+01,4.80e+01,9.00e+00,1.20e+01
-3.80e+01,-7.35e+00,1.20e+01,1.20e+01
-2.40e+01,5.41e+01,9.00e+00,1.20e+01
4.32e-01,1.59e+01,1.00e+01,1.20e+01
1.36e+00,8.34e+01,1.00e+01,1.20e+01
-3.36e+01,6.35e+00,1.00e+01,1.20e+01
1.38e+01,9.40e+01,7.00e+00,1.20e+01
-6.67e+01,-6.67e+00,1.00e+01,1.20e+01
-7.93e+00,6.99e+01,1.10e+01,1.20e+01
-3.09e+01,2.51e+01,1.00e+01,1.20e+01
-9.13e+00,3.61e+01,1.10e+01,1.20e+01
2.12e+01,9.79e+01,1.60e+01,1.20e+01
-4.22e+01,-1.15e+01,6.00e+00,1.20e+01
-2.10e+00,7.63e+01,9.00e+00,1.20e+01
-5.55e+01,2.44e+01,9.00e+00,1.20e+01
-3.18e+01,5.68e+01,1.00e+01,1.20e+01
-2.59e+00,7.75e+01,9.00e+00,1.20e+01
-2.14e+01,4.62e+01,1.00e+01,1.20e+01
6.67e+00,6.58e+01,1.50e+01,1.20e+01
-4.17e+01,8.40e+01,8.00e+00,1.20e+01
-5.76e+00,5.43e+01,1.20e+01,1.20e+01
-9.14e+00,3.45e+01,1.00e+01,1.20e+01
-2.10e+01,5.45e+01,9.00e+00,1.20e+01
-4.95e+01,1.56e+01,1.10e+01,1.20e+01
-1.98e+01,7.52e+01,1.10e+01,1.20e+01
-6.91e+00,4.82e+01,1.00e+01,1.20e+01
-2.85e+01,-7.41e+00,1.00e+01,1.20e+01
-2.59e+01,4.92e+01,1.00e+01,1.20e+01
-3.14e+01,1.02e+01,9.00e+00,1.20e+01
-4.79e+01,-1.08e+01,8.00e+00,1.20e+01
-1.92e+01,3.83e+01,1.40e+01,1.20e+01
-5.98e+01,2.47e+01,7.00e+00,1.20e+01
-8.31e+00,5.82e+01,1.20e+01,1.20e+01
2.05e+00,6.58e+01,1.20e+01,1.20e+01
-2.89e+01,4.10e+01,1.30e+01,1.20e+01
-2.92e+01,3.90e+01,1.20e+01,1.20e+01
-3.29e+01,5.98e+01,1.40e+01,1.20e+01
-1.98e+01,6.41e+01,9.00e+00,1.20e+01
-1.22e+01,5.51e+01,1.10e+01,1.20e+01
-1.45e+01,4.03e+01,1.50e+01,1.20e+01
-2.21e+01,3.35e+01,1.30e+01,1.20e+01
-1.86e+01,3.72e+01,1.20e+01,1.20e+01
-3.22e+01,6.18e+01,1.30e+01,1.20e+01
5.39e+00,9.30e+01,1.30e+01,1.20e+01
-3.42e+01,4.14e+01,1.10e+01,1.20e+01
-4.53e+01,1.71e+01,7.00e+00,1.20e+01
-4.29e+01,-1.62e+01,7.00e+00,1.20e+01
-6.64e+00,3.65e+01,1.10e+01,1.20e+01
-9.45e+00,4.25e+01,1.20e+01,1.20e+01
4.67e-02,8.90e+01,1.40e+01,1.20e+01
5.99e+00,8.64e+01,1.60e+01,1.20e+01
-5.28e+00,7.27e+01,8.00e+00,1.20e+01
-2.96e+01,2.42e+01,8.00e+00,1.20e+01
-1.20e+01,5.66e+01,1.40e+01,1.20e+01
-3.05e+00,7.36e+01,1.30e+01,1.20e+01
-1.62e+01,7.59e+01,1.10e+01,1.20e+01
-2.70e+01,6.17e+01,1.00e+01,1.20e+01
-6.43e+01,-4.09e+00,9.00e+00,1.20e+01
-3.75e+00,6.20e+01,1.20e+01,1.20e+01
-5.73e+00,6.21e+01,1.30e+01,1.20e+01
1.70e+00,6.23e+01,1.50e+01,1.20e+01
-1.56e+01,9.48e+01,1.10e+01,1.20e+01
-1.16e+01,1.21e+02,8.00e+00,1.20e+01
1.95e+01,8.30e+01,1.70e+01,1.20e+01
-1.79e+01,3.61e+01,1.10e+01,1.20e+01
-1.59e+01,2.21e+01,1.00e+01,1.20e+01
-2.12e+01,5.08e+01,1.10e+01,1.20e+01
5.53e+00,1.08e+02,1.40e+01,1.20e+01
5.95e+00,8.86e+01,1.20e+01,1.20e+01
-4.56e+01,2.67e+01,1.30e+01,1.20e+01
-2.55e+01,3.77e+01,1.30e+01,1.20e+01
-5.84e+00,5.22e+01,1.30e+01,1.20e+01
1.77e+01,7.74e+01,1.50e+01,1.20e+01
-2.52e+01,7.42e+01,1.50e+01,1.20e+01
-2.55e+01,7.33e+01,1.10e+01,1.20e+01
-1.66e+00,1.52e+02,8.00e+00,1.20e+01
-3.11e+00,2.00e+01,1.10e+01,1.20e+01
-5.95e+00,1.36e+02,1.30e+01,1.20e+01
-9.94e+00,3.62e+01,1.40e+01,1.20e+01
2.35e+01,7.19e+01,1.10e+01,1.20e+01
-5.30e+01,-1.06e+01,8.00e+00,1.20e+01
-5.48e+00,4.73e+01,1.00e+01,1.20e+01
5.97e+00,5.85e+01,1.50e+01,1.20e+01
-1.45e+01,3.49e+01,1.10e+01,1.20e+01
2.13e+00,1.40e+02,1.30e+01,1.20e+01
-3.45e+01,2.39e+01,1.10e+01,1.20e+01
3.12e+00,6.34e+01,1.20e+01,1.20e+01
1.36e+01,9.04e+01,1.50e+01,1.20e+01
5.19e+01,1.77e+02,1.40e+01,1.20e+01
-3.52e+01,-1.55e+01,9.00e+00,1.20e+01
-2.57e+00,9.06e+01,1.20e+01,1.20e+01
-2.73e+01,9.24e+00,1.20e+01,1.20e+01
1.79e+01,7.50e+01,1.10e+01,1.20e+01
-2.93e+01,2.46e+01,1.00e+01,1.20e+01
6.65e+00,1.28e+02,1.20e+01,1.20e+01
-3.63e+01,1.99e+01,1.20e+01,1.20e+01
-3.85e+01,3.55e+01,1.00e+01,1.20e+01
-2.10e+01,2.86e+01,1.00e+01,1.20e+01
-6.10e+01,-2.77e+01,9.00e+00,1.20e+01
-1.96e+01,1.15e+02,1.00e+01,1.20e+01
1.95e+01,6.10e+01,1.50e+01,1.20e+01
8.27e+00,4.91e+01,1.20e+01,1.20e+01
-4.73e+01,3.34e+01,1.10e+01,1.20e+01
-7.06e+00,8.18e+01,7.00e+00,1.20e+01
2.67e+01,1.42e+02,1.10e+01,1.20e+01
-7.83e+00,6.73e+01,1.10e+01,1.20e+01
-2.74e+01,3.93e+01,1.10e+01,1.20e+01
