-6.58e+01,-2.89e+01,2.80e+01,3.10e+01
-6.26e+01,-2.91e+01,2.60e+01,3.00e+01
-4.19e+01,-1.87e+01,2.80e+01,3.00e+01
-4.67e+01,-8.26e+00,2.70e+01,3.10e+01
-6.83e+01,-3.39e+01,2.60e+01,3.00e+01
-7.15e+01,-2.93e+01,2.80e+01,3.10e+01
-6.84e+01,-2.70e+01,2.70e+01,3.00e+01
-4.53e+01,-1.50e+01,3.00e+01,3.20e+01
-6.83e+01,-2.14e+01,2.70e+01,3.10e+01
-4.60e+01,-1.51e+01,2.60e+01,3.00e+01
-6.64e+01,-2.89e+01,3.00e+01,3.20e+01
-6.26e+01,-1.93e+01,2.80e+01,3.10e+01
-7.63e+01,-3.45e+01,2.80e+01,3.10e+01
-3.93e+01,-2.76e+01,2.80e+01,3.20e+01
-4.49e+01,-2.72e+01,2.80e+01,3.10e+01
-7.56e+01,-3.83e+01,2.60e+01,3.00e+01
-4.11e+01,-2.28e+01,2.90e+01,3.20e+01
-3.82e+01,-2.85e+01,2.80e+01,3.00e+01
-5.37e+01,-2.46e+01,2.80e+01,3.20e+01
-4.06e+01,-2.24e+01,2.70e+01,3.10e+01
-6.49e+01,-1.58e+01,2.70e+01,3.10e+01
-5.50e+01,-4.33e+01,2.90e+01,3.20e+01
-3.57e+01,-2.28e+01,2.60e+01,3.00e+01
-4.95e+01,-1.59e+01,2.90e+01,3.20e+01
-6.39e+01,-2.96e+01,2.70e+01,3.00e+01
-5.52e+01,-1.92e+01,2.70e+01,3.00e+01
-7.88e+01,-1.46e+01,2.70e+01,3.10e+01
-7.18e+01,-1.88e+01,2.80e+01,3.10e+01
-4.63e+01,-2.17e+01,2.70e+01,3.00e+01
-8.01e+01,-3.35e+01,2.80e+01,3.10e+01
-4.75e+01,-3.08e+01,2.70e+01,3.00e+01
-4.85e+01,-1.88e+01,2.60e+01,3.00e+01
-6.10e+01,-4.14e+01,2.60e+01,3.00e+01
-5.61e+01,-1.41e+01,2.60e+01,3.00e+01
-5.68e+01,-2.45e+01,2.80e+01,3.00e+01
-5.74e+01,-1.87e+01,2.80e+01,3.20e+01
-5.44e+01,-1.74e+01,2.80e+01,3.00e+01
-3.91e+01,-2.02e+01,2.80e+01,3.10e+01
-5.65e+01,-2.61e+01,2.90e+01,3.20e+01
-4.11e+01,-2.63e+01,2.70e+01,3.10e+01
-6.55e+01,-2.19e+01,2.90e+01,3.20e+01
-5.62e+01,-2.74e+01,2.80e+01,3.10e+01
-6.93e+01,-2.59e+01,2.90e+01,3.00e+01
-3.68e+01,-2.45e+01,2.80e+01,3.10e+01
-6.37e+01,-2.39e+01,3.00e+01,3.10e+01
-6.50e+01,-3.73e+01,2.70e+01,3.00e+01
-4.06e+01,-2.27e+01,2.90e+01,3.20e+01
-6.60e+01,-2.87e+01,2.80e+01,3.00e+01
-6.24e+01,-3.73e+01,2.90e+01,3.10e+01
-4.28e+01,-1.38e+01,2.70e+01,3.00e+01
-5.87e+01,-1.35e+01,2.70e+01,3.10e+01
-5.23e+01,-3.32e+01,3.00e+01,3.20e+01
-4.55e+01,-1.10e+01,2.90e+01,3.10e+01
-7.33e+01,-2.73e+01,2.60e+01,3.00e+01
-2.97e+01,-2.22e+01,2.90e+01,3.10e+01
-5.39e+01,-3.01e+01,2.90e+01,3.10e+01
-5.67e+01,-2.27e+01,2.90e+01,3.10e+01
-7.19e+01,-2.77e+01,2.80e+01,3.00e+01
-4.56e+01,-2.24e+01,2.90e+01,3.10e+01
-4.00e+01,-1.26e+01,2.80e+01,3.00e+01
-6.63e+01,-2.24e+01,2.80e+01,3.10e+01
-4.70e+01,-3.39e+01,2.80e+01,3.10e+01
-4.19e+01,-2.81e+01,2.80e+01,3.10e+01
-6.24e+01,-2.37e+01,2.90e+01,3.10e+01
-3.62e+01,-1.44e+01,2.80e+01,3.00e+01
-3.68e+01,-2.73e+01,2.70e+01,3.00e+01
-6.92e+01,-3.21e+01,2.80e+01,3.20e+01
-4.67e+01,-1.51e+01,2.90e+01,3.20e+01
-3.32e+01,-7.42e+00,2.70e+01,3.00e+01
-3.68e+01,-1.41e+01,2.80e+01,3.10e+01
-5.73e+01,-1.65e+01,2.90e+01,3.10e+01
-6.41e+01,-2.65e+01,3.00e+01,3.20e+01
-4.70e+01,-2.76e+01,2.70e+01,3.10e+01
-4.60e+01,-2.43e+01,2.80e+01,3.00e+01
-4.96e+01,-2.78e+01,2.80e+01,3.10e+01
-5.37e+01,-2.02e+01,2.70e+01,3.10e+01
-5.79e+01,-2.41e+01,2.80e+01,3.00e+01
-4.44e+01,-1.38e+01,2.90e+01,3.10e+01
-6.12e+01,-3.99e+01,2.90e+01,3.00e+01
-5.31e+01,-1.60e+01,2.70e+01,3.00e+01
-3.64e+01,-9.73e+00,2.90e+01,3.10e+01
-4.06e+01,-1.30e+01,2.80e+01,3.10e+01
-6.36e+01,-1.37e+01,3.10e+01,3.30e+01
-6.46e+01,-1.49e+01,2.70e+01,3.10e+01
-7.86e+01,-3.56e+01,2.70e+01,3.10e+01
-4.24e+01,-1.74e+01,2.80e+01,3.20e+01
-7.16e+01,-4.52e+01,2.80e+01,3.10e+01
-8.27e+01,-2.66e+01,2.70e+01,3.10e+01
-4.45e+01,-1.96e+01,2.80e+01,3.10e+01
-6.58e+01,-1.05e+01,2.70e+01,3.00e+01
-5.33e+01,-3.48e+01,2.80e+01,3.10e+01
-4.51e+01,-2.19e+01,2.90e+01,3.20e+01
-4.40e+01,-1.98e+01,2.80e+01,3.00e+01
-5.06e+01,-2.76e+01,2.70e+01,3.00e+01
-3.27e+01,-1.53e+01,2.70e+01,3.00e+01
-4.34e+01,-3.47e+01,2.90e+01,3.20e+01
-5.04e+01,-2.79e+01,2.60e+01,3.00e+01
-4.52e+01,-2.66e+01,2.60e+01,3.00e+01
-3.01e+01,-1.76e+01,2.80e+01,3.10e+01
-6.85e+01,-1.77e+01,2.80e+01,3.10e+01
-2.88e+01,-8.17e+00,2.80e+01,3.10e+01
-6.71e+01,-2.66e+01,2.90e+01,3.10e+01
-5.45e+01,-3.74e+01,2.80e+01,3.10e+01
-7.23e+01,-3.21e+01,2.80e+01,3.10e+01
-4.71e+01,-2.48e+01,2.70e+01,3.00e+01
-4.16e+01,-1.93e+01,2.80e+01,3.00e+01
-5.66e+01,-2.98e+01,2.70e+01,3.10e+01
-7.15e+01,-3.32e+01,3.00e+01,3.20e+01
-7.05e+01,-2.88e+01,2.70e+01,3.10e+01
-5.53e+01,-1.92e+01,2.80e+01,3.10e+01
-4.75e+01,-3.25e+01,2.80e+01,3.00e+01
-6.32e+01,-3.18e+01,2.90e+01,3.00e+01
-4.28e+01,-2.43e+01,2.70e+01,3.10e+01
-5.93e+01,-6.65e+00,3.20e+01,3.30e+01
-4.78e+01,-2.13e+01,2.90e+01,3.00e+01
-7.17e+01,-4.02e+01,2.90e+01,3.10e+01
-6.60e+01,-1.18e+01,2.90e+01,3.20e+01
-4.97e+01,-1.73e+01,2.80e+01,3.20e+01
-4.67e+01,-1.89e+01,3.00e+01,3.20e+01
-3.92e+01,-2.33e+01,2.90e+01,3.10e+01
-4.69e+01,-2.13e+01,2.90e+01,3.20e+01
-4.97e+01,-1.43e+01,2.80e+01,3.10e+01
-6.34e+01,-3.38e+01,2.90e+01,3.00e+01
-2.99e+01,-1.37e+01,2.80e+01,3.10e+01
-3.99e+01,-1.62e+01,2.80e+01,3.10e+01
-3.54e+01,-1.85e+01,2.80e+01,3.10e+01
-3.96e+01,-1.67e+01,2.80e+01,3.10e+01
-4.01e+01,-1.60e+01,2.80e+01,3.10e+01
