-5.00e+02,-5.00e+02,1.00e+00,1.00e+01
-5.00e+02,-5.00e+02,2.00e+00,1.00e+01
-5.00e+02,-5.00e+02,6.00e+00,1.00e+01
-5.00e+02,-5.00e+02,5.00e+00,1.00e+01
-5.00e+02,-5.00e+02,1.00e+00,1.00e+01
-5.00e+02,-5.00e+02,3.00e+00,1.00e+01
-5.00e+02,-5.00e+02,5.00e+00,1.00e+01
-5.00e+02,-5.00e+02,6.00e+00,1.00e+01
-5.00e+02,-5.00e+02,6.00e+00,1.00e+01
-5.00e+02,-5.00e+02,7.00e+00,1.00e+01
-5.00e+02,-5.00e+02,6.00e+00,1.00e+01
-5.00e+02,-4.98e+02,5.00e+00,1.00e+01
-4.81e+02,-3.84e+02,4.00e+00,1.00e+01
-5.00e+02,-5.00e+02,7.00e+00,1.00e+01
-5.00e+02,-5.00e+02,2.00e+00,1.00e+01
-5.00e+02,-5.00e+02,1.10e+01,1.00e+01
-5.00e+02,-5.00e+02,1.00e+00,1.00e+01
-5.00e+02,-5.00e+02,8.00e+00,1.00e+01
-5.00e+02,-5.00e+02,4.00e+00,1.00e+01
-5.00e+02,-5.00e+02,7.00e+00,1.00e+01
-5.00e+02,-5.00e+02,8.00e+00,1.00e+01
-5.00e+02,-5.00e+02,7.00e+00,1.00e+01
-5.00e+02,-5.00e+02,5.00e+00,1.00e+01
-5.00e+02,-5.00e+02,3.00e+00,1.00e+01
-5.00e+02,-4.99e+02,4.00e+00,1.00e+01
-5.00e+02,-5.00e+02,4.00e+00,1.00e+01
-5.00e+02,-4.99e+02,4.00e+00,1.00e+01
-5.00e+02,-4.99e+02,4.00e+00,1.00e+01
-5.00e+02,-5.00e+02,5.00e+00,1.00e+01
-5.00e+02,-5.00e+02,6.00e+00,1.00e+01
-5.00e+02,-5.00e+02,7.00e+00,1.00e+01
-4.99e+02,-4.96e+02,3.00e+00,1.00e+01
-5.00e+02,-5.00e+02,2.00e+00,1.00e+01
-4.99e+02,-4.93e+02,4.00e+00,1.00e+01
-5.00e+02,-5.00e+02,5.00e+00,1.00e+01
-5.00e+02,-4.99e+02,5.00e+00,1.00e+01
-5.00e+02,-5.00e+02,5.00e+00,1.00e+01
-5.00e+02,-5.00e+02,4.00e+00,1.00e+01
-5.00e+02,-5.00e+02,7.00e+00,1.00e+01
-5.00e+02,-5.00e+02,5.00e+00,1.00e+01
-5.00e+02,-5.00e+02,3.00e+00,1.00e+01
-5.00e+02,-5.00e+02,5.00e+00,1.00e+01
-5.00e+02,-5.00e+02,6.00e+00,1.00e+01
-5.00e+02,-5.00e+02,5.00e+00,1.00e+01
-4.97e+02,-4.83e+02,6.00e+00,1.00e+01
-5.00e+02,-5.00e+02,1.00e+00,1.00e+01
-4.34e+02,-3.03e+02,7.00e+00,1.00e+01
-5.00e+02,-5.00e+02,6.00e+00,1.00e+01
-4.95e+02,-4.73e+02,3.00e+00,1.00e+01
-5.00e+02,-5.00e+02,2.00e+00,1.00e+01
-5.00e+02,-4.99e+02,4.00e+00,1.00e+01
-5.00e+02,-5.00e+02,5.00e+00,1.00e+01
-5.00e+02,-4.98e+02,2.00e+00,1.00e+01
-5.00e+02,-4.99e+02,7.00e+00,1.00e+01
-5.00e+02,-5.00e+02,4.00e+00,1.00e+01
-5.00e+02,-5.00e+02,1.00e+00,1.00e+01
-5.00e+02,-5.00e+02,2.00e+00,1.00e+01
-4.57e+02,-2.42e+02,5.00e+00,1.00e+01
-5.00e+02,-5.00e+02,3.00e+00,1.00e+01
-5.00e+02,-5.00e+02,2.00e+00,1.00e+01
-5.00e+02,-5.00e+02,5.00e+00,1.00e+01
-5.00e+02,-5.00e+02,4.00e+00,1.00e+01
-5.00e+02,-5.00e+02,2.00e+00,1.00e+01
-5.00e+02,-5.00e+02,3.00e+00,1.00e+01
-5.00e+02,-5.00e+02,4.00e+00,1.00e+01
-5.00e+02,-5.00e+02,6.00e+00,1.00e+01
-5.00e+02,-5.00e+02,4.00e+00,1.00e+01
-5.00e+02,-5.00e+02,5.00e+00,1.00e+01
-4.99e+02,-4.96e+02,4.00e+00,1.00e+01
-5.00e+02,-5.00e+02,5.00e+00,1.00e+01
-4.82e+02,-3.91e+02,5.00e+00,1.00e+01
-5.00e+02,-5.00e+02,5.00e+00,1.00e+01
-5.00e+02,-5.00e+02,4.00e+00,1.00e+01
-5.00e+02,-5.00e+02,5.00e+00,1.00e+01
-5.00e+02,-5.00e+02,3.00e+00,1.00e+01
-5.00e+02,-5.00e+02,5.00e+00,1.00e+01
-5.00e+02,-5.00e+02,6.00e+00,1.00e+01
-5.00e+02,-5.00e+02,6.00e+00,1.00e+01
-5.00e+02,-5.00e+02,4.00e+00,1.00e+01
-5.00e+02,-5.00e+02,5.00e+00,1.00e+01
-5.00e+02,-5.00e+02,4.00e+00,1.00e+01
-5.00e+02,-5.00e+02,6.00e+00,1.00e+01
-5.00e+02,-5.00e+02,4.00e+00,1.00e+01
-5.00e+02,-5.00e+02,4.00e+00,1.00e+01
-5.00e+02,-5.00e+02,7.00e+00,1.00e+01
-5.00e+02,-5.00e+02,1.00e+00,1.00e+01
-5.00e+02,-5.00e+02,2.00e+00,1.00e+01
-5.00e+02,-5.00e+02,5.00e+00,1.00e+01
-5.00e+02,-5.00e+02,1.00e+00,1.00e+01
-5.00e+02,-5.00e+02,2.00e+00,1.00e+01
-5.00e+02,-5.00e+02,3.00e+00,1.00e+01
-5.00e+02,-5.00e+02,3.00e+00,1.00e+01
-5.00e+02,-5.00e+02,3.00e+00,1.00e+01
-5.00e+02,-5.00e+02,2.00e+00,1.00e+01
-5.00e+02,-5.00e+02,3.00e+00,1.00e+01
-5.00e+02,-5.00e+02,2.00e+00,1.00e+01
-5.00e+02,-5.00e+02,2.00e+00,1.00e+01
-5.00e+02,-5.00e+02,4.00e+00,1.00e+01
-5.00e+02,-5.00e+02,4.00e+00,1.00e+01
-5.00e+02,-5.00e+02,5.00e+00,1.00e+01
-5.00e+02,-5.00e+02,5.00e+00,1.00e+01
-5.00e+02,-5.00e+02,3.00e+00,1.00e+01
-4.99e+02,-4.95e+02,5.00e+00,1.00e+01
-4.40e+02,-2.38e+02,4.00e+00,1.00e+01
-5.00e+02,-5.00e+02,3.00e+00,1.00e+01
-5.00e+02,-5.00e+02,3.00e+00,1.00e+01
-5.00e+02,-5.00e+02,3.00e+00,1.00e+01
-4.77e+02,-3.59e+02,6.00e+00,1.00e+01
-5.00e+02,-5.00e+02,5.00e+00,1.00e+01
-5.00e+02,-5.00e+02,4.00e+00,1.00e+01
-5.00e+02,-5.00e+02,1.00e+00,1.00e+01
-5.00e+02,-5.00e+02,3.00e+00,1.00e+01
-5.00e+02,-5.00e+02,2.00e+00,1.00e+01
-5.00e+02,-5.00e+02,2.00e+00,1.00e+01
-5.00e+02,-5.00e+02,5.00e+00,1.00e+01
-5.00e+02,-5.00e+02,3.00e+00,1.00e+01
-5.00e+02,-5.00e+02,3.00e+00,1.00e+01
-5.00e+02,-4.97e+02,4.00e+00,1.00e+01
-5.00e+02,-5.00e+02,5.00e+00,1.00e+01
-5.00e+02,-5.00e+02,4.00e+00,1.00e+01
-5.00e+02,-5.00e+02,5.00e+00,1.00e+01
-5.00e+02,-5.00e+02,3.00e+00,1.00e+01
-5.00e+02,-5.00e+02,4.00e+00,1.00e+01
-5.00e+02,-5.00e+02,3.00e+00,1.00e+01
-5.00e+02,-5.00e+02,5.00e+00,1.00e+01
-5.00e+02,-5.00e+02,4.00e+00,1.00e+01
-5.00e+02,-5.00e+02,1.00e+00,1.00e+01
-5.00e+02,-5.00e+02,3.00e+00,1.00e+01
-5.00e+02,-5.00e+02,1.00e+00,1.00e+01
-5.00e+02,-5.00e+02,5.00e+00,1.00e+01
-5.00e+02,-5.00e+02,6.00e+00,1.00e+01
-5.00e+02,-5.00e+02,6.00e+00,1.00e+01
-5.00e+02,-5.00e+02,5.00e+00,1.00e+01
-5.00e+02,-5.00e+02,8.00e+00,1.00e+01
-5.00e+02,-5.00e+02,5.00e+00,1.00e+01
-5.00e+02,-5.00e+02,4.00e+00,1.00e+01
-4.99e+02,-4.96e+02,4.00e+00,1.00e+01
-5.00e+02,-5.00e+02,4.00e+00,1.00e+01
-4.79e+02,-3.72e+02,3.00e+00,1.00e+01
-4.96e+02,-4.76e+02,2.00e+00,1.00e+01
-5.00e+02,-4.99e+02,5.00e+00,1.00e+01
-4.63e+02,-2.85e+02,4.00e+00,1.00e+01
-5.00e+02,-5.00e+02,3.00e+00,1.00e+01
-5.00e+02,-5.00e+02,8.00e+00,1.00e+01
-5.00e+02,-5.00e+02,4.00e+00,1.00e+01
-5.00e+02,-5.00e+02,2.00e+00,1.00e+01
-5.00e+02,-5.00e+02,6.00e+00,1.00e+01
-5.00e+02,-5.00e+02,3.00e+00,1.00e+01
-5.00e+02,-5.00e+02,3.00e+00,1.00e+01
-5.00e+02,-5.00e+02,3.00e+00,1.00e+01
-5.00e+02,-5.00e+02,3.00e+00,1.00e+01
-5.00e+02,-5.00e+02,6.00e+00,1.00e+01
-5.00e+02,-5.00e+02,1.00e+00,1.00e+01
-5.00e+02,-5.00e+02,0.00e+00,1.00e+01
-4.61e+02,-2.89e+02,3.00e+00,1.00e+01
-5.00e+02,-5.00e+02,3.00e+00,1.00e+01
-5.00e+02,-5.00e+02,3.00e+00,1.00e+01
-5.00e+02,-5.00e+02,6.00e+00,1.00e+01
-5.00e+02,-5.00e+02,9.00e+00,1.00e+01
-5.00e+02,-5.00e+02,6.00e+00,1.00e+01
-5.00e+02,-4.97e+02,4.00e+00,1.00e+01
-5.00e+02,-5.00e+02,3.00e+00,1.00e+01
-5.00e+02,-5.00e+02,8.00e+00,1.00e+01
-5.00e+02,-5.00e+02,5.00e+00,1.00e+01
-5.00e+02,-5.00e+02,1.00e+00,1.00e+01
-4.99e+02,-4.96e+02,8.00e+00,1.00e+01
-5.00e+02,-5.00e+02,4.00e+00,1.00e+01
-5.00e+02,-5.00e+02,3.00e+00,1.00e+01
-5.00e+02,-5.00e+02,4.00e+00,1.00e+01
-5.00e+02,-4.98e+02,3.00e+00,1.00e+01
-4.85e+02,-4.10e+02,5.00e+00,1.00e+01
-5.00e+02,-5.00e+02,2.00e+00,1.00e+01
-5.00e+02,-5.00e+02,4.00e+00,1.00e+01
-5.00e+02,-5.00e+02,6.00e+00,1.00e+01
-5.00e+02,-4.98e+02,4.00e+00,1.00e+01
-5.00e+02,-5.00e+02,3.00e+00,1.00e+01
-5.00e+02,-5.00e+02,6.00e+00,1.00e+01
-5.00e+02,-4.99e+02,6.00e+00,1.00e+01
-5.00e+02,-5.00e+02,5.00e+00,1.00e+01
-5.00e+02,-5.00e+02,5.00e+00,1.00e+01
-5.00e+02,-5.00e+02,3.00e+00,1.00e+01
-5.00e+02,-5.00e+02,3.00e+00,1.00e+01
-5.00e+02,-5.00e+02,6.00e+00,1.00e+01
-5.00e+02,-5.00e+02,4.00e+00,1.00e+01
-5.00e+02,-5.00e+02,8.00e+00,1.00e+01
-5.00e+02,-5.00e+02,4.00e+00,1.00e+01
-5.00e+02,-5.00e+02,6.00e+00,1.00e+01
-5.00e+02,-5.00e+02,1.00e+00,1.00e+01
-4.99e+02,-4.92e+02,3.00e+00,1.00e+01
-5.00e+02,-5.00e+02,2.00e+00,1.00e+01
-5.00e+02,-5.00e+02,5.00e+00,1.00e+01
-5.00e+02,-5.00e+02,3.00e+00,1.00e+01
