-1.39e+02,-5.88e+01,4.50e+01,1.90e+01
-1.45e+02,-6.14e+01,3.80e+01,1.70e+01
-1.34e+02,-5.22e+01,3.80e+01,1.70e+01
-1.35e+02,-5.17e+01,4.20e+01,1.70e+01
-1.42e+02,-5.20e+01,3.90e+01,1.70e+01
-1.36e+02,-4.17e+01,4.00e+01,1.70e+01
-1.49e+02,-4.90e+01,3.80e+01,1.70e+01
-1.34e+02,-4.23e+01,3.90e+01,1.70e+01
-1.55e+02,-5.92e+01,4.10e+01,1.70e+01
-1.41e+02,-5.59e+01,3.80e+01,1.70e+01
-1.47e+02,-5.92e+01,3.90e+01,1.70e+01
-1.39e+02,-4.71e+01,4.10e+01,1.70e+01
-1.37e+02,-5.27e+01,3.80e+01,1.70e+01
-1.39e+02,-4.96e+01,4.00e+01,1.70e+01
-1.38e+02,-5.46e+01,3.90e+01,1.70e+01
-1.47e+02,-6.04e+01,4.20e+01,1.70e+01
-1.40e+02,-4.79e+01,3.80e+01,1.70e+01
-1.34e+02,-4.56e+01,3.90e+01,1.70e+01
-1.40e+02,-5.27e+01,4.10e+01,1.80e+01
-1.41e+02,-5.67e+01,4.00e+01,1.70e+01
-1.34e+02,-4.72e+01,4.40e+01,1.90e+01
-1.42e+02,-5.94e+01,3.80e+01,1.70e+01
-1.38e+02,-5.07e+01,3.90e+01,1.70e+01
-1.43e+02,-5.13e+01,4.20e+01,1.90e+01
-1.38e+02,-5.37e+01,4.50e+01,1.90e+01
-1.44e+02,-5.71e+01,3.80e+01,1.70e+01
-1.39e+02,-5.47e+01,3.90e+01,1.80e+01
-1.42e+02,-6.22e+01,4.10e+01,1.70e+01
-1.42e+02,-5.21e+01,4.40e+01,1.90e+01
-1.37e+02,-4.90e+01,3.90e+01,1.70e+01
-1.38e+02,-4.59e+01,3.90e+01,1.80e+01
-1.37e+02,-5.57e+01,4.60e+01,1.90e+01
-1.50e+02,-5.18e+01,4.30e+01,1.70e+01
-1.44e+02,-5.52e+01,3.80e+01,1.70e+01
-1.41e+02,-5.82e+01,4.00e+01,1.70e+01
-1.39e+02,-4.90e+01,4.00e+01,1.70e+01
-1.36e+02,-5.27e+01,3.90e+01,1.70e+01
-1.41e+02,-5.57e+01,4.10e+01,1.70e+01
-1.46e+02,-5.18e+01,4.50e+01,1.90e+01
-1.39e+02,-4.78e+01,3.90e+01,1.80e+01
-1.38e+02,-5.04e+01,4.20e+01,1.70e+01
-1.36e+02,-5.73e+01,4.20e+01,1.70e+01
-1.38e+02,-3.91e+01,3.90e+01,1.70e+01
-1.40e+02,-5.26e+01,4.50e+01,1.90e+01
-2.83e+02,-6.14e+01,3.80e+01,1.70e+01
-1.41e+02,-5.44e+01,4.30e+01,1.80e+01
-2.26e+02,-6.41e+01,4.60e+01,2.00e+01
-1.35e+02,-4.39e+01,3.90e+01,1.70e+01
-1.38e+02,-5.40e+01,3.90e+01,1.70e+01
-1.60e+02,-6.82e+01,4.20e+01,1.70e+01
-1.43e+02,-5.49e+01,4.60e+01,1.90e+01
-1.54e+02,-7.47e+01,4.30e+01,1.70e+01
-1.41e+02,-5.48e+01,3.90e+01,1.70e+01
-1.35e+02,-4.68e+01,3.80e+01,1.70e+01
-4.43e+02,-1.71e+02,4.20e+01,1.70e+01
-1.38e+02,-5.13e+01,4.60e+01,1.90e+01
-1.35e+02,-5.29e+01,4.60e+01,1.90e+01
-1.35e+02,-4.86e+01,4.50e+01,1.90e+01
-1.41e+02,-5.39e+01,4.00e+01,1.70e+01
-1.44e+02,-6.10e+01,3.90e+01,1.80e+01
-1.41e+02,-4.41e+01,4.00e+01,1.70e+01
-1.37e+02,-5.18e+01,3.80e+01,1.70e+01
-1.33e+02,-4.90e+01,4.30e+01,1.80e+01
-3.34e+02,-9.87e+01,3.90e+01,1.70e+01
-1.38e+02,-4.87e+01,3.80e+01,1.70e+01
-1.36e+02,-5.22e+01,3.80e+01,1.70e+01
-1.38e+02,-4.82e+01,4.20e+01,1.70e+01
-1.41e+02,-5.19e+01,3.80e+01,1.70e+01
-1.38e+02,-4.93e+01,4.20e+01,1.70e+01
-1.47e+02,-6.07e+01,3.80e+01,1.70e+01
-1.51e+02,-6.22e+01,4.50e+01,1.90e+01
-5.00e+02,-5.00e+02,4.50e+01,1.90e+01
-1.53e+02,-4.86e+01,3.90e+01,1.70e+01
-1.53e+02,-6.32e+01,4.60e+01,1.90e+01
-1.44e+02,-5.64e+01,4.40e+01,1.90e+01
-1.38e+02,-5.27e+01,3.80e+01,1.70e+01
-1.50e+02,-5.81e+01,3.80e+01,1.70e+01
-1.40e+02,-5.63e+01,3.80e+01,1.70e+01
-1.94e+02,-1.01e+02,3.80e+01,1.70e+01
-1.39e+02,-5.25e+01,4.10e+01,1.70e+01
-1.43e+02,-5.63e+01,3.80e+01,1.70e+01
-1.36e+02,-5.50e+01,4.20e+01,1.70e+01
-1.91e+02,-6.05e+01,4.50e+01,1.90e+01
-1.37e+02,-4.75e+01,3.90e+01,1.70e+01
-1.42e+02,-4.91e+01,4.00e+01,1.70e+01
-1.36e+02,-4.94e+01,3.90e+01,1.70e+01
-1.42e+02,-4.81e+01,4.50e+01,1.90e+01
-1.48e+02,-6.81e+01,4.00e+01,1.70e+01
-4.95e+02,-4.71e+02,4.10e+01,1.70e+01
-2.50e+02,-5.91e+01,3.80e+01,1.70e+01
-1.36e+02,-5.05e+01,4.50e+01,1.90e+01
-1.37e+02,-4.55e+01,3.90e+01,1.70e+01
-1.35e+02,-4.83e+01,4.60e+01,2.00e+01
-1.79e+02,-6.83e+01,4.50e+01,1.90e+01
-1.46e+02,-5.69e+01,3.90e+01,1.80e+01
-1.37e+02,-5.06e+01,3.90e+01,1.70e+01
-1.47e+02,-6.51e+01,4.10e+01,1.70e+01
-1.51e+02,-6.28e+01,3.80e+01,1.70e+01
-1.55e+02,-5.85e+01,3.90e+01,1.70e+01
-1.47e+02,-6.72e+01,3.90e+01,1.70e+01
-1.42e+02,-5.14e+01,3.90e+01,1.70e+01
-1.35e+02,-4.85e+01,4.30e+01,1.70e+01
-4.24e+02,-6.77e+01,4.20e+01,1.70e+01
-1.51e+02,-6.35e+01,4.00e+01,1.70e+01
-1.37e+02,-5.24e+01,3.90e+01,1.70e+01
-1.44e+02,-5.09e+01,4.50e+01,1.90e+01
-1.35e+02,-5.42e+01,4.70e+01,2.00e+01
-1.60e+02,-5.18e+01,3.80e+01,1.70e+01
-1.40e+02,-5.38e+01,4.60e+01,1.90e+01
-1.35e+02,-5.22e+01,4.10e+01,1.70e+01
-1.42e+02,-4.74e+01,4.60e+01,1.90e+01
-5.00e+02,-5.00e+02,3.80e+01,1.70e+01
-1.40e+02,-4.86e+01,4.50e+01,1.90e+01
-1.44e+02,-4.67e+01,3.80e+01,1.70e+01
-1.43e+02,-4.95e+01,4.30e+01,1.70e+01
-2.85e+02,-9.17e+01,4.30e+01,1.70e+01
-2.60e+02,-5.71e+01,4.20e+01,1.70e+01
-5.00e+02,-5.00e+02,3.90e+01,1.70e+01
-1.48e+02,-5.96e+01,3.80e+01,1.70e+01
-1.40e+02,-5.49e+01,3.80e+01,1.70e+01
-1.40e+02,-5.56e+01,3.90e+01,1.70e+01
-1.56e+02,-5.67e+01,4.00e+01,1.70e+01
-1.41e+02,-4.46e+01,4.00e+01,1.80e+01
-1.42e+02,-5.95e+01,4.00e+01,1.70e+01
-1.88e+02,-7.46e+01,4.00e+01,1.70e+01
-1.47e+02,-6.19e+01,3.80e+01,1.70e+01
-1.44e+02,-5.40e+01,4.10e+01,1.80e+01
-3.01e+02,-9.78e+01,4.10e+01,1.70e+01
-1.54e+02,-4.80e+01,3.80e+01,1.70e+01
-1.37e+02,-5.30e+01,4.60e+01,1.90e+01
-1.33e+02,-5.35e+01,4.10e+01,1.70e+01
-1.40e+02,-4.96e+01,3.90e+01,1.70e+01
-1.38e+02,-4.99e+01,3.90e+01,1.70e+01
-1.42e+02,-5.07e+01,4.10e+01,1.70e+01
-1.38e+02,-4.81e+01,4.10e+01,1.70e+01
-1.37e+02,-4.92e+01,4.20e+01,1.70e+01
-4.42e+02,-1.52e+02,3.90e+01,1.70e+01
-1.38e+02,-5.16e+01,3.90e+01,1.70e+01
-1.37e+02,-5.04e+01,4.10e+01,1.70e+01
-4.88e+02,-4.31e+02,4.20e+01,1.70e+01
-1.55e+02,-6.00e+01,3.90e+01,1.70e+01
-2.92e+02,-8.53e+01,4.10e+01,1.70e+01
-1.49e+02,-5.34e+01,4.10e+01,1.80e+01
-1.36e+02,-5.02e+01,4.50e+01,1.90e+01
-1.49e+02,-5.49e+01,3.90e+01,1.70e+01
-1.52e+02,-5.53e+01,4.00e+01,1.70e+01
-2.70e+02,-5.81e+01,4.30e+01,1.70e+01
-1.40e+02,-5.09e+01,3.90e+01,1.80e+01
-1.41e+02,-5.76e+01,4.30e+01,1.70e+01
-1.44e+02,-5.18e+01,3.80e+01,1.70e+01
-1.53e+02,-7.33e+01,3.90e+01,1.70e+01
-1.43e+02,-5.64e+01,4.20e+01,1.70e+01
-1.38e+02,-4.72e+01,4.50e+01,1.90e+01
-1.57e+02,-7.66e+01,3.80e+01,1.70e+01
-1.47e+02,-4.71e+01,3.90e+01,1.70e+01
-1.85e+02,-4.82e+01,4.50e+01,1.90e+01
-1.63e+02,-6.21e+01,3.80e+01,1.70e+01
-1.59e+02,-6.62e+01,4.10e+01,1.80e+01
-1.47e+02,-4.43e+01,3.90e+01,1.70e+01
-1.48e+02,-6.04e+01,3.90e+01,1.70e+01
-1.58e+02,-6.85e+01,4.00e+01,1.70e+01
-2.52e+02,-6.98e+01,3.90e+01,1.70e+01
-1.39e+02,-5.59e+01,3.90e+01,1.70e+01
-4.29e+02,-3.16e+02,4.20e+01,1.70e+01
-1.37e+02,-4.59e+01,4.10e+01,1.80e+01
-1.41e+02,-4.66e+01,4.20e+01,1.70e+01
-1.39e+02,-5.34e+01,4.60e+01,2.00e+01
-1.43e+02,-5.32e+01,3.80e+01,1.70e+01
-1.48e+02,-5.98e+01,3.90e+01,1.80e+01
-2.83e+02,-6.37e+01,3.90e+01,1.70e+01
-1.42e+02,-4.98e+01,3.90e+01,1.70e+01
-1.43e+02,-4.53e+01,4.00e+01,1.70e+01
-1.52e+02,-5.80e+01,4.00e+01,1.70e+01
-1.49e+02,-7.37e+01,4.50e+01,1.90e+01
-1.41e+02,-4.73e+01,4.10e+01,1.70e+01
-1.66e+02,-6.69e+01,4.30e+01,1.70e+01
-1.42e+02,-5.37e+01,3.90e+01,1.70e+01
-1.39e+02,-4.64e+01,3.80e+01,1.70e+01
-4.37e+02,-1.24e+02,3.90e+01,1.70e+01
-1.56e+02,-5.80e+01,3.90e+01,1.70e+01
-4.23e+02,-7.33e+01,4.20e+01,1.70e+01
-1.40e+02,-4.89e+01,4.20e+01,1.70e+01
-1.55e+02,-5.71e+01,3.80e+01,1.70e+01
-1.54e+02,-5.96e+01,3.90e+01,1.70e+01
-1.47e+02,-5.31e+01,3.80e+01,1.70e+01
-1.64e+02,-6.60e+01,4.00e+01,1.70e+01
-1.44e+02,-4.69e+01,3.90e+01,1.80e+01
-1.43e+02,-5.18e+01,4.10e+01,1.70e+01
-1.39e+02,-5.00e+01,4.60e+01,1.90e+01
-1.44e+02,-5.25e+01,4.20e+01,1.70e+01
-2.13e+02,-6.58e+01,3.90e+01,1.80e+01
-4.75e+02,-3.52e+02,3.80e+01,1.70e+01
