-1.38e+02,-5.14e+01,1.29e+02,3.20e+01
-1.32e+02,-5.16e+01,1.12e+02,3.00e+01
-1.31e+02,-4.63e+01,1.27e+02,3.10e+01
-1.30e+02,-4.64e+01,1.28e+02,3.20e+01
-1.43e+02,-5.10e+01,1.29e+02,3.30e+01
-1.35e+02,-4.94e+01,1.12e+02,3.00e+01
-1.29e+02,-4.86e+01,1.27e+02,3.20e+01
-1.34e+02,-3.98e+01,1.13e+02,3.00e+01
-1.31e+02,-4.94e+01,1.29e+02,3.30e+01
-1.35e+02,-4.88e+01,1.12e+02,3.00e+01
-1.31e+02,-4.66e+01,1.28e+02,3.10e+01
-1.38e+02,-5.46e+01,1.13e+02,3.00e+01
-1.40e+02,-5.21e+01,1.29e+02,3.20e+01
-1.34e+02,-4.11e+01,1.12e+02,3.00e+01
-1.38e+02,-4.53e+01,1.20e+02,3.20e+01
-1.45e+02,-4.71e+01,1.19e+02,3.20e+01
-1.29e+02,-4.60e+01,1.30e+02,3.20e+01
-1.43e+02,-4.95e+01,1.12e+02,3.00e+01
-1.32e+02,-4.74e+01,1.26e+02,3.10e+01
-1.38e+02,-5.24e+01,1.14e+02,3.10e+01
-1.39e+02,-5.89e+01,1.29e+02,3.20e+01
-1.36e+02,-4.95e+01,1.13e+02,3.00e+01
-1.42e+02,-5.23e+01,1.28e+02,3.20e+01
-1.32e+02,-4.89e+01,1.27e+02,3.10e+01
-1.36e+02,-5.36e+01,1.31e+02,3.30e+01
-1.35e+02,-4.51e+01,1.12e+02,3.00e+01
-1.41e+02,-5.41e+01,1.19e+02,3.20e+01
-1.37e+02,-4.42e+01,1.13e+02,3.00e+01
-1.34e+02,-5.07e+01,1.26e+02,3.10e+01
-1.30e+02,-4.65e+01,1.12e+02,3.00e+01
-1.30e+02,-4.72e+01,1.29e+02,3.20e+01
-1.37e+02,-5.33e+01,1.13e+02,3.00e+01
-1.39e+02,-4.86e+01,1.29e+02,3.20e+01
-5.00e+02,-5.00e+02,1.30e+02,3.20e+01
-1.37e+02,-5.33e+01,1.29e+02,3.30e+01
-1.37e+02,-4.66e+01,1.13e+02,3.00e+01
-1.34e+02,-4.84e+01,1.30e+02,3.30e+01
-1.40e+02,-4.75e+01,1.27e+02,3.10e+01
-1.32e+02,-5.05e+01,1.20e+02,3.20e+01
-1.38e+02,-5.13e+01,1.28e+02,3.20e+01
-1.35e+02,-5.07e+01,1.28e+02,3.30e+01
-1.34e+02,-5.39e+01,1.29e+02,3.20e+01
-1.36e+02,-4.79e+01,1.28e+02,3.20e+01
-1.32e+02,-4.76e+01,1.29e+02,3.20e+01
-1.32e+02,-4.91e+01,1.27e+02,3.10e+01
-1.32e+02,-4.89e+01,1.12e+02,3.00e+01
-4.57e+02,-2.44e+02,1.29e+02,3.30e+01
-1.41e+02,-5.38e+01,1.14e+02,3.00e+01
-1.36e+02,-5.24e+01,1.13e+02,3.00e+01
-1.40e+02,-5.43e+01,1.29e+02,3.20e+01
-1.31e+02,-4.49e+01,1.29e+02,3.30e+01
-2.20e+02,-6.52e+01,1.27e+02,3.10e+01
-1.35e+02,-5.00e+01,1.12e+02,3.00e+01
-1.38e+02,-4.60e+01,1.27e+02,3.10e+01
-1.37e+02,-5.11e+01,1.29e+02,3.30e+01
-1.77e+02,-6.20e+01,1.13e+02,3.00e+01
-1.35e+02,-4.73e+01,1.12e+02,3.00e+01
-1.37e+02,-4.16e+01,1.27e+02,3.20e+01
-1.35e+02,-5.29e+01,1.13e+02,3.00e+01
-1.36e+02,-4.86e+01,1.14e+02,3.10e+01
-1.32e+02,-5.11e+01,1.28e+02,3.10e+01
-1.37e+02,-5.24e+01,1.13e+02,3.00e+01
-1.32e+02,-4.80e+01,1.30e+02,3.20e+01
-1.35e+02,-5.36e+01,1.29e+02,3.30e+01
-4.62e+02,-2.73e+02,1.29e+02,3.20e+01
-5.00e+02,-5.00e+02,1.29e+02,3.20e+01
-1.36e+02,-4.97e+01,1.21e+02,3.20e+01
-2.23e+02,-7.67e+01,1.29e+02,3.20e+01
-1.35e+02,-5.00e+01,1.27e+02,3.10e+01
-1.36e+02,-4.72e+01,1.28e+02,3.20e+01
-1.37e+02,-4.97e+01,1.29e+02,3.20e+01
-1.35e+02,-4.64e+01,1.12e+02,3.00e+01
-1.37e+02,-5.27e+01,1.27e+02,3.10e+01
-1.30e+02,-3.97e+01,1.12e+02,3.00e+01
-1.45e+02,-5.85e+01,1.29e+02,3.30e+01
-1.40e+02,-4.73e+01,1.28e+02,3.20e+01
-1.40e+02,-5.55e+01,1.29e+02,3.30e+01
-1.79e+02,-5.66e+01,1.29e+02,3.30e+01
-1.36e+02,-4.47e+01,1.12e+02,3.00e+01
-2.40e+02,-6.07e+01,1.28e+02,3.10e+01
-1.33e+02,-4.70e+01,1.14e+02,3.00e+01
-1.43e+02,-5.83e+01,1.28e+02,3.10e+01
-1.36e+02,-5.41e+01,1.29e+02,3.10e+01
-1.41e+02,-5.22e+01,1.14e+02,3.00e+01
-1.34e+02,-4.62e+01,1.30e+02,3.20e+01
-1.34e+02,-4.29e+01,1.13e+02,3.00e+01
-1.42e+02,-5.94e+01,1.12e+02,3.00e+01
-1.36e+02,-4.94e+01,1.29e+02,3.20e+01
-1.37e+02,-4.86e+01,1.14e+02,3.00e+01
-1.40e+02,-4.27e+01,1.29e+02,3.20e+01
-1.36e+02,-5.14e+01,1.13e+02,3.10e+01
-5.00e+02,-5.00e+02,1.29e+02,3.30e+01
-1.38e+02,-4.97e+01,1.12e+02,3.00e+01
-1.55e+02,-4.28e+01,1.12e+02,3.00e+01
-1.27e+02,-4.11e+01,1.27e+02,3.10e+01
-1.37e+02,-4.85e+01,1.27e+02,3.20e+01
-1.30e+02,-5.06e+01,1.27e+02,3.20e+01
-1.56e+02,-5.83e+01,1.28e+02,3.10e+01
-1.49e+02,-5.53e+01,1.14e+02,3.00e+01
-1.33e+02,-5.00e+01,1.28e+02,3.20e+01
-1.37e+02,-5.40e+01,1.27e+02,3.10e+01
-5.00e+02,-5.00e+02,1.27e+02,3.10e+01
-1.37e+02,-3.88e+01,1.29e+02,3.30e+01
-1.33e+02,-5.16e+01,1.12e+02,3.00e+01
-4.82e+02,-3.96e+02,1.13e+02,3.10e+01
-1.31e+02,-4.34e+01,1.28e+02,3.20e+01
-1.34e+02,-4.89e+01,1.30e+02,3.40e+01
-1.45e+02,-5.20e+01,1.12e+02,3.00e+01
-1.28e+02,-4.27e+01,1.14e+02,3.10e+01
-1.40e+02,-4.93e+01,1.29e+02,3.20e+01
-1.58e+02,-6.49e+01,1.29e+02,3.20e+01
-1.29e+02,-4.51e+01,1.28e+02,3.10e+01
-4.91e+02,-4.47e+02,1.12e+02,3.00e+01
-1.30e+02,-4.36e+01,1.27e+02,3.10e+01
-1.33e+02,-4.67e+01,1.12e+02,3.00e+01
-1.31e+02,-3.69e+01,1.12e+02,3.00e+01
-1.33e+02,-5.39e+01,1.29e+02,3.30e+01
-5.00e+02,-5.00e+02,1.30e+02,3.30e+01
-1.26e+02,-4.51e+01,1.28e+02,3.10e+01
-1.30e+02,-4.59e+01,1.27e+02,3.10e+01
-1.36e+02,-4.92e+01,1.13e+02,3.10e+01
-5.00e+02,-5.00e+02,1.30e+02,3.30e+01
-1.35e+02,-4.84e+01,1.27e+02,3.10e+01
-1.32e+02,-4.72e+01,1.28e+02,3.10e+01
-1.41e+02,-4.97e+01,1.27e+02,3.10e+01
-1.41e+02,-5.22e+01,1.29e+02,3.30e+01
-1.35e+02,-5.30e+01,1.29e+02,3.30e+01
-1.37e+02,-4.48e+01,1.12e+02,3.00e+01
-1.36e+02,-5.30e+01,1.27e+02,3.10e+01
-1.39e+02,-5.53e+01,1.28e+02,3.10e+01
-1.65e+02,-5.16e+01,1.30e+02,3.20e+01
-1.33e+02,-4.45e+01,1.27e+02,3.10e+01
-1.35e+02,-4.43e+01,1.20e+02,3.20e+01
-1.35e+02,-5.10e+01,1.29e+02,3.20e+01
-1.44e+02,-4.10e+01,1.28e+02,3.20e+01
-1.44e+02,-5.37e+01,1.13e+02,3.00e+01
-1.34e+02,-5.16e+01,1.29e+02,3.30e+01
-2.14e+02,-6.88e+01,1.14e+02,3.00e+01
-5.00e+02,-5.00e+02,1.30e+02,3.20e+01
-1.33e+02,-5.02e+01,1.29e+02,3.20e+01
-1.35e+02,-4.68e+01,1.28e+02,3.30e+01
-1.42e+02,-5.09e+01,1.14e+02,3.00e+01
-1.34e+02,-5.37e+01,1.31e+02,3.30e+01
-1.39e+02,-4.81e+01,1.13e+02,3.00e+01
-1.30e+02,-5.16e+01,1.30e+02,3.20e+01
-1.41e+02,-6.30e+01,1.28e+02,3.20e+01
-2.29e+02,-7.95e+01,1.12e+02,3.00e+01
-4.38e+02,-2.37e+02,1.30e+02,3.20e+01
-1.30e+02,-4.41e+01,1.12e+02,3.00e+01
-1.37e+02,-4.86e+01,1.28e+02,3.10e+01
-1.36e+02,-4.92e+01,1.27e+02,3.10e+01
-5.00e+02,-5.00e+02,1.12e+02,3.00e+01
-1.37e+02,-5.29e+01,1.29e+02,3.20e+01
-2.44e+02,-4.94e+01,1.28e+02,3.30e+01
-1.86e+02,-7.59e+01,1.27e+02,3.10e+01
-1.36e+02,-5.29e+01,1.30e+02,3.20e+01
-4.71e+02,-3.25e+02,1.13e+02,3.00e+01
-1.37e+02,-4.89e+01,1.28e+02,3.20e+01
-1.33e+02,-5.19e+01,1.13e+02,3.00e+01
-1.32e+02,-4.26e+01,1.12e+02,3.00e+01
-1.40e+02,-5.00e+01,1.29e+02,3.30e+01
-1.35e+02,-4.79e+01,1.14e+02,3.00e+01
-1.37e+02,-4.66e+01,1.14e+02,3.00e+01
-1.40e+02,-5.04e+01,1.30e+02,3.20e+01
-1.39e+02,-5.25e+01,1.13e+02,3.00e+01
-5.00e+02,-5.00e+02,1.13e+02,3.00e+01
-1.35e+02,-4.68e+01,1.29e+02,3.30e+01
-1.46e+02,-5.31e+01,1.29e+02,3.20e+01
-1.37e+02,-5.32e+01,1.12e+02,3.00e+01
-1.34e+02,-4.95e+01,1.12e+02,3.00e+01
-1.40e+02,-4.47e+01,1.30e+02,3.30e+01
-1.34e+02,-4.26e+01,1.28e+02,3.20e+01
-1.29e+02,-4.05e+01,1.29e+02,3.20e+01
-1.39e+02,-4.94e+01,1.13e+02,3.00e+01
-2.12e+02,-6.54e+01,1.30e+02,3.20e+01
-1.64e+02,-6.82e+01,1.30e+02,3.30e+01
-1.32e+02,-4.92e+01,1.30e+02,3.30e+01
-1.35e+02,-4.62e+01,1.31e+02,3.40e+01
-1.29e+02,-4.52e+01,1.27e+02,3.10e+01
-1.47e+02,-5.87e+01,1.28e+02,3.10e+01
-1.45e+02,-6.09e+01,1.13e+02,3.00e+01
-1.31e+02,-4.64e+01,1.27e+02,3.20e+01
-1.39e+02,-4.49e+01,1.13e+02,3.00e+01
-5.00e+02,-5.00e+02,1.13e+02,3.00e+01
-1.31e+02,-4.77e+01,1.27e+02,3.10e+01
-1.40e+02,-5.58e+01,1.19e+02,3.20e+01
-1.34e+02,-4.32e+01,1.13e+02,3.00e+01
-1.32e+02,-4.92e+01,1.29e+02,3.30e+01
-1.36e+02,-4.92e+01,1.13e+02,3.00e+01
-1.34e+02,-5.37e+01,1.30e+02,3.20e+01
-1.34e+02,-4.79e+01,1.28e+02,3.10e+01
-1.31e+02,-4.61e+01,1.13e+02,3.00e+01
