-2.47e+01,5.34e+01,1.30e+01,1.20e+01
1.79e+01,1.82e+02,1.50e+01,1.20e+01
7.63e+00,5.51e+01,1.00e+01,1.20e+01
-3.04e+01,4.93e+01,1.20e+01,1.20e+01
-2.37e+01,4.63e+01,1.30e+01,1.20e+01
1.64e+00,1.72e+02,1.50e+01,1.20e+01
-5.87e+00,1.01e+02,1.20e+01,1.20e+01
1.50e+00,9.20e+01,1.50e+01,1.20e+01
-6.10e+00,5.19e+01,1.20e+01,1.20e+01
5.86e+01,2.53e+02,1.00e+01,1.20e+01
2.58e+00,1.55e+02,1.10e+01,1.20e+01
-3.79e+00,7.76e+01,1.10e+01,1.20e+01
-4.33e+01,3.65e+01,1.40e+01,1.20e+01
-2.48e+01,2.54e+01,1.00e+01,1.20e+01
-4.09e+01,-1.54e+01,1.30e+01,1.20e+01
2.30e+01,9.61e+01,1.30e+01,1.20e+01
-2.62e+01,5.67e+01,1.20e+01,1.20e+01
-1.25e+01,4.23e+01,1.50e+01,1.20e+01
-6.17e+00,7.01e+01,1.60e+01,1.20e+01
-8.74e+00,2.76e+01,1.30e+01,1.20e+01
-1.22e+01,5.90e+01,1.40e+01,1.20e+01
-2.27e+01,7.53e+01,1.40e+01,1.20e+01
-4.61e+01,1.82e+01,1.30e+01,1.20e+01
6.74e+00,3.93e+01,1.50e+01,1.20e+01
-2.91e+01,1.86e+01,1.00e+01,1.20e+01
1.84e+01,9.33e+01,1.50e+01,1.20e+01
1.60e+01,1.09e+02,1.40e+01,1.20e+01
-4.00e+01,-3.58e+00,1.20e+01,1.20e+01
-8.09e+00,3.28e+01,1.50e+01,1.20e+01
1.22e+00,4.94e+01,1.60e+01,1.20e+01
1.73e+00,4.80e+01,1.60e+01,1.20e+01
2.95e+00,6.54e+01,1.90e+01,1.20e+01
-3.23e+01,6.12e+01,1.30e+01,1.20e+01
-1.53e-01,6.92e+01,1.10e+01,1.20e+01
-4.31e+01,7.37e+00,1.30e+01,1.20e+01
-1.58e+01,1.17e+02,9.00e+00,1.20e+01
-1.28e+01,3.11e+01,1.50e+01,1.20e+01
3.16e-01,5.29e+01,1.40e+01,1.20e+01
-3.71e+01,1.71e+01,1.40e+01,1.20e+01
-1.22e+01,8.15e+01,1.40e+01,1.20e+01
-3.05e+01,3.96e+00,1.70e+01,1.20e+01
9.10e+00,1.05e+02,1.30e+01,1.20e+01
-3.91e+00,7.29e+01,1.10e+01,1.20e+01
-4.18e+01,-1.85e+01,1.30e+01,1.20e+01
-3.37e+01,7.83e-02,1.40e+01,1.20e+01
9.41e+00,6.36e+01,1.50e+01,1.20e+01
1.32e+00,1.21e+02,1.20e+01,1.20e+01
-5.92e+01,-4.26e+01,1.10e+01,1.20e+01
-3.19e+01,5.07e+01,1.70e+01,1.20e+01
-4.30e+01,-5.31e+00,1.30e+01,1.20e+01
-9.67e+00,4.57e+01,1.60e+01,1.20e+01
-5.97e+00,5.88e+01,1.30e+01,1.20e+01
-4.34e-01,3.71e+01,1.60e+01,1.20e+01
4.04e+01,9.87e+01,1.20e+01,1.20e+01
2.25e+01,1.15e+02,1.50e+01,1.20e+01
-3.29e+01,1.54e+01,1.50e+01,1.20e+01
-3.16e+01,-4.45e-01,1.30e+01,1.20e+01
1.43e+01,6.87e+01,1.70e+01,1.20e+01
-4.65e+01,3.74e+01,1.50e+01,1.20e+01
-1.78e+01,5.70e+01,1.40e+01,1.20e+01
-7.13e+00,6.34e+01,1.40e+01,1.20e+01
-2.80e+01,1.15e+01,1.30e+01,1.20e+01
-3.98e+01,-2.21e+01,1.10e+01,1.20e+01
-5.70e-03,5.29e+01,1.60e+01,1.20e+01
-3.03e+01,8.75e+01,1.50e+01,1.20e+01
1.10e+00,8.43e+01,1.60e+01,1.20e+01
9.63e+00,6.78e+01,1.60e+01,1.20e+01
-2.57e+01,3.52e+01,1.20e+01,1.20e+01
-8.59e+00,4.53e+01,1.70e+01,1.20e+01
1.96e+00,1.07e+02,1.50e+01,1.20e+01
1.78e+01,6.82e+01,1.60e+01,1.20e+01
-4.15e+00,7.41e+01,1.60e+01,1.20e+01
-1.78e+01,3.54e+01,1.10e+01,1.20e+01
-2.22e+01,4.29e+01,1.60e+01,1.20e+01
1.70e+01,1.04e+02,1.50e+01,1.20e+01
9.05e+00,1.09e+02,1.80e+01,1.20e+01
-3.27e+01,3.34e+01,1.50e+01,1.20e+01
-5.87e+00,8.03e+01,1.50e+01,1.20e+01
-1.21e+01,3.65e+01,1.20e+01,1.20e+01
-8.75e+00,7.67e+01,1.30e+01,1.20e+01
-1.52e+01,5.59e+01,1.30e+01,1.20e+01
1.08e+01,7.88e+01,1.40e+01,1.20e+01
2.41e+01,1.31e+02,1.10e+01,1.20e+01
-5.18e+01,2.47e+01,1.30e+01,1.20e+01
-7.83e+00,4.03e+01,1.30e+01,1.20e+01
-2.38e+00,4.54e+01,1.30e+01,1.20e+01
-1.44e+01,6.48e+01,1.20e+01,1.20e+01
-6.39e+01,-2.67e+01,1.20e+01,1.20e+01
1.32e+01,1.34e+02,1.50e+01,1.20e+01
3.60e+01,1.46e+02,1.10e+01,1.20e+01
-1.15e+01,8.14e+01,1.40e+01,1.20e+01
-1.33e+01,1.32e+01,1.40e+01,1.20e+01
7.20e+00,1.02e+02,1.70e+01,1.20e+01
-1.84e+01,2.49e+01,1.10e+01,1.20e+01
-3.55e+01,6.49e-01,1.20e+01,1.20e+01
-3.29e+01,3.96e+01,1.30e+01,1.20e+01
4.32e+01,2.26e+02,1.60e+01,1.20e+01
-2.68e+01,3.12e+01,1.50e+01,1.20e+01
-1.79e+01,1.00e+01,1.20e+01,1.20e+01
-3.23e+01,-1.18e+01,1.40e+01,1.20e+01
-2.92e+01,1.91e+01,1.00e+01,1.20e+01
-3.35e+01,8.63e+00,1.30e+01,1.20e+01
-3.53e+01,4.21e+01,1.60e+01,1.20e+01
-7.56e+00,3.04e+01,1.00e+01,1.20e+01
-1.79e+00,6.58e+01,1.20e+01,1.20e+01
-3.83e+01,1.28e+01,1.40e+01,1.20e+01
-1.64e+01,6.35e+01,1.40e+01,1.20e+01
3.40e+01,1.76e+02,1.30e+01,1.20e+01
-1.06e+01,4.05e+01,1.70e+01,1.20e+01
-4.91e+01,4.35e+01,1.10e+01,1.20e+01
-4.54e+01,3.52e+01,1.40e+01,1.20e+01
-3.41e+00,1.12e+02,1.50e+01,1.20e+01
-1.09e+01,6.02e+01,1.50e+01,1.20e+01
-1.85e+01,3.24e+01,1.30e+01,1.20e+01
-5.76e+01,3.22e+01,1.30e+01,1.20e+01
-7.43e+00,3.91e+01,1.30e+01,1.20e+01
-3.39e+01,3.67e+01,1.20e+01,1.20e+01
-2.10e+00,8.01e+01,1.00e+01,1.20e+01
-2.10e+01,4.52e+01,1.40e+01,1.20e+01
-2.54e+01,2.17e+01,1.30e+01,1.20e+01
-4.22e+00,4.04e+01,1.30e+01,1.20e+01
5.96e+00,7.77e+01,1.30e+01,1.20e+01
1.95e+01,9.89e+01,1.40e+01,1.20e+01
3.72e+00,6.58e+01,1.20e+01,1.20e+01
-5.35e+01,-8.63e+00,1.40e+01,1.20e+01
-6.42e-01,3.59e+01,1.10e+01,1.20e+01
-3.68e+01,1.34e+01,1.20e+01,1.20e+01
-3.63e+01,-1.69e-01,6.00e+00,1.20e+01
