-2.23e+02,-5.71e+01,7.90e+01,4.00e+01
-1.72e+02,-6.32e+01,8.90e+01,4.10e+01
-2.30e+02,-3.99e+01,8.10e+01,4.10e+01
-1.64e+02,-7.09e+01,8.80e+01,4.00e+01
-2.29e+02,-5.02e+01,8.00e+01,4.00e+01
-1.66e+02,-7.32e+01,8.80e+01,4.00e+01
-2.25e+02,-7.22e+01,7.90e+01,4.00e+01
-2.21e+02,-4.30e+01,8.30e+01,4.20e+01
-2.20e+02,-4.52e+01,8.00e+01,4.00e+01
-1.66e+02,-6.80e+01,9.10e+01,4.10e+01
-2.19e+02,-3.89e+01,7.90e+01,4.00e+01
-2.25e+02,-4.70e+01,8.30e+01,4.10e+01
-1.70e+02,-7.48e+01,8.80e+01,4.00e+01
-2.18e+02,-4.17e+01,8.00e+01,4.00e+01
-1.68e+02,-7.32e+01,8.90e+01,4.10e+01
-1.78e+02,-7.27e+01,9.00e+01,4.10e+01
-1.72e+02,-6.57e+01,9.00e+01,4.10e+01
-2.19e+02,-4.57e+01,7.90e+01,4.00e+01
-1.72e+02,-7.94e+01,8.80e+01,4.00e+01
-1.70e+02,-6.38e+01,9.00e+01,4.10e+01
-2.21e+02,-4.23e+01,7.90e+01,4.00e+01
-2.22e+02,-5.24e+01,8.00e+01,4.00e+01
-1.68e+02,-6.09e+01,9.10e+01,4.10e+01
-1.70e+02,-7.62e+01,8.80e+01,4.00e+01
-1.69e+02,-6.33e+01,8.80e+01,4.00e+01
-2.43e+02,-6.82e+01,8.80e+01,4.00e+01
-5.00e+02,-5.00e+02,8.00e+01,4.00e+01
-2.25e+02,-4.48e+01,8.10e+01,4.10e+01
-1.69e+02,-7.23e+01,9.00e+01,4.10e+01
-1.70e+02,-6.93e+01,9.00e+01,4.10e+01
-1.68e+02,-6.49e+01,9.00e+01,4.10e+01
-2.17e+02,-4.08e+01,8.00e+01,4.00e+01
-1.65e+02,-7.08e+01,9.30e+01,4.20e+01
-2.19e+02,-4.61e+01,7.90e+01,4.00e+01
-3.05e+02,-5.15e+01,8.30e+01,4.10e+01
-3.61e+02,-1.04e+02,8.10e+01,4.10e+01
-2.28e+02,-8.57e+01,8.20e+01,4.10e+01
-1.69e+02,-6.81e+01,9.20e+01,4.20e+01
-1.75e+02,-7.83e+01,8.90e+01,4.00e+01
-1.69e+02,-6.19e+01,8.90e+01,4.00e+01
-1.68e+02,-7.45e+01,8.80e+01,4.00e+01
-5.00e+02,-5.00e+02,8.00e+01,4.00e+01
-2.34e+02,-4.55e+01,8.40e+01,4.30e+01
-1.84e+02,-7.98e+01,9.00e+01,4.10e+01
-5.00e+02,-5.00e+02,8.10e+01,4.10e+01
-2.25e+02,-7.14e+01,8.10e+01,4.00e+01
-2.20e+02,-4.41e+01,8.10e+01,4.10e+01
-1.69e+02,-7.76e+01,8.90e+01,4.00e+01
-1.68e+02,-6.85e+01,9.00e+01,4.10e+01
-2.20e+02,-4.36e+01,8.50e+01,4.30e+01
-2.21e+02,-5.82e+01,8.40e+01,4.30e+01
-2.23e+02,-4.36e+01,8.10e+01,4.10e+01
-2.19e+02,-5.16e+01,8.10e+01,4.10e+01
-1.71e+02,-7.80e+01,8.90e+01,4.10e+01
-2.31e+02,-7.33e+01,8.10e+01,4.00e+01
-2.27e+02,-5.45e+01,8.00e+01,4.10e+01
-3.57e+02,-1.08e+02,8.00e+01,4.10e+01
-1.64e+02,-5.45e+01,9.30e+01,4.20e+01
-1.67e+02,-6.83e+01,9.00e+01,4.10e+01
-2.23e+02,-4.49e+01,8.30e+01,4.20e+01
-1.61e+02,-6.80e+01,8.80e+01,4.00e+01
-1.69e+02,-6.25e+01,9.20e+01,4.20e+01
-2.54e+02,-9.62e+01,9.10e+01,4.10e+01
-2.27e+02,-4.85e+01,8.30e+01,4.20e+01
-2.21e+02,-5.20e+01,8.10e+01,4.10e+01
-1.67e+02,-7.58e+01,9.10e+01,4.10e+01
-2.22e+02,-4.83e+01,8.00e+01,4.00e+01
-2.24e+02,-4.95e+01,8.20e+01,4.10e+01
-1.68e+02,-6.86e+01,9.00e+01,4.20e+01
-2.20e+02,-3.84e+01,8.00e+01,4.00e+01
-2.34e+02,-7.12e+01,8.40e+01,4.10e+01
-2.79e+02,-4.70e+01,7.90e+01,4.00e+01
-2.40e+02,-8.70e+01,8.00e+01,4.00e+01
-1.66e+02,-5.79e+01,8.90e+01,4.10e+01
-2.83e+02,-6.35e+01,8.30e+01,4.20e+01
-2.19e+02,-4.48e+01,7.90e+01,4.00e+01
-2.41e+02,-9.70e+01,8.00e+01,4.00e+01
-1.64e+02,-6.48e+01,8.80e+01,4.00e+01
-2.24e+02,-4.84e+01,8.10e+01,4.10e+01
-2.25e+02,-4.16e+01,8.10e+01,4.10e+01
-1.65e+02,-6.51e+01,9.00e+01,4.10e+01
-1.65e+02,-6.36e+01,8.90e+01,4.00e+01
-1.67e+02,-8.40e+01,9.20e+01,4.20e+01
-2.24e+02,-4.27e+01,7.90e+01,4.00e+01
-1.63e+02,-6.22e+01,8.90e+01,4.00e+01
-2.18e+02,-4.99e+01,8.10e+01,4.10e+01
-2.22e+02,-4.23e+01,8.10e+01,4.10e+01
-1.64e+02,-6.59e+01,9.00e+01,4.10e+01
-2.21e+02,-4.88e+01,8.10e+01,4.00e+01
-1.66e+02,-7.76e+01,8.90e+01,4.10e+01
-1.68e+02,-6.84e+01,9.30e+01,4.20e+01
-2.78e+02,-4.36e+01,8.40e+01,4.20e+01
-2.26e+02,-4.57e+01,8.00e+01,4.00e+01
-2.20e+02,-4.53e+01,8.20e+01,4.10e+01
-2.25e+02,-4.04e+01,8.30e+01,4.10e+01
-2.19e+02,-4.89e+01,8.10e+01,4.10e+01
-2.18e+02,-5.00e+01,8.10e+01,4.10e+01
-1.61e+02,-6.60e+01,8.90e+01,4.10e+01
-3.49e+02,-1.05e+02,8.00e+01,4.00e+01
-1.82e+02,-6.96e+01,9.00e+01,4.20e+01
-3.68e+02,-7.31e+01,8.00e+01,4.00e+01
-1.66e+02,-7.13e+01,8.90e+01,4.10e+01
-1.69e+02,-6.17e+01,8.90e+01,4.10e+01
-3.10e+02,-5.80e+01,8.10e+01,4.00e+01
-1.84e+02,-6.77e+01,9.10e+01,4.20e+01
-2.27e+02,-4.37e+01,8.50e+01,4.30e+01
-1.66e+02,-5.79e+01,9.20e+01,4.10e+01
-2.19e+02,-4.37e+01,8.50e+01,4.20e+01
-2.18e+02,-5.53e+01,8.30e+01,4.20e+01
-2.24e+02,-4.03e+01,8.00e+01,4.00e+01
-2.61e+02,-6.44e+01,8.00e+01,4.10e+01
-2.17e+02,-3.98e+01,8.00e+01,4.00e+01
-2.17e+02,-3.76e+01,8.30e+01,4.20e+01
-2.21e+02,-4.26e+01,8.30e+01,4.20e+01
-2.23e+02,-4.20e+01,8.00e+01,4.00e+01
-2.22e+02,-4.67e+01,8.20e+01,4.10e+01
-1.75e+02,-9.48e+01,9.30e+01,4.20e+01
-2.25e+02,-5.77e+01,7.90e+01,4.00e+01
-1.64e+02,-8.05e+01,8.90e+01,4.00e+01
-2.18e+02,-3.92e+01,8.00e+01,4.00e+01
-3.39e+02,-4.44e+01,8.10e+01,4.10e+01
-2.27e+02,-8.06e+01,8.10e+01,4.10e+01
-1.79e+02,-7.90e+01,9.00e+01,4.10e+01
-2.23e+02,-4.85e+01,8.10e+01,4.00e+01
-1.72e+02,-7.23e+01,8.80e+01,4.00e+01
-1.61e+02,-6.26e+01,9.00e+01,4.20e+01
-2.35e+02,-4.53e+01,7.90e+01,4.00e+01
-1.75e+02,-7.61e+01,8.80e+01,4.00e+01
-1.71e+02,-7.04e+01,9.00e+01,4.20e+01
-2.23e+02,-4.60e+01,8.10e+01,4.10e+01
-1.68e+02,-7.92e+01,9.00e+01,4.10e+01
-1.65e+02,-7.11e+01,9.00e+01,4.20e+01
-3.55e+02,-5.33e+01,8.00e+01,4.00e+01
-1.66e+02,-7.76e+01,9.00e+01,4.10e+01
-2.19e+02,-4.79e+01,8.10e+01,4.10e+01
-2.20e+02,-4.26e+01,8.30e+01,4.20e+01
-2.26e+02,-4.62e+01,8.00e+01,4.00e+01
-1.66e+02,-7.23e+01,9.20e+01,4.20e+01
-2.23e+02,-4.01e+01,8.10e+01,4.10e+01
-2.35e+02,-6.69e+01,8.40e+01,4.30e+01
-2.30e+02,-4.57e+01,8.00e+01,4.00e+01
-2.24e+02,-6.19e+01,7.90e+01,4.00e+01
-1.68e+02,-6.96e+01,8.80e+01,4.00e+01
-2.45e+02,-7.63e+01,8.90e+01,4.00e+01
-4.34e+02,-1.05e+02,8.40e+01,4.20e+01
-2.19e+02,-4.41e+01,8.10e+01,4.00e+01
-2.20e+02,-4.34e+01,8.00e+01,4.00e+01
-1.69e+02,-6.73e+01,9.00e+01,4.20e+01
-2.22e+02,-3.90e+01,8.10e+01,4.10e+01
-2.21e+02,-5.59e+01,7.90e+01,4.00e+01
-2.19e+02,-4.63e+01,8.00e+01,4.00e+01
-4.39e+02,-1.32e+02,8.00e+01,4.00e+01
-2.20e+02,-4.48e+01,8.10e+01,4.10e+01
-1.66e+02,-7.25e+01,9.00e+01,4.10e+01
-2.20e+02,-4.40e+01,8.00e+01,4.00e+01
-1.86e+02,-9.33e+01,9.00e+01,4.10e+01
-2.18e+02,-4.00e+01,8.00e+01,4.00e+01
-1.64e+02,-6.15e+01,8.80e+01,4.00e+01
-1.74e+02,-6.98e+01,9.00e+01,4.10e+01
-1.71e+02,-8.99e+01,9.20e+01,4.10e+01
-1.80e+02,-7.34e+01,8.90e+01,4.10e+01
-1.68e+02,-7.47e+01,8.80e+01,4.00e+01
-2.87e+02,-5.89e+01,8.10e+01,4.00e+01
-2.27e+02,-8.13e+01,8.00e+01,4.00e+01
-2.19e+02,-4.79e+01,7.90e+01,4.00e+01
-2.20e+02,-4.36e+01,7.90e+01,4.00e+01
-2.24e+02,-4.37e+01,8.10e+01,4.10e+01
-2.17e+02,-4.50e+01,8.30e+01,4.10e+01
-2.21e+02,-5.40e+01,8.30e+01,4.10e+01
-1.60e+02,-7.05e+01,8.80e+01,4.00e+01
-1.97e+02,-9.14e+01,8.90e+01,4.00e+01
-2.20e+02,-4.63e+01,8.40e+01,4.20e+01
-1.67e+02,-7.39e+01,8.80e+01,4.00e+01
-1.70e+02,-7.19e+01,9.10e+01,4.10e+01
-2.21e+02,-4.44e+01,8.00e+01,4.00e+01
-1.76e+02,-6.98e+01,9.10e+01,4.20e+01
-2.93e+02,-6.71e+01,9.10e+01,4.20e+01
-1.72e+02,-5.86e+01,9.00e+01,4.10e+01
-2.26e+02,-4.98e+01,8.00e+01,4.00e+01
-1.64e+02,-6.93e+01,8.80e+01,4.00e+01
-5.00e+02,-5.00e+02,8.90e+01,4.10e+01
-2.26e+02,-5.76e+01,8.10e+01,4.10e+01
-1.64e+02,-7.08e+01,8.90e+01,4.10e+01
-2.25e+02,-6.27e+01,8.40e+01,4.30e+01
-2.28e+02,-8.07e+01,8.20e+01,4.10e+01
-2.34e+02,-4.55e+01,8.00e+01,4.00e+01
-2.21e+02,-5.50e+01,8.50e+01,4.30e+01
-1.68e+02,-6.01e+01,9.00e+01,4.10e+01
-2.21e+02,-4.52e+01,7.90e+01,4.00e+01
-1.61e+02,-6.09e+01,9.10e+01,4.20e+01
-1.72e+02,-7.14e+01,9.20e+01,4.20e+01
-2.25e+02,-7.23e+01,8.00e+01,4.00e+01
