-2.18e+02,-4.84e+01,1.81e+02,7.70e+01
-1.29e+02,-6.97e+01,2.07e+02,8.30e+01
-1.78e+02,-5.62e+01,1.98e+02,7.60e+01
-2.16e+02,-4.57e+01,1.88e+02,8.10e+01
-1.18e+02,-5.91e+01,2.01e+02,7.90e+01
-1.18e+02,-6.03e+01,2.02e+02,8.00e+01
-1.18e+02,-6.61e+01,2.03e+02,8.10e+01
-2.20e+02,-4.69e+01,1.84e+02,7.90e+01
-2.19e+02,-4.39e+01,1.83e+02,7.80e+01
-2.18e+02,-4.15e+01,1.81e+02,7.70e+01
-1.26e+02,-7.01e+01,2.07e+02,8.30e+01
-2.20e+02,-4.63e+01,1.89e+02,8.20e+01
-1.81e+02,-8.13e+01,1.98e+02,7.60e+01
-1.20e+02,-7.50e+01,2.02e+02,8.00e+01
-1.75e+02,-6.17e+01,1.99e+02,7.70e+01
-2.16e+02,-4.74e+01,1.86e+02,8.00e+01
-2.16e+02,-4.20e+01,1.83e+02,7.80e+01
-2.21e+02,-5.41e+01,1.82e+02,7.80e+01
-1.24e+02,-5.87e+01,2.04e+02,8.00e+01
-2.25e+02,-6.13e+01,1.88e+02,8.10e+01
-1.84e+02,-8.88e+01,2.08e+02,8.30e+01
-2.21e+02,-4.43e+01,1.81e+02,7.70e+01
-2.14e+02,-4.84e+01,1.81e+02,7.70e+01
-1.22e+02,-6.69e+01,2.07e+02,8.20e+01
-2.26e+02,-6.51e+01,1.90e+02,8.20e+01
-2.79e+02,-6.41e+01,1.86e+02,7.90e+01
-2.17e+02,-4.89e+01,1.90e+02,8.20e+01
-1.18e+02,-6.79e+01,2.06e+02,8.20e+01
-1.86e+02,-8.08e+01,1.98e+02,7.60e+01
-1.81e+02,-9.00e+01,2.07e+02,8.30e+01
-2.21e+02,-4.63e+01,1.89e+02,8.20e+01
-2.17e+02,-4.04e+01,1.90e+02,8.30e+01
-2.49e+02,-6.74e+01,2.05e+02,8.10e+01
-2.20e+02,-3.86e+01,1.83e+02,7.80e+01
-1.17e+02,-5.99e+01,2.09e+02,8.40e+01
-1.18e+02,-6.11e+01,2.02e+02,8.00e+01
-1.26e+02,-7.38e+01,2.02e+02,8.00e+01
-4.45e+02,-1.70e+02,1.98e+02,7.60e+01
-2.16e+02,-4.65e+01,1.83e+02,7.80e+01
-1.29e+02,-7.29e+01,2.03e+02,8.10e+01
-1.26e+02,-8.17e+01,2.07e+02,8.30e+01
-2.24e+02,-4.97e+01,1.81e+02,7.70e+01
-2.25e+02,-5.53e+01,1.84e+02,7.90e+01
-1.23e+02,-6.65e+01,2.03e+02,8.10e+01
-1.17e+02,-5.92e+01,2.08e+02,8.30e+01
-1.75e+02,-7.26e+01,1.98e+02,7.60e+01
-1.78e+02,-7.68e+01,2.00e+02,7.70e+01
-1.13e+02,-5.86e+01,2.03e+02,8.10e+01
-2.18e+02,-4.37e+01,1.89e+02,8.20e+01
-2.17e+02,-4.19e+01,1.88e+02,8.10e+01
-1.79e+02,-6.80e+01,1.99e+02,7.70e+01
-1.82e+02,-6.51e+01,1.98e+02,7.60e+01
-2.03e+02,-7.30e+01,2.03e+02,8.10e+01
-1.10e+02,-7.31e+01,2.02e+02,7.90e+01
-2.19e+02,-4.37e+01,1.85e+02,7.90e+01
-2.23e+02,-6.24e+01,1.81e+02,7.70e+01
-2.17e+02,-4.04e+01,1.85e+02,7.90e+01
-1.83e+02,-6.51e+01,2.00e+02,7.70e+01
-2.15e+02,-4.61e+01,1.88e+02,8.10e+01
-1.20e+02,-6.50e+01,2.04e+02,8.00e+01
-1.15e+02,-6.57e+01,2.03e+02,8.00e+01
-1.84e+02,-6.93e+01,2.01e+02,7.80e+01
-1.17e+02,-7.28e+01,2.05e+02,8.00e+01
-1.34e+02,-6.52e+01,2.07e+02,8.30e+01
-1.22e+02,-5.85e+01,2.04e+02,8.00e+01
-2.21e+02,-4.32e+01,1.83e+02,7.80e+01
-1.28e+02,-6.73e+01,2.03e+02,8.00e+01
-2.18e+02,-4.98e+01,1.89e+02,8.10e+01
-2.16e+02,-4.02e+01,1.89e+02,8.20e+01
-1.21e+02,-6.48e+01,2.01e+02,7.90e+01
-2.92e+02,-5.62e+01,1.87e+02,8.00e+01
-1.42e+02,-6.85e+01,2.07e+02,8.30e+01
-1.33e+02,-7.16e+01,2.02e+02,8.00e+01
-1.31e+02,-7.77e+01,2.02e+02,7.90e+01
-2.22e+02,-5.98e+01,1.84e+02,7.90e+01
-2.17e+02,-3.94e+01,1.84e+02,7.90e+01
-2.17e+02,-5.07e+01,1.88e+02,8.10e+01
-2.27e+02,-4.39e+01,1.85e+02,8.00e+01
-2.28e+02,-4.91e+01,1.82e+02,7.80e+01
-2.18e+02,-5.31e+01,1.83e+02,7.80e+01
-2.17e+02,-4.57e+01,1.86e+02,8.00e+01
-3.55e+02,-8.37e+01,1.89e+02,8.10e+01
-3.68e+02,-1.46e+02,2.03e+02,8.00e+01
-1.11e+02,-6.11e+01,2.03e+02,8.00e+01
-2.27e+02,-3.95e+01,1.82e+02,7.80e+01
-2.13e+02,-4.39e+01,1.87e+02,8.00e+01
-3.41e+02,-1.48e+02,2.04e+02,8.10e+01
-1.22e+02,-5.91e+01,2.01e+02,7.90e+01
-1.83e+02,-7.35e+01,2.00e+02,7.70e+01
-1.72e+02,-5.69e+01,1.99e+02,7.70e+01
-1.31e+02,-7.19e+01,2.07e+02,8.30e+01
-2.16e+02,-4.78e+01,1.81e+02,7.70e+01
-2.26e+02,-4.18e+01,1.81e+02,7.70e+01
-2.21e+02,-4.48e+01,1.88e+02,8.10e+01
-2.27e+02,-6.04e+01,1.81e+02,7.70e+01
-2.18e+02,-4.47e+01,1.88e+02,8.10e+01
-1.79e+02,-5.46e+01,2.00e+02,7.70e+01
-2.26e+02,-7.24e+01,1.81e+02,7.70e+01
-2.24e+02,-4.67e+01,1.89e+02,8.10e+01
-2.98e+02,-4.93e+01,1.86e+02,8.00e+01
-1.32e+02,-7.47e+01,2.02e+02,7.90e+01
-1.80e+02,-5.47e+01,1.98e+02,7.60e+01
-1.66e+02,-8.57e+01,2.03e+02,8.00e+01
-1.88e+02,-6.66e+01,1.99e+02,7.60e+01
-1.24e+02,-7.76e+01,2.03e+02,8.10e+01
-2.13e+02,-4.61e+01,1.84e+02,7.80e+01
-1.25e+02,-5.94e+01,2.05e+02,8.00e+01
-1.18e+02,-6.70e+01,2.01e+02,7.90e+01
-2.19e+02,-4.99e+01,1.85e+02,8.00e+01
-1.15e+02,-5.59e+01,2.08e+02,8.40e+01
-1.38e+02,-8.51e+01,2.02e+02,7.90e+01
-2.19e+02,-3.73e+01,1.89e+02,8.20e+01
-1.11e+02,-6.16e+01,2.08e+02,8.40e+01
-2.22e+02,-4.61e+01,1.84e+02,7.90e+01
-2.20e+02,-5.81e+01,1.89e+02,8.20e+01
-1.73e+02,-5.12e+01,2.00e+02,7.70e+01
-2.24e+02,-5.66e+01,1.84e+02,7.80e+01
-2.17e+02,-4.73e+01,1.84e+02,7.90e+01
-1.25e+02,-8.04e+01,2.08e+02,8.30e+01
-1.25e+02,-6.37e+01,2.03e+02,8.00e+01
-2.20e+02,-4.33e+01,1.81e+02,7.70e+01
-2.94e+02,-5.94e+01,1.81e+02,7.70e+01
-1.78e+02,-5.66e+01,1.98e+02,7.60e+01
-2.18e+02,-4.69e+01,1.85e+02,7.90e+01
-2.21e+02,-3.79e+01,1.83e+02,7.80e+01
-2.19e+02,-4.85e+01,1.87e+02,8.10e+01
-2.16e+02,-4.19e+01,1.90e+02,8.20e+01
-2.20e+02,-5.05e+01,1.90e+02,8.20e+01
-1.19e+02,-6.14e+01,2.08e+02,8.30e+01
-1.21e+02,-7.90e+01,2.09e+02,8.40e+01
-2.25e+02,-6.57e+01,1.85e+02,7.90e+01
-2.18e+02,-4.39e+01,1.81e+02,7.70e+01
-1.21e+02,-7.08e+01,2.08e+02,8.30e+01
-2.22e+02,-4.75e+01,1.82e+02,7.70e+01
-2.15e+02,-4.60e+01,1.86e+02,8.00e+01
-2.18e+02,-4.85e+01,1.83e+02,7.80e+01
-1.72e+02,-6.05e+01,2.02e+02,8.00e+01
-2.20e+02,-5.16e+01,1.81e+02,7.70e+01
-1.85e+02,-6.55e+01,2.00e+02,7.70e+01
-1.27e+02,-6.97e+01,2.05e+02,8.20e+01
-2.21e+02,-5.47e+01,1.90e+02,8.20e+01
-2.21e+02,-4.25e+01,1.85e+02,7.90e+01
-1.28e+02,-6.77e+01,2.06e+02,8.20e+01
-2.18e+02,-5.26e+01,1.82e+02,7.80e+01
-2.20e+02,-5.58e+01,1.90e+02,8.20e+01
-2.16e+02,-4.53e+01,1.86e+02,8.00e+01
-1.30e+02,-6.71e+01,2.05e+02,8.20e+01
-1.72e+02,-6.01e+01,1.98e+02,7.60e+01
-1.24e+02,-7.12e+01,2.04e+02,7.90e+01
-3.65e+02,-8.51e+01,1.85e+02,8.00e+01
-1.83e+02,-8.56e+01,2.08e+02,8.30e+01
-1.13e+02,-6.49e+01,2.07e+02,8.30e+01
-2.16e+02,-4.73e+01,1.84e+02,7.90e+01
-1.19e+02,-6.48e+01,2.03e+02,8.00e+01
-1.26e+02,-6.48e+01,2.04e+02,8.00e+01
-1.81e+02,-8.34e+01,1.98e+02,7.60e+01
-2.17e+02,-5.04e+01,1.83e+02,7.80e+01
-1.81e+02,-6.98e+01,2.00e+02,7.70e+01
-2.27e+02,-5.62e+01,1.84e+02,7.80e+01
-2.27e+02,-4.85e+01,1.81e+02,7.70e+01
-1.16e+02,-7.19e+01,2.02e+02,7.90e+01
-2.17e+02,-4.59e+01,1.90e+02,8.20e+01
-1.24e+02,-7.33e+01,2.03e+02,8.10e+01
-1.85e+02,-5.61e+01,2.00e+02,7.70e+01
-2.23e+02,-8.00e+01,1.83e+02,7.80e+01
-1.20e+02,-6.68e+01,2.04e+02,8.10e+01
-2.30e+02,-4.69e+01,1.84e+02,7.90e+01
-2.23e+02,-4.63e+01,1.83e+02,7.80e+01
-2.17e+02,-4.05e+01,1.84e+02,7.90e+01
-2.35e+02,-4.57e+01,1.82e+02,7.70e+01
-1.34e+02,-6.16e+01,2.03e+02,8.10e+01
-2.23e+02,-4.52e+01,1.81e+02,7.70e+01
-1.13e+02,-6.84e+01,2.01e+02,7.90e+01
-2.14e+02,-5.36e+01,1.83e+02,7.80e+01
-2.24e+02,-4.87e+01,1.83e+02,7.80e+01
-1.20e+02,-6.41e+01,2.04e+02,8.10e+01
-1.98e+02,-6.82e+01,2.03e+02,8.00e+01
-1.80e+02,-5.58e+01,2.00e+02,7.70e+01
-2.22e+02,-4.89e+01,1.83e+02,7.80e+01
-1.15e+02,-6.68e+01,2.07e+02,8.30e+01
-2.67e+02,-6.78e+01,1.83e+02,7.80e+01
-1.38e+02,-5.50e+01,2.02e+02,7.90e+01
-1.26e+02,-6.10e+01,2.04e+02,7.90e+01
-2.17e+02,-4.53e+01,1.88e+02,8.10e+01
-2.19e+02,-5.59e+01,1.83e+02,7.80e+01
-1.24e+02,-6.78e+01,2.02e+02,8.00e+01
-1.80e+02,-7.96e+01,1.99e+02,7.70e+01
-2.17e+02,-3.98e+01,1.82e+02,7.70e+01
-1.81e+02,-6.55e+01,1.98e+02,7.60e+01
-2.19e+02,-5.04e+01,1.85e+02,7.90e+01
-2.29e+02,-6.21e+01,1.81e+02,7.70e+01
-1.25e+02,-6.75e+01,2.03e+02,8.10e+01
