-2.17e+02,-4.34e+01,1.97e+02,8.20e+01
-1.20e+02,-5.42e+01,2.22e+02,8.80e+01
-1.29e+02,-5.65e+01,2.15e+02,8.40e+01
-2.16e+02,-4.41e+01,2.01e+02,8.40e+01
-1.24e+02,-6.10e+01,2.19e+02,8.50e+01
-1.23e+02,-6.07e+01,2.16e+02,8.40e+01
-2.19e+02,-4.85e+01,2.00e+02,8.30e+01
-2.25e+02,-4.26e+01,1.99e+02,8.40e+01
-2.16e+02,-4.36e+01,1.98e+02,8.20e+01
-1.21e+02,-5.37e+01,2.18e+02,8.50e+01
-1.14e+02,-5.95e+01,2.17e+02,8.40e+01
-2.18e+02,-4.07e+01,1.97e+02,8.20e+01
-1.29e+02,-9.84e+01,2.22e+02,8.80e+01
-1.28e+02,-5.38e+01,2.15e+02,8.40e+01
-2.20e+02,-4.13e+01,2.00e+02,8.30e+01
-1.28e+02,-6.35e+01,2.19e+02,8.50e+01
-2.18e+02,-4.76e+01,1.98e+02,8.30e+01
-2.18e+02,-3.81e+01,1.99e+02,8.40e+01
-1.23e+02,-6.29e+01,2.18e+02,8.50e+01
-2.82e+02,-4.56e+01,2.02e+02,8.50e+01
-2.17e+02,-4.18e+01,1.97e+02,8.20e+01
-2.23e+02,-4.92e+01,2.01e+02,8.30e+01
-2.23e+02,-4.42e+01,2.02e+02,8.40e+01
-1.24e+02,-6.46e+01,2.18e+02,8.50e+01
-1.21e+02,-6.45e+01,2.21e+02,8.60e+01
-2.17e+02,-5.46e+01,1.98e+02,8.30e+01
-2.19e+02,-4.96e+01,1.99e+02,8.30e+01
-2.17e+02,-4.87e+01,2.01e+02,8.40e+01
-1.33e+02,-6.14e+01,2.17e+02,8.50e+01
-1.23e+02,-5.86e+01,2.18e+02,8.50e+01
-1.89e+02,-6.88e+01,2.19e+02,8.50e+01
-1.43e+02,-6.96e+01,2.17e+02,8.40e+01
-2.18e+02,-5.49e+01,1.97e+02,8.20e+01
-1.15e+02,-6.35e+01,2.18e+02,8.50e+01
-1.28e+02,-6.26e+01,2.20e+02,8.50e+01
-2.43e+02,-6.44e+01,2.16e+02,8.40e+01
-1.19e+02,-6.27e+01,2.16e+02,8.40e+01
-2.25e+02,-4.82e+01,1.98e+02,8.20e+01
-2.16e+02,-6.14e+01,2.01e+02,8.40e+01
-2.16e+02,-4.39e+01,2.01e+02,8.50e+01
-2.24e+02,-5.12e+01,1.99e+02,8.40e+01
-2.24e+02,-5.13e+01,1.99e+02,8.30e+01
-3.65e+02,-8.69e+01,1.99e+02,8.20e+01
-1.20e+02,-5.75e+01,2.18e+02,8.40e+01
-1.27e+02,-5.88e+01,2.18e+02,8.50e+01
-1.24e+02,-5.18e+01,2.17e+02,8.50e+01
-2.98e+02,-6.79e+01,2.02e+02,8.50e+01
-2.19e+02,-4.70e+01,2.00e+02,8.40e+01
-2.21e+02,-4.52e+01,1.98e+02,8.30e+01
-2.21e+02,-5.30e+01,1.97e+02,8.20e+01
-1.13e+02,-6.55e+01,2.20e+02,8.70e+01
-1.31e+02,-5.54e+01,2.20e+02,8.60e+01
-1.33e+02,-8.25e+01,2.17e+02,8.50e+01
-4.58e+02,-2.50e+02,2.17e+02,8.50e+01
-1.25e+02,-5.31e+01,2.19e+02,8.50e+01
-1.27e+02,-5.32e+01,2.17e+02,8.50e+01
-1.30e+02,-5.93e+01,2.23e+02,8.90e+01
-2.21e+02,-5.42e+01,2.01e+02,8.50e+01
-2.46e+02,-8.07e+01,2.15e+02,8.40e+01
-1.22e+02,-5.90e+01,2.22e+02,8.80e+01
-2.61e+02,-6.50e+01,2.16e+02,8.40e+01
-1.17e+02,-5.71e+01,2.16e+02,8.40e+01
-3.64e+02,-7.95e+01,1.98e+02,8.30e+01
-4.01e+02,-8.30e+01,1.98e+02,8.20e+01
-1.15e+02,-6.11e+01,2.17e+02,8.50e+01
-1.84e+02,-8.08e+01,2.17e+02,8.40e+01
-2.47e+02,-6.00e+01,2.16e+02,8.50e+01
-1.17e+02,-5.57e+01,2.18e+02,8.50e+01
-1.32e+02,-6.94e+01,2.24e+02,8.90e+01
-2.29e+02,-5.35e+01,2.02e+02,8.40e+01
-2.19e+02,-5.35e+01,1.99e+02,8.30e+01
-2.20e+02,-4.36e+01,1.98e+02,8.20e+01
-1.24e+02,-5.93e+01,2.23e+02,8.80e+01
-2.37e+02,-1.05e+02,2.23e+02,8.90e+01
-2.19e+02,-4.39e+01,1.99e+02,8.30e+01
-1.27e+02,-5.96e+01,2.20e+02,8.60e+01
-2.21e+02,-5.14e+01,1.99e+02,8.30e+01
-2.20e+02,-6.19e+01,2.02e+02,8.50e+01
-3.55e+02,-5.27e+01,1.97e+02,8.20e+01
-1.24e+02,-7.57e+01,2.16e+02,8.40e+01
-1.14e+02,-6.26e+01,2.18e+02,8.50e+01
-2.23e+02,-5.34e+01,1.97e+02,8.20e+01
-1.27e+02,-7.41e+01,2.24e+02,8.90e+01
-2.18e+02,-4.56e+01,2.00e+02,8.40e+01
-2.14e+02,-4.59e+01,1.99e+02,8.30e+01
-1.18e+02,-6.24e+01,2.22e+02,8.80e+01
-2.19e+02,-4.83e+01,2.02e+02,8.40e+01
-2.09e+02,-1.08e+02,2.18e+02,8.60e+01
-1.22e+02,-7.34e+01,2.22e+02,8.80e+01
-2.20e+02,-4.24e+01,2.01e+02,8.50e+01
-1.36e+02,-6.33e+01,2.23e+02,8.80e+01
-2.18e+02,-4.22e+01,1.99e+02,8.30e+01
-2.23e+02,-4.98e+01,2.00e+02,8.30e+01
-1.20e+02,-7.27e+01,2.16e+02,8.50e+01
-2.22e+02,-4.22e+01,2.01e+02,8.50e+01
-2.22e+02,-6.30e+01,2.02e+02,8.50e+01
-2.18e+02,-4.78e+01,1.97e+02,8.20e+01
-1.10e+02,-5.88e+01,2.22e+02,8.70e+01
-2.20e+02,-4.29e+01,2.00e+02,8.30e+01
-2.25e+02,-5.04e+01,1.99e+02,8.30e+01
-2.21e+02,-5.50e+01,1.98e+02,8.20e+01
-2.19e+02,-4.61e+01,1.97e+02,8.20e+01
-1.21e+02,-5.67e+01,2.18e+02,8.50e+01
-4.76e+02,-3.57e+02,2.00e+02,8.30e+01
-2.27e+02,-4.90e+01,2.03e+02,8.60e+01
-1.45e+02,-6.49e+01,2.20e+02,8.50e+01
-2.21e+02,-3.59e+01,1.97e+02,8.20e+01
-1.25e+02,-6.11e+01,2.24e+02,8.90e+01
-1.27e+02,-5.09e+01,2.17e+02,8.40e+01
-1.33e+02,-6.61e+01,2.17e+02,8.40e+01
-1.21e+02,-5.16e+01,2.16e+02,8.40e+01
-2.64e+02,-6.19e+01,2.00e+02,8.30e+01
-1.16e+02,-6.07e+01,2.19e+02,8.50e+01
-1.15e+02,-5.67e+01,2.15e+02,8.40e+01
-1.21e+02,-7.18e+01,2.17e+02,8.50e+01
-1.20e+02,-7.21e+01,2.16e+02,8.40e+01
-2.18e+02,-4.87e+01,2.01e+02,8.40e+01
-1.30e+02,-5.99e+01,2.17e+02,8.40e+01
-2.14e+02,-4.32e+01,2.01e+02,8.50e+01
-2.83e+02,-5.63e+01,2.01e+02,8.40e+01
-1.19e+02,-7.81e+01,2.19e+02,8.50e+01
-2.14e+02,-5.70e+01,2.00e+02,8.30e+01
-1.22e+02,-6.17e+01,2.17e+02,8.40e+01
-1.25e+02,-8.43e+01,2.15e+02,8.40e+01
-2.25e+02,-4.46e+01,2.02e+02,8.40e+01
-2.17e+02,-4.06e+01,1.99e+02,8.30e+01
-2.20e+02,-4.88e+01,2.00e+02,8.40e+01
-2.17e+02,-5.49e+01,2.02e+02,8.50e+01
-2.23e+02,-5.08e+01,2.02e+02,8.40e+01
-1.31e+02,-5.39e+01,2.16e+02,8.40e+01
-1.26e+02,-7.73e+01,2.19e+02,8.60e+01
-1.25e+02,-5.48e+01,2.19e+02,8.50e+01
-1.24e+02,-5.39e+01,2.23e+02,8.90e+01
-1.23e+02,-7.17e+01,2.17e+02,8.50e+01
-1.38e+02,-6.56e+01,2.16e+02,8.40e+01
-1.19e+02,-6.18e+01,2.15e+02,8.40e+01
-2.25e+02,-3.81e+01,1.97e+02,8.20e+01
-4.70e+02,-3.19e+02,2.02e+02,8.40e+01
-1.84e+02,-5.90e+01,2.18e+02,8.40e+01
-2.89e+02,-6.68e+01,2.01e+02,8.40e+01
-1.16e+02,-5.94e+01,2.23e+02,8.80e+01
-1.28e+02,-6.25e+01,2.18e+02,8.50e+01
-1.25e+02,-4.98e+01,2.20e+02,8.50e+01
-2.18e+02,-4.82e+01,2.01e+02,8.40e+01
-1.14e+02,-5.12e+01,2.24e+02,8.90e+01
-2.22e+02,-5.88e+01,2.00e+02,8.30e+01
-1.29e+02,-6.20e+01,2.16e+02,8.50e+01
-2.22e+02,-4.60e+01,2.01e+02,8.30e+01
-2.20e+02,-4.45e+01,2.00e+02,8.50e+01
-2.25e+02,-4.28e+01,2.02e+02,8.40e+01
-2.17e+02,-3.57e+01,1.97e+02,8.20e+01
-2.22e+02,-6.53e+01,2.01e+02,8.40e+01
-1.24e+02,-6.63e+01,2.19e+02,8.50e+01
-3.33e+02,-6.96e+01,2.02e+02,8.40e+01
-2.24e+02,-6.42e+01,1.99e+02,8.40e+01
-1.22e+02,-6.88e+01,2.15e+02,8.40e+01
-2.13e+02,-9.90e+01,2.19e+02,8.60e+01
-2.23e+02,-4.60e+01,2.00e+02,8.30e+01
-1.22e+02,-6.35e+01,2.18e+02,8.50e+01
-1.23e+02,-6.99e+01,2.15e+02,8.40e+01
-1.20e+02,-5.09e+01,2.22e+02,8.80e+01
-2.19e+02,-5.28e+01,1.97e+02,8.20e+01
-1.18e+02,-6.86e+01,2.22e+02,8.60e+01
-1.25e+02,-6.25e+01,2.16e+02,8.50e+01
-1.52e+02,-5.75e+01,2.21e+02,8.70e+01
-1.29e+02,-6.39e+01,2.23e+02,8.90e+01
-2.24e+02,-6.18e+01,1.99e+02,8.40e+01
-1.20e+02,-6.78e+01,2.16e+02,8.40e+01
-2.15e+02,-4.43e+01,1.97e+02,8.20e+01
-4.48e+02,-1.87e+02,2.22e+02,8.80e+01
-1.18e+02,-6.46e+01,2.18e+02,8.50e+01
-2.19e+02,-5.07e+01,2.00e+02,8.30e+01
-1.23e+02,-6.88e+01,2.17e+02,8.50e+01
-1.21e+02,-5.83e+01,2.18e+02,8.50e+01
-1.22e+02,-5.44e+01,2.23e+02,8.80e+01
-1.28e+02,-6.42e+01,2.16e+02,8.40e+01
-2.19e+02,-4.98e+01,1.98e+02,8.20e+01
-1.27e+02,-5.80e+01,2.18e+02,8.50e+01
-2.20e+02,-6.20e+01,2.00e+02,8.30e+01
-1.26e+02,-6.34e+01,2.17e+02,8.50e+01
-1.43e+02,-6.36e+01,2.23e+02,8.80e+01
-1.27e+02,-6.29e+01,2.16e+02,8.40e+01
-3.76e+02,-8.13e+01,2.00e+02,8.40e+01
-1.31e+02,-7.21e+01,2.18e+02,8.50e+01
-1.88e+02,-7.22e+01,2.16e+02,8.40e+01
-2.18e+02,-4.73e+01,1.98e+02,8.20e+01
-1.34e+02,-8.16e+01,2.16e+02,8.40e+01
-1.24e+02,-6.23e+01,2.23e+02,8.80e+01
-3.25e+02,-1.25e+02,2.20e+02,8.50e+01
-1.27e+02,-6.74e+01,2.21e+02,8.60e+01
-2.16e+02,-4.97e+01,1.97e+02,8.20e+01
-2.18e+02,-5.13e+01,1.98e+02,8.30e+01
