2.67e+00,2.24e+02,8.60e+01,4.40e+01
7.21e+00,2.60e+02,9.10e+01,4.70e+01
-3.88e+00,3.23e+02,8.50e+01,4.40e+01
2.03e+01,4.56e+02,8.70e+01,4.60e+01
1.25e+01,3.34e+02,9.00e+01,4.70e+01
-8.87e+00,1.73e+02,9.00e+01,4.40e+01
-1.03e+00,1.79e+02,8.60e+01,4.50e+01
4.47e+01,4.86e+02,8.60e+01,4.60e+01
9.87e+00,3.52e+02,8.50e+01,4.50e+01
-9.81e+00,1.74e+02,8.50e+01,4.50e+01
3.44e+01,3.73e+02,8.50e+01,4.50e+01
1.40e+01,3.34e+02,8.50e+01,4.40e+01
2.14e+00,2.50e+02,8.60e+01,4.50e+01
4.66e+01,4.75e+02,8.70e+01,4.60e+01
-2.79e+01,5.71e+01,9.40e+01,4.80e+01
1.73e+01,2.56e+02,8.50e+01,4.40e+01
2.87e+01,3.25e+02,8.70e+01,4.60e+01
-1.67e+00,2.87e+02,8.80e+01,4.70e+01
5.53e+01,5.36e+02,8.80e+01,4.60e+01
4.68e+01,4.66e+02,9.10e+01,4.60e+01
2.35e+01,2.44e+02,8.50e+01,4.40e+01
3.31e+01,4.69e+02,8.50e+01,4.40e+01
5.26e+01,3.78e+02,8.60e+01,4.40e+01
4.53e+01,3.95e+02,8.60e+01,4.50e+01
2.90e+01,4.14e+02,8.60e+01,4.40e+01
2.27e+01,3.51e+02,8.70e+01,4.70e+01
1.94e+01,3.15e+02,8.60e+01,4.40e+01
1.48e+01,3.40e+02,8.60e+01,4.50e+01
3.93e+01,4.85e+02,9.30e+01,4.80e+01
2.65e+01,3.35e+02,9.10e+01,4.80e+01
3.49e+01,4.49e+02,9.10e+01,4.70e+01
3.93e+01,4.92e+02,8.40e+01,4.40e+01
3.86e+01,3.29e+02,8.60e+01,4.40e+01
5.04e+01,4.61e+02,8.70e+01,4.50e+01
6.55e-01,6.53e+01,8.70e+01,4.60e+01
7.14e+00,3.24e+02,8.50e+01,4.50e+01
4.18e+01,4.75e+02,8.80e+01,4.60e+01
3.28e+01,3.21e+02,8.40e+01,4.40e+01
2.10e+01,3.00e+02,8.90e+01,4.70e+01
4.03e+00,1.72e+02,8.70e+01,4.60e+01
-2.48e+01,1.67e+02,8.60e+01,4.60e+01
-2.29e+01,1.08e+02,8.80e+01,4.60e+01
2.45e+00,1.77e+02,8.50e+01,4.40e+01
2.94e+01,3.12e+02,8.40e+01,4.40e+01
-2.70e+01,1.52e+02,8.60e+01,4.40e+01
5.10e+01,4.77e+02,8.60e+01,4.50e+01
4.26e+01,4.55e+02,8.70e+01,4.60e+01
1.83e+01,3.01e+02,8.60e+01,4.40e+01
9.09e+00,2.99e+02,8.70e+01,4.50e+01
-3.05e+01,2.19e+00,8.70e+01,4.60e+01
3.70e+01,4.43e+02,8.50e+01,4.40e+01
2.89e+01,3.29e+02,8.60e+01,4.40e+01
1.67e+01,3.11e+02,8.50e+01,4.50e+01
-1.34e+01,1.11e+02,8.50e+01,4.50e+01
1.57e+01,3.15e+02,8.80e+01,4.60e+01
2.17e+01,4.29e+02,8.70e+01,4.50e+01
1.73e+01,3.40e+02,9.10e+01,4.70e+01
4.07e+01,4.74e+02,8.90e+01,4.40e+01
2.50e+01,3.34e+02,9.10e+01,4.80e+01
5.61e+01,4.99e+02,8.70e+01,4.40e+01
1.31e+01,3.24e+02,8.80e+01,4.70e+01
5.97e+00,3.27e+02,9.40e+01,4.80e+01
5.46e+01,5.00e+02,9.00e+01,4.70e+01
-1.50e+01,1.91e+01,9.00e+01,4.40e+01
9.06e+00,1.94e+02,8.60e+01,4.40e+01
2.22e+01,3.09e+02,8.80e+01,4.70e+01
4.59e+01,4.21e+02,9.20e+01,4.80e+01
1.63e+01,2.90e+02,8.70e+01,4.60e+01
4.00e+01,4.38e+02,8.70e+01,4.60e+01
1.56e+01,3.01e+02,8.60e+01,4.50e+01
1.03e+01,3.01e+02,8.60e+01,4.40e+01
4.00e+01,4.93e+02,8.40e+01,4.40e+01
1.81e+01,3.80e+02,8.80e+01,4.60e+01
4.93e+01,4.77e+02,8.60e+01,4.50e+01
-4.27e+01,3.66e+01,9.10e+01,4.70e+01
-2.08e+01,1.51e+02,9.00e+01,4.70e+01
3.85e+01,4.87e+02,8.60e+01,4.40e+01
3.34e+01,4.66e+02,8.40e+01,4.40e+01
-1.33e+01,1.73e+02,8.70e+01,4.60e+01
-9.68e+00,1.70e+02,9.20e+01,4.70e+01
1.88e+01,3.03e+02,9.00e+01,4.70e+01
-3.69e+01,9.58e+01,8.60e+01,4.40e+01
-3.69e+01,1.54e+02,9.10e+01,4.70e+01
-1.28e+01,1.61e+02,8.70e+01,4.70e+01
2.62e+01,4.43e+02,8.70e+01,4.40e+01
5.13e+01,4.51e+02,9.40e+01,4.80e+01
-1.30e+01,1.21e+02,8.80e+01,4.50e+01
6.09e+01,4.77e+02,8.80e+01,4.60e+01
1.54e+01,3.25e+02,8.70e+01,4.60e+01
2.53e+01,3.38e+02,8.50e+01,4.40e+01
3.90e+01,3.85e+02,8.60e+01,4.50e+01
2.06e+01,3.26e+02,8.80e+01,4.60e+01
-7.22e+00,1.68e+02,8.70e+01,4.70e+01
-3.33e-01,4.01e+02,8.80e+01,4.60e+01
1.75e+01,3.07e+02,8.60e+01,4.50e+01
4.92e+01,5.08e+02,8.70e+01,4.60e+01
3.54e+01,3.33e+02,8.60e+01,4.50e+01
-2.29e+01,0.00e+00,8.50e+01,4.40e+01
-1.44e+01,8.06e+01,8.70e+01,4.60e+01
2.75e+01,3.95e+02,8.60e+01,4.50e+01
2.06e+01,3.41e+02,8.70e+01,4.60e+01
4.45e+01,4.82e+02,8.70e+01,4.50e+01
1.98e+00,1.75e+02,8.60e+01,4.60e+01
4.63e+01,4.92e+02,9.40e+01,4.90e+01
1.29e+01,3.29e+02,8.50e+01,4.50e+01
2.14e+01,3.77e+02,8.50e+01,4.40e+01
5.24e+01,4.94e+02,8.50e+01,4.40e+01
-5.57e+00,3.04e+02,8.60e+01,4.40e+01
-4.20e+00,2.01e+02,8.70e+01,4.50e+01
-5.86e-01,3.19e+02,8.50e+01,4.50e+01
2.19e+01,3.17e+02,8.60e+01,4.50e+01
4.79e+01,4.49e+02,8.50e+01,4.40e+01
4.26e+01,4.61e+02,9.10e+01,4.70e+01
4.52e+00,3.39e+02,8.60e+01,4.40e+01
1.94e+01,3.46e+02,8.80e+01,4.60e+01
1.55e+01,3.10e+02,8.60e+01,4.50e+01
2.55e+01,3.26e+02,8.60e+01,4.60e+01
-1.54e+01,1.94e+02,8.70e+01,4.50e+01
-7.46e-01,3.49e+02,9.00e+01,4.70e+01
-9.75e+00,1.60e+02,9.20e+01,4.70e+01
3.93e+01,4.98e+02,8.40e+01,4.40e+01
6.14e+01,5.28e+02,8.50e+01,4.50e+01
-3.55e+01,7.16e+01,8.80e+01,4.60e+01
-3.75e+00,3.22e+02,8.60e+01,4.50e+01
-1.87e+00,3.15e+02,9.10e+01,4.40e+01
-9.15e+00,2.67e+02,9.00e+01,4.40e+01
3.68e+01,4.42e+02,8.70e+01,4.60e+01
7.22e+00,1.62e+02,8.60e+01,4.40e+01
