-8.96e+00,5.73e+01,1.00e+01,1.20e+01
-2.95e+01,8.31e+01,8.00e+00,1.20e+01
-2.51e+00,6.26e+01,7.00e+00,1.20e+01
-3.52e+01,1.22e+01,9.00e+00,1.20e+01
-8.93e-02,9.95e+01,1.10e+01,1.20e+01
-1.78e+01,6.03e+01,1.50e+01,1.20e+01
1.32e+01,1.13e+02,1.20e+01,1.20e+01
-2.83e+01,5.01e+01,7.00e+00,1.20e+01
-1.42e+01,1.07e+02,1.20e+01,1.20e+01
-2.01e+01,3.14e+01,1.10e+01,1.20e+01
-1.09e+01,4.20e+01,1.00e+01,1.20e+01
-1.32e+01,6.73e+01,1.10e+01,1.20e+01
-4.15e+00,7.82e+01,1.40e+01,1.20e+01
-2.88e+01,2.02e+01,1.30e+01,1.20e+01
-1.77e+01,-1.03e-02,9.00e+00,1.20e+01
-9.81e-01,3.83e+01,1.20e+01,1.20e+01
1.86e+00,4.80e+01,1.00e+01,1.20e+01
-1.71e+01,6.83e+01,9.00e+00,1.20e+01
-3.44e+00,4.04e+01,9.00e+00,1.20e+01
-9.24e+00,3.12e+01,1.10e+01,1.20e+01
6.53e+00,1.17e+02,1.10e+01,1.20e+01
2.53e+00,6.80e+01,1.10e+01,1.20e+01
-3.11e+00,4.79e+01,1.30e+01,1.20e+01
-3.82e+01,4.34e+01,1.40e+01,1.20e+01
1.92e+01,5.82e+01,1.20e+01,1.20e+01
-2.34e+01,3.58e+01,1.00e+01,1.20e+01
1.41e+01,1.04e+02,1.20e+01,1.20e+01
-6.82e+00,6.36e+01,1.40e+01,1.20e+01
-3.99e+01,4.30e+01,1.10e+01,1.20e+01
-5.73e+01,-2.83e+01,1.10e+01,1.20e+01
1.34e+01,6.90e+01,1.00e+01,1.20e+01
-1.57e+01,5.40e+01,1.30e+01,1.20e+01
-2.19e+01,1.14e+01,1.30e+01,1.20e+01
-1.93e+01,4.34e+01,1.10e+01,1.20e+01
-1.97e+01,4.38e+01,1.20e+01,1.20e+01
-2.33e+01,4.96e+01,1.40e+01,1.20e+01
2.02e+01,8.36e+01,1.60e+01,1.20e+01
-4.63e+01,-1.35e+01,1.00e+01,1.20e+01
-1.94e+01,6.89e+01,9.00e+00,1.20e+01
1.23e+01,1.03e+02,1.20e+01,1.20e+01
-5.27e+00,6.67e+01,1.20e+01,1.20e+01
-1.35e+01,4.49e+01,1.10e+01,1.20e+01
-3.68e+01,6.50e+01,9.00e+00,1.20e+01
1.43e+01,1.01e+02,9.00e+00,1.20e+01
9.82e+00,6.47e+01,1.50e+01,1.20e+01
1.27e+01,9.82e+01,1.30e+01,1.20e+01
-2.86e+01,2.43e+01,1.30e+01,1.20e+01
4.79e+00,5.84e+01,1.60e+01,1.20e+01
-2.24e+01,3.68e+01,1.10e+01,1.20e+01
-4.41e+01,1.63e+01,1.10e+01,1.20e+01
-1.59e+01,3.44e+01,1.00e+01,1.20e+01
-2.61e+01,3.21e+00,8.00e+00,1.20e+01
-1.55e+01,3.74e+01,9.00e+00,1.20e+01
-1.55e+01,4.50e+01,1.10e+01,1.20e+01
-4.77e+01,-3.33e+01,8.00e+00,1.20e+01
-2.92e+01,3.23e+01,1.10e+01,1.20e+01
-3.93e+01,3.58e+01,7.00e+00,1.20e+01
3.01e+00,5.32e+01,1.00e+01,1.20e+01
-9.38e+00,4.59e+01,1.30e+01,1.20e+01
-5.32e+01,-1.21e+01,7.00e+00,1.20e+01
-2.72e+01,1.37e+02,1.40e+01,1.20e+01
-2.44e+01,2.93e+01,1.30e+01,1.20e+01
-1.58e+01,3.84e+01,1.40e+01,1.20e+01
-9.68e+00,5.72e+01,9.00e+00,1.20e+01
1.74e+01,8.51e+01,1.10e+01,1.20e+01
-4.92e+01,-2.14e-01,9.00e+00,1.20e+01
-3.79e+01,4.73e+00,9.00e+00,1.20e+01
-4.43e+01,1.69e+01,1.10e+01,1.20e+01
-3.05e+01,2.62e+01,1.00e+01,1.20e+01
1.21e+01,7.53e+01,1.30e+01,1.20e+01
-2.87e+01,-3.64e+00,1.00e+01,1.20e+01
7.96e+00,7.47e+01,1.00e+01,1.20e+01
-4.57e+01,1.78e+01,8.00e+00,1.20e+01
-1.28e+01,4.96e+01,1.70e+01,1.20e+01
-1.90e+01,3.35e+01,1.30e+01,1.20e+01
-7.19e+00,3.64e+01,1.00e+01,1.20e+01
-2.02e+01,5.64e+01,1.20e+01,1.20e+01
-4.05e+01,4.77e+01,1.20e+01,1.20e+01
-2.47e+00,7.38e+01,1.20e+01,1.20e+01
-2.24e+01,4.52e+01,1.20e+01,1.20e+01
-3.37e+01,1.99e+01,1.30e+01,1.20e+01
-1.67e+01,9.56e+01,1.20e+01,1.20e+01
7.81e+00,7.37e+01,1.40e+01,1.20e+01
-2.60e+01,5.63e+01,7.00e+00,1.20e+01
-1.75e+01,5.53e+01,1.20e+01,1.20e+01
-8.37e+00,8.81e+01,1.20e+01,1.20e+01
2.76e+01,1.08e+02,1.40e+01,1.20e+01
-5.10e+01,-1.32e+01,8.00e+00,1.20e+01
-2.41e+01,3.11e+01,8.00e+00,1.20e+01
9.81e+00,1.22e+02,1.40e+01,1.20e+01
3.34e+01,1.15e+02,1.20e+01,1.20e+01
-2.19e+01,3.78e+01,1.40e+01,1.20e+01
8.90e+00,1.29e+02,1.40e+01,1.20e+01
-4.41e+01,1.53e+01,9.00e+00,1.20e+01
-4.85e+01,-1.24e+01,1.00e+01,1.20e+01
-7.43e+00,7.50e+01,1.00e+01,1.20e+01
2.52e+01,7.37e+01,1.30e+01,1.20e+01
-1.17e+01,6.65e+01,1.50e+01,1.20e+01
-1.63e+01,6.18e+01,1.10e+01,1.20e+01
-3.16e+01,2.49e+01,1.00e+01,1.20e+01
-1.01e+01,4.70e+01,9.00e+00,1.20e+01
-1.70e+01,3.79e+01,1.40e+01,1.20e+01
-1.82e+01,3.07e+01,1.20e+01,1.20e+01
-2.03e+01,3.02e+01,1.30e+01,1.20e+01
8.31e+00,7.88e+01,1.10e+01,1.20e+01
-3.20e+01,3.71e+01,1.20e+01,1.20e+01
-5.27e+00,6.62e+01,1.20e+01,1.20e+01
-1.78e+01,4.68e+01,1.00e+01,1.20e+01
2.42e+01,1.32e+02,9.00e+00,1.20e+01
-2.33e+01,3.99e+01,1.30e+01,1.20e+01
4.28e+00,5.34e+01,1.10e+01,1.20e+01
-2.27e+01,-8.85e+00,1.20e+01,1.20e+01
-2.72e+01,9.87e+00,9.00e+00,1.20e+01
-4.25e+01,5.39e-01,1.00e+01,1.20e+01
-1.28e+01,5.36e+01,1.30e+01,1.20e+01
-3.56e+01,2.39e+01,1.20e+01,1.20e+01
-1.09e+01,4.22e+01,1.20e+01,1.20e+01
-1.08e+01,5.38e+01,1.20e+01,1.20e+01
-2.74e+01,3.69e+01,1.10e+01,1.20e+01
-1.37e+01,3.79e+01,1.20e+01,1.20e+01
-4.53e+00,4.47e+01,1.10e+01,1.20e+01
-1.18e+01,4.30e+01,1.40e+01,1.20e+01
-4.60e+01,1.30e+01,1.20e+01,1.20e+01
-1.02e+01,8.57e+01,1.00e+01,1.20e+01
-3.09e+01,7.36e+01,8.00e+00,1.20e+01
1.94e+00,9.64e+01,1.20e+01,1.20e+01
-2.77e+01,5.64e+01,1.10e+01,1.20e+01
-1.94e+01,3.58e+01,1.10e+01,1.20e+01
