-1.59e+02,-1.06e+02,4.70e+01,2.50e+01
-2.29e+02,-6.15e+01,3.00e+01,2.00e+01
-1.63e+02,-1.04e+02,3.20e+01,1.80e+01
-2.29e+02,-5.94e+01,3.10e+01,2.10e+01
-1.62e+02,-9.64e+01,3.70e+01,2.10e+01
-1.50e+02,-8.27e+01,4.40e+01,2.40e+01
-1.59e+02,-9.69e+01,3.50e+01,2.00e+01
-1.51e+02,-8.64e+01,3.30e+01,1.90e+01
-1.61e+02,-9.30e+01,4.50e+01,2.50e+01
-1.53e+02,-9.88e+01,4.80e+01,2.50e+01
-2.32e+02,-6.62e+01,3.00e+01,2.00e+01
-1.54e+02,-8.70e+01,3.20e+01,1.80e+01
-2.32e+02,-7.09e+01,3.10e+01,2.10e+01
-1.55e+02,-1.01e+02,3.50e+01,2.00e+01
-1.58e+02,-9.42e+01,4.50e+01,2.40e+01
-1.60e+02,-7.64e+01,3.30e+01,1.90e+01
-1.60e+02,-7.38e+01,3.40e+01,1.90e+01
-1.49e+02,-1.06e+02,4.60e+01,2.50e+01
-1.41e+02,-1.14e+02,4.70e+01,2.60e+01
-1.53e+02,-1.19e+02,4.60e+01,2.50e+01
-2.45e+02,-6.17e+01,3.00e+01,2.00e+01
-2.00e+02,-6.42e+01,3.20e+01,1.80e+01
-1.65e+02,-9.35e+01,4.40e+01,2.40e+01
-1.49e+02,-7.08e+01,3.30e+01,1.80e+01
-1.56e+02,-7.05e+01,3.50e+01,2.00e+01
-2.22e+02,-5.49e+01,3.10e+01,2.00e+01
-1.47e+02,-1.01e+02,4.50e+01,2.40e+01
-1.64e+02,-1.16e+02,3.40e+01,1.90e+01
-1.52e+02,-9.68e+01,4.70e+01,2.60e+01
-2.29e+02,-7.57e+01,3.00e+01,2.00e+01
-1.69e+02,-7.55e+01,3.30e+01,1.90e+01
-2.02e+02,-8.46e+01,3.20e+01,1.80e+01
-1.70e+02,-8.75e+01,3.60e+01,2.00e+01
-1.54e+02,-9.28e+01,4.50e+01,2.40e+01
-1.62e+02,-8.00e+01,3.50e+01,2.00e+01
-2.34e+02,-6.83e+01,3.10e+01,2.10e+01
-1.44e+02,-1.01e+02,4.60e+01,2.50e+01
-1.59e+02,-1.09e+02,4.70e+01,2.50e+01
-2.25e+02,-7.57e+01,3.00e+01,2.00e+01
-1.52e+02,-9.65e+01,3.30e+01,1.90e+01
-2.10e+02,-7.29e+01,3.20e+01,1.80e+01
-1.50e+02,-8.75e+01,4.70e+01,2.50e+01
-2.30e+02,-7.69e+01,3.10e+01,2.00e+01
-2.18e+02,-1.17e+02,4.80e+01,2.50e+01
-1.42e+02,-1.12e+02,4.50e+01,2.50e+01
-2.54e+02,-7.62e+01,3.40e+01,1.90e+01
-2.66e+02,-1.14e+02,4.60e+01,2.50e+01
-3.62e+02,-6.40e+01,3.20e+01,2.10e+01
-2.37e+02,-1.27e+02,4.50e+01,2.50e+01
-1.67e+02,-7.20e+01,3.70e+01,2.10e+01
-2.38e+02,-6.27e+01,3.10e+01,2.10e+01
-1.39e+02,-1.06e+02,3.50e+01,2.00e+01
-2.39e+02,-9.43e+01,3.10e+01,2.10e+01
-1.75e+02,-1.25e+02,3.40e+01,1.90e+01
-1.73e+02,-8.69e+01,3.50e+01,2.00e+01
-1.57e+02,-9.80e+01,3.50e+01,2.00e+01
-2.09e+02,-8.20e+01,4.60e+01,2.50e+01
-1.67e+02,-9.24e+01,3.50e+01,1.90e+01
-1.43e+02,-8.10e+01,4.70e+01,2.50e+01
-1.85e+02,-9.05e+01,4.50e+01,2.40e+01
-1.55e+02,-9.66e+01,4.60e+01,2.50e+01
-5.00e+02,-5.00e+02,3.50e+01,2.00e+01
-1.42e+02,-9.56e+01,4.50e+01,2.40e+01
-3.67e+02,-6.72e+01,3.20e+01,2.10e+01
-2.28e+02,-7.20e+01,3.20e+01,2.00e+01
-3.75e+02,-1.02e+02,3.20e+01,2.10e+01
-2.23e+02,-1.42e+02,3.40e+01,2.00e+01
-1.42e+02,-9.12e+01,4.90e+01,2.50e+01
-2.14e+02,-1.16e+02,3.30e+01,1.90e+01
-1.41e+02,-1.08e+02,4.50e+01,2.40e+01
-1.40e+02,-9.22e+01,4.80e+01,2.50e+01
-1.53e+02,-1.18e+02,3.30e+01,1.90e+01
-3.11e+02,-1.27e+02,3.40e+01,1.90e+01
-1.56e+02,-1.14e+02,4.70e+01,2.50e+01
-2.90e+02,-1.66e+02,3.50e+01,1.90e+01
-2.65e+02,-1.04e+02,4.60e+01,2.50e+01
-2.34e+02,-1.18e+02,4.70e+01,2.60e+01
-2.23e+02,-1.38e+02,3.60e+01,2.00e+01
-2.82e+02,-1.46e+02,4.50e+01,2.40e+01
-1.35e+02,-8.57e+01,4.60e+01,2.50e+01
-1.41e+02,-1.06e+02,4.70e+01,2.60e+01
-1.65e+02,-9.97e+01,3.60e+01,2.00e+01
-2.31e+02,-5.60e+01,3.10e+01,2.00e+01
-1.59e+02,-9.06e+01,3.40e+01,2.00e+01
-1.38e+02,-9.58e+01,4.70e+01,2.50e+01
-2.84e+02,-9.51e+01,3.40e+01,1.90e+01
-1.36e+02,-8.84e+01,4.70e+01,2.50e+01
-2.33e+02,-6.79e+01,3.20e+01,2.10e+01
-1.46e+02,-1.01e+02,4.70e+01,2.50e+01
-1.98e+02,-7.93e+01,3.20e+01,1.80e+01
-4.31e+02,-8.80e+01,3.20e+01,2.10e+01
-1.85e+02,-1.01e+02,4.60e+01,2.40e+01
-1.48e+02,-1.09e+02,4.60e+01,2.50e+01
-1.75e+02,-1.26e+02,3.50e+01,2.00e+01
-1.74e+02,-1.02e+02,3.40e+01,2.00e+01
-2.75e+02,-1.07e+02,3.40e+01,1.90e+01
-2.29e+02,-6.64e+01,3.10e+01,2.10e+01
-2.80e+02,-1.43e+02,4.50e+01,2.40e+01
-1.50e+02,-9.84e+01,4.40e+01,2.40e+01
-5.00e+02,-5.00e+02,3.30e+01,1.90e+01
-2.49e+02,-9.34e+01,3.40e+01,1.90e+01
-2.26e+02,-6.05e+01,3.50e+01,2.30e+01
-2.39e+02,-6.28e+01,3.10e+01,2.10e+01
-3.76e+02,-1.20e+02,3.20e+01,1.80e+01
-4.34e+02,-1.05e+02,3.10e+01,2.00e+01
-2.30e+02,-6.85e+01,3.20e+01,2.10e+01
-1.48e+02,-6.35e+01,3.80e+01,2.10e+01
-1.47e+02,-7.07e+01,4.80e+01,2.60e+01
-3.82e+02,-1.33e+02,3.10e+01,2.00e+01
-3.01e+02,-1.19e+02,3.40e+01,1.90e+01
-1.42e+02,-1.05e+02,4.80e+01,2.50e+01
-2.45e+02,-7.23e+01,3.50e+01,2.00e+01
-1.94e+02,-6.50e+01,3.70e+01,2.10e+01
-2.90e+02,-1.25e+02,4.60e+01,2.50e+01
-1.94e+02,-1.27e+02,3.40e+01,2.00e+01
-2.11e+02,-1.53e+02,3.60e+01,2.10e+01
-3.35e+02,-8.46e+01,3.00e+01,2.00e+01
-1.53e+02,-8.80e+01,4.50e+01,2.40e+01
-2.41e+02,-7.46e+01,3.00e+01,2.00e+01
-4.37e+02,-1.24e+02,3.20e+01,2.00e+01
-1.57e+02,-1.19e+02,3.20e+01,1.80e+01
-1.53e+02,-1.11e+02,4.70e+01,2.60e+01
-2.22e+02,-9.12e+01,3.50e+01,2.00e+01
-1.38e+02,-1.07e+02,4.70e+01,2.50e+01
-2.33e+02,-7.81e+01,3.00e+01,2.00e+01
-1.70e+02,-7.81e+01,3.40e+01,1.90e+01
-1.67e+02,-7.27e+01,3.70e+01,2.10e+01
-2.93e+02,-1.50e+02,3.50e+01,1.90e+01
-1.73e+02,-7.48e+01,3.70e+01,2.10e+01
-3.35e+02,-1.10e+02,3.40e+01,1.90e+01
-1.61e+02,-1.04e+02,4.80e+01,2.60e+01
-1.87e+02,-1.07e+02,4.40e+01,2.40e+01
-1.77e+02,-1.24e+02,3.20e+01,1.80e+01
-2.29e+02,-5.94e+01,3.10e+01,2.00e+01
-2.66e+02,-1.97e+02,3.30e+01,1.90e+01
-4.34e+02,-1.08e+02,3.10e+01,2.00e+01
-3.23e+02,-1.05e+02,4.80e+01,2.50e+01
-1.38e+02,-1.06e+02,4.40e+01,2.40e+01
-2.27e+02,-1.83e+02,3.50e+01,2.00e+01
-3.10e+02,-1.10e+02,4.60e+01,2.50e+01
-1.58e+02,-1.08e+02,4.70e+01,2.50e+01
-1.72e+02,-8.00e+01,3.70e+01,2.10e+01
-2.50e+02,-1.28e+02,3.70e+01,2.10e+01
-2.59e+02,-1.25e+02,3.30e+01,1.90e+01
-1.90e+02,-1.34e+02,3.50e+01,2.00e+01
-2.32e+02,-6.92e+01,3.00e+01,2.00e+01
-1.61e+02,-9.07e+01,3.50e+01,2.00e+01
-1.40e+02,-9.74e+01,4.40e+01,2.40e+01
-1.60e+02,-9.64e+01,3.20e+01,1.80e+01
-1.71e+02,-1.10e+02,3.50e+01,1.90e+01
-1.56e+02,-1.13e+02,4.60e+01,2.50e+01
-2.30e+02,-7.24e+01,3.00e+01,2.00e+01
-1.44e+02,-1.01e+02,4.40e+01,2.40e+01
-1.33e+02,-9.46e+01,4.50e+01,2.50e+01
-1.70e+02,-7.43e+01,3.40e+01,1.90e+01
-1.59e+02,-9.96e+01,3.30e+01,1.90e+01
-2.25e+02,-6.63e+01,3.00e+01,2.00e+01
-1.35e+02,-1.03e+02,4.50e+01,2.50e+01
-1.56e+02,-1.13e+02,4.90e+01,2.60e+01
-2.00e+02,-8.50e+01,3.20e+01,1.80e+01
-1.47e+02,-9.44e+01,4.70e+01,2.60e+01
-2.33e+02,-6.79e+01,3.10e+01,2.00e+01
-2.26e+02,-6.43e+01,3.20e+01,2.10e+01
-2.33e+02,-6.72e+01,3.10e+01,2.00e+01
-1.56e+02,-6.72e+01,3.50e+01,2.00e+01
-1.78e+02,-7.63e+01,3.70e+01,2.10e+01
-2.34e+02,-6.51e+01,3.10e+01,2.10e+01
-2.60e+02,-1.02e+02,4.70e+01,2.50e+01
-3.53e+02,-1.03e+02,3.00e+01,2.00e+01
-3.04e+02,-1.40e+02,3.20e+01,1.80e+01
-1.69e+02,-8.10e+01,3.70e+01,2.10e+01
-5.00e+02,-5.00e+02,3.40e+01,1.90e+01
-1.82e+02,-1.13e+02,3.20e+01,1.80e+01
-1.99e+02,-1.34e+02,3.20e+01,1.80e+01
-1.40e+02,-8.82e+01,4.70e+01,2.60e+01
-1.31e+02,-9.36e+01,4.70e+01,2.50e+01
-1.40e+02,-9.42e+01,4.60e+01,2.50e+01
-1.64e+02,-8.38e+01,3.40e+01,1.80e+01
-1.50e+02,-9.27e+01,4.70e+01,2.50e+01
-1.56e+02,-1.11e+02,4.70e+01,2.60e+01
-1.40e+02,-8.57e+01,4.50e+01,2.40e+01
-2.19e+02,-1.20e+02,4.80e+01,2.50e+01
-2.01e+02,-1.01e+02,4.40e+01,2.40e+01
-2.30e+02,-5.86e+01,3.20e+01,2.20e+01
-2.08e+02,-8.88e+01,4.60e+01,2.50e+01
-3.96e+02,-1.65e+02,4.80e+01,2.50e+01
-2.12e+02,-1.04e+02,3.40e+01,1.90e+01
-2.31e+02,-8.40e+01,3.00e+01,2.00e+01
-1.62e+02,-7.64e+01,3.50e+01,2.00e+01
-2.04e+02,-8.09e+01,3.50e+01,2.00e+01
-1.49e+02,-1.13e+02,4.80e+01,2.60e+01
-1.64e+02,-9.75e+01,3.80e+01,2.10e+01
