-1.18e+02,-9.35e+01,7.00e+01,3.50e+01
-2.28e+02,-6.73e+01,4.20e+01,2.30e+01
-1.36e+02,-8.88e+01,6.30e+01,3.10e+01
-2.31e+02,-5.99e+01,4.30e+01,2.40e+01
-1.23e+02,-7.01e+01,6.50e+01,3.20e+01
-1.13e+02,-9.26e+01,7.70e+01,3.80e+01
-2.29e+02,-7.98e+01,4.20e+01,2.30e+01
-1.87e+02,-9.33e+01,6.30e+01,3.10e+01
-2.32e+02,-6.18e+01,4.50e+01,2.40e+01
-1.26e+02,-8.21e+01,6.50e+01,3.20e+01
-2.31e+02,-6.57e+01,4.40e+01,2.50e+01
-1.27e+02,-7.78e+01,7.00e+01,3.50e+01
-1.28e+02,-9.57e+01,7.20e+01,3.60e+01
-1.22e+02,-8.03e+01,7.10e+01,3.40e+01
-1.15e+02,-7.28e+01,7.20e+01,3.60e+01
-2.33e+02,-6.69e+01,4.20e+01,2.30e+01
-2.28e+02,-6.73e+01,4.60e+01,2.60e+01
-1.17e+02,-9.25e+01,6.50e+01,3.20e+01
-1.28e+02,-9.44e+01,6.60e+01,3.30e+01
-1.19e+02,-8.39e+01,7.00e+01,3.50e+01
-2.26e+02,-5.64e+01,4.30e+01,2.40e+01
-2.38e+02,-6.74e+01,4.40e+01,2.50e+01
-2.35e+02,-7.21e+01,4.50e+01,2.60e+01
-1.21e+02,-8.62e+01,7.10e+01,3.50e+01
-1.23e+02,-8.95e+01,7.30e+01,3.60e+01
-2.36e+02,-8.15e+01,4.20e+01,2.30e+01
-2.27e+02,-6.21e+01,4.60e+01,2.60e+01
-1.27e+02,-9.73e+01,6.50e+01,3.20e+01
-1.20e+02,-6.96e+01,6.60e+01,3.30e+01
-2.30e+02,-8.12e+01,4.40e+01,2.50e+01
-1.15e+02,-8.95e+01,7.00e+01,3.50e+01
-2.30e+02,-6.46e+01,4.30e+01,2.30e+01
-1.14e+02,-8.31e+01,7.10e+01,3.40e+01
-1.33e+02,-7.29e+01,7.20e+01,3.40e+01
-1.11e+02,-8.60e+01,7.20e+01,3.60e+01
-2.35e+02,-7.33e+01,4.20e+01,2.30e+01
-1.32e+02,-8.48e+01,6.50e+01,3.20e+01
-2.27e+02,-6.95e+01,4.40e+01,2.50e+01
-1.19e+02,-8.71e+01,6.60e+01,3.30e+01
-1.08e+02,-6.93e+01,7.00e+01,3.50e+01
-1.80e+02,-9.23e+01,6.50e+01,3.20e+01
-3.90e+02,-8.52e+01,4.20e+01,2.30e+01
-2.34e+02,-5.57e+01,4.30e+01,2.40e+01
-2.34e+02,-8.70e+01,6.50e+01,3.20e+01
-1.11e+02,-7.51e+01,7.00e+01,3.50e+01
-1.14e+02,-9.88e+01,7.40e+01,3.70e+01
-4.37e+02,-1.25e+02,4.50e+01,2.50e+01
-2.35e+02,-8.96e+01,4.50e+01,2.60e+01
-2.30e+02,-6.43e+01,4.50e+01,2.50e+01
-1.09e+02,-8.89e+01,7.20e+01,3.60e+01
-1.12e+02,-9.49e+01,7.10e+01,3.50e+01
-1.24e+02,-8.36e+01,6.30e+01,3.10e+01
-5.00e+02,-5.00e+02,4.30e+01,2.30e+01
-1.21e+02,-8.95e+01,7.20e+01,3.60e+01
-2.49e+02,-1.06e+02,7.10e+01,3.50e+01
-2.32e+02,-7.19e+01,4.40e+01,2.50e+01
-4.37e+02,-1.21e+02,4.40e+01,2.40e+01
-2.27e+02,-6.04e+01,4.50e+01,2.50e+01
-1.26e+02,-6.90e+01,6.30e+01,3.10e+01
-1.94e+02,-8.80e+01,6.50e+01,3.20e+01
-1.90e+02,-7.50e+01,6.50e+01,3.20e+01
-2.27e+02,-6.07e+01,4.30e+01,2.40e+01
-1.08e+02,-8.31e+01,7.30e+01,3.60e+01
-1.40e+02,-7.41e+01,6.30e+01,3.10e+01
-1.37e+02,-6.88e+01,6.30e+01,3.10e+01
-1.25e+02,-1.03e+02,7.20e+01,3.50e+01
-2.34e+02,-6.62e+01,4.40e+01,2.50e+01
-2.37e+02,-5.75e+01,4.60e+01,2.60e+01
-2.23e+02,-5.48e+01,4.60e+01,2.60e+01
-4.34e+02,-1.03e+02,4.40e+01,2.40e+01
-1.21e+02,-9.56e+01,7.00e+01,3.50e+01
-2.26e+02,-6.89e+01,4.60e+01,2.60e+01
-1.20e+02,-9.18e+01,7.00e+01,3.50e+01
-2.34e+02,-6.91e+01,4.50e+01,2.40e+01
-2.24e+02,-7.23e+01,7.00e+01,3.50e+01
-2.00e+02,-1.04e+02,6.30e+01,3.10e+01
-1.40e+02,-6.98e+01,6.40e+01,3.10e+01
-1.26e+02,-7.58e+01,7.20e+01,3.40e+01
-3.37e+02,-1.10e+02,4.20e+01,2.30e+01
-2.30e+02,-6.10e+01,4.40e+01,2.50e+01
-1.24e+02,-8.33e+01,7.20e+01,3.60e+01
-4.27e+02,-6.44e+01,4.70e+01,2.70e+01
-2.31e+02,-9.23e+01,4.60e+01,2.60e+01
-1.12e+02,-9.16e+01,7.30e+01,3.60e+01
-1.20e+02,-8.39e+01,7.00e+01,3.50e+01
-2.28e+02,-6.85e+01,4.30e+01,2.40e+01
-1.78e+02,-7.55e+01,6.50e+01,3.20e+01
-1.09e+02,-8.26e+01,7.40e+01,3.70e+01
-1.12e+02,-7.31e+01,7.30e+01,3.50e+01
-2.34e+02,-6.68e+01,4.40e+01,2.50e+01
-2.49e+02,-1.04e+02,6.70e+01,3.30e+01
-4.38e+02,-1.29e+02,4.50e+01,2.50e+01
-1.12e+02,-9.17e+01,7.00e+01,3.50e+01
-2.10e+02,-7.90e+01,7.10e+01,3.50e+01
-2.37e+02,-9.60e+01,4.70e+01,2.70e+01
-3.25e+02,-8.29e+01,6.40e+01,3.10e+01
-2.86e+02,-1.18e+02,6.50e+01,3.20e+01
-2.70e+02,-7.06e+01,4.30e+01,2.40e+01
-2.34e+02,-6.82e+01,4.50e+01,2.60e+01
-1.11e+02,-8.61e+01,7.10e+01,3.50e+01
-2.04e+02,-8.21e+01,6.30e+01,3.10e+01
-1.19e+02,-7.54e+01,6.60e+01,3.30e+01
-2.31e+02,-7.71e+01,4.30e+01,2.40e+01
-3.72e+02,-6.74e+01,4.30e+01,2.30e+01
-1.16e+02,-8.00e+01,7.30e+01,3.70e+01
-2.69e+02,-1.16e+02,6.50e+01,3.20e+01
-1.11e+02,-7.38e+01,7.10e+01,3.60e+01
-1.19e+02,-7.80e+01,6.50e+01,3.20e+01
-2.22e+02,-5.94e+01,4.20e+01,2.30e+01
-2.32e+02,-7.41e+01,4.30e+01,2.40e+01
-1.14e+02,-8.53e+01,7.30e+01,3.70e+01
-1.11e+02,-8.78e+01,7.00e+01,3.50e+01
-1.21e+02,-1.02e+02,7.20e+01,3.60e+01
-2.25e+02,-6.26e+01,4.30e+01,2.30e+01
-2.30e+02,-6.38e+01,4.40e+01,2.50e+01
-1.29e+02,-8.35e+01,6.60e+01,3.30e+01
-1.16e+02,-8.18e+01,6.50e+01,3.20e+01
-2.39e+02,-8.19e+01,4.60e+01,2.60e+01
-2.74e+02,-9.37e+01,6.50e+01,3.20e+01
-1.19e+02,-7.32e+01,7.00e+01,3.50e+01
-1.79e+02,-7.45e+01,6.30e+01,3.10e+01
-2.30e+02,-5.47e+01,4.20e+01,2.30e+01
-3.18e+02,-1.20e+02,7.20e+01,3.40e+01
-1.19e+02,-6.38e+01,6.60e+01,3.20e+01
-1.10e+02,-8.73e+01,7.20e+01,3.40e+01
-5.00e+02,-5.00e+02,7.10e+01,3.50e+01
-2.61e+02,-9.18e+01,4.60e+01,2.60e+01
-2.23e+02,-6.56e+01,4.20e+01,2.30e+01
-2.51e+02,-1.02e+02,7.80e+01,3.90e+01
-1.28e+02,-7.93e+01,6.50e+01,3.20e+01
-1.24e+02,-8.02e+01,6.50e+01,3.20e+01
-1.66e+02,-7.26e+01,6.60e+01,3.20e+01
-1.13e+02,-8.43e+01,7.20e+01,3.60e+01
-2.42e+02,-6.65e+01,4.20e+01,2.30e+01
-2.34e+02,-5.83e+01,4.50e+01,2.40e+01
-2.27e+02,-7.16e+01,4.40e+01,2.50e+01
-2.29e+02,-7.05e+01,4.60e+01,2.60e+01
-1.25e+02,-9.13e+01,7.00e+01,3.50e+01
-1.27e+02,-8.82e+01,7.00e+01,3.50e+01
-1.86e+02,-7.24e+01,6.40e+01,3.20e+01
-2.35e+02,-7.98e+01,4.20e+01,2.30e+01
-2.30e+02,-6.50e+01,4.20e+01,2.30e+01
-2.28e+02,-6.48e+01,4.30e+01,2.40e+01
-2.27e+02,-6.79e+01,4.50e+01,2.60e+01
-2.27e+02,-6.24e+01,4.70e+01,2.70e+01
-1.13e+02,-9.43e+01,7.20e+01,3.50e+01
-2.64e+02,-1.16e+02,6.40e+01,3.10e+01
-2.37e+02,-6.44e+01,4.30e+01,2.30e+01
-2.42e+02,-8.25e+01,4.20e+01,2.30e+01
-1.21e+02,-7.63e+01,6.50e+01,3.20e+01
-1.24e+02,-7.09e+01,6.60e+01,3.30e+01
-1.20e+02,-8.42e+01,7.10e+01,3.50e+01
-1.12e+02,-7.80e+01,7.10e+01,3.50e+01
-1.16e+02,-8.50e+01,7.30e+01,3.60e+01
-1.16e+02,-8.34e+01,7.20e+01,3.40e+01
-2.33e+02,-6.91e+01,4.20e+01,2.30e+01
-2.30e+02,-5.98e+01,4.20e+01,2.30e+01
-2.17e+02,-1.00e+02,7.00e+01,3.50e+01
-2.33e+02,-8.71e+01,4.30e+01,2.40e+01
-2.36e+02,-6.41e+01,4.20e+01,2.30e+01
-3.43e+02,-1.04e+02,4.50e+01,2.40e+01
-1.25e+02,-7.84e+01,7.70e+01,3.80e+01
-1.14e+02,-9.29e+01,6.60e+01,3.30e+01
-1.32e+02,-9.12e+01,6.50e+01,3.20e+01
-1.30e+02,-8.37e+01,7.00e+01,3.50e+01
-5.00e+02,-5.00e+02,4.30e+01,2.40e+01
-1.24e+02,-8.14e+01,6.50e+01,3.20e+01
-2.29e+02,-6.68e+01,4.50e+01,2.60e+01
-1.13e+02,-8.30e+01,7.70e+01,3.80e+01
-1.31e+02,-1.00e+02,6.50e+01,3.20e+01
-2.28e+02,-6.28e+01,4.50e+01,2.50e+01
-1.16e+02,-9.24e+01,7.00e+01,3.50e+01
-1.21e+02,-6.97e+01,6.50e+01,3.20e+01
-2.54e+02,-1.10e+02,6.30e+01,3.10e+01
-1.18e+02,-8.21e+01,6.50e+01,3.20e+01
-2.34e+02,-8.28e+01,4.70e+01,2.60e+01
-1.17e+02,-8.66e+01,6.70e+01,3.30e+01
-1.27e+02,-7.23e+01,6.30e+01,3.10e+01
-1.08e+02,-7.42e+01,7.10e+01,3.40e+01
-2.40e+02,-7.20e+01,4.30e+01,2.40e+01
-1.40e+02,-9.05e+01,6.30e+01,3.10e+01
-1.08e+02,-8.82e+01,7.40e+01,3.60e+01
-2.33e+02,-6.75e+01,4.60e+01,2.60e+01
-1.17e+02,-8.88e+01,7.20e+01,3.60e+01
-1.15e+02,-7.70e+01,7.30e+01,3.60e+01
-2.38e+02,-6.44e+01,4.60e+01,2.40e+01
-4.33e+02,-1.01e+02,4.30e+01,2.30e+01
-1.98e+02,-9.82e+01,7.20e+01,3.60e+01
-2.33e+02,-8.12e+01,4.60e+01,2.60e+01
-3.43e+02,-1.12e+02,4.50e+01,2.40e+01
-1.23e+02,-7.13e+01,7.10e+01,3.40e+01
-4.44e+02,-1.63e+02,4.40e+01,2.40e+01
