1.71e+01,4.05e+02,1.70e+01,1.20e+01
1.71e+01,4.05e+02,1.70e+01,1.20e+01
1.71e+01,4.05e+02,1.70e+01,1.20e+01
1.71e+01,4.05e+02,1.70e+01,1.20e+01
1.71e+01,4.05e+02,1.70e+01,1.20e+01
1.71e+01,4.05e+02,1.70e+01,1.20e+01
1.71e+01,4.05e+02,1.70e+01,1.20e+01
1.71e+01,4.05e+02,1.70e+01,1.20e+01
1.71e+01,4.05e+02,1.70e+01,1.20e+01
1.71e+01,4.05e+02,1.70e+01,1.20e+01
1.71e+01,4.05e+02,1.70e+01,1.20e+01
1.71e+01,4.05e+02,1.70e+01,1.20e+01
1.71e+01,4.05e+02,1.70e+01,1.20e+01
1.71e+01,4.05e+02,1.70e+01,1.20e+01
1.71e+01,4.05e+02,1.70e+01,1.20e+01
1.71e+01,4.05e+02,1.70e+01,1.20e+01
1.71e+01,4.05e+02,1.70e+01,1.20e+01
1.71e+01,4.05e+02,1.70e+01,1.20e+01
1.71e+01,4.05e+02,1.70e+01,1.20e+01
1.71e+01,4.05e+02,1.70e+01,1.20e+01
1.71e+01,4.05e+02,1.70e+01,1.20e+01
1.71e+01,4.05e+02,1.70e+01,1.20e+01
1.71e+01,4.05e+02,1.70e+01,1.20e+01
1.71e+01,4.05e+02,1.70e+01,1.20e+01
1.71e+01,4.05e+02,1.70e+01,1.20e+01
1.71e+01,4.05e+02,1.70e+01,1.20e+01
1.71e+01,4.05e+02,1.70e+01,1.20e+01
1.71e+01,4.05e+02,1.70e+01,1.20e+01
1.71e+01,4.05e+02,1.70e+01,1.20e+01
1.71e+01,4.05e+02,1.70e+01,1.20e+01
1.71e+01,4.05e+02,1.70e+01,1.20e+01
1.71e+01,4.05e+02,1.70e+01,1.20e+01
1.71e+01,4.05e+02,1.70e+01,1.20e+01
1.71e+01,4.05e+02,1.70e+01,1.20e+01
1.71e+01,4.05e+02,1.70e+01,1.20e+01
1.71e+01,4.05e+02,1.70e+01,1.20e+01
1.71e+01,4.05e+02,1.70e+01,1.20e+01
-2.29e+00,2.90e+02,1.70e+01,1.20e+01
1.71e+01,4.05e+02,1.70e+01,1.20e+01
3.49e+00,3.30e+02,1.80e+01,1.30e+01
1.71e+01,4.05e+02,1.70e+01,1.20e+01
-5.32e+01,4.56e+01,1.70e+01,1.20e+01
-6.44e-01,2.98e+02,1.70e+01,1.20e+01
-5.13e+01,4.96e+01,1.80e+01,1.30e+01
1.71e+01,4.05e+02,1.70e+01,1.20e+01
-3.43e+01,9.69e+01,1.70e+01,1.20e+01
-2.92e+01,1.27e+02,1.70e+01,1.20e+01
-1.63e+01,2.14e+02,1.70e+01,1.20e+01
-3.68e+01,7.86e+01,1.70e+01,1.20e+01
-6.02e+01,2.31e+00,1.70e+01,1.20e+01
-3.75e+01,7.51e+01,1.70e+01,1.20e+01
1.71e+01,4.05e+02,1.70e+01,1.20e+01
3.80e+00,3.26e+02,1.70e+01,1.20e+01
-3.98e+01,6.30e+01,1.70e+01,1.20e+01
-2.79e+01,1.36e+02,1.70e+01,1.20e+01
2.89e+00,3.27e+02,1.80e+01,1.30e+01
-2.29e+00,2.90e+02,1.70e+01,1.20e+01
-2.24e+01,1.69e+02,1.70e+01,1.20e+01
-3.49e+01,1.13e+02,1.70e+01,1.20e+01
-4.09e+01,5.92e+01,1.70e+01,1.20e+01
-1.20e+01,2.32e+02,1.80e+01,1.30e+01
-5.88e+01,4.57e+01,1.70e+01,1.20e+01
-3.86e+01,7.03e+01,1.70e+01,1.20e+01
-3.81e+01,7.20e+01,1.70e+01,1.20e+01
-3.51e+01,8.28e+01,1.70e+01,1.20e+01
-2.52e+01,1.51e+02,1.70e+01,1.20e+01
-4.88e+01,4.24e+01,1.70e+01,1.20e+01
-4.64e+01,5.92e+01,1.70e+01,1.20e+01
-2.27e+01,1.67e+02,1.70e+01,1.20e+01
-5.43e+01,4.53e+01,1.70e+01,1.20e+01
1.71e+01,4.05e+02,1.70e+01,1.20e+01
-8.78e+00,2.49e+02,1.70e+01,1.20e+01
-4.16e+01,5.41e+01,1.70e+01,1.20e+01
-1.63e+01,2.14e+02,1.70e+01,1.20e+01
-3.28e+01,1.05e+02,1.70e+01,1.20e+01
-4.80e+01,5.35e+01,1.80e+01,1.30e+01
-3.94e+01,6.30e+01,1.70e+01,1.20e+01
1.71e+01,4.05e+02,1.70e+01,1.20e+01
-3.58e+01,8.65e+01,1.70e+01,1.20e+01
-3.96e+01,6.70e+01,1.70e+01,1.20e+01
-5.46e+01,5.23e+01,1.70e+01,1.20e+01
-2.92e+01,1.27e+02,1.70e+01,1.20e+01
-3.72e+01,7.92e+01,1.70e+01,1.20e+01
-3.81e+01,7.42e+01,1.70e+01,1.20e+01
-3.94e+01,6.30e+01,1.70e+01,1.20e+01
3.80e+00,3.26e+02,1.70e+01,1.20e+01
-3.72e+01,7.92e+01,1.70e+01,1.20e+01
1.35e+01,3.83e+02,1.70e+01,1.20e+01
-1.37e+00,2.94e+02,1.70e+01,1.20e+01
-3.96e+01,6.70e+01,1.70e+01,1.20e+01
1.14e+01,3.72e+02,1.70e+01,1.20e+01
-3.81e+01,7.42e+01,1.70e+01,1.20e+01
-3.84e+01,7.06e+01,1.70e+01,1.20e+01
-4.16e+01,5.41e+01,1.70e+01,1.20e+01
-3.81e+01,7.42e+01,1.70e+01,1.20e+01
-4.64e+01,5.92e+01,1.70e+01,1.20e+01
-5.11e+01,4.94e+01,1.80e+01,1.30e+01
-4.16e+01,5.41e+01,1.70e+01,1.20e+01
1.71e+01,4.05e+02,1.70e+01,1.20e+01
-2.47e+01,1.39e+02,1.70e+01,1.20e+01
-4.96e+01,3.86e+01,1.70e+01,1.20e+01
-3.83e+01,7.30e+01,1.70e+01,1.20e+01
-3.81e+01,7.20e+01,1.70e+01,1.20e+01
-2.92e+01,1.27e+02,1.70e+01,1.20e+01
-3.75e+01,7.51e+01,1.70e+01,1.20e+01
-2.01e+01,1.80e+02,1.70e+01,1.20e+01
-6.12e+01,1.12e+01,1.70e+01,1.20e+01
-3.21e+01,1.08e+02,1.70e+01,1.20e+01
-3.12e+01,1.21e+02,1.80e+01,1.30e+01
-4.88e+01,4.24e+01,1.70e+01,1.20e+01
-3.84e+01,7.06e+01,1.70e+01,1.20e+01
-3.76e+01,7.71e+01,1.80e+01,1.30e+01
1.71e+01,4.05e+02,1.70e+01,1.20e+01
-3.94e+01,7.39e+01,1.70e+01,1.20e+01
-1.91e+01,1.89e+02,1.80e+01,1.30e+01
1.71e+01,4.05e+02,1.70e+01,1.20e+01
-3.83e+01,7.30e+01,1.70e+01,1.20e+01
-2.92e+01,1.27e+02,1.70e+01,1.20e+01
1.14e+01,3.72e+02,1.70e+01,1.20e+01
-3.82e+01,7.41e+01,1.70e+01,1.20e+01
-3.91e+01,6.98e+01,1.70e+01,1.20e+01
1.35e+01,3.83e+02,1.70e+01,1.20e+01
-3.84e+01,7.06e+01,1.70e+01,1.20e+01
1.71e+01,4.05e+02,1.70e+01,1.20e+01
-8.79e+00,2.47e+02,1.80e+01,1.30e+01
-3.96e+01,6.70e+01,1.70e+01,1.20e+01
-2.47e+01,1.39e+02,1.70e+01,1.20e+01
-3.81e+01,7.20e+01,1.70e+01,1.20e+01
