1.93e+02,4.27e+02,1.15e+02,4.80e+01
1.49e+02,3.99e+02,1.16e+02,4.80e+01
1.15e+02,3.65e+02,1.16e+02,4.90e+01
1.30e+02,4.84e+02,1.15e+02,4.80e+01
1.69e+02,3.94e+02,1.16e+02,4.80e+01
1.74e+02,5.08e+02,1.15e+02,4.80e+01
1.83e+02,5.06e+02,1.15e+02,4.80e+01
1.94e+02,6.70e+02,1.14e+02,4.70e+01
1.74e+02,4.68e+02,1.12e+02,4.80e+01
1.25e+02,3.87e+02,1.16e+02,4.70e+01
2.16e+02,4.52e+02,1.15e+02,4.80e+01
1.67e+02,4.89e+02,1.15e+02,4.80e+01
1.57e+02,3.36e+02,1.14e+02,4.80e+01
1.98e+02,4.80e+02,1.15e+02,4.80e+01
1.90e+02,5.08e+02,1.15e+02,4.70e+01
1.15e+02,4.04e+02,1.14e+02,4.80e+01
1.52e+02,4.18e+02,1.16e+02,4.80e+01
1.97e+02,4.00e+02,1.15e+02,4.80e+01
1.30e+02,3.92e+02,1.16e+02,4.70e+01
1.67e+02,7.13e+02,1.15e+02,4.80e+01
1.44e+02,3.67e+02,1.14e+02,4.80e+01
1.88e+02,5.45e+02,1.15e+02,4.80e+01
1.85e+02,5.19e+02,1.15e+02,4.80e+01
1.44e+02,5.09e+02,1.17e+02,4.90e+01
1.40e+02,3.82e+02,1.16e+02,4.80e+01
2.42e+02,6.58e+02,1.16e+02,4.80e+01
1.29e+02,3.44e+02,1.16e+02,4.90e+01
1.97e+02,6.81e+02,1.17e+02,4.90e+01
1.58e+02,4.21e+02,1.16e+02,4.90e+01
1.69e+02,3.87e+02,1.16e+02,4.80e+01
1.95e+02,4.31e+02,1.16e+02,4.90e+01
1.41e+02,3.49e+02,1.17e+02,4.90e+01
7.29e+01,1.25e+02,1.17e+02,5.00e+01
1.80e+02,4.37e+02,1.15e+02,4.80e+01
1.29e+02,3.28e+02,1.17e+02,4.70e+01
1.06e+02,3.35e+02,1.14e+02,4.80e+01
1.89e+02,4.44e+02,1.16e+02,4.90e+01
1.45e+02,2.00e+02,1.16e+02,4.90e+01
1.51e+02,4.15e+02,1.17e+02,4.90e+01
1.76e+02,4.68e+02,1.16e+02,4.80e+01
1.73e+02,4.09e+02,1.15e+02,4.80e+01
9.97e+01,1.48e+02,1.13e+02,4.90e+01
1.30e+02,4.26e+02,1.15e+02,4.80e+01
2.20e+02,5.22e+02,1.17e+02,4.90e+01
1.72e+02,5.70e+02,1.17e+02,4.90e+01
2.01e+02,5.69e+02,1.16e+02,4.80e+01
1.40e+02,3.95e+02,1.14e+02,4.80e+01
1.62e+02,5.24e+02,1.15e+02,4.80e+01
2.09e+02,5.40e+02,1.15e+02,4.80e+01
1.84e+02,4.64e+02,1.14e+02,4.90e+01
2.05e+02,5.46e+02,1.14e+02,4.80e+01
1.89e+02,4.45e+02,1.15e+02,4.70e+01
2.07e+02,5.95e+02,1.16e+02,4.80e+01
1.83e+02,5.42e+02,1.15e+02,4.70e+01
1.42e+02,4.11e+02,1.16e+02,4.90e+01
1.80e+02,5.98e+02,1.15e+02,4.80e+01
1.68e+02,5.74e+02,1.16e+02,4.90e+01
1.86e+02,5.35e+02,1.16e+02,4.80e+01
1.72e+02,2.52e+02,1.15e+02,4.80e+01
1.90e+02,5.72e+02,1.16e+02,4.80e+01
2.19e+02,6.31e+02,1.16e+02,4.90e+01
1.50e+02,2.54e+02,1.15e+02,4.80e+01
1.84e+02,5.51e+02,1.17e+02,5.00e+01
1.53e+02,3.60e+02,1.16e+02,4.80e+01
1.37e+02,2.63e+02,1.16e+02,4.80e+01
1.56e+02,3.47e+02,1.17e+02,4.80e+01
2.04e+02,6.08e+02,1.15e+02,4.80e+01
1.68e+02,5.42e+02,1.16e+02,4.80e+01
1.66e+02,6.21e+02,1.16e+02,4.80e+01
-7.80e+00,7.42e+01,1.16e+02,4.90e+01
1.81e+02,5.32e+02,1.16e+02,4.80e+01
1.37e+02,4.07e+02,1.16e+02,4.80e+01
1.44e+02,3.10e+02,1.16e+02,4.90e+01
1.67e+02,5.89e+02,1.17e+02,4.80e+01
1.54e+02,4.83e+02,1.16e+02,4.80e+01
1.88e+02,3.26e+02,1.12e+02,4.80e+01
2.46e+02,7.08e+02,1.17e+02,4.90e+01
1.28e+02,4.06e+02,1.15e+02,4.80e+01
1.95e+02,4.08e+02,1.17e+02,4.80e+01
1.58e+02,6.27e+02,1.17e+02,4.90e+01
1.75e+02,4.01e+02,1.12e+02,4.80e+01
1.56e+02,5.31e+02,1.16e+02,4.80e+01
1.53e+02,5.90e+02,1.17e+02,4.90e+01
1.77e+02,5.81e+02,1.16e+02,4.80e+01
1.52e+02,2.78e+02,1.15e+02,4.80e+01
1.10e+02,2.04e+02,1.15e+02,4.80e+01
1.31e+02,2.26e+02,1.17e+02,4.80e+01
1.41e+02,2.51e+02,1.15e+02,4.80e+01
1.53e+02,2.31e+02,1.14e+02,4.70e+01
1.81e+02,3.91e+02,1.17e+02,4.80e+01
1.71e+02,5.30e+02,1.15e+02,4.80e+01
1.08e+02,1.65e+02,1.15e+02,4.80e+01
1.02e+02,1.76e+02,1.16e+02,4.80e+01
1.53e+02,3.49e+02,1.16e+02,4.90e+01
1.33e+02,2.57e+02,1.17e+02,4.90e+01
1.39e+02,3.63e+02,1.17e+02,4.90e+01
1.89e+02,5.51e+02,1.15e+02,4.80e+01
1.61e+02,3.76e+02,1.16e+02,4.80e+01
1.34e+02,3.94e+02,1.17e+02,4.90e+01
1.40e+02,4.52e+02,1.15e+02,4.80e+01
1.73e+02,4.12e+02,1.16e+02,4.80e+01
1.80e+02,5.45e+02,1.17e+02,4.90e+01
1.74e+02,4.05e+02,1.16e+02,4.90e+01
1.58e+02,3.00e+02,1.16e+02,4.80e+01
1.78e+02,6.33e+02,1.16e+02,4.90e+01
1.48e+02,4.70e+02,1.15e+02,4.80e+01
1.44e+02,4.44e+02,1.16e+02,4.80e+01
2.15e+02,4.86e+02,1.16e+02,4.80e+01
1.17e+02,2.12e+02,1.14e+02,4.70e+01
2.04e+02,4.77e+02,1.16e+02,4.70e+01
1.28e+02,3.78e+02,1.16e+02,4.80e+01
1.62e+02,4.09e+02,1.15e+02,4.80e+01
1.90e+02,5.71e+02,1.16e+02,4.80e+01
1.50e+02,2.08e+02,1.13e+02,4.80e+01
1.62e+02,4.96e+02,1.16e+02,4.80e+01
1.91e+02,3.42e+02,1.16e+02,4.80e+01
1.94e+02,5.46e+02,1.16e+02,4.80e+01
1.38e+02,4.21e+02,1.16e+02,4.90e+01
1.77e+02,4.62e+02,1.15e+02,4.80e+01
1.35e+02,3.97e+02,1.17e+02,4.90e+01
1.36e+02,2.89e+02,1.15e+02,4.80e+01
1.79e+02,3.95e+02,1.17e+02,4.90e+01
1.65e+02,4.18e+02,1.16e+02,4.80e+01
1.83e+02,6.55e+02,1.15e+02,4.80e+01
1.17e+02,2.53e+02,1.14e+02,4.70e+01
1.30e+02,5.32e+02,1.16e+02,4.90e+01
1.23e+02,3.89e+02,1.18e+02,5.00e+01
1.48e+02,3.80e+02,1.18e+02,4.90e+01
