6.45e+01,2.21e+02,1.90e+01,2.40e+01
3.52e+01,1.29e+02,1.80e+01,2.40e+01
2.32e+01,7.56e+01,1.90e+01,2.40e+01
4.56e+01,1.40e+02,1.80e+01,2.40e+01
4.90e+01,2.31e+02,1.80e+01,2.40e+01
4.56e+01,1.29e+02,1.80e+01,2.50e+01
3.47e+01,1.19e+02,1.80e+01,2.40e+01
5.51e+01,1.23e+02,2.00e+01,2.40e+01
7.43e+01,3.32e+02,2.00e+01,2.40e+01
7.27e+01,2.39e+02,1.90e+01,2.40e+01
6.39e+01,2.24e+02,2.00e+01,2.40e+01
3.95e+01,1.37e+02,2.10e+01,2.50e+01
6.78e+01,2.37e+02,1.90e+01,2.40e+01
5.12e+01,1.25e+02,2.00e+01,2.40e+01
6.75e+01,2.43e+02,1.90e+01,2.50e+01
6.11e+01,2.30e+02,1.90e+01,2.40e+01
5.23e+01,1.34e+02,2.00e+01,2.50e+01
6.42e+01,2.21e+02,1.80e+01,2.40e+01
3.98e+01,1.33e+02,1.80e+01,2.40e+01
-3.86e+01,1.24e+02,1.90e+01,2.50e+01
1.60e+01,4.64e+01,2.00e+01,2.50e+01
-1.83e+01,4.24e+01,1.80e+01,2.40e+01
5.18e+01,1.14e+02,2.00e+01,2.40e+01
8.77e+01,3.32e+02,2.00e+01,2.40e+01
1.37e+01,1.06e+02,2.00e+01,2.40e+01
5.31e+01,2.31e+02,1.90e+01,2.40e+01
4.73e+01,1.16e+02,1.90e+01,2.40e+01
6.42e+01,2.21e+02,1.90e+01,2.40e+01
5.24e+01,1.34e+02,2.00e+01,2.40e+01
5.02e+01,2.23e+02,2.00e+01,2.40e+01
3.26e+01,1.15e+02,2.00e+01,2.40e+01
3.26e+01,7.50e+01,1.80e+01,2.40e+01
4.74e+01,1.23e+02,1.90e+01,2.40e+01
4.53e+01,1.26e+02,2.00e+01,2.50e+01
3.73e+01,1.58e+02,2.00e+01,2.40e+01
8.71e+01,3.32e+02,1.90e+01,2.40e+01
7.36e+01,2.23e+02,1.90e+01,2.40e+01
4.79e+01,1.24e+02,1.90e+01,2.40e+01
4.98e+01,1.38e+02,2.00e+01,2.50e+01
3.06e+01,6.77e+01,1.90e+01,2.40e+01
6.05e+01,2.28e+02,1.90e+01,2.40e+01
7.46e+01,2.24e+02,2.00e+01,2.60e+01
3.98e+01,1.28e+02,1.90e+01,2.40e+01
4.48e+01,1.25e+02,2.00e+01,2.50e+01
8.50e+01,3.37e+02,1.80e+01,2.40e+01
7.79e+01,3.32e+02,1.90e+01,2.40e+01
5.76e+01,2.48e+02,2.00e+01,2.50e+01
5.99e+01,1.58e+02,2.00e+01,2.40e+01
2.61e+01,5.45e+01,2.00e+01,2.40e+01
5.70e+01,2.22e+02,1.80e+01,2.40e+01
-3.40e+01,2.39e+01,2.00e+01,2.50e+01
5.19e+01,2.29e+02,2.00e+01,2.40e+01
5.66e+01,2.48e+02,1.90e+01,2.40e+01
6.01e+01,2.21e+02,2.00e+01,2.50e+01
4.49e+01,1.12e+02,1.90e+01,2.40e+01
2.90e+01,9.41e+01,1.90e+01,2.50e+01
3.94e+01,1.13e+02,1.90e+01,2.40e+01
4.70e+01,1.46e+02,1.90e+01,2.50e+01
8.02e+01,2.27e+02,2.00e+01,2.50e+01
6.02e+01,2.31e+02,2.00e+01,2.40e+01
5.14e+01,2.27e+02,1.90e+01,2.40e+01
4.27e+01,1.36e+02,1.90e+01,2.40e+01
7.80e+01,3.32e+02,1.90e+01,2.40e+01
8.52e+01,3.32e+02,2.00e+01,2.40e+01
4.59e+01,1.35e+02,1.80e+01,2.40e+01
5.79e+01,2.28e+02,2.00e+01,2.40e+01
6.46e+01,2.22e+02,2.00e+01,2.40e+01
6.44e+01,1.18e+02,1.90e+01,2.40e+01
3.53e+01,7.31e+01,2.00e+01,2.40e+01
9.50e+01,2.26e+02,2.00e+01,2.40e+01
3.18e+01,7.84e+01,1.90e+01,2.40e+01
2.30e+01,5.43e+01,1.90e+01,2.50e+01
7.55e+01,2.56e+02,1.90e+01,2.40e+01
6.21e+01,1.56e+02,1.80e+01,2.40e+01
7.02e+01,2.25e+02,2.00e+01,2.50e+01
6.02e+01,1.39e+02,1.90e+01,2.40e+01
4.38e+01,1.34e+02,1.90e+01,2.40e+01
6.68e+01,1.38e+02,1.80e+01,2.40e+01
6.04e+01,2.28e+02,2.00e+01,2.40e+01
5.67e+01,1.37e+02,1.90e+01,2.50e+01
3.01e+01,6.05e+01,1.90e+01,2.40e+01
6.38e+01,2.25e+02,2.00e+01,2.40e+01
4.04e+01,1.06e+02,2.00e+01,2.40e+01
5.75e+01,2.23e+02,1.90e+01,2.40e+01
2.91e+01,7.80e+01,1.80e+01,2.40e+01
4.56e+01,1.24e+02,1.90e+01,2.40e+01
7.55e+01,2.34e+02,2.00e+01,2.40e+01
-2.55e-01,5.22e+01,2.00e+01,2.40e+01
2.09e+01,6.08e+01,2.00e+01,2.40e+01
6.13e+01,2.29e+02,2.00e+01,2.40e+01
2.48e+01,1.06e+02,2.00e+01,2.40e+01
4.48e+01,1.16e+02,1.90e+01,2.40e+01
3.09e+01,6.13e+01,1.90e+01,2.50e+01
5.28e+01,1.14e+02,1.90e+01,2.40e+01
-5.60e+01,-3.25e+01,1.90e+01,2.50e+01
3.95e+01,1.32e+02,1.80e+01,2.40e+01
6.85e+01,3.32e+02,2.00e+01,2.50e+01
2.16e+01,5.99e+01,1.90e+01,2.40e+01
4.51e+01,1.14e+02,2.00e+01,2.40e+01
6.27e+01,1.41e+02,2.00e+01,2.40e+01
4.35e+01,1.55e+02,1.90e+01,2.50e+01
5.53e+01,2.30e+02,2.00e+01,2.40e+01
5.07e+01,1.22e+02,1.80e+01,2.40e+01
1.56e+01,5.30e+01,1.90e+01,2.40e+01
6.78e+01,2.13e+02,1.90e+01,2.40e+01
9.36e+01,3.32e+02,1.80e+01,2.40e+01
4.69e+01,1.43e+02,1.90e+01,2.40e+01
6.66e+01,2.29e+02,2.00e+01,2.40e+01
1.27e+01,3.69e+01,2.00e+01,2.40e+01
4.01e+01,1.36e+02,1.90e+01,2.40e+01
5.48e+01,1.54e+02,1.90e+01,2.40e+01
5.57e+01,2.26e+02,1.80e+01,2.40e+01
3.43e+01,1.19e+02,1.90e+01,2.40e+01
3.72e+01,1.36e+02,1.90e+01,2.50e+01
-7.03e+00,4.73e+01,1.90e+01,2.40e+01
9.91e+01,3.32e+02,1.90e+01,2.40e+01
6.07e+01,1.45e+02,2.00e+01,2.50e+01
4.29e+01,1.24e+02,2.00e+01,2.40e+01
4.05e+01,9.92e+01,2.00e+01,2.40e+01
6.11e+01,1.30e+02,2.00e+01,2.50e+01
4.70e+01,2.25e+02,1.80e+01,2.40e+01
5.19e+01,1.24e+02,2.00e+01,2.40e+01
5.80e+01,2.31e+02,1.90e+01,2.40e+01
3.17e+01,7.59e+01,1.90e+01,2.40e+01
6.04e+01,1.30e+02,1.90e+01,2.40e+01
2.72e+01,8.03e+01,1.80e+01,2.40e+01
9.44e+01,3.32e+02,1.90e+01,2.50e+01
5.13e+01,1.26e+02,2.00e+01,2.40e+01
