-2.12e+02,-5.17e+01,1.43e+02,4.90e+01
-1.50e+02,-5.47e+01,1.79e+02,6.70e+01
-1.55e+02,-7.12e+01,1.67e+02,6.10e+01
-2.16e+02,-5.30e+01,1.45e+02,5.00e+01
-1.46e+02,-5.42e+01,1.70e+02,6.20e+01
-2.11e+02,-4.22e+01,1.44e+02,4.90e+01
-1.63e+02,-4.83e+01,1.68e+02,6.10e+01
-2.07e+02,-4.91e+01,1.44e+02,4.90e+01
-1.63e+02,-6.03e+01,1.71e+02,6.20e+01
-1.51e+02,-5.04e+01,1.67e+02,6.10e+01
-2.08e+02,-4.52e+01,1.46e+02,5.10e+01
-1.49e+02,-5.92e+01,1.68e+02,6.10e+01
-2.08e+02,-4.18e+01,1.45e+02,5.00e+01
-2.19e+02,-5.03e+01,1.45e+02,5.00e+01
-1.47e+02,-6.08e+01,1.72e+02,6.30e+01
-1.47e+02,-5.75e+01,1.67e+02,6.10e+01
-2.09e+02,-5.28e+01,1.46e+02,5.00e+01
-1.54e+02,-5.80e+01,1.68e+02,6.10e+01
-1.54e+02,-5.51e+01,1.70e+02,6.20e+01
-1.48e+02,-6.34e+01,1.69e+02,6.20e+01
-2.05e+02,-4.36e+01,1.45e+02,5.00e+01
-1.49e+02,-6.33e+01,1.72e+02,6.20e+01
-1.55e+02,-5.06e+01,1.67e+02,6.10e+01
-1.54e+02,-5.71e+01,1.68e+02,6.10e+01
-1.55e+02,-6.97e+01,1.70e+02,6.40e+01
-1.59e+02,-5.52e+01,1.69e+02,6.10e+01
-2.08e+02,-5.15e+01,1.45e+02,5.00e+01
-1.50e+02,-6.39e+01,1.68e+02,6.20e+01
-2.07e+02,-4.89e+01,1.43e+02,4.90e+01
-4.97e+02,-4.81e+02,1.68e+02,6.10e+01
-1.51e+02,-5.99e+01,1.69e+02,6.20e+01
-2.10e+02,-4.88e+01,1.48e+02,5.10e+01
-1.52e+02,-6.78e+01,1.71e+02,6.20e+01
-2.15e+02,-4.52e+01,1.46e+02,5.00e+01
-2.06e+02,-4.59e+01,1.46e+02,5.00e+01
-5.00e+02,-5.00e+02,1.45e+02,4.90e+01
-2.17e+02,-5.69e+01,1.44e+02,4.90e+01
-1.60e+02,-6.36e+01,1.68e+02,6.10e+01
-1.49e+02,-5.92e+01,1.71e+02,6.20e+01
-1.52e+02,-6.45e+01,1.71e+02,6.20e+01
-1.57e+02,-6.07e+01,1.70e+02,6.20e+01
-1.62e+02,-6.97e+01,1.72e+02,6.20e+01
-1.52e+02,-6.41e+01,1.69e+02,6.20e+01
-2.06e+02,-3.91e+01,1.43e+02,4.90e+01
-1.52e+02,-5.90e+01,1.79e+02,6.70e+01
-2.08e+02,-4.61e+01,1.47e+02,5.10e+01
-1.48e+02,-5.97e+01,1.69e+02,6.20e+01
-2.16e+02,-5.19e+01,1.46e+02,5.00e+01
-1.52e+02,-5.66e+01,1.67e+02,6.10e+01
-1.50e+02,-5.83e+01,1.68e+02,6.10e+01
-1.48e+02,-6.36e+01,1.81e+02,6.80e+01
-2.07e+02,-5.22e+01,1.47e+02,5.10e+01
-2.08e+02,-5.19e+01,1.44e+02,4.90e+01
-2.12e+02,-4.91e+01,1.46e+02,5.00e+01
-2.07e+02,-4.77e+01,1.45e+02,5.00e+01
-2.11e+02,-4.31e+01,1.45e+02,5.00e+01
-2.11e+02,-4.75e+01,1.43e+02,4.90e+01
-1.52e+02,-5.16e+01,1.71e+02,6.20e+01
-1.54e+02,-5.18e+01,1.80e+02,6.70e+01
-2.08e+02,-4.96e+01,1.44e+02,4.90e+01
-2.13e+02,-5.33e+01,1.46e+02,5.00e+01
-4.97e+02,-4.85e+02,1.46e+02,5.00e+01
-2.09e+02,-4.68e+01,1.46e+02,5.00e+01
-1.55e+02,-7.34e+01,1.68e+02,6.10e+01
-1.53e+02,-5.13e+01,1.79e+02,6.70e+01
-2.12e+02,-4.59e+01,1.45e+02,4.90e+01
-2.12e+02,-6.12e+01,1.46e+02,5.00e+01
-2.11e+02,-5.38e+01,1.44e+02,5.00e+01
-5.00e+02,-5.00e+02,1.45e+02,4.90e+01
-1.46e+02,-5.62e+01,1.73e+02,6.30e+01
-2.28e+02,-8.33e+01,1.44e+02,4.90e+01
-1.56e+02,-5.97e+01,1.68e+02,6.10e+01
-1.50e+02,-5.44e+01,1.71e+02,6.20e+01
-1.50e+02,-6.06e+01,1.69e+02,6.20e+01
-1.54e+02,-5.98e+01,1.72e+02,6.30e+01
-1.47e+02,-5.93e+01,1.71e+02,6.20e+01
-1.49e+02,-6.49e+01,1.67e+02,6.10e+01
-2.09e+02,-4.41e+01,1.45e+02,4.90e+01
-3.08e+02,-1.43e+02,1.68e+02,6.10e+01
-5.00e+02,-5.00e+02,1.68e+02,6.10e+01
-1.46e+02,-6.03e+01,1.68e+02,6.10e+01
-1.52e+02,-5.45e+01,1.81e+02,6.80e+01
-2.11e+02,-4.65e+01,1.44e+02,4.90e+01
-1.52e+02,-5.29e+01,1.80e+02,6.70e+01
-1.56e+02,-7.51e+01,1.68e+02,6.20e+01
-2.45e+02,-6.31e+01,1.71e+02,6.20e+01
-1.49e+02,-6.43e+01,1.79e+02,6.70e+01
-2.11e+02,-4.52e+01,1.46e+02,5.00e+01
-2.14e+02,-5.15e+01,1.44e+02,4.90e+01
-1.55e+02,-6.19e+01,1.80e+02,6.80e+01
-1.50e+02,-5.34e+01,1.79e+02,6.70e+01
-2.08e+02,-5.06e+01,1.45e+02,5.00e+01
-3.45e+02,-1.70e+02,1.69e+02,6.10e+01
-5.00e+02,-5.00e+02,1.72e+02,6.20e+01
-5.00e+02,-5.00e+02,1.45e+02,4.90e+01
-1.56e+02,-5.61e+01,1.79e+02,6.70e+01
-2.09e+02,-4.20e+01,1.46e+02,5.00e+01
-2.07e+02,-4.98e+01,1.44e+02,4.90e+01
-1.51e+02,-6.17e+01,1.71e+02,6.20e+01
-2.12e+02,-5.56e+01,1.45e+02,5.00e+01
-1.56e+02,-6.27e+01,1.67e+02,6.10e+01
-5.00e+02,-5.00e+02,1.44e+02,4.90e+01
-3.69e+02,-1.02e+02,1.46e+02,5.00e+01
-1.53e+02,-6.84e+01,1.80e+02,6.70e+01
-5.00e+02,-5.00e+02,1.68e+02,6.10e+01
-2.10e+02,-5.32e+01,1.46e+02,5.00e+01
-1.50e+02,-5.29e+01,1.68e+02,6.10e+01
-2.12e+02,-5.57e+01,1.46e+02,5.00e+01
-2.10e+02,-5.08e+01,1.45e+02,4.90e+01
-5.00e+02,-5.00e+02,1.44e+02,4.90e+01
-2.11e+02,-5.20e+01,1.46e+02,5.10e+01
-1.53e+02,-5.89e+01,1.71e+02,6.20e+01
-2.12e+02,-5.17e+01,1.45e+02,4.90e+01
-1.54e+02,-5.84e+01,1.70e+02,6.20e+01
-1.48e+02,-5.20e+01,1.72e+02,6.30e+01
-2.07e+02,-3.70e+01,1.46e+02,5.00e+01
-5.00e+02,-5.00e+02,1.45e+02,4.90e+01
-2.09e+02,-4.59e+01,1.45e+02,4.90e+01
-1.49e+02,-5.03e+01,1.69e+02,6.20e+01
-1.52e+02,-6.12e+01,1.67e+02,6.10e+01
-1.50e+02,-5.14e+01,1.79e+02,6.70e+01
-5.00e+02,-5.00e+02,1.72e+02,6.20e+01
-4.32e+02,-9.27e+01,1.71e+02,6.20e+01
-1.52e+02,-6.26e+01,1.67e+02,6.10e+01
-2.14e+02,-5.56e+01,1.43e+02,4.90e+01
-2.08e+02,-4.36e+01,1.45e+02,4.90e+01
-2.08e+02,-5.46e+01,1.43e+02,4.90e+01
-2.07e+02,-5.06e+01,1.45e+02,4.90e+01
-2.09e+02,-5.02e+01,1.44e+02,5.00e+01
-2.08e+02,-5.11e+01,1.46e+02,5.00e+01
-2.09e+02,-4.55e+01,1.45e+02,5.00e+01
-1.49e+02,-5.84e+01,1.71e+02,6.20e+01
-2.09e+02,-4.99e+01,1.47e+02,5.10e+01
-2.19e+02,-4.72e+01,1.47e+02,5.10e+01
-2.09e+02,-4.61e+01,1.43e+02,4.90e+01
-2.14e+02,-5.65e+01,1.45e+02,5.00e+01
-2.08e+02,-5.00e+01,1.44e+02,4.90e+01
-1.63e+02,-7.07e+01,1.70e+02,6.20e+01
-1.67e+02,-8.37e+01,1.68e+02,6.20e+01
-5.00e+02,-5.00e+02,1.44e+02,4.90e+01
-1.54e+02,-4.92e+01,1.72e+02,6.30e+01
-1.50e+02,-5.61e+01,1.68e+02,6.20e+01
-1.58e+02,-5.87e+01,1.80e+02,6.80e+01
-2.10e+02,-5.21e+01,1.45e+02,5.00e+01
-1.54e+02,-6.83e+01,1.71e+02,6.20e+01
-2.09e+02,-4.41e+01,1.44e+02,4.90e+01
-1.51e+02,-5.49e+01,1.68e+02,6.10e+01
-2.15e+02,-5.62e+01,1.46e+02,5.00e+01
-2.07e+02,-5.23e+01,1.45e+02,4.90e+01
-2.19e+02,-5.97e+01,1.44e+02,5.00e+01
-2.10e+02,-4.86e+01,1.45e+02,4.90e+01
-1.57e+02,-6.03e+01,1.72e+02,6.20e+01
-2.12e+02,-4.87e+01,1.45e+02,4.90e+01
-2.11e+02,-5.17e+01,1.44e+02,4.90e+01
-5.00e+02,-5.00e+02,1.68e+02,6.10e+01
-2.07e+02,-4.90e+01,1.47e+02,5.10e+01
-2.08e+02,-5.24e+01,1.44e+02,4.90e+01
-1.55e+02,-7.30e+01,1.79e+02,6.70e+01
-2.09e+02,-4.47e+01,1.44e+02,4.90e+01
-2.20e+02,-5.53e+01,1.44e+02,5.00e+01
-3.89e+02,-1.03e+02,1.47e+02,5.20e+01
-2.09e+02,-4.92e+01,1.45e+02,5.00e+01
-3.69e+02,-1.12e+02,1.44e+02,4.90e+01
-2.08e+02,-4.30e+01,1.45e+02,5.00e+01
-1.51e+02,-5.77e+01,1.79e+02,6.70e+01
-2.21e+02,-5.47e+01,1.45e+02,5.00e+01
-1.54e+02,-5.65e+01,1.80e+02,6.70e+01
-1.52e+02,-5.82e+01,1.69e+02,6.20e+01
-1.46e+02,-5.03e+01,1.80e+02,6.70e+01
-2.09e+02,-4.68e+01,1.44e+02,4.90e+01
-4.46e+02,-1.76e+02,1.79e+02,6.70e+01
-2.16e+02,-4.98e+01,1.46e+02,5.00e+01
-1.52e+02,-7.78e+01,1.72e+02,6.30e+01
-1.56e+02,-6.06e+01,1.72e+02,6.20e+01
-1.54e+02,-6.25e+01,1.80e+02,6.70e+01
-1.49e+02,-5.45e+01,1.80e+02,6.80e+01
-2.07e+02,-5.07e+01,1.44e+02,4.90e+01
-1.57e+02,-6.61e+01,1.69e+02,6.20e+01
-4.35e+02,-1.11e+02,1.69e+02,6.10e+01
-2.08e+02,-4.34e+01,1.46e+02,5.10e+01
-2.10e+02,-5.42e+01,1.46e+02,5.00e+01
-2.11e+02,-4.15e+01,1.47e+02,5.10e+01
-1.49e+02,-6.42e+01,1.79e+02,6.70e+01
-2.11e+02,-4.96e+01,1.45e+02,5.00e+01
-1.56e+02,-6.12e+01,1.73e+02,6.30e+01
-4.38e+02,-1.31e+02,1.44e+02,5.00e+01
-1.54e+02,-6.60e+01,1.72e+02,6.20e+01
-1.47e+02,-5.86e+01,1.68e+02,6.10e+01
-1.53e+02,-4.81e+01,1.71e+02,6.20e+01
-1.52e+02,-6.83e+01,1.79e+02,6.70e+01
-2.10e+02,-4.97e+01,1.46e+02,5.10e+01
-2.05e+02,-4.92e+01,1.45e+02,4.90e+01
