1.13e+03,1.32e+03,4.80e+01,3.70e+01
1.17e+03,1.30e+03,4.70e+01,3.50e+01
1.11e+03,1.33e+03,4.90e+01,3.70e+01
1.02e+03,1.18e+03,4.80e+01,3.70e+01
1.11e+03,1.30e+03,5.20e+01,3.90e+01
1.05e+03,1.41e+03,5.30e+01,3.90e+01
9.81e+02,1.30e+03,5.20e+01,3.80e+01
1.09e+03,1.36e+03,4.60e+01,3.50e+01
1.02e+03,1.22e+03,4.60e+01,3.50e+01
9.78e+02,1.27e+03,4.80e+01,3.70e+01
1.21e+03,1.36e+03,5.20e+01,3.70e+01
1.21e+03,1.38e+03,5.00e+01,3.70e+01
1.09e+03,1.43e+03,4.80e+01,3.50e+01
9.95e+02,1.20e+03,5.20e+01,3.70e+01
1.14e+03,1.35e+03,5.10e+01,3.70e+01
1.18e+03,1.43e+03,5.00e+01,3.70e+01
1.02e+03,1.27e+03,5.10e+01,3.80e+01
1.00e+03,1.24e+03,4.70e+01,3.50e+01
1.04e+03,1.21e+03,5.00e+01,3.80e+01
1.09e+03,1.28e+03,5.10e+01,3.70e+01
1.05e+03,1.24e+03,4.60e+01,3.50e+01
1.09e+03,1.28e+03,5.00e+01,3.70e+01
1.15e+03,1.44e+03,4.70e+01,3.60e+01
8.00e+02,1.19e+03,5.10e+01,3.70e+01
1.01e+03,1.22e+03,5.20e+01,3.80e+01
1.13e+03,1.45e+03,5.10e+01,3.80e+01
1.08e+03,1.24e+03,4.70e+01,3.70e+01
1.16e+03,1.32e+03,4.80e+01,3.60e+01
1.11e+03,1.29e+03,5.20e+01,3.90e+01
1.15e+03,1.37e+03,5.10e+01,3.70e+01
1.16e+03,1.41e+03,5.20e+01,3.80e+01
1.22e+03,1.40e+03,5.30e+01,3.90e+01
1.10e+03,1.37e+03,5.00e+01,3.80e+01
1.05e+03,1.35e+03,5.20e+01,3.70e+01
1.14e+03,1.38e+03,5.10e+01,3.70e+01
1.07e+03,1.41e+03,5.30e+01,3.90e+01
1.07e+03,1.31e+03,5.30e+01,3.90e+01
1.05e+03,1.39e+03,4.90e+01,3.60e+01
9.83e+02,1.40e+03,5.10e+01,3.70e+01
1.05e+03,1.30e+03,4.80e+01,3.60e+01
1.04e+03,1.46e+03,4.80e+01,3.60e+01
1.02e+03,1.36e+03,5.20e+01,3.70e+01
1.08e+03,1.39e+03,5.30e+01,3.90e+01
1.10e+03,1.41e+03,4.80e+01,3.60e+01
1.07e+03,1.35e+03,5.00e+01,3.70e+01
1.11e+03,1.37e+03,5.00e+01,3.70e+01
1.01e+03,1.20e+03,5.00e+01,3.80e+01
1.02e+03,1.17e+03,5.00e+01,3.80e+01
1.11e+03,1.50e+03,5.10e+01,3.70e+01
1.10e+03,1.31e+03,4.80e+01,3.70e+01
1.21e+03,1.42e+03,5.00e+01,3.70e+01
1.09e+03,1.45e+03,5.00e+01,3.70e+01
1.09e+03,1.26e+03,4.70e+01,3.60e+01
1.16e+03,1.38e+03,5.20e+01,3.70e+01
1.02e+03,1.28e+03,4.60e+01,3.60e+01
1.11e+03,1.34e+03,5.20e+01,3.80e+01
1.06e+03,1.34e+03,4.90e+01,3.60e+01
1.15e+03,1.43e+03,5.20e+01,3.80e+01
1.18e+03,1.42e+03,5.10e+01,3.70e+01
1.06e+03,1.31e+03,5.00e+01,3.80e+01
1.10e+03,1.33e+03,5.10e+01,3.80e+01
1.15e+03,1.42e+03,5.20e+01,3.70e+01
9.98e+02,1.25e+03,5.20e+01,3.70e+01
1.11e+03,1.34e+03,5.20e+01,3.70e+01
1.03e+03,1.42e+03,4.70e+01,3.70e+01
1.12e+03,1.29e+03,5.00e+01,3.80e+01
9.88e+02,1.27e+03,5.10e+01,3.80e+01
1.12e+03,1.41e+03,4.70e+01,3.50e+01
1.19e+03,1.42e+03,4.80e+01,3.70e+01
1.11e+03,1.38e+03,5.10e+01,3.80e+01
1.08e+03,1.43e+03,5.20e+01,3.80e+01
1.15e+03,1.50e+03,5.00e+01,3.70e+01
1.03e+03,1.12e+03,5.20e+01,3.70e+01
1.10e+03,1.34e+03,5.20e+01,3.70e+01
1.14e+03,1.34e+03,5.00e+01,3.70e+01
1.05e+03,1.20e+03,5.20e+01,3.80e+01
1.08e+03,1.28e+03,4.90e+01,3.80e+01
1.14e+03,1.26e+03,5.10e+01,3.80e+01
1.03e+03,1.26e+03,5.10e+01,3.80e+01
1.15e+03,1.40e+03,4.90e+01,3.70e+01
1.10e+03,1.30e+03,4.70e+01,3.50e+01
1.10e+03,1.28e+03,4.90e+01,3.80e+01
1.08e+03,1.39e+03,4.90e+01,3.70e+01
1.16e+03,1.45e+03,5.20e+01,3.80e+01
1.15e+03,1.36e+03,4.60e+01,3.50e+01
1.20e+02,1.72e+02,4.90e+01,3.50e+01
1.20e+03,1.44e+03,5.10e+01,3.70e+01
1.06e+03,1.22e+03,5.00e+01,3.70e+01
2.51e+02,3.05e+02,4.80e+01,3.70e+01
1.08e+03,1.43e+03,5.00e+01,3.70e+01
5.85e+02,7.82e+02,5.00e+01,3.70e+01
1.13e+03,1.34e+03,4.90e+01,3.60e+01
1.11e+03,1.38e+03,5.20e+01,3.80e+01
1.12e+03,1.28e+03,5.20e+01,3.70e+01
1.13e+03,1.37e+03,5.40e+01,3.90e+01
1.19e+03,1.43e+03,4.90e+01,3.70e+01
1.11e+03,1.31e+03,5.40e+01,4.00e+01
1.15e+03,1.39e+03,4.80e+01,3.80e+01
1.12e+03,1.35e+03,5.20e+01,3.80e+01
1.14e+03,1.29e+03,5.30e+01,3.90e+01
9.99e+02,1.12e+03,5.10e+01,3.70e+01
1.18e+03,1.34e+03,5.40e+01,3.80e+01
2.80e+02,3.06e+02,4.90e+01,3.80e+01
1.00e+03,1.40e+03,5.10e+01,3.70e+01
9.81e+02,1.24e+03,4.90e+01,3.60e+01
1.16e+03,1.41e+03,5.20e+01,3.90e+01
1.13e+03,1.39e+03,5.10e+01,3.80e+01
9.31e+02,1.28e+03,4.90e+01,3.70e+01
1.05e+03,1.43e+03,4.60e+01,3.50e+01
1.13e+03,1.31e+03,5.00e+01,3.70e+01
9.84e+02,1.18e+03,5.20e+01,3.80e+01
2.52e+02,3.97e+02,4.70e+01,3.60e+01
1.11e+03,1.32e+03,5.30e+01,3.90e+01
1.01e+03,1.42e+03,4.60e+01,3.50e+01
1.08e+03,1.30e+03,5.40e+01,3.80e+01
1.13e+03,1.28e+03,4.80e+01,3.70e+01
9.52e+02,1.31e+03,4.80e+01,3.50e+01
1.08e+03,1.20e+03,5.10e+01,3.80e+01
1.06e+03,1.29e+03,5.20e+01,3.70e+01
1.09e+03,1.29e+03,5.20e+01,3.70e+01
9.88e+02,1.19e+03,4.60e+01,3.50e+01
1.09e+03,1.31e+03,5.10e+01,3.70e+01
1.10e+03,1.41e+03,5.20e+01,3.70e+01
1.12e+03,1.33e+03,4.90e+01,3.70e+01
1.11e+03,1.34e+03,4.60e+01,3.50e+01
1.13e+03,1.34e+03,5.00e+01,3.80e+01
1.10e+03,1.42e+03,5.30e+01,3.80e+01
1.00e+03,1.28e+03,4.70e+01,3.50e+01
1.13e+03,1.39e+03,5.10e+01,3.70e+01
1.15e+03,1.37e+03,5.00e+01,3.70e+01
1.05e+03,1.24e+03,5.20e+01,3.70e+01
1.12e+03,1.48e+03,5.00e+01,3.70e+01
1.16e+03,1.25e+03,5.30e+01,3.90e+01
1.08e+03,1.40e+03,4.80e+01,3.60e+01
1.12e+03,1.37e+03,5.40e+01,3.90e+01
1.12e+03,1.36e+03,5.20e+01,3.70e+01
1.11e+03,1.30e+03,5.00e+01,3.80e+01
1.06e+03,1.28e+03,4.90e+01,3.60e+01
1.13e+03,1.43e+03,5.30e+01,3.80e+01
1.14e+03,1.34e+03,4.80e+01,3.70e+01
9.25e+02,1.41e+03,5.20e+01,3.70e+01
1.06e+03,1.46e+03,4.90e+01,3.60e+01
1.04e+03,1.43e+03,4.70e+01,3.50e+01
1.03e+03,1.30e+03,5.20e+01,3.70e+01
1.07e+03,1.21e+03,4.60e+01,3.50e+01
1.09e+03,1.41e+03,4.80e+01,3.50e+01
1.08e+03,1.32e+03,5.20e+01,3.90e+01
1.05e+03,1.38e+03,4.90e+01,3.70e+01
1.12e+03,1.35e+03,5.00e+01,3.80e+01
1.19e+03,1.44e+03,4.80e+01,3.60e+01
1.13e+03,1.34e+03,5.10e+01,3.80e+01
1.16e+03,1.35e+03,5.00e+01,3.70e+01
9.90e+02,1.35e+03,4.80e+01,3.50e+01
1.12e+03,1.42e+03,4.60e+01,3.50e+01
1.19e+03,1.44e+03,5.00e+01,3.70e+01
1.06e+03,1.24e+03,4.90e+01,3.70e+01
1.08e+03,1.30e+03,5.00e+01,3.70e+01
1.09e+03,1.37e+03,5.30e+01,3.80e+01
1.11e+03,1.37e+03,5.20e+01,3.80e+01
5.20e+02,7.01e+02,4.90e+01,3.70e+01
1.17e+03,1.41e+03,4.90e+01,3.70e+01
1.12e+03,1.26e+03,5.30e+01,3.90e+01
1.10e+03,1.26e+03,5.10e+01,3.80e+01
1.03e+03,1.24e+03,4.80e+01,3.70e+01
1.17e+03,1.32e+03,5.10e+01,3.70e+01
1.03e+03,1.41e+03,5.20e+01,3.70e+01
1.06e+03,1.28e+03,5.00e+01,3.80e+01
1.04e+03,1.42e+03,4.70e+01,3.50e+01
1.05e+03,1.45e+03,5.10e+01,3.70e+01
1.10e+03,1.48e+03,5.00e+01,3.70e+01
1.17e+03,1.32e+03,4.80e+01,3.70e+01
1.07e+03,1.37e+03,4.80e+01,3.70e+01
5.09e+01,6.80e+01,5.20e+01,3.70e+01
1.63e+02,5.17e+02,4.80e+01,3.50e+01
1.14e+03,1.33e+03,4.80e+01,3.70e+01
9.94e+02,1.27e+03,5.30e+01,3.90e+01
1.04e+03,1.26e+03,4.60e+01,3.50e+01
1.19e+03,1.43e+03,5.50e+01,4.00e+01
9.96e+02,1.29e+03,4.90e+01,3.80e+01
1.09e+03,1.34e+03,5.20e+01,3.70e+01
1.13e+03,1.41e+03,5.30e+01,3.90e+01
1.16e+03,1.44e+03,5.30e+01,3.80e+01
1.08e+03,1.42e+03,4.90e+01,3.70e+01
1.09e+03,1.32e+03,5.10e+01,3.70e+01
1.07e+03,1.36e+03,5.30e+01,3.90e+01
1.03e+03,1.27e+03,4.90e+01,3.70e+01
9.48e+02,1.14e+03,4.90e+01,3.70e+01
1.03e+03,1.37e+03,5.00e+01,3.70e+01
1.09e+03,1.29e+03,5.20e+01,3.80e+01
1.10e+03,1.44e+03,4.80e+01,3.70e+01
1.13e+03,1.36e+03,5.00e+01,3.70e+01
1.13e+03,1.50e+03,5.10e+01,3.80e+01
1.23e+03,1.37e+03,4.70e+01,3.50e+01
1.06e+03,1.30e+03,4.80e+01,3.50e+01
5.68e+02,9.13e+02,4.80e+01,3.50e+01
1.03e+03,1.18e+03,5.20e+01,3.90e+01
1.03e+03,1.34e+03,5.00e+01,3.60e+01
1.18e+03,1.43e+03,4.80e+01,3.70e+01
1.15e+03,1.50e+03,5.20e+01,3.80e+01
1.12e+03,1.39e+03,4.60e+01,3.50e+01
1.06e+03,1.26e+03,5.20e+01,3.80e+01
1.14e+03,1.36e+03,4.80e+01,3.60e+01
1.16e+03,1.41e+03,4.80e+01,3.70e+01
1.16e+03,1.41e+03,5.40e+01,3.90e+01
1.10e+03,1.29e+03,4.90e+01,3.80e+01
1.09e+03,1.39e+03,4.70e+01,3.70e+01
1.10e+03,1.30e+03,4.60e+01,3.50e+01
1.10e+03,1.33e+03,5.30e+01,3.90e+01
9.66e+02,1.26e+03,4.80e+01,3.70e+01
1.09e+03,1.38e+03,5.20e+01,3.90e+01
8.68e+01,1.56e+02,5.00e+01,3.80e+01
1.10e+03,1.25e+03,5.20e+01,3.80e+01
8.83e+01,2.08e+02,4.80e+01,3.70e+01
1.10e+03,1.29e+03,5.30e+01,3.90e+01
1.07e+03,1.21e+03,4.70e+01,3.50e+01
9.38e+02,1.28e+03,5.00e+01,3.70e+01
1.16e+03,1.43e+03,5.10e+01,3.70e+01
1.11e+03,1.39e+03,5.20e+01,3.70e+01
1.08e+03,1.43e+03,5.10e+01,3.70e+01
1.15e+03,1.38e+03,5.20e+01,3.90e+01
1.11e+03,1.45e+03,5.10e+01,3.70e+01
9.66e+02,1.34e+03,4.80e+01,3.70e+01
1.14e+03,1.45e+03,5.20e+01,3.80e+01
7.23e+02,1.10e+03,4.90e+01,3.80e+01
1.13e+03,1.42e+03,4.80e+01,3.60e+01
1.11e+03,1.27e+03,5.20e+01,3.70e+01
1.03e+03,1.23e+03,4.80e+01,3.70e+01
1.06e+03,1.39e+03,5.30e+01,3.90e+01
1.10e+03,1.34e+03,4.80e+01,3.70e+01
6.76e+02,1.33e+03,4.80e+01,3.70e+01
1.08e+03,1.41e+03,4.70e+01,3.60e+01
9.67e+02,1.10e+03,5.00e+01,3.80e+01
1.13e+03,1.31e+03,4.90e+01,3.80e+01
1.03e+03,1.28e+03,5.00e+01,3.80e+01
1.16e+03,1.42e+03,4.80e+01,3.70e+01
1.12e+03,1.28e+03,4.70e+01,3.70e+01
1.20e+03,1.49e+03,5.00e+01,3.80e+01
1.05e+03,1.32e+03,4.80e+01,3.60e+01
1.11e+03,1.37e+03,5.20e+01,3.70e+01
1.01e+03,1.30e+03,4.70e+01,3.60e+01
1.00e+03,1.23e+03,5.00e+01,3.70e+01
1.13e+03,1.36e+03,4.90e+01,3.50e+01
1.16e+03,1.39e+03,5.20e+01,3.80e+01
9.77e+02,1.33e+03,5.20e+01,3.80e+01
1.16e+03,1.44e+03,4.60e+01,3.50e+01
1.06e+03,1.36e+03,5.00e+01,3.70e+01
1.06e+03,1.29e+03,5.00e+01,3.70e+01
1.10e+03,1.27e+03,4.70e+01,3.50e+01
1.17e+03,1.38e+03,5.00e+01,3.80e+01
2.73e+02,3.45e+02,4.80e+01,3.70e+01
1.11e+03,1.23e+03,5.00e+01,3.70e+01
1.19e+03,1.41e+03,4.90e+01,3.80e+01
1.02e+03,1.35e+03,4.90e+01,3.70e+01
1.02e+03,1.35e+03,4.70e+01,3.50e+01
1.14e+03,1.30e+03,4.90e+01,3.70e+01
4.45e+01,6.85e+01,4.60e+01,3.50e+01
1.12e+03,1.34e+03,4.70e+01,3.50e+01
1.03e+03,1.26e+03,4.70e+01,3.50e+01
1.09e+03,1.38e+03,4.90e+01,3.60e+01
1.17e+03,1.44e+03,5.00e+01,3.70e+01
3.14e+02,4.31e+02,5.00e+01,3.80e+01
1.14e+03,1.40e+03,5.20e+01,3.80e+01
1.13e+03,1.41e+03,5.20e+01,3.70e+01
1.13e+03,1.28e+03,5.00e+01,3.70e+01
1.08e+03,1.31e+03,5.10e+01,3.70e+01
1.04e+03,1.30e+03,4.80e+01,3.50e+01
1.06e+03,1.38e+03,4.90e+01,3.70e+01
4.70e+02,5.69e+02,4.90e+01,3.50e+01
9.19e+02,1.32e+03,5.20e+01,3.80e+01
1.13e+03,1.25e+03,4.60e+01,3.50e+01
2.48e+02,2.69e+02,5.00e+01,3.80e+01
1.04e+03,1.33e+03,5.30e+01,3.90e+01
1.14e+03,1.33e+03,5.30e+01,3.90e+01
1.06e+03,1.30e+03,5.30e+01,3.90e+01
2.22e+02,2.88e+02,4.60e+01,3.50e+01
1.07e+03,1.30e+03,4.70e+01,3.50e+01
9.15e+02,1.19e+03,5.10e+01,3.70e+01
1.12e+03,1.39e+03,4.80e+01,3.70e+01
1.05e+03,1.30e+03,5.00e+01,3.70e+01
1.11e+03,1.30e+03,5.30e+01,3.80e+01
1.02e+03,1.08e+03,5.20e+01,3.80e+01
2.66e+02,2.92e+02,5.00e+01,3.70e+01
1.17e+03,1.43e+03,5.40e+01,4.00e+01
1.06e+03,1.31e+03,5.10e+01,3.90e+01
1.18e+03,1.30e+03,4.60e+01,3.50e+01
1.05e+03,1.45e+03,5.10e+01,3.80e+01
9.72e+02,1.29e+03,5.20e+01,3.90e+01
7.70e+02,1.28e+03,5.10e+01,3.70e+01
1.02e+03,1.24e+03,5.20e+01,3.70e+01
9.59e+02,1.27e+03,4.90e+01,3.70e+01
1.11e+03,1.38e+03,4.90e+01,3.70e+01
1.13e+03,1.45e+03,5.20e+01,3.90e+01
1.57e+02,8.27e+02,4.60e+01,3.50e+01
1.15e+03,1.35e+03,4.60e+01,3.50e+01
1.06e+03,1.41e+03,5.10e+01,3.80e+01
1.20e+03,1.38e+03,5.20e+01,3.90e+01
1.01e+03,1.19e+03,5.20e+01,3.70e+01
1.15e+03,1.44e+03,4.80e+01,3.70e+01
2.67e+02,3.69e+02,4.70e+01,3.60e+01
5.36e+02,7.39e+02,5.10e+01,3.80e+01
1.07e+03,1.34e+03,5.20e+01,3.70e+01
1.16e+03,1.44e+03,5.10e+01,3.70e+01
1.16e+03,1.33e+03,4.80e+01,3.70e+01
1.14e+03,1.43e+03,5.20e+01,3.80e+01
1.12e+03,1.36e+03,5.40e+01,4.00e+01
1.08e+03,1.32e+03,4.70e+01,3.50e+01
1.12e+03,1.43e+03,4.60e+01,3.50e+01
1.04e+03,1.24e+03,5.20e+01,3.90e+01
1.11e+03,1.27e+03,4.90e+01,3.70e+01
1.02e+03,1.42e+03,5.00e+01,3.70e+01
1.08e+03,1.31e+03,5.30e+01,3.90e+01
1.08e+03,1.36e+03,5.20e+01,3.70e+01
1.13e+03,1.41e+03,4.70e+01,3.70e+01
1.16e+03,1.31e+03,4.80e+01,3.70e+01
1.04e+03,1.17e+03,5.00e+01,3.80e+01
6.54e+02,1.02e+03,4.90e+01,3.60e+01
9.17e+02,1.26e+03,4.90e+01,3.70e+01
7.43e+02,9.47e+02,5.40e+01,3.90e+01
1.14e+03,1.43e+03,5.30e+01,3.90e+01
1.05e+03,1.38e+03,5.00e+01,3.70e+01
1.57e+02,2.36e+02,5.10e+01,3.70e+01
1.05e+03,1.44e+03,4.70e+01,3.60e+01
1.16e+03,1.37e+03,5.30e+01,3.90e+01
1.10e+03,1.32e+03,4.70e+01,3.50e+01
1.15e+03,1.32e+03,5.00e+01,3.80e+01
1.05e+03,1.24e+03,5.10e+01,3.70e+01
1.15e+03,1.40e+03,5.20e+01,3.80e+01
1.09e+03,1.31e+03,5.00e+01,3.80e+01
9.32e+02,1.24e+03,5.20e+01,3.80e+01
1.04e+03,1.40e+03,4.60e+01,3.50e+01
1.07e+03,1.30e+03,5.10e+01,3.70e+01
1.09e+03,1.23e+03,5.50e+01,4.00e+01
1.13e+03,1.31e+03,4.70e+01,3.60e+01
8.78e+02,1.36e+03,5.10e+01,3.70e+01
1.10e+03,1.38e+03,5.30e+01,3.90e+01
1.03e+03,1.33e+03,5.30e+01,3.90e+01
1.98e+02,2.70e+02,5.40e+01,3.90e+01
1.11e+03,1.23e+03,4.80e+01,3.70e+01
-4.42e+01,-1.38e+01,4.80e+01,3.70e+01
1.15e+03,1.34e+03,4.70e+01,3.50e+01
4.59e+01,7.55e+01,5.10e+01,3.70e+01
9.66e+02,1.32e+03,4.70e+01,3.70e+01
1.19e+03,1.38e+03,4.70e+01,3.60e+01
1.14e+03,1.35e+03,5.10e+01,3.70e+01
1.12e+03,1.38e+03,4.90e+01,3.70e+01
9.11e+02,1.22e+03,4.80e+01,3.60e+01
1.10e+03,1.40e+03,5.20e+01,3.80e+01
1.03e+03,1.25e+03,4.80e+01,3.50e+01
1.17e+03,1.37e+03,4.90e+01,3.70e+01
9.54e+01,2.72e+02,5.10e+01,3.70e+01
1.04e+03,1.19e+03,4.80e+01,3.70e+01
1.08e+03,1.36e+03,4.90e+01,3.70e+01
1.55e+02,7.82e+02,5.20e+01,3.80e+01
9.76e+02,1.25e+03,5.20e+01,3.90e+01
1.05e+03,1.27e+03,5.20e+01,3.90e+01
1.25e+03,1.44e+03,4.60e+01,3.50e+01
1.14e+03,1.40e+03,5.30e+01,3.90e+01
7.51e+02,1.11e+03,4.90e+01,3.70e+01
1.15e+03,1.37e+03,4.70e+01,3.50e+01
1.17e+03,1.39e+03,4.70e+01,3.60e+01
1.15e+03,1.39e+03,5.30e+01,3.80e+01
1.20e+03,1.47e+03,5.30e+01,3.90e+01
1.17e+03,1.35e+03,4.80e+01,3.60e+01
6.41e+02,8.15e+02,4.70e+01,3.60e+01
1.10e+03,1.34e+03,5.00e+01,3.70e+01
1.08e+03,1.32e+03,4.90e+01,3.70e+01
1.19e+03,1.49e+03,5.30e+01,3.90e+01
1.14e+03,1.31e+03,5.20e+01,3.80e+01
1.13e+03,1.34e+03,4.70e+01,3.50e+01
1.19e+03,1.29e+03,4.80e+01,3.60e+01
1.13e+03,1.49e+03,4.70e+01,3.50e+01
1.21e+03,1.38e+03,5.20e+01,3.70e+01
1.11e+03,1.32e+03,5.20e+01,3.90e+01
1.07e+03,1.37e+03,5.20e+01,3.80e+01
1.15e+03,1.36e+03,5.40e+01,3.80e+01
1.06e+03,1.38e+03,4.60e+01,3.50e+01
1.16e+03,1.32e+03,4.80e+01,3.70e+01
1.07e+03,1.34e+03,5.10e+01,3.70e+01
8.17e+02,1.31e+03,5.30e+01,3.90e+01
9.06e+02,1.17e+03,4.80e+01,3.50e+01
1.20e+03,1.44e+03,5.20e+01,3.90e+01
1.04e+03,1.40e+03,4.80e+01,3.50e+01
1.10e+03,1.30e+03,4.70e+01,3.70e+01
3.93e+02,4.94e+02,4.70e+01,3.50e+01
1.11e+03,1.32e+03,5.10e+01,3.80e+01
1.12e+03,1.31e+03,4.70e+01,3.60e+01
1.10e+03,1.34e+03,4.80e+01,3.50e+01
1.07e+03,1.23e+03,5.20e+01,3.70e+01
1.03e+03,1.21e+03,4.90e+01,3.70e+01
1.04e+03,1.28e+03,5.40e+01,4.00e+01
1.08e+03,1.32e+03,4.60e+01,3.50e+01
1.10e+03,1.41e+03,4.90e+01,3.70e+01
1.18e+03,1.45e+03,5.00e+01,3.80e+01
1.08e+03,1.30e+03,5.10e+01,3.70e+01
1.11e+03,1.35e+03,5.00e+01,3.70e+01
1.04e+03,1.28e+03,4.80e+01,3.50e+01
1.09e+03,1.34e+03,4.80e+01,3.60e+01
1.08e+03,1.27e+03,5.00e+01,3.80e+01
1.07e+03,1.37e+03,5.00e+01,3.70e+01
8.66e+02,1.36e+03,5.10e+01,3.70e+01
1.13e+03,1.39e+03,5.00e+01,3.70e+01
1.19e+03,1.36e+03,4.90e+01,3.60e+01
1.10e+03,1.33e+03,4.70e+01,3.50e+01
1.10e+03,1.36e+03,5.00e+01,3.80e+01
1.05e+03,1.28e+03,5.20e+01,3.80e+01
1.10e+03,1.36e+03,4.60e+01,3.50e+01
1.10e+03,1.43e+03,5.20e+01,3.80e+01
1.05e+03,1.36e+03,5.00e+01,3.70e+01
1.13e+03,1.32e+03,5.00e+01,3.70e+01
1.03e+03,1.22e+03,5.00e+01,3.70e+01
1.05e+03,1.35e+03,4.80e+01,3.70e+01
1.20e+03,1.40e+03,4.80e+01,3.70e+01
8.77e+02,1.23e+03,5.20e+01,3.80e+01
1.19e+03,1.38e+03,4.80e+01,3.60e+01
8.56e+01,1.46e+02,5.30e+01,3.90e+01
1.06e+03,1.18e+03,4.70e+01,3.70e+01
1.07e+03,1.41e+03,5.30e+01,3.90e+01
1.09e+03,1.37e+03,4.90e+01,3.70e+01
1.05e+03,1.28e+03,4.90e+01,3.70e+01
1.16e+03,1.38e+03,4.80e+01,3.60e+01
8.66e+02,1.21e+03,5.10e+01,3.80e+01
1.17e+03,1.41e+03,5.30e+01,3.90e+01
1.19e+03,1.38e+03,5.30e+01,3.90e+01
1.15e+03,1.36e+03,4.80e+01,3.70e+01
1.01e+03,1.23e+03,4.90e+01,3.70e+01
1.12e+03,1.29e+03,4.70e+01,3.50e+01
2.64e+02,3.52e+02,5.00e+01,3.70e+01
2.57e+02,2.86e+02,4.70e+01,3.60e+01
8.05e+02,1.42e+03,5.10e+01,3.70e+01
4.26e+01,5.33e+01,4.80e+01,3.70e+01
1.05e+03,1.37e+03,4.80e+01,3.50e+01
1.09e+03,1.39e+03,5.00e+01,3.80e+01
1.07e+03,1.42e+03,5.20e+01,3.70e+01
1.13e+03,1.37e+03,5.20e+01,3.80e+01
1.02e+03,1.22e+03,5.30e+01,3.70e+01
1.05e+03,1.36e+03,5.10e+01,3.70e+01
2.63e+02,2.98e+02,4.80e+01,3.70e+01
1.08e+03,1.19e+03,5.10e+01,3.70e+01
1.09e+03,1.44e+03,5.00e+01,3.70e+01
1.06e+03,1.31e+03,4.90e+01,3.60e+01
1.08e+03,1.28e+03,4.80e+01,3.70e+01
1.14e+03,1.28e+03,5.00e+01,3.70e+01
1.05e+03,1.32e+03,4.70e+01,3.50e+01
9.61e+02,1.42e+03,5.00e+01,3.70e+01
1.13e+03,1.37e+03,4.70e+01,3.60e+01
1.10e+03,1.34e+03,5.20e+01,3.90e+01
2.83e+02,3.60e+02,5.20e+01,3.80e+01
1.05e+03,1.36e+03,5.10e+01,3.70e+01
5.52e+02,7.64e+02,4.80e+01,3.70e+01
9.90e+02,1.37e+03,5.30e+01,3.90e+01
1.03e+03,1.30e+03,4.60e+01,3.50e+01
1.14e+03,1.42e+03,5.00e+01,3.70e+01
1.07e+03,1.41e+03,5.30e+01,3.90e+01
1.11e+03,1.30e+03,5.00e+01,3.70e+01
7.81e+02,1.37e+03,4.80e+01,3.70e+01
1.46e+02,3.33e+02,5.20e+01,3.80e+01
9.97e+02,1.08e+03,4.90e+01,3.70e+01
1.19e+03,1.41e+03,5.20e+01,3.90e+01
1.05e+03,1.45e+03,4.70e+01,3.50e+01
1.21e+03,1.45e+03,5.30e+01,3.90e+01
8.14e+02,1.33e+03,5.10e+01,3.70e+01
1.17e+03,1.38e+03,5.00e+01,3.60e+01
2.50e+02,2.91e+02,5.20e+01,3.80e+01
1.04e+03,1.26e+03,5.20e+01,3.70e+01
9.04e+02,1.24e+03,4.70e+01,3.60e+01
1.03e+03,1.25e+03,5.00e+01,3.80e+01
8.02e+02,1.35e+03,4.80e+01,3.70e+01
1.01e+03,1.23e+03,5.40e+01,3.90e+01
1.02e+03,1.20e+03,5.00e+01,3.70e+01
9.18e+01,2.91e+02,4.80e+01,3.50e+01
2.30e+02,2.88e+02,5.00e+01,3.70e+01
1.06e+03,1.25e+03,5.00e+01,3.80e+01
1.12e+03,1.45e+03,4.70e+01,3.60e+01
8.93e+02,1.25e+03,5.20e+01,3.90e+01
1.12e+03,1.42e+03,4.60e+01,3.50e+01
1.10e+03,1.31e+03,4.70e+01,3.50e+01
1.13e+03,1.25e+03,4.80e+01,3.60e+01
1.15e+03,1.41e+03,4.90e+01,3.70e+01
1.12e+03,1.32e+03,5.20e+01,3.90e+01
9.92e+02,1.34e+03,5.20e+01,3.80e+01
