-3.16e+02,-1.92e+02,9.00e+00,1.00e+01
-3.58e+02,-4.54e+01,1.00e+01,1.30e+01
-3.58e+02,-1.54e+02,9.00e+00,1.00e+01
-3.58e+02,-4.54e+01,1.10e+01,1.30e+01
-3.58e+02,-1.54e+02,9.00e+00,1.00e+01
-3.34e+02,-1.70e+02,9.00e+00,1.00e+01
-3.16e+02,-1.92e+02,9.00e+00,1.00e+01
-3.28e+02,-1.89e+02,9.00e+00,1.00e+01
-3.28e+02,-1.89e+02,9.00e+00,1.00e+01
-3.34e+02,-1.70e+02,9.00e+00,1.00e+01
-3.34e+02,-1.70e+02,9.00e+00,1.00e+01
-3.28e+02,-1.89e+02,9.00e+00,1.00e+01
-3.34e+02,-1.70e+02,9.00e+00,1.00e+01
-3.58e+02,-1.54e+02,9.00e+00,1.00e+01
-3.16e+02,-1.92e+02,9.00e+00,1.00e+01
-3.58e+02,-4.54e+01,9.00e+00,1.30e+01
-3.58e+02,-4.54e+01,9.00e+00,1.30e+01
-3.58e+02,-1.54e+02,9.00e+00,1.00e+01
-3.58e+02,-4.54e+01,9.00e+00,1.30e+01
-3.58e+02,-4.54e+01,1.00e+01,1.30e+01
-3.16e+02,-1.92e+02,9.00e+00,1.00e+01
-3.16e+02,-1.92e+02,9.00e+00,1.00e+01
-4.52e+02,-2.65e+02,9.00e+00,1.00e+01
-3.81e+02,-2.10e+02,1.00e+01,1.10e+01
-4.99e+02,-4.97e+02,9.00e+00,1.00e+01
-3.76e+02,-2.54e+02,9.00e+00,1.00e+01
-4.99e+02,-4.97e+02,9.00e+00,1.00e+01
-4.96e+02,-4.84e+02,1.00e+01,1.10e+01
-3.16e+02,-1.92e+02,9.00e+00,1.00e+01
-3.83e+02,-2.03e+02,9.00e+00,1.00e+01
-4.98e+02,-4.91e+02,9.00e+00,1.00e+01
-3.58e+02,-4.54e+01,1.00e+01,1.30e+01
-3.58e+02,-4.54e+01,1.20e+01,1.40e+01
-3.34e+02,-2.12e+02,9.00e+00,1.00e+01
-3.28e+02,-1.89e+02,9.00e+00,1.00e+01
-3.65e+02,-2.24e+02,9.00e+00,1.00e+01
-3.28e+02,-1.89e+02,9.00e+00,1.00e+01
-3.28e+02,-1.89e+02,9.00e+00,1.00e+01
-4.99e+02,-4.99e+02,9.00e+00,1.00e+01
-3.58e+02,-4.54e+01,1.00e+01,1.30e+01
-3.58e+02,-4.54e+01,1.00e+01,1.30e+01
-4.99e+02,-4.97e+02,9.00e+00,1.00e+01
-3.58e+02,-4.54e+01,1.20e+01,1.30e+01
-5.00e+02,-5.00e+02,9.00e+00,1.00e+01
-3.34e+02,-1.70e+02,9.00e+00,1.00e+01
-4.35e+02,-2.27e+02,9.00e+00,1.00e+01
-4.38e+02,-2.30e+02,1.00e+01,1.10e+01
-5.00e+02,-4.99e+02,9.00e+00,1.00e+01
-4.58e+02,-2.50e+02,1.00e+01,1.10e+01
-4.99e+02,-4.97e+02,9.00e+00,1.00e+01
-5.00e+02,-4.99e+02,9.00e+00,1.00e+01
-4.99e+02,-4.97e+02,9.00e+00,1.00e+01
-3.58e+02,-1.54e+02,9.00e+00,1.00e+01
-4.52e+02,-2.23e+02,9.00e+00,1.00e+01
-5.00e+02,-5.00e+02,9.00e+00,1.00e+01
-4.99e+02,-4.97e+02,9.00e+00,1.00e+01
-4.15e+02,-2.38e+02,1.00e+01,1.10e+01
-3.65e+02,-1.92e+02,9.00e+00,1.00e+01
-3.34e+02,-1.70e+02,9.00e+00,1.00e+01
-3.16e+02,-1.92e+02,9.00e+00,1.00e+01
-5.00e+02,-5.00e+02,9.00e+00,1.00e+01
-3.53e+02,-1.61e+02,1.00e+01,1.10e+01
-4.58e+02,-2.50e+02,1.00e+01,1.10e+01
-3.64e+02,-1.91e+02,9.00e+00,1.00e+01
-3.58e+02,-4.54e+01,1.00e+01,1.40e+01
-4.10e+02,-2.09e+02,9.00e+00,1.00e+01
-4.99e+02,-4.97e+02,9.00e+00,1.00e+01
-3.81e+02,-2.01e+02,9.00e+00,1.00e+01
-4.21e+02,-2.66e+02,1.00e+01,1.10e+01
-5.00e+02,-4.99e+02,9.00e+00,1.00e+01
-4.59e+02,-2.65e+02,9.00e+00,1.00e+01
-5.00e+02,-4.99e+02,9.00e+00,1.30e+01
-3.85e+02,-1.55e+02,1.00e+01,1.30e+01
-3.58e+02,-4.54e+01,9.00e+00,1.30e+01
-3.65e+02,-1.99e+02,9.00e+00,1.00e+01
-3.58e+02,-4.54e+01,1.00e+01,1.30e+01
-4.15e+02,-2.38e+02,9.00e+00,1.00e+01
-3.28e+02,-1.89e+02,9.00e+00,1.00e+01
-3.88e+02,-2.67e+02,9.00e+00,1.00e+01
-3.79e+02,-5.21e+01,1.10e+01,1.30e+01
-4.24e+02,-2.67e+02,9.00e+00,1.00e+01
-3.43e+02,-1.71e+02,9.00e+00,1.00e+01
-3.59e+02,-1.56e+02,9.00e+00,1.00e+01
-5.00e+02,-5.00e+02,1.00e+01,1.30e+01
-3.58e+02,-4.54e+01,1.10e+01,1.30e+01
-5.00e+02,-4.99e+02,1.00e+01,1.30e+01
-3.81e+02,-2.01e+02,9.00e+00,1.00e+01
-3.81e+02,-1.70e+02,9.00e+00,1.00e+01
-4.99e+02,-4.99e+02,9.00e+00,1.00e+01
-3.32e+02,-2.02e+02,9.00e+00,1.00e+01
-3.58e+02,-4.54e+01,1.00e+01,1.30e+01
-3.58e+02,-4.54e+01,1.10e+01,1.40e+01
-4.05e+02,-1.76e+02,9.00e+00,1.00e+01
-3.28e+02,-1.89e+02,9.00e+00,1.00e+01
-4.53e+02,-2.23e+02,1.10e+01,1.30e+01
-4.29e+02,-2.48e+02,9.00e+00,1.00e+01
