-3.16e+02,-1.92e+02,9.00e+00,1.00e+01
-3.99e+02,-1.45e+02,9.00e+00,1.00e+01
-3.16e+02,-1.92e+02,9.00e+00,1.00e+01
-3.63e+02,-1.54e+02,1.00e+01,1.10e+01
-3.16e+02,-1.92e+02,9.00e+00,1.00e+01
-3.99e+02,-1.45e+02,9.00e+00,1.00e+01
-3.16e+02,-1.92e+02,9.00e+00,1.00e+01
-3.16e+02,-1.92e+02,9.00e+00,1.00e+01
-3.16e+02,-1.92e+02,9.00e+00,1.00e+01
-3.16e+02,-1.92e+02,9.00e+00,1.00e+01
-3.16e+02,-1.92e+02,9.00e+00,1.00e+01
-3.16e+02,-1.92e+02,9.00e+00,1.00e+01
-3.16e+02,-1.92e+02,9.00e+00,1.00e+01
-3.16e+02,-1.92e+02,9.00e+00,1.00e+01
-3.16e+02,-1.92e+02,9.00e+00,1.00e+01
-3.16e+02,-1.92e+02,9.00e+00,1.00e+01
-3.16e+02,-1.92e+02,9.00e+00,1.00e+01
-3.16e+02,-1.92e+02,9.00e+00,1.00e+01
-3.16e+02,-1.92e+02,9.00e+00,1.00e+01
-3.16e+02,-1.92e+02,9.00e+00,1.00e+01
-4.55e+02,-2.65e+02,1.00e+01,1.10e+01
-3.71e+02,-1.57e+02,1.00e+01,1.10e+01
-3.16e+02,-1.92e+02,9.00e+00,1.00e+01
-3.99e+02,-1.45e+02,9.00e+00,1.00e+01
-5.00e+02,-4.99e+02,9.00e+00,1.00e+01
-3.92e+02,-1.70e+02,1.00e+01,1.10e+01
-4.38e+02,-2.30e+02,1.00e+01,1.10e+01
-4.38e+02,-2.30e+02,1.00e+01,1.10e+01
-4.49e+02,-3.39e+02,1.00e+01,1.10e+01
-3.16e+02,-1.92e+02,9.00e+00,1.00e+01
-3.64e+02,-1.91e+02,9.00e+00,1.00e+01
-4.13e+02,-2.64e+02,1.00e+01,1.10e+01
-3.89e+02,-2.30e+02,9.00e+00,1.00e+01
-5.00e+02,-4.99e+02,9.00e+00,1.00e+01
-4.22e+02,-2.19e+02,1.00e+01,1.00e+01
-4.41e+02,-2.65e+02,1.00e+01,1.10e+01
-5.00e+02,-5.00e+02,9.00e+00,1.00e+01
-4.09e+02,-1.87e+02,1.00e+01,1.10e+01
-3.16e+02,-1.92e+02,9.00e+00,1.00e+01
-4.27e+02,-1.99e+02,9.00e+00,1.00e+01
-4.56e+02,-2.38e+02,1.00e+01,1.00e+01
-3.99e+02,-1.45e+02,9.00e+00,1.00e+01
-4.13e+02,-2.64e+02,1.00e+01,1.10e+01
-4.38e+02,-2.30e+02,9.00e+00,1.00e+01
-4.18e+02,-2.41e+02,1.10e+01,1.20e+01
-3.63e+02,-2.30e+02,9.00e+00,1.00e+01
-4.11e+02,-2.02e+02,1.10e+01,1.20e+01
-3.16e+02,-1.92e+02,9.00e+00,1.00e+01
-3.65e+02,-1.92e+02,9.00e+00,1.00e+01
-4.38e+02,-2.30e+02,1.00e+01,1.10e+01
-3.81e+02,-1.92e+02,9.00e+00,1.00e+01
-5.00e+02,-4.99e+02,9.00e+00,1.00e+01
-3.16e+02,-1.92e+02,9.00e+00,1.00e+01
-3.16e+02,-1.92e+02,9.00e+00,1.00e+01
-3.16e+02,-1.92e+02,9.00e+00,1.00e+01
-4.28e+02,-2.65e+02,1.10e+01,1.20e+01
-4.59e+02,-2.65e+02,9.00e+00,1.00e+01
-3.99e+02,-1.45e+02,9.00e+00,1.00e+01
-4.59e+02,-2.65e+02,1.00e+01,1.10e+01
-5.00e+02,-4.99e+02,9.00e+00,1.00e+01
-3.16e+02,-1.92e+02,9.00e+00,1.00e+01
-3.99e+02,-1.45e+02,9.00e+00,1.00e+01
-5.00e+02,-4.99e+02,9.00e+00,1.00e+01
-3.16e+02,-1.92e+02,9.00e+00,1.00e+01
-4.27e+02,-1.99e+02,9.00e+00,1.00e+01
-4.38e+02,-2.30e+02,9.00e+00,1.00e+01
-3.99e+02,-1.45e+02,9.00e+00,1.00e+01
-3.99e+02,-1.45e+02,9.00e+00,1.00e+01
-3.89e+02,-1.71e+02,1.10e+01,1.20e+01
-4.01e+02,-2.13e+02,1.00e+01,1.10e+01
-3.16e+02,-1.92e+02,9.00e+00,1.00e+01
-3.34e+02,-1.70e+02,9.00e+00,1.00e+01
-3.16e+02,-1.92e+02,9.00e+00,1.00e+01
-3.34e+02,-1.88e+02,9.00e+00,1.00e+01
-5.00e+02,-5.00e+02,9.00e+00,1.00e+01
-4.01e+02,-1.92e+02,1.00e+01,1.10e+01
-3.16e+02,-1.92e+02,9.00e+00,1.00e+01
-3.99e+02,-1.45e+02,9.00e+00,1.00e+01
-3.81e+02,-2.10e+02,1.00e+01,1.10e+01
-3.63e+02,-1.54e+02,1.00e+01,1.10e+01
-5.00e+02,-5.00e+02,9.00e+00,1.00e+01
-5.00e+02,-5.00e+02,9.00e+00,1.00e+01
-3.16e+02,-1.92e+02,9.00e+00,1.00e+01
-3.94e+02,-2.52e+02,1.10e+01,1.20e+01
-4.49e+02,-3.35e+02,1.00e+01,1.10e+01
-4.57e+02,-2.65e+02,9.00e+00,1.00e+01
-5.00e+02,-5.00e+02,9.00e+00,1.00e+01
-4.25e+02,-2.65e+02,1.00e+01,1.10e+01
-3.70e+02,-2.23e+02,1.10e+01,1.20e+01
-5.00e+02,-4.99e+02,9.00e+00,1.00e+01
-4.38e+02,-2.30e+02,9.00e+00,1.00e+01
-4.38e+02,-2.30e+02,9.00e+00,1.00e+01
-4.57e+02,-2.65e+02,9.00e+00,1.00e+01
-4.23e+02,-3.10e+02,9.00e+00,1.00e+01
-4.38e+02,-2.30e+02,1.00e+01,1.10e+01
-4.22e+02,-2.65e+02,1.00e+01,1.10e+01
