-7.86e+01,-4.63e+01,2.70e+01,2.40e+01
-7.81e+01,-4.64e+01,2.60e+01,2.20e+01
-8.73e+01,-4.32e+01,2.60e+01,2.20e+01
-7.69e+01,-4.31e+01,2.80e+01,2.40e+01
-8.91e+01,-3.98e+01,2.60e+01,2.20e+01
-8.44e+01,-4.57e+01,2.70e+01,2.30e+01
-8.33e+01,-4.96e+01,3.30e+01,2.40e+01
-7.85e+01,-4.15e+01,3.70e+01,2.60e+01
-8.65e+01,-4.69e+01,2.50e+01,2.20e+01
-7.77e+01,-4.53e+01,3.70e+01,2.60e+01
-7.69e+01,-4.34e+01,4.00e+01,2.60e+01
-7.61e+01,-4.65e+01,2.80e+01,2.40e+01
-9.31e+01,-4.45e+01,2.60e+01,2.20e+01
-7.87e+01,-4.36e+01,3.70e+01,2.60e+01
-7.60e+01,-3.77e+01,2.70e+01,2.30e+01
-7.46e+01,-3.80e+01,2.50e+01,2.20e+01
-8.52e+01,-4.10e+01,2.60e+01,2.30e+01
-8.58e+01,-4.95e+01,2.60e+01,2.30e+01
-7.87e+01,-4.63e+01,3.80e+01,2.70e+01
-8.20e+01,-4.43e+01,2.70e+01,2.30e+01
-9.59e+01,-4.71e+01,2.60e+01,2.20e+01
-8.26e+01,-4.28e+01,3.00e+01,2.20e+01
-8.09e+01,-4.30e+01,2.50e+01,2.20e+01
-9.49e+01,-4.76e+01,2.80e+01,2.40e+01
-8.06e+01,-4.57e+01,2.70e+01,2.20e+01
-7.60e+01,-4.29e+01,3.70e+01,2.60e+01
-8.03e+01,-4.25e+01,2.70e+01,2.30e+01
-7.82e+01,-4.26e+01,2.60e+01,2.30e+01
-7.78e+01,-4.20e+01,2.60e+01,2.30e+01
-8.82e+01,-4.01e+01,3.80e+01,2.60e+01
-7.22e+01,-4.39e+01,2.60e+01,2.30e+01
-8.34e+01,-5.48e+01,3.00e+01,2.30e+01
-7.80e+01,-4.43e+01,2.50e+01,2.20e+01
-9.48e+01,-4.49e+01,3.10e+01,2.40e+01
-8.37e+01,-5.04e+01,2.60e+01,2.30e+01
-7.92e+01,-4.65e+01,4.00e+01,2.70e+01
-8.33e+01,-4.92e+01,3.80e+01,2.60e+01
-8.04e+01,-4.29e+01,2.80e+01,2.20e+01
-8.09e+01,-4.66e+01,2.50e+01,2.20e+01
-7.91e+01,-4.48e+01,2.60e+01,2.30e+01
-7.91e+01,-4.58e+01,2.60e+01,2.20e+01
-3.54e+02,-1.92e+02,3.70e+01,2.60e+01
-1.54e+02,-5.11e+01,2.80e+01,2.40e+01
-5.00e+02,-5.00e+02,2.50e+01,2.20e+01
-8.48e+01,-4.00e+01,2.60e+01,2.30e+01
-7.71e+01,-4.68e+01,2.60e+01,2.20e+01
-7.69e+01,-4.29e+01,2.80e+01,2.40e+01
-3.11e+02,-6.10e+01,2.60e+01,2.20e+01
-8.11e+01,-4.20e+01,2.90e+01,2.50e+01
-7.86e+01,-4.90e+01,2.70e+01,2.40e+01
-7.22e+01,-4.47e+01,2.60e+01,2.20e+01
-1.63e+02,-4.42e+01,4.00e+01,2.60e+01
-9.67e+01,-4.48e+01,2.80e+01,2.40e+01
-8.67e+01,-5.06e+01,3.70e+01,2.60e+01
-8.34e+01,-4.42e+01,2.60e+01,2.30e+01
-1.10e+02,-7.88e+01,2.80e+01,2.30e+01
-9.20e+01,-3.88e+01,2.70e+01,2.40e+01
-8.08e+01,-4.02e+01,2.70e+01,2.30e+01
-7.93e+01,-4.20e+01,2.80e+01,2.40e+01
-8.69e+01,-4.64e+01,2.60e+01,2.20e+01
-9.14e+01,-4.58e+01,2.80e+01,2.40e+01
-3.91e+02,-2.12e+02,2.70e+01,2.20e+01
-7.90e+01,-4.87e+01,3.30e+01,2.40e+01
-7.22e+01,-4.33e+01,2.70e+01,2.20e+01
-7.92e+01,-4.89e+01,2.80e+01,2.40e+01
-7.67e+01,-4.13e+01,3.40e+01,2.40e+01
-8.05e+01,-3.88e+01,2.70e+01,2.40e+01
-7.55e+01,-4.42e+01,2.70e+01,2.30e+01
-7.86e+01,-4.27e+01,3.90e+01,2.60e+01
-8.80e+01,-4.74e+01,2.80e+01,2.40e+01
-7.79e+01,-4.74e+01,2.70e+01,2.20e+01
-8.83e+01,-4.18e+01,2.70e+01,2.30e+01
-8.90e+01,-5.18e+01,2.70e+01,2.30e+01
-8.86e+01,-4.74e+01,2.70e+01,2.20e+01
-2.37e+02,-1.17e+02,4.00e+01,2.60e+01
-8.42e+01,-4.66e+01,3.70e+01,2.60e+01
-8.82e+01,-4.23e+01,2.70e+01,2.40e+01
-7.76e+01,-4.52e+01,4.10e+01,2.60e+01
-8.03e+01,-3.91e+01,2.60e+01,2.30e+01
-7.87e+01,-4.61e+01,3.80e+01,2.70e+01
-9.26e+01,-4.34e+01,2.70e+01,2.20e+01
-8.17e+01,-5.06e+01,2.80e+01,2.40e+01
-7.17e+01,-4.27e+01,2.70e+01,2.30e+01
-8.09e+01,-4.38e+01,3.80e+01,2.70e+01
-8.01e+01,-4.35e+01,2.60e+01,2.30e+01
-7.80e+01,-4.57e+01,2.60e+01,2.20e+01
-7.81e+01,-4.31e+01,3.30e+01,2.40e+01
-7.91e+01,-4.70e+01,2.70e+01,2.40e+01
-7.66e+01,-4.51e+01,3.70e+01,2.60e+01
-2.60e+02,-1.13e+02,3.80e+01,2.70e+01
-8.76e+01,-5.59e+01,2.70e+01,2.20e+01
-7.24e+01,-4.46e+01,2.70e+01,2.30e+01
-7.55e+01,-3.97e+01,2.70e+01,2.20e+01
-8.19e+01,-4.27e+01,2.70e+01,2.30e+01
-8.48e+01,-4.12e+01,3.80e+01,2.70e+01
-2.53e+02,-1.24e+02,2.70e+01,2.30e+01
-9.22e+01,-4.29e+01,2.80e+01,2.40e+01
-1.28e+02,-4.76e+01,3.40e+01,2.50e+01
-7.98e+01,-4.48e+01,2.70e+01,2.30e+01
-9.51e+01,-4.41e+01,2.70e+01,2.30e+01
-9.86e+01,-4.36e+01,3.80e+01,2.70e+01
-8.08e+01,-4.46e+01,2.70e+01,2.20e+01
-7.12e+01,-4.39e+01,2.70e+01,2.30e+01
-8.87e+01,-4.69e+01,2.70e+01,2.30e+01
-7.73e+01,-4.30e+01,3.80e+01,2.60e+01
-8.32e+01,-4.33e+01,3.70e+01,2.60e+01
-7.52e+01,-4.38e+01,2.60e+01,2.20e+01
-8.51e+01,-4.24e+01,2.60e+01,2.20e+01
-7.13e+01,-4.29e+01,2.60e+01,2.30e+01
-7.93e+01,-4.50e+01,2.70e+01,2.30e+01
-8.02e+01,-4.32e+01,2.70e+01,2.30e+01
-9.40e+01,-4.95e+01,2.60e+01,2.20e+01
-1.23e+02,-4.13e+01,2.80e+01,2.40e+01
-7.56e+01,-4.50e+01,2.90e+01,2.40e+01
-7.95e+01,-4.55e+01,2.50e+01,2.20e+01
-7.84e+01,-4.22e+01,2.70e+01,2.20e+01
-8.87e+01,-4.63e+01,2.70e+01,2.20e+01
-7.66e+01,-4.38e+01,2.50e+01,2.20e+01
-8.22e+01,-4.52e+01,2.70e+01,2.20e+01
-7.49e+01,-4.36e+01,3.30e+01,2.40e+01
-7.43e+01,-4.76e+01,3.70e+01,2.60e+01
-9.16e+01,-4.36e+01,2.60e+01,2.30e+01
-7.78e+01,-4.73e+01,3.80e+01,2.60e+01
-8.46e+01,-4.32e+01,2.80e+01,2.40e+01
-1.31e+02,-4.74e+01,2.90e+01,2.50e+01
-9.78e+01,-4.03e+01,2.70e+01,2.30e+01
-9.00e+01,-5.43e+01,3.90e+01,2.70e+01
-8.78e+01,-4.40e+01,3.80e+01,2.60e+01
-8.93e+01,-4.17e+01,2.90e+01,2.40e+01
-1.24e+02,-4.36e+01,2.80e+01,2.30e+01
-7.90e+01,-4.07e+01,2.60e+01,2.20e+01
-8.43e+01,-4.19e+01,2.60e+01,2.20e+01
-8.09e+01,-4.37e+01,2.80e+01,2.30e+01
-7.59e+01,-4.56e+01,3.80e+01,2.70e+01
-7.86e+01,-4.69e+01,2.80e+01,2.40e+01
-8.10e+01,-4.70e+01,2.70e+01,2.20e+01
-7.31e+01,-4.14e+01,3.10e+01,2.40e+01
-1.44e+02,-4.87e+01,2.50e+01,2.20e+01
-1.71e+02,-5.58e+01,2.60e+01,2.20e+01
-1.03e+02,-5.24e+01,2.60e+01,2.30e+01
-8.01e+01,-4.58e+01,3.30e+01,2.40e+01
-8.06e+01,-4.45e+01,2.50e+01,2.20e+01
-7.81e+01,-4.44e+01,2.80e+01,2.40e+01
-7.67e+01,-4.97e+01,2.80e+01,2.40e+01
-9.49e+01,-4.20e+01,2.80e+01,2.40e+01
-8.20e+01,-4.53e+01,2.60e+01,2.20e+01
-1.08e+02,-4.71e+01,2.60e+01,2.20e+01
-9.53e+01,-4.69e+01,2.60e+01,2.20e+01
-1.29e+02,-4.13e+01,2.50e+01,2.20e+01
-1.30e+02,-4.43e+01,2.60e+01,2.30e+01
-8.35e+01,-4.23e+01,2.70e+01,2.40e+01
-7.74e+01,-4.27e+01,2.70e+01,2.20e+01
-9.12e+01,-4.59e+01,3.30e+01,2.40e+01
-5.00e+02,-5.00e+02,2.70e+01,2.40e+01
-8.04e+01,-4.73e+01,2.60e+01,2.20e+01
-7.26e+01,-4.58e+01,2.80e+01,2.40e+01
-7.70e+01,-4.26e+01,2.60e+01,2.20e+01
-7.59e+01,-4.19e+01,2.70e+01,2.20e+01
-8.10e+01,-4.68e+01,2.70e+01,2.30e+01
-7.49e+01,-4.17e+01,2.60e+01,2.20e+01
-7.53e+01,-4.53e+01,2.80e+01,2.30e+01
-7.18e+01,-4.56e+01,2.80e+01,2.40e+01
-6.99e+01,-4.22e+01,2.90e+01,2.50e+01
-8.73e+01,-4.67e+01,2.70e+01,2.40e+01
-1.84e+02,-5.90e+01,2.60e+01,2.30e+01
-8.29e+01,-4.72e+01,2.70e+01,2.30e+01
-8.81e+01,-4.74e+01,2.90e+01,2.50e+01
-9.09e+01,-4.71e+01,2.60e+01,2.20e+01
-7.78e+01,-4.61e+01,2.80e+01,2.40e+01
-1.62e+02,-4.89e+01,2.70e+01,2.30e+01
-7.95e+01,-4.29e+01,2.80e+01,2.40e+01
-7.86e+01,-4.19e+01,2.70e+01,2.20e+01
-7.51e+01,-4.32e+01,2.70e+01,2.20e+01
-8.91e+01,-4.44e+01,3.90e+01,2.70e+01
-7.45e+01,-3.92e+01,4.00e+01,2.60e+01
-7.78e+01,-4.13e+01,2.70e+01,2.30e+01
-7.97e+01,-4.47e+01,2.70e+01,2.40e+01
-8.90e+01,-4.09e+01,2.70e+01,2.30e+01
-9.29e+01,-4.15e+01,2.80e+01,2.30e+01
-7.28e+01,-4.41e+01,2.70e+01,2.40e+01
-8.02e+01,-4.61e+01,2.80e+01,2.50e+01
-7.40e+01,-3.91e+01,2.60e+01,2.20e+01
-7.48e+01,-4.58e+01,3.70e+01,2.60e+01
-8.18e+01,-4.56e+01,2.60e+01,2.20e+01
-8.86e+01,-5.34e+01,2.70e+01,2.30e+01
-1.68e+02,-6.28e+01,2.50e+01,2.20e+01
-7.05e+01,-4.07e+01,2.70e+01,2.20e+01
-7.71e+01,-4.19e+01,2.60e+01,2.20e+01
-9.72e+01,-4.66e+01,3.10e+01,2.20e+01
-7.18e+01,-4.31e+01,3.70e+01,2.60e+01
-7.61e+01,-4.21e+01,3.80e+01,2.70e+01
-1.30e+02,-4.45e+01,2.70e+01,2.40e+01
