-8.50e+01,-4.49e+01,4.70e+01,2.90e+01
-8.93e+01,-4.34e+01,4.70e+01,2.90e+01
-9.89e+01,-4.73e+01,4.80e+01,3.00e+01
-7.75e+01,-4.60e+01,4.70e+01,2.90e+01
-6.49e+01,-4.18e+01,4.70e+01,2.80e+01
-8.42e+01,-4.73e+01,4.50e+01,2.80e+01
-7.66e+01,-4.43e+01,4.60e+01,2.80e+01
-8.09e+01,-4.15e+01,5.10e+01,2.80e+01
-7.98e+01,-4.15e+01,4.40e+01,2.70e+01
-8.85e+01,-3.99e+01,4.70e+01,3.00e+01
-8.31e+01,-4.37e+01,5.00e+01,2.90e+01
-8.53e+01,-4.47e+01,4.50e+01,2.70e+01
-8.08e+01,-4.23e+01,4.80e+01,3.00e+01
-7.37e+01,-4.57e+01,4.60e+01,2.80e+01
-7.56e+01,-4.37e+01,4.70e+01,2.80e+01
-8.41e+01,-4.16e+01,4.90e+01,2.90e+01
-9.17e+01,-4.08e+01,4.60e+01,2.80e+01
-7.43e+01,-3.95e+01,4.60e+01,2.90e+01
-7.98e+01,-4.12e+01,5.00e+01,3.00e+01
-7.44e+01,-4.59e+01,4.50e+01,2.80e+01
-7.03e+01,-4.21e+01,4.60e+01,2.90e+01
-8.51e+01,-4.34e+01,4.80e+01,3.00e+01
-8.51e+01,-4.81e+01,4.90e+01,2.90e+01
-8.63e+01,-4.40e+01,4.50e+01,2.80e+01
-8.47e+01,-4.08e+01,4.60e+01,2.80e+01
-8.09e+01,-4.47e+01,4.70e+01,2.90e+01
-7.45e+01,-4.39e+01,4.70e+01,2.90e+01
-9.30e+01,-4.61e+01,4.60e+01,2.70e+01
-9.13e+01,-4.32e+01,4.60e+01,2.90e+01
-8.12e+01,-4.20e+01,4.70e+01,2.80e+01
-9.30e+01,-4.62e+01,4.50e+01,2.70e+01
-8.22e+01,-4.39e+01,4.40e+01,2.70e+01
-8.22e+01,-3.96e+01,4.70e+01,2.90e+01
-7.45e+01,-4.13e+01,4.70e+01,2.90e+01
-9.10e+01,-4.55e+01,4.50e+01,2.80e+01
-8.04e+01,-4.33e+01,4.70e+01,2.80e+01
-7.54e+01,-4.58e+01,4.50e+01,2.70e+01
-7.29e+01,-4.37e+01,4.50e+01,2.80e+01
-1.24e+02,-4.45e+01,4.50e+01,2.70e+01
-8.00e+01,-4.12e+01,4.60e+01,2.90e+01
-8.72e+01,-3.90e+01,4.40e+01,2.70e+01
-8.56e+01,-4.06e+01,4.70e+01,2.80e+01
-8.40e+01,-4.38e+01,4.60e+01,2.80e+01
-6.86e+01,-3.90e+01,4.70e+01,2.90e+01
-8.06e+01,-4.42e+01,5.10e+01,2.80e+01
-8.66e+01,-4.46e+01,4.70e+01,2.90e+01
-1.20e+02,-4.37e+01,4.80e+01,3.00e+01
-7.13e+01,-4.44e+01,4.70e+01,2.80e+01
-8.23e+01,-4.05e+01,4.70e+01,2.70e+01
-7.73e+01,-4.28e+01,5.20e+01,2.80e+01
-8.36e+01,-3.96e+01,4.60e+01,2.70e+01
-9.61e+01,-4.14e+01,4.60e+01,2.80e+01
-9.29e+01,-4.32e+01,4.80e+01,2.80e+01
-8.43e+01,-4.17e+01,4.70e+01,2.90e+01
-7.29e+01,-4.26e+01,4.40e+01,2.70e+01
-7.87e+01,-4.10e+01,4.90e+01,2.90e+01
-7.74e+01,-4.49e+01,4.80e+01,3.00e+01
-8.06e+01,-4.26e+01,4.60e+01,2.80e+01
-1.08e+02,-4.23e+01,4.70e+01,2.90e+01
-7.98e+01,-4.23e+01,5.00e+01,2.90e+01
-4.99e+02,-4.99e+02,4.70e+01,2.80e+01
-3.59e+02,-2.38e+02,5.00e+01,3.00e+01
-2.50e+02,-1.19e+02,4.70e+01,2.90e+01
-7.80e+01,-4.65e+01,4.60e+01,2.90e+01
-8.15e+01,-4.26e+01,4.70e+01,2.90e+01
-7.87e+01,-4.55e+01,5.10e+01,2.80e+01
-8.83e+01,-3.84e+01,4.70e+01,3.00e+01
-9.34e+01,-4.49e+01,4.50e+01,2.80e+01
-7.27e+01,-4.44e+01,4.70e+01,2.80e+01
-8.16e+01,-3.89e+01,4.70e+01,2.90e+01
-8.20e+01,-5.15e+01,4.70e+01,2.90e+01
-7.19e+01,-3.83e+01,4.80e+01,2.80e+01
-7.55e+01,-4.44e+01,4.70e+01,2.90e+01
-1.29e+02,-5.38e+01,4.50e+01,2.80e+01
-7.83e+01,-3.99e+01,4.50e+01,2.70e+01
-8.24e+01,-4.63e+01,5.10e+01,2.80e+01
-7.16e+01,-4.04e+01,5.20e+01,2.80e+01
-7.88e+01,-4.43e+01,4.70e+01,2.90e+01
-8.84e+01,-5.26e+01,4.90e+01,3.00e+01
-9.15e+01,-4.64e+01,4.60e+01,2.90e+01
-9.77e+01,-4.56e+01,4.80e+01,3.00e+01
-8.36e+01,-4.34e+01,4.90e+01,3.10e+01
-7.77e+01,-4.48e+01,4.90e+01,3.00e+01
-8.91e+01,-4.22e+01,4.80e+01,3.00e+01
-7.83e+01,-4.52e+01,4.70e+01,2.80e+01
-8.42e+01,-4.56e+01,4.80e+01,2.90e+01
-7.79e+01,-4.43e+01,4.60e+01,2.80e+01
-3.50e+02,-4.40e+01,4.70e+01,2.90e+01
-7.76e+01,-4.41e+01,4.70e+01,2.90e+01
-7.53e+01,-3.89e+01,4.80e+01,3.10e+01
-7.86e+01,-4.04e+01,4.70e+01,2.80e+01
-8.16e+01,-4.12e+01,4.80e+01,2.90e+01
-7.77e+01,-4.60e+01,4.60e+01,2.80e+01
-7.20e+01,-4.30e+01,4.70e+01,2.80e+01
-1.01e+02,-5.64e+01,4.80e+01,3.00e+01
-7.69e+01,-4.24e+01,4.80e+01,3.00e+01
-1.17e+02,-3.98e+01,4.60e+01,2.80e+01
-7.48e+01,-3.73e+01,4.70e+01,2.90e+01
-8.90e+01,-4.95e+01,4.60e+01,2.80e+01
-2.78e+02,-4.30e+01,4.80e+01,3.00e+01
-9.33e+01,-4.26e+01,4.50e+01,2.80e+01
-7.59e+01,-4.13e+01,4.70e+01,2.90e+01
-7.23e+01,-4.27e+01,4.60e+01,2.90e+01
-7.71e+01,-3.99e+01,4.50e+01,2.70e+01
-8.86e+01,-4.45e+01,4.70e+01,2.80e+01
-7.86e+01,-4.35e+01,4.70e+01,2.90e+01
-8.24e+01,-4.30e+01,4.80e+01,2.90e+01
-7.00e+01,-4.20e+01,5.00e+01,3.00e+01
-8.27e+01,-4.27e+01,5.00e+01,2.90e+01
-1.76e+02,-6.63e+01,5.00e+01,2.90e+01
-7.40e+01,-4.19e+01,4.70e+01,2.80e+01
-1.19e+02,-8.70e+01,4.90e+01,3.00e+01
-8.05e+01,-5.05e+01,4.40e+01,2.70e+01
-8.40e+01,-5.05e+01,4.40e+01,2.70e+01
-7.50e+01,-4.20e+01,4.80e+01,2.90e+01
-7.42e+01,-4.18e+01,4.60e+01,2.80e+01
-7.94e+01,-4.26e+01,4.70e+01,2.80e+01
-7.79e+01,-4.45e+01,4.60e+01,2.80e+01
-7.03e+01,-4.45e+01,4.90e+01,3.00e+01
-8.40e+01,-4.37e+01,4.60e+01,2.70e+01
-7.70e+01,-4.94e+01,5.00e+01,2.90e+01
-7.34e+01,-4.27e+01,4.90e+01,2.90e+01
-7.51e+01,-3.92e+01,4.80e+01,3.00e+01
-7.38e+01,-4.76e+01,4.50e+01,2.70e+01
-8.43e+01,-4.44e+01,4.70e+01,2.70e+01
-7.41e+01,-4.31e+01,4.50e+01,2.80e+01
-8.79e+01,-4.24e+01,4.80e+01,2.80e+01
-8.34e+01,-4.07e+01,5.00e+01,2.90e+01
-8.13e+01,-4.95e+01,5.20e+01,2.90e+01
-8.61e+01,-4.16e+01,4.70e+01,2.90e+01
-7.72e+01,-4.36e+01,4.80e+01,2.80e+01
-7.03e+01,-4.65e+01,4.80e+01,2.90e+01
-8.03e+01,-4.47e+01,4.80e+01,2.90e+01
-8.98e+01,-4.61e+01,4.70e+01,2.90e+01
-6.77e+01,-3.94e+01,4.60e+01,2.80e+01
-7.84e+01,-4.31e+01,4.90e+01,2.90e+01
-8.73e+01,-4.49e+01,5.20e+01,2.90e+01
-7.45e+01,-4.45e+01,4.50e+01,2.70e+01
-7.67e+01,-4.50e+01,4.60e+01,2.80e+01
-7.77e+01,-4.39e+01,4.40e+01,2.70e+01
-1.15e+02,-4.17e+01,4.60e+01,2.90e+01
-8.06e+01,-4.29e+01,4.80e+01,2.90e+01
-1.35e+02,-7.91e+01,4.40e+01,2.70e+01
-6.80e+01,-4.23e+01,4.60e+01,2.90e+01
-8.08e+01,-4.66e+01,5.30e+01,2.90e+01
-9.04e+01,-4.65e+01,4.70e+01,2.80e+01
-8.48e+01,-4.52e+01,4.60e+01,2.80e+01
-8.39e+01,-4.07e+01,4.50e+01,2.70e+01
-3.39e+02,-1.96e+02,4.60e+01,2.80e+01
-7.35e+01,-4.31e+01,5.20e+01,2.90e+01
-7.56e+01,-4.49e+01,4.80e+01,3.00e+01
-8.16e+01,-4.52e+01,4.80e+01,2.90e+01
-7.18e+01,-4.16e+01,4.70e+01,2.90e+01
-8.84e+01,-4.22e+01,4.80e+01,2.90e+01
-7.25e+01,-4.35e+01,4.50e+01,2.80e+01
-2.63e+02,-1.26e+02,4.50e+01,2.80e+01
-8.01e+01,-4.09e+01,4.70e+01,2.80e+01
-9.77e+01,-6.11e+01,4.80e+01,3.00e+01
-7.00e+01,-4.35e+01,4.50e+01,2.80e+01
-8.31e+01,-4.82e+01,4.50e+01,2.80e+01
-8.50e+01,-4.96e+01,4.70e+01,2.80e+01
-7.79e+01,-4.59e+01,4.80e+01,2.90e+01
-7.82e+01,-4.96e+01,4.90e+01,3.10e+01
-8.40e+01,-4.06e+01,4.80e+01,2.90e+01
-7.01e+01,-4.13e+01,4.80e+01,2.90e+01
-7.89e+01,-4.58e+01,5.10e+01,2.80e+01
-9.64e+01,-4.90e+01,4.40e+01,2.70e+01
-8.65e+01,-4.63e+01,4.90e+01,2.90e+01
-8.07e+01,-4.33e+01,4.70e+01,2.90e+01
-8.78e+01,-4.17e+01,4.90e+01,2.90e+01
-7.69e+01,-4.71e+01,4.80e+01,3.00e+01
-2.53e+02,-1.18e+02,4.70e+01,2.90e+01
-2.07e+02,-5.92e+01,4.40e+01,2.70e+01
-1.33e+02,-5.18e+01,4.70e+01,2.80e+01
-8.04e+01,-4.06e+01,4.70e+01,2.80e+01
-7.18e+01,-4.24e+01,4.90e+01,2.90e+01
-7.66e+01,-4.19e+01,4.80e+01,2.90e+01
-8.50e+01,-5.33e+01,4.70e+01,2.90e+01
-8.58e+01,-4.31e+01,4.80e+01,2.90e+01
-7.21e+01,-4.29e+01,4.60e+01,2.70e+01
-7.88e+01,-4.24e+01,4.70e+01,2.90e+01
-1.08e+02,-4.08e+01,4.60e+01,2.80e+01
-7.60e+01,-4.71e+01,5.00e+01,3.00e+01
-2.51e+02,-1.22e+02,4.60e+01,2.90e+01
-9.45e+01,-4.74e+01,4.60e+01,2.80e+01
-7.33e+01,-4.02e+01,4.50e+01,2.80e+01
-8.07e+01,-4.01e+01,4.60e+01,2.70e+01
-8.52e+01,-4.45e+01,4.70e+01,2.80e+01
-9.49e+01,-4.41e+01,5.10e+01,2.90e+01
-7.34e+01,-4.26e+01,4.70e+01,3.00e+01
-1.07e+02,-4.85e+01,4.80e+01,3.00e+01
-8.55e+01,-3.95e+01,4.60e+01,2.80e+01
