-8.68e+01,-4.36e+01,6.80e+01,3.40e+01
-7.61e+01,-4.31e+01,6.90e+01,3.40e+01
-7.64e+01,-4.19e+01,6.80e+01,3.40e+01
-6.81e+01,-4.36e+01,7.50e+01,3.60e+01
-7.10e+01,-4.68e+01,6.80e+01,3.40e+01
-7.03e+01,-4.13e+01,6.90e+01,3.40e+01
-7.15e+01,-4.39e+01,7.30e+01,3.70e+01
-6.65e+01,-4.65e+01,7.00e+01,3.50e+01
-8.53e+01,-5.33e+01,7.50e+01,3.80e+01
-7.52e+01,-4.12e+01,6.80e+01,3.40e+01
-7.39e+01,-4.04e+01,6.90e+01,3.40e+01
-6.66e+01,-4.03e+01,7.10e+01,3.50e+01
-8.56e+01,-4.14e+01,7.00e+01,3.50e+01
-8.26e+01,-4.90e+01,7.40e+01,3.70e+01
-9.37e+01,-4.44e+01,6.80e+01,3.40e+01
-8.01e+01,-4.09e+01,7.00e+01,3.40e+01
-7.28e+01,-4.22e+01,6.90e+01,3.50e+01
-7.49e+01,-3.68e+01,7.00e+01,3.40e+01
-8.06e+01,-4.57e+01,6.80e+01,3.40e+01
-6.52e+01,-3.89e+01,6.90e+01,3.40e+01
-6.43e+01,-4.53e+01,7.10e+01,3.50e+01
-7.77e+01,-4.62e+01,6.80e+01,3.40e+01
-8.60e+01,-4.47e+01,6.90e+01,3.50e+01
-7.61e+01,-4.61e+01,7.00e+01,3.50e+01
-8.06e+01,-4.57e+01,7.20e+01,3.50e+01
-7.26e+01,-4.01e+01,6.80e+01,3.40e+01
-7.14e+01,-4.64e+01,6.90e+01,3.50e+01
-7.81e+01,-4.22e+01,7.10e+01,3.50e+01
-8.16e+01,-4.86e+01,7.00e+01,3.40e+01
-7.02e+01,-4.50e+01,7.40e+01,3.60e+01
-7.22e+01,-4.31e+01,6.80e+01,3.40e+01
-7.54e+01,-3.99e+01,6.90e+01,3.50e+01
-7.88e+01,-4.11e+01,7.00e+01,3.40e+01
-7.14e+01,-4.19e+01,7.10e+01,3.40e+01
-9.21e+01,-4.65e+01,7.20e+01,3.60e+01
-7.13e+01,-4.18e+01,7.30e+01,3.60e+01
-7.88e+01,-3.77e+01,7.40e+01,3.60e+01
-7.33e+01,-3.81e+01,6.80e+01,3.40e+01
-8.39e+01,-4.05e+01,6.90e+01,3.40e+01
-8.31e+01,-4.53e+01,7.00e+01,3.50e+01
-7.23e+01,-4.34e+01,7.10e+01,3.50e+01
-8.77e+01,-4.01e+01,6.90e+01,3.40e+01
-8.12e+01,-4.26e+01,6.90e+01,3.40e+01
-7.75e+01,-4.11e+01,7.60e+01,3.60e+01
-7.97e+01,-5.00e+01,7.20e+01,3.50e+01
-7.81e+01,-4.32e+01,7.10e+01,3.60e+01
-8.50e+01,-4.41e+01,7.00e+01,3.50e+01
-9.27e+01,-4.36e+01,7.10e+01,3.50e+01
-7.42e+01,-4.67e+01,7.50e+01,3.70e+01
-1.30e+02,-4.37e+01,7.50e+01,3.60e+01
-9.20e+01,-3.86e+01,6.90e+01,3.50e+01
-6.69e+01,-4.16e+01,7.50e+01,3.60e+01
-8.04e+01,-4.39e+01,7.10e+01,3.50e+01
-7.64e+01,-4.35e+01,7.40e+01,3.80e+01
-1.01e+02,-5.94e+01,6.90e+01,3.40e+01
-8.09e+01,-4.65e+01,7.00e+01,3.40e+01
-8.60e+01,-4.17e+01,7.10e+01,3.50e+01
-8.68e+01,-4.25e+01,6.90e+01,3.50e+01
-7.28e+01,-4.30e+01,7.10e+01,3.40e+01
-7.74e+01,-4.41e+01,7.50e+01,3.60e+01
-9.81e+01,-5.01e+01,7.00e+01,3.50e+01
-8.48e+01,-4.21e+01,6.90e+01,3.40e+01
-6.57e+01,-3.99e+01,7.50e+01,3.80e+01
-9.43e+01,-5.85e+01,6.80e+01,3.40e+01
-8.10e+01,-5.59e+01,6.90e+01,3.40e+01
-8.32e+01,-4.52e+01,6.80e+01,3.40e+01
-6.95e+01,-4.35e+01,6.90e+01,3.50e+01
-7.44e+01,-4.59e+01,6.90e+01,3.40e+01
-7.18e+01,-4.11e+01,7.00e+01,3.40e+01
-8.14e+01,-4.02e+01,6.90e+01,3.40e+01
-8.25e+01,-4.36e+01,6.90e+01,3.50e+01
-1.38e+02,-4.32e+01,6.80e+01,3.40e+01
-7.77e+01,-5.51e+01,6.90e+01,3.40e+01
-6.39e+01,-4.19e+01,6.90e+01,3.50e+01
-7.50e+01,-4.87e+01,6.90e+01,3.50e+01
-7.01e+01,-4.31e+01,7.10e+01,3.50e+01
-7.18e+01,-4.20e+01,7.60e+01,3.90e+01
-6.76e+01,-4.06e+01,6.90e+01,3.40e+01
-8.02e+01,-3.82e+01,7.60e+01,3.60e+01
-1.26e+02,-4.30e+01,6.80e+01,3.40e+01
-8.49e+01,-4.29e+01,6.80e+01,3.40e+01
-2.83e+02,-1.18e+02,7.00e+01,3.40e+01
-2.66e+02,-1.12e+02,6.90e+01,3.50e+01
-8.44e+01,-4.47e+01,7.60e+01,3.60e+01
-1.01e+02,-5.61e+01,7.40e+01,3.70e+01
-7.80e+01,-3.85e+01,7.10e+01,3.50e+01
-1.25e+02,-4.58e+01,7.00e+01,3.40e+01
-6.78e+01,-4.35e+01,7.00e+01,3.50e+01
-7.51e+01,-4.24e+01,6.90e+01,3.50e+01
-7.09e+01,-4.11e+01,6.80e+01,3.40e+01
-8.49e+01,-5.12e+01,6.80e+01,3.40e+01
-9.05e+01,-4.64e+01,6.90e+01,3.40e+01
-8.10e+01,-4.37e+01,7.40e+01,3.70e+01
-7.95e+01,-3.95e+01,7.00e+01,3.60e+01
-7.52e+01,-4.45e+01,7.00e+01,3.40e+01
-7.52e+01,-3.96e+01,7.00e+01,3.40e+01
-8.18e+01,-4.41e+01,7.10e+01,3.50e+01
-6.81e+01,-4.07e+01,7.40e+01,3.70e+01
-1.27e+02,-4.66e+01,7.20e+01,3.50e+01
-8.01e+01,-4.45e+01,6.90e+01,3.50e+01
-7.42e+01,-4.27e+01,6.80e+01,3.40e+01
-6.52e+01,-4.19e+01,6.80e+01,3.40e+01
-7.41e+01,-3.68e+01,7.60e+01,3.80e+01
-9.79e+01,-4.11e+01,7.50e+01,3.80e+01
-7.68e+01,-4.94e+01,6.90e+01,3.40e+01
-7.04e+01,-4.03e+01,7.20e+01,3.60e+01
-6.81e+01,-4.29e+01,6.80e+01,3.40e+01
-7.07e+01,-4.38e+01,6.80e+01,3.40e+01
-1.36e+02,-4.69e+01,6.90e+01,3.40e+01
-9.24e+01,-4.47e+01,6.90e+01,3.40e+01
-8.18e+01,-4.38e+01,7.00e+01,3.40e+01
-1.03e+02,-4.23e+01,7.00e+01,3.50e+01
-8.16e+01,-4.33e+01,7.00e+01,3.50e+01
-1.35e+02,-5.57e+01,6.90e+01,3.40e+01
-1.08e+02,-4.68e+01,6.80e+01,3.40e+01
-7.63e+01,-4.16e+01,7.30e+01,3.70e+01
-6.60e+01,-4.56e+01,7.50e+01,3.60e+01
-6.64e+01,-4.40e+01,7.30e+01,3.50e+01
-8.57e+01,-3.95e+01,7.10e+01,3.50e+01
-9.35e+01,-4.53e+01,7.00e+01,3.50e+01
-8.54e+01,-4.86e+01,6.80e+01,3.40e+01
-7.46e+01,-4.13e+01,7.00e+01,3.40e+01
-7.13e+01,-4.33e+01,7.50e+01,3.60e+01
-7.41e+01,-3.98e+01,7.10e+01,3.50e+01
-8.31e+01,-4.54e+01,7.00e+01,3.40e+01
-8.76e+01,-3.90e+01,7.00e+01,3.50e+01
-8.28e+01,-4.27e+01,6.90e+01,3.40e+01
-7.72e+01,-4.42e+01,7.30e+01,3.70e+01
-7.98e+01,-4.00e+01,7.50e+01,3.60e+01
-7.76e+01,-4.74e+01,7.00e+01,3.50e+01
-7.13e+01,-4.46e+01,7.60e+01,3.60e+01
-7.92e+01,-4.40e+01,7.30e+01,3.70e+01
-6.65e+01,-4.14e+01,7.10e+01,3.50e+01
-8.13e+01,-4.67e+01,6.80e+01,3.40e+01
-7.96e+01,-4.87e+01,7.00e+01,3.40e+01
-7.65e+01,-4.25e+01,7.00e+01,3.50e+01
-8.44e+01,-4.54e+01,6.90e+01,3.40e+01
-7.99e+01,-4.72e+01,6.80e+01,3.40e+01
-7.74e+01,-4.24e+01,7.50e+01,3.60e+01
-1.26e+02,-4.15e+01,6.80e+01,3.40e+01
-8.48e+01,-4.48e+01,7.00e+01,3.50e+01
-7.55e+01,-4.07e+01,6.90e+01,3.40e+01
-7.54e+01,-4.49e+01,7.30e+01,3.70e+01
-7.16e+01,-4.09e+01,7.00e+01,3.40e+01
-6.45e+01,-4.16e+01,7.00e+01,3.40e+01
-8.24e+01,-4.20e+01,7.10e+01,3.40e+01
-9.94e+01,-4.42e+01,7.50e+01,3.60e+01
-7.26e+01,-4.71e+01,7.60e+01,3.60e+01
-8.09e+01,-4.02e+01,7.50e+01,3.80e+01
-7.12e+01,-3.90e+01,6.90e+01,3.40e+01
-7.68e+01,-4.30e+01,6.80e+01,3.40e+01
-1.01e+02,-5.75e+01,7.20e+01,3.50e+01
-8.65e+01,-4.01e+01,6.90e+01,3.40e+01
-7.26e+01,-4.06e+01,7.00e+01,3.50e+01
-6.48e+01,-4.05e+01,7.10e+01,3.50e+01
-7.31e+01,-4.47e+01,7.30e+01,3.70e+01
-9.06e+01,-4.22e+01,7.20e+01,3.50e+01
-7.73e+01,-4.55e+01,6.90e+01,3.40e+01
-7.91e+01,-4.62e+01,6.90e+01,3.40e+01
-7.11e+01,-4.36e+01,7.60e+01,3.60e+01
-6.42e+01,-4.08e+01,6.80e+01,3.40e+01
-7.48e+01,-4.25e+01,7.20e+01,3.60e+01
-8.18e+01,-4.81e+01,7.30e+01,3.70e+01
-7.61e+01,-4.86e+01,7.00e+01,3.50e+01
-7.06e+01,-4.37e+01,7.50e+01,3.60e+01
-7.20e+01,-4.38e+01,6.80e+01,3.40e+01
-1.02e+02,-4.44e+01,6.90e+01,3.40e+01
-7.93e+01,-4.13e+01,7.10e+01,3.50e+01
-1.69e+02,-5.23e+01,7.00e+01,3.40e+01
-8.55e+01,-4.41e+01,6.80e+01,3.40e+01
-6.90e+01,-4.44e+01,7.00e+01,3.50e+01
-7.37e+01,-4.18e+01,7.00e+01,3.40e+01
-8.43e+01,-3.78e+01,7.60e+01,3.80e+01
-7.89e+01,-3.89e+01,6.80e+01,3.40e+01
-8.05e+01,-4.30e+01,6.90e+01,3.40e+01
-8.39e+01,-4.57e+01,6.80e+01,3.40e+01
-7.15e+01,-4.03e+01,6.90e+01,3.50e+01
-7.91e+01,-4.51e+01,6.90e+01,3.50e+01
-7.88e+01,-4.37e+01,7.40e+01,3.70e+01
-7.09e+01,-4.10e+01,6.90e+01,3.40e+01
-7.16e+01,-4.32e+01,6.90e+01,3.50e+01
-8.12e+01,-4.29e+01,6.90e+01,3.40e+01
-7.24e+01,-4.40e+01,6.90e+01,3.40e+01
-8.25e+01,-4.73e+01,7.00e+01,3.50e+01
-7.89e+01,-4.40e+01,7.00e+01,3.50e+01
-8.70e+01,-4.64e+01,7.70e+01,3.70e+01
-8.29e+01,-4.62e+01,6.80e+01,3.40e+01
-7.36e+01,-4.39e+01,7.00e+01,3.50e+01
-7.92e+01,-4.65e+01,7.00e+01,3.50e+01
-8.45e+01,-4.69e+01,7.50e+01,3.70e+01
-7.98e+01,-4.69e+01,7.00e+01,3.40e+01
-8.17e+01,-4.35e+01,6.90e+01,3.50e+01
