-8.01e+01,-4.21e+01,8.10e+01,3.70e+01
-8.24e+01,-4.76e+01,9.10e+01,4.00e+01
-7.88e+01,-4.52e+01,8.30e+01,3.70e+01
-7.63e+01,-4.76e+01,8.40e+01,3.80e+01
-6.70e+01,-4.49e+01,8.10e+01,3.70e+01
-7.84e+01,-4.40e+01,8.30e+01,3.80e+01
-8.25e+01,-4.11e+01,8.40e+01,3.80e+01
-8.06e+01,-5.05e+01,8.10e+01,3.70e+01
-7.37e+01,-4.56e+01,8.20e+01,3.70e+01
-7.09e+01,-4.58e+01,8.40e+01,3.80e+01
-7.58e+01,-4.52e+01,8.10e+01,3.70e+01
-7.41e+01,-4.46e+01,8.20e+01,3.80e+01
-7.60e+01,-4.08e+01,8.40e+01,3.80e+01
-8.15e+01,-4.54e+01,8.10e+01,3.70e+01
-7.26e+01,-4.16e+01,8.20e+01,3.70e+01
-7.31e+01,-4.23e+01,8.40e+01,3.80e+01
-7.73e+01,-4.98e+01,8.10e+01,3.70e+01
-8.39e+01,-4.13e+01,8.20e+01,3.70e+01
-6.68e+01,-4.35e+01,8.30e+01,3.80e+01
-6.76e+01,-4.18e+01,8.40e+01,3.80e+01
-7.86e+01,-4.26e+01,8.10e+01,3.70e+01
-8.10e+01,-3.92e+01,8.20e+01,3.70e+01
-7.95e+01,-4.84e+01,8.30e+01,3.70e+01
-7.73e+01,-4.60e+01,8.50e+01,3.80e+01
-9.00e+01,-4.60e+01,8.10e+01,3.70e+01
-6.59e+01,-4.18e+01,8.20e+01,3.70e+01
-7.97e+01,-3.90e+01,8.30e+01,3.90e+01
-7.18e+01,-4.34e+01,8.40e+01,3.70e+01
-7.46e+01,-4.67e+01,8.60e+01,3.90e+01
-7.27e+01,-4.75e+01,8.10e+01,3.70e+01
-7.65e+01,-4.31e+01,8.20e+01,3.70e+01
-8.98e+01,-4.47e+01,8.40e+01,3.70e+01
-7.38e+01,-4.47e+01,8.50e+01,3.80e+01
-8.25e+01,-4.76e+01,8.40e+01,3.80e+01
-1.01e+02,-4.83e+01,8.10e+01,3.70e+01
-8.17e+01,-4.56e+01,8.20e+01,3.80e+01
-7.43e+01,-4.65e+01,8.40e+01,3.80e+01
-7.09e+01,-4.17e+01,8.20e+01,3.80e+01
-7.33e+01,-4.26e+01,8.30e+01,3.70e+01
-8.23e+01,-4.42e+01,8.40e+01,3.80e+01
-8.73e+01,-4.12e+01,8.20e+01,3.70e+01
-8.33e+01,-4.42e+01,9.10e+01,4.00e+01
-7.03e+01,-4.01e+01,8.10e+01,3.70e+01
-8.06e+01,-4.46e+01,8.10e+01,3.70e+01
-7.75e+01,-4.12e+01,8.40e+01,3.80e+01
-9.24e+01,-4.87e+01,8.20e+01,3.70e+01
-8.55e+01,-4.76e+01,8.40e+01,3.80e+01
-1.06e+02,-5.33e+01,8.40e+01,3.80e+01
-8.68e+01,-4.77e+01,8.40e+01,3.90e+01
-8.33e+01,-4.33e+01,8.50e+01,3.80e+01
-7.69e+01,-4.10e+01,8.10e+01,3.70e+01
-7.83e+01,-4.17e+01,8.30e+01,3.80e+01
-7.01e+01,-4.17e+01,8.30e+01,3.70e+01
-7.80e+01,-4.27e+01,8.50e+01,3.80e+01
-9.08e+01,-3.98e+01,8.30e+01,3.80e+01
-7.83e+01,-4.40e+01,8.10e+01,3.70e+01
-8.34e+01,-4.07e+01,8.30e+01,3.70e+01
-7.53e+01,-4.67e+01,8.40e+01,3.80e+01
-8.08e+01,-5.11e+01,8.50e+01,3.90e+01
-6.61e+01,-4.07e+01,8.10e+01,3.70e+01
-1.56e+02,-3.98e+01,8.20e+01,3.70e+01
-7.82e+01,-4.51e+01,9.10e+01,4.00e+01
-6.66e+01,-3.46e+01,9.20e+01,4.00e+01
-8.55e+01,-4.07e+01,8.50e+01,3.80e+01
-7.98e+01,-4.13e+01,9.10e+01,4.00e+01
-7.55e+01,-3.90e+01,8.20e+01,3.70e+01
-8.35e+01,-4.59e+01,8.40e+01,3.90e+01
-8.42e+01,-4.54e+01,8.30e+01,3.80e+01
-7.09e+01,-3.90e+01,8.10e+01,3.70e+01
-7.90e+01,-4.24e+01,8.30e+01,3.70e+01
-7.20e+01,-4.77e+01,8.10e+01,3.70e+01
-8.28e+01,-4.37e+01,8.40e+01,3.80e+01
-8.00e+01,-4.24e+01,8.20e+01,3.70e+01
-1.57e+02,-5.81e+01,9.20e+01,4.00e+01
-7.04e+01,-4.24e+01,8.10e+01,3.70e+01
-5.00e+02,-4.99e+02,8.50e+01,3.80e+01
-7.22e+01,-4.19e+01,8.40e+01,3.80e+01
-7.59e+01,-4.42e+01,8.50e+01,3.80e+01
-7.90e+01,-4.27e+01,8.30e+01,3.80e+01
-6.54e+01,-3.97e+01,8.40e+01,3.80e+01
-8.58e+01,-4.88e+01,8.40e+01,3.80e+01
-7.01e+01,-4.02e+01,8.30e+01,3.70e+01
-8.02e+01,-4.11e+01,8.40e+01,3.80e+01
-7.55e+01,-4.74e+01,8.20e+01,3.80e+01
-8.91e+01,-4.15e+01,8.30e+01,3.70e+01
-7.18e+01,-4.30e+01,8.30e+01,3.70e+01
-8.44e+01,-4.27e+01,9.20e+01,4.00e+01
-8.48e+01,-4.83e+01,8.10e+01,3.70e+01
-7.29e+01,-4.21e+01,8.30e+01,3.80e+01
-1.05e+02,-4.56e+01,8.30e+01,3.70e+01
-7.39e+01,-4.39e+01,8.10e+01,3.70e+01
-1.03e+02,-4.47e+01,8.40e+01,3.80e+01
-9.90e+01,-4.16e+01,8.50e+01,3.80e+01
-1.27e+02,-3.89e+01,8.20e+01,3.80e+01
-9.37e+01,-4.21e+01,9.10e+01,4.00e+01
-8.55e+01,-4.95e+01,8.20e+01,3.70e+01
-6.96e+01,-3.85e+01,8.20e+01,3.70e+01
-7.26e+01,-5.00e+01,8.30e+01,3.70e+01
-7.83e+01,-4.33e+01,8.10e+01,3.70e+01
-8.24e+01,-4.49e+01,8.50e+01,3.80e+01
-7.85e+01,-4.19e+01,8.20e+01,3.80e+01
-7.72e+01,-4.50e+01,8.10e+01,3.70e+01
-6.99e+01,-4.13e+01,8.50e+01,3.80e+01
-6.91e+01,-4.15e+01,8.30e+01,3.70e+01
-7.65e+01,-4.23e+01,8.10e+01,3.70e+01
-8.91e+01,-4.26e+01,8.30e+01,3.70e+01
-1.38e+02,-4.25e+01,9.10e+01,4.00e+01
-7.57e+01,-4.39e+01,8.40e+01,3.80e+01
-9.70e+01,-4.39e+01,8.30e+01,3.70e+01
-7.39e+01,-4.16e+01,8.30e+01,3.90e+01
-7.82e+01,-4.51e+01,8.10e+01,3.70e+01
-7.65e+01,-4.40e+01,8.50e+01,3.80e+01
-7.81e+01,-4.65e+01,8.20e+01,3.70e+01
-7.14e+01,-4.41e+01,8.40e+01,3.70e+01
-8.71e+01,-4.58e+01,8.50e+01,3.80e+01
-7.13e+01,-4.12e+01,8.50e+01,3.80e+01
-8.03e+01,-3.83e+01,8.20e+01,3.70e+01
-8.31e+01,-4.54e+01,8.30e+01,3.80e+01
-8.35e+01,-4.23e+01,8.50e+01,3.80e+01
-2.16e+02,-1.24e+02,8.10e+01,3.70e+01
-1.36e+02,-4.21e+01,8.20e+01,3.70e+01
-6.28e+01,-4.02e+01,8.50e+01,3.90e+01
-6.94e+01,-4.13e+01,8.20e+01,3.70e+01
-7.53e+01,-4.29e+01,8.50e+01,3.80e+01
-6.64e+01,-4.11e+01,8.50e+01,3.80e+01
-7.16e+01,-4.48e+01,8.20e+01,3.70e+01
-2.24e+02,-1.14e+02,8.50e+01,3.90e+01
-7.43e+01,-4.25e+01,8.20e+01,3.70e+01
-8.61e+01,-4.06e+01,8.50e+01,3.80e+01
-7.16e+01,-4.05e+01,8.40e+01,3.80e+01
-7.28e+01,-4.52e+01,8.20e+01,3.80e+01
-7.11e+01,-4.14e+01,8.50e+01,3.80e+01
-9.07e+01,-4.77e+01,8.10e+01,3.70e+01
-8.02e+01,-4.62e+01,8.20e+01,3.70e+01
-1.09e+02,-4.62e+01,8.20e+01,3.70e+01
-6.78e+01,-3.94e+01,8.30e+01,3.80e+01
-1.02e+02,-4.21e+01,8.20e+01,3.70e+01
-7.95e+01,-3.95e+01,8.10e+01,3.70e+01
-8.21e+01,-4.76e+01,9.10e+01,4.00e+01
-7.46e+01,-4.29e+01,8.20e+01,3.80e+01
-7.58e+01,-4.21e+01,8.30e+01,3.80e+01
-8.44e+01,-4.68e+01,8.20e+01,3.80e+01
-7.42e+01,-4.20e+01,8.50e+01,3.80e+01
-6.94e+01,-4.18e+01,9.20e+01,4.10e+01
-8.61e+01,-4.74e+01,9.20e+01,4.00e+01
-1.84e+02,-6.63e+01,8.10e+01,3.70e+01
-8.02e+01,-4.40e+01,8.40e+01,3.80e+01
-7.70e+01,-4.10e+01,9.20e+01,4.00e+01
-7.81e+01,-3.94e+01,8.20e+01,3.70e+01
-6.90e+01,-4.43e+01,8.20e+01,3.70e+01
-4.34e+02,-1.04e+02,9.10e+01,4.00e+01
-8.80e+01,-4.74e+01,8.50e+01,3.90e+01
-7.62e+01,-4.77e+01,8.10e+01,3.70e+01
-7.98e+01,-4.92e+01,8.50e+01,3.80e+01
-7.43e+01,-4.60e+01,8.20e+01,3.70e+01
-7.45e+01,-4.29e+01,8.20e+01,3.70e+01
-1.28e+02,-4.38e+01,8.20e+01,3.70e+01
-6.92e+01,-4.48e+01,8.20e+01,3.70e+01
-7.01e+01,-3.95e+01,8.30e+01,3.80e+01
-6.92e+01,-4.08e+01,8.10e+01,3.70e+01
-7.42e+01,-4.26e+01,8.30e+01,3.80e+01
-7.24e+01,-3.92e+01,8.40e+01,3.90e+01
-6.57e+01,-4.36e+01,8.30e+01,3.70e+01
-1.02e+02,-4.51e+01,8.10e+01,3.70e+01
-7.93e+01,-4.04e+01,8.50e+01,3.80e+01
-7.71e+01,-4.18e+01,8.40e+01,3.80e+01
-7.91e+01,-3.77e+01,8.50e+01,3.80e+01
-7.73e+01,-4.11e+01,8.10e+01,3.70e+01
-8.87e+01,-4.66e+01,8.30e+01,3.80e+01
-9.82e+01,-5.54e+01,8.40e+01,3.70e+01
-8.18e+01,-3.98e+01,8.30e+01,3.70e+01
-7.50e+01,-4.17e+01,9.20e+01,4.10e+01
-7.51e+01,-4.05e+01,8.40e+01,3.70e+01
-8.07e+01,-4.51e+01,8.40e+01,3.80e+01
-1.24e+02,-5.39e+01,8.40e+01,3.80e+01
-9.13e+01,-4.52e+01,8.20e+01,3.70e+01
-9.75e+01,-4.71e+01,8.20e+01,3.70e+01
-9.15e+01,-4.52e+01,8.30e+01,3.70e+01
-7.56e+01,-4.64e+01,8.10e+01,3.70e+01
-7.59e+01,-4.07e+01,8.10e+01,3.70e+01
-9.07e+01,-4.66e+01,8.40e+01,3.90e+01
-8.42e+01,-5.07e+01,8.20e+01,3.80e+01
-7.54e+01,-4.18e+01,8.20e+01,3.80e+01
-6.84e+01,-4.75e+01,8.20e+01,3.70e+01
-7.96e+01,-4.79e+01,8.40e+01,3.80e+01
-8.31e+01,-4.26e+01,8.30e+01,3.80e+01
-9.66e+01,-4.67e+01,8.10e+01,3.70e+01
-6.20e+01,-4.03e+01,8.30e+01,3.80e+01
-1.36e+02,-4.85e+01,8.40e+01,3.80e+01
-7.47e+01,-4.56e+01,8.10e+01,3.70e+01
-7.46e+01,-4.37e+01,8.50e+01,3.90e+01
-8.67e+01,-4.67e+01,8.10e+01,3.70e+01
