1.39e+02,2.47e+02,2.00e+01,1.80e+01
1.70e+02,5.61e+02,2.20e+01,2.00e+01
1.85e+02,4.38e+02,2.00e+01,1.80e+01
2.25e+02,6.93e+02,2.00e+01,1.90e+01
2.37e+02,9.11e+02,2.00e+01,1.80e+01
1.78e+02,6.02e+02,2.00e+01,1.90e+01
1.60e+02,3.84e+02,1.90e+01,1.80e+01
1.60e+02,5.83e+02,1.90e+01,1.80e+01
1.99e+02,5.58e+02,2.20e+01,1.80e+01
2.01e+02,6.33e+02,2.10e+01,1.90e+01
1.72e+02,6.51e+02,1.90e+01,1.80e+01
2.16e+02,6.57e+02,2.00e+01,1.80e+01
1.02e+02,2.05e+02,2.10e+01,1.80e+01
1.96e+02,6.31e+02,1.90e+01,1.80e+01
1.66e+02,6.25e+02,2.00e+01,1.80e+01
1.70e+02,4.60e+02,2.20e+01,1.80e+01
1.36e+02,4.00e+02,1.90e+01,1.80e+01
1.98e+02,6.96e+02,2.30e+01,1.90e+01
1.55e+02,5.80e+02,1.90e+01,1.80e+01
1.70e+02,6.85e+02,1.90e+01,1.80e+01
1.78e+02,6.05e+02,1.90e+01,1.80e+01
1.73e+02,7.46e+02,1.90e+01,1.80e+01
1.61e+02,4.94e+02,2.00e+01,1.80e+01
1.43e+02,4.72e+02,1.90e+01,1.80e+01
1.79e+02,6.24e+02,2.10e+01,1.90e+01
1.92e+02,6.97e+02,2.10e+01,1.90e+01
1.12e+02,2.50e+02,1.90e+01,1.80e+01
2.25e+02,7.75e+02,1.90e+01,1.80e+01
2.17e+02,8.49e+02,2.20e+01,1.80e+01
1.84e+02,7.72e+02,1.90e+01,1.80e+01
1.28e+02,3.81e+02,2.00e+01,1.80e+01
2.37e+02,7.44e+02,2.00e+01,1.80e+01
1.23e+02,2.18e+02,2.00e+01,1.80e+01
2.30e+02,8.83e+02,2.10e+01,1.90e+01
1.30e+02,3.15e+02,2.20e+01,1.90e+01
2.08e+02,6.28e+02,2.10e+01,1.80e+01
1.46e+02,4.51e+02,2.00e+01,1.80e+01
1.62e+02,7.12e+02,2.20e+01,1.80e+01
1.83e+02,7.15e+02,2.20e+01,1.90e+01
2.25e+02,7.62e+02,2.00e+01,1.80e+01
2.33e+02,9.87e+02,2.00e+01,1.80e+01
1.67e+02,5.55e+02,2.10e+01,1.80e+01
1.79e+02,5.96e+02,1.90e+01,1.80e+01
1.99e+02,6.41e+02,2.00e+01,1.90e+01
2.02e+02,7.13e+02,2.30e+01,2.00e+01
2.12e+02,8.93e+02,1.90e+01,1.80e+01
1.69e+02,5.51e+02,2.30e+01,2.10e+01
1.75e+02,5.79e+02,1.90e+01,1.80e+01
1.88e+02,5.66e+02,1.90e+01,1.80e+01
1.99e+02,7.24e+02,2.10e+01,1.90e+01
1.81e+02,6.84e+02,2.00e+01,1.80e+01
1.93e+02,5.27e+02,2.20e+01,1.90e+01
1.18e+02,3.08e+02,2.00e+01,1.80e+01
2.33e+02,9.40e+02,2.20e+01,1.80e+01
1.78e+02,6.07e+02,2.00e+01,1.90e+01
1.78e+02,3.73e+02,2.20e+01,1.80e+01
2.06e+02,6.26e+02,2.10e+01,1.80e+01
1.95e+02,7.13e+02,2.00e+01,1.90e+01
8.84e+01,1.94e+02,2.00e+01,1.80e+01
1.67e+02,5.41e+02,2.20e+01,1.80e+01
2.27e+02,8.04e+02,2.10e+01,1.80e+01
2.15e+02,7.23e+02,2.00e+01,1.80e+01
1.50e+02,3.65e+02,1.90e+01,1.80e+01
1.37e+02,2.90e+02,1.90e+01,1.80e+01
1.24e+02,4.22e+02,2.20e+01,1.90e+01
2.05e+02,7.18e+02,1.90e+01,1.80e+01
1.99e+02,6.28e+02,1.90e+01,1.80e+01
2.35e+02,8.05e+02,2.60e+01,2.20e+01
1.70e+02,5.45e+02,1.90e+01,1.80e+01
2.04e+02,6.50e+02,2.00e+01,1.90e+01
1.52e+02,4.35e+02,2.00e+01,1.80e+01
1.23e+02,2.74e+02,2.10e+01,1.80e+01
2.14e+02,8.42e+02,1.90e+01,1.80e+01
2.06e+02,8.07e+02,1.90e+01,1.80e+01
1.85e+02,6.43e+02,2.10e+01,1.80e+01
2.08e+02,9.69e+02,1.90e+01,1.80e+01
1.73e+02,6.37e+02,1.90e+01,1.80e+01
2.32e+02,8.01e+02,2.30e+01,2.10e+01
2.17e+02,7.07e+02,2.00e+01,1.80e+01
2.01e+02,7.50e+02,1.90e+01,1.80e+01
2.02e+02,7.00e+02,2.00e+01,1.80e+01
2.35e+02,8.63e+02,1.90e+01,1.80e+01
1.75e+02,6.38e+02,2.10e+01,1.90e+01
1.97e+02,6.87e+02,2.00e+01,1.80e+01
1.69e+02,7.01e+02,2.10e+01,1.80e+01
1.29e+02,2.92e+02,2.10e+01,1.80e+01
1.87e+02,6.55e+02,2.10e+01,1.80e+01
1.75e+02,5.07e+02,2.10e+01,1.80e+01
1.33e+02,3.10e+02,1.90e+01,1.80e+01
2.18e+02,8.06e+02,2.10e+01,1.90e+01
1.66e+02,4.38e+02,2.00e+01,1.80e+01
2.02e+02,6.67e+02,2.20e+01,1.80e+01
2.32e+02,8.81e+02,2.20e+01,2.00e+01
2.18e+02,8.74e+02,2.20e+01,1.90e+01
1.19e+02,3.06e+02,1.90e+01,1.80e+01
1.91e+02,6.79e+02,2.10e+01,1.90e+01
1.08e+02,2.07e+02,2.60e+01,2.20e+01
1.77e+02,7.24e+02,2.20e+01,1.90e+01
1.89e+02,5.68e+02,2.10e+01,1.80e+01
1.98e+02,6.45e+02,1.90e+01,1.80e+01
1.02e+02,3.06e+02,2.10e+01,1.80e+01
1.62e+02,5.05e+02,1.90e+01,1.80e+01
2.28e+02,7.91e+02,1.90e+01,1.80e+01
1.59e+02,5.14e+02,2.00e+01,1.90e+01
1.76e+02,5.46e+02,1.90e+01,1.80e+01
1.97e+02,5.62e+02,2.00e+01,1.80e+01
1.13e+02,2.64e+02,2.00e+01,1.80e+01
1.84e+02,7.11e+02,2.00e+01,1.80e+01
1.47e+02,4.67e+02,2.00e+01,1.80e+01
2.07e+02,6.50e+02,2.20e+01,1.90e+01
1.96e+02,5.41e+02,2.00e+01,1.80e+01
1.96e+02,6.73e+02,2.00e+01,1.80e+01
1.78e+02,6.01e+02,2.00e+01,1.90e+01
1.55e+02,3.65e+02,2.10e+01,1.90e+01
2.28e+02,7.90e+02,2.10e+01,1.80e+01
1.66e+02,5.56e+02,1.90e+01,1.80e+01
1.88e+02,5.12e+02,2.00e+01,1.80e+01
2.46e+02,1.00e+03,1.90e+01,1.80e+01
1.95e+02,6.76e+02,2.10e+01,1.90e+01
1.87e+02,6.65e+02,1.90e+01,1.80e+01
1.96e+02,6.39e+02,1.90e+01,1.80e+01
1.83e+02,4.69e+02,1.90e+01,1.80e+01
2.22e+02,7.67e+02,2.00e+01,1.80e+01
2.11e+02,6.86e+02,1.90e+01,1.80e+01
2.42e+02,8.52e+02,2.00e+01,1.80e+01
1.74e+02,4.53e+02,1.90e+01,1.80e+01
1.86e+02,5.99e+02,2.40e+01,1.80e+01
1.74e+02,5.14e+02,1.90e+01,1.80e+01
1.01e+02,1.99e+02,1.90e+01,1.80e+01
2.32e+02,6.65e+02,2.10e+01,1.90e+01
2.18e+02,8.03e+02,2.10e+01,1.80e+01
1.41e+02,8.58e+02,2.20e+01,1.90e+01
2.46e+02,8.84e+02,2.10e+01,1.90e+01
2.00e+02,7.20e+02,2.10e+01,1.80e+01
1.29e+02,3.96e+02,2.00e+01,1.80e+01
2.07e+02,6.73e+02,2.00e+01,1.80e+01
1.64e+02,4.77e+02,2.00e+01,1.80e+01
2.34e+02,7.70e+02,2.00e+01,1.80e+01
2.01e+02,6.26e+02,1.90e+01,1.80e+01
1.76e+02,6.54e+02,2.00e+01,1.80e+01
2.01e+02,7.25e+02,2.00e+01,1.90e+01
1.31e+02,3.63e+02,2.30e+01,1.90e+01
1.72e+02,6.15e+02,1.90e+01,1.80e+01
1.46e+02,3.55e+02,2.00e+01,1.80e+01
1.60e+02,5.61e+02,1.90e+01,1.80e+01
1.98e+02,6.20e+02,2.60e+01,2.20e+01
2.23e+02,9.07e+02,2.10e+01,1.80e+01
2.18e+02,7.71e+02,2.10e+01,1.80e+01
1.64e+02,6.40e+02,2.00e+01,1.80e+01
1.34e+02,3.97e+02,2.30e+01,2.10e+01
1.87e+02,7.07e+02,1.90e+01,1.80e+01
2.36e+02,8.84e+02,1.90e+01,1.80e+01
2.02e+02,6.73e+02,2.10e+01,1.80e+01
2.04e+02,5.68e+02,1.90e+01,1.80e+01
1.93e+02,6.39e+02,1.90e+01,1.80e+01
1.76e+02,6.34e+02,1.90e+01,1.80e+01
1.59e+02,4.82e+02,1.90e+01,1.80e+01
2.02e+02,6.60e+02,2.20e+01,1.90e+01
1.83e+02,5.11e+02,2.30e+01,2.00e+01
1.85e+02,6.55e+02,2.00e+01,1.80e+01
1.85e+02,5.45e+02,1.90e+01,1.80e+01
1.95e+02,6.29e+02,2.10e+01,1.80e+01
1.81e+02,5.35e+02,2.10e+01,1.90e+01
1.45e+02,4.32e+02,2.30e+01,2.00e+01
1.10e+02,7.18e+02,2.10e+01,1.80e+01
1.74e+02,5.67e+02,2.10e+01,1.80e+01
2.33e+02,7.29e+02,2.20e+01,1.80e+01
1.50e+02,4.98e+02,2.30e+01,2.00e+01
1.59e+02,4.27e+02,2.10e+01,1.80e+01
1.97e+02,6.38e+02,1.90e+01,1.80e+01
1.68e+02,4.73e+02,2.30e+01,2.10e+01
1.71e+02,5.21e+02,2.10e+01,1.80e+01
1.71e+02,5.53e+02,2.00e+01,1.90e+01
1.34e+02,3.41e+02,2.40e+01,1.80e+01
1.92e+02,6.88e+02,2.00e+01,1.80e+01
1.07e+02,1.97e+02,2.20e+01,1.80e+01
1.59e+02,5.46e+02,1.90e+01,1.80e+01
1.21e+02,2.46e+02,2.30e+01,1.90e+01
1.31e+02,3.84e+02,1.90e+01,1.80e+01
1.71e+02,5.59e+02,2.10e+01,1.80e+01
1.11e+02,3.18e+02,1.90e+01,1.80e+01
1.99e+02,6.51e+02,2.10e+01,1.90e+01
1.91e+02,4.59e+02,1.90e+01,1.80e+01
1.63e+02,4.38e+02,1.90e+01,1.80e+01
2.10e+02,4.45e+02,2.20e+01,1.80e+01
1.38e+02,4.19e+02,1.90e+01,1.80e+01
1.69e+02,4.69e+02,2.10e+01,1.90e+01
1.92e+02,5.81e+02,2.00e+01,1.80e+01
1.93e+02,5.94e+02,1.90e+01,1.80e+01
1.63e+02,5.02e+02,2.10e+01,1.80e+01
1.64e+02,4.61e+02,2.10e+01,1.80e+01
2.47e+02,9.01e+02,2.30e+01,2.10e+01
1.10e+02,3.29e+02,1.90e+01,1.80e+01
1.52e+02,4.83e+02,2.30e+01,2.00e+01
1.93e+02,5.43e+02,2.10e+01,1.80e+01
2.00e+02,6.33e+02,2.00e+01,1.80e+01
2.32e+02,9.02e+02,2.00e+01,1.80e+01
3.88e+01,8.33e+01,2.10e+01,1.90e+01
5.31e+01,9.26e+01,2.30e+01,1.90e+01
2.29e+02,8.55e+02,2.00e+01,1.80e+01
2.32e+02,8.87e+02,1.90e+01,1.80e+01
2.00e+02,8.26e+02,2.00e+01,1.80e+01
1.86e+02,6.22e+02,2.00e+01,1.80e+01
1.63e+02,5.48e+02,2.30e+01,1.80e+01
1.53e+02,5.42e+02,2.30e+01,2.00e+01
1.85e+02,6.63e+02,2.20e+01,1.80e+01
2.07e+02,6.62e+02,1.90e+01,1.80e+01
1.10e+02,2.20e+02,2.00e+01,1.80e+01
1.37e+02,4.32e+02,2.10e+01,1.80e+01
1.87e+02,6.93e+02,1.90e+01,1.80e+01
2.07e+02,7.22e+02,1.90e+01,1.80e+01
1.58e+02,5.19e+02,1.90e+01,1.80e+01
1.57e+02,6.12e+02,1.90e+01,1.80e+01
2.12e+02,8.35e+02,2.00e+01,1.80e+01
2.03e+02,7.98e+02,2.10e+01,1.90e+01
1.87e+02,5.25e+02,2.10e+01,1.80e+01
1.67e+02,6.66e+02,1.90e+01,1.80e+01
1.48e+02,5.12e+02,2.00e+01,1.80e+01
1.10e+02,2.17e+02,2.20e+01,1.80e+01
2.35e+02,7.00e+02,2.10e+01,1.90e+01
2.04e+02,7.46e+02,2.00e+01,1.80e+01
2.08e+02,8.61e+02,2.00e+01,1.80e+01
2.15e+02,7.40e+02,1.90e+01,1.80e+01
1.85e+02,6.70e+02,2.00e+01,1.80e+01
8.35e+01,7.25e+02,2.00e+01,1.80e+01
2.11e+02,7.33e+02,2.20e+01,1.90e+01
2.25e+02,7.31e+02,2.00e+01,1.80e+01
2.05e+02,7.04e+02,2.10e+01,1.90e+01
1.59e+02,5.95e+02,2.00e+01,1.80e+01
1.95e+02,7.53e+02,2.00e+01,1.80e+01
8.91e+01,2.07e+02,2.10e+01,1.80e+01
1.42e+02,5.35e+02,2.30e+01,1.80e+01
2.51e+02,1.03e+03,2.00e+01,1.90e+01
2.18e+02,8.91e+02,2.20e+01,1.80e+01
1.53e+02,5.62e+02,2.30e+01,1.80e+01
2.13e+02,8.85e+02,2.00e+01,1.80e+01
1.73e+02,6.39e+02,2.00e+01,1.90e+01
7.74e+01,1.81e+02,1.90e+01,1.80e+01
1.26e+02,2.12e+02,2.00e+01,1.80e+01
2.11e+02,8.21e+02,2.20e+01,1.80e+01
1.82e+02,4.78e+02,1.90e+01,1.80e+01
1.70e+02,5.54e+02,2.10e+01,1.90e+01
1.96e+02,6.06e+02,2.00e+01,1.90e+01
1.51e+02,4.53e+02,1.90e+01,1.80e+01
1.16e+02,2.44e+02,2.20e+01,2.00e+01
1.99e+02,6.00e+02,2.20e+01,1.80e+01
1.14e+02,2.89e+02,1.90e+01,1.80e+01
1.22e+02,3.97e+02,2.20e+01,1.80e+01
1.91e+02,6.59e+02,1.90e+01,1.80e+01
1.44e+02,4.71e+02,2.00e+01,1.80e+01
1.34e+02,1.85e+02,1.90e+01,1.80e+01
1.49e+02,4.57e+02,2.00e+01,1.80e+01
1.62e+02,4.46e+02,1.90e+01,1.80e+01
2.25e+02,7.18e+02,2.00e+01,1.90e+01
2.06e+02,8.19e+02,2.00e+01,1.80e+01
1.58e+02,4.78e+02,2.00e+01,1.80e+01
1.60e+02,5.74e+02,1.90e+01,1.80e+01
2.24e+02,8.72e+02,2.20e+01,1.90e+01
1.80e+02,6.16e+02,2.00e+01,1.80e+01
1.58e+02,4.73e+02,2.10e+01,1.80e+01
1.28e+02,2.75e+02,2.00e+01,1.80e+01
1.50e+02,3.40e+02,2.00e+01,1.90e+01
1.22e+02,2.38e+02,1.90e+01,1.80e+01
1.91e+02,7.72e+02,2.00e+01,1.80e+01
7.04e+01,1.74e+02,2.00e+01,1.80e+01
1.33e+02,2.34e+02,2.00e+01,1.80e+01
8.04e+01,2.35e+02,1.90e+01,1.80e+01
1.80e+02,6.85e+02,2.10e+01,1.90e+01
1.54e+02,5.45e+02,2.00e+01,1.80e+01
1.14e+02,1.61e+02,2.00e+01,1.90e+01
2.12e+02,5.99e+02,1.90e+01,1.80e+01
2.17e+02,6.76e+02,2.20e+01,1.80e+01
2.34e+02,7.08e+02,1.90e+01,1.80e+01
1.62e+02,4.79e+02,2.00e+01,1.80e+01
1.75e+02,6.41e+02,1.90e+01,1.80e+01
4.06e+01,1.20e+02,1.90e+01,1.80e+01
1.20e+02,2.31e+02,2.00e+01,1.90e+01
1.86e+02,6.65e+02,2.00e+01,1.80e+01
1.40e+02,4.80e+02,1.90e+01,1.80e+01
1.60e+02,5.80e+02,2.10e+01,1.80e+01
7.06e+01,5.69e+02,2.00e+01,1.80e+01
1.94e+02,5.81e+02,1.90e+01,1.80e+01
1.42e+02,2.94e+02,2.10e+01,1.90e+01
2.41e+02,8.18e+02,2.00e+01,1.80e+01
1.54e+02,5.42e+02,2.00e+01,1.80e+01
1.30e+02,2.47e+02,2.00e+01,1.80e+01
1.25e+02,2.96e+02,2.20e+01,1.80e+01
1.91e+02,6.21e+02,2.00e+01,1.80e+01
1.84e+02,4.90e+02,1.90e+01,1.80e+01
1.59e+02,5.75e+02,2.20e+01,2.00e+01
1.56e+02,5.57e+02,2.00e+01,1.90e+01
1.30e+02,2.75e+02,2.10e+01,1.90e+01
1.14e+02,2.29e+02,1.90e+01,1.80e+01
2.06e+02,7.65e+02,1.90e+01,1.80e+01
2.28e+02,7.45e+02,1.90e+01,1.80e+01
1.75e+02,4.93e+02,2.00e+01,1.80e+01
1.61e+02,4.56e+02,2.10e+01,1.80e+01
1.64e+02,4.65e+02,2.00e+01,1.90e+01
1.77e+02,7.14e+02,1.90e+01,1.80e+01
1.73e+02,6.38e+02,2.00e+01,1.90e+01
1.14e+02,2.32e+02,2.00e+01,1.80e+01
1.19e+02,5.72e+02,2.20e+01,1.80e+01
1.77e+02,5.40e+02,2.00e+01,1.80e+01
1.28e+02,2.67e+02,2.00e+01,1.80e+01
2.01e+02,5.48e+02,2.20e+01,1.80e+01
1.91e+02,6.72e+02,1.90e+01,1.80e+01
2.04e+02,6.73e+02,2.00e+01,1.80e+01
1.54e+02,4.82e+02,1.90e+01,1.80e+01
1.13e+02,2.26e+02,1.90e+01,1.80e+01
1.71e+02,7.11e+02,2.10e+01,1.80e+01
2.32e+02,6.79e+02,2.00e+01,1.80e+01
1.82e+02,6.49e+02,1.90e+01,1.80e+01
4.44e+01,1.23e+02,2.20e+01,1.80e+01
1.74e+02,5.18e+02,1.90e+01,1.80e+01
2.11e+02,6.68e+02,1.90e+01,1.80e+01
2.33e+02,7.70e+02,2.00e+01,1.90e+01
1.82e+02,7.00e+02,2.30e+01,1.90e+01
1.99e+02,7.80e+02,2.20e+01,1.90e+01
1.72e+02,4.86e+02,2.20e+01,2.00e+01
1.80e+02,5.97e+02,2.00e+01,1.80e+01
2.01e+02,5.59e+02,1.90e+01,1.80e+01
1.43e+02,3.00e+02,2.20e+01,1.80e+01
9.34e+01,1.98e+02,1.90e+01,1.80e+01
2.40e+02,9.08e+02,2.30e+01,1.90e+01
1.12e+02,6.94e+02,2.20e+01,2.00e+01
1.42e+02,3.46e+02,2.00e+01,1.80e+01
1.54e+02,3.05e+02,1.90e+01,1.80e+01
1.72e+02,5.60e+02,1.90e+01,1.80e+01
6.95e+01,2.93e+02,2.00e+01,1.80e+01
1.52e+02,2.96e+02,1.90e+01,1.80e+01
1.99e+02,7.80e+02,1.90e+01,1.80e+01
1.64e+02,3.83e+02,1.90e+01,1.80e+01
1.13e+02,1.68e+02,2.00e+01,1.80e+01
1.25e+02,8.66e+02,2.00e+01,1.80e+01
1.85e+02,5.52e+02,2.20e+01,1.80e+01
6.14e+01,1.45e+02,2.00e+01,1.90e+01
1.87e+02,7.10e+02,2.20e+01,2.00e+01
1.70e+02,5.16e+02,1.90e+01,1.80e+01
2.31e+02,7.80e+02,1.90e+01,1.80e+01
1.78e+02,6.58e+02,2.00e+01,1.90e+01
2.37e+02,8.62e+02,1.90e+01,1.80e+01
2.24e+02,7.25e+02,1.90e+01,1.80e+01
1.49e+02,5.13e+02,2.20e+01,1.90e+01
2.14e+02,5.84e+02,2.00e+01,1.80e+01
5.43e+01,1.25e+02,2.00e+01,1.90e+01
1.65e+02,5.30e+02,2.00e+01,1.80e+01
1.85e+02,8.18e+02,2.10e+01,1.80e+01
2.76e+01,6.13e+01,1.90e+01,1.80e+01
1.72e+02,6.32e+02,1.90e+01,1.80e+01
1.32e+02,3.60e+02,2.10e+01,1.90e+01
1.87e+02,5.52e+02,2.00e+01,1.90e+01
1.37e+02,4.16e+02,2.00e+01,1.90e+01
1.20e+02,2.40e+02,1.90e+01,1.80e+01
2.10e+02,8.10e+02,2.00e+01,1.80e+01
1.96e+02,7.21e+02,2.10e+01,1.80e+01
2.06e+02,7.48e+02,2.00e+01,1.80e+01
1.04e+02,1.52e+02,1.90e+01,1.80e+01
2.24e+02,8.03e+02,1.90e+01,1.80e+01
1.33e+02,4.05e+02,2.10e+01,1.90e+01
1.70e+02,3.54e+02,2.00e+01,1.90e+01
2.00e+02,8.07e+02,1.90e+01,1.80e+01
1.14e+02,2.11e+02,1.90e+01,1.80e+01
1.94e+02,8.58e+02,2.10e+01,1.90e+01
1.70e+02,6.32e+02,1.90e+01,1.80e+01
1.85e+02,5.15e+02,1.90e+01,1.80e+01
2.25e+02,7.84e+02,2.20e+01,1.80e+01
7.77e+01,1.80e+02,2.00e+01,1.90e+01
9.14e+01,1.69e+02,2.30e+01,1.80e+01
1.56e+02,5.33e+02,2.00e+01,1.80e+01
2.14e+02,6.45e+02,2.40e+01,1.90e+01
1.81e+02,6.20e+02,1.90e+01,1.80e+01
1.51e+02,3.95e+02,1.90e+01,1.80e+01
1.69e+02,5.35e+02,2.10e+01,1.90e+01
1.70e+02,6.20e+02,1.90e+01,1.80e+01
1.82e+02,6.61e+02,1.90e+01,1.80e+01
1.65e+02,2.77e+02,2.00e+01,1.80e+01
1.90e+02,5.42e+02,1.90e+01,1.80e+01
1.13e+02,3.32e+02,2.30e+01,1.90e+01
2.13e+02,9.72e+02,2.00e+01,1.80e+01
2.41e+02,9.92e+02,2.10e+01,1.90e+01
1.74e+02,6.26e+02,1.90e+01,1.80e+01
1.79e+02,7.80e+02,2.10e+01,1.90e+01
1.19e+02,3.30e+02,2.00e+01,1.80e+01
6.50e+01,4.94e+02,2.10e+01,1.90e+01
1.82e+02,6.62e+02,2.00e+01,1.80e+01
1.95e+02,7.00e+02,1.90e+01,1.80e+01
1.86e+02,4.80e+02,2.30e+01,1.90e+01
1.93e+02,7.26e+02,2.00e+01,1.90e+01
6.88e+01,1.85e+02,2.00e+01,1.90e+01
1.72e+02,6.45e+02,2.40e+01,1.90e+01
5.69e+01,1.39e+02,2.20e+01,1.80e+01
2.08e+02,7.45e+02,2.10e+01,1.80e+01
1.84e+02,6.32e+02,2.00e+01,1.80e+01
1.39e+02,3.29e+02,2.00e+01,1.80e+01
1.71e+02,6.02e+02,2.00e+01,1.80e+01
1.86e+02,8.27e+02,2.00e+01,1.80e+01
2.14e+02,7.03e+02,1.90e+01,1.80e+01
1.36e+02,4.30e+02,2.20e+01,2.00e+01
9.11e+01,2.86e+02,2.00e+01,1.80e+01
1.82e+02,5.38e+02,1.90e+01,1.80e+01
1.66e+02,5.42e+02,2.30e+01,1.80e+01
1.93e+02,6.00e+02,1.90e+01,1.80e+01
-3.59e+01,-1.59e+01,2.00e+01,1.90e+01
1.41e+02,3.63e+02,2.10e+01,1.90e+01
1.68e+02,4.17e+02,1.90e+01,1.80e+01
1.27e+02,3.90e+02,2.20e+01,2.00e+01
1.11e+02,7.15e+02,2.00e+01,1.80e+01
6.01e+01,1.58e+02,2.10e+01,1.80e+01
1.63e+02,4.51e+02,1.90e+01,1.80e+01
1.19e+02,4.17e+02,2.10e+01,2.00e+01
1.27e+02,3.42e+02,2.00e+01,1.80e+01
1.59e+02,4.10e+02,1.90e+01,1.80e+01
4.15e+01,9.90e+01,2.00e+01,1.80e+01
9.49e+01,1.42e+02,2.00e+01,1.90e+01
2.04e+02,5.87e+02,2.10e+01,1.80e+01
1.75e+02,5.86e+02,2.20e+01,1.80e+01
6.78e+01,1.34e+02,1.90e+01,1.80e+01
1.70e+02,4.31e+02,1.90e+01,1.80e+01
1.46e+02,3.50e+02,2.20e+01,1.80e+01
1.96e+02,6.63e+02,1.90e+01,1.80e+01
2.32e+02,8.76e+02,1.90e+01,1.80e+01
1.32e+02,3.97e+02,2.00e+01,1.90e+01
2.11e+02,6.79e+02,1.90e+01,1.80e+01
2.27e+02,7.54e+02,1.90e+01,1.80e+01
1.78e+02,6.35e+02,2.20e+01,1.80e+01
2.34e+02,8.47e+02,2.20e+01,2.00e+01
1.71e+02,5.15e+02,1.90e+01,1.80e+01
1.22e+02,2.67e+02,2.00e+01,1.80e+01
1.84e+02,4.55e+02,2.00e+01,1.80e+01
1.72e+02,5.32e+02,2.20e+01,2.00e+01
1.90e+02,6.51e+02,1.90e+01,1.80e+01
1.21e+02,3.28e+02,2.00e+01,1.90e+01
1.80e+02,5.57e+02,1.90e+01,1.80e+01
1.67e+02,5.52e+02,2.20e+01,1.80e+01
2.32e+02,8.34e+02,1.90e+01,1.80e+01
1.73e+02,5.92e+02,2.00e+01,1.80e+01
1.78e+02,4.59e+02,2.20e+01,2.00e+01
2.00e+02,6.73e+02,2.00e+01,1.80e+01
1.95e+02,5.36e+02,2.10e+01,1.80e+01
1.87e+02,5.53e+02,1.90e+01,1.80e+01
2.22e+02,8.62e+02,2.00e+01,1.90e+01
2.08e+02,8.29e+02,2.00e+01,1.80e+01
2.27e+02,1.03e+03,1.90e+01,1.80e+01
1.06e+02,2.23e+02,1.90e+01,1.80e+01
1.77e+02,5.64e+02,1.90e+01,1.80e+01
1.73e+02,6.80e+02,1.90e+01,1.80e+01
1.52e+02,4.47e+02,1.90e+01,1.80e+01
1.94e+02,5.80e+02,2.00e+01,1.90e+01
1.75e+02,2.83e+02,2.00e+01,1.90e+01
7.94e+01,1.50e+02,1.90e+01,1.80e+01
1.39e+02,4.64e+02,1.90e+01,1.80e+01
9.37e+01,1.93e+02,2.00e+01,1.80e+01
1.86e+02,6.78e+02,2.10e+01,1.90e+01
1.16e+02,2.96e+02,2.00e+01,1.80e+01
1.79e+02,7.82e+02,2.00e+01,1.80e+01
1.82e+02,7.54e+02,2.00e+01,1.90e+01
1.62e+02,4.89e+02,2.10e+01,1.80e+01
2.34e+02,8.23e+02,1.90e+01,1.80e+01
1.32e+02,2.47e+02,2.10e+01,1.90e+01
1.25e+02,3.51e+02,1.90e+01,1.80e+01
8.13e+01,2.23e+02,1.90e+01,1.80e+01
1.53e+02,4.55e+02,2.00e+01,1.80e+01
1.58e+02,5.25e+02,1.90e+01,1.80e+01
2.02e+02,7.47e+02,2.20e+01,2.00e+01
1.42e+02,4.61e+02,2.00e+01,1.90e+01
1.29e+02,3.62e+02,2.00e+01,1.80e+01
9.76e+01,2.93e+02,2.00e+01,1.90e+01
-5.18e+01,3.31e+01,2.30e+01,2.10e+01
1.75e+02,5.96e+02,2.00e+01,1.90e+01
1.57e+02,5.86e+02,2.10e+01,1.90e+01
2.15e+02,9.09e+02,2.10e+01,2.00e+01
6.63e+01,2.34e+02,2.00e+01,1.80e+01
1.36e+02,2.46e+02,2.00e+01,1.80e+01
2.18e+02,6.47e+02,2.20e+01,1.90e+01
1.32e+02,3.45e+02,2.20e+01,2.00e+01
2.44e+02,9.09e+02,2.00e+01,1.80e+01
1.37e+02,4.63e+02,2.20e+01,1.80e+01
2.03e+02,7.58e+02,2.10e+01,1.90e+01
2.07e+02,7.31e+02,2.10e+01,1.80e+01
1.54e+02,6.07e+02,2.20e+01,2.00e+01
