-1.08e+02,-7.35e+01,1.45e+02,4.90e+01
-1.12e+02,-8.11e+01,1.44e+02,5.10e+01
-1.14e+02,-8.96e+01,1.43e+02,5.10e+01
-1.11e+02,-8.21e+01,1.42e+02,5.00e+01
-1.13e+02,-8.72e+01,1.48e+02,5.10e+01
-1.14e+02,-9.05e+01,1.43e+02,5.00e+01
-1.12e+02,-8.42e+01,1.44e+02,4.80e+01
-1.14e+02,-9.26e+01,1.41e+02,5.00e+01
-1.10e+02,-7.57e+01,1.42e+02,5.00e+01
-1.12e+02,-8.24e+01,1.45e+02,5.00e+01
-1.10e+02,-7.89e+01,1.43e+02,4.90e+01
-1.10e+02,-7.65e+01,1.47e+02,5.00e+01
-1.12e+02,-8.69e+01,1.42e+02,5.00e+01
-1.11e+02,-8.10e+01,1.45e+02,5.00e+01
-1.11e+02,-8.01e+01,1.45e+02,4.90e+01
-1.13e+02,-8.48e+01,1.40e+02,4.90e+01
-1.12e+02,-8.46e+01,1.43e+02,4.90e+01
-1.11e+02,-8.42e+01,1.45e+02,5.00e+01
-1.13e+02,-8.27e+01,1.43e+02,4.90e+01
-1.13e+02,-8.52e+01,1.42e+02,5.00e+01
-1.14e+02,-9.10e+01,1.46e+02,5.00e+01
-1.13e+02,-7.62e+01,1.43e+02,4.90e+01
-1.12e+02,-8.47e+01,1.44e+02,5.10e+01
-1.13e+02,-8.55e+01,1.41e+02,5.00e+01
-1.12e+02,-8.44e+01,1.45e+02,5.00e+01
-1.12e+02,-8.33e+01,1.42e+02,5.00e+01
-1.12e+02,-8.22e+01,1.44e+02,4.90e+01
-1.10e+02,-8.10e+01,1.43e+02,4.90e+01
-1.13e+02,-8.38e+01,1.43e+02,4.90e+01
-1.15e+02,-8.87e+01,1.41e+02,5.00e+01
-1.11e+02,-8.07e+01,1.45e+02,5.00e+01
-1.12e+02,-8.45e+01,1.43e+02,4.90e+01
-1.10e+02,-7.79e+01,1.46e+02,5.00e+01
-1.16e+02,-8.95e+01,1.44e+02,4.90e+01
-1.14e+02,-9.11e+01,1.43e+02,5.10e+01
-1.10e+02,-7.86e+01,1.48e+02,5.00e+01
-1.16e+02,-8.39e+01,1.43e+02,4.90e+01
-1.12e+02,-8.43e+01,1.43e+02,4.90e+01
-1.11e+02,-7.67e+01,1.43e+02,4.90e+01
-1.13e+02,-8.42e+01,1.44e+02,5.10e+01
-1.11e+02,-8.40e+01,1.44e+02,4.90e+01
-1.12e+02,-8.50e+01,1.42e+02,5.00e+01
-1.48e+02,-9.87e+01,1.41e+02,5.00e+01
-1.13e+02,-8.09e+01,1.46e+02,4.90e+01
-1.47e+02,-9.89e+01,1.43e+02,5.10e+01
-1.11e+02,-7.89e+01,1.42e+02,5.00e+01
-1.13e+02,-8.85e+01,1.45e+02,5.20e+01
-1.10e+02,-8.00e+01,1.43e+02,5.00e+01
-1.16e+02,-8.88e+01,1.45e+02,4.80e+01
-1.11e+02,-8.28e+01,1.43e+02,4.90e+01
-1.10e+02,-7.61e+01,1.45e+02,5.10e+01
-1.16e+02,-9.05e+01,1.44e+02,5.20e+01
-1.59e+02,-9.92e+01,1.43e+02,5.10e+01
-1.11e+02,-8.29e+01,1.49e+02,5.10e+01
-1.09e+02,-7.63e+01,1.45e+02,4.90e+01
-1.12e+02,-7.83e+01,1.43e+02,4.90e+01
-1.10e+02,-7.75e+01,1.46e+02,4.90e+01
-1.11e+02,-7.26e+01,1.46e+02,4.90e+01
-1.11e+02,-7.94e+01,1.46e+02,5.10e+01
-1.11e+02,-8.32e+01,1.45e+02,4.90e+01
-1.12e+02,-7.73e+01,1.46e+02,5.00e+01
-1.14e+02,-9.19e+01,1.46e+02,5.20e+01
-1.14e+02,-9.01e+01,1.43e+02,5.00e+01
-1.10e+02,-7.43e+01,1.49e+02,5.10e+01
-1.10e+02,-8.11e+01,1.42e+02,5.00e+01
-1.11e+02,-7.83e+01,1.43e+02,5.00e+01
-1.13e+02,-8.73e+01,1.47e+02,5.00e+01
-1.11e+02,-8.54e+01,1.45e+02,4.90e+01
-1.20e+02,-9.73e+01,1.45e+02,5.00e+01
-1.12e+02,-8.54e+01,1.43e+02,5.00e+01
-1.10e+02,-7.98e+01,1.43e+02,5.10e+01
-1.12e+02,-8.16e+01,1.45e+02,5.10e+01
-1.31e+02,-9.20e+01,1.45e+02,5.00e+01
-1.98e+02,-1.97e+02,1.48e+02,5.10e+01
-1.23e+02,-1.00e+02,1.45e+02,4.90e+01
-1.10e+02,-8.02e+01,1.42e+02,5.00e+01
-1.12e+02,-8.72e+01,1.42e+02,5.00e+01
-1.20e+02,-9.55e+01,1.43e+02,5.10e+01
-1.12e+02,-8.63e+01,1.43e+02,5.10e+01
-1.13e+02,-8.85e+01,1.48e+02,5.00e+01
-1.40e+02,-1.00e+02,1.46e+02,5.00e+01
-1.09e+02,-7.53e+01,1.45e+02,4.90e+01
-1.08e+02,-7.15e+01,1.42e+02,5.00e+01
-1.96e+02,-1.95e+02,1.44e+02,5.10e+01
-1.12e+02,-8.52e+01,1.44e+02,5.10e+01
-1.11e+02,-8.34e+01,1.41e+02,5.00e+01
-1.13e+02,-8.92e+01,1.45e+02,4.90e+01
-1.08e+02,-7.39e+01,1.50e+02,5.20e+01
-1.11e+02,-7.82e+01,1.43e+02,5.10e+01
-1.11e+02,-8.40e+01,1.48e+02,5.10e+01
-1.12e+02,-8.21e+01,1.42e+02,5.00e+01
-1.14e+02,-8.81e+01,1.45e+02,4.90e+01
-1.13e+02,-8.90e+01,1.44e+02,5.10e+01
-1.12e+02,-8.22e+01,1.46e+02,4.90e+01
-1.16e+02,-8.30e+01,1.46e+02,4.90e+01
-1.09e+02,-7.69e+01,1.44e+02,5.10e+01
-1.12e+02,-8.57e+01,1.46e+02,4.90e+01
-1.80e+02,-1.01e+02,1.42e+02,5.00e+01
-1.10e+02,-8.42e+01,1.41e+02,5.00e+01
-1.12e+02,-8.22e+01,1.46e+02,5.00e+01
-1.42e+02,-9.84e+01,1.43e+02,5.00e+01
-1.11e+02,-8.03e+01,1.43e+02,5.00e+01
-1.11e+02,-8.29e+01,1.43e+02,5.00e+01
-1.25e+02,-8.80e+01,1.43e+02,5.00e+01
-1.36e+02,-9.99e+01,1.44e+02,4.80e+01
-1.18e+02,-9.33e+01,1.44e+02,5.10e+01
-1.12e+02,-8.39e+01,1.47e+02,5.00e+01
-1.14e+02,-8.65e+01,1.45e+02,4.90e+01
-1.10e+02,-7.86e+01,1.48e+02,5.10e+01
-1.11e+02,-8.24e+01,1.45e+02,4.90e+01
-1.10e+02,-8.09e+01,1.45e+02,5.20e+01
-1.12e+02,-8.33e+01,1.44e+02,4.80e+01
-1.11e+02,-7.99e+01,1.43e+02,5.10e+01
-1.13e+02,-8.72e+01,1.43e+02,5.10e+01
-1.11e+02,-8.31e+01,1.41e+02,5.00e+01
-1.10e+02,-8.02e+01,1.46e+02,4.90e+01
-1.11e+02,-8.43e+01,1.49e+02,5.10e+01
-1.16e+02,-8.95e+01,1.45e+02,4.90e+01
-1.12e+02,-8.67e+01,1.45e+02,4.90e+01
-1.12e+02,-8.16e+01,1.43e+02,5.10e+01
-1.10e+02,-8.22e+01,1.41e+02,5.00e+01
-1.13e+02,-8.49e+01,1.45e+02,4.90e+01
-1.13e+02,-8.81e+01,1.44e+02,5.10e+01
-1.14e+02,-8.83e+01,1.46e+02,4.90e+01
-1.13e+02,-8.85e+01,1.45e+02,5.00e+01
-1.41e+02,-1.01e+02,1.43e+02,4.90e+01
-1.13e+02,-8.81e+01,1.41e+02,5.00e+01
-1.13e+02,-8.62e+01,1.43e+02,5.00e+01
-1.12e+02,-8.65e+01,1.41e+02,5.00e+01
-1.25e+02,-7.90e+01,1.45e+02,5.00e+01
-1.96e+02,-1.95e+02,1.46e+02,4.90e+01
-1.13e+02,-8.24e+01,1.45e+02,5.20e+01
-1.14e+02,-9.04e+01,1.45e+02,4.90e+01
-1.17e+02,-8.52e+01,1.45e+02,5.20e+01
-1.10e+02,-7.45e+01,1.47e+02,5.00e+01
-1.11e+02,-8.55e+01,1.45e+02,4.80e+01
-1.13e+02,-8.67e+01,1.43e+02,5.10e+01
-1.12e+02,-8.88e+01,1.48e+02,5.00e+01
-1.12e+02,-8.73e+01,1.47e+02,5.10e+01
-1.11e+02,-7.66e+01,1.44e+02,5.10e+01
-1.13e+02,-8.93e+01,1.45e+02,5.10e+01
-1.11e+02,-8.33e+01,1.43e+02,5.10e+01
-1.12e+02,-8.64e+01,1.44e+02,5.10e+01
-1.13e+02,-8.66e+01,1.43e+02,5.10e+01
-1.12e+02,-8.52e+01,1.42e+02,5.00e+01
-1.30e+02,-9.83e+01,1.49e+02,5.10e+01
-1.13e+02,-8.58e+01,1.42e+02,5.00e+01
-1.13e+02,-8.63e+01,1.45e+02,5.00e+01
-1.11e+02,-8.44e+01,1.42e+02,5.00e+01
-1.09e+02,-7.96e+01,1.44e+02,5.10e+01
-1.07e+02,-7.40e+01,1.44e+02,4.80e+01
-1.09e+02,-7.23e+01,1.41e+02,5.00e+01
-1.09e+02,-7.94e+01,1.43e+02,5.00e+01
-1.14e+02,-9.05e+01,1.41e+02,5.00e+01
-1.14e+02,-8.25e+01,1.42e+02,5.00e+01
-1.10e+02,-8.24e+01,1.46e+02,4.90e+01
-1.11e+02,-7.95e+01,1.43e+02,5.00e+01
-1.11e+02,-8.01e+01,1.45e+02,5.20e+01
-1.13e+02,-9.16e+01,1.45e+02,5.00e+01
-1.11e+02,-8.53e+01,1.45e+02,5.20e+01
-1.10e+02,-8.18e+01,1.42e+02,5.00e+01
-1.13e+02,-8.96e+01,1.44e+02,4.90e+01
-1.15e+02,-9.34e+01,1.45e+02,5.10e+01
-1.18e+02,-8.50e+01,1.40e+02,4.90e+01
-1.13e+02,-9.00e+01,1.45e+02,5.20e+01
-1.10e+02,-7.50e+01,1.46e+02,4.90e+01
-1.10e+02,-7.46e+01,1.45e+02,4.90e+01
-1.13e+02,-9.14e+01,1.43e+02,5.00e+01
-1.12e+02,-8.27e+01,1.42e+02,5.00e+01
-1.17e+02,-7.82e+01,1.46e+02,4.90e+01
-1.11e+02,-8.12e+01,1.46e+02,5.00e+01
-1.12e+02,-8.75e+01,1.42e+02,5.00e+01
-1.12e+02,-8.55e+01,1.43e+02,5.10e+01
-1.13e+02,-7.98e+01,1.44e+02,4.80e+01
-1.12e+02,-8.81e+01,1.45e+02,5.00e+01
-1.14e+02,-9.23e+01,1.44e+02,5.10e+01
-1.12e+02,-8.63e+01,1.42e+02,5.00e+01
-1.12e+02,-7.70e+01,1.47e+02,5.00e+01
-1.29e+02,-9.37e+01,1.44e+02,4.90e+01
-1.09e+02,-7.63e+01,1.46e+02,5.00e+01
-1.11e+02,-8.10e+01,1.43e+02,5.00e+01
-1.14e+02,-8.93e+01,1.45e+02,5.00e+01
-1.11e+02,-8.47e+01,1.43e+02,5.10e+01
-1.37e+02,-1.00e+02,1.46e+02,5.00e+01
-1.38e+02,-9.93e+01,1.42e+02,5.00e+01
-1.11e+02,-8.22e+01,1.43e+02,5.10e+01
-1.14e+02,-8.95e+01,1.47e+02,5.00e+01
-1.09e+02,-7.85e+01,1.46e+02,4.90e+01
-1.12e+02,-8.28e+01,1.44e+02,4.90e+01
-1.10e+02,-7.86e+01,1.47e+02,5.00e+01
-1.27e+02,-8.71e+01,1.46e+02,5.00e+01
-1.11e+02,-8.47e+01,1.45e+02,5.10e+01
