-2.20e+02,-6.14e+01,1.20e+01,1.10e+01
-1.42e+02,-1.05e+02,5.50e+01,2.00e+01
-1.91e+02,-9.40e+01,3.60e+01,1.70e+01
-2.02e+02,-1.08e+02,3.80e+01,1.70e+01
-1.47e+02,-9.83e+01,5.60e+01,2.00e+01
-2.20e+02,-6.33e+01,1.20e+01,1.10e+01
-2.10e+02,-5.14e+01,1.20e+01,1.10e+01
-1.48e+02,-8.86e+01,5.60e+01,2.00e+01
-2.12e+02,-5.67e+01,1.20e+01,1.10e+01
-1.91e+02,-7.98e+01,3.70e+01,1.70e+01
-1.39e+02,-1.00e+02,5.60e+01,2.00e+01
-1.91e+02,-1.05e+02,3.60e+01,1.70e+01
-2.12e+02,-5.91e+01,1.30e+01,1.10e+01
-1.41e+02,-9.19e+01,5.60e+01,2.00e+01
-2.09e+02,-1.15e+02,3.70e+01,1.70e+01
-1.90e+02,-8.57e+01,3.70e+01,1.80e+01
-2.00e+02,-8.51e+01,3.60e+01,1.70e+01
-1.45e+02,-9.91e+01,5.70e+01,2.00e+01
-2.19e+02,-5.05e+01,1.30e+01,1.10e+01
-1.36e+02,-9.60e+01,5.90e+01,2.10e+01
-2.15e+02,-9.56e+01,3.70e+01,1.80e+01
-1.91e+02,-1.02e+02,3.60e+01,1.70e+01
-2.17e+02,-5.45e+01,1.20e+01,1.10e+01
-1.47e+02,-9.64e+01,5.70e+01,2.00e+01
-1.91e+02,-7.43e+01,5.70e+01,2.10e+01
-2.07e+02,-9.92e+01,3.60e+01,1.70e+01
-2.20e+02,-5.75e+01,1.20e+01,1.10e+01
-2.19e+02,-5.96e+01,1.40e+01,1.10e+01
-1.52e+02,-1.21e+02,5.60e+01,2.00e+01
-2.20e+02,-5.73e+01,1.30e+01,1.10e+01
-2.14e+02,-5.17e+01,1.20e+01,1.10e+01
-1.95e+02,-1.02e+02,3.60e+01,1.70e+01
-1.42e+02,-1.03e+02,5.70e+01,2.10e+01
-1.48e+02,-9.08e+01,5.60e+01,2.00e+01
-2.16e+02,-5.62e+01,1.20e+01,1.10e+01
-2.23e+02,-5.75e+01,1.20e+01,1.10e+01
-1.95e+02,-9.38e+01,3.60e+01,1.70e+01
-4.89e+02,-4.33e+02,1.30e+01,1.20e+01
-1.51e+02,-1.05e+02,5.70e+01,2.00e+01
-4.87e+02,-4.54e+02,3.60e+01,1.70e+01
-2.54e+02,-9.33e+01,3.60e+01,1.70e+01
-1.96e+02,-8.85e+01,3.80e+01,1.80e+01
-2.24e+02,-6.91e+01,1.30e+01,1.20e+01
-5.00e+02,-5.00e+02,5.60e+01,2.00e+01
-2.02e+02,-8.26e+01,4.00e+01,1.80e+01
-5.00e+02,-4.99e+02,1.20e+01,1.10e+01
-2.05e+02,-1.03e+02,3.80e+01,1.70e+01
-2.18e+02,-6.74e+01,1.20e+01,1.10e+01
-2.14e+02,-5.24e+01,1.30e+01,1.10e+01
-1.44e+02,-9.52e+01,5.60e+01,2.00e+01
-5.00e+02,-5.00e+02,5.50e+01,2.00e+01
-5.00e+02,-4.99e+02,3.80e+01,1.70e+01
-1.46e+02,-9.95e+01,5.60e+01,2.00e+01
-2.09e+02,-1.16e+02,3.80e+01,1.90e+01
-4.11e+02,-2.55e+02,1.30e+01,1.10e+01
-1.49e+02,-9.80e+01,5.60e+01,2.00e+01
-2.17e+02,-5.87e+01,1.20e+01,1.10e+01
-2.13e+02,-8.55e+01,3.60e+01,1.70e+01
-4.85e+02,-4.14e+02,1.30e+01,1.20e+01
-1.54e+02,-1.20e+02,5.70e+01,2.00e+01
-3.85e+02,-1.07e+02,3.90e+01,1.70e+01
-2.13e+02,-4.55e+01,1.30e+01,1.20e+01
-2.26e+02,-6.09e+01,1.20e+01,1.10e+01
-1.46e+02,-1.12e+02,5.60e+01,2.00e+01
-1.90e+02,-7.79e+01,3.70e+01,1.70e+01
-5.00e+02,-5.00e+02,1.30e+01,1.10e+01
-1.97e+02,-1.06e+02,3.70e+01,1.80e+01
-2.15e+02,-5.82e+01,1.30e+01,1.10e+01
-2.44e+02,-9.12e+01,3.60e+01,1.70e+01
-1.45e+02,-1.07e+02,5.60e+01,2.00e+01
-1.94e+02,-9.26e+01,3.70e+01,1.80e+01
-1.55e+02,-9.81e+01,5.60e+01,2.00e+01
-1.94e+02,-9.57e+01,3.80e+01,1.70e+01
-5.00e+02,-4.99e+02,1.30e+01,1.10e+01
-1.41e+02,-9.90e+01,5.70e+01,2.00e+01
-3.88e+02,-1.26e+02,3.70e+01,1.70e+01
-2.19e+02,-5.17e+01,1.20e+01,1.10e+01
-2.20e+02,-5.32e+01,1.20e+01,1.10e+01
-1.58e+02,-1.22e+02,5.50e+01,2.00e+01
-2.15e+02,-6.05e+01,1.30e+01,1.10e+01
-4.99e+02,-4.98e+02,1.20e+01,1.10e+01
-4.96e+02,-4.75e+02,1.20e+01,1.10e+01
-1.40e+02,-9.61e+01,5.70e+01,2.10e+01
-1.98e+02,-7.58e+01,3.70e+01,1.70e+01
-1.36e+02,-9.33e+01,5.70e+01,2.00e+01
-2.40e+02,-8.35e+01,3.60e+01,1.70e+01
-3.25e+02,-1.32e+02,1.20e+01,1.10e+01
-2.68e+02,-1.23e+02,1.30e+01,1.10e+01
-2.27e+02,-6.54e+01,1.20e+01,1.10e+01
-1.83e+02,-8.46e+01,3.80e+01,1.70e+01
-1.52e+02,-1.01e+02,5.50e+01,2.00e+01
-1.46e+02,-1.07e+02,5.50e+01,2.00e+01
-5.00e+02,-5.00e+02,5.60e+01,2.00e+01
-2.12e+02,-5.68e+01,1.20e+01,1.10e+01
-2.23e+02,-5.94e+01,1.30e+01,1.10e+01
-2.33e+02,-6.84e+01,1.20e+01,1.10e+01
-1.41e+02,-9.39e+01,5.50e+01,2.00e+01
-2.12e+02,-5.69e+01,1.30e+01,1.10e+01
-2.18e+02,-6.24e+01,1.40e+01,1.10e+01
-3.88e+02,-1.24e+02,3.70e+01,1.70e+01
-3.97e+02,-2.51e+02,1.30e+01,1.10e+01
-1.95e+02,-1.12e+02,3.60e+01,1.70e+01
-2.18e+02,-6.43e+01,1.30e+01,1.10e+01
-2.01e+02,-1.15e+02,3.60e+01,1.70e+01
-2.20e+02,-6.71e+01,1.30e+01,1.10e+01
-1.96e+02,-9.86e+01,3.70e+01,1.70e+01
-5.00e+02,-5.00e+02,1.20e+01,1.10e+01
-2.59e+02,-1.09e+02,3.70e+01,1.70e+01
-2.13e+02,-5.28e+01,1.20e+01,1.10e+01
-1.48e+02,-8.50e+01,5.60e+01,2.00e+01
-3.01e+02,-8.82e+01,1.20e+01,1.10e+01
-1.87e+02,-8.36e+01,3.70e+01,1.70e+01
-2.07e+02,-1.17e+02,3.90e+01,1.70e+01
-2.20e+02,-7.01e+01,1.30e+01,1.10e+01
-5.00e+02,-4.99e+02,1.20e+01,1.10e+01
-1.43e+02,-9.50e+01,5.70e+01,2.00e+01
-1.35e+02,-9.59e+01,5.70e+01,2.00e+01
-2.20e+02,-5.85e+01,1.30e+01,1.20e+01
-1.81e+02,-9.89e+01,5.50e+01,2.00e+01
-2.03e+02,-8.98e+01,3.80e+01,1.70e+01
-1.88e+02,-8.53e+01,3.90e+01,1.70e+01
-2.01e+02,-9.95e+01,3.60e+01,1.70e+01
-5.00e+02,-5.00e+02,5.60e+01,2.00e+01
-1.92e+02,-9.80e+01,3.60e+01,1.70e+01
-3.95e+02,-1.35e+02,3.70e+01,1.70e+01
-2.19e+02,-6.34e+01,1.30e+01,1.10e+01
-2.01e+02,-8.22e+01,3.70e+01,1.70e+01
-1.65e+02,-1.02e+02,5.60e+01,2.10e+01
-1.49e+02,-9.16e+01,5.70e+01,2.00e+01
-2.20e+02,-6.50e+01,1.30e+01,1.20e+01
-2.25e+02,-6.35e+01,1.30e+01,1.20e+01
-1.44e+02,-1.09e+02,5.60e+01,2.00e+01
-2.14e+02,-5.89e+01,1.20e+01,1.10e+01
-2.07e+02,-1.14e+02,3.70e+01,1.70e+01
-1.93e+02,-1.01e+02,3.60e+01,1.70e+01
-2.18e+02,-5.58e+01,1.30e+01,1.10e+01
-2.02e+02,-8.39e+01,3.60e+01,1.70e+01
-2.23e+02,-6.99e+01,1.30e+01,1.20e+01
-1.97e+02,-9.58e+01,3.80e+01,1.70e+01
-3.33e+02,-1.09e+02,1.20e+01,1.10e+01
-3.93e+02,-1.43e+02,3.90e+01,1.70e+01
-3.60e+02,-1.49e+02,3.70e+01,1.80e+01
-1.43e+02,-9.70e+01,5.50e+01,2.00e+01
-1.98e+02,-1.04e+02,3.80e+01,1.70e+01
-1.92e+02,-7.22e+01,3.80e+01,1.80e+01
-3.19e+02,-9.40e+01,3.70e+01,1.70e+01
-5.00e+02,-4.98e+02,3.60e+01,1.70e+01
-1.97e+02,-8.86e+01,3.70e+01,1.70e+01
-1.66e+02,-9.57e+01,5.60e+01,2.00e+01
-2.78e+02,-1.22e+02,5.60e+01,2.00e+01
-2.14e+02,-5.13e+01,1.30e+01,1.10e+01
-1.60e+02,-1.16e+02,5.60e+01,2.00e+01
-2.16e+02,-6.51e+01,1.30e+01,1.10e+01
-2.15e+02,-4.84e+01,1.20e+01,1.10e+01
-2.13e+02,-5.52e+01,1.20e+01,1.10e+01
-2.17e+02,-5.74e+01,1.30e+01,1.20e+01
-5.00e+02,-5.00e+02,3.60e+01,1.70e+01
-2.18e+02,-6.07e+01,1.30e+01,1.20e+01
-1.89e+02,-1.06e+02,3.70e+01,1.70e+01
-1.93e+02,-9.94e+01,3.60e+01,1.70e+01
-2.47e+02,-1.05e+02,3.90e+01,1.70e+01
-5.00e+02,-5.00e+02,1.20e+01,1.10e+01
-1.89e+02,-9.35e+01,3.70e+01,1.70e+01
-5.00e+02,-5.00e+02,1.20e+01,1.10e+01
-2.18e+02,-5.95e+01,1.20e+01,1.10e+01
-2.14e+02,-5.01e+01,1.20e+01,1.10e+01
-4.94e+02,-4.67e+02,1.30e+01,1.20e+01
-2.16e+02,-5.98e+01,1.30e+01,1.20e+01
-5.00e+02,-5.00e+02,5.70e+01,2.00e+01
-2.21e+02,-6.59e+01,1.30e+01,1.10e+01
-1.52e+02,-1.02e+02,5.50e+01,2.00e+01
-1.90e+02,-9.47e+01,3.80e+01,1.70e+01
-5.00e+02,-5.00e+02,1.30e+01,1.10e+01
-2.15e+02,-1.17e+02,3.60e+01,1.70e+01
-1.52e+02,-1.03e+02,5.50e+01,2.00e+01
-2.19e+02,-6.85e+01,1.20e+01,1.10e+01
-2.18e+02,-5.66e+01,1.20e+01,1.10e+01
-1.64e+02,-9.22e+01,5.70e+01,2.00e+01
-2.14e+02,-6.00e+01,1.20e+01,1.10e+01
-1.39e+02,-9.99e+01,5.70e+01,2.00e+01
-1.99e+02,-9.81e+01,3.60e+01,1.70e+01
-1.45e+02,-1.05e+02,5.70e+01,2.10e+01
-1.47e+02,-1.05e+02,5.60e+01,2.00e+01
-2.19e+02,-5.73e+01,1.20e+01,1.10e+01
-1.41e+02,-1.01e+02,5.60e+01,2.00e+01
-2.16e+02,-6.13e+01,1.20e+01,1.10e+01
-3.89e+02,-1.45e+02,5.70e+01,2.00e+01
-1.67e+02,-1.05e+02,5.60e+01,2.00e+01
-1.87e+02,-1.01e+02,3.60e+01,1.70e+01
-5.00e+02,-5.00e+02,1.30e+01,1.10e+01
-4.39e+02,-2.54e+02,1.20e+01,1.10e+01
-1.91e+02,-9.02e+01,3.70e+01,1.70e+01
