-1.37e+02,-8.40e+01,1.05e+02,3.20e+01
-1.57e+02,-6.35e+01,7.20e+01,2.00e+01
-1.60e+02,-6.25e+01,7.40e+01,2.10e+01
-1.62e+02,-6.54e+01,7.30e+01,2.00e+01
-1.52e+02,-8.45e+01,1.07e+02,3.30e+01
-1.68e+02,-7.98e+01,7.20e+01,2.00e+01
-1.29e+02,-8.92e+01,1.05e+02,3.20e+01
-1.55e+02,-6.59e+01,7.40e+01,2.10e+01
-1.49e+02,-1.06e+02,1.06e+02,3.20e+01
-1.62e+02,-6.75e+01,7.30e+01,2.10e+01
-1.27e+02,-6.83e+01,1.07e+02,3.20e+01
-1.59e+02,-5.54e+01,7.20e+01,2.00e+01
-1.31e+02,-9.49e+01,1.05e+02,3.20e+01
-1.62e+02,-6.63e+01,7.30e+01,2.00e+01
-1.42e+02,-9.58e+01,1.06e+02,3.20e+01
-1.40e+02,-8.70e+01,1.07e+02,3.40e+01
-1.62e+02,-6.37e+01,7.20e+01,2.00e+01
-1.38e+02,-1.03e+02,1.05e+02,3.20e+01
-1.49e+02,-6.42e+01,7.30e+01,2.00e+01
-1.27e+02,-7.80e+01,1.06e+02,3.20e+01
-1.40e+02,-8.99e+01,1.08e+02,3.30e+01
-1.75e+02,-8.30e+01,7.20e+01,2.00e+01
-1.17e+02,-7.92e+01,1.05e+02,3.20e+01
-1.63e+02,-7.84e+01,7.40e+01,2.10e+01
-1.18e+02,-7.73e+01,1.06e+02,3.20e+01
-1.35e+02,-8.24e+01,1.07e+02,3.20e+01
-1.56e+02,-5.79e+01,7.30e+01,2.00e+01
-1.28e+02,-7.16e+01,1.08e+02,3.30e+01
-1.57e+02,-6.45e+01,7.20e+01,2.00e+01
-1.32e+02,-9.05e+01,1.06e+02,3.20e+01
-1.57e+02,-6.58e+01,7.40e+01,2.00e+01
-2.37e+02,-9.98e+01,1.05e+02,3.20e+01
-1.46e+02,-8.88e+01,1.06e+02,3.20e+01
-1.43e+02,-9.56e+01,1.08e+02,3.30e+01
-3.19e+02,-1.44e+02,1.05e+02,3.20e+01
-1.59e+02,-6.62e+01,7.40e+01,2.10e+01
-1.48e+02,-6.00e+01,7.40e+01,2.10e+01
-1.57e+02,-7.31e+01,7.50e+01,2.10e+01
-1.54e+02,-5.84e+01,7.30e+01,2.10e+01
-4.01e+02,-1.64e+02,1.05e+02,3.20e+01
-1.70e+02,-5.95e+01,7.20e+01,2.00e+01
-1.34e+02,-8.19e+01,1.05e+02,3.20e+01
-2.11e+02,-7.51e+01,7.40e+01,2.10e+01
-1.21e+02,-8.30e+01,1.05e+02,3.20e+01
-5.00e+02,-5.00e+02,1.06e+02,3.20e+01
-1.34e+02,-8.99e+01,1.06e+02,3.20e+01
-1.66e+02,-8.23e+01,7.30e+01,2.00e+01
-1.63e+02,-8.00e+01,7.30e+01,2.00e+01
-1.28e+02,-9.15e+01,1.06e+02,3.20e+01
-1.28e+02,-9.74e+01,1.07e+02,3.30e+01
-2.03e+02,-7.82e+01,7.40e+01,2.10e+01
-1.36e+02,-9.83e+01,1.07e+02,3.30e+01
-1.21e+02,-7.67e+01,1.07e+02,3.30e+01
-1.36e+02,-8.69e+01,1.05e+02,3.20e+01
-1.53e+02,-4.83e+01,7.30e+01,2.00e+01
-1.68e+02,-5.76e+01,7.20e+01,2.00e+01
-1.18e+02,-8.33e+01,1.08e+02,3.30e+01
-1.53e+02,-4.52e+01,7.40e+01,2.10e+01
-1.21e+02,-8.39e+01,1.07e+02,3.20e+01
-3.81e+02,-8.91e+01,1.07e+02,3.20e+01
-1.96e+02,-9.40e+01,7.30e+01,2.00e+01
-1.52e+02,-6.79e+01,7.50e+01,2.20e+01
-1.68e+02,-5.95e+01,7.40e+01,2.10e+01
-1.55e+02,-5.51e+01,7.20e+01,2.00e+01
-2.83e+02,-1.06e+02,7.30e+01,2.00e+01
-1.60e+02,-7.07e+01,7.30e+01,2.00e+01
-1.61e+02,-5.34e+01,7.20e+01,2.00e+01
-1.59e+02,-5.39e+01,7.40e+01,2.10e+01
-1.63e+02,-7.90e+01,7.20e+01,2.00e+01
-1.28e+02,-8.87e+01,1.06e+02,3.30e+01
-1.55e+02,-5.78e+01,7.40e+01,2.10e+01
-2.17e+02,-1.04e+02,1.05e+02,3.20e+01
-3.73e+02,-1.04e+02,7.40e+01,2.00e+01
-5.00e+02,-5.00e+02,7.40e+01,2.10e+01
-1.64e+02,-7.96e+01,7.30e+01,2.10e+01
-5.00e+02,-5.00e+02,1.05e+02,3.20e+01
-1.30e+02,-7.77e+01,1.06e+02,3.20e+01
-1.53e+02,-6.33e+01,7.50e+01,2.20e+01
-1.79e+02,-6.40e+01,7.40e+01,2.10e+01
-1.22e+02,-7.75e+01,1.07e+02,3.20e+01
-1.20e+02,-8.00e+01,1.06e+02,3.20e+01
-1.23e+02,-8.10e+01,1.08e+02,3.20e+01
-2.88e+02,-1.02e+02,7.40e+01,2.10e+01
-1.59e+02,-6.40e+01,7.40e+01,2.10e+01
-1.83e+02,-6.07e+01,7.30e+01,2.00e+01
-1.53e+02,-6.19e+01,7.40e+01,2.10e+01
-1.32e+02,-7.13e+01,1.08e+02,3.30e+01
-1.35e+02,-8.26e+01,1.06e+02,3.20e+01
-1.51e+02,-5.47e+01,7.30e+01,2.10e+01
-1.42e+02,-8.89e+01,1.05e+02,3.20e+01
-1.70e+02,-6.03e+01,7.30e+01,2.00e+01
-1.24e+02,-7.98e+01,1.06e+02,3.20e+01
-1.22e+02,-8.77e+01,1.05e+02,3.20e+01
-3.31e+02,-1.27e+02,7.30e+01,2.00e+01
-1.41e+02,-1.01e+02,1.08e+02,3.30e+01
-1.57e+02,-6.34e+01,7.40e+01,2.10e+01
-1.51e+02,-5.71e+01,7.20e+01,2.00e+01
-1.17e+02,-7.57e+01,1.09e+02,3.30e+01
-1.58e+02,-6.75e+01,7.50e+01,2.10e+01
-1.55e+02,-1.08e+02,1.05e+02,3.20e+01
-1.60e+02,-7.44e+01,7.50e+01,2.10e+01
-1.76e+02,-5.78e+01,7.30e+01,2.00e+01
-1.32e+02,-7.63e+01,1.06e+02,3.20e+01
-1.55e+02,-5.52e+01,7.50e+01,2.10e+01
-1.61e+02,-6.07e+01,7.50e+01,2.10e+01
-2.37e+02,-7.11e+01,1.06e+02,3.30e+01
-1.31e+02,-8.36e+01,1.05e+02,3.20e+01
-1.16e+02,-8.07e+01,1.05e+02,3.20e+01
-1.34e+02,-7.67e+01,1.08e+02,3.40e+01
-1.43e+02,-8.17e+01,1.06e+02,3.20e+01
-1.37e+02,-8.79e+01,1.05e+02,3.20e+01
-1.43e+02,-1.13e+02,1.06e+02,3.20e+01
-1.19e+02,-8.05e+01,1.06e+02,3.20e+01
-1.52e+02,-6.30e+01,7.40e+01,2.10e+01
-1.23e+02,-7.66e+01,1.05e+02,3.20e+01
-1.40e+02,-9.22e+01,1.07e+02,3.30e+01
-1.53e+02,-7.01e+01,7.20e+01,2.00e+01
-1.33e+02,-9.57e+01,1.07e+02,3.20e+01
-1.50e+02,-5.95e+01,7.50e+01,2.10e+01
-1.63e+02,-5.57e+01,7.30e+01,2.10e+01
-1.28e+02,-8.65e+01,1.05e+02,3.20e+01
-1.75e+02,-7.37e+01,7.40e+01,2.10e+01
-1.32e+02,-7.89e+01,1.05e+02,3.20e+01
-1.72e+02,-6.65e+01,7.50e+01,2.10e+01
-1.15e+02,-6.93e+01,1.06e+02,3.20e+01
-1.64e+02,-6.12e+01,7.40e+01,2.00e+01
-1.29e+02,-9.59e+01,1.06e+02,3.20e+01
-1.24e+02,-8.47e+01,1.06e+02,3.20e+01
-1.61e+02,-7.45e+01,7.20e+01,2.00e+01
-1.87e+02,-7.27e+01,7.30e+01,2.10e+01
-1.50e+02,-1.23e+02,1.05e+02,3.20e+01
-1.57e+02,-7.01e+01,7.50e+01,2.10e+01
-1.24e+02,-8.51e+01,1.06e+02,3.20e+01
-1.52e+02,-6.08e+01,7.50e+01,2.20e+01
-1.62e+02,-7.25e+01,7.40e+01,2.10e+01
-1.66e+02,-5.20e+01,7.30e+01,2.00e+01
-1.61e+02,-5.64e+01,7.40e+01,2.00e+01
-1.22e+02,-6.32e+01,1.05e+02,3.20e+01
-1.38e+02,-8.73e+01,1.07e+02,3.20e+01
-5.00e+02,-5.00e+02,7.40e+01,2.00e+01
-1.61e+02,-7.65e+01,7.60e+01,2.20e+01
-1.33e+02,-8.55e+01,1.07e+02,3.40e+01
-1.50e+02,-5.92e+01,7.40e+01,2.10e+01
-5.00e+02,-5.00e+02,7.30e+01,2.00e+01
-1.64e+02,-6.45e+01,7.50e+01,2.20e+01
-1.27e+02,-8.25e+01,1.08e+02,3.30e+01
-3.82e+02,-1.45e+02,7.30e+01,2.00e+01
-1.60e+02,-6.58e+01,7.40e+01,2.00e+01
-1.67e+02,-6.28e+01,7.40e+01,2.10e+01
-1.59e+02,-5.25e+01,7.30e+01,2.00e+01
-1.13e+02,-8.02e+01,1.06e+02,3.20e+01
-1.56e+02,-5.86e+01,7.40e+01,2.10e+01
-1.74e+02,-6.34e+01,7.40e+01,2.10e+01
-3.76e+02,-2.83e+02,1.06e+02,3.20e+01
-1.59e+02,-5.56e+01,7.40e+01,2.10e+01
-2.62e+02,-1.01e+02,1.06e+02,3.20e+01
-1.29e+02,-7.24e+01,1.05e+02,3.20e+01
-1.55e+02,-5.00e+01,7.30e+01,2.00e+01
-1.54e+02,-6.04e+01,7.50e+01,2.10e+01
-1.64e+02,-6.49e+01,7.30e+01,2.00e+01
-1.54e+02,-6.26e+01,7.30e+01,2.00e+01
-1.59e+02,-6.52e+01,7.50e+01,2.20e+01
-1.65e+02,-6.01e+01,7.60e+01,2.20e+01
-1.61e+02,-7.25e+01,7.50e+01,2.10e+01
-3.46e+02,-1.76e+02,7.30e+01,2.00e+01
-1.19e+02,-6.98e+01,1.06e+02,3.20e+01
-1.63e+02,-5.50e+01,7.20e+01,2.00e+01
-1.37e+02,-7.81e+01,1.05e+02,3.20e+01
-1.58e+02,-6.87e+01,7.50e+01,2.10e+01
-1.55e+02,-7.11e+01,7.40e+01,2.00e+01
-1.34e+02,-7.92e+01,1.05e+02,3.20e+01
-1.32e+02,-7.79e+01,1.05e+02,3.20e+01
-1.37e+02,-7.24e+01,1.06e+02,3.20e+01
-1.57e+02,-6.30e+01,7.50e+01,2.10e+01
-1.41e+02,-1.12e+02,1.07e+02,3.30e+01
-1.23e+02,-8.51e+01,1.08e+02,3.20e+01
-1.56e+02,-5.20e+01,7.30e+01,2.00e+01
-5.00e+02,-5.00e+02,1.07e+02,3.30e+01
-1.59e+02,-6.96e+01,7.20e+01,2.00e+01
-1.26e+02,-7.26e+01,1.05e+02,3.20e+01
-1.22e+02,-8.48e+01,1.07e+02,3.30e+01
-1.87e+02,-7.00e+01,7.20e+01,2.00e+01
-1.98e+02,-8.10e+01,7.30e+01,2.00e+01
-1.28e+02,-9.70e+01,1.05e+02,3.20e+01
-1.48e+02,-1.06e+02,1.06e+02,3.20e+01
-1.54e+02,-6.09e+01,7.40e+01,2.10e+01
-1.67e+02,-6.59e+01,7.30e+01,2.00e+01
-1.57e+02,-5.95e+01,7.40e+01,2.00e+01
-2.94e+02,-1.64e+02,1.06e+02,3.20e+01
-1.64e+02,-6.92e+01,7.40e+01,2.10e+01
-1.91e+02,-1.09e+02,1.05e+02,3.20e+01
-1.48e+02,-8.24e+01,1.07e+02,3.30e+01
