-1.43e+02,-5.18e+01,1.07e+02,2.60e+01
-1.24e+02,-9.90e+01,1.37e+02,3.60e+01
-1.19e+02,-6.52e+01,1.37e+02,3.60e+01
-1.49e+02,-5.40e+01,1.09e+02,2.50e+01
-1.21e+02,-9.15e+01,1.35e+02,3.50e+01
-1.50e+02,-4.98e+01,1.06e+02,2.50e+01
-1.20e+02,-8.76e+01,1.35e+02,3.50e+01
-1.47e+02,-5.79e+01,1.09e+02,2.50e+01
-1.64e+02,-5.46e+01,1.06e+02,2.50e+01
-1.28e+02,-8.03e+01,1.37e+02,3.50e+01
-1.33e+02,-8.59e+01,1.35e+02,3.50e+01
-1.41e+02,-5.63e+01,1.08e+02,2.50e+01
-1.29e+02,-7.79e+01,1.38e+02,3.70e+01
-1.17e+02,-8.28e+01,1.36e+02,3.50e+01
-1.57e+02,-6.68e+01,1.09e+02,2.50e+01
-1.59e+02,-5.26e+01,1.07e+02,2.50e+01
-1.49e+02,-5.27e+01,1.08e+02,2.50e+01
-1.42e+02,-5.36e+01,1.08e+02,2.50e+01
-1.54e+02,-4.95e+01,1.07e+02,2.50e+01
-1.47e+02,-6.06e+01,1.07e+02,2.50e+01
-1.28e+02,-7.83e+01,1.37e+02,3.60e+01
-1.25e+02,-8.14e+01,1.37e+02,3.50e+01
-1.48e+02,-5.86e+01,1.08e+02,2.50e+01
-1.51e+02,-6.18e+01,1.09e+02,2.50e+01
-1.48e+02,-5.15e+01,1.07e+02,2.50e+01
-1.54e+02,-8.02e+01,1.36e+02,3.50e+01
-1.35e+02,-6.78e+01,1.38e+02,3.70e+01
-1.26e+02,-7.38e+01,1.37e+02,3.50e+01
-1.24e+02,-8.05e+01,1.37e+02,3.60e+01
-1.61e+02,-6.22e+01,1.09e+02,2.50e+01
-2.92e+02,-1.07e+02,1.36e+02,3.50e+01
-1.45e+02,-5.17e+01,1.08e+02,2.50e+01
-1.29e+02,-7.09e+01,1.36e+02,3.50e+01
-1.50e+02,-6.24e+01,1.10e+02,2.50e+01
-1.97e+02,-8.10e+01,1.09e+02,2.50e+01
-1.50e+02,-6.64e+01,1.07e+02,2.50e+01
-1.35e+02,-7.36e+01,1.39e+02,3.70e+01
-1.50e+02,-8.78e+01,1.35e+02,3.50e+01
-5.00e+02,-5.00e+02,1.09e+02,2.50e+01
-1.51e+02,-5.94e+01,1.09e+02,2.50e+01
-1.49e+02,-6.31e+01,1.09e+02,2.60e+01
-1.38e+02,-9.20e+01,1.37e+02,3.60e+01
-1.55e+02,-5.98e+01,1.06e+02,2.50e+01
-1.65e+02,-5.71e+01,1.09e+02,2.50e+01
-1.96e+02,-1.20e+02,1.09e+02,2.50e+01
-1.13e+02,-8.65e+01,1.37e+02,3.60e+01
-1.23e+02,-6.71e+01,1.38e+02,3.50e+01
-1.49e+02,-6.42e+01,1.09e+02,2.50e+01
-1.64e+02,-6.78e+01,1.07e+02,2.50e+01
-1.55e+02,-6.02e+01,1.06e+02,2.50e+01
-1.19e+02,-7.74e+01,1.39e+02,3.60e+01
-1.37e+02,-8.83e+01,1.38e+02,3.60e+01
-1.16e+02,-8.35e+01,1.36e+02,3.50e+01
-1.49e+02,-5.93e+01,1.08e+02,2.60e+01
-1.52e+02,-6.52e+01,1.09e+02,2.50e+01
-1.51e+02,-5.51e+01,1.10e+02,2.50e+01
-1.29e+02,-8.09e+01,1.38e+02,3.60e+01
-3.33e+02,-1.51e+02,1.08e+02,2.50e+01
-1.26e+02,-1.05e+02,1.36e+02,3.60e+01
-1.33e+02,-8.76e+01,1.38e+02,3.70e+01
-1.43e+02,-5.37e+01,1.09e+02,2.50e+01
-1.49e+02,-5.97e+01,1.09e+02,2.50e+01
-1.76e+02,-7.64e+01,1.07e+02,2.50e+01
-1.65e+02,-6.18e+01,1.08e+02,2.60e+01
-1.11e+02,-7.61e+01,1.38e+02,3.50e+01
-1.51e+02,-6.47e+01,1.08e+02,2.60e+01
-1.52e+02,-5.28e+01,1.07e+02,2.50e+01
-1.34e+02,-9.42e+01,1.36e+02,3.60e+01
-1.19e+02,-8.53e+01,1.37e+02,3.60e+01
-1.54e+02,-5.47e+01,1.07e+02,2.60e+01
-2.55e+02,-8.63e+01,1.38e+02,3.70e+01
-1.56e+02,-5.67e+01,1.07e+02,2.50e+01
-1.25e+02,-9.45e+01,1.37e+02,3.60e+01
-1.70e+02,-7.41e+01,1.09e+02,2.50e+01
-1.57e+02,-7.55e+01,1.10e+02,2.50e+01
-1.50e+02,-6.63e+01,1.08e+02,2.60e+01
-1.97e+02,-7.49e+01,1.06e+02,2.50e+01
-1.36e+02,-8.85e+01,1.38e+02,3.60e+01
-1.26e+02,-9.85e+01,1.35e+02,3.50e+01
-1.39e+02,-1.06e+02,1.35e+02,3.50e+01
-1.28e+02,-6.45e+01,1.35e+02,3.50e+01
-1.31e+02,-1.07e+02,1.36e+02,3.50e+01
-1.36e+02,-1.04e+02,1.38e+02,3.60e+01
-1.43e+02,-1.04e+02,1.35e+02,3.50e+01
-1.18e+02,-7.66e+01,1.36e+02,3.50e+01
-1.59e+02,-6.23e+01,1.07e+02,2.60e+01
-2.37e+02,-1.01e+02,1.38e+02,3.60e+01
-1.48e+02,-6.07e+01,1.08e+02,2.50e+01
-1.25e+02,-7.68e+01,1.35e+02,3.50e+01
-1.21e+02,-7.76e+01,1.35e+02,3.50e+01
-1.53e+02,-6.40e+01,1.07e+02,2.60e+01
-1.33e+02,-9.12e+01,1.37e+02,3.60e+01
-1.18e+02,-8.54e+01,1.39e+02,3.70e+01
-1.19e+02,-7.46e+01,1.36e+02,3.50e+01
-1.18e+02,-7.29e+01,1.38e+02,3.60e+01
-1.52e+02,-4.90e+01,1.07e+02,2.50e+01
-1.51e+02,-6.64e+01,1.06e+02,2.50e+01
-5.00e+02,-5.00e+02,1.36e+02,3.50e+01
-1.47e+02,-6.40e+01,1.08e+02,2.60e+01
-3.19e+02,-9.16e+01,1.38e+02,3.60e+01
-1.19e+02,-7.63e+01,1.35e+02,3.50e+01
-1.33e+02,-9.67e+01,1.38e+02,3.60e+01
-1.34e+02,-6.36e+01,1.37e+02,3.60e+01
-4.62e+02,-2.75e+02,1.35e+02,3.50e+01
-1.43e+02,-1.22e+02,1.37e+02,3.60e+01
-1.47e+02,-5.65e+01,1.08e+02,2.50e+01
-1.84e+02,-7.99e+01,1.08e+02,2.50e+01
-1.53e+02,-5.97e+01,1.07e+02,2.60e+01
-1.68e+02,-5.54e+01,1.07e+02,2.60e+01
-4.59e+02,-2.57e+02,1.37e+02,3.60e+01
-1.40e+02,-8.80e+01,1.35e+02,3.50e+01
-1.53e+02,-4.85e+01,1.09e+02,2.50e+01
-1.27e+02,-8.38e+01,1.35e+02,3.50e+01
-1.26e+02,-8.28e+01,1.37e+02,3.60e+01
-1.31e+02,-7.71e+01,1.38e+02,3.60e+01
-1.51e+02,-6.77e+01,1.08e+02,2.70e+01
-1.45e+02,-5.28e+01,1.09e+02,2.50e+01
-1.18e+02,-7.61e+01,1.38e+02,3.60e+01
-2.43e+02,-1.75e+02,1.37e+02,3.60e+01
-1.61e+02,-6.81e+01,1.10e+02,2.50e+01
-1.27e+02,-8.96e+01,1.39e+02,3.70e+01
-1.21e+02,-8.98e+01,1.38e+02,3.60e+01
-1.48e+02,-5.82e+01,1.07e+02,2.50e+01
-1.49e+02,-6.19e+01,1.09e+02,2.50e+01
-1.49e+02,-6.26e+01,1.08e+02,2.50e+01
-1.51e+02,-7.16e+01,1.06e+02,2.50e+01
-1.28e+02,-8.32e+01,1.38e+02,3.60e+01
-1.35e+02,-8.43e+01,1.37e+02,3.60e+01
-1.45e+02,-5.50e+01,1.06e+02,2.50e+01
-1.24e+02,-7.55e+01,1.38e+02,3.60e+01
-5.00e+02,-5.00e+02,1.08e+02,2.60e+01
-1.55e+02,-7.41e+01,1.09e+02,2.50e+01
-1.55e+02,-6.01e+01,1.07e+02,2.50e+01
-1.51e+02,-5.70e+01,1.06e+02,2.50e+01
-3.14e+02,-7.63e+01,1.36e+02,3.50e+01
-5.00e+02,-5.00e+02,1.10e+02,2.50e+01
-1.30e+02,-8.71e+01,1.38e+02,3.60e+01
-1.50e+02,-7.22e+01,1.10e+02,2.50e+01
-5.00e+02,-5.00e+02,1.09e+02,2.50e+01
-1.40e+02,-1.02e+02,1.38e+02,3.60e+01
-1.47e+02,-5.48e+01,1.10e+02,2.50e+01
-1.18e+02,-7.94e+01,1.39e+02,3.80e+01
-1.52e+02,-6.04e+01,1.08e+02,2.60e+01
-3.37e+02,-1.37e+02,1.08e+02,2.60e+01
-1.13e+02,-7.72e+01,1.38e+02,3.60e+01
-1.30e+02,-8.49e+01,1.37e+02,3.60e+01
-1.53e+02,-5.66e+01,1.06e+02,2.50e+01
-1.16e+02,-8.78e+01,1.37e+02,3.60e+01
-1.53e+02,-5.53e+01,1.07e+02,2.60e+01
-1.33e+02,-7.86e+01,1.37e+02,3.60e+01
-3.23e+02,-1.52e+02,1.07e+02,2.60e+01
-1.36e+02,-9.89e+01,1.36e+02,3.50e+01
-2.83e+02,-1.48e+02,1.37e+02,3.60e+01
-3.24e+02,-1.06e+02,1.38e+02,3.60e+01
-1.54e+02,-6.53e+01,1.07e+02,2.60e+01
-1.31e+02,-1.02e+02,1.38e+02,3.60e+01
-1.20e+02,-8.16e+01,1.35e+02,3.50e+01
-3.73e+02,-8.11e+01,1.36e+02,3.50e+01
-1.50e+02,-6.22e+01,1.07e+02,2.60e+01
-1.47e+02,-6.20e+01,1.10e+02,2.50e+01
-1.27e+02,-1.00e+02,1.35e+02,3.50e+01
-1.25e+02,-7.57e+01,1.37e+02,3.50e+01
-1.27e+02,-9.95e+01,1.37e+02,3.60e+01
-1.52e+02,-5.33e+01,1.07e+02,2.60e+01
-5.00e+02,-5.00e+02,1.37e+02,3.50e+01
-1.15e+02,-7.35e+01,1.37e+02,3.60e+01
-1.49e+02,-7.73e+01,1.37e+02,3.60e+01
-1.25e+02,-9.62e+01,1.38e+02,3.50e+01
-1.48e+02,-5.66e+01,1.10e+02,2.50e+01
-1.48e+02,-5.82e+01,1.08e+02,2.60e+01
-1.19e+02,-7.78e+01,1.37e+02,3.60e+01
-1.26e+02,-1.01e+02,1.38e+02,3.60e+01
-1.51e+02,-6.05e+01,1.09e+02,2.50e+01
-1.53e+02,-6.67e+01,1.06e+02,2.50e+01
-1.18e+02,-7.16e+01,1.37e+02,3.50e+01
-2.80e+02,-1.50e+02,1.35e+02,3.50e+01
-1.37e+02,-7.80e+01,1.35e+02,3.50e+01
-1.63e+02,-5.34e+01,1.06e+02,2.50e+01
-1.21e+02,-7.47e+01,1.39e+02,3.60e+01
-1.43e+02,-5.98e+01,1.08e+02,2.50e+01
-1.50e+02,-5.76e+01,1.07e+02,2.50e+01
-1.52e+02,-6.26e+01,1.09e+02,2.50e+01
-1.28e+02,-1.01e+02,1.37e+02,3.60e+01
-1.30e+02,-8.34e+01,1.36e+02,3.50e+01
-1.51e+02,-6.31e+01,1.10e+02,2.50e+01
-1.57e+02,-6.89e+01,1.10e+02,2.50e+01
-1.47e+02,-5.28e+01,1.08e+02,2.60e+01
-1.54e+02,-5.86e+01,1.08e+02,2.60e+01
-5.00e+02,-5.00e+02,1.07e+02,2.60e+01
-1.23e+02,-8.42e+01,1.35e+02,3.50e+01
-1.15e+02,-7.97e+01,1.38e+02,3.60e+01
-1.19e+02,-7.54e+01,1.38e+02,3.70e+01
