-8.94e+01,-8.41e+01,6.20e+01,3.00e+01
-9.84e+01,-8.45e+01,5.40e+01,2.90e+01
-9.65e+01,-7.85e+01,5.50e+01,2.90e+01
-8.69e+01,-7.37e+01,6.30e+01,3.10e+01
-9.01e+01,-8.20e+01,5.40e+01,2.90e+01
-9.34e+01,-7.91e+01,6.00e+01,3.00e+01
-1.01e+02,-9.17e+01,5.50e+01,3.00e+01
-9.60e+01,-7.98e+01,5.60e+01,3.00e+01
-9.08e+01,-8.45e+01,6.30e+01,3.10e+01
-9.34e+01,-8.33e+01,5.40e+01,2.90e+01
-9.20e+01,-8.41e+01,6.00e+01,3.00e+01
-9.20e+01,-8.36e+01,5.50e+01,2.90e+01
-1.06e+02,-9.89e+01,5.60e+01,3.00e+01
-9.54e+01,-7.98e+01,6.30e+01,3.10e+01
-9.72e+01,-7.80e+01,5.40e+01,2.90e+01
-1.05e+02,-9.71e+01,5.70e+01,3.00e+01
-9.64e+01,-8.91e+01,5.50e+01,3.00e+01
-9.08e+01,-7.82e+01,6.40e+01,3.00e+01
-1.05e+02,-9.41e+01,5.40e+01,2.90e+01
-9.73e+01,-8.19e+01,5.50e+01,3.00e+01
-9.21e+01,-7.96e+01,5.40e+01,2.90e+01
-9.39e+01,-8.45e+01,6.30e+01,3.00e+01
-8.99e+01,-8.20e+01,6.00e+01,3.00e+01
-1.02e+02,-7.96e+01,5.50e+01,2.90e+01
-9.38e+01,-7.83e+01,5.60e+01,3.00e+01
-9.02e+01,-7.71e+01,6.40e+01,3.10e+01
-9.85e+01,-8.92e+01,5.60e+01,3.10e+01
-1.04e+02,-8.06e+01,6.00e+01,3.00e+01
-9.50e+01,-8.84e+01,6.00e+01,3.00e+01
-9.10e+01,-7.91e+01,5.40e+01,2.90e+01
-9.79e+01,-8.53e+01,5.80e+01,3.10e+01
-9.91e+01,-7.96e+01,5.70e+01,3.00e+01
-9.80e+01,-8.66e+01,5.40e+01,2.90e+01
-1.79e+02,-1.61e+02,5.60e+01,3.00e+01
-9.63e+01,-8.47e+01,5.40e+01,2.90e+01
-9.51e+01,-8.35e+01,5.70e+01,3.00e+01
-9.48e+01,-7.83e+01,6.30e+01,3.10e+01
-9.98e+01,-8.86e+01,5.70e+01,3.00e+01
-9.57e+01,-8.77e+01,5.40e+01,2.90e+01
-8.96e+01,-7.66e+01,5.70e+01,3.00e+01
-9.20e+01,-8.17e+01,6.20e+01,3.10e+01
-9.54e+01,-8.65e+01,5.40e+01,2.90e+01
-8.75e+01,-8.01e+01,6.20e+01,3.00e+01
-9.81e+01,-8.21e+01,6.30e+01,3.10e+01
-1.01e+02,-8.19e+01,6.40e+01,3.10e+01
-1.05e+02,-8.28e+01,5.70e+01,3.10e+01
-1.05e+02,-8.97e+01,5.60e+01,3.10e+01
-9.45e+01,-7.41e+01,5.50e+01,3.00e+01
-1.05e+02,-8.68e+01,5.50e+01,2.90e+01
-9.67e+01,-8.63e+01,6.10e+01,3.00e+01
-9.66e+01,-8.21e+01,6.40e+01,3.20e+01
-9.80e+01,-8.54e+01,5.60e+01,3.00e+01
-9.99e+01,-8.34e+01,5.40e+01,2.90e+01
-1.00e+02,-8.70e+01,5.50e+01,2.90e+01
-9.80e+01,-8.71e+01,6.00e+01,3.00e+01
-1.74e+02,-1.44e+02,6.20e+01,3.00e+01
-9.50e+01,-8.89e+01,6.20e+01,3.00e+01
-9.57e+01,-8.23e+01,6.00e+01,3.00e+01
-9.93e+01,-7.93e+01,6.50e+01,3.00e+01
-9.78e+01,-8.38e+01,6.30e+01,3.10e+01
-8.80e+01,-7.80e+01,6.00e+01,3.00e+01
-9.75e+01,-8.65e+01,5.70e+01,3.10e+01
-1.00e+02,-8.72e+01,5.60e+01,2.90e+01
-9.96e+01,-8.90e+01,5.50e+01,2.90e+01
-8.76e+01,-7.75e+01,6.30e+01,3.10e+01
-9.43e+01,-7.79e+01,5.50e+01,2.90e+01
-9.08e+01,-8.24e+01,6.40e+01,3.10e+01
-9.08e+01,-8.09e+01,5.60e+01,3.00e+01
-9.70e+01,-8.54e+01,5.40e+01,2.90e+01
-9.06e+01,-7.82e+01,6.20e+01,3.00e+01
-9.37e+01,-7.89e+01,5.60e+01,2.90e+01
-8.70e+01,-7.64e+01,6.50e+01,3.20e+01
-1.03e+02,-9.68e+01,5.50e+01,3.00e+01
-9.61e+01,-8.62e+01,5.80e+01,3.10e+01
-9.73e+01,-8.38e+01,6.50e+01,3.20e+01
-9.54e+01,-7.63e+01,5.50e+01,3.00e+01
-1.04e+02,-8.39e+01,5.50e+01,2.90e+01
-9.72e+01,-7.50e+01,5.50e+01,3.00e+01
-8.65e+01,-7.87e+01,5.50e+01,2.90e+01
-9.28e+01,-7.51e+01,6.10e+01,3.00e+01
-9.50e+01,-8.12e+01,6.20e+01,3.00e+01
-1.01e+02,-8.66e+01,5.40e+01,2.90e+01
-1.87e+02,-1.36e+02,5.50e+01,2.90e+01
-1.00e+02,-7.71e+01,5.40e+01,2.90e+01
-9.53e+01,-8.39e+01,5.70e+01,3.00e+01
-1.05e+02,-9.45e+01,6.40e+01,3.10e+01
-1.84e+02,-1.24e+02,5.60e+01,2.90e+01
-8.89e+01,-7.87e+01,6.40e+01,3.00e+01
-9.63e+01,-8.29e+01,6.30e+01,3.10e+01
-1.00e+02,-9.52e+01,5.60e+01,2.90e+01
-9.14e+01,-7.80e+01,6.40e+01,3.20e+01
-9.30e+01,-8.62e+01,6.20e+01,3.00e+01
-1.00e+02,-9.10e+01,6.50e+01,3.20e+01
-9.58e+01,-8.23e+01,5.80e+01,3.10e+01
-9.41e+01,-8.72e+01,5.50e+01,3.00e+01
-1.58e+02,-1.50e+02,5.40e+01,2.90e+01
-9.50e+01,-8.72e+01,5.90e+01,3.10e+01
-8.98e+01,-6.99e+01,5.50e+01,2.90e+01
-1.06e+02,-9.03e+01,5.40e+01,2.90e+01
-9.11e+01,-7.72e+01,5.60e+01,3.00e+01
-1.00e+02,-8.21e+01,6.10e+01,3.10e+01
-9.86e+01,-8.85e+01,6.40e+01,3.10e+01
-8.52e+01,-7.93e+01,6.30e+01,3.10e+01
-9.34e+01,-7.95e+01,5.70e+01,3.10e+01
-9.96e+01,-8.71e+01,5.50e+01,3.00e+01
-9.78e+01,-7.65e+01,5.70e+01,3.00e+01
-9.81e+01,-8.25e+01,5.50e+01,2.90e+01
-1.04e+02,-9.03e+01,5.60e+01,3.00e+01
-8.93e+01,-7.82e+01,6.40e+01,3.10e+01
-1.07e+02,-9.59e+01,5.50e+01,2.90e+01
-9.84e+01,-9.23e+01,5.60e+01,2.90e+01
-1.02e+02,-8.39e+01,5.80e+01,3.00e+01
-9.78e+01,-7.41e+01,5.50e+01,2.90e+01
-9.28e+01,-8.33e+01,6.10e+01,3.00e+01
-9.09e+01,-8.38e+01,6.30e+01,3.10e+01
-9.44e+01,-8.11e+01,5.60e+01,3.00e+01
-9.07e+01,-8.31e+01,5.50e+01,3.00e+01
-9.92e+01,-8.88e+01,5.50e+01,2.90e+01
-9.30e+01,-8.69e+01,6.40e+01,3.10e+01
-8.74e+01,-7.56e+01,6.30e+01,3.10e+01
-8.96e+01,-8.22e+01,6.30e+01,3.10e+01
-9.71e+01,-7.97e+01,6.00e+01,3.00e+01
-9.71e+01,-8.78e+01,5.60e+01,3.00e+01
-1.00e+02,-9.42e+01,5.60e+01,2.90e+01
-9.61e+01,-8.47e+01,5.60e+01,3.00e+01
-8.86e+01,-7.88e+01,6.40e+01,3.10e+01
-9.15e+01,-8.15e+01,6.00e+01,3.00e+01
-9.54e+01,-8.09e+01,5.70e+01,3.10e+01
-1.73e+02,-1.55e+02,6.30e+01,3.10e+01
-9.28e+01,-8.16e+01,5.60e+01,3.00e+01
-9.19e+01,-8.42e+01,5.60e+01,3.00e+01
-9.85e+01,-8.52e+01,5.60e+01,3.00e+01
-9.59e+01,-8.23e+01,6.20e+01,3.00e+01
-1.06e+02,-8.93e+01,5.60e+01,3.00e+01
-9.64e+01,-7.93e+01,6.00e+01,3.00e+01
-1.02e+02,-8.28e+01,5.60e+01,3.00e+01
-9.47e+01,-8.74e+01,6.30e+01,3.10e+01
-1.77e+02,-1.04e+02,5.40e+01,2.90e+01
-9.38e+01,-8.62e+01,6.30e+01,3.00e+01
-9.86e+01,-9.41e+01,5.40e+01,2.90e+01
-9.71e+01,-8.47e+01,5.60e+01,3.00e+01
-9.29e+01,-7.97e+01,6.00e+01,3.00e+01
-9.80e+01,-8.87e+01,6.40e+01,3.00e+01
-9.40e+01,-7.93e+01,5.50e+01,3.00e+01
-1.01e+02,-8.40e+01,5.60e+01,2.90e+01
-1.02e+02,-8.93e+01,5.60e+01,2.90e+01
-1.03e+02,-9.04e+01,5.50e+01,3.00e+01
-1.03e+02,-8.58e+01,5.60e+01,2.90e+01
-9.48e+01,-7.36e+01,5.40e+01,2.90e+01
-9.05e+01,-8.57e+01,6.40e+01,3.10e+01
-8.51e+01,-7.74e+01,6.00e+01,3.00e+01
-9.41e+01,-8.11e+01,6.30e+01,3.00e+01
-9.75e+01,-7.88e+01,5.60e+01,3.00e+01
-9.30e+01,-7.79e+01,5.60e+01,3.00e+01
-1.19e+02,-8.50e+01,5.50e+01,3.00e+01
-9.36e+01,-7.69e+01,5.50e+01,3.00e+01
-9.86e+01,-8.86e+01,5.50e+01,3.00e+01
-8.95e+01,-8.06e+01,6.10e+01,3.00e+01
-8.51e+01,-7.75e+01,6.40e+01,3.10e+01
-9.25e+01,-8.36e+01,6.30e+01,3.10e+01
-1.02e+02,-9.01e+01,5.70e+01,3.10e+01
-9.13e+01,-7.88e+01,5.50e+01,3.00e+01
-1.01e+02,-8.36e+01,5.50e+01,2.90e+01
-1.06e+02,-9.23e+01,5.50e+01,3.00e+01
-9.46e+01,-7.93e+01,6.50e+01,3.00e+01
-9.39e+01,-7.98e+01,5.50e+01,2.90e+01
-9.19e+01,-8.09e+01,5.40e+01,2.90e+01
-9.77e+01,-8.05e+01,6.50e+01,3.10e+01
-9.46e+01,-8.23e+01,5.60e+01,3.10e+01
-9.98e+01,-8.51e+01,6.40e+01,3.10e+01
-8.66e+01,-7.83e+01,6.30e+01,3.00e+01
-9.04e+01,-8.06e+01,6.50e+01,3.20e+01
-8.92e+01,-7.41e+01,6.10e+01,3.10e+01
-8.99e+01,-7.94e+01,5.40e+01,2.90e+01
-9.89e+01,-8.46e+01,6.40e+01,3.00e+01
-1.40e+02,-9.93e+01,5.50e+01,3.00e+01
-9.01e+01,-7.59e+01,6.10e+01,3.10e+01
-9.68e+01,-9.01e+01,5.70e+01,3.00e+01
-9.36e+01,-8.01e+01,5.60e+01,3.00e+01
-1.05e+02,-8.83e+01,5.50e+01,3.00e+01
-9.47e+01,-8.49e+01,6.60e+01,3.30e+01
-9.29e+01,-8.67e+01,5.60e+01,2.90e+01
-9.13e+01,-8.24e+01,6.40e+01,3.10e+01
-9.26e+01,-7.09e+01,5.70e+01,3.00e+01
-9.10e+01,-7.88e+01,5.60e+01,3.10e+01
-9.72e+01,-8.44e+01,6.30e+01,3.10e+01
-1.98e+02,-1.97e+02,6.30e+01,3.00e+01
-9.72e+01,-8.64e+01,5.80e+01,3.10e+01
-9.95e+01,-8.25e+01,5.60e+01,3.00e+01
-1.00e+02,-8.19e+01,5.40e+01,2.90e+01
-1.01e+02,-8.58e+01,5.50e+01,2.90e+01
-1.00e+02,-8.04e+01,5.50e+01,2.90e+01
