-2.41e+02,-8.83e+01,1.60e+01,1.40e+01
-2.38e+02,-8.74e+01,1.80e+01,1.40e+01
-2.45e+02,-1.07e+02,1.60e+01,1.40e+01
-2.30e+02,-7.45e+01,1.90e+01,1.50e+01
-2.29e+02,-8.95e+01,1.50e+01,1.30e+01
-2.36e+02,-8.49e+01,2.00e+01,1.60e+01
-2.45e+02,-1.04e+02,1.60e+01,1.40e+01
-2.31e+02,-7.46e+01,1.90e+01,1.30e+01
-2.38e+02,-9.09e+01,1.50e+01,1.30e+01
-2.29e+02,-8.30e+01,1.80e+01,1.50e+01
-2.33e+02,-8.77e+01,1.60e+01,1.30e+01
-2.28e+02,-6.76e+01,1.60e+01,1.30e+01
-2.40e+02,-8.28e+01,1.70e+01,1.40e+01
-2.44e+02,-9.27e+01,1.90e+01,1.30e+01
-2.34e+02,-9.18e+01,1.90e+01,1.50e+01
-2.30e+02,-7.64e+01,1.70e+01,1.40e+01
-2.29e+02,-8.22e+01,1.50e+01,1.30e+01
-2.30e+02,-7.01e+01,1.80e+01,1.40e+01
-2.39e+02,-8.33e+01,1.70e+01,1.40e+01
-2.41e+02,-8.25e+01,2.00e+01,1.50e+01
-2.35e+02,-7.83e+01,1.60e+01,1.30e+01
-2.36e+02,-7.43e+01,1.70e+01,1.40e+01
-2.31e+02,-7.80e+01,1.60e+01,1.40e+01
-2.33e+02,-9.57e+01,1.60e+01,1.40e+01
-2.31e+02,-9.05e+01,1.60e+01,1.40e+01
-2.34e+02,-8.28e+01,1.80e+01,1.50e+01
-2.31e+02,-8.98e+01,1.50e+01,1.30e+01
-2.46e+02,-8.85e+01,1.60e+01,1.40e+01
-2.36e+02,-8.94e+01,1.70e+01,1.40e+01
-2.32e+02,-7.77e+01,1.70e+01,1.40e+01
-2.26e+02,-7.20e+01,1.50e+01,1.30e+01
-2.31e+02,-7.15e+01,1.70e+01,1.40e+01
-2.30e+02,-7.57e+01,1.60e+01,1.40e+01
-2.42e+02,-8.57e+01,1.60e+01,1.30e+01
-2.38e+02,-7.71e+01,1.70e+01,1.40e+01
-2.39e+02,-8.95e+01,1.50e+01,1.30e+01
-2.41e+02,-9.19e+01,1.60e+01,1.40e+01
-2.47e+02,-9.44e+01,1.70e+01,1.50e+01
-2.34e+02,-8.47e+01,1.60e+01,1.40e+01
-2.33e+02,-8.35e+01,1.70e+01,1.30e+01
-5.00e+02,-5.00e+02,1.90e+01,1.30e+01
-2.35e+02,-9.05e+01,1.80e+01,1.50e+01
-2.30e+02,-8.14e+01,2.00e+01,1.60e+01
-2.42e+02,-1.05e+02,1.70e+01,1.40e+01
-2.93e+02,-8.13e+01,1.90e+01,1.50e+01
-3.38e+02,-9.65e+01,1.70e+01,1.50e+01
-2.36e+02,-9.88e+01,1.70e+01,1.40e+01
-2.50e+02,-1.09e+02,1.60e+01,1.40e+01
-3.83e+02,-1.00e+02,1.70e+01,1.30e+01
-2.29e+02,-9.13e+01,1.50e+01,1.30e+01
-2.45e+02,-1.04e+02,1.80e+01,1.40e+01
-2.35e+02,-8.43e+01,1.70e+01,1.40e+01
-2.29e+02,-7.94e+01,1.70e+01,1.40e+01
-2.98e+02,-9.11e+01,2.10e+01,1.70e+01
-2.55e+02,-1.03e+02,1.90e+01,1.30e+01
-2.49e+02,-8.30e+01,2.00e+01,1.30e+01
-2.49e+02,-9.39e+01,1.70e+01,1.40e+01
-2.79e+02,-1.04e+02,1.60e+01,1.40e+01
-2.40e+02,-7.19e+01,1.60e+01,1.40e+01
-2.26e+02,-8.25e+01,1.60e+01,1.30e+01
-3.40e+02,-1.07e+02,1.80e+01,1.40e+01
-3.12e+02,-8.80e+01,1.90e+01,1.50e+01
-3.57e+02,-1.05e+02,1.70e+01,1.50e+01
-2.28e+02,-7.31e+01,1.60e+01,1.40e+01
-3.14e+02,-9.75e+01,1.80e+01,1.40e+01
-3.84e+02,-1.41e+02,1.70e+01,1.40e+01
-2.48e+02,-8.21e+01,1.90e+01,1.50e+01
-2.42e+02,-9.21e+01,1.90e+01,1.40e+01
-2.29e+02,-7.84e+01,1.90e+01,1.50e+01
-2.40e+02,-6.43e+01,1.50e+01,1.30e+01
-2.45e+02,-1.15e+02,1.60e+01,1.40e+01
-2.38e+02,-7.27e+01,1.70e+01,1.40e+01
-2.38e+02,-7.02e+01,1.60e+01,1.40e+01
-2.40e+02,-7.14e+01,1.60e+01,1.40e+01
-2.29e+02,-6.75e+01,1.70e+01,1.40e+01
-2.78e+02,-8.16e+01,1.50e+01,1.30e+01
-2.79e+02,-7.43e+01,1.90e+01,1.40e+01
-2.45e+02,-7.61e+01,1.60e+01,1.40e+01
-2.31e+02,-7.45e+01,1.90e+01,1.50e+01
-2.28e+02,-8.41e+01,1.80e+01,1.50e+01
-2.33e+02,-8.14e+01,1.70e+01,1.40e+01
-3.28e+02,-8.68e+01,2.00e+01,1.30e+01
-2.41e+02,-9.43e+01,1.90e+01,1.30e+01
-2.34e+02,-7.99e+01,1.80e+01,1.40e+01
-3.28e+02,-8.98e+01,2.00e+01,1.60e+01
-2.39e+02,-8.69e+01,2.00e+01,1.40e+01
-2.50e+02,-9.54e+01,1.70e+01,1.40e+01
-2.39e+02,-8.34e+01,1.60e+01,1.40e+01
-2.31e+02,-7.72e+01,1.60e+01,1.30e+01
-2.34e+02,-7.58e+01,2.00e+01,1.30e+01
-2.28e+02,-7.92e+01,1.80e+01,1.40e+01
-3.77e+02,-1.24e+02,2.00e+01,1.30e+01
-3.75e+02,-9.91e+01,2.00e+01,1.30e+01
-3.92e+02,-1.66e+02,1.80e+01,1.40e+01
-2.40e+02,-7.88e+01,1.60e+01,1.40e+01
-2.33e+02,-7.56e+01,1.60e+01,1.30e+01
-2.32e+02,-9.13e+01,1.70e+01,1.40e+01
-2.60e+02,-9.55e+01,1.70e+01,1.40e+01
-2.25e+02,-7.39e+01,1.60e+01,1.30e+01
-5.00e+02,-5.00e+02,1.50e+01,1.30e+01
-2.32e+02,-8.05e+01,2.00e+01,1.60e+01
-2.33e+02,-8.20e+01,1.60e+01,1.40e+01
-2.54e+02,-9.42e+01,1.80e+01,1.40e+01
-2.31e+02,-7.92e+01,1.80e+01,1.50e+01
-2.30e+02,-7.21e+01,1.70e+01,1.40e+01
-2.35e+02,-9.20e+01,1.50e+01,1.30e+01
-2.30e+02,-7.58e+01,1.70e+01,1.40e+01
-3.47e+02,-1.44e+02,1.50e+01,1.30e+01
-2.43e+02,-7.76e+01,1.60e+01,1.40e+01
-3.01e+02,-8.86e+01,1.70e+01,1.50e+01
-2.35e+02,-8.35e+01,1.90e+01,1.50e+01
-4.41e+02,-1.48e+02,1.50e+01,1.30e+01
-2.32e+02,-8.20e+01,1.80e+01,1.50e+01
-2.33e+02,-9.17e+01,1.60e+01,1.30e+01
-2.36e+02,-8.10e+01,1.50e+01,1.30e+01
-2.47e+02,-9.01e+01,1.60e+01,1.40e+01
-2.42e+02,-8.22e+01,1.70e+01,1.40e+01
-2.36e+02,-8.95e+01,1.50e+01,1.30e+01
-2.29e+02,-7.27e+01,1.80e+01,1.40e+01
-2.29e+02,-8.81e+01,1.70e+01,1.40e+01
-4.18e+02,-1.85e+02,1.70e+01,1.40e+01
-3.39e+02,-1.35e+02,1.80e+01,1.30e+01
-3.71e+02,-8.87e+01,1.60e+01,1.30e+01
-2.37e+02,-9.05e+01,1.60e+01,1.40e+01
-2.92e+02,-7.62e+01,1.60e+01,1.40e+01
-2.58e+02,-1.05e+02,1.60e+01,1.40e+01
-2.33e+02,-8.39e+01,1.60e+01,1.40e+01
-5.00e+02,-4.99e+02,1.70e+01,1.30e+01
-2.38e+02,-8.15e+01,1.80e+01,1.50e+01
-2.35e+02,-8.05e+01,1.80e+01,1.40e+01
-2.39e+02,-9.82e+01,1.80e+01,1.50e+01
-2.35e+02,-8.23e+01,1.60e+01,1.30e+01
-3.97e+02,-1.44e+02,2.00e+01,1.40e+01
-3.14e+02,-1.30e+02,1.60e+01,1.40e+01
-2.54e+02,-1.25e+02,1.60e+01,1.40e+01
-2.39e+02,-8.98e+01,2.00e+01,1.60e+01
-2.29e+02,-7.88e+01,1.80e+01,1.50e+01
-2.38e+02,-8.34e+01,1.70e+01,1.50e+01
-2.39e+02,-8.34e+01,1.70e+01,1.40e+01
-2.38e+02,-8.41e+01,1.70e+01,1.40e+01
-2.30e+02,-7.53e+01,1.60e+01,1.40e+01
-2.30e+02,-8.39e+01,1.80e+01,1.40e+01
-2.32e+02,-8.60e+01,1.80e+01,1.50e+01
-2.31e+02,-7.61e+01,2.00e+01,1.60e+01
-2.33e+02,-7.83e+01,1.60e+01,1.40e+01
-3.72e+02,-8.40e+01,1.50e+01,1.30e+01
-2.38e+02,-7.49e+01,1.80e+01,1.40e+01
-2.34e+02,-8.08e+01,1.50e+01,1.30e+01
-3.72e+02,-1.05e+02,1.60e+01,1.30e+01
-2.30e+02,-7.82e+01,1.80e+01,1.40e+01
-2.43e+02,-7.98e+01,2.00e+01,1.40e+01
-2.35e+02,-8.98e+01,1.90e+01,1.30e+01
-2.30e+02,-7.88e+01,1.70e+01,1.40e+01
-2.31e+02,-8.65e+01,1.60e+01,1.30e+01
-2.28e+02,-8.04e+01,1.70e+01,1.40e+01
-2.30e+02,-7.94e+01,1.60e+01,1.40e+01
-2.96e+02,-1.19e+02,1.60e+01,1.40e+01
-4.39e+02,-1.37e+02,1.50e+01,1.30e+01
-3.59e+02,-1.70e+02,1.70e+01,1.40e+01
-2.30e+02,-8.42e+01,2.00e+01,1.50e+01
-3.28e+02,-1.14e+02,1.70e+01,1.40e+01
-2.35e+02,-7.56e+01,1.50e+01,1.30e+01
-2.38e+02,-7.91e+01,1.80e+01,1.40e+01
-2.30e+02,-7.95e+01,1.60e+01,1.30e+01
-2.41e+02,-9.58e+01,1.60e+01,1.40e+01
-2.42e+02,-7.65e+01,1.70e+01,1.50e+01
-5.00e+02,-5.00e+02,1.50e+01,1.30e+01
-2.26e+02,-7.99e+01,2.00e+01,1.60e+01
-2.37e+02,-9.27e+01,1.60e+01,1.40e+01
-2.28e+02,-8.35e+01,1.60e+01,1.40e+01
-2.37e+02,-9.09e+01,1.60e+01,1.40e+01
-2.29e+02,-6.69e+01,1.70e+01,1.40e+01
-2.41e+02,-8.16e+01,1.60e+01,1.40e+01
-2.36e+02,-9.20e+01,1.90e+01,1.30e+01
-2.30e+02,-7.45e+01,1.70e+01,1.40e+01
-3.38e+02,-1.16e+02,1.50e+01,1.30e+01
-3.74e+02,-1.17e+02,1.70e+01,1.40e+01
-2.49e+02,-1.08e+02,1.70e+01,1.40e+01
-2.34e+02,-8.87e+01,1.80e+01,1.40e+01
-4.72e+02,-3.30e+02,1.90e+01,1.50e+01
-2.36e+02,-8.66e+01,1.90e+01,1.50e+01
-2.38e+02,-7.86e+01,1.70e+01,1.40e+01
-2.32e+02,-8.09e+01,1.60e+01,1.40e+01
-2.88e+02,-9.95e+01,1.60e+01,1.40e+01
-3.02e+02,-9.94e+01,1.60e+01,1.40e+01
-4.39e+02,-1.33e+02,1.60e+01,1.40e+01
-2.32e+02,-7.52e+01,1.60e+01,1.40e+01
-5.00e+02,-5.00e+02,1.90e+01,1.30e+01
-2.48e+02,-1.08e+02,1.90e+01,1.30e+01
-2.39e+02,-9.69e+01,1.70e+01,1.40e+01
-2.29e+02,-8.00e+01,2.00e+01,1.50e+01
-2.34e+02,-8.09e+01,1.80e+01,1.40e+01
