-2.26e+02,-7.52e+01,3.30e+01,2.10e+01
-2.34e+02,-7.39e+01,4.40e+01,2.70e+01
-2.28e+02,-7.65e+01,3.70e+01,2.20e+01
-2.31e+02,-7.83e+01,3.30e+01,2.10e+01
-2.23e+02,-6.98e+01,4.70e+01,2.80e+01
-2.19e+02,-6.40e+01,3.50e+01,2.10e+01
-2.23e+02,-8.12e+01,4.40e+01,2.50e+01
-2.21e+02,-7.59e+01,4.60e+01,2.80e+01
-2.25e+02,-7.61e+01,3.30e+01,2.10e+01
-2.21e+02,-7.30e+01,4.70e+01,2.90e+01
-2.21e+02,-6.33e+01,3.80e+01,2.30e+01
-2.28e+02,-7.15e+01,3.40e+01,2.10e+01
-2.21e+02,-6.49e+01,3.30e+01,2.10e+01
-2.22e+02,-6.94e+01,4.70e+01,2.80e+01
-2.26e+02,-7.22e+01,4.50e+01,2.50e+01
-2.21e+02,-7.57e+01,4.60e+01,2.80e+01
-2.28e+02,-7.69e+01,3.40e+01,2.20e+01
-2.24e+02,-7.22e+01,3.30e+01,2.10e+01
-2.22e+02,-7.98e+01,4.80e+01,2.90e+01
-2.24e+02,-7.60e+01,3.40e+01,2.10e+01
-2.15e+02,-6.12e+01,4.60e+01,2.80e+01
-2.27e+02,-7.65e+01,4.70e+01,2.80e+01
-2.25e+02,-7.61e+01,3.30e+01,2.10e+01
-2.23e+02,-7.87e+01,4.80e+01,2.80e+01
-2.23e+02,-6.84e+01,3.50e+01,2.30e+01
-2.19e+02,-6.87e+01,4.40e+01,2.50e+01
-2.24e+02,-7.42e+01,3.40e+01,2.10e+01
-2.20e+02,-7.19e+01,4.70e+01,2.80e+01
-2.24e+02,-6.89e+01,3.30e+01,2.10e+01
-2.25e+02,-7.72e+01,4.40e+01,2.70e+01
-2.21e+02,-7.26e+01,4.10e+01,2.40e+01
-2.24e+02,-8.05e+01,3.60e+01,2.30e+01
-2.25e+02,-7.08e+01,3.40e+01,2.10e+01
-2.28e+02,-7.22e+01,3.30e+01,2.10e+01
-2.24e+02,-7.10e+01,4.40e+01,2.50e+01
-2.24e+02,-7.73e+01,3.40e+01,2.10e+01
-2.22e+02,-7.65e+01,3.30e+01,2.10e+01
-2.20e+02,-6.90e+01,4.90e+01,2.90e+01
-2.21e+02,-6.49e+01,4.60e+01,2.80e+01
-2.22e+02,-6.71e+01,3.50e+01,2.20e+01
-2.18e+02,-6.81e+01,4.50e+01,2.50e+01
-4.54e+02,-3.25e+02,4.40e+01,2.50e+01
-2.27e+02,-7.96e+01,3.30e+01,2.10e+01
-2.30e+02,-8.23e+01,3.40e+01,2.10e+01
-2.98e+02,-7.98e+01,3.60e+01,2.20e+01
-2.28e+02,-7.98e+01,4.40e+01,2.70e+01
-2.23e+02,-7.13e+01,4.90e+01,2.90e+01
-3.89e+02,-1.66e+02,3.50e+01,2.20e+01
-2.21e+02,-7.29e+01,4.80e+01,2.90e+01
-2.25e+02,-7.58e+01,3.30e+01,2.10e+01
-2.20e+02,-7.38e+01,3.90e+01,2.30e+01
-2.28e+02,-8.15e+01,3.40e+01,2.20e+01
-2.31e+02,-7.68e+01,3.80e+01,2.30e+01
-2.16e+02,-7.12e+01,4.70e+01,2.90e+01
-3.78e+02,-1.83e+02,4.40e+01,2.70e+01
-2.30e+02,-7.05e+01,4.70e+01,2.80e+01
-3.07e+02,-8.49e+01,3.40e+01,2.10e+01
-2.20e+02,-7.81e+01,4.50e+01,2.50e+01
-2.25e+02,-8.28e+01,4.80e+01,2.80e+01
-2.29e+02,-7.83e+01,3.30e+01,2.10e+01
-2.95e+02,-8.42e+01,3.50e+01,2.10e+01
-2.34e+02,-7.52e+01,4.50e+01,2.50e+01
-2.23e+02,-7.73e+01,4.70e+01,2.80e+01
-2.36e+02,-7.46e+01,3.30e+01,2.10e+01
-2.46e+02,-8.83e+01,3.50e+01,2.10e+01
-2.21e+02,-7.23e+01,3.30e+01,2.10e+01
-2.96e+02,-8.67e+01,3.60e+01,2.20e+01
-3.09e+02,-7.04e+01,3.80e+01,2.20e+01
-2.24e+02,-7.36e+01,3.80e+01,2.30e+01
-4.24e+02,-2.59e+02,4.80e+01,2.90e+01
-2.23e+02,-7.82e+01,3.30e+01,2.10e+01
-2.24e+02,-7.94e+01,3.30e+01,2.10e+01
-2.45e+02,-8.44e+01,4.60e+01,2.80e+01
-2.26e+02,-6.85e+01,3.40e+01,2.10e+01
-2.41e+02,-8.34e+01,4.50e+01,2.50e+01
-2.29e+02,-8.01e+01,3.30e+01,2.10e+01
-2.24e+02,-8.40e+01,4.70e+01,2.80e+01
-2.29e+02,-9.02e+01,4.80e+01,2.80e+01
-2.38e+02,-9.28e+01,4.50e+01,2.70e+01
-2.30e+02,-8.24e+01,4.40e+01,2.50e+01
-2.43e+02,-1.06e+02,4.40e+01,2.50e+01
-2.19e+02,-7.27e+01,4.70e+01,2.80e+01
-2.24e+02,-8.20e+01,3.30e+01,2.10e+01
-2.29e+02,-6.89e+01,3.30e+01,2.10e+01
-2.23e+02,-7.38e+01,3.60e+01,2.30e+01
-5.00e+02,-5.00e+02,3.30e+01,2.10e+01
-2.20e+02,-6.82e+01,5.00e+01,2.90e+01
-2.92e+02,-8.05e+01,4.50e+01,2.60e+01
-2.22e+02,-7.10e+01,4.70e+01,2.80e+01
-2.22e+02,-7.00e+01,3.70e+01,2.20e+01
-2.23e+02,-7.65e+01,3.30e+01,2.10e+01
-2.23e+02,-6.77e+01,3.50e+01,2.10e+01
-2.23e+02,-7.87e+01,4.60e+01,2.80e+01
-2.27e+02,-8.53e+01,3.40e+01,2.20e+01
-2.37e+02,-8.80e+01,3.30e+01,2.10e+01
-2.21e+02,-7.43e+01,4.40e+01,2.70e+01
-2.24e+02,-6.75e+01,3.30e+01,2.10e+01
-2.98e+02,-8.66e+01,3.40e+01,2.20e+01
-2.18e+02,-5.92e+01,3.80e+01,2.20e+01
-2.29e+02,-7.54e+01,4.50e+01,2.70e+01
-2.30e+02,-8.44e+01,3.30e+01,2.10e+01
-2.25e+02,-7.23e+01,4.70e+01,2.90e+01
-2.53e+02,-8.01e+01,3.30e+01,2.10e+01
-2.31e+02,-8.26e+01,4.40e+01,2.50e+01
-2.23e+02,-7.85e+01,3.30e+01,2.10e+01
-2.96e+02,-6.74e+01,3.30e+01,2.10e+01
-2.26e+02,-7.99e+01,4.70e+01,2.80e+01
-2.24e+02,-7.23e+01,3.30e+01,2.10e+01
-2.24e+02,-7.30e+01,3.40e+01,2.10e+01
-4.03e+02,-1.43e+02,4.40e+01,2.50e+01
-2.23e+02,-6.88e+01,4.70e+01,2.80e+01
-2.33e+02,-7.39e+01,3.30e+01,2.10e+01
-3.15e+02,-8.89e+01,4.90e+01,2.80e+01
-2.42e+02,-7.77e+01,4.80e+01,2.80e+01
-2.34e+02,-7.64e+01,3.90e+01,2.30e+01
-2.21e+02,-7.14e+01,4.70e+01,2.80e+01
-2.21e+02,-7.01e+01,3.40e+01,2.20e+01
-2.20e+02,-7.19e+01,3.40e+01,2.10e+01
-2.24e+02,-7.64e+01,4.70e+01,2.80e+01
-3.17e+02,-1.03e+02,4.80e+01,2.90e+01
-2.50e+02,-7.09e+01,4.70e+01,2.90e+01
-2.28e+02,-6.61e+01,3.40e+01,2.10e+01
-2.21e+02,-6.68e+01,3.50e+01,2.10e+01
-2.27e+02,-7.66e+01,4.70e+01,2.90e+01
-2.90e+02,-7.18e+01,4.70e+01,2.80e+01
-5.00e+02,-5.00e+02,3.70e+01,2.20e+01
-2.36e+02,-6.52e+01,3.40e+01,2.10e+01
-2.56e+02,-7.80e+01,4.80e+01,2.80e+01
-2.27e+02,-8.39e+01,3.40e+01,2.20e+01
-4.19e+02,-1.02e+02,3.40e+01,2.20e+01
-2.36e+02,-7.62e+01,3.50e+01,2.20e+01
-2.96e+02,-7.73e+01,4.70e+01,2.80e+01
-2.57e+02,-1.13e+02,3.40e+01,2.10e+01
-2.21e+02,-6.76e+01,4.80e+01,2.90e+01
-2.20e+02,-7.36e+01,3.40e+01,2.10e+01
-3.11e+02,-8.16e+01,4.60e+01,2.50e+01
-2.34e+02,-6.36e+01,4.70e+01,2.80e+01
-2.24e+02,-6.57e+01,3.50e+01,2.30e+01
-2.25e+02,-7.05e+01,4.90e+01,2.90e+01
-2.15e+02,-6.85e+01,4.70e+01,2.80e+01
-2.17e+02,-6.75e+01,4.90e+01,2.90e+01
-2.27e+02,-7.27e+01,4.90e+01,2.90e+01
-2.21e+02,-7.73e+01,3.50e+01,2.20e+01
-2.35e+02,-7.21e+01,4.50e+01,2.50e+01
-2.24e+02,-7.18e+01,3.30e+01,2.10e+01
-2.20e+02,-7.30e+01,4.90e+01,2.90e+01
-2.94e+02,-8.19e+01,4.60e+01,2.80e+01
-2.23e+02,-7.15e+01,4.70e+01,2.90e+01
-2.26e+02,-6.95e+01,3.60e+01,2.10e+01
-2.26e+02,-6.99e+01,3.40e+01,2.20e+01
-3.09e+02,-7.96e+01,3.80e+01,2.20e+01
-2.32e+02,-8.15e+01,3.40e+01,2.10e+01
-4.24e+02,-2.08e+02,4.40e+01,2.70e+01
-2.40e+02,-7.21e+01,4.60e+01,2.80e+01
-2.18e+02,-7.39e+01,4.40e+01,2.50e+01
-2.27e+02,-7.75e+01,3.40e+01,2.10e+01
-2.40e+02,-8.48e+01,4.50e+01,2.50e+01
-2.24e+02,-7.18e+01,3.30e+01,2.10e+01
-2.36e+02,-7.57e+01,4.40e+01,2.50e+01
-2.18e+02,-7.14e+01,3.50e+01,2.20e+01
-2.57e+02,-7.80e+01,3.30e+01,2.10e+01
-2.25e+02,-7.19e+01,4.40e+01,2.70e+01
-2.37e+02,-7.77e+01,3.40e+01,2.10e+01
-3.01e+02,-9.20e+01,4.60e+01,2.80e+01
-2.21e+02,-7.55e+01,4.60e+01,2.80e+01
-3.00e+02,-8.35e+01,3.30e+01,2.10e+01
-2.56e+02,-8.20e+01,3.30e+01,2.10e+01
-2.27e+02,-8.53e+01,4.70e+01,2.90e+01
-2.23e+02,-7.28e+01,4.90e+01,2.90e+01
-2.30e+02,-8.33e+01,3.30e+01,2.10e+01
-3.91e+02,-1.46e+02,3.50e+01,2.10e+01
-2.34e+02,-8.49e+01,3.30e+01,2.10e+01
-2.20e+02,-7.25e+01,3.30e+01,2.10e+01
-2.23e+02,-7.67e+01,4.40e+01,2.50e+01
-2.47e+02,-8.04e+01,4.70e+01,2.80e+01
-2.23e+02,-5.23e+01,3.30e+01,2.10e+01
-3.10e+02,-8.39e+01,4.70e+01,2.80e+01
-2.22e+02,-7.83e+01,4.40e+01,2.50e+01
-2.24e+02,-6.94e+01,3.80e+01,2.30e+01
-2.21e+02,-7.41e+01,4.60e+01,2.80e+01
-2.25e+02,-7.15e+01,4.80e+01,2.80e+01
-3.42e+02,-8.37e+01,4.60e+01,2.50e+01
-2.74e+02,-8.18e+01,3.50e+01,2.30e+01
-4.94e+02,-4.64e+02,3.60e+01,2.30e+01
-2.19e+02,-7.21e+01,4.40e+01,2.50e+01
-2.18e+02,-6.35e+01,4.40e+01,2.70e+01
-2.27e+02,-7.34e+01,3.30e+01,2.10e+01
-2.24e+02,-7.48e+01,3.90e+01,2.30e+01
-3.33e+02,-7.42e+01,4.40e+01,2.50e+01
-2.27e+02,-7.85e+01,4.60e+01,2.80e+01
-3.00e+02,-8.91e+01,3.40e+01,2.10e+01
-2.91e+02,-7.31e+01,3.30e+01,2.10e+01
