-1.04e+02,-6.44e+01,6.60e+01,2.40e+01
-1.06e+02,-5.60e+01,6.60e+01,2.40e+01
-1.10e+02,-5.88e+01,6.60e+01,2.40e+01
-1.12e+02,-6.63e+01,6.90e+01,2.60e+01
-1.01e+02,-5.45e+01,6.70e+01,2.40e+01
-1.04e+02,-6.53e+01,6.90e+01,2.60e+01
-1.02e+02,-5.97e+01,6.60e+01,2.40e+01
-1.05e+02,-6.57e+01,6.60e+01,2.40e+01
-1.05e+02,-5.81e+01,6.40e+01,2.30e+01
-1.00e+02,-6.74e+01,7.20e+01,2.50e+01
-1.02e+02,-6.62e+01,6.50e+01,2.40e+01
-1.10e+02,-6.00e+01,6.60e+01,2.40e+01
-1.11e+02,-8.27e+01,6.50e+01,2.30e+01
-1.07e+02,-5.77e+01,6.90e+01,2.60e+01
-1.03e+02,-6.98e+01,6.50e+01,2.30e+01
-1.15e+02,-7.88e+01,6.60e+01,2.40e+01
-1.01e+02,-4.62e+01,6.90e+01,2.60e+01
-1.16e+02,-7.10e+01,6.70e+01,2.40e+01
-1.07e+02,-7.15e+01,6.40e+01,2.30e+01
-1.12e+02,-5.79e+01,6.60e+01,2.40e+01
-1.09e+02,-6.66e+01,6.60e+01,2.40e+01
-1.07e+02,-6.03e+01,6.80e+01,2.40e+01
-1.27e+02,-7.14e+01,6.60e+01,2.40e+01
-1.06e+02,-6.37e+01,6.60e+01,2.40e+01
-1.08e+02,-7.03e+01,6.70e+01,2.40e+01
-1.08e+02,-6.58e+01,6.60e+01,2.40e+01
-1.08e+02,-5.99e+01,6.80e+01,2.50e+01
-1.26e+02,-5.62e+01,6.40e+01,2.30e+01
-1.03e+02,-6.08e+01,6.70e+01,2.40e+01
-1.15e+02,-6.92e+01,6.60e+01,2.40e+01
-1.13e+02,-7.62e+01,6.60e+01,2.40e+01
-3.16e+02,-8.45e+01,6.80e+01,2.40e+01
-1.12e+02,-6.09e+01,6.60e+01,2.40e+01
-1.10e+02,-7.72e+01,6.90e+01,2.60e+01
-1.13e+02,-7.87e+01,6.70e+01,2.40e+01
-3.47e+02,-1.37e+02,6.70e+01,2.40e+01
-2.87e+02,-6.45e+01,6.90e+01,2.60e+01
-1.09e+02,-6.12e+01,7.10e+01,2.70e+01
-1.01e+02,-5.91e+01,6.70e+01,2.40e+01
-4.57e+02,-2.43e+02,6.90e+01,2.60e+01
-1.18e+02,-8.39e+01,6.70e+01,2.40e+01
-1.10e+02,-6.40e+01,6.60e+01,2.40e+01
-1.03e+02,-6.03e+01,6.70e+01,2.40e+01
-1.22e+02,-7.39e+01,7.00e+01,2.70e+01
-1.18e+02,-6.61e+01,6.50e+01,2.30e+01
-1.04e+02,-5.68e+01,6.90e+01,2.60e+01
-9.92e+01,-6.39e+01,7.00e+01,2.60e+01
-1.18e+02,-7.71e+01,6.90e+01,2.60e+01
-1.03e+02,-5.94e+01,6.60e+01,2.40e+01
-1.18e+02,-7.32e+01,6.90e+01,2.60e+01
-1.05e+02,-7.05e+01,6.50e+01,2.40e+01
-1.19e+02,-7.52e+01,6.90e+01,2.60e+01
-2.78e+02,-1.17e+02,7.00e+01,2.60e+01
-1.05e+02,-6.72e+01,6.60e+01,2.40e+01
-1.58e+02,-9.45e+01,6.50e+01,2.30e+01
-1.09e+02,-5.32e+01,6.70e+01,2.40e+01
-4.85e+02,-4.10e+02,6.60e+01,2.40e+01
-1.07e+02,-7.15e+01,6.60e+01,2.40e+01
-3.08e+02,-7.73e+01,6.60e+01,2.40e+01
-1.22e+02,-6.20e+01,6.70e+01,2.50e+01
-1.10e+02,-5.51e+01,6.80e+01,2.50e+01
-1.04e+02,-6.63e+01,7.30e+01,2.50e+01
-1.09e+02,-5.42e+01,6.60e+01,2.30e+01
-3.37e+02,-9.10e+01,6.60e+01,2.40e+01
-1.01e+02,-6.53e+01,7.00e+01,2.60e+01
-1.13e+02,-7.31e+01,6.80e+01,2.40e+01
-9.99e+01,-5.72e+01,7.00e+01,2.60e+01
-2.89e+02,-6.21e+01,6.60e+01,2.40e+01
-1.33e+02,-8.68e+01,6.60e+01,2.50e+01
-1.14e+02,-6.23e+01,6.70e+01,2.50e+01
-1.04e+02,-6.68e+01,6.50e+01,2.30e+01
-1.15e+02,-9.40e+01,6.50e+01,2.40e+01
-2.95e+02,-6.23e+01,6.70e+01,2.40e+01
-3.11e+02,-8.29e+01,6.80e+01,2.50e+01
-1.12e+02,-6.27e+01,7.30e+01,2.50e+01
-1.06e+02,-6.51e+01,6.70e+01,2.40e+01
-3.18e+02,-9.84e+01,6.40e+01,2.30e+01
-1.12e+02,-7.55e+01,7.00e+01,2.60e+01
-1.03e+02,-6.21e+01,6.60e+01,2.40e+01
-1.38e+02,-9.29e+01,6.70e+01,2.40e+01
-1.07e+02,-6.66e+01,6.50e+01,2.30e+01
-1.75e+02,-6.67e+01,6.60e+01,2.40e+01
-1.31e+02,-8.74e+01,6.50e+01,2.30e+01
-1.06e+02,-6.29e+01,6.90e+01,2.60e+01
-1.06e+02,-6.30e+01,6.60e+01,2.40e+01
-3.13e+02,-1.04e+02,6.60e+01,2.40e+01
-1.02e+02,-6.35e+01,6.80e+01,2.50e+01
-3.36e+02,-1.29e+02,6.60e+01,2.40e+01
-2.87e+02,-1.41e+02,6.70e+01,2.40e+01
-1.09e+02,-6.55e+01,6.70e+01,2.40e+01
-1.12e+02,-5.82e+01,6.60e+01,2.40e+01
-1.01e+02,-5.49e+01,6.70e+01,2.40e+01
-1.21e+02,-6.41e+01,6.50e+01,2.40e+01
-1.85e+02,-9.16e+01,6.50e+01,2.30e+01
-1.13e+02,-6.40e+01,6.80e+01,2.40e+01
-9.99e+01,-6.56e+01,7.00e+01,2.60e+01
-1.13e+02,-7.43e+01,6.50e+01,2.30e+01
-1.07e+02,-6.21e+01,7.00e+01,2.60e+01
-1.11e+02,-5.97e+01,6.60e+01,2.30e+01
-2.77e+02,-1.33e+02,6.70e+01,2.40e+01
-1.02e+02,-5.97e+01,7.10e+01,2.70e+01
-1.10e+02,-6.19e+01,6.90e+01,2.50e+01
-1.04e+02,-6.08e+01,6.70e+01,2.40e+01
-1.12e+02,-6.65e+01,6.60e+01,2.40e+01
-1.09e+02,-7.76e+01,6.70e+01,2.50e+01
-1.17e+02,-6.65e+01,6.90e+01,2.60e+01
-3.39e+02,-9.78e+01,6.60e+01,2.40e+01
-1.12e+02,-6.75e+01,6.70e+01,2.50e+01
-2.16e+02,-5.78e+01,6.70e+01,2.40e+01
-9.74e+01,-5.32e+01,6.60e+01,2.40e+01
-1.12e+02,-7.67e+01,6.80e+01,2.40e+01
-1.01e+02,-7.36e+01,6.60e+01,2.40e+01
-1.04e+02,-5.99e+01,7.00e+01,2.60e+01
-2.31e+02,-9.05e+01,6.70e+01,2.50e+01
-1.19e+02,-9.26e+01,6.60e+01,2.40e+01
-1.06e+02,-5.79e+01,6.70e+01,2.40e+01
-2.34e+02,-7.13e+01,6.60e+01,2.50e+01
-1.21e+02,-7.84e+01,6.50e+01,2.30e+01
-1.08e+02,-5.71e+01,6.70e+01,2.40e+01
-1.17e+02,-7.84e+01,6.70e+01,2.40e+01
-1.09e+02,-6.85e+01,6.60e+01,2.40e+01
-1.15e+02,-6.91e+01,6.60e+01,2.40e+01
-1.14e+02,-5.65e+01,6.60e+01,2.40e+01
-1.06e+02,-8.54e+01,6.60e+01,2.30e+01
-1.03e+02,-5.40e+01,7.10e+01,2.70e+01
-1.09e+02,-7.54e+01,7.00e+01,2.60e+01
-1.07e+02,-6.14e+01,6.70e+01,2.40e+01
-1.01e+02,-6.12e+01,7.00e+01,2.60e+01
-1.10e+02,-6.92e+01,6.80e+01,2.50e+01
-1.19e+02,-6.09e+01,6.80e+01,2.40e+01
-3.43e+02,-1.42e+02,6.70e+01,2.50e+01
-1.09e+02,-6.71e+01,7.00e+01,2.60e+01
-1.05e+02,-6.86e+01,7.30e+01,2.50e+01
-1.28e+02,-6.42e+01,6.70e+01,2.40e+01
-1.01e+02,-5.67e+01,6.80e+01,2.50e+01
-1.04e+02,-7.08e+01,6.60e+01,2.40e+01
-3.06e+02,-9.29e+01,6.70e+01,2.40e+01
-1.11e+02,-7.02e+01,6.70e+01,2.50e+01
-1.02e+02,-6.67e+01,6.40e+01,2.30e+01
-1.05e+02,-6.22e+01,7.00e+01,2.60e+01
-1.07e+02,-6.33e+01,7.00e+01,2.60e+01
-1.08e+02,-5.93e+01,6.70e+01,2.40e+01
-1.26e+02,-1.04e+02,6.60e+01,2.40e+01
-1.07e+02,-5.72e+01,6.70e+01,2.40e+01
-1.16e+02,-7.33e+01,6.60e+01,2.40e+01
-2.90e+02,-6.27e+01,6.50e+01,2.30e+01
-1.13e+02,-7.06e+01,6.80e+01,2.50e+01
-4.63e+02,-2.81e+02,6.80e+01,2.50e+01
-1.07e+02,-7.22e+01,6.60e+01,2.50e+01
-1.05e+02,-5.20e+01,6.60e+01,2.40e+01
-1.08e+02,-6.75e+01,6.70e+01,2.40e+01
-1.04e+02,-7.09e+01,6.60e+01,2.40e+01
-1.56e+02,-6.37e+01,7.00e+01,2.60e+01
-1.09e+02,-6.31e+01,6.50e+01,2.40e+01
-3.36e+02,-1.32e+02,6.50e+01,2.30e+01
-1.16e+02,-5.85e+01,6.90e+01,2.60e+01
-1.40e+02,-8.97e+01,6.80e+01,2.40e+01
-1.07e+02,-5.77e+01,6.70e+01,2.40e+01
-1.05e+02,-6.38e+01,6.60e+01,2.40e+01
-1.75e+02,-6.63e+01,6.60e+01,2.40e+01
-1.07e+02,-5.66e+01,6.50e+01,2.40e+01
-3.11e+02,-9.35e+01,6.50e+01,2.30e+01
-2.70e+02,-1.28e+02,7.30e+01,2.50e+01
-1.04e+02,-6.19e+01,6.70e+01,2.40e+01
-1.14e+02,-7.03e+01,6.40e+01,2.30e+01
-1.14e+02,-7.44e+01,6.40e+01,2.30e+01
-1.09e+02,-5.18e+01,6.40e+01,2.30e+01
-9.95e+01,-5.27e+01,7.00e+01,2.60e+01
-1.96e+02,-7.89e+01,6.60e+01,2.40e+01
-1.09e+02,-6.52e+01,7.00e+01,2.60e+01
-1.13e+02,-5.86e+01,6.90e+01,2.60e+01
-1.15e+02,-9.01e+01,6.60e+01,2.40e+01
-1.01e+02,-6.01e+01,6.70e+01,2.40e+01
-1.66e+02,-8.87e+01,6.60e+01,2.40e+01
-1.05e+02,-7.03e+01,6.50e+01,2.40e+01
-3.36e+02,-9.51e+01,6.80e+01,2.50e+01
-1.05e+02,-5.99e+01,6.80e+01,2.50e+01
-1.06e+02,-5.43e+01,6.60e+01,2.40e+01
-1.06e+02,-7.46e+01,6.60e+01,2.40e+01
-1.13e+02,-6.70e+01,6.70e+01,2.40e+01
-2.79e+02,-1.11e+02,7.00e+01,2.60e+01
-1.11e+02,-8.13e+01,6.70e+01,2.40e+01
-1.34e+02,-8.46e+01,6.40e+01,2.30e+01
-1.20e+02,-5.97e+01,6.50e+01,2.40e+01
-1.07e+02,-6.70e+01,6.90e+01,2.60e+01
-1.12e+02,-5.78e+01,6.70e+01,2.40e+01
-1.10e+02,-7.47e+01,6.60e+01,2.40e+01
-1.04e+02,-5.65e+01,6.60e+01,2.40e+01
-1.06e+02,-7.09e+01,6.80e+01,2.40e+01
-1.10e+02,-8.01e+01,6.90e+01,2.50e+01
-2.32e+02,-9.17e+01,6.80e+01,2.40e+01
-1.04e+02,-6.16e+01,6.90e+01,2.60e+01
