-1.24e+02,-6.56e+01,1.26e+02,4.10e+01
-1.02e+02,-5.64e+01,1.32e+02,4.40e+01
-9.99e+01,-6.50e+01,1.28e+02,4.10e+01
-1.21e+02,-5.69e+01,1.30e+02,4.20e+01
-1.09e+02,-5.06e+01,1.27e+02,4.10e+01
-1.17e+02,-5.67e+01,1.26e+02,4.10e+01
-1.23e+02,-6.54e+01,1.34e+02,4.30e+01
-1.07e+02,-6.00e+01,1.33e+02,4.40e+01
-1.04e+02,-5.91e+01,1.28e+02,4.10e+01
-1.15e+02,-7.27e+01,1.29e+02,4.20e+01
-1.11e+02,-5.22e+01,1.26e+02,4.10e+01
-1.01e+02,-5.09e+01,1.34e+02,4.30e+01
-1.01e+02,-6.20e+01,1.28e+02,4.20e+01
-1.05e+02,-6.06e+01,1.27e+02,4.10e+01
-1.14e+02,-7.00e+01,1.33e+02,4.40e+01
-1.02e+02,-6.19e+01,1.26e+02,4.10e+01
-1.04e+02,-5.32e+01,1.35e+02,4.30e+01
-1.03e+02,-5.51e+01,1.28e+02,4.10e+01
-1.14e+02,-6.41e+01,1.27e+02,4.10e+01
-1.04e+02,-5.42e+01,1.34e+02,4.30e+01
-1.05e+02,-5.29e+01,1.26e+02,4.10e+01
-1.08e+02,-5.92e+01,1.28e+02,4.10e+01
-9.96e+01,-6.00e+01,1.27e+02,4.10e+01
-1.11e+02,-6.52e+01,1.26e+02,4.10e+01
-1.20e+02,-5.41e+01,1.29e+02,4.10e+01
-9.96e+01,-6.89e+01,1.27e+02,4.10e+01
-1.02e+02,-6.09e+01,1.28e+02,4.10e+01
-1.07e+02,-5.69e+01,1.28e+02,4.20e+01
-3.10e+02,-8.41e+01,1.34e+02,4.30e+01
-1.17e+02,-8.86e+01,1.30e+02,4.20e+01
-1.06e+02,-5.09e+01,1.32e+02,4.40e+01
-1.01e+02,-5.46e+01,1.27e+02,4.10e+01
-2.86e+02,-1.40e+02,1.26e+02,4.10e+01
-1.16e+02,-5.94e+01,1.30e+02,4.20e+01
-1.00e+02,-5.73e+01,1.33e+02,4.40e+01
-1.07e+02,-5.80e+01,1.29e+02,4.20e+01
-1.03e+02,-7.08e+01,1.26e+02,4.10e+01
-1.09e+02,-5.74e+01,1.26e+02,4.10e+01
-9.96e+01,-6.17e+01,1.27e+02,4.20e+01
-1.18e+02,-6.47e+01,1.26e+02,4.10e+01
-2.88e+02,-5.94e+01,1.28e+02,4.10e+01
-1.08e+02,-5.91e+01,1.26e+02,4.10e+01
-1.13e+02,-6.88e+01,1.35e+02,4.30e+01
-2.45e+02,-9.15e+01,1.27e+02,4.10e+01
-1.05e+02,-5.34e+01,1.33e+02,4.40e+01
-1.10e+02,-5.90e+01,1.33e+02,4.40e+01
-1.09e+02,-5.41e+01,1.32e+02,4.40e+01
-1.13e+02,-5.84e+01,1.30e+02,4.20e+01
-1.11e+02,-6.43e+01,1.28e+02,4.10e+01
-1.35e+02,-7.83e+01,1.27e+02,4.10e+01
-1.19e+02,-6.37e+01,1.29e+02,4.10e+01
-1.17e+02,-5.80e+01,1.27e+02,4.10e+01
-1.06e+02,-5.27e+01,1.30e+02,4.20e+01
-1.07e+02,-6.66e+01,1.28e+02,4.10e+01
-1.08e+02,-6.65e+01,1.29e+02,4.10e+01
-1.21e+02,-7.39e+01,1.26e+02,4.10e+01
-1.08e+02,-6.71e+01,1.26e+02,4.10e+01
-1.07e+02,-5.82e+01,1.27e+02,4.10e+01
-1.15e+02,-5.92e+01,1.35e+02,4.30e+01
-1.04e+02,-6.22e+01,1.28e+02,4.10e+01
-1.09e+02,-5.77e+01,1.31e+02,4.20e+01
-1.06e+02,-5.71e+01,1.29e+02,4.10e+01
-1.08e+02,-6.83e+01,1.27e+02,4.10e+01
-1.58e+02,-7.64e+01,1.27e+02,4.10e+01
-1.13e+02,-6.73e+01,1.28e+02,4.10e+01
-1.11e+02,-7.19e+01,1.26e+02,4.10e+01
-1.12e+02,-5.50e+01,1.28e+02,4.10e+01
-1.07e+02,-6.54e+01,1.35e+02,4.30e+01
-1.10e+02,-6.57e+01,1.26e+02,4.10e+01
-1.03e+02,-5.42e+01,1.32e+02,4.40e+01
-1.07e+02,-5.33e+01,1.26e+02,4.10e+01
-1.14e+02,-6.55e+01,1.28e+02,4.10e+01
-1.07e+02,-7.12e+01,1.34e+02,4.40e+01
-1.03e+02,-6.39e+01,1.30e+02,4.20e+01
-1.06e+02,-6.23e+01,1.35e+02,4.30e+01
-9.97e+01,-6.64e+01,1.29e+02,4.20e+01
-1.08e+02,-7.16e+01,1.27e+02,4.10e+01
-3.28e+02,-1.43e+02,1.26e+02,4.10e+01
-1.03e+02,-6.11e+01,1.26e+02,4.10e+01
-1.20e+02,-6.37e+01,1.28e+02,4.10e+01
-1.02e+02,-6.38e+01,1.29e+02,4.10e+01
-1.05e+02,-5.19e+01,1.28e+02,4.20e+01
-1.03e+02,-5.38e+01,1.26e+02,4.10e+01
-1.06e+02,-5.53e+01,1.34e+02,4.40e+01
-3.39e+02,-1.16e+02,1.33e+02,4.40e+01
-9.89e+01,-6.09e+01,1.31e+02,4.20e+01
-1.07e+02,-6.29e+01,1.29e+02,4.10e+01
-9.97e+01,-5.66e+01,1.32e+02,4.30e+01
-1.03e+02,-5.77e+01,1.29e+02,4.20e+01
-9.64e+01,-6.24e+01,1.34e+02,4.30e+01
-1.07e+02,-5.48e+01,1.29e+02,4.10e+01
-3.35e+02,-1.53e+02,1.26e+02,4.10e+01
-1.21e+02,-8.67e+01,1.32e+02,4.40e+01
-1.12e+02,-7.36e+01,1.29e+02,4.20e+01
-1.03e+02,-5.59e+01,1.27e+02,4.10e+01
-1.06e+02,-6.83e+01,1.27e+02,4.10e+01
-9.71e+01,-5.38e+01,1.29e+02,4.10e+01
-1.13e+02,-6.21e+01,1.30e+02,4.30e+01
-9.92e+01,-6.78e+01,1.30e+02,4.20e+01
-1.06e+02,-5.30e+01,1.34e+02,4.30e+01
-1.14e+02,-5.69e+01,1.30e+02,4.20e+01
-1.07e+02,-6.07e+01,1.27e+02,4.10e+01
-1.15e+02,-6.69e+01,1.27e+02,4.10e+01
-1.24e+02,-9.03e+01,1.30e+02,4.20e+01
-1.05e+02,-5.69e+01,1.26e+02,4.10e+01
-1.03e+02,-6.54e+01,1.30e+02,4.20e+01
-1.05e+02,-6.01e+01,1.27e+02,4.10e+01
-1.04e+02,-5.24e+01,1.29e+02,4.10e+01
-1.07e+02,-5.38e+01,1.28e+02,4.10e+01
-1.06e+02,-6.27e+01,1.28e+02,4.20e+01
-1.11e+02,-6.68e+01,1.28e+02,4.20e+01
-1.03e+02,-7.09e+01,1.32e+02,4.30e+01
-1.14e+02,-5.87e+01,1.29e+02,4.10e+01
-1.03e+02,-6.47e+01,1.28e+02,4.20e+01
-1.03e+02,-5.82e+01,1.35e+02,4.30e+01
-1.12e+02,-6.68e+01,1.28e+02,4.20e+01
-2.80e+02,-1.39e+02,1.34e+02,4.40e+01
-1.07e+02,-7.47e+01,1.27e+02,4.20e+01
-1.07e+02,-5.26e+01,1.29e+02,4.10e+01
-1.04e+02,-6.33e+01,1.27e+02,4.10e+01
-1.01e+02,-6.32e+01,1.28e+02,4.10e+01
-1.05e+02,-5.79e+01,1.26e+02,4.10e+01
-1.15e+02,-6.18e+01,1.29e+02,4.10e+01
-1.11e+02,-6.17e+01,1.31e+02,4.20e+01
-1.07e+02,-5.83e+01,1.29e+02,4.10e+01
-1.05e+02,-5.50e+01,1.32e+02,4.40e+01
-1.22e+02,-6.75e+01,1.35e+02,4.30e+01
-1.01e+02,-5.88e+01,1.31e+02,4.30e+01
-1.01e+02,-5.93e+01,1.34e+02,4.50e+01
-1.12e+02,-6.80e+01,1.29e+02,4.10e+01
-1.07e+02,-5.61e+01,1.35e+02,4.50e+01
-1.12e+02,-5.85e+01,1.27e+02,4.10e+01
-1.34e+02,-8.64e+01,1.29e+02,4.10e+01
-1.07e+02,-5.60e+01,1.29e+02,4.10e+01
-1.06e+02,-6.85e+01,1.34e+02,4.40e+01
-1.04e+02,-5.79e+01,1.34e+02,4.40e+01
-3.34e+02,-1.31e+02,1.27e+02,4.10e+01
-2.85e+02,-1.18e+02,1.35e+02,4.30e+01
-1.04e+02,-5.34e+01,1.28e+02,4.10e+01
-4.38e+02,-3.09e+02,1.28e+02,4.20e+01
-1.02e+02,-6.39e+01,1.27e+02,4.10e+01
-1.04e+02,-7.46e+01,1.31e+02,4.20e+01
-1.05e+02,-6.77e+01,1.27e+02,4.10e+01
-1.08e+02,-5.36e+01,1.27e+02,4.10e+01
-3.12e+02,-8.02e+01,1.26e+02,4.10e+01
-1.23e+02,-8.53e+01,1.26e+02,4.10e+01
-1.05e+02,-6.04e+01,1.34e+02,4.40e+01
-1.03e+02,-5.07e+01,1.33e+02,4.40e+01
-1.08e+02,-6.50e+01,1.33e+02,4.40e+01
-1.05e+02,-5.31e+01,1.29e+02,4.20e+01
-1.05e+02,-7.21e+01,1.28e+02,4.10e+01
-1.08e+02,-5.60e+01,1.27e+02,4.10e+01
-1.02e+02,-6.51e+01,1.29e+02,4.10e+01
-1.05e+02,-6.44e+01,1.29e+02,4.10e+01
-9.55e+01,-5.35e+01,1.28e+02,4.10e+01
-1.30e+02,-6.68e+01,1.28e+02,4.20e+01
-3.74e+02,-1.41e+02,1.26e+02,4.10e+01
-1.32e+02,-7.63e+01,1.28e+02,4.10e+01
-1.13e+02,-8.41e+01,1.27e+02,4.10e+01
-1.11e+02,-6.48e+01,1.35e+02,4.40e+01
-1.03e+02,-6.45e+01,1.26e+02,4.10e+01
-1.04e+02,-6.17e+01,1.28e+02,4.10e+01
-9.89e+01,-5.47e+01,1.27e+02,4.10e+01
-1.11e+02,-8.66e+01,1.28e+02,4.10e+01
-1.08e+02,-5.46e+01,1.33e+02,4.40e+01
-9.97e+01,-5.17e+01,1.28e+02,4.10e+01
-1.10e+02,-7.59e+01,1.34e+02,4.30e+01
-1.02e+02,-6.33e+01,1.29e+02,4.20e+01
-1.06e+02,-6.70e+01,1.29e+02,4.10e+01
-1.10e+02,-6.01e+01,1.31e+02,4.20e+01
-1.83e+02,-7.12e+01,1.26e+02,4.10e+01
-1.04e+02,-5.91e+01,1.26e+02,4.10e+01
-1.08e+02,-5.20e+01,1.33e+02,4.40e+01
-1.06e+02,-5.47e+01,1.36e+02,4.40e+01
-1.03e+02,-6.37e+01,1.28e+02,4.20e+01
-1.13e+02,-6.91e+01,1.34e+02,4.30e+01
-1.17e+02,-8.24e+01,1.32e+02,4.40e+01
-1.02e+02,-6.88e+01,1.29e+02,4.10e+01
-1.81e+02,-8.08e+01,1.33e+02,4.40e+01
-1.04e+02,-7.71e+01,1.34e+02,4.30e+01
-1.07e+02,-5.24e+01,1.28e+02,4.20e+01
-1.06e+02,-7.31e+01,1.30e+02,4.20e+01
-1.04e+02,-5.93e+01,1.33e+02,4.40e+01
-1.08e+02,-5.27e+01,1.29e+02,4.20e+01
-2.73e+02,-1.19e+02,1.35e+02,4.30e+01
-1.13e+02,-6.44e+01,1.28e+02,4.10e+01
-2.14e+02,-6.39e+01,1.26e+02,4.10e+01
-1.20e+02,-6.65e+01,1.26e+02,4.10e+01
-1.09e+02,-6.06e+01,1.33e+02,4.40e+01
-1.08e+02,-6.86e+01,1.28e+02,4.10e+01
-1.44e+02,-8.92e+01,1.27e+02,4.10e+01
-3.17e+02,-9.90e+01,1.26e+02,4.10e+01
