-1.08e+02,-6.14e+01,2.02e+02,6.10e+01
-9.95e+01,-4.65e+01,2.05e+02,6.10e+01
-9.75e+01,-5.42e+01,2.03e+02,6.20e+01
-1.01e+02,-5.98e+01,2.01e+02,6.10e+01
-1.02e+02,-5.93e+01,2.01e+02,6.10e+01
-9.72e+01,-5.29e+01,2.04e+02,6.10e+01
-1.07e+02,-6.30e+01,2.03e+02,6.10e+01
-1.10e+02,-5.50e+01,2.06e+02,6.10e+01
-1.02e+02,-5.15e+01,2.17e+02,6.60e+01
-1.05e+02,-6.15e+01,2.01e+02,6.10e+01
-1.10e+02,-5.32e+01,2.04e+02,6.30e+01
-9.54e+01,-4.98e+01,2.02e+02,6.10e+01
-1.00e+02,-6.01e+01,2.01e+02,6.10e+01
-1.10e+02,-5.47e+01,2.03e+02,6.20e+01
-1.03e+02,-5.67e+01,2.03e+02,6.20e+01
-1.11e+02,-5.61e+01,2.03e+02,6.20e+01
-1.06e+02,-5.60e+01,2.06e+02,6.10e+01
-1.02e+02,-5.64e+01,2.03e+02,6.10e+01
-1.20e+02,-6.69e+01,2.06e+02,6.10e+01
-1.02e+02,-5.36e+01,2.00e+02,6.10e+01
-1.04e+02,-4.76e+01,2.03e+02,6.20e+01
-1.05e+02,-6.28e+01,2.01e+02,6.10e+01
-1.09e+02,-6.56e+01,2.05e+02,6.30e+01
-1.18e+02,-7.02e+01,2.00e+02,6.10e+01
-9.75e+01,-6.28e+01,2.00e+02,6.10e+01
-1.13e+02,-7.58e+01,2.04e+02,6.20e+01
-1.07e+02,-5.07e+01,2.00e+02,6.10e+01
-1.10e+02,-6.54e+01,2.04e+02,6.10e+01
-1.14e+02,-7.63e+01,2.03e+02,6.20e+01
-1.07e+02,-6.90e+01,2.04e+02,6.10e+01
-1.09e+02,-6.10e+01,2.06e+02,6.20e+01
-1.08e+02,-8.31e+01,2.03e+02,6.20e+01
-1.08e+02,-5.14e+01,2.04e+02,6.20e+01
-1.03e+02,-5.09e+01,2.04e+02,6.20e+01
-1.03e+02,-5.69e+01,2.01e+02,6.10e+01
-9.96e+01,-5.39e+01,2.03e+02,6.20e+01
-1.19e+02,-6.35e+01,2.03e+02,6.20e+01
-1.12e+02,-5.48e+01,2.05e+02,6.30e+01
-9.61e+01,-6.28e+01,2.05e+02,6.30e+01
-1.04e+02,-5.57e+01,2.04e+02,6.20e+01
-1.01e+02,-7.36e+01,2.06e+02,6.10e+01
-1.01e+02,-5.22e+01,2.03e+02,6.20e+01
-1.13e+02,-5.40e+01,2.02e+02,6.10e+01
-1.05e+02,-6.20e+01,2.05e+02,6.30e+01
-1.09e+02,-5.74e+01,2.02e+02,6.10e+01
-1.03e+02,-5.75e+01,2.02e+02,6.10e+01
-1.04e+02,-4.64e+01,2.04e+02,6.30e+01
-9.50e+01,-5.00e+01,2.03e+02,6.10e+01
-1.01e+02,-5.77e+01,2.01e+02,6.10e+01
-1.06e+02,-5.14e+01,2.03e+02,6.20e+01
-9.77e+01,-5.53e+01,2.04e+02,6.20e+01
-9.78e+01,-6.12e+01,2.02e+02,6.10e+01
-9.89e+01,-5.18e+01,2.04e+02,6.20e+01
-9.80e+01,-4.94e+01,2.17e+02,6.60e+01
-1.01e+02,-5.50e+01,2.06e+02,6.10e+01
-1.02e+02,-5.28e+01,2.04e+02,6.30e+01
-1.04e+02,-4.99e+01,2.03e+02,6.20e+01
-1.08e+02,-5.23e+01,2.05e+02,6.30e+01
-3.24e+02,-1.04e+02,2.04e+02,6.20e+01
-3.38e+02,-1.39e+02,2.04e+02,6.10e+01
-9.67e+01,-4.72e+01,2.04e+02,6.20e+01
-9.56e+01,-5.14e+01,2.02e+02,6.10e+01
-9.84e+01,-5.38e+01,2.03e+02,6.10e+01
-3.44e+02,-1.37e+02,2.02e+02,6.10e+01
-1.15e+02,-6.02e+01,2.02e+02,6.10e+01
-3.56e+02,-1.42e+02,2.06e+02,6.10e+01
-1.16e+02,-6.02e+01,2.03e+02,6.20e+01
-1.05e+02,-4.97e+01,2.05e+02,6.20e+01
-1.04e+02,-6.93e+01,2.01e+02,6.10e+01
-1.05e+02,-6.59e+01,2.04e+02,6.20e+01
-1.00e+02,-5.10e+01,2.04e+02,6.10e+01
-9.92e+01,-5.02e+01,2.01e+02,6.10e+01
-1.01e+02,-5.82e+01,2.03e+02,6.10e+01
-1.03e+02,-6.12e+01,2.03e+02,6.20e+01
-1.11e+02,-5.56e+01,2.05e+02,6.30e+01
-1.05e+02,-5.62e+01,2.03e+02,6.10e+01
-1.03e+02,-5.99e+01,2.04e+02,6.30e+01
-9.96e+01,-6.64e+01,2.02e+02,6.10e+01
-1.17e+02,-4.96e+01,2.04e+02,6.20e+01
-1.04e+02,-4.79e+01,2.01e+02,6.10e+01
-1.13e+02,-5.92e+01,2.17e+02,6.60e+01
-9.34e+01,-4.80e+01,2.05e+02,6.30e+01
-1.10e+02,-7.87e+01,2.05e+02,6.30e+01
-9.57e+01,-5.37e+01,2.04e+02,6.20e+01
-1.03e+02,-5.62e+01,2.06e+02,6.10e+01
-1.09e+02,-5.08e+01,2.03e+02,6.20e+01
-1.22e+02,-6.66e+01,2.04e+02,6.20e+01
-1.14e+02,-6.08e+01,2.05e+02,6.30e+01
-9.81e+01,-5.84e+01,2.04e+02,6.20e+01
-1.23e+02,-8.33e+01,2.03e+02,6.20e+01
-1.07e+02,-7.31e+01,2.01e+02,6.10e+01
-2.82e+02,-1.26e+02,2.04e+02,6.20e+01
-1.03e+02,-6.10e+01,2.00e+02,6.10e+01
-1.10e+02,-5.21e+01,2.06e+02,6.10e+01
-1.05e+02,-5.69e+01,2.04e+02,6.10e+01
-1.08e+02,-5.81e+01,2.01e+02,6.10e+01
-1.00e+02,-4.84e+01,2.04e+02,6.10e+01
-9.27e+01,-5.69e+01,2.05e+02,6.20e+01
-1.06e+02,-6.30e+01,2.17e+02,6.60e+01
-1.06e+02,-5.31e+01,2.01e+02,6.10e+01
-1.01e+02,-6.76e+01,2.04e+02,6.10e+01
-9.86e+01,-5.38e+01,2.03e+02,6.20e+01
-2.97e+02,-1.60e+02,2.04e+02,6.20e+01
-1.11e+02,-5.99e+01,2.01e+02,6.10e+01
-9.62e+01,-5.16e+01,2.08e+02,6.20e+01
-9.99e+01,-5.21e+01,2.06e+02,6.10e+01
-1.90e+02,-8.71e+01,2.07e+02,6.10e+01
-9.76e+01,-4.67e+01,2.03e+02,6.10e+01
-1.08e+02,-6.64e+01,2.05e+02,6.30e+01
-1.02e+02,-5.49e+01,2.01e+02,6.10e+01
-1.06e+02,-6.94e+01,2.19e+02,6.70e+01
-1.67e+02,-8.11e+01,2.06e+02,6.20e+01
-1.08e+02,-6.63e+01,2.17e+02,6.60e+01
-1.07e+02,-4.80e+01,2.04e+02,6.20e+01
-1.58e+02,-9.02e+01,2.02e+02,6.10e+01
-1.08e+02,-5.49e+01,2.03e+02,6.10e+01
-1.15e+02,-7.42e+01,2.03e+02,6.10e+01
-2.20e+02,-5.50e+01,2.06e+02,6.10e+01
-1.03e+02,-4.68e+01,2.01e+02,6.10e+01
-1.00e+02,-5.77e+01,2.03e+02,6.10e+01
-1.01e+02,-5.43e+01,2.03e+02,6.20e+01
-1.79e+02,-6.95e+01,2.02e+02,6.10e+01
-1.01e+02,-5.31e+01,2.04e+02,6.10e+01
-1.09e+02,-6.45e+01,2.03e+02,6.10e+01
-9.78e+01,-5.93e+01,2.04e+02,6.10e+01
-1.08e+02,-6.38e+01,2.05e+02,6.10e+01
-1.12e+02,-6.27e+01,2.04e+02,6.30e+01
-1.01e+02,-5.18e+01,2.05e+02,6.10e+01
-1.25e+02,-6.82e+01,2.01e+02,6.10e+01
-1.10e+02,-6.79e+01,2.02e+02,6.20e+01
-1.06e+02,-5.95e+01,2.06e+02,6.30e+01
-1.04e+02,-5.48e+01,2.18e+02,6.60e+01
-9.92e+01,-4.74e+01,2.02e+02,6.10e+01
-3.26e+02,-1.01e+02,2.04e+02,6.20e+01
-9.86e+01,-5.16e+01,2.06e+02,6.10e+01
-1.21e+02,-6.40e+01,2.04e+02,6.20e+01
-1.05e+02,-6.69e+01,2.02e+02,6.10e+01
-1.05e+02,-5.59e+01,2.04e+02,6.10e+01
-1.06e+02,-5.56e+01,2.07e+02,6.10e+01
-1.04e+02,-5.73e+01,2.03e+02,6.10e+01
-1.07e+02,-5.02e+01,2.07e+02,6.10e+01
-1.15e+02,-6.70e+01,2.03e+02,6.20e+01
-9.73e+01,-4.69e+01,2.05e+02,6.30e+01
-3.18e+02,-7.68e+01,2.00e+02,6.10e+01
-1.02e+02,-5.29e+01,2.07e+02,6.20e+01
-1.06e+02,-5.86e+01,2.02e+02,6.10e+01
-1.07e+02,-6.25e+01,2.06e+02,6.10e+01
-9.80e+01,-6.08e+01,2.01e+02,6.10e+01
-1.16e+02,-6.30e+01,2.05e+02,6.30e+01
-1.06e+02,-5.83e+01,2.03e+02,6.10e+01
-1.09e+02,-5.35e+01,2.03e+02,6.20e+01
-1.03e+02,-4.99e+01,2.17e+02,6.60e+01
-1.05e+02,-5.31e+01,2.06e+02,6.10e+01
-1.01e+02,-6.36e+01,2.18e+02,6.60e+01
-9.44e+01,-4.86e+01,2.17e+02,6.60e+01
-1.05e+02,-6.70e+01,2.03e+02,6.10e+01
-9.53e+01,-5.73e+01,2.00e+02,6.10e+01
-1.08e+02,-5.51e+01,2.06e+02,6.20e+01
-1.04e+02,-4.94e+01,2.01e+02,6.10e+01
-1.04e+02,-5.57e+01,2.03e+02,6.10e+01
-1.15e+02,-4.99e+01,2.02e+02,6.10e+01
-1.11e+02,-5.79e+01,2.02e+02,6.10e+01
-1.87e+02,-8.19e+01,2.02e+02,6.10e+01
-1.10e+02,-5.63e+01,2.03e+02,6.20e+01
-1.07e+02,-5.92e+01,2.02e+02,6.10e+01
-9.98e+01,-6.03e+01,2.04e+02,6.30e+01
-1.07e+02,-5.72e+01,2.05e+02,6.30e+01
-1.05e+02,-6.29e+01,2.02e+02,6.10e+01
-1.06e+02,-5.15e+01,2.04e+02,6.20e+01
-1.07e+02,-5.60e+01,2.06e+02,6.10e+01
-1.04e+02,-5.19e+01,2.04e+02,6.10e+01
-9.69e+01,-5.50e+01,2.19e+02,6.70e+01
-3.23e+02,-1.09e+02,2.05e+02,6.30e+01
-9.75e+01,-5.98e+01,2.01e+02,6.10e+01
-1.22e+02,-8.51e+01,2.04e+02,6.10e+01
-1.00e+02,-5.13e+01,2.03e+02,6.20e+01
-1.14e+02,-7.03e+01,2.01e+02,6.10e+01
-1.02e+02,-4.78e+01,2.05e+02,6.30e+01
-2.16e+02,-5.50e+01,2.02e+02,6.10e+01
-9.00e+01,-4.68e+01,2.01e+02,6.10e+01
-9.32e+01,-4.63e+01,2.17e+02,6.60e+01
-9.88e+01,-5.93e+01,2.02e+02,6.10e+01
-1.12e+02,-6.30e+01,2.07e+02,6.10e+01
-1.22e+02,-7.54e+01,2.03e+02,6.20e+01
-1.08e+02,-5.47e+01,2.02e+02,6.10e+01
-3.20e+02,-8.26e+01,2.05e+02,6.10e+01
-1.04e+02,-5.25e+01,2.07e+02,6.10e+01
-9.78e+01,-4.97e+01,2.05e+02,6.10e+01
-1.13e+02,-5.49e+01,2.02e+02,6.10e+01
-1.11e+02,-5.02e+01,2.04e+02,6.10e+01
-1.02e+02,-6.19e+01,2.03e+02,6.20e+01
-1.05e+02,-6.85e+01,2.02e+02,6.10e+01
