-6.41e+01,-1.64e+01,1.00e+01,1.20e+01
-2.06e+01,8.79e+01,8.00e+00,1.20e+01
-6.01e+01,3.18e+00,9.00e+00,1.20e+01
-1.53e+01,5.87e+01,1.10e+01,1.20e+01
-1.54e+01,5.70e+01,1.10e+01,1.20e+01
-1.49e+01,5.08e+01,1.30e+01,1.20e+01
-4.35e+01,-1.31e+01,1.00e+01,1.20e+01
-5.44e+01,-3.57e+01,6.00e+00,1.20e+01
-2.97e+01,1.01e+01,1.10e+01,1.20e+01
-8.59e+00,6.79e+01,1.20e+01,1.20e+01
-4.50e+01,3.34e+01,1.00e+01,1.20e+01
-1.21e+01,3.92e+01,1.20e+01,1.20e+01
-4.95e+01,-2.65e+01,1.10e+01,1.20e+01
-7.48e+01,-2.63e+01,1.20e+01,1.20e+01
-4.11e+01,-3.17e+01,1.00e+01,1.20e+01
-4.32e+00,6.31e+01,1.20e+01,1.20e+01
2.40e+01,1.04e+02,1.40e+01,1.20e+01
-6.17e+00,6.38e+01,1.10e+01,1.20e+01
-2.19e+01,5.16e+01,1.20e+01,1.20e+01
-7.24e+01,-2.75e+01,9.00e+00,1.20e+01
-3.20e+00,5.61e+01,1.20e+01,1.20e+01
-1.32e+01,5.72e+01,8.00e+00,1.20e+01
-3.83e+01,-2.44e+01,4.00e+00,1.20e+01
-3.50e+01,-2.25e+01,8.00e+00,1.20e+01
-4.01e+01,-7.73e+00,9.00e+00,1.20e+01
-1.71e+01,5.28e+01,1.20e+01,1.20e+01
1.91e+01,8.57e+01,1.10e+01,1.20e+01
-1.72e+01,4.03e+01,1.00e+01,1.20e+01
-4.09e+01,2.23e+01,1.00e+01,1.20e+01
-6.07e+00,3.85e+01,1.40e+01,1.20e+01
-1.97e+01,3.65e+01,1.00e+01,1.20e+01
-1.14e+01,1.33e+02,1.10e+01,1.20e+01
-1.23e+00,1.35e+02,1.20e+01,1.20e+01
-5.52e+01,-8.40e+00,8.00e+00,1.20e+01
-1.78e+00,8.43e+01,1.30e+01,1.20e+01
-2.19e+01,5.90e+01,1.40e+01,1.20e+01
-4.16e+01,-4.07e+00,8.00e+00,1.20e+01
1.29e+01,2.38e+02,8.00e+00,1.20e+01
-3.58e+01,7.71e+00,1.10e+01,1.20e+01
2.01e+01,1.79e+02,9.00e+00,1.20e+01
-2.50e+00,6.12e+01,1.20e+01,1.20e+01
-5.11e+00,1.64e+02,8.00e+00,1.20e+01
-4.69e+01,-1.52e+01,9.00e+00,1.20e+01
-4.81e+01,-1.17e+01,8.00e+00,1.20e+01
-6.09e+00,1.07e+02,4.00e+00,1.20e+01
-9.03e+00,4.67e+01,1.30e+01,1.20e+01
-5.35e+01,-3.11e+01,1.20e+01,1.20e+01
-1.79e+01,9.45e+01,1.50e+01,1.20e+01
-6.41e+01,-3.11e+01,9.00e+00,1.20e+01
-1.57e+00,7.57e+01,1.20e+01,1.20e+01
1.63e+01,2.49e+02,1.20e+01,1.20e+01
3.67e+00,4.33e+01,1.30e+01,1.20e+01
-2.48e+01,4.00e+01,5.00e+00,1.20e+01
-1.79e+01,1.07e+02,7.00e+00,1.20e+01
-4.03e+01,-5.72e+00,1.10e+01,1.20e+01
-2.95e+01,-3.27e-01,8.00e+00,1.20e+01
-2.94e+01,-6.31e+00,1.00e+01,1.20e+01
-1.13e+00,6.01e+01,1.10e+01,1.20e+01
-3.01e+01,3.98e+01,1.20e+01,1.20e+01
-3.36e+01,-1.27e+01,1.00e+01,1.20e+01
-3.11e+01,6.14e+01,1.20e+01,1.20e+01
-6.99e+01,-1.73e+01,7.00e+00,1.20e+01
-2.78e+01,3.48e+01,1.30e+01,1.20e+01
-1.48e+01,1.60e+02,1.00e+01,1.20e+01
-3.25e+01,1.15e+01,1.20e+01,1.20e+01
-2.94e+01,7.09e+01,1.00e+01,1.20e+01
-2.11e+01,2.29e+01,1.00e+01,1.20e+01
-5.15e+01,4.74e+01,1.00e+01,1.20e+01
-1.91e+01,3.96e+01,1.30e+01,1.20e+01
-3.72e+01,-1.41e+01,9.00e+00,1.20e+01
-3.35e+01,-1.14e+01,6.00e+00,1.20e+01
-4.05e+01,3.91e+01,9.00e+00,1.20e+01
-2.08e+01,4.43e+01,1.40e+01,1.20e+01
-2.17e+01,4.68e+01,1.30e+01,1.20e+01
-5.95e+01,-3.77e+01,6.00e+00,1.20e+01
-3.28e+01,1.91e+01,1.20e+01,1.20e+01
-2.35e+01,4.46e+01,1.20e+01,1.20e+01
-4.45e+01,2.76e+01,1.00e+01,1.20e+01
-6.64e+01,-9.69e+00,1.30e+01,1.20e+01
-4.86e+01,4.10e+00,1.10e+01,1.20e+01
-1.94e+01,4.08e+01,9.00e+00,1.20e+01
-8.57e+00,4.38e+01,1.30e+01,1.20e+01
-6.44e+01,-1.74e+01,1.10e+01,1.20e+01
-3.66e+01,4.48e+00,1.20e+01,1.20e+01
-2.72e+01,4.57e+01,1.10e+01,1.20e+01
-3.28e+01,3.14e+01,7.00e+00,1.20e+01
-8.84e+00,4.49e+01,1.40e+01,1.20e+01
-3.21e+01,-8.74e+00,8.00e+00,1.20e+01
-2.19e+01,3.36e+01,1.20e+01,1.20e+01
-1.90e+01,4.93e+01,1.30e+01,1.20e+01
-4.64e+01,-1.03e+01,8.00e+00,1.20e+01
4.12e+00,2.41e+02,7.00e+00,1.20e+01
-3.10e+01,2.51e+01,1.10e+01,1.20e+01
-1.34e+01,8.07e+01,1.40e+01,1.20e+01
-5.69e+01,8.97e+00,1.00e+01,1.20e+01
1.69e+01,1.44e+02,8.00e+00,1.20e+01
1.17e+01,1.59e+02,1.00e+01,1.20e+01
-8.73e+00,6.64e+01,1.30e+01,1.20e+01
-1.45e+01,3.79e+01,9.00e+00,1.20e+01
-4.15e+01,3.55e-01,8.00e+00,1.20e+01
-1.90e+01,5.60e+01,8.00e+00,1.20e+01
-4.56e+01,-2.12e+01,1.10e+01,1.20e+01
-3.59e+01,-5.31e+00,1.20e+01,1.20e+01
-3.94e+01,1.14e+01,1.20e+01,1.20e+01
-2.40e+01,4.68e+01,9.00e+00,1.20e+01
-6.74e+01,2.68e+01,1.20e+01,1.20e+01
3.90e+00,4.44e+01,1.30e+01,1.20e+01
-5.67e+00,5.81e+01,1.00e+01,1.20e+01
-4.35e+00,4.10e+01,1.30e+01,1.20e+01
-7.58e+00,6.20e+01,1.40e+01,1.20e+01
-4.15e+01,-5.43e+00,9.00e+00,1.20e+01
6.78e-01,6.78e+01,1.80e+01,1.20e+01
-6.33e+01,1.15e+01,1.20e+01,1.20e+01
3.08e+00,1.70e+02,1.00e+01,1.20e+01
-5.56e+01,-4.08e+01,1.40e+01,1.20e+01
-3.92e+01,4.57e+01,1.00e+01,1.20e+01
2.25e+01,2.13e+02,1.30e+01,1.20e+01
-9.50e-01,7.01e+01,1.00e+01,1.20e+01
-3.79e+01,5.60e-02,1.20e+01,1.20e+01
7.21e+00,9.25e+01,1.30e+01,1.20e+01
-4.97e+01,1.76e+01,6.00e+00,1.20e+01
-4.39e+01,1.52e-01,1.10e+01,1.20e+01
-7.10e+00,5.73e+01,1.10e+01,1.20e+01
-1.67e+01,4.10e+01,1.60e+01,1.20e+01
-6.53e-01,6.74e+01,1.20e+01,1.20e+01
-2.57e+01,5.84e+01,1.20e+01,1.20e+01
-1.60e+01,2.33e+02,9.00e+00,1.20e+01
2.53e+00,1.14e+02,8.00e+00,1.20e+01
