3.76e+02,1.28e+03,4.90e+01,4.00e+01
4.32e+02,1.24e+03,5.00e+01,4.10e+01
2.33e+02,8.43e+02,5.40e+01,4.00e+01
4.42e+02,1.51e+03,4.90e+01,4.00e+01
3.81e+02,1.14e+03,4.90e+01,4.00e+01
3.44e+02,1.08e+03,4.90e+01,4.00e+01
3.02e+02,7.75e+02,4.70e+01,3.70e+01
2.65e+02,1.23e+03,5.30e+01,4.00e+01
3.96e+02,1.29e+03,5.00e+01,4.10e+01
3.93e+02,1.45e+03,4.80e+01,3.80e+01
3.64e+02,1.16e+03,4.70e+01,3.70e+01
4.46e+02,1.27e+03,5.10e+01,4.10e+01
3.69e+02,1.14e+03,5.50e+01,4.10e+01
3.30e+02,9.11e+02,4.70e+01,3.70e+01
3.99e+02,1.38e+03,4.90e+01,3.90e+01
4.13e+02,1.17e+03,4.90e+01,3.90e+01
2.07e+02,5.43e+02,4.80e+01,3.80e+01
4.04e+02,1.48e+03,5.00e+01,4.00e+01
3.80e+02,9.88e+02,4.80e+01,3.70e+01
4.97e+02,1.46e+03,5.10e+01,4.10e+01
3.64e+02,9.80e+02,4.70e+01,3.70e+01
3.25e+02,1.03e+03,4.70e+01,3.70e+01
3.93e+02,1.16e+03,5.00e+01,4.10e+01
4.06e+02,1.45e+03,4.80e+01,3.80e+01
4.07e+02,1.26e+03,4.90e+01,4.00e+01
4.16e+02,1.22e+03,5.30e+01,4.00e+01
2.38e+02,5.59e+02,4.80e+01,3.80e+01
4.90e+02,1.26e+03,4.90e+01,4.00e+01
3.85e+02,1.32e+03,4.80e+01,3.80e+01
4.08e+02,1.10e+03,5.10e+01,4.10e+01
3.47e+02,1.10e+03,5.20e+01,4.20e+01
3.28e+02,1.42e+03,4.90e+01,3.80e+01
3.91e+02,1.45e+03,4.80e+01,3.80e+01
3.02e+02,1.19e+03,4.90e+01,4.00e+01
3.18e+02,1.50e+03,4.90e+01,3.80e+01
4.63e+02,1.21e+03,4.90e+01,4.00e+01
4.65e+02,1.31e+03,5.40e+01,4.00e+01
2.92e+02,9.37e+02,4.80e+01,3.80e+01
1.12e+02,2.79e+02,5.70e+01,4.20e+01
1.93e+02,5.66e+02,4.70e+01,3.70e+01
3.86e+02,1.21e+03,5.00e+01,4.10e+01
3.93e+02,1.05e+03,5.10e+01,4.10e+01
4.32e+02,1.29e+03,5.10e+01,4.20e+01
3.37e+02,1.20e+03,5.20e+01,4.10e+01
3.91e+02,1.35e+03,4.80e+01,3.80e+01
1.79e+02,2.99e+02,4.90e+01,3.80e+01
2.26e+02,6.73e+02,4.80e+01,3.80e+01
3.89e+02,1.30e+03,5.00e+01,4.10e+01
3.17e+02,1.02e+03,5.10e+01,4.10e+01
4.54e+02,1.43e+03,5.00e+01,4.10e+01
5.44e+02,1.47e+03,5.10e+01,4.20e+01
3.44e+02,8.98e+02,5.20e+01,4.00e+01
4.39e+02,1.50e+03,5.00e+01,4.00e+01
2.96e+02,1.01e+03,5.50e+01,4.10e+01
2.08e+02,9.47e+02,4.70e+01,3.70e+01
4.86e+02,1.52e+03,5.00e+01,4.00e+01
4.02e+02,1.14e+03,5.00e+01,4.00e+01
2.20e+02,7.25e+02,5.00e+01,3.90e+01
3.24e+02,7.46e+02,4.90e+01,3.90e+01
5.25e+02,1.44e+03,4.90e+01,4.00e+01
5.10e+02,1.44e+03,5.00e+01,4.10e+01
2.89e+02,1.10e+03,5.10e+01,4.10e+01
3.91e+02,1.45e+03,5.00e+01,3.80e+01
4.50e+02,1.44e+03,4.90e+01,3.90e+01
3.86e+02,1.23e+03,5.10e+01,4.00e+01
3.94e+02,1.18e+03,5.10e+01,4.10e+01
5.44e+02,1.48e+03,5.50e+01,4.10e+01
3.06e+02,9.81e+02,4.80e+01,3.70e+01
4.41e+02,1.28e+03,5.20e+01,4.10e+01
3.39e+02,1.30e+03,5.10e+01,4.00e+01
3.72e+02,1.21e+03,5.40e+01,4.00e+01
4.33e+02,1.14e+03,5.30e+01,4.00e+01
2.71e+02,8.46e+02,4.70e+01,3.70e+01
3.42e+02,1.27e+03,4.90e+01,4.00e+01
2.02e+02,9.69e+02,5.50e+01,4.10e+01
4.33e+02,1.30e+03,5.00e+01,4.10e+01
4.29e+02,1.13e+03,4.90e+01,4.00e+01
2.13e+02,7.83e+02,5.00e+01,3.90e+01
5.16e+02,1.43e+03,5.00e+01,4.10e+01
2.99e+02,9.43e+02,5.00e+01,4.10e+01
3.00e+02,8.07e+02,5.20e+01,4.10e+01
2.36e+02,7.47e+02,5.10e+01,4.10e+01
3.18e+02,1.23e+03,4.70e+01,3.70e+01
4.93e+02,1.47e+03,5.10e+01,4.10e+01
2.11e+02,5.68e+02,4.70e+01,3.70e+01
3.71e+02,1.13e+03,5.10e+01,4.00e+01
3.96e+02,1.45e+03,4.80e+01,3.80e+01
3.77e+02,1.18e+03,4.80e+01,3.70e+01
2.60e+02,9.69e+02,4.70e+01,3.70e+01
4.01e+02,1.17e+03,5.60e+01,4.10e+01
3.59e+02,1.03e+03,4.90e+01,4.00e+01
3.82e+02,1.18e+03,4.90e+01,4.00e+01
4.51e+02,1.26e+03,5.10e+01,4.10e+01
4.54e+02,1.46e+03,4.90e+01,4.00e+01
2.70e+02,7.10e+02,5.00e+01,3.90e+01
3.27e+02,1.10e+03,5.20e+01,4.20e+01
3.92e+02,1.13e+03,5.00e+01,3.90e+01
5.07e+02,1.46e+03,4.90e+01,4.00e+01
2.14e+02,6.36e+02,4.90e+01,3.80e+01
1.73e+02,4.99e+02,4.80e+01,3.70e+01
3.37e+02,9.92e+02,4.70e+01,3.70e+01
4.29e+02,1.11e+03,4.90e+01,4.00e+01
4.48e+02,1.13e+03,4.90e+01,4.00e+01
3.61e+02,1.12e+03,4.90e+01,3.90e+01
2.43e+02,8.91e+02,5.50e+01,4.10e+01
2.64e+02,1.30e+03,4.70e+01,3.70e+01
3.40e+02,9.59e+02,4.90e+01,3.90e+01
3.93e+02,1.20e+03,5.20e+01,4.20e+01
3.38e+02,9.76e+02,5.40e+01,4.00e+01
4.42e+02,1.50e+03,4.90e+01,4.00e+01
2.94e+02,9.49e+02,5.00e+01,3.90e+01
3.42e+02,9.69e+02,5.00e+01,4.10e+01
3.55e+02,1.16e+03,5.00e+01,3.90e+01
3.01e+02,1.26e+03,5.40e+01,4.00e+01
2.96e+02,1.05e+03,4.90e+01,3.80e+01
4.01e+02,1.07e+03,5.20e+01,3.90e+01
5.00e+02,1.46e+03,5.10e+01,4.10e+01
3.06e+02,9.89e+02,5.00e+01,3.90e+01
3.68e+02,8.63e+02,4.70e+01,3.70e+01
5.22e+02,1.47e+03,4.90e+01,4.00e+01
6.72e+01,1.73e+02,5.10e+01,4.10e+01
1.10e+02,2.50e+02,4.90e+01,4.00e+01
3.34e+02,9.12e+02,4.90e+01,4.00e+01
3.02e+02,1.08e+03,4.80e+01,3.80e+01
2.94e+02,9.75e+02,4.70e+01,3.70e+01
3.95e+02,1.17e+03,5.10e+01,4.10e+01
3.47e+02,1.21e+03,5.00e+01,4.10e+01
4.85e+02,1.53e+03,4.90e+01,4.00e+01
