-1.31e+02,-8.31e+01,2.00e+01,1.20e+01
-1.33e+02,-9.21e+01,1.90e+01,1.20e+01
-1.38e+02,-8.97e+01,2.30e+01,1.30e+01
-1.47e+02,-1.02e+02,1.90e+01,1.20e+01
-1.37e+02,-9.02e+01,2.00e+01,1.20e+01
-1.40e+02,-1.00e+02,2.10e+01,1.30e+01
-1.34e+02,-8.99e+01,2.10e+01,1.20e+01
-1.37e+02,-8.28e+01,1.90e+01,1.20e+01
-1.43e+02,-1.00e+02,2.00e+01,1.20e+01
-1.42e+02,-1.12e+02,2.50e+01,1.60e+01
-1.45e+02,-1.15e+02,1.90e+01,1.20e+01
-1.44e+02,-1.07e+02,2.00e+01,1.20e+01
-1.41e+02,-9.72e+01,2.20e+01,1.30e+01
-1.35e+02,-9.75e+01,2.30e+01,1.30e+01
-1.40e+02,-8.67e+01,2.30e+01,1.40e+01
-1.43e+02,-1.03e+02,1.90e+01,1.20e+01
-1.40e+02,-9.85e+01,2.00e+01,1.20e+01
-1.43e+02,-1.09e+02,2.20e+01,1.20e+01
-1.39e+02,-8.38e+01,2.20e+01,1.30e+01
-1.30e+02,-8.25e+01,1.90e+01,1.20e+01
-1.41e+02,-9.43e+01,2.00e+01,1.30e+01
-1.35e+02,-9.36e+01,2.10e+01,1.20e+01
-1.41e+02,-9.63e+01,2.20e+01,1.30e+01
-1.42e+02,-9.43e+01,1.90e+01,1.20e+01
-1.33e+02,-6.91e+01,2.00e+01,1.20e+01
-1.44e+02,-1.07e+02,2.40e+01,1.50e+01
-1.45e+02,-1.13e+02,1.90e+01,1.20e+01
-1.44e+02,-1.05e+02,2.20e+01,1.20e+01
-1.47e+02,-1.04e+02,2.00e+01,1.30e+01
-1.32e+02,-8.21e+01,2.10e+01,1.20e+01
-1.38e+02,-9.54e+01,2.30e+01,1.40e+01
-1.45e+02,-9.42e+01,1.90e+01,1.20e+01
-1.30e+02,-8.51e+01,2.00e+01,1.30e+01
-1.32e+02,-9.44e+01,2.10e+01,1.20e+01
-1.40e+02,-1.05e+02,2.20e+01,1.30e+01
-1.41e+02,-1.01e+02,2.20e+01,1.30e+01
-1.42e+02,-9.40e+01,1.90e+01,1.20e+01
-1.42e+02,-1.04e+02,2.00e+01,1.20e+01
-1.49e+02,-1.15e+02,2.30e+01,1.30e+01
-1.36e+02,-9.66e+01,1.90e+01,1.20e+01
-1.37e+02,-9.38e+01,2.00e+01,1.20e+01
-1.30e+02,-8.58e+01,2.20e+01,1.40e+01
-1.42e+02,-9.10e+01,2.50e+01,1.50e+01
-1.36e+02,-9.54e+01,1.90e+01,1.20e+01
-1.44e+02,-1.11e+02,2.20e+01,1.30e+01
-1.50e+02,-9.43e+01,2.20e+01,1.30e+01
-1.34e+02,-7.62e+01,2.00e+01,1.20e+01
-1.75e+02,-1.13e+02,1.90e+01,1.20e+01
-1.99e+02,-1.96e+02,2.30e+01,1.20e+01
-1.41e+02,-1.04e+02,2.00e+01,1.20e+01
-1.52e+02,-1.05e+02,2.30e+01,1.30e+01
-1.37e+02,-9.49e+01,2.10e+01,1.30e+01
-1.40e+02,-9.93e+01,2.10e+01,1.20e+01
-1.46e+02,-1.01e+02,2.20e+01,1.30e+01
-1.47e+02,-1.06e+02,2.30e+01,1.20e+01
-1.60e+02,-1.19e+02,2.00e+01,1.20e+01
-1.97e+02,-1.96e+02,2.00e+01,1.20e+01
-1.38e+02,-1.04e+02,2.00e+01,1.20e+01
-1.55e+02,-1.07e+02,1.90e+01,1.20e+01
-1.43e+02,-9.88e+01,2.10e+01,1.20e+01
-1.37e+02,-9.39e+01,2.00e+01,1.20e+01
-1.33e+02,-9.37e+01,2.50e+01,1.60e+01
-1.41e+02,-1.04e+02,2.40e+01,1.40e+01
-1.39e+02,-1.02e+02,2.30e+01,1.20e+01
-1.68e+02,-1.05e+02,2.30e+01,1.20e+01
-1.31e+02,-8.17e+01,2.00e+01,1.20e+01
-1.36e+02,-9.70e+01,2.10e+01,1.30e+01
-1.45e+02,-1.13e+02,1.90e+01,1.20e+01
-1.35e+02,-9.16e+01,2.10e+01,1.20e+01
-1.34e+02,-9.20e+01,2.00e+01,1.20e+01
-1.42e+02,-9.54e+01,2.20e+01,1.40e+01
-1.36e+02,-9.46e+01,2.10e+01,1.30e+01
-1.36e+02,-9.21e+01,2.00e+01,1.20e+01
-1.40e+02,-1.06e+02,2.00e+01,1.30e+01
-1.34e+02,-9.41e+01,2.10e+01,1.20e+01
-1.41e+02,-9.64e+01,2.60e+01,1.70e+01
-1.39e+02,-9.20e+01,2.00e+01,1.30e+01
-1.36e+02,-9.30e+01,2.00e+01,1.20e+01
-1.97e+02,-1.95e+02,1.90e+01,1.20e+01
-1.38e+02,-1.02e+02,2.00e+01,1.20e+01
-1.36e+02,-9.22e+01,2.20e+01,1.30e+01
-1.95e+02,-1.90e+02,2.00e+01,1.20e+01
-1.43e+02,-9.62e+01,2.10e+01,1.30e+01
-1.39e+02,-1.03e+02,2.10e+01,1.20e+01
-1.37e+02,-1.03e+02,2.20e+01,1.30e+01
-1.36e+02,-8.06e+01,2.10e+01,1.30e+01
-1.59e+02,-1.16e+02,2.30e+01,1.40e+01
-1.56e+02,-1.05e+02,2.00e+01,1.20e+01
-1.86e+02,-1.30e+02,1.90e+01,1.20e+01
-1.33e+02,-8.78e+01,2.20e+01,1.20e+01
-1.36e+02,-9.62e+01,2.30e+01,1.30e+01
-1.65e+02,-1.15e+02,2.00e+01,1.20e+01
-1.35e+02,-8.47e+01,2.00e+01,1.20e+01
-1.41e+02,-9.20e+01,2.30e+01,1.30e+01
-1.39e+02,-8.34e+01,2.40e+01,1.30e+01
-1.37e+02,-1.03e+02,2.20e+01,1.30e+01
-1.44e+02,-1.03e+02,2.10e+01,1.20e+01
-1.31e+02,-9.20e+01,2.00e+01,1.20e+01
-1.97e+02,-1.96e+02,2.00e+01,1.20e+01
-1.43e+02,-1.04e+02,2.00e+01,1.20e+01
-1.40e+02,-9.15e+01,2.00e+01,1.20e+01
-1.84e+02,-1.15e+02,2.00e+01,1.20e+01
-1.31e+02,-8.90e+01,1.90e+01,1.20e+01
-1.59e+02,-8.52e+01,2.00e+01,1.20e+01
-1.40e+02,-9.77e+01,2.20e+01,1.30e+01
-1.27e+02,-8.77e+01,1.90e+01,1.20e+01
-1.38e+02,-8.63e+01,1.90e+01,1.20e+01
-1.32e+02,-8.43e+01,2.00e+01,1.30e+01
-1.34e+02,-8.50e+01,2.00e+01,1.20e+01
-1.66e+02,-9.96e+01,2.60e+01,1.60e+01
-1.37e+02,-8.38e+01,2.00e+01,1.20e+01
-1.44e+02,-1.08e+02,2.10e+01,1.20e+01
-1.49e+02,-8.15e+01,2.00e+01,1.30e+01
-1.96e+02,-1.96e+02,1.90e+01,1.20e+01
-1.57e+02,-9.51e+01,2.30e+01,1.40e+01
-1.97e+02,-1.95e+02,2.00e+01,1.20e+01
-1.96e+02,-1.95e+02,2.10e+01,1.30e+01
-1.35e+02,-1.01e+02,2.10e+01,1.20e+01
-1.53e+02,-9.39e+01,2.10e+01,1.30e+01
-1.46e+02,-1.16e+02,2.10e+01,1.30e+01
-1.93e+02,-1.75e+02,2.00e+01,1.20e+01
-1.36e+02,-9.26e+01,2.00e+01,1.20e+01
-1.32e+02,-8.46e+01,2.10e+01,1.30e+01
-1.34e+02,-9.20e+01,2.20e+01,1.30e+01
-1.36e+02,-8.14e+01,2.30e+01,1.30e+01
-1.41e+02,-1.05e+02,2.20e+01,1.30e+01
-2.00e+02,-1.97e+02,2.40e+01,1.30e+01
-1.43e+02,-1.08e+02,2.30e+01,1.30e+01
-1.61e+02,-8.28e+01,2.10e+01,1.30e+01
-1.46e+02,-1.03e+02,2.10e+01,1.20e+01
-1.36e+02,-1.01e+02,1.90e+01,1.20e+01
-1.57e+02,-1.04e+02,2.30e+01,1.30e+01
-1.36e+02,-9.62e+01,2.40e+01,1.30e+01
-1.39e+02,-9.02e+01,2.40e+01,1.30e+01
-1.36e+02,-9.72e+01,2.10e+01,1.20e+01
-1.97e+02,-1.95e+02,2.10e+01,1.20e+01
-1.56e+02,-1.15e+02,2.10e+01,1.30e+01
-1.38e+02,-9.78e+01,2.30e+01,1.30e+01
-1.33e+02,-9.47e+01,2.00e+01,1.30e+01
-1.41e+02,-1.05e+02,2.30e+01,1.30e+01
-1.46e+02,-9.25e+01,2.20e+01,1.30e+01
-1.45e+02,-1.05e+02,2.30e+01,1.30e+01
-1.25e+02,-8.24e+01,2.10e+01,1.30e+01
-1.31e+02,-8.40e+01,2.60e+01,1.70e+01
-1.65e+02,-1.17e+02,2.20e+01,1.30e+01
-1.39e+02,-9.71e+01,2.00e+01,1.20e+01
-1.41e+02,-1.04e+02,2.10e+01,1.30e+01
-1.46e+02,-1.16e+02,2.10e+01,1.20e+01
-1.74e+02,-1.06e+02,2.30e+01,1.20e+01
-1.33e+02,-8.48e+01,2.10e+01,1.20e+01
-1.40e+02,-1.09e+02,2.10e+01,1.20e+01
-1.43e+02,-1.08e+02,2.10e+01,1.20e+01
-1.52e+02,-1.04e+02,2.00e+01,1.20e+01
-1.30e+02,-7.69e+01,2.10e+01,1.30e+01
-1.54e+02,-1.00e+02,2.40e+01,1.30e+01
-1.41e+02,-9.54e+01,2.30e+01,1.30e+01
-1.39e+02,-1.03e+02,2.40e+01,1.40e+01
-1.43e+02,-1.04e+02,2.40e+01,1.30e+01
-1.42e+02,-9.36e+01,1.90e+01,1.20e+01
-1.97e+02,-1.95e+02,2.10e+01,1.20e+01
-1.41e+02,-9.33e+01,2.00e+01,1.20e+01
-1.42e+02,-1.09e+02,2.20e+01,1.40e+01
-1.43e+02,-1.04e+02,2.00e+01,1.20e+01
-1.41e+02,-1.03e+02,2.00e+01,1.20e+01
-1.43e+02,-1.05e+02,2.20e+01,1.30e+01
-1.41e+02,-1.04e+02,2.40e+01,1.30e+01
-1.39e+02,-1.02e+02,2.00e+01,1.20e+01
-1.38e+02,-1.01e+02,2.20e+01,1.30e+01
-1.43e+02,-1.14e+02,2.20e+01,1.30e+01
-1.46e+02,-6.96e+01,2.00e+01,1.30e+01
-1.28e+02,-8.69e+01,2.60e+01,1.60e+01
-1.37e+02,-9.54e+01,2.00e+01,1.20e+01
-1.81e+02,-1.08e+02,2.30e+01,1.30e+01
-1.52e+02,-1.04e+02,2.30e+01,1.30e+01
-1.99e+02,-1.96e+02,2.30e+01,1.20e+01
-1.41e+02,-9.18e+01,2.00e+01,1.30e+01
-1.40e+02,-9.26e+01,2.10e+01,1.30e+01
-1.68e+02,-1.07e+02,2.00e+01,1.20e+01
-1.35e+02,-8.89e+01,2.30e+01,1.30e+01
-1.33e+02,-8.53e+01,2.20e+01,1.30e+01
-1.40e+02,-9.26e+01,2.00e+01,1.20e+01
-1.71e+02,-8.49e+01,2.20e+01,1.30e+01
-1.57e+02,-1.05e+02,2.00e+01,1.20e+01
-1.54e+02,-1.07e+02,2.10e+01,1.30e+01
-1.83e+02,-1.09e+02,2.00e+01,1.30e+01
-1.56e+02,-1.10e+02,2.10e+01,1.30e+01
-1.48e+02,-1.12e+02,2.20e+01,1.20e+01
-1.84e+02,-1.09e+02,2.00e+01,1.20e+01
-1.36e+02,-1.04e+02,2.60e+01,1.60e+01
-1.84e+02,-1.15e+02,2.10e+01,1.20e+01
-1.38e+02,-1.02e+02,1.90e+01,1.20e+01
-1.96e+02,-1.96e+02,2.10e+01,1.30e+01
