-9.32e+00,5.13e+01,3.50e+01,2.80e+01
2.07e+00,9.76e+01,3.50e+01,2.90e+01
-1.70e+01,4.48e+01,3.40e+01,2.80e+01
4.66e+00,1.04e+02,3.50e+01,2.80e+01
-1.97e+01,2.57e+01,3.50e+01,2.80e+01
-3.11e+01,9.77e+01,3.60e+01,2.80e+01
-2.15e+01,7.32e+01,3.50e+01,2.80e+01
-1.10e+01,6.86e+01,3.40e+01,2.80e+01
-2.15e+01,4.37e+01,3.40e+01,2.80e+01
-2.02e+01,6.60e+01,3.50e+01,2.90e+01
-9.01e+00,3.00e+01,3.70e+01,2.80e+01
-1.34e+01,5.64e+01,3.70e+01,2.80e+01
-2.83e+01,2.65e+01,3.70e+01,2.90e+01
-1.33e+01,4.74e+01,3.40e+01,2.80e+01
-2.18e+01,4.15e+01,3.60e+01,2.80e+01
-2.70e+01,5.07e+01,3.60e+01,2.90e+01
-5.05e+00,8.83e+01,3.60e+01,2.90e+01
4.47e+00,9.61e+01,3.80e+01,2.90e+01
7.11e+00,1.01e+02,3.80e+01,2.90e+01
-9.28e+00,3.56e+01,3.50e+01,2.80e+01
-1.12e+01,5.18e+01,3.60e+01,2.90e+01
-4.92e+00,7.22e+01,3.60e+01,2.80e+01
-1.84e+01,4.89e+01,3.50e+01,2.80e+01
-9.49e+00,3.20e+01,3.50e+01,2.90e+01
-4.33e+00,3.02e+01,3.50e+01,2.80e+01
-8.10e+00,6.12e+01,3.50e+01,2.80e+01
-6.73e+00,7.52e+01,3.60e+01,2.80e+01
-1.01e+01,6.35e+01,3.50e+01,2.80e+01
8.60e-01,9.95e+01,3.60e+01,2.80e+01
8.43e+00,1.04e+02,3.70e+01,2.80e+01
-9.11e+00,8.97e+01,3.50e+01,2.90e+01
-1.31e+01,3.00e+01,3.50e+01,2.80e+01
-1.23e+01,4.11e+01,3.80e+01,2.80e+01
2.72e+00,7.83e+01,3.60e+01,2.80e+01
1.56e+01,1.21e+02,3.60e+01,2.80e+01
-2.90e+01,5.89e+01,3.60e+01,3.00e+01
-2.21e+01,4.31e+01,3.70e+01,2.80e+01
-2.05e+00,3.33e+01,3.80e+01,2.90e+01
-5.39e+00,3.22e+01,3.50e+01,2.80e+01
-2.80e+01,2.07e+01,3.60e+01,2.80e+01
-3.60e+00,7.14e+01,3.50e+01,2.80e+01
-7.61e+00,3.76e+01,3.60e+01,3.00e+01
-1.05e+01,4.82e+01,3.60e+01,2.90e+01
-6.62e+00,5.42e+01,3.60e+01,2.80e+01
-9.12e+00,7.36e+01,3.60e+01,2.80e+01
-1.16e+01,5.36e+01,3.80e+01,3.00e+01
-1.22e+00,4.88e+01,3.70e+01,2.80e+01
-1.14e+01,8.90e+01,3.70e+01,2.90e+01
1.18e+01,1.03e+02,3.40e+01,2.80e+01
1.84e+01,9.97e+01,3.60e+01,3.00e+01
-4.37e+00,4.38e+01,3.70e+01,2.90e+01
-2.55e+01,4.99e+01,3.50e+01,2.90e+01
-1.34e+01,4.29e+01,3.70e+01,3.00e+01
-2.26e+00,7.90e+01,3.50e+01,2.80e+01
-8.51e+00,8.53e+01,3.70e+01,2.80e+01
7.32e+00,1.29e+02,3.60e+01,2.90e+01
-3.15e+01,2.77e+01,3.70e+01,2.80e+01
-2.11e+01,3.95e+01,3.80e+01,3.00e+01
1.79e+00,1.10e+02,3.60e+01,2.80e+01
-1.22e+01,5.62e+01,3.60e+01,2.90e+01
-4.76e+00,5.25e+01,3.40e+01,2.80e+01
-1.97e+00,6.15e+01,3.90e+01,3.00e+01
-2.38e+01,3.80e+01,3.60e+01,2.80e+01
-1.76e+01,5.56e+01,3.50e+01,2.80e+01
1.47e+01,1.27e+02,3.60e+01,2.90e+01
-4.47e+01,5.07e+01,3.60e+01,2.90e+01
-1.48e+01,4.30e+01,3.70e+01,2.90e+01
-2.37e+01,6.04e+01,3.60e+01,2.80e+01
2.49e+00,1.41e+02,3.60e+01,2.80e+01
-2.02e+01,8.43e+01,3.60e+01,2.90e+01
-8.25e+00,9.47e+01,3.50e+01,2.80e+01
-1.26e+01,3.23e+01,3.80e+01,2.90e+01
-4.30e+01,5.72e+01,3.50e+01,2.80e+01
-1.38e+01,4.98e+01,3.60e+01,2.80e+01
-1.16e+01,7.47e+01,3.50e+01,2.80e+01
-4.76e+00,6.22e+01,3.60e+01,2.80e+01
-7.94e-01,4.50e+01,3.60e+01,2.90e+01
-1.18e+01,6.05e+01,3.50e+01,2.80e+01
3.80e-01,1.28e+02,3.60e+01,2.80e+01
-3.24e+00,1.08e+02,3.50e+01,2.80e+01
-3.06e+01,2.21e+01,3.60e+01,2.80e+01
-1.22e+01,7.14e+01,3.50e+01,2.80e+01
-1.50e+01,8.01e+01,3.50e+01,2.80e+01
4.11e+00,1.22e+02,3.50e+01,2.80e+01
-1.10e+01,1.12e+02,3.60e+01,2.80e+01
-1.14e+01,2.97e+01,3.70e+01,2.80e+01
-7.93e+00,1.08e+02,3.60e+01,2.90e+01
-2.69e+01,4.00e+01,3.60e+01,2.80e+01
5.32e+00,8.70e+01,3.60e+01,2.80e+01
6.99e+00,1.07e+02,3.60e+01,2.90e+01
-1.12e+01,6.20e+01,3.60e+01,2.80e+01
-1.04e+01,8.24e+01,3.60e+01,2.80e+01
-1.26e+01,4.04e+01,3.60e+01,2.80e+01
-2.30e+00,3.58e+01,3.60e+01,2.80e+01
-7.76e+00,3.72e+01,3.60e+01,3.00e+01
-1.53e+01,5.37e+01,3.50e+01,2.80e+01
-1.48e+01,7.75e+01,3.60e+01,3.00e+01
-1.43e+01,6.70e+01,3.50e+01,2.80e+01
2.72e+00,5.06e+01,3.60e+01,2.90e+01
-2.41e+01,4.14e+01,3.70e+01,2.90e+01
-5.00e+01,2.01e+01,3.60e+01,2.90e+01
-3.80e+01,4.62e+01,3.60e+01,3.00e+01
-1.87e+01,7.17e+01,3.60e+01,2.90e+01
-6.54e+00,9.30e+01,3.60e+01,2.80e+01
-9.12e+00,8.10e+01,3.60e+01,2.90e+01
1.99e+00,7.01e+01,3.60e+01,2.80e+01
-9.45e+00,2.71e+01,3.60e+01,2.90e+01
-1.35e+01,3.85e+01,3.60e+01,2.80e+01
-2.73e+00,7.24e+01,3.50e+01,2.80e+01
8.17e+00,1.19e+02,3.60e+01,2.90e+01
-5.85e+00,5.26e+01,3.60e+01,2.80e+01
-4.72e+00,5.31e+01,3.50e+01,2.80e+01
-6.95e+00,6.30e+01,3.60e+01,2.80e+01
-1.15e+01,3.18e+01,3.60e+01,2.90e+01
-1.36e+01,8.14e+01,3.60e+01,2.90e+01
-1.36e+01,5.96e+01,3.60e+01,2.90e+01
-3.12e+01,3.22e+01,3.50e+01,2.90e+01
6.33e+00,8.34e+01,3.50e+01,2.80e+01
-6.60e+00,7.29e+01,3.60e+01,2.80e+01
-2.08e+00,9.39e+01,3.80e+01,2.90e+01
-1.69e+01,3.16e+01,3.60e+01,2.80e+01
-2.09e+01,5.17e+01,3.80e+01,2.90e+01
-5.78e+00,7.82e+01,3.60e+01,3.00e+01
-1.08e+01,3.10e+01,3.60e+01,2.80e+01
-1.36e+01,6.00e+01,3.50e+01,2.80e+01
-7.53e+00,1.08e+02,3.70e+01,2.80e+01
-3.06e+01,4.65e+01,3.90e+01,3.00e+01
2.83e+00,7.00e+01,3.40e+01,2.80e+01
