4.73e+01,2.74e+02,7.70e+01,3.50e+01
5.02e+01,3.35e+02,8.20e+01,3.70e+01
6.93e+01,4.21e+02,7.80e+01,3.50e+01
4.40e+01,2.87e+02,7.70e+01,3.50e+01
6.32e+01,4.28e+02,8.30e+01,3.70e+01
6.00e+01,3.32e+02,7.80e+01,3.50e+01
6.05e+01,3.24e+02,7.90e+01,3.60e+01
4.93e+01,4.48e+02,7.70e+01,3.50e+01
2.86e+01,2.42e+02,8.30e+01,3.70e+01
4.24e+01,2.79e+02,7.80e+01,3.50e+01
5.87e+01,4.70e+02,8.10e+01,3.60e+01
7.99e+01,4.61e+02,7.90e+01,3.50e+01
2.00e+01,2.21e+02,8.00e+01,3.60e+01
5.90e+01,4.47e+02,7.70e+01,3.50e+01
5.21e+01,4.83e+02,8.30e+01,3.70e+01
1.66e+01,2.08e+02,8.10e+01,3.60e+01
4.71e+01,3.12e+02,8.00e+01,3.60e+01
2.98e+01,2.58e+02,8.30e+01,3.70e+01
2.18e+01,1.64e+02,7.70e+01,3.50e+01
4.09e+01,2.77e+02,7.90e+01,3.60e+01
1.82e+01,4.43e+02,7.70e+01,3.50e+01
3.86e+01,2.51e+02,7.70e+01,3.50e+01
3.33e+01,2.82e+02,7.90e+01,3.60e+01
-4.03e+01,1.72e+01,7.70e+01,3.50e+01
4.73e+01,3.12e+02,8.20e+01,3.70e+01
2.17e+01,2.91e+02,7.90e+01,3.60e+01
1.83e+01,2.12e+02,7.70e+01,3.50e+01
1.46e+01,1.62e+02,7.80e+01,3.50e+01
7.43e+01,4.27e+02,7.70e+01,3.50e+01
1.59e+01,1.55e+02,7.80e+01,3.50e+01
6.00e+01,4.51e+02,7.90e+01,3.50e+01
6.38e+01,3.91e+02,7.80e+01,3.50e+01
5.28e+01,2.98e+02,7.80e+01,3.50e+01
1.78e+01,3.10e+02,7.80e+01,3.50e+01
4.02e+01,3.09e+02,8.00e+01,3.60e+01
7.98e+01,4.17e+02,7.80e+01,3.50e+01
-5.53e+00,1.87e+02,7.70e+01,3.50e+01
8.06e+01,4.24e+02,7.80e+01,3.50e+01
1.89e+01,1.79e+02,7.70e+01,3.50e+01
6.36e+01,4.36e+02,8.00e+01,3.60e+01
7.84e-01,2.85e+02,7.80e+01,3.50e+01
3.19e+01,2.27e+02,8.20e+01,3.70e+01
3.39e+01,2.32e+02,8.20e+01,3.60e+01
7.15e+01,3.64e+02,8.30e+01,3.70e+01
-4.51e+00,1.83e+02,7.80e+01,3.50e+01
3.00e+01,1.89e+02,7.90e+01,3.50e+01
1.85e+01,2.09e+02,8.00e+01,3.60e+01
5.59e+01,4.05e+02,7.70e+01,3.50e+01
1.69e+01,2.04e+02,7.80e+01,3.50e+01
1.95e+01,2.05e+02,7.90e+01,3.60e+01
1.28e+01,2.91e+02,7.80e+01,3.50e+01
-9.69e+00,1.05e+02,7.70e+01,3.50e+01
1.89e+01,3.12e+02,7.70e+01,3.50e+01
5.72e+01,3.07e+02,7.70e+01,3.50e+01
6.62e+00,2.09e+02,7.80e+01,3.50e+01
-2.00e+01,2.63e+02,7.70e+01,3.50e+01
5.38e+01,3.14e+02,8.40e+01,3.70e+01
5.55e+01,2.77e+02,8.30e+01,3.70e+01
5.50e+01,3.01e+02,7.80e+01,3.50e+01
7.14e+01,4.49e+02,7.70e+01,3.50e+01
4.20e+01,2.95e+02,8.00e+01,3.60e+01
4.80e+01,3.01e+02,7.90e+01,3.50e+01
5.53e+01,3.12e+02,8.40e+01,3.70e+01
2.95e+01,2.77e+02,7.70e+01,3.50e+01
6.29e+01,3.28e+02,8.30e+01,3.70e+01
6.77e+01,3.01e+02,7.90e+01,3.50e+01
2.00e+01,1.93e+02,7.90e+01,3.50e+01
7.81e+00,2.11e+02,7.90e+01,3.60e+01
7.66e+01,3.37e+02,8.20e+01,3.70e+01
3.67e+01,3.22e+02,8.30e+01,3.70e+01
1.36e+01,1.41e+02,7.70e+01,3.50e+01
-2.71e+00,1.46e+02,7.90e+01,3.50e+01
7.07e+01,3.19e+02,8.20e+01,3.70e+01
4.96e+01,3.48e+02,8.40e+01,3.80e+01
-6.62e+00,1.21e+02,8.10e+01,3.60e+01
4.26e+01,1.95e+02,8.20e+01,3.70e+01
9.48e-01,1.60e+02,7.90e+01,3.60e+01
3.71e+01,2.99e+02,7.70e+01,3.50e+01
1.39e+01,2.32e+02,7.70e+01,3.50e+01
7.46e+01,4.40e+02,7.80e+01,3.50e+01
5.37e+01,3.09e+02,8.10e+01,3.60e+01
5.95e+01,2.99e+02,7.90e+01,3.50e+01
2.68e+01,2.72e+02,7.80e+01,3.50e+01
2.35e+01,2.97e+02,7.80e+01,3.50e+01
4.02e+00,1.43e+02,8.20e+01,3.70e+01
4.41e-01,2.60e+02,8.10e+01,3.60e+01
3.84e+01,3.07e+02,8.10e+01,3.60e+01
1.81e-01,1.35e+02,7.80e+01,3.50e+01
4.24e+01,3.02e+02,7.70e+01,3.50e+01
1.69e+01,2.15e+02,8.20e+01,3.70e+01
7.37e+01,3.75e+02,8.20e+01,3.70e+01
3.09e+01,4.43e+02,7.70e+01,3.50e+01
-6.53e+01,-5.95e+00,8.10e+01,3.60e+01
1.97e+00,1.86e+02,7.70e+01,3.50e+01
-1.57e+01,9.14e+01,7.80e+01,3.50e+01
4.27e+01,2.70e+02,8.00e+01,3.60e+01
8.24e+01,4.20e+02,7.90e+01,3.50e+01
1.36e+01,2.76e+02,7.80e+01,3.50e+01
1.02e+01,2.46e+02,7.90e+01,3.50e+01
7.14e+01,4.27e+02,8.00e+01,3.60e+01
2.26e+01,1.48e+02,8.30e+01,3.70e+01
6.34e+01,2.93e+02,8.00e+01,3.50e+01
3.57e+01,3.67e+02,8.30e+01,3.80e+01
2.96e+01,2.00e+02,8.20e+01,3.60e+01
4.93e+01,3.08e+02,7.90e+01,3.50e+01
-6.27e+00,2.29e+02,7.70e+01,3.50e+01
3.03e+01,3.18e+02,7.80e+01,3.50e+01
5.99e+01,4.24e+02,7.70e+01,3.50e+01
8.40e+01,4.26e+02,7.80e+01,3.50e+01
3.57e+00,1.27e+02,8.40e+01,3.70e+01
3.02e+01,4.17e+02,7.80e+01,3.50e+01
3.58e+01,2.43e+02,8.30e+01,3.70e+01
3.94e+01,3.14e+02,7.90e+01,3.50e+01
1.72e+01,1.61e+02,7.80e+01,3.50e+01
8.35e+01,4.37e+02,7.70e+01,3.50e+01
1.02e+01,1.61e+02,8.20e+01,3.60e+01
6.77e+01,3.11e+02,7.70e+01,3.50e+01
1.95e+01,2.20e+02,8.00e+01,3.60e+01
5.34e+01,2.17e+02,7.80e+01,3.50e+01
3.60e+01,3.00e+02,8.30e+01,3.70e+01
5.90e+01,3.10e+02,7.90e+01,3.60e+01
2.85e+01,3.00e+02,8.20e+01,3.70e+01
6.36e+01,3.95e+02,7.80e+01,3.50e+01
3.43e+01,3.26e+02,8.30e+01,3.70e+01
7.25e+01,3.36e+02,8.30e+01,3.70e+01
4.72e+01,3.07e+02,8.20e+01,3.70e+01
3.05e+01,3.55e+02,8.40e+01,3.80e+01
4.19e+01,2.90e+02,7.90e+01,3.50e+01
