1.23e+02,4.98e+02,5.00e+01,2.70e+01
1.38e+02,4.77e+02,4.80e+01,2.70e+01
1.50e+02,4.42e+02,4.80e+01,2.70e+01
1.64e+02,8.19e+02,5.10e+01,2.90e+01
1.21e+02,4.98e+02,4.80e+01,2.70e+01
1.32e+02,5.65e+02,5.00e+01,2.80e+01
9.16e+01,2.81e+02,4.80e+01,2.70e+01
1.50e+02,6.44e+02,5.00e+01,2.80e+01
1.62e+02,6.84e+02,4.80e+01,2.70e+01
1.21e+02,4.12e+02,5.60e+01,2.90e+01
1.83e+02,8.08e+02,5.00e+01,2.90e+01
2.02e+02,8.78e+02,4.80e+01,2.70e+01
1.53e+02,6.42e+02,5.30e+01,2.90e+01
1.34e+02,4.74e+02,4.80e+01,2.70e+01
2.04e+02,9.69e+02,5.70e+01,2.90e+01
1.36e+02,4.48e+02,5.00e+01,2.90e+01
1.66e+02,7.50e+02,4.80e+01,2.70e+01
1.17e+02,3.75e+02,4.90e+01,2.70e+01
1.12e+02,3.16e+02,4.80e+01,2.70e+01
1.82e+02,8.07e+02,4.80e+01,2.70e+01
1.83e+02,7.83e+02,5.00e+01,2.80e+01
1.22e+02,5.11e+02,6.10e+01,3.10e+01
1.18e+02,4.67e+02,4.80e+01,2.70e+01
1.16e+02,3.61e+02,4.80e+01,2.70e+01
1.20e+02,4.76e+02,5.90e+01,3.00e+01
2.19e+02,9.19e+02,4.80e+01,2.70e+01
1.46e+02,5.87e+02,4.80e+01,2.70e+01
1.59e+02,6.53e+02,5.00e+01,2.70e+01
1.39e+02,5.96e+02,5.10e+01,2.90e+01
1.35e+02,6.27e+02,5.90e+01,3.00e+01
2.14e+02,9.68e+02,4.80e+01,2.70e+01
1.45e+02,5.58e+02,5.00e+01,2.80e+01
1.12e+02,3.87e+02,5.20e+01,2.90e+01
1.75e+02,7.95e+02,4.80e+01,2.70e+01
1.44e+02,5.99e+02,5.90e+01,3.00e+01
1.47e+02,4.80e+02,5.90e+01,3.00e+01
1.51e+02,5.83e+02,5.60e+01,2.90e+01
1.01e+02,2.74e+02,5.60e+01,2.90e+01
1.76e+02,8.01e+02,5.60e+01,2.90e+01
1.76e+02,6.65e+02,5.90e+01,3.00e+01
1.47e+02,4.95e+02,4.80e+01,2.70e+01
2.05e+02,8.09e+02,5.10e+01,2.90e+01
9.81e+01,2.75e+02,5.90e+01,3.00e+01
1.67e+02,6.47e+02,5.60e+01,2.90e+01
1.47e+02,5.85e+02,5.10e+01,2.70e+01
1.54e+02,6.52e+02,4.80e+01,2.70e+01
1.73e+02,6.67e+02,5.60e+01,2.90e+01
1.59e+02,5.40e+02,4.90e+01,2.70e+01
1.19e+02,4.35e+02,4.80e+01,2.70e+01
1.34e+02,4.21e+02,5.00e+01,2.70e+01
1.23e+02,4.40e+02,5.10e+01,2.70e+01
1.33e+02,4.87e+02,5.10e+01,2.90e+01
1.98e+02,9.50e+02,5.20e+01,3.00e+01
9.67e+01,2.92e+02,5.00e+01,2.90e+01
1.77e+02,6.60e+02,4.90e+01,2.70e+01
2.64e+01,3.89e+02,5.00e+01,2.80e+01
1.64e+02,5.87e+02,5.00e+01,2.70e+01
1.88e+02,7.54e+02,5.00e+01,2.70e+01
9.44e+01,3.51e+02,5.20e+01,2.90e+01
1.51e+02,4.74e+02,4.80e+01,2.70e+01
9.71e+01,2.36e+02,5.00e+01,2.70e+01
2.00e+02,8.43e+02,4.80e+01,2.70e+01
1.60e+02,6.36e+02,5.00e+01,2.80e+01
1.39e+02,5.20e+02,5.50e+01,3.00e+01
7.10e+01,1.27e+02,5.10e+01,2.90e+01
1.39e+02,5.48e+02,4.80e+01,2.70e+01
1.40e+02,4.76e+02,5.90e+01,3.00e+01
1.90e+02,8.24e+02,5.20e+01,3.00e+01
1.80e+02,7.92e+02,4.80e+01,2.70e+01
1.61e+02,7.00e+02,5.00e+01,2.80e+01
8.24e+01,3.33e+02,5.00e+01,2.70e+01
1.03e+02,2.95e+02,5.60e+01,2.90e+01
2.26e+02,9.73e+02,5.00e+01,2.80e+01
1.31e+02,3.79e+02,4.80e+01,2.70e+01
1.38e+02,3.77e+02,5.10e+01,2.90e+01
1.43e+02,4.51e+02,5.30e+01,2.90e+01
1.67e+02,6.40e+02,5.00e+01,2.80e+01
8.13e+01,1.85e+02,5.00e+01,2.70e+01
1.50e+02,5.41e+02,5.00e+01,2.70e+01
2.07e+02,9.15e+02,5.00e+01,2.70e+01
1.29e+02,4.83e+02,4.80e+01,2.70e+01
1.34e+02,5.13e+02,5.00e+01,2.80e+01
1.06e+02,3.80e+02,5.20e+01,2.90e+01
3.22e+01,5.00e+01,5.20e+01,2.90e+01
1.68e+02,7.31e+02,5.00e+01,2.80e+01
1.61e+02,6.25e+02,5.70e+01,2.90e+01
1.42e+02,5.95e+02,4.80e+01,2.70e+01
1.78e+02,8.15e+02,5.00e+01,2.80e+01
1.71e+02,5.82e+02,4.80e+01,2.70e+01
9.85e+01,4.51e+02,5.00e+01,2.80e+01
2.01e+02,8.01e+02,4.80e+01,2.70e+01
1.50e+02,6.57e+02,5.60e+01,2.90e+01
6.03e+01,1.70e+02,4.80e+01,2.70e+01
1.18e+02,4.78e+02,5.30e+01,2.90e+01
9.88e+01,2.85e+02,5.10e+01,2.90e+01
1.01e+02,2.95e+02,5.00e+01,2.70e+01
1.95e+02,7.91e+02,5.30e+01,2.90e+01
1.23e+02,5.20e+02,5.10e+01,2.90e+01
1.65e+02,6.42e+02,5.10e+01,2.70e+01
1.24e+02,4.66e+02,5.00e+01,2.80e+01
1.92e+02,8.39e+02,5.00e+01,2.80e+01
1.29e+02,4.78e+02,4.80e+01,2.70e+01
1.64e+02,6.09e+02,5.00e+01,2.70e+01
1.29e+02,5.49e+02,5.00e+01,2.80e+01
1.75e+02,7.96e+02,5.30e+01,2.90e+01
1.53e+02,6.63e+02,5.60e+01,2.90e+01
9.16e+01,2.69e+02,4.80e+01,2.70e+01
1.92e+02,8.08e+02,4.90e+01,2.70e+01
1.52e+02,4.93e+02,4.90e+01,2.80e+01
1.50e+02,5.00e+02,5.60e+01,2.90e+01
1.93e+02,8.12e+02,4.90e+01,2.70e+01
9.79e+01,2.00e+02,4.80e+01,2.70e+01
1.87e+02,7.75e+02,4.90e+01,2.80e+01
1.49e+02,6.14e+02,4.80e+01,2.70e+01
1.85e+02,7.62e+02,5.00e+01,2.80e+01
1.42e+02,5.72e+02,4.80e+01,2.70e+01
1.55e+02,4.98e+02,5.00e+01,2.70e+01
1.17e+02,3.23e+02,5.00e+01,2.90e+01
1.12e+02,4.39e+02,4.80e+01,2.70e+01
1.57e+02,6.51e+02,5.70e+01,3.00e+01
1.17e+02,4.29e+02,6.20e+01,3.20e+01
1.19e+02,3.35e+02,4.80e+01,2.70e+01
9.71e+01,3.16e+02,4.80e+01,2.70e+01
9.87e+01,2.72e+02,5.00e+01,2.70e+01
1.52e+02,6.37e+02,5.00e+01,2.90e+01
1.09e+02,2.85e+02,4.80e+01,2.70e+01
1.31e+02,4.82e+02,4.80e+01,2.70e+01
1.50e+02,6.29e+02,5.00e+01,2.80e+01
1.40e+02,5.90e+02,5.00e+01,2.70e+01
1.87e+02,7.81e+02,5.90e+01,3.00e+01
1.24e+02,4.36e+02,5.10e+01,2.90e+01
1.27e+02,4.38e+02,4.80e+01,2.70e+01
1.30e+02,4.61e+02,5.30e+01,2.90e+01
1.68e+02,6.68e+02,4.80e+01,2.70e+01
7.18e+01,1.72e+02,6.00e+01,3.00e+01
1.35e+02,4.77e+02,5.70e+01,2.90e+01
1.00e+02,2.91e+02,4.80e+01,2.70e+01
1.62e+02,5.70e+02,4.90e+01,2.70e+01
1.42e+02,5.97e+02,4.80e+01,2.70e+01
1.78e+02,8.01e+02,4.80e+01,2.70e+01
1.53e+02,6.14e+02,4.80e+01,2.70e+01
8.36e+01,2.11e+02,5.90e+01,3.00e+01
1.87e+02,7.89e+02,4.80e+01,2.70e+01
3.99e+01,9.14e+01,5.00e+01,2.80e+01
1.67e+02,6.72e+02,5.70e+01,2.90e+01
1.35e+02,5.32e+02,5.70e+01,2.90e+01
6.72e+01,1.49e+02,4.80e+01,2.70e+01
4.29e+01,1.04e+02,5.00e+01,2.80e+01
7.78e+01,1.63e+02,5.10e+01,2.80e+01
1.24e+02,5.08e+02,5.10e+01,2.80e+01
1.80e+02,7.75e+02,5.00e+01,2.70e+01
1.59e+02,6.38e+02,4.80e+01,2.70e+01
1.35e+02,4.72e+02,5.10e+01,2.80e+01
1.23e+02,4.54e+02,4.80e+01,2.70e+01
1.47e+02,5.14e+02,4.80e+01,2.70e+01
1.56e+02,4.98e+02,6.00e+01,3.00e+01
1.45e+02,5.01e+02,5.90e+01,3.00e+01
1.83e+02,7.89e+02,5.00e+01,2.80e+01
1.21e+02,4.76e+02,5.00e+01,2.70e+01
8.04e+01,1.49e+02,5.60e+01,2.90e+01
1.02e+02,3.17e+02,4.90e+01,2.70e+01
6.01e+01,1.24e+02,5.10e+01,2.70e+01
8.80e+01,1.77e+02,5.60e+01,2.90e+01
1.58e+02,6.05e+02,5.60e+01,2.90e+01
2.04e+02,8.07e+02,5.70e+01,2.90e+01
1.92e+02,9.09e+02,5.00e+01,2.80e+01
1.33e+02,4.63e+02,4.80e+01,2.70e+01
9.94e+01,3.42e+02,5.00e+01,2.70e+01
2.12e+02,8.42e+02,5.70e+01,2.90e+01
6.76e+01,1.22e+02,4.80e+01,2.70e+01
9.95e+01,4.21e+02,4.80e+01,2.70e+01
9.99e+01,2.86e+02,4.80e+01,2.70e+01
1.70e+02,7.74e+02,5.00e+01,2.80e+01
9.85e+01,3.04e+02,4.80e+01,2.70e+01
1.31e+02,5.00e+02,4.80e+01,2.70e+01
5.07e+01,2.73e+02,4.80e+01,2.70e+01
1.17e+02,4.32e+02,4.80e+01,2.70e+01
1.47e+02,5.22e+02,4.80e+01,2.70e+01
1.33e+02,6.12e+02,4.80e+01,2.70e+01
1.66e+02,6.22e+02,5.20e+01,2.90e+01
6.87e+01,1.49e+02,5.70e+01,2.90e+01
1.68e+02,6.21e+02,4.80e+01,2.70e+01
1.15e+02,1.97e+02,5.40e+01,3.00e+01
1.53e+02,6.30e+02,4.90e+01,2.70e+01
1.80e+02,7.39e+02,5.10e+01,2.70e+01
1.29e+02,4.08e+02,5.20e+01,2.90e+01
2.07e+02,8.95e+02,5.30e+01,2.90e+01
1.73e+02,7.68e+02,4.80e+01,2.70e+01
1.68e+02,6.39e+02,4.80e+01,2.70e+01
1.82e+02,7.96e+02,5.60e+01,2.90e+01
1.85e+02,7.33e+02,5.00e+01,2.80e+01
1.68e+02,6.55e+02,5.10e+01,2.90e+01
3.24e+01,3.34e+02,4.90e+01,2.70e+01
1.24e+02,3.91e+02,4.90e+01,2.70e+01
2.04e+02,8.16e+02,4.80e+01,2.70e+01
9.45e+01,1.71e+02,4.80e+01,2.70e+01
1.13e+02,4.60e+02,5.60e+01,2.90e+01
1.23e+02,4.72e+02,5.70e+01,2.90e+01
1.18e+02,3.92e+02,4.80e+01,2.70e+01
1.86e+02,7.84e+02,5.40e+01,3.00e+01
1.44e+02,6.29e+02,4.80e+01,2.70e+01
1.64e+02,6.74e+02,5.20e+01,3.00e+01
1.20e+02,4.40e+02,4.80e+01,2.70e+01
1.25e+02,4.05e+02,4.80e+01,2.70e+01
1.76e+02,7.84e+02,4.80e+01,2.70e+01
1.49e+02,4.74e+02,4.80e+01,2.70e+01
2.03e+02,9.79e+02,4.90e+01,2.70e+01
1.59e+02,6.44e+02,5.40e+01,2.90e+01
7.80e+01,1.46e+02,4.80e+01,2.70e+01
1.47e+02,4.52e+02,4.80e+01,2.70e+01
1.19e+02,4.36e+02,4.90e+01,2.70e+01
1.84e+02,6.50e+02,4.80e+01,2.70e+01
1.45e+02,6.08e+02,5.00e+01,2.80e+01
1.20e+02,3.09e+02,4.90e+01,2.70e+01
2.17e+02,9.37e+02,5.00e+01,2.70e+01
1.55e+02,6.41e+02,5.10e+01,2.90e+01
1.51e+02,5.34e+02,5.60e+01,2.90e+01
1.10e+02,2.99e+02,4.80e+01,2.70e+01
7.20e+01,2.30e+02,5.00e+01,2.80e+01
1.56e+02,6.49e+02,4.80e+01,2.70e+01
1.45e+02,5.65e+02,4.80e+01,2.70e+01
1.47e+02,6.22e+02,5.00e+01,2.70e+01
6.44e+01,1.64e+02,4.80e+01,2.70e+01
1.22e+02,4.57e+02,4.80e+01,2.70e+01
1.83e+02,6.81e+02,4.80e+01,2.70e+01
1.28e+02,4.30e+02,5.00e+01,2.80e+01
2.21e+02,1.12e+03,5.70e+01,2.90e+01
7.61e+01,1.97e+02,5.10e+01,2.90e+01
7.20e+01,1.80e+02,4.80e+01,2.70e+01
1.25e+02,4.75e+02,4.90e+01,2.70e+01
1.05e+02,1.69e+02,4.80e+01,2.70e+01
1.92e+02,8.40e+02,4.90e+01,2.80e+01
1.54e+02,6.53e+02,4.80e+01,2.70e+01
1.91e+02,7.39e+02,5.10e+01,2.90e+01
1.03e+02,2.37e+02,4.80e+01,2.70e+01
1.62e+02,7.02e+02,5.00e+01,2.80e+01
1.64e+02,6.52e+02,4.80e+01,2.70e+01
2.17e+02,9.50e+02,4.80e+01,2.70e+01
1.15e+02,4.28e+02,4.80e+01,2.70e+01
1.08e+02,4.56e+02,5.30e+01,2.90e+01
1.85e+02,7.89e+02,5.70e+01,2.90e+01
1.59e+02,6.37e+02,5.30e+01,2.90e+01
1.88e+02,8.02e+02,4.90e+01,2.70e+01
1.52e+02,6.15e+02,4.80e+01,2.70e+01
1.11e+02,4.15e+02,4.80e+01,2.70e+01
1.05e+02,4.40e+02,4.80e+01,2.70e+01
1.10e+02,3.69e+02,4.80e+01,2.70e+01
7.24e+01,9.72e+01,5.70e+01,2.90e+01
1.27e+02,5.31e+02,5.10e+01,2.90e+01
2.08e+02,8.55e+02,5.00e+01,2.90e+01
1.43e+02,5.01e+02,5.00e+01,2.90e+01
1.59e+02,6.69e+02,4.80e+01,2.70e+01
1.53e+02,6.08e+02,4.80e+01,2.70e+01
2.22e+02,9.61e+02,5.00e+01,2.80e+01
1.44e+02,5.97e+02,4.80e+01,2.70e+01
1.58e+02,6.66e+02,5.00e+01,2.70e+01
1.79e+02,6.80e+02,5.90e+01,3.00e+01
1.45e+02,6.67e+02,5.70e+01,2.90e+01
1.50e+02,6.27e+02,4.80e+01,2.70e+01
8.77e+01,2.34e+02,5.10e+01,2.80e+01
2.07e+02,9.90e+02,4.80e+01,2.70e+01
9.46e+01,1.68e+02,4.90e+01,2.80e+01
7.38e+01,1.69e+02,4.80e+01,2.70e+01
1.55e+02,6.19e+02,5.80e+01,3.00e+01
1.72e+02,7.62e+02,5.00e+01,2.80e+01
1.92e+02,7.84e+02,4.80e+01,2.70e+01
1.52e+02,4.64e+02,5.60e+01,2.90e+01
3.24e+01,3.16e+02,4.90e+01,2.70e+01
9.86e+01,2.88e+02,5.50e+01,3.00e+01
1.40e+02,4.87e+02,5.00e+01,2.90e+01
1.51e+02,5.26e+02,4.80e+01,2.70e+01
4.04e+01,1.62e+02,4.90e+01,2.80e+01
1.69e+02,6.16e+02,4.80e+01,2.70e+01
1.82e+02,7.63e+02,4.90e+01,2.80e+01
1.88e+02,8.48e+02,4.90e+01,2.70e+01
4.42e+01,1.33e+02,5.00e+01,2.80e+01
1.79e+02,7.86e+02,5.00e+01,2.80e+01
1.03e+02,2.70e+02,5.10e+01,2.80e+01
1.31e+02,4.69e+02,5.00e+01,2.70e+01
9.20e+01,3.08e+02,4.80e+01,2.70e+01
1.64e+02,6.43e+02,5.10e+01,2.90e+01
1.31e+02,4.76e+02,5.00e+01,2.80e+01
1.98e+02,8.34e+02,5.30e+01,2.90e+01
1.02e+02,2.70e+02,5.00e+01,2.70e+01
1.82e+02,7.75e+02,4.80e+01,2.70e+01
1.23e+02,5.09e+02,4.90e+01,2.80e+01
2.47e+02,1.13e+03,4.80e+01,2.70e+01
2.18e+02,9.47e+02,4.90e+01,2.70e+01
1.71e+02,8.05e+02,5.70e+01,2.90e+01
1.90e+02,7.86e+02,5.60e+01,2.90e+01
1.86e+02,7.96e+02,6.10e+01,3.10e+01
1.75e+02,7.50e+02,4.80e+01,2.70e+01
8.84e+01,2.63e+02,5.20e+01,2.90e+01
1.11e+02,4.56e+02,4.90e+01,2.80e+01
-6.30e+01,-3.45e+01,5.70e+01,2.90e+01
6.49e+01,1.57e+02,4.80e+01,2.70e+01
1.15e+02,4.42e+02,4.90e+01,2.70e+01
7.09e+01,1.34e+02,5.00e+01,2.80e+01
1.57e+02,6.50e+02,4.90e+01,2.80e+01
1.94e+02,8.12e+02,5.70e+01,3.00e+01
1.49e+02,5.69e+02,5.10e+01,2.90e+01
7.82e+01,1.28e+02,4.80e+01,2.70e+01
1.29e+02,4.54e+02,4.90e+01,2.80e+01
1.69e+02,6.10e+02,4.80e+01,2.70e+01
1.92e+02,8.09e+02,5.00e+01,2.90e+01
9.79e+01,2.91e+02,4.80e+01,2.70e+01
1.53e+02,5.35e+02,4.90e+01,2.80e+01
1.69e+02,6.33e+02,5.70e+01,2.90e+01
1.57e+02,4.49e+02,5.30e+01,2.90e+01
2.02e+02,8.22e+02,4.90e+01,2.70e+01
1.59e+02,6.18e+02,5.10e+01,2.90e+01
1.58e+02,5.28e+02,5.60e+01,2.90e+01
1.69e+02,6.32e+02,4.80e+01,2.70e+01
1.51e+02,6.68e+02,4.80e+01,2.70e+01
1.65e+02,6.33e+02,5.90e+01,3.00e+01
1.65e+02,6.49e+02,4.80e+01,2.70e+01
2.03e+02,9.34e+02,5.10e+01,2.80e+01
1.71e+02,6.78e+02,5.70e+01,2.90e+01
9.12e+01,3.05e+02,5.10e+01,2.90e+01
1.50e+02,5.93e+02,4.80e+01,2.70e+01
2.10e+02,9.51e+02,5.10e+01,2.90e+01
1.63e+02,6.76e+02,5.20e+01,3.00e+01
2.30e+02,9.73e+02,5.00e+01,2.70e+01
4.96e+01,1.95e+02,4.80e+01,2.70e+01
1.55e+02,6.31e+02,5.00e+01,2.90e+01
1.32e+02,3.74e+02,6.00e+01,3.10e+01
1.77e+02,8.44e+02,5.20e+01,2.80e+01
1.49e+02,6.21e+02,4.80e+01,2.70e+01
1.80e+02,8.15e+02,4.80e+01,2.70e+01
8.06e+01,1.71e+02,4.80e+01,2.70e+01
1.72e+02,7.73e+02,5.10e+01,2.70e+01
1.45e+02,6.13e+02,4.80e+01,2.70e+01
8.44e+01,2.19e+02,4.90e+01,2.70e+01
9.26e+01,3.37e+02,4.80e+01,2.70e+01
1.59e+02,6.55e+02,5.00e+01,2.90e+01
1.24e+02,5.18e+02,5.10e+01,2.90e+01
1.11e+02,3.44e+02,4.80e+01,2.70e+01
1.57e+02,4.58e+02,4.80e+01,2.70e+01
1.90e+02,7.97e+02,5.00e+01,2.90e+01
1.80e+02,7.48e+02,5.90e+01,3.00e+01
1.86e+02,7.85e+02,5.60e+01,2.90e+01
1.29e+02,5.04e+02,4.90e+01,2.70e+01
7.26e+00,2.45e+02,5.00e+01,2.90e+01
1.27e+02,4.14e+02,5.80e+01,3.00e+01
1.26e+02,4.74e+02,5.10e+01,2.90e+01
8.48e+01,1.72e+02,4.90e+01,2.70e+01
2.23e+02,9.57e+02,4.80e+01,2.70e+01
1.71e+02,8.02e+02,4.80e+01,2.70e+01
1.48e+02,6.50e+02,5.90e+01,3.10e+01
1.30e+02,5.07e+02,5.00e+01,2.90e+01
1.36e+02,4.43e+02,5.00e+01,2.70e+01
2.00e+02,7.82e+02,5.00e+01,2.80e+01
1.31e+02,4.62e+02,4.80e+01,2.70e+01
1.68e+02,6.44e+02,5.10e+01,2.90e+01
1.38e+02,5.70e+02,5.00e+01,2.90e+01
1.53e+02,6.04e+02,5.30e+01,2.90e+01
1.57e+02,6.12e+02,5.10e+01,2.70e+01
1.47e+02,5.55e+02,5.00e+01,2.90e+01
1.31e+02,6.18e+02,5.00e+01,2.70e+01
1.49e+02,5.96e+02,4.80e+01,2.70e+01
2.22e+02,9.43e+02,5.10e+01,2.70e+01
1.42e+02,6.17e+02,4.80e+01,2.70e+01
1.36e+02,4.09e+02,4.80e+01,2.70e+01
1.47e+02,5.23e+02,4.80e+01,2.70e+01
1.72e+02,6.49e+02,4.90e+01,2.70e+01
1.06e+02,4.86e+02,4.80e+01,2.70e+01
1.70e+02,6.49e+02,5.60e+01,2.90e+01
8.80e+01,1.63e+02,4.80e+01,2.70e+01
2.10e+02,9.41e+02,4.80e+01,2.70e+01
1.35e+02,5.80e+02,4.80e+01,2.70e+01
1.12e+02,3.50e+02,5.30e+01,2.90e+01
1.88e+02,7.90e+02,5.20e+01,2.90e+01
1.75e+02,7.14e+02,5.60e+01,2.90e+01
2.02e+01,6.69e+01,4.90e+01,2.70e+01
9.88e+01,3.84e+02,4.80e+01,2.70e+01
1.78e+02,6.92e+02,5.30e+01,2.90e+01
8.06e+01,1.44e+02,5.10e+01,2.90e+01
1.85e+02,7.77e+02,4.90e+01,2.70e+01
-1.03e+01,1.48e+02,5.10e+01,2.70e+01
1.99e+02,9.45e+02,5.00e+01,2.70e+01
1.32e+02,4.84e+02,5.10e+01,2.70e+01
2.19e+02,9.60e+02,5.10e+01,2.90e+01
1.18e+02,4.55e+02,5.00e+01,2.80e+01
1.77e+02,5.53e+02,4.80e+01,2.70e+01
2.13e+02,9.41e+02,4.80e+01,2.70e+01
1.17e+02,4.68e+02,4.80e+01,2.70e+01
2.42e+02,1.11e+03,4.90e+01,2.70e+01
1.49e+02,5.61e+02,5.10e+01,2.90e+01
6.42e+01,1.93e+02,4.80e+01,2.70e+01
9.55e+01,2.01e+02,5.90e+01,3.00e+01
1.29e+02,3.88e+02,5.00e+01,2.70e+01
1.06e+02,5.05e+02,4.80e+01,2.70e+01
8.62e+01,3.17e+02,4.80e+01,2.70e+01
1.21e+02,5.62e+02,5.00e+01,2.70e+01
1.85e+02,8.27e+02,5.00e+01,2.80e+01
1.41e+02,5.96e+02,4.80e+01,2.70e+01
1.01e+02,3.06e+02,5.00e+01,2.80e+01
1.55e+02,6.35e+02,5.00e+01,2.80e+01
7.81e+01,2.78e+02,4.90e+01,2.70e+01
2.17e+02,9.44e+02,5.60e+01,2.90e+01
9.75e+01,3.16e+02,5.30e+01,2.90e+01
1.89e+02,7.84e+02,6.10e+01,3.10e+01
1.68e+02,7.03e+02,4.80e+01,2.70e+01
1.45e+02,5.92e+02,4.80e+01,2.70e+01
9.00e+01,1.98e+02,5.10e+01,3.00e+01
1.07e+02,2.73e+02,4.80e+01,2.70e+01
1.42e+02,6.28e+02,5.00e+01,2.80e+01
1.82e+02,8.03e+02,4.80e+01,2.70e+01
7.85e+01,1.79e+02,4.90e+01,2.70e+01
1.76e+02,8.16e+02,4.80e+01,2.70e+01
1.99e+02,8.44e+02,4.90e+01,2.70e+01
1.02e+02,3.63e+02,5.60e+01,2.90e+01
1.12e+02,4.20e+02,5.90e+01,3.00e+01
1.19e+02,4.59e+02,5.10e+01,2.80e+01
1.81e+02,7.91e+02,4.80e+01,2.70e+01
2.08e+02,9.35e+02,5.10e+01,2.80e+01
1.56e+02,5.74e+02,6.10e+01,3.10e+01
1.60e+02,6.21e+02,5.60e+01,2.90e+01
1.55e+02,4.80e+02,4.80e+01,2.70e+01
1.69e+02,6.49e+02,5.30e+01,2.90e+01
1.42e+02,5.75e+02,5.00e+01,2.80e+01
1.48e+02,6.08e+02,5.00e+01,2.70e+01
2.90e+01,6.56e+01,4.90e+01,2.70e+01
1.79e+02,7.21e+02,5.00e+01,2.80e+01
8.74e+01,2.26e+02,4.80e+01,2.70e+01
1.01e+02,2.93e+02,5.60e+01,2.90e+01
9.01e+01,1.50e+02,4.90e+01,2.70e+01
1.42e+02,5.11e+02,5.10e+01,2.70e+01
1.00e+02,2.85e+02,4.80e+01,2.70e+01
1.32e+02,4.77e+02,4.80e+01,2.70e+01
2.17e+02,9.68e+02,5.70e+01,2.90e+01
1.32e+02,5.47e+02,4.80e+01,2.70e+01
5.82e+01,1.07e+02,4.80e+01,2.70e+01
1.19e+02,4.33e+02,5.00e+01,2.80e+01
1.21e+02,4.42e+02,5.00e+01,2.70e+01
2.16e+02,9.33e+02,5.70e+01,2.90e+01
2.44e+02,1.12e+03,6.00e+01,3.10e+01
1.05e+02,2.85e+02,4.80e+01,2.70e+01
2.07e+02,8.49e+02,5.10e+01,2.90e+01
1.33e+02,4.99e+02,4.80e+01,2.70e+01
1.51e+02,5.77e+02,4.90e+01,2.70e+01
2.12e+02,9.96e+02,6.10e+01,3.10e+01
1.46e+02,5.12e+02,5.00e+01,2.80e+01
9.93e+01,3.46e+02,4.90e+01,2.70e+01
1.24e+02,5.25e+02,5.00e+01,2.90e+01
9.80e+01,2.90e+02,4.80e+01,2.70e+01
1.06e+02,4.08e+02,4.90e+01,2.80e+01
7.79e+01,2.08e+02,5.00e+01,2.90e+01
1.49e+02,5.99e+02,5.60e+01,2.90e+01
-6.63e+01,-3.70e+01,4.90e+01,2.70e+01
8.98e+01,2.88e+02,5.00e+01,2.70e+01
1.54e+02,5.64e+02,4.80e+01,2.70e+01
6.29e+01,1.88e+02,5.00e+01,2.70e+01
1.99e+02,7.67e+02,4.80e+01,2.70e+01
1.16e+02,3.28e+02,4.80e+01,2.70e+01
1.63e+02,6.44e+02,4.80e+01,2.70e+01
2.26e+02,9.51e+02,5.10e+01,2.90e+01
1.80e+02,7.95e+02,4.90e+01,2.70e+01
1.11e+02,4.28e+02,4.80e+01,2.70e+01
4.29e+01,1.37e+02,5.00e+01,2.80e+01
1.12e+02,4.26e+02,5.70e+01,2.90e+01
1.70e+02,7.38e+02,4.90e+01,2.70e+01
1.98e+02,7.93e+02,4.90e+01,2.80e+01
1.26e+02,5.03e+02,4.80e+01,2.70e+01
1.60e+02,5.88e+02,5.60e+01,2.90e+01
1.48e+02,4.71e+02,5.90e+01,3.00e+01
1.63e+02,6.05e+02,5.00e+01,2.80e+01
2.56e+02,1.11e+03,4.90e+01,2.70e+01
1.64e+02,6.75e+02,6.10e+01,3.10e+01
1.59e+02,6.09e+02,4.80e+01,2.70e+01
1.65e+02,6.09e+02,4.80e+01,2.70e+01
1.20e+02,3.64e+02,5.10e+01,2.90e+01
1.13e+02,3.42e+02,4.80e+01,2.70e+01
1.12e+02,3.41e+02,5.60e+01,2.90e+01
1.04e+02,2.65e+02,4.80e+01,2.70e+01
1.68e+02,8.17e+02,4.80e+01,2.70e+01
8.43e+01,1.46e+02,4.90e+01,2.70e+01
1.09e+02,3.98e+02,4.80e+01,2.70e+01
9.68e+01,2.87e+02,4.80e+01,2.70e+01
1.37e+02,5.21e+02,5.00e+01,2.70e+01
