1.28e+02,-5.54e+01,-2.76e+01,-2.76e+01,-1.69e+01,2.10e+01,2.60e+01,-2.76e+01
2.56e+02,-5.44e+01,-3.26e+01,-2.76e+01,-1.69e+01,2.10e+01,2.70e+01,-2.76e+01
3.84e+02,-5.18e+01,-2.41e+01,-2.41e+01,1.87e+01,2.10e+01,2.50e+01,-2.41e+01
5.12e+02,-5.09e+01,-8.29e+00,-8.29e+00,5.92e+01,2.10e+01,2.20e+01,-8.29e+00
6.40e+02,-4.89e+01,-2.31e+01,-8.29e+00,5.92e+01,2.10e+01,2.25e+01,-8.29e+00
7.68e+02,-4.83e+01,-1.70e+01,-8.29e+00,5.92e+01,2.10e+01,2.30e+01,-8.29e+00
8.96e+02,-3.79e+01,-9.48e+00,-8.29e+00,5.92e+01,2.10e+01,2.30e+01,-8.29e+00
1.02e+03,-3.86e+01,-1.51e+01,-8.29e+00,5.92e+01,2.10e+01,2.30e+01,-8.29e+00
1.15e+03,-3.68e+01,6.05e-01,6.05e-01,1.14e+02,2.10e+01,2.30e+01,6.05e-01
1.28e+03,-3.89e+01,-1.03e+01,6.05e-01,1.14e+02,2.10e+01,2.30e+01,6.05e-01
1.41e+03,-3.70e+01,-9.29e+00,6.05e-01,1.14e+02,2.20e+01,2.40e+01,6.05e-01
1.54e+03,-3.99e+01,-1.00e+01,6.05e-01,1.14e+02,2.10e+01,2.40e+01,6.05e-01
1.66e+03,-3.42e+01,-8.91e+00,6.05e-01,1.14e+02,2.10e+01,2.40e+01,6.05e-01
1.79e+03,-3.40e+01,-1.41e+01,6.05e-01,1.14e+02,2.10e+01,2.40e+01,6.05e-01
1.92e+03,-2.99e+01,-2.96e+00,6.05e-01,1.14e+02,2.20e+01,2.70e+01,6.05e-01
2.05e+03,-3.02e+01,-7.28e+00,6.05e-01,1.14e+02,2.20e+01,2.80e+01,6.05e-01
2.18e+03,-3.09e+01,-5.57e+00,6.05e-01,1.14e+02,2.20e+01,2.80e+01,6.05e-01
2.30e+03,-2.91e+01,-2.38e+00,6.05e-01,1.14e+02,2.30e+01,2.90e+01,6.05e-01
2.43e+03,-2.41e+01,1.70e+01,1.70e+01,1.56e+02,2.30e+01,2.90e+01,1.70e+01
2.56e+03,-1.97e+01,1.33e+01,1.70e+01,1.56e+02,2.30e+01,2.80e+01,1.70e+01
2.69e+03,-1.24e+01,3.33e+01,3.33e+01,2.15e+02,2.30e+01,2.85e+01,3.33e+01
2.82e+03,-1.48e+01,1.86e+01,3.33e+01,2.15e+02,2.30e+01,2.80e+01,3.33e+01
2.94e+03,-1.31e+01,1.64e+01,3.33e+01,2.15e+02,2.30e+01,2.65e+01,3.33e+01
3.07e+03,-1.26e+01,1.06e+01,3.33e+01,2.15e+02,2.30e+01,2.65e+01,3.33e+01
3.20e+03,-1.32e+01,1.90e+01,3.33e+01,2.15e+02,2.20e+01,2.60e+01,3.33e+01
3.33e+03,-1.05e+01,1.97e+01,3.33e+01,2.15e+02,2.20e+01,2.70e+01,3.33e+01
3.46e+03,-1.30e+01,2.05e+01,3.33e+01,2.15e+02,2.20e+01,2.70e+01,3.33e+01
3.58e+03,-1.03e+01,2.81e+01,3.33e+01,2.15e+02,2.20e+01,2.80e+01,3.33e+01
3.71e+03,-1.21e+01,1.66e+01,3.33e+01,2.15e+02,2.20e+01,2.90e+01,3.33e+01
3.84e+03,-9.22e+00,2.44e+01,3.33e+01,2.15e+02,2.20e+01,2.90e+01,3.33e+01
3.97e+03,-1.04e+01,1.76e+01,3.33e+01,2.15e+02,2.20e+01,2.80e+01,3.33e+01
4.10e+03,-1.17e+01,1.66e+01,3.33e+01,2.15e+02,2.20e+01,2.90e+01,3.33e+01
4.22e+03,-8.94e+00,2.76e+01,3.33e+01,2.15e+02,2.20e+01,3.10e+01,3.33e+01
4.35e+03,-1.02e+01,1.95e+01,3.33e+01,2.15e+02,2.30e+01,3.10e+01,3.33e+01
4.48e+03,-1.14e+01,1.41e+01,3.33e+01,2.15e+02,2.20e+01,3.00e+01,3.33e+01
4.61e+03,-9.96e+00,3.23e+01,3.33e+01,2.15e+02,2.20e+01,3.10e+01,3.33e+01
4.74e+03,-1.07e+01,2.00e+01,3.33e+01,2.15e+02,2.20e+01,3.05e+01,3.33e+01
4.86e+03,-1.24e+01,1.15e+01,3.33e+01,2.15e+02,2.20e+01,3.10e+01,3.33e+01
4.99e+03,-1.30e+01,1.76e+01,3.33e+01,2.15e+02,2.20e+01,3.10e+01,3.33e+01
5.12e+03,-1.32e+01,1.81e+01,3.33e+01,2.15e+02,2.20e+01,3.00e+01,3.33e+01
5.25e+03,-1.39e+01,2.01e+01,3.33e+01,2.15e+02,2.20e+01,2.90e+01,3.33e+01
5.38e+03,-1.34e+01,2.19e+01,3.33e+01,2.15e+02,2.20e+01,3.20e+01,3.33e+01
5.50e+03,-9.91e+00,1.46e+01,3.33e+01,2.15e+02,2.20e+01,2.75e+01,3.33e+01
5.63e+03,-1.53e+01,2.42e+01,3.33e+01,2.15e+02,2.20e+01,2.90e+01,3.33e+01
5.76e+03,-1.28e+01,1.75e+01,3.33e+01,2.15e+02,2.20e+01,2.90e+01,3.33e+01
5.89e+03,-9.59e+00,1.35e+01,3.33e+01,2.15e+02,2.20e+01,3.05e+01,3.33e+01
6.02e+03,-1.10e+01,4.09e+01,4.09e+01,1.79e+02,2.20e+01,3.20e+01,4.09e+01
6.14e+03,-9.92e+00,1.73e+01,4.09e+01,1.79e+02,2.30e+01,3.60e+01,4.09e+01
6.27e+03,-1.09e+01,2.95e+01,4.09e+01,1.79e+02,2.40e+01,4.10e+01,4.09e+01
6.40e+03,-1.01e+01,1.70e+01,4.09e+01,1.79e+02,2.40e+01,4.10e+01,4.09e+01
6.53e+03,-1.06e+01,1.36e+01,4.09e+01,1.79e+02,2.30e+01,3.90e+01,4.09e+01
6.66e+03,-9.12e+00,2.68e+01,4.09e+01,1.79e+02,2.40e+01,4.20e+01,4.09e+01
6.78e+03,-9.48e+00,1.93e+01,4.09e+01,1.79e+02,2.40e+01,4.30e+01,4.09e+01
6.91e+03,-7.71e+00,1.95e+01,4.09e+01,1.79e+02,2.40e+01,4.40e+01,4.09e+01
7.04e+03,-1.05e+01,1.83e+01,4.09e+01,1.79e+02,2.40e+01,4.40e+01,4.09e+01
7.17e+03,-1.27e+01,2.21e+01,4.09e+01,1.79e+02,2.30e+01,3.40e+01,4.09e+01
7.30e+03,-9.85e+00,1.61e+01,4.09e+01,1.79e+02,2.40e+01,3.50e+01,4.09e+01
7.42e+03,-8.56e+00,2.57e+01,4.09e+01,1.79e+02,2.40e+01,4.60e+01,4.09e+01
7.55e+03,-9.97e+00,1.72e+01,4.09e+01,1.79e+02,2.45e+01,4.70e+01,4.09e+01
7.68e+03,-9.79e+00,2.40e+01,4.09e+01,1.79e+02,2.40e+01,3.60e+01,4.09e+01
7.81e+03,-1.01e+01,1.44e+01,4.09e+01,1.79e+02,2.40e+01,3.60e+01,4.09e+01
7.94e+03,-7.86e+00,2.56e+01,4.09e+01,1.79e+02,2.40e+01,3.70e+01,4.09e+01
8.06e+03,-8.22e+00,2.06e+01,4.09e+01,1.79e+02,2.40e+01,3.70e+01,4.09e+01
8.19e+03,-7.20e+00,2.16e+01,4.09e+01,1.79e+02,2.40e+01,3.80e+01,4.09e+01
8.32e+03,-9.82e+00,3.19e+01,4.09e+01,1.79e+02,2.40e+01,3.85e+01,4.09e+01
