-2.60e+02,-9.16e+01,3.70e+01,2.10e+01
-2.59e+02,-8.06e+01,4.00e+01,2.30e+01
-2.65e+02,-7.51e+01,4.10e+01,2.30e+01
-2.65e+02,-8.58e+01,4.10e+01,2.30e+01
-3.12e+02,-8.61e+01,4.00e+01,2.30e+01
-3.16e+02,-1.42e+02,4.20e+01,2.40e+01
-2.60e+02,-6.94e+01,3.70e+01,2.10e+01
-2.61e+02,-7.36e+01,4.20e+01,2.30e+01
-2.84e+02,-9.67e+01,3.80e+01,2.10e+01
-2.89e+02,-7.82e+01,3.90e+01,2.20e+01
-2.65e+02,-9.32e+01,3.80e+01,2.20e+01
-2.74e+02,-7.84e+01,4.10e+01,2.30e+01
-2.70e+02,-1.07e+02,4.10e+01,2.30e+01
-2.78e+02,-8.61e+01,4.20e+01,2.30e+01
-4.59e+02,-2.58e+02,4.10e+01,2.30e+01
-2.68e+02,-1.01e+02,4.10e+01,2.40e+01
-2.76e+02,-8.42e+01,4.10e+01,2.40e+01
-2.88e+02,-9.50e+01,4.10e+01,2.40e+01
-2.77e+02,-9.10e+01,3.70e+01,2.10e+01
-2.94e+02,-9.44e+01,4.00e+01,2.30e+01
-2.65e+02,-7.90e+01,3.70e+01,2.10e+01
-2.59e+02,-8.03e+01,3.80e+01,2.20e+01
-2.79e+02,-8.83e+01,3.80e+01,2.20e+01
-3.24e+02,-8.16e+01,3.70e+01,2.10e+01
-2.64e+02,-7.46e+01,4.30e+01,2.40e+01
-2.69e+02,-8.96e+01,4.00e+01,2.30e+01
-2.95e+02,-8.65e+01,4.00e+01,2.30e+01
-2.73e+02,-7.99e+01,3.80e+01,2.20e+01
-3.84e+02,-9.80e+01,3.80e+01,2.20e+01
-2.53e+02,-8.37e+01,4.20e+01,2.40e+01
-2.56e+02,-8.17e+01,4.00e+01,2.30e+01
-2.53e+02,-7.64e+01,3.70e+01,2.10e+01
-3.79e+02,-6.48e+01,3.80e+01,2.20e+01
-2.60e+02,-8.64e+01,4.00e+01,2.30e+01
-2.63e+02,-9.71e+01,3.70e+01,2.10e+01
-2.81e+02,-1.07e+02,3.90e+01,2.20e+01
-2.88e+02,-7.04e+01,3.80e+01,2.20e+01
-2.63e+02,-8.43e+01,3.80e+01,2.10e+01
-3.00e+02,-9.09e+01,4.10e+01,2.30e+01
-2.56e+02,-1.01e+02,3.70e+01,2.10e+01
-2.64e+02,-8.82e+01,4.10e+01,2.30e+01
-2.87e+02,-1.02e+02,4.00e+01,2.30e+01
-2.70e+02,-9.65e+01,3.70e+01,2.10e+01
-2.65e+02,-9.21e+01,3.80e+01,2.10e+01
-3.37e+02,-9.28e+01,4.10e+01,2.30e+01
-2.62e+02,-1.06e+02,3.80e+01,2.10e+01
-4.66e+02,-2.99e+02,4.00e+01,2.30e+01
-2.73e+02,-1.03e+02,4.00e+01,2.30e+01
-5.00e+02,-5.00e+02,4.00e+01,2.30e+01
-3.21e+02,-1.06e+02,4.20e+01,2.40e+01
-3.96e+02,-1.66e+02,3.80e+01,2.10e+01
-2.89e+02,-9.04e+01,4.00e+01,2.30e+01
-2.95e+02,-8.48e+01,4.10e+01,2.40e+01
-2.82e+02,-1.02e+02,4.10e+01,2.30e+01
-2.57e+02,-7.33e+01,4.10e+01,2.30e+01
-2.82e+02,-9.92e+01,3.90e+01,2.20e+01
-2.77e+02,-8.36e+01,4.00e+01,2.30e+01
-3.35e+02,-9.57e+01,3.70e+01,2.10e+01
-3.11e+02,-1.07e+02,3.70e+01,2.10e+01
-2.79e+02,-1.00e+02,3.80e+01,2.10e+01
-3.12e+02,-1.21e+02,3.80e+01,2.20e+01
-2.72e+02,-9.14e+01,4.20e+01,2.30e+01
-4.51e+02,-2.07e+02,3.80e+01,2.20e+01
-2.57e+02,-8.65e+01,3.90e+01,2.20e+01
-2.66e+02,-8.35e+01,3.70e+01,2.10e+01
-2.57e+02,-6.10e+01,4.00e+01,2.30e+01
-2.93e+02,-7.56e+01,4.10e+01,2.30e+01
-2.79e+02,-8.54e+01,4.10e+01,2.30e+01
-2.71e+02,-9.08e+01,3.70e+01,2.10e+01
-4.81e+02,-3.90e+02,4.10e+01,2.30e+01
-3.03e+02,-7.28e+01,3.90e+01,2.20e+01
-3.76e+02,-1.85e+02,4.00e+01,2.30e+01
-2.60e+02,-6.80e+01,4.30e+01,2.40e+01
-3.05e+02,-9.78e+01,3.80e+01,2.10e+01
-5.00e+02,-4.99e+02,3.70e+01,2.10e+01
-3.40e+02,-1.27e+02,4.20e+01,2.40e+01
-2.60e+02,-9.12e+01,3.70e+01,2.10e+01
-5.00e+02,-4.99e+02,4.10e+01,2.30e+01
-2.70e+02,-7.69e+01,4.10e+01,2.30e+01
-2.85e+02,-8.33e+01,4.00e+01,2.30e+01
-2.56e+02,-7.58e+01,3.90e+01,2.20e+01
-2.66e+02,-7.14e+01,3.80e+01,2.20e+01
-2.80e+02,-8.01e+01,4.30e+01,2.40e+01
-2.55e+02,-6.90e+01,4.10e+01,2.30e+01
-2.87e+02,-8.36e+01,4.20e+01,2.40e+01
-3.01e+02,-9.58e+01,4.20e+01,2.30e+01
-4.20e+02,-1.38e+02,4.10e+01,2.40e+01
-2.68e+02,-8.52e+01,4.00e+01,2.30e+01
-3.51e+02,-1.36e+02,4.00e+01,2.30e+01
-3.16e+02,-1.23e+02,4.20e+01,2.40e+01
-3.18e+02,-1.07e+02,4.00e+01,2.30e+01
-2.99e+02,-8.10e+01,3.70e+01,2.10e+01
-3.14e+02,-7.86e+01,4.10e+01,2.40e+01
-2.68e+02,-7.75e+01,4.00e+01,2.30e+01
-2.76e+02,-6.88e+01,3.80e+01,2.20e+01
-4.03e+02,-2.03e+02,4.10e+01,2.30e+01
