-8.04e+01,-5.21e+01,1.30e+01,1.90e+01
-7.08e+01,-4.55e+01,1.80e+01,2.10e+01
-1.01e+02,-5.44e+01,2.10e+01,2.30e+01
-7.80e+01,-4.54e+01,1.90e+01,2.20e+01
-7.95e+01,-5.38e+01,1.80e+01,2.10e+01
-8.20e+01,-4.81e+01,1.30e+01,1.90e+01
-7.17e+01,-4.84e+01,2.00e+01,2.20e+01
-8.98e+01,-5.36e+01,1.90e+01,2.20e+01
-7.64e+01,-4.79e+01,1.90e+01,2.20e+01
-8.61e+01,-5.14e+01,2.00e+01,2.30e+01
-8.05e+01,-4.81e+01,2.20e+01,2.40e+01
-6.70e+01,-5.03e+01,1.80e+01,2.10e+01
-7.18e+01,-4.95e+01,1.90e+01,2.20e+01
-8.15e+01,-4.82e+01,1.20e+01,1.80e+01
-8.72e+01,-4.48e+01,2.00e+01,2.20e+01
-7.88e+01,-5.44e+01,1.20e+01,1.80e+01
-7.86e+01,-4.72e+01,1.80e+01,2.10e+01
-9.23e+01,-5.29e+01,2.00e+01,2.30e+01
-8.79e+01,-4.40e+01,1.80e+01,2.10e+01
-9.05e+01,-4.61e+01,1.90e+01,2.20e+01
-8.45e+01,-4.67e+01,2.00e+01,2.20e+01
-6.64e+01,-4.49e+01,1.90e+01,2.20e+01
-7.33e+01,-4.91e+01,1.80e+01,2.10e+01
-7.44e+01,-4.44e+01,2.10e+01,2.30e+01
-6.79e+01,-4.91e+01,1.80e+01,2.10e+01
-7.02e+01,-4.92e+01,1.90e+01,2.20e+01
-7.08e+01,-5.13e+01,1.80e+01,2.10e+01
-7.27e+01,-4.75e+01,1.80e+01,2.10e+01
-7.72e+01,-5.11e+01,1.80e+01,2.10e+01
-8.99e+01,-4.78e+01,1.90e+01,2.20e+01
-6.75e+01,-4.83e+01,1.80e+01,2.10e+01
-8.23e+01,-4.88e+01,1.30e+01,1.90e+01
-9.08e+01,-4.62e+01,1.90e+01,2.10e+01
-8.06e+01,-4.74e+01,1.90e+01,2.20e+01
-6.46e+01,-4.48e+01,2.00e+01,2.20e+01
-8.25e+01,-5.00e+01,1.20e+01,1.80e+01
-7.50e+01,-5.08e+01,2.00e+01,2.20e+01
-6.84e+01,-4.58e+01,1.90e+01,2.20e+01
-7.05e+01,-4.61e+01,1.80e+01,2.10e+01
-6.91e+01,-5.02e+01,2.00e+01,2.20e+01
-8.64e+01,-4.71e+01,1.90e+01,2.20e+01
-8.25e+01,-5.15e+01,2.00e+01,2.20e+01
-7.00e+01,-5.12e+01,1.80e+01,2.10e+01
-7.93e+01,-4.59e+01,2.00e+01,2.20e+01
-7.72e+01,-4.63e+01,1.80e+01,2.10e+01
-7.75e+01,-5.11e+01,1.80e+01,2.10e+01
-7.40e+01,-4.83e+01,2.00e+01,2.20e+01
-6.96e+01,-4.81e+01,1.80e+01,2.10e+01
-7.45e+01,-5.36e+01,2.00e+01,2.30e+01
-8.05e+01,-4.54e+01,2.00e+01,2.30e+01
-8.23e+01,-4.88e+01,2.00e+01,2.30e+01
-8.33e+01,-5.15e+01,1.90e+01,2.20e+01
-7.54e+01,-5.28e+01,1.90e+01,2.20e+01
-7.93e+01,-4.51e+01,1.80e+01,2.10e+01
-7.66e+01,-4.99e+01,1.90e+01,2.10e+01
-6.99e+01,-4.59e+01,1.90e+01,2.20e+01
-7.09e+01,-5.17e+01,1.80e+01,2.10e+01
-7.80e+01,-4.36e+01,1.80e+01,2.10e+01
-7.35e+01,-4.63e+01,2.10e+01,2.30e+01
-7.05e+01,-4.68e+01,1.90e+01,2.20e+01
-7.41e+01,-4.89e+01,1.30e+01,1.90e+01
-7.94e+01,-5.31e+01,1.80e+01,2.10e+01
-7.59e+01,-4.81e+01,1.90e+01,2.20e+01
-9.66e+01,-4.65e+01,1.80e+01,2.10e+01
-7.98e+01,-4.99e+01,2.00e+01,2.20e+01
-6.96e+01,-4.31e+01,1.80e+01,2.10e+01
-8.85e+01,-4.89e+01,1.40e+01,1.90e+01
-8.20e+01,-5.57e+01,1.30e+01,1.90e+01
-6.80e+01,-4.64e+01,1.80e+01,2.10e+01
-6.95e+01,-5.25e+01,1.90e+01,2.20e+01
-7.86e+01,-5.18e+01,1.30e+01,1.90e+01
-8.66e+01,-4.37e+01,1.90e+01,2.20e+01
-7.93e+01,-5.62e+01,2.10e+01,2.30e+01
-9.52e+01,-5.41e+01,2.10e+01,2.30e+01
-7.66e+01,-5.06e+01,1.80e+01,2.10e+01
-8.57e+01,-4.85e+01,1.40e+01,2.00e+01
-8.71e+01,-4.73e+01,1.90e+01,2.20e+01
-7.43e+01,-4.80e+01,1.90e+01,2.20e+01
-5.00e+02,-5.00e+02,1.90e+01,2.20e+01
-8.59e+01,-4.38e+01,1.80e+01,2.10e+01
-7.04e+01,-4.85e+01,1.90e+01,2.20e+01
-1.48e+02,-4.64e+01,1.90e+01,2.10e+01
-7.62e+01,-4.30e+01,1.90e+01,2.20e+01
-1.49e+02,-6.71e+01,1.80e+01,2.10e+01
-7.92e+01,-4.89e+01,1.30e+01,1.90e+01
-8.19e+01,-4.87e+01,1.90e+01,2.20e+01
-9.94e+01,-4.84e+01,1.90e+01,2.20e+01
-7.54e+01,-4.64e+01,1.20e+01,1.80e+01
-7.63e+01,-5.11e+01,2.10e+01,2.30e+01
-6.75e+01,-4.64e+01,1.90e+01,2.20e+01
-8.94e+01,-4.42e+01,1.90e+01,2.20e+01
-7.03e+01,-4.83e+01,1.80e+01,2.10e+01
-8.34e+01,-5.21e+01,2.30e+01,2.40e+01
-6.98e+01,-5.38e+01,1.90e+01,2.20e+01
-7.01e+01,-5.16e+01,1.80e+01,2.10e+01
-8.37e+01,-4.75e+01,1.90e+01,2.20e+01
-8.36e+01,-4.99e+01,1.30e+01,1.90e+01
-7.85e+01,-4.69e+01,1.40e+01,1.90e+01
-7.34e+01,-5.02e+01,1.80e+01,2.10e+01
-7.65e+01,-5.06e+01,2.00e+01,2.30e+01
-7.34e+01,-5.09e+01,2.10e+01,2.30e+01
-8.51e+01,-5.48e+01,1.30e+01,1.90e+01
-7.57e+01,-4.61e+01,2.30e+01,2.50e+01
-6.55e+01,-4.84e+01,1.80e+01,2.10e+01
-8.70e+01,-4.82e+01,2.00e+01,2.20e+01
-8.93e+01,-4.96e+01,1.90e+01,2.20e+01
-8.88e+01,-5.66e+01,1.90e+01,2.20e+01
-7.43e+01,-5.32e+01,1.90e+01,2.20e+01
-9.75e+01,-4.90e+01,1.80e+01,2.10e+01
-9.76e+01,-6.07e+01,1.90e+01,2.20e+01
-7.39e+01,-4.48e+01,2.00e+01,2.20e+01
-9.98e+01,-5.08e+01,1.90e+01,2.20e+01
-6.64e+01,-4.94e+01,1.80e+01,2.10e+01
-8.13e+01,-4.64e+01,1.30e+01,1.90e+01
-6.57e+01,-4.38e+01,2.30e+01,2.40e+01
-8.02e+01,-5.13e+01,1.80e+01,2.10e+01
-7.30e+01,-5.03e+01,1.80e+01,2.10e+01
-7.75e+01,-4.77e+01,1.80e+01,2.10e+01
-7.39e+01,-4.67e+01,1.80e+01,2.10e+01
-7.50e+01,-5.01e+01,1.40e+01,2.00e+01
-6.84e+01,-4.49e+01,1.80e+01,2.10e+01
-8.39e+01,-4.89e+01,1.80e+01,2.10e+01
-6.94e+01,-4.63e+01,1.90e+01,2.10e+01
-1.22e+02,-1.14e+02,2.20e+01,2.40e+01
-6.88e+01,-5.06e+01,2.20e+01,2.40e+01
-8.60e+01,-4.93e+01,2.10e+01,2.40e+01
-7.62e+01,-4.62e+01,1.30e+01,1.90e+01
-5.00e+02,-5.00e+02,1.80e+01,2.10e+01
-5.00e+02,-5.00e+02,1.90e+01,2.20e+01
-8.28e+01,-4.96e+01,1.30e+01,1.90e+01
-7.88e+01,-4.42e+01,1.30e+01,1.90e+01
-9.36e+01,-4.95e+01,1.90e+01,2.20e+01
-4.70e+02,-3.21e+02,1.30e+01,1.90e+01
-5.00e+02,-5.00e+02,2.00e+01,2.30e+01
-5.00e+02,-5.00e+02,2.00e+01,2.20e+01
-8.28e+01,-4.44e+01,1.20e+01,1.80e+01
-7.87e+01,-5.19e+01,1.30e+01,1.90e+01
-7.80e+01,-4.65e+01,2.00e+01,2.20e+01
-7.91e+01,-4.85e+01,1.30e+01,1.90e+01
-4.64e+02,-2.87e+02,1.40e+01,2.00e+01
-4.38e+02,-1.32e+02,2.20e+01,2.40e+01
-7.17e+01,-5.10e+01,1.80e+01,2.10e+01
-7.48e+01,-4.96e+01,2.10e+01,2.30e+01
-8.97e+01,-5.09e+01,1.90e+01,2.20e+01
-7.02e+01,-4.66e+01,2.20e+01,2.40e+01
-8.15e+01,-4.45e+01,2.20e+01,2.40e+01
-8.87e+01,-5.59e+01,1.80e+01,2.10e+01
-8.42e+01,-4.81e+01,1.90e+01,2.20e+01
-6.34e+01,-4.42e+01,1.80e+01,2.10e+01
-8.45e+01,-4.88e+01,1.40e+01,2.00e+01
-8.92e+01,-4.38e+01,1.90e+01,2.20e+01
-5.00e+02,-5.00e+02,1.30e+01,1.90e+01
-7.32e+01,-4.95e+01,2.00e+01,2.30e+01
-7.71e+01,-4.83e+01,2.00e+01,2.20e+01
-8.45e+01,-5.02e+01,2.10e+01,2.30e+01
-8.05e+01,-4.92e+01,1.30e+01,1.90e+01
-9.29e+01,-4.87e+01,2.00e+01,2.30e+01
-6.66e+01,-4.88e+01,1.90e+01,2.20e+01
-7.76e+01,-4.29e+01,1.80e+01,2.10e+01
-1.32e+02,-5.14e+01,1.90e+01,2.20e+01
-8.66e+01,-5.08e+01,1.30e+01,1.90e+01
-8.33e+01,-5.14e+01,1.40e+01,2.00e+01
-8.82e+01,-4.51e+01,1.80e+01,2.10e+01
-9.07e+01,-4.19e+01,1.90e+01,2.20e+01
-7.66e+01,-4.90e+01,1.30e+01,1.90e+01
-8.61e+01,-4.93e+01,2.00e+01,2.30e+01
-7.64e+01,-4.58e+01,1.80e+01,2.10e+01
-7.98e+01,-5.15e+01,2.10e+01,2.30e+01
-8.46e+01,-4.80e+01,2.00e+01,2.30e+01
-8.29e+01,-4.30e+01,1.80e+01,2.10e+01
-8.60e+01,-4.82e+01,1.90e+01,2.20e+01
-7.05e+01,-4.80e+01,2.00e+01,2.30e+01
-9.26e+01,-5.20e+01,1.90e+01,2.20e+01
-7.15e+01,-4.56e+01,2.00e+01,2.30e+01
-8.42e+01,-5.62e+01,1.90e+01,2.20e+01
-6.60e+01,-4.90e+01,2.00e+01,2.20e+01
-4.43e+02,-1.57e+02,1.30e+01,1.90e+01
-4.66e+02,-2.97e+02,1.30e+01,1.90e+01
-8.57e+01,-4.64e+01,1.90e+01,2.20e+01
-9.00e+01,-4.65e+01,1.90e+01,2.20e+01
-7.69e+01,-5.07e+01,1.90e+01,2.20e+01
-4.42e+02,-1.55e+02,1.30e+01,1.90e+01
-6.86e+01,-5.02e+01,1.80e+01,2.10e+01
-5.00e+02,-5.00e+02,2.10e+01,2.30e+01
-9.23e+01,-4.78e+01,1.20e+01,1.80e+01
-8.33e+01,-5.22e+01,1.30e+01,1.90e+01
-1.22e+02,-4.23e+01,1.90e+01,2.20e+01
-7.14e+01,-4.97e+01,1.80e+01,2.10e+01
-1.50e+02,-6.29e+01,2.10e+01,2.30e+01
-7.88e+01,-5.62e+01,1.80e+01,2.10e+01
-5.00e+02,-5.00e+02,1.90e+01,2.20e+01
-7.78e+01,-4.78e+01,1.80e+01,2.10e+01
