-2.12e+02,-5.78e+01,4.30e+01,1.70e+01
-2.18e+02,-5.58e+01,4.40e+01,1.70e+01
-2.12e+02,-5.73e+01,2.60e+01,1.40e+01
-2.14e+02,-5.65e+01,4.40e+01,1.70e+01
-2.13e+02,-4.93e+01,2.50e+01,1.40e+01
-2.15e+02,-5.55e+01,4.40e+01,1.70e+01
-2.20e+02,-6.51e+01,2.50e+01,1.40e+01
-2.21e+02,-5.32e+01,4.40e+01,1.70e+01
-2.12e+02,-5.29e+01,4.40e+01,1.70e+01
-2.15e+02,-5.03e+01,4.50e+01,1.70e+01
-2.08e+02,-5.19e+01,4.40e+01,1.70e+01
-2.11e+02,-5.84e+01,4.60e+01,1.70e+01
-2.15e+02,-5.08e+01,4.30e+01,1.70e+01
-2.12e+02,-5.81e+01,4.50e+01,1.70e+01
-2.14e+02,-5.31e+01,4.40e+01,1.70e+01
-2.09e+02,-4.97e+01,4.70e+01,1.70e+01
-2.81e+02,-8.33e+01,4.50e+01,1.70e+01
-2.99e+02,-8.39e+01,4.40e+01,1.70e+01
-4.67e+02,-3.05e+02,2.70e+01,1.40e+01
-2.13e+02,-5.89e+01,4.50e+01,1.70e+01
-2.10e+02,-5.46e+01,4.40e+01,1.70e+01
-2.11e+02,-6.15e+01,4.50e+01,1.70e+01
-2.16e+02,-5.27e+01,4.30e+01,1.70e+01
-2.17e+02,-5.54e+01,4.30e+01,1.70e+01
-2.14e+02,-5.04e+01,4.50e+01,1.80e+01
-2.15e+02,-5.48e+01,4.40e+01,1.70e+01
-2.19e+02,-5.54e+01,4.40e+01,1.70e+01
-2.14e+02,-5.12e+01,2.50e+01,1.40e+01
-2.23e+02,-7.20e+01,4.40e+01,1.70e+01
-2.13e+02,-6.20e+01,4.30e+01,1.70e+01
-2.13e+02,-6.05e+01,4.40e+01,1.70e+01
-2.15e+02,-5.52e+01,4.50e+01,1.70e+01
-2.10e+02,-5.23e+01,4.40e+01,1.70e+01
-2.13e+02,-5.71e+01,2.60e+01,1.40e+01
-2.32e+02,-5.39e+01,4.50e+01,1.70e+01
-2.13e+02,-5.91e+01,2.50e+01,1.40e+01
-2.24e+02,-6.87e+01,4.40e+01,1.70e+01
-2.12e+02,-4.96e+01,2.60e+01,1.40e+01
-2.80e+02,-6.79e+01,4.40e+01,1.70e+01
-2.17e+02,-6.35e+01,4.40e+01,1.70e+01
-5.00e+02,-5.00e+02,4.50e+01,1.70e+01
-2.12e+02,-5.53e+01,4.30e+01,1.70e+01
-2.21e+02,-6.80e+01,4.40e+01,1.70e+01
-2.17e+02,-5.23e+01,4.60e+01,1.70e+01
-5.00e+02,-5.00e+02,4.40e+01,1.70e+01
-2.41e+02,-8.15e+01,4.40e+01,1.70e+01
-2.07e+02,-5.23e+01,4.30e+01,1.70e+01
-4.45e+02,-1.72e+02,4.50e+01,1.70e+01
-2.14e+02,-6.33e+01,2.70e+01,1.40e+01
-3.05e+02,-9.40e+01,4.40e+01,1.70e+01
-2.15e+02,-5.12e+01,4.40e+01,1.70e+01
-4.52e+02,-2.12e+02,4.50e+01,1.70e+01
-2.08e+02,-5.55e+01,4.40e+01,1.70e+01
-4.51e+02,-2.05e+02,4.50e+01,1.70e+01
-2.16e+02,-6.43e+01,4.40e+01,1.70e+01
-2.20e+02,-5.36e+01,2.50e+01,1.40e+01
-5.00e+02,-5.00e+02,4.40e+01,1.70e+01
-2.18e+02,-6.47e+01,4.40e+01,1.70e+01
-4.00e+02,-1.90e+02,2.60e+01,1.40e+01
-2.26e+02,-7.29e+01,4.50e+01,1.70e+01
-2.13e+02,-4.90e+01,4.60e+01,1.80e+01
-2.10e+02,-5.64e+01,4.30e+01,1.70e+01
-2.07e+02,-4.94e+01,4.40e+01,1.70e+01
-4.04e+02,-9.24e+01,4.40e+01,1.70e+01
-5.00e+02,-5.00e+02,4.50e+01,1.70e+01
-4.98e+02,-4.91e+02,2.70e+01,1.40e+01
-3.09e+02,-1.01e+02,4.40e+01,1.70e+01
-2.27e+02,-5.57e+01,4.40e+01,1.70e+01
-5.00e+02,-5.00e+02,2.60e+01,1.40e+01
-3.17e+02,-9.40e+01,2.70e+01,1.40e+01
-5.00e+02,-5.00e+02,4.30e+01,1.70e+01
-2.11e+02,-6.24e+01,4.30e+01,1.70e+01
-2.14e+02,-4.74e+01,4.50e+01,1.80e+01
-2.44e+02,-6.32e+01,4.40e+01,1.70e+01
-2.21e+02,-7.39e+01,4.50e+01,1.70e+01
-5.00e+02,-5.00e+02,4.40e+01,1.70e+01
-3.71e+02,-1.33e+02,4.40e+01,1.70e+01
-2.37e+02,-9.55e+01,4.50e+01,1.70e+01
-5.00e+02,-5.00e+02,2.60e+01,1.40e+01
-2.15e+02,-5.84e+01,4.40e+01,1.70e+01
-2.07e+02,-5.34e+01,4.40e+01,1.70e+01
-2.18e+02,-5.55e+01,4.50e+01,1.70e+01
-2.12e+02,-5.28e+01,4.40e+01,1.70e+01
-4.45e+02,-1.70e+02,4.30e+01,1.70e+01
-2.13e+02,-5.62e+01,4.40e+01,1.70e+01
-2.11e+02,-5.15e+01,4.40e+01,1.80e+01
-2.16e+02,-6.29e+01,4.50e+01,1.70e+01
-3.10e+02,-9.31e+01,2.60e+01,1.40e+01
-2.20e+02,-5.77e+01,2.60e+01,1.40e+01
-5.00e+02,-5.00e+02,4.40e+01,1.70e+01
-2.12e+02,-5.96e+01,2.60e+01,1.40e+01
-2.10e+02,-5.33e+01,4.40e+01,1.70e+01
-2.15e+02,-4.97e+01,4.40e+01,1.70e+01
-2.11e+02,-6.16e+01,4.30e+01,1.70e+01
-2.07e+02,-5.20e+01,4.40e+01,1.70e+01
-2.21e+02,-6.56e+01,4.30e+01,1.70e+01
-5.00e+02,-5.00e+02,4.40e+01,1.70e+01
-2.18e+02,-6.17e+01,4.40e+01,1.70e+01
-2.14e+02,-5.37e+01,4.50e+01,1.70e+01
-2.12e+02,-5.21e+01,4.50e+01,1.80e+01
-2.10e+02,-5.40e+01,4.40e+01,1.70e+01
-2.88e+02,-5.65e+01,2.60e+01,1.40e+01
-5.00e+02,-5.00e+02,4.50e+01,1.70e+01
-5.00e+02,-5.00e+02,4.40e+01,1.70e+01
-2.16e+02,-5.36e+01,4.40e+01,1.70e+01
-2.08e+02,-5.73e+01,4.50e+01,1.70e+01
-2.12e+02,-6.30e+01,4.40e+01,1.70e+01
-2.11e+02,-4.96e+01,4.50e+01,1.80e+01
-3.22e+02,-8.85e+01,2.70e+01,1.40e+01
-2.17e+02,-5.89e+01,4.40e+01,1.70e+01
-2.19e+02,-4.59e+01,2.50e+01,1.40e+01
-2.11e+02,-5.70e+01,4.40e+01,1.70e+01
-2.86e+02,-6.60e+01,2.60e+01,1.40e+01
-5.00e+02,-5.00e+02,2.60e+01,1.40e+01
-3.16e+02,-1.08e+02,2.70e+01,1.40e+01
-5.00e+02,-5.00e+02,2.70e+01,1.40e+01
-2.08e+02,-5.14e+01,4.40e+01,1.70e+01
-4.69e+02,-3.17e+02,2.70e+01,1.40e+01
-2.06e+02,-4.66e+01,4.40e+01,1.70e+01
-2.09e+02,-5.50e+01,4.50e+01,1.70e+01
-5.00e+02,-5.00e+02,4.50e+01,1.70e+01
-2.11e+02,-6.08e+01,4.40e+01,1.70e+01
-2.11e+02,-5.09e+01,2.70e+01,1.40e+01
-2.13e+02,-5.82e+01,4.50e+01,1.70e+01
-5.00e+02,-5.00e+02,4.50e+01,1.70e+01
-4.99e+02,-4.96e+02,4.50e+01,1.70e+01
-2.23e+02,-7.58e+01,4.50e+01,1.70e+01
-2.15e+02,-5.35e+01,4.50e+01,1.70e+01
-2.27e+02,-7.33e+01,2.60e+01,1.40e+01
-2.09e+02,-5.17e+01,4.50e+01,1.70e+01
-2.14e+02,-5.82e+01,4.40e+01,1.70e+01
-2.11e+02,-5.51e+01,4.30e+01,1.70e+01
-2.10e+02,-5.00e+01,2.60e+01,1.50e+01
-4.33e+02,-9.70e+01,4.40e+01,1.70e+01
-5.00e+02,-5.00e+02,2.60e+01,1.40e+01
-2.18e+02,-6.89e+01,4.40e+01,1.70e+01
-2.17e+02,-6.31e+01,2.60e+01,1.40e+01
-2.44e+02,-1.06e+02,2.70e+01,1.40e+01
-2.07e+02,-4.66e+01,4.40e+01,1.70e+01
-2.26e+02,-6.36e+01,4.50e+01,1.80e+01
-2.14e+02,-5.46e+01,4.50e+01,1.70e+01
-5.00e+02,-5.00e+02,4.40e+01,1.70e+01
-4.98e+02,-4.91e+02,2.60e+01,1.40e+01
-2.80e+02,-5.65e+01,4.40e+01,1.70e+01
-2.15e+02,-6.40e+01,2.50e+01,1.40e+01
-5.00e+02,-5.00e+02,2.60e+01,1.40e+01
-4.54e+02,-2.22e+02,4.40e+01,1.70e+01
-5.00e+02,-5.00e+02,2.70e+01,1.40e+01
-3.03e+02,-8.85e+01,2.70e+01,1.40e+01
-3.83e+02,-1.30e+02,4.50e+01,1.80e+01
-2.13e+02,-5.97e+01,2.60e+01,1.40e+01
-2.28e+02,-6.12e+01,4.40e+01,1.70e+01
-2.14e+02,-5.84e+01,2.70e+01,1.40e+01
-2.13e+02,-6.32e+01,4.50e+01,1.70e+01
-2.51e+02,-5.58e+01,4.40e+01,1.70e+01
-2.20e+02,-6.32e+01,4.70e+01,1.70e+01
-2.91e+02,-6.44e+01,4.30e+01,1.70e+01
-4.34e+02,-1.05e+02,4.50e+01,1.70e+01
-4.73e+02,-3.38e+02,2.60e+01,1.40e+01
-2.14e+02,-6.00e+01,2.60e+01,1.50e+01
-2.11e+02,-6.00e+01,4.50e+01,1.70e+01
-5.00e+02,-5.00e+02,2.60e+01,1.40e+01
-5.00e+02,-5.00e+02,4.40e+01,1.70e+01
-2.14e+02,-4.97e+01,4.40e+01,1.70e+01
-2.20e+02,-7.62e+01,4.50e+01,1.70e+01
-2.09e+02,-4.83e+01,4.50e+01,1.70e+01
-2.91e+02,-6.24e+01,4.40e+01,1.70e+01
-2.08e+02,-5.76e+01,4.50e+01,1.70e+01
-2.13e+02,-5.44e+01,4.40e+01,1.80e+01
-2.16e+02,-5.27e+01,2.70e+01,1.40e+01
-2.13e+02,-5.46e+01,2.60e+01,1.40e+01
-2.45e+02,-7.72e+01,2.60e+01,1.40e+01
-2.12e+02,-4.89e+01,2.70e+01,1.40e+01
-2.16e+02,-6.18e+01,4.30e+01,1.70e+01
-5.00e+02,-5.00e+02,4.50e+01,1.80e+01
-2.89e+02,-9.39e+01,4.40e+01,1.70e+01
-2.11e+02,-5.84e+01,4.30e+01,1.70e+01
-4.55e+02,-2.28e+02,4.50e+01,1.70e+01
-2.13e+02,-5.93e+01,4.50e+01,1.70e+01
-5.00e+02,-5.00e+02,2.60e+01,1.40e+01
-4.99e+02,-4.96e+02,4.50e+01,1.70e+01
-2.21e+02,-6.23e+01,2.60e+01,1.40e+01
-4.31e+02,-8.78e+01,4.50e+01,1.70e+01
-5.00e+02,-5.00e+02,2.60e+01,1.40e+01
-2.13e+02,-6.12e+01,4.40e+01,1.70e+01
-4.47e+02,-2.19e+02,4.30e+01,1.70e+01
-2.89e+02,-5.89e+01,2.60e+01,1.40e+01
-4.51e+02,-2.09e+02,4.60e+01,1.70e+01
-2.12e+02,-6.19e+01,4.30e+01,1.70e+01
-2.16e+02,-5.91e+01,2.70e+01,1.40e+01
-2.20e+02,-7.46e+01,2.50e+01,1.40e+01
-2.08e+02,-4.99e+01,4.30e+01,1.70e+01
