-1.45e+02,-5.27e+01,1.16e+02,2.30e+01
-1.49e+02,-5.17e+01,1.16e+02,2.30e+01
-1.46e+02,-5.88e+01,1.14e+02,2.30e+01
-1.43e+02,-6.28e+01,1.13e+02,2.30e+01
-1.50e+02,-6.32e+01,1.15e+02,2.40e+01
-1.43e+02,-5.26e+01,1.16e+02,2.30e+01
-1.51e+02,-5.19e+01,1.13e+02,2.30e+01
-1.44e+02,-4.69e+01,1.13e+02,2.30e+01
-1.45e+02,-4.82e+01,1.16e+02,2.30e+01
-1.45e+02,-5.57e+01,1.15e+02,2.30e+01
-1.50e+02,-6.60e+01,1.14e+02,2.30e+01
-1.44e+02,-6.00e+01,1.13e+02,2.30e+01
-1.56e+02,-6.37e+01,1.15e+02,2.30e+01
-1.48e+02,-5.62e+01,1.15e+02,2.30e+01
-1.54e+02,-7.17e+01,1.15e+02,2.40e+01
-1.47e+02,-5.49e+01,1.14e+02,2.30e+01
-1.49e+02,-7.15e+01,1.16e+02,2.40e+01
-1.46e+02,-4.77e+01,1.16e+02,2.40e+01
-1.56e+02,-6.08e+01,1.14e+02,2.30e+01
-3.93e+02,-1.39e+02,1.14e+02,2.30e+01
-1.50e+02,-5.45e+01,1.17e+02,2.30e+01
-1.46e+02,-5.97e+01,1.16e+02,2.30e+01
-1.50e+02,-5.20e+01,1.17e+02,2.30e+01
-1.41e+02,-5.70e+01,1.17e+02,2.30e+01
-4.34e+02,-1.07e+02,1.16e+02,2.30e+01
-1.44e+02,-5.66e+01,1.17e+02,2.30e+01
-1.63e+02,-5.83e+01,1.16e+02,2.30e+01
-3.76e+02,-1.17e+02,1.17e+02,2.30e+01
-1.76e+02,-5.19e+01,1.17e+02,2.30e+01
-1.46e+02,-5.74e+01,1.14e+02,2.30e+01
-5.00e+02,-5.00e+02,1.17e+02,2.30e+01
-1.49e+02,-5.73e+01,1.16e+02,2.30e+01
-1.46e+02,-6.53e+01,1.13e+02,2.30e+01
-1.67e+02,-7.29e+01,1.16e+02,2.30e+01
-1.55e+02,-6.71e+01,1.15e+02,2.40e+01
-1.49e+02,-5.96e+01,1.14e+02,2.30e+01
-1.48e+02,-5.77e+01,1.14e+02,2.30e+01
-1.50e+02,-5.31e+01,1.13e+02,2.30e+01
-1.57e+02,-5.85e+01,1.14e+02,2.30e+01
-2.85e+02,-4.95e+01,1.15e+02,2.30e+01
-1.47e+02,-4.97e+01,1.13e+02,2.30e+01
-1.57e+02,-6.61e+01,1.15e+02,2.30e+01
-1.71e+02,-5.76e+01,1.17e+02,2.30e+01
-1.48e+02,-4.73e+01,1.14e+02,2.30e+01
-3.58e+02,-6.10e+01,1.17e+02,2.30e+01
-1.54e+02,-5.21e+01,1.17e+02,2.30e+01
-1.55e+02,-6.82e+01,1.17e+02,2.30e+01
-1.44e+02,-5.27e+01,1.14e+02,2.30e+01
-2.25e+02,-6.42e+01,1.14e+02,2.30e+01
-1.47e+02,-5.79e+01,1.16e+02,2.30e+01
-1.49e+02,-5.49e+01,1.16e+02,2.30e+01
-1.48e+02,-5.49e+01,1.16e+02,2.30e+01
-3.94e+02,-1.77e+02,1.17e+02,2.30e+01
-1.51e+02,-7.32e+01,1.15e+02,2.30e+01
-4.34e+02,-1.05e+02,1.16e+02,2.40e+01
-1.59e+02,-5.22e+01,1.14e+02,2.30e+01
-2.36e+02,-7.32e+01,1.16e+02,2.30e+01
-1.56e+02,-6.27e+01,1.17e+02,2.30e+01
-1.43e+02,-5.68e+01,1.17e+02,2.30e+01
-1.49e+02,-5.65e+01,1.16e+02,2.30e+01
-1.51e+02,-6.68e+01,1.16e+02,2.50e+01
-3.03e+02,-1.71e+02,1.17e+02,2.30e+01
-1.55e+02,-7.22e+01,1.15e+02,2.30e+01
-1.52e+02,-5.41e+01,1.16e+02,2.30e+01
-1.44e+02,-5.85e+01,1.15e+02,2.30e+01
-1.44e+02,-4.94e+01,1.18e+02,2.40e+01
-1.43e+02,-5.95e+01,1.17e+02,2.30e+01
-3.58e+02,-7.07e+01,1.17e+02,2.30e+01
-1.41e+02,-5.29e+01,1.16e+02,2.30e+01
-3.97e+02,-1.66e+02,1.17e+02,2.30e+01
-1.45e+02,-5.14e+01,1.17e+02,2.30e+01
-1.52e+02,-5.84e+01,1.16e+02,2.30e+01
-1.50e+02,-5.74e+01,1.16e+02,2.30e+01
-1.48e+02,-5.73e+01,1.16e+02,2.30e+01
-1.61e+02,-5.24e+01,1.16e+02,2.30e+01
-3.89e+02,-1.93e+02,1.16e+02,2.40e+01
-1.40e+02,-5.16e+01,1.16e+02,2.30e+01
-2.83e+02,-5.86e+01,1.14e+02,2.30e+01
-2.16e+02,-5.60e+01,1.17e+02,2.30e+01
-2.98e+02,-5.83e+01,1.15e+02,2.30e+01
-2.15e+02,-5.80e+01,1.14e+02,2.30e+01
-4.18e+02,-2.54e+02,1.15e+02,2.30e+01
-1.54e+02,-4.64e+01,1.15e+02,2.40e+01
-1.45e+02,-5.55e+01,1.16e+02,2.30e+01
-1.49e+02,-6.13e+01,1.17e+02,2.30e+01
-5.00e+02,-5.00e+02,1.17e+02,2.30e+01
-1.52e+02,-6.08e+01,1.16e+02,2.30e+01
-1.49e+02,-4.99e+01,1.14e+02,2.30e+01
-5.00e+02,-5.00e+02,1.17e+02,2.30e+01
-1.42e+02,-5.53e+01,1.15e+02,2.30e+01
-1.86e+02,-7.31e+01,1.14e+02,2.30e+01
-1.52e+02,-5.11e+01,1.17e+02,2.30e+01
-1.58e+02,-6.78e+01,1.16e+02,2.30e+01
-4.99e+02,-4.97e+02,1.15e+02,2.30e+01
-1.45e+02,-5.04e+01,1.17e+02,2.30e+01
-3.12e+02,-1.95e+02,1.17e+02,2.30e+01
-1.49e+02,-4.76e+01,1.17e+02,2.40e+01
-1.58e+02,-6.72e+01,1.16e+02,2.30e+01
-2.17e+02,-6.51e+01,1.17e+02,2.40e+01
-1.70e+02,-4.83e+01,1.16e+02,2.30e+01
-5.00e+02,-5.00e+02,1.16e+02,2.30e+01
-1.55e+02,-5.83e+01,1.15e+02,2.30e+01
-1.50e+02,-5.85e+01,1.17e+02,2.30e+01
-1.52e+02,-7.54e+01,1.16e+02,2.40e+01
-5.00e+02,-5.00e+02,1.15e+02,2.30e+01
-5.00e+02,-5.00e+02,1.17e+02,2.30e+01
-2.53e+02,-1.01e+02,1.16e+02,2.30e+01
-1.42e+02,-4.94e+01,1.17e+02,2.30e+01
-3.58e+02,-5.82e+01,1.17e+02,2.30e+01
-2.43e+02,-9.84e+01,1.16e+02,2.30e+01
-1.57e+02,-6.01e+01,1.14e+02,2.30e+01
-2.25e+02,-5.68e+01,1.17e+02,2.30e+01
-1.47e+02,-5.11e+01,1.16e+02,2.30e+01
-1.50e+02,-6.40e+01,1.17e+02,2.30e+01
-1.56e+02,-7.72e+01,1.14e+02,2.30e+01
-3.68e+02,-7.82e+01,1.14e+02,2.30e+01
-5.00e+02,-5.00e+02,1.17e+02,2.30e+01
-1.42e+02,-6.25e+01,1.17e+02,2.30e+01
-1.53e+02,-6.91e+01,1.13e+02,2.30e+01
-1.65e+02,-6.28e+01,1.14e+02,2.30e+01
-1.47e+02,-5.04e+01,1.15e+02,2.40e+01
-1.53e+02,-4.92e+01,1.16e+02,2.30e+01
-1.52e+02,-6.13e+01,1.17e+02,2.40e+01
-1.51e+02,-5.68e+01,1.16e+02,2.30e+01
-1.83e+02,-7.60e+01,1.17e+02,2.40e+01
-1.44e+02,-5.44e+01,1.16e+02,2.30e+01
-5.00e+02,-5.00e+02,1.17e+02,2.30e+01
-1.44e+02,-5.57e+01,1.17e+02,2.30e+01
-5.00e+02,-5.00e+02,1.17e+02,2.30e+01
-1.52e+02,-5.46e+01,1.13e+02,2.30e+01
-1.49e+02,-6.40e+01,1.15e+02,2.30e+01
-1.48e+02,-5.00e+01,1.17e+02,2.50e+01
-1.46e+02,-6.53e+01,1.14e+02,2.30e+01
-1.45e+02,-5.40e+01,1.17e+02,2.30e+01
-2.75e+02,-5.92e+01,1.16e+02,2.30e+01
-1.44e+02,-6.23e+01,1.16e+02,2.30e+01
-2.18e+02,-7.01e+01,1.14e+02,2.30e+01
-1.64e+02,-5.83e+01,1.13e+02,2.30e+01
-2.92e+02,-7.36e+01,1.16e+02,2.40e+01
-1.45e+02,-5.86e+01,1.16e+02,2.40e+01
-1.54e+02,-6.87e+01,1.16e+02,2.30e+01
-5.00e+02,-5.00e+02,1.16e+02,2.40e+01
-5.00e+02,-5.00e+02,1.14e+02,2.30e+01
-1.54e+02,-6.38e+01,1.14e+02,2.30e+01
-1.47e+02,-5.94e+01,1.17e+02,2.30e+01
-1.48e+02,-5.01e+01,1.16e+02,2.30e+01
-1.45e+02,-4.40e+01,1.14e+02,2.30e+01
-5.00e+02,-5.00e+02,1.14e+02,2.30e+01
-1.41e+02,-5.41e+01,1.15e+02,2.30e+01
-1.48e+02,-5.73e+01,1.16e+02,2.30e+01
-1.96e+02,-7.65e+01,1.16e+02,2.30e+01
-1.56e+02,-6.14e+01,1.17e+02,2.30e+01
-2.56e+02,-1.13e+02,1.16e+02,2.30e+01
-1.45e+02,-6.42e+01,1.17e+02,2.30e+01
-1.51e+02,-6.17e+01,1.16e+02,2.30e+01
-1.59e+02,-6.60e+01,1.16e+02,2.30e+01
-1.52e+02,-5.03e+01,1.14e+02,2.30e+01
-3.59e+02,-5.66e+01,1.17e+02,2.30e+01
-1.51e+02,-7.42e+01,1.17e+02,2.40e+01
-2.87e+02,-5.79e+01,1.15e+02,2.30e+01
-1.51e+02,-6.27e+01,1.13e+02,2.30e+01
-1.45e+02,-6.30e+01,1.16e+02,2.30e+01
-5.00e+02,-5.00e+02,1.17e+02,2.30e+01
-1.49e+02,-5.11e+01,1.16e+02,2.30e+01
-1.45e+02,-5.45e+01,1.17e+02,2.30e+01
-5.00e+02,-5.00e+02,1.17e+02,2.30e+01
-1.50e+02,-4.97e+01,1.16e+02,2.30e+01
-1.47e+02,-5.01e+01,1.17e+02,2.30e+01
-1.48e+02,-5.83e+01,1.16e+02,2.30e+01
-5.00e+02,-5.00e+02,1.17e+02,2.30e+01
-1.49e+02,-6.08e+01,1.16e+02,2.30e+01
-5.00e+02,-5.00e+02,1.17e+02,2.30e+01
-1.51e+02,-6.46e+01,1.13e+02,2.30e+01
-1.44e+02,-5.10e+01,1.17e+02,2.40e+01
-1.42e+02,-5.60e+01,1.15e+02,2.40e+01
-1.43e+02,-5.20e+01,1.16e+02,2.30e+01
-1.51e+02,-5.39e+01,1.16e+02,2.30e+01
-1.46e+02,-4.62e+01,1.17e+02,2.40e+01
-1.53e+02,-6.83e+01,1.16e+02,2.40e+01
-1.46e+02,-6.04e+01,1.16e+02,2.30e+01
-1.44e+02,-4.77e+01,1.14e+02,2.40e+01
-1.45e+02,-5.07e+01,1.16e+02,2.30e+01
-5.00e+02,-5.00e+02,1.15e+02,2.40e+01
-2.66e+02,-4.77e+01,1.14e+02,2.30e+01
-5.00e+02,-5.00e+02,1.17e+02,2.30e+01
-2.76e+02,-5.07e+01,1.16e+02,2.30e+01
-5.00e+02,-5.00e+02,1.16e+02,2.30e+01
-1.47e+02,-6.52e+01,1.17e+02,2.30e+01
-1.47e+02,-6.15e+01,1.16e+02,2.40e+01
-1.63e+02,-4.86e+01,1.16e+02,2.30e+01
-1.57e+02,-6.01e+01,1.17e+02,2.30e+01
-1.65e+02,-6.62e+01,1.17e+02,2.30e+01
