-1.48e+02,-4.62e+01,1.29e+02,5.20e+01
-1.44e+02,-5.59e+01,1.29e+02,5.10e+01
-1.40e+02,-4.60e+01,1.28e+02,5.10e+01
-1.44e+02,-4.70e+01,1.31e+02,5.20e+01
-1.43e+02,-4.55e+01,1.31e+02,5.30e+01
-1.40e+02,-5.06e+01,1.31e+02,5.20e+01
-1.49e+02,-5.79e+01,1.29e+02,5.10e+01
-1.49e+02,-5.15e+01,1.29e+02,5.10e+01
-1.34e+02,-4.38e+01,1.28e+02,5.10e+01
-1.39e+02,-4.51e+01,1.29e+02,5.20e+01
-1.40e+02,-5.04e+01,1.29e+02,5.20e+01
-1.39e+02,-4.72e+01,1.28e+02,5.10e+01
-1.40e+02,-4.56e+01,1.29e+02,5.10e+01
-1.49e+02,-6.31e+01,1.29e+02,5.10e+01
-1.44e+02,-5.06e+01,1.31e+02,5.30e+01
-1.42e+02,-5.45e+01,1.30e+02,5.20e+01
-1.47e+02,-4.92e+01,1.29e+02,5.30e+01
-1.40e+02,-4.84e+01,1.31e+02,5.20e+01
-1.43e+02,-4.87e+01,1.29e+02,5.20e+01
-1.36e+02,-4.54e+01,1.29e+02,5.10e+01
-1.58e+02,-5.90e+01,1.30e+02,5.20e+01
-1.42e+02,-4.83e+01,1.29e+02,5.30e+01
-1.43e+02,-5.22e+01,1.31e+02,5.20e+01
-1.41e+02,-4.99e+01,1.28e+02,5.20e+01
-1.43e+02,-5.13e+01,1.32e+02,5.40e+01
-1.44e+02,-4.77e+01,1.32e+02,5.30e+01
-1.38e+02,-5.25e+01,1.33e+02,5.40e+01
-1.41e+02,-5.60e+01,1.31e+02,5.30e+01
-1.47e+02,-4.55e+01,1.32e+02,5.20e+01
-1.39e+02,-4.86e+01,1.29e+02,5.20e+01
-1.47e+02,-4.80e+01,1.29e+02,5.20e+01
-1.41e+02,-5.64e+01,1.32e+02,5.30e+01
-1.38e+02,-4.50e+01,1.30e+02,5.20e+01
-1.38e+02,-4.26e+01,1.31e+02,5.20e+01
-1.43e+02,-5.88e+01,1.30e+02,5.10e+01
-5.00e+02,-5.00e+02,1.28e+02,5.10e+01
-1.54e+02,-7.40e+01,1.29e+02,5.20e+01
-1.42e+02,-5.58e+01,1.29e+02,5.20e+01
-1.36e+02,-5.49e+01,1.29e+02,5.10e+01
-1.45e+02,-6.11e+01,1.30e+02,5.10e+01
-1.44e+02,-5.61e+01,1.29e+02,5.20e+01
-1.40e+02,-5.11e+01,1.30e+02,5.10e+01
-1.41e+02,-5.28e+01,1.29e+02,5.10e+01
-1.40e+02,-5.48e+01,1.31e+02,5.20e+01
-1.47e+02,-5.56e+01,1.32e+02,5.30e+01
-1.38e+02,-4.96e+01,1.30e+02,5.30e+01
-1.39e+02,-4.60e+01,1.32e+02,5.20e+01
-1.49e+02,-5.27e+01,1.30e+02,5.10e+01
-1.40e+02,-4.52e+01,1.31e+02,5.40e+01
-1.40e+02,-4.96e+01,1.29e+02,5.10e+01
-1.50e+02,-6.48e+01,1.30e+02,5.20e+01
-1.49e+02,-6.64e+01,1.31e+02,5.20e+01
-1.40e+02,-5.58e+01,1.30e+02,5.10e+01
-1.42e+02,-4.78e+01,1.29e+02,5.20e+01
-1.43e+02,-5.23e+01,1.30e+02,5.10e+01
-1.41e+02,-4.82e+01,1.32e+02,5.20e+01
-5.00e+02,-5.00e+02,1.30e+02,5.10e+01
-1.45e+02,-5.97e+01,1.30e+02,5.20e+01
-1.45e+02,-5.43e+01,1.33e+02,5.30e+01
-1.41e+02,-5.76e+01,1.30e+02,5.10e+01
-1.41e+02,-5.43e+01,1.33e+02,5.40e+01
-1.49e+02,-4.91e+01,1.30e+02,5.20e+01
-1.55e+02,-4.86e+01,1.32e+02,5.20e+01
-1.45e+02,-5.20e+01,1.29e+02,5.10e+01
-4.55e+02,-3.10e+02,1.32e+02,5.20e+01
-1.40e+02,-5.05e+01,1.32e+02,5.20e+01
-1.47e+02,-4.59e+01,1.32e+02,5.20e+01
-1.40e+02,-5.12e+01,1.31e+02,5.30e+01
-1.51e+02,-5.61e+01,1.30e+02,5.20e+01
-1.43e+02,-5.98e+01,1.31e+02,5.30e+01
-1.44e+02,-5.87e+01,1.31e+02,5.20e+01
-1.40e+02,-5.58e+01,1.29e+02,5.10e+01
-3.02e+02,-8.08e+01,1.30e+02,5.10e+01
-5.00e+02,-5.00e+02,1.32e+02,5.20e+01
-1.55e+02,-5.28e+01,1.32e+02,5.20e+01
-1.53e+02,-6.37e+01,1.29e+02,5.10e+01
-1.39e+02,-4.90e+01,1.30e+02,5.20e+01
-1.46e+02,-5.05e+01,1.30e+02,5.20e+01
-1.47e+02,-6.04e+01,1.30e+02,5.10e+01
-1.43e+02,-5.90e+01,1.32e+02,5.30e+01
-2.21e+02,-6.76e+01,1.28e+02,5.10e+01
-1.38e+02,-5.02e+01,1.29e+02,5.10e+01
-1.41e+02,-4.72e+01,1.32e+02,5.40e+01
-1.46e+02,-4.72e+01,1.30e+02,5.10e+01
-1.48e+02,-6.56e+01,1.31e+02,5.20e+01
-1.44e+02,-4.01e+01,1.32e+02,5.30e+01
-5.00e+02,-5.00e+02,1.29e+02,5.20e+01
-1.44e+02,-4.99e+01,1.32e+02,5.30e+01
-1.40e+02,-4.76e+01,1.30e+02,5.30e+01
-1.43e+02,-5.65e+01,1.30e+02,5.30e+01
-5.00e+02,-5.00e+02,1.29e+02,5.10e+01
-1.47e+02,-5.48e+01,1.32e+02,5.20e+01
-1.44e+02,-5.69e+01,1.31e+02,5.40e+01
-1.44e+02,-5.32e+01,1.30e+02,5.20e+01
-1.45e+02,-4.64e+01,1.33e+02,5.30e+01
-1.45e+02,-4.55e+01,1.32e+02,5.20e+01
-1.40e+02,-5.12e+01,1.31e+02,5.30e+01
-1.36e+02,-4.87e+01,1.32e+02,5.20e+01
-1.41e+02,-4.58e+01,1.30e+02,5.10e+01
-1.39e+02,-4.30e+01,1.29e+02,5.20e+01
-1.44e+02,-5.15e+01,1.32e+02,5.20e+01
-1.46e+02,-5.29e+01,1.30e+02,5.20e+01
-3.99e+02,-2.14e+02,1.30e+02,5.30e+01
-1.43e+02,-4.81e+01,1.29e+02,5.20e+01
-1.51e+02,-6.43e+01,1.33e+02,5.30e+01
-1.50e+02,-6.50e+01,1.31e+02,5.40e+01
-1.44e+02,-4.70e+01,1.30e+02,5.10e+01
-1.49e+02,-6.23e+01,1.31e+02,5.20e+01
-4.32e+02,-9.39e+01,1.30e+02,5.10e+01
-1.44e+02,-5.37e+01,1.29e+02,5.30e+01
-1.43e+02,-5.61e+01,1.32e+02,5.20e+01
-1.45e+02,-4.78e+01,1.33e+02,5.40e+01
-1.45e+02,-5.00e+01,1.30e+02,5.20e+01
-1.47e+02,-5.31e+01,1.31e+02,5.30e+01
-1.43e+02,-5.16e+01,1.31e+02,5.20e+01
-1.41e+02,-5.24e+01,1.30e+02,5.20e+01
-1.39e+02,-4.05e+01,1.30e+02,5.20e+01
-1.53e+02,-5.34e+01,1.30e+02,5.10e+01
-1.44e+02,-5.48e+01,1.31e+02,5.20e+01
-1.48e+02,-4.91e+01,1.31e+02,5.20e+01
-1.50e+02,-4.78e+01,1.29e+02,5.10e+01
-1.45e+02,-4.34e+01,1.30e+02,5.10e+01
-1.45e+02,-5.35e+01,1.31e+02,5.30e+01
-1.40e+02,-5.62e+01,1.31e+02,5.20e+01
-1.47e+02,-5.01e+01,1.30e+02,5.10e+01
-1.47e+02,-5.49e+01,1.30e+02,5.20e+01
-1.47e+02,-5.74e+01,1.30e+02,5.20e+01
-1.47e+02,-6.20e+01,1.30e+02,5.20e+01
-1.50e+02,-5.94e+01,1.32e+02,5.30e+01
-1.52e+02,-6.84e+01,1.31e+02,5.20e+01
-1.47e+02,-6.63e+01,1.31e+02,5.20e+01
-1.40e+02,-5.18e+01,1.29e+02,5.10e+01
-1.41e+02,-5.01e+01,1.30e+02,5.20e+01
-1.38e+02,-5.20e+01,1.29e+02,5.10e+01
-1.39e+02,-4.11e+01,1.30e+02,5.10e+01
-1.44e+02,-5.75e+01,1.32e+02,5.20e+01
-1.41e+02,-4.90e+01,1.30e+02,5.10e+01
-2.79e+02,-9.71e+01,1.30e+02,5.30e+01
-1.44e+02,-6.08e+01,1.32e+02,5.30e+01
-1.38e+02,-4.94e+01,1.30e+02,5.20e+01
-1.45e+02,-5.11e+01,1.29e+02,5.10e+01
-1.40e+02,-4.99e+01,1.29e+02,5.10e+01
-1.44e+02,-4.80e+01,1.29e+02,5.10e+01
-1.36e+02,-4.58e+01,1.29e+02,5.10e+01
-1.41e+02,-4.96e+01,1.30e+02,5.20e+01
-1.41e+02,-5.32e+01,1.32e+02,5.20e+01
-1.45e+02,-5.71e+01,1.30e+02,5.30e+01
-1.48e+02,-5.15e+01,1.31e+02,5.20e+01
-1.43e+02,-4.94e+01,1.30e+02,5.30e+01
-4.47e+02,-1.83e+02,1.32e+02,5.20e+01
-1.51e+02,-5.56e+01,1.33e+02,5.30e+01
-1.43e+02,-5.64e+01,1.29e+02,5.20e+01
-5.00e+02,-5.00e+02,1.29e+02,5.10e+01
-1.45e+02,-5.99e+01,1.32e+02,5.20e+01
-1.45e+02,-4.83e+01,1.31e+02,5.30e+01
-1.45e+02,-5.43e+01,1.31e+02,5.30e+01
-1.45e+02,-6.22e+01,1.31e+02,5.30e+01
-5.00e+02,-5.00e+02,1.29e+02,5.10e+01
-1.37e+02,-5.32e+01,1.29e+02,5.10e+01
-1.44e+02,-5.21e+01,1.32e+02,5.20e+01
-1.51e+02,-7.03e+01,1.29e+02,5.20e+01
-4.32e+02,-9.60e+01,1.32e+02,5.30e+01
-1.47e+02,-5.05e+01,1.28e+02,5.10e+01
-1.40e+02,-4.86e+01,1.29e+02,5.20e+01
-5.00e+02,-5.00e+02,1.30e+02,5.10e+01
-1.43e+02,-5.03e+01,1.30e+02,5.20e+01
-1.39e+02,-5.17e+01,1.29e+02,5.10e+01
-1.37e+02,-4.43e+01,1.29e+02,5.20e+01
-1.37e+02,-4.85e+01,1.32e+02,5.30e+01
-1.37e+02,-4.97e+01,1.31e+02,5.30e+01
-1.47e+02,-5.40e+01,1.31e+02,5.30e+01
-1.43e+02,-5.63e+01,1.31e+02,5.30e+01
-1.37e+02,-4.41e+01,1.30e+02,5.20e+01
-1.50e+02,-5.13e+01,1.30e+02,5.20e+01
-1.39e+02,-5.03e+01,1.30e+02,5.20e+01
-1.44e+02,-5.24e+01,1.31e+02,5.20e+01
-1.44e+02,-4.94e+01,1.32e+02,5.30e+01
-1.47e+02,-5.93e+01,1.29e+02,5.10e+01
-4.31e+02,-8.96e+01,1.30e+02,5.10e+01
-1.49e+02,-7.09e+01,1.29e+02,5.20e+01
-1.44e+02,-5.37e+01,1.31e+02,5.20e+01
-1.40e+02,-5.55e+01,1.30e+02,5.20e+01
-1.44e+02,-5.26e+01,1.33e+02,5.30e+01
-1.43e+02,-5.10e+01,1.30e+02,5.20e+01
-1.52e+02,-6.68e+01,1.31e+02,5.20e+01
-1.42e+02,-5.72e+01,1.31e+02,5.30e+01
-1.36e+02,-4.78e+01,1.30e+02,5.10e+01
-1.48e+02,-4.35e+01,1.31e+02,5.20e+01
-1.43e+02,-4.95e+01,1.31e+02,5.20e+01
-1.46e+02,-4.95e+01,1.32e+02,5.30e+01
-1.50e+02,-6.60e+01,1.30e+02,5.20e+01
-1.49e+02,-4.48e+01,1.31e+02,5.20e+01
