1.32e+02,5.33e+02,3.80e+01,2.00e+01
1.34e+02,5.32e+02,3.70e+01,2.00e+01
1.34e+02,5.32e+02,3.80e+01,2.00e+01
1.34e+02,5.32e+02,3.70e+01,2.00e+01
1.34e+02,5.11e+02,4.20e+01,1.90e+01
1.32e+02,5.32e+02,3.80e+01,2.00e+01
1.34e+02,5.16e+02,4.40e+01,1.90e+01
1.32e+02,5.26e+02,3.90e+01,2.00e+01
1.33e+02,5.25e+02,4.30e+01,2.30e+01
1.33e+02,5.20e+02,4.30e+01,2.00e+01
1.32e+02,5.26e+02,3.80e+01,2.00e+01
1.33e+02,5.25e+02,4.20e+01,2.20e+01
8.10e+01,4.77e+02,3.70e+01,2.00e+01
1.12e+02,4.31e+02,3.70e+01,2.00e+01
1.34e+02,5.32e+02,3.80e+01,2.00e+01
1.32e+02,5.26e+02,3.80e+01,2.00e+01
1.33e+02,5.25e+02,3.70e+01,2.00e+01
1.33e+02,5.14e+02,4.30e+01,1.90e+01
8.20e+01,4.01e+02,4.10e+01,2.10e+01
1.28e+02,5.11e+02,4.00e+01,2.10e+01
8.11e+01,4.77e+02,4.20e+01,2.20e+01
1.23e+02,4.79e+02,3.80e+01,2.00e+01
9.01e+01,4.18e+02,3.90e+01,2.00e+01
9.73e+01,4.52e+02,4.20e+01,2.10e+01
9.03e+01,4.16e+02,4.20e+01,2.10e+01
1.18e+02,4.65e+02,4.30e+01,2.00e+01
-2.64e+01,7.83e+01,4.30e+01,1.90e+01
6.10e+01,4.37e+02,3.70e+01,2.00e+01
1.31e+02,5.25e+02,4.10e+01,2.20e+01
7.22e+01,4.17e+02,3.90e+01,2.00e+01
1.33e+02,5.20e+02,4.30e+01,2.00e+01
1.17e+02,4.83e+02,4.10e+01,2.20e+01
1.33e+02,5.20e+02,4.20e+01,2.00e+01
1.33e+02,5.25e+02,4.30e+01,2.30e+01
1.30e+02,4.97e+02,4.30e+01,1.90e+01
1.32e+02,5.30e+02,3.80e+01,2.00e+01
1.34e+02,5.11e+02,4.30e+01,1.90e+01
1.31e+02,5.25e+02,4.30e+01,2.20e+01
7.25e+01,4.34e+02,3.90e+01,2.00e+01
1.32e+02,5.32e+02,3.90e+01,2.00e+01
1.30e+02,4.97e+02,4.30e+01,1.90e+01
1.09e+02,4.36e+02,4.00e+01,2.00e+01
1.23e+02,4.71e+02,3.80e+01,2.00e+01
1.30e+02,5.22e+02,3.70e+01,2.00e+01
1.09e+02,4.15e+02,4.30e+01,2.00e+01
9.63e+01,4.36e+02,4.10e+01,2.20e+01
-4.08e+01,7.54e+01,4.20e+01,2.30e+01
1.14e+02,4.37e+02,4.20e+01,2.30e+01
1.32e+02,5.26e+02,3.90e+01,2.00e+01
1.32e+02,5.33e+02,3.90e+01,2.10e+01
1.13e+02,4.49e+02,3.80e+01,2.00e+01
-4.20e+01,7.56e+01,3.80e+01,2.00e+01
9.40e+01,4.42e+02,3.90e+01,2.10e+01
1.30e+02,5.23e+02,3.90e+01,2.00e+01
1.13e+02,4.36e+02,3.70e+01,2.00e+01
1.13e+02,4.53e+02,3.90e+01,2.10e+01
8.92e+01,4.48e+02,4.30e+01,1.90e+01
1.20e+02,4.60e+02,3.90e+01,2.00e+01
2.72e+00,1.09e+02,3.70e+01,2.00e+01
-4.12e+01,8.22e+01,4.20e+01,2.00e+01
1.33e+02,5.25e+02,4.40e+01,2.20e+01
1.23e+02,5.17e+02,3.80e+01,2.00e+01
1.90e+01,1.77e+02,3.90e+01,2.10e+01
9.21e+01,4.48e+02,4.30e+01,1.90e+01
1.34e+02,5.11e+02,4.30e+01,2.00e+01
6.89e+00,1.29e+02,4.50e+01,1.90e+01
1.33e+02,5.20e+02,4.30e+01,1.90e+01
1.27e+02,4.90e+02,4.10e+01,2.20e+01
1.33e+02,5.20e+02,4.30e+01,2.00e+01
1.34e+02,5.32e+02,3.80e+01,2.00e+01
7.31e+01,3.81e+02,4.20e+01,2.20e+01
1.43e+01,2.44e+02,4.10e+01,2.10e+01
1.33e+02,5.20e+02,4.40e+01,2.00e+01
1.15e+02,4.48e+02,3.80e+01,2.10e+01
1.34e+02,5.32e+02,3.80e+01,2.00e+01
7.25e+01,4.48e+02,4.40e+01,2.10e+01
1.16e+02,4.68e+02,3.70e+01,2.00e+01
1.14e+02,4.37e+02,3.90e+01,2.00e+01
8.66e+01,4.70e+02,4.20e+01,1.90e+01
8.96e+01,4.37e+02,3.80e+01,2.00e+01
1.14e+02,4.60e+02,3.80e+01,2.00e+01
-9.07e+00,1.04e+02,3.80e+01,2.00e+01
1.22e+02,5.15e+02,3.80e+01,2.10e+01
1.15e+02,4.36e+02,3.90e+01,2.00e+01
1.30e+02,5.20e+02,3.90e+01,2.10e+01
1.13e+02,4.41e+02,3.70e+01,2.00e+01
-4.23e+01,8.48e+01,4.30e+01,1.90e+01
1.17e+02,4.42e+02,3.80e+01,2.00e+01
1.32e+02,5.33e+02,3.80e+01,2.00e+01
1.19e+02,4.49e+02,4.40e+01,2.40e+01
1.12e+02,4.42e+02,3.90e+01,2.00e+01
1.33e+02,5.25e+02,4.30e+01,2.10e+01
1.14e+02,4.39e+02,3.90e+01,2.00e+01
1.18e+02,4.59e+02,3.90e+01,2.10e+01
1.17e+02,4.41e+02,4.00e+01,2.00e+01
-3.62e+01,5.68e+01,3.90e+01,2.00e+01
6.18e+01,3.63e+02,3.80e+01,2.00e+01
1.17e+02,4.42e+02,3.80e+01,2.00e+01
5.84e+00,1.29e+02,4.40e+01,2.00e+01
2.88e+00,1.09e+02,3.80e+01,2.00e+01
1.14e+02,4.36e+02,3.90e+01,2.10e+01
1.32e+02,5.26e+02,3.80e+01,2.00e+01
-4.46e+01,8.35e+01,4.20e+01,1.90e+01
1.21e+02,5.05e+02,4.30e+01,2.00e+01
1.04e+02,4.48e+02,4.10e+01,1.90e+01
1.23e+02,5.26e+02,4.20e+01,2.00e+01
1.10e+01,2.58e+02,4.30e+01,2.20e+01
1.33e+02,5.25e+02,4.30e+01,2.20e+01
1.33e+02,5.25e+02,4.30e+01,2.30e+01
-3.61e+01,5.69e+01,4.10e+01,2.00e+01
-3.08e+01,7.53e+01,3.70e+01,2.00e+01
1.13e+02,4.37e+02,4.00e+01,2.10e+01
1.13e+02,4.36e+02,3.70e+01,2.00e+01
1.33e+02,5.17e+02,4.40e+01,1.90e+01
9.90e+01,4.02e+02,3.90e+01,2.00e+01
1.31e+02,5.20e+02,3.80e+01,2.00e+01
1.27e+02,4.94e+02,3.90e+01,2.10e+01
5.92e+01,3.07e+02,3.70e+01,2.00e+01
1.33e+02,5.25e+02,4.30e+01,2.20e+01
1.24e+02,5.02e+02,4.40e+01,1.90e+01
1.14e+02,4.37e+02,4.10e+01,2.20e+01
1.12e+02,4.32e+02,4.30e+01,2.20e+01
1.28e+02,5.05e+02,4.20e+01,2.20e+01
9.14e+01,4.86e+02,4.20e+01,1.90e+01
6.11e+01,1.01e+02,4.20e+01,2.10e+01
1.13e+02,4.30e+02,4.00e+01,2.20e+01
1.19e+02,4.59e+02,3.90e+01,2.10e+01
9.24e+01,5.10e+02,3.70e+01,2.00e+01
