-1.17e+01,4.27e+01,9.00e+00,1.20e+01
-5.06e+00,1.57e+02,1.10e+01,1.20e+01
-4.13e+01,1.47e+01,1.40e+01,1.20e+01
-5.97e+00,5.00e+01,7.00e+00,1.20e+01
-3.06e+01,4.56e+01,1.00e+01,1.20e+01
-3.50e+01,1.84e+01,8.00e+00,1.20e+01
-2.62e+01,3.71e+01,1.00e+01,1.20e+01
-4.80e+01,-2.06e+01,9.00e+00,1.20e+01
-8.94e+01,-1.76e+01,8.00e+00,1.20e+01
-4.30e+01,-5.81e+00,1.10e+01,1.20e+01
-3.76e+01,4.94e+01,1.10e+01,1.20e+01
-5.55e+00,7.78e+01,8.00e+00,1.20e+01
-5.80e+00,3.87e+01,1.00e+01,1.20e+01
-5.81e+01,-4.11e+01,7.00e+00,1.20e+01
-1.39e+01,5.86e+01,8.00e+00,1.20e+01
-1.76e+01,1.00e+02,9.00e+00,1.20e+01
-1.29e+01,1.92e+02,1.20e+01,1.20e+01
-3.83e+01,1.83e+01,1.00e+01,1.20e+01
-4.21e+01,-1.81e+01,7.00e+00,1.20e+01
-3.79e+01,-1.17e+01,9.00e+00,1.20e+01
-1.13e+01,7.92e+01,1.00e+01,1.20e+01
-1.26e+01,8.06e+01,1.10e+01,1.20e+01
-2.94e+01,2.09e+01,9.00e+00,1.20e+01
-5.53e+01,-2.63e+01,9.00e+00,1.20e+01
-4.16e+01,-1.22e+01,6.00e+00,1.20e+01
-2.06e+01,4.17e+01,9.00e+00,1.20e+01
2.90e+00,1.30e+02,9.00e+00,1.20e+01
-1.81e+01,7.25e+01,1.30e+01,1.20e+01
-1.95e+01,1.68e+01,8.00e+00,1.20e+01
-5.07e+01,2.27e+01,1.10e+01,1.20e+01
-8.77e+00,5.98e+01,1.10e+01,1.20e+01
-4.05e+01,-2.69e+01,8.00e+00,1.20e+01
-1.63e+01,4.65e+01,1.00e+01,1.20e+01
-2.62e+01,4.88e+01,8.00e+00,1.20e+01
-4.17e+01,-2.75e+01,8.00e+00,1.20e+01
-3.16e+01,5.99e+01,6.00e+00,1.20e+01
-1.87e+01,3.73e+01,7.00e+00,1.20e+01
-5.08e+01,2.52e+01,1.20e+01,1.20e+01
-2.24e+01,4.56e+01,6.00e+00,1.20e+01
-2.48e+01,7.92e+01,1.10e+01,1.20e+01
-8.13e+00,6.51e+01,8.00e+00,1.20e+01
-6.72e+01,-2.51e+01,4.00e+00,1.20e+01
-2.52e+01,4.93e+01,9.00e+00,1.20e+01
-5.40e+00,5.96e+01,8.00e+00,1.20e+01
-2.54e+01,3.59e+01,7.00e+00,1.20e+01
-3.32e+00,5.20e+01,1.10e+01,1.20e+01
-6.56e+00,5.10e+01,1.00e+01,1.20e+01
1.82e+01,9.70e+01,1.00e+01,1.20e+01
-5.87e+01,-2.71e+01,9.00e+00,1.20e+01
-2.60e+01,-1.19e+01,9.00e+00,1.20e+01
1.35e+00,6.97e+01,8.00e+00,1.20e+01
-4.80e+01,-5.82e+00,9.00e+00,1.20e+01
-2.56e+01,1.11e+02,1.00e+01,1.20e+01
-9.16e+00,3.24e+01,1.30e+01,1.20e+01
-9.47e+00,4.57e+01,1.10e+01,1.20e+01
-4.01e+01,-3.04e+00,7.00e+00,1.20e+01
-3.73e+01,5.54e+01,9.00e+00,1.20e+01
2.05e+01,2.62e+02,6.00e+00,1.20e+01
-1.42e+01,4.29e+01,1.10e+01,1.20e+01
-5.24e+01,-1.76e+01,8.00e+00,1.20e+01
-1.86e+01,3.93e+01,1.00e+01,1.20e+01
-4.49e+01,-2.22e+01,6.00e+00,1.20e+01
-4.07e+01,-1.30e+01,6.00e+00,1.20e+01
-3.17e+01,-1.66e+01,6.00e+00,1.20e+01
-2.57e+01,3.34e+01,9.00e+00,1.20e+01
-5.79e+01,-2.60e+01,1.20e+01,1.20e+01
8.59e+00,1.06e+02,1.30e+01,1.20e+01
-5.88e+01,-3.04e+01,9.00e+00,1.20e+01
-4.60e+01,-2.42e+00,8.00e+00,1.20e+01
-4.34e+01,-3.08e+01,7.00e+00,1.20e+01
-1.07e+01,7.21e+01,8.00e+00,1.20e+01
-8.88e+01,-2.63e+01,5.00e+00,1.20e+01
-4.17e+01,-2.21e+01,5.00e+00,1.20e+01
-2.30e+01,3.58e+01,1.50e+01,1.20e+01
1.52e-01,1.57e+02,7.00e+00,1.20e+01
-2.90e+01,4.25e+01,9.00e+00,1.20e+01
9.25e+00,1.13e+02,1.10e+01,1.20e+01
-2.86e+01,6.50e+01,9.00e+00,1.20e+01
-1.95e+01,4.79e+01,1.00e+01,1.20e+01
7.90e+00,2.50e+02,9.00e+00,1.20e+01
-3.23e+01,2.78e+01,1.00e+01,1.20e+01
-2.71e+01,2.75e+01,7.00e+00,1.20e+01
-5.10e+00,1.53e+02,4.00e+00,1.20e+01
-3.60e+01,6.32e+01,9.00e+00,1.20e+01
-3.52e+01,4.71e+01,1.10e+01,1.20e+01
-3.12e+01,3.18e+01,8.00e+00,1.20e+01
-4.02e+01,6.19e+01,6.00e+00,1.20e+01
1.20e+01,1.95e+02,1.00e+01,1.20e+01
-4.56e+01,6.81e+01,8.00e+00,1.20e+01
-4.16e+01,3.59e+01,1.10e+01,1.20e+01
1.35e+01,9.31e+01,1.20e+01,1.20e+01
-5.06e+01,-3.28e+01,9.00e+00,1.20e+01
-2.20e+01,3.74e+01,1.30e+01,1.20e+01
-4.02e+01,-2.54e+01,5.00e+00,1.20e+01
-5.88e+01,-1.62e+01,1.10e+01,1.20e+01
-4.83e+01,4.65e+01,9.00e+00,1.20e+01
-4.39e+01,-1.12e+01,9.00e+00,1.20e+01
-2.42e+01,1.32e+02,1.20e+01,1.20e+01
-3.93e+01,-2.02e+01,9.00e+00,1.20e+01
-5.49e+01,-2.85e+01,1.00e+01,1.20e+01
-6.11e+01,9.52e+00,5.00e+00,1.20e+01
1.64e+01,1.08e+02,1.20e+01,1.20e+01
-4.89e+01,-2.05e+01,5.00e+00,1.20e+01
-2.40e+00,5.42e+01,1.20e+01,1.20e+01
-1.31e+01,1.16e+02,9.00e+00,1.20e+01
-3.96e+01,-2.74e+01,1.00e+01,1.20e+01
-1.27e+01,9.91e+01,8.00e+00,1.20e+01
-6.05e+01,3.12e+01,1.10e+01,1.20e+01
2.48e-01,7.15e+01,1.20e+01,1.20e+01
-3.37e+01,3.21e+01,5.00e+00,1.20e+01
-2.59e+01,3.36e+01,1.00e+01,1.20e+01
-4.94e+01,-2.97e+01,9.00e+00,1.20e+01
-2.95e+01,-2.62e-01,6.00e+00,1.20e+01
-4.07e+01,5.56e+01,1.20e+01,1.20e+01
-5.61e+01,-1.10e+01,4.00e+00,1.20e+01
-3.62e+01,2.62e+01,1.00e+01,1.20e+01
1.14e+01,1.52e+02,7.00e+00,1.20e+01
5.56e-01,1.13e+02,9.00e+00,1.20e+01
-1.14e+01,4.47e+01,7.00e+00,1.20e+01
-5.74e+01,-2.45e+01,4.00e+00,1.20e+01
-6.44e+00,3.06e+01,1.10e+01,1.20e+01
-4.72e+01,-1.33e+01,1.00e+01,1.20e+01
-6.32e+01,-9.31e+00,9.00e+00,1.20e+01
8.71e-01,5.79e+01,1.00e+01,1.20e+01
-5.07e+01,-1.85e+01,7.00e+00,1.20e+01
-4.40e+01,-1.21e+01,9.00e+00,1.20e+01
-4.99e-01,5.93e+01,9.00e+00,1.20e+01
-2.85e+01,9.60e+00,8.00e+00,1.20e+01
