-3.62e+01,-1.30e+01,1.90e+01,2.10e+01
-3.27e+01,-1.48e+01,2.20e+01,2.10e+01
-7.85e+01,-3.22e+01,1.70e+01,2.10e+01
-5.65e+01,-3.22e+01,1.10e+01,2.10e+01
-6.14e+01,-2.89e+01,2.10e+01,2.10e+01
-7.61e+01,-2.90e+01,2.20e+01,2.10e+01
-6.09e+01,-1.68e+01,1.70e+01,2.10e+01
-5.06e+01,-2.91e+01,1.60e+01,2.10e+01
-6.21e+01,-1.60e+01,1.90e+01,2.10e+01
-3.62e+01,-1.95e+01,1.60e+01,2.10e+01
-5.17e+01,-2.25e+01,1.60e+01,2.10e+01
-5.82e+01,-4.32e+01,1.90e+01,2.10e+01
-4.53e+01,-2.46e+01,1.60e+01,2.10e+01
-4.15e+01,-1.88e+01,1.40e+01,2.10e+01
-7.10e+01,-3.20e+01,1.60e+01,2.10e+01
-6.03e+01,-2.06e+01,1.60e+01,2.10e+01
-5.24e+01,-2.04e+01,2.00e+01,2.10e+01
-6.94e+01,-1.59e+01,1.30e+01,2.10e+01
-6.37e+01,-1.97e+01,1.30e+01,2.10e+01
-4.56e+01,-1.70e+01,1.80e+01,2.10e+01
-6.56e+01,-4.45e+01,1.40e+01,2.10e+01
-6.94e+01,-2.76e+01,1.80e+01,2.10e+01
-4.66e+01,-2.66e+01,1.40e+01,2.10e+01
-3.16e+01,-1.50e+01,1.70e+01,2.10e+01
-6.00e+01,-2.04e+01,1.70e+01,2.10e+01
-6.89e+01,-3.71e+01,1.60e+01,2.10e+01
-4.36e+01,-1.53e+01,2.00e+01,2.10e+01
-4.83e+01,-2.57e+01,1.60e+01,2.10e+01
-3.84e+01,-1.74e+01,1.60e+01,2.10e+01
-5.91e+01,-2.66e+01,1.30e+01,2.10e+01
-6.56e+01,-1.84e+01,1.50e+01,2.10e+01
-5.29e+01,-1.40e+01,1.40e+01,2.10e+01
-5.92e+01,-2.30e+01,1.40e+01,2.10e+01
-8.38e+01,-2.38e+01,1.90e+01,2.10e+01
-5.58e+01,-8.38e+00,1.30e+01,2.10e+01
-4.56e+01,-1.57e+01,1.70e+01,2.10e+01
-3.92e+01,-1.68e+01,1.90e+01,2.10e+01
-5.37e+01,-2.29e+01,1.80e+01,2.10e+01
-3.90e+01,-3.18e+01,2.20e+01,2.10e+01
-5.05e+01,-2.63e+01,1.60e+01,2.10e+01
-5.68e+01,-1.61e+01,1.90e+01,2.10e+01
-4.51e+01,-1.98e+01,2.10e+01,2.10e+01
-6.36e+01,-2.61e+01,1.40e+01,2.10e+01
-4.91e+01,-2.60e+01,1.60e+01,2.10e+01
-7.16e+01,-2.44e+01,2.20e+01,2.10e+01
-4.12e+01,-2.44e+01,1.60e+01,2.10e+01
-4.12e+01,-1.07e+01,1.50e+01,2.10e+01
-5.13e+01,-1.67e+01,1.40e+01,2.10e+01
-4.76e+01,-2.04e+01,2.10e+01,2.10e+01
-4.78e+01,-3.16e+01,1.90e+01,2.10e+01
-4.32e+01,-2.85e+01,2.30e+01,2.10e+01
-5.06e+01,-1.83e+01,2.20e+01,2.10e+01
-2.80e+01,-1.74e+01,2.00e+01,2.10e+01
-5.12e+01,-2.20e+01,1.60e+01,2.10e+01
-6.27e+01,-2.24e+01,2.00e+01,2.10e+01
-5.25e+01,-1.90e+01,1.90e+01,2.10e+01
-4.01e+01,-3.75e+00,1.40e+01,2.10e+01
-4.11e+01,-2.02e+01,1.80e+01,2.10e+01
-6.77e+01,-3.77e+01,1.20e+01,2.10e+01
-3.62e+01,-2.64e+01,2.00e+01,2.10e+01
-5.28e+01,-2.66e+01,1.50e+01,2.10e+01
-3.83e+01,-1.66e+01,1.70e+01,2.10e+01
-6.43e+01,-3.17e+01,1.50e+01,2.10e+01
-4.88e+01,-1.64e+01,1.50e+01,2.10e+01
-5.53e+01,-3.53e+01,1.60e+01,2.10e+01
-6.11e+01,-1.65e+01,2.40e+01,2.10e+01
-4.09e+01,-2.01e+01,1.50e+01,2.10e+01
-4.07e+01,-1.91e+01,2.00e+01,2.10e+01
-4.57e+01,-1.52e+01,1.60e+01,2.10e+01
-4.72e+01,-2.03e+01,1.30e+01,2.10e+01
-5.63e+01,-2.18e+01,1.20e+01,2.10e+01
-6.76e+01,-1.95e+01,1.90e+01,2.10e+01
-5.79e+01,-1.53e+01,1.80e+01,2.10e+01
-5.19e+01,-3.62e+01,1.90e+01,2.10e+01
-4.09e+01,-1.34e+01,2.30e+01,2.10e+01
-5.80e+01,-2.87e+01,1.70e+01,2.10e+01
-6.35e+01,-2.63e+01,1.40e+01,2.10e+01
-4.27e+01,-1.79e+01,1.90e+01,2.10e+01
-5.69e+01,-1.95e+01,1.70e+01,2.10e+01
-5.09e+01,-2.86e+01,1.70e+01,2.10e+01
-3.14e+01,-4.71e+00,1.50e+01,2.10e+01
-3.79e+01,-2.46e+01,1.50e+01,2.10e+01
-7.22e+01,-1.69e+01,1.90e+01,2.10e+01
-5.57e+01,-1.78e+01,1.40e+01,2.10e+01
-3.76e+01,-1.36e+01,1.70e+01,2.10e+01
-3.64e+01,-8.57e+00,1.70e+01,2.10e+01
-5.66e+01,-2.89e+01,1.80e+01,2.10e+01
-6.38e+01,-3.40e+01,1.70e+01,2.10e+01
-2.91e+01,-1.43e+01,1.80e+01,2.10e+01
-3.64e+01,-1.35e+01,2.20e+01,2.10e+01
-7.38e+01,-2.45e+01,2.40e+01,2.10e+01
-4.53e+01,-1.81e+01,1.20e+01,2.10e+01
-6.38e+01,-2.19e+01,1.70e+01,2.10e+01
-8.24e+01,-2.24e+01,1.40e+01,2.10e+01
-6.65e+01,-2.03e+01,1.60e+01,2.10e+01
-4.90e+01,-1.37e+01,1.80e+01,2.10e+01
-6.86e+01,-3.32e+01,1.50e+01,2.10e+01
-5.03e+01,-2.57e+01,1.90e+01,2.10e+01
-4.92e+01,-9.71e+00,2.00e+01,2.10e+01
-7.19e+01,-3.27e+01,1.50e+01,2.10e+01
-7.21e+01,-2.82e+01,1.90e+01,2.10e+01
-4.50e+01,-2.61e+01,1.90e+01,2.10e+01
-3.96e+01,-2.93e+01,1.20e+01,2.10e+01
-6.80e+01,-2.89e+01,1.70e+01,2.10e+01
-6.66e+01,-1.31e+01,1.50e+01,2.10e+01
-5.63e+01,-1.89e+01,1.90e+01,2.10e+01
-5.89e+01,-2.72e+01,1.50e+01,2.10e+01
-3.94e+01,-2.81e+01,2.10e+01,2.10e+01
-6.29e+01,-1.21e+01,1.20e+01,2.10e+01
-3.86e+01,-2.31e+01,2.10e+01,2.10e+01
-6.44e+01,-2.77e+01,2.00e+01,2.10e+01
-4.07e+01,-3.96e+00,2.00e+01,2.10e+01
-5.00e+01,-1.90e+01,1.40e+01,2.10e+01
-9.25e+01,-1.60e+01,1.90e+01,2.10e+01
-6.92e+01,-2.42e+01,1.40e+01,2.10e+01
-4.13e+01,-1.16e+01,1.40e+01,2.10e+01
-6.15e+01,-1.01e+01,1.80e+01,2.10e+01
-3.82e+01,-2.08e+01,1.90e+01,2.10e+01
-7.14e+01,-2.75e+01,1.80e+01,2.10e+01
-4.17e+01,-2.52e+01,1.70e+01,2.10e+01
-6.69e+01,-2.77e+01,1.50e+01,2.10e+01
-5.62e+01,-1.12e+01,1.80e+01,2.10e+01
-3.50e+01,-1.20e+01,1.90e+01,2.10e+01
-5.28e+01,-1.78e+01,2.40e+01,2.10e+01
-4.81e+01,-3.23e+01,1.20e+01,2.10e+01
-5.81e+01,-2.90e+01,1.80e+01,2.10e+01
-5.67e+01,-1.17e+01,1.90e+01,2.10e+01
-4.16e+01,-3.14e+01,1.70e+01,2.10e+01
