2.34e+01,2.75e+02,2.40e+01,2.70e+01
2.81e+01,2.77e+02,2.60e+01,2.80e+01
8.67e+00,1.49e+02,2.40e+01,2.70e+01
6.46e+00,1.32e+02,2.60e+01,2.80e+01
-2.04e+01,1.02e+02,2.40e+01,2.70e+01
3.62e+01,2.75e+02,2.50e+01,2.70e+01
8.47e+00,2.80e+02,2.40e+01,2.70e+01
-1.97e+00,9.86e+01,2.50e+01,2.70e+01
2.56e+01,2.74e+02,2.40e+01,2.70e+01
8.30e+00,1.85e+02,2.40e+01,2.70e+01
-4.86e+01,-2.80e+01,2.40e+01,2.70e+01
-2.28e+01,9.41e+01,2.60e+01,2.80e+01
1.99e+01,1.90e+02,2.70e+01,2.90e+01
-1.51e+01,6.45e+01,2.50e+01,2.70e+01
2.33e+01,1.84e+02,2.70e+01,2.90e+01
2.81e+01,2.87e+02,2.40e+01,2.70e+01
2.90e+01,2.87e+02,2.70e+01,2.90e+01
4.63e+00,1.27e+02,2.40e+01,2.70e+01
1.38e+01,1.31e+02,2.40e+01,2.70e+01
2.35e+01,2.73e+02,2.50e+01,2.70e+01
-8.98e+00,1.01e+02,2.40e+01,2.70e+01
-1.88e+01,5.41e+01,2.40e+01,2.70e+01
1.98e+01,2.85e+02,2.60e+01,2.80e+01
1.32e+01,1.84e+02,2.70e+01,3.00e+01
2.71e+01,2.00e+02,2.40e+01,2.70e+01
-5.19e+00,1.06e+02,2.50e+01,2.80e+01
2.40e+01,1.92e+02,2.40e+01,2.70e+01
1.48e+01,1.86e+02,2.50e+01,2.80e+01
1.44e+01,2.79e+02,2.50e+01,2.70e+01
1.28e+01,1.84e+02,2.60e+01,2.80e+01
2.80e+01,2.06e+02,2.50e+01,2.70e+01
1.91e+01,2.05e+02,2.60e+01,2.80e+01
8.56e-01,1.17e+02,2.70e+01,2.80e+01
9.61e+00,1.14e+02,2.60e+01,2.80e+01
2.70e+01,2.70e+02,2.40e+01,2.70e+01
1.66e+01,1.90e+02,2.70e+01,2.80e+01
-5.36e+01,0.00e+00,2.40e+01,2.70e+01
1.19e+01,1.28e+02,2.50e+01,2.70e+01
-1.61e+01,6.25e+01,2.40e+01,2.70e+01
2.00e+01,1.12e+02,2.60e+01,2.80e+01
3.60e+01,1.92e+02,2.50e+01,2.80e+01
-1.03e+01,1.14e+02,2.50e+01,2.80e+01
1.89e+00,1.79e+02,2.50e+01,2.70e+01
2.55e+01,2.18e+02,2.60e+01,2.80e+01
-4.96e+01,-1.37e+01,2.40e+01,2.70e+01
3.31e+01,2.79e+02,2.40e+01,2.70e+01
2.30e+01,2.83e+02,2.40e+01,2.70e+01
5.36e+00,1.97e+02,2.40e+01,2.70e+01
6.58e+00,2.07e+02,2.40e+01,2.70e+01
-4.74e+00,1.03e+02,2.40e+01,2.70e+01
1.84e+01,2.12e+02,2.60e+01,2.80e+01
2.14e+01,2.77e+02,2.40e+01,2.70e+01
3.90e+01,1.94e+02,2.40e+01,2.70e+01
2.36e+01,1.92e+02,2.60e+01,2.80e+01
3.21e+01,2.74e+02,2.40e+01,2.70e+01
1.01e+01,9.76e+01,2.50e+01,2.70e+01
-1.45e+00,1.84e+02,2.60e+01,2.80e+01
1.66e+01,1.98e+02,2.60e+01,2.80e+01
1.36e+01,2.03e+02,2.40e+01,2.70e+01
1.16e+01,1.85e+02,2.90e+01,2.90e+01
4.70e+01,2.77e+02,2.50e+01,2.70e+01
-1.19e+01,1.64e+02,2.60e+01,2.80e+01
1.49e+01,1.89e+02,2.50e+01,2.70e+01
3.16e+01,2.79e+02,2.60e+01,2.80e+01
-2.04e+01,3.29e+01,2.60e+01,2.80e+01
-2.01e+00,2.85e+01,2.60e+01,2.80e+01
1.40e-01,1.83e+02,2.40e+01,2.70e+01
1.96e+01,2.01e+02,2.70e+01,2.90e+01
9.10e+00,2.79e+02,2.40e+01,2.70e+01
-1.89e+01,3.89e+01,2.40e+01,2.70e+01
-1.44e+01,4.91e+01,2.50e+01,2.70e+01
2.64e+00,1.93e+02,2.40e+01,2.70e+01
-6.87e+00,1.02e+02,2.60e+01,2.80e+01
1.53e+01,2.03e+02,2.60e+01,2.80e+01
-3.10e+00,4.68e+01,2.40e+01,2.70e+01
6.57e+00,2.01e+02,2.50e+01,2.70e+01
2.38e+01,2.85e+02,2.40e+01,2.70e+01
2.26e+01,2.17e+02,2.50e+01,2.70e+01
-1.87e+01,9.88e+01,2.60e+01,2.80e+01
-6.77e+01,-2.07e+01,2.40e+01,2.70e+01
6.85e+00,1.00e+02,2.70e+01,2.80e+01
4.54e+01,2.88e+02,2.50e+01,2.80e+01
1.02e+01,1.86e+02,2.40e+01,2.70e+01
3.60e+01,2.03e+02,2.40e+01,2.70e+01
-1.25e+01,3.93e+01,2.40e+01,2.70e+01
-4.25e+01,-2.71e+01,2.40e+01,2.70e+01
1.42e+01,2.10e+02,2.50e+01,2.80e+01
3.16e+01,2.77e+02,2.40e+01,2.70e+01
2.92e+01,2.73e+02,2.40e+01,2.70e+01
6.59e+00,9.83e+01,2.40e+01,2.70e+01
9.20e+00,2.01e+02,2.60e+01,2.80e+01
-6.04e+00,9.84e+01,2.60e+01,2.80e+01
7.54e-01,7.60e+01,2.60e+01,2.90e+01
2.21e+01,1.94e+02,2.40e+01,2.70e+01
2.40e+01,1.90e+02,2.40e+01,2.70e+01
3.43e+01,2.76e+02,2.70e+01,2.90e+01
3.19e+01,2.95e+02,2.60e+01,2.80e+01
-1.07e+01,9.34e+01,2.40e+01,2.70e+01
9.53e+00,1.88e+02,2.40e+01,2.70e+01
4.10e+01,2.74e+02,2.60e+01,2.80e+01
-7.24e+00,1.26e+02,2.40e+01,2.70e+01
3.94e+00,1.07e+02,2.60e+01,2.80e+01
3.72e+00,1.12e+02,2.60e+01,2.80e+01
-1.00e+00,9.24e+01,2.50e+01,2.70e+01
2.26e+00,1.49e+02,2.60e+01,2.80e+01
8.11e+00,9.70e+01,2.50e+01,2.70e+01
-1.37e+01,5.92e+01,2.80e+01,2.80e+01
2.20e+01,1.87e+02,2.40e+01,2.70e+01
2.62e+01,2.77e+02,2.40e+01,2.70e+01
-1.33e+01,1.25e+02,2.40e+01,2.70e+01
-1.49e+01,3.74e+01,2.50e+01,2.70e+01
2.43e+01,1.48e+02,2.70e+01,2.80e+01
9.68e+00,1.22e+02,2.50e+01,2.70e+01
3.90e+01,2.82e+02,2.40e+01,2.70e+01
-6.02e+01,-3.01e+01,2.70e+01,2.80e+01
1.27e+01,9.86e+01,2.50e+01,2.70e+01
3.33e+01,2.76e+02,2.40e+01,2.70e+01
2.24e+01,1.81e+02,2.40e+01,2.70e+01
-1.64e+01,1.34e+02,2.40e+01,2.70e+01
-1.32e+01,1.01e+02,2.40e+01,2.70e+01
2.75e+01,1.84e+02,2.50e+01,2.70e+01
1.15e+01,1.93e+02,2.50e+01,2.80e+01
1.22e+01,1.88e+02,2.50e+01,2.80e+01
1.88e+01,1.99e+02,2.70e+01,2.80e+01
9.75e+00,1.11e+02,2.40e+01,2.70e+01
2.14e+01,1.98e+02,2.50e+01,2.70e+01
-8.59e+00,5.13e+01,2.40e+01,2.70e+01
-1.55e+01,1.17e+02,2.40e+01,2.70e+01
