-2.28e+02,-5.51e+01,2.50e+01,1.60e+01
-2.28e+02,-5.51e+01,2.50e+01,1.60e+01
-2.28e+02,-5.51e+01,2.50e+01,1.60e+01
-2.28e+02,-5.51e+01,2.40e+01,1.60e+01
-2.28e+02,-5.51e+01,2.50e+01,1.60e+01
-2.28e+02,-5.51e+01,2.40e+01,1.60e+01
-2.28e+02,-5.51e+01,2.60e+01,1.70e+01
-2.28e+02,-5.51e+01,2.40e+01,1.60e+01
-2.28e+02,-5.51e+01,2.60e+01,1.70e+01
-3.26e+02,-9.47e+01,2.60e+01,1.70e+01
-2.28e+02,-5.51e+01,2.60e+01,1.60e+01
-4.31e+02,-3.42e+02,2.60e+01,1.70e+01
-2.34e+02,-7.91e+01,2.60e+01,1.60e+01
-2.28e+02,-5.51e+01,2.70e+01,1.70e+01
-2.30e+02,-5.51e+01,2.60e+01,1.70e+01
-3.26e+02,-9.47e+01,2.60e+01,1.80e+01
-3.52e+02,-1.64e+02,2.60e+01,1.70e+01
-2.30e+02,-5.51e+01,2.50e+01,1.70e+01
-2.28e+02,-5.51e+01,2.50e+01,1.60e+01
-2.28e+02,-5.51e+01,2.50e+01,1.60e+01
-5.00e+02,-4.99e+02,2.50e+01,1.60e+01
-2.31e+02,-7.36e+01,2.50e+01,1.60e+01
-4.92e+02,-4.55e+02,2.60e+01,1.60e+01
-2.28e+02,-5.51e+01,2.70e+01,1.70e+01
-2.28e+02,-5.51e+01,2.60e+01,1.70e+01
-5.00e+02,-5.00e+02,2.60e+01,1.60e+01
-4.60e+02,-2.60e+02,2.60e+01,1.60e+01
-4.07e+02,-2.52e+02,2.40e+01,1.60e+01
-4.78e+02,-4.16e+02,2.50e+01,1.60e+01
-3.26e+02,-9.47e+01,2.50e+01,1.70e+01
-2.28e+02,-5.51e+01,2.50e+01,1.70e+01
-2.28e+02,-5.51e+01,2.70e+01,1.80e+01
-2.97e+02,-8.65e+01,2.50e+01,1.60e+01
-2.28e+02,-5.51e+01,2.40e+01,1.60e+01
-2.97e+02,-8.16e+01,2.60e+01,1.60e+01
-2.28e+02,-5.51e+01,2.60e+01,1.70e+01
-2.28e+02,-5.51e+01,2.50e+01,1.60e+01
-2.28e+02,-5.51e+01,2.70e+01,1.80e+01
-2.48e+02,-7.17e+01,2.60e+01,1.60e+01
-3.60e+02,-1.76e+02,2.60e+01,1.70e+01
-2.28e+02,-5.51e+01,2.60e+01,1.70e+01
-2.28e+02,-5.51e+01,2.60e+01,1.70e+01
-2.28e+02,-5.51e+01,2.50e+01,1.70e+01
-5.00e+02,-4.99e+02,2.40e+01,1.60e+01
-2.28e+02,-5.51e+01,2.60e+01,1.60e+01
-2.28e+02,-5.51e+01,2.40e+01,1.60e+01
-2.28e+02,-5.51e+01,2.60e+01,1.60e+01
-2.32e+02,-5.51e+01,2.50e+01,1.70e+01
-3.21e+02,-8.88e+01,2.50e+01,1.60e+01
-2.30e+02,-5.51e+01,2.50e+01,1.60e+01
-2.43e+02,-6.18e+01,2.60e+01,1.60e+01
-2.39e+02,-6.95e+01,2.60e+01,1.60e+01
-2.28e+02,-5.51e+01,2.70e+01,1.70e+01
-2.28e+02,-5.51e+01,2.60e+01,1.70e+01
-2.82e+02,-9.25e+01,2.60e+01,1.60e+01
-2.28e+02,-5.51e+01,2.60e+01,1.70e+01
-2.28e+02,-5.51e+01,2.60e+01,1.70e+01
-2.30e+02,-5.51e+01,2.50e+01,1.60e+01
-2.38e+02,-6.58e+01,2.60e+01,1.60e+01
-2.28e+02,-5.51e+01,2.70e+01,1.70e+01
-2.30e+02,-5.51e+01,2.50e+01,1.70e+01
-2.30e+02,-5.51e+01,2.50e+01,1.60e+01
-2.28e+02,-5.51e+01,2.50e+01,1.70e+01
-2.28e+02,-5.51e+01,2.60e+01,1.70e+01
-2.28e+02,-5.51e+01,2.50e+01,1.70e+01
-2.28e+02,-5.51e+01,2.60e+01,1.70e+01
-4.42e+02,-2.67e+02,2.60e+01,1.60e+01
-3.10e+02,-1.32e+02,2.50e+01,1.60e+01
-2.86e+02,-1.09e+02,2.60e+01,1.70e+01
-2.35e+02,-7.78e+01,2.50e+01,1.60e+01
-2.32e+02,-5.51e+01,2.60e+01,1.60e+01
-2.28e+02,-5.51e+01,2.60e+01,1.70e+01
-2.28e+02,-5.51e+01,2.60e+01,1.70e+01
-3.52e+02,-1.64e+02,2.50e+01,1.70e+01
-2.28e+02,-5.51e+01,2.50e+01,1.60e+01
-2.28e+02,-5.51e+01,2.50e+01,1.70e+01
-2.30e+02,-5.51e+01,2.50e+01,1.60e+01
-2.28e+02,-5.51e+01,2.70e+01,1.70e+01
-2.28e+02,-5.51e+01,2.40e+01,1.60e+01
-5.00e+02,-5.00e+02,2.60e+01,1.70e+01
-3.28e+02,-1.03e+02,2.60e+01,1.70e+01
-2.63e+02,-5.51e+01,2.50e+01,1.60e+01
-3.19e+02,-1.14e+02,2.60e+01,1.60e+01
-2.28e+02,-5.51e+01,2.60e+01,1.70e+01
-5.00e+02,-5.00e+02,2.60e+01,1.70e+01
-2.28e+02,-5.51e+01,2.50e+01,1.60e+01
-2.28e+02,-5.51e+01,2.60e+01,1.70e+01
-2.28e+02,-5.51e+01,2.60e+01,1.80e+01
-2.33e+02,-7.36e+01,2.60e+01,1.60e+01
-2.60e+02,-8.33e+01,2.60e+01,1.60e+01
-2.28e+02,-5.51e+01,2.60e+01,1.70e+01
-2.79e+02,-1.32e+02,2.60e+01,1.70e+01
-3.21e+02,-8.88e+01,2.50e+01,1.60e+01
-2.28e+02,-5.51e+01,2.40e+01,1.60e+01
-2.28e+02,-5.51e+01,2.40e+01,1.60e+01
-2.28e+02,-5.51e+01,2.50e+01,1.70e+01
