9.26e+00,1.62e+02,6.90e+01,3.10e+01
7.61e+01,5.53e+02,6.90e+01,3.30e+01
1.10e+02,8.20e+02,6.90e+01,3.10e+01
4.02e+01,4.48e+02,6.80e+01,3.20e+01
7.89e+01,9.07e+02,7.10e+01,3.40e+01
7.47e+01,5.50e+02,6.80e+01,3.20e+01
5.59e+01,4.87e+02,6.70e+01,3.20e+01
1.04e+02,7.60e+02,6.80e+01,3.20e+01
1.31e+02,9.12e+02,7.00e+01,3.20e+01
-1.06e+01,1.18e+02,7.10e+01,3.20e+01
3.88e+01,3.57e+02,6.70e+01,3.20e+01
7.98e+01,6.16e+02,7.00e+01,3.30e+01
1.03e+02,8.90e+02,7.00e+01,3.10e+01
-2.83e+01,6.98e+01,6.90e+01,3.10e+01
1.02e+02,7.74e+02,7.00e+01,3.40e+01
7.60e+01,6.11e+02,7.00e+01,3.30e+01
9.86e+01,8.25e+02,6.90e+01,3.30e+01
1.27e+02,8.14e+02,6.70e+01,3.20e+01
1.09e+02,8.14e+02,6.70e+01,3.10e+01
7.11e+01,5.94e+02,6.80e+01,3.20e+01
-1.30e+00,1.65e+02,6.90e+01,3.30e+01
1.28e+02,9.03e+02,7.00e+01,3.10e+01
4.69e+01,3.29e+02,7.00e+01,3.30e+01
1.16e+01,3.39e+02,7.00e+01,3.30e+01
4.28e-01,1.58e+02,6.90e+01,3.30e+01
7.57e+01,5.96e+02,6.90e+01,3.30e+01
5.15e-01,2.03e+02,6.90e+01,3.10e+01
-1.61e+01,1.56e+02,7.00e+01,3.30e+01
-1.77e+01,7.68e+01,6.90e+01,3.20e+01
1.06e+01,1.40e+02,6.80e+01,3.20e+01
3.89e+01,4.77e+02,7.00e+01,3.20e+01
6.78e+01,5.00e+02,6.90e+01,3.10e+01
7.12e+01,4.64e+02,6.90e+01,3.20e+01
6.50e+01,4.35e+02,7.00e+01,3.10e+01
7.49e+01,5.42e+02,7.10e+01,3.20e+01
1.79e+02,1.14e+03,6.90e+01,3.10e+01
2.68e+01,3.14e+02,7.10e+01,3.20e+01
2.54e+01,3.47e+02,7.20e+01,3.40e+01
-1.19e+00,1.67e+02,7.00e+01,3.40e+01
-4.27e+01,-1.82e+01,6.80e+01,3.20e+01
1.16e+02,8.88e+02,6.80e+01,3.20e+01
1.14e+02,7.85e+02,7.00e+01,3.20e+01
7.71e+01,5.97e+02,7.00e+01,3.10e+01
-4.50e+00,1.33e+02,7.00e+01,3.10e+01
8.35e+01,5.55e+02,6.70e+01,3.20e+01
2.53e+01,2.32e+02,6.80e+01,3.20e+01
7.51e+01,7.43e+02,6.80e+01,3.20e+01
1.32e+02,8.87e+02,6.80e+01,3.10e+01
6.39e+01,5.30e+02,6.90e+01,3.10e+01
1.42e+02,8.81e+02,6.70e+01,3.10e+01
1.08e+02,8.08e+02,7.10e+01,3.40e+01
1.14e+02,8.29e+02,6.90e+01,3.10e+01
3.17e+01,4.59e+02,7.00e+01,3.20e+01
6.19e+01,4.62e+02,7.00e+01,3.30e+01
4.13e+01,3.42e+02,7.10e+01,3.40e+01
1.42e+02,9.17e+02,7.00e+01,3.30e+01
5.90e+01,5.18e+02,7.10e+01,3.20e+01
1.24e+01,3.59e+02,6.80e+01,3.20e+01
5.15e+01,4.53e+02,6.90e+01,3.20e+01
1.67e+02,1.23e+03,6.90e+01,3.30e+01
1.02e+02,7.05e+02,6.80e+01,3.20e+01
5.77e+01,4.59e+02,7.10e+01,3.20e+01
1.08e+02,7.85e+02,7.00e+01,3.10e+01
7.22e+01,4.64e+02,6.80e+01,3.20e+01
8.72e+01,6.71e+02,7.10e+01,3.40e+01
5.29e+01,4.35e+02,6.90e+01,3.30e+01
1.22e+02,8.13e+02,7.20e+01,3.30e+01
5.66e+01,4.94e+02,7.00e+01,3.40e+01
1.06e+02,8.32e+02,6.90e+01,3.10e+01
6.31e+01,5.73e+02,7.20e+01,3.20e+01
2.54e+01,4.01e+02,6.80e+01,3.20e+01
3.03e+01,4.60e+02,6.80e+01,3.20e+01
1.36e+01,3.50e+02,6.90e+01,3.10e+01
1.08e+01,1.59e+02,7.00e+01,3.30e+01
4.57e+01,3.95e+02,7.00e+01,3.10e+01
6.74e+01,5.83e+02,6.80e+01,3.20e+01
1.68e+02,1.19e+03,6.80e+01,3.20e+01
2.17e+01,1.34e+02,6.90e+01,3.10e+01
-8.77e+00,1.16e+02,7.00e+01,3.20e+01
3.62e+01,3.62e+02,6.90e+01,3.10e+01
5.94e+01,5.25e+02,6.90e+01,3.20e+01
3.61e+01,2.45e+02,6.90e+01,3.30e+01
-1.06e+01,2.30e+02,6.80e+01,3.10e+01
6.15e+01,4.37e+02,7.00e+01,3.10e+01
1.16e+02,8.35e+02,6.90e+01,3.20e+01
6.36e+01,5.50e+02,7.10e+01,3.30e+01
-1.37e+01,1.14e+02,6.70e+01,3.20e+01
1.48e+01,2.72e+02,7.00e+01,3.10e+01
1.13e+02,8.58e+02,7.10e+01,3.40e+01
-3.21e+01,8.74e+01,7.00e+01,3.40e+01
6.81e+01,4.97e+02,6.80e+01,3.20e+01
-2.41e+01,7.42e+01,6.80e+01,3.20e+01
-3.98e-01,1.79e+02,6.90e+01,3.10e+01
9.09e+01,5.37e+02,6.90e+01,3.10e+01
1.09e+02,7.48e+02,7.20e+01,3.50e+01
7.81e+01,5.77e+02,6.70e+01,3.10e+01
5.43e+01,4.32e+02,7.00e+01,3.30e+01
6.26e+01,4.51e+02,6.90e+01,3.10e+01
1.05e+02,8.34e+02,7.00e+01,3.10e+01
1.17e+02,8.55e+02,6.80e+01,3.20e+01
4.74e+01,4.86e+02,6.80e+01,3.20e+01
1.38e+02,8.78e+02,6.80e+01,3.20e+01
-1.71e+01,1.00e+02,6.80e+01,3.10e+01
-1.82e+01,8.42e+01,7.20e+01,3.20e+01
-5.58e+00,1.24e+02,6.90e+01,3.30e+01
6.29e+01,4.98e+02,6.90e+01,3.20e+01
-1.85e+01,1.12e+02,6.80e+01,3.20e+01
9.40e+01,5.93e+02,6.90e+01,3.10e+01
5.79e+01,4.10e+02,7.30e+01,3.50e+01
2.94e+01,3.00e+02,6.80e+01,3.20e+01
8.67e+01,5.67e+02,6.70e+01,3.20e+01
1.17e+02,8.36e+02,6.80e+01,3.30e+01
5.88e+01,4.62e+02,6.90e+01,3.30e+01
6.14e+01,6.15e+02,7.10e+01,3.30e+01
1.00e+02,8.07e+02,6.90e+01,3.20e+01
5.93e+01,4.62e+02,7.00e+01,3.20e+01
4.72e+01,3.85e+02,6.80e+01,3.20e+01
1.55e+02,1.03e+03,7.00e+01,3.10e+01
6.67e+01,5.17e+02,6.90e+01,3.30e+01
9.48e+01,8.02e+02,6.70e+01,3.10e+01
1.19e+02,8.40e+02,7.00e+01,3.40e+01
2.71e+00,1.73e+02,7.00e+01,3.30e+01
2.33e+01,3.57e+02,6.80e+01,3.20e+01
5.13e+00,1.37e+02,6.90e+01,3.30e+01
1.94e+00,7.02e+01,6.90e+01,3.10e+01
1.45e+01,2.41e+02,6.70e+01,3.10e+01
4.01e+01,4.42e+02,6.80e+01,3.20e+01
7.64e+01,6.06e+02,6.90e+01,3.20e+01
