5.54e+01,4.39e+02,4.80e+01,2.90e+01
1.25e+02,5.87e+02,4.60e+01,2.90e+01
1.03e+02,5.01e+02,4.80e+01,3.00e+01
1.09e+02,5.07e+02,4.80e+01,3.00e+01
1.10e+02,4.74e+02,5.20e+01,3.10e+01
9.50e+01,5.74e+02,4.80e+01,2.90e+01
1.25e+02,7.05e+02,4.70e+01,2.90e+01
9.93e+01,3.70e+02,4.90e+01,3.00e+01
1.10e+02,5.13e+02,4.90e+01,3.00e+01
1.17e+02,6.12e+02,5.40e+01,3.10e+01
1.18e+02,5.04e+02,5.00e+01,3.10e+01
9.47e+01,4.60e+02,4.80e+01,2.90e+01
1.08e+02,4.26e+02,4.70e+01,2.90e+01
1.02e+02,5.10e+02,4.80e+01,3.00e+01
9.10e+01,3.75e+02,4.80e+01,3.00e+01
8.45e+01,4.13e+02,4.70e+01,3.00e+01
9.74e+01,4.52e+02,4.90e+01,3.00e+01
1.04e+02,4.97e+02,4.70e+01,3.00e+01
1.11e+02,6.23e+02,5.10e+01,2.90e+01
3.54e+01,1.72e+02,4.70e+01,2.90e+01
1.22e+02,6.39e+02,5.20e+01,3.10e+01
1.15e+02,5.36e+02,4.90e+01,3.00e+01
8.06e+01,5.53e+02,4.80e+01,3.00e+01
9.89e+01,3.41e+02,4.60e+01,2.90e+01
1.30e+02,6.70e+02,4.90e+01,3.00e+01
1.49e+02,6.43e+02,5.10e+01,3.10e+01
5.04e+01,3.29e+02,4.90e+01,3.00e+01
1.11e+02,4.20e+02,4.90e+01,2.90e+01
8.52e+01,5.10e+02,4.80e+01,2.90e+01
9.25e+01,5.52e+02,5.30e+01,3.10e+01
9.75e+01,4.45e+02,4.80e+01,3.10e+01
7.67e+01,3.17e+02,4.80e+01,2.90e+01
6.83e+01,3.70e+02,4.60e+01,2.90e+01
8.30e+01,4.48e+02,4.70e+01,3.00e+01
9.34e+01,5.71e+02,5.20e+01,3.10e+01
1.14e+02,3.86e+02,4.70e+01,3.00e+01
1.10e+02,5.60e+02,4.90e+01,2.90e+01
6.70e+01,4.12e+02,4.90e+01,3.00e+01
7.98e+01,4.15e+02,4.80e+01,2.90e+01
9.26e+01,4.04e+02,4.60e+01,2.90e+01
8.56e+01,3.76e+02,5.00e+01,3.00e+01
9.79e+01,5.18e+02,4.90e+01,2.90e+01
1.25e+02,6.78e+02,4.80e+01,2.90e+01
7.03e+01,3.07e+02,5.00e+01,3.00e+01
1.05e+02,5.25e+02,5.10e+01,3.10e+01
1.03e+02,4.90e+02,4.80e+01,2.90e+01
1.03e+02,4.60e+02,5.60e+01,3.30e+01
9.27e+01,5.00e+02,4.90e+01,2.90e+01
7.28e+01,3.61e+02,4.80e+01,2.90e+01
1.11e+02,6.10e+02,4.90e+01,2.90e+01
1.31e+02,6.43e+02,4.70e+01,2.90e+01
1.28e+02,6.14e+02,4.70e+01,2.90e+01
4.55e+01,2.17e+02,4.80e+01,2.90e+01
1.08e+02,5.23e+02,5.00e+01,2.90e+01
4.41e+01,2.69e+02,4.70e+01,2.90e+01
1.22e+02,6.13e+02,4.80e+01,2.90e+01
1.31e+02,6.13e+02,4.80e+01,2.90e+01
1.32e+02,6.66e+02,4.70e+01,3.00e+01
1.30e+02,6.57e+02,4.70e+01,2.90e+01
1.21e+02,6.09e+02,5.20e+01,3.20e+01
1.24e+02,4.89e+02,4.80e+01,3.00e+01
1.12e+02,5.84e+02,4.90e+01,3.00e+01
1.55e+02,7.63e+02,4.70e+01,3.00e+01
1.09e+02,4.44e+02,4.70e+01,3.00e+01
1.02e+02,4.89e+02,5.10e+01,3.00e+01
1.19e+02,5.88e+02,4.70e+01,3.00e+01
1.06e+02,5.63e+02,4.60e+01,2.90e+01
1.19e+02,6.03e+02,5.10e+01,3.10e+01
1.64e+02,6.89e+02,4.80e+01,2.90e+01
1.14e+02,5.56e+02,5.30e+01,3.10e+01
7.09e+01,2.74e+02,4.80e+01,2.90e+01
8.87e+01,5.15e+02,5.40e+01,3.10e+01
1.04e+02,5.05e+02,4.90e+01,3.00e+01
8.23e+01,2.54e+02,5.20e+01,3.10e+01
9.03e+01,4.56e+02,4.80e+01,3.00e+01
9.95e+01,4.34e+02,5.10e+01,3.10e+01
9.28e+01,6.08e+02,4.80e+01,2.90e+01
1.62e+02,8.24e+02,4.90e+01,3.10e+01
1.01e+02,4.10e+02,5.30e+01,3.20e+01
1.45e+02,6.92e+02,4.70e+01,2.90e+01
1.01e+02,4.18e+02,5.20e+01,2.90e+01
1.36e+02,7.13e+02,4.90e+01,3.00e+01
1.13e+02,4.68e+02,4.70e+01,2.90e+01
1.04e+02,4.99e+02,4.70e+01,2.90e+01
7.61e+01,3.48e+02,5.40e+01,3.20e+01
1.30e+02,5.86e+02,4.90e+01,3.10e+01
6.01e+01,2.15e+02,4.80e+01,2.90e+01
1.18e+02,5.70e+02,4.90e+01,2.90e+01
1.22e+02,6.89e+02,5.30e+01,3.10e+01
1.08e+02,5.05e+02,4.70e+01,2.90e+01
9.71e+01,4.86e+02,4.80e+01,2.90e+01
1.52e+02,7.02e+02,4.90e+01,3.00e+01
6.52e+01,2.58e+02,4.80e+01,3.00e+01
8.28e+01,3.52e+02,5.00e+01,3.00e+01
6.81e+01,3.17e+02,4.90e+01,3.00e+01
2.78e+01,1.66e+02,4.90e+01,3.10e+01
8.71e+01,4.83e+02,4.80e+01,3.00e+01
1.01e+02,5.55e+02,4.60e+01,2.90e+01
6.82e+01,3.04e+02,4.90e+01,3.00e+01
1.14e+02,5.82e+02,5.40e+01,3.10e+01
1.23e+02,5.89e+02,5.20e+01,3.00e+01
8.43e+01,4.29e+02,4.80e+01,2.90e+01
1.46e+02,6.53e+02,5.00e+01,3.10e+01
1.21e+02,4.37e+02,5.10e+01,3.10e+01
1.08e+02,5.03e+02,4.60e+01,2.90e+01
1.22e+02,6.06e+02,5.00e+01,3.10e+01
2.31e+01,2.03e+02,4.90e+01,2.90e+01
4.05e+01,1.70e+02,4.80e+01,3.10e+01
7.79e+01,4.75e+02,4.90e+01,3.00e+01
2.28e+01,1.72e+02,5.20e+01,3.20e+01
7.83e+01,4.88e+02,4.70e+01,2.90e+01
1.20e+02,5.81e+02,5.20e+01,2.90e+01
1.22e+02,5.36e+02,5.30e+01,3.10e+01
1.08e+02,5.32e+02,5.40e+01,3.10e+01
1.44e+02,7.06e+02,4.80e+01,3.00e+01
7.22e+01,3.01e+02,4.70e+01,3.00e+01
1.13e+02,2.01e+02,4.80e+01,2.90e+01
1.29e+02,6.72e+02,4.90e+01,2.90e+01
9.70e+01,4.13e+02,5.00e+01,2.90e+01
1.38e+02,7.09e+02,4.90e+01,3.00e+01
1.47e+02,7.35e+02,4.70e+01,3.00e+01
1.26e+02,5.96e+02,5.10e+01,3.10e+01
8.96e+01,4.40e+02,4.90e+01,3.10e+01
1.21e+02,5.60e+02,4.70e+01,3.00e+01
1.51e+02,6.80e+02,4.90e+01,2.90e+01
7.59e+01,2.43e+02,5.00e+01,3.10e+01
1.18e+02,5.39e+02,4.90e+01,2.90e+01
1.09e+02,4.25e+02,5.10e+01,2.90e+01
-5.49e+00,7.96e+01,5.00e+01,3.10e+01
1.30e+02,6.91e+02,4.80e+01,2.90e+01
1.17e+02,5.52e+02,4.90e+01,3.00e+01
9.18e+01,4.93e+02,4.80e+01,3.00e+01
1.13e+02,4.13e+02,4.80e+01,2.90e+01
8.32e+01,4.84e+02,5.00e+01,3.00e+01
8.85e+01,3.33e+02,4.90e+01,3.00e+01
9.51e+01,5.13e+02,4.70e+01,2.90e+01
1.33e+02,6.90e+02,4.70e+01,3.00e+01
1.69e+02,8.19e+02,5.00e+01,3.00e+01
8.44e+01,3.81e+02,4.90e+01,3.00e+01
5.90e+00,7.88e+01,4.80e+01,3.00e+01
1.32e+02,6.92e+02,5.00e+01,3.00e+01
7.98e+01,4.44e+02,4.90e+01,3.00e+01
-1.02e+01,5.11e+01,4.90e+01,3.00e+01
1.09e+02,4.66e+02,4.70e+01,3.00e+01
1.53e+01,8.65e+01,5.40e+01,3.10e+01
8.74e+01,4.21e+02,5.30e+01,3.10e+01
2.57e+01,2.65e+02,4.80e+01,3.00e+01
2.09e+01,1.61e+02,4.90e+01,3.10e+01
7.96e+01,4.40e+02,4.70e+01,3.00e+01
1.12e+02,4.82e+02,4.90e+01,3.00e+01
1.19e+02,5.57e+02,5.30e+01,3.10e+01
1.06e+02,7.20e+02,5.00e+01,3.00e+01
1.08e+02,4.26e+02,4.80e+01,3.00e+01
1.02e+02,4.79e+02,4.90e+01,3.00e+01
1.34e+02,6.68e+02,5.10e+01,2.90e+01
-6.25e+01,-3.23e+01,5.20e+01,3.10e+01
1.17e+02,6.37e+02,4.60e+01,2.90e+01
1.30e+02,5.95e+02,4.80e+01,3.00e+01
4.65e+00,1.13e+02,5.20e+01,3.00e+01
9.02e+01,4.53e+02,4.80e+01,2.90e+01
1.28e+02,5.86e+02,4.90e+01,3.00e+01
9.55e+01,5.58e+02,4.60e+01,2.90e+01
9.47e+01,3.95e+02,4.60e+01,2.90e+01
9.74e+01,4.05e+02,4.80e+01,3.00e+01
8.79e+01,3.76e+02,4.90e+01,3.00e+01
7.65e+01,3.97e+02,4.80e+01,2.90e+01
8.60e+01,3.30e+02,5.40e+01,3.10e+01
7.74e+01,4.02e+02,4.90e+01,2.90e+01
7.87e+01,3.55e+02,4.90e+01,3.20e+01
1.21e+02,5.97e+02,4.90e+01,3.00e+01
1.35e+02,7.35e+02,4.70e+01,3.00e+01
1.07e+02,6.05e+02,4.60e+01,2.90e+01
1.48e+02,5.85e+02,4.60e+01,2.90e+01
1.28e+02,5.72e+02,4.60e+01,2.90e+01
6.31e+01,3.73e+02,5.00e+01,3.00e+01
8.52e+01,4.43e+02,4.80e+01,3.00e+01
9.22e+01,4.41e+02,4.80e+01,3.00e+01
1.42e+02,6.83e+02,4.70e+01,3.00e+01
-5.30e+01,-2.63e+01,4.80e+01,2.90e+01
7.97e+01,4.65e+02,4.90e+01,3.00e+01
1.10e+02,5.02e+02,4.80e+01,3.00e+01
9.92e+01,4.00e+02,5.30e+01,3.10e+01
9.04e+01,5.70e+02,4.90e+01,3.00e+01
1.34e+02,7.08e+02,5.00e+01,3.10e+01
3.52e+01,1.90e+02,4.70e+01,2.90e+01
7.72e+01,4.22e+02,4.80e+01,2.90e+01
1.20e+02,5.87e+02,4.60e+01,2.90e+01
1.27e+02,6.24e+02,4.70e+01,2.90e+01
1.09e+02,4.34e+02,4.70e+01,2.90e+01
1.21e+02,4.67e+02,5.00e+01,3.00e+01
1.40e+02,6.19e+02,4.70e+01,2.90e+01
8.74e+01,4.20e+02,5.00e+01,3.00e+01
8.54e+01,5.09e+02,5.00e+01,3.00e+01
1.39e+02,7.06e+02,4.70e+01,2.90e+01
1.09e+02,5.72e+02,4.80e+01,2.90e+01
1.20e+02,4.93e+02,4.90e+01,2.90e+01
8.76e+01,3.73e+02,4.70e+01,3.00e+01
8.36e+01,4.27e+02,4.60e+01,2.90e+01
8.86e+01,4.50e+02,4.80e+01,2.90e+01
1.24e+02,4.73e+02,5.30e+01,3.10e+01
1.06e+02,5.03e+02,4.80e+01,2.90e+01
1.06e+02,5.08e+02,5.10e+01,3.10e+01
8.99e+01,4.40e+02,5.20e+01,2.90e+01
9.48e+01,5.38e+02,4.80e+01,2.90e+01
8.70e+01,5.01e+02,4.80e+01,2.90e+01
8.17e+01,5.29e+02,4.80e+01,2.90e+01
1.07e+02,5.73e+02,4.80e+01,3.00e+01
1.45e+02,7.06e+02,4.90e+01,2.90e+01
5.89e+01,2.61e+02,4.70e+01,2.90e+01
8.77e+01,4.50e+02,4.80e+01,3.00e+01
1.60e+01,8.65e+01,4.80e+01,3.00e+01
8.91e+01,3.56e+02,4.80e+01,2.90e+01
8.51e+01,3.40e+02,5.30e+01,3.10e+01
1.09e+02,5.47e+02,4.70e+01,2.90e+01
9.47e+01,4.26e+02,5.00e+01,3.00e+01
4.75e+01,1.99e+02,5.30e+01,3.10e+01
5.93e+01,2.98e+02,4.70e+01,2.90e+01
9.09e+01,5.66e+02,4.70e+01,2.90e+01
1.43e+02,6.56e+02,4.90e+01,2.90e+01
1.23e+02,5.38e+02,4.80e+01,3.00e+01
1.37e+02,6.15e+02,5.20e+01,3.00e+01
1.16e+02,4.96e+02,5.30e+01,3.20e+01
8.56e+01,5.02e+02,4.80e+01,2.90e+01
1.00e+02,5.46e+02,4.70e+01,2.90e+01
7.81e+01,5.06e+02,5.20e+01,3.10e+01
1.04e+02,3.65e+02,4.90e+01,3.20e+01
1.03e+02,4.39e+02,5.00e+01,3.10e+01
7.27e+01,2.81e+02,4.80e+01,2.90e+01
1.33e+02,6.07e+02,5.00e+01,3.00e+01
8.87e+01,4.81e+02,5.20e+01,3.00e+01
1.12e+02,7.05e+02,5.50e+01,3.10e+01
1.06e+02,5.95e+02,4.80e+01,2.90e+01
5.43e+01,3.67e+02,4.70e+01,3.00e+01
4.14e+01,2.67e+02,5.00e+01,3.00e+01
1.39e+02,6.24e+02,4.80e+01,3.00e+01
1.20e+02,6.05e+02,5.10e+01,3.10e+01
6.97e+01,2.03e+02,5.00e+01,3.00e+01
1.11e+02,4.48e+02,4.80e+01,2.90e+01
1.21e+02,5.91e+02,4.80e+01,3.00e+01
9.87e+01,4.51e+02,5.20e+01,3.20e+01
1.06e+02,5.11e+02,4.60e+01,2.90e+01
1.02e+02,4.15e+02,4.90e+01,2.90e+01
8.48e+01,4.19e+02,4.90e+01,2.90e+01
7.53e+01,3.11e+02,5.10e+01,2.90e+01
5.13e+01,1.95e+02,4.90e+01,3.00e+01
1.00e+02,5.96e+02,5.10e+01,3.20e+01
9.70e+01,4.85e+02,4.90e+01,3.00e+01
1.13e+02,4.19e+02,4.90e+01,3.00e+01
1.42e+02,5.76e+02,4.80e+01,3.00e+01
1.25e+02,4.55e+02,4.70e+01,2.90e+01
1.20e+02,5.88e+02,4.90e+01,3.00e+01
1.46e+02,5.88e+02,4.80e+01,3.00e+01
5.83e+01,2.10e+02,4.90e+01,3.00e+01
1.50e+02,7.03e+02,4.70e+01,2.90e+01
1.06e+02,4.99e+02,5.10e+01,2.90e+01
1.40e+02,6.35e+02,4.90e+01,3.00e+01
1.10e+02,5.91e+02,4.70e+01,3.00e+01
1.42e+02,6.08e+02,4.80e+01,2.90e+01
1.31e+02,6.87e+02,4.80e+01,3.00e+01
1.42e+02,7.04e+02,4.90e+01,3.00e+01
1.63e+02,7.95e+02,4.70e+01,2.90e+01
8.32e+01,2.87e+02,4.90e+01,3.00e+01
1.19e+02,6.08e+02,5.30e+01,3.10e+01
1.09e+02,5.30e+02,4.80e+01,3.10e+01
4.90e+01,2.03e+02,4.60e+01,2.90e+01
6.28e+01,3.41e+02,4.80e+01,3.00e+01
9.91e+01,4.62e+02,4.70e+01,2.90e+01
9.37e+01,3.57e+02,4.90e+01,2.90e+01
1.21e+02,6.90e+02,5.00e+01,3.10e+01
1.27e+02,5.71e+02,4.80e+01,3.00e+01
1.31e+02,6.44e+02,4.80e+01,2.90e+01
1.08e+02,5.68e+02,4.90e+01,3.00e+01
3.03e+01,1.39e+02,4.80e+01,2.90e+01
1.24e+02,5.79e+02,4.80e+01,2.90e+01
8.05e+01,4.10e+02,5.10e+01,3.10e+01
1.39e+02,8.64e+02,4.80e+01,2.90e+01
9.61e+01,4.27e+02,4.80e+01,3.00e+01
7.52e+01,3.41e+02,5.00e+01,3.00e+01
8.79e+01,3.79e+02,5.50e+01,3.20e+01
1.06e+02,6.44e+02,4.90e+01,3.10e+01
7.10e+01,2.63e+02,4.60e+01,2.90e+01
8.39e+01,5.43e+02,5.00e+01,3.00e+01
3.74e+01,1.57e+02,4.80e+01,3.10e+01
1.35e+02,5.94e+02,4.70e+01,2.90e+01
1.36e+02,6.83e+02,4.80e+01,3.00e+01
1.01e+02,4.29e+02,5.50e+01,3.10e+01
1.29e+02,6.39e+02,4.80e+01,3.00e+01
1.31e+02,6.36e+02,5.40e+01,3.10e+01
1.23e+02,6.66e+02,4.90e+01,3.00e+01
8.44e+01,3.36e+02,5.30e+01,3.10e+01
1.27e+02,5.83e+02,4.90e+01,2.90e+01
7.75e+01,2.52e+02,4.70e+01,3.00e+01
1.12e+02,5.69e+02,4.80e+01,3.00e+01
7.65e+01,4.79e+02,4.80e+01,3.00e+01
1.34e+02,6.24e+02,4.90e+01,3.10e+01
1.23e+02,6.43e+02,5.20e+01,2.90e+01
1.02e+02,4.36e+02,4.70e+01,3.00e+01
1.21e+02,5.48e+02,5.30e+01,3.10e+01
9.89e+01,5.08e+02,4.90e+01,2.90e+01
8.47e+01,3.68e+02,4.80e+01,2.90e+01
1.24e+02,6.97e+02,4.90e+01,3.00e+01
8.17e+00,6.30e+01,4.70e+01,2.90e+01
1.44e+02,7.63e+02,4.70e+01,3.00e+01
9.41e+01,3.91e+02,4.90e+01,3.00e+01
1.04e+02,4.06e+02,4.80e+01,2.90e+01
1.23e+02,5.65e+02,5.30e+01,3.10e+01
1.18e+02,5.87e+02,4.70e+01,3.00e+01
1.24e+02,5.19e+02,4.80e+01,3.00e+01
1.52e+02,6.72e+02,4.90e+01,2.90e+01
7.46e+01,3.73e+02,4.80e+01,2.90e+01
5.20e+01,3.66e+02,4.90e+01,3.00e+01
1.53e+02,7.04e+02,4.80e+01,2.90e+01
1.06e+02,5.03e+02,5.00e+01,3.10e+01
7.62e+01,3.29e+02,5.00e+01,3.00e+01
9.09e+01,5.26e+02,4.80e+01,2.90e+01
1.02e+02,4.28e+02,4.90e+01,3.00e+01
1.04e+02,4.98e+02,4.90e+01,3.00e+01
1.15e+02,5.44e+02,4.80e+01,2.90e+01
1.22e+02,5.99e+02,4.80e+01,3.00e+01
1.59e+02,7.63e+02,4.90e+01,3.00e+01
8.11e+01,3.78e+02,4.80e+01,2.90e+01
9.61e+01,3.95e+02,4.80e+01,3.00e+01
1.25e+02,5.93e+02,4.90e+01,3.00e+01
1.18e+02,4.87e+02,4.80e+01,2.90e+01
1.44e+02,7.98e+02,4.80e+01,2.90e+01
1.47e+02,7.10e+02,5.00e+01,3.00e+01
1.22e+02,6.98e+02,4.80e+01,2.90e+01
1.06e+02,6.46e+02,4.70e+01,2.90e+01
1.39e+02,6.29e+02,4.90e+01,3.00e+01
1.10e+02,4.92e+02,4.90e+01,3.00e+01
8.52e+01,4.02e+02,5.30e+01,3.10e+01
6.80e+01,2.75e+02,5.00e+01,3.00e+01
1.24e+02,5.47e+02,4.80e+01,2.90e+01
7.13e+01,3.65e+02,4.90e+01,3.10e+01
1.33e+02,5.69e+02,4.80e+01,3.00e+01
7.74e+01,2.47e+02,4.80e+01,3.00e+01
1.30e+02,5.95e+02,4.70e+01,2.90e+01
8.93e+01,4.80e+02,4.90e+01,3.00e+01
1.19e+02,5.77e+02,4.90e+01,3.00e+01
7.12e+01,3.16e+02,5.20e+01,3.00e+01
1.09e+02,5.33e+02,4.80e+01,2.90e+01
6.58e+01,3.39e+02,5.40e+01,3.10e+01
1.01e+02,4.88e+02,4.80e+01,3.00e+01
1.03e+02,5.58e+02,4.70e+01,3.00e+01
9.52e+01,4.87e+02,5.20e+01,3.10e+01
4.72e+01,2.91e+02,4.80e+01,2.90e+01
9.18e+01,4.74e+02,4.90e+01,3.00e+01
1.13e+02,5.62e+02,4.80e+01,3.00e+01
1.07e+02,4.78e+02,4.80e+01,2.90e+01
1.24e+02,6.93e+02,4.70e+01,2.90e+01
8.09e+01,4.21e+02,4.90e+01,3.00e+01
8.39e+01,3.50e+02,4.80e+01,3.00e+01
1.08e+02,5.68e+02,4.90e+01,2.90e+01
7.80e+01,4.00e+02,5.40e+01,3.10e+01
9.86e+01,4.58e+02,4.90e+01,3.00e+01
9.39e+01,3.27e+02,5.40e+01,3.10e+01
9.72e+01,4.69e+02,4.70e+01,2.90e+01
1.41e+02,6.86e+02,5.00e+01,2.90e+01
1.19e+00,7.40e+01,4.90e+01,3.00e+01
7.35e+01,2.43e+02,4.80e+01,3.00e+01
7.88e+01,2.66e+02,5.20e+01,3.10e+01
1.07e+02,5.73e+02,4.90e+01,3.00e+01
8.84e+01,4.04e+02,4.80e+01,3.00e+01
1.17e+02,4.90e+02,5.00e+01,3.00e+01
1.15e+02,4.38e+02,4.60e+01,2.90e+01
1.03e+02,4.54e+02,5.30e+01,3.10e+01
-5.68e+01,-2.80e+01,5.30e+01,3.20e+01
1.02e+02,5.24e+02,4.60e+01,2.90e+01
-4.54e+01,-3.15e+01,4.90e+01,3.00e+01
1.21e+02,6.77e+02,4.70e+01,3.00e+01
1.01e+02,5.30e+02,5.30e+01,3.10e+01
1.35e+02,6.73e+02,4.90e+01,3.00e+01
1.23e+02,5.92e+02,4.70e+01,2.90e+01
9.71e+01,5.20e+02,4.90e+01,3.00e+01
9.29e+01,5.23e+02,4.60e+01,2.90e+01
1.00e+02,5.02e+02,4.70e+01,2.90e+01
6.70e+01,3.20e+02,4.80e+01,2.90e+01
6.67e+01,2.44e+02,4.80e+01,2.90e+01
1.92e+01,1.13e+02,5.30e+01,3.20e+01
1.10e+02,7.23e+02,5.40e+01,3.10e+01
8.57e+01,4.35e+02,4.90e+01,2.90e+01
9.16e+01,4.47e+02,4.90e+01,3.00e+01
7.78e+01,3.51e+02,4.80e+01,3.00e+01
1.20e+02,6.19e+02,4.90e+01,2.90e+01
9.62e+01,5.49e+02,5.00e+01,3.00e+01
1.40e+02,5.76e+02,4.90e+01,3.00e+01
9.34e+01,5.19e+02,5.20e+01,3.10e+01
1.15e+02,5.99e+02,5.20e+01,3.10e+01
-1.77e+00,5.22e+01,4.90e+01,3.00e+01
1.22e+02,4.99e+02,4.70e+01,2.90e+01
6.47e+01,3.49e+02,4.80e+01,2.90e+01
1.41e+02,6.98e+02,4.90e+01,3.00e+01
9.33e+01,3.81e+02,5.20e+01,3.10e+01
5.19e+01,3.32e+02,5.00e+01,3.00e+01
1.13e+02,5.30e+02,5.00e+01,3.00e+01
1.02e+02,5.59e+02,4.90e+01,3.00e+01
6.99e+01,3.21e+02,5.20e+01,3.10e+01
8.12e+01,3.71e+02,4.80e+01,3.00e+01
8.64e+01,4.57e+02,5.00e+01,3.00e+01
1.29e+02,5.98e+02,5.30e+01,3.10e+01
6.56e+01,3.20e+02,4.80e+01,2.90e+01
7.96e+01,3.01e+02,5.40e+01,3.10e+01
1.47e+02,6.95e+02,4.70e+01,2.90e+01
4.72e+01,1.56e+02,4.80e+01,2.90e+01
1.14e+02,5.51e+02,4.70e+01,2.90e+01
7.32e+01,3.92e+02,5.00e+01,2.90e+01
1.10e+02,5.03e+02,4.60e+01,2.90e+01
1.41e+02,6.67e+02,4.80e+01,3.10e+01
1.02e+02,4.56e+02,5.50e+01,3.10e+01
1.10e+02,4.61e+02,4.70e+01,2.90e+01
8.47e+01,3.92e+02,4.90e+01,3.10e+01
9.56e+01,5.24e+02,4.90e+01,3.00e+01
1.13e+02,5.22e+02,4.70e+01,2.90e+01
1.20e+02,5.80e+02,4.90e+01,3.00e+01
1.01e+02,4.50e+02,4.70e+01,2.90e+01
3.25e+01,2.00e+02,4.80e+01,2.90e+01
-3.25e+00,4.96e+01,4.80e+01,3.00e+01
8.39e+01,3.65e+02,4.90e+01,2.90e+01
2.58e+01,1.79e+02,4.90e+01,3.00e+01
7.44e+01,3.19e+02,5.00e+01,2.90e+01
6.78e+01,3.34e+02,4.80e+01,3.00e+01
1.04e+02,4.63e+02,4.80e+01,2.90e+01
8.60e+01,3.45e+02,5.70e+01,3.30e+01
9.36e+01,5.17e+02,5.10e+01,3.10e+01
1.29e+02,7.57e+02,4.90e+01,3.00e+01
1.20e+02,5.37e+02,4.60e+01,2.90e+01
4.17e+01,1.58e+02,4.80e+01,2.90e+01
7.39e+01,2.94e+02,5.00e+01,3.00e+01
7.65e+01,3.78e+02,4.80e+01,3.00e+01
1.01e+02,5.61e+02,4.70e+01,2.90e+01
7.42e+01,3.08e+02,4.80e+01,2.90e+01
8.23e+01,4.01e+02,4.70e+01,2.90e+01
6.84e+01,3.13e+02,5.00e+01,3.10e+01
1.17e+02,5.01e+02,4.90e+01,2.90e+01
1.06e+02,5.72e+02,4.90e+01,2.90e+01
1.27e+02,4.85e+02,5.10e+01,2.90e+01
1.14e+02,4.92e+02,4.90e+01,3.00e+01
9.03e+01,4.72e+02,5.00e+01,3.00e+01
-9.80e+00,4.35e+01,4.80e+01,3.00e+01
1.07e+02,5.17e+02,5.40e+01,3.10e+01
9.97e+01,4.66e+02,5.00e+01,3.00e+01
8.52e+01,4.91e+02,4.90e+01,2.90e+01
1.14e+02,5.21e+02,4.60e+01,2.90e+01
1.08e+02,5.78e+02,5.00e+01,3.10e+01
9.37e+01,4.96e+02,4.80e+01,2.90e+01
9.73e+01,4.91e+02,4.90e+01,2.90e+01
1.34e+02,6.42e+02,4.90e+01,2.90e+01
9.17e+01,4.77e+02,5.10e+01,3.10e+01
-7.55e+01,-2.51e+01,4.90e+01,3.00e+01
1.01e+02,5.91e+02,5.20e+01,3.00e+01
8.36e+01,3.90e+02,5.00e+01,3.10e+01
1.62e+01,1.65e+02,5.00e+01,3.00e+01
1.11e+02,6.00e+02,4.80e+01,2.90e+01
1.15e+02,5.56e+02,5.20e+01,2.90e+01
1.31e+02,6.48e+02,5.30e+01,3.10e+01
1.53e+02,5.92e+02,5.50e+01,3.20e+01
5.29e+01,3.03e+02,4.70e+01,3.00e+01
9.85e+01,4.75e+02,4.80e+01,2.90e+01
1.01e+02,4.01e+02,4.80e+01,3.00e+01
1.19e+02,4.63e+02,4.80e+01,3.00e+01
1.10e+02,6.46e+02,5.10e+01,3.10e+01
1.12e+02,5.05e+02,5.20e+01,3.10e+01
1.20e+02,6.30e+02,4.90e+01,3.00e+01
8.89e+01,3.23e+02,4.80e+01,3.00e+01
5.54e+01,1.82e+02,5.20e+01,3.10e+01
1.08e+02,5.39e+02,4.90e+01,3.10e+01
8.04e+01,3.56e+02,4.80e+01,3.00e+01
-4.93e+01,-3.60e+01,5.40e+01,3.10e+01
5.93e+01,1.35e+02,4.70e+01,2.90e+01
3.86e+01,1.78e+02,4.80e+01,3.00e+01
7.74e+01,3.15e+02,5.30e+01,3.10e+01
1.10e+02,5.64e+02,4.70e+01,3.00e+01
1.09e+02,5.46e+02,5.20e+01,3.00e+01
8.98e+01,4.95e+02,4.70e+01,2.90e+01
9.15e+01,2.04e+02,4.60e+01,2.90e+01
9.24e+01,4.21e+02,5.00e+01,3.00e+01
1.11e+02,5.68e+02,4.80e+01,3.00e+01
1.04e+02,5.52e+02,4.90e+01,2.90e+01
1.11e+02,4.66e+02,4.70e+01,2.90e+01
3.62e+01,1.74e+02,4.80e+01,3.00e+01
