1.61e+02,6.26e+02,7.10e+01,2.80e+01
1.47e+02,5.40e+02,7.30e+01,2.70e+01
1.67e+02,4.95e+02,6.70e+01,2.90e+01
2.27e+02,7.85e+02,7.10e+01,2.60e+01
1.96e+02,7.15e+02,7.00e+01,2.80e+01
1.27e+02,3.43e+02,7.30e+01,2.70e+01
1.42e+02,5.22e+02,7.10e+01,2.90e+01
1.78e+02,3.97e+02,6.80e+01,2.70e+01
1.78e+02,4.11e+02,6.50e+01,2.80e+01
1.14e+02,1.77e+02,6.70e+01,2.90e+01
1.20e+02,2.09e+02,6.80e+01,2.70e+01
2.18e+02,4.17e+02,7.20e+01,2.60e+01
2.72e+02,8.00e+02,6.80e+01,2.90e+01
7.43e+01,1.50e+02,7.20e+01,2.70e+01
1.61e+02,3.78e+02,7.40e+01,2.70e+01
1.47e+02,4.05e+02,7.40e+01,2.80e+01
2.21e+02,4.80e+02,7.10e+01,2.90e+01
1.18e+02,2.79e+02,7.00e+01,2.80e+01
5.80e+01,1.18e+02,6.90e+01,2.90e+01
3.06e+02,5.36e+02,7.20e+01,2.90e+01
1.07e+02,3.25e+02,7.10e+01,2.90e+01
1.72e+02,4.52e+02,7.50e+01,2.80e+01
2.48e+01,7.68e+01,6.80e+01,2.90e+01
2.08e+02,7.62e+02,6.90e+01,2.90e+01
2.43e+02,6.70e+02,7.40e+01,2.70e+01
2.55e+02,8.63e+02,7.00e+01,2.80e+01
8.12e+01,2.58e+02,7.20e+01,2.80e+01
2.26e+02,8.00e+02,7.40e+01,2.80e+01
5.20e+01,1.03e+02,6.80e+01,2.90e+01
2.42e+02,5.63e+02,6.90e+01,2.70e+01
2.62e+02,6.75e+02,7.20e+01,2.80e+01
2.22e+02,7.69e+02,7.30e+01,2.80e+01
1.20e+02,3.70e+02,7.40e+01,2.70e+01
1.04e+02,2.35e+02,6.80e+01,2.90e+01
2.82e+02,1.29e+03,6.80e+01,2.70e+01
2.28e+02,4.65e+02,6.80e+01,2.70e+01
1.19e+02,2.16e+02,6.90e+01,2.70e+01
9.58e+01,1.67e+02,6.80e+01,2.70e+01
1.82e+02,4.53e+02,6.80e+01,2.70e+01
1.72e+02,4.78e+02,7.20e+01,2.60e+01
1.77e+02,7.39e+02,7.30e+01,2.70e+01
1.76e+02,5.72e+02,6.60e+01,2.80e+01
5.68e+01,1.16e+02,7.10e+01,2.60e+01
1.26e+02,3.40e+02,7.40e+01,2.90e+01
2.13e+02,4.94e+02,7.20e+01,2.70e+01
2.38e+02,5.18e+02,7.10e+01,2.60e+01
1.15e+02,4.17e+02,7.00e+01,2.80e+01
2.24e+02,6.17e+02,7.20e+01,2.80e+01
1.70e+02,3.37e+02,7.20e+01,3.00e+01
2.26e+02,3.78e+02,6.90e+01,2.70e+01
1.93e+02,7.85e+02,7.10e+01,2.60e+01
2.77e+02,5.66e+02,6.80e+01,2.70e+01
1.54e+02,4.87e+02,6.80e+01,2.90e+01
7.14e+01,1.71e+02,6.90e+01,2.70e+01
1.80e+02,3.51e+02,7.00e+01,2.80e+01
1.52e+02,4.79e+02,7.10e+01,2.80e+01
1.50e+02,3.19e+02,7.30e+01,2.70e+01
1.86e+02,4.32e+02,7.10e+01,2.60e+01
6.86e+01,1.58e+02,6.90e+01,2.70e+01
1.89e+02,7.41e+02,6.80e+01,2.70e+01
2.02e+02,4.68e+02,7.30e+01,2.70e+01
8.29e+01,1.73e+02,6.80e+01,2.70e+01
9.87e+01,3.91e+02,7.00e+01,2.80e+01
2.41e+02,5.98e+02,6.80e+01,2.90e+01
1.69e+02,3.36e+02,6.80e+01,2.90e+01
1.94e+02,4.80e+02,6.70e+01,2.90e+01
2.07e+02,7.67e+02,7.30e+01,3.00e+01
1.99e+01,1.68e+02,6.70e+01,2.90e+01
3.51e+02,1.20e+03,7.30e+01,2.90e+01
2.68e+02,7.22e+02,6.80e+01,3.00e+01
1.72e+02,4.23e+02,7.30e+01,2.70e+01
1.23e+02,4.25e+02,7.20e+01,2.80e+01
1.01e+02,1.90e+02,7.10e+01,2.80e+01
2.10e+02,8.08e+02,7.20e+01,2.60e+01
2.39e+02,7.30e+02,7.30e+01,2.70e+01
8.24e+01,1.86e+02,6.90e+01,2.90e+01
1.91e+02,7.56e+02,6.80e+01,2.90e+01
1.62e+02,6.94e+02,7.20e+01,2.80e+01
1.57e+02,3.70e+02,7.30e+01,2.80e+01
2.69e+02,5.42e+02,6.50e+01,2.80e+01
1.65e+02,3.84e+02,7.10e+01,2.80e+01
2.78e+02,8.05e+02,7.10e+01,2.80e+01
9.72e+01,1.78e+02,7.40e+01,2.80e+01
1.50e+02,4.41e+02,7.40e+01,2.70e+01
2.16e+02,4.00e+02,7.10e+01,2.80e+01
2.55e+02,8.08e+02,6.80e+01,2.90e+01
1.82e+02,4.62e+02,7.20e+01,2.80e+01
2.28e+02,9.04e+02,6.80e+01,2.90e+01
1.28e+02,4.08e+02,7.10e+01,2.80e+01
8.09e+01,1.36e+02,6.70e+01,2.90e+01
1.81e+02,5.09e+02,7.10e+01,2.80e+01
2.41e+02,5.54e+02,6.80e+01,2.90e+01
3.41e+02,1.12e+03,7.30e+01,2.80e+01
4.50e+01,1.69e+02,7.20e+01,2.60e+01
1.51e+02,3.38e+02,6.60e+01,2.80e+01
1.85e+02,4.09e+02,7.40e+01,2.80e+01
2.00e+02,4.96e+02,7.20e+01,2.60e+01
1.63e+02,5.21e+02,7.20e+01,2.60e+01
3.09e+02,8.67e+02,6.80e+01,3.00e+01
1.73e+02,5.57e+02,7.10e+01,2.90e+01
2.35e+02,7.53e+02,7.20e+01,2.90e+01
1.43e+02,4.18e+02,7.30e+01,2.70e+01
2.00e+02,8.52e+02,7.30e+01,2.90e+01
3.48e+02,1.09e+03,7.00e+01,2.80e+01
6.59e+01,1.39e+02,6.90e+01,2.70e+01
3.83e+01,7.31e+01,7.30e+01,2.70e+01
2.01e+02,5.06e+02,6.80e+01,2.90e+01
1.25e+02,3.39e+02,7.30e+01,2.70e+01
2.66e+02,5.01e+02,7.10e+01,2.80e+01
9.52e+01,1.73e+02,7.20e+01,2.60e+01
3.07e+02,6.93e+02,7.20e+01,2.80e+01
1.69e+02,3.59e+02,7.10e+01,2.80e+01
2.51e+02,4.95e+02,7.10e+01,2.80e+01
2.13e+02,8.47e+02,7.10e+01,2.80e+01
2.50e+02,7.15e+02,6.50e+01,2.80e+01
2.21e+02,7.60e+02,7.30e+01,2.80e+01
1.57e+02,5.09e+02,7.10e+01,2.80e+01
2.60e+02,8.13e+02,6.90e+01,2.70e+01
3.82e+01,8.23e+01,7.40e+01,2.80e+01
2.47e+02,7.55e+02,6.50e+01,2.80e+01
1.57e+02,4.36e+02,7.00e+01,2.80e+01
1.23e+02,3.28e+02,6.60e+01,2.90e+01
1.69e+02,3.79e+02,7.10e+01,2.80e+01
1.73e+02,3.88e+02,7.20e+01,2.90e+01
1.21e+02,3.68e+02,7.20e+01,3.00e+01
2.56e+02,7.70e+02,7.20e+01,2.60e+01
1.41e+02,3.41e+02,7.20e+01,2.60e+01
1.02e+02,2.08e+02,7.40e+01,2.70e+01
