-2.19e+02,-5.76e+01,8.00e+00,1.00e+01
-2.19e+02,-5.74e+01,8.00e+00,1.00e+01
-2.17e+02,-6.06e+01,8.00e+00,1.00e+01
-2.20e+02,-6.04e+01,8.00e+00,1.00e+01
-2.19e+02,-5.82e+01,8.00e+00,1.00e+01
-2.20e+02,-5.71e+01,8.00e+00,1.00e+01
-2.19e+02,-6.08e+01,8.00e+00,1.00e+01
-2.28e+02,-6.62e+01,8.00e+00,1.00e+01
-2.21e+02,-6.17e+01,8.00e+00,1.00e+01
-2.19e+02,-5.77e+01,8.00e+00,1.00e+01
-2.25e+02,-6.06e+01,8.00e+00,1.00e+01
-2.21e+02,-6.47e+01,8.00e+00,1.00e+01
-2.22e+02,-6.11e+01,8.00e+00,1.00e+01
-2.18e+02,-5.68e+01,8.00e+00,1.00e+01
-2.23e+02,-6.67e+01,8.00e+00,1.00e+01
-2.28e+02,-6.94e+01,9.00e+00,1.00e+01
-5.00e+02,-5.00e+02,8.00e+00,1.00e+01
-2.19e+02,-5.80e+01,9.00e+00,1.10e+01
-5.00e+02,-5.00e+02,9.00e+00,1.00e+01
-2.23e+02,-5.88e+01,8.00e+00,1.00e+01
-2.63e+02,-1.08e+02,9.00e+00,1.00e+01
-2.21e+02,-6.58e+01,8.00e+00,1.00e+01
-5.00e+02,-5.00e+02,8.00e+00,1.00e+01
-2.45e+02,-9.94e+01,9.00e+00,1.00e+01
-2.24e+02,-6.29e+01,8.00e+00,1.00e+01
-5.00e+02,-5.00e+02,9.00e+00,1.00e+01
-2.19e+02,-6.67e+01,8.00e+00,1.00e+01
-3.66e+02,-1.93e+02,9.00e+00,1.00e+01
-2.16e+02,-6.66e+01,8.00e+00,1.00e+01
-5.00e+02,-5.00e+02,8.00e+00,1.00e+01
-2.19e+02,-5.81e+01,8.00e+00,1.00e+01
-2.24e+02,-6.16e+01,8.00e+00,1.00e+01
-2.22e+02,-6.58e+01,8.00e+00,1.00e+01
-2.22e+02,-6.04e+01,8.00e+00,1.00e+01
-4.97e+02,-4.82e+02,9.00e+00,1.00e+01
-2.27e+02,-6.31e+01,8.00e+00,1.00e+01
-4.34e+02,-2.78e+02,9.00e+00,1.10e+01
-2.20e+02,-6.54e+01,9.00e+00,1.00e+01
-2.22e+02,-5.96e+01,8.00e+00,1.00e+01
-2.17e+02,-5.46e+01,8.00e+00,1.00e+01
-2.21e+02,-6.70e+01,8.00e+00,1.00e+01
-5.00e+02,-5.00e+02,8.00e+00,1.00e+01
-5.00e+02,-5.00e+02,9.00e+00,1.00e+01
-2.24e+02,-6.96e+01,9.00e+00,1.00e+01
-2.17e+02,-6.52e+01,8.00e+00,1.00e+01
-2.22e+02,-5.97e+01,8.00e+00,1.00e+01
-2.19e+02,-5.84e+01,8.00e+00,1.00e+01
-3.03e+02,-9.34e+01,9.00e+00,1.00e+01
-2.21e+02,-6.37e+01,8.00e+00,1.00e+01
-2.23e+02,-6.40e+01,8.00e+00,1.00e+01
-2.23e+02,-6.90e+01,8.00e+00,1.00e+01
-4.98e+02,-4.91e+02,9.00e+00,1.00e+01
-2.23e+02,-6.08e+01,9.00e+00,1.10e+01
-2.21e+02,-6.68e+01,8.00e+00,1.00e+01
-2.16e+02,-5.34e+01,8.00e+00,1.00e+01
-2.95e+02,-6.84e+01,8.00e+00,1.00e+01
-2.22e+02,-6.70e+01,8.00e+00,1.00e+01
-2.17e+02,-6.00e+01,8.00e+00,1.00e+01
-3.79e+02,-1.92e+02,8.00e+00,1.00e+01
-2.18e+02,-6.26e+01,8.00e+00,1.00e+01
-3.03e+02,-1.03e+02,9.00e+00,1.00e+01
-5.00e+02,-5.00e+02,8.00e+00,1.00e+01
-2.20e+02,-6.50e+01,8.00e+00,1.00e+01
-2.21e+02,-6.12e+01,8.00e+00,1.00e+01
-2.17e+02,-6.13e+01,8.00e+00,1.00e+01
-4.79e+02,-3.76e+02,9.00e+00,1.00e+01
-2.19e+02,-6.62e+01,8.00e+00,1.00e+01
-2.28e+02,-6.65e+01,8.00e+00,1.00e+01
-2.21e+02,-6.29e+01,8.00e+00,1.00e+01
-2.29e+02,-6.96e+01,8.00e+00,1.00e+01
-5.00e+02,-5.00e+02,8.00e+00,1.00e+01
-2.18e+02,-5.70e+01,8.00e+00,1.00e+01
-2.34e+02,-5.95e+01,8.00e+00,1.00e+01
-2.23e+02,-6.28e+01,9.00e+00,1.00e+01
-2.25e+02,-6.19e+01,9.00e+00,1.00e+01
-2.19e+02,-6.18e+01,8.00e+00,1.00e+01
-2.16e+02,-5.57e+01,8.00e+00,1.00e+01
-2.40e+02,-6.01e+01,8.00e+00,1.00e+01
-2.39e+02,-8.51e+01,9.00e+00,1.00e+01
-2.28e+02,-6.28e+01,8.00e+00,1.00e+01
-2.36e+02,-7.69e+01,8.00e+00,1.00e+01
-2.23e+02,-6.40e+01,8.00e+00,1.00e+01
-4.37e+02,-1.24e+02,9.00e+00,1.00e+01
-2.24e+02,-7.21e+01,8.00e+00,1.00e+01
-2.21e+02,-6.53e+01,8.00e+00,1.00e+01
-2.21e+02,-5.99e+01,8.00e+00,1.00e+01
-2.18e+02,-5.84e+01,8.00e+00,1.00e+01
-4.34e+02,-1.04e+02,9.00e+00,1.00e+01
-2.18e+02,-6.29e+01,8.00e+00,1.00e+01
-2.31e+02,-7.30e+01,8.00e+00,1.00e+01
-2.18e+02,-5.86e+01,8.00e+00,1.00e+01
-2.36e+02,-5.86e+01,8.00e+00,1.00e+01
-2.20e+02,-6.45e+01,8.00e+00,1.00e+01
-2.20e+02,-6.52e+01,8.00e+00,1.00e+01
-2.27e+02,-6.92e+01,8.00e+00,1.00e+01
-2.29e+02,-7.03e+01,9.00e+00,1.00e+01
-2.32e+02,-6.52e+01,8.00e+00,1.00e+01
-2.23e+02,-6.11e+01,8.00e+00,1.00e+01
-2.25e+02,-6.75e+01,8.00e+00,1.00e+01
-2.19e+02,-6.00e+01,8.00e+00,1.00e+01
-5.00e+02,-5.00e+02,8.00e+00,1.00e+01
-2.19e+02,-5.87e+01,8.00e+00,1.00e+01
-2.26e+02,-6.91e+01,9.00e+00,1.00e+01
-2.21e+02,-6.07e+01,8.00e+00,1.00e+01
-4.21e+02,-2.19e+02,8.00e+00,1.00e+01
-5.00e+02,-5.00e+02,9.00e+00,1.10e+01
-2.15e+02,-5.74e+01,8.00e+00,1.00e+01
-2.27e+02,-6.01e+01,8.00e+00,1.00e+01
-5.00e+02,-5.00e+02,8.00e+00,1.00e+01
-2.66e+02,-1.31e+02,9.00e+00,1.00e+01
-5.00e+02,-5.00e+02,8.00e+00,1.00e+01
-2.23e+02,-7.04e+01,9.00e+00,1.00e+01
-2.22e+02,-6.66e+01,8.00e+00,1.00e+01
-5.00e+02,-5.00e+02,8.00e+00,1.00e+01
-4.59e+02,-2.58e+02,9.00e+00,1.10e+01
-2.20e+02,-5.90e+01,8.00e+00,1.00e+01
-2.22e+02,-5.63e+01,8.00e+00,1.00e+01
-2.19e+02,-6.30e+01,8.00e+00,1.00e+01
-2.22e+02,-5.55e+01,8.00e+00,1.00e+01
-2.24e+02,-6.01e+01,8.00e+00,1.00e+01
-4.32e+02,-2.82e+02,9.00e+00,1.10e+01
-2.24e+02,-6.58e+01,8.00e+00,1.00e+01
-4.82e+02,-3.94e+02,9.00e+00,1.10e+01
-5.00e+02,-5.00e+02,9.00e+00,1.10e+01
-3.04e+02,-1.01e+02,9.00e+00,1.00e+01
-2.22e+02,-6.31e+01,8.00e+00,1.00e+01
-2.21e+02,-6.06e+01,8.00e+00,1.00e+01
-4.05e+02,-1.92e+02,9.00e+00,1.10e+01
-2.23e+02,-6.60e+01,8.00e+00,1.00e+01
-5.00e+02,-5.00e+02,9.00e+00,1.00e+01
-4.27e+02,-2.54e+02,9.00e+00,1.10e+01
-5.00e+02,-5.00e+02,8.00e+00,1.00e+01
-2.18e+02,-5.93e+01,8.00e+00,1.00e+01
-2.30e+02,-5.41e+01,8.00e+00,1.00e+01
-2.30e+02,-6.04e+01,8.00e+00,1.00e+01
-2.26e+02,-5.16e+01,8.00e+00,1.00e+01
-4.21e+02,-2.45e+02,9.00e+00,1.10e+01
-2.23e+02,-6.40e+01,8.00e+00,1.00e+01
-2.22e+02,-5.57e+01,8.00e+00,1.00e+01
-2.24e+02,-6.31e+01,8.00e+00,1.00e+01
-2.18e+02,-6.01e+01,8.00e+00,1.00e+01
-2.18e+02,-5.77e+01,8.00e+00,1.00e+01
-2.30e+02,-7.70e+01,9.00e+00,1.00e+01
-2.58e+02,-6.58e+01,8.00e+00,1.00e+01
-2.19e+02,-6.20e+01,8.00e+00,1.00e+01
-2.18e+02,-5.54e+01,8.00e+00,1.00e+01
-2.19e+02,-6.19e+01,8.00e+00,1.00e+01
-4.92e+02,-4.51e+02,9.00e+00,1.10e+01
-2.22e+02,-7.29e+01,8.00e+00,1.00e+01
-4.98e+02,-4.90e+02,9.00e+00,1.00e+01
-2.21e+02,-6.25e+01,9.00e+00,1.00e+01
-2.19e+02,-5.93e+01,8.00e+00,1.00e+01
-2.27e+02,-5.56e+01,8.00e+00,1.00e+01
-2.20e+02,-6.47e+01,8.00e+00,1.00e+01
-5.00e+02,-5.00e+02,8.00e+00,1.00e+01
-3.81e+02,-2.23e+02,9.00e+00,1.00e+01
-5.00e+02,-5.00e+02,8.00e+00,1.00e+01
-2.19e+02,-6.06e+01,8.00e+00,1.00e+01
-5.00e+02,-5.00e+02,8.00e+00,1.00e+01
-2.17e+02,-5.92e+01,8.00e+00,1.00e+01
-2.16e+02,-5.31e+01,8.00e+00,1.00e+01
-5.00e+02,-5.00e+02,8.00e+00,1.00e+01
-2.17e+02,-6.15e+01,9.00e+00,1.10e+01
-2.29e+02,-6.19e+01,8.00e+00,1.00e+01
-2.25e+02,-7.18e+01,8.00e+00,1.00e+01
-5.00e+02,-5.00e+02,8.00e+00,1.00e+01
-4.98e+02,-4.90e+02,9.00e+00,1.00e+01
-2.29e+02,-6.37e+01,8.00e+00,1.00e+01
-4.89e+02,-4.36e+02,9.00e+00,1.00e+01
-2.23e+02,-7.07e+01,8.00e+00,1.00e+01
-2.19e+02,-5.30e+01,8.00e+00,1.00e+01
-4.85e+02,-4.12e+02,9.00e+00,1.00e+01
-5.00e+02,-5.00e+02,8.00e+00,1.00e+01
-2.16e+02,-5.10e+01,8.00e+00,1.00e+01
-2.26e+02,-5.22e+01,8.00e+00,1.00e+01
-2.78e+02,-6.50e+01,8.00e+00,1.00e+01
-2.22e+02,-7.08e+01,8.00e+00,1.00e+01
-3.14e+02,-7.42e+01,8.00e+00,1.00e+01
-2.22e+02,-5.67e+01,8.00e+00,1.00e+01
-2.20e+02,-6.86e+01,8.00e+00,1.00e+01
-2.22e+02,-6.54e+01,8.00e+00,1.00e+01
-5.00e+02,-5.00e+02,8.00e+00,1.00e+01
-5.00e+02,-5.00e+02,9.00e+00,1.00e+01
-5.00e+02,-5.00e+02,8.00e+00,1.00e+01
-2.37e+02,-8.97e+01,9.00e+00,1.00e+01
-5.00e+02,-5.00e+02,9.00e+00,1.10e+01
-2.19e+02,-6.03e+01,8.00e+00,1.00e+01
-4.98e+02,-4.87e+02,9.00e+00,1.00e+01
-2.22e+02,-6.27e+01,9.00e+00,1.00e+01
-5.00e+02,-5.00e+02,9.00e+00,1.00e+01
-2.21e+02,-5.31e+01,8.00e+00,1.00e+01
-2.20e+02,-6.26e+01,8.00e+00,1.00e+01
