-2.20e+02,-6.14e+01,8.00e+00,1.00e+01
-2.20e+02,-5.52e+01,1.50e+01,1.10e+01
-2.20e+02,-6.22e+01,1.00e+01,1.10e+01
-2.24e+02,-6.31e+01,8.00e+00,1.00e+01
-2.20e+02,-6.62e+01,9.00e+00,1.00e+01
-2.16e+02,-5.49e+01,8.00e+00,1.00e+01
-2.25e+02,-6.89e+01,9.00e+00,1.10e+01
-2.18e+02,-6.10e+01,8.00e+00,1.00e+01
-2.37e+02,-6.43e+01,1.50e+01,1.10e+01
-2.22e+02,-5.51e+01,9.00e+00,1.10e+01
-2.18e+02,-5.28e+01,8.00e+00,1.00e+01
-2.20e+02,-6.21e+01,1.50e+01,1.10e+01
-2.29e+02,-6.72e+01,8.00e+00,1.00e+01
-2.21e+02,-5.84e+01,1.50e+01,1.10e+01
-2.19e+02,-5.92e+01,8.00e+00,1.00e+01
-2.26e+02,-6.76e+01,1.50e+01,1.10e+01
-2.21e+02,-6.53e+01,1.60e+01,1.10e+01
-2.21e+02,-6.21e+01,8.00e+00,1.00e+01
-2.20e+02,-6.45e+01,8.00e+00,1.00e+01
-2.23e+02,-6.28e+01,1.60e+01,1.10e+01
-5.00e+02,-5.00e+02,9.00e+00,1.00e+01
-2.22e+02,-5.99e+01,1.60e+01,1.10e+01
-2.20e+02,-5.93e+01,8.00e+00,1.00e+01
-2.17e+02,-5.92e+01,8.00e+00,1.00e+01
-2.19e+02,-6.28e+01,1.60e+01,1.20e+01
-2.22e+02,-6.94e+01,8.00e+00,1.00e+01
-2.20e+02,-6.57e+01,1.60e+01,1.10e+01
-2.18e+02,-5.88e+01,1.60e+01,1.20e+01
-2.22e+02,-6.65e+01,1.60e+01,1.10e+01
-2.34e+02,-8.44e+01,1.60e+01,1.10e+01
-2.55e+02,-1.06e+02,9.00e+00,1.00e+01
-3.17e+02,-1.01e+02,9.00e+00,1.10e+01
-2.19e+02,-6.30e+01,1.60e+01,1.20e+01
-5.00e+02,-5.00e+02,1.10e+01,1.10e+01
-2.19e+02,-6.32e+01,9.00e+00,1.00e+01
-2.17e+02,-6.19e+01,1.60e+01,1.10e+01
-2.28e+02,-6.35e+01,9.00e+00,1.00e+01
-2.32e+02,-6.14e+01,1.10e+01,1.10e+01
-2.18e+02,-6.20e+01,1.10e+01,1.20e+01
-4.42e+02,-3.04e+02,9.00e+00,1.10e+01
-2.50e+02,-1.00e+02,9.00e+00,1.00e+01
-2.29e+02,-6.32e+01,8.00e+00,1.00e+01
-2.18e+02,-5.90e+01,1.00e+01,1.10e+01
-2.93e+02,-6.65e+01,1.50e+01,1.10e+01
-2.18e+02,-5.74e+01,8.00e+00,1.00e+01
-2.21e+02,-6.40e+01,1.00e+01,1.10e+01
-2.22e+02,-6.91e+01,8.00e+00,1.00e+01
-2.20e+02,-5.91e+01,1.60e+01,1.10e+01
-2.29e+02,-6.87e+01,8.00e+00,1.00e+01
-2.21e+02,-5.91e+01,8.00e+00,1.00e+01
-2.20e+02,-4.97e+01,8.00e+00,1.00e+01
-4.98e+02,-4.89e+02,1.00e+01,1.00e+01
-4.86e+02,-4.19e+02,9.00e+00,1.00e+01
-2.21e+02,-6.18e+01,8.00e+00,1.00e+01
-2.26e+02,-7.38e+01,1.50e+01,1.10e+01
-2.40e+02,-7.35e+01,9.00e+00,1.00e+01
-2.31e+02,-7.32e+01,8.00e+00,1.00e+01
-2.28e+02,-6.78e+01,1.00e+01,1.10e+01
-2.35e+02,-8.45e+01,9.00e+00,1.00e+01
-2.18e+02,-5.75e+01,1.10e+01,1.10e+01
-2.20e+02,-5.62e+01,1.00e+01,1.10e+01
-2.29e+02,-6.53e+01,1.00e+01,1.10e+01
-2.31e+02,-6.08e+01,8.00e+00,1.00e+01
-5.00e+02,-5.00e+02,8.00e+00,1.00e+01
-2.89e+02,-6.18e+01,1.00e+01,1.10e+01
-4.26e+02,-2.43e+02,9.00e+00,1.10e+01
-2.25e+02,-5.99e+01,8.00e+00,1.00e+01
-2.18e+02,-6.35e+01,1.50e+01,1.10e+01
-2.25e+02,-6.00e+01,1.10e+01,1.10e+01
-2.22e+02,-6.96e+01,1.60e+01,1.20e+01
-2.30e+02,-6.58e+01,1.50e+01,1.10e+01
-2.20e+02,-6.41e+01,8.00e+00,1.00e+01
-2.28e+02,-7.24e+01,1.50e+01,1.10e+01
-2.21e+02,-5.64e+01,1.50e+01,1.10e+01
-2.22e+02,-6.60e+01,8.00e+00,1.00e+01
-3.07e+02,-1.10e+02,1.60e+01,1.10e+01
-5.00e+02,-5.00e+02,1.60e+01,1.10e+01
-2.24e+02,-5.36e+01,1.60e+01,1.10e+01
-2.32e+02,-6.21e+01,8.00e+00,1.00e+01
-5.00e+02,-5.00e+02,1.50e+01,1.10e+01
-2.18e+02,-5.90e+01,1.60e+01,1.10e+01
-2.17e+02,-5.37e+01,1.10e+01,1.10e+01
-2.26e+02,-7.07e+01,1.10e+01,1.10e+01
-2.16e+02,-5.83e+01,1.10e+01,1.10e+01
-2.23e+02,-5.39e+01,1.50e+01,1.10e+01
-2.20e+02,-7.12e+01,1.00e+01,1.10e+01
-2.94e+02,-6.73e+01,9.00e+00,1.00e+01
-2.20e+02,-6.86e+01,1.10e+01,1.10e+01
-2.15e+02,-5.58e+01,8.00e+00,1.00e+01
-2.33e+02,-5.76e+01,8.00e+00,1.00e+01
-4.87e+02,-4.22e+02,9.00e+00,1.00e+01
-3.06e+02,-9.12e+01,1.00e+01,1.10e+01
-2.18e+02,-6.00e+01,8.00e+00,1.00e+01
-2.22e+02,-5.86e+01,1.50e+01,1.10e+01
-5.00e+02,-5.00e+02,9.00e+00,1.10e+01
-4.39e+02,-2.88e+02,8.00e+00,1.00e+01
-2.21e+02,-5.99e+01,9.00e+00,1.00e+01
-2.20e+02,-6.76e+01,8.00e+00,1.00e+01
-4.94e+02,-4.62e+02,1.60e+01,1.10e+01
-2.21e+02,-6.00e+01,8.00e+00,1.00e+01
-4.40e+02,-2.52e+02,9.00e+00,1.10e+01
-2.17e+02,-5.41e+01,1.00e+01,1.10e+01
-2.21e+02,-6.40e+01,1.50e+01,1.10e+01
-4.24e+02,-2.64e+02,1.10e+01,1.20e+01
-2.24e+02,-5.20e+01,1.10e+01,1.10e+01
-5.00e+02,-5.00e+02,1.10e+01,1.20e+01
-2.23e+02,-5.68e+01,8.00e+00,1.00e+01
-2.14e+02,-5.21e+01,1.10e+01,1.10e+01
-5.00e+02,-5.00e+02,8.00e+00,1.00e+01
-2.16e+02,-6.13e+01,8.00e+00,1.00e+01
-5.00e+02,-5.00e+02,9.00e+00,1.00e+01
-2.27e+02,-6.57e+01,8.00e+00,1.00e+01
-2.14e+02,-5.89e+01,1.50e+01,1.10e+01
-2.31e+02,-7.07e+01,8.00e+00,1.00e+01
-2.28e+02,-6.62e+01,1.00e+01,1.10e+01
-3.08e+02,-7.45e+01,1.50e+01,1.10e+01
-2.24e+02,-6.20e+01,1.60e+01,1.10e+01
-2.88e+02,-5.66e+01,8.00e+00,1.00e+01
-2.19e+02,-6.41e+01,8.00e+00,1.00e+01
-2.31e+02,-6.35e+01,1.50e+01,1.10e+01
-2.19e+02,-5.02e+01,1.10e+01,1.10e+01
-2.23e+02,-6.52e+01,1.00e+01,1.10e+01
-4.98e+02,-4.89e+02,1.60e+01,1.10e+01
-5.00e+02,-5.00e+02,1.50e+01,1.10e+01
-5.00e+02,-5.00e+02,8.00e+00,1.00e+01
-5.00e+02,-5.00e+02,1.10e+01,1.10e+01
-2.44e+02,-8.56e+01,1.00e+01,1.00e+01
-4.79e+02,-3.73e+02,9.00e+00,1.10e+01
-2.24e+02,-6.43e+01,1.10e+01,1.10e+01
-4.33e+02,-2.77e+02,8.00e+00,1.00e+01
-2.25e+02,-7.71e+01,1.60e+01,1.10e+01
-2.23e+02,-6.98e+01,1.60e+01,1.10e+01
-2.17e+02,-5.76e+01,1.60e+01,1.10e+01
-2.25e+02,-6.24e+01,8.00e+00,1.00e+01
-2.22e+02,-6.14e+01,1.50e+01,1.10e+01
-2.28e+02,-6.49e+01,8.00e+00,1.00e+01
-2.31e+02,-6.17e+01,8.00e+00,1.00e+01
-2.28e+02,-6.12e+01,1.50e+01,1.10e+01
-2.24e+02,-6.14e+01,8.00e+00,1.00e+01
-2.27e+02,-6.11e+01,1.00e+01,1.10e+01
-2.25e+02,-7.32e+01,1.60e+01,1.10e+01
-2.29e+02,-8.49e+01,8.00e+00,1.00e+01
-2.26e+02,-6.87e+01,8.00e+00,1.00e+01
-5.00e+02,-5.00e+02,8.00e+00,1.00e+01
-5.00e+02,-5.00e+02,1.60e+01,1.10e+01
-2.18e+02,-6.52e+01,8.00e+00,1.00e+01
-2.26e+02,-6.84e+01,1.60e+01,1.10e+01
-2.20e+02,-6.07e+01,8.00e+00,1.00e+01
-4.87e+02,-4.21e+02,1.60e+01,1.10e+01
-2.20e+02,-6.75e+01,1.50e+01,1.10e+01
-2.41e+02,-6.17e+01,8.00e+00,1.00e+01
-2.20e+02,-6.95e+01,8.00e+00,1.00e+01
-5.00e+02,-5.00e+02,9.00e+00,1.00e+01
-5.00e+02,-5.00e+02,1.60e+01,1.10e+01
-2.23e+02,-6.19e+01,8.00e+00,1.00e+01
-2.60e+02,-1.14e+02,9.00e+00,1.00e+01
-2.17e+02,-6.10e+01,9.00e+00,1.00e+01
-5.00e+02,-5.00e+02,1.60e+01,1.20e+01
-3.44e+02,-2.45e+02,1.50e+01,1.10e+01
-5.00e+02,-5.00e+02,8.00e+00,1.00e+01
-2.26e+02,-5.65e+01,1.50e+01,1.10e+01
-2.21e+02,-6.87e+01,1.50e+01,1.10e+01
-2.23e+02,-6.80e+01,1.00e+01,1.10e+01
-2.26e+02,-7.55e+01,1.10e+01,1.10e+01
-3.02e+02,-9.19e+01,9.00e+00,1.00e+01
-2.31e+02,-6.22e+01,1.50e+01,1.10e+01
-2.23e+02,-6.26e+01,1.60e+01,1.10e+01
-2.28e+02,-6.58e+01,8.00e+00,1.00e+01
-2.22e+02,-7.33e+01,8.00e+00,1.00e+01
-2.19e+02,-5.60e+01,8.00e+00,1.00e+01
-2.19e+02,-5.86e+01,1.10e+01,1.10e+01
-2.19e+02,-5.82e+01,1.60e+01,1.10e+01
-2.18e+02,-5.43e+01,1.60e+01,1.10e+01
-2.25e+02,-6.93e+01,1.60e+01,1.10e+01
-2.20e+02,-6.10e+01,8.00e+00,1.00e+01
-2.17e+02,-5.75e+01,9.00e+00,1.10e+01
-2.22e+02,-5.59e+01,1.00e+01,1.10e+01
-2.23e+02,-6.28e+01,1.00e+01,1.10e+01
-2.26e+02,-6.74e+01,1.60e+01,1.10e+01
-4.98e+02,-4.88e+02,1.60e+01,1.10e+01
-4.02e+02,-2.00e+02,1.10e+01,1.10e+01
-4.49e+02,-1.93e+02,9.00e+00,1.00e+01
-2.18e+02,-5.61e+01,8.00e+00,1.00e+01
-2.22e+02,-6.14e+01,9.00e+00,1.00e+01
-2.27e+02,-6.33e+01,8.00e+00,1.00e+01
-2.20e+02,-6.50e+01,9.00e+00,1.00e+01
-2.26e+02,-5.78e+01,8.00e+00,1.00e+01
-2.65e+02,-9.89e+01,9.00e+00,1.00e+01
-2.27e+02,-6.96e+01,1.00e+01,1.10e+01
-2.18e+02,-5.80e+01,1.50e+01,1.10e+01
-2.17e+02,-5.65e+01,8.00e+00,1.00e+01
-2.23e+02,-5.83e+01,1.10e+01,1.10e+01
