-2.21e+02,-6.44e+01,8.00e+00,1.00e+01
-2.22e+02,-6.40e+01,9.00e+00,1.00e+01
-2.20e+02,-5.31e+01,8.00e+00,1.00e+01
-2.24e+02,-7.51e+01,1.00e+01,1.00e+01
-2.23e+02,-6.30e+01,8.00e+00,1.00e+01
-2.19e+02,-5.53e+01,8.00e+00,1.00e+01
-2.18e+02,-6.36e+01,8.00e+00,1.00e+01
-2.23e+02,-5.23e+01,8.00e+00,1.00e+01
-2.17e+02,-5.70e+01,8.00e+00,1.00e+01
-2.21e+02,-5.86e+01,9.00e+00,1.00e+01
-2.19e+02,-5.55e+01,8.00e+00,1.00e+01
-2.26e+02,-7.49e+01,8.00e+00,1.00e+01
-2.20e+02,-6.11e+01,9.00e+00,1.00e+01
-2.20e+02,-5.70e+01,8.00e+00,1.00e+01
-2.22e+02,-6.57e+01,9.00e+00,1.00e+01
-2.21e+02,-6.40e+01,8.00e+00,1.00e+01
-2.22e+02,-6.58e+01,9.00e+00,1.00e+01
-2.23e+02,-6.64e+01,9.00e+00,1.00e+01
-5.00e+02,-5.00e+02,9.00e+00,1.10e+01
-2.21e+02,-6.58e+01,8.00e+00,1.00e+01
-3.13e+02,-1.04e+02,1.10e+01,1.10e+01
-2.26e+02,-7.28e+01,8.00e+00,1.00e+01
-2.19e+02,-6.62e+01,8.00e+00,1.00e+01
-2.21e+02,-5.10e+01,9.00e+00,1.00e+01
-2.15e+02,-4.91e+01,9.00e+00,1.00e+01
-2.22e+02,-6.23e+01,1.00e+01,1.00e+01
-2.18e+02,-6.33e+01,8.00e+00,1.00e+01
-2.25e+02,-6.15e+01,8.00e+00,1.00e+01
-2.29e+02,-6.28e+01,9.00e+00,1.00e+01
-2.15e+02,-5.03e+01,9.00e+00,1.00e+01
-5.00e+02,-5.00e+02,8.00e+00,1.00e+01
-5.00e+02,-5.00e+02,1.10e+01,1.00e+01
-5.00e+02,-5.00e+02,9.00e+00,1.00e+01
-4.09e+02,-1.79e+02,8.00e+00,1.00e+01
-2.24e+02,-7.08e+01,8.00e+00,1.00e+01
-2.32e+02,-6.47e+01,8.00e+00,1.00e+01
-2.80e+02,-8.43e+01,8.00e+00,1.00e+01
-2.18e+02,-5.75e+01,8.00e+00,1.00e+01
-2.26e+02,-7.45e+01,8.00e+00,1.00e+01
-2.17e+02,-5.12e+01,8.00e+00,1.00e+01
-5.00e+02,-5.00e+02,8.00e+00,1.00e+01
-2.25e+02,-6.59e+01,9.00e+00,1.00e+01
-3.13e+02,-7.19e+01,9.00e+00,1.00e+01
-2.16e+02,-5.57e+01,9.00e+00,1.00e+01
-2.16e+02,-5.90e+01,8.00e+00,1.00e+01
-2.26e+02,-6.58e+01,8.00e+00,1.00e+01
-2.20e+02,-6.47e+01,1.00e+01,1.10e+01
-2.28e+02,-6.40e+01,9.00e+00,1.00e+01
-2.19e+02,-5.80e+01,9.00e+00,1.00e+01
-2.17e+02,-6.42e+01,8.00e+00,1.00e+01
-2.17e+02,-5.50e+01,8.00e+00,1.00e+01
-5.00e+02,-5.00e+02,9.00e+00,1.00e+01
-2.19e+02,-5.50e+01,9.00e+00,1.00e+01
-2.17e+02,-5.75e+01,9.00e+00,1.00e+01
-2.15e+02,-5.60e+01,9.00e+00,1.00e+01
-2.28e+02,-6.06e+01,9.00e+00,1.00e+01
-5.00e+02,-5.00e+02,9.00e+00,1.00e+01
-2.16e+02,-6.12e+01,8.00e+00,1.00e+01
-2.26e+02,-6.49e+01,9.00e+00,1.00e+01
-5.00e+02,-5.00e+02,1.10e+01,1.00e+01
-2.27e+02,-6.07e+01,9.00e+00,1.00e+01
-2.27e+02,-7.31e+01,9.00e+00,1.00e+01
-5.00e+02,-5.00e+02,9.00e+00,1.00e+01
-2.76e+02,-1.01e+02,9.00e+00,1.10e+01
-2.19e+02,-6.05e+01,9.00e+00,1.00e+01
-2.22e+02,-5.96e+01,1.10e+01,1.00e+01
-2.20e+02,-5.75e+01,8.00e+00,1.00e+01
-2.18e+02,-6.85e+01,8.00e+00,1.00e+01
-2.68e+02,-1.01e+02,9.00e+00,1.00e+01
-2.25e+02,-6.20e+01,9.00e+00,1.00e+01
-2.30e+02,-6.40e+01,9.00e+00,1.00e+01
-2.21e+02,-6.32e+01,8.00e+00,1.00e+01
-2.19e+02,-6.33e+01,1.00e+01,1.00e+01
-2.20e+02,-5.15e+01,1.00e+01,1.00e+01
-2.22e+02,-6.31e+01,8.00e+00,1.00e+01
-2.19e+02,-6.10e+01,8.00e+00,1.00e+01
-2.25e+02,-5.95e+01,8.00e+00,1.00e+01
-4.37e+02,-2.74e+02,1.00e+01,1.10e+01
-2.22e+02,-6.56e+01,9.00e+00,1.00e+01
-2.20e+02,-6.78e+01,1.00e+01,1.00e+01
-2.89e+02,-6.05e+01,8.00e+00,1.00e+01
-2.19e+02,-6.61e+01,8.00e+00,1.00e+01
-5.00e+02,-5.00e+02,9.00e+00,1.00e+01
-2.17e+02,-6.95e+01,9.00e+00,1.00e+01
-2.26e+02,-6.87e+01,1.00e+01,1.00e+01
-2.21e+02,-6.69e+01,9.00e+00,1.00e+01
-4.65e+02,-3.09e+02,9.00e+00,1.00e+01
-2.29e+02,-6.13e+01,8.00e+00,1.00e+01
-2.20e+02,-6.78e+01,9.00e+00,1.00e+01
-5.00e+02,-5.00e+02,9.00e+00,1.00e+01
-4.34e+02,-2.65e+02,9.00e+00,1.10e+01
-3.22e+02,-1.19e+02,1.10e+01,1.10e+01
-2.28e+02,-6.26e+01,9.00e+00,1.00e+01
-2.17e+02,-5.89e+01,9.00e+00,1.00e+01
-3.10e+02,-1.02e+02,1.00e+01,1.00e+01
-2.17e+02,-5.18e+01,8.00e+00,1.00e+01
-2.23e+02,-6.96e+01,8.00e+00,1.00e+01
-2.97e+02,-6.85e+01,1.00e+01,1.00e+01
-2.19e+02,-5.14e+01,9.00e+00,1.00e+01
-3.26e+02,-1.02e+02,9.00e+00,1.10e+01
-2.21e+02,-5.11e+01,8.00e+00,1.00e+01
-4.21e+02,-2.35e+02,8.00e+00,1.00e+01
-5.00e+02,-5.00e+02,9.00e+00,1.00e+01
-2.74e+02,-1.30e+02,9.00e+00,1.00e+01
-4.52e+02,-3.23e+02,8.00e+00,1.00e+01
-2.23e+02,-6.40e+01,1.10e+01,1.00e+01
-2.19e+02,-5.86e+01,8.00e+00,1.00e+01
-5.00e+02,-5.00e+02,9.00e+00,1.00e+01
-5.00e+02,-5.00e+02,8.00e+00,1.00e+01
-2.19e+02,-6.38e+01,1.00e+01,1.00e+01
-4.80e+02,-3.81e+02,9.00e+00,1.00e+01
-2.19e+02,-5.08e+01,8.00e+00,1.00e+01
-5.00e+02,-5.00e+02,9.00e+00,1.00e+01
-4.80e+02,-3.79e+02,9.00e+00,1.00e+01
-2.29e+02,-7.47e+01,1.00e+01,1.00e+01
-4.00e+02,-2.12e+02,8.00e+00,1.00e+01
-2.21e+02,-6.05e+01,8.00e+00,1.00e+01
-2.31e+02,-6.12e+01,8.00e+00,1.00e+01
-3.07e+02,-9.86e+01,9.00e+00,1.00e+01
-4.88e+02,-4.31e+02,1.00e+01,1.00e+01
-2.16e+02,-5.92e+01,8.00e+00,1.00e+01
-2.21e+02,-6.71e+01,8.00e+00,1.00e+01
-5.00e+02,-5.00e+02,9.00e+00,1.00e+01
-2.15e+02,-5.90e+01,8.00e+00,1.00e+01
-2.28e+02,-8.21e+01,1.00e+01,1.00e+01
-2.25e+02,-7.09e+01,1.00e+01,1.00e+01
-2.19e+02,-5.86e+01,8.00e+00,1.00e+01
-4.65e+02,-3.19e+02,9.00e+00,1.00e+01
-4.55e+02,-3.02e+02,9.00e+00,1.00e+01
-5.00e+02,-5.00e+02,8.00e+00,1.00e+01
-3.19e+02,-9.31e+01,1.10e+01,1.10e+01
-2.26e+02,-7.00e+01,8.00e+00,1.00e+01
-2.30e+02,-6.87e+01,1.00e+01,1.00e+01
-2.70e+02,-1.10e+02,9.00e+00,1.00e+01
-5.00e+02,-5.00e+02,1.10e+01,1.00e+01
-2.17e+02,-6.09e+01,8.00e+00,1.00e+01
-2.75e+02,-8.76e+01,9.00e+00,1.10e+01
-5.00e+02,-5.00e+02,8.00e+00,1.00e+01
-2.17e+02,-5.82e+01,8.00e+00,1.00e+01
-2.32e+02,-6.69e+01,8.00e+00,1.00e+01
-3.00e+02,-7.36e+01,8.00e+00,1.00e+01
-2.22e+02,-6.12e+01,8.00e+00,1.00e+01
-5.00e+02,-5.00e+02,9.00e+00,1.00e+01
-2.63e+02,-9.78e+01,9.00e+00,1.00e+01
-5.00e+02,-5.00e+02,8.00e+00,1.00e+01
-2.21e+02,-6.19e+01,8.00e+00,1.00e+01
-2.26e+02,-6.79e+01,8.00e+00,1.00e+01
-5.00e+02,-5.00e+02,8.00e+00,1.00e+01
-4.84e+02,-4.07e+02,9.00e+00,1.00e+01
-2.18e+02,-5.84e+01,8.00e+00,1.00e+01
-2.30e+02,-6.28e+01,9.00e+00,1.00e+01
-2.19e+02,-5.32e+01,8.00e+00,1.00e+01
-2.26e+02,-6.81e+01,1.00e+01,1.00e+01
-2.18e+02,-5.64e+01,1.00e+01,1.00e+01
-2.22e+02,-6.61e+01,8.00e+00,1.00e+01
-2.22e+02,-6.37e+01,8.00e+00,1.00e+01
-5.00e+02,-5.00e+02,8.00e+00,1.00e+01
-5.00e+02,-5.00e+02,9.00e+00,1.00e+01
-2.22e+02,-5.59e+01,8.00e+00,1.00e+01
-2.20e+02,-6.50e+01,8.00e+00,1.00e+01
-4.63e+02,-2.81e+02,9.00e+00,1.00e+01
-2.41e+02,-1.02e+02,9.00e+00,1.00e+01
-2.22e+02,-7.00e+01,1.00e+01,1.00e+01
-2.25e+02,-6.05e+01,1.00e+01,1.00e+01
-2.25e+02,-6.74e+01,8.00e+00,1.00e+01
-2.21e+02,-5.61e+01,1.00e+01,1.00e+01
-2.24e+02,-6.52e+01,8.00e+00,1.00e+01
-2.34e+02,-6.06e+01,8.00e+00,1.00e+01
-5.00e+02,-5.00e+02,8.00e+00,1.00e+01
-2.63e+02,-1.18e+02,9.00e+00,1.00e+01
-2.23e+02,-7.27e+01,8.00e+00,1.00e+01
-2.33e+02,-6.53e+01,8.00e+00,1.00e+01
-2.30e+02,-5.72e+01,1.00e+01,1.00e+01
-2.24e+02,-7.32e+01,9.00e+00,1.00e+01
-4.29e+02,-2.22e+02,9.00e+00,1.00e+01
-2.16e+02,-5.76e+01,9.00e+00,1.00e+01
-3.13e+02,-9.98e+01,9.00e+00,1.00e+01
-2.31e+02,-7.52e+01,9.00e+00,1.00e+01
-5.00e+02,-5.00e+02,8.00e+00,1.00e+01
-2.19e+02,-6.05e+01,8.00e+00,1.00e+01
-4.33e+02,-2.70e+02,9.00e+00,1.00e+01
-2.23e+02,-7.43e+01,8.00e+00,1.00e+01
-2.16e+02,-4.95e+01,8.00e+00,1.00e+01
-2.19e+02,-5.08e+01,8.00e+00,1.00e+01
-2.18e+02,-6.27e+01,8.00e+00,1.00e+01
-2.20e+02,-5.95e+01,8.00e+00,1.00e+01
-2.17e+02,-5.49e+01,9.00e+00,1.00e+01
-2.20e+02,-5.90e+01,9.00e+00,1.00e+01
-2.18e+02,-5.84e+01,9.00e+00,1.00e+01
-2.18e+02,-6.15e+01,8.00e+00,1.00e+01
-3.00e+02,-7.38e+01,9.00e+00,1.00e+01
-2.29e+02,-7.37e+01,8.00e+00,1.00e+01
