-2.17e+02,-6.12e+01,8.00e+00,1.00e+01
-2.19e+02,-5.27e+01,9.00e+00,1.00e+01
-2.15e+02,-4.64e+01,8.00e+00,1.00e+01
-2.14e+02,-5.20e+01,8.00e+00,1.00e+01
-2.15e+02,-5.13e+01,9.00e+00,1.00e+01
-2.11e+02,-5.45e+01,8.00e+00,1.00e+01
-2.10e+02,-5.08e+01,9.00e+00,1.00e+01
-2.13e+02,-5.95e+01,8.00e+00,1.00e+01
-2.15e+02,-5.36e+01,9.00e+00,1.00e+01
-2.27e+02,-5.86e+01,8.00e+00,1.00e+01
-2.12e+02,-4.99e+01,9.00e+00,1.00e+01
-2.12e+02,-4.97e+01,8.00e+00,1.00e+01
-2.15e+02,-6.32e+01,9.00e+00,1.00e+01
-2.14e+02,-5.14e+01,8.00e+00,1.00e+01
-2.27e+02,-6.24e+01,9.00e+00,1.00e+01
-2.15e+02,-5.05e+01,8.00e+00,1.00e+01
-2.85e+02,-6.39e+01,9.00e+00,1.00e+01
-2.55e+02,-4.95e+01,8.00e+00,1.00e+01
-2.38e+02,-6.24e+01,8.00e+00,1.00e+01
-5.00e+02,-5.00e+02,8.00e+00,1.00e+01
-2.19e+02,-5.23e+01,8.00e+00,1.00e+01
-3.01e+02,-1.07e+02,8.00e+00,1.00e+01
-5.00e+02,-4.99e+02,9.00e+00,1.00e+01
-3.88e+02,-1.62e+02,8.00e+00,1.00e+01
-2.15e+02,-5.03e+01,8.00e+00,1.00e+01
-2.17e+02,-5.91e+01,9.00e+00,1.00e+01
-4.14e+02,-2.02e+02,8.00e+00,1.00e+01
-2.63e+02,-6.32e+01,9.00e+00,1.00e+01
-2.21e+02,-6.19e+01,9.00e+00,1.00e+01
-2.17e+02,-5.07e+01,8.00e+00,1.00e+01
-2.13e+02,-5.94e+01,8.00e+00,1.00e+01
-2.18e+02,-5.37e+01,9.00e+00,1.00e+01
-2.14e+02,-5.35e+01,8.00e+00,1.00e+01
-2.53e+02,-6.75e+01,9.00e+00,1.10e+01
-2.15e+02,-5.76e+01,8.00e+00,1.00e+01
-2.90e+02,-1.05e+02,9.00e+00,1.00e+01
-2.21e+02,-5.35e+01,8.00e+00,1.00e+01
-3.92e+02,-1.60e+02,9.00e+00,1.10e+01
-2.15e+02,-5.37e+01,9.00e+00,1.00e+01
-5.00e+02,-4.99e+02,9.00e+00,1.00e+01
-2.16e+02,-6.13e+01,8.00e+00,1.00e+01
-5.00e+02,-5.00e+02,8.00e+00,1.00e+01
-2.17e+02,-5.88e+01,9.00e+00,1.00e+01
-2.66e+02,-9.54e+01,9.00e+00,1.00e+01
-2.14e+02,-5.14e+01,9.00e+00,1.00e+01
-5.00e+02,-5.00e+02,9.00e+00,1.10e+01
-4.12e+02,-2.24e+02,8.00e+00,1.00e+01
-2.46e+02,-5.24e+01,8.00e+00,1.00e+01
-2.14e+02,-5.68e+01,9.00e+00,1.00e+01
-2.27e+02,-5.27e+01,9.00e+00,1.00e+01
-4.17e+02,-2.17e+02,8.00e+00,1.00e+01
-2.14e+02,-5.42e+01,8.00e+00,1.00e+01
-2.15e+02,-5.43e+01,9.00e+00,1.00e+01
-2.12e+02,-4.92e+01,9.00e+00,1.00e+01
-2.11e+02,-4.73e+01,9.00e+00,1.00e+01
-2.15e+02,-5.85e+01,8.00e+00,1.00e+01
-2.55e+02,-7.39e+01,9.00e+00,1.10e+01
-5.00e+02,-5.00e+02,9.00e+00,1.00e+01
-2.20e+02,-5.65e+01,8.00e+00,1.00e+01
-2.25e+02,-6.77e+01,8.00e+00,1.00e+01
-2.17e+02,-6.42e+01,9.00e+00,1.00e+01
-2.48e+02,-7.09e+01,8.00e+00,1.00e+01
-5.00e+02,-5.00e+02,9.00e+00,1.00e+01
-5.00e+02,-5.00e+02,8.00e+00,1.00e+01
-2.17e+02,-5.99e+01,8.00e+00,1.00e+01
-4.41e+02,-1.49e+02,9.00e+00,1.10e+01
-2.76e+02,-9.77e+01,9.00e+00,1.00e+01
-2.14e+02,-5.59e+01,8.00e+00,1.00e+01
-2.14e+02,-5.82e+01,8.00e+00,1.00e+01
-2.13e+02,-4.85e+01,9.00e+00,1.00e+01
-2.15e+02,-5.33e+01,8.00e+00,1.00e+01
-2.18e+02,-5.56e+01,9.00e+00,1.00e+01
-2.20e+02,-5.23e+01,8.00e+00,1.00e+01
-2.22e+02,-5.69e+01,8.00e+00,1.00e+01
-5.00e+02,-5.00e+02,9.00e+00,1.00e+01
-5.00e+02,-5.00e+02,8.00e+00,1.00e+01
-2.12e+02,-5.59e+01,9.00e+00,1.00e+01
-2.12e+02,-5.32e+01,9.00e+00,1.00e+01
-2.15e+02,-5.92e+01,9.00e+00,1.00e+01
-2.16e+02,-5.27e+01,8.00e+00,1.00e+01
-2.13e+02,-4.99e+01,9.00e+00,1.00e+01
-2.23e+02,-6.17e+01,8.00e+00,1.00e+01
-2.17e+02,-5.93e+01,9.00e+00,1.00e+01
-2.14e+02,-5.88e+01,8.00e+00,1.00e+01
-2.12e+02,-4.75e+01,8.00e+00,1.00e+01
-2.21e+02,-5.28e+01,8.00e+00,1.00e+01
-2.16e+02,-5.59e+01,9.00e+00,1.00e+01
-2.29e+02,-5.40e+01,8.00e+00,1.00e+01
-2.15e+02,-5.80e+01,9.00e+00,1.00e+01
-3.87e+02,-1.21e+02,1.00e+01,1.10e+01
-2.12e+02,-5.14e+01,8.00e+00,1.00e+01
-2.21e+02,-6.10e+01,8.00e+00,1.00e+01
-2.28e+02,-6.67e+01,9.00e+00,1.00e+01
-2.17e+02,-5.99e+01,8.00e+00,1.00e+01
-2.86e+02,-7.55e+01,9.00e+00,1.00e+01
-2.16e+02,-5.75e+01,8.00e+00,1.00e+01
-2.18e+02,-5.94e+01,8.00e+00,1.00e+01
-5.00e+02,-4.99e+02,9.00e+00,1.00e+01
-2.12e+02,-5.50e+01,8.00e+00,1.00e+01
-2.18e+02,-5.51e+01,8.00e+00,1.00e+01
-4.26e+02,-2.50e+02,8.00e+00,1.00e+01
-2.20e+02,-6.23e+01,9.00e+00,1.00e+01
-2.16e+02,-5.38e+01,9.00e+00,1.00e+01
-3.79e+02,-1.31e+02,9.00e+00,1.10e+01
-2.18e+02,-6.65e+01,9.00e+00,1.00e+01
-2.15e+02,-5.41e+01,8.00e+00,1.00e+01
-5.00e+02,-5.00e+02,8.00e+00,1.00e+01
-2.12e+02,-5.34e+01,8.00e+00,1.00e+01
-2.59e+02,-7.64e+01,9.00e+00,1.00e+01
-3.06e+02,-1.25e+02,8.00e+00,1.00e+01
-2.22e+02,-5.97e+01,8.00e+00,1.00e+01
-2.49e+02,-5.20e+01,8.00e+00,1.00e+01
-2.17e+02,-5.57e+01,9.00e+00,1.00e+01
-2.10e+02,-5.12e+01,1.00e+01,1.00e+01
-2.13e+02,-5.17e+01,8.00e+00,1.00e+01
-2.28e+02,-5.06e+01,1.00e+01,1.00e+01
-5.00e+02,-5.00e+02,8.00e+00,1.00e+01
-2.17e+02,-5.64e+01,8.00e+00,1.00e+01
-2.18e+02,-5.37e+01,9.00e+00,1.00e+01
-2.15e+02,-5.64e+01,8.00e+00,1.00e+01
-2.15e+02,-5.65e+01,8.00e+00,1.00e+01
-2.46e+02,-7.42e+01,8.00e+00,1.00e+01
-2.13e+02,-4.87e+01,8.00e+00,1.00e+01
-3.98e+02,-1.62e+02,8.00e+00,1.00e+01
-2.12e+02,-5.07e+01,9.00e+00,1.00e+01
-2.15e+02,-5.38e+01,9.00e+00,1.00e+01
-2.29e+02,-6.29e+01,9.00e+00,1.10e+01
-2.18e+02,-5.40e+01,8.00e+00,1.00e+01
-2.14e+02,-5.44e+01,9.00e+00,1.00e+01
-2.17e+02,-6.05e+01,8.00e+00,1.00e+01
-2.50e+02,-7.05e+01,9.00e+00,1.00e+01
-2.16e+02,-5.51e+01,1.00e+01,1.00e+01
-2.47e+02,-7.54e+01,8.00e+00,1.00e+01
-2.15e+02,-5.28e+01,9.00e+00,1.00e+01
-2.93e+02,-7.37e+01,9.00e+00,1.00e+01
-2.16e+02,-5.93e+01,8.00e+00,1.00e+01
-5.00e+02,-5.00e+02,9.00e+00,1.00e+01
-2.86e+02,-6.08e+01,8.00e+00,1.00e+01
-4.42e+02,-1.51e+02,9.00e+00,1.10e+01
-2.12e+02,-5.11e+01,9.00e+00,1.10e+01
-2.14e+02,-5.70e+01,8.00e+00,1.00e+01
-2.84e+02,-5.43e+01,9.00e+00,1.00e+01
-2.50e+02,-9.56e+01,9.00e+00,1.00e+01
-4.18e+02,-1.36e+02,1.00e+01,1.00e+01
-2.20e+02,-5.54e+01,9.00e+00,1.00e+01
-2.13e+02,-5.25e+01,8.00e+00,1.00e+01
-2.14e+02,-5.56e+01,8.00e+00,1.00e+01
-2.22e+02,-5.65e+01,9.00e+00,1.00e+01
-2.17e+02,-5.75e+01,8.00e+00,1.00e+01
-2.21e+02,-5.41e+01,8.00e+00,1.00e+01
-2.15e+02,-5.03e+01,9.00e+00,1.00e+01
-2.15e+02,-5.38e+01,8.00e+00,1.00e+01
-2.15e+02,-5.75e+01,9.00e+00,1.00e+01
-2.18e+02,-5.80e+01,8.00e+00,1.00e+01
-2.16e+02,-6.05e+01,8.00e+00,1.00e+01
-2.12e+02,-5.34e+01,8.00e+00,1.00e+01
-2.13e+02,-5.91e+01,8.00e+00,1.00e+01
-2.11e+02,-4.78e+01,9.00e+00,1.00e+01
-2.12e+02,-5.67e+01,8.00e+00,1.00e+01
-2.17e+02,-5.99e+01,8.00e+00,1.00e+01
-5.00e+02,-5.00e+02,9.00e+00,1.10e+01
-2.17e+02,-5.58e+01,8.00e+00,1.00e+01
-2.19e+02,-6.53e+01,8.00e+00,1.00e+01
-2.97e+02,-1.17e+02,8.00e+00,1.00e+01
-5.00e+02,-5.00e+02,9.00e+00,1.00e+01
-2.16e+02,-5.40e+01,8.00e+00,1.00e+01
-2.14e+02,-5.48e+01,9.00e+00,1.00e+01
-2.21e+02,-6.47e+01,8.00e+00,1.00e+01
-2.14e+02,-5.56e+01,8.00e+00,1.00e+01
-2.25e+02,-7.97e+01,9.00e+00,1.00e+01
-2.42e+02,-7.99e+01,1.00e+01,1.00e+01
-4.99e+02,-4.97e+02,9.00e+00,1.00e+01
-5.00e+02,-5.00e+02,8.00e+00,1.00e+01
-2.18e+02,-6.05e+01,9.00e+00,1.00e+01
-2.20e+02,-5.90e+01,8.00e+00,1.00e+01
-2.15e+02,-5.98e+01,8.00e+00,1.00e+01
-2.71e+02,-9.49e+01,8.00e+00,1.00e+01
-2.85e+02,-6.34e+01,9.00e+00,1.00e+01
-5.00e+02,-4.99e+02,1.00e+01,1.00e+01
-2.17e+02,-5.26e+01,8.00e+00,1.00e+01
-2.17e+02,-6.02e+01,8.00e+00,1.00e+01
-2.15e+02,-6.22e+01,8.00e+00,1.00e+01
-2.15e+02,-5.33e+01,8.00e+00,1.00e+01
-2.21e+02,-6.07e+01,8.00e+00,1.00e+01
-2.13e+02,-5.13e+01,8.00e+00,1.00e+01
-2.17e+02,-5.69e+01,9.00e+00,1.00e+01
-4.66e+02,-3.34e+02,9.00e+00,1.00e+01
-5.00e+02,-5.00e+02,9.00e+00,1.00e+01
-2.12e+02,-5.30e+01,8.00e+00,1.00e+01
-2.17e+02,-5.96e+01,9.00e+00,1.00e+01
-2.32e+02,-6.13e+01,8.00e+00,1.00e+01
-2.16e+02,-5.92e+01,8.00e+00,1.00e+01
