-2.18e+02,-6.61e+01,2.20e+01,1.30e+01
-2.19e+02,-6.51e+01,2.30e+01,1.30e+01
-2.21e+02,-7.55e+01,2.20e+01,1.30e+01
-2.19e+02,-6.61e+01,2.30e+01,1.30e+01
-2.18e+02,-6.70e+01,2.20e+01,1.30e+01
-2.24e+02,-7.08e+01,2.40e+01,1.30e+01
-2.16e+02,-5.65e+01,2.30e+01,1.40e+01
-2.16e+02,-6.66e+01,2.20e+01,1.30e+01
-2.19e+02,-6.44e+01,2.40e+01,1.30e+01
-2.24e+02,-7.48e+01,2.30e+01,1.30e+01
-2.16e+02,-6.29e+01,2.20e+01,1.30e+01
-2.19e+02,-6.19e+01,2.30e+01,1.30e+01
-2.20e+02,-6.62e+01,2.20e+01,1.30e+01
-2.20e+02,-6.60e+01,2.30e+01,1.30e+01
-2.20e+02,-7.14e+01,2.20e+01,1.30e+01
-2.17e+02,-6.96e+01,2.30e+01,1.30e+01
-4.84e+02,-4.07e+02,2.30e+01,1.30e+01
-2.18e+02,-5.89e+01,2.30e+01,1.30e+01
-4.99e+02,-4.96e+02,2.30e+01,1.30e+01
-2.21e+02,-7.39e+01,2.20e+01,1.30e+01
-2.20e+02,-7.29e+01,2.20e+01,1.30e+01
-2.15e+02,-6.12e+01,2.30e+01,1.40e+01
-2.32e+02,-6.74e+01,2.20e+01,1.30e+01
-2.17e+02,-6.88e+01,2.30e+01,1.30e+01
-2.24e+02,-7.19e+01,2.30e+01,1.30e+01
-5.00e+02,-5.00e+02,2.40e+01,1.30e+01
-2.25e+02,-6.09e+01,2.30e+01,1.30e+01
-2.26e+02,-7.53e+01,2.20e+01,1.30e+01
-2.43e+02,-1.06e+02,2.40e+01,1.30e+01
-4.86e+02,-4.51e+02,2.40e+01,1.30e+01
-2.21e+02,-6.32e+01,2.30e+01,1.40e+01
-4.99e+02,-4.94e+02,2.30e+01,1.30e+01
-3.03e+02,-6.76e+01,2.40e+01,1.30e+01
-2.31e+02,-6.40e+01,2.30e+01,1.30e+01
-2.21e+02,-6.93e+01,2.30e+01,1.40e+01
-2.19e+02,-6.17e+01,2.20e+01,1.30e+01
-2.25e+02,-8.01e+01,2.30e+01,1.40e+01
-2.18e+02,-6.31e+01,2.40e+01,1.30e+01
-2.28e+02,-7.62e+01,2.40e+01,1.30e+01
-2.18e+02,-7.37e+01,2.20e+01,1.30e+01
-2.20e+02,-7.11e+01,2.30e+01,1.30e+01
-2.43e+02,-6.75e+01,2.20e+01,1.30e+01
-2.17e+02,-6.39e+01,2.40e+01,1.30e+01
-3.59e+02,-1.01e+02,2.30e+01,1.30e+01
-2.27e+02,-7.54e+01,2.30e+01,1.30e+01
-2.17e+02,-5.85e+01,2.40e+01,1.30e+01
-2.16e+02,-6.45e+01,2.40e+01,1.30e+01
-2.17e+02,-6.23e+01,2.40e+01,1.30e+01
-3.04e+02,-7.17e+01,2.30e+01,1.30e+01
-2.18e+02,-6.98e+01,2.30e+01,1.30e+01
-2.77e+02,-8.34e+01,2.20e+01,1.30e+01
-2.21e+02,-7.27e+01,2.20e+01,1.30e+01
-2.22e+02,-7.14e+01,2.30e+01,1.40e+01
-2.26e+02,-6.90e+01,2.30e+01,1.30e+01
-2.20e+02,-6.95e+01,2.50e+01,1.30e+01
-4.35e+02,-1.10e+02,2.30e+01,1.30e+01
-2.16e+02,-5.81e+01,2.40e+01,1.30e+01
-2.23e+02,-7.03e+01,2.30e+01,1.40e+01
-2.14e+02,-6.58e+01,2.30e+01,1.30e+01
-2.17e+02,-6.37e+01,2.30e+01,1.30e+01
-2.29e+02,-8.03e+01,2.30e+01,1.30e+01
-2.19e+02,-6.65e+01,2.50e+01,1.30e+01
-2.18e+02,-5.78e+01,2.20e+01,1.30e+01
-2.16e+02,-6.77e+01,2.30e+01,1.30e+01
-2.49e+02,-1.09e+02,2.20e+01,1.30e+01
-2.17e+02,-6.52e+01,2.40e+01,1.30e+01
-2.16e+02,-6.00e+01,2.50e+01,1.40e+01
-2.26e+02,-6.36e+01,2.20e+01,1.30e+01
-2.18e+02,-6.46e+01,2.30e+01,1.30e+01
-2.16e+02,-6.12e+01,2.30e+01,1.30e+01
-5.00e+02,-5.00e+02,2.40e+01,1.30e+01
-2.30e+02,-7.90e+01,2.30e+01,1.30e+01
-2.26e+02,-6.67e+01,2.40e+01,1.30e+01
-2.20e+02,-6.75e+01,2.40e+01,1.40e+01
-2.25e+02,-6.74e+01,2.50e+01,1.40e+01
-2.19e+02,-6.41e+01,2.30e+01,1.30e+01
-2.20e+02,-5.75e+01,2.20e+01,1.30e+01
-2.16e+02,-6.10e+01,2.40e+01,1.30e+01
-4.72e+02,-4.31e+02,2.30e+01,1.30e+01
-2.90e+02,-8.03e+01,2.30e+01,1.30e+01
-5.00e+02,-5.00e+02,2.40e+01,1.40e+01
-2.19e+02,-7.16e+01,2.30e+01,1.30e+01
-2.21e+02,-6.74e+01,2.20e+01,1.30e+01
-2.17e+02,-6.70e+01,2.30e+01,1.30e+01
-2.18e+02,-7.01e+01,2.20e+01,1.30e+01
-5.00e+02,-5.00e+02,2.30e+01,1.30e+01
-2.20e+02,-6.27e+01,2.40e+01,1.30e+01
-5.00e+02,-5.00e+02,2.30e+01,1.30e+01
-2.22e+02,-7.50e+01,2.40e+01,1.30e+01
-2.99e+02,-8.36e+01,2.30e+01,1.40e+01
-2.30e+02,-7.15e+01,2.20e+01,1.30e+01
-2.17e+02,-6.33e+01,2.30e+01,1.30e+01
-2.16e+02,-5.85e+01,2.20e+01,1.30e+01
-4.35e+02,-1.08e+02,2.30e+01,1.30e+01
-2.21e+02,-6.30e+01,2.30e+01,1.30e+01
-2.21e+02,-7.09e+01,2.30e+01,1.30e+01
-2.18e+02,-6.70e+01,2.20e+01,1.30e+01
-2.21e+02,-5.78e+01,2.50e+01,1.30e+01
-5.00e+02,-5.00e+02,2.40e+01,1.30e+01
-2.19e+02,-6.52e+01,2.40e+01,1.30e+01
-2.19e+02,-5.90e+01,2.50e+01,1.30e+01
-2.21e+02,-7.57e+01,2.20e+01,1.30e+01
-4.17e+02,-1.88e+02,2.20e+01,1.30e+01
-4.65e+02,-2.93e+02,2.40e+01,1.30e+01
-2.23e+02,-7.68e+01,2.20e+01,1.30e+01
-2.25e+02,-6.19e+01,2.20e+01,1.30e+01
-5.00e+02,-5.00e+02,2.20e+01,1.30e+01
-5.00e+02,-5.00e+02,2.20e+01,1.30e+01
-2.17e+02,-6.70e+01,2.40e+01,1.30e+01
-2.16e+02,-6.69e+01,2.30e+01,1.30e+01
-2.29e+02,-8.17e+01,2.30e+01,1.40e+01
-2.51e+02,-8.47e+01,2.20e+01,1.30e+01
-2.17e+02,-6.81e+01,2.30e+01,1.30e+01
-2.25e+02,-6.65e+01,2.30e+01,1.30e+01
-2.16e+02,-6.33e+01,2.30e+01,1.30e+01
-5.00e+02,-5.00e+02,2.30e+01,1.30e+01
-5.00e+02,-5.00e+02,2.40e+01,1.30e+01
-2.42e+02,-9.22e+01,2.30e+01,1.30e+01
-2.18e+02,-6.57e+01,2.30e+01,1.30e+01
-2.96e+02,-7.10e+01,2.30e+01,1.30e+01
-3.42e+02,-9.10e+01,2.20e+01,1.30e+01
-2.21e+02,-7.25e+01,2.30e+01,1.30e+01
-2.18e+02,-6.40e+01,2.40e+01,1.40e+01
-2.27e+02,-6.99e+01,2.30e+01,1.30e+01
-3.66e+02,-7.83e+01,2.50e+01,1.30e+01
-2.16e+02,-6.78e+01,2.30e+01,1.30e+01
-2.20e+02,-6.43e+01,2.20e+01,1.30e+01
-2.23e+02,-6.69e+01,2.40e+01,1.30e+01
-3.08e+02,-8.62e+01,2.20e+01,1.30e+01
-2.18e+02,-6.88e+01,2.30e+01,1.30e+01
-2.18e+02,-6.48e+01,2.30e+01,1.40e+01
-2.20e+02,-6.32e+01,2.30e+01,1.30e+01
-2.18e+02,-5.93e+01,2.40e+01,1.30e+01
-2.17e+02,-6.24e+01,2.30e+01,1.30e+01
-2.23e+02,-7.24e+01,2.30e+01,1.30e+01
-2.19e+02,-6.89e+01,2.40e+01,1.40e+01
-2.16e+02,-6.44e+01,2.20e+01,1.30e+01
-2.25e+02,-7.60e+01,2.20e+01,1.30e+01
-2.23e+02,-7.93e+01,2.20e+01,1.30e+01
-2.16e+02,-7.07e+01,2.40e+01,1.30e+01
-2.54e+02,-1.26e+02,2.30e+01,1.30e+01
-2.17e+02,-6.77e+01,2.30e+01,1.30e+01
-2.21e+02,-7.33e+01,2.40e+01,1.30e+01
-2.37e+02,-7.09e+01,2.20e+01,1.30e+01
-2.19e+02,-6.84e+01,2.40e+01,1.30e+01
-2.17e+02,-6.40e+01,2.30e+01,1.30e+01
-2.23e+02,-6.60e+01,2.30e+01,1.30e+01
-4.33e+02,-1.01e+02,2.50e+01,1.30e+01
-2.24e+02,-6.97e+01,2.30e+01,1.30e+01
-5.00e+02,-5.00e+02,2.40e+01,1.30e+01
-2.19e+02,-7.45e+01,2.30e+01,1.30e+01
-2.16e+02,-5.61e+01,2.40e+01,1.30e+01
-2.18e+02,-7.02e+01,2.40e+01,1.30e+01
-4.90e+02,-4.38e+02,2.40e+01,1.30e+01
-2.30e+02,-8.13e+01,2.50e+01,1.30e+01
-2.22e+02,-6.67e+01,2.40e+01,1.30e+01
-2.29e+02,-8.53e+01,2.30e+01,1.40e+01
-2.20e+02,-6.44e+01,2.40e+01,1.30e+01
-4.56e+02,-2.38e+02,2.50e+01,1.40e+01
-2.23e+02,-7.54e+01,2.30e+01,1.30e+01
-2.46e+02,-1.05e+02,2.20e+01,1.30e+01
-2.69e+02,-6.75e+01,2.30e+01,1.30e+01
-5.00e+02,-5.00e+02,2.20e+01,1.30e+01
-3.55e+02,-1.47e+02,2.30e+01,1.40e+01
-2.37e+02,-9.17e+01,2.30e+01,1.30e+01
-2.28e+02,-5.88e+01,2.30e+01,1.30e+01
-5.00e+02,-5.00e+02,2.30e+01,1.30e+01
-2.35e+02,-8.31e+01,2.30e+01,1.40e+01
-4.60e+02,-2.61e+02,2.30e+01,1.30e+01
-2.19e+02,-6.90e+01,2.20e+01,1.30e+01
-2.20e+02,-6.60e+01,2.30e+01,1.30e+01
-5.00e+02,-5.00e+02,2.20e+01,1.30e+01
-2.32e+02,-7.73e+01,2.40e+01,1.40e+01
-2.32e+02,-8.09e+01,2.30e+01,1.30e+01
-2.19e+02,-6.73e+01,2.40e+01,1.30e+01
-2.19e+02,-6.93e+01,2.40e+01,1.30e+01
-3.91e+02,-1.65e+02,2.30e+01,1.40e+01
-2.15e+02,-6.56e+01,2.30e+01,1.40e+01
-2.19e+02,-6.36e+01,2.40e+01,1.30e+01
-5.00e+02,-5.00e+02,2.30e+01,1.30e+01
-2.22e+02,-5.98e+01,2.40e+01,1.30e+01
-2.22e+02,-6.81e+01,2.30e+01,1.30e+01
-2.16e+02,-6.59e+01,2.30e+01,1.30e+01
-2.17e+02,-6.21e+01,2.30e+01,1.40e+01
-5.00e+02,-5.00e+02,2.30e+01,1.30e+01
-2.21e+02,-6.67e+01,2.30e+01,1.30e+01
-2.24e+02,-7.19e+01,2.50e+01,1.30e+01
-2.19e+02,-7.16e+01,2.20e+01,1.30e+01
-2.18e+02,-7.06e+01,2.40e+01,1.30e+01
-2.39e+02,-7.49e+01,2.20e+01,1.30e+01
-2.20e+02,-6.61e+01,2.20e+01,1.30e+01
-3.42e+02,-1.07e+02,2.30e+01,1.30e+01
