-2.22e+02,-7.52e+01,3.00e+01,1.40e+01
-2.18e+02,-6.09e+01,2.70e+01,1.40e+01
-2.21e+02,-6.30e+01,2.80e+01,1.40e+01
-2.17e+02,-6.74e+01,2.70e+01,1.40e+01
-2.20e+02,-5.79e+01,2.80e+01,1.50e+01
-2.20e+02,-6.95e+01,2.80e+01,1.40e+01
-2.27e+02,-6.52e+01,2.60e+01,1.40e+01
-2.20e+02,-6.57e+01,2.80e+01,1.40e+01
-2.15e+02,-6.54e+01,2.70e+01,1.40e+01
-2.16e+02,-6.17e+01,2.60e+01,1.40e+01
-2.21e+02,-7.34e+01,2.70e+01,1.40e+01
-2.12e+02,-5.98e+01,2.90e+01,1.60e+01
-2.20e+02,-6.20e+01,2.70e+01,1.40e+01
-2.15e+02,-5.68e+01,2.70e+01,1.40e+01
-2.24e+02,-6.89e+01,2.60e+01,1.40e+01
-2.18e+02,-6.44e+01,2.60e+01,1.40e+01
-5.00e+02,-4.99e+02,2.80e+01,1.40e+01
-2.17e+02,-7.23e+01,3.10e+01,1.40e+01
-2.41e+02,-8.63e+01,2.70e+01,1.40e+01
-2.23e+02,-7.04e+01,2.80e+01,1.50e+01
-2.21e+02,-6.83e+01,2.70e+01,1.40e+01
-4.77e+02,-3.65e+02,2.90e+01,1.40e+01
-4.33e+02,-1.02e+02,3.10e+01,1.40e+01
-2.17e+02,-6.17e+01,2.80e+01,1.40e+01
-2.31e+02,-6.82e+01,2.80e+01,1.40e+01
-2.22e+02,-6.32e+01,3.10e+01,1.40e+01
-2.23e+02,-7.56e+01,2.90e+01,1.40e+01
-2.24e+02,-7.39e+01,3.00e+01,1.40e+01
-4.66e+02,-3.59e+02,3.10e+01,1.40e+01
-2.19e+02,-6.53e+01,2.90e+01,1.60e+01
-2.15e+02,-5.66e+01,2.80e+01,1.40e+01
-4.16e+02,-2.83e+02,3.10e+01,1.40e+01
-4.85e+02,-4.44e+02,2.80e+01,1.40e+01
-2.21e+02,-6.84e+01,3.00e+01,1.50e+01
-2.22e+02,-7.71e+01,2.80e+01,1.40e+01
-2.20e+02,-7.61e+01,3.10e+01,1.40e+01
-2.31e+02,-6.07e+01,2.80e+01,1.40e+01
-2.17e+02,-6.30e+01,2.90e+01,1.40e+01
-5.00e+02,-5.00e+02,2.80e+01,1.40e+01
-2.25e+02,-7.81e+01,3.10e+01,1.40e+01
-2.14e+02,-5.92e+01,2.90e+01,1.60e+01
-3.88e+02,-2.23e+02,2.80e+01,1.50e+01
-2.19e+02,-6.51e+01,2.90e+01,1.40e+01
-2.18e+02,-5.92e+01,3.10e+01,1.40e+01
-4.93e+02,-4.68e+02,2.90e+01,1.50e+01
-3.09e+02,-1.04e+02,2.80e+01,1.40e+01
-3.01e+02,-9.99e+01,2.60e+01,1.40e+01
-5.00e+02,-5.00e+02,2.80e+01,1.40e+01
-5.00e+02,-5.00e+02,2.80e+01,1.40e+01
-2.20e+02,-5.99e+01,3.00e+01,1.40e+01
-4.74e+02,-4.12e+02,3.10e+01,1.40e+01
-2.48e+02,-7.74e+01,2.90e+01,1.50e+01
-2.20e+02,-6.33e+01,2.90e+01,1.40e+01
-2.21e+02,-6.70e+01,2.70e+01,1.40e+01
-2.18e+02,-6.77e+01,2.90e+01,1.40e+01
-2.26e+02,-6.07e+01,2.80e+01,1.50e+01
-2.26e+02,-7.56e+01,2.80e+01,1.40e+01
-2.16e+02,-6.23e+01,2.70e+01,1.50e+01
-4.34e+02,-1.06e+02,2.80e+01,1.40e+01
-2.45e+02,-1.08e+02,2.80e+01,1.40e+01
-5.00e+02,-5.00e+02,2.60e+01,1.40e+01
-2.20e+02,-6.36e+01,2.80e+01,1.40e+01
-2.18e+02,-6.33e+01,2.80e+01,1.40e+01
-2.21e+02,-7.19e+01,2.80e+01,1.40e+01
-2.20e+02,-6.61e+01,2.70e+01,1.40e+01
-4.43e+02,-1.56e+02,3.00e+01,1.40e+01
-2.18e+02,-6.82e+01,3.10e+01,1.40e+01
-3.63e+02,-8.61e+01,2.90e+01,1.40e+01
-2.44e+02,-1.11e+02,2.70e+01,1.40e+01
-2.24e+02,-7.20e+01,2.80e+01,1.40e+01
-3.05e+02,-1.04e+02,3.10e+01,1.40e+01
-2.16e+02,-5.94e+01,2.90e+01,1.40e+01
-2.19e+02,-6.87e+01,3.00e+01,1.40e+01
-2.18e+02,-6.33e+01,3.10e+01,1.40e+01
-2.38e+02,-6.95e+01,2.70e+01,1.40e+01
-2.19e+02,-7.57e+01,2.80e+01,1.40e+01
-2.18e+02,-6.06e+01,2.90e+01,1.40e+01
-2.18e+02,-6.59e+01,2.70e+01,1.40e+01
-5.00e+02,-5.00e+02,2.70e+01,1.40e+01
-4.71e+02,-3.28e+02,3.10e+01,1.40e+01
-2.33e+02,-8.34e+01,2.70e+01,1.40e+01
-2.16e+02,-6.04e+01,2.80e+01,1.40e+01
-5.00e+02,-4.99e+02,2.80e+01,1.40e+01
-2.28e+02,-6.81e+01,2.80e+01,1.50e+01
-2.18e+02,-7.23e+01,2.70e+01,1.40e+01
-3.15e+02,-8.34e+01,2.90e+01,1.40e+01
-2.19e+02,-6.64e+01,3.10e+01,1.40e+01
-2.19e+02,-6.26e+01,3.00e+01,1.40e+01
-4.99e+02,-4.94e+02,2.70e+01,1.40e+01
-2.22e+02,-6.48e+01,2.70e+01,1.40e+01
-4.51e+02,-2.09e+02,2.80e+01,1.40e+01
-4.37e+02,-1.23e+02,2.80e+01,1.40e+01
-4.59e+02,-2.57e+02,3.00e+01,1.40e+01
-4.36e+02,-1.14e+02,2.80e+01,1.40e+01
-2.30e+02,-7.35e+01,2.80e+01,1.40e+01
-2.35e+02,-8.92e+01,2.80e+01,1.40e+01
-2.20e+02,-6.82e+01,2.70e+01,1.40e+01
-2.24e+02,-7.42e+01,2.80e+01,1.40e+01
-5.00e+02,-5.00e+02,2.80e+01,1.40e+01
-2.20e+02,-6.80e+01,3.00e+01,1.40e+01
-2.27e+02,-7.67e+01,2.80e+01,1.40e+01
-2.17e+02,-7.14e+01,2.70e+01,1.40e+01
-4.75e+02,-3.67e+02,3.10e+01,1.40e+01
-2.88e+02,-1.01e+02,3.00e+01,1.40e+01
-5.00e+02,-5.00e+02,3.10e+01,1.40e+01
-2.15e+02,-6.43e+01,2.90e+01,1.40e+01
-5.00e+02,-5.00e+02,2.70e+01,1.40e+01
-2.23e+02,-7.35e+01,3.00e+01,1.40e+01
-5.00e+02,-5.00e+02,3.00e+01,1.40e+01
-3.62e+02,-1.16e+02,3.10e+01,1.40e+01
-2.20e+02,-6.64e+01,3.10e+01,1.40e+01
-2.34e+02,-7.38e+01,3.10e+01,1.40e+01
-2.21e+02,-6.13e+01,2.90e+01,1.40e+01
-2.21e+02,-6.71e+01,2.80e+01,1.40e+01
-2.21e+02,-6.87e+01,2.70e+01,1.40e+01
-2.19e+02,-7.27e+01,2.80e+01,1.40e+01
-2.18e+02,-5.94e+01,3.10e+01,1.40e+01
-2.34e+02,-7.32e+01,3.00e+01,1.40e+01
-5.00e+02,-5.00e+02,3.00e+01,1.40e+01
-2.20e+02,-6.89e+01,2.80e+01,1.50e+01
-2.43e+02,-1.08e+02,2.80e+01,1.50e+01
-2.20e+02,-6.97e+01,2.70e+01,1.40e+01
-2.17e+02,-7.10e+01,3.10e+01,1.40e+01
-2.20e+02,-7.02e+01,2.80e+01,1.40e+01
-2.25e+02,-7.29e+01,2.80e+01,1.40e+01
-4.99e+02,-4.94e+02,2.90e+01,1.40e+01
-2.25e+02,-7.10e+01,3.00e+01,1.40e+01
-2.20e+02,-7.76e+01,2.70e+01,1.40e+01
-2.52e+02,-7.32e+01,2.80e+01,1.40e+01
-5.00e+02,-5.00e+02,2.70e+01,1.40e+01
-2.16e+02,-6.88e+01,2.80e+01,1.40e+01
-2.16e+02,-6.49e+01,2.70e+01,1.40e+01
-2.87e+02,-9.48e+01,2.70e+01,1.40e+01
-2.47e+02,-1.00e+02,2.90e+01,1.40e+01
-2.40e+02,-1.04e+02,2.60e+01,1.40e+01
-2.19e+02,-7.07e+01,2.80e+01,1.40e+01
-2.41e+02,-1.06e+02,2.80e+01,1.40e+01
-2.18e+02,-6.61e+01,3.00e+01,1.50e+01
-5.00e+02,-5.00e+02,2.80e+01,1.50e+01
-4.99e+02,-4.94e+02,3.10e+01,1.40e+01
-2.20e+02,-6.63e+01,2.80e+01,1.50e+01
-2.18e+02,-6.56e+01,2.80e+01,1.40e+01
-2.20e+02,-7.02e+01,3.10e+01,1.50e+01
-5.00e+02,-5.00e+02,2.90e+01,1.50e+01
-5.00e+02,-5.00e+02,3.00e+01,1.60e+01
-4.40e+02,-1.42e+02,3.00e+01,1.40e+01
-2.17e+02,-6.99e+01,2.80e+01,1.40e+01
-2.21e+02,-7.33e+01,2.90e+01,1.40e+01
-2.16e+02,-5.83e+01,2.80e+01,1.40e+01
-2.89e+02,-1.09e+02,2.80e+01,1.40e+01
-2.18e+02,-7.26e+01,2.70e+01,1.40e+01
-5.00e+02,-5.00e+02,2.90e+01,1.40e+01
-2.16e+02,-6.40e+01,2.80e+01,1.50e+01
-2.30e+02,-8.00e+01,2.70e+01,1.40e+01
-2.20e+02,-6.96e+01,2.80e+01,1.40e+01
-2.20e+02,-6.28e+01,2.80e+01,1.40e+01
-2.23e+02,-7.01e+01,2.90e+01,1.40e+01
-3.60e+02,-7.95e+01,2.80e+01,1.40e+01
-2.36e+02,-7.54e+01,3.00e+01,1.40e+01
-2.21e+02,-7.71e+01,2.80e+01,1.50e+01
-2.22e+02,-7.78e+01,3.10e+01,1.40e+01
-5.00e+02,-5.00e+02,3.00e+01,1.40e+01
-5.00e+02,-5.00e+02,2.90e+01,1.40e+01
-2.17e+02,-6.01e+01,2.60e+01,1.40e+01
-2.32e+02,-7.27e+01,3.00e+01,1.40e+01
-2.24e+02,-6.86e+01,3.00e+01,1.40e+01
-3.28e+02,-1.02e+02,2.90e+01,1.60e+01
-2.21e+02,-9.90e+01,3.10e+01,1.40e+01
-2.29e+02,-8.06e+01,2.70e+01,1.40e+01
-2.29e+02,-7.92e+01,3.00e+01,1.40e+01
-2.19e+02,-6.59e+01,3.10e+01,1.40e+01
-4.41e+02,-2.34e+02,3.10e+01,1.40e+01
-5.00e+02,-5.00e+02,2.80e+01,1.40e+01
-2.27e+02,-7.61e+01,2.70e+01,1.40e+01
-2.16e+02,-6.02e+01,2.90e+01,1.50e+01
-2.23e+02,-7.27e+01,2.80e+01,1.40e+01
-2.23e+02,-7.03e+01,2.90e+01,1.40e+01
-2.21e+02,-7.95e+01,3.00e+01,1.40e+01
-2.21e+02,-6.27e+01,2.90e+01,1.50e+01
-2.17e+02,-6.94e+01,2.80e+01,1.40e+01
-2.17e+02,-5.80e+01,2.90e+01,1.40e+01
-2.25e+02,-6.23e+01,3.10e+01,1.40e+01
-2.22e+02,-7.42e+01,2.90e+01,1.40e+01
-2.16e+02,-6.85e+01,3.00e+01,1.40e+01
-4.33e+02,-1.01e+02,3.10e+01,1.40e+01
-2.17e+02,-6.05e+01,3.10e+01,1.40e+01
-2.32e+02,-7.48e+01,2.70e+01,1.40e+01
-2.64e+02,-8.03e+01,2.80e+01,1.40e+01
-2.17e+02,-5.73e+01,2.90e+01,1.40e+01
-2.20e+02,-7.39e+01,2.80e+01,1.40e+01
-2.21e+02,-6.54e+01,2.90e+01,1.40e+01
-2.17e+02,-5.88e+01,2.90e+01,1.50e+01
