-2.14e+02,-6.73e+01,3.00e+01,1.40e+01
-2.22e+02,-7.14e+01,3.30e+01,1.40e+01
-2.18e+02,-6.29e+01,3.10e+01,1.40e+01
-2.21e+02,-7.41e+01,3.00e+01,1.40e+01
-2.22e+02,-7.12e+01,3.10e+01,1.40e+01
-2.16e+02,-6.80e+01,3.00e+01,1.40e+01
-2.19e+02,-7.42e+01,3.30e+01,1.40e+01
-2.21e+02,-7.08e+01,3.10e+01,1.40e+01
-2.20e+02,-6.72e+01,3.20e+01,1.40e+01
-2.25e+02,-7.76e+01,3.00e+01,1.40e+01
-2.17e+02,-6.04e+01,3.20e+01,1.40e+01
-2.20e+02,-7.48e+01,3.10e+01,1.40e+01
-2.23e+02,-7.29e+01,3.00e+01,1.40e+01
-2.17e+02,-6.12e+01,3.20e+01,1.40e+01
-2.26e+02,-7.71e+01,3.10e+01,1.40e+01
-2.19e+02,-7.12e+01,3.00e+01,1.40e+01
-2.18e+02,-6.41e+01,3.10e+01,1.50e+01
-3.25e+02,-8.95e+01,3.10e+01,1.40e+01
-2.22e+02,-6.67e+01,3.20e+01,1.40e+01
-2.21e+02,-6.55e+01,3.00e+01,1.40e+01
-2.51e+02,-1.02e+02,3.00e+01,1.40e+01
-2.94e+02,-7.51e+01,3.00e+01,1.40e+01
-2.18e+02,-6.82e+01,3.20e+01,1.40e+01
-5.00e+02,-5.00e+02,3.00e+01,1.40e+01
-2.99e+02,-7.01e+01,3.40e+01,1.40e+01
-2.20e+02,-6.66e+01,3.10e+01,1.40e+01
-2.34e+02,-7.47e+01,3.00e+01,1.40e+01
-2.20e+02,-6.59e+01,3.10e+01,1.40e+01
-2.20e+02,-7.41e+01,3.40e+01,1.40e+01
-2.52e+02,-1.18e+02,3.00e+01,1.40e+01
-5.00e+02,-5.00e+02,3.00e+01,1.40e+01
-4.42e+02,-1.52e+02,3.20e+01,1.40e+01
-3.76e+02,-9.97e+01,3.40e+01,1.40e+01
-2.50e+02,-9.55e+01,3.00e+01,1.40e+01
-2.29e+02,-6.77e+01,3.20e+01,1.40e+01
-2.20e+02,-6.85e+01,3.10e+01,1.40e+01
-2.18e+02,-6.84e+01,3.30e+01,1.40e+01
-2.94e+02,-8.45e+01,3.00e+01,1.40e+01
-5.00e+02,-5.00e+02,3.20e+01,1.40e+01
-2.31e+02,-8.05e+01,3.00e+01,1.40e+01
-2.23e+02,-6.81e+01,3.10e+01,1.40e+01
-4.69e+02,-3.15e+02,3.20e+01,1.40e+01
-2.23e+02,-7.17e+01,3.00e+01,1.40e+01
-5.00e+02,-5.00e+02,3.10e+01,1.40e+01
-2.18e+02,-6.84e+01,3.30e+01,1.40e+01
-2.20e+02,-7.31e+01,3.00e+01,1.40e+01
-2.22e+02,-7.08e+01,3.10e+01,1.40e+01
-2.28e+02,-8.19e+01,3.00e+01,1.40e+01
-3.06e+02,-8.00e+01,3.10e+01,1.40e+01
-2.30e+02,-7.66e+01,3.30e+01,1.40e+01
-2.17e+02,-6.86e+01,3.20e+01,1.40e+01
-3.03e+02,-7.40e+01,3.40e+01,1.50e+01
-2.15e+02,-5.90e+01,3.30e+01,1.40e+01
-3.67e+02,-1.29e+02,3.10e+01,1.40e+01
-2.68e+02,-1.23e+02,3.30e+01,1.40e+01
-4.69e+02,-4.31e+02,3.20e+01,1.40e+01
-2.24e+02,-7.03e+01,3.10e+01,1.40e+01
-2.20e+02,-7.29e+01,3.20e+01,1.40e+01
-4.96e+02,-4.88e+02,3.10e+01,1.40e+01
-2.96e+02,-7.90e+01,3.10e+01,1.40e+01
-3.62e+02,-8.46e+01,3.20e+01,1.40e+01
-2.28e+02,-8.47e+01,3.20e+01,1.40e+01
-2.66e+02,-8.50e+01,3.00e+01,1.40e+01
-2.26e+02,-6.25e+01,3.30e+01,1.40e+01
-2.20e+02,-6.39e+01,3.40e+01,1.40e+01
-2.18e+02,-6.06e+01,3.10e+01,1.40e+01
-2.23e+02,-7.97e+01,3.10e+01,1.40e+01
-2.28e+02,-7.81e+01,3.00e+01,1.40e+01
-2.26e+02,-7.72e+01,3.00e+01,1.40e+01
-2.15e+02,-6.74e+01,3.10e+01,1.40e+01
-3.87e+02,-1.55e+02,3.20e+01,1.50e+01
-2.19e+02,-6.53e+01,3.40e+01,1.50e+01
-3.13e+02,-1.02e+02,3.10e+01,1.40e+01
-4.33e+02,-1.01e+02,3.10e+01,1.40e+01
-4.50e+02,-1.99e+02,3.10e+01,1.40e+01
-2.70e+02,-6.91e+01,3.10e+01,1.40e+01
-3.00e+02,-7.61e+01,3.00e+01,1.40e+01
-2.48e+02,-1.05e+02,3.00e+01,1.40e+01
-2.61e+02,-1.04e+02,3.00e+01,1.40e+01
-2.21e+02,-6.72e+01,3.00e+01,1.40e+01
-2.51e+02,-1.04e+02,3.00e+01,1.40e+01
-4.98e+02,-4.91e+02,3.40e+01,1.40e+01
-2.22e+02,-6.38e+01,3.00e+01,1.40e+01
-2.20e+02,-7.70e+01,3.10e+01,1.40e+01
-2.33e+02,-8.77e+01,3.00e+01,1.40e+01
-2.17e+02,-6.86e+01,3.10e+01,1.40e+01
-2.67e+02,-7.57e+01,3.30e+01,1.40e+01
-4.99e+02,-4.94e+02,3.20e+01,1.40e+01
-2.21e+02,-7.69e+01,3.10e+01,1.40e+01
-2.18e+02,-5.73e+01,3.20e+01,1.40e+01
-5.00e+02,-5.00e+02,3.40e+01,1.40e+01
-2.19e+02,-6.78e+01,3.10e+01,1.50e+01
-4.54e+02,-2.23e+02,3.20e+01,1.40e+01
-4.34e+02,-1.02e+02,3.10e+01,1.40e+01
-4.58e+02,-3.29e+02,3.20e+01,1.40e+01
-2.26e+02,-8.26e+01,3.30e+01,1.40e+01
-3.88e+02,-8.44e+01,3.00e+01,1.40e+01
-5.00e+02,-5.00e+02,3.10e+01,1.40e+01
-2.42e+02,-1.01e+02,3.10e+01,1.40e+01
-2.27e+02,-7.74e+01,3.10e+01,1.40e+01
-2.53e+02,-1.04e+02,3.00e+01,1.40e+01
-5.00e+02,-5.00e+02,3.20e+01,1.40e+01
-2.19e+02,-6.72e+01,3.10e+01,1.50e+01
-5.00e+02,-5.00e+02,3.00e+01,1.40e+01
-5.00e+02,-5.00e+02,3.00e+01,1.40e+01
-2.28e+02,-6.55e+01,3.10e+01,1.40e+01
-2.23e+02,-7.07e+01,3.00e+01,1.40e+01
-2.17e+02,-7.02e+01,3.10e+01,1.40e+01
-2.47e+02,-8.31e+01,3.00e+01,1.40e+01
-2.63e+02,-1.17e+02,3.30e+01,1.40e+01
-2.16e+02,-5.96e+01,3.10e+01,1.40e+01
-2.27e+02,-7.36e+01,3.20e+01,1.40e+01
-2.19e+02,-6.97e+01,3.10e+01,1.40e+01
-2.24e+02,-7.47e+01,3.10e+01,1.40e+01
-2.20e+02,-7.33e+01,3.00e+01,1.40e+01
-4.99e+02,-4.93e+02,3.40e+01,1.40e+01
-2.20e+02,-6.93e+01,3.10e+01,1.40e+01
-2.39e+02,-1.02e+02,3.30e+01,1.40e+01
-2.22e+02,-7.37e+01,3.00e+01,1.40e+01
-3.00e+02,-7.45e+01,3.10e+01,1.40e+01
-2.20e+02,-7.03e+01,3.10e+01,1.40e+01
-2.19e+02,-7.06e+01,3.10e+01,1.40e+01
-2.21e+02,-6.28e+01,3.30e+01,1.40e+01
-5.00e+02,-5.00e+02,3.40e+01,1.40e+01
-5.00e+02,-5.00e+02,3.40e+01,1.40e+01
-4.32e+02,-9.19e+01,3.10e+01,1.40e+01
-5.00e+02,-5.00e+02,3.30e+01,1.40e+01
-2.18e+02,-6.24e+01,3.30e+01,1.40e+01
-5.00e+02,-5.00e+02,3.00e+01,1.40e+01
-2.24e+02,-6.98e+01,3.10e+01,1.40e+01
-2.17e+02,-5.98e+01,3.20e+01,1.40e+01
-2.23e+02,-6.94e+01,3.10e+01,1.40e+01
-2.19e+02,-6.92e+01,3.00e+01,1.40e+01
-2.19e+02,-6.75e+01,3.10e+01,1.40e+01
-5.00e+02,-5.00e+02,3.30e+01,1.40e+01
-2.18e+02,-6.75e+01,3.10e+01,1.40e+01
-3.01e+02,-8.06e+01,3.10e+01,1.40e+01
-2.18e+02,-6.98e+01,3.10e+01,1.40e+01
-2.17e+02,-5.79e+01,3.20e+01,1.40e+01
-4.99e+02,-4.95e+02,3.20e+01,1.40e+01
-4.72e+02,-3.31e+02,3.20e+01,1.40e+01
-2.18e+02,-6.29e+01,3.40e+01,1.40e+01
-2.60e+02,-8.91e+01,3.30e+01,1.40e+01
-2.19e+02,-7.20e+01,3.20e+01,1.40e+01
-2.19e+02,-7.26e+01,3.10e+01,1.40e+01
-2.25e+02,-7.80e+01,3.00e+01,1.40e+01
-2.17e+02,-6.74e+01,3.10e+01,1.40e+01
-5.00e+02,-5.00e+02,3.00e+01,1.40e+01
-2.17e+02,-6.63e+01,3.10e+01,1.40e+01
-2.19e+02,-6.96e+01,3.40e+01,1.50e+01
-2.23e+02,-7.43e+01,3.40e+01,1.40e+01
-2.18e+02,-6.47e+01,3.10e+01,1.40e+01
-2.22e+02,-7.39e+01,3.10e+01,1.50e+01
-2.22e+02,-7.95e+01,3.10e+01,1.40e+01
-2.18e+02,-6.46e+01,3.00e+01,1.40e+01
-2.16e+02,-5.78e+01,3.10e+01,1.40e+01
-2.95e+02,-8.84e+01,3.00e+01,1.40e+01
-2.98e+02,-7.01e+01,3.00e+01,1.40e+01
-2.18e+02,-6.92e+01,3.00e+01,1.40e+01
-5.00e+02,-4.99e+02,3.10e+01,1.40e+01
-2.19e+02,-6.80e+01,3.10e+01,1.40e+01
-2.22e+02,-7.79e+01,3.10e+01,1.40e+01
-2.90e+02,-7.59e+01,3.00e+01,1.40e+01
-2.23e+02,-6.65e+01,3.10e+01,1.40e+01
-2.23e+02,-6.76e+01,3.20e+01,1.40e+01
-2.25e+02,-7.98e+01,3.10e+01,1.40e+01
-2.33e+02,-7.94e+01,3.00e+01,1.40e+01
-2.17e+02,-5.97e+01,3.40e+01,1.40e+01
-2.34e+02,-8.08e+01,3.30e+01,1.40e+01
-2.24e+02,-6.83e+01,3.40e+01,1.40e+01
-2.17e+02,-6.88e+01,3.10e+01,1.40e+01
-2.23e+02,-7.66e+01,3.40e+01,1.40e+01
-2.57e+02,-9.74e+01,3.00e+01,1.40e+01
-2.35e+02,-8.54e+01,3.10e+01,1.40e+01
-2.19e+02,-6.73e+01,3.40e+01,1.50e+01
-2.26e+02,-7.58e+01,3.20e+01,1.40e+01
-2.19e+02,-5.78e+01,3.20e+01,1.40e+01
-2.21e+02,-6.90e+01,3.10e+01,1.40e+01
-2.17e+02,-7.16e+01,3.10e+01,1.40e+01
-2.18e+02,-6.63e+01,3.10e+01,1.40e+01
-2.18e+02,-7.12e+01,3.20e+01,1.40e+01
-2.18e+02,-6.83e+01,3.00e+01,1.40e+01
-2.31e+02,-5.85e+01,3.40e+01,1.40e+01
-2.21e+02,-6.75e+01,3.20e+01,1.40e+01
-2.91e+02,-7.07e+01,3.10e+01,1.40e+01
-4.54e+02,-2.25e+02,3.00e+01,1.40e+01
-2.31e+02,-7.36e+01,3.10e+01,1.40e+01
-2.32e+02,-8.07e+01,3.00e+01,1.40e+01
-5.00e+02,-5.00e+02,3.00e+01,1.40e+01
-2.27e+02,-7.67e+01,3.10e+01,1.40e+01
-2.19e+02,-5.68e+01,3.20e+01,1.40e+01
-2.37e+02,-8.94e+01,3.30e+01,1.40e+01
