-2.12e+02,-5.93e+01,4.40e+01,1.90e+01
-2.15e+02,-5.52e+01,4.90e+01,1.90e+01
-2.19e+02,-6.81e+01,4.60e+01,2.00e+01
-2.17e+02,-6.21e+01,4.40e+01,1.90e+01
-2.26e+02,-7.65e+01,4.90e+01,1.90e+01
-2.19e+02,-6.69e+01,4.50e+01,1.90e+01
-2.25e+02,-6.17e+01,4.40e+01,1.90e+01
-2.15e+02,-5.96e+01,4.90e+01,1.90e+01
-2.18e+02,-6.97e+01,4.50e+01,1.90e+01
-2.13e+02,-5.27e+01,4.40e+01,1.90e+01
-2.11e+02,-5.52e+01,4.90e+01,1.90e+01
-2.21e+02,-6.36e+01,4.50e+01,1.90e+01
-2.20e+02,-6.90e+01,4.40e+01,1.90e+01
-2.12e+02,-5.57e+01,4.90e+01,1.90e+01
-2.30e+02,-9.10e+01,4.50e+01,2.00e+01
-2.23e+02,-6.19e+01,4.40e+01,1.90e+01
-2.24e+02,-7.17e+01,4.40e+01,1.90e+01
-2.18e+02,-6.23e+01,4.70e+01,2.00e+01
-4.28e+02,-7.07e+01,5.00e+01,1.90e+01
-2.19e+02,-6.09e+01,5.00e+01,1.90e+01
-3.56e+02,-6.48e+01,4.50e+01,1.90e+01
-2.18e+02,-7.36e+01,4.60e+01,2.00e+01
-2.15e+02,-6.29e+01,4.50e+01,1.90e+01
-3.54e+02,-6.75e+01,4.90e+01,1.90e+01
-2.24e+02,-7.24e+01,4.40e+01,1.90e+01
-2.20e+02,-7.37e+01,4.60e+01,2.00e+01
-2.19e+02,-6.52e+01,4.50e+01,1.90e+01
-2.19e+02,-6.08e+01,4.50e+01,1.90e+01
-2.12e+02,-5.98e+01,4.50e+01,1.90e+01
-4.10e+02,-8.14e+01,4.70e+01,2.00e+01
-4.12e+02,-1.68e+02,4.40e+01,1.90e+01
-2.22e+02,-6.28e+01,4.50e+01,1.90e+01
-2.19e+02,-6.38e+01,4.50e+01,1.90e+01
-4.21e+02,-2.23e+02,4.90e+01,1.90e+01
-2.15e+02,-5.81e+01,5.00e+01,1.90e+01
-3.00e+02,-6.75e+01,4.90e+01,1.90e+01
-2.16e+02,-5.93e+01,4.90e+01,1.90e+01
-3.41e+02,-8.25e+01,4.50e+01,1.90e+01
-5.00e+02,-5.00e+02,4.50e+01,1.90e+01
-3.61e+02,-1.24e+02,4.50e+01,2.00e+01
-2.18e+02,-7.17e+01,4.60e+01,1.90e+01
-2.13e+02,-6.10e+01,4.50e+01,1.90e+01
-3.04e+02,-7.32e+01,4.40e+01,1.90e+01
-2.94e+02,-1.15e+02,4.40e+01,1.90e+01
-5.00e+02,-5.00e+02,4.60e+01,2.00e+01
-2.15e+02,-6.18e+01,4.50e+01,1.90e+01
-4.45e+02,-1.74e+02,4.50e+01,2.00e+01
-2.35e+02,-1.33e+02,4.50e+01,1.90e+01
-2.12e+02,-5.93e+01,4.40e+01,1.90e+01
-2.24e+02,-7.83e+01,4.90e+01,1.90e+01
-2.32e+02,-8.27e+01,4.50e+01,1.90e+01
-2.14e+02,-5.90e+01,5.00e+01,1.90e+01
-2.18e+02,-6.12e+01,5.00e+01,1.90e+01
-2.18e+02,-6.57e+01,4.70e+01,2.00e+01
-2.27e+02,-8.76e+01,4.40e+01,1.90e+01
-2.14e+02,-5.05e+01,4.90e+01,1.90e+01
-2.22e+02,-6.20e+01,5.00e+01,1.90e+01
-2.22e+02,-7.12e+01,4.40e+01,1.90e+01
-5.00e+02,-5.00e+02,4.60e+01,2.00e+01
-2.96e+02,-7.91e+01,4.90e+01,1.90e+01
-4.98e+02,-4.92e+02,4.50e+01,1.90e+01
-2.40e+02,-1.30e+02,4.50e+01,1.90e+01
-2.16e+02,-6.37e+01,4.60e+01,2.00e+01
-2.16e+02,-5.66e+01,5.00e+01,1.90e+01
-2.15e+02,-5.67e+01,5.00e+01,2.00e+01
-2.21e+02,-7.98e+01,4.90e+01,1.90e+01
-2.21e+02,-6.05e+01,4.70e+01,2.00e+01
-5.00e+02,-5.00e+02,4.90e+01,1.90e+01
-4.67e+02,-4.20e+02,4.50e+01,1.90e+01
-2.18e+02,-7.11e+01,4.50e+01,1.90e+01
-2.10e+02,-5.82e+01,4.40e+01,1.90e+01
-2.16e+02,-6.40e+01,4.50e+01,1.90e+01
-2.13e+02,-5.82e+01,4.40e+01,1.90e+01
-2.19e+02,-6.98e+01,4.60e+01,1.90e+01
-2.14e+02,-6.39e+01,4.40e+01,1.90e+01
-2.22e+02,-5.93e+01,4.50e+01,1.90e+01
-2.21e+02,-6.58e+01,4.70e+01,2.00e+01
-5.00e+02,-5.00e+02,4.40e+01,1.90e+01
-5.00e+02,-5.00e+02,5.00e+01,1.90e+01
-3.45e+02,-9.81e+01,5.00e+01,1.90e+01
-2.12e+02,-5.85e+01,4.60e+01,1.90e+01
-2.26e+02,-6.89e+01,4.40e+01,1.90e+01
-2.19e+02,-6.13e+01,4.50e+01,1.90e+01
-3.51e+02,-1.09e+02,5.00e+01,1.90e+01
-2.16e+02,-6.14e+01,5.00e+01,1.90e+01
-2.11e+02,-5.78e+01,4.50e+01,1.90e+01
-2.19e+02,-7.25e+01,4.70e+01,2.10e+01
-2.28e+02,-6.74e+01,4.40e+01,1.90e+01
-2.24e+02,-6.92e+01,4.50e+01,1.90e+01
-2.15e+02,-5.23e+01,4.90e+01,1.90e+01
-2.17e+02,-6.28e+01,4.50e+01,2.00e+01
-2.14e+02,-5.01e+01,4.40e+01,1.90e+01
-4.58e+02,-2.46e+02,4.40e+01,1.90e+01
-2.18e+02,-7.39e+01,4.40e+01,1.90e+01
-2.33e+02,-6.98e+01,4.50e+01,1.90e+01
-3.10e+02,-1.11e+02,4.40e+01,1.90e+01
-2.17e+02,-6.19e+01,5.00e+01,2.00e+01
-2.16e+02,-7.11e+01,4.70e+01,2.00e+01
-4.63e+02,-3.74e+02,4.70e+01,2.00e+01
-2.37e+02,-6.97e+01,5.00e+01,1.90e+01
-3.08e+02,-9.52e+01,4.90e+01,1.90e+01
-2.12e+02,-5.37e+01,4.90e+01,1.90e+01
-2.23e+02,-7.84e+01,4.90e+01,1.90e+01
-5.00e+02,-5.00e+02,5.00e+01,1.90e+01
-2.19e+02,-6.62e+01,4.50e+01,1.90e+01
-2.15e+02,-6.67e+01,4.40e+01,1.90e+01
-2.43e+02,-6.74e+01,4.90e+01,1.90e+01
-2.15e+02,-6.13e+01,4.50e+01,1.90e+01
-2.22e+02,-7.68e+01,4.40e+01,1.90e+01
-2.25e+02,-7.54e+01,4.40e+01,1.90e+01
-2.14e+02,-5.99e+01,4.70e+01,2.00e+01
-2.15e+02,-6.58e+01,4.40e+01,1.90e+01
-5.00e+02,-5.00e+02,5.00e+01,1.90e+01
-2.15e+02,-5.80e+01,4.90e+01,1.90e+01
-2.11e+02,-5.65e+01,4.40e+01,1.90e+01
-2.18e+02,-6.85e+01,4.50e+01,1.90e+01
-2.26e+02,-6.95e+01,4.50e+01,1.90e+01
-2.16e+02,-6.90e+01,4.50e+01,1.90e+01
-2.13e+02,-5.58e+01,4.40e+01,1.90e+01
-2.18e+02,-6.12e+01,5.00e+01,1.90e+01
-2.52e+02,-7.91e+01,4.90e+01,1.90e+01
-2.18e+02,-6.60e+01,4.50e+01,1.90e+01
-2.16e+02,-6.95e+01,4.40e+01,1.90e+01
-2.18e+02,-6.04e+01,4.70e+01,2.00e+01
-2.20e+02,-6.31e+01,4.90e+01,1.90e+01
-2.17e+02,-5.50e+01,5.00e+01,1.90e+01
-3.07e+02,-8.40e+01,4.50e+01,2.00e+01
-2.14e+02,-6.18e+01,4.90e+01,1.90e+01
-2.16e+02,-6.62e+01,4.40e+01,1.90e+01
-2.22e+02,-6.87e+01,4.90e+01,1.90e+01
-3.10e+02,-1.05e+02,5.00e+01,2.00e+01
-2.14e+02,-6.37e+01,4.90e+01,1.90e+01
-2.16e+02,-6.00e+01,4.60e+01,2.00e+01
-2.16e+02,-5.55e+01,5.10e+01,2.00e+01
-2.18e+02,-6.40e+01,4.90e+01,1.90e+01
-2.19e+02,-6.31e+01,5.00e+01,1.90e+01
-2.14e+02,-6.12e+01,4.70e+01,2.00e+01
-2.18e+02,-6.62e+01,4.90e+01,1.90e+01
-2.15e+02,-5.82e+01,5.00e+01,1.90e+01
-2.99e+02,-9.47e+01,4.40e+01,1.90e+01
-4.12e+02,-2.18e+02,4.40e+01,1.90e+01
-2.15e+02,-5.66e+01,4.50e+01,1.90e+01
-3.05e+02,-8.01e+01,5.00e+01,1.90e+01
-4.54e+02,-3.30e+02,5.00e+01,1.90e+01
-2.18e+02,-7.04e+01,5.00e+01,1.90e+01
-2.11e+02,-5.84e+01,4.90e+01,1.90e+01
-2.23e+02,-7.26e+01,4.50e+01,1.90e+01
-2.19e+02,-6.82e+01,4.50e+01,1.90e+01
-2.16e+02,-6.52e+01,4.50e+01,1.90e+01
-5.00e+02,-5.00e+02,4.90e+01,1.90e+01
-5.00e+02,-5.00e+02,4.60e+01,1.90e+01
-2.33e+02,-5.99e+01,5.00e+01,1.90e+01
-2.45e+02,-9.48e+01,4.60e+01,2.00e+01
-2.22e+02,-6.97e+01,4.50e+01,1.90e+01
-5.00e+02,-5.00e+02,4.60e+01,2.00e+01
-2.17e+02,-7.03e+01,4.40e+01,1.90e+01
-5.00e+02,-5.00e+02,4.50e+01,1.90e+01
-3.02e+02,-9.23e+01,4.90e+01,1.90e+01
-2.16e+02,-5.26e+01,5.00e+01,1.90e+01
-2.19e+02,-6.65e+01,4.40e+01,1.90e+01
-2.15e+02,-6.16e+01,4.50e+01,1.90e+01
-2.21e+02,-7.31e+01,4.90e+01,1.90e+01
-5.00e+02,-5.00e+02,4.70e+01,2.00e+01
-2.22e+02,-6.81e+01,4.50e+01,1.90e+01
-5.00e+02,-5.00e+02,4.60e+01,2.00e+01
-3.75e+02,-1.07e+02,5.00e+01,2.00e+01
-2.24e+02,-6.92e+01,4.90e+01,1.90e+01
-2.13e+02,-5.67e+01,5.00e+01,2.00e+01
-2.14e+02,-6.56e+01,4.50e+01,1.90e+01
-2.29e+02,-6.83e+01,5.00e+01,2.00e+01
-5.00e+02,-5.00e+02,4.60e+01,2.00e+01
-3.60e+02,-6.78e+01,5.00e+01,1.90e+01
-2.19e+02,-5.76e+01,4.90e+01,1.90e+01
-3.92e+02,-1.22e+02,4.90e+01,1.90e+01
-2.21e+02,-6.50e+01,4.50e+01,1.90e+01
-4.98e+02,-4.87e+02,4.70e+01,2.00e+01
-2.16e+02,-6.29e+01,4.90e+01,1.90e+01
-2.24e+02,-6.54e+01,4.50e+01,1.90e+01
-5.00e+02,-5.00e+02,4.40e+01,1.90e+01
-2.12e+02,-5.52e+01,4.90e+01,1.90e+01
-2.20e+02,-6.64e+01,4.40e+01,1.90e+01
-2.88e+02,-6.64e+01,4.90e+01,1.90e+01
-5.00e+02,-5.00e+02,4.40e+01,1.90e+01
-2.21e+02,-6.21e+01,4.90e+01,1.90e+01
-5.00e+02,-5.00e+02,4.50e+01,1.90e+01
-3.04e+02,-8.82e+01,4.50e+01,1.90e+01
-4.99e+02,-4.93e+02,4.50e+01,1.90e+01
-4.80e+02,-4.14e+02,4.50e+01,1.90e+01
-2.16e+02,-5.63e+01,4.60e+01,1.90e+01
-2.09e+02,-5.40e+01,5.00e+01,1.90e+01
-2.14e+02,-6.29e+01,4.50e+01,1.90e+01
-2.24e+02,-6.17e+01,4.50e+01,1.90e+01
