-1.88e+02,-1.01e+02,5.70e+01,3.20e+01
-2.59e+02,-7.76e+01,5.30e+01,3.10e+01
-1.91e+02,-1.07e+02,5.50e+01,3.10e+01
-2.50e+02,-9.13e+01,5.40e+01,3.30e+01
-2.58e+02,-7.56e+01,5.20e+01,3.10e+01
-2.46e+02,-8.38e+01,5.30e+01,3.30e+01
-1.87e+02,-9.09e+01,5.50e+01,3.10e+01
-2.57e+02,-7.24e+01,5.10e+01,3.00e+01
-2.42e+02,-9.26e+01,5.40e+01,3.30e+01
-2.57e+02,-6.69e+01,4.90e+01,2.90e+01
-1.84e+02,-1.02e+02,6.80e+01,3.60e+01
-2.36e+02,-6.55e+01,5.20e+01,3.20e+01
-2.50e+02,-7.03e+01,5.10e+01,3.00e+01
-2.55e+02,-6.14e+01,4.90e+01,2.90e+01
-2.67e+02,-7.16e+01,4.90e+01,2.90e+01
-1.86e+02,-9.98e+01,5.60e+01,3.10e+01
-2.40e+02,-8.32e+01,5.30e+01,3.30e+01
-1.91e+02,-1.06e+02,5.70e+01,3.20e+01
-2.56e+02,-8.34e+01,4.90e+01,2.90e+01
-2.62e+02,-7.18e+01,5.40e+01,3.20e+01
-2.43e+02,-5.95e+01,5.30e+01,3.10e+01
-2.58e+02,-8.64e+01,5.80e+01,3.30e+01
-2.59e+02,-7.46e+01,5.50e+01,3.20e+01
-2.38e+02,-8.35e+01,5.60e+01,3.40e+01
-2.52e+02,-6.97e+01,4.90e+01,2.90e+01
-1.88e+02,-9.08e+01,5.60e+01,3.10e+01
-1.93e+02,-1.03e+02,5.70e+01,3.20e+01
-2.38e+02,-7.93e+01,5.40e+01,3.30e+01
-2.73e+02,-6.95e+01,5.50e+01,3.30e+01
-1.85e+02,-8.97e+01,5.50e+01,3.10e+01
-2.42e+02,-9.59e+01,5.40e+01,3.30e+01
-2.42e+02,-8.01e+01,5.40e+01,3.30e+01
-2.41e+02,-8.03e+01,5.50e+01,3.40e+01
-1.85e+02,-9.55e+01,5.50e+01,3.10e+01
-2.49e+02,-8.10e+01,5.30e+01,3.10e+01
-2.70e+02,-1.00e+02,5.10e+01,3.00e+01
-2.60e+02,-8.04e+01,5.10e+01,3.00e+01
-2.54e+02,-8.20e+01,5.40e+01,3.20e+01
-2.43e+02,-7.45e+01,5.40e+01,3.30e+01
-1.96e+02,-1.05e+02,5.60e+01,3.10e+01
-2.06e+02,-1.00e+02,5.70e+01,3.20e+01
-1.92e+02,-1.01e+02,5.70e+01,3.20e+01
-2.50e+02,-7.67e+01,5.40e+01,3.20e+01
-3.20e+02,-9.08e+01,5.20e+01,3.00e+01
-3.04e+02,-9.82e+01,5.60e+01,3.20e+01
-3.21e+02,-1.06e+02,6.80e+01,3.60e+01
-3.16e+02,-1.27e+02,5.50e+01,3.30e+01
-1.81e+02,-8.65e+01,6.80e+01,3.60e+01
-2.55e+02,-5.60e+01,5.30e+01,3.10e+01
-2.67e+02,-7.27e+01,5.30e+01,3.10e+01
-1.91e+02,-1.03e+02,5.90e+01,3.30e+01
-3.44e+02,-1.08e+02,5.80e+01,3.20e+01
-1.78e+02,-9.45e+01,5.60e+01,3.10e+01
-3.16e+02,-1.08e+02,5.60e+01,3.20e+01
-2.39e+02,-8.08e+01,5.30e+01,3.20e+01
-3.27e+02,-8.04e+01,5.40e+01,3.30e+01
-2.54e+02,-8.15e+01,5.50e+01,3.40e+01
-2.70e+02,-6.33e+01,5.10e+01,3.00e+01
-2.60e+02,-7.13e+01,4.90e+01,2.90e+01
-1.82e+02,-8.76e+01,5.70e+01,3.20e+01
-1.91e+02,-1.18e+02,5.80e+01,3.20e+01
-1.93e+02,-8.98e+01,6.90e+01,3.60e+01
-2.60e+02,-9.52e+01,5.50e+01,3.40e+01
-2.61e+02,-6.61e+01,5.30e+01,3.10e+01
-1.91e+02,-9.17e+01,5.80e+01,3.20e+01
-1.96e+02,-1.03e+02,5.70e+01,3.20e+01
-2.00e+02,-9.77e+01,5.70e+01,3.20e+01
-1.90e+02,-8.55e+01,5.70e+01,3.10e+01
-1.80e+02,-8.59e+01,5.70e+01,3.20e+01
-3.70e+02,-1.08e+02,5.50e+01,3.40e+01
-4.42e+02,-1.55e+02,5.30e+01,3.20e+01
-2.87e+02,-1.12e+02,5.80e+01,3.20e+01
-2.44e+02,-7.93e+01,5.50e+01,3.30e+01
-1.82e+02,-9.52e+01,6.70e+01,3.50e+01
-3.83e+02,-1.07e+02,5.30e+01,3.10e+01
-2.40e+02,-9.06e+01,5.40e+01,3.30e+01
-2.66e+02,-6.97e+01,5.20e+01,3.00e+01
-3.04e+02,-7.62e+01,5.40e+01,3.40e+01
-3.71e+02,-8.90e+01,5.40e+01,3.40e+01
-2.53e+02,-9.83e+01,5.40e+01,3.30e+01
-2.56e+02,-8.00e+01,5.20e+01,3.20e+01
-3.38e+02,-1.24e+02,5.40e+01,3.10e+01
-2.44e+02,-9.70e+01,5.80e+01,3.20e+01
-1.92e+02,-9.90e+01,5.70e+01,3.20e+01
-2.49e+02,-1.29e+02,5.80e+01,3.20e+01
-2.59e+02,-6.67e+01,5.30e+01,3.10e+01
-1.94e+02,-1.05e+02,5.80e+01,3.30e+01
-2.55e+02,-7.47e+01,5.40e+01,3.20e+01
-1.87e+02,-9.57e+01,5.60e+01,3.20e+01
-2.80e+02,-7.36e+01,5.30e+01,3.10e+01
-2.53e+02,-8.22e+01,5.40e+01,3.30e+01
-1.85e+02,-8.29e+01,5.60e+01,3.10e+01
-4.40e+02,-1.41e+02,5.30e+01,3.20e+01
-2.57e+02,-6.92e+01,4.90e+01,2.90e+01
-4.26e+02,-1.83e+02,5.00e+01,2.90e+01
-2.07e+02,-1.12e+02,5.70e+01,3.20e+01
-2.38e+02,-7.44e+01,5.60e+01,3.40e+01
-2.41e+02,-8.36e+01,5.50e+01,3.40e+01
-3.80e+02,-1.11e+02,5.50e+01,3.10e+01
-1.87e+02,-9.20e+01,5.60e+01,3.20e+01
-3.09e+02,-6.85e+01,5.10e+01,3.00e+01
-1.95e+02,-1.04e+02,5.60e+01,3.10e+01
-5.00e+02,-5.00e+02,5.20e+01,3.20e+01
-1.87e+02,-9.83e+01,5.70e+01,3.20e+01
-2.46e+02,-7.10e+01,5.30e+01,3.10e+01
-1.83e+02,-8.43e+01,6.70e+01,3.50e+01
-2.42e+02,-9.11e+01,5.30e+01,3.30e+01
-3.75e+02,-1.08e+02,5.00e+01,2.90e+01
-2.70e+02,-6.30e+01,5.30e+01,3.10e+01
-3.05e+02,-6.10e+01,5.00e+01,2.90e+01
-2.46e+02,-7.34e+01,5.50e+01,3.40e+01
-2.46e+02,-8.86e+01,5.40e+01,3.40e+01
-2.53e+02,-7.00e+01,5.50e+01,3.20e+01
-3.17e+02,-1.22e+02,5.50e+01,3.10e+01
-1.96e+02,-1.03e+02,5.70e+01,3.20e+01
-3.79e+02,-1.09e+02,5.40e+01,3.10e+01
-2.48e+02,-8.01e+01,5.40e+01,3.30e+01
-2.02e+02,-1.04e+02,5.70e+01,3.20e+01
-5.00e+02,-5.00e+02,5.40e+01,3.30e+01
-2.41e+02,-9.64e+01,5.60e+01,3.10e+01
-2.53e+02,-7.65e+01,5.00e+01,2.90e+01
-1.81e+02,-9.28e+01,5.50e+01,3.10e+01
-2.49e+02,-8.09e+01,5.40e+01,3.30e+01
-2.52e+02,-5.77e+01,5.40e+01,3.10e+01
-2.51e+02,-8.03e+01,5.00e+01,3.00e+01
-1.96e+02,-1.08e+02,5.60e+01,3.20e+01
-1.87e+02,-1.02e+02,5.50e+01,3.10e+01
-1.82e+02,-9.91e+01,5.60e+01,3.10e+01
-2.45e+02,-9.93e+01,5.60e+01,3.20e+01
-2.41e+02,-9.05e+01,5.50e+01,3.40e+01
-5.00e+02,-5.00e+02,5.50e+01,3.40e+01
-2.48e+02,-7.88e+01,5.10e+01,3.00e+01
-2.41e+02,-6.18e+01,5.40e+01,3.20e+01
-2.51e+02,-1.19e+02,5.80e+01,3.20e+01
-4.53e+02,-2.17e+02,5.20e+01,3.00e+01
-2.58e+02,-8.89e+01,4.90e+01,2.90e+01
-3.15e+02,-8.80e+01,5.60e+01,3.10e+01
-2.62e+02,-7.41e+01,5.40e+01,3.20e+01
-2.11e+02,-9.58e+01,5.60e+01,3.10e+01
-2.53e+02,-5.82e+01,4.90e+01,2.90e+01
-2.49e+02,-9.50e+01,5.40e+01,3.30e+01
-2.54e+02,-7.72e+01,5.00e+01,2.90e+01
-3.05e+02,-9.00e+01,5.50e+01,3.40e+01
-1.79e+02,-9.42e+01,5.50e+01,3.10e+01
-1.82e+02,-8.82e+01,5.70e+01,3.20e+01
-2.55e+02,-8.55e+01,5.00e+01,3.00e+01
-2.41e+02,-6.98e+01,5.40e+01,3.30e+01
-2.65e+02,-1.16e+02,5.80e+01,3.20e+01
-1.98e+02,-1.06e+02,6.90e+01,3.60e+01
-1.88e+02,-1.12e+02,5.50e+01,3.10e+01
-2.62e+02,-8.16e+01,5.40e+01,3.20e+01
-2.05e+02,-1.04e+02,5.70e+01,3.20e+01
-2.52e+02,-6.22e+01,5.20e+01,3.10e+01
-3.18e+02,-1.21e+02,5.50e+01,3.10e+01
-1.99e+02,-1.08e+02,5.60e+01,3.10e+01
-2.48e+02,-7.53e+01,5.10e+01,3.00e+01
-2.50e+02,-6.12e+01,5.00e+01,3.00e+01
-2.62e+02,-6.48e+01,5.30e+01,3.10e+01
-1.85e+02,-9.14e+01,5.90e+01,3.30e+01
-3.07e+02,-7.77e+01,4.90e+01,2.90e+01
-2.60e+02,-7.04e+01,5.10e+01,3.00e+01
-2.78e+02,-8.75e+01,5.40e+01,3.20e+01
-2.47e+02,-9.28e+01,5.50e+01,3.40e+01
-2.40e+02,-6.83e+01,5.20e+01,3.20e+01
-2.64e+02,-6.70e+01,5.10e+01,3.00e+01
-1.85e+02,-9.42e+01,5.60e+01,3.10e+01
-1.88e+02,-9.92e+01,5.60e+01,3.10e+01
-2.52e+02,-6.00e+01,5.30e+01,3.10e+01
-3.91e+02,-1.13e+02,5.40e+01,3.20e+01
-1.83e+02,-9.52e+01,5.50e+01,3.10e+01
-2.42e+02,-7.01e+01,5.20e+01,3.10e+01
-1.81e+02,-8.53e+01,5.60e+01,3.10e+01
-2.52e+02,-7.69e+01,5.30e+01,3.30e+01
-1.85e+02,-8.70e+01,5.80e+01,3.20e+01
-2.48e+02,-8.89e+01,5.40e+01,3.30e+01
-2.90e+02,-9.47e+01,5.20e+01,3.00e+01
-2.50e+02,-7.21e+01,5.30e+01,3.10e+01
-2.51e+02,-8.20e+01,5.30e+01,3.10e+01
-2.47e+02,-6.78e+01,5.50e+01,3.20e+01
-1.94e+02,-9.01e+01,5.50e+01,3.10e+01
-2.54e+02,-7.15e+01,4.90e+01,2.90e+01
-3.09e+02,-7.78e+01,5.30e+01,3.30e+01
-2.57e+02,-6.67e+01,5.20e+01,3.10e+01
-2.67e+02,-1.37e+02,5.50e+01,3.40e+01
-2.45e+02,-7.48e+01,5.30e+01,3.20e+01
-2.46e+02,-7.58e+01,5.50e+01,3.30e+01
-2.48e+02,-1.11e+02,5.60e+01,3.10e+01
-2.56e+02,-8.63e+01,5.40e+01,3.10e+01
-2.60e+02,-6.95e+01,5.40e+01,3.20e+01
-3.22e+02,-1.08e+02,5.50e+01,3.10e+01
-2.34e+02,-8.23e+01,5.70e+01,3.20e+01
-3.15e+02,-8.62e+01,5.30e+01,3.10e+01
