-1.80e+02,-7.99e+01,1.07e+02,4.90e+01
-2.45e+02,-8.19e+01,9.20e+01,4.70e+01
-1.79e+02,-8.69e+01,1.05e+02,4.70e+01
-1.77e+02,-8.20e+01,1.18e+02,5.40e+01
-2.54e+02,-8.02e+01,9.20e+01,4.70e+01
-1.80e+02,-9.73e+01,1.05e+02,4.80e+01
-1.94e+02,-8.63e+01,1.11e+02,4.90e+01
-1.82e+02,-1.06e+02,1.06e+02,4.80e+01
-2.48e+02,-7.21e+01,9.20e+01,4.70e+01
-1.86e+02,-9.34e+01,1.05e+02,4.80e+01
-2.53e+02,-1.08e+02,9.40e+01,4.80e+01
-2.38e+02,-7.85e+01,9.30e+01,4.70e+01
-1.85e+02,-9.37e+01,1.06e+02,4.80e+01
-2.58e+02,-5.86e+01,9.20e+01,4.70e+01
-2.67e+02,-7.84e+01,9.60e+01,4.90e+01
-1.88e+02,-1.09e+02,1.05e+02,4.80e+01
-2.47e+02,-7.57e+01,9.40e+01,4.80e+01
-1.86e+02,-9.31e+01,1.17e+02,5.40e+01
-2.55e+02,-6.92e+01,9.20e+01,4.70e+01
-3.15e+02,-1.03e+02,1.06e+02,4.70e+01
-1.87e+02,-8.92e+01,1.07e+02,4.90e+01
-2.02e+02,-1.17e+02,1.07e+02,4.80e+01
-2.45e+02,-6.25e+01,9.40e+01,4.80e+01
-1.93e+02,-9.66e+01,1.17e+02,5.40e+01
-2.52e+02,-7.09e+01,9.20e+01,4.70e+01
-2.62e+02,-7.41e+01,9.20e+01,4.70e+01
-1.82e+02,-8.32e+01,1.06e+02,4.80e+01
-1.83e+02,-9.65e+01,1.06e+02,4.80e+01
-1.78e+02,-8.03e+01,1.07e+02,4.90e+01
-2.33e+02,-9.83e+01,1.06e+02,4.80e+01
-1.77e+02,-9.27e+01,1.07e+02,4.90e+01
-2.54e+02,-6.50e+01,9.20e+01,4.70e+01
-2.48e+02,-7.30e+01,9.40e+01,4.70e+01
-1.78e+02,-8.07e+01,1.05e+02,4.80e+01
-2.54e+02,-1.24e+02,9.50e+01,4.90e+01
-2.50e+02,-6.05e+01,9.30e+01,4.80e+01
-1.88e+02,-8.71e+01,1.05e+02,4.70e+01
-1.74e+02,-8.32e+01,1.07e+02,4.90e+01
-1.80e+02,-8.68e+01,1.09e+02,5.00e+01
-1.90e+02,-1.13e+02,1.05e+02,4.70e+01
-2.46e+02,-6.66e+01,9.30e+01,4.80e+01
-4.43e+02,-1.62e+02,9.40e+01,4.70e+01
-1.92e+02,-8.29e+01,1.05e+02,4.70e+01
-1.80e+02,-9.18e+01,1.20e+02,5.50e+01
-1.74e+02,-7.25e+01,1.06e+02,4.90e+01
-1.96e+02,-9.34e+01,1.11e+02,4.90e+01
-2.48e+02,-7.32e+01,9.20e+01,4.70e+01
-1.79e+02,-8.14e+01,1.07e+02,4.90e+01
-1.77e+02,-8.71e+01,1.11e+02,4.90e+01
-1.71e+02,-8.19e+01,1.05e+02,4.80e+01
-1.76e+02,-7.91e+01,1.13e+02,5.00e+01
-2.58e+02,-6.91e+01,9.20e+01,4.70e+01
-1.83e+02,-8.14e+01,1.05e+02,4.80e+01
-3.01e+02,-1.08e+02,9.30e+01,4.70e+01
-2.44e+02,-6.48e+01,9.60e+01,4.90e+01
-2.47e+02,-6.80e+01,9.30e+01,4.80e+01
-2.49e+02,-7.81e+01,9.20e+01,4.70e+01
-2.48e+02,-8.75e+01,1.06e+02,4.80e+01
-1.98e+02,-1.07e+02,1.05e+02,4.70e+01
-1.91e+02,-1.00e+02,1.07e+02,4.80e+01
-2.72e+02,-9.42e+01,1.08e+02,4.90e+01
-1.83e+02,-8.48e+01,1.09e+02,5.00e+01
-1.83e+02,-9.17e+01,1.18e+02,5.40e+01
-1.83e+02,-9.86e+01,1.06e+02,4.80e+01
-1.74e+02,-7.73e+01,1.08e+02,4.90e+01
-1.81e+02,-8.98e+01,1.06e+02,4.80e+01
-3.74e+02,-7.99e+01,9.20e+01,4.70e+01
-3.08e+02,-1.06e+02,9.30e+01,4.70e+01
-2.76e+02,-1.05e+02,1.08e+02,4.90e+01
-3.83e+02,-1.19e+02,1.06e+02,4.90e+01
-1.78e+02,-8.37e+01,1.06e+02,4.80e+01
-1.76e+02,-8.49e+01,1.05e+02,4.80e+01
-1.81e+02,-9.08e+01,1.05e+02,4.80e+01
-2.58e+02,-6.99e+01,9.30e+01,4.70e+01
-1.96e+02,-1.12e+02,1.11e+02,4.90e+01
-2.51e+02,-7.98e+01,9.20e+01,4.70e+01
-1.75e+02,-7.99e+01,1.09e+02,5.00e+01
-2.01e+02,-8.90e+01,1.19e+02,5.40e+01
-2.57e+02,-7.01e+01,9.40e+01,4.80e+01
-1.76e+02,-8.80e+01,1.07e+02,4.90e+01
-2.56e+02,-9.00e+01,9.20e+01,4.70e+01
-1.83e+02,-7.93e+01,1.18e+02,5.40e+01
-2.62e+02,-8.74e+01,9.80e+01,5.00e+01
-1.75e+02,-8.57e+01,1.08e+02,4.90e+01
-1.86e+02,-9.33e+01,1.06e+02,4.90e+01
-2.48e+02,-6.78e+01,9.60e+01,4.90e+01
-1.85e+02,-8.76e+01,1.17e+02,5.40e+01
-2.79e+02,-6.84e+01,9.30e+01,4.70e+01
-1.87e+02,-8.98e+01,1.11e+02,4.90e+01
-2.51e+02,-7.99e+01,9.60e+01,4.90e+01
-1.82e+02,-8.80e+01,1.13e+02,5.00e+01
-1.87e+02,-9.43e+01,1.06e+02,4.70e+01
-1.91e+02,-1.02e+02,1.06e+02,4.70e+01
-1.75e+02,-8.57e+01,1.08e+02,5.00e+01
-2.49e+02,-6.84e+01,9.20e+01,4.70e+01
-2.44e+02,-1.04e+02,1.07e+02,4.80e+01
-2.57e+02,-9.07e+01,9.30e+01,4.70e+01
-2.52e+02,-6.85e+01,9.40e+01,4.80e+01
-2.53e+02,-7.10e+01,9.20e+01,4.70e+01
-3.50e+02,-1.44e+02,9.30e+01,4.70e+01
-2.50e+02,-6.65e+01,9.30e+01,4.70e+01
-2.57e+02,-9.10e+01,1.08e+02,4.90e+01
-1.95e+02,-8.77e+01,1.18e+02,5.40e+01
-2.42e+02,-5.87e+01,9.20e+01,4.70e+01
-1.88e+02,-7.26e+01,1.11e+02,4.90e+01
-1.82e+02,-7.49e+01,1.08e+02,4.90e+01
-1.76e+02,-8.38e+01,1.18e+02,5.40e+01
-1.68e+02,-8.13e+01,1.11e+02,4.90e+01
-2.59e+02,-8.07e+01,9.40e+01,4.80e+01
-2.43e+02,-6.97e+01,9.40e+01,4.80e+01
-1.79e+02,-8.73e+01,1.11e+02,4.90e+01
-1.81e+02,-8.29e+01,1.13e+02,5.00e+01
-2.74e+02,-9.03e+01,9.20e+01,4.70e+01
-2.46e+02,-7.51e+01,9.60e+01,4.90e+01
-1.77e+02,-1.04e+02,1.18e+02,5.40e+01
-1.78e+02,-9.79e+01,1.12e+02,4.90e+01
-1.83e+02,-8.40e+01,1.07e+02,4.80e+01
-1.91e+02,-7.12e+01,1.10e+02,4.90e+01
-1.79e+02,-8.61e+01,1.06e+02,4.80e+01
-1.77e+02,-8.76e+01,1.05e+02,4.80e+01
-1.85e+02,-1.06e+02,1.18e+02,5.40e+01
-1.90e+02,-1.02e+02,1.06e+02,4.80e+01
-1.88e+02,-8.81e+01,1.09e+02,5.00e+01
-1.79e+02,-8.73e+01,1.18e+02,5.40e+01
-3.16e+02,-1.05e+02,1.06e+02,4.80e+01
-2.46e+02,-6.59e+01,9.20e+01,4.70e+01
-1.86e+02,-9.42e+01,1.06e+02,4.80e+01
-2.56e+02,-7.55e+01,9.20e+01,4.70e+01
-2.59e+02,-1.20e+02,1.12e+02,5.00e+01
-1.86e+02,-9.39e+01,1.18e+02,5.40e+01
-1.84e+02,-9.98e+01,1.07e+02,4.90e+01
-1.86e+02,-8.51e+01,1.19e+02,5.40e+01
-1.74e+02,-8.09e+01,1.06e+02,4.80e+01
-2.53e+02,-6.97e+01,9.40e+01,4.80e+01
-1.84e+02,-1.02e+02,1.18e+02,5.40e+01
-2.49e+02,-6.13e+01,9.20e+01,4.70e+01
-1.78e+02,-9.12e+01,1.09e+02,5.00e+01
-1.77e+02,-8.66e+01,1.19e+02,5.50e+01
-1.85e+02,-8.87e+01,1.18e+02,5.40e+01
-2.47e+02,-7.52e+01,9.40e+01,4.80e+01
-2.48e+02,-9.34e+01,1.06e+02,4.80e+01
-1.82e+02,-9.83e+01,1.18e+02,5.40e+01
-1.78e+02,-7.98e+01,1.07e+02,4.90e+01
-2.44e+02,-6.68e+01,9.20e+01,4.70e+01
-1.81e+02,-9.32e+01,1.05e+02,4.70e+01
-1.85e+02,-9.17e+01,1.07e+02,4.90e+01
-1.89e+02,-1.01e+02,1.08e+02,4.90e+01
-1.78e+02,-9.13e+01,1.08e+02,5.00e+01
-1.76e+02,-7.85e+01,1.12e+02,5.00e+01
-2.46e+02,-6.72e+01,9.40e+01,4.80e+01
-1.80e+02,-8.49e+01,1.12e+02,4.90e+01
-1.89e+02,-1.07e+02,1.05e+02,4.70e+01
-2.53e+02,-7.71e+01,9.20e+01,4.70e+01
-1.73e+02,-9.17e+01,1.05e+02,4.80e+01
-2.67e+02,-8.20e+01,9.20e+01,4.70e+01
-1.77e+02,-8.77e+01,1.05e+02,4.80e+01
-2.46e+02,-6.08e+01,9.50e+01,4.80e+01
-1.84e+02,-8.37e+01,1.20e+02,5.50e+01
-2.55e+02,-8.37e+01,9.30e+01,4.70e+01
-1.80e+02,-7.83e+01,1.09e+02,5.00e+01
-2.56e+02,-6.50e+01,9.30e+01,4.70e+01
-1.92e+02,-7.20e+01,1.06e+02,4.80e+01
-2.66e+02,-1.32e+02,1.12e+02,4.90e+01
-2.47e+02,-8.93e+01,9.20e+01,4.70e+01
-2.45e+02,-7.60e+01,9.30e+01,4.70e+01
-1.73e+02,-7.25e+01,1.13e+02,5.00e+01
-2.33e+02,-9.44e+01,1.07e+02,4.90e+01
-2.56e+02,-9.95e+01,1.06e+02,4.70e+01
-1.75e+02,-7.88e+01,1.08e+02,4.90e+01
-2.42e+02,-6.89e+01,9.50e+01,4.80e+01
-1.79e+02,-1.03e+02,1.10e+02,4.90e+01
-1.83e+02,-8.78e+01,1.18e+02,5.40e+01
-1.91e+02,-1.03e+02,1.06e+02,4.80e+01
-3.74e+02,-1.02e+02,9.50e+01,4.80e+01
-1.86e+02,-9.59e+01,1.12e+02,4.90e+01
-1.88e+02,-1.22e+02,1.06e+02,4.90e+01
-2.56e+02,-7.76e+01,9.70e+01,4.90e+01
-2.43e+02,-6.71e+01,9.20e+01,4.70e+01
-2.02e+02,-8.98e+01,1.09e+02,5.00e+01
-3.18e+02,-1.12e+02,9.30e+01,4.70e+01
-1.72e+02,-8.62e+01,1.08e+02,4.90e+01
-3.80e+02,-1.19e+02,9.30e+01,4.80e+01
-2.52e+02,-8.33e+01,9.50e+01,4.90e+01
-1.77e+02,-7.76e+01,1.08e+02,5.00e+01
-1.77e+02,-9.17e+01,1.11e+02,4.90e+01
-1.77e+02,-8.92e+01,1.09e+02,5.00e+01
-1.75e+02,-8.50e+01,1.12e+02,4.90e+01
-1.87e+02,-9.99e+01,1.05e+02,4.80e+01
-2.41e+02,-5.59e+01,9.80e+01,5.00e+01
-2.47e+02,-7.40e+01,9.30e+01,4.80e+01
-1.82e+02,-8.27e+01,1.19e+02,5.40e+01
-3.14e+02,-7.78e+01,1.06e+02,4.80e+01
