-1.84e+02,-9.05e+01,2.25e+02,8.50e+01
-1.73e+02,-7.55e+01,2.43e+02,9.20e+01
-1.75e+02,-8.05e+01,2.29e+02,8.60e+01
-1.84e+02,-9.14e+01,2.26e+02,8.50e+01
-1.74e+02,-9.12e+01,2.28e+02,8.60e+01
-1.76e+02,-9.34e+01,2.25e+02,8.50e+01
-1.72e+02,-7.43e+01,2.43e+02,9.10e+01
-1.82e+02,-1.03e+02,2.33e+02,8.80e+01
-1.94e+02,-1.08e+02,2.26e+02,8.50e+01
-1.79e+02,-8.41e+01,2.28e+02,8.60e+01
-1.78e+02,-8.17e+01,2.25e+02,8.50e+01
-1.75e+02,-6.87e+01,2.45e+02,9.30e+01
-1.67e+02,-7.85e+01,2.35e+02,9.00e+01
-1.98e+02,-8.34e+01,2.27e+02,8.60e+01
-1.79e+02,-8.26e+01,2.26e+02,8.50e+01
-1.86e+02,-8.38e+01,2.30e+02,8.70e+01
-1.81e+02,-9.05e+01,2.28e+02,8.60e+01
-1.70e+02,-8.05e+01,2.25e+02,8.50e+01
-1.82e+02,-9.86e+01,2.45e+02,9.30e+01
-1.86e+02,-8.64e+01,2.26e+02,8.50e+01
-1.87e+02,-1.22e+02,2.30e+02,8.70e+01
-2.03e+02,-7.54e+01,2.44e+02,9.10e+01
-3.04e+02,-9.83e+01,2.32e+02,8.80e+01
-2.71e+02,-7.61e+01,2.44e+02,9.20e+01
-1.76e+02,-7.98e+01,2.29e+02,8.70e+01
-1.76e+02,-7.60e+01,2.28e+02,8.60e+01
-3.03e+02,-9.33e+01,2.30e+02,8.60e+01
-2.35e+02,-1.10e+02,2.44e+02,9.20e+01
-2.08e+02,-1.21e+02,2.26e+02,8.50e+01
-1.70e+02,-7.81e+01,2.27e+02,8.50e+01
-4.43e+02,-1.58e+02,2.43e+02,9.20e+01
-1.71e+02,-7.79e+01,2.43e+02,9.10e+01
-1.72e+02,-7.91e+01,2.27e+02,8.60e+01
-1.77e+02,-8.56e+01,2.29e+02,8.60e+01
-2.72e+02,-9.63e+01,2.26e+02,8.50e+01
-1.80e+02,-8.73e+01,2.30e+02,8.70e+01
-1.76e+02,-7.25e+01,2.26e+02,8.50e+01
-1.82e+02,-9.01e+01,2.43e+02,9.20e+01
-1.82e+02,-7.48e+01,2.29e+02,8.60e+01
-2.75e+02,-9.32e+01,2.27e+02,8.50e+01
-1.86e+02,-7.97e+01,2.46e+02,9.30e+01
-1.73e+02,-7.41e+01,2.28e+02,8.60e+01
-1.74e+02,-8.25e+01,2.30e+02,8.70e+01
-1.78e+02,-8.29e+01,2.34e+02,8.80e+01
-3.22e+02,-9.06e+01,2.30e+02,8.60e+01
-1.76e+02,-7.56e+01,2.27e+02,8.60e+01
-2.55e+02,-8.22e+01,2.27e+02,8.50e+01
-1.72e+02,-9.28e+01,2.45e+02,9.30e+01
-1.79e+02,-8.70e+01,2.27e+02,8.60e+01
-1.90e+02,-8.91e+01,2.27e+02,8.60e+01
-1.82e+02,-7.99e+01,2.27e+02,8.60e+01
-1.71e+02,-8.01e+01,2.26e+02,8.50e+01
-2.34e+02,-7.86e+01,2.25e+02,8.50e+01
-2.97e+02,-9.12e+01,2.27e+02,8.50e+01
-1.77e+02,-9.42e+01,2.26e+02,8.50e+01
-1.79e+02,-8.73e+01,2.47e+02,9.40e+01
-1.74e+02,-7.94e+01,2.28e+02,8.60e+01
-1.72e+02,-7.45e+01,2.27e+02,8.60e+01
-1.73e+02,-7.18e+01,2.44e+02,9.30e+01
-1.71e+02,-6.79e+01,2.27e+02,8.60e+01
-1.73e+02,-8.22e+01,2.27e+02,8.50e+01
-1.74e+02,-7.51e+01,2.29e+02,8.60e+01
-1.79e+02,-7.72e+01,2.34e+02,8.80e+01
-1.77e+02,-9.28e+01,2.33e+02,8.80e+01
-1.85e+02,-9.26e+01,2.28e+02,8.60e+01
-1.74e+02,-7.80e+01,2.26e+02,8.50e+01
-1.69e+02,-8.17e+01,2.28e+02,8.60e+01
-1.78e+02,-9.38e+01,2.26e+02,8.50e+01
-1.72e+02,-8.66e+01,2.28e+02,8.60e+01
-1.93e+02,-9.47e+01,2.27e+02,8.50e+01
-1.73e+02,-7.29e+01,2.27e+02,8.60e+01
-3.67e+02,-9.00e+01,2.30e+02,8.60e+01
-2.60e+02,-1.12e+02,2.44e+02,9.20e+01
-1.75e+02,-8.23e+01,2.27e+02,8.60e+01
-1.74e+02,-7.97e+01,2.26e+02,8.50e+01
-1.68e+02,-7.70e+01,2.35e+02,9.00e+01
-1.81e+02,-7.36e+01,2.33e+02,8.80e+01
-1.68e+02,-7.46e+01,2.27e+02,8.50e+01
-1.84e+02,-7.34e+01,2.26e+02,8.50e+01
-2.75e+02,-1.12e+02,2.26e+02,8.50e+01
-1.84e+02,-7.87e+01,2.30e+02,8.70e+01
-1.74e+02,-7.37e+01,2.30e+02,8.70e+01
-1.71e+02,-7.74e+01,2.28e+02,8.60e+01
-3.04e+02,-9.33e+01,2.27e+02,8.50e+01
-1.71e+02,-7.88e+01,2.28e+02,8.60e+01
-1.72e+02,-8.83e+01,2.45e+02,9.30e+01
-1.75e+02,-8.14e+01,2.26e+02,8.50e+01
-3.22e+02,-9.03e+01,2.27e+02,8.50e+01
-1.84e+02,-6.47e+01,2.29e+02,8.60e+01
-1.81e+02,-7.18e+01,2.25e+02,8.50e+01
-1.81e+02,-1.09e+02,2.32e+02,8.80e+01
-1.88e+02,-9.84e+01,2.25e+02,8.50e+01
-1.78e+02,-7.97e+01,2.43e+02,9.20e+01
-1.74e+02,-9.33e+01,2.47e+02,9.40e+01
-2.02e+02,-9.58e+01,2.26e+02,8.50e+01
-1.77e+02,-9.02e+01,2.31e+02,8.80e+01
-1.78e+02,-7.26e+01,2.32e+02,8.80e+01
-1.73e+02,-7.63e+01,2.29e+02,8.60e+01
-1.76e+02,-7.81e+01,2.30e+02,8.70e+01
-1.75e+02,-8.13e+01,2.35e+02,8.90e+01
-1.84e+02,-9.80e+01,2.27e+02,8.50e+01
-1.82e+02,-8.20e+01,2.28e+02,8.60e+01
-1.77e+02,-9.76e+01,2.26e+02,8.60e+01
-1.74e+02,-7.45e+01,2.45e+02,9.30e+01
-1.74e+02,-7.43e+01,2.43e+02,9.20e+01
-2.00e+02,-9.54e+01,2.26e+02,8.60e+01
-1.94e+02,-1.02e+02,2.45e+02,9.30e+01
-1.86e+02,-8.62e+01,2.29e+02,8.60e+01
-1.78e+02,-8.46e+01,2.28e+02,8.60e+01
-1.88e+02,-6.50e+01,2.26e+02,8.50e+01
-1.75e+02,-7.38e+01,2.28e+02,8.60e+01
-1.72e+02,-7.92e+01,2.29e+02,8.70e+01
-1.76e+02,-8.06e+01,2.25e+02,8.50e+01
-1.77e+02,-8.17e+01,2.46e+02,9.30e+01
-1.74e+02,-8.37e+01,2.30e+02,8.70e+01
-3.17e+02,-1.04e+02,2.25e+02,8.50e+01
-1.90e+02,-1.01e+02,2.31e+02,8.70e+01
-1.71e+02,-7.03e+01,2.26e+02,8.50e+01
-3.09e+02,-1.05e+02,2.26e+02,8.60e+01
-1.66e+02,-7.57e+01,2.35e+02,9.00e+01
-1.92e+02,-8.14e+01,2.27e+02,8.50e+01
-1.76e+02,-8.38e+01,2.30e+02,8.70e+01
-1.84e+02,-9.93e+01,2.45e+02,9.30e+01
-1.74e+02,-8.04e+01,2.43e+02,9.20e+01
-1.87e+02,-8.97e+01,2.44e+02,9.10e+01
-1.83e+02,-9.18e+01,2.28e+02,8.60e+01
-3.10e+02,-1.07e+02,2.44e+02,9.30e+01
-1.81e+02,-1.07e+02,2.26e+02,8.50e+01
-2.37e+02,-9.34e+01,2.29e+02,8.60e+01
-1.74e+02,-9.07e+01,2.26e+02,8.50e+01
-1.74e+02,-7.48e+01,2.35e+02,9.00e+01
-1.80e+02,-7.98e+01,2.26e+02,8.50e+01
-1.87e+02,-9.22e+01,2.27e+02,8.60e+01
-2.16e+02,-8.02e+01,2.25e+02,8.50e+01
-1.82e+02,-7.61e+01,2.44e+02,9.20e+01
-1.73e+02,-7.90e+01,2.35e+02,9.00e+01
-1.75e+02,-7.44e+01,2.26e+02,8.50e+01
-1.84e+02,-9.32e+01,2.35e+02,8.90e+01
-1.74e+02,-7.42e+01,2.44e+02,9.30e+01
-1.79e+02,-8.67e+01,2.26e+02,8.50e+01
-1.69e+02,-8.27e+01,2.45e+02,9.30e+01
-2.67e+02,-1.09e+02,2.44e+02,9.20e+01
-1.71e+02,-8.73e+01,2.30e+02,8.70e+01
-2.51e+02,-1.18e+02,2.26e+02,8.50e+01
-1.92e+02,-1.01e+02,2.26e+02,8.50e+01
-2.99e+02,-7.83e+01,2.27e+02,8.50e+01
-1.73e+02,-9.44e+01,2.43e+02,9.20e+01
-4.77e+02,-3.63e+02,2.31e+02,8.80e+01
-1.81e+02,-1.02e+02,2.28e+02,8.60e+01
-1.77e+02,-8.20e+01,2.26e+02,8.50e+01
-1.85e+02,-8.12e+01,2.36e+02,9.00e+01
-1.79e+02,-7.99e+01,2.45e+02,9.30e+01
-1.95e+02,-1.01e+02,2.26e+02,8.50e+01
-1.73e+02,-8.52e+01,2.30e+02,8.60e+01
-1.86e+02,-7.13e+01,2.30e+02,8.70e+01
-1.77e+02,-7.98e+01,2.28e+02,8.60e+01
-1.79e+02,-9.24e+01,2.46e+02,9.40e+01
-1.71e+02,-8.47e+01,2.28e+02,8.60e+01
-1.83e+02,-7.85e+01,2.28e+02,8.60e+01
-2.30e+02,-8.17e+01,2.27e+02,8.60e+01
-1.70e+02,-8.38e+01,2.27e+02,8.50e+01
-1.76e+02,-1.00e+02,2.31e+02,8.70e+01
-1.77e+02,-8.86e+01,2.30e+02,8.60e+01
-1.78e+02,-8.85e+01,2.29e+02,8.60e+01
-1.80e+02,-9.23e+01,2.32e+02,8.80e+01
-1.73e+02,-7.40e+01,2.43e+02,9.10e+01
-1.91e+02,-7.87e+01,2.34e+02,8.80e+01
-1.77e+02,-8.97e+01,2.26e+02,8.50e+01
-1.82e+02,-7.77e+01,2.27e+02,8.60e+01
-1.73e+02,-8.86e+01,2.25e+02,8.50e+01
-1.71e+02,-7.65e+01,2.45e+02,9.30e+01
-1.90e+02,-7.16e+01,2.26e+02,8.60e+01
-1.72e+02,-8.89e+01,2.27e+02,8.60e+01
-1.76e+02,-9.38e+01,2.26e+02,8.50e+01
-1.79e+02,-9.99e+01,2.25e+02,8.50e+01
-1.80e+02,-9.46e+01,2.29e+02,8.60e+01
-1.71e+02,-8.25e+01,2.28e+02,8.60e+01
-1.77e+02,-9.28e+01,2.27e+02,8.60e+01
-1.77e+02,-9.50e+01,2.43e+02,9.20e+01
-1.76e+02,-8.36e+01,2.26e+02,8.50e+01
-1.73e+02,-9.64e+01,2.26e+02,8.50e+01
-1.76e+02,-7.27e+01,2.43e+02,9.10e+01
-1.76e+02,-7.17e+01,2.30e+02,8.70e+01
-1.71e+02,-8.22e+01,2.27e+02,8.60e+01
-1.87e+02,-8.24e+01,2.31e+02,8.70e+01
-1.84e+02,-6.50e+01,2.37e+02,9.10e+01
-1.71e+02,-7.64e+01,2.26e+02,8.50e+01
-1.79e+02,-8.25e+01,2.46e+02,9.30e+01
-1.75e+02,-7.09e+01,2.30e+02,8.60e+01
-1.68e+02,-7.84e+01,2.30e+02,8.70e+01
-1.66e+02,-6.01e+01,2.45e+02,9.30e+01
-1.81e+02,-1.07e+02,2.29e+02,8.60e+01
