2.52e+01,4.34e+02,2.70e+01,1.60e+01
2.52e+01,4.34e+02,2.70e+01,1.60e+01
2.52e+01,4.34e+02,2.70e+01,1.60e+01
2.52e+01,4.34e+02,2.70e+01,1.60e+01
2.52e+01,4.34e+02,2.70e+01,1.60e+01
2.52e+01,4.34e+02,2.70e+01,1.60e+01
2.52e+01,4.34e+02,2.70e+01,1.60e+01
2.52e+01,4.34e+02,2.70e+01,1.60e+01
2.52e+01,4.34e+02,2.70e+01,1.60e+01
2.52e+01,4.34e+02,2.70e+01,1.60e+01
2.52e+01,4.34e+02,2.70e+01,1.60e+01
2.52e+01,4.34e+02,2.70e+01,1.60e+01
2.52e+01,4.34e+02,2.70e+01,1.60e+01
2.52e+01,4.34e+02,2.70e+01,1.60e+01
2.52e+01,4.34e+02,2.80e+01,1.60e+01
2.46e+01,4.31e+02,2.70e+01,1.60e+01
2.52e+01,4.34e+02,2.80e+01,1.60e+01
2.46e+01,4.31e+02,2.70e+01,1.60e+01
2.52e+01,4.34e+02,2.80e+01,1.60e+01
2.52e+01,4.34e+02,2.80e+01,1.60e+01
3.44e+00,3.04e+02,2.70e+01,1.60e+01
-4.15e+01,8.29e+01,2.80e+01,1.60e+01
-2.76e+01,1.64e+02,2.80e+01,1.60e+01
-3.49e+01,1.26e+02,2.70e+01,1.60e+01
3.66e+00,3.05e+02,2.70e+01,1.60e+01
-2.30e+00,2.72e+02,2.80e+01,1.60e+01
-4.15e+01,8.14e+01,2.80e+01,1.60e+01
-4.15e+01,8.14e+01,2.80e+01,1.60e+01
-1.73e+01,2.06e+02,2.70e+01,1.60e+01
2.29e+01,4.22e+02,2.70e+01,1.60e+01
-4.75e+01,7.44e+01,2.80e+01,1.70e+01
-9.64e+00,2.62e+02,2.70e+01,1.60e+01
-3.36e+01,1.29e+02,2.70e+01,1.60e+01
-1.92e+01,1.68e+02,2.80e+01,1.70e+01
-3.16e+01,9.35e+01,2.80e+01,1.70e+01
-3.96e+01,7.98e+01,2.70e+01,1.60e+01
1.98e+01,4.10e+02,2.70e+01,1.60e+01
2.00e+00,2.95e+02,2.70e+01,1.60e+01
1.80e+01,3.94e+02,2.70e+01,1.60e+01
-1.42e+01,2.20e+02,2.70e+01,1.60e+01
2.52e+01,4.34e+02,2.80e+01,1.60e+01
-2.44e+01,1.67e+02,2.70e+01,1.60e+01
-2.54e+01,1.73e+02,2.80e+01,1.60e+01
2.28e+01,4.19e+02,2.70e+01,1.60e+01
2.18e+01,4.14e+02,2.80e+01,1.70e+01
-2.44e+01,1.67e+02,2.70e+01,1.60e+01
-4.13e+01,8.41e+01,2.80e+01,1.60e+01
-3.63e+01,9.01e+01,2.80e+01,1.60e+01
-1.81e+01,2.24e+02,2.80e+01,1.60e+01
2.43e+01,4.29e+02,2.80e+01,1.70e+01
2.48e+01,4.32e+02,2.80e+01,1.70e+01
2.49e+01,4.33e+02,2.80e+01,1.60e+01
-2.43e+01,1.68e+02,2.70e+01,1.60e+01
-1.69e+01,1.84e+02,2.80e+01,1.60e+01
-3.86e+01,9.62e+01,2.70e+01,1.60e+01
-1.78e+01,1.78e+02,2.70e+01,1.60e+01
-2.33e+01,1.76e+02,2.80e+01,1.60e+01
2.16e+01,4.15e+02,2.70e+01,1.60e+01
-4.13e+01,8.41e+01,2.80e+01,1.60e+01
-3.63e+01,9.01e+01,2.80e+01,1.60e+01
-2.77e+00,2.97e+02,2.80e+01,1.60e+01
1.93e+01,3.99e+02,2.70e+01,1.60e+01
-3.96e+01,7.98e+01,2.70e+01,1.60e+01
-4.89e+01,7.10e+01,2.70e+01,1.60e+01
-2.44e+01,1.67e+02,2.80e+01,1.60e+01
3.23e+00,3.02e+02,2.70e+01,1.60e+01
-4.95e+01,7.38e+01,2.70e+01,1.60e+01
-1.97e+01,1.93e+02,2.70e+01,1.60e+01
-4.95e+01,7.38e+01,2.70e+01,1.60e+01
-3.26e+01,1.23e+02,2.80e+01,1.70e+01
-2.52e+01,1.38e+02,2.70e+01,1.60e+01
2.01e+01,4.04e+02,2.70e+01,1.60e+01
2.52e+01,4.34e+02,2.80e+01,1.60e+01
-3.96e+01,9.13e+01,2.70e+01,1.60e+01
3.66e+00,3.05e+02,2.70e+01,1.60e+01
2.08e+01,4.31e+02,2.90e+01,1.70e+01
-7.13e+01,-1.66e+01,2.70e+01,1.60e+01
-2.60e+00,2.98e+02,2.80e+01,1.60e+01
-4.13e+01,8.41e+01,2.80e+01,1.60e+01
-1.97e+01,1.93e+02,2.70e+01,1.60e+01
-6.14e+01,1.16e+01,2.70e+01,1.60e+01
-2.42e+01,1.68e+02,2.80e+01,1.60e+01
3.23e+00,3.02e+02,2.70e+01,1.60e+01
1.89e+01,4.00e+02,2.80e+01,1.70e+01
2.37e+01,4.25e+02,2.70e+01,1.60e+01
-4.66e+01,4.96e+01,2.70e+01,1.60e+01
1.90e+01,3.98e+02,2.80e+01,1.70e+01
1.16e+01,3.54e+02,2.80e+01,1.70e+01
-2.61e+01,1.26e+02,2.80e+01,1.60e+01
-2.61e+01,1.26e+02,2.80e+01,1.60e+01
-4.66e+01,4.96e+01,2.70e+01,1.60e+01
2.46e+01,4.31e+02,2.70e+01,1.60e+01
-4.15e+01,8.14e+01,2.80e+01,1.60e+01
-2.53e+01,1.72e+02,2.80e+01,1.60e+01
2.36e+01,4.24e+02,2.90e+01,1.70e+01
-2.34e+01,1.71e+02,2.80e+01,1.70e+01
1.15e+01,3.54e+02,2.70e+01,1.60e+01
2.29e+01,4.22e+02,2.70e+01,1.60e+01
2.36e+01,4.25e+02,2.90e+01,1.70e+01
2.52e+01,4.34e+02,2.80e+01,1.60e+01
2.45e+01,4.31e+02,2.70e+01,1.60e+01
2.52e+01,4.34e+02,2.70e+01,1.60e+01
-4.71e+00,2.97e+02,2.80e+01,1.60e+01
-2.50e+01,1.66e+02,2.70e+01,1.60e+01
-4.15e+01,8.29e+01,2.80e+01,1.60e+01
-2.52e+01,1.34e+02,2.80e+01,1.70e+01
-2.19e+01,1.52e+02,2.80e+01,1.70e+01
-4.52e+01,8.04e+01,2.80e+01,1.70e+01
2.55e+00,2.98e+02,2.80e+01,1.70e+01
-2.52e+01,1.38e+02,2.70e+01,1.60e+01
-2.19e+01,1.52e+02,2.80e+01,1.70e+01
-2.30e+00,2.72e+02,2.80e+01,1.60e+01
2.49e+00,2.98e+02,2.80e+01,1.70e+01
1.92e+01,4.01e+02,2.70e+01,1.60e+01
-2.49e+01,1.72e+02,2.80e+01,1.60e+01
2.49e+01,4.33e+02,2.80e+01,1.60e+01
-4.17e+01,7.61e+01,2.80e+01,1.60e+01
-2.28e+01,1.77e+02,2.80e+01,1.60e+01
-2.49e+01,1.59e+02,2.80e+01,1.60e+01
-5.95e+01,1.58e+01,2.70e+01,1.60e+01
-4.44e+01,7.46e+01,2.80e+01,1.70e+01
-1.81e+01,2.24e+02,2.80e+01,1.60e+01
2.11e+01,4.33e+02,2.80e+01,1.70e+01
-3.86e+01,9.62e+01,2.70e+01,1.60e+01
-1.69e+01,1.84e+02,2.80e+01,1.60e+01
2.37e+01,4.25e+02,2.70e+01,1.60e+01
-3.76e+00,2.95e+02,2.70e+01,1.60e+01
2.36e+01,4.25e+02,2.80e+01,1.70e+01
