-1.82e+02,-4.69e+01,1.39e+02,4.40e+01
-1.68e+02,-5.62e+01,1.34e+02,4.20e+01
-1.66e+02,-4.47e+01,1.35e+02,4.20e+01
-1.77e+02,-4.93e+01,1.37e+02,4.20e+01
-1.83e+02,-5.15e+01,1.39e+02,4.30e+01
-1.67e+02,-5.44e+01,1.34e+02,4.20e+01
-1.63e+02,-4.67e+01,1.35e+02,4.20e+01
-1.65e+02,-4.78e+01,1.37e+02,4.20e+01
-1.70e+02,-5.14e+01,1.39e+02,4.30e+01
-1.69e+02,-5.68e+01,1.34e+02,4.20e+01
-1.77e+02,-5.24e+01,1.35e+02,4.20e+01
-1.74e+02,-4.88e+01,1.37e+02,4.20e+01
-1.73e+02,-4.82e+01,1.39e+02,4.40e+01
-2.08e+02,-8.28e+01,1.34e+02,4.20e+01
-1.71e+02,-5.33e+01,1.35e+02,4.10e+01
-1.62e+02,-5.05e+01,1.37e+02,4.20e+01
-1.72e+02,-6.81e+01,1.38e+02,4.30e+01
-1.71e+02,-5.75e+01,1.42e+02,4.50e+01
-2.86e+02,-7.76e+01,1.34e+02,4.20e+01
-1.75e+02,-5.02e+01,1.35e+02,4.20e+01
-1.90e+02,-5.12e+01,1.39e+02,4.30e+01
-1.71e+02,-4.54e+01,1.37e+02,4.30e+01
-1.65e+02,-5.67e+01,1.36e+02,4.20e+01
-1.68e+02,-5.72e+01,1.41e+02,4.40e+01
-4.47e+02,-1.83e+02,1.34e+02,4.20e+01
-1.76e+02,-7.26e+01,1.35e+02,4.20e+01
-1.77e+02,-4.87e+01,1.37e+02,4.20e+01
-1.76e+02,-5.65e+01,1.38e+02,4.20e+01
-1.84e+02,-5.53e+01,1.34e+02,4.20e+01
-1.90e+02,-8.04e+01,1.36e+02,4.20e+01
-2.11e+02,-8.18e+01,1.34e+02,4.20e+01
-2.56e+02,-6.65e+01,1.34e+02,4.20e+01
-1.72e+02,-5.78e+01,1.37e+02,4.20e+01
-3.71e+02,-1.69e+02,1.34e+02,4.20e+01
-1.65e+02,-6.88e+01,1.35e+02,4.20e+01
-1.74e+02,-5.91e+01,1.34e+02,4.20e+01
-1.90e+02,-8.16e+01,1.36e+02,4.10e+01
-1.75e+02,-6.60e+01,1.38e+02,4.20e+01
-2.01e+02,-7.28e+01,1.37e+02,4.20e+01
-1.65e+02,-6.06e+01,1.41e+02,4.50e+01
-1.73e+02,-5.49e+01,1.34e+02,4.20e+01
-1.65e+02,-4.91e+01,1.35e+02,4.20e+01
-1.97e+02,-1.12e+02,1.34e+02,4.20e+01
-1.73e+02,-6.34e+01,1.38e+02,4.20e+01
-1.68e+02,-5.42e+01,1.39e+02,4.40e+01
-4.50e+02,-2.03e+02,1.34e+02,4.20e+01
-2.38e+02,-4.67e+01,1.40e+02,4.40e+01
-1.82e+02,-5.52e+01,1.34e+02,4.20e+01
-1.75e+02,-5.34e+01,1.35e+02,4.20e+01
-1.67e+02,-5.62e+01,1.40e+02,4.40e+01
-1.72e+02,-6.01e+01,1.35e+02,4.20e+01
-1.72e+02,-6.39e+01,1.35e+02,4.20e+01
-2.43e+02,-9.78e+01,1.34e+02,4.20e+01
-1.70e+02,-5.63e+01,1.39e+02,4.40e+01
-3.20e+02,-8.93e+01,1.35e+02,4.20e+01
-1.74e+02,-4.32e+01,1.35e+02,4.20e+01
-1.75e+02,-5.00e+01,1.40e+02,4.30e+01
-1.81e+02,-5.85e+01,1.34e+02,4.20e+01
-1.74e+02,-5.48e+01,1.37e+02,4.20e+01
-1.74e+02,-5.28e+01,1.38e+02,4.20e+01
-1.60e+02,-4.69e+01,1.40e+02,4.30e+01
-1.87e+02,-6.46e+01,1.35e+02,4.20e+01
-1.93e+02,-5.55e+01,1.35e+02,4.20e+01
-1.75e+02,-7.58e+01,1.35e+02,4.20e+01
-4.60e+02,-2.63e+02,1.34e+02,4.20e+01
-1.80e+02,-6.45e+01,1.37e+02,4.20e+01
-1.67e+02,-5.71e+01,1.40e+02,4.50e+01
-1.66e+02,-4.89e+01,1.39e+02,4.30e+01
-1.61e+02,-5.81e+01,1.37e+02,4.20e+01
-3.42e+02,-9.08e+01,1.40e+02,4.30e+01
-1.73e+02,-6.15e+01,1.40e+02,4.30e+01
-2.01e+02,-9.24e+01,1.35e+02,4.20e+01
-1.75e+02,-6.93e+01,1.39e+02,4.30e+01
-1.72e+02,-4.97e+01,1.36e+02,4.20e+01
-1.82e+02,-5.37e+01,1.43e+02,4.50e+01
-2.25e+02,-4.93e+01,1.35e+02,4.20e+01
-1.70e+02,-5.77e+01,1.37e+02,4.20e+01
-1.66e+02,-4.94e+01,1.40e+02,4.40e+01
-1.67e+02,-4.74e+01,1.37e+02,4.20e+01
-2.05e+02,-9.44e+01,1.34e+02,4.20e+01
-1.64e+02,-4.99e+01,1.35e+02,4.20e+01
-1.83e+02,-5.03e+01,1.37e+02,4.20e+01
-1.88e+02,-7.85e+01,1.38e+02,4.20e+01
-1.69e+02,-6.62e+01,1.35e+02,4.20e+01
-2.00e+02,-7.78e+01,1.34e+02,4.20e+01
-2.13e+02,-7.77e+01,1.34e+02,4.20e+01
-2.21e+02,-5.01e+01,1.39e+02,4.30e+01
-3.47e+02,-9.34e+01,1.35e+02,4.20e+01
-1.66e+02,-5.01e+01,1.34e+02,4.20e+01
-1.68e+02,-5.87e+01,1.39e+02,4.40e+01
-1.70e+02,-5.53e+01,1.40e+02,4.50e+01
-1.77e+02,-6.22e+01,1.36e+02,4.30e+01
-1.71e+02,-4.80e+01,1.40e+02,4.40e+01
-1.72e+02,-5.28e+01,1.35e+02,4.20e+01
-2.28e+02,-5.73e+01,1.36e+02,4.30e+01
-1.76e+02,-5.71e+01,1.35e+02,4.20e+01
-1.61e+02,-5.04e+01,1.36e+02,4.30e+01
-1.80e+02,-5.85e+01,1.35e+02,4.20e+01
-1.77e+02,-6.37e+01,1.36e+02,4.20e+01
-1.78e+02,-5.26e+01,1.39e+02,4.30e+01
-1.68e+02,-4.46e+01,1.35e+02,4.20e+01
-2.22e+02,-4.79e+01,1.37e+02,4.20e+01
-1.85e+02,-5.70e+01,1.35e+02,4.20e+01
-1.97e+02,-6.30e+01,1.36e+02,4.20e+01
-1.79e+02,-7.29e+01,1.36e+02,4.20e+01
-1.63e+02,-4.27e+01,1.35e+02,4.20e+01
-1.72e+02,-4.36e+01,1.39e+02,4.40e+01
-1.74e+02,-4.70e+01,1.39e+02,4.40e+01
-1.69e+02,-4.96e+01,1.40e+02,4.30e+01
-1.90e+02,-5.17e+01,1.39e+02,4.40e+01
-1.85e+02,-4.32e+01,1.36e+02,4.30e+01
-2.18e+02,-6.48e+01,1.39e+02,4.40e+01
-1.82e+02,-6.51e+01,1.37e+02,4.30e+01
-3.02e+02,-6.85e+01,1.34e+02,4.20e+01
-1.95e+02,-8.50e+01,1.37e+02,4.20e+01
-1.86e+02,-5.80e+01,1.42e+02,4.20e+01
-1.75e+02,-5.83e+01,1.35e+02,4.20e+01
-4.29e+02,-7.77e+01,1.34e+02,4.20e+01
-1.78e+02,-6.07e+01,1.39e+02,4.30e+01
-1.74e+02,-5.35e+01,1.40e+02,4.30e+01
-1.62e+02,-6.02e+01,1.37e+02,4.20e+01
-1.82e+02,-7.01e+01,1.37e+02,4.20e+01
-1.69e+02,-6.74e+01,1.35e+02,4.20e+01
-3.03e+02,-5.65e+01,1.39e+02,4.30e+01
-1.67e+02,-5.80e+01,1.39e+02,4.40e+01
-1.84e+02,-5.33e+01,1.38e+02,4.20e+01
-1.77e+02,-6.56e+01,1.39e+02,4.30e+01
-1.75e+02,-5.62e+01,1.37e+02,4.30e+01
-1.95e+02,-7.16e+01,1.34e+02,4.20e+01
-1.64e+02,-6.01e+01,1.35e+02,4.10e+01
-1.76e+02,-6.71e+01,1.38e+02,4.20e+01
-1.82e+02,-5.36e+01,1.36e+02,4.30e+01
-5.00e+02,-5.00e+02,1.34e+02,4.20e+01
-1.82e+02,-5.95e+01,1.37e+02,4.20e+01
-1.74e+02,-6.79e+01,1.39e+02,4.40e+01
-3.00e+02,-6.67e+01,1.34e+02,4.20e+01
-1.63e+02,-4.56e+01,1.36e+02,4.30e+01
-1.74e+02,-4.91e+01,1.35e+02,4.20e+01
-2.07e+02,-5.82e+01,1.39e+02,4.30e+01
-2.01e+02,-7.76e+01,1.37e+02,4.20e+01
-1.72e+02,-4.92e+01,1.37e+02,4.20e+01
-1.73e+02,-6.00e+01,1.35e+02,4.20e+01
-1.71e+02,-3.88e+01,1.37e+02,4.20e+01
-1.77e+02,-5.48e+01,1.40e+02,4.40e+01
-1.67e+02,-5.14e+01,1.37e+02,4.20e+01
-1.92e+02,-5.66e+01,1.37e+02,4.20e+01
-2.72e+02,-6.87e+01,1.37e+02,4.20e+01
-1.66e+02,-5.69e+01,1.35e+02,4.20e+01
-1.75e+02,-5.25e+01,1.39e+02,4.30e+01
-1.87e+02,-5.59e+01,1.38e+02,4.20e+01
-1.72e+02,-6.67e+01,1.35e+02,4.20e+01
-1.68e+02,-5.47e+01,1.34e+02,4.20e+01
-1.78e+02,-7.14e+01,1.40e+02,4.30e+01
-4.52e+02,-2.12e+02,1.35e+02,4.30e+01
-1.71e+02,-6.26e+01,1.39e+02,4.30e+01
-1.82e+02,-6.09e+01,1.34e+02,4.20e+01
-1.72e+02,-5.68e+01,1.40e+02,4.30e+01
-1.83e+02,-5.64e+01,1.38e+02,4.20e+01
-1.62e+02,-3.84e+01,1.40e+02,4.30e+01
-1.67e+02,-5.44e+01,1.39e+02,4.30e+01
-1.70e+02,-4.32e+01,1.36e+02,4.20e+01
-3.02e+02,-7.85e+01,1.35e+02,4.20e+01
-1.69e+02,-4.24e+01,1.39e+02,4.30e+01
-2.88e+02,-1.31e+02,1.35e+02,4.20e+01
-1.96e+02,-8.17e+01,1.37e+02,4.30e+01
-1.77e+02,-4.30e+01,1.36e+02,4.30e+01
-1.68e+02,-5.36e+01,1.39e+02,4.30e+01
-1.69e+02,-5.89e+01,1.42e+02,4.50e+01
-1.65e+02,-5.37e+01,1.36e+02,4.30e+01
-1.72e+02,-6.46e+01,1.38e+02,4.20e+01
-2.03e+02,-6.78e+01,1.34e+02,4.20e+01
-3.66e+02,-1.03e+02,1.40e+02,4.40e+01
-1.89e+02,-5.33e+01,1.35e+02,4.20e+01
-1.68e+02,-4.75e+01,1.36e+02,4.20e+01
-1.93e+02,-5.17e+01,1.39e+02,4.30e+01
-1.72e+02,-6.13e+01,1.36e+02,4.20e+01
-1.65e+02,-6.14e+01,1.36e+02,4.20e+01
-1.72e+02,-5.19e+01,1.37e+02,4.20e+01
-2.03e+02,-7.33e+01,1.38e+02,4.30e+01
-1.69e+02,-5.07e+01,1.38e+02,4.20e+01
-1.79e+02,-6.14e+01,1.38e+02,4.30e+01
-1.80e+02,-6.58e+01,1.34e+02,4.20e+01
-1.72e+02,-5.48e+01,1.40e+02,4.30e+01
-1.79e+02,-4.82e+01,1.35e+02,4.20e+01
-1.67e+02,-4.36e+01,1.34e+02,4.20e+01
-1.74e+02,-5.58e+01,1.38e+02,4.30e+01
-1.70e+02,-7.09e+01,1.37e+02,4.20e+01
-1.68e+02,-4.87e+01,1.40e+02,4.30e+01
-2.18e+02,-8.68e+01,1.36e+02,4.30e+01
-3.71e+02,-1.19e+02,1.40e+02,4.30e+01
-1.87e+02,-7.03e+01,1.39e+02,4.40e+01
-1.79e+02,-5.83e+01,1.34e+02,4.20e+01
