-1.69e+02,-5.58e+01,1.71e+02,4.70e+01
-1.64e+02,-5.55e+01,1.70e+02,4.80e+01
-1.66e+02,-5.73e+01,1.69e+02,4.70e+01
-1.61e+02,-5.05e+01,1.70e+02,4.60e+01
-1.67e+02,-4.43e+01,1.66e+02,4.60e+01
-1.78e+02,-5.26e+01,1.67e+02,4.60e+01
-1.75e+02,-5.63e+01,1.68e+02,4.70e+01
-1.82e+02,-5.37e+01,1.69e+02,4.60e+01
-1.73e+02,-6.14e+01,1.66e+02,4.60e+01
-1.75e+02,-6.06e+01,1.68e+02,4.70e+01
-1.68e+02,-6.08e+01,1.69e+02,4.60e+01
-1.73e+02,-5.38e+01,1.71e+02,4.80e+01
-1.70e+02,-4.93e+01,1.67e+02,4.60e+01
-1.73e+02,-5.02e+01,1.69e+02,4.60e+01
-1.67e+02,-4.79e+01,1.67e+02,4.60e+01
-1.75e+02,-5.85e+01,1.68e+02,4.60e+01
-1.67e+02,-5.18e+01,1.69e+02,4.70e+01
-1.68e+02,-6.73e+01,1.69e+02,4.60e+01
-1.75e+02,-6.39e+01,1.69e+02,4.70e+01
-1.63e+02,-4.47e+01,1.70e+02,4.80e+01
-1.69e+02,-5.35e+01,1.67e+02,4.60e+01
-1.72e+02,-5.84e+01,1.68e+02,4.60e+01
-1.68e+02,-7.43e+01,1.71e+02,4.80e+01
-1.59e+02,-4.73e+01,1.68e+02,4.70e+01
-1.86e+02,-4.87e+01,1.70e+02,4.80e+01
-1.63e+02,-4.94e+01,1.68e+02,4.60e+01
-1.79e+02,-7.15e+01,1.69e+02,4.60e+01
-2.59e+02,-4.94e+01,1.68e+02,4.70e+01
-1.70e+02,-4.98e+01,1.67e+02,4.60e+01
-1.74e+02,-5.86e+01,1.69e+02,4.70e+01
-2.96e+02,-5.12e+01,1.69e+02,4.70e+01
-1.79e+02,-5.79e+01,1.67e+02,4.60e+01
-1.70e+02,-5.52e+01,1.68e+02,4.60e+01
-1.64e+02,-4.00e+01,1.70e+02,4.60e+01
-2.08e+02,-6.57e+01,1.69e+02,4.70e+01
-1.72e+02,-5.23e+01,1.72e+02,4.90e+01
-2.01e+02,-1.11e+02,1.68e+02,4.70e+01
-1.80e+02,-8.26e+01,1.70e+02,4.60e+01
-1.73e+02,-6.90e+01,1.69e+02,4.70e+01
-1.66e+02,-5.67e+01,1.70e+02,4.70e+01
-2.41e+02,-5.56e+01,1.66e+02,4.60e+01
-1.69e+02,-5.79e+01,1.69e+02,4.70e+01
-1.75e+02,-4.84e+01,1.69e+02,4.70e+01
-1.69e+02,-5.14e+01,1.69e+02,4.60e+01
-3.01e+02,-4.92e+01,1.66e+02,4.60e+01
-1.67e+02,-4.10e+01,1.71e+02,4.80e+01
-1.61e+02,-5.34e+01,1.70e+02,4.60e+01
-1.68e+02,-5.34e+01,1.69e+02,4.60e+01
-1.67e+02,-6.12e+01,1.69e+02,4.70e+01
-1.61e+02,-5.85e+01,1.72e+02,4.80e+01
-1.91e+02,-8.74e+01,1.69e+02,4.60e+01
-1.70e+02,-4.36e+01,1.71e+02,4.80e+01
-1.68e+02,-6.87e+01,1.67e+02,4.60e+01
-1.86e+02,-6.71e+01,1.68e+02,4.60e+01
-1.71e+02,-5.13e+01,1.71e+02,4.80e+01
-3.05e+02,-7.85e+01,1.69e+02,4.60e+01
-1.63e+02,-3.95e+01,1.69e+02,4.70e+01
-1.68e+02,-4.61e+01,1.70e+02,4.70e+01
-1.74e+02,-6.16e+01,1.69e+02,4.70e+01
-1.80e+02,-4.33e+01,1.68e+02,4.60e+01
-1.79e+02,-7.40e+01,1.68e+02,4.70e+01
-1.70e+02,-6.17e+01,1.70e+02,4.60e+01
-1.69e+02,-4.45e+01,1.68e+02,4.70e+01
-1.84e+02,-5.29e+01,1.67e+02,4.60e+01
-1.73e+02,-5.57e+01,1.69e+02,4.60e+01
-1.64e+02,-5.35e+01,1.69e+02,4.70e+01
-1.70e+02,-4.53e+01,1.67e+02,4.60e+01
-1.82e+02,-7.43e+01,1.70e+02,4.60e+01
-1.95e+02,-5.59e+01,1.69e+02,4.60e+01
-1.80e+02,-4.39e+01,1.69e+02,4.80e+01
-1.72e+02,-4.85e+01,1.66e+02,4.60e+01
-1.83e+02,-6.28e+01,1.67e+02,4.60e+01
-1.68e+02,-5.05e+01,1.69e+02,4.70e+01
-1.71e+02,-6.44e+01,1.70e+02,4.60e+01
-1.73e+02,-4.41e+01,1.68e+02,4.60e+01
-1.74e+02,-5.43e+01,1.70e+02,4.80e+01
-1.75e+02,-5.72e+01,1.70e+02,4.70e+01
-1.67e+02,-4.84e+01,1.70e+02,4.80e+01
-1.72e+02,-5.28e+01,1.67e+02,4.60e+01
-3.29e+02,-8.62e+01,1.70e+02,4.60e+01
-2.07e+02,-6.09e+01,1.66e+02,4.60e+01
-1.70e+02,-4.89e+01,1.71e+02,4.70e+01
-4.48e+02,-1.88e+02,1.68e+02,4.60e+01
-3.04e+02,-5.56e+01,1.70e+02,4.60e+01
-1.75e+02,-4.46e+01,1.71e+02,4.70e+01
-1.95e+02,-5.48e+01,1.69e+02,4.60e+01
-1.83e+02,-7.13e+01,1.69e+02,4.80e+01
-3.18e+02,-7.40e+01,1.67e+02,4.60e+01
-1.75e+02,-6.15e+01,1.72e+02,4.90e+01
-1.72e+02,-5.02e+01,1.70e+02,4.70e+01
-1.80e+02,-5.64e+01,1.71e+02,4.80e+01
-1.75e+02,-5.41e+01,1.70e+02,4.60e+01
-2.54e+02,-6.26e+01,1.72e+02,4.70e+01
-1.65e+02,-4.74e+01,1.67e+02,4.60e+01
-1.90e+02,-7.10e+01,1.70e+02,4.60e+01
-1.89e+02,-5.34e+01,1.67e+02,4.70e+01
-1.74e+02,-4.66e+01,1.67e+02,4.60e+01
-1.81e+02,-4.71e+01,1.67e+02,4.60e+01
-1.72e+02,-4.99e+01,1.68e+02,4.60e+01
-1.66e+02,-4.29e+01,1.66e+02,4.60e+01
-1.78e+02,-6.46e+01,1.70e+02,4.70e+01
-1.66e+02,-5.18e+01,1.69e+02,4.70e+01
-1.73e+02,-5.73e+01,1.70e+02,4.60e+01
-1.74e+02,-6.01e+01,1.68e+02,4.70e+01
-1.76e+02,-5.24e+01,1.68e+02,4.70e+01
-1.66e+02,-5.31e+01,1.73e+02,4.80e+01
-1.83e+02,-7.70e+01,1.69e+02,4.60e+01
-1.68e+02,-4.17e+01,1.68e+02,4.60e+01
-1.76e+02,-5.81e+01,1.70e+02,4.80e+01
-1.80e+02,-7.91e+01,1.71e+02,4.60e+01
-1.68e+02,-4.43e+01,1.71e+02,4.80e+01
-1.66e+02,-5.67e+01,1.67e+02,4.60e+01
-1.64e+02,-4.78e+01,1.67e+02,4.60e+01
-1.70e+02,-6.32e+01,1.70e+02,4.80e+01
-1.60e+02,-4.37e+01,1.70e+02,4.60e+01
-3.36e+02,-7.90e+01,1.69e+02,4.70e+01
-1.67e+02,-6.06e+01,1.71e+02,4.60e+01
-1.65e+02,-5.90e+01,1.70e+02,4.60e+01
-1.65e+02,-5.19e+01,1.70e+02,4.60e+01
-1.69e+02,-5.04e+01,1.70e+02,4.60e+01
-1.71e+02,-6.04e+01,1.72e+02,4.70e+01
-1.76e+02,-4.95e+01,1.70e+02,4.60e+01
-1.68e+02,-5.36e+01,1.69e+02,4.60e+01
-1.69e+02,-5.50e+01,1.68e+02,4.60e+01
-1.74e+02,-6.16e+01,1.69e+02,4.70e+01
-1.71e+02,-5.00e+01,1.70e+02,4.80e+01
-1.78e+02,-5.66e+01,1.71e+02,4.80e+01
-1.95e+02,-7.55e+01,1.69e+02,4.70e+01
-1.71e+02,-5.35e+01,1.66e+02,4.60e+01
-1.66e+02,-6.09e+01,1.66e+02,4.60e+01
-1.68e+02,-5.71e+01,1.71e+02,4.60e+01
-1.79e+02,-6.47e+01,1.70e+02,4.60e+01
-1.81e+02,-5.00e+01,1.72e+02,4.70e+01
-1.71e+02,-6.44e+01,1.68e+02,4.60e+01
-1.92e+02,-8.30e+01,1.67e+02,4.60e+01
-1.79e+02,-6.50e+01,1.66e+02,4.60e+01
-2.42e+02,-6.11e+01,1.70e+02,4.70e+01
-2.04e+02,-7.85e+01,1.68e+02,4.70e+01
-1.69e+02,-5.32e+01,1.70e+02,4.60e+01
-1.76e+02,-5.87e+01,1.71e+02,4.70e+01
-4.38e+02,-1.32e+02,1.71e+02,4.70e+01
-1.72e+02,-5.59e+01,1.69e+02,4.60e+01
-1.73e+02,-4.37e+01,1.72e+02,4.70e+01
-1.74e+02,-5.16e+01,1.67e+02,4.60e+01
-2.53e+02,-8.35e+01,1.72e+02,4.80e+01
-1.77e+02,-5.85e+01,1.67e+02,4.60e+01
-1.77e+02,-4.80e+01,1.69e+02,4.60e+01
-1.88e+02,-5.01e+01,1.66e+02,4.60e+01
-1.72e+02,-5.09e+01,1.70e+02,4.80e+01
-1.72e+02,-5.24e+01,1.70e+02,4.60e+01
-1.77e+02,-5.28e+01,1.69e+02,4.70e+01
-1.73e+02,-5.08e+01,1.69e+02,4.60e+01
-3.41e+02,-7.89e+01,1.67e+02,4.60e+01
-1.70e+02,-5.42e+01,1.66e+02,4.60e+01
-1.67e+02,-6.91e+01,1.69e+02,4.80e+01
-1.69e+02,-5.92e+01,1.68e+02,4.70e+01
-2.34e+02,-6.24e+01,1.67e+02,4.60e+01
-1.82e+02,-5.32e+01,1.71e+02,4.70e+01
-1.67e+02,-5.65e+01,1.67e+02,4.70e+01
-1.68e+02,-5.77e+01,1.66e+02,4.60e+01
-1.83e+02,-4.16e+01,1.67e+02,4.60e+01
-1.64e+02,-4.73e+01,1.71e+02,4.80e+01
-1.72e+02,-5.68e+01,1.69e+02,4.70e+01
-1.77e+02,-5.73e+01,1.71e+02,4.70e+01
-1.70e+02,-5.10e+01,1.70e+02,4.70e+01
-1.77e+02,-6.86e+01,1.72e+02,4.70e+01
-1.67e+02,-4.96e+01,1.69e+02,4.60e+01
-1.74e+02,-4.17e+01,1.69e+02,4.60e+01
-1.68e+02,-5.54e+01,1.71e+02,4.70e+01
-1.66e+02,-5.89e+01,1.71e+02,4.70e+01
-1.71e+02,-4.39e+01,1.69e+02,4.70e+01
-1.76e+02,-4.88e+01,1.66e+02,4.60e+01
-1.66e+02,-5.60e+01,1.66e+02,4.60e+01
-1.71e+02,-6.27e+01,1.68e+02,4.60e+01
-2.25e+02,-5.59e+01,1.69e+02,4.70e+01
-3.01e+02,-6.14e+01,1.67e+02,4.60e+01
-2.79e+02,-1.01e+02,1.70e+02,4.70e+01
-1.72e+02,-7.42e+01,1.68e+02,4.80e+01
-1.68e+02,-6.31e+01,1.70e+02,4.60e+01
-1.68e+02,-4.61e+01,1.68e+02,4.60e+01
-1.69e+02,-6.30e+01,1.71e+02,4.60e+01
-1.79e+02,-5.96e+01,1.66e+02,4.60e+01
-1.64e+02,-4.58e+01,1.67e+02,4.60e+01
-1.80e+02,-6.16e+01,1.67e+02,4.60e+01
-1.77e+02,-4.83e+01,1.70e+02,4.80e+01
-1.66e+02,-5.29e+01,1.70e+02,4.80e+01
-1.91e+02,-8.44e+01,1.69e+02,4.60e+01
-1.68e+02,-6.12e+01,1.71e+02,4.80e+01
-2.06e+02,-1.28e+02,1.71e+02,4.70e+01
-1.72e+02,-6.03e+01,1.66e+02,4.60e+01
-1.76e+02,-5.14e+01,1.71e+02,4.70e+01
-1.79e+02,-5.25e+01,1.70e+02,4.60e+01
