-2.61e+02,-1.12e+02,9.00e+00,1.00e+01
-3.70e+02,-7.34e+01,9.00e+00,1.00e+01
-2.80e+02,-8.75e+01,9.00e+00,1.00e+01
-2.63e+02,-9.22e+01,9.00e+00,1.00e+01
-2.61e+02,-1.12e+02,1.00e+01,1.10e+01
-2.80e+02,-8.75e+01,9.00e+00,1.00e+01
-2.76e+02,-9.18e+01,1.10e+01,1.10e+01
-2.76e+02,-9.18e+01,1.20e+01,1.20e+01
-2.63e+02,-9.22e+01,9.00e+00,1.00e+01
-2.63e+02,-9.22e+01,9.00e+00,1.00e+01
-2.61e+02,-1.12e+02,9.00e+00,1.00e+01
-2.61e+02,-1.12e+02,9.00e+00,1.00e+01
-2.63e+02,-9.22e+01,9.00e+00,1.00e+01
-2.63e+02,-9.22e+01,9.00e+00,1.00e+01
-2.63e+02,-9.22e+01,9.00e+00,1.00e+01
-2.63e+02,-9.22e+01,9.00e+00,1.00e+01
-2.63e+02,-9.22e+01,9.00e+00,1.00e+01
-2.63e+02,-9.22e+01,9.00e+00,1.00e+01
-2.63e+02,-9.22e+01,1.00e+01,1.00e+01
-2.62e+02,-1.17e+02,9.00e+00,1.00e+01
-3.70e+02,-7.48e+01,9.00e+00,1.00e+01
-3.12e+02,-9.07e+01,9.00e+00,1.00e+01
-3.70e+02,-7.48e+01,9.00e+00,1.00e+01
-2.65e+02,-1.05e+02,9.00e+00,1.00e+01
-2.83e+02,-9.22e+01,1.00e+01,1.00e+01
-2.62e+02,-1.17e+02,9.00e+00,1.00e+01
-2.69e+02,-1.00e+02,9.00e+00,1.00e+01
-2.77e+02,-9.74e+01,1.10e+01,1.10e+01
-2.79e+02,-9.27e+01,1.10e+01,1.10e+01
-2.79e+02,-9.27e+01,1.20e+01,1.20e+01
-2.81e+02,-9.06e+01,9.00e+00,1.00e+01
-4.03e+02,-2.15e+02,9.00e+00,1.00e+01
-2.87e+02,-1.11e+02,1.20e+01,1.10e+01
-4.40e+02,-1.43e+02,1.00e+01,1.10e+01
-2.79e+02,-9.27e+01,1.20e+01,1.10e+01
-2.67e+02,-1.10e+02,9.00e+00,1.00e+01
-2.94e+02,-9.22e+01,1.00e+01,1.00e+01
-5.00e+02,-4.99e+02,9.00e+00,1.00e+01
-2.86e+02,-1.01e+02,9.00e+00,1.00e+01
-2.71e+02,-1.09e+02,9.00e+00,1.00e+01
-5.00e+02,-5.00e+02,9.00e+00,1.00e+01
-2.79e+02,-9.27e+01,1.10e+01,1.10e+01
-2.84e+02,-9.74e+01,1.10e+01,1.10e+01
-3.40e+02,-1.70e+02,9.00e+00,1.00e+01
-4.82e+02,-3.96e+02,9.00e+00,1.00e+01
-2.79e+02,-9.27e+01,1.10e+01,1.10e+01
-3.38e+02,-1.27e+02,9.00e+00,1.00e+01
-2.76e+02,-9.18e+01,1.20e+01,1.20e+01
-2.87e+02,-1.30e+02,1.20e+01,1.20e+01
-3.28e+02,-9.77e+01,9.00e+00,1.00e+01
-3.12e+02,-1.92e+02,9.00e+00,1.00e+01
-3.38e+02,-1.27e+02,9.00e+00,1.00e+01
-3.14e+02,-1.84e+02,1.00e+01,1.10e+01
-5.00e+02,-5.00e+02,9.00e+00,1.00e+01
-2.69e+02,-1.18e+02,9.00e+00,1.00e+01
-3.13e+02,-1.01e+02,1.10e+01,1.10e+01
-2.69e+02,-1.10e+02,9.00e+00,1.00e+01
-4.18e+02,-1.73e+02,9.00e+00,1.00e+01
-3.80e+02,-1.21e+02,9.00e+00,1.00e+01
-5.00e+02,-5.00e+02,1.20e+01,1.20e+01
-2.79e+02,-9.27e+01,1.20e+01,1.20e+01
-4.86e+02,-4.14e+02,9.00e+00,1.00e+01
-5.00e+02,-5.00e+02,1.00e+01,1.10e+01
-4.52e+02,-2.15e+02,1.10e+01,1.10e+01
-3.92e+02,-1.39e+02,1.00e+01,1.10e+01
-4.75e+02,-3.63e+02,9.00e+00,1.00e+01
-2.94e+02,-9.26e+01,1.10e+01,1.10e+01
-3.01e+02,-1.21e+02,9.00e+00,1.00e+01
-2.61e+02,-1.12e+02,9.00e+00,1.00e+01
-2.67e+02,-1.19e+02,1.00e+01,1.10e+01
-5.00e+02,-5.00e+02,9.00e+00,1.00e+01
-5.00e+02,-5.00e+02,9.00e+00,1.00e+01
-2.63e+02,-9.22e+01,9.00e+00,1.00e+01
-2.70e+02,-1.09e+02,9.00e+00,1.00e+01
-2.73e+02,-1.00e+02,9.00e+00,1.00e+01
-2.65e+02,-1.05e+02,9.00e+00,1.00e+01
-5.00e+02,-5.00e+02,9.00e+00,1.00e+01
-2.73e+02,-1.10e+02,9.00e+00,1.00e+01
-2.84e+02,-1.37e+02,1.10e+01,1.10e+01
-5.00e+02,-5.00e+02,1.00e+01,1.00e+01
-3.95e+02,-1.86e+02,1.30e+01,1.30e+01
-2.81e+02,-9.06e+01,9.00e+00,1.00e+01
-5.00e+02,-5.00e+02,9.00e+00,1.00e+01
-2.69e+02,-1.16e+02,9.00e+00,1.00e+01
-2.70e+02,-1.09e+02,9.00e+00,1.00e+01
-5.00e+02,-5.00e+02,9.00e+00,1.00e+01
-5.00e+02,-5.00e+02,9.00e+00,1.00e+01
-2.62e+02,-1.17e+02,9.00e+00,1.00e+01
-2.82e+02,-9.24e+01,1.10e+01,1.10e+01
-4.47e+02,-3.17e+02,9.00e+00,1.00e+01
-3.12e+02,-1.32e+02,9.00e+00,1.00e+01
-2.79e+02,-9.27e+01,1.20e+01,1.10e+01
-2.72e+02,-1.21e+02,9.00e+00,1.00e+01
-5.00e+02,-5.00e+02,9.00e+00,1.00e+01
-2.73e+02,-1.21e+02,9.00e+00,1.00e+01
-3.11e+02,-9.69e+01,1.00e+01,1.00e+01
