-1.29e+02,-4.52e+01,5.10e+01,2.50e+01
-1.26e+02,-4.99e+01,5.30e+01,2.50e+01
-1.28e+02,-4.95e+01,5.10e+01,2.50e+01
-1.32e+02,-4.10e+01,5.30e+01,2.50e+01
-1.32e+02,-5.01e+01,5.20e+01,2.50e+01
-1.23e+02,-4.59e+01,5.10e+01,2.50e+01
-1.25e+02,-4.52e+01,5.30e+01,2.60e+01
-1.26e+02,-4.64e+01,5.20e+01,2.50e+01
-1.22e+02,-4.30e+01,5.10e+01,2.50e+01
-1.21e+02,-4.13e+01,5.30e+01,2.50e+01
-1.30e+02,-5.09e+01,5.20e+01,2.60e+01
-1.25e+02,-4.50e+01,5.10e+01,2.50e+01
-1.25e+02,-4.57e+01,5.50e+01,2.50e+01
-1.32e+02,-4.44e+01,5.20e+01,2.50e+01
-1.27e+02,-4.75e+01,5.30e+01,2.60e+01
-1.26e+02,-4.49e+01,5.10e+01,2.50e+01
-1.29e+02,-4.48e+01,5.70e+01,2.70e+01
-1.29e+02,-4.36e+01,5.20e+01,2.50e+01
-1.28e+02,-4.46e+01,5.40e+01,2.60e+01
-1.32e+02,-4.96e+01,5.60e+01,2.60e+01
-1.26e+02,-4.45e+01,5.30e+01,2.60e+01
-1.25e+02,-4.65e+01,5.10e+01,2.50e+01
-1.27e+02,-4.36e+01,5.60e+01,2.60e+01
-1.26e+02,-4.58e+01,5.20e+01,2.50e+01
-1.32e+02,-4.77e+01,5.30e+01,2.60e+01
-1.29e+02,-4.64e+01,5.50e+01,2.60e+01
-1.26e+02,-4.32e+01,5.10e+01,2.50e+01
-1.26e+02,-4.48e+01,5.30e+01,2.50e+01
-1.27e+02,-3.83e+01,5.20e+01,2.50e+01
-1.26e+02,-4.51e+01,5.40e+01,2.50e+01
-1.23e+02,-4.31e+01,5.20e+01,2.50e+01
-1.25e+02,-4.33e+01,5.30e+01,2.50e+01
-1.27e+02,-4.39e+01,5.30e+01,2.60e+01
-1.30e+02,-4.67e+01,5.20e+01,2.50e+01
-1.30e+02,-4.62e+01,5.20e+01,2.60e+01
-1.26e+02,-4.50e+01,5.20e+01,2.50e+01
-1.28e+02,-4.95e+01,5.30e+01,2.60e+01
-1.29e+02,-4.53e+01,5.30e+01,2.50e+01
-4.25e+02,-5.33e+01,5.10e+01,2.50e+01
-1.39e+02,-4.61e+01,5.10e+01,2.50e+01
-1.31e+02,-4.79e+01,5.30e+01,2.50e+01
-1.23e+02,-4.40e+01,5.40e+01,2.50e+01
-1.29e+02,-4.48e+01,5.10e+01,2.50e+01
-1.32e+02,-4.77e+01,5.30e+01,2.50e+01
-1.31e+02,-4.35e+01,5.20e+01,2.50e+01
-1.24e+02,-3.77e+01,5.20e+01,2.50e+01
-1.34e+02,-5.29e+01,5.30e+01,2.50e+01
-1.28e+02,-4.43e+01,5.30e+01,2.50e+01
-1.29e+02,-4.94e+01,5.40e+01,2.50e+01
-1.26e+02,-4.42e+01,5.30e+01,2.60e+01
-1.63e+02,-4.42e+01,5.30e+01,2.60e+01
-3.52e+02,-4.49e+01,5.30e+01,2.50e+01
-1.23e+02,-4.40e+01,5.30e+01,2.50e+01
-1.32e+02,-4.66e+01,5.40e+01,2.60e+01
-1.28e+02,-4.60e+01,5.10e+01,2.50e+01
-1.24e+02,-4.38e+01,5.50e+01,2.50e+01
-1.24e+02,-4.62e+01,5.20e+01,2.50e+01
-1.27e+02,-4.59e+01,5.30e+01,2.60e+01
-1.28e+02,-4.38e+01,5.80e+01,2.70e+01
-1.23e+02,-4.47e+01,5.10e+01,2.50e+01
-1.26e+02,-4.08e+01,5.20e+01,2.50e+01
-1.34e+02,-4.63e+01,5.30e+01,2.50e+01
-1.31e+02,-4.96e+01,5.10e+01,2.50e+01
-3.51e+02,-4.92e+01,5.20e+01,2.50e+01
-1.34e+02,-4.85e+01,5.30e+01,2.60e+01
-1.27e+02,-4.54e+01,5.70e+01,2.70e+01
-1.27e+02,-4.92e+01,5.30e+01,2.50e+01
-5.00e+02,-5.00e+02,5.40e+01,2.60e+01
-1.26e+02,-4.79e+01,5.10e+01,2.50e+01
-1.27e+02,-4.62e+01,5.10e+01,2.50e+01
-1.25e+02,-4.69e+01,5.30e+01,2.50e+01
-2.00e+02,-4.60e+01,5.20e+01,2.50e+01
-4.45e+02,-1.76e+02,5.40e+01,2.60e+01
-3.53e+02,-4.33e+01,5.30e+01,2.50e+01
-1.24e+02,-4.73e+01,5.40e+01,2.50e+01
-2.30e+02,-5.23e+01,5.20e+01,2.50e+01
-1.32e+02,-4.66e+01,5.30e+01,2.60e+01
-1.28e+02,-4.60e+01,5.20e+01,2.50e+01
-1.31e+02,-4.57e+01,5.80e+01,2.80e+01
-1.34e+02,-4.77e+01,5.20e+01,2.50e+01
-3.53e+02,-4.38e+01,5.30e+01,2.60e+01
-1.39e+02,-5.16e+01,5.80e+01,2.70e+01
-4.25e+02,-5.39e+01,5.20e+01,2.50e+01
-1.25e+02,-4.37e+01,5.20e+01,2.50e+01
-1.25e+02,-4.72e+01,5.60e+01,2.60e+01
-1.29e+02,-4.57e+01,5.20e+01,2.50e+01
-1.27e+02,-4.79e+01,5.20e+01,2.50e+01
-1.27e+02,-4.73e+01,5.40e+01,2.50e+01
-1.24e+02,-4.53e+01,5.30e+01,2.50e+01
-1.29e+02,-4.78e+01,5.10e+01,2.50e+01
-2.01e+02,-4.26e+01,5.10e+01,2.50e+01
-1.24e+02,-3.88e+01,5.30e+01,2.50e+01
-2.02e+02,-4.88e+01,5.30e+01,2.50e+01
-3.54e+02,-4.77e+01,5.20e+01,2.50e+01
-1.31e+02,-4.35e+01,5.10e+01,2.50e+01
-1.23e+02,-4.25e+01,5.20e+01,2.50e+01
-1.30e+02,-4.54e+01,5.20e+01,2.60e+01
-1.25e+02,-4.43e+01,5.20e+01,2.60e+01
-1.28e+02,-4.81e+01,5.30e+01,2.50e+01
-1.25e+02,-4.73e+01,5.20e+01,2.50e+01
-2.03e+02,-5.15e+01,5.10e+01,2.50e+01
-1.28e+02,-4.34e+01,5.50e+01,2.50e+01
-4.27e+02,-6.52e+01,5.50e+01,2.50e+01
-1.25e+02,-4.59e+01,5.70e+01,2.60e+01
-1.27e+02,-4.58e+01,5.20e+01,2.50e+01
-1.29e+02,-4.48e+01,5.40e+01,2.60e+01
-1.24e+02,-4.52e+01,5.30e+01,2.60e+01
-1.32e+02,-5.23e+01,5.20e+01,2.50e+01
-1.30e+02,-4.66e+01,5.30e+01,2.60e+01
-1.35e+02,-4.94e+01,5.10e+01,2.50e+01
-1.28e+02,-5.10e+01,5.20e+01,2.50e+01
-1.26e+02,-4.57e+01,5.30e+01,2.60e+01
-4.40e+02,-1.43e+02,5.30e+01,2.50e+01
-1.24e+02,-4.37e+01,5.60e+01,2.60e+01
-1.33e+02,-4.23e+01,5.30e+01,2.60e+01
-1.38e+02,-4.64e+01,5.20e+01,2.50e+01
-1.23e+02,-3.82e+01,5.10e+01,2.50e+01
-1.24e+02,-3.90e+01,5.30e+01,2.60e+01
-1.25e+02,-4.40e+01,5.10e+01,2.50e+01
-1.26e+02,-4.71e+01,5.10e+01,2.50e+01
-3.50e+02,-4.67e+01,5.70e+01,2.70e+01
-1.28e+02,-5.10e+01,5.40e+01,2.50e+01
-5.00e+02,-5.00e+02,5.20e+01,2.60e+01
-1.27e+02,-4.23e+01,5.60e+01,2.60e+01
-1.28e+02,-4.48e+01,5.50e+01,2.60e+01
-3.99e+02,-5.13e+01,5.30e+01,2.60e+01
-1.33e+02,-4.78e+01,5.40e+01,2.50e+01
-1.30e+02,-5.01e+01,5.70e+01,2.70e+01
-1.28e+02,-4.79e+01,5.30e+01,2.50e+01
-1.24e+02,-4.48e+01,5.30e+01,2.50e+01
-1.28e+02,-5.09e+01,5.30e+01,2.50e+01
-1.24e+02,-4.47e+01,5.10e+01,2.50e+01
-1.30e+02,-4.71e+01,5.30e+01,2.50e+01
-5.00e+02,-5.00e+02,5.30e+01,2.50e+01
-1.24e+02,-4.46e+01,5.10e+01,2.50e+01
-1.26e+02,-4.69e+01,5.20e+01,2.50e+01
-1.28e+02,-4.92e+01,5.10e+01,2.50e+01
-5.00e+02,-5.00e+02,5.10e+01,2.50e+01
-2.21e+02,-5.35e+01,5.60e+01,2.50e+01
-1.26e+02,-4.46e+01,5.10e+01,2.50e+01
-1.24e+02,-4.38e+01,5.30e+01,2.50e+01
-1.23e+02,-4.42e+01,5.30e+01,2.60e+01
-1.35e+02,-4.83e+01,5.20e+01,2.50e+01
-1.25e+02,-4.58e+01,5.30e+01,2.50e+01
-1.29e+02,-4.44e+01,5.60e+01,2.50e+01
-1.27e+02,-4.56e+01,5.10e+01,2.50e+01
-1.31e+02,-4.71e+01,5.30e+01,2.70e+01
-2.04e+02,-4.65e+01,5.80e+01,2.80e+01
-1.30e+02,-4.72e+01,5.20e+01,2.50e+01
-1.33e+02,-5.34e+01,5.30e+01,2.50e+01
-1.28e+02,-4.60e+01,5.40e+01,2.50e+01
-1.41e+02,-4.27e+01,5.10e+01,2.50e+01
-1.30e+02,-4.36e+01,5.70e+01,2.60e+01
-1.26e+02,-4.36e+01,5.40e+01,2.70e+01
-4.26e+02,-5.78e+01,5.30e+01,2.50e+01
-1.31e+02,-4.85e+01,5.40e+01,2.50e+01
-1.27e+02,-4.66e+01,5.40e+01,2.60e+01
-5.00e+02,-5.00e+02,5.40e+01,2.50e+01
-1.99e+02,-4.42e+01,5.20e+01,2.50e+01
-5.00e+02,-5.00e+02,5.10e+01,2.50e+01
-1.27e+02,-4.47e+01,5.20e+01,2.50e+01
-1.24e+02,-4.42e+01,5.30e+01,2.60e+01
-4.24e+02,-4.85e+01,5.30e+01,2.50e+01
-1.27e+02,-4.61e+01,5.20e+01,2.60e+01
-1.39e+02,-5.24e+01,5.10e+01,2.50e+01
-1.26e+02,-4.77e+01,5.20e+01,2.60e+01
-1.28e+02,-4.29e+01,5.40e+01,2.50e+01
-4.34e+02,-1.08e+02,5.40e+01,2.60e+01
-1.30e+02,-4.43e+01,5.20e+01,2.60e+01
-1.28e+02,-4.25e+01,5.20e+01,2.60e+01
-1.26e+02,-4.44e+01,5.40e+01,2.50e+01
-1.25e+02,-4.51e+01,5.20e+01,2.50e+01
-3.53e+02,-5.81e+01,5.40e+01,2.60e+01
-1.26e+02,-4.61e+01,5.10e+01,2.50e+01
-1.27e+02,-4.27e+01,5.30e+01,2.50e+01
-2.25e+02,-4.82e+01,5.30e+01,2.50e+01
-1.26e+02,-4.73e+01,5.60e+01,2.60e+01
-1.31e+02,-4.81e+01,5.30e+01,2.60e+01
-1.25e+02,-4.09e+01,5.20e+01,2.50e+01
-2.04e+02,-4.79e+01,5.20e+01,2.50e+01
-1.25e+02,-4.62e+01,5.20e+01,2.50e+01
-1.24e+02,-4.63e+01,5.70e+01,2.70e+01
-1.24e+02,-4.11e+01,5.20e+01,2.60e+01
-5.00e+02,-5.00e+02,5.30e+01,2.60e+01
-1.28e+02,-4.76e+01,5.10e+01,2.50e+01
-1.25e+02,-4.67e+01,5.20e+01,2.50e+01
-1.31e+02,-4.56e+01,5.10e+01,2.50e+01
-1.30e+02,-4.73e+01,5.10e+01,2.50e+01
-1.28e+02,-4.48e+01,5.20e+01,2.50e+01
-1.27e+02,-4.52e+01,5.20e+01,2.60e+01
-1.28e+02,-5.11e+01,5.40e+01,2.50e+01
-5.00e+02,-5.00e+02,5.10e+01,2.50e+01
