-1.29e+02,-4.88e+01,7.30e+01,3.00e+01
-6.44e+01,-4.46e+01,7.60e+01,3.20e+01
-1.29e+02,-4.66e+01,7.20e+01,3.00e+01
-8.10e+01,-4.55e+01,7.70e+01,3.20e+01
-7.05e+01,-4.76e+01,7.60e+01,3.20e+01
-6.75e+01,-5.15e+01,7.40e+01,3.20e+01
-6.87e+01,-5.11e+01,8.00e+01,3.10e+01
-1.41e+02,-5.10e+01,7.50e+01,3.10e+01
-6.60e+01,-4.83e+01,7.70e+01,3.20e+01
-6.60e+01,-4.44e+01,7.40e+01,3.20e+01
-6.94e+01,-4.60e+01,8.00e+01,3.10e+01
-6.19e+01,-4.62e+01,7.60e+01,3.20e+01
-6.51e+01,-4.84e+01,7.60e+01,3.20e+01
-7.20e+01,-4.61e+01,7.60e+01,3.20e+01
-7.44e+01,-5.17e+01,7.40e+01,3.10e+01
-1.28e+02,-4.66e+01,7.20e+01,3.10e+01
-6.49e+01,-4.60e+01,7.50e+01,2.90e+01
-1.25e+02,-4.50e+01,7.30e+01,3.00e+01
-6.84e+01,-4.48e+01,7.40e+01,2.90e+01
-1.35e+02,-5.25e+01,7.00e+01,2.90e+01
-6.35e+01,-4.63e+01,8.10e+01,3.10e+01
-6.72e+01,-5.20e+01,7.40e+01,3.10e+01
-7.08e+01,-5.22e+01,7.40e+01,3.20e+01
-6.53e+01,-4.72e+01,7.30e+01,3.10e+01
-1.29e+02,-4.59e+01,6.90e+01,2.90e+01
-7.06e+01,-4.81e+01,7.50e+01,3.20e+01
-6.43e+01,-4.63e+01,8.00e+01,3.10e+01
-7.28e+01,-4.55e+01,7.50e+01,3.20e+01
-9.88e+01,-7.23e+01,7.70e+01,3.20e+01
-2.97e+02,-5.65e+01,7.70e+01,3.30e+01
-6.31e+01,-4.76e+01,7.80e+01,3.20e+01
-6.37e+01,-4.53e+01,7.60e+01,2.90e+01
-4.36e+02,-1.17e+02,7.60e+01,3.20e+01
-3.20e+02,-1.15e+02,7.80e+01,3.20e+01
-7.90e+01,-5.43e+01,7.70e+01,3.20e+01
-1.32e+02,-4.57e+01,7.10e+01,2.90e+01
-6.59e+01,-4.50e+01,7.60e+01,3.20e+01
-8.43e+01,-6.06e+01,7.40e+01,3.20e+01
-6.87e+01,-4.72e+01,7.70e+01,3.20e+01
-1.25e+02,-4.61e+01,7.20e+01,3.00e+01
-1.26e+02,-4.19e+01,6.90e+01,2.90e+01
-7.15e+01,-5.37e+01,7.50e+01,3.10e+01
-6.55e+01,-4.61e+01,7.40e+01,3.20e+01
-1.31e+02,-4.31e+01,7.30e+01,3.00e+01
-6.75e+01,-5.05e+01,7.50e+01,3.20e+01
-1.28e+02,-4.87e+01,7.50e+01,3.10e+01
-1.28e+02,-4.22e+01,7.10e+01,2.90e+01
-1.32e+02,-4.08e+01,7.30e+01,3.10e+01
-7.91e+01,-4.95e+01,7.60e+01,3.20e+01
-7.25e+01,-4.86e+01,7.70e+01,3.20e+01
-7.65e+01,-4.45e+01,8.00e+01,3.10e+01
-6.81e+01,-4.41e+01,8.10e+01,3.10e+01
-7.66e+01,-5.02e+01,7.60e+01,3.20e+01
-1.26e+02,-4.47e+01,7.50e+01,3.10e+01
-6.49e+01,-4.58e+01,7.70e+01,3.20e+01
-6.54e+01,-4.79e+01,7.80e+01,3.20e+01
-2.08e+02,-4.49e+01,7.60e+01,3.10e+01
-1.24e+02,-4.48e+01,7.50e+01,3.10e+01
-7.06e+01,-4.82e+01,7.40e+01,3.20e+01
-7.25e+01,-4.99e+01,7.90e+01,3.30e+01
-6.59e+01,-4.58e+01,7.60e+01,3.20e+01
-1.26e+02,-4.34e+01,7.30e+01,3.00e+01
-1.10e+02,-6.05e+01,7.70e+01,3.20e+01
-6.81e+01,-4.46e+01,7.80e+01,3.20e+01
-1.27e+02,-4.93e+01,7.30e+01,3.00e+01
-6.98e+01,-5.46e+01,7.80e+01,3.30e+01
-6.76e+01,-4.60e+01,7.70e+01,3.20e+01
-6.64e+01,-4.47e+01,7.80e+01,3.30e+01
-4.28e+02,-6.99e+01,7.40e+01,3.10e+01
-1.33e+02,-5.00e+01,7.60e+01,3.10e+01
-1.29e+02,-4.72e+01,7.40e+01,3.10e+01
-1.29e+02,-4.47e+01,7.00e+01,2.90e+01
-6.72e+01,-4.45e+01,7.70e+01,3.20e+01
-7.42e+01,-4.73e+01,7.80e+01,3.20e+01
-7.20e+01,-4.84e+01,7.50e+01,3.10e+01
-7.29e+01,-4.24e+01,7.70e+01,3.20e+01
-6.74e+01,-4.59e+01,7.70e+01,3.20e+01
-6.68e+01,-4.71e+01,7.70e+01,3.20e+01
-1.34e+02,-4.44e+01,7.30e+01,3.00e+01
-6.73e+01,-4.54e+01,7.50e+01,3.20e+01
-4.29e+02,-7.32e+01,7.20e+01,3.00e+01
-2.02e+02,-4.59e+01,7.30e+01,3.00e+01
-6.74e+01,-5.03e+01,7.70e+01,3.20e+01
-8.41e+01,-4.70e+01,7.70e+01,3.20e+01
-1.32e+02,-4.82e+01,7.70e+01,3.20e+01
-1.28e+02,-4.91e+01,7.00e+01,2.90e+01
-2.06e+02,-4.68e+01,7.60e+01,3.10e+01
-7.64e+01,-4.28e+01,7.70e+01,3.20e+01
-6.60e+01,-4.45e+01,7.50e+01,3.20e+01
-1.47e+02,-6.16e+01,7.60e+01,3.20e+01
-6.37e+01,-4.57e+01,7.80e+01,3.30e+01
-6.39e+01,-4.42e+01,7.70e+01,3.20e+01
-1.41e+02,-5.05e+01,7.50e+01,2.90e+01
-4.36e+02,-1.19e+02,7.50e+01,3.30e+01
-5.00e+02,-5.00e+02,8.10e+01,3.10e+01
-7.66e+01,-4.45e+01,8.20e+01,3.20e+01
-2.55e+02,-1.22e+02,7.20e+01,3.00e+01
-1.27e+02,-4.97e+01,7.50e+01,3.10e+01
-7.38e+01,-4.83e+01,7.60e+01,3.20e+01
-7.39e+01,-4.73e+01,7.60e+01,3.20e+01
-8.24e+01,-5.15e+01,7.60e+01,3.20e+01
-7.23e+01,-4.40e+01,8.00e+01,3.10e+01
-1.32e+02,-4.89e+01,7.20e+01,3.00e+01
-7.02e+01,-4.47e+01,8.10e+01,3.10e+01
-6.68e+01,-4.74e+01,7.70e+01,3.20e+01
-7.07e+01,-4.39e+01,7.40e+01,2.90e+01
-8.41e+01,-5.85e+01,7.70e+01,3.20e+01
-4.33e+02,-1.01e+02,7.30e+01,3.10e+01
-1.32e+02,-4.46e+01,7.30e+01,3.00e+01
-1.26e+02,-4.13e+01,7.30e+01,3.00e+01
-8.17e+01,-5.10e+01,7.70e+01,3.20e+01
-2.90e+02,-5.90e+01,7.60e+01,3.00e+01
-7.72e+01,-4.58e+01,7.80e+01,3.20e+01
-6.76e+01,-4.35e+01,7.60e+01,2.90e+01
-6.50e+01,-4.47e+01,7.50e+01,3.20e+01
-4.25e+02,-5.00e+01,7.30e+01,3.10e+01
-6.78e+01,-4.63e+01,7.70e+01,3.20e+01
-6.88e+01,-4.66e+01,7.70e+01,3.30e+01
-3.65e+02,-5.83e+01,7.70e+01,3.20e+01
-6.56e+01,-4.63e+01,8.00e+01,3.10e+01
-2.92e+02,-6.52e+01,8.00e+01,3.10e+01
-1.23e+02,-4.30e+01,7.30e+01,3.00e+01
-6.94e+01,-4.77e+01,8.00e+01,3.10e+01
-1.28e+02,-4.82e+01,7.50e+01,3.10e+01
-1.00e+02,-7.96e+01,7.70e+01,3.20e+01
-6.24e+01,-4.60e+01,7.80e+01,3.20e+01
-7.00e+01,-5.04e+01,7.40e+01,3.10e+01
-1.22e+02,-4.07e+01,7.20e+01,3.00e+01
-6.91e+01,-4.95e+01,8.00e+01,3.10e+01
-1.42e+02,-5.02e+01,7.40e+01,3.20e+01
-7.24e+01,-4.99e+01,7.80e+01,3.20e+01
-2.02e+02,-5.12e+01,7.30e+01,3.10e+01
-3.66e+02,-7.54e+01,7.40e+01,3.20e+01
-9.80e+01,-6.34e+01,7.70e+01,3.20e+01
-7.18e+01,-4.28e+01,7.50e+01,3.20e+01
-2.02e+02,-4.48e+01,7.20e+01,3.00e+01
-7.74e+01,-4.65e+01,7.90e+01,3.30e+01
-6.90e+01,-4.73e+01,7.60e+01,3.20e+01
-5.00e+02,-5.00e+02,7.00e+01,2.90e+01
-1.26e+02,-4.31e+01,7.20e+01,3.00e+01
-7.19e+01,-5.61e+01,7.70e+01,3.20e+01
-1.28e+02,-4.95e+01,7.20e+01,3.00e+01
-1.26e+02,-4.56e+01,7.40e+01,3.10e+01
-7.38e+01,-5.18e+01,7.50e+01,3.10e+01
-7.15e+01,-4.72e+01,7.80e+01,3.20e+01
-7.30e+01,-4.81e+01,7.80e+01,3.30e+01
-6.61e+01,-4.85e+01,7.50e+01,3.20e+01
-2.93e+02,-5.15e+01,7.60e+01,3.20e+01
-7.65e+01,-5.57e+01,8.00e+01,3.10e+01
-1.28e+02,-4.72e+01,7.30e+01,3.00e+01
-2.80e+02,-6.86e+01,7.60e+01,3.20e+01
-6.56e+01,-4.50e+01,7.80e+01,3.30e+01
-6.87e+01,-4.54e+01,7.50e+01,3.10e+01
-1.33e+02,-5.33e+01,7.30e+01,3.10e+01
-7.06e+01,-5.08e+01,7.70e+01,3.20e+01
-1.24e+02,-4.57e+01,7.50e+01,3.10e+01
-1.25e+02,-4.43e+01,7.70e+01,3.30e+01
-1.35e+02,-5.50e+01,7.60e+01,3.20e+01
-1.35e+02,-4.89e+01,7.40e+01,3.00e+01
-7.11e+01,-4.71e+01,7.80e+01,3.20e+01
-7.11e+01,-5.15e+01,7.40e+01,3.20e+01
-6.69e+01,-4.51e+01,7.60e+01,3.20e+01
-6.90e+01,-4.47e+01,8.10e+01,3.20e+01
-8.26e+01,-6.84e+01,7.70e+01,3.20e+01
-6.84e+01,-4.74e+01,7.70e+01,3.20e+01
-6.61e+01,-4.86e+01,7.80e+01,3.30e+01
-1.23e+02,-4.23e+01,7.30e+01,3.00e+01
-7.38e+01,-4.54e+01,7.70e+01,3.20e+01
-1.36e+02,-4.85e+01,7.40e+01,3.10e+01
-7.11e+01,-4.62e+01,7.50e+01,3.20e+01
-7.02e+01,-4.69e+01,8.00e+01,3.10e+01
-1.31e+02,-4.63e+01,7.20e+01,3.10e+01
-1.24e+02,-4.45e+01,7.20e+01,3.00e+01
-4.26e+02,-5.91e+01,7.20e+01,3.00e+01
-3.52e+02,-4.98e+01,7.30e+01,3.00e+01
-6.81e+01,-4.28e+01,7.70e+01,3.20e+01
-7.49e+01,-5.06e+01,7.40e+01,3.20e+01
-7.00e+01,-4.51e+01,7.70e+01,3.20e+01
-1.27e+02,-4.50e+01,7.80e+01,3.20e+01
-1.29e+02,-4.59e+01,7.20e+01,3.00e+01
-7.66e+01,-5.11e+01,7.40e+01,3.20e+01
-6.60e+01,-4.36e+01,8.00e+01,3.10e+01
-5.00e+02,-4.99e+02,7.20e+01,3.00e+01
-6.98e+01,-5.13e+01,7.60e+01,2.90e+01
-6.71e+01,-4.82e+01,7.50e+01,3.20e+01
-7.69e+01,-5.17e+01,7.60e+01,3.20e+01
-7.41e+01,-4.84e+01,7.60e+01,3.20e+01
-1.26e+02,-4.41e+01,7.30e+01,3.00e+01
-3.50e+02,-4.80e+01,7.30e+01,3.00e+01
-7.24e+01,-4.48e+01,7.70e+01,3.20e+01
-6.85e+01,-4.85e+01,7.50e+01,2.90e+01
-1.28e+02,-4.65e+01,7.50e+01,3.10e+01
