-7.12e+01,-4.58e+01,1.29e+02,4.00e+01
-6.80e+01,-4.52e+01,1.28e+02,4.00e+01
-6.33e+01,-4.40e+01,1.28e+02,4.00e+01
-8.45e+01,-5.86e+01,1.28e+02,4.10e+01
-7.36e+01,-4.62e+01,1.30e+02,4.10e+01
-6.53e+01,-4.42e+01,1.29e+02,4.10e+01
-6.71e+01,-4.62e+01,1.28e+02,4.10e+01
-6.95e+01,-4.18e+01,1.31e+02,4.10e+01
-6.89e+01,-4.37e+01,1.29e+02,4.00e+01
-6.84e+01,-4.51e+01,1.30e+02,4.10e+01
-6.74e+01,-4.24e+01,1.28e+02,4.10e+01
-6.94e+01,-4.18e+01,1.32e+02,4.10e+01
-6.96e+01,-4.90e+01,1.29e+02,4.00e+01
-7.75e+01,-4.63e+01,1.28e+02,4.10e+01
-7.08e+01,-4.73e+01,1.34e+02,4.20e+01
-7.73e+01,-4.78e+01,1.30e+02,4.00e+01
-6.52e+01,-4.61e+01,1.29e+02,4.00e+01
-6.97e+01,-4.83e+01,1.28e+02,4.00e+01
-6.54e+01,-4.64e+01,1.31e+02,4.00e+01
-6.03e+01,-4.38e+01,1.29e+02,4.00e+01
-6.69e+01,-4.56e+01,1.28e+02,4.00e+01
-6.57e+01,-4.52e+01,1.29e+02,4.00e+01
-7.27e+01,-5.27e+01,1.28e+02,4.00e+01
-7.20e+01,-4.66e+01,1.29e+02,4.10e+01
-6.58e+01,-4.40e+01,1.28e+02,4.10e+01
-6.10e+01,-4.47e+01,1.32e+02,4.00e+01
-7.16e+01,-4.53e+01,1.29e+02,4.10e+01
-6.75e+01,-4.20e+01,1.29e+02,4.10e+01
-6.61e+01,-4.45e+01,1.29e+02,4.00e+01
-6.28e+01,-4.55e+01,1.29e+02,4.10e+01
-6.05e+01,-4.42e+01,1.32e+02,4.10e+01
-2.37e+02,-7.47e+01,1.29e+02,4.10e+01
-7.36e+01,-4.23e+01,1.32e+02,4.10e+01
-6.21e+01,-4.22e+01,1.29e+02,4.00e+01
-6.86e+01,-4.74e+01,1.28e+02,4.00e+01
-2.24e+02,-5.95e+01,1.30e+02,4.10e+01
-6.72e+01,-4.25e+01,1.29e+02,4.10e+01
-6.59e+01,-4.73e+01,1.28e+02,4.00e+01
-2.65e+02,-6.33e+01,1.28e+02,4.00e+01
-6.55e+01,-4.23e+01,1.28e+02,4.00e+01
-7.11e+01,-4.88e+01,1.30e+02,4.00e+01
-6.43e+01,-4.83e+01,1.31e+02,4.10e+01
-5.79e+01,-4.50e+01,1.32e+02,4.20e+01
-7.46e+01,-5.00e+01,1.30e+02,4.00e+01
-2.43e+02,-5.26e+01,1.28e+02,4.00e+01
-2.11e+02,-5.57e+01,1.29e+02,4.00e+01
-7.45e+01,-4.76e+01,1.32e+02,4.00e+01
-6.50e+01,-4.57e+01,1.35e+02,4.20e+01
-7.90e+01,-4.66e+01,1.28e+02,4.00e+01
-6.54e+01,-4.98e+01,1.30e+02,4.00e+01
-7.27e+01,-5.02e+01,1.31e+02,4.00e+01
-7.07e+01,-4.75e+01,1.28e+02,4.00e+01
-1.04e+02,-4.84e+01,1.30e+02,4.10e+01
-7.47e+01,-5.12e+01,1.28e+02,4.10e+01
-6.32e+01,-4.22e+01,1.32e+02,4.10e+01
-7.27e+01,-4.47e+01,1.28e+02,4.10e+01
-6.79e+01,-4.59e+01,1.29e+02,4.00e+01
-6.55e+01,-4.94e+01,1.31e+02,4.20e+01
-6.55e+01,-4.04e+01,1.33e+02,4.10e+01
-6.31e+01,-4.39e+01,1.28e+02,4.00e+01
-8.10e+01,-5.66e+01,1.29e+02,4.00e+01
-6.82e+01,-4.48e+01,1.30e+02,4.10e+01
-7.00e+01,-4.79e+01,1.29e+02,4.10e+01
-6.55e+01,-4.53e+01,1.30e+02,4.10e+01
-6.81e+01,-4.24e+01,1.30e+02,4.10e+01
-7.33e+01,-5.55e+01,1.30e+02,4.10e+01
-2.12e+02,-5.54e+01,1.28e+02,4.10e+01
-7.90e+01,-4.72e+01,1.28e+02,4.00e+01
-8.06e+01,-4.40e+01,1.29e+02,4.10e+01
-5.82e+01,-4.32e+01,1.29e+02,4.00e+01
-6.78e+01,-4.26e+01,1.29e+02,4.10e+01
-6.70e+01,-4.45e+01,1.29e+02,4.00e+01
-6.58e+01,-4.55e+01,1.30e+02,4.00e+01
-6.05e+01,-4.32e+01,1.28e+02,4.00e+01
-6.50e+01,-4.64e+01,1.29e+02,4.00e+01
-7.03e+01,-4.71e+01,1.28e+02,4.10e+01
-2.98e+02,-7.81e+01,1.28e+02,4.10e+01
-7.45e+01,-4.60e+01,1.28e+02,4.10e+01
-6.23e+01,-4.18e+01,1.30e+02,4.00e+01
-1.09e+02,-6.05e+01,1.35e+02,4.20e+01
-8.00e+01,-4.39e+01,1.28e+02,4.10e+01
-3.68e+02,-8.59e+01,1.29e+02,4.00e+01
-6.18e+01,-4.16e+01,1.30e+02,4.10e+01
-4.54e+02,-2.23e+02,1.31e+02,4.10e+01
-7.92e+01,-4.56e+01,1.29e+02,4.00e+01
-6.53e+01,-4.96e+01,1.29e+02,4.00e+01
-5.00e+02,-5.00e+02,1.30e+02,4.00e+01
-2.19e+02,-4.81e+01,1.32e+02,4.00e+01
-2.57e+02,-6.21e+01,1.29e+02,4.10e+01
-6.00e+01,-3.86e+01,1.29e+02,4.10e+01
-7.16e+01,-5.00e+01,1.28e+02,4.10e+01
-6.41e+01,-3.85e+01,1.29e+02,4.10e+01
-6.80e+01,-4.56e+01,1.31e+02,4.10e+01
-6.92e+01,-4.44e+01,1.28e+02,4.10e+01
-6.18e+01,-4.86e+01,1.29e+02,4.00e+01
-2.96e+02,-1.05e+02,1.30e+02,4.00e+01
-6.92e+01,-4.51e+01,1.30e+02,4.10e+01
-1.27e+02,-4.31e+01,1.29e+02,4.10e+01
-7.65e+01,-5.22e+01,1.33e+02,4.10e+01
-6.13e+01,-4.28e+01,1.31e+02,4.10e+01
-6.66e+01,-4.41e+01,1.30e+02,4.10e+01
-2.24e+02,-7.26e+01,1.30e+02,4.10e+01
-7.17e+01,-4.62e+01,1.30e+02,4.10e+01
-7.08e+01,-4.39e+01,1.35e+02,4.20e+01
-1.09e+02,-4.88e+01,1.29e+02,4.00e+01
-1.33e+02,-4.14e+01,1.29e+02,4.00e+01
-7.51e+01,-5.13e+01,1.30e+02,4.20e+01
-6.22e+01,-4.67e+01,1.29e+02,4.10e+01
-7.62e+01,-4.96e+01,1.32e+02,4.10e+01
-1.44e+02,-6.16e+01,1.30e+02,4.00e+01
-6.20e+01,-3.99e+01,1.29e+02,4.10e+01
-6.92e+01,-4.80e+01,1.29e+02,4.00e+01
-4.38e+02,-1.30e+02,1.29e+02,4.10e+01
-6.91e+01,-4.47e+01,1.29e+02,4.10e+01
-5.99e+01,-4.09e+01,1.29e+02,4.10e+01
-6.65e+01,-4.71e+01,1.30e+02,4.10e+01
-7.25e+01,-4.35e+01,1.29e+02,4.10e+01
-6.04e+01,-4.34e+01,1.30e+02,4.00e+01
-6.24e+01,-3.58e+01,1.35e+02,4.20e+01
-6.53e+01,-4.65e+01,1.29e+02,4.00e+01
-2.41e+02,-5.68e+01,1.28e+02,4.10e+01
-2.05e+02,-6.89e+01,1.29e+02,4.10e+01
-7.08e+01,-4.75e+01,1.28e+02,4.00e+01
-5.62e+01,-4.17e+01,1.31e+02,4.10e+01
-9.20e+01,-6.02e+01,1.28e+02,4.10e+01
-6.57e+01,-4.23e+01,1.32e+02,4.10e+01
-6.63e+01,-3.89e+01,1.29e+02,4.00e+01
-7.47e+01,-5.13e+01,1.30e+02,4.10e+01
-7.14e+01,-4.01e+01,1.28e+02,4.00e+01
-6.37e+01,-3.60e+01,1.35e+02,4.20e+01
-9.30e+01,-4.59e+01,1.28e+02,4.00e+01
-6.64e+01,-5.16e+01,1.30e+02,4.00e+01
-6.66e+01,-5.05e+01,1.31e+02,4.10e+01
-7.04e+01,-4.38e+01,1.30e+02,4.20e+01
-6.62e+01,-4.99e+01,1.31e+02,4.10e+01
-7.09e+01,-5.05e+01,1.36e+02,4.30e+01
-6.82e+01,-4.20e+01,1.29e+02,4.00e+01
-6.70e+01,-4.77e+01,1.31e+02,4.00e+01
-2.34e+02,-5.18e+01,1.31e+02,4.10e+01
-6.69e+01,-4.94e+01,1.29e+02,4.00e+01
-6.73e+01,-4.20e+01,1.30e+02,4.00e+01
-6.64e+01,-4.01e+01,1.30e+02,4.20e+01
-6.60e+01,-3.75e+01,1.32e+02,4.20e+01
-6.89e+01,-5.01e+01,1.29e+02,4.00e+01
-1.30e+02,-6.55e+01,1.32e+02,4.00e+01
-7.08e+01,-4.57e+01,1.30e+02,4.20e+01
-7.59e+01,-4.46e+01,1.31e+02,4.10e+01
-8.04e+01,-4.53e+01,1.29e+02,4.10e+01
-7.24e+01,-4.80e+01,1.28e+02,4.00e+01
-7.19e+01,-4.82e+01,1.29e+02,4.00e+01
-8.31e+01,-5.25e+01,1.35e+02,4.20e+01
-7.64e+01,-4.67e+01,1.30e+02,4.00e+01
-6.06e+01,-4.29e+01,1.30e+02,4.10e+01
-6.80e+01,-4.62e+01,1.29e+02,4.00e+01
-6.81e+01,-4.40e+01,1.29e+02,4.10e+01
-6.96e+01,-3.39e+01,1.28e+02,4.10e+01
-6.52e+01,-4.80e+01,1.28e+02,4.10e+01
-6.64e+01,-4.72e+01,1.31e+02,4.10e+01
-1.30e+02,-5.24e+01,1.29e+02,4.00e+01
-8.05e+01,-5.37e+01,1.29e+02,4.00e+01
-7.03e+01,-4.59e+01,1.28e+02,4.10e+01
-6.63e+01,-4.36e+01,1.31e+02,4.10e+01
-7.45e+01,-4.86e+01,1.29e+02,4.00e+01
-6.31e+01,-3.99e+01,1.29e+02,4.10e+01
-6.49e+01,-4.97e+01,1.30e+02,4.00e+01
-2.51e+02,-6.12e+01,1.29e+02,4.00e+01
-8.39e+01,-4.79e+01,1.30e+02,4.10e+01
-7.06e+01,-4.96e+01,1.32e+02,4.10e+01
-6.84e+01,-4.91e+01,1.30e+02,4.00e+01
-7.07e+01,-4.90e+01,1.31e+02,4.00e+01
-7.74e+01,-4.07e+01,1.30e+02,4.10e+01
-7.08e+01,-4.85e+01,1.29e+02,4.00e+01
-6.20e+01,-4.14e+01,1.30e+02,4.10e+01
-7.15e+01,-4.82e+01,1.29e+02,4.00e+01
-7.07e+01,-4.30e+01,1.30e+02,4.10e+01
-6.61e+01,-4.35e+01,1.30e+02,4.10e+01
-8.14e+01,-6.06e+01,1.29e+02,4.10e+01
-6.43e+01,-4.43e+01,1.29e+02,4.00e+01
-7.58e+01,-4.09e+01,1.28e+02,4.00e+01
-6.28e+01,-4.76e+01,1.29e+02,4.00e+01
-9.45e+01,-5.75e+01,1.29e+02,4.00e+01
-7.03e+01,-4.38e+01,1.29e+02,4.10e+01
-7.32e+01,-4.87e+01,1.30e+02,4.10e+01
-7.00e+01,-4.08e+01,1.29e+02,4.00e+01
-6.38e+01,-4.81e+01,1.32e+02,4.20e+01
-7.41e+01,-4.84e+01,1.30e+02,4.00e+01
-8.35e+01,-5.17e+01,1.29e+02,4.10e+01
-6.20e+01,-4.58e+01,1.29e+02,4.10e+01
-8.72e+01,-5.59e+01,1.32e+02,4.10e+01
-6.61e+01,-4.56e+01,1.29e+02,4.00e+01
-8.44e+01,-5.21e+01,1.34e+02,4.20e+01
-6.91e+01,-4.46e+01,1.32e+02,4.20e+01
