-6.47e+01,-4.16e+01,1.42e+02,4.10e+01
-8.14e+01,-4.81e+01,1.44e+02,4.20e+01
-6.61e+01,-4.35e+01,1.46e+02,4.20e+01
-7.06e+01,-5.13e+01,1.43e+02,4.20e+01
-5.92e+01,-4.05e+01,1.44e+02,4.20e+01
-7.10e+01,-4.49e+01,1.43e+02,4.10e+01
-6.42e+01,-5.05e+01,1.43e+02,4.10e+01
-6.57e+01,-4.70e+01,1.46e+02,4.20e+01
-6.50e+01,-4.18e+01,1.42e+02,4.10e+01
-7.01e+01,-4.69e+01,1.44e+02,4.20e+01
-7.17e+01,-4.76e+01,1.42e+02,4.10e+01
-6.34e+01,-3.57e+01,1.46e+02,4.20e+01
-6.29e+01,-4.34e+01,1.44e+02,4.30e+01
-7.60e+01,-3.82e+01,1.43e+02,4.10e+01
-6.84e+01,-4.74e+01,1.43e+02,4.10e+01
-7.56e+01,-4.65e+01,1.46e+02,4.20e+01
-7.30e+01,-4.78e+01,1.44e+02,4.10e+01
-6.55e+01,-4.49e+01,1.43e+02,4.10e+01
-6.44e+01,-4.08e+01,1.44e+02,4.20e+01
-6.22e+01,-3.88e+01,1.43e+02,4.20e+01
-7.19e+01,-5.07e+01,1.45e+02,4.30e+01
-6.53e+01,-3.99e+01,1.44e+02,4.20e+01
-6.02e+01,-4.44e+01,1.42e+02,4.10e+01
-7.64e+01,-4.24e+01,1.44e+02,4.30e+01
-7.63e+01,-4.53e+01,1.45e+02,4.20e+01
-6.30e+01,-4.08e+01,1.43e+02,4.20e+01
-8.55e+01,-5.33e+01,1.44e+02,4.20e+01
-4.54e+02,-2.28e+02,1.43e+02,4.10e+01
-6.12e+01,-4.51e+01,1.45e+02,4.20e+01
-6.59e+01,-4.09e+01,1.44e+02,4.20e+01
-8.10e+01,-4.67e+01,1.45e+02,4.20e+01
-7.92e+01,-4.59e+01,1.45e+02,4.20e+01
-5.96e+01,-4.33e+01,1.43e+02,4.10e+01
-7.89e+01,-4.35e+01,1.43e+02,4.20e+01
-7.21e+01,-4.62e+01,1.45e+02,4.20e+01
-4.37e+02,-1.24e+02,1.43e+02,4.10e+01
-6.92e+01,-4.65e+01,1.44e+02,4.20e+01
-7.22e+01,-3.98e+01,1.44e+02,4.20e+01
-1.06e+02,-5.96e+01,1.43e+02,4.10e+01
-6.75e+01,-4.11e+01,1.45e+02,4.30e+01
-6.36e+01,-4.53e+01,1.43e+02,4.10e+01
-1.41e+02,-5.20e+01,1.42e+02,4.10e+01
-6.97e+01,-4.52e+01,1.43e+02,4.10e+01
-6.22e+01,-4.35e+01,1.43e+02,4.10e+01
-7.04e+01,-4.78e+01,1.45e+02,4.20e+01
-6.22e+01,-4.27e+01,1.47e+02,4.30e+01
-6.98e+01,-4.83e+01,1.46e+02,4.20e+01
-6.29e+01,-4.42e+01,1.42e+02,4.10e+01
-6.86e+01,-4.76e+01,1.47e+02,4.20e+01
-6.19e+01,-4.36e+01,1.43e+02,4.10e+01
-1.50e+02,-5.13e+01,1.43e+02,4.10e+01
-3.64e+02,-7.36e+01,1.45e+02,4.20e+01
-6.36e+01,-4.60e+01,1.44e+02,4.20e+01
-2.81e+02,-5.17e+01,1.47e+02,4.20e+01
-7.18e+01,-4.44e+01,1.46e+02,4.30e+01
-7.40e+01,-4.17e+01,1.45e+02,4.20e+01
-6.94e+01,-4.59e+01,1.48e+02,4.30e+01
-6.54e+01,-4.55e+01,1.44e+02,4.20e+01
-6.64e+01,-4.43e+01,1.44e+02,4.20e+01
-6.55e+01,-4.11e+01,1.44e+02,4.20e+01
-6.28e+01,-4.32e+01,1.46e+02,4.20e+01
-1.23e+02,-4.39e+01,1.43e+02,4.10e+01
-6.35e+01,-4.19e+01,1.44e+02,4.20e+01
-1.20e+02,-4.71e+01,1.42e+02,4.10e+01
-5.00e+02,-5.00e+02,1.46e+02,4.20e+01
-7.31e+01,-5.15e+01,1.45e+02,4.20e+01
-6.48e+01,-4.35e+01,1.46e+02,4.20e+01
-8.33e+01,-6.18e+01,1.46e+02,4.20e+01
-3.85e+02,-1.54e+02,1.45e+02,4.20e+01
-6.64e+01,-4.80e+01,1.44e+02,4.20e+01
-6.47e+01,-4.21e+01,1.43e+02,4.10e+01
-6.67e+01,-4.25e+01,1.45e+02,4.10e+01
-7.83e+01,-4.68e+01,1.45e+02,4.20e+01
-6.74e+01,-4.02e+01,1.42e+02,4.10e+01
-7.60e+01,-3.84e+01,1.43e+02,4.10e+01
-1.03e+02,-5.05e+01,1.43e+02,4.20e+01
-7.10e+01,-4.43e+01,1.42e+02,4.10e+01
-7.00e+01,-4.58e+01,1.46e+02,4.20e+01
-7.64e+01,-5.30e+01,1.46e+02,4.20e+01
-7.20e+01,-5.22e+01,1.45e+02,4.20e+01
-6.26e+01,-4.69e+01,1.43e+02,4.10e+01
-4.10e+02,-6.38e+01,1.43e+02,4.20e+01
-7.85e+01,-4.13e+01,1.44e+02,4.20e+01
-7.25e+01,-4.66e+01,1.44e+02,4.20e+01
-2.36e+02,-5.72e+01,1.46e+02,4.20e+01
-7.12e+01,-4.92e+01,1.43e+02,4.10e+01
-7.33e+01,-4.95e+01,1.43e+02,4.10e+01
-6.23e+01,-4.46e+01,1.44e+02,4.20e+01
-6.82e+01,-4.64e+01,1.47e+02,4.20e+01
-6.52e+01,-4.17e+01,1.48e+02,4.30e+01
-6.31e+01,-4.29e+01,1.46e+02,4.20e+01
-7.53e+01,-4.27e+01,1.42e+02,4.10e+01
-6.94e+01,-4.56e+01,1.46e+02,4.20e+01
-6.30e+01,-4.32e+01,1.44e+02,4.10e+01
-4.37e+02,-1.26e+02,1.43e+02,4.10e+01
-6.00e+01,-4.10e+01,1.45e+02,4.10e+01
-6.47e+01,-4.10e+01,1.43e+02,4.20e+01
-6.79e+01,-4.79e+01,1.45e+02,4.20e+01
-4.55e+02,-2.34e+02,1.43e+02,4.10e+01
-6.11e+01,-4.04e+01,1.44e+02,4.20e+01
-6.44e+01,-4.46e+01,1.45e+02,4.20e+01
-7.41e+01,-4.62e+01,1.42e+02,4.10e+01
-6.59e+01,-4.68e+01,1.44e+02,4.20e+01
-7.02e+01,-4.83e+01,1.44e+02,4.20e+01
-6.58e+01,-3.97e+01,1.43e+02,4.10e+01
-7.00e+01,-4.20e+01,1.47e+02,4.20e+01
-2.54e+02,-1.15e+02,1.44e+02,4.20e+01
-7.19e+01,-4.04e+01,1.44e+02,4.10e+01
-7.04e+01,-4.20e+01,1.44e+02,4.20e+01
-6.48e+01,-4.43e+01,1.45e+02,4.20e+01
-6.96e+01,-3.98e+01,1.43e+02,4.10e+01
-6.41e+01,-4.48e+01,1.44e+02,4.10e+01
-6.25e+01,-4.32e+01,1.43e+02,4.10e+01
-7.39e+01,-4.21e+01,1.42e+02,4.10e+01
-6.78e+01,-4.12e+01,1.43e+02,4.20e+01
-7.45e+01,-5.31e+01,1.43e+02,4.10e+01
-6.36e+01,-4.20e+01,1.47e+02,4.20e+01
-4.59e+02,-2.54e+02,1.45e+02,4.10e+01
-6.90e+01,-4.16e+01,1.46e+02,4.20e+01
-2.79e+02,-4.34e+01,1.47e+02,4.20e+01
-6.94e+01,-4.05e+01,1.44e+02,4.20e+01
-7.13e+01,-4.62e+01,1.42e+02,4.10e+01
-6.34e+01,-4.79e+01,1.46e+02,4.40e+01
-6.64e+01,-3.71e+01,1.47e+02,4.20e+01
-7.32e+01,-4.15e+01,1.45e+02,4.30e+01
-8.12e+01,-5.12e+01,1.47e+02,4.20e+01
-6.16e+01,-4.38e+01,1.45e+02,4.30e+01
-6.76e+01,-3.78e+01,1.47e+02,4.20e+01
-6.81e+01,-4.53e+01,1.45e+02,4.30e+01
-7.33e+01,-4.88e+01,1.44e+02,4.20e+01
-6.13e+01,-4.35e+01,1.45e+02,4.40e+01
-7.36e+01,-4.60e+01,1.45e+02,4.20e+01
-6.81e+01,-4.64e+01,1.45e+02,4.20e+01
-7.10e+01,-5.01e+01,1.43e+02,4.20e+01
-6.65e+01,-4.90e+01,1.44e+02,4.20e+01
-5.94e+01,-4.27e+01,1.44e+02,4.20e+01
-6.49e+01,-3.34e+01,1.43e+02,4.20e+01
-6.55e+01,-5.30e+01,1.45e+02,4.20e+01
-6.44e+01,-4.82e+01,1.44e+02,4.20e+01
-6.67e+01,-4.17e+01,1.45e+02,4.20e+01
-7.09e+01,-4.95e+01,1.46e+02,4.20e+01
-5.00e+02,-5.00e+02,1.44e+02,4.10e+01
-6.89e+01,-3.49e+01,1.43e+02,4.10e+01
-6.41e+01,-3.90e+01,1.45e+02,4.30e+01
-6.88e+01,-4.93e+01,1.45e+02,4.40e+01
-7.94e+01,-4.75e+01,1.45e+02,4.20e+01
-6.42e+01,-4.63e+01,1.45e+02,4.20e+01
-7.78e+01,-4.23e+01,1.46e+02,4.20e+01
-7.06e+01,-4.97e+01,1.48e+02,4.30e+01
-8.07e+01,-4.43e+01,1.43e+02,4.10e+01
-6.85e+01,-4.57e+01,1.44e+02,4.20e+01
-6.71e+01,-4.81e+01,1.45e+02,4.20e+01
-6.53e+01,-4.44e+01,1.44e+02,4.20e+01
-6.34e+01,-4.12e+01,1.43e+02,4.10e+01
-3.70e+02,-9.14e+01,1.43e+02,4.10e+01
-6.67e+01,-4.50e+01,1.43e+02,4.10e+01
-6.74e+01,-5.01e+01,1.43e+02,4.10e+01
-7.08e+01,-4.79e+01,1.44e+02,4.10e+01
-6.27e+01,-4.10e+01,1.44e+02,4.10e+01
-3.69e+02,-9.08e+01,1.42e+02,4.10e+01
-7.02e+01,-4.80e+01,1.45e+02,4.20e+01
-6.52e+01,-4.97e+01,1.44e+02,4.20e+01
-7.40e+01,-4.49e+01,1.45e+02,4.20e+01
-6.29e+01,-4.21e+01,1.46e+02,4.20e+01
-6.42e+01,-4.67e+01,1.44e+02,4.20e+01
-6.61e+01,-4.65e+01,1.44e+02,4.20e+01
-6.80e+01,-4.29e+01,1.44e+02,4.10e+01
-6.44e+01,-4.39e+01,1.43e+02,4.10e+01
-6.52e+01,-5.10e+01,1.45e+02,4.20e+01
-8.47e+01,-4.42e+01,1.45e+02,4.20e+01
-7.15e+01,-4.02e+01,1.47e+02,4.20e+01
-6.28e+01,-4.36e+01,1.42e+02,4.10e+01
-5.94e+01,-4.05e+01,1.44e+02,4.20e+01
-6.59e+01,-3.95e+01,1.47e+02,4.20e+01
-7.76e+01,-4.64e+01,1.43e+02,4.10e+01
-7.40e+01,-5.71e+01,1.43e+02,4.10e+01
-7.81e+01,-5.22e+01,1.45e+02,4.30e+01
-6.57e+01,-4.96e+01,1.44e+02,4.10e+01
-7.02e+01,-5.16e+01,1.43e+02,4.10e+01
-4.39e+02,-1.34e+02,1.44e+02,4.10e+01
-2.19e+02,-5.20e+01,1.44e+02,4.10e+01
-1.27e+02,-4.70e+01,1.44e+02,4.10e+01
-7.22e+01,-4.66e+01,1.43e+02,4.10e+01
-6.84e+01,-4.77e+01,1.43e+02,4.10e+01
-7.48e+01,-4.94e+01,1.44e+02,4.20e+01
-2.86e+02,-4.75e+01,1.47e+02,4.20e+01
-5.97e+01,-4.43e+01,1.45e+02,4.10e+01
-7.46e+01,-4.89e+01,1.45e+02,4.30e+01
-6.23e+01,-4.35e+01,1.44e+02,4.20e+01
-2.93e+02,-6.34e+01,1.43e+02,4.20e+01
-6.40e+01,-4.17e+01,1.44e+02,4.20e+01
-6.91e+01,-4.31e+01,1.45e+02,4.30e+01
