-1.15e+02,-1.06e+02,6.00e+00,1.00e+01
-1.12e+02,-9.70e+01,7.00e+00,1.00e+01
-1.08e+02,-8.84e+01,6.00e+00,1.00e+01
-1.05e+02,-8.95e+01,9.00e+00,1.20e+01
-1.10e+02,-8.44e+01,7.00e+00,1.00e+01
-1.10e+02,-9.26e+01,8.00e+00,1.00e+01
-1.03e+02,-8.99e+01,6.00e+00,1.00e+01
-1.10e+02,-8.72e+01,1.40e+01,1.30e+01
-1.06e+02,-9.52e+01,7.00e+00,1.00e+01
-1.04e+02,-9.47e+01,1.00e+01,1.20e+01
-1.13e+02,-9.50e+01,9.00e+00,1.10e+01
-1.27e+02,-1.18e+02,8.00e+00,1.00e+01
-1.16e+02,-8.72e+01,6.00e+00,1.00e+01
-1.06e+02,-9.15e+01,1.40e+01,1.30e+01
-1.15e+02,-9.55e+01,7.00e+00,1.00e+01
-1.13e+02,-9.20e+01,6.00e+00,1.00e+01
-1.09e+02,-9.30e+01,1.40e+01,1.30e+01
-1.15e+02,-9.54e+01,7.00e+00,1.00e+01
-1.06e+02,-7.96e+01,1.30e+01,1.30e+01
-1.08e+02,-8.71e+01,8.00e+00,1.10e+01
-1.14e+02,-1.05e+02,6.00e+00,1.00e+01
-1.02e+02,-7.06e+01,1.40e+01,1.20e+01
-1.06e+02,-8.75e+01,7.00e+00,1.00e+01
-1.08e+02,-1.02e+02,1.00e+01,1.20e+01
-1.11e+02,-8.46e+01,6.00e+00,1.00e+01
-1.12e+02,-1.07e+02,9.00e+00,1.10e+01
-1.11e+02,-9.16e+01,7.00e+00,1.00e+01
-1.08e+02,-9.12e+01,7.00e+00,1.00e+01
-1.12e+02,-9.66e+01,7.00e+00,1.10e+01
-1.01e+02,-8.32e+01,8.00e+00,1.00e+01
-1.06e+02,-9.37e+01,7.00e+00,1.10e+01
-1.02e+02,-8.91e+01,1.00e+01,1.10e+01
-1.12e+02,-9.90e+01,8.00e+00,1.10e+01
-1.08e+02,-7.49e+01,7.00e+00,1.00e+01
-9.60e+01,-7.78e+01,1.30e+01,1.20e+01
-1.13e+02,-8.31e+01,9.00e+00,1.10e+01
-1.19e+02,-1.05e+02,8.00e+00,1.00e+01
-1.18e+02,-1.03e+02,7.00e+00,1.00e+01
-1.12e+02,-1.05e+02,1.50e+01,1.40e+01
-1.08e+02,-8.40e+01,7.00e+00,1.10e+01
-1.20e+02,-1.14e+02,1.60e+01,1.40e+01
-1.07e+02,-7.40e+01,8.00e+00,1.10e+01
-1.07e+02,-8.65e+01,1.00e+01,1.20e+01
-1.09e+02,-9.38e+01,9.00e+00,1.10e+01
-1.13e+02,-8.16e+01,7.00e+00,1.00e+01
-1.10e+02,-1.02e+02,1.00e+01,1.10e+01
-1.13e+02,-1.07e+02,7.00e+00,1.00e+01
-1.12e+02,-9.05e+01,7.00e+00,1.00e+01
-1.14e+02,-1.06e+02,6.00e+00,1.00e+01
-9.75e+01,-8.15e+01,7.00e+00,1.10e+01
-1.12e+02,-1.02e+02,8.00e+00,1.10e+01
-1.09e+02,-8.53e+01,1.40e+01,1.30e+01
-1.12e+02,-8.79e+01,1.40e+01,1.30e+01
-1.48e+02,-1.06e+02,7.00e+00,1.10e+01
-1.05e+02,-9.12e+01,7.00e+00,1.10e+01
-1.22e+02,-1.04e+02,8.00e+00,1.00e+01
-1.05e+02,-8.40e+01,7.00e+00,1.00e+01
-1.11e+02,-9.31e+01,8.00e+00,1.10e+01
-1.03e+02,-8.17e+01,8.00e+00,1.00e+01
-1.17e+02,-9.74e+01,1.50e+01,1.30e+01
-1.07e+02,-9.26e+01,9.00e+00,1.10e+01
-1.16e+02,-9.72e+01,7.00e+00,1.00e+01
-1.13e+02,-1.01e+02,9.00e+00,1.20e+01
-1.24e+02,-1.07e+02,8.00e+00,1.00e+01
-1.98e+02,-1.97e+02,7.00e+00,1.00e+01
-1.06e+02,-8.37e+01,6.00e+00,1.00e+01
-1.98e+02,-1.97e+02,1.00e+01,1.20e+01
-1.01e+02,-9.58e+01,8.00e+00,1.00e+01
-1.04e+02,-8.74e+01,9.00e+00,1.20e+01
-1.10e+02,-9.89e+01,8.00e+00,1.10e+01
-1.03e+02,-9.36e+01,7.00e+00,1.00e+01
-1.17e+02,-1.01e+02,8.00e+00,1.10e+01
-1.96e+02,-1.95e+02,1.50e+01,1.30e+01
-1.11e+02,-1.02e+02,7.00e+00,1.10e+01
-1.15e+02,-9.34e+01,1.00e+01,1.20e+01
-1.11e+02,-8.54e+01,7.00e+00,1.00e+01
-1.15e+02,-1.05e+02,1.00e+01,1.20e+01
-1.97e+02,-1.97e+02,8.00e+00,1.00e+01
-1.08e+02,-8.29e+01,6.00e+00,1.00e+01
-1.09e+02,-8.84e+01,8.00e+00,1.00e+01
-1.31e+02,-1.22e+02,8.00e+00,1.00e+01
-1.33e+02,-1.32e+02,1.10e+01,1.20e+01
-1.13e+02,-1.00e+02,1.10e+01,1.20e+01
-1.06e+02,-8.13e+01,1.00e+01,1.30e+01
-1.13e+02,-1.03e+02,7.00e+00,1.00e+01
-1.96e+02,-1.95e+02,1.50e+01,1.30e+01
-1.08e+02,-9.47e+01,9.00e+00,1.20e+01
-1.08e+02,-9.62e+01,6.00e+00,1.00e+01
-9.96e+01,-7.91e+01,6.00e+00,1.00e+01
-1.17e+02,-1.03e+02,1.10e+01,1.30e+01
-1.09e+02,-9.56e+01,7.00e+00,1.00e+01
-1.42e+02,-1.04e+02,7.00e+00,1.00e+01
-1.07e+02,-9.41e+01,1.50e+01,1.30e+01
-1.96e+02,-1.95e+02,1.50e+01,1.40e+01
-1.98e+02,-1.96e+02,7.00e+00,1.00e+01
-1.06e+02,-9.60e+01,7.00e+00,1.10e+01
-1.10e+02,-9.45e+01,7.00e+00,1.10e+01
-1.11e+02,-1.03e+02,7.00e+00,1.10e+01
-1.01e+02,-8.15e+01,7.00e+00,1.00e+01
-1.09e+02,-9.74e+01,1.50e+01,1.30e+01
-1.08e+02,-9.05e+01,8.00e+00,1.10e+01
-1.18e+02,-1.04e+02,7.00e+00,1.00e+01
-1.42e+02,-1.20e+02,8.00e+00,1.00e+01
-9.49e+01,-7.32e+01,1.00e+01,1.20e+01
-1.10e+02,-9.63e+01,9.00e+00,1.10e+01
-1.16e+02,-1.02e+02,1.00e+01,1.30e+01
-1.14e+02,-9.67e+01,7.00e+00,1.00e+01
-1.03e+02,-8.55e+01,1.00e+01,1.20e+01
-1.07e+02,-9.46e+01,8.00e+00,1.10e+01
-1.12e+02,-8.48e+01,7.00e+00,1.00e+01
-1.04e+02,-7.61e+01,9.00e+00,1.10e+01
-1.14e+02,-9.64e+01,1.60e+01,1.40e+01
-1.98e+02,-1.97e+02,7.00e+00,1.00e+01
-1.03e+02,-8.38e+01,1.50e+01,1.30e+01
-1.14e+02,-9.58e+01,9.00e+00,1.10e+01
-1.77e+02,-1.29e+02,7.00e+00,1.00e+01
-2.00e+02,-2.00e+02,8.00e+00,1.00e+01
-1.97e+02,-1.97e+02,7.00e+00,1.00e+01
-2.00e+02,-2.00e+02,8.00e+00,1.00e+01
-1.05e+02,-8.42e+01,7.00e+00,1.00e+01
-1.07e+02,-8.94e+01,1.00e+01,1.20e+01
-1.04e+02,-7.89e+01,7.00e+00,1.10e+01
-1.96e+02,-1.95e+02,9.00e+00,1.20e+01
-1.12e+02,-9.88e+01,8.00e+00,1.00e+01
-1.08e+02,-9.34e+01,8.00e+00,1.00e+01
-1.08e+02,-9.64e+01,9.00e+00,1.10e+01
-1.04e+02,-9.69e+01,7.00e+00,1.00e+01
-1.12e+02,-1.06e+02,7.00e+00,1.00e+01
-1.10e+02,-7.12e+01,7.00e+00,1.00e+01
-1.12e+02,-1.04e+02,1.00e+01,1.30e+01
-1.11e+02,-9.47e+01,6.00e+00,1.00e+01
-9.82e+01,-7.32e+01,8.00e+00,1.00e+01
-1.97e+02,-1.96e+02,1.00e+01,1.20e+01
-1.15e+02,-9.44e+01,7.00e+00,1.10e+01
-1.98e+02,-1.97e+02,8.00e+00,1.00e+01
-1.97e+02,-1.91e+02,8.00e+00,1.00e+01
-1.16e+02,-8.71e+01,1.40e+01,1.30e+01
-1.96e+02,-1.95e+02,7.00e+00,1.00e+01
-1.05e+02,-7.01e+01,7.00e+00,1.10e+01
-1.03e+02,-8.35e+01,7.00e+00,1.10e+01
-1.17e+02,-9.80e+01,8.00e+00,1.00e+01
-1.04e+02,-9.16e+01,9.00e+00,1.10e+01
-1.00e+02,-8.53e+01,9.00e+00,1.20e+01
-1.10e+02,-9.28e+01,7.00e+00,1.00e+01
-1.15e+02,-9.24e+01,9.00e+00,1.10e+01
-1.08e+02,-9.67e+01,8.00e+00,1.10e+01
-1.14e+02,-9.33e+01,7.00e+00,1.00e+01
-1.97e+02,-1.97e+02,8.00e+00,1.00e+01
-1.33e+02,-9.46e+01,9.00e+00,1.00e+01
-1.71e+02,-1.09e+02,1.40e+01,1.40e+01
-1.39e+02,-1.02e+02,9.00e+00,1.00e+01
-1.14e+02,-9.92e+01,8.00e+00,1.00e+01
-1.12e+02,-8.96e+01,6.00e+00,1.00e+01
-1.14e+02,-9.48e+01,7.00e+00,1.00e+01
-1.08e+02,-9.42e+01,1.00e+01,1.10e+01
-1.11e+02,-1.01e+02,7.00e+00,1.00e+01
-1.13e+02,-1.07e+02,7.00e+00,1.00e+01
-1.11e+02,-1.00e+02,7.00e+00,1.00e+01
-1.13e+02,-9.37e+01,9.00e+00,1.10e+01
-1.97e+02,-1.97e+02,8.00e+00,1.00e+01
-1.02e+02,-9.28e+01,8.00e+00,1.10e+01
-1.03e+02,-9.27e+01,7.00e+00,1.10e+01
-1.11e+02,-9.35e+01,7.00e+00,1.00e+01
-1.05e+02,-8.17e+01,1.00e+01,1.30e+01
-1.14e+02,-9.97e+01,9.00e+00,1.10e+01
-1.10e+02,-9.69e+01,7.00e+00,1.00e+01
-1.08e+02,-9.78e+01,6.00e+00,1.00e+01
-1.13e+02,-8.12e+01,9.00e+00,1.00e+01
-1.10e+02,-1.03e+02,8.00e+00,1.00e+01
-1.05e+02,-9.49e+01,1.10e+01,1.30e+01
-1.10e+02,-1.01e+02,7.00e+00,1.00e+01
-1.04e+02,-9.39e+01,9.00e+00,1.10e+01
-1.04e+02,-7.84e+01,6.00e+00,1.00e+01
-1.12e+02,-9.50e+01,8.00e+00,1.00e+01
-1.98e+02,-1.97e+02,9.00e+00,1.00e+01
-1.09e+02,-7.69e+01,7.00e+00,1.00e+01
-1.09e+02,-9.33e+01,7.00e+00,1.00e+01
-1.15e+02,-1.02e+02,8.00e+00,1.10e+01
-1.01e+02,-8.20e+01,9.00e+00,1.20e+01
-1.14e+02,-8.33e+01,7.00e+00,1.10e+01
-1.29e+02,-1.09e+02,8.00e+00,1.00e+01
-1.28e+02,-1.02e+02,7.00e+00,1.00e+01
-1.97e+02,-1.97e+02,8.00e+00,1.00e+01
-1.26e+02,-9.18e+01,7.00e+00,1.10e+01
-1.24e+02,-1.13e+02,1.00e+01,1.20e+01
-1.98e+02,-1.97e+02,8.00e+00,1.00e+01
-1.05e+02,-8.06e+01,7.00e+00,1.10e+01
-1.18e+02,-1.03e+02,8.00e+00,1.10e+01
-1.17e+02,-1.07e+02,1.60e+01,1.40e+01
-1.18e+02,-9.50e+01,1.10e+01,1.30e+01
-1.08e+02,-1.00e+02,7.00e+00,1.00e+01
-1.06e+02,-8.62e+01,8.00e+00,1.00e+01
