-3.52e+02,-4.71e+01,6.90e+01,4.10e+01
-2.38e+02,-9.90e+01,1.22e+02,5.70e+01
-2.72e+02,-7.84e+01,8.70e+01,4.10e+01
-3.49e+02,-4.64e+01,6.70e+01,4.00e+01
-2.39e+02,-9.33e+01,1.00e+02,4.70e+01
-2.46e+02,-1.01e+02,1.19e+02,5.70e+01
-2.66e+02,-9.12e+01,8.60e+01,4.10e+01
-2.70e+02,-7.23e+01,8.70e+01,4.10e+01
-3.51e+02,-5.39e+01,6.90e+01,4.10e+01
-2.47e+02,-1.03e+02,1.25e+02,5.90e+01
-2.82e+02,-1.17e+02,8.80e+01,4.20e+01
-3.50e+02,-4.98e+01,6.90e+01,4.10e+01
-2.77e+02,-9.30e+01,8.70e+01,4.10e+01
-2.78e+02,-7.81e+01,8.70e+01,4.20e+01
-2.42e+02,-7.85e+01,1.00e+02,4.70e+01
-2.41e+02,-1.07e+02,1.21e+02,5.70e+01
-2.34e+02,-9.66e+01,1.21e+02,5.70e+01
-2.59e+02,-1.02e+02,1.23e+02,5.80e+01
-2.57e+02,-9.30e+01,1.01e+02,4.80e+01
-2.40e+02,-9.59e+01,1.24e+02,5.80e+01
-2.66e+02,-7.92e+01,8.70e+01,4.10e+01
-2.45e+02,-1.11e+02,1.27e+02,6.00e+01
-3.49e+02,-4.75e+01,6.90e+01,4.10e+01
-2.47e+02,-1.01e+02,1.27e+02,6.00e+01
-2.58e+02,-8.37e+01,8.60e+01,4.10e+01
-2.79e+02,-1.14e+02,8.70e+01,4.10e+01
-3.54e+02,-5.54e+01,7.20e+01,4.20e+01
-2.49e+02,-9.92e+01,1.24e+02,5.80e+01
-2.47e+02,-1.03e+02,1.01e+02,4.70e+01
-3.49e+02,-4.10e+01,6.90e+01,4.10e+01
-3.15e+02,-1.02e+02,1.22e+02,5.70e+01
-3.51e+02,-4.90e+01,7.10e+01,4.20e+01
-2.70e+02,-9.50e+01,8.80e+01,4.20e+01
-2.75e+02,-1.17e+02,8.90e+01,4.20e+01
-2.43e+02,-9.54e+01,1.25e+02,5.90e+01
-2.48e+02,-9.69e+01,1.23e+02,5.80e+01
-3.54e+02,-5.35e+01,6.70e+01,4.00e+01
-3.24e+02,-1.21e+02,1.23e+02,5.80e+01
-2.76e+02,-9.90e+01,8.70e+01,4.20e+01
-2.74e+02,-7.12e+01,8.70e+01,4.10e+01
-2.53e+02,-1.05e+02,1.01e+02,4.80e+01
-3.39e+02,-1.33e+02,1.02e+02,4.80e+01
-2.45e+02,-1.02e+02,1.19e+02,5.70e+01
-3.54e+02,-4.88e+01,7.00e+01,4.10e+01
-2.71e+02,-1.06e+02,8.70e+01,4.20e+01
-2.53e+02,-9.43e+01,1.00e+02,4.70e+01
-2.56e+02,-9.58e+01,1.02e+02,4.80e+01
-2.43e+02,-1.03e+02,1.24e+02,5.80e+01
-2.45e+02,-9.41e+01,1.02e+02,4.90e+01
-2.44e+02,-1.11e+02,1.22e+02,5.70e+01
-2.45e+02,-1.02e+02,1.25e+02,5.90e+01
-3.48e+02,-4.23e+01,6.90e+01,4.10e+01
-2.53e+02,-1.02e+02,1.23e+02,5.70e+01
-3.56e+02,-4.91e+01,6.70e+01,4.00e+01
-2.50e+02,-1.04e+02,1.21e+02,5.70e+01
-2.59e+02,-9.43e+01,1.00e+02,4.70e+01
-2.85e+02,-1.11e+02,8.70e+01,4.10e+01
-2.70e+02,-1.08e+02,8.70e+01,4.20e+01
-2.76e+02,-8.60e+01,8.90e+01,4.20e+01
-3.50e+02,-4.63e+01,6.80e+01,4.00e+01
-3.55e+02,-5.54e+01,7.00e+01,4.10e+01
-3.57e+02,-5.89e+01,6.90e+01,4.10e+01
-4.77e+02,-3.70e+02,1.22e+02,5.70e+01
-2.81e+02,-6.20e+01,8.80e+01,4.20e+01
-2.42e+02,-9.26e+01,1.27e+02,6.00e+01
-2.46e+02,-1.01e+02,1.19e+02,5.70e+01
-3.19e+02,-1.11e+02,1.22e+02,5.70e+01
-2.59e+02,-1.03e+02,1.02e+02,4.80e+01
-2.37e+02,-9.73e+01,1.25e+02,5.90e+01
-3.12e+02,-9.59e+01,8.60e+01,4.10e+01
-2.85e+02,-7.81e+01,1.00e+02,4.70e+01
-2.68e+02,-1.20e+02,8.80e+01,4.20e+01
-2.75e+02,-1.07e+02,8.60e+01,4.10e+01
-2.81e+02,-8.58e+01,8.80e+01,4.10e+01
-2.73e+02,-8.30e+01,8.80e+01,4.20e+01
-2.95e+02,-1.13e+02,8.60e+01,4.10e+01
-3.53e+02,-5.49e+01,7.00e+01,4.10e+01
-2.77e+02,-1.24e+02,8.60e+01,4.10e+01
-3.53e+02,-5.00e+01,6.70e+01,4.00e+01
-3.49e+02,-4.64e+01,6.90e+01,4.10e+01
-2.41e+02,-1.00e+02,1.21e+02,5.80e+01
-3.47e+02,-4.13e+01,6.80e+01,4.10e+01
-3.53e+02,-4.74e+01,7.00e+01,4.10e+01
-3.74e+02,-1.19e+02,8.80e+01,4.30e+01
-5.00e+02,-5.00e+02,6.70e+01,4.00e+01
-2.69e+02,-9.13e+01,8.70e+01,4.10e+01
-3.43e+02,-1.30e+02,1.23e+02,5.70e+01
-4.25e+02,-5.36e+01,7.00e+01,4.10e+01
-2.57e+02,-1.02e+02,1.25e+02,5.90e+01
-3.48e+02,-4.06e+01,6.90e+01,4.10e+01
-2.38e+02,-9.46e+01,1.23e+02,5.80e+01
-3.19e+02,-1.79e+02,1.20e+02,5.70e+01
-2.49e+02,-9.63e+01,1.22e+02,5.70e+01
-3.49e+02,-4.48e+01,6.80e+01,4.00e+01
-3.67e+02,-4.86e+01,6.90e+01,4.10e+01
-2.57e+02,-9.99e+01,1.01e+02,4.70e+01
-2.73e+02,-8.78e+01,8.70e+01,4.10e+01
-2.49e+02,-8.55e+01,1.02e+02,4.80e+01
-2.58e+02,-1.05e+02,1.23e+02,5.70e+01
-2.72e+02,-7.57e+01,8.70e+01,4.10e+01
-2.50e+02,-1.02e+02,1.22e+02,5.70e+01
-2.72e+02,-8.98e+01,8.80e+01,4.20e+01
-2.63e+02,-1.21e+02,1.23e+02,5.80e+01
-2.45e+02,-9.38e+01,1.22e+02,5.70e+01
-2.73e+02,-6.93e+01,8.90e+01,4.20e+01
-2.35e+02,-8.72e+01,1.23e+02,5.80e+01
-4.27e+02,-1.10e+02,1.25e+02,5.90e+01
-2.70e+02,-6.76e+01,8.70e+01,4.20e+01
-2.51e+02,-1.03e+02,1.02e+02,4.80e+01
-2.68e+02,-9.26e+01,8.70e+01,4.10e+01
-2.56e+02,-1.08e+02,1.01e+02,4.70e+01
-3.27e+02,-1.15e+02,1.00e+02,4.70e+01
-3.23e+02,-1.44e+02,1.20e+02,5.70e+01
-2.47e+02,-8.91e+01,1.24e+02,5.90e+01
-2.53e+02,-1.17e+02,1.01e+02,4.70e+01
-3.88e+02,-1.25e+02,8.80e+01,4.10e+01
-2.47e+02,-9.44e+01,1.23e+02,5.70e+01
-2.72e+02,-8.75e+01,8.80e+01,4.20e+01
-4.05e+02,-2.23e+02,1.01e+02,4.70e+01
-2.58e+02,-1.03e+02,1.25e+02,5.90e+01
-3.62e+02,-5.26e+01,6.80e+01,4.00e+01
-2.45e+02,-8.70e+01,1.21e+02,5.80e+01
-3.11e+02,-1.24e+02,1.01e+02,4.70e+01
-3.54e+02,-5.99e+01,6.80e+01,4.00e+01
-3.56e+02,-4.96e+01,7.10e+01,4.20e+01
-4.27e+02,-6.10e+01,6.90e+01,4.10e+01
-3.53e+02,-4.47e+01,6.90e+01,4.10e+01
-2.50e+02,-1.16e+02,1.03e+02,4.90e+01
-4.28e+02,-7.20e+01,6.90e+01,4.10e+01
-3.49e+02,-4.52e+01,6.90e+01,4.10e+01
-3.49e+02,-4.80e+01,6.90e+01,4.10e+01
-3.48e+02,-4.32e+01,7.00e+01,4.20e+01
-2.54e+02,-8.83e+01,1.20e+02,5.70e+01
-2.49e+02,-9.36e+01,1.00e+02,4.70e+01
-2.47e+02,-9.08e+01,1.25e+02,5.90e+01
-2.76e+02,-1.10e+02,8.80e+01,4.20e+01
-3.49e+02,-4.28e+01,6.90e+01,4.10e+01
-2.51e+02,-1.07e+02,1.00e+02,4.70e+01
-2.57e+02,-7.22e+01,8.80e+01,4.20e+01
-3.49e+02,-4.64e+01,7.10e+01,4.20e+01
-2.68e+02,-9.87e+01,8.70e+01,4.10e+01
-2.43e+02,-9.93e+01,1.21e+02,5.80e+01
-2.76e+02,-8.83e+01,8.80e+01,4.20e+01
-2.80e+02,-1.16e+02,8.80e+01,4.20e+01
-3.75e+02,-8.25e+01,7.00e+01,4.10e+01
-3.52e+02,-5.15e+01,6.80e+01,4.00e+01
-2.60e+02,-1.02e+02,1.22e+02,5.70e+01
-2.42e+02,-9.73e+01,1.27e+02,6.00e+01
-2.88e+02,-1.23e+02,8.90e+01,4.20e+01
-3.49e+02,-4.63e+01,7.00e+01,4.20e+01
-3.48e+02,-4.16e+01,7.10e+01,4.20e+01
-2.59e+02,-1.03e+02,1.25e+02,5.90e+01
-3.51e+02,-4.71e+01,6.80e+01,4.00e+01
-2.64e+02,-7.19e+01,8.60e+01,4.10e+01
-2.39e+02,-9.84e+01,1.22e+02,5.70e+01
-3.32e+02,-1.30e+02,1.20e+02,5.70e+01
-3.57e+02,-5.48e+01,6.90e+01,4.10e+01
-2.84e+02,-1.44e+02,8.90e+01,4.30e+01
-3.35e+02,-1.79e+02,8.70e+01,4.10e+01
-2.69e+02,-9.90e+01,8.70e+01,4.10e+01
-2.96e+02,-7.53e+01,8.80e+01,4.20e+01
-2.60e+02,-7.87e+01,1.02e+02,4.80e+01
-2.70e+02,-1.00e+02,8.90e+01,4.20e+01
-3.53e+02,-5.53e+01,6.90e+01,4.10e+01
-2.63e+02,-8.33e+01,8.70e+01,4.10e+01
-4.26e+02,-5.86e+01,6.70e+01,4.00e+01
-3.50e+02,-4.77e+01,7.10e+01,4.10e+01
-3.55e+02,-5.32e+01,6.90e+01,4.10e+01
-3.52e+02,-5.50e+01,7.20e+01,4.20e+01
-3.50e+02,-4.93e+01,6.90e+01,4.10e+01
-2.61e+02,-9.62e+01,1.23e+02,5.80e+01
-3.50e+02,-5.07e+01,6.90e+01,4.10e+01
-2.49e+02,-1.07e+02,1.21e+02,5.80e+01
-2.90e+02,-9.43e+01,8.70e+01,4.20e+01
-2.66e+02,-9.65e+01,8.80e+01,4.20e+01
-2.43e+02,-1.00e+02,1.23e+02,5.70e+01
-2.50e+02,-9.67e+01,1.00e+02,4.70e+01
-3.05e+02,-1.14e+02,1.01e+02,4.70e+01
-2.41e+02,-9.70e+01,1.23e+02,5.80e+01
-3.49e+02,-4.11e+01,6.90e+01,4.10e+01
-2.46e+02,-1.03e+02,1.01e+02,4.80e+01
-3.70e+02,-9.54e+01,1.01e+02,4.80e+01
-2.39e+02,-9.24e+01,1.25e+02,5.90e+01
-2.43e+02,-8.49e+01,1.01e+02,4.80e+01
-3.17e+02,-9.24e+01,1.24e+02,5.90e+01
-2.49e+02,-9.91e+01,1.01e+02,4.80e+01
-3.54e+02,-6.35e+01,7.10e+01,4.10e+01
-2.95e+02,-1.57e+02,8.80e+01,4.10e+01
-2.44e+02,-1.04e+02,1.26e+02,6.00e+01
-2.70e+02,-7.61e+01,8.90e+01,4.20e+01
-2.76e+02,-6.38e+01,8.70e+01,4.10e+01
-3.37e+02,-1.56e+02,8.70e+01,4.10e+01
