-2.42e+02,-9.09e+01,1.51e+02,6.70e+01
-3.52e+02,-4.82e+01,9.20e+01,5.20e+01
-2.74e+02,-9.05e+01,1.05e+02,4.60e+01
-3.51e+02,-4.47e+01,9.00e+01,5.20e+01
-2.65e+02,-9.83e+01,1.23e+02,5.60e+01
-2.43e+02,-9.99e+01,1.50e+02,6.70e+01
-2.56e+02,-7.91e+01,1.25e+02,5.60e+01
-3.51e+02,-4.70e+01,9.10e+01,5.20e+01
-2.52e+02,-1.06e+02,1.48e+02,6.50e+01
-3.48e+02,-4.35e+01,8.90e+01,5.00e+01
-2.83e+02,-1.27e+02,1.02e+02,4.60e+01
-2.45e+02,-8.39e+01,1.25e+02,5.60e+01
-2.49e+02,-8.30e+01,1.25e+02,5.60e+01
-2.47e+02,-1.06e+02,1.53e+02,6.80e+01
-2.53e+02,-9.39e+01,1.50e+02,6.70e+01
-2.50e+02,-9.28e+01,1.23e+02,5.50e+01
-2.44e+02,-1.07e+02,1.50e+02,6.70e+01
-2.34e+02,-9.05e+01,1.52e+02,6.80e+01
-3.52e+02,-5.34e+01,9.00e+01,5.10e+01
-2.58e+02,-1.03e+02,1.24e+02,5.50e+01
-2.66e+02,-9.78e+01,1.05e+02,4.60e+01
-2.50e+02,-8.89e+01,1.54e+02,6.80e+01
-2.70e+02,-9.22e+01,1.04e+02,4.60e+01
-2.48e+02,-1.02e+02,1.52e+02,6.80e+01
-2.74e+02,-7.93e+01,1.05e+02,4.60e+01
-2.63e+02,-7.80e+01,1.07e+02,4.70e+01
-4.23e+02,-2.21e+02,1.06e+02,4.60e+01
-3.49e+02,-3.96e+01,9.20e+01,5.20e+01
-3.50e+02,-4.64e+01,9.00e+01,5.20e+01
-2.66e+02,-9.60e+01,1.26e+02,5.70e+01
-3.50e+02,-4.58e+01,9.10e+01,5.10e+01
-3.54e+02,-4.92e+01,9.20e+01,5.30e+01
-2.35e+02,-9.06e+01,1.50e+02,6.70e+01
-2.66e+02,-7.01e+01,1.05e+02,4.60e+01
-2.58e+02,-9.43e+01,1.51e+02,6.70e+01
-3.54e+02,-5.38e+01,9.00e+01,5.00e+01
-2.60e+02,-9.63e+01,1.25e+02,5.60e+01
-3.17e+02,-1.04e+02,1.51e+02,6.70e+01
-2.39e+02,-9.97e+01,1.53e+02,6.80e+01
-3.50e+02,-4.99e+01,9.30e+01,5.20e+01
-3.04e+02,-1.43e+02,1.04e+02,4.70e+01
-2.67e+02,-9.91e+01,1.04e+02,4.70e+01
-2.71e+02,-9.20e+01,1.06e+02,4.60e+01
-2.58e+02,-8.19e+01,1.28e+02,5.80e+01
-2.56e+02,-9.52e+01,1.25e+02,5.60e+01
-2.36e+02,-9.74e+01,1.53e+02,6.80e+01
-3.50e+02,-4.81e+01,9.20e+01,5.20e+01
-2.67e+02,-1.06e+02,1.25e+02,5.60e+01
-2.58e+02,-9.61e+01,1.23e+02,5.50e+01
-2.40e+02,-9.91e+01,1.48e+02,6.50e+01
-2.66e+02,-9.89e+01,1.07e+02,4.70e+01
-2.68e+02,-7.54e+01,1.05e+02,4.60e+01
-2.55e+02,-1.06e+02,1.28e+02,5.80e+01
-2.33e+02,-9.24e+01,1.50e+02,6.60e+01
-2.62e+02,-8.36e+01,1.25e+02,5.60e+01
-3.49e+02,-4.65e+01,8.90e+01,5.00e+01
-5.00e+02,-5.00e+02,9.20e+01,5.20e+01
-3.50e+02,-5.07e+01,9.30e+01,5.20e+01
-3.54e+02,-5.07e+01,9.00e+01,5.10e+01
-2.51e+02,-8.98e+01,1.25e+02,5.60e+01
-2.39e+02,-1.00e+02,1.52e+02,6.80e+01
-2.39e+02,-1.03e+02,1.52e+02,6.80e+01
-5.00e+02,-5.00e+02,9.20e+01,5.20e+01
-3.68e+02,-1.31e+02,1.25e+02,5.60e+01
-2.62e+02,-9.71e+01,1.23e+02,5.60e+01
-4.19e+02,-2.30e+02,1.24e+02,5.50e+01
-2.59e+02,-9.14e+01,1.26e+02,5.60e+01
-3.51e+02,-5.18e+01,9.00e+01,5.20e+01
-3.54e+02,-5.13e+01,9.40e+01,5.30e+01
-2.67e+02,-1.36e+02,1.24e+02,5.50e+01
-3.50e+02,-4.59e+01,9.30e+01,5.20e+01
-2.51e+02,-9.15e+01,1.27e+02,5.70e+01
-3.56e+02,-4.66e+01,9.00e+01,5.00e+01
-2.70e+02,-1.01e+02,1.25e+02,5.60e+01
-3.52e+02,-4.26e+01,9.30e+01,5.30e+01
-3.51e+02,-5.07e+01,9.40e+01,5.30e+01
-2.64e+02,-9.24e+01,1.25e+02,5.70e+01
-2.46e+02,-1.04e+02,1.50e+02,6.60e+01
-3.51e+02,-5.15e+01,9.30e+01,5.30e+01
-2.39e+02,-9.66e+01,1.50e+02,6.70e+01
-2.68e+02,-7.80e+01,1.04e+02,4.50e+01
-2.87e+02,-9.58e+01,1.03e+02,4.70e+01
-2.42e+02,-8.40e+01,1.55e+02,6.90e+01
-2.48e+02,-9.18e+01,1.25e+02,5.60e+01
-2.63e+02,-1.25e+02,1.24e+02,5.70e+01
-2.63e+02,-8.27e+01,1.03e+02,4.70e+01
-3.49e+02,-4.56e+01,9.30e+01,5.20e+01
-2.68e+02,-8.68e+01,1.03e+02,4.60e+01
-3.54e+02,-4.74e+01,9.20e+01,5.20e+01
-2.98e+02,-1.32e+02,1.06e+02,4.70e+01
-3.50e+02,-4.97e+01,8.90e+01,5.00e+01
-2.74e+02,-8.50e+01,1.03e+02,4.60e+01
-3.50e+02,-4.77e+01,9.00e+01,5.10e+01
-2.46e+02,-1.00e+02,1.54e+02,6.90e+01
-2.56e+02,-7.34e+01,1.24e+02,5.60e+01
-2.60e+02,-1.01e+02,1.25e+02,5.60e+01
-2.61e+02,-1.15e+02,1.27e+02,5.70e+01
-2.69e+02,-9.26e+01,1.07e+02,4.70e+01
-2.43e+02,-9.87e+01,1.49e+02,6.50e+01
-2.38e+02,-9.94e+01,1.52e+02,6.80e+01
-3.50e+02,-4.68e+01,9.00e+01,5.20e+01
-2.65e+02,-7.33e+01,1.26e+02,5.60e+01
-2.56e+02,-1.04e+02,1.27e+02,5.70e+01
-2.41e+02,-9.00e+01,1.50e+02,6.70e+01
-3.51e+02,-4.69e+01,9.10e+01,5.20e+01
-3.55e+02,-1.48e+02,1.06e+02,4.60e+01
-2.67e+02,-1.08e+02,1.25e+02,5.70e+01
-2.42e+02,-8.66e+01,1.54e+02,6.80e+01
-3.51e+02,-4.06e+01,9.40e+01,5.30e+01
-2.48e+02,-1.10e+02,1.25e+02,5.60e+01
-3.23e+02,-1.63e+02,1.26e+02,5.60e+01
-3.59e+02,-5.33e+01,9.20e+01,5.20e+01
-3.50e+02,-4.81e+01,9.20e+01,5.30e+01
-2.43e+02,-9.70e+01,1.50e+02,6.70e+01
-3.48e+02,-4.26e+01,9.00e+01,5.20e+01
-3.19e+02,-1.18e+02,1.25e+02,5.60e+01
-2.55e+02,-8.73e+01,1.27e+02,5.70e+01
-3.53e+02,-5.06e+01,9.20e+01,5.20e+01
-2.71e+02,-1.01e+02,1.06e+02,4.60e+01
-2.57e+02,-1.09e+02,1.51e+02,6.70e+01
-2.45e+02,-1.09e+02,1.50e+02,6.60e+01
-3.50e+02,-4.95e+01,9.10e+01,5.20e+01
-2.69e+02,-1.41e+02,1.26e+02,5.70e+01
-2.51e+02,-9.42e+01,1.51e+02,6.70e+01
-2.44e+02,-1.07e+02,1.51e+02,6.80e+01
-2.61e+02,-9.89e+01,1.25e+02,5.60e+01
-2.42e+02,-1.04e+02,1.54e+02,6.90e+01
-2.49e+02,-8.62e+01,1.26e+02,5.70e+01
-2.52e+02,-8.76e+01,1.25e+02,5.60e+01
-2.59e+02,-8.55e+01,1.25e+02,5.70e+01
-2.66e+02,-8.84e+01,1.24e+02,5.50e+01
-2.41e+02,-9.42e+01,1.53e+02,6.80e+01
-2.60e+02,-8.17e+01,1.27e+02,5.70e+01
-3.52e+02,-4.72e+01,9.20e+01,5.20e+01
-2.59e+02,-1.09e+02,1.25e+02,5.60e+01
-2.56e+02,-1.08e+02,1.50e+02,6.60e+01
-2.47e+02,-9.20e+01,1.53e+02,6.90e+01
-2.43e+02,-9.89e+01,1.52e+02,6.80e+01
-2.38e+02,-9.55e+01,1.52e+02,6.80e+01
-2.55e+02,-9.32e+01,1.26e+02,5.60e+01
-2.67e+02,-1.26e+02,1.26e+02,5.70e+01
-2.94e+02,-1.02e+02,1.51e+02,6.70e+01
-2.74e+02,-1.03e+02,1.06e+02,4.60e+01
-2.73e+02,-8.91e+01,1.05e+02,4.60e+01
-2.60e+02,-1.35e+02,1.25e+02,5.60e+01
-3.53e+02,-5.68e+01,9.20e+01,5.20e+01
-2.60e+02,-1.12e+02,1.48e+02,6.50e+01
-2.75e+02,-8.75e+01,1.02e+02,4.60e+01
-2.37e+02,-8.65e+01,1.53e+02,6.80e+01
-2.65e+02,-1.10e+02,1.25e+02,5.70e+01
-2.66e+02,-1.36e+02,1.26e+02,5.70e+01
-2.71e+02,-9.37e+01,1.07e+02,4.70e+01
-2.55e+02,-8.51e+01,1.25e+02,5.60e+01
-2.37e+02,-9.24e+01,1.51e+02,6.70e+01
-3.55e+02,-4.76e+01,9.10e+01,5.20e+01
-2.53e+02,-9.16e+01,1.25e+02,5.60e+01
-2.52e+02,-8.38e+01,1.23e+02,5.50e+01
-2.64e+02,-1.07e+02,1.24e+02,5.60e+01
-3.53e+02,-5.20e+01,9.00e+01,5.20e+01
-2.48e+02,-8.78e+01,1.50e+02,6.70e+01
-2.37e+02,-8.83e+01,1.49e+02,6.50e+01
-3.49e+02,-4.18e+01,9.20e+01,5.20e+01
-2.36e+02,-8.88e+01,1.50e+02,6.70e+01
-2.67e+02,-8.24e+01,1.02e+02,4.60e+01
-3.61e+02,-7.84e+01,1.24e+02,5.70e+01
-3.50e+02,-4.76e+01,9.40e+01,5.30e+01
-3.49e+02,-4.29e+01,9.10e+01,5.20e+01
-3.57e+02,-5.55e+01,9.00e+01,5.10e+01
-3.53e+02,-5.50e+01,9.00e+01,5.00e+01
-2.45e+02,-1.08e+02,1.51e+02,6.70e+01
-3.53e+02,-4.94e+01,9.30e+01,5.20e+01
-2.75e+02,-9.07e+01,1.06e+02,4.70e+01
-3.53e+02,-5.08e+01,9.20e+01,5.20e+01
-2.61e+02,-1.11e+02,1.26e+02,5.60e+01
-2.39e+02,-9.86e+01,1.50e+02,6.70e+01
-2.47e+02,-1.03e+02,1.49e+02,6.50e+01
-3.50e+02,-4.05e+01,9.20e+01,5.20e+01
-3.59e+02,-7.42e+01,9.30e+01,5.20e+01
-2.54e+02,-8.17e+01,1.24e+02,5.50e+01
-2.64e+02,-1.10e+02,1.52e+02,6.70e+01
-2.61e+02,-9.24e+01,1.27e+02,5.70e+01
-2.34e+02,-9.37e+01,1.52e+02,6.70e+01
-2.50e+02,-1.02e+02,1.50e+02,6.60e+01
-2.41e+02,-1.06e+02,1.53e+02,6.80e+01
-3.51e+02,-5.05e+01,9.20e+01,5.20e+01
-3.80e+02,-1.26e+02,1.49e+02,6.60e+01
-2.51e+02,-1.01e+02,1.51e+02,6.70e+01
-3.50e+02,-5.03e+01,9.20e+01,5.20e+01
-2.68e+02,-8.70e+01,1.05e+02,4.70e+01
-2.88e+02,-1.35e+02,1.02e+02,4.60e+01
-2.61e+02,-6.82e+01,1.05e+02,4.60e+01
-3.49e+02,-4.87e+01,9.40e+01,5.30e+01
