-3.51e+02,-5.01e+01,1.19e+02,5.80e+01
-2.29e+02,-8.48e+01,1.92e+02,8.10e+01
-2.34e+02,-7.92e+01,1.95e+02,8.20e+01
-2.36e+02,-7.93e+01,1.96e+02,8.20e+01
-2.30e+02,-7.57e+01,1.93e+02,8.10e+01
-2.32e+02,-9.36e+01,1.95e+02,8.30e+01
-3.49e+02,-4.18e+01,1.20e+02,6.00e+01
-2.35e+02,-7.75e+01,1.95e+02,8.20e+01
-3.00e+02,-7.96e+01,1.96e+02,8.20e+01
-2.46e+02,-9.17e+01,1.94e+02,8.10e+01
-2.31e+02,-7.63e+01,1.93e+02,8.10e+01
-2.38e+02,-8.42e+01,1.93e+02,8.10e+01
-3.48e+02,-4.22e+01,1.19e+02,5.90e+01
-2.34e+02,-7.72e+01,1.95e+02,8.20e+01
-2.36e+02,-8.57e+01,1.93e+02,8.10e+01
-3.57e+02,-6.71e+01,1.18e+02,5.80e+01
-2.37e+02,-7.53e+01,1.95e+02,8.20e+01
-2.34e+02,-8.92e+01,1.95e+02,8.20e+01
-2.40e+02,-9.35e+01,1.95e+02,8.20e+01
-3.32e+02,-1.19e+02,1.93e+02,8.10e+01
-2.46e+02,-8.80e+01,1.93e+02,8.10e+01
-2.49e+02,-9.78e+01,1.93e+02,8.10e+01
-2.33e+02,-7.93e+01,1.96e+02,8.20e+01
-2.27e+02,-7.42e+01,1.97e+02,8.30e+01
-3.01e+02,-7.27e+01,1.96e+02,8.20e+01
-2.33e+02,-8.79e+01,1.93e+02,8.10e+01
-2.34e+02,-8.55e+01,1.95e+02,8.20e+01
-2.46e+02,-8.25e+01,1.94e+02,8.10e+01
-2.34e+02,-8.68e+01,1.94e+02,8.20e+01
-3.51e+02,-4.35e+01,1.21e+02,6.00e+01
-3.02e+02,-8.68e+01,1.96e+02,8.20e+01
-2.38e+02,-9.41e+01,1.94e+02,8.10e+01
-3.71e+02,-4.68e+01,1.20e+02,5.80e+01
-2.48e+02,-1.09e+02,1.94e+02,8.10e+01
-3.48e+02,-4.38e+01,1.19e+02,5.80e+01
-2.40e+02,-9.76e+01,1.95e+02,8.30e+01
-3.02e+02,-7.22e+01,1.98e+02,8.30e+01
-2.35e+02,-9.52e+01,1.95e+02,8.20e+01
-2.31e+02,-8.84e+01,1.95e+02,8.20e+01
-3.51e+02,-4.63e+01,1.21e+02,5.90e+01
-2.50e+02,-9.07e+01,1.97e+02,8.30e+01
-2.39e+02,-7.98e+01,1.95e+02,8.20e+01
-2.99e+02,-6.94e+01,1.98e+02,8.30e+01
-3.54e+02,-5.36e+01,1.20e+02,5.80e+01
-3.01e+02,-6.31e+01,1.98e+02,8.30e+01
-2.29e+02,-7.99e+01,1.92e+02,8.10e+01
-2.32e+02,-7.98e+01,1.92e+02,8.10e+01
-2.36e+02,-8.07e+01,1.95e+02,8.20e+01
-2.32e+02,-8.07e+01,1.97e+02,8.30e+01
-2.32e+02,-7.77e+01,1.96e+02,8.30e+01
-2.40e+02,-9.16e+01,1.95e+02,8.30e+01
-2.63e+02,-9.71e+01,1.96e+02,8.20e+01
-3.55e+02,-5.45e+01,1.21e+02,5.90e+01
-2.44e+02,-8.32e+01,1.92e+02,8.10e+01
-2.41e+02,-9.62e+01,1.93e+02,8.10e+01
-2.35e+02,-8.22e+01,1.95e+02,8.20e+01
-2.72e+02,-1.45e+02,1.94e+02,8.10e+01
-2.33e+02,-8.59e+01,1.96e+02,8.20e+01
-2.38e+02,-8.61e+01,1.97e+02,8.30e+01
-2.30e+02,-7.47e+01,1.95e+02,8.20e+01
-2.34e+02,-8.92e+01,1.92e+02,8.10e+01
-3.49e+02,-4.81e+01,1.19e+02,5.80e+01
-3.49e+02,-4.43e+01,1.21e+02,5.90e+01
-2.98e+02,-7.59e+01,1.98e+02,8.30e+01
-2.24e+02,-7.15e+01,1.96e+02,8.20e+01
-2.31e+02,-9.13e+01,1.97e+02,8.30e+01
-3.52e+02,-5.66e+01,1.22e+02,6.10e+01
-3.20e+02,-1.18e+02,1.93e+02,8.10e+01
-2.30e+02,-8.12e+01,1.93e+02,8.10e+01
-2.41e+02,-7.99e+01,1.92e+02,8.10e+01
-2.76e+02,-1.18e+02,1.96e+02,8.20e+01
-2.38e+02,-8.62e+01,1.97e+02,8.30e+01
-2.70e+02,-9.51e+01,1.95e+02,8.20e+01
-2.34e+02,-8.39e+01,1.93e+02,8.10e+01
-2.34e+02,-8.47e+01,1.92e+02,8.10e+01
-3.60e+02,-5.71e+01,1.19e+02,5.80e+01
-2.35e+02,-8.86e+01,1.95e+02,8.20e+01
-3.55e+02,-6.03e+01,1.21e+02,6.00e+01
-2.97e+02,-7.31e+01,1.97e+02,8.30e+01
-2.47e+02,-7.77e+01,1.94e+02,8.10e+01
-3.54e+02,-5.81e+01,1.20e+02,6.00e+01
-3.57e+02,-4.74e+01,1.21e+02,6.00e+01
-3.51e+02,-5.15e+01,1.22e+02,6.10e+01
-2.34e+02,-8.42e+01,1.96e+02,8.20e+01
-3.49e+02,-3.95e+01,1.21e+02,5.90e+01
-2.46e+02,-8.68e+01,1.95e+02,8.20e+01
-3.55e+02,-4.74e+01,1.20e+02,5.80e+01
-2.39e+02,-8.11e+01,1.98e+02,8.30e+01
-2.33e+02,-8.36e+01,1.94e+02,8.20e+01
-3.53e+02,-5.42e+01,1.19e+02,5.80e+01
-3.50e+02,-4.97e+01,1.20e+02,5.90e+01
-2.37e+02,-7.88e+01,1.96e+02,8.20e+01
-2.40e+02,-7.87e+01,1.98e+02,8.30e+01
-2.33e+02,-8.85e+01,1.95e+02,8.20e+01
-2.35e+02,-7.99e+01,1.95e+02,8.30e+01
-3.58e+02,-6.23e+01,1.20e+02,6.00e+01
-2.36e+02,-9.77e+01,1.95e+02,8.20e+01
-3.04e+02,-6.95e+01,1.97e+02,8.20e+01
-4.26e+02,-5.58e+01,1.21e+02,6.00e+01
-2.34e+02,-9.34e+01,1.96e+02,8.20e+01
-3.49e+02,-4.68e+01,1.23e+02,6.10e+01
-3.49e+02,-4.35e+01,1.20e+02,5.80e+01
-2.35e+02,-8.52e+01,1.93e+02,8.10e+01
-2.35e+02,-8.32e+01,1.94e+02,8.20e+01
-2.41e+02,-7.40e+01,1.95e+02,8.20e+01
-2.35e+02,-8.19e+01,1.95e+02,8.20e+01
-3.52e+02,-5.32e+01,1.22e+02,6.10e+01
-2.35e+02,-7.69e+01,1.95e+02,8.20e+01
-3.49e+02,-4.56e+01,1.20e+02,5.90e+01
-3.50e+02,-5.04e+01,1.20e+02,5.80e+01
-2.43e+02,-8.77e+01,1.93e+02,8.10e+01
-3.48e+02,-4.06e+01,1.21e+02,6.00e+01
-2.38e+02,-7.76e+01,1.94e+02,8.20e+01
-2.56e+02,-9.31e+01,1.97e+02,8.20e+01
-2.33e+02,-7.84e+01,1.96e+02,8.20e+01
-3.57e+02,-6.62e+01,1.19e+02,5.80e+01
-2.60e+02,-1.02e+02,1.95e+02,8.20e+01
-2.55e+02,-8.39e+01,1.92e+02,8.10e+01
-2.40e+02,-7.74e+01,1.96e+02,8.20e+01
-2.34e+02,-7.47e+01,1.95e+02,8.20e+01
-2.38e+02,-7.51e+01,1.95e+02,8.20e+01
-2.30e+02,-7.88e+01,1.93e+02,8.10e+01
-2.57e+02,-8.24e+01,1.92e+02,8.10e+01
-3.50e+02,-4.77e+01,1.22e+02,6.10e+01
-3.51e+02,-4.80e+01,1.21e+02,5.90e+01
-3.54e+02,-4.67e+01,1.18e+02,5.80e+01
-2.36e+02,-7.38e+01,1.92e+02,8.10e+01
-2.32e+02,-7.79e+01,1.97e+02,8.30e+01
-2.40e+02,-8.69e+01,1.96e+02,8.20e+01
-2.44e+02,-9.84e+01,1.95e+02,8.20e+01
-2.34e+02,-8.63e+01,1.94e+02,8.20e+01
-3.49e+02,-4.81e+01,1.21e+02,5.90e+01
-2.33e+02,-8.41e+01,1.97e+02,8.40e+01
-3.53e+02,-5.59e+01,1.18e+02,5.80e+01
-2.42e+02,-7.89e+01,1.94e+02,8.20e+01
-2.44e+02,-8.80e+01,1.95e+02,8.30e+01
-3.72e+02,-9.36e+01,1.19e+02,5.80e+01
-2.38e+02,-9.64e+01,1.95e+02,8.20e+01
-2.29e+02,-7.42e+01,1.94e+02,8.10e+01
-3.50e+02,-4.63e+01,1.21e+02,6.00e+01
-2.39e+02,-8.94e+01,1.92e+02,8.10e+01
-2.39e+02,-9.94e+01,1.97e+02,8.30e+01
-2.44e+02,-9.44e+01,2.00e+02,8.40e+01
-2.35e+02,-9.41e+01,1.94e+02,8.20e+01
-3.52e+02,-4.75e+01,1.19e+02,5.80e+01
-3.61e+02,-6.57e+01,1.19e+02,5.80e+01
-2.39e+02,-8.29e+01,1.97e+02,8.30e+01
-3.54e+02,-4.47e+01,1.21e+02,6.10e+01
-2.53e+02,-1.04e+02,1.93e+02,8.10e+01
-3.04e+02,-7.92e+01,1.96e+02,8.20e+01
-2.31e+02,-7.81e+01,1.94e+02,8.20e+01
-2.29e+02,-7.69e+01,1.94e+02,8.10e+01
-2.33e+02,-8.32e+01,1.95e+02,8.20e+01
-2.40e+02,-8.04e+01,1.93e+02,8.10e+01
-2.34e+02,-8.60e+01,1.92e+02,8.10e+01
-3.54e+02,-4.85e+01,1.19e+02,5.80e+01
-3.54e+02,-5.96e+01,1.19e+02,5.80e+01
-2.31e+02,-7.27e+01,1.95e+02,8.30e+01
-3.49e+02,-4.41e+01,1.20e+02,5.90e+01
-2.36e+02,-8.64e+01,1.96e+02,8.20e+01
-2.39e+02,-7.98e+01,1.93e+02,8.10e+01
-3.03e+02,-7.83e+01,1.97e+02,8.30e+01
-2.33e+02,-8.90e+01,1.95e+02,8.20e+01
-3.48e+02,-4.44e+01,1.19e+02,5.80e+01
-2.35e+02,-8.47e+01,1.94e+02,8.20e+01
-2.37e+02,-7.91e+01,1.96e+02,8.20e+01
-2.30e+02,-8.48e+01,1.97e+02,8.30e+01
-2.29e+02,-7.20e+01,1.92e+02,8.10e+01
-2.32e+02,-7.75e+01,1.93e+02,8.20e+01
-2.42e+02,-7.98e+01,1.95e+02,8.10e+01
-2.30e+02,-8.08e+01,1.96e+02,8.20e+01
-2.38e+02,-7.53e+01,1.95e+02,8.20e+01
-2.41e+02,-8.40e+01,1.92e+02,8.10e+01
-2.48e+02,-7.70e+01,1.93e+02,8.10e+01
-2.32e+02,-7.58e+01,1.96e+02,8.20e+01
-2.38e+02,-7.44e+01,1.95e+02,8.30e+01
-3.53e+02,-5.26e+01,1.19e+02,5.90e+01
-2.42e+02,-9.08e+01,1.95e+02,8.20e+01
-3.06e+02,-7.93e+01,1.97e+02,8.20e+01
-2.53e+02,-7.55e+01,1.92e+02,8.10e+01
-2.38e+02,-6.98e+01,1.96e+02,8.30e+01
-2.35e+02,-9.78e+01,1.94e+02,8.20e+01
-3.56e+02,-4.75e+01,1.18e+02,5.80e+01
-2.38e+02,-7.62e+01,1.93e+02,8.10e+01
-2.32e+02,-7.74e+01,1.97e+02,8.30e+01
-2.42e+02,-7.59e+01,1.93e+02,8.10e+01
-2.28e+02,-7.67e+01,1.93e+02,8.10e+01
-2.45e+02,-8.37e+01,1.97e+02,8.30e+01
-2.32e+02,-8.02e+01,1.94e+02,8.20e+01
-2.40e+02,-9.18e+01,1.95e+02,8.20e+01
-2.38e+02,-8.72e+01,1.94e+02,8.20e+01
-2.42e+02,-9.83e+01,1.96e+02,8.40e+01
