-3.53e+02,-5.04e+01,2.67e+02,1.12e+02
-2.30e+02,-7.55e+01,3.30e+02,1.31e+02
-3.51e+02,-4.92e+01,2.67e+02,1.12e+02
-3.49e+02,-4.73e+01,2.63e+02,1.11e+02
-3.49e+02,-4.11e+01,2.65e+02,1.11e+02
-2.37e+02,-8.62e+01,3.26e+02,1.30e+02
-3.50e+02,-4.80e+01,2.69e+02,1.13e+02
-2.29e+02,-7.12e+01,3.33e+02,1.33e+02
-3.56e+02,-5.24e+01,2.65e+02,1.11e+02
-2.40e+02,-7.19e+01,3.31e+02,1.32e+02
-2.27e+02,-6.75e+01,3.27e+02,1.29e+02
-2.31e+02,-6.70e+01,3.25e+02,1.28e+02
-2.48e+02,-1.08e+02,3.25e+02,1.28e+02
-3.50e+02,-4.85e+01,2.65e+02,1.12e+02
-2.30e+02,-7.96e+01,3.24e+02,1.28e+02
-3.53e+02,-5.05e+01,2.67e+02,1.12e+02
-2.22e+02,-6.41e+01,3.27e+02,1.29e+02
-2.31e+02,-8.30e+01,3.25e+02,1.28e+02
-2.28e+02,-7.19e+01,3.32e+02,1.32e+02
-4.25e+02,-5.41e+01,2.65e+02,1.11e+02
-2.28e+02,-7.11e+01,3.31e+02,1.31e+02
-3.53e+02,-5.38e+01,2.67e+02,1.12e+02
-3.49e+02,-3.96e+01,2.67e+02,1.12e+02
-3.52e+02,-5.39e+01,2.69e+02,1.13e+02
-3.53e+02,-4.94e+01,2.64e+02,1.11e+02
-3.49e+02,-4.57e+01,2.67e+02,1.12e+02
-2.25e+02,-7.44e+01,3.28e+02,1.30e+02
-2.36e+02,-6.78e+01,3.33e+02,1.33e+02
-2.30e+02,-7.55e+01,3.26e+02,1.28e+02
-2.31e+02,-7.03e+01,3.32e+02,1.32e+02
-2.30e+02,-8.01e+01,3.25e+02,1.28e+02
-2.31e+02,-8.07e+01,3.28e+02,1.30e+02
-3.64e+02,-5.58e+01,2.64e+02,1.11e+02
-2.32e+02,-8.15e+01,3.31e+02,1.31e+02
-3.51e+02,-4.85e+01,2.67e+02,1.12e+02
-2.45e+02,-8.18e+01,3.27e+02,1.29e+02
-3.51e+02,-5.36e+01,2.64e+02,1.12e+02
-3.49e+02,-4.51e+01,2.66e+02,1.11e+02
-3.50e+02,-4.90e+01,2.71e+02,1.14e+02
-2.29e+02,-7.68e+01,3.25e+02,1.28e+02
-3.49e+02,-4.54e+01,2.65e+02,1.12e+02
-3.50e+02,-4.82e+01,2.65e+02,1.12e+02
-3.50e+02,-4.98e+01,2.68e+02,1.13e+02
-3.52e+02,-5.39e+01,2.67e+02,1.12e+02
-3.97e+02,-1.23e+02,3.25e+02,1.28e+02
-3.56e+02,-6.40e+01,2.69e+02,1.13e+02
-3.54e+02,-5.24e+01,2.71e+02,1.14e+02
-3.51e+02,-4.05e+01,2.67e+02,1.12e+02
-2.34e+02,-7.74e+01,3.32e+02,1.32e+02
-3.50e+02,-5.03e+01,2.63e+02,1.11e+02
-2.47e+02,-8.01e+01,3.33e+02,1.33e+02
-3.50e+02,-3.91e+01,2.67e+02,1.12e+02
-3.50e+02,-4.57e+01,2.71e+02,1.14e+02
-2.25e+02,-7.52e+01,3.25e+02,1.28e+02
-2.33e+02,-8.52e+01,3.24e+02,1.28e+02
-3.51e+02,-4.41e+01,2.69e+02,1.13e+02
-2.30e+02,-8.01e+01,3.30e+02,1.31e+02
-3.52e+02,-5.21e+01,2.63e+02,1.11e+02
-3.54e+02,-6.02e+01,2.67e+02,1.12e+02
-2.72e+02,-1.19e+02,3.28e+02,1.29e+02
-2.51e+02,-9.85e+01,3.31e+02,1.31e+02
-2.47e+02,-7.40e+01,3.31e+02,1.31e+02
-2.32e+02,-7.15e+01,3.26e+02,1.29e+02
-2.29e+02,-8.15e+01,3.25e+02,1.28e+02
-3.55e+02,-4.53e+01,2.71e+02,1.14e+02
-2.29e+02,-7.38e+01,3.33e+02,1.33e+02
-3.52e+02,-4.67e+01,2.71e+02,1.14e+02
-2.41e+02,-6.75e+01,3.27e+02,1.30e+02
-2.29e+02,-8.12e+01,3.27e+02,1.29e+02
-3.54e+02,-5.46e+01,2.66e+02,1.11e+02
-2.47e+02,-7.28e+01,3.26e+02,1.28e+02
-3.57e+02,-6.46e+01,2.69e+02,1.13e+02
-3.57e+02,-6.40e+01,2.63e+02,1.11e+02
-3.50e+02,-4.55e+01,2.67e+02,1.12e+02
-3.56e+02,-6.28e+01,2.67e+02,1.12e+02
-3.53e+02,-5.62e+01,2.64e+02,1.11e+02
-3.48e+02,-4.39e+01,2.69e+02,1.13e+02
-3.61e+02,-5.16e+01,2.64e+02,1.11e+02
-3.49e+02,-4.34e+01,2.67e+02,1.12e+02
-4.00e+02,-1.68e+02,3.25e+02,1.29e+02
-2.47e+02,-8.22e+01,3.27e+02,1.30e+02
-3.52e+02,-5.25e+01,2.69e+02,1.13e+02
-2.42e+02,-7.95e+01,3.28e+02,1.30e+02
-3.59e+02,-5.77e+01,2.68e+02,1.12e+02
-2.28e+02,-7.10e+01,3.25e+02,1.28e+02
-3.49e+02,-4.57e+01,2.63e+02,1.11e+02
-3.51e+02,-5.35e+01,2.68e+02,1.12e+02
-3.49e+02,-4.43e+01,2.68e+02,1.12e+02
-2.30e+02,-7.75e+01,3.28e+02,1.29e+02
-2.32e+02,-8.59e+01,3.25e+02,1.28e+02
-3.62e+02,-7.84e+01,2.67e+02,1.12e+02
-3.52e+02,-4.89e+01,2.63e+02,1.11e+02
-2.34e+02,-8.27e+01,3.31e+02,1.31e+02
-3.51e+02,-4.84e+01,2.69e+02,1.13e+02
-2.31e+02,-7.33e+01,3.27e+02,1.30e+02
-3.53e+02,-4.21e+01,2.69e+02,1.13e+02
-2.32e+02,-8.03e+01,3.35e+02,1.34e+02
-2.38e+02,-7.87e+01,3.26e+02,1.28e+02
-3.56e+02,-5.10e+01,2.65e+02,1.11e+02
-3.54e+02,-4.94e+01,2.68e+02,1.12e+02
-2.28e+02,-7.06e+01,3.30e+02,1.31e+02
-3.51e+02,-4.63e+01,2.70e+02,1.14e+02
-2.47e+02,-8.90e+01,3.32e+02,1.32e+02
-2.47e+02,-7.40e+01,3.25e+02,1.28e+02
-2.40e+02,-7.88e+01,3.31e+02,1.32e+02
-2.69e+02,-9.96e+01,3.26e+02,1.28e+02
-2.35e+02,-6.92e+01,3.32e+02,1.32e+02
-2.31e+02,-8.46e+01,3.30e+02,1.31e+02
-2.35e+02,-8.32e+01,3.34e+02,1.33e+02
-3.50e+02,-4.44e+01,2.67e+02,1.12e+02
-2.30e+02,-8.01e+01,3.26e+02,1.30e+02
-2.28e+02,-6.76e+01,3.33e+02,1.33e+02
-3.52e+02,-4.50e+01,2.68e+02,1.12e+02
-3.53e+02,-5.06e+01,2.66e+02,1.12e+02
-3.56e+02,-5.26e+01,2.68e+02,1.12e+02
-3.31e+02,-1.25e+02,3.25e+02,1.28e+02
-2.37e+02,-7.76e+01,3.26e+02,1.30e+02
-2.27e+02,-7.33e+01,3.28e+02,1.31e+02
-3.49e+02,-4.01e+01,2.65e+02,1.11e+02
-3.48e+02,-4.35e+01,2.67e+02,1.12e+02
-2.31e+02,-6.99e+01,3.27e+02,1.30e+02
-3.52e+02,-5.63e+01,2.69e+02,1.13e+02
-2.32e+02,-8.24e+01,3.31e+02,1.32e+02
-2.26e+02,-8.00e+01,3.29e+02,1.30e+02
-3.52e+02,-5.32e+01,2.67e+02,1.12e+02
-3.51e+02,-4.37e+01,2.66e+02,1.12e+02
-3.53e+02,-5.01e+01,2.69e+02,1.13e+02
-2.38e+02,-8.15e+01,3.31e+02,1.32e+02
-2.38e+02,-8.30e+01,3.34e+02,1.33e+02
-3.51e+02,-5.16e+01,2.63e+02,1.11e+02
-2.36e+02,-9.36e+01,3.30e+02,1.31e+02
-3.51e+02,-4.95e+01,2.66e+02,1.11e+02
-3.50e+02,-4.89e+01,2.65e+02,1.12e+02
-2.33e+02,-6.38e+01,3.30e+02,1.31e+02
-2.29e+02,-7.48e+01,3.26e+02,1.30e+02
-3.48e+02,-3.92e+01,2.67e+02,1.12e+02
-3.48e+02,-4.40e+01,2.69e+02,1.13e+02
-3.53e+02,-5.55e+01,2.68e+02,1.12e+02
-3.53e+02,-4.96e+01,2.67e+02,1.12e+02
-2.39e+02,-9.16e+01,3.30e+02,1.31e+02
-3.50e+02,-4.75e+01,2.67e+02,1.12e+02
-3.55e+02,-5.52e+01,2.70e+02,1.13e+02
-3.51e+02,-4.69e+01,2.68e+02,1.12e+02
-2.38e+02,-9.44e+01,3.33e+02,1.33e+02
-3.54e+02,-5.79e+01,2.69e+02,1.13e+02
-3.56e+02,-5.63e+01,2.65e+02,1.11e+02
-4.25e+02,-4.84e+01,2.68e+02,1.12e+02
-3.51e+02,-4.76e+01,2.68e+02,1.12e+02
-2.42e+02,-7.18e+01,3.32e+02,1.32e+02
-3.49e+02,-4.17e+01,2.68e+02,1.12e+02
-3.51e+02,-5.18e+01,2.66e+02,1.11e+02
-2.30e+02,-7.63e+01,3.26e+02,1.29e+02
-3.48e+02,-4.55e+01,2.68e+02,1.12e+02
-4.26e+02,-5.83e+01,2.68e+02,1.12e+02
-2.30e+02,-8.93e+01,3.33e+02,1.33e+02
-3.50e+02,-4.85e+01,2.69e+02,1.13e+02
-2.32e+02,-7.76e+01,3.33e+02,1.33e+02
-2.28e+02,-7.71e+01,3.26e+02,1.30e+02
-2.28e+02,-7.87e+01,3.28e+02,1.31e+02
-3.55e+02,-6.00e+01,2.66e+02,1.11e+02
-2.28e+02,-7.16e+01,3.34e+02,1.33e+02
-4.08e+02,-1.64e+02,3.25e+02,1.28e+02
-3.49e+02,-4.42e+01,2.70e+02,1.14e+02
-3.06e+02,-1.03e+02,3.30e+02,1.31e+02
-2.28e+02,-7.46e+01,3.27e+02,1.30e+02
-2.63e+02,-1.11e+02,3.31e+02,1.31e+02
-2.33e+02,-8.11e+01,3.33e+02,1.33e+02
-2.34e+02,-6.28e+01,3.32e+02,1.33e+02
-2.38e+02,-7.08e+01,3.26e+02,1.30e+02
-2.27e+02,-7.68e+01,3.28e+02,1.31e+02
-2.24e+02,-7.11e+01,3.32e+02,1.32e+02
-2.30e+02,-8.61e+01,3.33e+02,1.33e+02
-2.32e+02,-8.11e+01,3.34e+02,1.33e+02
-2.32e+02,-8.30e+01,3.31e+02,1.31e+02
-2.31e+02,-7.68e+01,3.27e+02,1.29e+02
-2.35e+02,-7.91e+01,3.30e+02,1.31e+02
-2.36e+02,-8.02e+01,3.32e+02,1.32e+02
-2.31e+02,-8.14e+01,3.28e+02,1.31e+02
-3.54e+02,-5.46e+01,2.67e+02,1.12e+02
-3.52e+02,-5.09e+01,2.67e+02,1.12e+02
-3.51e+02,-5.08e+01,2.67e+02,1.12e+02
-5.00e+02,-5.00e+02,2.68e+02,1.13e+02
-2.35e+02,-8.42e+01,3.26e+02,1.30e+02
-2.44e+02,-7.11e+01,3.25e+02,1.28e+02
-2.47e+02,-8.99e+01,3.30e+02,1.31e+02
-2.34e+02,-8.60e+01,3.26e+02,1.29e+02
-2.33e+02,-8.55e+01,3.33e+02,1.33e+02
-3.59e+02,-4.92e+01,2.65e+02,1.11e+02
-2.28e+02,-7.25e+01,3.35e+02,1.34e+02
-5.00e+02,-4.99e+02,2.66e+02,1.11e+02
-3.54e+02,-5.52e+01,2.69e+02,1.13e+02
-3.53e+02,-5.10e+01,2.67e+02,1.12e+02
