-1.43e+02,-5.62e+01,8.40e+01,2.40e+01
-1.44e+02,-5.65e+01,8.10e+01,2.40e+01
-1.47e+02,-5.75e+01,8.30e+01,2.50e+01
-1.44e+02,-4.86e+01,8.40e+01,2.40e+01
-1.50e+02,-5.78e+01,8.10e+01,2.40e+01
-1.41e+02,-5.40e+01,8.30e+01,2.50e+01
-1.47e+02,-6.18e+01,8.20e+01,2.40e+01
-1.46e+02,-5.89e+01,8.40e+01,2.50e+01
-1.46e+02,-5.85e+01,8.20e+01,2.40e+01
-1.45e+02,-5.48e+01,8.30e+01,2.50e+01
-1.48e+02,-6.09e+01,8.20e+01,2.40e+01
-1.50e+02,-5.73e+01,8.40e+01,2.50e+01
-1.41e+02,-5.03e+01,8.30e+01,2.50e+01
-1.48e+02,-5.45e+01,8.20e+01,2.40e+01
-1.44e+02,-6.07e+01,8.40e+01,2.60e+01
-1.46e+02,-5.77e+01,8.30e+01,2.40e+01
-1.46e+02,-6.22e+01,8.20e+01,2.40e+01
-1.49e+02,-6.01e+01,8.60e+01,2.70e+01
-1.50e+02,-5.74e+01,8.30e+01,2.40e+01
-1.52e+02,-5.50e+01,8.40e+01,2.50e+01
-1.49e+02,-6.12e+01,8.20e+01,2.40e+01
-1.51e+02,-5.65e+01,8.60e+01,2.50e+01
-1.52e+02,-6.10e+01,8.30e+01,2.40e+01
-1.50e+02,-5.76e+01,8.40e+01,2.60e+01
-1.59e+02,-6.08e+01,8.20e+01,2.40e+01
-1.47e+02,-4.96e+01,8.40e+01,2.50e+01
-1.50e+02,-5.43e+01,8.30e+01,2.50e+01
-1.43e+02,-5.16e+01,8.20e+01,2.40e+01
-1.45e+02,-5.40e+01,8.40e+01,2.50e+01
-1.49e+02,-5.57e+01,8.50e+01,2.40e+01
-1.44e+02,-5.74e+01,8.40e+01,2.50e+01
-1.53e+02,-6.79e+01,8.50e+01,2.40e+01
-1.44e+02,-4.99e+01,8.30e+01,2.50e+01
-1.48e+02,-6.69e+01,8.20e+01,2.40e+01
-4.72e+02,-3.35e+02,8.30e+01,2.50e+01
-1.46e+02,-6.49e+01,8.40e+01,2.50e+01
-2.10e+02,-9.83e+01,8.40e+01,2.40e+01
-1.56e+02,-5.25e+01,8.40e+01,2.60e+01
-5.00e+02,-5.00e+02,8.10e+01,2.40e+01
-1.46e+02,-5.33e+01,8.20e+01,2.40e+01
-1.49e+02,-5.69e+01,8.20e+01,2.50e+01
-5.00e+02,-5.00e+02,8.20e+01,2.40e+01
-1.57e+02,-6.31e+01,8.20e+01,2.40e+01
-1.55e+02,-5.75e+01,8.40e+01,2.40e+01
-1.45e+02,-5.64e+01,8.20e+01,2.40e+01
-1.44e+02,-6.08e+01,8.40e+01,2.40e+01
-1.50e+02,-6.46e+01,8.30e+01,2.50e+01
-1.47e+02,-5.84e+01,8.40e+01,2.50e+01
-1.45e+02,-5.11e+01,8.40e+01,2.50e+01
-2.54e+02,-8.44e+01,8.50e+01,2.50e+01
-1.65e+02,-6.43e+01,8.40e+01,2.50e+01
-1.42e+02,-5.66e+01,8.40e+01,2.40e+01
-2.77e+02,-8.78e+01,8.30e+01,2.40e+01
-1.39e+02,-5.66e+01,8.40e+01,2.50e+01
-1.47e+02,-6.61e+01,8.40e+01,2.50e+01
-4.23e+02,-2.38e+02,8.50e+01,2.50e+01
-1.44e+02,-5.55e+01,8.30e+01,2.50e+01
-1.90e+02,-6.80e+01,8.10e+01,2.40e+01
-1.44e+02,-5.87e+01,8.10e+01,2.40e+01
-1.45e+02,-6.16e+01,8.40e+01,2.50e+01
-1.48e+02,-5.56e+01,8.20e+01,2.40e+01
-1.48e+02,-5.22e+01,8.40e+01,2.50e+01
-1.46e+02,-5.25e+01,8.20e+01,2.40e+01
-1.39e+02,-5.12e+01,8.30e+01,2.40e+01
-1.45e+02,-5.87e+01,8.30e+01,2.40e+01
-1.48e+02,-5.86e+01,8.30e+01,2.50e+01
-1.47e+02,-5.61e+01,8.50e+01,2.40e+01
-1.49e+02,-6.12e+01,8.10e+01,2.40e+01
-2.00e+02,-6.79e+01,8.50e+01,2.50e+01
-2.68e+02,-9.57e+01,8.20e+01,2.40e+01
-1.56e+02,-5.51e+01,8.30e+01,2.50e+01
-1.53e+02,-6.92e+01,8.40e+01,2.50e+01
-1.53e+02,-5.42e+01,8.10e+01,2.40e+01
-1.44e+02,-5.94e+01,8.30e+01,2.50e+01
-1.84e+02,-9.89e+01,8.40e+01,2.50e+01
-1.56e+02,-6.44e+01,8.40e+01,2.40e+01
-4.59e+02,-2.53e+02,8.30e+01,2.40e+01
-1.55e+02,-6.38e+01,8.10e+01,2.40e+01
-5.00e+02,-5.00e+02,8.50e+01,2.40e+01
-1.52e+02,-6.25e+01,8.40e+01,2.50e+01
-1.56e+02,-6.81e+01,8.40e+01,2.50e+01
-1.54e+02,-6.33e+01,8.20e+01,2.40e+01
-1.53e+02,-5.97e+01,8.20e+01,2.40e+01
-1.40e+02,-5.17e+01,8.50e+01,2.40e+01
-1.47e+02,-5.60e+01,8.30e+01,2.40e+01
-1.44e+02,-4.80e+01,8.10e+01,2.40e+01
-1.46e+02,-6.62e+01,8.50e+01,2.50e+01
-1.45e+02,-4.77e+01,8.50e+01,2.50e+01
-1.41e+02,-6.07e+01,8.10e+01,2.40e+01
-1.46e+02,-5.65e+01,8.40e+01,2.40e+01
-1.44e+02,-5.94e+01,8.30e+01,2.40e+01
-1.43e+02,-5.53e+01,8.30e+01,2.50e+01
-1.51e+02,-5.74e+01,8.50e+01,2.40e+01
-1.46e+02,-5.84e+01,8.60e+01,2.50e+01
-1.46e+02,-6.58e+01,8.40e+01,2.50e+01
-1.42e+02,-5.07e+01,8.50e+01,2.40e+01
-1.51e+02,-6.67e+01,8.40e+01,2.50e+01
-1.48e+02,-6.44e+01,8.10e+01,2.40e+01
-1.55e+02,-7.14e+01,8.40e+01,2.40e+01
-1.47e+02,-5.34e+01,8.30e+01,2.50e+01
-5.00e+02,-5.00e+02,8.30e+01,2.40e+01
-1.51e+02,-5.90e+01,8.10e+01,2.40e+01
-5.00e+02,-5.00e+02,8.30e+01,2.40e+01
-1.43e+02,-5.25e+01,8.50e+01,2.40e+01
-1.54e+02,-6.23e+01,8.10e+01,2.40e+01
-1.46e+02,-5.89e+01,8.20e+01,2.50e+01
-1.43e+02,-6.09e+01,8.30e+01,2.40e+01
-1.50e+02,-5.76e+01,8.10e+01,2.40e+01
-1.47e+02,-6.86e+01,8.40e+01,2.60e+01
-1.58e+02,-6.01e+01,8.10e+01,2.40e+01
-1.62e+02,-6.42e+01,8.40e+01,2.50e+01
-1.47e+02,-6.62e+01,8.30e+01,2.40e+01
-1.47e+02,-5.76e+01,8.20e+01,2.40e+01
-1.53e+02,-6.95e+01,8.20e+01,2.40e+01
-1.52e+02,-6.11e+01,8.40e+01,2.40e+01
-4.21e+02,-1.33e+02,8.40e+01,2.40e+01
-1.53e+02,-5.15e+01,8.40e+01,2.40e+01
-1.45e+02,-4.82e+01,8.30e+01,2.40e+01
-1.56e+02,-6.30e+01,8.30e+01,2.50e+01
-1.44e+02,-5.05e+01,8.20e+01,2.40e+01
-1.51e+02,-5.54e+01,8.20e+01,2.50e+01
-1.69e+02,-8.57e+01,8.40e+01,2.40e+01
-1.45e+02,-6.21e+01,8.20e+01,2.40e+01
-1.48e+02,-5.94e+01,8.40e+01,2.50e+01
-1.45e+02,-6.22e+01,8.10e+01,2.40e+01
-1.45e+02,-5.76e+01,8.10e+01,2.40e+01
-1.52e+02,-6.43e+01,8.20e+01,2.40e+01
-1.43e+02,-5.60e+01,8.10e+01,2.40e+01
-4.73e+02,-3.60e+02,8.40e+01,2.40e+01
-1.40e+02,-4.57e+01,8.50e+01,2.60e+01
-1.52e+02,-4.91e+01,8.40e+01,2.60e+01
-5.00e+02,-5.00e+02,8.10e+01,2.40e+01
-1.47e+02,-6.36e+01,8.30e+01,2.50e+01
-1.52e+02,-5.88e+01,8.20e+01,2.40e+01
-1.55e+02,-5.47e+01,8.30e+01,2.50e+01
-1.49e+02,-5.70e+01,8.30e+01,2.50e+01
-1.42e+02,-4.95e+01,8.50e+01,2.40e+01
-1.52e+02,-5.76e+01,8.50e+01,2.40e+01
-1.43e+02,-5.05e+01,8.30e+01,2.50e+01
-1.58e+02,-7.14e+01,8.30e+01,2.50e+01
-1.50e+02,-5.98e+01,8.30e+01,2.50e+01
-1.42e+02,-5.82e+01,8.40e+01,2.40e+01
-1.70e+02,-8.38e+01,8.20e+01,2.40e+01
-1.54e+02,-6.38e+01,8.10e+01,2.40e+01
-5.00e+02,-5.00e+02,8.40e+01,2.60e+01
-1.40e+02,-5.03e+01,8.40e+01,2.50e+01
-1.50e+02,-5.42e+01,8.10e+01,2.40e+01
-4.50e+02,-2.00e+02,8.40e+01,2.50e+01
-1.48e+02,-6.55e+01,8.30e+01,2.50e+01
-1.44e+02,-5.47e+01,8.50e+01,2.60e+01
-1.50e+02,-6.04e+01,8.30e+01,2.50e+01
-1.44e+02,-5.87e+01,8.20e+01,2.40e+01
-1.57e+02,-7.11e+01,8.40e+01,2.40e+01
-1.41e+02,-5.35e+01,8.40e+01,2.40e+01
-5.00e+02,-5.00e+02,8.40e+01,2.40e+01
-4.13e+02,-1.90e+02,8.50e+01,2.40e+01
-1.53e+02,-6.07e+01,8.40e+01,2.50e+01
-1.49e+02,-5.98e+01,8.30e+01,2.50e+01
-4.53e+02,-2.19e+02,8.30e+01,2.40e+01
-1.43e+02,-5.37e+01,8.50e+01,2.50e+01
-1.56e+02,-6.15e+01,8.30e+01,2.50e+01
-1.49e+02,-5.45e+01,8.10e+01,2.40e+01
-1.52e+02,-6.99e+01,8.40e+01,2.50e+01
-1.50e+02,-5.85e+01,8.40e+01,2.60e+01
-1.47e+02,-6.38e+01,8.30e+01,2.40e+01
-1.52e+02,-6.85e+01,8.40e+01,2.50e+01
-1.40e+02,-4.97e+01,8.30e+01,2.50e+01
-1.44e+02,-5.61e+01,8.50e+01,2.40e+01
-1.51e+02,-5.64e+01,8.50e+01,2.40e+01
-1.43e+02,-5.33e+01,8.40e+01,2.60e+01
-1.42e+02,-4.73e+01,8.10e+01,2.40e+01
-2.80e+02,-1.06e+02,8.50e+01,2.40e+01
-1.53e+02,-6.64e+01,8.30e+01,2.50e+01
-1.42e+02,-4.72e+01,8.30e+01,2.50e+01
-1.50e+02,-5.59e+01,8.10e+01,2.40e+01
-1.42e+02,-5.29e+01,8.50e+01,2.60e+01
-1.47e+02,-5.46e+01,8.50e+01,2.70e+01
-1.52e+02,-6.01e+01,8.20e+01,2.40e+01
-1.49e+02,-5.75e+01,8.40e+01,2.40e+01
-1.39e+02,-5.38e+01,8.40e+01,2.40e+01
-1.50e+02,-6.31e+01,8.50e+01,2.40e+01
-1.48e+02,-6.42e+01,8.40e+01,2.40e+01
-1.63e+02,-6.34e+01,8.10e+01,2.40e+01
-1.50e+02,-5.16e+01,8.10e+01,2.40e+01
-1.42e+02,-5.92e+01,8.40e+01,2.50e+01
-1.47e+02,-5.83e+01,8.40e+01,2.40e+01
-1.46e+02,-4.49e+01,8.40e+01,2.40e+01
-1.47e+02,-6.08e+01,8.50e+01,2.40e+01
-1.57e+02,-6.18e+01,8.20e+01,2.40e+01
-1.35e+02,-5.14e+01,8.50e+01,2.40e+01
-1.41e+02,-4.92e+01,8.30e+01,2.50e+01
-1.41e+02,-5.05e+01,8.40e+01,2.40e+01
