3.23e+01,4.21e+02,2.80e+01,1.70e+01
3.23e+01,4.21e+02,2.80e+01,1.70e+01
3.23e+01,4.21e+02,2.80e+01,1.70e+01
3.23e+01,4.21e+02,2.80e+01,1.70e+01
3.23e+01,4.21e+02,2.80e+01,1.70e+01
3.23e+01,4.21e+02,2.80e+01,1.70e+01
3.23e+01,4.21e+02,2.80e+01,1.70e+01
3.23e+01,4.21e+02,2.80e+01,1.70e+01
3.23e+01,4.21e+02,2.80e+01,1.70e+01
3.23e+01,4.21e+02,2.80e+01,1.70e+01
3.23e+01,4.21e+02,2.80e+01,1.70e+01
3.23e+01,4.21e+02,2.80e+01,1.70e+01
3.23e+01,4.21e+02,2.80e+01,1.70e+01
3.23e+01,4.21e+02,2.80e+01,1.70e+01
3.23e+01,4.21e+02,2.80e+01,1.70e+01
3.23e+01,4.21e+02,2.80e+01,1.70e+01
3.23e+01,4.21e+02,2.80e+01,1.70e+01
3.23e+01,4.21e+02,2.90e+01,1.70e+01
3.23e+01,4.21e+02,3.00e+01,1.80e+01
3.23e+01,4.21e+02,2.80e+01,1.70e+01
3.23e+01,4.21e+02,2.80e+01,1.70e+01
3.23e+01,4.21e+02,2.80e+01,1.70e+01
3.23e+01,4.21e+02,2.80e+01,1.70e+01
3.23e+01,4.21e+02,2.80e+01,1.70e+01
3.23e+01,4.21e+02,2.80e+01,1.70e+01
3.23e+01,4.21e+02,2.80e+01,1.70e+01
3.23e+01,4.21e+02,2.80e+01,1.70e+01
3.23e+01,4.21e+02,2.80e+01,1.70e+01
3.23e+01,4.21e+02,2.80e+01,1.70e+01
3.23e+01,4.21e+02,2.80e+01,1.70e+01
3.23e+01,4.21e+02,2.80e+01,1.70e+01
3.23e+01,4.21e+02,2.80e+01,1.70e+01
3.23e+01,4.21e+02,2.80e+01,1.70e+01
3.23e+01,4.21e+02,2.80e+01,1.70e+01
3.23e+01,4.21e+02,2.80e+01,1.70e+01
2.17e+01,3.93e+02,2.90e+01,1.80e+01
1.95e+01,4.21e+02,2.80e+01,1.70e+01
-5.23e+01,2.99e+01,2.90e+01,1.80e+01
-3.90e+01,6.98e+01,2.80e+01,1.70e+01
2.60e+01,3.93e+02,2.80e+01,1.70e+01
-3.25e+01,9.72e+01,2.90e+01,1.80e+01
-9.99e+00,2.44e+02,2.90e+01,1.70e+01
-6.00e+00,1.91e+02,2.80e+01,1.70e+01
-3.03e+01,8.67e+01,2.90e+01,1.80e+01
-4.22e+01,7.44e+01,2.90e+01,1.80e+01
1.37e+01,3.42e+02,2.90e+01,1.70e+01
3.22e+01,4.21e+02,2.90e+01,1.70e+01
1.66e+01,4.06e+02,2.90e+01,1.70e+01
3.83e+00,2.51e+02,2.90e+01,1.70e+01
1.81e+01,4.06e+02,2.80e+01,1.70e+01
6.59e+00,3.43e+02,2.90e+01,1.70e+01
2.44e+01,4.21e+02,2.80e+01,1.70e+01
-3.47e+00,2.84e+02,2.90e+01,1.80e+01
1.81e+01,4.06e+02,2.80e+01,1.70e+01
1.93e+01,4.19e+02,2.80e+01,1.70e+01
-4.88e+01,3.59e+01,2.90e+01,1.80e+01
2.79e+01,3.95e+02,2.90e+01,1.80e+01
-2.27e+01,2.25e+02,2.80e+01,1.70e+01
1.78e+01,4.13e+02,2.80e+01,1.70e+01
-2.49e+01,1.16e+02,2.90e+01,1.80e+01
1.98e+01,4.21e+02,2.90e+01,1.70e+01
1.98e+01,4.21e+02,2.90e+01,1.70e+01
3.23e+01,4.21e+02,2.80e+01,1.70e+01
1.89e+01,4.17e+02,2.80e+01,1.70e+01
-4.68e+01,3.74e+01,2.80e+01,1.70e+01
1.85e+01,4.16e+02,2.80e+01,1.70e+01
-4.79e+01,7.41e+01,2.90e+01,1.70e+01
-3.65e+01,1.03e+02,2.80e+01,1.70e+01
2.87e+01,4.06e+02,2.80e+01,1.70e+01
1.85e+01,4.16e+02,2.80e+01,1.70e+01
1.85e+01,4.16e+02,2.80e+01,1.70e+01
2.65e+01,4.19e+02,2.80e+01,1.70e+01
1.85e+01,4.16e+02,2.80e+01,1.70e+01
4.31e+00,3.28e+02,2.90e+01,1.70e+01
2.65e+01,4.19e+02,2.80e+01,1.70e+01
-3.58e+00,2.54e+02,2.80e+01,1.70e+01
6.34e-01,2.54e+02,2.80e+01,1.70e+01
-1.80e+01,1.68e+02,2.80e+01,1.70e+01
-4.00e+01,7.06e+01,2.90e+01,1.70e+01
1.86e+01,3.97e+02,2.80e+01,1.70e+01
-2.65e+00,2.41e+02,2.80e+01,1.70e+01
1.81e+01,4.06e+02,2.80e+01,1.70e+01
-1.80e+01,1.68e+02,2.80e+01,1.70e+01
2.87e+01,4.06e+02,2.80e+01,1.70e+01
-3.58e+00,2.54e+02,2.80e+01,1.70e+01
-3.87e+01,7.21e+01,2.80e+01,1.70e+01
1.30e+01,3.05e+02,2.90e+01,1.80e+01
-5.35e+01,3.73e+01,2.80e+01,1.70e+01
-5.70e+01,3.11e+01,2.80e+01,1.70e+01
-8.67e+00,1.75e+02,2.80e+01,1.70e+01
1.71e+01,4.09e+02,2.90e+01,1.70e+01
2.64e+01,4.09e+02,2.90e+01,1.80e+01
-4.03e+01,6.27e+01,2.80e+01,1.70e+01
2.55e+01,4.09e+02,2.90e+01,1.80e+01
-5.30e+01,2.57e+01,2.90e+01,1.80e+01
1.98e+01,4.21e+02,2.90e+01,1.70e+01
1.57e+01,4.00e+02,2.80e+01,1.70e+01
-4.03e+01,6.27e+01,2.80e+01,1.70e+01
1.81e+01,4.12e+02,2.80e+01,1.70e+01
-3.65e+01,1.03e+02,2.80e+01,1.70e+01
2.79e+01,3.95e+02,2.90e+01,1.80e+01
2.44e+01,4.21e+02,3.00e+01,1.80e+01
2.36e+01,4.15e+02,2.80e+01,1.70e+01
-3.65e+01,1.03e+02,2.80e+01,1.70e+01
3.22e+01,4.21e+02,2.90e+01,1.70e+01
4.31e+00,3.28e+02,2.90e+01,1.70e+01
1.30e+01,3.84e+02,2.90e+01,1.70e+01
2.75e+01,4.21e+02,2.90e+01,1.70e+01
2.65e+01,4.19e+02,2.80e+01,1.70e+01
-5.55e+00,2.61e+02,2.80e+01,1.70e+01
-3.89e+01,8.10e+01,2.80e+01,1.70e+01
-6.42e+01,-4.14e+00,2.80e+01,1.70e+01
-2.28e+01,1.73e+02,2.90e+01,1.70e+01
-6.97e+01,-1.65e+01,2.80e+01,1.70e+01
2.07e+01,4.11e+02,2.90e+01,1.70e+01
-1.48e+01,1.85e+02,2.90e+01,1.70e+01
-4.00e+01,7.06e+01,2.90e+01,1.70e+01
3.23e+01,4.21e+02,2.80e+01,1.70e+01
1.17e+01,3.21e+02,2.90e+01,1.80e+01
-6.23e+00,3.20e+02,2.80e+01,1.70e+01
2.48e+01,4.10e+02,2.90e+01,1.80e+01
-3.65e+01,1.03e+02,2.80e+01,1.70e+01
-5.30e+01,2.57e+01,2.90e+01,1.80e+01
3.23e+01,4.21e+02,3.00e+01,1.80e+01
2.93e+01,4.07e+02,2.90e+01,1.70e+01
-2.40e+01,1.31e+02,2.90e+01,1.70e+01
2.43e+01,4.21e+02,3.00e+01,1.80e+01
2.75e+01,4.21e+02,2.90e+01,1.70e+01
