-3.01e+02,-5.04e+01,1.80e+01,1.40e+01
-1.60e+02,-1.04e+02,3.60e+01,2.20e+01
-2.45e+02,-5.71e+01,1.90e+01,1.40e+01
-2.02e+02,-6.56e+01,2.00e+01,1.40e+01
-1.66e+02,-7.13e+01,4.00e+01,2.40e+01
-2.18e+02,-5.65e+01,3.70e+01,2.30e+01
-3.07e+02,-7.42e+01,1.60e+01,1.40e+01
-1.71e+02,-9.29e+01,3.60e+01,2.20e+01
-2.11e+02,-5.26e+01,2.30e+01,1.70e+01
-2.62e+02,-4.67e+01,1.90e+01,1.40e+01
-2.14e+02,-6.77e+01,1.90e+01,1.40e+01
-3.05e+02,-5.81e+01,1.50e+01,1.30e+01
-1.71e+02,-7.14e+01,2.10e+01,1.50e+01
-1.61e+02,-7.12e+01,3.40e+01,2.10e+01
-1.81e+02,-7.13e+01,2.00e+01,1.40e+01
-1.76e+02,-8.81e+01,3.80e+01,2.30e+01
-2.99e+02,-4.87e+01,1.90e+01,1.60e+01
-3.06e+02,-6.34e+01,1.90e+01,1.50e+01
-3.09e+02,-7.65e+01,1.50e+01,1.30e+01
-2.15e+02,-7.27e+01,2.00e+01,1.40e+01
-3.05e+02,-4.98e+01,1.80e+01,1.50e+01
-1.81e+02,-7.70e+01,2.10e+01,1.50e+01
-2.05e+02,-7.61e+01,2.40e+01,1.60e+01
-2.47e+02,-5.71e+01,2.00e+01,1.40e+01
-2.46e+02,-6.54e+01,2.00e+01,1.50e+01
-2.30e+02,-6.29e+01,2.90e+01,1.80e+01
-1.75e+02,-7.23e+01,2.10e+01,1.40e+01
-3.11e+02,-5.16e+01,1.50e+01,1.30e+01
-2.46e+02,-6.17e+01,2.00e+01,1.40e+01
-1.85e+02,-8.22e+01,2.30e+01,1.70e+01
-1.67e+02,-7.00e+01,2.30e+01,1.60e+01
-3.03e+02,-5.16e+01,1.80e+01,1.40e+01
-1.67e+02,-7.61e+01,3.70e+01,2.20e+01
-3.09e+02,-7.59e+01,1.50e+01,1.30e+01
-3.02e+02,-6.50e+01,1.50e+01,1.30e+01
-3.00e+02,-4.87e+01,1.50e+01,1.30e+01
-3.02e+02,-4.99e+01,1.50e+01,1.30e+01
-1.82e+02,-7.65e+01,3.70e+01,2.20e+01
-2.07e+02,-6.71e+01,2.20e+01,1.50e+01
-1.73e+02,-9.42e+01,3.60e+01,2.20e+01
-2.25e+02,-5.91e+01,2.10e+01,1.40e+01
-2.39e+02,-5.66e+01,2.20e+01,1.60e+01
-3.00e+02,-7.51e+01,1.90e+01,1.40e+01
-2.34e+02,-6.75e+01,2.10e+01,1.50e+01
-2.57e+02,-6.63e+01,2.00e+01,1.40e+01
-4.38e+02,-1.27e+02,1.90e+01,1.60e+01
-4.75e+02,-3.47e+02,2.00e+01,1.40e+01
-2.26e+02,-8.11e+01,3.70e+01,2.30e+01
-3.02e+02,-5.86e+01,1.90e+01,1.50e+01
-1.62e+02,-7.78e+01,3.90e+01,2.40e+01
-2.36e+02,-5.48e+01,2.00e+01,1.50e+01
-1.73e+02,-9.48e+01,3.60e+01,2.20e+01
-1.77e+02,-8.88e+01,3.60e+01,2.20e+01
-2.57e+02,-5.43e+01,2.30e+01,1.70e+01
-2.26e+02,-6.20e+01,2.30e+01,1.70e+01
-4.46e+02,-1.76e+02,2.00e+01,1.40e+01
-1.77e+02,-9.28e+01,3.70e+01,2.20e+01
-3.07e+02,-4.82e+01,1.50e+01,1.30e+01
-3.67e+02,-6.89e+01,1.90e+01,1.50e+01
-1.77e+02,-7.91e+01,3.70e+01,2.20e+01
-3.12e+02,-5.73e+01,1.90e+01,1.40e+01
-1.78e+02,-7.45e+01,3.90e+01,2.30e+01
-3.86e+02,-1.18e+02,3.80e+01,2.20e+01
-2.69e+02,-8.59e+01,3.80e+01,2.30e+01
-2.37e+02,-7.46e+01,2.00e+01,1.40e+01
-2.44e+02,-1.33e+02,3.70e+01,2.30e+01
-2.80e+02,-6.15e+01,2.10e+01,1.50e+01
-5.00e+02,-5.00e+02,3.60e+01,2.20e+01
-1.84e+02,-1.09e+02,4.00e+01,2.40e+01
-2.62e+02,-8.78e+01,3.60e+01,2.20e+01
-2.35e+02,-9.59e+01,3.70e+01,2.30e+01
-2.32e+02,-7.41e+01,3.70e+01,2.30e+01
-2.76e+02,-6.79e+01,1.90e+01,1.40e+01
-4.01e+02,-1.56e+02,2.20e+01,1.50e+01
-3.99e+02,-1.36e+02,4.10e+01,2.40e+01
-2.56e+02,-5.68e+01,1.90e+01,1.40e+01
-5.00e+02,-5.00e+02,2.30e+01,1.70e+01
-3.20e+02,-5.67e+01,1.90e+01,1.40e+01
-1.79e+02,-7.00e+01,3.70e+01,2.20e+01
-2.40e+02,-6.70e+01,3.90e+01,2.30e+01
-4.03e+02,-1.98e+02,4.00e+01,2.40e+01
-2.02e+02,-8.15e+01,2.10e+01,1.40e+01
-2.64e+02,-1.52e+02,3.70e+01,2.20e+01
-2.52e+02,-7.24e+01,2.00e+01,1.50e+01
-2.33e+02,-1.58e+02,2.10e+01,1.40e+01
-1.71e+02,-6.55e+01,4.00e+01,2.40e+01
-2.40e+02,-5.50e+01,3.80e+01,2.40e+01
-2.65e+02,-1.25e+02,4.00e+01,2.40e+01
-2.83e+02,-1.04e+02,3.70e+01,2.30e+01
-1.51e+02,-7.81e+01,3.70e+01,2.20e+01
-1.70e+02,-8.21e+01,3.60e+01,2.20e+01
-3.73e+02,-6.55e+01,1.90e+01,1.40e+01
-3.34e+02,-1.39e+02,1.90e+01,1.50e+01
-1.82e+02,-7.90e+01,2.30e+01,1.60e+01
-3.16e+02,-7.25e+01,3.70e+01,2.30e+01
-1.75e+02,-7.85e+01,2.10e+01,1.40e+01
-5.00e+02,-5.00e+02,2.10e+01,1.50e+01
-3.05e+02,-1.82e+02,3.60e+01,2.20e+01
-3.05e+02,-4.73e+01,1.50e+01,1.30e+01
-4.42e+02,-1.53e+02,1.70e+01,1.50e+01
-1.71e+02,-9.63e+01,3.60e+01,2.20e+01
-3.03e+02,-4.91e+01,1.80e+01,1.40e+01
-1.67e+02,-9.64e+01,3.80e+01,2.30e+01
-1.77e+02,-7.21e+01,2.10e+01,1.50e+01
-4.79e+02,-3.75e+02,1.50e+01,1.30e+01
-5.00e+02,-5.00e+02,2.30e+01,1.70e+01
-1.66e+02,-1.02e+02,3.60e+01,2.20e+01
-3.59e+02,-1.94e+02,2.20e+01,1.50e+01
-1.61e+02,-7.74e+01,3.50e+01,2.10e+01
-1.67e+02,-7.91e+01,4.10e+01,2.40e+01
-2.34e+02,-5.98e+01,3.00e+01,1.90e+01
-3.66e+02,-1.74e+02,1.90e+01,1.40e+01
-1.79e+02,-7.09e+01,2.00e+01,1.40e+01
-3.78e+02,-1.00e+02,1.60e+01,1.30e+01
-3.08e+02,-4.58e+01,1.80e+01,1.50e+01
-2.94e+02,-6.63e+01,2.00e+01,1.40e+01
-3.06e+02,-5.08e+01,1.90e+01,1.50e+01
-2.12e+02,-4.90e+01,3.70e+01,2.30e+01
-1.72e+02,-7.93e+01,3.60e+01,2.20e+01
-3.14e+02,-6.81e+01,2.00e+01,1.40e+01
-1.74e+02,-1.11e+02,3.70e+01,2.30e+01
-2.26e+02,-5.21e+01,2.30e+01,1.70e+01
-4.19e+02,-2.40e+02,4.00e+01,2.40e+01
-3.01e+02,-4.40e+01,1.90e+01,1.50e+01
-3.01e+02,-6.22e+01,1.80e+01,1.40e+01
-3.61e+02,-5.80e+01,1.70e+01,1.50e+01
-3.00e+02,-4.76e+01,1.50e+01,1.30e+01
-2.98e+02,-5.09e+01,1.80e+01,1.40e+01
-3.06e+02,-5.59e+01,1.90e+01,1.60e+01
-1.97e+02,-7.71e+01,2.20e+01,1.60e+01
-1.72e+02,-8.26e+01,3.60e+01,2.20e+01
-3.03e+02,-5.39e+01,1.50e+01,1.30e+01
-3.07e+02,-7.29e+01,1.60e+01,1.40e+01
-2.18e+02,-8.04e+01,2.10e+01,1.50e+01
-2.44e+02,-8.07e+01,2.10e+01,1.50e+01
-2.75e+02,-1.11e+02,2.00e+01,1.40e+01
-2.41e+02,-6.48e+01,2.30e+01,1.70e+01
-4.39e+02,-1.36e+02,1.80e+01,1.40e+01
-3.60e+02,-4.44e+01,1.50e+01,1.30e+01
-3.01e+02,-4.52e+01,1.90e+01,1.60e+01
-3.44e+02,-5.40e+01,1.90e+01,1.50e+01
-1.73e+02,-7.47e+01,4.10e+01,2.40e+01
-2.06e+02,-7.36e+01,2.60e+01,1.70e+01
-3.31e+02,-2.13e+02,2.20e+01,1.50e+01
-1.70e+02,-8.47e+01,3.70e+01,2.20e+01
-3.07e+02,-5.24e+01,1.70e+01,1.40e+01
-1.90e+02,-7.45e+01,3.60e+01,2.20e+01
-2.25e+02,-6.69e+01,2.80e+01,1.80e+01
-1.76e+02,-6.97e+01,3.70e+01,2.20e+01
-3.06e+02,-6.69e+01,1.90e+01,1.40e+01
-2.37e+02,-6.50e+01,3.70e+01,2.30e+01
-2.79e+02,-7.62e+01,2.20e+01,1.50e+01
-2.49e+02,-7.74e+01,3.70e+01,2.20e+01
-1.81e+02,-8.72e+01,2.30e+01,1.70e+01
-2.18e+02,-6.53e+01,3.70e+01,2.30e+01
-3.76e+02,-9.29e+01,1.60e+01,1.30e+01
-1.65e+02,-7.90e+01,4.00e+01,2.40e+01
-3.13e+02,-6.17e+01,1.80e+01,1.40e+01
-1.72e+02,-9.33e+01,3.70e+01,2.20e+01
-1.66e+02,-7.46e+01,3.70e+01,2.30e+01
-2.99e+02,-4.43e+01,1.60e+01,1.30e+01
-3.55e+02,-7.54e+01,1.80e+01,1.40e+01
-2.30e+02,-9.29e+01,3.60e+01,2.20e+01
-3.07e+02,-5.38e+01,3.70e+01,2.30e+01
-4.44e+02,-1.65e+02,1.70e+01,1.50e+01
-2.34e+02,-1.15e+02,3.60e+01,2.20e+01
-3.94e+02,-1.09e+02,1.70e+01,1.40e+01
-3.10e+02,-4.59e+01,1.70e+01,1.30e+01
-1.64e+02,-8.86e+01,2.20e+01,1.50e+01
-3.04e+02,-5.23e+01,1.60e+01,1.40e+01
-3.00e+02,-5.04e+01,1.50e+01,1.30e+01
-3.00e+02,-4.53e+01,1.90e+01,1.50e+01
-3.23e+02,-6.72e+01,1.90e+01,1.40e+01
-3.46e+02,-9.74e+01,2.00e+01,1.40e+01
-2.56e+02,-6.62e+01,2.00e+01,1.40e+01
-2.95e+02,-1.73e+02,2.00e+01,1.40e+01
-4.20e+02,-1.79e+02,2.20e+01,1.40e+01
-3.01e+02,-4.81e+01,1.80e+01,1.50e+01
-2.48e+02,-7.25e+01,2.00e+01,1.50e+01
-1.69e+02,-7.83e+01,3.60e+01,2.20e+01
-2.65e+02,-5.77e+01,3.70e+01,2.30e+01
-2.76e+02,-5.73e+01,2.00e+01,1.40e+01
-2.32e+02,-6.94e+01,2.10e+01,1.40e+01
-3.63e+02,-4.96e+01,1.60e+01,1.40e+01
-3.24e+02,-6.51e+01,2.30e+01,1.70e+01
-3.70e+02,-5.85e+01,1.50e+01,1.30e+01
-3.01e+02,-7.56e+01,2.10e+01,1.50e+01
-2.70e+02,-1.29e+02,2.10e+01,1.50e+01
-1.74e+02,-6.89e+01,2.30e+01,1.70e+01
-4.23e+02,-1.67e+02,4.00e+01,2.40e+01
-1.72e+02,-8.20e+01,3.70e+01,2.20e+01
-5.00e+02,-5.00e+02,2.10e+01,1.50e+01
