-1.69e+02,-6.47e+01,5.00e+01,2.40e+01
-2.99e+02,-4.91e+01,4.50e+01,2.20e+01
-2.75e+02,-7.18e+01,4.70e+01,2.40e+01
-1.76e+02,-6.33e+01,4.90e+01,2.30e+01
-3.11e+02,-5.72e+01,4.60e+01,2.30e+01
-1.66e+02,-6.87e+01,5.20e+01,2.50e+01
-3.01e+02,-4.97e+01,4.50e+01,2.20e+01
-1.77e+02,-7.97e+01,4.90e+01,2.30e+01
-3.09e+02,-4.54e+01,4.80e+01,2.40e+01
-3.00e+02,-5.23e+01,4.60e+01,2.30e+01
-2.99e+02,-6.20e+01,4.70e+01,2.30e+01
-1.57e+02,-7.05e+01,5.00e+01,2.30e+01
-1.66e+02,-9.19e+01,5.10e+01,2.40e+01
-1.62e+02,-7.36e+01,5.20e+01,2.50e+01
-3.07e+02,-6.40e+01,4.50e+01,2.20e+01
-2.97e+02,-4.93e+01,4.70e+01,2.30e+01
-1.60e+02,-6.41e+01,4.90e+01,2.30e+01
-3.04e+02,-5.51e+01,4.60e+01,2.30e+01
-1.68e+02,-6.66e+01,5.00e+01,2.40e+01
-1.58e+02,-6.06e+01,5.10e+01,2.40e+01
-1.76e+02,-7.66e+01,5.20e+01,2.40e+01
-3.36e+02,-5.08e+01,4.50e+01,2.20e+01
-3.00e+02,-5.51e+01,4.80e+01,2.30e+01
-1.68e+02,-7.48e+01,4.90e+01,2.30e+01
-3.13e+02,-5.59e+01,4.60e+01,2.30e+01
-3.08e+02,-7.90e+01,4.70e+01,2.40e+01
-1.79e+02,-7.72e+01,5.00e+01,2.40e+01
-1.71e+02,-7.50e+01,5.10e+01,2.40e+01
-1.68e+02,-5.90e+01,5.20e+01,2.50e+01
-4.84e+02,-4.04e+02,4.50e+01,2.20e+01
-3.03e+02,-4.82e+01,4.60e+01,2.30e+01
-3.07e+02,-5.07e+01,4.80e+01,2.40e+01
-1.62e+02,-6.43e+01,4.90e+01,2.30e+01
-1.72e+02,-7.15e+01,5.10e+01,2.40e+01
-1.89e+02,-7.06e+01,5.00e+01,2.40e+01
-1.62e+02,-7.55e+01,7.00e+01,3.70e+01
-3.06e+02,-5.11e+01,4.60e+01,2.30e+01
-1.67e+02,-7.02e+01,4.90e+01,2.30e+01
-1.67e+02,-6.75e+01,5.20e+01,2.40e+01
-1.77e+02,-6.89e+01,5.10e+01,2.40e+01
-3.03e+02,-1.85e+02,5.20e+01,2.50e+01
-3.02e+02,-5.38e+01,4.50e+01,2.20e+01
-2.32e+02,-1.03e+02,5.20e+01,2.40e+01
-1.63e+02,-7.04e+01,5.30e+01,2.40e+01
-2.99e+02,-4.93e+01,4.70e+01,2.30e+01
-1.74e+02,-8.18e+01,4.90e+01,2.30e+01
-2.99e+02,-1.87e+02,5.30e+01,2.50e+01
-1.66e+02,-9.02e+01,4.90e+01,2.30e+01
-2.99e+02,-6.11e+01,4.90e+01,2.30e+01
-1.78e+02,-7.45e+01,5.00e+01,2.40e+01
-2.17e+02,-7.21e+01,4.90e+01,2.30e+01
-2.41e+02,-6.66e+01,5.00e+01,2.40e+01
-1.63e+02,-6.91e+01,4.90e+01,2.30e+01
-1.61e+02,-6.82e+01,5.00e+01,2.30e+01
-1.73e+02,-6.93e+01,5.20e+01,2.50e+01
-4.12e+02,-1.58e+02,4.80e+01,2.30e+01
-1.66e+02,-7.09e+01,7.10e+01,3.70e+01
-1.68e+02,-7.90e+01,5.00e+01,2.40e+01
-3.02e+02,-5.58e+01,4.60e+01,2.30e+01
-1.81e+02,-7.40e+01,5.10e+01,2.40e+01
-3.73e+02,-9.82e+01,5.10e+01,2.40e+01
-3.14e+02,-6.18e+01,4.60e+01,2.30e+01
-3.05e+02,-1.07e+02,5.00e+01,2.30e+01
-3.12e+02,-4.88e+01,4.60e+01,2.30e+01
-1.63e+02,-6.39e+01,4.90e+01,2.30e+01
-3.67e+02,-7.47e+01,4.70e+01,2.40e+01
-2.72e+02,-7.34e+01,4.70e+01,2.40e+01
-3.75e+02,-6.65e+01,4.70e+01,2.30e+01
-1.89e+02,-7.44e+01,5.10e+01,2.40e+01
-3.06e+02,-5.24e+01,4.70e+01,2.30e+01
-1.78e+02,-8.09e+01,5.10e+01,2.40e+01
-3.07e+02,-5.21e+01,4.80e+01,2.40e+01
-3.05e+02,-4.87e+01,4.50e+01,2.20e+01
-3.04e+02,-4.59e+01,4.80e+01,2.40e+01
-2.31e+02,-1.05e+02,4.90e+01,2.30e+01
-3.04e+02,-4.84e+01,4.60e+01,2.30e+01
-3.11e+02,-1.88e+02,4.90e+01,2.30e+01
-3.16e+02,-6.75e+01,4.90e+01,2.50e+01
-3.04e+02,-4.97e+01,4.50e+01,2.20e+01
-3.03e+02,-4.50e+01,4.70e+01,2.30e+01
-2.66e+02,-1.33e+02,5.30e+01,2.50e+01
-1.76e+02,-8.66e+01,5.00e+01,2.30e+01
-3.01e+02,-5.07e+01,4.70e+01,2.30e+01
-1.81e+02,-7.56e+01,5.20e+01,2.50e+01
-1.74e+02,-6.82e+01,5.00e+01,2.40e+01
-1.62e+02,-8.41e+01,5.20e+01,2.50e+01
-1.59e+02,-7.04e+01,5.10e+01,2.40e+01
-2.35e+02,-8.25e+01,5.10e+01,2.40e+01
-3.03e+02,-5.28e+01,4.80e+01,2.50e+01
-4.78e+02,-3.67e+02,4.50e+01,2.20e+01
-3.03e+02,-4.97e+01,4.80e+01,2.30e+01
-1.66e+02,-7.99e+01,5.10e+01,2.50e+01
-3.01e+02,-4.50e+01,4.60e+01,2.30e+01
-3.05e+02,-5.75e+01,4.60e+01,2.30e+01
-1.74e+02,-8.64e+01,5.00e+01,2.40e+01
-1.61e+02,-7.38e+01,5.20e+01,2.50e+01
-3.07e+02,-4.76e+01,4.50e+01,2.20e+01
-3.02e+02,-1.89e+02,5.10e+01,2.40e+01
-1.74e+02,-8.76e+01,4.90e+01,2.30e+01
-1.56e+02,-6.65e+01,5.00e+01,2.40e+01
-3.07e+02,-5.47e+01,4.60e+01,2.30e+01
-3.08e+02,-5.22e+01,4.70e+01,2.30e+01
-1.65e+02,-6.79e+01,5.00e+01,2.30e+01
-3.35e+02,-9.71e+01,4.70e+01,2.40e+01
-1.67e+02,-6.09e+01,5.00e+01,2.40e+01
-3.71e+02,-1.07e+02,5.00e+01,2.30e+01
-3.06e+02,-5.34e+01,4.60e+01,2.30e+01
-1.66e+02,-7.30e+01,5.00e+01,2.40e+01
-1.66e+02,-7.33e+01,5.40e+01,2.60e+01
-1.69e+02,-6.53e+01,5.20e+01,2.50e+01
-3.03e+02,-4.74e+01,4.70e+01,2.40e+01
-1.78e+02,-7.62e+01,5.00e+01,2.40e+01
-1.63e+02,-6.91e+01,5.20e+01,2.40e+01
-1.76e+02,-6.78e+01,4.90e+01,2.30e+01
-3.03e+02,-5.19e+01,4.60e+01,2.30e+01
-2.04e+02,-7.32e+01,5.20e+01,2.40e+01
-3.50e+02,-1.73e+02,5.10e+01,2.30e+01
-3.04e+02,-5.20e+01,4.60e+01,2.30e+01
-2.36e+02,-1.29e+02,5.10e+01,2.40e+01
-3.59e+02,-7.64e+01,4.60e+01,2.30e+01
-2.34e+02,-1.34e+02,5.20e+01,2.40e+01
-2.33e+02,-1.10e+02,7.10e+01,3.80e+01
-3.05e+02,-4.89e+01,4.50e+01,2.20e+01
-3.13e+02,-6.29e+01,4.60e+01,2.30e+01
-3.92e+02,-1.35e+02,4.60e+01,2.30e+01
-3.03e+02,-5.14e+01,4.50e+01,2.20e+01
-3.05e+02,-5.11e+01,4.60e+01,2.30e+01
-3.21e+02,-5.02e+01,4.50e+01,2.20e+01
-1.72e+02,-6.78e+01,5.10e+01,2.50e+01
-3.14e+02,-6.36e+01,4.60e+01,2.20e+01
-1.74e+02,-7.43e+01,5.00e+01,2.40e+01
-3.06e+02,-5.52e+01,4.60e+01,2.30e+01
-5.00e+02,-4.99e+02,4.50e+01,2.20e+01
-3.07e+02,-5.50e+01,4.60e+01,2.30e+01
-3.29e+02,-5.22e+01,4.50e+01,2.20e+01
-3.00e+02,-5.04e+01,4.60e+01,2.30e+01
-3.03e+02,-5.10e+01,4.70e+01,2.30e+01
-1.71e+02,-6.99e+01,4.90e+01,2.30e+01
-2.79e+02,-8.82e+01,4.70e+01,2.40e+01
-2.59e+02,-1.59e+02,5.10e+01,2.40e+01
-1.74e+02,-7.60e+01,4.90e+01,2.30e+01
-4.04e+02,-1.54e+02,7.20e+01,3.80e+01
-1.66e+02,-6.82e+01,5.20e+01,2.50e+01
-3.01e+02,-1.78e+02,5.20e+01,2.50e+01
-2.84e+02,-7.80e+01,4.70e+01,2.40e+01
-3.94e+02,-1.25e+02,4.90e+01,2.40e+01
-2.49e+02,-1.65e+02,5.20e+01,2.40e+01
-3.36e+02,-8.35e+01,5.30e+01,2.50e+01
-2.85e+02,-7.81e+01,4.80e+01,2.40e+01
-3.45e+02,-6.89e+01,4.60e+01,2.30e+01
-3.06e+02,-5.03e+01,4.70e+01,2.30e+01
-1.80e+02,-6.36e+01,4.90e+01,2.30e+01
-1.61e+02,-5.36e+01,5.40e+01,2.60e+01
-3.06e+02,-5.76e+01,4.50e+01,2.20e+01
-2.34e+02,-8.70e+01,4.90e+01,2.30e+01
-5.00e+02,-5.00e+02,4.50e+01,2.20e+01
-1.72e+02,-9.65e+01,5.20e+01,2.50e+01
-1.88e+02,-1.10e+02,4.90e+01,2.30e+01
-1.54e+02,-7.80e+01,5.40e+01,2.60e+01
-3.03e+02,-6.62e+01,5.40e+01,2.60e+01
-3.03e+02,-5.09e+01,4.80e+01,2.40e+01
-3.41e+02,-5.22e+01,4.50e+01,2.20e+01
-1.67e+02,-6.76e+01,5.40e+01,2.60e+01
-1.71e+02,-6.98e+01,5.10e+01,2.40e+01
-3.96e+02,-9.77e+01,4.60e+01,2.20e+01
-3.05e+02,-5.28e+01,4.80e+01,2.50e+01
-2.62e+02,-8.64e+01,5.10e+01,2.40e+01
-2.45e+02,-1.42e+02,4.90e+01,2.30e+01
-5.00e+02,-5.00e+02,4.70e+01,2.40e+01
-1.79e+02,-8.51e+01,7.10e+01,3.80e+01
-2.98e+02,-4.42e+01,4.50e+01,2.20e+01
-3.04e+02,-6.66e+01,4.60e+01,2.20e+01
-2.28e+02,-1.46e+02,5.10e+01,2.30e+01
-1.66e+02,-5.61e+01,5.10e+01,2.40e+01
-3.00e+02,-5.72e+01,4.60e+01,2.30e+01
-1.74e+02,-6.45e+01,5.00e+01,2.40e+01
-3.10e+02,-6.12e+01,4.60e+01,2.30e+01
-1.74e+02,-7.54e+01,5.20e+01,2.40e+01
-3.69e+02,-9.48e+01,5.30e+01,2.50e+01
-3.22e+02,-7.22e+01,5.00e+01,2.40e+01
-4.45e+02,-1.70e+02,4.60e+01,2.30e+01
-3.07e+02,-4.62e+01,4.60e+01,2.30e+01
-3.19e+02,-6.17e+01,4.50e+01,2.20e+01
-1.70e+02,-6.72e+01,5.20e+01,2.50e+01
-2.77e+02,-1.31e+02,5.20e+01,2.50e+01
-3.00e+02,-4.40e+01,4.60e+01,2.30e+01
-3.09e+02,-4.88e+01,4.60e+01,2.30e+01
-3.06e+02,-4.94e+01,4.50e+01,2.20e+01
-3.38e+02,-6.35e+01,4.50e+01,2.20e+01
-1.72e+02,-1.16e+02,4.90e+01,2.30e+01
-1.76e+02,-7.57e+01,5.00e+01,2.40e+01
-1.81e+02,-8.22e+01,5.20e+01,2.40e+01
